/out/sourcedata/freesurfer/sub-v2s10x28992_ses-1/mri
/opt/freesurfer/bin/talairach_avi
--i orig_nu.mgz --xfm transforms/talairach.auto.xfm
talairach_avi 7.3.2
Linux dna059 5.14.0-427.37.1.el9_4.x86_64 #1 SMP PREEMPT_DYNAMIC Fri Sep 13 12:41:50 EDT 2024 x86_64 x86_64 x86_64 GNU/Linux
Sun Mar 15 08:15:39 CET 2026
mri_convert orig_nu.mgz talsrcimg.img 
reading from orig_nu.mgz...
TR=0.00, TE=0.00, TI=0.00, flip angle=0.00
i_ras = (-1, -2.02635e-09, 1.86265e-09)
j_ras = (-1.86265e-09, -1.16415e-10, -1)
k_ras = (-5.42786e-09, 1, -1.16415e-10)
writing to talsrcimg.img...
Analyze Output Matrix
-1.00000  -0.00000  -0.00000   133.52713;
-0.00000  -0.00000   1.00000  -103.22571;
 0.00000  -1.00000  -0.00000   104.38857;
 0.00000   0.00000   0.00000   1.00000;
--------------------
INFO: set hdr.hist.orient to -1
mpr2mni305 talsrcimg
Sun Mar 15 08:15:39 CET 2026
/opt/freesurfer/bin/mpr2mni305 talsrcimg
mpr2mni305 7.3.2
target=711-2C_as_mni_average_305

---------------------------------------------------------------------
analyzeto4dfp talsrcimg -O0 -y
---------------------------------------------------------------------

freesurfer ifh2hdr.c
Sun Mar 15 08:15:39 2026
Writing: talsrcimg.4dfp.hdr
freesurfer analyzeto4dfp.c
Reading: talsrcimg.hdr
header size 348 bytes
hdr.dime.datatype	offset=70	value=2
hdr.dime.bitpix		offset=72	value=8
hdr.hist.orient		offset=252	value=-1
dimensionality     4
dimensions       256       256       256         1
Reading: talsrcimg.img
Writing: talsrcimg.4dfp.img
Writing: talsrcimg.4dfp.ifh
ifh2hdr talsrcimg -r0to188
ori=2

---------------------------------------------------------------------
gauss_4dfp talsrcimg 1.1
---------------------------------------------------------------------

freesurfer gauss_4dfp.c
Reading: talsrcimg.4dfp.img
Writing: talsrcimg_g11.4dfp.img
image dimensions 256 256 256 padded to 288 288 288
processing volume 1freesurfer ifh2hdr.c
Sun Mar 15 08:15:41 2026
Writing: talsrcimg_g11.4dfp.hdr

Writing: talsrcimg_g11.4dfp.ifh
including: talsrcimg.4dfp.img.rec in talsrcimg_g11.4dfp.img.rec

---------------------------------------------------------------------
imgreg_4dfp /opt/freesurfer/average/711-2C_as_mni_average_305 none talsrcimg_g11 none talsrcimg_to_711-2C_as_mni_average_305_t4 4355
---------------------------------------------------------------------

freesurfer imgreg_4dfp.c
/opt/freesurfer/average/711-2C_as_mni_average_305.4dfp.img
       256       256       256         1
  1.000000  1.000000  1.000000
orientation T byte_order littleendian
Reading image: /opt/freesurfer/average/711-2C_as_mni_average_305.4dfp.img
dimensions:      256       256       256
mmppix:       1.0000   -1.0000   -1.0000
center:     128.0000 -129.0000 -129.0000
talsrcimg_g11.4dfp.img
       256       256       256         1
  1.000000  1.000000  1.000000
orientation T byte_order littleendian
Reading image: talsrcimg_g11.4dfp.img
dimensions:      256       256       256
mmppix:       1.0000   -1.0000   -1.0000
center:     128.0000 -129.0000 -129.0000
t4_read: open error in t4_sub.f l:  41 t4_file(1:l)talsrcimg_to_711-2C_as_mni_average_305_t4 
t4_read: transform initialized to I4
rotation matrix determinant  1.000000
image alignment mode   4355 decimal     1103 hex
   -7.5000  -45.0000  -45.0000 9373.5664   15.1835
    0.0000  -45.0000  -45.0000 9791.3867   15.1941
    7.5000  -45.0000  -45.0000 9403.8760   15.2059
   -7.5000  -37.5000  -45.0000 9705.5889   15.2876
    0.0000  -37.5000  -45.000010170.9531   15.3006
    7.5000  -37.5000  -45.0000 9739.7412   15.3092
   -7.5000  -30.0000  -45.000010396.9180   15.0605
    0.0000  -30.0000  -45.000010917.5947   15.0746
    7.5000  -30.0000  -45.000010431.9561   15.0792
   -7.5000  -22.5000  -45.000011121.7646   14.8817
    0.0000  -22.5000  -45.000011668.0322   14.8944
    7.5000  -22.5000  -45.000011170.8887   14.8988
   -7.5000  -15.0000  -45.000011844.8242   14.7225
    0.0000  -15.0000  -45.000012436.8174   14.7332
    7.5000  -15.0000  -45.000011884.0439   14.7403
   -7.5000   -7.5000  -45.000012557.1338   14.6254
    0.0000   -7.5000  -45.000013193.3145   14.6346
    7.5000   -7.5000  -45.000012578.7549   14.6448
   -7.5000    0.0000  -45.000013126.6133   14.6247
    0.0000    0.0000  -45.000013790.5752   14.6343
    7.5000    0.0000  -45.000013126.3828   14.6452
   -7.5000    7.5000  -45.000012692.9775   14.9386
    0.0000    7.5000  -45.000013316.9141   14.9508
    7.5000    7.5000  -45.000012679.2197   14.9588
   -7.5000   15.0000  -45.000012241.8096   15.2922
    0.0000   15.0000  -45.000012814.5977   15.3067
    7.5000   15.0000  -45.000012200.5059   15.3096
   -7.5000   22.5000  -45.000011734.6963   15.5909
    0.0000   22.5000  -45.000012259.8701   15.6051
    7.5000   22.5000  -45.000011675.6309   15.6054
   -7.5000   30.0000  -45.000011174.3867   15.6709
    0.0000   30.0000  -45.000011680.6094   15.6859
    7.5000   30.0000  -45.000011132.2285   15.6893
   -7.5000   37.5000  -45.000010997.8057   15.9503
    0.0000   37.5000  -45.000011522.6338   15.9614
    7.5000   37.5000  -45.000010957.6416   15.9649
   -7.5000   45.0000  -45.000010381.3623   15.8873
    0.0000   45.0000  -45.000010899.0771   15.8944
    7.5000   45.0000  -45.000010338.6592   15.8994
   -7.5000  -45.0000  -37.5000 9637.5430   15.1357
    0.0000  -45.0000  -37.500010092.9795   15.1386
    7.5000  -45.0000  -37.5000 9687.1504   15.1491
   -7.5000  -37.5000  -37.500010000.9590   15.2358
    0.0000  -37.5000  -37.500010503.0186   15.2415
    7.5000  -37.5000  -37.500010073.0508   15.2508
   -7.5000  -30.0000  -37.500010740.5947   15.0004
    0.0000  -30.0000  -37.500011274.1152   15.0099
    7.5000  -30.0000  -37.500010792.0205   15.0189
   -7.5000  -22.5000  -37.500011504.7773   14.8170
    0.0000  -22.5000  -37.500012061.7998   14.8263
    7.5000  -22.5000  -37.500011523.2168   14.8366
   -7.5000  -15.0000  -37.500012264.6475   14.6598
    0.0000  -15.0000  -37.500012850.1455   14.6665
    7.5000  -15.0000  -37.500012264.0439   14.6778
   -7.5000   -7.5000  -37.500012984.3535   14.5674
    0.0000   -7.5000  -37.500013610.0645   14.5709
    7.5000   -7.5000  -37.500012982.1582   14.5817
   -7.5000    0.0000  -37.500013581.8145   14.5691
    0.0000    0.0000  -37.500014245.1104   14.5718
    7.5000    0.0000  -37.500013562.0586   14.5815
   -7.5000    7.5000  -37.500013136.9238   14.8799
    0.0000    7.5000  -37.500013766.6504   14.8852
    7.5000    7.5000  -37.500013093.6709   14.8939
   -7.5000   15.0000  -37.500012649.3350   15.2290
    0.0000   15.0000  -37.500013230.3428   15.2383
    7.5000   15.0000  -37.500012560.3301   15.2452
   -7.5000   22.5000  -37.500012137.0332   15.5251
    0.0000   22.5000  -37.500012693.0469   15.5352
    7.5000   22.5000  -37.500012035.0801   15.5411
   -7.5000   30.0000  -37.500011568.5977   15.6077
    0.0000   30.0000  -37.500012103.5195   15.6183
    7.5000   30.0000  -37.500011470.2861   15.6266
   -7.5000   37.5000  -37.500011378.1572   15.8960
    0.0000   37.5000  -37.500011906.5527   15.9002
    7.5000   37.5000  -37.500011293.3232   15.9053
   -7.5000   45.0000  -37.500010746.4746   15.8380
    0.0000   45.0000  -37.500011256.7988   15.8369
    7.5000   45.0000  -37.500010660.3574   15.8410
   -7.5000  -45.0000  -30.000010051.3018   15.7330
    0.0000  -45.0000  -30.000010528.0576   15.7317
    7.5000  -45.0000  -30.000010087.9785   15.7401
   -7.5000  -37.5000  -30.000010476.4160   15.8371
    0.0000  -37.5000  -30.000010986.5527   15.8386
    7.5000  -37.5000  -30.000010517.4473   15.8463
   -7.5000  -30.0000  -30.000011265.6113   15.5913
    0.0000  -30.0000  -30.000011823.8057   15.5966
    7.5000  -30.0000  -30.000011314.8486   15.6073
   -7.5000  -22.5000  -30.000012058.1514   15.3969
    0.0000  -22.5000  -30.000012641.8721   15.4020
    7.5000  -22.5000  -30.000012088.4688   15.4162
   -7.5000  -15.0000  -30.000012846.7979   15.2303
    0.0000  -15.0000  -30.000013456.4893   15.2328
    7.5000  -15.0000  -30.000012851.4092   15.2475
   -7.5000   -7.5000  -30.000013624.5723   15.1322
    0.0000   -7.5000  -30.000014267.0283   15.1317
    7.5000   -7.5000  -30.000013597.5225   15.1430
   -7.5000    0.0000  -30.000014255.2383   15.1338
    0.0000    0.0000  -30.000014938.3975   15.1327
    7.5000    0.0000  -30.000014185.6660   15.1406
   -7.5000    7.5000  -30.000013767.5488   15.4585
    0.0000    7.5000  -30.000014426.2236   15.4597
    7.5000    7.5000  -30.000013674.8408   15.4670
   -7.5000   15.0000  -30.000013227.6309   15.8238
    0.0000   15.0000  -30.000013854.4443   15.8287
    7.5000   15.0000  -30.000013102.0156   15.8373
   -7.5000   22.5000  -30.000012695.9014   16.1291
    0.0000   22.5000  -30.000013293.3457   16.1347
    7.5000   22.5000  -30.000012574.5469   16.1446
   -7.5000   30.0000  -30.000012096.5576   16.2136
    0.0000   30.0000  -30.000012663.0430   16.2201
    7.5000   30.0000  -30.000011979.0127   16.2319
   -7.5000   37.5000  -30.000011875.5869   16.5102
    0.0000   37.5000  -30.000012438.9873   16.5110
    7.5000   37.5000  -30.000011775.0586   16.5179
   -7.5000   45.0000  -30.000011192.0615   16.4642
    0.0000   45.0000  -30.000011730.6826   16.4590
    7.5000   45.0000  -30.000011082.4873   16.4611
   -7.5000  -45.0000  -22.500010450.1406   16.2523
    0.0000  -45.0000  -22.500010938.3672   16.2550
    7.5000  -45.0000  -22.500010470.1680   16.2620
   -7.5000  -37.5000  -22.500010917.7666   16.3613
    0.0000  -37.5000  -22.500011438.3037   16.3663
    7.5000  -37.5000  -22.500010939.9346   16.3712
   -7.5000  -30.0000  -22.500011772.3848   16.1146
    0.0000  -30.0000  -22.500012338.2910   16.1208
    7.5000  -30.0000  -22.500011796.5947   16.1275
   -7.5000  -22.5000  -22.500012627.5010   15.9146
    0.0000  -22.5000  -22.500013216.1426   15.9186
    7.5000  -22.5000  -22.500012640.6104   15.9297
   -7.5000  -15.0000  -22.500013434.1836   15.7362
    0.0000  -15.0000  -22.500014056.3789   15.7381
    7.5000  -15.0000  -22.500013430.4141   15.7510
   -7.5000   -7.5000  -22.500014240.0107   15.6260
    0.0000   -7.5000  -22.500014907.4570   15.6274
    7.5000   -7.5000  -22.500014196.8135   15.6376
   -7.5000    0.0000  -22.500014879.3818   15.6232
    0.0000    0.0000  -22.500015582.4482   15.6260
    7.5000    0.0000  -22.500014794.5732   15.6325
   -7.5000    7.5000  -22.500014388.9355   15.9613
    0.0000    7.5000  -22.500015048.0166   15.9659
    7.5000    7.5000  -22.500014232.9697   15.9705
   -7.5000   15.0000  -22.500013829.1123   16.3441
    0.0000   15.0000  -22.500014440.3115   16.3497
    7.5000   15.0000  -22.500013642.8438   16.3551
   -7.5000   22.5000  -22.500013271.0449   16.6592
    0.0000   22.5000  -22.500013860.8076   16.6637
    7.5000   22.5000  -22.500013090.5947   16.6707
   -7.5000   30.0000  -22.500012633.0791   16.7417
    0.0000   30.0000  -22.500013207.7891   16.7479
    7.5000   30.0000  -22.500012458.5225   16.7569
   -7.5000   37.5000  -22.500012371.0312   17.0327
    0.0000   37.5000  -22.500012927.8232   17.0368
    7.5000   37.5000  -22.500012223.7178   17.0425
   -7.5000   45.0000  -22.500011621.4795   16.9926
    0.0000   45.0000  -22.500012152.2871   16.9916
    7.5000   45.0000  -22.500011479.9961   16.9919
   -7.5000  -45.0000  -15.000010835.4570   16.6156
    0.0000  -45.0000  -15.000011338.7627   16.6269
    7.5000  -45.0000  -15.000010854.0596   16.6346
   -7.5000  -37.5000  -15.000011328.6230   16.7263
    0.0000  -37.5000  -15.000011858.0264   16.7396
    7.5000  -37.5000  -15.000011359.6846   16.7431
   -7.5000  -30.0000  -15.000012245.5967   16.4804
    0.0000  -30.0000  -15.000012827.2852   16.4920
    7.5000  -30.0000  -15.000012264.0752   16.4939
   -7.5000  -22.5000  -15.000013188.8066   16.2783
    0.0000  -22.5000  -15.000013788.8330   16.2863
    7.5000  -22.5000  -15.000013162.5996   16.2912
   -7.5000  -15.0000  -15.000014049.9561   16.0915
    0.0000  -15.0000  -15.000014672.3477   16.0977
    7.5000  -15.0000  -15.000013995.2695   16.1062
   -7.5000   -7.5000  -15.000014830.3154   15.9709
    0.0000   -7.5000  -15.000015505.5840   15.9788
    7.5000   -7.5000  -15.000014767.0244   15.9879
   -7.5000    0.0000  -15.000015539.1396   15.9638
    0.0000    0.0000  -15.000016254.6055   15.9744
    7.5000    0.0000  -15.000015423.7568   15.9815
   -7.5000    7.5000  -15.000015075.8369   16.3092
    0.0000    7.5000  -15.000015751.3633   16.3217
    7.5000    7.5000  -15.000014881.6885   16.3252
   -7.5000   15.0000  -15.000014476.1377   16.7020
    0.0000   15.0000  -15.000015102.0127   16.7133
    7.5000   15.0000  -15.000014263.0020   16.7141
   -7.5000   22.5000  -15.000013870.7861   17.0243
    0.0000   22.5000  -15.000014438.1006   17.0330
    7.5000   22.5000  -15.000013652.9277   17.0337
   -7.5000   30.0000  -15.000013189.1104   17.1086
    0.0000   30.0000  -15.000013734.4805   17.1195
    7.5000   30.0000  -15.000012977.7256   17.1226
   -7.5000   37.5000  -15.000012892.7363   17.3940
    0.0000   37.5000  -15.000013411.3271   17.4057
    7.5000   37.5000  -15.000012676.6250   17.4086
   -7.5000   45.0000  -15.000012096.4482   17.3548
    0.0000   45.0000  -15.000012603.1094   17.3627
    7.5000   45.0000  -15.000011906.2979   17.3629
   -7.5000  -45.0000   -7.500011250.7383   16.7869
    0.0000  -45.0000   -7.500011760.4600   16.8028
    7.5000  -45.0000   -7.500011260.6260   16.8137
   -7.5000  -37.5000   -7.500011790.1289   16.8957
    0.0000  -37.5000   -7.500012311.8760   16.9136
    7.5000  -37.5000   -7.500011805.4248   16.9195
   -7.5000  -30.0000   -7.500012754.0879   16.6460
    0.0000  -30.0000   -7.500013318.6660   16.6624
    7.5000  -30.0000   -7.500012747.3252   16.6637
   -7.5000  -22.5000   -7.500013742.5596   16.4431
    0.0000  -22.5000   -7.500014332.2490   16.4563
    7.5000  -22.5000   -7.500013694.1172   16.4583
   -7.5000  -15.0000   -7.500014614.8584   16.2552
    0.0000  -15.0000   -7.500015262.6230   16.2669
    7.5000  -15.0000   -7.500014534.7754   16.2731
   -7.5000   -7.5000   -7.500015414.8945   16.1334
    0.0000   -7.5000   -7.500016098.6348   16.1462
    7.5000   -7.5000   -7.500015318.4482   16.1558
   -7.5000    0.0000   -7.500016176.0186   16.1255
    0.0000    0.0000   -7.500016945.9434   16.1405
    7.5000    0.0000   -7.500016044.5576   16.1505
   -7.5000    7.5000   -7.500015765.1260   16.4716
    0.0000    7.5000   -7.500016505.2266   16.4886
    7.5000    7.5000   -7.500015564.3457   16.4944
   -7.5000   15.0000   -7.500015119.2197   16.8640
    0.0000   15.0000   -7.500015746.9043   16.8806
    7.5000   15.0000   -7.500014909.2266   16.8807
   -7.5000   22.5000   -7.500014418.0312   17.1873
    0.0000   22.5000   -7.500014953.0156   17.2017
    7.5000   22.5000   -7.500014214.3496   17.1995
   -7.5000   30.0000   -7.500013691.3740   17.2780
    0.0000   30.0000   -7.500014189.2344   17.2946
    7.5000   30.0000   -7.500013477.5547   17.2954
   -7.5000   37.5000   -7.500013435.5400   17.5683
    0.0000   37.5000   -7.500013907.2529   17.5847
    7.5000   37.5000   -7.500013170.7949   17.5867
   -7.5000   45.0000   -7.500012594.7715   17.5273
    0.0000   45.0000   -7.500013081.6426   17.5402
    7.5000   45.0000   -7.500012330.2871   17.5431
   -7.5000  -45.0000    0.000011557.5957   16.7995
    0.0000  -45.0000    0.000012083.9785   16.8112
    7.5000  -45.0000    0.000011562.1572   16.8240
   -7.5000  -37.5000    0.000012118.2520   16.9045
    0.0000  -37.5000    0.000012664.1924   16.9190
    7.5000  -37.5000    0.000012091.9365   16.9280
   -7.5000  -30.0000    0.000013112.7646   16.6467
    0.0000  -30.0000    0.000013711.7969   16.6624
    7.5000  -30.0000    0.000013062.3447   16.6672
   -7.5000  -22.5000    0.000014116.3408   16.4421
    0.0000  -22.5000    0.000014732.2422   16.4564
    7.5000  -22.5000    0.000014051.5850   16.4609
   -7.5000  -15.0000    0.000015052.9209   16.2590
    0.0000  -15.0000    0.000015711.9727   16.2712
    7.5000  -15.0000    0.000014980.5908   16.2789
   -7.5000   -7.5000    0.000015848.2666   16.1438
    0.0000   -7.5000    0.000016533.7754   16.1545
    7.5000   -7.5000    0.000015770.6934   16.1657
   -7.5000    0.0000    0.000016618.9824   16.1387
    0.0000    0.0000    0.000017344.3516   16.1499
    7.5000    0.0000    0.000016542.9668   16.1618
   -7.5000    7.5000    0.000016191.1143   16.4811
    0.0000    7.5000    0.000016940.9844   16.4949
    7.5000    7.5000    0.000016107.1543   16.5036
   -7.5000   15.0000    0.000015594.5713   16.8676
    0.0000   15.0000    0.000016276.3945   16.8839
    7.5000   15.0000    0.000015493.7656   16.8869
   -7.5000   22.5000    0.000014908.9551   17.1899
    0.0000   22.5000    0.000015549.4287   17.2059
    7.5000   22.5000    0.000014766.3623   17.2060
   -7.5000   30.0000    0.000014140.1406   17.2894
    0.0000   30.0000    0.000014736.4492   17.3062
    7.5000   30.0000    0.000013938.7744   17.3097
   -7.5000   37.5000    0.000013871.8447   17.5934
    0.0000   37.5000    0.000014429.6084   17.6062
    7.5000   37.5000    0.000013581.5527   17.6097
   -7.5000   45.0000    0.000012979.6152   17.5541
    0.0000   45.0000    0.000013501.7812   17.5623
    7.5000   45.0000    0.000012688.3623   17.5676
   -7.5000  -45.0000    7.500010980.6729   16.7779
    0.0000  -45.0000    7.500011499.0625   16.7811
    7.5000  -45.0000    7.500010971.8984   16.7924
   -7.5000  -37.5000    7.500011507.6172   16.8811
    0.0000  -37.5000    7.500012055.5166   16.8875
    7.5000  -37.5000    7.500011495.7539   16.8973
   -7.5000  -30.0000    7.500012431.7637   16.6154
    0.0000  -30.0000    7.500012998.7900   16.6260
    7.5000  -30.0000    7.500012403.2812   16.6356
   -7.5000  -22.5000    7.500013365.6143   16.4072
    0.0000  -22.5000    7.500013949.7861   16.4176
    7.5000  -22.5000    7.500013320.6348   16.4286
   -7.5000  -15.0000    7.500014258.0762   16.2277
    0.0000  -15.0000    7.500014891.7920   16.2354
    7.5000  -15.0000    7.500014218.0322   16.2476
   -7.5000   -7.5000    7.500015025.1875   16.1196
    0.0000   -7.5000    7.500015695.2197   16.1238
    7.5000   -7.5000    7.500015013.5186   16.1355
   -7.5000    0.0000    7.500015744.4727   16.1181
    0.0000    0.0000    7.500016478.5059   16.1215
    7.5000    0.0000    7.500015744.9561   16.1321
   -7.5000    7.5000    7.500015372.5635   16.4585
    0.0000    7.5000    7.500016070.3691   16.4646
    7.5000    7.5000    7.500015322.7334   16.4740
   -7.5000   15.0000    7.500014876.5498   16.8415
    0.0000   15.0000    7.500015555.2939   16.8522
    7.5000   15.0000    7.500014768.2578   16.8595
   -7.5000   22.5000    7.500014279.4512   17.1622
    0.0000   22.5000    7.500014959.0518   17.1736
    7.5000   22.5000    7.500014131.7588   17.1798
   -7.5000   30.0000    7.500013549.5352   17.2650
    0.0000   30.0000    7.500014188.2324   17.2770
    7.5000   30.0000    7.500013374.6729   17.2858
   -7.5000   37.5000    7.500013237.4424   17.5804
    0.0000   37.5000    7.500013809.6094   17.5854
    7.5000   37.5000    7.500013025.7354   17.5908
   -7.5000   45.0000    7.500012356.5273   17.5471
    0.0000   45.0000    7.500012854.7031   17.5465
    7.5000   45.0000    7.500012139.5586   17.5507
   -7.5000  -45.0000   15.000010280.4365   16.8400
    0.0000  -45.0000   15.000010768.6172   16.8391
    7.5000  -45.0000   15.000010279.5732   16.8478
   -7.5000  -37.5000   15.000010795.3008   16.9419
    0.0000  -37.5000   15.000011320.1553   16.9440
    7.5000  -37.5000   15.000010775.4824   16.9520
   -7.5000  -30.0000   15.000011652.8369   16.6773
    0.0000  -30.0000   15.000012199.1582   16.6836
    7.5000  -30.0000   15.000011633.4004   16.6946
   -7.5000  -22.5000   15.000012548.1914   16.4673
    0.0000  -22.5000   15.000013115.6221   16.4735
    7.5000  -22.5000   15.000012525.7354   16.4884
   -7.5000  -15.0000   15.000013396.9424   16.2870
    0.0000  -15.0000   15.000014001.9160   16.2905
    7.5000  -15.0000   15.000013421.9961   16.3058
   -7.5000   -7.5000   15.000014183.5586   16.1797
    0.0000   -7.5000   15.000014803.5684   16.1800
    7.5000   -7.5000   15.000014217.5107   16.1918
   -7.5000    0.0000   15.000014899.7168   16.1794
    0.0000    0.0000   15.000015559.1436   16.1791
    7.5000    0.0000   15.000014913.5625   16.1874
   -7.5000    7.5000   15.000014565.4443   16.5202
    0.0000    7.5000   15.000015157.7871   16.5222
    7.5000    7.5000   15.000014500.5068   16.5298
   -7.5000   15.0000   15.000014067.7695   16.9027
    0.0000   15.0000   15.000014644.1191   16.9085
    7.5000   15.0000   15.000013951.9863   16.9176
   -7.5000   22.5000   15.000013487.2549   17.2183
    0.0000   22.5000   15.000014028.9863   17.2247
    7.5000   22.5000   15.000013347.1670   17.2350
   -7.5000   30.0000   15.000012791.7588   17.3132
    0.0000   30.0000   15.000013322.9287   17.3207
    7.5000   30.0000   15.000012666.3457   17.3329
   -7.5000   37.5000   15.000012493.9004   17.6261
    0.0000   37.5000   15.000012994.2773   17.6275
    7.5000   37.5000   15.000012356.8887   17.6345
   -7.5000   45.0000   15.000011677.5869   17.5971
    0.0000   45.0000   15.000012125.0811   17.5921
    7.5000   45.0000   15.000011541.9453   17.5941
   -7.5000  -45.0000   22.5000 9529.9189   17.0160
    0.0000  -45.0000   22.5000 9992.9180   17.0198
    7.5000  -45.0000   22.5000 9520.4746   17.0266
   -7.5000  -37.5000   22.500010010.0742   17.1139
    0.0000  -37.5000   22.500010521.7598   17.1199
    7.5000  -37.5000   22.500010020.9893   17.1242
   -7.5000  -30.0000   22.500010846.9609   16.8586
    0.0000  -30.0000   22.500011376.4404   16.8657
    7.5000  -30.0000   22.500010861.2412   16.8719
   -7.5000  -22.5000   22.500011725.2529   16.6522
    0.0000  -22.5000   22.500012283.9268   16.6572
    7.5000  -22.5000   22.500011740.6084   16.6681
   -7.5000  -15.0000   22.500012574.6943   16.4683
    0.0000  -15.0000   22.500013168.5693   16.4713
    7.5000  -15.0000   22.500012602.4453   16.4842
   -7.5000   -7.5000   22.500013319.2129   16.3552
    0.0000   -7.5000   22.500013914.5596   16.3578
    7.5000   -7.5000   22.500013320.3730   16.3679
   -7.5000    0.0000   22.500013931.6719   16.3524
    0.0000    0.0000   22.500014552.7861   16.3563
    7.5000    0.0000   22.500013901.6875   16.3625
   -7.5000    7.5000   22.500013570.4189   16.6926
    0.0000    7.5000   22.500014145.2656   16.6982
    7.5000    7.5000   22.500013488.9932   16.7023
   -7.5000   15.0000   22.500013115.3203   17.0742
    0.0000   15.0000   22.500013651.6914   17.0807
    7.5000   15.0000   22.500012984.8594   17.0856
   -7.5000   22.5000   22.500012564.3789   17.3829
    0.0000   22.5000   22.500013072.7793   17.3880
    7.5000   22.5000   22.500012437.4297   17.3946
   -7.5000   30.0000   22.500011931.0342   17.4615
    0.0000   30.0000   22.500012420.5010   17.4685
    7.5000   30.0000   22.500011820.7852   17.4774
   -7.5000   37.5000   22.500011649.9463   17.7574
    0.0000   37.5000   22.500012136.7305   17.7624
    7.5000   37.5000   22.500011550.1221   17.7678
   -7.5000   45.0000   22.500010889.6211   17.7238
    0.0000   45.0000   22.500011338.4561   17.7234
    7.5000   45.0000   22.500010803.8760   17.7232
   -7.5000  -45.0000   30.0000 8780.3770   17.3015
    0.0000  -45.0000   30.0000 9199.7881   17.3151
    7.5000  -45.0000   30.0000 8780.0244   17.3224
   -7.5000  -37.5000   30.0000 9274.1641   17.3933
    0.0000  -37.5000   30.0000 9745.2969   17.4088
    7.5000  -37.5000   30.0000 9283.2383   17.4115
   -7.5000  -30.0000   30.000010094.0146   17.1441
    0.0000  -30.0000   30.000010591.3047   17.1578
    7.5000  -30.0000   30.000010082.5732   17.1587
   -7.5000  -22.5000   30.000010910.2344   16.9408
    0.0000  -22.5000   30.000011426.1523   16.9508
    7.5000  -22.5000   30.000010887.6484   16.9547
   -7.5000  -15.0000   30.000011681.1055   16.7529
    0.0000  -15.0000   30.000012222.8213   16.7611
    7.5000  -15.0000   30.000011659.1377   16.7689
   -7.5000   -7.5000   30.000012344.3047   16.6333
    0.0000   -7.5000   30.000012890.3018   16.6434
    7.5000   -7.5000   30.000012291.2344   16.6520
   -7.5000    0.0000   30.000012876.2793   16.6278
    0.0000    0.0000   30.000013440.4150   16.6408
    7.5000    0.0000   30.000012804.6729   16.6473
   -7.5000    7.5000   30.000012517.4326   16.9680
    0.0000    7.5000   30.000013043.8604   16.9829
    7.5000    7.5000   30.000012408.7236   16.9854
   -7.5000   15.0000   30.000012070.1602   17.3491
    0.0000   15.0000   30.000012565.5693   17.3623
    7.5000   15.0000   30.000011930.0586   17.3619
   -7.5000   22.5000   30.000011555.5469   17.6542
    0.0000   22.5000   30.000012031.9600   17.6643
    7.5000   22.5000   30.000011434.4551   17.6637
   -7.5000   30.0000   30.000010985.6904   17.7219
    0.0000   30.0000   30.000011448.1758   17.7341
    7.5000   30.0000   30.000010886.4609   17.7362
   -7.5000   37.5000   30.000010742.9014   18.0056
    0.0000   37.5000   30.000011199.8154   18.0186
    7.5000   37.5000   30.000010660.7549   18.0207
   -7.5000   45.0000   30.000010063.3438   17.9646
    0.0000   45.0000   30.000010483.1621   17.9737
    7.5000   45.0000   30.0000 9972.4736   17.9730
   -7.5000  -45.0000   37.5000 8471.5391   17.6971
    0.0000  -45.0000   37.5000 8865.4580   17.7188
    7.5000  -45.0000   37.5000 8426.4014   17.7320
   -7.5000  -37.5000   37.5000 8921.2715   17.7804
    0.0000  -37.5000   37.5000 9354.4102   17.8042
    7.5000  -37.5000   37.5000 8887.9199   17.8114
   -7.5000  -30.0000   37.5000 9670.9004   17.5251
    0.0000  -30.0000   37.500010141.5898   17.5472
    7.5000  -30.0000   37.5000 9636.4453   17.5493
   -7.5000  -22.5000   37.500010439.7842   17.3201
    0.0000  -22.5000   37.500010935.5254   17.3386
    7.5000  -22.5000   37.500010394.4531   17.3416
   -7.5000  -15.0000   37.500011153.6143   17.1304
    0.0000  -15.0000   37.500011662.1924   17.1472
    7.5000  -15.0000   37.500011097.9824   17.1550
   -7.5000   -7.5000   37.500011781.6699   17.0106
    0.0000   -7.5000   37.500012310.1885   17.0287
    7.5000   -7.5000   37.500011702.5957   17.0404
   -7.5000    0.0000   37.500012280.4639   17.0062
    0.0000    0.0000   37.500012825.9209   17.0268
    7.5000    0.0000   37.500012176.6104   17.0386
   -7.5000    7.5000   37.500011916.0889   17.3471
    0.0000    7.5000   37.500012429.8359   17.3699
    7.5000    7.5000   37.500011783.5469   17.3768
   -7.5000   15.0000   37.500011459.3760   17.7243
    0.0000   15.0000   37.500011936.8867   17.7464
    7.5000   15.0000   37.500011304.6758   17.7470
   -7.5000   22.5000   37.500010971.2061   18.0268
    0.0000   22.5000   37.500011434.6641   18.0459
    7.5000   22.5000   37.500010851.4316   18.0442
   -7.5000   30.0000   37.500010447.4414   18.0925
    0.0000   30.0000   37.500010898.0732   18.1135
    7.5000   30.0000   37.500010347.6367   18.1156
   -7.5000   37.5000   37.500010249.0566   18.3824
    0.0000   37.5000   37.500010687.6514   18.4030
    7.5000   37.5000   37.500010158.0049   18.4067
   -7.5000   45.0000   37.5000 9608.5264   18.3377
    0.0000   45.0000   37.500010018.9688   18.3547
    7.5000   45.0000   37.5000 9521.9668   18.3594
   -7.5000  -45.0000   45.0000 7776.8320   18.1270
    0.0000  -45.0000   45.0000 8111.6426   18.1452
    7.5000  -45.0000   45.0000 7677.0791   18.1602
   -7.5000  -37.5000   45.0000 8134.8472   18.1984
    0.0000  -37.5000   45.0000 8504.8867   18.2202
    7.5000  -37.5000   45.0000 8068.9111   18.2312
   -7.5000  -30.0000   45.0000 8790.6387   17.9268
    0.0000  -30.0000   45.0000 9209.9834   17.9501
    7.5000  -30.0000   45.0000 8746.8555   17.9565
   -7.5000  -22.5000   45.0000 9464.1162   17.7152
    0.0000  -22.5000   45.0000 9906.8857   17.7363
    7.5000  -22.5000   45.0000 9411.1602   17.7418
   -7.5000  -15.0000   45.000010131.4258   17.5265
    0.0000  -15.0000   45.000010587.7617   17.5446
    7.5000  -15.0000   45.000010057.2539   17.5529
   -7.5000   -7.5000   45.000010719.2295   17.4124
    0.0000   -7.5000   45.000011189.9414   17.4287
    7.5000   -7.5000   45.000010613.9062   17.4410
   -7.5000    0.0000   45.000011166.7090   17.4122
    0.0000    0.0000   45.000011663.4600   17.4296
    7.5000    0.0000   45.000011053.9971   17.4433
   -7.5000    7.5000   45.000010804.2715   17.7536
    0.0000    7.5000   45.000011294.9316   17.7745
    7.5000    7.5000   45.000010690.2402   17.7850
   -7.5000   15.0000   45.000010369.1621   18.1266
    0.0000   15.0000   45.000010835.2871   18.1504
    7.5000   15.0000   45.000010259.3027   18.1545
   -7.5000   22.5000   45.0000 9926.5752   18.4277
    0.0000   22.5000   45.000010377.7949   18.4498
    7.5000   22.5000   45.0000 9835.4121   18.4500
   -7.5000   30.0000   45.0000 9465.5000   18.4969
    0.0000   30.0000   45.0000 9898.3008   18.5188
    7.5000   30.0000   45.0000 9392.3408   18.5222
   -7.5000   37.5000   45.0000 9316.2168   18.8073
    0.0000   37.5000   45.0000 9744.6514   18.8241
    7.5000   37.5000   45.0000 9245.4336   18.8276
   -7.5000   45.0000   45.0000 8747.2832   18.7772
    0.0000   45.0000   45.0000 9154.7920   18.7894
    7.5000   45.0000   45.0000 8680.5225   18.7957

---------------------------------------------------------------------
imgreg_4dfp /opt/freesurfer/average/711-2C_as_mni_average_305 /opt/freesurfer/average/711-2B_as_mni_average_305_mask talsrcimg_g11 none talsrcimg_to_711-2C_as_mni_average_305_t4 4355
---------------------------------------------------------------------

freesurfer imgreg_4dfp.c
/opt/freesurfer/average/711-2C_as_mni_average_305.4dfp.img
       256       256       256         1
  1.000000  1.000000  1.000000
orientation T byte_order littleendian
Reading image: /opt/freesurfer/average/711-2C_as_mni_average_305.4dfp.img
dimensions:      256       256       256
mmppix:       1.0000   -1.0000   -1.0000
center:     128.0000 -129.0000 -129.0000
/opt/freesurfer/average/711-2B_as_mni_average_305_mask.4dfp.img
       256       256       256         1
  1.000000  1.000000  1.000000
orientation T byte_order littleendian
Reading mask: /opt/freesurfer/average/711-2B_as_mni_average_305_mask.4dfp.img (2306576 pixels)
talsrcimg_g11.4dfp.img
       256       256       256         1
  1.000000  1.000000  1.000000
orientation T byte_order littleendian
Reading image: talsrcimg_g11.4dfp.img
dimensions:      256       256       256
mmppix:       1.0000   -1.0000   -1.0000
center:     128.0000 -129.0000 -129.0000
rotation matrix determinant  1.000000
image alignment mode   4355 decimal     1103 hex
   -7.5000  -45.0000  -45.0000 2308.3633   18.6007
    0.0000  -45.0000  -45.0000 2321.4001   18.5143
    7.5000  -45.0000  -45.0000 2310.4187   18.6861
   -7.5000  -37.5000  -45.0000 2339.7244   17.8524
    0.0000  -37.5000  -45.0000 2355.1226   17.7612
    7.5000  -37.5000  -45.0000 2339.3838   17.8676
   -7.5000  -30.0000  -45.0000 2377.6753   17.1446
    0.0000  -30.0000  -45.0000 2393.6101   17.0424
    7.5000  -30.0000  -45.0000 2374.5461   17.0998
   -7.5000  -22.5000  -45.0000 2412.9958   16.3905
    0.0000  -22.5000  -45.0000 2421.7568   16.3038
    7.5000  -22.5000  -45.0000 2417.6794   16.3590
   -7.5000  -15.0000  -45.0000 2444.4780   15.7727
    0.0000  -15.0000  -45.0000 2457.7810   15.6779
    7.5000  -15.0000  -45.0000 2448.3281   15.7869
   -7.5000   -7.5000  -45.0000 2462.6821   15.3791
    0.0000   -7.5000  -45.0000 2482.6733   15.2718
    7.5000   -7.5000  -45.0000 2468.8269   15.3973
   -7.5000    0.0000  -45.0000 2468.2495   15.1499
    0.0000    0.0000  -45.0000 2490.8662   15.0248
    7.5000    0.0000  -45.0000 2476.0437   15.1632
   -7.5000    7.5000  -45.0000 2474.4878   15.0019
    0.0000    7.5000  -45.0000 2497.7085   14.8382
    7.5000    7.5000  -45.0000 2481.5774   14.9972
   -7.5000   15.0000  -45.0000 2477.4587   15.0397
    0.0000   15.0000  -45.0000 2497.0151   14.8287
    7.5000   15.0000  -45.0000 2486.0801   14.9913
   -7.5000   22.5000  -45.0000 2469.0735   15.2782
    0.0000   22.5000  -45.0000 2491.5867   15.0533
    7.5000   22.5000  -45.0000 2477.4600   15.2206
   -7.5000   30.0000  -45.0000 2437.9883   15.8120
    0.0000   30.0000  -45.0000 2461.5625   15.5885
    7.5000   30.0000  -45.0000 2449.3354   15.7676
   -7.5000   37.5000  -45.0000 2386.9919   16.6003
    0.0000   37.5000  -45.0000 2413.5027   16.3828
    7.5000   37.5000  -45.0000 2399.0537   16.5764
   -7.5000   45.0000  -45.0000 2315.6187   17.7383
    0.0000   45.0000  -45.0000 2339.7253   17.5255
    7.5000   45.0000  -45.0000 2323.4211   17.7016
   -7.5000  -45.0000  -37.5000 2358.2954   17.6632
    0.0000  -45.0000  -37.5000 2373.6631   17.5990
    7.5000  -45.0000  -37.5000 2364.8833   17.7272
   -7.5000  -37.5000  -37.5000 2395.5703   16.9054
    0.0000  -37.5000  -37.5000 2412.5930   16.8255
    7.5000  -37.5000  -37.5000 2403.4319   16.9225
   -7.5000  -30.0000  -37.5000 2440.1372   16.1903
    0.0000  -30.0000  -37.5000 2455.7839   16.0979
    7.5000  -30.0000  -37.5000 2444.4958   16.1595
   -7.5000  -22.5000  -37.5000 2485.5310   15.4507
    0.0000  -22.5000  -37.5000 2498.5708   15.3451
    7.5000  -22.5000  -37.5000 2489.6792   15.4105
   -7.5000  -15.0000  -37.5000 2523.0825   14.8200
    0.0000  -15.0000  -37.5000 2535.8887   14.7136
    7.5000  -15.0000  -37.5000 2524.4504   14.7971
   -7.5000   -7.5000  -37.5000 2549.3743   14.3611
    0.0000   -7.5000  -37.5000 2564.5632   14.2580
    7.5000   -7.5000  -37.5000 2554.7756   14.3711
   -7.5000    0.0000  -37.5000 2567.3960   14.1218
    0.0000    0.0000  -37.5000 2588.0210   13.9736
    7.5000    0.0000  -37.5000 2574.7659   14.1040
   -7.5000    7.5000  -37.5000 2577.8904   14.0047
    0.0000    7.5000  -37.5000 2598.0266   13.8378
    7.5000    7.5000  -37.5000 2581.5234   14.0132
   -7.5000   15.0000  -37.5000 2577.8472   14.0618
    0.0000   15.0000  -37.5000 2595.5708   13.8746
    7.5000   15.0000  -37.5000 2581.2476   14.0541
   -7.5000   22.5000  -37.5000 2566.4832   14.3101
    0.0000   22.5000  -37.5000 2587.0955   14.1043
    7.5000   22.5000  -37.5000 2571.0500   14.2838
   -7.5000   30.0000  -37.5000 2537.2961   14.8086
    0.0000   30.0000  -37.5000 2559.7898   14.5970
    7.5000   30.0000  -37.5000 2544.3340   14.7640
   -7.5000   37.5000  -37.5000 2485.2354   15.5355
    0.0000   37.5000  -37.5000 2510.1345   15.3395
    7.5000   37.5000  -37.5000 2491.4392   15.5445
   -7.5000   45.0000  -37.5000 2407.4756   16.5829
    0.0000   45.0000  -37.5000 2429.3630   16.3860
    7.5000   45.0000  -37.5000 2410.8230   16.5913
   -7.5000  -45.0000  -30.0000 2436.6875   17.5987
    0.0000  -45.0000  -30.0000 2448.9707   17.5324
    7.5000  -45.0000  -30.0000 2440.9783   17.5964
   -7.5000  -37.5000  -30.0000 2487.5710   16.7528
    0.0000  -37.5000  -30.0000 2498.4272   16.6825
    7.5000  -37.5000  -30.0000 2491.2983   16.7238
   -7.5000  -30.0000  -30.0000 2538.9917   15.9639
    0.0000  -30.0000  -30.0000 2555.5259   15.8643
    7.5000  -30.0000  -30.0000 2544.3711   15.9214
   -7.5000  -22.5000  -30.0000 2585.3015   15.1059
    0.0000  -22.5000  -30.0000 2602.5151   14.9840
    7.5000  -22.5000  -30.0000 2593.7134   15.0693
   -7.5000  -15.0000  -30.0000 2629.4021   14.4135
    0.0000  -15.0000  -30.0000 2646.9712   14.2650
    7.5000  -15.0000  -30.0000 2635.7329   14.3790
   -7.5000   -7.5000  -30.0000 2669.5056   13.9620
    0.0000   -7.5000  -30.0000 2687.2253   13.8317
    7.5000   -7.5000  -30.0000 2672.5708   13.9370
   -7.5000    0.0000  -30.0000 2697.9587   13.7166
    0.0000    0.0000  -30.0000 2719.6968   13.5630
    7.5000    0.0000  -30.0000 2705.9451   13.6712
   -7.5000    7.5000  -30.0000 2714.1404   13.6197
    0.0000    7.5000  -30.0000 2738.7114   13.4173
    7.5000    7.5000  -30.0000 2723.6870   13.5588
   -7.5000   15.0000  -30.0000 2718.9348   13.6740
    0.0000   15.0000  -30.0000 2738.9626   13.4926
    7.5000   15.0000  -30.0000 2721.3684   13.6443
   -7.5000   22.5000  -30.0000 2709.5571   13.9176
    0.0000   22.5000  -30.0000 2735.3269   13.7373
    7.5000   22.5000  -30.0000 2716.5305   13.9033
   -7.5000   30.0000  -30.0000 2682.7393   14.3870
    0.0000   30.0000  -30.0000 2705.7700   14.2097
    7.5000   30.0000  -30.0000 2685.5706   14.3769
   -7.5000   37.5000  -30.0000 2624.0164   15.0993
    0.0000   37.5000  -30.0000 2650.7473   14.9164
    7.5000   37.5000  -30.0000 2631.2605   15.1195
   -7.5000   45.0000  -30.0000 2537.6484   16.1230
    0.0000   45.0000  -30.0000 2559.5811   15.9367
    7.5000   45.0000  -30.0000 2538.6885   16.1498
   -7.5000  -45.0000  -22.5000 2472.4463   17.4134
    0.0000  -45.0000  -22.5000 2489.1257   17.3051
    7.5000  -45.0000  -22.5000 2479.0156   17.3644
   -7.5000  -37.5000  -22.5000 2532.5613   16.4787
    0.0000  -37.5000  -22.5000 2549.7068   16.3635
    7.5000  -37.5000  -22.5000 2538.5930   16.4324
   -7.5000  -30.0000  -22.5000 2594.3892   15.5814
    0.0000  -30.0000  -22.5000 2613.4263   15.4479
    7.5000  -30.0000  -22.5000 2601.0662   15.5616
   -7.5000  -22.5000  -22.5000 2651.6663   14.7054
    0.0000  -22.5000  -22.5000 2670.6277   14.5718
    7.5000  -22.5000  -22.5000 2657.2314   14.7125
   -7.5000  -15.0000  -22.5000 2698.4277   13.9945
    0.0000  -15.0000  -22.5000 2717.9578   13.8510
    7.5000  -15.0000  -22.5000 2708.7808   13.9935
   -7.5000   -7.5000  -22.5000 2749.4434   13.5256
    0.0000   -7.5000  -22.5000 2774.3647   13.3586
    7.5000   -7.5000  -22.5000 2759.1323   13.4855
   -7.5000    0.0000  -22.5000 2784.8569   13.2629
    0.0000    0.0000  -22.5000 2811.9324   13.1094
    7.5000    0.0000  -22.5000 2796.3950   13.2142
   -7.5000    7.5000  -22.5000 2815.0940   13.1341
    0.0000    7.5000  -22.5000 2843.6011   12.9608
    7.5000    7.5000  -22.5000 2823.7576   13.0785
   -7.5000   15.0000  -22.5000 2826.2563   13.1792
    0.0000   15.0000  -22.5000 2854.0938   13.0266
    7.5000   15.0000  -22.5000 2829.8179   13.1560
   -7.5000   22.5000  -22.5000 2825.1091   13.4452
    0.0000   22.5000  -22.5000 2853.6904   13.2805
    7.5000   22.5000  -22.5000 2827.0449   13.4432
   -7.5000   30.0000  -22.5000 2795.2756   13.9328
    0.0000   30.0000  -22.5000 2824.1013   13.7467
    7.5000   30.0000  -22.5000 2795.1301   13.9313
   -7.5000   37.5000  -22.5000 2732.0767   14.6205
    0.0000   37.5000  -22.5000 2756.9692   14.4276
    7.5000   37.5000  -22.5000 2732.1702   14.6425
   -7.5000   45.0000  -22.5000 2636.7371   15.5918
    0.0000   45.0000  -22.5000 2660.4746   15.4098
    7.5000   45.0000  -22.5000 2635.4656   15.6303
   -7.5000  -45.0000  -15.0000 2485.3281   17.3165
    0.0000  -45.0000  -15.0000 2504.7036   17.1775
    7.5000  -45.0000  -15.0000 2497.2646   17.2857
   -7.5000  -37.5000  -15.0000 2543.6995   16.3064
    0.0000  -37.5000  -15.0000 2566.2805   16.1622
    7.5000  -37.5000  -15.0000 2559.1660   16.2877
   -7.5000  -30.0000  -15.0000 2612.9912   15.3099
    0.0000  -30.0000  -15.0000 2637.0994   15.1735
    7.5000  -30.0000  -15.0000 2625.2559   15.3313
   -7.5000  -22.5000  -15.0000 2674.0195   14.4038
    0.0000  -22.5000  -15.0000 2698.9033   14.2492
    7.5000  -22.5000  -15.0000 2683.1863   14.4348
   -7.5000  -15.0000  -15.0000 2729.4468   13.6920
    0.0000  -15.0000  -15.0000 2754.4082   13.5193
    7.5000  -15.0000  -15.0000 2739.7932   13.6775
   -7.5000   -7.5000  -15.0000 2785.0542   13.1718
    0.0000   -7.5000  -15.0000 2814.6631   12.9940
    7.5000   -7.5000  -15.0000 2799.1494   13.1515
   -7.5000    0.0000  -15.0000 2835.7410   12.8872
    0.0000    0.0000  -15.0000 2865.1689   12.7027
    7.5000    0.0000  -15.0000 2848.7056   12.8528
   -7.5000    7.5000  -15.0000 2877.0161   12.7393
    0.0000    7.5000  -15.0000 2913.0308   12.5581
    7.5000    7.5000  -15.0000 2888.2461   12.7037
   -7.5000   15.0000  -15.0000 2901.6123   12.7515
    0.0000   15.0000  -15.0000 2939.4844   12.5711
    7.5000   15.0000  -15.0000 2906.8579   12.7521
   -7.5000   22.5000  -15.0000 2902.5295   13.0412
    0.0000   22.5000  -15.0000 2935.8352   12.8392
    7.5000   22.5000  -15.0000 2901.5762   13.0434
   -7.5000   30.0000  -15.0000 2869.3977   13.5251
    0.0000   30.0000  -15.0000 2898.4917   13.3269
    7.5000   30.0000  -15.0000 2863.6262   13.5397
   -7.5000   37.5000  -15.0000 2794.9785   14.2230
    0.0000   37.5000  -15.0000 2820.5957   14.0220
    7.5000   37.5000  -15.0000 2788.2021   14.2498
   -7.5000   45.0000  -15.0000 2690.1477   15.1870
    0.0000   45.0000  -15.0000 2716.3782   14.9883
    7.5000   45.0000  -15.0000 2686.0459   15.2274
   -7.5000  -45.0000   -7.5000 2488.5005   17.2625
    0.0000  -45.0000   -7.5000 2509.7771   17.1386
    7.5000  -45.0000   -7.5000 2498.7354   17.2780
   -7.5000  -37.5000   -7.5000 2545.4644   16.2167
    0.0000  -37.5000   -7.5000 2569.4307   16.0464
    7.5000  -37.5000   -7.5000 2561.1985   16.2408
   -7.5000  -30.0000   -7.5000 2609.0684   15.1656
    0.0000  -30.0000   -7.5000 2634.1021   14.9855
    7.5000  -30.0000   -7.5000 2622.8228   15.1969
   -7.5000  -22.5000   -7.5000 2669.5874   14.2307
    0.0000  -22.5000   -7.5000 2692.2913   14.0347
    7.5000  -22.5000   -7.5000 2679.8672   14.2625
   -7.5000  -15.0000   -7.5000 2730.2300   13.4746
    0.0000  -15.0000   -7.5000 2757.5503   13.2851
    7.5000  -15.0000   -7.5000 2738.6221   13.4965
   -7.5000   -7.5000   -7.5000 2796.8513   12.9265
    0.0000   -7.5000   -7.5000 2826.8403   12.7488
    7.5000   -7.5000   -7.5000 2805.5410   12.9328
   -7.5000    0.0000   -7.5000 2859.9829   12.6044
    0.0000    0.0000   -7.5000 2894.2402   12.4242
    7.5000    0.0000   -7.5000 2869.6458   12.6010
   -7.5000    7.5000   -7.5000 2916.7510   12.4805
    0.0000    7.5000   -7.5000 2952.5933   12.3261
    7.5000    7.5000   -7.5000 2921.9128   12.4825
   -7.5000   15.0000   -7.5000 2949.3142   12.4427
    0.0000   15.0000   -7.5000 2992.0037   12.2526
    7.5000   15.0000   -7.5000 2949.4268   12.4725
   -7.5000   22.5000   -7.5000 2944.3481   12.6866
    0.0000   22.5000   -7.5000 2981.2732   12.4557
    7.5000   22.5000   -7.5000 2936.3152   12.7211
   -7.5000   30.0000   -7.5000 2895.8997   13.1938
    0.0000   30.0000   -7.5000 2923.6182   12.9810
    7.5000   30.0000   -7.5000 2881.9866   13.2447
   -7.5000   37.5000   -7.5000 2821.4434   13.9286
    0.0000   37.5000   -7.5000 2840.7366   13.7225
    7.5000   37.5000   -7.5000 2802.2046   13.9772
   -7.5000   45.0000   -7.5000 2703.4666   14.8856
    0.0000   45.0000   -7.5000 2728.4094   14.7146
    7.5000   45.0000   -7.5000 2695.4556   14.9222
   -7.5000  -45.0000    0.0000 2477.4805   17.2852
    0.0000  -45.0000    0.0000 2500.4695   17.1254
    7.5000  -45.0000    0.0000 2489.5137   17.3775
   -7.5000  -37.5000    0.0000 2532.6331   16.2284
    0.0000  -37.5000    0.0000 2552.8208   16.0691
    7.5000  -37.5000    0.0000 2542.5654   16.2793
   -7.5000  -30.0000    0.0000 2586.7275   15.1585
    0.0000  -30.0000    0.0000 2610.8511   14.9881
    7.5000  -30.0000    0.0000 2595.4307   15.2141
   -7.5000  -22.5000    0.0000 2644.2859   14.2023
    0.0000  -22.5000    0.0000 2664.1008   14.0258
    7.5000  -22.5000    0.0000 2650.3340   14.2805
   -7.5000  -15.0000    0.0000 2709.5315   13.4405
    0.0000  -15.0000    0.0000 2731.8872   13.2627
    7.5000  -15.0000    0.0000 2712.9951   13.5391
   -7.5000   -7.5000    0.0000 2781.4468   12.8942
    0.0000   -7.5000    0.0000 2810.3550   12.7135
    7.5000   -7.5000    0.0000 2787.6641   12.9452
   -7.5000    0.0000    0.0000 2855.1091   12.5544
    0.0000    0.0000    0.0000 2885.2278   12.3481
    7.5000    0.0000    0.0000 2862.7053   12.5940
   -7.5000    7.5000    0.0000 2916.2966   12.4569
    0.0000    7.5000    0.0000 2949.5642   12.2516
    7.5000    7.5000    0.0000 2923.7710   12.4832
   -7.5000   15.0000    0.0000 2952.3064   12.4601
    0.0000   15.0000    0.0000 2992.1179   12.2841
    7.5000   15.0000    0.0000 2950.1440   12.4960
   -7.5000   22.5000    0.0000 2946.2959   12.6360
    0.0000   22.5000    0.0000 2986.0706   12.4578
    7.5000   22.5000    0.0000 2934.2498   12.6923
   -7.5000   30.0000    0.0000 2893.0027   13.0749
    0.0000   30.0000    0.0000 2921.1924   12.9214
    7.5000   30.0000    0.0000 2879.0896   13.1299
   -7.5000   37.5000    0.0000 2811.8711   13.8383
    0.0000   37.5000    0.0000 2828.4089   13.6813
    7.5000   37.5000    0.0000 2793.7393   13.8728
   -7.5000   45.0000    0.0000 2689.3730   14.8950
    0.0000   45.0000    0.0000 2705.6589   14.7216
    7.5000   45.0000    0.0000 2680.0276   14.9011
   -7.5000  -45.0000    7.5000 2457.5903   17.4373
    0.0000  -45.0000    7.5000 2481.9441   17.3036
    7.5000  -45.0000    7.5000 2464.4080   17.5522
   -7.5000  -37.5000    7.5000 2512.3125   16.3732
    0.0000  -37.5000    7.5000 2536.8696   16.2361
    7.5000  -37.5000    7.5000 2514.5308   16.4683
   -7.5000  -30.0000    7.5000 2561.3645   15.2792
    0.0000  -30.0000    7.5000 2584.4446   15.1274
    7.5000  -30.0000    7.5000 2562.6028   15.4078
   -7.5000  -22.5000    7.5000 2614.6431   14.3651
    0.0000  -22.5000    7.5000 2636.1140   14.1830
    7.5000  -22.5000    7.5000 2614.8733   14.4759
   -7.5000  -15.0000    7.5000 2676.8010   13.6260
    0.0000  -15.0000    7.5000 2696.5566   13.4194
    7.5000  -15.0000    7.5000 2676.8494   13.7151
   -7.5000   -7.5000    7.5000 2746.8245   13.1180
    0.0000   -7.5000    7.5000 2769.0344   12.8981
    7.5000   -7.5000    7.5000 2749.1116   13.1788
   -7.5000    0.0000    7.5000 2818.9500   12.8097
    0.0000    0.0000    7.5000 2846.2444   12.6005
    7.5000    0.0000    7.5000 2821.6096   12.8979
   -7.5000    7.5000    7.5000 2879.7830   12.7367
    0.0000    7.5000    7.5000 2908.6504   12.5476
    7.5000    7.5000    7.5000 2881.5344   12.7807
   -7.5000   15.0000    7.5000 2915.4250   12.7470
    0.0000   15.0000    7.5000 2951.1409   12.5578
    7.5000   15.0000    7.5000 2907.6614   12.7849
   -7.5000   22.5000    7.5000 2909.1052   12.9249
    0.0000   22.5000    7.5000 2939.5974   12.7428
    7.5000   22.5000    7.5000 2896.1516   12.9489
   -7.5000   30.0000    7.5000 2854.0994   13.3638
    0.0000   30.0000    7.5000 2874.0969   13.1979
    7.5000   30.0000    7.5000 2841.2539   13.3944
   -7.5000   37.5000    7.5000 2775.6646   14.0788
    0.0000   37.5000    7.5000 2785.3228   13.9116
    7.5000   37.5000    7.5000 2758.9785   14.1181
   -7.5000   45.0000    7.5000 2660.4585   15.1148
    0.0000   45.0000    7.5000 2669.2939   14.9173
    7.5000   45.0000    7.5000 2646.6858   15.1221
   -7.5000  -45.0000   15.0000 2414.3481   17.8549
    0.0000  -45.0000   15.0000 2437.9951   17.7160
    7.5000  -45.0000   15.0000 2417.6875   17.9867
   -7.5000  -37.5000   15.0000 2475.8760   16.7434
    0.0000  -37.5000   15.0000 2501.6924   16.6019
    7.5000  -37.5000   15.0000 2476.0876   16.8841
   -7.5000  -30.0000   15.0000 2523.1169   15.6527
    0.0000  -30.0000   15.0000 2543.6396   15.4868
    7.5000  -30.0000   15.0000 2519.3071   15.8150
   -7.5000  -22.5000   15.0000 2574.2903   14.7912
    0.0000  -22.5000   15.0000 2591.3875   14.5812
    7.5000  -22.5000   15.0000 2567.2527   14.9441
   -7.5000  -15.0000   15.0000 2633.5923   14.1177
    0.0000  -15.0000   15.0000 2648.4692   13.8900
    7.5000  -15.0000   15.0000 2628.4346   14.2382
   -7.5000   -7.5000   15.0000 2694.4741   13.6306
    0.0000   -7.5000   15.0000 2712.4746   13.4137
    7.5000   -7.5000   15.0000 2692.2507   13.7436
   -7.5000    0.0000   15.0000 2755.3884   13.3632
    0.0000    0.0000   15.0000 2779.2769   13.1512
    7.5000    0.0000   15.0000 2759.9143   13.4608
   -7.5000    7.5000   15.0000 2815.6790   13.2693
    0.0000    7.5000   15.0000 2840.6821   13.0481
    7.5000    7.5000   15.0000 2814.0479   13.3083
   -7.5000   15.0000   15.0000 2845.9006   13.2688
    0.0000   15.0000   15.0000 2875.4309   13.0456
    7.5000   15.0000   15.0000 2840.0422   13.3008
   -7.5000   22.5000   15.0000 2841.0815   13.4320
    0.0000   22.5000   15.0000 2864.9346   13.2231
    7.5000   22.5000   15.0000 2832.6948   13.4471
   -7.5000   30.0000   15.0000 2784.5684   13.8900
    0.0000   30.0000   15.0000 2806.9180   13.6752
    7.5000   30.0000   15.0000 2779.8281   13.8903
   -7.5000   37.5000   15.0000 2707.8691   14.6160
    0.0000   37.5000   15.0000 2723.0596   14.3899
    7.5000   37.5000   15.0000 2698.9314   14.6280
   -7.5000   45.0000   15.0000 2607.3540   15.6172
    0.0000   45.0000   15.0000 2614.5298   15.4136
    7.5000   45.0000   15.0000 2595.2190   15.6460
   -7.5000  -45.0000   22.5000 2347.8391   18.5928
    0.0000  -45.0000   22.5000 2370.8457   18.4440
    7.5000  -45.0000   22.5000 2358.2864   18.7797
   -7.5000  -37.5000   22.5000 2411.0884   17.4544
    0.0000  -37.5000   22.5000 2438.6965   17.3597
    7.5000  -37.5000   22.5000 2417.2195   17.7029
   -7.5000  -30.0000   22.5000 2467.6301   16.4350
    0.0000  -30.0000   22.5000 2488.3289   16.2989
    7.5000  -30.0000   22.5000 2463.9014   16.6959
   -7.5000  -22.5000   22.5000 2524.2749   15.6005
    0.0000  -22.5000   22.5000 2540.7144   15.4252
    7.5000  -22.5000   22.5000 2515.8225   15.8151
   -7.5000  -15.0000   22.5000 2580.9697   14.9163
    0.0000  -15.0000   22.5000 2598.7185   14.7349
    7.5000  -15.0000   22.5000 2574.2759   15.0807
   -7.5000   -7.5000   22.5000 2634.7778   14.4021
    0.0000   -7.5000   22.5000 2654.0803   14.1917
    7.5000   -7.5000   22.5000 2630.6707   14.5432
   -7.5000    0.0000   22.5000 2688.3418   14.1133
    0.0000    0.0000   22.5000 2707.9993   13.9090
    7.5000    0.0000   22.5000 2686.4194   14.2108
   -7.5000    7.5000   22.5000 2737.2954   14.0006
    0.0000    7.5000   22.5000 2760.7075   13.7865
    7.5000    7.5000   22.5000 2733.0378   14.0511
   -7.5000   15.0000   22.5000 2760.2080   14.0228
    0.0000   15.0000   22.5000 2781.8867   13.8251
    7.5000   15.0000   22.5000 2749.4697   14.0529
   -7.5000   22.5000   22.5000 2747.8115   14.2195
    0.0000   22.5000   22.5000 2766.8113   14.0244
    7.5000   22.5000   22.5000 2737.6462   14.2529
   -7.5000   30.0000   22.5000 2699.6445   14.6972
    0.0000   30.0000   22.5000 2716.6514   14.4879
    7.5000   30.0000   22.5000 2693.0769   14.7044
   -7.5000   37.5000   22.5000 2631.4248   15.3924
    0.0000   37.5000   22.5000 2644.7446   15.1847
    7.5000   37.5000   22.5000 2624.1455   15.3930
   -7.5000   45.0000   22.5000 2540.6272   16.3307
    0.0000   45.0000   22.5000 2548.6470   16.1444
    7.5000   45.0000   22.5000 2534.0159   16.3882
   -7.5000  -45.0000   30.0000 2262.5757   19.8002
    0.0000  -45.0000   30.0000 2281.1150   19.7625
    7.5000  -45.0000   30.0000 2275.0212   20.1421
   -7.5000  -37.5000   30.0000 2334.7380   18.7120
    0.0000  -37.5000   30.0000 2353.9089   18.6931
    7.5000  -37.5000   30.0000 2335.6016   19.0420
   -7.5000  -30.0000   30.0000 2400.3042   17.6392
    0.0000  -30.0000   30.0000 2418.1458   17.5688
    7.5000  -30.0000   30.0000 2394.2446   17.9337
   -7.5000  -22.5000   30.0000 2460.3540   16.6821
    0.0000  -22.5000   30.0000 2477.7212   16.5241
    7.5000  -22.5000   30.0000 2454.1033   16.9219
   -7.5000  -15.0000   30.0000 2514.9041   15.9136
    0.0000  -15.0000   30.0000 2534.7007   15.7383
    7.5000  -15.0000   30.0000 2512.7683   16.1021
   -7.5000   -7.5000   30.0000 2568.6021   15.4051
    0.0000   -7.5000   30.0000 2588.2659   15.1935
    7.5000   -7.5000   30.0000 2563.2429   15.5342
   -7.5000    0.0000   30.0000 2614.6792   15.1178
    0.0000    0.0000   30.0000 2631.7844   14.9030
    7.5000    0.0000   30.0000 2609.5608   15.1975
   -7.5000    7.5000   30.0000 2654.2952   15.0041
    0.0000    7.5000   30.0000 2671.5447   14.8064
    7.5000    7.5000   30.0000 2643.2417   15.0351
   -7.5000   15.0000   30.0000 2664.4292   15.0112
    0.0000   15.0000   30.0000 2680.0256   14.8385
    7.5000   15.0000   30.0000 2653.3608   15.0549
   -7.5000   22.5000   30.0000 2644.8667   15.2424
    0.0000   22.5000   30.0000 2661.7217   15.0682
    7.5000   22.5000   30.0000 2637.1121   15.2952
   -7.5000   30.0000   30.0000 2602.3081   15.7178
    0.0000   30.0000   30.0000 2617.1177   15.5328
    7.5000   30.0000   30.0000 2598.3079   15.7484
   -7.5000   37.5000   30.0000 2542.5002   16.4033
    0.0000   37.5000   30.0000 2552.9270   16.2168
    7.5000   37.5000   30.0000 2538.4204   16.4299
   -7.5000   45.0000   30.0000 2468.3789   17.3089
    0.0000   45.0000   30.0000 2475.2388   17.1345
    7.5000   45.0000   30.0000 2459.3938   17.3828
   -7.5000  -45.0000   37.5000 2172.3181   21.6752
    0.0000  -45.0000   37.5000 2185.4617   21.7071
    7.5000  -45.0000   37.5000 2174.0879   22.0727
   -7.5000  -37.5000   37.5000 2245.3403   20.3871
    0.0000  -37.5000   37.5000 2259.4631   20.3683
    7.5000  -37.5000   37.5000 2245.3682   20.7500
   -7.5000  -30.0000   37.5000 2316.0137   19.1248
    0.0000  -30.0000   37.5000 2333.6929   19.0696
    7.5000  -30.0000   37.5000 2315.6802   19.4624
   -7.5000  -22.5000   37.5000 2383.5352   18.0557
    0.0000  -22.5000   37.5000 2402.6011   17.9211
    7.5000  -22.5000   37.5000 2384.6697   18.2990
   -7.5000  -15.0000   37.5000 2440.2217   17.2215
    0.0000  -15.0000   37.5000 2457.8235   17.0668
    7.5000  -15.0000   37.5000 2441.3511   17.4385
   -7.5000   -7.5000   37.5000 2497.3679   16.6713
    0.0000   -7.5000   37.5000 2513.4504   16.5062
    7.5000   -7.5000   37.5000 2491.0225   16.8072
   -7.5000    0.0000   37.5000 2536.4976   16.3889
    0.0000    0.0000   37.5000 2551.1619   16.1946
    7.5000    0.0000   37.5000 2527.0835   16.4260
   -7.5000    7.5000   37.5000 2565.5476   16.2531
    0.0000    7.5000   37.5000 2580.5774   16.0768
    7.5000    7.5000   37.5000 2550.8564   16.2505
   -7.5000   15.0000   37.5000 2565.8767   16.2385
    0.0000   15.0000   37.5000 2578.9050   16.0731
    7.5000   15.0000   37.5000 2550.4409   16.2495
   -7.5000   22.5000   37.5000 2545.1033   16.4754
    0.0000   22.5000   37.5000 2561.7773   16.3144
    7.5000   22.5000   37.5000 2538.0208   16.5171
   -7.5000   30.0000   37.5000 2507.1794   16.9108
    0.0000   30.0000   37.5000 2520.7981   16.7694
    7.5000   30.0000   37.5000 2500.4573   16.9584
   -7.5000   37.5000   37.5000 2457.7874   17.6185
    0.0000   37.5000   37.5000 2465.5579   17.4559
    7.5000   37.5000   37.5000 2448.6072   17.6688
   -7.5000   45.0000   37.5000 2386.5913   18.5149
    0.0000   45.0000   37.5000 2394.4055   18.3598
    7.5000   45.0000   37.5000 2379.0149   18.5809
   -7.5000  -45.0000   45.0000 2071.0884   24.0757
    0.0000  -45.0000   45.0000 2083.2173   24.0198
    7.5000  -45.0000   45.0000 2064.4949   24.4712
   -7.5000  -37.5000   45.0000 2144.3518   22.3961
    0.0000  -37.5000   45.0000 2160.5579   22.3639
    7.5000  -37.5000   45.0000 2139.8250   22.8112
   -7.5000  -30.0000   45.0000 2220.3694   20.9468
    0.0000  -30.0000   45.0000 2241.2556   20.9045
    7.5000  -30.0000   45.0000 2219.5317   21.3468
   -7.5000  -22.5000   45.0000 2290.6079   19.7466
    0.0000  -22.5000   45.0000 2310.8923   19.6613
    7.5000  -22.5000   45.0000 2291.5945   20.0635
   -7.5000  -15.0000   45.0000 2353.4973   18.8868
    0.0000  -15.0000   45.0000 2367.8081   18.7566
    7.5000  -15.0000   45.0000 2351.5847   19.1256
   -7.5000   -7.5000   45.0000 2410.2292   18.3091
    0.0000   -7.5000   45.0000 2421.5767   18.1504
    7.5000   -7.5000   45.0000 2403.7922   18.4245
   -7.5000    0.0000   45.0000 2446.9150   17.9662
    0.0000    0.0000   45.0000 2459.3508   17.8180
    7.5000    0.0000   45.0000 2437.5757   18.0004
   -7.5000    7.5000   45.0000 2466.9053   17.7930
    0.0000    7.5000   45.0000 2483.3357   17.6600
    7.5000    7.5000   45.0000 2456.1785   17.7924
   -7.5000   15.0000   45.0000 2465.2168   17.7264
    0.0000   15.0000   45.0000 2479.4304   17.6099
    7.5000   15.0000   45.0000 2453.0330   17.7526
   -7.5000   22.5000   45.0000 2443.6477   17.9137
    0.0000   22.5000   45.0000 2460.5085   17.7988
    7.5000   22.5000   45.0000 2437.4243   17.9699
   -7.5000   30.0000   45.0000 2410.1033   18.3279
    0.0000   30.0000   45.0000 2425.8069   18.2431
    7.5000   30.0000   45.0000 2405.6379   18.4112
   -7.5000   37.5000   45.0000 2366.7180   19.0400
    0.0000   37.5000   45.0000 2378.5496   18.9692
    7.5000   37.5000   45.0000 2361.0190   19.1331
   -7.5000   45.0000   45.0000 2299.3582   19.9691
    0.0000   45.0000   45.0000 2311.7578   19.8759
    7.5000   45.0000   45.0000 2294.7288   20.0112

---------------------------------------------------------------------
imgreg_4dfp /opt/freesurfer/average/711-2C_as_mni_average_305 /opt/freesurfer/average/711-2B_as_mni_average_305_mask talsrcimg_g11 none talsrcimg_to_711-2C_as_mni_average_305_t4 1283
---------------------------------------------------------------------

freesurfer imgreg_4dfp.c
/opt/freesurfer/average/711-2C_as_mni_average_305.4dfp.img
       256       256       256         1
  1.000000  1.000000  1.000000
orientation T byte_order littleendian
Reading image: /opt/freesurfer/average/711-2C_as_mni_average_305.4dfp.img
dimensions:      256       256       256
mmppix:       1.0000   -1.0000   -1.0000
center:     128.0000 -129.0000 -129.0000
/opt/freesurfer/average/711-2B_as_mni_average_305_mask.4dfp.img
       256       256       256         1
  1.000000  1.000000  1.000000
orientation T byte_order littleendian
Reading mask: /opt/freesurfer/average/711-2B_as_mni_average_305_mask.4dfp.img (2306576 pixels)
talsrcimg_g11.4dfp.img
       256       256       256         1
  1.000000  1.000000  1.000000
orientation T byte_order littleendian
Reading image: talsrcimg_g11.4dfp.img
dimensions:      256       256       256
mmppix:       1.0000   -1.0000   -1.0000
center:     128.0000 -129.0000 -129.0000
rotation matrix determinant  1.000000
fimgreg.f
image alignment mode   1283 decimal      503 hex
parameters
    0.0000   15.0000    0.0000    0.0000    0.0000    0.0000
eta,q 0.93778 12.28789
niter,ni,del,rscale     5    3   12.0000    1.2000
parameter  2 -0.856818 -> -0.500000 qaram    1.1500
parameter  4 10.157333 ->  0.500000 qaram    1.1500
parameters
   -0.3517   18.4500   -2.5371   -3.4500    1.1951    0.9988
eta,q 0.94768 12.07159
  0.0738  0.0720  0.0595  0.0498  0.0606  0.0581
  0.0672  0.0671  0.0590  0.0522  0.0571  0.0559
  0.0631  0.0638  0.0591  0.0554  0.0545  0.0540
  0.0618  0.0616  0.0594  0.0588  0.0530  0.0527
  0.0650  0.0608  0.0603  0.0626  0.0527  0.0524
  0.0702  0.0590  0.0630  0.0659  0.0541  0.0536
  0.0757  0.0589  0.0674  0.0690  0.0564  0.0558
niter,ni,del,rscale     6    3   12.0000    1.2000
parameter  4  1.671335 ->  0.500000 qaram    1.3225
parameters
   -0.4367   18.6100   -2.6014   -7.4175    1.8861    1.3559
eta,q 0.95192 12.10323
  0.0653  0.0633  0.0568  0.0461  0.0559  0.0514
  0.0597  0.0575  0.0548  0.0478  0.0523  0.0500
  0.0549  0.0536  0.0534  0.0496  0.0495  0.0489
  0.0523  0.0523  0.0524  0.0524  0.0482  0.0482
  0.0544  0.0536  0.0526  0.0564  0.0485  0.0481
  0.0599  0.0567  0.0544  0.0608  0.0504  0.0492
  0.0665  0.0623  0.0576  0.0648  0.0530  0.0511
niter,ni,del,rscale     6    3   12.0000    1.2000
parameter  4  1.428778 ->  0.500000 qaram    1.5209
parameters
   -0.5523   19.4194   -3.0054  -11.9801    2.2757    1.3244
eta,q 0.95643 11.98575
  0.0607  0.0593  0.0535  0.0428  0.0515  0.0463
  0.0557  0.0532  0.0507  0.0431  0.0477  0.0450
  0.0509  0.0497  0.0488  0.0452  0.0451  0.0440
  0.0481  0.0481  0.0479  0.0480  0.0437  0.0436
  0.0500  0.0480  0.0487  0.0512  0.0440  0.0436
  0.0555  0.0501  0.0517  0.0546  0.0467  0.0448
  0.0626  0.0551  0.0557  0.0589  0.0498  0.0467
niter,ni,del,rscale     6    3   12.0000    1.2000
parameters
   -0.8511   20.8721   -3.8312  -16.4175    2.6918    0.8075
eta,q 0.95880 11.99498
  0.0564  0.0570  0.0484  0.0433  0.0485  0.0440
  0.0511  0.0513  0.0459  0.0417  0.0449  0.0427
  0.0460  0.0471  0.0436  0.0410  0.0423  0.0417
  0.0436  0.0437  0.0423  0.0426  0.0411  0.0412
  0.0462  0.0420  0.0439  0.0459  0.0419  0.0417
  0.0524  0.0442  0.0484  0.0512  0.0438  0.0434
  0.0598  0.0502  0.0540  0.0550  0.0467  0.0455
niter,ni,del,rscale     5    3   12.0000    1.2000
parameters
   -1.2256   22.6755   -4.8678  -19.2781    3.2708    0.0917
eta,q 0.96075 12.04248
  0.0535  0.0550  0.0450  0.0422  0.0462  0.0422
  0.0473  0.0493  0.0419  0.0400  0.0423  0.0405
  0.0430  0.0449  0.0402  0.0392  0.0400  0.0395
  0.0412  0.0412  0.0397  0.0398  0.0392  0.0393
  0.0437  0.0397  0.0415  0.0420  0.0400  0.0401
  0.0497  0.0420  0.0455  0.0452  0.0415  0.0417
  0.0570  0.0463  0.0508  0.0507  0.0434  0.0438
niter,ni,del,rscale     4    3   12.0000    1.2000
parameters
   -1.6958   23.5875   -5.5897  -20.4373    4.0434    0.1803
eta,q 0.96138 12.05214
  0.0513  0.0522  0.0446  0.0442  0.0449  0.0428
  0.0444  0.0475  0.0414  0.0411  0.0412  0.0406
  0.0404  0.0430  0.0391  0.0391  0.0391  0.0393
  0.0393  0.0393  0.0385  0.0384  0.0385  0.0386
  0.0417  0.0387  0.0401  0.0403  0.0391  0.0389
  0.0477  0.0424  0.0435  0.0438  0.0402  0.0404
  0.0554  0.0482  0.0489  0.0477  0.0418  0.0427
niter,ni,del,rscale     3    3   12.0000    1.2000
parameters
   -1.9461   23.8530   -5.8983  -21.0690    4.4173    0.3253
eta,q 0.96133 12.04954
  0.0517  0.0508  0.0451  0.0444  0.0437  0.0429
  0.0439  0.0460  0.0415  0.0419  0.0407  0.0407
  0.0397  0.0412  0.0393  0.0394  0.0391  0.0394
  0.0386  0.0386  0.0386  0.0386  0.0387  0.0387
  0.0408  0.0400  0.0394  0.0395  0.0392  0.0389
  0.0461  0.0443  0.0421  0.0428  0.0403  0.0403
  0.0534  0.0497  0.0471  0.0467  0.0423  0.0427
niter,ni,del,rscale     2    3   12.0000    1.2000
parameters
   -2.0385   23.9732   -5.9917  -21.3539    4.4816    0.3888
eta,q 0.96130 12.04638
  0.0527  0.0505  0.0456  0.0445  0.0433  0.0428
  0.0445  0.0455  0.0417  0.0424  0.0405  0.0407
  0.0399  0.0408  0.0394  0.0397  0.0391  0.0394
  0.0387  0.0386  0.0386  0.0387  0.0387  0.0387
  0.0409  0.0407  0.0392  0.0392  0.0393  0.0389
  0.0458  0.0449  0.0416  0.0421  0.0406  0.0404
  0.0528  0.0497  0.0464  0.0461  0.0429  0.0429
niter,ni,del,rscale     1    3   12.0000    1.2000
parameters
   -2.0428   24.0352   -6.0161  -21.4816    4.4705    0.4280
eta,q 0.96129 12.04537
  0.0534  0.0503  0.0458  0.0445  0.0432  0.0428
  0.0449  0.0453  0.0418  0.0426  0.0406  0.0407
  0.0400  0.0406  0.0395  0.0399  0.0391  0.0394
  0.0387  0.0387  0.0387  0.0387  0.0387  0.0387
  0.0409  0.0410  0.0392  0.0391  0.0394  0.0389
  0.0458  0.0451  0.0415  0.0418  0.0407  0.0405
  0.0525  0.0497  0.0463  0.0458  0.0431  0.0429
registration optimization eta report
parameter search radius
    6.0000    6.9000    6.0000    9.1253    6.0000    6.0000
100000*second partial in parameter space
       39.       23.       21.        8.       12.       12.
  0.0534  0.0503  0.0458  0.0445  0.0432  0.0428
  0.0449  0.0453  0.0418  0.0426  0.0406  0.0407
  0.0400  0.0406  0.0395  0.0399  0.0391  0.0394
  0.0387  0.0387  0.0387  0.0387  0.0387  0.0387
  0.0409  0.0410  0.0392  0.0391  0.0394  0.0389
  0.0458  0.0451  0.0415  0.0418  0.0407  0.0405
  0.0525  0.0497  0.0463  0.0458  0.0431  0.0429
   -2.0428   24.0352   -6.0161  -21.4816    4.4705    0.4280
eta,q 0.96129 12.04537

---------------------------------------------------------------------
imgreg_4dfp /opt/freesurfer/average/711-2C_as_mni_average_305 /opt/freesurfer/average/711-2B_as_mni_average_305_mask talsrcimg_g11 none talsrcimg_to_711-2C_as_mni_average_305_t4 3335
---------------------------------------------------------------------

freesurfer imgreg_4dfp.c
/opt/freesurfer/average/711-2C_as_mni_average_305.4dfp.img
       256       256       256         1
  1.000000  1.000000  1.000000
orientation T byte_order littleendian
Reading image: /opt/freesurfer/average/711-2C_as_mni_average_305.4dfp.img
dimensions:      256       256       256
mmppix:       1.0000   -1.0000   -1.0000
center:     128.0000 -129.0000 -129.0000
/opt/freesurfer/average/711-2B_as_mni_average_305_mask.4dfp.img
       256       256       256         1
  1.000000  1.000000  1.000000
orientation T byte_order littleendian
Reading mask: /opt/freesurfer/average/711-2B_as_mni_average_305_mask.4dfp.img (2306576 pixels)
talsrcimg_g11.4dfp.img
       256       256       256         1
  1.000000  1.000000  1.000000
orientation T byte_order littleendian
Reading image: talsrcimg_g11.4dfp.img
dimensions:      256       256       256
mmppix:       1.0000   -1.0000   -1.0000
center:     128.0000 -129.0000 -129.0000
fimgreg.f
image alignment mode   3335 decimal      D07 hex
parameters
   -2.0428   24.0352   -6.0161   -0.3070   -6.9278   -7.2296
    2.1592   -7.5264    0.7448   36.5651    7.7945  -36.5089
eta,q 0.96445 12.05400
niter,ni,del,rscale     5    3    5.0000    1.2000
parameter  5  2.075839 ->  0.500000 qaram    1.1500
parameter  6  1.155350 ->  0.500000 qaram    1.1500
parameter 10  1.298812 ->  0.500000 qaram    1.1500
parameters
   -2.0719   24.0991   -6.2840   -3.7722  -11.0678  -11.3696
    4.1646   -6.7662    1.5299   32.4251    6.0919  -34.5853
eta,q 0.97418 11.56097
  0.0384  0.0371  0.0369  0.0356  0.0313  0.0277  0.0317  0.0335  0.0304  0.0255  0.0267  0.0279
  0.0368  0.0362  0.0360  0.0350  0.0321  0.0286  0.0304  0.0313  0.0295  0.0257  0.0262  0.0269
  0.0359  0.0357  0.0356  0.0349  0.0334  0.0301  0.0295  0.0296  0.0289  0.0269  0.0259  0.0263
  0.0355  0.0355  0.0355  0.0355  0.0349  0.0324  0.0289  0.0287  0.0287  0.0287  0.0260  0.0259
  0.0359  0.0357  0.0359  0.0369  0.0363  0.0356  0.0288  0.0289  0.0287  0.0309  0.0263  0.0258
  0.0369  0.0361  0.0366  0.0392  0.0381  0.0397  0.0291  0.0301  0.0291  0.0333  0.0270  0.0260
  0.0386  0.0369  0.0376  0.0420  0.0404  0.0443  0.0297  0.0320  0.0298  0.0360  0.0279  0.0265
niter,ni,del,rscale     7    3    5.0000    1.2000
parameter  5  0.624992 ->  0.500000 qaram    1.3225
parameters
   -2.2639   24.3867   -6.6226   -2.9577  -15.8288  -14.3435
    4.1053   -6.5085    2.0960   30.6079    5.7654  -33.7437
eta,q 0.97586 11.24373
  0.0286  0.0286  0.0271  0.0289  0.0252  0.0258  0.0262  0.0285  0.0264  0.0259  0.0250  0.0253
  0.0270  0.0273  0.0262  0.0277  0.0245  0.0248  0.0251  0.0265  0.0253  0.0250  0.0246  0.0248
  0.0260  0.0263  0.0258  0.0265  0.0246  0.0241  0.0244  0.0249  0.0245  0.0243  0.0243  0.0244
  0.0258  0.0258  0.0258  0.0257  0.0256  0.0244  0.0242  0.0242  0.0242  0.0241  0.0242  0.0242
  0.0264  0.0258  0.0261  0.0256  0.0272  0.0262  0.0244  0.0246  0.0243  0.0249  0.0243  0.0241
  0.0277  0.0264  0.0270  0.0265  0.0289  0.0295  0.0252  0.0259  0.0248  0.0267  0.0247  0.0244
  0.0295  0.0276  0.0282  0.0281  0.0308  0.0339  0.0263  0.0281  0.0258  0.0292  0.0252  0.0250
niter,ni,del,rscale     7    3    5.0000    1.2000
parameters
   -2.2044   24.3728   -7.5736   -1.4858  -15.5061  -16.1324
    3.6333   -6.2817    2.2725   30.2899    5.6992  -33.9586
eta,q 0.97623 11.21343
  0.0274  0.0265  0.0244  0.0274  0.0273  0.0255  0.0256  0.0278  0.0257  0.0261  0.0247  0.0247
  0.0257  0.0252  0.0240  0.0261  0.0257  0.0245  0.0246  0.0259  0.0247  0.0249  0.0242  0.0242
  0.0246  0.0244  0.0239  0.0249  0.0244  0.0239  0.0239  0.0245  0.0240  0.0241  0.0239  0.0239
  0.0241  0.0241  0.0241  0.0239  0.0237  0.0236  0.0238  0.0238  0.0237  0.0237  0.0238  0.0238
  0.0244  0.0244  0.0247  0.0237  0.0239  0.0242  0.0241  0.0241  0.0239  0.0239  0.0239  0.0239
  0.0255  0.0253  0.0255  0.0243  0.0252  0.0262  0.0249  0.0254  0.0245  0.0249  0.0242  0.0242
  0.0271  0.0266  0.0267  0.0257  0.0271  0.0298  0.0261  0.0275  0.0256  0.0268  0.0248  0.0249
niter,ni,del,rscale     6    3    5.0000    1.2000
parameters
   -2.1305   24.3944   -8.0408   -1.3133  -15.5232  -16.9419
    3.5171   -6.1628    2.2927   30.5278    5.7252  -34.0575
eta,q 0.97625 11.18017
  0.0270  0.0261  0.0246  0.0266  0.0270  0.0260  0.0258  0.0276  0.0256  0.0263  0.0247  0.0247
  0.0253  0.0248  0.0240  0.0254  0.0255  0.0248  0.0247  0.0258  0.0247  0.0250  0.0242  0.0242
  0.0242  0.0240  0.0237  0.0244  0.0243  0.0241  0.0240  0.0244  0.0240  0.0242  0.0239  0.0239
  0.0238  0.0238  0.0238  0.0237  0.0237  0.0237  0.0238  0.0238  0.0238  0.0238  0.0237  0.0237
  0.0241  0.0240  0.0241  0.0239  0.0241  0.0238  0.0240  0.0241  0.0240  0.0238  0.0238  0.0238
  0.0251  0.0248  0.0247  0.0249  0.0254  0.0250  0.0248  0.0254  0.0246  0.0246  0.0241  0.0242
  0.0266  0.0260  0.0256  0.0267  0.0272  0.0280  0.0259  0.0275  0.0257  0.0262  0.0247  0.0248
niter,ni,del,rscale     5    3    5.0000    1.2000
parameters
   -2.0849   24.4698   -8.2511   -1.2679  -15.6877  -17.2934
    3.4917   -6.0956    2.2749   30.7710    5.7585  -34.1050
eta,q 0.97624 11.16179
  0.0269  0.0261  0.0248  0.0265  0.0269  0.0262  0.0258  0.0275  0.0256  0.0262  0.0247  0.0247
  0.0252  0.0249  0.0242  0.0254  0.0254  0.0250  0.0247  0.0257  0.0247  0.0250  0.0242  0.0242
  0.0241  0.0241  0.0238  0.0243  0.0243  0.0242  0.0240  0.0244  0.0240  0.0242  0.0239  0.0239
  0.0237  0.0237  0.0237  0.0237  0.0237  0.0237  0.0238  0.0238  0.0238  0.0238  0.0238  0.0238
  0.0241  0.0240  0.0240  0.0239  0.0241  0.0238  0.0240  0.0241  0.0240  0.0239  0.0238  0.0238
  0.0251  0.0247  0.0245  0.0249  0.0255  0.0247  0.0247  0.0255  0.0246  0.0246  0.0242  0.0242
  0.0266  0.0258  0.0253  0.0268  0.0272  0.0273  0.0258  0.0275  0.0257  0.0261  0.0247  0.0248
niter,ni,del,rscale     4    3    5.0000    1.2000
parameters
   -2.0606   24.5425   -8.3639   -1.2594  -15.8525  -17.4984
    3.4945   -6.0546    2.2509   30.9731    5.8167  -34.1137
eta,q 0.97624 11.14890
  0.0268  0.0261  0.0250  0.0264  0.0268  0.0263  0.0258  0.0274  0.0256  0.0262  0.0247  0.0247
  0.0251  0.0249  0.0243  0.0254  0.0254  0.0251  0.0247  0.0257  0.0247  0.0250  0.0242  0.0242
  0.0241  0.0241  0.0239  0.0243  0.0243  0.0242  0.0240  0.0244  0.0240  0.0242  0.0239  0.0239
  0.0238  0.0238  0.0238  0.0237  0.0237  0.0238  0.0238  0.0238  0.0238  0.0238  0.0238  0.0238
  0.0241  0.0240  0.0239  0.0240  0.0241  0.0238  0.0240  0.0241  0.0240  0.0239  0.0238  0.0238
  0.0251  0.0247  0.0244  0.0250  0.0255  0.0247  0.0247  0.0255  0.0246  0.0246  0.0242  0.0242
  0.0266  0.0258  0.0252  0.0268  0.0272  0.0271  0.0258  0.0275  0.0257  0.0261  0.0247  0.0248
niter,ni,del,rscale     3    3    5.0000    1.2000
parameters
   -2.0443   24.6036   -8.4402   -1.2584  -15.9859  -17.6582
    3.4917   -6.0254    2.2163   31.1385    5.8714  -34.0987
eta,q 0.97623 11.13830
  0.0268  0.0261  0.0250  0.0264  0.0268  0.0263  0.0258  0.0274  0.0256  0.0261  0.0247  0.0247
  0.0251  0.0248  0.0243  0.0254  0.0254  0.0251  0.0247  0.0257  0.0247  0.0249  0.0242  0.0242
  0.0241  0.0241  0.0239  0.0243  0.0243  0.0242  0.0240  0.0244  0.0240  0.0242  0.0239  0.0239
  0.0238  0.0238  0.0238  0.0238  0.0238  0.0238  0.0238  0.0238  0.0238  0.0238  0.0238  0.0238
  0.0241  0.0240  0.0239  0.0240  0.0241  0.0238  0.0240  0.0242  0.0240  0.0239  0.0238  0.0238
  0.0251  0.0247  0.0244  0.0250  0.0254  0.0247  0.0247  0.0255  0.0246  0.0246  0.0242  0.0242
  0.0267  0.0258  0.0252  0.0268  0.0272  0.0271  0.0258  0.0275  0.0257  0.0261  0.0247  0.0248
niter,ni,del,rscale     2    3    5.0000    1.2000
parameters
   -2.0323   24.6570   -8.5050   -1.2606  -16.0954  -17.8016
    3.4920   -5.9981    2.1758   31.2844    5.9266  -34.0962
eta,q 0.97622 11.12934
  0.0267  0.0261  0.0250  0.0264  0.0268  0.0263  0.0258  0.0274  0.0256  0.0261  0.0247  0.0247
  0.0251  0.0248  0.0243  0.0254  0.0255  0.0251  0.0247  0.0257  0.0247  0.0249  0.0242  0.0242
  0.0241  0.0241  0.0239  0.0243  0.0243  0.0242  0.0240  0.0244  0.0240  0.0241  0.0239  0.0239
  0.0238  0.0238  0.0238  0.0238  0.0238  0.0238  0.0238  0.0238  0.0238  0.0238  0.0238  0.0238
  0.0241  0.0240  0.0239  0.0240  0.0241  0.0238  0.0240  0.0242  0.0240  0.0239  0.0239  0.0239
  0.0251  0.0247  0.0244  0.0250  0.0254  0.0247  0.0247  0.0255  0.0246  0.0246  0.0242  0.0242
  0.0267  0.0259  0.0252  0.0268  0.0272  0.0270  0.0258  0.0275  0.0257  0.0261  0.0247  0.0248
niter,ni,del,rscale     1    3    5.0000    1.2000
parameters
   -2.0224   24.7027   -8.5594   -1.2651  -16.2003  -17.9192
    3.4982   -5.9750    2.1454   31.4091    5.9632  -34.0861
eta,q 0.97621 11.12111
  0.0267  0.0260  0.0250  0.0264  0.0268  0.0263  0.0258  0.0274  0.0256  0.0260  0.0247  0.0247
  0.0251  0.0248  0.0243  0.0254  0.0255  0.0251  0.0247  0.0257  0.0247  0.0249  0.0243  0.0243
  0.0241  0.0241  0.0239  0.0243  0.0244  0.0243  0.0241  0.0244  0.0240  0.0241  0.0239  0.0239
  0.0238  0.0238  0.0238  0.0238  0.0238  0.0238  0.0238  0.0238  0.0238  0.0238  0.0238  0.0238
  0.0241  0.0240  0.0240  0.0240  0.0241  0.0238  0.0240  0.0242  0.0240  0.0239  0.0239  0.0239
  0.0251  0.0247  0.0244  0.0250  0.0254  0.0247  0.0247  0.0255  0.0247  0.0246  0.0242  0.0242
  0.0267  0.0259  0.0252  0.0268  0.0272  0.0270  0.0258  0.0275  0.0257  0.0261  0.0247  0.0248
registration optimization eta report
parameter search radius
    2.4000    2.4000    2.4000    7.2000    9.5220    8.2800
    7.2000    7.2000    7.2000    8.2800    7.2000    7.2000
100000*second partial in parameter space
       50.       38.       23.        5.        3.        4.
        4.        7.        4.        3.        2.        2.
  0.0267  0.0260  0.0250  0.0264  0.0268  0.0263  0.0258  0.0274  0.0256  0.0260  0.0247  0.0247
  0.0251  0.0248  0.0243  0.0254  0.0255  0.0251  0.0247  0.0257  0.0247  0.0249  0.0243  0.0243
  0.0241  0.0241  0.0239  0.0243  0.0244  0.0243  0.0241  0.0244  0.0240  0.0241  0.0239  0.0239
  0.0238  0.0238  0.0238  0.0238  0.0238  0.0238  0.0238  0.0238  0.0238  0.0238  0.0238  0.0238
  0.0241  0.0240  0.0240  0.0240  0.0241  0.0238  0.0240  0.0242  0.0240  0.0239  0.0239  0.0239
  0.0251  0.0247  0.0244  0.0250  0.0254  0.0247  0.0247  0.0255  0.0247  0.0246  0.0242  0.0242
  0.0267  0.0259  0.0252  0.0268  0.0272  0.0270  0.0258  0.0275  0.0257  0.0261  0.0247  0.0248
   -2.0224   24.7027   -8.5594   -1.2651  -16.2003  -17.9192
    3.4982   -5.9750    2.1454   31.4091    5.9632  -34.0861
eta,q 0.97621 11.12111

---------------------------------------------------------------------
imgreg_4dfp /opt/freesurfer/average/711-2C_as_mni_average_305 /opt/freesurfer/average/711-2B_as_mni_average_305_mask talsrcimg_g11 none talsrcimg_to_711-2C_as_mni_average_305_t4 2311
---------------------------------------------------------------------

freesurfer imgreg_4dfp.c
/opt/freesurfer/average/711-2C_as_mni_average_305.4dfp.img
       256       256       256         1
  1.000000  1.000000  1.000000
orientation T byte_order littleendian
Reading image: /opt/freesurfer/average/711-2C_as_mni_average_305.4dfp.img
dimensions:      256       256       256
mmppix:       1.0000   -1.0000   -1.0000
center:     128.0000 -129.0000 -129.0000
/opt/freesurfer/average/711-2B_as_mni_average_305_mask.4dfp.img
       256       256       256         1
  1.000000  1.000000  1.000000
orientation T byte_order littleendian
Reading mask: /opt/freesurfer/average/711-2B_as_mni_average_305_mask.4dfp.img (2306576 pixels)
talsrcimg_g11.4dfp.img
       256       256       256         1
  1.000000  1.000000  1.000000
orientation T byte_order littleendian
Reading image: talsrcimg_g11.4dfp.img
dimensions:      256       256       256
mmppix:       1.0000   -1.0000   -1.0000
center:     128.0000 -129.0000 -129.0000
fimgreg.f
image alignment mode   2311 decimal      907 hex
parameters
   -2.0224   24.7027   -8.5594   -1.2651  -16.2003  -17.9192
    3.4982   -5.9750    2.1454   31.4091    5.9632  -34.0861
eta,q 0.97621 11.12112
niter,ni,del,rscale     5    3    5.0000    0.8000
parameters
   -2.0201   24.7403   -8.6120   -0.8193  -15.8843  -17.1027
    3.4642   -5.9072    2.1470   31.7135    5.9622  -34.1237
eta,q 0.97631 11.19856
  0.0251  0.0248  0.0243  0.0254  0.0249  0.0248  0.0246  0.0256  0.0246  0.0246  0.0242  0.0241
  0.0244  0.0243  0.0240  0.0247  0.0244  0.0243  0.0241  0.0247  0.0241  0.0242  0.0239  0.0239
  0.0239  0.0239  0.0238  0.0241  0.0240  0.0240  0.0238  0.0240  0.0238  0.0239  0.0238  0.0238
  0.0238  0.0238  0.0238  0.0238  0.0238  0.0238  0.0237  0.0237  0.0237  0.0237  0.0237  0.0237
  0.0239  0.0239  0.0239  0.0238  0.0238  0.0237  0.0238  0.0239  0.0238  0.0237  0.0237  0.0237
  0.0244  0.0242  0.0241  0.0242  0.0241  0.0239  0.0242  0.0245  0.0241  0.0240  0.0239  0.0239
  0.0251  0.0247  0.0244  0.0250  0.0247  0.0244  0.0247  0.0256  0.0246  0.0245  0.0242  0.0241
niter,ni,del,rscale     4    3    5.0000    0.7000
parameters
   -2.0180   24.7037   -8.4169   -0.8714  -15.7838  -16.7676
    3.4659   -5.9045    2.1638   31.6051    5.8875  -34.0809
eta,q 0.97634 11.21559
  0.0247  0.0244  0.0243  0.0248  0.0245  0.0245  0.0244  0.0252  0.0243  0.0243  0.0240  0.0240
  0.0242  0.0240  0.0240  0.0242  0.0241  0.0241  0.0240  0.0244  0.0240  0.0240  0.0238  0.0238
  0.0238  0.0238  0.0238  0.0238  0.0238  0.0238  0.0238  0.0239  0.0237  0.0238  0.0237  0.0237
  0.0237  0.0237  0.0237  0.0237  0.0237  0.0237  0.0237  0.0237  0.0237  0.0237  0.0237  0.0237
  0.0238  0.0238  0.0237  0.0238  0.0238  0.0237  0.0237  0.0238  0.0237  0.0237  0.0237  0.0237
  0.0242  0.0241  0.0238  0.0242  0.0240  0.0239  0.0240  0.0243  0.0240  0.0240  0.0238  0.0238
  0.0247  0.0245  0.0240  0.0249  0.0245  0.0243  0.0244  0.0252  0.0243  0.0244  0.0241  0.0240
niter,ni,del,rscale     3    3    5.0000    0.6000
parameters
   -2.0353   24.6504   -8.3059   -0.8579  -15.6470  -16.4417
    3.4686   -5.9291    2.2016   31.5071    5.8073  -34.1276
eta,q 0.97635 11.23697
  0.0244  0.0242  0.0241  0.0245  0.0243  0.0243  0.0242  0.0248  0.0242  0.0242  0.0239  0.0239
  0.0240  0.0239  0.0239  0.0241  0.0240  0.0240  0.0239  0.0242  0.0239  0.0239  0.0238  0.0238
  0.0237  0.0237  0.0237  0.0238  0.0238  0.0238  0.0237  0.0238  0.0237  0.0237  0.0237  0.0237
  0.0237  0.0237  0.0237  0.0237  0.0237  0.0237  0.0236  0.0236  0.0236  0.0236  0.0236  0.0236
  0.0238  0.0237  0.0237  0.0237  0.0237  0.0237  0.0237  0.0238  0.0237  0.0237  0.0237  0.0237
  0.0240  0.0240  0.0238  0.0240  0.0239  0.0238  0.0239  0.0242  0.0239  0.0239  0.0238  0.0238
  0.0245  0.0243  0.0239  0.0245  0.0242  0.0241  0.0242  0.0248  0.0241  0.0243  0.0239  0.0239
niter,ni,del,rscale     2    3    5.0000    0.5000
parameters
   -2.0516   24.6011   -8.2000   -0.8722  -15.5262  -16.1062
    3.5013   -5.9676    2.2395   31.4223    5.7293  -34.1844
eta,q 0.97637 11.25768
  0.0242  0.0240  0.0239  0.0243  0.0241  0.0241  0.0240  0.0244  0.0240  0.0240  0.0238  0.0238
  0.0239  0.0238  0.0238  0.0239  0.0239  0.0239  0.0238  0.0240  0.0238  0.0238  0.0237  0.0237
  0.0237  0.0237  0.0237  0.0237  0.0237  0.0237  0.0237  0.0237  0.0237  0.0237  0.0236  0.0236
  0.0236  0.0236  0.0236  0.0236  0.0236  0.0236  0.0236  0.0236  0.0236  0.0236  0.0236  0.0236
  0.0237  0.0237  0.0237  0.0237  0.0237  0.0236  0.0237  0.0237  0.0237  0.0237  0.0236  0.0236
  0.0239  0.0239  0.0237  0.0239  0.0238  0.0237  0.0238  0.0240  0.0238  0.0238  0.0237  0.0237
  0.0242  0.0241  0.0238  0.0243  0.0241  0.0239  0.0240  0.0245  0.0240  0.0241  0.0238  0.0238
niter,ni,del,rscale     1    3    5.0000    0.4000
parameters
   -2.0672   24.5644   -8.0977   -0.9005  -15.4403  -15.7831
    3.5205   -6.0103    2.2774   31.3683    5.6673  -34.2442
eta,q 0.97639 11.27668
  0.0240  0.0239  0.0238  0.0240  0.0240  0.0239  0.0239  0.0241  0.0239  0.0239  0.0237  0.0237
  0.0238  0.0237  0.0237  0.0238  0.0238  0.0238  0.0237  0.0239  0.0237  0.0237  0.0237  0.0237
  0.0237  0.0236  0.0237  0.0237  0.0237  0.0237  0.0236  0.0237  0.0236  0.0236  0.0236  0.0236
  0.0236  0.0236  0.0236  0.0236  0.0236  0.0236  0.0236  0.0236  0.0236  0.0236  0.0236  0.0236
  0.0237  0.0237  0.0236  0.0237  0.0237  0.0236  0.0236  0.0237  0.0236  0.0236  0.0236  0.0236
  0.0238  0.0238  0.0237  0.0238  0.0237  0.0237  0.0237  0.0239  0.0237  0.0237  0.0237  0.0237
  0.0240  0.0239  0.0237  0.0240  0.0239  0.0238  0.0239  0.0242  0.0238  0.0239  0.0237  0.0237
registration optimization eta report
parameter search radius
    0.8000    0.8000    0.8000    2.4000    2.4000    2.4000
    2.4000    2.4000    2.4000    2.4000    2.4000    2.4000
100000*second partial in parameter space
       56.       42.       25.        7.        5.        4.
        5.       10.        4.        5.        2.        2.
  0.0240  0.0239  0.0238  0.0240  0.0240  0.0239  0.0239  0.0241  0.0239  0.0239  0.0237  0.0237
  0.0238  0.0237  0.0237  0.0238  0.0238  0.0238  0.0237  0.0239  0.0237  0.0237  0.0237  0.0237
  0.0237  0.0236  0.0237  0.0237  0.0237  0.0237  0.0236  0.0237  0.0236  0.0236  0.0236  0.0236
  0.0236  0.0236  0.0236  0.0236  0.0236  0.0236  0.0236  0.0236  0.0236  0.0236  0.0236  0.0236
  0.0237  0.0237  0.0236  0.0237  0.0237  0.0236  0.0236  0.0237  0.0236  0.0236  0.0236  0.0236
  0.0238  0.0238  0.0237  0.0238  0.0237  0.0237  0.0237  0.0239  0.0237  0.0237  0.0237  0.0237
  0.0240  0.0239  0.0237  0.0240  0.0239  0.0238  0.0239  0.0242  0.0238  0.0239  0.0237  0.0237
   -2.0672   24.5644   -8.0977   -0.9005  -15.4403  -15.7831
    3.5205   -6.0103    2.2774   31.3683    5.6673  -34.2442
eta,q 0.97639 11.27668

---------------------------------------------------------------------
imgreg_4dfp /opt/freesurfer/average/711-2C_as_mni_average_305 /opt/freesurfer/average/711-2B_as_mni_average_305_mask talsrcimg_g11 none talsrcimg_to_711-2C_as_mni_average_305_t4 2311
---------------------------------------------------------------------

freesurfer imgreg_4dfp.c
/opt/freesurfer/average/711-2C_as_mni_average_305.4dfp.img
       256       256       256         1
  1.000000  1.000000  1.000000
orientation T byte_order littleendian
Reading image: /opt/freesurfer/average/711-2C_as_mni_average_305.4dfp.img
dimensions:      256       256       256
mmppix:       1.0000   -1.0000   -1.0000
center:     128.0000 -129.0000 -129.0000
/opt/freesurfer/average/711-2B_as_mni_average_305_mask.4dfp.img
       256       256       256         1
  1.000000  1.000000  1.000000
orientation T byte_order littleendian
Reading mask: /opt/freesurfer/average/711-2B_as_mni_average_305_mask.4dfp.img (2306576 pixels)
talsrcimg_g11.4dfp.img
       256       256       256         1
  1.000000  1.000000  1.000000
orientation T byte_order littleendian
Reading image: talsrcimg_g11.4dfp.img
dimensions:      256       256       256
mmppix:       1.0000   -1.0000   -1.0000
center:     128.0000 -129.0000 -129.0000
fimgreg.f
image alignment mode   2311 decimal      907 hex
parameters
   -2.0672   24.5644   -8.0977   -0.9005  -15.4403  -15.7831
    3.5205   -6.0103    2.2774   31.3683    5.6673  -34.2442
eta,q 0.97639 11.27668
niter,ni,del,rscale     5    3    5.0000    0.8000
parameters
   -2.0720   24.5418   -8.0012   -1.0400  -15.4620  -16.1063
    3.5080   -6.0418    2.3131   31.1232    5.6477  -34.1323
eta,q 0.97637 11.24878
  0.0250  0.0247  0.0243  0.0250  0.0247  0.0245  0.0246  0.0256  0.0245  0.0245  0.0241  0.0241
  0.0242  0.0241  0.0240  0.0243  0.0242  0.0241  0.0241  0.0246  0.0240  0.0241  0.0239  0.0239
  0.0238  0.0237  0.0237  0.0238  0.0238  0.0238  0.0237  0.0239  0.0237  0.0238  0.0237  0.0237
  0.0236  0.0236  0.0236  0.0236  0.0236  0.0236  0.0236  0.0236  0.0236  0.0236  0.0236  0.0236
  0.0238  0.0237  0.0237  0.0238  0.0237  0.0237  0.0237  0.0239  0.0237  0.0237  0.0237  0.0237
  0.0243  0.0241  0.0238  0.0244  0.0241  0.0241  0.0241  0.0246  0.0240  0.0241  0.0238  0.0238
  0.0250  0.0247  0.0242  0.0253  0.0248  0.0250  0.0246  0.0257  0.0245  0.0248  0.0241  0.0241
niter,ni,del,rscale     4    3    5.0000    0.7000
parameters
   -2.0853   24.4986   -8.0820   -0.9320  -15.3750  -16.0691
    3.4797   -6.0333    2.3213   31.0952    5.6381  -34.1490
eta,q 0.97637 11.25685
  0.0247  0.0244  0.0241  0.0249  0.0245  0.0244  0.0244  0.0252  0.0243  0.0244  0.0240  0.0239
  0.0241  0.0240  0.0238  0.0243  0.0241  0.0240  0.0240  0.0244  0.0239  0.0240  0.0238  0.0238
  0.0237  0.0237  0.0237  0.0238  0.0238  0.0238  0.0237  0.0238  0.0237  0.0238  0.0237  0.0237
  0.0236  0.0236  0.0236  0.0236  0.0236  0.0236  0.0236  0.0236  0.0236  0.0236  0.0236  0.0236
  0.0238  0.0237  0.0237  0.0237  0.0237  0.0236  0.0237  0.0238  0.0237  0.0237  0.0237  0.0237
  0.0241  0.0240  0.0239  0.0241  0.0240  0.0239  0.0240  0.0243  0.0239  0.0240  0.0238  0.0238
  0.0247  0.0245  0.0242  0.0248  0.0245  0.0244  0.0244  0.0252  0.0243  0.0244  0.0240  0.0240
niter,ni,del,rscale     3    3    5.0000    0.6000
parameters
   -2.0860   24.4898   -8.0717   -0.9018  -15.3192  -15.9157
    3.4815   -6.0336    2.3255   31.1247    5.6519  -34.1741
eta,q 0.97638 11.26889
  0.0244  0.0242  0.0240  0.0245  0.0243  0.0242  0.0242  0.0248  0.0241  0.0242  0.0239  0.0239
  0.0240  0.0239  0.0238  0.0241  0.0240  0.0239  0.0239  0.0242  0.0239  0.0239  0.0238  0.0237
  0.0237  0.0237  0.0237  0.0237  0.0237  0.0237  0.0237  0.0238  0.0237  0.0237  0.0237  0.0236
  0.0236  0.0236  0.0236  0.0236  0.0236  0.0236  0.0236  0.0236  0.0236  0.0236  0.0236  0.0236
  0.0237  0.0237  0.0237  0.0237  0.0237  0.0236  0.0237  0.0238  0.0237  0.0237  0.0237  0.0236
  0.0240  0.0239  0.0238  0.0240  0.0239  0.0238  0.0239  0.0242  0.0238  0.0239  0.0237  0.0237
  0.0244  0.0242  0.0240  0.0245  0.0243  0.0242  0.0242  0.0248  0.0241  0.0242  0.0239  0.0239
niter,ni,del,rscale     2    3    5.0000    0.5000
parameters
   -2.0862   24.4874   -8.0241   -0.9075  -15.2956  -15.7009
    3.4975   -6.0508    2.3256   31.1604    5.6029  -34.2424
eta,q 0.97639 11.28234
  0.0242  0.0240  0.0239  0.0243  0.0241  0.0240  0.0240  0.0244  0.0240  0.0240  0.0238  0.0238
  0.0239  0.0238  0.0237  0.0239  0.0239  0.0238  0.0238  0.0240  0.0238  0.0238  0.0237  0.0237
  0.0237  0.0237  0.0237  0.0237  0.0237  0.0237  0.0237  0.0237  0.0237  0.0237  0.0236  0.0236
  0.0236  0.0236  0.0236  0.0236  0.0236  0.0236  0.0236  0.0236  0.0236  0.0236  0.0236  0.0236
  0.0237  0.0237  0.0236  0.0237  0.0237  0.0236  0.0237  0.0237  0.0236  0.0236  0.0236  0.0236
  0.0239  0.0238  0.0237  0.0239  0.0238  0.0237  0.0238  0.0240  0.0238  0.0238  0.0237  0.0237
  0.0242  0.0240  0.0238  0.0243  0.0241  0.0240  0.0240  0.0245  0.0240  0.0241  0.0238  0.0238
niter,ni,del,rscale     1    3    5.0000    0.4000
parameters
   -2.0953   24.4867   -7.9629   -0.9299  -15.2750  -15.4471
    3.5347   -6.0725    2.3319   31.1936    5.5696  -34.3193
eta,q 0.97640 11.29725
  0.0240  0.0239  0.0238  0.0240  0.0239  0.0239  0.0239  0.0242  0.0238  0.0239  0.0237  0.0237
  0.0238  0.0237  0.0237  0.0238  0.0238  0.0238  0.0237  0.0238  0.0237  0.0237  0.0237  0.0236
  0.0236  0.0236  0.0236  0.0237  0.0236  0.0237  0.0236  0.0237  0.0236  0.0236  0.0236  0.0236
  0.0236  0.0236  0.0236  0.0236  0.0236  0.0236  0.0236  0.0236  0.0236  0.0236  0.0236  0.0236
  0.0237  0.0236  0.0236  0.0237  0.0236  0.0236  0.0236  0.0237  0.0236  0.0236  0.0236  0.0236
  0.0238  0.0237  0.0237  0.0238  0.0237  0.0237  0.0237  0.0239  0.0237  0.0237  0.0237  0.0236
  0.0240  0.0239  0.0237  0.0240  0.0239  0.0238  0.0239  0.0242  0.0238  0.0239  0.0237  0.0237
registration optimization eta report
parameter search radius
    0.8000    0.8000    0.8000    2.4000    2.4000    2.4000
    2.4000    2.4000    2.4000    2.4000    2.4000    2.4000
100000*second partial in parameter space
       56.       43.       25.        7.        5.        4.
        4.       10.        4.        5.        2.        2.
  0.0240  0.0239  0.0238  0.0240  0.0239  0.0239  0.0239  0.0242  0.0238  0.0239  0.0237  0.0237
  0.0238  0.0237  0.0237  0.0238  0.0238  0.0238  0.0237  0.0238  0.0237  0.0237  0.0237  0.0236
  0.0236  0.0236  0.0236  0.0237  0.0236  0.0237  0.0236  0.0237  0.0236  0.0236  0.0236  0.0236
  0.0236  0.0236  0.0236  0.0236  0.0236  0.0236  0.0236  0.0236  0.0236  0.0236  0.0236  0.0236
  0.0237  0.0236  0.0236  0.0237  0.0236  0.0236  0.0236  0.0237  0.0236  0.0236  0.0236  0.0236
  0.0238  0.0237  0.0237  0.0238  0.0237  0.0237  0.0237  0.0239  0.0237  0.0237  0.0237  0.0236
  0.0240  0.0239  0.0237  0.0240  0.0239  0.0238  0.0239  0.0242  0.0238  0.0239  0.0237  0.0237
   -2.0953   24.4867   -7.9629   -0.9299  -15.2750  -15.4471
    3.5347   -6.0725    2.3319   31.1936    5.5696  -34.3193
eta,q 0.97640 11.29725

---------------------------------------------------------------------
compute_vox2vox talsrcimg talsrcimg_to_711-2C_as_mni_average_305_t4 /opt/freesurfer/average/711-2C_as_mni_average_305
---------------------------------------------------------------------

freesurfer compute_vox2vox.c
Reading: talsrcimg.4dfp.ifh
Reading: talsrcimg_to_711-2C_as_mni_average_305_t4
Reading: /opt/freesurfer/average/711-2C_as_mni_average_305.4dfp.ifh
Writing: talsrcimg_to_711-2C_as_mni_average_305_t4_vox2vox.txt

start time Sun Mar 15 08:15:39 CET 2026
end		time Sun Mar 15 08:17:06 CET 2026

mpr2mni305 success

avi2talxfm orig_nu.mgz /opt/freesurfer/average/mni305.cor.mgz talsrcimg_to_711-2C_as_mni_average_305_t4_vox2vox.txt transforms/talairach.auto.xfm
avi2talxfm done
mv -f /out/sourcedata/freesurfer/sub-v2s10x28992_ses-1/mri/talsrcimg_to_711-2C_as_mni_average_305_t4_vox2vox.txt /out/sourcedata/freesurfer/sub-v2s10x28992_ses-1/mri/transforms/talsrcimg_to_711-2C_as_mni_average_305_t4_vox2vox.txt
lta_convert --src orig_nu.mgz --trg /opt/freesurfer/average/mni305.cor.mgz --inxfm transforms/talairach.auto.xfm --outlta transforms/talairach.auto.xfm.lta --subject fsaverage
7.3.2

--src: orig_nu.mgz src image (geometry).
--trg: /opt/freesurfer/average/mni305.cor.mgz trg image (geometry).
--inmni: transforms/talairach.auto.xfm input MNI/XFM transform.
--outlta: transforms/talairach.auto.xfm.lta output LTA.
--s: fsaverage subject name
 LTA read, type : 1
 1.00536   0.07628  -0.01104  -3.72858;
-0.06739   1.02382   0.41753  -17.99583;
-0.00286  -0.37904   1.02687   6.50723;
 0.00000   0.00000   0.00000   1.00000;
setting subject to fsaverage
Writing  LTA to file transforms/talairach.auto.xfm.lta...
lta_convert successful.
 
 
Started at Sun Mar 15 08:15:39 CET 2026
Ended   at Sun Mar 15 08:17:07 CET 2026
talairach_avi done
