status file for recon-all
Sun Mar 15 12:31:06 CET 2026
#@# Tessellate lh Sun Mar 15 12:31:06 CET 2026
#@# Smooth1 lh Sun Mar 15 12:31:09 CET 2026
#@# Inflation1 lh Sun Mar 15 12:31:10 CET 2026
#@# QSphere lh Sun Mar 15 12:31:17 CET 2026
#@# Fix Topology lh Sun Mar 15 12:31:56 CET 2026
#@# Smooth2 lh Sun Mar 15 12:36:48 CET 2026
#@# Inflation2 lh Sun Mar 15 12:36:50 CET 2026
#@# Curv .H and .K lh Sun Mar 15 12:36:57 CET 2026
#@# Sphere lh Sun Mar 15 12:37:30 CET 2026
#@# Surf Reg lh Sun Mar 15 12:39:21 CET 2026
#@# Jacobian white lh Sun Mar 15 12:41:51 CET 2026
#@# AvgCurv lh Sun Mar 15 12:41:51 CET 2026
#@# Cortical Parc lh Sun Mar 15 12:41:52 CET 2026
#@# white curv lh Sun Mar 15 12:46:20 CET 2026
#@# white area lh Sun Mar 15 12:46:21 CET 2026
#@# pial curv lh Sun Mar 15 12:46:21 CET 2026
#@# pial area lh Sun Mar 15 12:46:22 CET 2026
#@# thickness lh Sun Mar 15 12:46:23 CET 2026
#@# area and vertex vol lh Sun Mar 15 12:46:39 CET 2026
#@# Curvature Stats lh Sun Mar 15 12:46:40 CET 2026
#@# Cortical Parc 2 lh Sun Mar 15 12:46:42 CET 2026
#@# Cortical Parc 3 lh Sun Mar 15 12:46:51 CET 2026
#@# WM/GM Contrast lh Sun Mar 15 12:46:57 CET 2026
recon-all -s sub-v2s10x30161_ses-1 finished without error at Sun Mar 15 12:46:59 CET 2026



#New# invocation of recon-all 



status file for recon-all
Sun Mar 15 13:06:05 CET 2026
#@# white curv lh Sun Mar 15 13:06:05 CET 2026
#@# white area lh Sun Mar 15 13:06:05 CET 2026
#@# pial curv lh Sun Mar 15 13:06:05 CET 2026
#@# pial area lh Sun Mar 15 13:06:05 CET 2026
#@# thickness lh Sun Mar 15 13:06:05 CET 2026
#@# area and vertex vol lh Sun Mar 15 13:06:05 CET 2026
#@# Parcellation Stats lh Sun Mar 15 13:06:05 CET 2026
#@# Parcellation Stats 2 lh Sun Mar 15 13:06:17 CET 2026
#@# Parcellation Stats 3 lh Sun Mar 15 13:06:23 CET 2026
#@# BA_exvivo Labels lh Sun Mar 15 13:06:29 CET 2026
recon-all -s sub-v2s10x30161_ses-1 finished without error at Sun Mar 15 13:08:08 CET 2026
