status file for recon-all
Sun Mar 15 12:47:02 CET 2026
#@# Tessellate rh Sun Mar 15 12:47:02 CET 2026
#@# Smooth1 rh Sun Mar 15 12:47:04 CET 2026
#@# Inflation1 rh Sun Mar 15 12:47:06 CET 2026
#@# QSphere rh Sun Mar 15 12:47:13 CET 2026
#@# Fix Topology rh Sun Mar 15 12:47:51 CET 2026
#@# Smooth2 rh Sun Mar 15 12:51:12 CET 2026
#@# Inflation2 rh Sun Mar 15 12:51:13 CET 2026
#@# Curv .H and .K rh Sun Mar 15 12:51:20 CET 2026
#@# Sphere rh Sun Mar 15 12:51:53 CET 2026
#@# Surf Reg rh Sun Mar 15 12:53:12 CET 2026
#@# Jacobian white rh Sun Mar 15 12:56:02 CET 2026
#@# AvgCurv rh Sun Mar 15 12:56:02 CET 2026
#@# Cortical Parc rh Sun Mar 15 12:56:03 CET 2026
#@# white curv rh Sun Mar 15 13:00:40 CET 2026
#@# white area rh Sun Mar 15 13:00:41 CET 2026
#@# pial curv rh Sun Mar 15 13:00:42 CET 2026
#@# pial area rh Sun Mar 15 13:00:43 CET 2026
#@# thickness rh Sun Mar 15 13:00:43 CET 2026
#@# area and vertex vol rh Sun Mar 15 13:01:00 CET 2026
#@# Curvature Stats rh Sun Mar 15 13:01:00 CET 2026
#@# Cortical Parc 2 rh Sun Mar 15 13:01:02 CET 2026
#@# Cortical Parc 3 rh Sun Mar 15 13:01:11 CET 2026
#@# WM/GM Contrast rh Sun Mar 15 13:01:17 CET 2026
recon-all -s sub-v2s10x30161_ses-1 finished without error at Sun Mar 15 13:01:19 CET 2026



#New# invocation of recon-all 



status file for recon-all
Sun Mar 15 13:08:11 CET 2026
#@# white curv rh Sun Mar 15 13:08:11 CET 2026
#@# white area rh Sun Mar 15 13:08:11 CET 2026
#@# pial curv rh Sun Mar 15 13:08:11 CET 2026
#@# pial area rh Sun Mar 15 13:08:11 CET 2026
#@# thickness rh Sun Mar 15 13:08:11 CET 2026
#@# area and vertex vol rh Sun Mar 15 13:08:11 CET 2026
#@# Parcellation Stats rh Sun Mar 15 13:08:11 CET 2026
#@# Parcellation Stats 2 rh Sun Mar 15 13:08:23 CET 2026
#@# Parcellation Stats 3 rh Sun Mar 15 13:08:29 CET 2026
#@# BA_exvivo Labels rh Sun Mar 15 13:08:35 CET 2026
recon-all -s sub-v2s10x30161_ses-1 finished without error at Sun Mar 15 13:10:13 CET 2026
