status file for recon-all
Sun Mar 15 09:41:34 CET 2026
#@# Tessellate lh Sun Mar 15 09:41:34 CET 2026
#@# Smooth1 lh Sun Mar 15 09:41:36 CET 2026
#@# Inflation1 lh Sun Mar 15 09:41:39 CET 2026
#@# QSphere lh Sun Mar 15 09:41:51 CET 2026
#@# Fix Topology lh Sun Mar 15 09:42:54 CET 2026
#@# Smooth2 lh Sun Mar 15 09:47:40 CET 2026
#@# Inflation2 lh Sun Mar 15 09:47:43 CET 2026
#@# Curv .H and .K lh Sun Mar 15 09:47:55 CET 2026
#@# Sphere lh Sun Mar 15 09:48:32 CET 2026
#@# Surf Reg lh Sun Mar 15 09:51:45 CET 2026
#@# Jacobian white lh Sun Mar 15 09:55:52 CET 2026
#@# AvgCurv lh Sun Mar 15 09:55:52 CET 2026
#@# Cortical Parc lh Sun Mar 15 09:55:53 CET 2026
#@# white curv lh Sun Mar 15 10:02:11 CET 2026
#@# white area lh Sun Mar 15 10:02:12 CET 2026
#@# pial curv lh Sun Mar 15 10:02:13 CET 2026
#@# pial area lh Sun Mar 15 10:02:14 CET 2026
#@# thickness lh Sun Mar 15 10:02:15 CET 2026
#@# area and vertex vol lh Sun Mar 15 10:02:33 CET 2026
#@# Curvature Stats lh Sun Mar 15 10:02:34 CET 2026
#@# Cortical Parc 2 lh Sun Mar 15 10:02:36 CET 2026
#@# Cortical Parc 3 lh Sun Mar 15 10:02:46 CET 2026
#@# WM/GM Contrast lh Sun Mar 15 10:02:54 CET 2026
recon-all -s sub-v2s10x28954_ses-1 finished without error at Sun Mar 15 10:02:56 CET 2026



#New# invocation of recon-all 



status file for recon-all
Sun Mar 15 10:26:52 CET 2026
#@# white curv lh Sun Mar 15 10:26:52 CET 2026
#@# white area lh Sun Mar 15 10:26:52 CET 2026
#@# pial curv lh Sun Mar 15 10:26:52 CET 2026
#@# pial area lh Sun Mar 15 10:26:52 CET 2026
#@# thickness lh Sun Mar 15 10:26:52 CET 2026
#@# area and vertex vol lh Sun Mar 15 10:26:52 CET 2026
#@# Parcellation Stats lh Sun Mar 15 10:26:52 CET 2026
#@# Parcellation Stats 2 lh Sun Mar 15 10:27:07 CET 2026
#@# Parcellation Stats 3 lh Sun Mar 15 10:27:14 CET 2026
#@# BA_exvivo Labels lh Sun Mar 15 10:27:22 CET 2026
recon-all -s sub-v2s10x28954_ses-1 finished without error at Sun Mar 15 10:29:27 CET 2026
