status file for recon-all
Sun Mar 15 10:02:58 CET 2026
#@# Tessellate rh Sun Mar 15 10:02:58 CET 2026
#@# Smooth1 rh Sun Mar 15 10:03:01 CET 2026
#@# Inflation1 rh Sun Mar 15 10:03:03 CET 2026
#@# QSphere rh Sun Mar 15 10:03:15 CET 2026
#@# Fix Topology rh Sun Mar 15 10:04:19 CET 2026
#@# Smooth2 rh Sun Mar 15 10:09:13 CET 2026
#@# Inflation2 rh Sun Mar 15 10:09:15 CET 2026
#@# Curv .H and .K rh Sun Mar 15 10:09:28 CET 2026
#@# Sphere rh Sun Mar 15 10:10:06 CET 2026
#@# Surf Reg rh Sun Mar 15 10:12:14 CET 2026
#@# Jacobian white rh Sun Mar 15 10:16:32 CET 2026
#@# AvgCurv rh Sun Mar 15 10:16:32 CET 2026
#@# Cortical Parc rh Sun Mar 15 10:16:33 CET 2026
#@# white curv rh Sun Mar 15 10:22:28 CET 2026
#@# white area rh Sun Mar 15 10:22:29 CET 2026
#@# pial curv rh Sun Mar 15 10:22:30 CET 2026
#@# pial area rh Sun Mar 15 10:22:31 CET 2026
#@# thickness rh Sun Mar 15 10:22:32 CET 2026
#@# area and vertex vol rh Sun Mar 15 10:22:50 CET 2026
#@# Curvature Stats rh Sun Mar 15 10:22:52 CET 2026
#@# Cortical Parc 2 rh Sun Mar 15 10:22:53 CET 2026
#@# Cortical Parc 3 rh Sun Mar 15 10:23:04 CET 2026
#@# WM/GM Contrast rh Sun Mar 15 10:23:11 CET 2026
recon-all -s sub-v2s10x28954_ses-1 finished without error at Sun Mar 15 10:23:14 CET 2026



#New# invocation of recon-all 



status file for recon-all
Sun Mar 15 10:29:30 CET 2026
#@# white curv rh Sun Mar 15 10:29:30 CET 2026
#@# white area rh Sun Mar 15 10:29:30 CET 2026
#@# pial curv rh Sun Mar 15 10:29:30 CET 2026
#@# pial area rh Sun Mar 15 10:29:30 CET 2026
#@# thickness rh Sun Mar 15 10:29:30 CET 2026
#@# area and vertex vol rh Sun Mar 15 10:29:30 CET 2026
#@# Parcellation Stats rh Sun Mar 15 10:29:30 CET 2026
#@# Parcellation Stats 2 rh Sun Mar 15 10:29:45 CET 2026
#@# Parcellation Stats 3 rh Sun Mar 15 10:29:53 CET 2026
#@# BA_exvivo Labels rh Sun Mar 15 10:30:01 CET 2026
recon-all -s sub-v2s10x28954_ses-1 finished without error at Sun Mar 15 10:32:07 CET 2026
