status file for recon-all
Sun Mar 15 09:24:56 CET 2026
#@# Tessellate lh Sun Mar 15 09:24:56 CET 2026
#@# Smooth1 lh Sun Mar 15 09:24:59 CET 2026
#@# Inflation1 lh Sun Mar 15 09:25:01 CET 2026
#@# QSphere lh Sun Mar 15 09:25:10 CET 2026
#@# Fix Topology lh Sun Mar 15 09:26:03 CET 2026
#@# Smooth2 lh Sun Mar 15 09:30:22 CET 2026
#@# Inflation2 lh Sun Mar 15 09:30:25 CET 2026
#@# Curv .H and .K lh Sun Mar 15 09:30:34 CET 2026
#@# Sphere lh Sun Mar 15 09:31:15 CET 2026
#@# Surf Reg lh Sun Mar 15 09:33:49 CET 2026
#@# Jacobian white lh Sun Mar 15 09:36:41 CET 2026
#@# AvgCurv lh Sun Mar 15 09:36:42 CET 2026
#@# Cortical Parc lh Sun Mar 15 09:36:42 CET 2026
#@# white curv lh Sun Mar 15 09:42:33 CET 2026
#@# white area lh Sun Mar 15 09:42:35 CET 2026
#@# pial curv lh Sun Mar 15 09:42:35 CET 2026
#@# pial area lh Sun Mar 15 09:42:37 CET 2026
#@# thickness lh Sun Mar 15 09:42:37 CET 2026
#@# area and vertex vol lh Sun Mar 15 09:42:59 CET 2026
#@# Curvature Stats lh Sun Mar 15 09:43:00 CET 2026
#@# Cortical Parc 2 lh Sun Mar 15 09:43:02 CET 2026
#@# Cortical Parc 3 lh Sun Mar 15 09:43:13 CET 2026
#@# WM/GM Contrast lh Sun Mar 15 09:43:21 CET 2026
recon-all -s sub-v2s10x28941_ses-1 finished without error at Sun Mar 15 09:43:23 CET 2026



#New# invocation of recon-all 



status file for recon-all
Sun Mar 15 10:06:56 CET 2026
#@# white curv lh Sun Mar 15 10:06:56 CET 2026
#@# white area lh Sun Mar 15 10:06:57 CET 2026
#@# pial curv lh Sun Mar 15 10:06:57 CET 2026
#@# pial area lh Sun Mar 15 10:06:57 CET 2026
#@# thickness lh Sun Mar 15 10:06:57 CET 2026
#@# area and vertex vol lh Sun Mar 15 10:06:57 CET 2026
#@# Parcellation Stats lh Sun Mar 15 10:06:57 CET 2026
#@# Parcellation Stats 2 lh Sun Mar 15 10:07:14 CET 2026
#@# Parcellation Stats 3 lh Sun Mar 15 10:07:23 CET 2026
#@# BA_exvivo Labels lh Sun Mar 15 10:07:32 CET 2026
recon-all -s sub-v2s10x28941_ses-1 finished without error at Sun Mar 15 10:09:31 CET 2026
