status file for recon-all
Sun Mar 15 12:22:04 CET 2026
#@# Tessellate lh Sun Mar 15 12:22:04 CET 2026
#@# Smooth1 lh Sun Mar 15 12:22:07 CET 2026
#@# Inflation1 lh Sun Mar 15 12:22:10 CET 2026
#@# QSphere lh Sun Mar 15 12:22:21 CET 2026
#@# Fix Topology lh Sun Mar 15 12:23:19 CET 2026
#@# Smooth2 lh Sun Mar 15 12:28:03 CET 2026
#@# Inflation2 lh Sun Mar 15 12:28:05 CET 2026
#@# Curv .H and .K lh Sun Mar 15 12:28:17 CET 2026
#@# Sphere lh Sun Mar 15 12:28:57 CET 2026
#@# Surf Reg lh Sun Mar 15 12:31:26 CET 2026
#@# Jacobian white lh Sun Mar 15 12:34:25 CET 2026
#@# AvgCurv lh Sun Mar 15 12:34:26 CET 2026
#@# Cortical Parc lh Sun Mar 15 12:34:27 CET 2026
#@# white curv lh Sun Mar 15 12:39:51 CET 2026
#@# white area lh Sun Mar 15 12:39:53 CET 2026
#@# pial curv lh Sun Mar 15 12:39:53 CET 2026
#@# pial area lh Sun Mar 15 12:39:55 CET 2026
#@# thickness lh Sun Mar 15 12:39:55 CET 2026
#@# area and vertex vol lh Sun Mar 15 12:40:20 CET 2026
#@# Curvature Stats lh Sun Mar 15 12:40:21 CET 2026
#@# Cortical Parc 2 lh Sun Mar 15 12:40:23 CET 2026
#@# Cortical Parc 3 lh Sun Mar 15 12:40:35 CET 2026
#@# WM/GM Contrast lh Sun Mar 15 12:40:44 CET 2026
recon-all -s sub-v2s10x28997_ses-1 finished without error at Sun Mar 15 12:40:46 CET 2026



#New# invocation of recon-all 



status file for recon-all
Sun Mar 15 13:02:26 CET 2026
#@# white curv lh Sun Mar 15 13:02:26 CET 2026
#@# white area lh Sun Mar 15 13:02:26 CET 2026
#@# pial curv lh Sun Mar 15 13:02:26 CET 2026
#@# pial area lh Sun Mar 15 13:02:26 CET 2026
#@# thickness lh Sun Mar 15 13:02:26 CET 2026
#@# area and vertex vol lh Sun Mar 15 13:02:26 CET 2026
#@# Parcellation Stats lh Sun Mar 15 13:02:26 CET 2026
#@# Parcellation Stats 2 lh Sun Mar 15 13:02:40 CET 2026
#@# Parcellation Stats 3 lh Sun Mar 15 13:02:48 CET 2026
#@# BA_exvivo Labels lh Sun Mar 15 13:02:55 CET 2026
recon-all -s sub-v2s10x28997_ses-1 finished without error at Sun Mar 15 13:05:09 CET 2026
