status file for recon-all
Sun Mar 15 10:46:52 CET 2026
#@# MotionCor Sun Mar 15 10:46:54 CET 2026
#@# Talairach Sun Mar 15 10:47:01 CET 2026
#@# Talairach Failure Detection Sun Mar 15 10:51:26 CET 2026
#@# Nu Intensity Correction Sun Mar 15 10:51:26 CET 2026
#@# Intensity Normalization Sun Mar 15 10:54:41 CET 2026
recon-all -s sub-v2s10x28997_ses-1 finished without error at Sun Mar 15 10:56:13 CET 2026



#New# invocation of recon-all 



status file for recon-all
Sun Mar 15 11:03:02 CET 2026
#@# EM Registration Sun Mar 15 11:03:02 CET 2026
recon-all -s sub-v2s10x28997_ses-1 finished without error at Sun Mar 15 11:04:55 CET 2026



#New# invocation of recon-all 



status file for recon-all
Sun Mar 15 11:04:57 CET 2026
#@# CA Normalize Sun Mar 15 11:04:57 CET 2026
#@# CA Reg Sun Mar 15 11:06:19 CET 2026
#@# SubCort Seg Sun Mar 15 11:49:30 CET 2026
#@# CC Seg Sun Mar 15 12:16:10 CET 2026
#@# Merge ASeg Sun Mar 15 12:16:47 CET 2026
#@# Intensity Normalization2 Sun Mar 15 12:16:47 CET 2026
#@# Mask BFS Sun Mar 15 12:19:06 CET 2026
#@# WM Segmentation Sun Mar 15 12:19:07 CET 2026
#@# Fill Sun Mar 15 12:20:59 CET 2026
recon-all -s sub-v2s10x28997_ses-1 finished without error at Sun Mar 15 12:22:00 CET 2026



#New# invocation of recon-all 



status file for recon-all
Sun Mar 15 12:58:50 CET 2026
#@# white curv lh Sun Mar 15 12:58:50 CET 2026
#@# white area lh Sun Mar 15 12:58:50 CET 2026
#@# pial curv lh Sun Mar 15 12:58:50 CET 2026
#@# pial area lh Sun Mar 15 12:58:50 CET 2026
#@# thickness lh Sun Mar 15 12:58:50 CET 2026
#@# area and vertex vol lh Sun Mar 15 12:58:50 CET 2026
#@# white curv rh Sun Mar 15 12:58:50 CET 2026
#@# white area rh Sun Mar 15 12:58:50 CET 2026
#@# pial curv rh Sun Mar 15 12:58:50 CET 2026
#@# pial area rh Sun Mar 15 12:58:50 CET 2026
#@# thickness rh Sun Mar 15 12:58:50 CET 2026
#@# area and vertex vol rh Sun Mar 15 12:58:50 CET 2026
#@# Cortical ribbon mask Sun Mar 15 12:58:50 CET 2026
recon-all -s sub-v2s10x28997_ses-1 finished without error at Sun Mar 15 13:02:22 CET 2026



#New# invocation of recon-all 



status file for recon-all
Sun Mar 15 13:08:00 CET 2026
#@# white curv lh Sun Mar 15 13:08:00 CET 2026
#@# white area lh Sun Mar 15 13:08:00 CET 2026
#@# pial curv lh Sun Mar 15 13:08:00 CET 2026
#@# pial area lh Sun Mar 15 13:08:00 CET 2026
#@# thickness lh Sun Mar 15 13:08:00 CET 2026
#@# area and vertex vol lh Sun Mar 15 13:08:00 CET 2026
#@# white curv rh Sun Mar 15 13:08:00 CET 2026
#@# white area rh Sun Mar 15 13:08:00 CET 2026
#@# pial curv rh Sun Mar 15 13:08:00 CET 2026
#@# pial area rh Sun Mar 15 13:08:00 CET 2026
#@# thickness rh Sun Mar 15 13:08:00 CET 2026
#@# area and vertex vol rh Sun Mar 15 13:08:00 CET 2026
#@# Curvature Stats lh Sun Mar 15 13:08:00 CET 2026
#@# Curvature Stats rh Sun Mar 15 13:08:02 CET 2026
#@# Relabel Hypointensities Sun Mar 15 13:08:04 CET 2026
#@# APas-to-ASeg Sun Mar 15 13:08:18 CET 2026
#@# AParc-to-ASeg aparc Sun Mar 15 13:08:25 CET 2026
#@# AParc-to-ASeg aparc.a2009s Sun Mar 15 13:08:49 CET 2026
#@# AParc-to-ASeg aparc.DKTatlas Sun Mar 15 13:09:14 CET 2026
#@# WMParc Sun Mar 15 13:09:39 CET 2026
#@# ASeg Stats Sun Mar 15 13:13:35 CET 2026
recon-all -s sub-v2s10x28997_ses-1 finished without error at Sun Mar 15 13:14:15 CET 2026
