status file for recon-all
Sun Mar 15 09:38:18 CET 2026
#@# Tessellate rh Sun Mar 15 09:38:18 CET 2026
#@# Smooth1 rh Sun Mar 15 09:38:20 CET 2026
#@# Inflation1 rh Sun Mar 15 09:38:22 CET 2026
#@# QSphere rh Sun Mar 15 09:38:29 CET 2026
#@# Fix Topology rh Sun Mar 15 09:39:05 CET 2026
#@# Smooth2 rh Sun Mar 15 09:43:00 CET 2026
#@# Inflation2 rh Sun Mar 15 09:43:02 CET 2026
#@# Curv .H and .K rh Sun Mar 15 09:43:10 CET 2026
#@# Sphere rh Sun Mar 15 09:43:46 CET 2026
#@# Surf Reg rh Sun Mar 15 09:45:48 CET 2026
#@# Jacobian white rh Sun Mar 15 09:48:07 CET 2026
#@# AvgCurv rh Sun Mar 15 09:48:08 CET 2026
#@# Cortical Parc rh Sun Mar 15 09:48:08 CET 2026
#@# white curv rh Sun Mar 15 09:52:59 CET 2026
#@# white area rh Sun Mar 15 09:53:00 CET 2026
#@# pial curv rh Sun Mar 15 09:53:01 CET 2026
#@# pial area rh Sun Mar 15 09:53:02 CET 2026
#@# thickness rh Sun Mar 15 09:53:02 CET 2026
#@# area and vertex vol rh Sun Mar 15 09:53:20 CET 2026
#@# Curvature Stats rh Sun Mar 15 09:53:21 CET 2026
#@# Cortical Parc 2 rh Sun Mar 15 09:53:23 CET 2026
#@# Cortical Parc 3 rh Sun Mar 15 09:53:32 CET 2026
#@# WM/GM Contrast rh Sun Mar 15 09:53:39 CET 2026
recon-all -s sub-v2s10x28943_ses-1 finished without error at Sun Mar 15 09:53:41 CET 2026



#New# invocation of recon-all 



status file for recon-all
Sun Mar 15 09:59:08 CET 2026
#@# white curv rh Sun Mar 15 09:59:08 CET 2026
#@# white area rh Sun Mar 15 09:59:08 CET 2026
#@# pial curv rh Sun Mar 15 09:59:08 CET 2026
#@# pial area rh Sun Mar 15 09:59:08 CET 2026
#@# thickness rh Sun Mar 15 09:59:08 CET 2026
#@# area and vertex vol rh Sun Mar 15 09:59:08 CET 2026
#@# Parcellation Stats rh Sun Mar 15 09:59:08 CET 2026
#@# Parcellation Stats 2 rh Sun Mar 15 09:59:21 CET 2026
#@# Parcellation Stats 3 rh Sun Mar 15 09:59:28 CET 2026
#@# BA_exvivo Labels rh Sun Mar 15 09:59:35 CET 2026
recon-all -s sub-v2s10x28943_ses-1 finished without error at Sun Mar 15 10:01:18 CET 2026
