status file for recon-all
Sun Mar 15 09:21:40 CET 2026
#@# Tessellate lh Sun Mar 15 09:21:40 CET 2026
#@# Smooth1 lh Sun Mar 15 09:21:42 CET 2026
#@# Inflation1 lh Sun Mar 15 09:21:44 CET 2026
#@# QSphere lh Sun Mar 15 09:21:52 CET 2026
#@# Fix Topology lh Sun Mar 15 09:22:31 CET 2026
#@# Smooth2 lh Sun Mar 15 09:28:11 CET 2026
#@# Inflation2 lh Sun Mar 15 09:28:13 CET 2026
#@# Curv .H and .K lh Sun Mar 15 09:28:20 CET 2026
#@# Sphere lh Sun Mar 15 09:28:55 CET 2026
#@# Surf Reg lh Sun Mar 15 09:30:17 CET 2026
#@# Jacobian white lh Sun Mar 15 09:32:40 CET 2026
#@# AvgCurv lh Sun Mar 15 09:32:41 CET 2026
#@# Cortical Parc lh Sun Mar 15 09:32:41 CET 2026
#@# white curv lh Sun Mar 15 09:37:34 CET 2026
#@# white area lh Sun Mar 15 09:37:35 CET 2026
#@# pial curv lh Sun Mar 15 09:37:36 CET 2026
#@# pial area lh Sun Mar 15 09:37:37 CET 2026
#@# thickness lh Sun Mar 15 09:37:37 CET 2026
#@# area and vertex vol lh Sun Mar 15 09:37:55 CET 2026
#@# Curvature Stats lh Sun Mar 15 09:37:56 CET 2026
#@# Cortical Parc 2 lh Sun Mar 15 09:37:57 CET 2026
#@# Cortical Parc 3 lh Sun Mar 15 09:38:07 CET 2026
#@# WM/GM Contrast lh Sun Mar 15 09:38:14 CET 2026
recon-all -s sub-v2s10x28943_ses-1 finished without error at Sun Mar 15 09:38:16 CET 2026



#New# invocation of recon-all 



status file for recon-all
Sun Mar 15 09:56:58 CET 2026
#@# white curv lh Sun Mar 15 09:56:58 CET 2026
#@# white area lh Sun Mar 15 09:56:58 CET 2026
#@# pial curv lh Sun Mar 15 09:56:58 CET 2026
#@# pial area lh Sun Mar 15 09:56:58 CET 2026
#@# thickness lh Sun Mar 15 09:56:58 CET 2026
#@# area and vertex vol lh Sun Mar 15 09:56:58 CET 2026
#@# Parcellation Stats lh Sun Mar 15 09:56:58 CET 2026
#@# Parcellation Stats 2 lh Sun Mar 15 09:57:11 CET 2026
#@# Parcellation Stats 3 lh Sun Mar 15 09:57:18 CET 2026
#@# BA_exvivo Labels lh Sun Mar 15 09:57:24 CET 2026
recon-all -s sub-v2s10x28943_ses-1 finished without error at Sun Mar 15 09:59:06 CET 2026
