status file for recon-all
Sun Mar 15 12:52:16 CET 2026
#@# Tessellate rh Sun Mar 15 12:52:16 CET 2026
#@# Smooth1 rh Sun Mar 15 12:52:18 CET 2026
#@# Inflation1 rh Sun Mar 15 12:52:20 CET 2026
#@# QSphere rh Sun Mar 15 12:52:27 CET 2026
#@# Fix Topology rh Sun Mar 15 12:53:04 CET 2026
#@# Smooth2 rh Sun Mar 15 12:57:33 CET 2026
#@# Inflation2 rh Sun Mar 15 12:57:35 CET 2026
#@# Curv .H and .K rh Sun Mar 15 12:57:42 CET 2026
#@# Sphere rh Sun Mar 15 12:58:19 CET 2026
#@# Surf Reg rh Sun Mar 15 13:00:10 CET 2026
#@# Jacobian white rh Sun Mar 15 13:02:31 CET 2026
#@# AvgCurv rh Sun Mar 15 13:02:32 CET 2026
#@# Cortical Parc rh Sun Mar 15 13:02:32 CET 2026
#@# white curv rh Sun Mar 15 13:07:22 CET 2026
#@# white area rh Sun Mar 15 13:07:24 CET 2026
#@# pial curv rh Sun Mar 15 13:07:24 CET 2026
#@# pial area rh Sun Mar 15 13:07:25 CET 2026
#@# thickness rh Sun Mar 15 13:07:26 CET 2026
#@# area and vertex vol rh Sun Mar 15 13:07:45 CET 2026
#@# Curvature Stats rh Sun Mar 15 13:07:46 CET 2026
#@# Cortical Parc 2 rh Sun Mar 15 13:07:47 CET 2026
#@# Cortical Parc 3 rh Sun Mar 15 13:07:57 CET 2026
#@# WM/GM Contrast rh Sun Mar 15 13:08:04 CET 2026
recon-all -s sub-v2s10x30164_ses-1 finished without error at Sun Mar 15 13:08:06 CET 2026



#New# invocation of recon-all 



status file for recon-all
Sun Mar 15 13:14:01 CET 2026
#@# white curv rh Sun Mar 15 13:14:01 CET 2026
#@# white area rh Sun Mar 15 13:14:01 CET 2026
#@# pial curv rh Sun Mar 15 13:14:01 CET 2026
#@# pial area rh Sun Mar 15 13:14:01 CET 2026
#@# thickness rh Sun Mar 15 13:14:01 CET 2026
#@# area and vertex vol rh Sun Mar 15 13:14:01 CET 2026
#@# Parcellation Stats rh Sun Mar 15 13:14:01 CET 2026
#@# Parcellation Stats 2 rh Sun Mar 15 13:14:15 CET 2026
#@# Parcellation Stats 3 rh Sun Mar 15 13:14:23 CET 2026
#@# BA_exvivo Labels rh Sun Mar 15 13:14:30 CET 2026
recon-all -s sub-v2s10x30164_ses-1 finished without error at Sun Mar 15 13:16:16 CET 2026
