status file for recon-all
Sun Mar 15 08:11:31 CET 2026
#@# MotionCor Sun Mar 15 08:11:33 CET 2026
#@# Talairach Sun Mar 15 08:11:39 CET 2026
#@# Talairach Failure Detection Sun Mar 15 08:14:28 CET 2026
#@# Nu Intensity Correction Sun Mar 15 08:14:29 CET 2026
#@# Intensity Normalization Sun Mar 15 08:17:13 CET 2026
recon-all -s sub-v2s10x28963_ses-1 finished without error at Sun Mar 15 08:18:16 CET 2026



#New# invocation of recon-all 



status file for recon-all
Sun Mar 15 08:23:42 CET 2026
#@# EM Registration Sun Mar 15 08:23:42 CET 2026
recon-all -s sub-v2s10x28963_ses-1 finished without error at Sun Mar 15 08:24:53 CET 2026



#New# invocation of recon-all 



status file for recon-all
Sun Mar 15 08:24:56 CET 2026
#@# CA Normalize Sun Mar 15 08:24:56 CET 2026
#@# CA Reg Sun Mar 15 08:25:50 CET 2026
#@# SubCort Seg Sun Mar 15 08:55:34 CET 2026
#@# CC Seg Sun Mar 15 09:13:50 CET 2026
#@# Merge ASeg Sun Mar 15 09:14:09 CET 2026
#@# Intensity Normalization2 Sun Mar 15 09:14:09 CET 2026
#@# Mask BFS Sun Mar 15 09:15:36 CET 2026
#@# WM Segmentation Sun Mar 15 09:15:37 CET 2026
#@# Fill Sun Mar 15 09:17:07 CET 2026
recon-all -s sub-v2s10x28963_ses-1 finished without error at Sun Mar 15 09:17:44 CET 2026



#New# invocation of recon-all 



status file for recon-all
Sun Mar 15 09:44:34 CET 2026
#@# white curv lh Sun Mar 15 09:44:34 CET 2026
#@# white area lh Sun Mar 15 09:44:34 CET 2026
#@# pial curv lh Sun Mar 15 09:44:34 CET 2026
#@# pial area lh Sun Mar 15 09:44:34 CET 2026
#@# thickness lh Sun Mar 15 09:44:34 CET 2026
#@# area and vertex vol lh Sun Mar 15 09:44:34 CET 2026
#@# white curv rh Sun Mar 15 09:44:34 CET 2026
#@# white area rh Sun Mar 15 09:44:34 CET 2026
#@# pial curv rh Sun Mar 15 09:44:34 CET 2026
#@# pial area rh Sun Mar 15 09:44:34 CET 2026
#@# thickness rh Sun Mar 15 09:44:34 CET 2026
#@# area and vertex vol rh Sun Mar 15 09:44:34 CET 2026
#@# Cortical ribbon mask Sun Mar 15 09:44:34 CET 2026
recon-all -s sub-v2s10x28963_ses-1 finished without error at Sun Mar 15 09:47:41 CET 2026



#New# invocation of recon-all 



status file for recon-all
Sun Mar 15 09:51:32 CET 2026
#@# white curv lh Sun Mar 15 09:51:32 CET 2026
#@# white area lh Sun Mar 15 09:51:32 CET 2026
#@# pial curv lh Sun Mar 15 09:51:32 CET 2026
#@# pial area lh Sun Mar 15 09:51:32 CET 2026
#@# thickness lh Sun Mar 15 09:51:32 CET 2026
#@# area and vertex vol lh Sun Mar 15 09:51:32 CET 2026
#@# white curv rh Sun Mar 15 09:51:32 CET 2026
#@# white area rh Sun Mar 15 09:51:32 CET 2026
#@# pial curv rh Sun Mar 15 09:51:32 CET 2026
#@# pial area rh Sun Mar 15 09:51:32 CET 2026
#@# thickness rh Sun Mar 15 09:51:32 CET 2026
#@# area and vertex vol rh Sun Mar 15 09:51:32 CET 2026
#@# Curvature Stats lh Sun Mar 15 09:51:32 CET 2026
#@# Curvature Stats rh Sun Mar 15 09:51:34 CET 2026
#@# Relabel Hypointensities Sun Mar 15 09:51:35 CET 2026
#@# APas-to-ASeg Sun Mar 15 09:51:45 CET 2026
#@# AParc-to-ASeg aparc Sun Mar 15 09:51:49 CET 2026
#@# AParc-to-ASeg aparc.a2009s Sun Mar 15 09:52:09 CET 2026
#@# AParc-to-ASeg aparc.DKTatlas Sun Mar 15 09:52:30 CET 2026
#@# WMParc Sun Mar 15 09:52:49 CET 2026
#@# ASeg Stats Sun Mar 15 09:54:32 CET 2026
recon-all -s sub-v2s10x28963_ses-1 finished without error at Sun Mar 15 09:54:49 CET 2026
