/out/sourcedata/freesurfer/sub-v2s10x28971_ses-1/mri
/opt/freesurfer/bin/talairach_avi
--i orig_nu.mgz --xfm transforms/talairach.auto.xfm
talairach_avi 7.3.2
Linux dna088 5.14.0-427.37.1.el9_4.x86_64 #1 SMP PREEMPT_DYNAMIC Fri Sep 13 12:41:50 EDT 2024 x86_64 x86_64 x86_64 GNU/Linux
Sun Mar 15 08:14:19 CET 2026
mri_convert orig_nu.mgz talsrcimg.img 
reading from orig_nu.mgz...
TR=0.00, TE=0.00, TI=0.00, flip angle=0.00
i_ras = (-1, -2.41198e-09, 0)
j_ras = (0, 5.82077e-11, -1)
k_ras = (5.45697e-10, 1, -5.82077e-11)
writing to talsrcimg.img...
Analyze Output Matrix
-1.00000   0.00000   0.00000   128.66605;
-0.00000   0.00000   1.00000  -123.64829;
 0.00000  -1.00000  -0.00000   113.15324;
 0.00000   0.00000   0.00000   1.00000;
--------------------
INFO: set hdr.hist.orient to -1
mpr2mni305 talsrcimg
Sun Mar 15 08:14:19 CET 2026
/opt/freesurfer/bin/mpr2mni305 talsrcimg
mpr2mni305 7.3.2
target=711-2C_as_mni_average_305

---------------------------------------------------------------------
analyzeto4dfp talsrcimg -O0 -y
---------------------------------------------------------------------

freesurfer ifh2hdr.c
Sun Mar 15 08:14:20 2026
Writing: talsrcimg.4dfp.hdr
freesurfer analyzeto4dfp.c
Reading: talsrcimg.hdr
header size 348 bytes
hdr.dime.datatype	offset=70	value=2
hdr.dime.bitpix		offset=72	value=8
hdr.hist.orient		offset=252	value=-1
dimensionality     4
dimensions       256       256       256         1
Reading: talsrcimg.img
Writing: talsrcimg.4dfp.img
Writing: talsrcimg.4dfp.ifh
ifh2hdr talsrcimg -r0to168
ori=2

---------------------------------------------------------------------
gauss_4dfp talsrcimg 1.1
---------------------------------------------------------------------

freesurfer gauss_4dfp.c
Reading: talsrcimg.4dfp.img
Writing: talsrcimg_g11.4dfp.img
image dimensions 256 256 256 padded to 288 288 288
processing volume 1freesurfer ifh2hdr.c
Sun Mar 15 08:14:21 2026
Writing: talsrcimg_g11.4dfp.hdr

Writing: talsrcimg_g11.4dfp.ifh
including: talsrcimg.4dfp.img.rec in talsrcimg_g11.4dfp.img.rec

---------------------------------------------------------------------
imgreg_4dfp /opt/freesurfer/average/711-2C_as_mni_average_305 none talsrcimg_g11 none talsrcimg_to_711-2C_as_mni_average_305_t4 4355
---------------------------------------------------------------------

freesurfer imgreg_4dfp.c
/opt/freesurfer/average/711-2C_as_mni_average_305.4dfp.img
       256       256       256         1
  1.000000  1.000000  1.000000
orientation T byte_order littleendian
Reading image: /opt/freesurfer/average/711-2C_as_mni_average_305.4dfp.img
dimensions:      256       256       256
mmppix:       1.0000   -1.0000   -1.0000
center:     128.0000 -129.0000 -129.0000
talsrcimg_g11.4dfp.img
       256       256       256         1
  1.000000  1.000000  1.000000
orientation T byte_order littleendian
Reading image: talsrcimg_g11.4dfp.img
dimensions:      256       256       256
mmppix:       1.0000   -1.0000   -1.0000
center:     128.0000 -129.0000 -129.0000
t4_read: open error in t4_sub.f l:  41 t4_file(1:l)talsrcimg_to_711-2C_as_mni_average_305_t4 
t4_read: transform initialized to I4
rotation matrix determinant  1.000000
image alignment mode   4355 decimal     1103 hex
   -7.5000  -45.0000  -45.0000 7969.4302   19.4642
    0.0000  -45.0000  -45.0000 8301.3945   19.4609
    7.5000  -45.0000  -45.0000 7908.9565   19.4351
   -7.5000  -37.5000  -45.0000 8244.7627   19.4903
    0.0000  -37.5000  -45.0000 8564.6094   19.4801
    7.5000  -37.5000  -45.0000 8187.1489   19.4419
   -7.5000  -30.0000  -45.0000 8839.3135   19.1065
    0.0000  -30.0000  -45.0000 9176.5312   19.0917
    7.5000  -30.0000  -45.0000 8793.4873   19.0509
   -7.5000  -22.5000  -45.0000 9477.0850   18.8342
    0.0000  -22.5000  -45.0000 9856.7803   18.8166
    7.5000  -22.5000  -45.0000 9460.8857   18.7814
   -7.5000  -15.0000  -45.000010135.0859   18.6186
    0.0000  -15.0000  -45.000010575.9629   18.6049
    7.5000  -15.0000  -45.000010163.0215   18.5804
   -7.5000   -7.5000  -45.000010830.4580   18.4536
    0.0000   -7.5000  -45.000011325.7148   18.4462
    7.5000   -7.5000  -45.000010887.7363   18.4264
   -7.5000    0.0000  -45.000011505.8770   18.4197
    0.0000    0.0000  -45.000012079.7793   18.4135
    7.5000    0.0000  -45.000011593.6982   18.3879
   -7.5000    7.5000  -45.000011353.6777   18.8170
    0.0000    7.5000  -45.000011906.2031   18.8064
    7.5000    7.5000  -45.000011430.4062   18.7698
   -7.5000   15.0000  -45.000011076.1084   19.2986
    0.0000   15.0000  -45.000011616.9551   19.2854
    7.5000   15.0000  -45.000011164.3008   19.2436
   -7.5000   22.5000  -45.000010743.4102   19.7297
    0.0000   22.5000  -45.000011278.4121   19.7134
    7.5000   22.5000  -45.000010833.2959   19.6725
   -7.5000   30.0000  -45.000010345.5137   19.8544
    0.0000   30.0000  -45.000010861.9717   19.8409
    7.5000   30.0000  -45.000010414.1338   19.8050
   -7.5000   37.5000  -45.000010242.2822   20.1841
    0.0000   37.5000  -45.000010781.8008   20.1757
    7.5000   37.5000  -45.000010361.3652   20.1421
   -7.5000   45.0000  -45.0000 9805.4531   19.9933
    0.0000   45.0000  -45.000010299.5840   19.9812
    7.5000   45.0000  -45.0000 9907.5732   19.9407
   -7.5000  -45.0000  -37.5000 8253.2100   19.4243
    0.0000  -45.0000  -37.5000 8600.6523   19.4207
    7.5000  -45.0000  -37.5000 8234.1035   19.3976
   -7.5000  -37.5000  -37.5000 8576.0557   19.4426
    0.0000  -37.5000  -37.5000 8923.1484   19.4340
    7.5000  -37.5000  -37.5000 8557.3330   19.4000
   -7.5000  -30.0000  -37.5000 9205.1709   19.0560
    0.0000  -30.0000  -37.5000 9563.0469   19.0471
    7.5000  -30.0000  -37.5000 9188.8447   19.0119
   -7.5000  -22.5000  -37.5000 9915.3760   18.7870
    0.0000  -22.5000  -37.500010313.4727   18.7780
    7.5000  -22.5000  -37.5000 9920.2461   18.7473
   -7.5000  -15.0000  -37.500010640.0264   18.5760
    0.0000  -15.0000  -37.500011101.2109   18.5694
    7.5000  -15.0000  -37.500010683.2256   18.5466
   -7.5000   -7.5000  -37.500011374.0195   18.4084
    0.0000   -7.5000  -37.500011897.1318   18.4037
    7.5000   -7.5000  -37.500011454.1523   18.3844
   -7.5000    0.0000  -37.500012088.4863   18.3679
    0.0000    0.0000  -37.500012701.8008   18.3613
    7.5000    0.0000  -37.500012198.4160   18.3373
   -7.5000    7.5000  -37.500011909.4775   18.7592
    0.0000    7.5000  -37.500012513.5801   18.7501
    7.5000    7.5000  -37.500012018.4053   18.7173
   -7.5000   15.0000  -37.500011608.5176   19.2348
    0.0000   15.0000  -37.500012194.4697   19.2272
    7.5000   15.0000  -37.500011737.2207   19.1912
   -7.5000   22.5000  -37.500011264.0039   19.6637
    0.0000   22.5000  -37.500011834.7871   19.6575
    7.5000   22.5000  -37.500011365.4717   19.6230
   -7.5000   30.0000  -37.500010844.3574   19.7866
    0.0000   30.0000  -37.500011400.7725   19.7817
    7.5000   30.0000  -37.500010917.9316   19.7507
   -7.5000   37.5000  -37.500010753.4365   20.1165
    0.0000   37.5000  -37.500011324.8604   20.1125
    7.5000   37.5000  -37.500010855.8711   20.0824
   -7.5000   45.0000  -37.500010314.7832   19.9235
    0.0000   45.0000  -37.500010831.2422   19.9106
    7.5000   45.0000  -37.500010398.8838   19.8730
   -7.5000  -45.0000  -30.0000 8647.3154   20.2072
    0.0000  -45.0000  -30.0000 9011.9189   20.2052
    7.5000  -45.0000  -30.0000 8651.9883   20.1896
   -7.5000  -37.5000  -30.0000 9014.9062   20.2243
    0.0000  -37.5000  -30.0000 9380.8955   20.2175
    7.5000  -37.5000  -30.0000 9019.1865   20.1921
   -7.5000  -30.0000  -30.0000 9736.8535   19.8184
    0.0000  -30.0000  -30.000010126.0293   19.8148
    7.5000  -30.0000  -30.0000 9739.5986   19.7897
   -7.5000  -22.5000  -30.000010525.4727   19.5396
    0.0000  -22.5000  -30.000010964.7129   19.5402
    7.5000  -22.5000  -30.000010548.2295   19.5188
   -7.5000  -15.0000  -30.000011323.9590   19.3231
    0.0000  -15.0000  -30.000011799.4668   19.3264
    7.5000  -15.0000  -30.000011355.1816   19.3111
   -7.5000   -7.5000  -30.000012103.0957   19.1445
    0.0000   -7.5000  -30.000012626.9355   19.1453
    7.5000   -7.5000  -30.000012157.3975   19.1326
   -7.5000    0.0000  -30.000012860.4395   19.0959
    0.0000    0.0000  -30.000013456.3408   19.0904
    7.5000    0.0000  -30.000012930.4297   19.0731
   -7.5000    7.5000  -30.000012653.0469   19.5019
    0.0000    7.5000  -30.000013269.6484   19.4947
    7.5000    7.5000  -30.000012750.0947   19.4699
   -7.5000   15.0000  -30.000012360.2412   19.9951
    0.0000   15.0000  -30.000012973.5107   19.9935
    7.5000   15.0000  -30.000012469.1230   19.9677
   -7.5000   22.5000  -30.000011978.5547   20.4390
    0.0000   22.5000  -30.000012572.9316   20.4436
    7.5000   22.5000  -30.000012078.4443   20.4192
   -7.5000   30.0000  -30.000011518.0459   20.5722
    0.0000   30.0000  -30.000012113.6768   20.5795
    7.5000   30.0000  -30.000011610.3809   20.5580
   -7.5000   37.5000  -30.000011431.9248   20.9092
    0.0000   37.5000  -30.000012035.4785   20.9112
    7.5000   37.5000  -30.000011527.0869   20.8894
   -7.5000   45.0000  -30.000010936.6816   20.7082
    0.0000   45.0000  -30.000011491.4111   20.6959
    7.5000   45.0000  -30.000011011.5137   20.6665
   -7.5000  -45.0000  -22.5000 9077.3809   20.8396
    0.0000  -45.0000  -22.5000 9432.9189   20.8413
    7.5000  -45.0000  -22.5000 9076.1846   20.8327
   -7.5000  -37.5000  -22.5000 9477.7695   20.8617
    0.0000  -37.5000  -22.5000 9863.5869   20.8564
    7.5000  -37.5000  -22.5000 9479.0908   20.8370
   -7.5000  -30.0000  -22.500010242.2969   20.4421
    0.0000  -30.0000  -22.500010668.6514   20.4376
    7.5000  -30.0000  -22.500010275.5195   20.4177
   -7.5000  -22.5000  -22.500011101.0244   20.1487
    0.0000  -22.5000  -22.500011598.0938   20.1502
    7.5000  -22.5000  -22.500011156.3613   20.1348
   -7.5000  -15.0000  -22.500011985.3193   19.9199
    0.0000  -15.0000  -22.500012505.6191   19.9274
    7.5000  -15.0000  -22.500012030.6777   19.9196
   -7.5000   -7.5000  -22.500012819.2705   19.7319
    0.0000   -7.5000  -22.500013388.2432   19.7381
    7.5000   -7.5000  -22.500012868.4805   19.7335
   -7.5000    0.0000  -22.500013616.8818   19.6822
    0.0000    0.0000  -22.500014232.6445   19.6806
    7.5000    0.0000  -22.500013669.8574   19.6702
   -7.5000    7.5000  -22.500013388.8984   20.1055
    0.0000    7.5000  -22.500013983.6064   20.0996
    7.5000    7.5000  -22.500013434.6250   20.0805
   -7.5000   15.0000  -22.500013083.2529   20.6177
    0.0000   15.0000  -22.500013682.1270   20.6165
    7.5000   15.0000  -22.500013138.2295   20.5958
   -7.5000   22.5000  -22.500012661.2969   21.0733
    0.0000   22.5000  -22.500013269.8721   21.0789
    7.5000   22.5000  -22.500012735.7256   21.0590
   -7.5000   30.0000  -22.500012179.1562   21.2161
    0.0000   30.0000  -22.500012803.3311   21.2289
    7.5000   30.0000  -22.500012263.3594   21.2137
   -7.5000   37.5000  -22.500012086.4375   21.5543
    0.0000   37.5000  -22.500012711.5449   21.5608
    7.5000   37.5000  -22.500012173.6113   21.5464
   -7.5000   45.0000  -22.500011524.5361   21.3486
    0.0000   45.0000  -22.500012106.6865   21.3407
    7.5000   45.0000  -22.500011591.7695   21.3195
   -7.5000  -45.0000  -15.0000 9500.3066   21.2188
    0.0000  -45.0000  -15.0000 9891.7256   21.2234
    7.5000  -45.0000  -15.0000 9516.3477   21.2150
   -7.5000  -37.5000  -15.0000 9939.5205   21.2456
    0.0000  -37.5000  -15.000010356.9854   21.2406
    7.5000  -37.5000  -15.0000 9970.3525   21.2187
   -7.5000  -30.0000  -15.000010770.7275   20.8197
    0.0000  -30.0000  -15.000011251.9561   20.8100
    7.5000  -30.0000  -15.000010829.4053   20.7853
   -7.5000  -22.5000  -15.000011697.8418   20.5136
    0.0000  -22.5000  -15.000012231.4600   20.5072
    7.5000  -22.5000  -15.000011769.8574   20.4882
   -7.5000  -15.0000  -15.000012608.5830   20.2710
    0.0000  -15.0000  -15.000013182.3984   20.2732
    7.5000  -15.0000  -15.000012698.4570   20.2653
   -7.5000   -7.5000  -15.000013480.3711   20.0765
    0.0000   -7.5000  -15.000014108.6592   20.0830
    7.5000   -7.5000  -15.000013567.1699   20.0800
   -7.5000    0.0000  -15.000014324.8008   20.0294
    0.0000    0.0000  -15.000014971.7695   20.0313
    7.5000    0.0000  -15.000014390.4033   20.0219
   -7.5000    7.5000  -15.000014124.3262   20.4644
    0.0000    7.5000  -15.000014722.1885   20.4590
    7.5000    7.5000  -15.000014137.8340   20.4379
   -7.5000   15.0000  -15.000013768.8086   20.9906
    0.0000   15.0000  -15.000014360.3418   20.9847
    7.5000   15.0000  -15.000013819.2744   20.9591
   -7.5000   22.5000  -15.000013321.6738   21.4547
    0.0000   22.5000  -15.000013918.5791   21.4513
    7.5000   22.5000  -15.000013390.2959   21.4259
   -7.5000   30.0000  -15.000012818.2539   21.6056
    0.0000   30.0000  -15.000013437.2285   21.6126
    7.5000   30.0000  -15.000012886.8584   21.5938
   -7.5000   37.5000  -15.000012693.5742   21.9452
    0.0000   37.5000  -15.000013330.4219   21.9506
    7.5000   37.5000  -15.000012774.2881   21.9353
   -7.5000   45.0000  -15.000012078.6982   21.7468
    0.0000   45.0000  -15.000012670.5264   21.7433
    7.5000   45.0000  -15.000012116.6494   21.7223
   -7.5000  -45.0000   -7.5000 9958.2891   21.3592
    0.0000  -45.0000   -7.500010377.1465   21.3622
    7.5000  -45.0000   -7.5000 9993.5820   21.3449
   -7.5000  -37.5000   -7.500010454.5596   21.3826
    0.0000  -37.5000   -7.500010916.5615   21.3769
    7.5000  -37.5000   -7.500010507.6143   21.3454
   -7.5000  -30.0000   -7.500011359.6074   20.9539
    0.0000  -30.0000   -7.500011874.2354   20.9410
    7.5000  -30.0000   -7.500011423.5312   20.9059
   -7.5000  -22.5000   -7.500012323.4131   20.6430
    0.0000  -22.5000   -7.500012887.1768   20.6289
    7.5000  -22.5000   -7.500012397.2598   20.6002
   -7.5000  -15.0000   -7.500013259.4434   20.3939
    0.0000  -15.0000   -7.500013864.9385   20.3869
    7.5000  -15.0000   -7.500013356.7764   20.3706
   -7.5000   -7.5000   -7.500014162.1533   20.1988
    0.0000   -7.5000   -7.500014820.0049   20.1996
    7.5000   -7.5000   -7.500014274.7031   20.1890
   -7.5000    0.0000   -7.500015035.0205   20.1550
    0.0000    0.0000   -7.500015709.2666   20.1557
    7.5000    0.0000   -7.500015126.8301   20.1384
   -7.5000    7.5000   -7.500014829.7725   20.5902
    0.0000    7.5000   -7.500015443.1611   20.5842
    7.5000    7.5000   -7.500014872.3682   20.5543
   -7.5000   15.0000   -7.500014463.9570   21.1193
    0.0000   15.0000   -7.500015032.9795   21.1098
    7.5000   15.0000   -7.500014519.7354   21.0736
   -7.5000   22.5000   -7.500013986.6826   21.5856
    0.0000   22.5000   -7.500014548.3359   21.5735
    7.5000   22.5000   -7.500014045.0322   21.5376
   -7.5000   30.0000   -7.500013442.4717   21.7408
    0.0000   30.0000   -7.500014053.0088   21.7360
    7.5000   30.0000   -7.500013508.7441   21.7068
   -7.5000   37.5000   -7.500013309.2324   22.0890
    0.0000   37.5000   -7.500013918.6689   22.0882
    7.5000   37.5000   -7.500013366.1279   22.0627
   -7.5000   45.0000   -7.500012628.0225   21.9084
    0.0000   45.0000   -7.500013186.2041   21.9035
    7.5000   45.0000   -7.500012638.9834   21.8718
   -7.5000  -45.0000    0.000010366.1963   21.3674
    0.0000  -45.0000    0.000010838.7793   21.3673
    7.5000  -45.0000    0.000010414.7305   21.3428
   -7.5000  -37.5000    0.000010934.0684   21.3839
    0.0000  -37.5000    0.000011436.6699   21.3769
    7.5000  -37.5000    0.000010989.2236   21.3390
   -7.5000  -30.0000    0.000011842.1514   20.9536
    0.0000  -30.0000    0.000012411.9795   20.9414
    7.5000  -30.0000    0.000011923.8691   20.9009
   -7.5000  -22.5000    0.000012824.2695   20.6444
    0.0000  -22.5000    0.000013425.2744   20.6295
    7.5000  -22.5000    0.000012910.6689   20.5948
   -7.5000  -15.0000    0.000013817.9072   20.3970
    0.0000  -15.0000    0.000014461.3613   20.3863
    7.5000  -15.0000    0.000013918.3105   20.3631
   -7.5000   -7.5000    0.000014754.2871   20.2045
    0.0000   -7.5000    0.000015448.3711   20.2006
    7.5000   -7.5000    0.000014875.2061   20.1824
   -7.5000    0.0000    0.000015623.4697   20.1609
    0.0000    0.0000    0.000016307.3301   20.1583
    7.5000    0.0000    0.000015743.0596   20.1340
   -7.5000    7.5000    0.000015407.8779   20.5909
    0.0000    7.5000    0.000016053.3633   20.5839
    7.5000    7.5000    0.000015496.3281   20.5479
   -7.5000   15.0000    0.000015087.0986   21.1152
    0.0000   15.0000    0.000015663.3984   21.1056
    7.5000   15.0000    0.000015118.7402   21.0642
   -7.5000   22.5000    0.000014585.5928   21.5803
    0.0000   22.5000    0.000015123.6992   21.5675
    7.5000   22.5000    0.000014601.3789   21.5270
   -7.5000   30.0000    0.000014002.6953   21.7342
    0.0000   30.0000    0.000014556.0840   21.7244
    7.5000   30.0000    0.000014036.0264   21.6891
   -7.5000   37.5000    0.000013820.7578   22.0931
    0.0000   37.5000    0.000014366.4902   22.0888
    7.5000   37.5000    0.000013853.5684   22.0559
   -7.5000   45.0000    0.000013095.9629   21.9274
    0.0000   45.0000    0.000013601.9414   21.9191
    7.5000   45.0000    0.000013111.9424   21.8785
   -7.5000  -45.0000    7.5000 9969.5879   21.3942
    0.0000  -45.0000    7.500010428.9883   21.3926
    7.5000  -45.0000    7.5000 9993.7969   21.3700
   -7.5000  -37.5000    7.500010524.3369   21.4061
    0.0000  -37.5000    7.500011011.0840   21.3993
    7.5000  -37.5000    7.500010564.7529   21.3650
   -7.5000  -30.0000    7.500011429.2422   20.9736
    0.0000  -30.0000    7.500011957.7588   20.9666
    7.5000  -30.0000    7.500011484.2266   20.9310
   -7.5000  -22.5000    7.500012415.4863   20.6696
    0.0000  -22.5000    7.500012981.8682   20.6626
    7.5000  -22.5000    7.500012468.4668   20.6318
   -7.5000  -15.0000    7.500013361.5557   20.4288
    0.0000  -15.0000    7.500013995.4746   20.4243
    7.5000  -15.0000    7.500013439.0293   20.4022
   -7.5000   -7.5000    7.500014249.9453   20.2357
    0.0000   -7.5000    7.500014942.1709   20.2332
    7.5000   -7.5000    7.500014363.2031   20.2149
   -7.5000    0.0000    7.500015058.8359   20.1863
    0.0000    0.0000    7.500015755.0498   20.1819
    7.5000    0.0000    7.500015195.4277   20.1584
   -7.5000    7.5000    7.500014835.7627   20.6130
    0.0000    7.5000    7.500015510.2178   20.6061
    7.5000    7.5000    7.500014947.5439   20.5733
   -7.5000   15.0000    7.500014546.4971   21.1340
    0.0000   15.0000    7.500015128.4980   21.1290
    7.5000   15.0000    7.500014611.6787   21.0926
   -7.5000   22.5000    7.500014061.5693   21.5991
    0.0000   22.5000    7.500014558.5879   21.5957
    7.5000   22.5000    7.500014105.6396   21.5609
   -7.5000   30.0000    7.500013508.8184   21.7520
    0.0000   30.0000    7.500013939.5645   21.7498
    7.5000   30.0000    7.500013523.4990   21.7187
   -7.5000   37.5000    7.500013345.1572   22.1141
    0.0000   37.5000    7.500013751.2002   22.1129
    7.5000   37.5000    7.500013348.9385   22.0828
   -7.5000   45.0000    7.500012634.3213   21.9464
    0.0000   45.0000    7.500013013.3838   21.9356
    7.5000   45.0000    7.500012626.7520   21.8970
   -7.5000  -45.0000   15.0000 9503.5918   21.5367
    0.0000  -45.0000   15.0000 9915.1562   21.5369
    7.5000  -45.0000   15.0000 9524.8955   21.5221
   -7.5000  -37.5000   15.000010055.4854   21.5437
    0.0000  -37.5000   15.000010501.2246   21.5391
    7.5000  -37.5000   15.000010070.6963   21.5139
   -7.5000  -30.0000   15.000010955.4561   21.1084
    0.0000  -30.0000   15.000011448.0352   21.1073
    7.5000  -30.0000   15.000010974.8516   21.0825
   -7.5000  -22.5000   15.000011875.8193   20.8081
    0.0000  -22.5000   15.000012425.9209   20.8114
    7.5000  -22.5000   15.000011891.4316   20.7905
   -7.5000  -15.0000   15.000012790.5283   20.5737
    0.0000  -15.0000   15.000013406.6289   20.5799
    7.5000  -15.0000   15.000012828.1348   20.5653
   -7.5000   -7.5000   15.000013660.9326   20.3792
    0.0000   -7.5000   15.000014322.1191   20.3827
    7.5000   -7.5000   15.000013743.2910   20.3708
   -7.5000    0.0000   15.000014448.4580   20.3250
    0.0000    0.0000   15.000015108.2412   20.3218
    7.5000    0.0000   15.000014560.3311   20.3052
   -7.5000    7.5000   15.000014227.8721   20.7499
    0.0000    7.5000   15.000014848.9756   20.7450
    7.5000    7.5000   15.000014327.6650   20.7206
   -7.5000   15.0000   15.000013915.1562   21.2673
    0.0000   15.0000   15.000014471.1426   21.2685
    7.5000   15.0000   15.000014013.0977   21.2429
   -7.5000   22.5000   15.000013515.3320   21.7289
    0.0000   22.5000   15.000014014.2803   21.7365
    7.5000   22.5000   15.000013620.3164   21.7123
   -7.5000   30.0000   15.000013012.5645   21.8773
    0.0000   30.0000   15.000013480.7725   21.8876
    7.5000   30.0000   15.000013089.5615   21.8665
   -7.5000   37.5000   15.000012880.6826   22.2299
    0.0000   37.5000   15.000013323.6836   22.2345
    7.5000   37.5000   15.000012897.5850   22.2129
   -7.5000   45.0000   15.000012165.7012   22.0416
    0.0000   45.0000   15.000012571.6543   22.0308
    7.5000   45.0000   15.000012152.1699   22.0012
   -7.5000  -45.0000   22.5000 8973.7676   21.7572
    0.0000  -45.0000   22.5000 9374.5693   21.7603
    7.5000  -45.0000   22.5000 8980.1963   21.7510
   -7.5000  -37.5000   22.5000 9491.1045   21.7575
    0.0000  -37.5000   22.5000 9905.2764   21.7535
    7.5000  -37.5000   22.5000 9505.3389   21.7333
   -7.5000  -30.0000   22.500010357.0752   21.3222
    0.0000  -30.0000   22.500010825.9248   21.3191
    7.5000  -30.0000   22.500010388.6689   21.2984
   -7.5000  -22.5000   22.500011230.4580   21.0198
    0.0000  -22.5000   22.500011750.9092   21.0230
    7.5000  -22.5000   22.500011275.3350   21.0068
   -7.5000  -15.0000   22.500012117.4082   20.7854
    0.0000  -15.0000   22.500012695.3945   20.7948
    7.5000  -15.0000   22.500012169.5449   20.7864
   -7.5000   -7.5000   22.500012975.6094   20.5923
    0.0000   -7.5000   22.500013593.3545   20.6003
    7.5000   -7.5000   22.500013053.2930   20.5950
   -7.5000    0.0000   22.500013741.9580   20.5404
    0.0000    0.0000   22.500014385.6895   20.5403
    7.5000    0.0000   22.500013844.5195   20.5290
   -7.5000    7.5000   22.500013543.8379   20.9636
    0.0000    7.5000   22.500014168.2891   20.9591
    7.5000    7.5000   22.500013656.4570   20.9392
   -7.5000   15.0000   22.500013306.7119   21.4775
    0.0000   15.0000   22.500013887.0273   21.4781
    7.5000   15.0000   22.500013395.8945   21.4565
   -7.5000   22.5000   22.500012930.9600   21.9292
    0.0000   22.5000   22.500013484.8896   21.9368
    7.5000   22.5000   22.500013003.4141   21.9160
   -7.5000   30.0000   22.500012424.1328   22.0652
    0.0000   30.0000   22.500012949.9854   22.0803
    7.5000   30.0000   22.500012481.5029   22.0643
   -7.5000   37.5000   22.500012296.9658   22.3984
    0.0000   37.5000   22.500012796.7109   22.4067
    7.5000   37.5000   22.500012310.2900   22.3919
   -7.5000   45.0000   22.500011605.8535   22.1846
    0.0000   45.0000   22.500012073.3291   22.1781
    7.5000   45.0000   22.500011610.2256   22.1562
   -7.5000  -45.0000   30.0000 8391.9492   21.9497
    0.0000  -45.0000   30.0000 8731.9551   21.9557
    7.5000  -45.0000   30.0000 8382.1582   21.9450
   -7.5000  -37.5000   30.0000 8879.0889   21.9422
    0.0000  -37.5000   30.0000 9233.1416   21.9383
    7.5000  -37.5000   30.0000 8901.6523   21.9140
   -7.5000  -30.0000   30.0000 9695.2998   21.5104
    0.0000  -30.0000   30.000010108.9307   21.5015
    7.5000  -30.0000   30.0000 9730.3545   21.4742
   -7.5000  -22.5000   30.000010518.3301   21.2049
    0.0000  -22.5000   30.000011014.6924   21.1995
    7.5000  -22.5000   30.000010571.6592   21.1780
   -7.5000  -15.0000   30.000011343.7773   20.9663
    0.0000  -15.0000   30.000011914.3428   20.9699
    7.5000  -15.0000   30.000011426.9980   20.9597
   -7.5000   -7.5000   30.000012161.4727   20.7751
    0.0000   -7.5000   30.000012779.8633   20.7832
    7.5000   -7.5000   30.000012254.6406   20.7780
   -7.5000    0.0000   30.000012909.6719   20.7289
    0.0000    0.0000   30.000013567.9834   20.7321
    7.5000    0.0000   30.000013008.5518   20.7202
   -7.5000    7.5000   30.000012761.5811   21.1490
    0.0000    7.5000   30.000013393.5820   21.1448
    7.5000    7.5000   30.000012849.1133   21.1210
   -7.5000   15.0000   30.000012524.7100   21.6566
    0.0000   15.0000   30.000013121.6738   21.6517
    7.5000   15.0000   30.000012589.7949   21.6232
   -7.5000   22.5000   30.000012164.8545   22.0958
    0.0000   22.5000   30.000012705.9873   22.0935
    7.5000   22.5000   30.000012218.2969   22.0654
   -7.5000   30.0000   30.000011671.4844   22.2166
    0.0000   30.0000   30.000012184.6826   22.2251
    7.5000   30.0000   30.000011719.1367   22.2040
   -7.5000   37.5000   30.000011534.4541   22.5313
    0.0000   37.5000   30.000012016.8203   22.5381
    7.5000   37.5000   30.000011550.1426   22.5208
   -7.5000   45.0000   30.000010896.4736   22.3027
    0.0000   45.0000   30.000011353.6572   22.3002
    7.5000   45.0000   30.000010910.6230   22.2772
   -7.5000  -45.0000   37.5000 8081.2822   22.1963
    0.0000  -45.0000   37.5000 8400.4082   22.2009
    7.5000  -45.0000   37.5000 8072.5220   22.1798
   -7.5000  -37.5000   37.5000 8551.0537   22.1704
    0.0000  -37.5000   37.5000 8910.2734   22.1655
    7.5000  -37.5000   37.5000 8582.4746   22.1297
   -7.5000  -30.0000   37.5000 9348.6670   21.7383
    0.0000  -30.0000   37.5000 9764.1250   21.7257
    7.5000  -30.0000   37.5000 9387.2080   21.6859
   -7.5000  -22.5000   37.500010159.6709   21.4328
    0.0000  -22.5000   37.500010653.2588   21.4189
    7.5000  -22.5000   37.500010233.5078   21.3856
   -7.5000  -15.0000   37.500010975.7812   21.1928
    0.0000  -15.0000   37.500011519.6670   21.1865
    7.5000  -15.0000   37.500011062.6455   21.1664
   -7.5000   -7.5000   37.500011805.3516   21.0052
    0.0000   -7.5000   37.500012395.2002   21.0073
    7.5000   -7.5000   37.500011898.6602   20.9930
   -7.5000    0.0000   37.500012543.7744   20.9636
    0.0000    0.0000   37.500013173.9463   20.9655
    7.5000    0.0000   37.500012648.7236   20.9441
   -7.5000    7.5000   37.500012370.5791   21.3740
    0.0000    7.5000   37.500012979.5771   21.3690
    7.5000    7.5000   37.500012459.7969   21.3343
   -7.5000   15.0000   37.500012111.8516   21.8685
    0.0000   15.0000   37.500012678.4678   21.8593
    7.5000   15.0000   37.500012171.7227   21.8182
   -7.5000   22.5000   37.500011730.7012   22.2955
    0.0000   22.5000   37.500012257.4297   22.2837
    7.5000   22.5000   37.500011784.4980   22.2431
   -7.5000   30.0000   37.500011222.8428   22.4013
    0.0000   30.0000   37.500011734.2324   22.3975
    7.5000   30.0000   37.500011284.2637   22.3644
   -7.5000   37.5000   37.500011097.5850   22.7093
    0.0000   37.5000   37.500011577.7764   22.7097
    7.5000   37.5000   37.500011134.4707   22.6807
   -7.5000   45.0000   37.500010530.4121   22.4794
    0.0000   45.0000   37.500010994.9355   22.4755
    7.5000   45.0000   37.500010547.9121   22.4404
   -7.5000  -45.0000   45.0000 7412.4409   22.4087
    0.0000  -45.0000   45.0000 7706.2100   22.4122
    7.5000  -45.0000   45.0000 7420.9751   22.3842
   -7.5000  -37.5000   45.0000 7877.4492   22.3587
    0.0000  -37.5000   45.0000 8195.1807   22.3545
    7.5000  -37.5000   45.0000 7903.4897   22.3123
   -7.5000  -30.0000   45.0000 8615.5205   21.9242
    0.0000  -30.0000   45.0000 8970.1025   21.9147
    7.5000  -30.0000   45.0000 8661.4873   21.8693
   -7.5000  -22.5000   45.0000 9388.6943   21.6224
    0.0000  -22.5000   45.0000 9809.8604   21.6102
    7.5000  -22.5000   45.0000 9475.8311   21.5710
   -7.5000  -15.0000   45.000010169.0586   21.3861
    0.0000  -15.0000   45.000010649.5898   21.3784
    7.5000  -15.0000   45.000010256.0420   21.3515
   -7.5000   -7.5000   45.000010932.8623   21.2021
    0.0000   -7.5000   45.000011460.6211   21.2016
    7.5000   -7.5000   45.000011017.2285   21.1799
   -7.5000    0.0000   45.000011592.2559   21.1607
    0.0000    0.0000   45.000012156.2236   21.1613
    7.5000    0.0000   45.000011687.6533   21.1329
   -7.5000    7.5000   45.000011406.4863   21.5583
    0.0000    7.5000   45.000011965.6035   21.5539
    7.5000    7.5000   45.000011498.2979   21.5131
   -7.5000   15.0000   45.000011118.6152   22.0374
    0.0000   15.0000   45.000011659.2002   22.0303
    7.5000   15.0000   45.000011194.0898   21.9835
   -7.5000   22.5000   45.000010754.2666   22.4510
    0.0000   22.5000   45.000011256.6230   22.4411
    7.5000   22.5000   45.000010822.3350   22.3955
   -7.5000   30.0000   45.000010276.1406   22.5378
    0.0000   30.0000   45.000010768.7686   22.5315
    7.5000   30.0000   45.000010361.5635   22.4923
   -7.5000   37.5000   45.000010169.4336   22.8445
    0.0000   37.5000   45.000010640.6943   22.8438
    7.5000   37.5000   45.000010238.8486   22.8077
   -7.5000   45.0000   45.0000 9681.6758   22.6281
    0.0000   45.0000   45.000010143.2783   22.6226
    7.5000   45.0000   45.0000 9731.2588   22.5788

---------------------------------------------------------------------
imgreg_4dfp /opt/freesurfer/average/711-2C_as_mni_average_305 /opt/freesurfer/average/711-2B_as_mni_average_305_mask talsrcimg_g11 none talsrcimg_to_711-2C_as_mni_average_305_t4 4355
---------------------------------------------------------------------

freesurfer imgreg_4dfp.c
/opt/freesurfer/average/711-2C_as_mni_average_305.4dfp.img
       256       256       256         1
  1.000000  1.000000  1.000000
orientation T byte_order littleendian
Reading image: /opt/freesurfer/average/711-2C_as_mni_average_305.4dfp.img
dimensions:      256       256       256
mmppix:       1.0000   -1.0000   -1.0000
center:     128.0000 -129.0000 -129.0000
/opt/freesurfer/average/711-2B_as_mni_average_305_mask.4dfp.img
       256       256       256         1
  1.000000  1.000000  1.000000
orientation T byte_order littleendian
Reading mask: /opt/freesurfer/average/711-2B_as_mni_average_305_mask.4dfp.img (2306576 pixels)
talsrcimg_g11.4dfp.img
       256       256       256         1
  1.000000  1.000000  1.000000
orientation T byte_order littleendian
Reading image: talsrcimg_g11.4dfp.img
dimensions:      256       256       256
mmppix:       1.0000   -1.0000   -1.0000
center:     128.0000 -129.0000 -129.0000
rotation matrix determinant  1.000000
image alignment mode   4355 decimal     1103 hex
   -7.5000  -45.0000  -45.0000 2059.6379   27.4763
    0.0000  -45.0000  -45.0000 2079.5676   27.2682
    7.5000  -45.0000  -45.0000 2058.4102   27.4244
   -7.5000  -37.5000  -45.0000 2092.1980   26.0841
    0.0000  -37.5000  -45.0000 2104.1992   25.7800
    7.5000  -37.5000  -45.0000 2090.1106   25.9759
   -7.5000  -30.0000  -45.0000 2129.8582   24.7383
    0.0000  -30.0000  -45.0000 2139.2053   24.3797
    7.5000  -30.0000  -45.0000 2126.8918   24.5925
   -7.5000  -22.5000  -45.0000 2165.0535   23.4996
    0.0000  -22.5000  -45.0000 2176.5583   23.1765
    7.5000  -22.5000  -45.0000 2166.2798   23.3057
   -7.5000  -15.0000  -45.0000 2205.8035   22.4029
    0.0000  -15.0000  -45.0000 2220.9578   22.0954
    7.5000  -15.0000  -45.0000 2213.7395   22.2321
   -7.5000   -7.5000  -45.0000 2251.5339   21.5517
    0.0000   -7.5000  -45.0000 2270.6228   21.2556
    7.5000   -7.5000  -45.0000 2259.1853   21.4175
   -7.5000    0.0000  -45.0000 2277.7559   20.9053
    0.0000    0.0000  -45.0000 2302.5938   20.6294
    7.5000    0.0000  -45.0000 2288.8042   20.7537
   -7.5000    7.5000  -45.0000 2289.0215   20.4465
    0.0000    7.5000  -45.0000 2315.0488   20.1341
    7.5000    7.5000  -45.0000 2303.7993   20.2408
   -7.5000   15.0000  -45.0000 2289.9338   20.1788
    0.0000   15.0000  -45.0000 2312.9827   19.8633
    7.5000   15.0000  -45.0000 2305.6318   19.9437
   -7.5000   22.5000  -45.0000 2289.4973   20.2342
    0.0000   22.5000  -45.0000 2312.4849   19.8453
    7.5000   22.5000  -45.0000 2305.0442   19.9462
   -7.5000   30.0000  -45.0000 2279.8359   20.5542
    0.0000   30.0000  -45.0000 2303.1270   20.1965
    7.5000   30.0000  -45.0000 2295.4043   20.2657
   -7.5000   37.5000  -45.0000 2247.7349   21.3744
    0.0000   37.5000  -45.0000 2278.3933   20.9772
    7.5000   37.5000  -45.0000 2269.8413   21.0594
   -7.5000   45.0000  -45.0000 2204.2654   22.5410
    0.0000   45.0000  -45.0000 2231.7776   22.1136
    7.5000   45.0000  -45.0000 2222.6279   22.1533
   -7.5000  -45.0000  -37.5000 2119.2461   25.9260
    0.0000  -45.0000  -37.5000 2138.0647   25.6095
    7.5000  -45.0000  -37.5000 2123.8330   25.8727
   -7.5000  -37.5000  -37.5000 2160.8689   24.5027
    0.0000  -37.5000  -37.5000 2172.3923   24.1410
    7.5000  -37.5000  -37.5000 2161.0261   24.3886
   -7.5000  -30.0000  -37.5000 2200.5237   23.1231
    0.0000  -30.0000  -37.5000 2213.3364   22.7414
    7.5000  -30.0000  -37.5000 2201.3770   22.9679
   -7.5000  -22.5000  -37.5000 2248.7920   21.9079
    0.0000  -22.5000  -37.5000 2262.0271   21.5733
    7.5000  -22.5000  -37.5000 2251.0127   21.7249
   -7.5000  -15.0000  -37.5000 2299.9143   20.8139
    0.0000  -15.0000  -37.5000 2321.5474   20.5195
    7.5000  -15.0000  -37.5000 2308.8765   20.6724
   -7.5000   -7.5000  -37.5000 2347.5796   19.9208
    0.0000   -7.5000  -37.5000 2372.5203   19.6502
    7.5000   -7.5000  -37.5000 2358.1489   19.7919
   -7.5000    0.0000  -37.5000 2375.8230   19.2859
    0.0000    0.0000  -37.5000 2404.1880   19.0261
    7.5000    0.0000  -37.5000 2390.0676   19.1419
   -7.5000    7.5000  -37.5000 2385.8298   18.8900
    0.0000    7.5000  -37.5000 2413.4148   18.6156
    7.5000    7.5000  -37.5000 2401.8882   18.7088
   -7.5000   15.0000  -37.5000 2383.6604   18.6842
    0.0000   15.0000  -37.5000 2411.1770   18.4222
    7.5000   15.0000  -37.5000 2403.5935   18.4912
   -7.5000   22.5000  -37.5000 2383.0884   18.7798
    0.0000   22.5000  -37.5000 2410.5129   18.4594
    7.5000   22.5000  -37.5000 2400.3728   18.5136
   -7.5000   30.0000  -37.5000 2369.2002   19.0552
    0.0000   30.0000  -37.5000 2401.1624   18.7086
    7.5000   30.0000  -37.5000 2391.4104   18.7693
   -7.5000   37.5000  -37.5000 2341.0315   19.7205
    0.0000   37.5000  -37.5000 2376.0725   19.3635
    7.5000   37.5000  -37.5000 2367.7603   19.4480
   -7.5000   45.0000  -37.5000 2295.8340   20.8127
    0.0000   45.0000  -37.5000 2328.7539   20.4314
    7.5000   45.0000  -37.5000 2320.8276   20.4927
   -7.5000  -45.0000  -30.0000 2193.4385   25.4841
    0.0000  -45.0000  -30.0000 2207.2869   25.1959
    7.5000  -45.0000  -30.0000 2199.4048   25.5124
   -7.5000  -37.5000  -30.0000 2242.4807   23.9992
    0.0000  -37.5000  -30.0000 2256.4636   23.6430
    7.5000  -37.5000  -30.0000 2247.3005   23.9242
   -7.5000  -30.0000  -30.0000 2299.3093   22.5475
    0.0000  -30.0000  -30.0000 2315.2905   22.2101
    7.5000  -30.0000  -30.0000 2303.1367   22.4598
   -7.5000  -22.5000  -30.0000 2362.8738   21.2496
    0.0000  -22.5000  -30.0000 2382.7949   20.9283
    7.5000  -22.5000  -30.0000 2368.1658   21.1180
   -7.5000  -15.0000  -30.0000 2421.0081   20.0963
    0.0000  -15.0000  -30.0000 2446.5618   19.8138
    7.5000  -15.0000  -30.0000 2428.0881   19.9605
   -7.5000   -7.5000  -30.0000 2468.6990   19.1635
    0.0000   -7.5000  -30.0000 2493.8406   18.8606
    7.5000   -7.5000  -30.0000 2481.0679   18.9968
   -7.5000    0.0000  -30.0000 2501.8560   18.4692
    0.0000    0.0000  -30.0000 2528.8008   18.2041
    7.5000    0.0000  -30.0000 2514.3049   18.2655
   -7.5000    7.5000  -30.0000 2522.1570   18.0535
    0.0000    7.5000  -30.0000 2550.0305   17.7994
    7.5000    7.5000  -30.0000 2538.3762   17.8602
   -7.5000   15.0000  -30.0000 2530.2627   17.8749
    0.0000   15.0000  -30.0000 2561.4443   17.6193
    7.5000   15.0000  -30.0000 2546.4163   17.6862
   -7.5000   22.5000  -30.0000 2531.1770   17.9375
    0.0000   22.5000  -30.0000 2562.8872   17.6970
    7.5000   22.5000  -30.0000 2550.5364   17.7456
   -7.5000   30.0000  -30.0000 2518.1091   18.2455
    0.0000   30.0000  -30.0000 2554.1130   17.9813
    7.5000   30.0000  -30.0000 2543.7720   18.0416
   -7.5000   37.5000  -30.0000 2485.2441   18.9278
    0.0000   37.5000  -30.0000 2524.1938   18.6246
    7.5000   37.5000  -30.0000 2515.6318   18.6962
   -7.5000   45.0000  -30.0000 2431.6187   19.9536
    0.0000   45.0000  -30.0000 2472.0166   19.6410
    7.5000   45.0000  -30.0000 2461.5054   19.6893
   -7.5000  -45.0000  -22.5000 2236.2029   25.0111
    0.0000  -45.0000  -22.5000 2245.9983   24.6278
    7.5000  -45.0000  -22.5000 2240.0293   24.9329
   -7.5000  -37.5000  -22.5000 2291.9951   23.3572
    0.0000  -37.5000  -22.5000 2312.0876   23.0113
    7.5000  -37.5000  -22.5000 2296.1482   23.2168
   -7.5000  -30.0000  -22.5000 2360.8337   21.8038
    0.0000  -30.0000  -22.5000 2378.1882   21.4550
    7.5000  -30.0000  -22.5000 2366.9673   21.6865
   -7.5000  -22.5000  -22.5000 2437.2305   20.4639
    0.0000  -22.5000  -22.5000 2462.2241   20.1186
    7.5000  -22.5000  -22.5000 2442.8308   20.3476
   -7.5000  -15.0000  -22.5000 2504.5664   19.3057
    0.0000  -15.0000  -22.5000 2528.5532   18.9659
    7.5000  -15.0000  -22.5000 2511.9658   19.1822
   -7.5000   -7.5000  -22.5000 2559.1946   18.3369
    0.0000   -7.5000  -22.5000 2583.9446   18.0243
    7.5000   -7.5000  -22.5000 2568.6511   18.1495
   -7.5000    0.0000  -22.5000 2604.0420   17.5729
    0.0000    0.0000  -22.5000 2630.7263   17.3650
    7.5000    0.0000  -22.5000 2618.6960   17.3910
   -7.5000    7.5000  -22.5000 2631.7380   17.1148
    0.0000    7.5000  -22.5000 2659.8108   16.9025
    7.5000    7.5000  -22.5000 2649.5332   16.9257
   -7.5000   15.0000  -22.5000 2650.3137   16.9083
    0.0000   15.0000  -22.5000 2686.5215   16.6604
    7.5000   15.0000  -22.5000 2668.7429   16.6938
   -7.5000   22.5000  -22.5000 2664.5410   16.9826
    0.0000   22.5000  -22.5000 2700.5085   16.7292
    7.5000   22.5000  -22.5000 2678.9768   16.8014
   -7.5000   30.0000  -22.5000 2648.0449   17.3544
    0.0000   30.0000  -22.5000 2693.7827   17.1088
    7.5000   30.0000  -22.5000 2674.0078   17.1574
   -7.5000   37.5000  -22.5000 2610.9148   18.0224
    0.0000   37.5000  -22.5000 2657.3494   17.7773
    7.5000   37.5000  -22.5000 2642.8210   17.8194
   -7.5000   45.0000  -22.5000 2550.2375   19.0280
    0.0000   45.0000  -22.5000 2593.1919   18.7822
    7.5000   45.0000  -22.5000 2579.0959   18.8347
   -7.5000  -45.0000  -15.0000 2251.7097   24.5031
    0.0000  -45.0000  -15.0000 2267.1836   24.1484
    7.5000  -45.0000  -15.0000 2260.8562   24.4161
   -7.5000  -37.5000  -15.0000 2313.8833   22.7375
    0.0000  -37.5000  -15.0000 2336.5337   22.4314
    7.5000  -37.5000  -15.0000 2325.2397   22.6452
   -7.5000  -30.0000  -15.0000 2390.6277   21.1340
    0.0000  -30.0000  -15.0000 2415.0208   20.7977
    7.5000  -30.0000  -15.0000 2400.0022   21.0360
   -7.5000  -22.5000  -15.0000 2477.0083   19.7595
    0.0000  -22.5000  -15.0000 2503.0139   19.4005
    7.5000  -22.5000  -15.0000 2484.5229   19.6247
   -7.5000  -15.0000  -15.0000 2547.6401   18.5553
    0.0000  -15.0000  -15.0000 2571.0564   18.2179
    7.5000  -15.0000  -15.0000 2556.8960   18.3989
   -7.5000   -7.5000  -15.0000 2611.7522   17.5399
    0.0000   -7.5000  -15.0000 2642.4016   17.2059
    7.5000   -7.5000  -15.0000 2625.1541   17.3813
   -7.5000    0.0000  -15.0000 2671.6792   16.7663
    0.0000    0.0000  -15.0000 2700.7812   16.5118
    7.5000    0.0000  -15.0000 2687.3564   16.5994
   -7.5000    7.5000  -15.0000 2720.2896   16.2666
    0.0000    7.5000  -15.0000 2749.4717   16.0369
    7.5000    7.5000  -15.0000 2734.6091   16.0886
   -7.5000   15.0000  -15.0000 2746.7888   16.0461
    0.0000   15.0000  -15.0000 2784.7549   15.7996
    7.5000   15.0000  -15.0000 2768.6360   15.8555
   -7.5000   22.5000  -15.0000 2764.6509   16.1245
    0.0000   22.5000  -15.0000 2806.9026   15.8711
    7.5000   22.5000  -15.0000 2785.7678   15.9602
   -7.5000   30.0000  -15.0000 2751.4849   16.5059
    0.0000   30.0000  -15.0000 2801.6270   16.2750
    7.5000   30.0000  -15.0000 2776.6914   16.3646
   -7.5000   37.5000  -15.0000 2712.4700   17.1858
    0.0000   37.5000  -15.0000 2763.3689   16.9661
    7.5000   37.5000  -15.0000 2742.1746   17.0222
   -7.5000   45.0000  -15.0000 2639.8530   18.1471
    0.0000   45.0000  -15.0000 2684.3662   17.9357
    7.5000   45.0000  -15.0000 2666.0820   18.0059
   -7.5000  -45.0000   -7.5000 2261.2383   23.9406
    0.0000  -45.0000   -7.5000 2279.8191   23.6693
    7.5000  -45.0000   -7.5000 2270.2690   23.8895
   -7.5000  -37.5000   -7.5000 2334.0645   22.2367
    0.0000  -37.5000   -7.5000 2357.7244   21.9362
    7.5000  -37.5000   -7.5000 2346.2957   22.1790
   -7.5000  -30.0000   -7.5000 2411.7510   20.5997
    0.0000  -30.0000   -7.5000 2438.4175   20.3260
    7.5000  -30.0000   -7.5000 2422.6843   20.5109
   -7.5000  -22.5000   -7.5000 2494.1545   19.1462
    0.0000  -22.5000   -7.5000 2519.3459   18.8340
    7.5000  -22.5000   -7.5000 2505.5605   18.9993
   -7.5000  -15.0000   -7.5000 2569.1301   17.9244
    0.0000  -15.0000   -7.5000 2592.0195   17.5973
    7.5000  -15.0000   -7.5000 2582.0388   17.7450
   -7.5000   -7.5000   -7.5000 2642.5996   16.8768
    0.0000   -7.5000   -7.5000 2669.8423   16.5406
    7.5000   -7.5000   -7.5000 2658.0627   16.7041
   -7.5000    0.0000   -7.5000 2715.9917   16.1061
    0.0000    0.0000   -7.5000 2749.1328   15.7877
    7.5000    0.0000   -7.5000 2734.1606   15.9260
   -7.5000    7.5000   -7.5000 2777.9600   15.5930
    0.0000    7.5000   -7.5000 2818.3147   15.3068
    7.5000    7.5000   -7.5000 2799.1064   15.4071
   -7.5000   15.0000   -7.5000 2819.1753   15.3780
    0.0000   15.0000   -7.5000 2867.7000   15.0750
    7.5000   15.0000   -7.5000 2850.2847   15.1785
   -7.5000   22.5000   -7.5000 2847.3069   15.4168
    0.0000   22.5000   -7.5000 2900.6736   15.1247
    7.5000   22.5000   -7.5000 2873.8337   15.2583
   -7.5000   30.0000   -7.5000 2833.4548   15.8129
    0.0000   30.0000   -7.5000 2891.4504   15.5715
    7.5000   30.0000   -7.5000 2860.3760   15.6866
   -7.5000   37.5000   -7.5000 2784.6030   16.4844
    0.0000   37.5000   -7.5000 2840.5969   16.2573
    7.5000   37.5000   -7.5000 2813.3767   16.3508
   -7.5000   45.0000   -7.5000 2703.5083   17.3831
    0.0000   45.0000   -7.5000 2750.3469   17.1526
    7.5000   45.0000   -7.5000 2732.7219   17.2484
   -7.5000  -45.0000    0.0000 2272.0706   23.7027
    0.0000  -45.0000    0.0000 2297.0208   23.4181
    7.5000  -45.0000    0.0000 2283.1204   23.6258
   -7.5000  -37.5000    0.0000 2349.7439   21.9531
    0.0000  -37.5000    0.0000 2376.4111   21.7054
    7.5000  -37.5000    0.0000 2359.9377   21.8933
   -7.5000  -30.0000    0.0000 2419.0613   20.2728
    0.0000  -30.0000    0.0000 2447.5625   20.0353
    7.5000  -30.0000    0.0000 2428.9548   20.2043
   -7.5000  -22.5000    0.0000 2498.2507   18.7537
    0.0000  -22.5000    0.0000 2523.9751   18.5014
    7.5000  -22.5000    0.0000 2506.8057   18.6731
   -7.5000  -15.0000    0.0000 2576.0403   17.5569
    0.0000  -15.0000    0.0000 2603.8286   17.2453
    7.5000  -15.0000    0.0000 2586.3911   17.4134
   -7.5000   -7.5000    0.0000 2653.9985   16.5276
    0.0000   -7.5000    0.0000 2687.1506   16.1880
    7.5000   -7.5000    0.0000 2670.7009   16.3688
   -7.5000    0.0000    0.0000 2732.5918   15.7392
    0.0000    0.0000    0.0000 2769.3862   15.3894
    7.5000    0.0000    0.0000 2754.5879   15.5454
   -7.5000    7.5000    0.0000 2811.4751   15.2200
    0.0000    7.5000    0.0000 2854.5483   14.8531
    7.5000    7.5000    0.0000 2835.4358   14.9872
   -7.5000   15.0000    0.0000 2874.1799   14.9700
    0.0000   15.0000    0.0000 2929.1523   14.5962
    7.5000   15.0000    0.0000 2903.4124   14.7388
   -7.5000   22.5000    0.0000 2905.6340   14.9752
    0.0000   22.5000    0.0000 2978.3259   14.5888
    7.5000   22.5000    0.0000 2939.1663   14.7640
   -7.5000   30.0000    0.0000 2898.0977   15.3582
    0.0000   30.0000    0.0000 2962.8845   15.0433
    7.5000   30.0000    0.0000 2927.8867   15.1720
   -7.5000   37.5000    0.0000 2830.0447   16.0187
    0.0000   37.5000    0.0000 2885.6057   15.7272
    7.5000   37.5000    0.0000 2858.4285   15.8596
   -7.5000   45.0000    0.0000 2739.0835   16.8944
    0.0000   45.0000    0.0000 2785.6248   16.6203
    7.5000   45.0000    0.0000 2769.8052   16.7251
   -7.5000  -45.0000    7.5000 2274.4028   23.7256
    0.0000  -45.0000    7.5000 2304.8574   23.5255
    7.5000  -45.0000    7.5000 2284.3972   23.7615
   -7.5000  -37.5000    7.5000 2348.1450   21.9570
    0.0000  -37.5000    7.5000 2377.3999   21.7461
    7.5000  -37.5000    7.5000 2357.5110   21.9344
   -7.5000  -30.0000    7.5000 2418.5051   20.1935
    0.0000  -30.0000    7.5000 2445.2141   19.9908
    7.5000  -30.0000    7.5000 2423.5256   20.1337
   -7.5000  -22.5000    7.5000 2501.8831   18.6638
    0.0000  -22.5000    7.5000 2523.1436   18.4315
    7.5000  -22.5000    7.5000 2502.4285   18.6115
   -7.5000  -15.0000    7.5000 2576.4490   17.4284
    0.0000  -15.0000    7.5000 2604.0396   17.1644
    7.5000  -15.0000    7.5000 2582.8389   17.3465
   -7.5000   -7.5000    7.5000 2655.0605   16.3904
    0.0000   -7.5000    7.5000 2688.7002   16.0928
    7.5000   -7.5000    7.5000 2667.8743   16.2666
   -7.5000    0.0000    7.5000 2735.6021   15.5895
    0.0000    0.0000    7.5000 2775.5344   15.2438
    7.5000    0.0000    7.5000 2755.3921   15.4086
   -7.5000    7.5000    7.5000 2818.3877   15.0500
    0.0000    7.5000    7.5000 2866.4431   14.6392
    7.5000    7.5000    7.5000 2844.9578   14.8144
   -7.5000   15.0000    7.5000 2893.5132   14.7737
    0.0000   15.0000    7.5000 2953.2097   14.3652
    7.5000   15.0000    7.5000 2922.2473   14.5296
   -7.5000   22.5000    7.5000 2935.2214   14.7869
    0.0000   22.5000    7.5000 3004.5122   14.3314
    7.5000   22.5000    7.5000 2969.2683   14.5572
   -7.5000   30.0000    7.5000 2922.4817   15.1157
    0.0000   30.0000    7.5000 2983.5532   14.6695
    7.5000   30.0000    7.5000 2954.9512   14.9048
   -7.5000   37.5000    7.5000 2847.4146   15.7560
    0.0000   37.5000    7.5000 2898.7734   15.3597
    7.5000   37.5000    7.5000 2880.6165   15.5371
   -7.5000   45.0000    7.5000 2746.7400   16.6587
    0.0000   45.0000    7.5000 2792.1030   16.2894
    7.5000   45.0000    7.5000 2781.2876   16.4251
   -7.5000  -45.0000   15.0000 2260.2471   24.1929
    0.0000  -45.0000   15.0000 2286.3447   23.9586
    7.5000  -45.0000   15.0000 2268.7793   24.2534
   -7.5000  -37.5000   15.0000 2339.3696   22.2556
    0.0000  -37.5000   15.0000 2364.7190   22.0479
    7.5000  -37.5000   15.0000 2344.0481   22.2581
   -7.5000  -30.0000   15.0000 2414.7112   20.4120
    0.0000  -30.0000   15.0000 2437.0781   20.2148
    7.5000  -30.0000   15.0000 2418.5576   20.3896
   -7.5000  -22.5000   15.0000 2492.2061   18.8101
    0.0000  -22.5000   15.0000 2513.0234   18.6067
    7.5000  -22.5000   15.0000 2489.7305   18.7740
   -7.5000  -15.0000   15.0000 2566.3806   17.5345
    0.0000  -15.0000   15.0000 2593.5615   17.3107
    7.5000  -15.0000   15.0000 2566.4641   17.4590
   -7.5000   -7.5000   15.0000 2642.8462   16.5074
    0.0000   -7.5000   15.0000 2676.0403   16.2198
    7.5000   -7.5000   15.0000 2650.7864   16.3859
   -7.5000    0.0000   15.0000 2722.6062   15.6783
    0.0000    0.0000   15.0000 2762.1248   15.3477
    7.5000    0.0000   15.0000 2739.8875   15.5401
   -7.5000    7.5000   15.0000 2804.5374   15.1187
    0.0000    7.5000   15.0000 2849.4382   14.7373
    7.5000    7.5000   15.0000 2825.8784   14.9329
   -7.5000   15.0000   15.0000 2873.6370   14.8504
    0.0000   15.0000   15.0000 2931.4309   14.4468
    7.5000   15.0000   15.0000 2901.2307   14.6361
   -7.5000   22.5000   15.0000 2913.8093   14.9196
    0.0000   22.5000   15.0000 2972.6426   14.4738
    7.5000   22.5000   15.0000 2945.4009   14.7323
   -7.5000   30.0000   15.0000 2898.1895   15.2416
    0.0000   30.0000   15.0000 2952.1145   14.8641
    7.5000   30.0000   15.0000 2926.1328   15.0597
   -7.5000   37.5000   15.0000 2828.2275   15.8187
    0.0000   37.5000   15.0000 2882.0088   15.4354
    7.5000   37.5000   15.0000 2858.9143   15.6074
   -7.5000   45.0000   15.0000 2725.5833   16.6753
    0.0000   45.0000   15.0000 2771.2395   16.3002
    7.5000   45.0000   15.0000 2758.6907   16.4236
   -7.5000  -45.0000   22.5000 2229.3904   24.8971
    0.0000  -45.0000   22.5000 2249.2231   24.6837
    7.5000  -45.0000   22.5000 2232.3162   24.9933
   -7.5000  -37.5000   22.5000 2308.1504   22.8832
    0.0000  -37.5000   22.5000 2326.9888   22.6808
    7.5000  -37.5000   22.5000 2310.2959   22.9563
   -7.5000  -30.0000   22.5000 2389.5327   20.9287
    0.0000  -30.0000   22.5000 2412.3018   20.7308
    7.5000  -30.0000   22.5000 2391.1838   20.9516
   -7.5000  -22.5000   22.5000 2469.1250   19.2400
    0.0000  -22.5000   22.5000 2492.6426   19.0261
    7.5000  -22.5000   22.5000 2469.1853   19.2057
   -7.5000  -15.0000   22.5000 2547.6992   17.9106
    0.0000  -15.0000   22.5000 2574.2163   17.6645
    7.5000  -15.0000   22.5000 2548.1382   17.8425
   -7.5000   -7.5000   22.5000 2623.1130   16.8736
    0.0000   -7.5000   22.5000 2655.4019   16.5734
    7.5000   -7.5000   22.5000 2630.6799   16.7371
   -7.5000    0.0000   22.5000 2698.2903   16.0643
    0.0000    0.0000   22.5000 2735.1248   15.7299
    7.5000    0.0000   22.5000 2713.2134   15.9123
   -7.5000    7.5000   22.5000 2769.5896   15.5395
    0.0000    7.5000   22.5000 2809.6843   15.2028
    7.5000    7.5000   22.5000 2790.4419   15.3695
   -7.5000   15.0000   22.5000 2828.6592   15.3387
    0.0000   15.0000   22.5000 2877.7844   14.9564
    7.5000   15.0000   22.5000 2848.8948   15.1668
   -7.5000   22.5000   22.5000 2855.0918   15.3777
    0.0000   22.5000   22.5000 2904.2595   15.0050
    7.5000   22.5000   22.5000 2882.5540   15.1776
   -7.5000   30.0000   22.5000 2831.7686   15.6930
    0.0000   30.0000   22.5000 2880.9075   15.3552
    7.5000   30.0000   22.5000 2862.3447   15.4698
   -7.5000   37.5000   22.5000 2772.0967   16.2628
    0.0000   37.5000   22.5000 2815.5317   15.9170
    7.5000   37.5000   22.5000 2799.1882   16.0146
   -7.5000   45.0000   22.5000 2677.5930   17.1394
    0.0000   45.0000   22.5000 2720.2180   16.7798
    7.5000   45.0000   22.5000 2708.2778   16.8463
   -7.5000  -45.0000   30.0000 2169.8940   25.9278
    0.0000  -45.0000   30.0000 2185.6521   25.7381
    7.5000  -45.0000   30.0000 2167.5256   26.0682
   -7.5000  -37.5000   30.0000 2255.6404   23.7204
    0.0000  -37.5000   30.0000 2272.3882   23.4813
    7.5000  -37.5000   30.0000 2257.3762   23.8064
   -7.5000  -30.0000   30.0000 2343.8032   21.6575
    0.0000  -30.0000   30.0000 2363.7612   21.4192
    7.5000  -30.0000   30.0000 2348.7854   21.6653
   -7.5000  -22.5000   30.0000 2431.6255   19.8875
    0.0000  -22.5000   30.0000 2455.4478   19.6667
    7.5000  -22.5000   30.0000 2434.6953   19.8419
   -7.5000  -15.0000   30.0000 2514.7329   18.4778
    0.0000  -15.0000   30.0000 2540.4595   18.2528
    7.5000  -15.0000   30.0000 2517.7676   18.4300
   -7.5000   -7.5000   30.0000 2587.1873   17.4516
    0.0000   -7.5000   30.0000 2617.2639   17.2273
    7.5000   -7.5000   30.0000 2594.5120   17.3741
   -7.5000    0.0000   30.0000 2653.8813   16.7257
    0.0000    0.0000   30.0000 2688.6917   16.4634
    7.5000    0.0000   30.0000 2664.2104   16.6002
   -7.5000    7.5000   30.0000 2715.6699   16.2719
    0.0000    7.5000   30.0000 2756.4241   15.9788
    7.5000    7.5000   30.0000 2730.5266   16.1242
   -7.5000   15.0000   30.0000 2758.2729   16.0812
    0.0000   15.0000   30.0000 2801.0737   15.7556
    7.5000   15.0000   30.0000 2774.4197   15.8922
   -7.5000   22.5000   30.0000 2771.1772   16.1471
    0.0000   22.5000   30.0000 2807.5479   15.8189
    7.5000   22.5000   30.0000 2792.0393   15.9296
   -7.5000   30.0000   30.0000 2743.6343   16.4791
    0.0000   30.0000   30.0000 2782.1558   16.1382
    7.5000   30.0000   30.0000 2766.5923   16.2423
   -7.5000   37.5000   30.0000 2690.0002   17.0502
    0.0000   37.5000   30.0000 2725.7627   16.6914
    7.5000   37.5000   30.0000 2709.4524   16.7978
   -7.5000   45.0000   30.0000 2604.8076   17.9414
    0.0000   45.0000   30.0000 2641.6777   17.5674
    7.5000   45.0000   30.0000 2625.1526   17.6431
   -7.5000  -45.0000   37.5000 2100.8757   27.1867
    0.0000  -45.0000   37.5000 2114.6438   26.9318
    7.5000  -45.0000   37.5000 2096.1931   27.3588
   -7.5000  -37.5000   37.5000 2189.5479   24.7888
    0.0000  -37.5000   37.5000 2209.5503   24.5652
    7.5000  -37.5000   37.5000 2192.4316   24.8793
   -7.5000  -30.0000   37.5000 2284.5645   22.6969
    0.0000  -30.0000   37.5000 2303.9253   22.4504
    7.5000  -30.0000   37.5000 2286.8037   22.6994
   -7.5000  -22.5000   37.5000 2374.1707   20.8690
    0.0000  -22.5000   37.5000 2400.3862   20.6556
    7.5000  -22.5000   37.5000 2380.1677   20.8491
   -7.5000  -15.0000   37.5000 2457.5608   19.4470
    0.0000  -15.0000   37.5000 2485.6060   19.2397
    7.5000  -15.0000   37.5000 2463.3933   19.4122
   -7.5000   -7.5000   37.5000 2531.1333   18.4936
    0.0000   -7.5000   37.5000 2561.3113   18.2676
    7.5000   -7.5000   37.5000 2538.9207   18.4061
   -7.5000    0.0000   37.5000 2593.8716   17.7625
    0.0000    0.0000   37.5000 2628.3447   17.5053
    7.5000    0.0000   37.5000 2602.9219   17.6428
   -7.5000    7.5000   37.5000 2643.7751   17.2711
    0.0000    7.5000   37.5000 2682.4971   17.0206
    7.5000    7.5000   37.5000 2659.0864   17.1327
   -7.5000   15.0000   37.5000 2675.4641   17.0734
    0.0000   15.0000   37.5000 2708.6433   16.7980
    7.5000   15.0000   37.5000 2689.9250   16.8763
   -7.5000   22.5000   37.5000 2677.5879   17.1721
    0.0000   22.5000   37.5000 2707.9495   16.8892
    7.5000   22.5000   37.5000 2694.9685   16.9528
   -7.5000   30.0000   37.5000 2643.2412   17.4957
    0.0000   30.0000   37.5000 2676.0498   17.1809
    7.5000   30.0000   37.5000 2666.0422   17.2504
   -7.5000   37.5000   37.5000 2596.4590   18.0877
    0.0000   37.5000   37.5000 2622.6350   17.7661
    7.5000   37.5000   37.5000 2613.7590   17.8281
   -7.5000   45.0000   37.5000 2529.3499   18.9620
    0.0000   45.0000   37.5000 2556.3972   18.6527
    7.5000   45.0000   37.5000 2544.3711   18.6984
   -7.5000  -45.0000   45.0000 2020.7560   29.0392
    0.0000  -45.0000   45.0000 2033.9087   28.7686
    7.5000  -45.0000   45.0000 2018.5427   29.3146
   -7.5000  -37.5000   45.0000 2117.2253   26.4080
    0.0000  -37.5000   45.0000 2132.0249   26.1735
    7.5000  -37.5000   45.0000 2114.3142   26.6459
   -7.5000  -30.0000   45.0000 2209.8074   24.1484
    0.0000  -30.0000   45.0000 2224.6772   23.8900
    7.5000  -30.0000   45.0000 2210.9023   24.2721
   -7.5000  -22.5000   45.0000 2299.1790   22.3092
    0.0000  -22.5000   45.0000 2322.6504   22.1123
    7.5000  -22.5000   45.0000 2307.2078   22.3907
   -7.5000  -15.0000   45.0000 2385.6289   20.8757
    0.0000  -15.0000   45.0000 2412.3433   20.6633
    7.5000  -15.0000   45.0000 2391.7944   20.9132
   -7.5000   -7.5000   45.0000 2461.8259   19.8405
    0.0000   -7.5000   45.0000 2493.4634   19.6285
    7.5000   -7.5000   45.0000 2467.1741   19.7881
   -7.5000    0.0000   45.0000 2520.2292   19.0897
    0.0000    0.0000   45.0000 2549.8855   18.8443
    7.5000    0.0000   45.0000 2530.2666   18.9658
   -7.5000    7.5000   45.0000 2562.9600   18.5975
    0.0000    7.5000   45.0000 2595.1382   18.3339
    7.5000    7.5000   45.0000 2578.3413   18.4331
   -7.5000   15.0000   45.0000 2583.0481   18.3391
    0.0000   15.0000   45.0000 2611.6091   18.1008
    7.5000   15.0000   45.0000 2599.0479   18.1380
   -7.5000   22.5000   45.0000 2577.7778   18.4416
    0.0000   22.5000   45.0000 2606.1865   18.1829
    7.5000   22.5000   45.0000 2594.8049   18.2196
   -7.5000   30.0000   45.0000 2545.8916   18.7469
    0.0000   30.0000   45.0000 2575.3682   18.4744
    7.5000   30.0000   45.0000 2566.1626   18.5263
   -7.5000   37.5000   45.0000 2504.5083   19.3279
    0.0000   37.5000   45.0000 2527.0278   19.0579
    7.5000   37.5000   45.0000 2521.9438   19.1321
   -7.5000   45.0000   45.0000 2447.8936   20.1918
    0.0000   45.0000   45.0000 2473.6697   19.9201
    7.5000   45.0000   45.0000 2461.8909   19.9509

---------------------------------------------------------------------
imgreg_4dfp /opt/freesurfer/average/711-2C_as_mni_average_305 /opt/freesurfer/average/711-2B_as_mni_average_305_mask talsrcimg_g11 none talsrcimg_to_711-2C_as_mni_average_305_t4 1283
---------------------------------------------------------------------

freesurfer imgreg_4dfp.c
/opt/freesurfer/average/711-2C_as_mni_average_305.4dfp.img
       256       256       256         1
  1.000000  1.000000  1.000000
orientation T byte_order littleendian
Reading image: /opt/freesurfer/average/711-2C_as_mni_average_305.4dfp.img
dimensions:      256       256       256
mmppix:       1.0000   -1.0000   -1.0000
center:     128.0000 -129.0000 -129.0000
/opt/freesurfer/average/711-2B_as_mni_average_305_mask.4dfp.img
       256       256       256         1
  1.000000  1.000000  1.000000
orientation T byte_order littleendian
Reading mask: /opt/freesurfer/average/711-2B_as_mni_average_305_mask.4dfp.img (2306576 pixels)
talsrcimg_g11.4dfp.img
       256       256       256         1
  1.000000  1.000000  1.000000
orientation T byte_order littleendian
Reading image: talsrcimg_g11.4dfp.img
dimensions:      256       256       256
mmppix:       1.0000   -1.0000   -1.0000
center:     128.0000 -129.0000 -129.0000
rotation matrix determinant  1.000000
fimgreg.f
image alignment mode   1283 decimal      503 hex
parameters
    0.0000   22.5000    7.5000    0.0000    0.0000    0.0000
eta,q 0.94271 14.32140
niter,ni,del,rscale     5    3   12.0000    1.2000
parameter  4  1.902412 ->  0.500000 qaram    1.1500
parameter  5 -0.511829 -> -0.500000 qaram    1.1500
parameters
    1.2206   23.4005    6.3277   -3.4500    3.4500   -1.1620
eta,q 0.94629 14.20929
  0.0727  0.0692  0.0618  0.0547  0.0614  0.0563
  0.0663  0.0631  0.0592  0.0557  0.0590  0.0546
  0.0613  0.0595  0.0579  0.0568  0.0575  0.0538
  0.0594  0.0583  0.0584  0.0580  0.0560  0.0538
  0.0582  0.0588  0.0599  0.0599  0.0541  0.0550
  0.0598  0.0606  0.0626  0.0621  0.0541  0.0569
  0.0653  0.0635  0.0654  0.0640  0.0560  0.0588
niter,ni,del,rscale     6    3   12.0000    1.2000
parameter  4  1.287450 ->  0.500000 qaram    1.3225
parameters
    0.1204   25.0293    6.1434   -7.4175    2.7647   -2.0556
eta,q 0.95039 14.18071
  0.0622  0.0654  0.0598  0.0492  0.0564  0.0538
  0.0579  0.0596  0.0568  0.0495  0.0531  0.0512
  0.0543  0.0557  0.0543  0.0510  0.0506  0.0497
  0.0537  0.0534  0.0527  0.0527  0.0499  0.0498
  0.0578  0.0527  0.0542  0.0551  0.0519  0.0513
  0.0639  0.0541  0.0572  0.0582  0.0553  0.0537
  0.0711  0.0569  0.0609  0.0612  0.0591  0.0566
niter,ni,del,rscale     6    3   12.0000    1.2000
parameters
    0.1731   26.2153    5.9623   -9.7624    2.3803   -1.6766
eta,q 0.95250 14.15673
  0.0636  0.0628  0.0564  0.0522  0.0549  0.0550
  0.0571  0.0571  0.0527  0.0490  0.0511  0.0515
  0.0525  0.0523  0.0504  0.0475  0.0487  0.0487
  0.0496  0.0496  0.0489  0.0490  0.0475  0.0475
  0.0511  0.0490  0.0493  0.0517  0.0487  0.0481
  0.0567  0.0513  0.0528  0.0551  0.0524  0.0502
  0.0636  0.0558  0.0583  0.0587  0.0569  0.0535
niter,ni,del,rscale     5    3   12.0000    1.2000
parameters
    0.4086   26.9270    5.5688  -10.6855    2.3103   -1.4189
eta,q 0.95315 14.17992
  0.0624  0.0609  0.0542  0.0531  0.0546  0.0546
  0.0554  0.0552  0.0503  0.0508  0.0509  0.0506
  0.0506  0.0502  0.0481  0.0476  0.0484  0.0479
  0.0475  0.0474  0.0470  0.0471  0.0469  0.0469
  0.0485  0.0473  0.0478  0.0496  0.0476  0.0475
  0.0537  0.0510  0.0515  0.0525  0.0508  0.0498
  0.0608  0.0564  0.0570  0.0565  0.0554  0.0533
niter,ni,del,rscale     4    3   12.0000    1.2000
parameters
    0.4641   27.1998    5.4168  -11.2038    2.2690   -1.2826
eta,q 0.95321 14.18777
  0.0607  0.0594  0.0545  0.0530  0.0545  0.0541
  0.0541  0.0538  0.0503  0.0516  0.0510  0.0502
  0.0496  0.0492  0.0478  0.0483  0.0484  0.0477
  0.0469  0.0468  0.0467  0.0468  0.0468  0.0468
  0.0482  0.0480  0.0473  0.0488  0.0474  0.0475
  0.0535  0.0525  0.0506  0.0518  0.0507  0.0499
  0.0608  0.0575  0.0558  0.0555  0.0553  0.0534
niter,ni,del,rscale     3    3   12.0000    1.2000
parameters
    0.4976   27.3504    5.3463  -11.4924    2.2375   -1.2144
eta,q 0.95316 14.19296
  0.0605  0.0590  0.0547  0.0530  0.0545  0.0539
  0.0541  0.0534  0.0504  0.0519  0.0510  0.0501
  0.0495  0.0489  0.0478  0.0488  0.0485  0.0477
  0.0468  0.0468  0.0467  0.0468  0.0468  0.0468
  0.0482  0.0484  0.0472  0.0483  0.0475  0.0476
  0.0535  0.0530  0.0504  0.0514  0.0507  0.0500
  0.0609  0.0577  0.0555  0.0550  0.0553  0.0535
niter,ni,del,rscale     2    3   12.0000    1.2000
parameters
    0.5218   27.4333    5.3066  -11.6510    2.2154   -1.1844
eta,q 0.95310 14.19592
  0.0605  0.0587  0.0548  0.0530  0.0546  0.0537
  0.0542  0.0532  0.0504  0.0521  0.0511  0.0500
  0.0496  0.0488  0.0479  0.0491  0.0485  0.0477
  0.0468  0.0468  0.0468  0.0468  0.0469  0.0469
  0.0483  0.0486  0.0472  0.0481  0.0475  0.0476
  0.0535  0.0533  0.0504  0.0511  0.0508  0.0500
  0.0610  0.0577  0.0554  0.0547  0.0553  0.0536
niter,ni,del,rscale     1    3   12.0000    1.2000
parameters
    0.5372   27.4809    5.2848  -11.7419    2.2037   -1.1671
eta,q 0.95306 14.19742
  0.0605  0.0585  0.0549  0.0530  0.0546  0.0537
  0.0543  0.0531  0.0505  0.0522  0.0512  0.0500
  0.0497  0.0488  0.0479  0.0492  0.0486  0.0478
  0.0469  0.0469  0.0469  0.0469  0.0469  0.0469
  0.0483  0.0488  0.0472  0.0480  0.0475  0.0476
  0.0536  0.0534  0.0504  0.0510  0.0508  0.0501
  0.0611  0.0578  0.0554  0.0546  0.0553  0.0536
registration optimization eta report
parameter search radius
    6.0000    6.0000    6.0000    7.9350    6.9000    6.0000
100000*second partial in parameter space
       38.       30.       23.       10.       17.       19.
  0.0605  0.0585  0.0549  0.0530  0.0546  0.0537
  0.0543  0.0531  0.0505  0.0522  0.0512  0.0500
  0.0497  0.0488  0.0479  0.0492  0.0486  0.0478
  0.0469  0.0469  0.0469  0.0469  0.0469  0.0469
  0.0483  0.0488  0.0472  0.0480  0.0475  0.0476
  0.0536  0.0534  0.0504  0.0510  0.0508  0.0501
  0.0611  0.0578  0.0554  0.0546  0.0553  0.0536
    0.5372   27.4809    5.2848  -11.7419    2.2037   -1.1671
eta,q 0.95306 14.19742

---------------------------------------------------------------------
imgreg_4dfp /opt/freesurfer/average/711-2C_as_mni_average_305 /opt/freesurfer/average/711-2B_as_mni_average_305_mask talsrcimg_g11 none talsrcimg_to_711-2C_as_mni_average_305_t4 3335
---------------------------------------------------------------------

freesurfer imgreg_4dfp.c
/opt/freesurfer/average/711-2C_as_mni_average_305.4dfp.img
       256       256       256         1
  1.000000  1.000000  1.000000
orientation T byte_order littleendian
Reading image: /opt/freesurfer/average/711-2C_as_mni_average_305.4dfp.img
dimensions:      256       256       256
mmppix:       1.0000   -1.0000   -1.0000
center:     128.0000 -129.0000 -129.0000
/opt/freesurfer/average/711-2B_as_mni_average_305_mask.4dfp.img
       256       256       256         1
  1.000000  1.000000  1.000000
orientation T byte_order littleendian
Reading mask: /opt/freesurfer/average/711-2B_as_mni_average_305_mask.4dfp.img (2306576 pixels)
talsrcimg_g11.4dfp.img
       256       256       256         1
  1.000000  1.000000  1.000000
orientation T byte_order littleendian
Reading image: talsrcimg_g11.4dfp.img
dimensions:      256       256       256
mmppix:       1.0000   -1.0000   -1.0000
center:     128.0000 -129.0000 -129.0000
fimgreg.f
image alignment mode   3335 decimal      D07 hex
parameters
    0.5372   27.4809    5.2848   -0.0947   -2.1288   -2.1650
    2.7765   -3.3495   -2.0353   20.4228    3.8452  -20.3353
eta,q 0.95419 14.22751
niter,ni,del,rscale     5    3    5.0000    1.2000
parameter  4  1.873739 ->  0.500000 qaram    1.1500
parameter  5  1.374164 ->  0.500000 qaram    1.1500
parameter  6  1.331458 ->  0.500000 qaram    1.1500
parameter 10  1.466516 ->  0.500000 qaram    1.1500
parameters
    0.2874   27.7734    5.1206   -4.2347   -6.2688   -6.3050
    3.3100   -3.3824   -1.9500   16.2828    1.1404  -19.8155
eta,q 0.97013 13.31837
  0.0480  0.0479  0.0473  0.0375  0.0361  0.0303  0.0352  0.0362  0.0338  0.0292  0.0304  0.0313
  0.0466  0.0469  0.0464  0.0392  0.0369  0.0319  0.0338  0.0341  0.0331  0.0298  0.0300  0.0306
  0.0459  0.0461  0.0458  0.0420  0.0381  0.0341  0.0328  0.0328  0.0326  0.0309  0.0299  0.0301
  0.0458  0.0458  0.0457  0.0457  0.0399  0.0372  0.0324  0.0324  0.0324  0.0324  0.0301  0.0299
  0.0463  0.0458  0.0460  0.0501  0.0422  0.0413  0.0326  0.0329  0.0326  0.0343  0.0306  0.0299
  0.0474  0.0463  0.0467  0.0550  0.0449  0.0465  0.0333  0.0342  0.0330  0.0364  0.0313  0.0303
  0.0490  0.0471  0.0477  0.0601  0.0481  0.0524  0.0345  0.0363  0.0338  0.0389  0.0324  0.0310
niter,ni,del,rscale     7    3    5.0000    1.2000
parameter  4  0.812853 ->  0.500000 qaram    1.3225
parameter  5  0.667627 ->  0.500000 qaram    1.3225
parameter  6  0.560516 ->  0.500000 qaram    1.3225
parameters
    0.5090   28.9496    5.4187   -8.9957  -11.0298  -11.0660
    4.5703   -2.2128   -0.8156   14.1079    2.6372  -18.2940
eta,q 0.97649 12.59471
  0.0334  0.0337  0.0316  0.0263  0.0256  0.0246  0.0270  0.0289  0.0262  0.0252  0.0252  0.0252
  0.0317  0.0320  0.0305  0.0264  0.0253  0.0242  0.0257  0.0268  0.0251  0.0241  0.0245  0.0245
  0.0304  0.0307  0.0297  0.0273  0.0256  0.0242  0.0247  0.0251  0.0243  0.0237  0.0240  0.0239
  0.0299  0.0298  0.0293  0.0293  0.0265  0.0253  0.0242  0.0241  0.0239  0.0239  0.0236  0.0236
  0.0300  0.0294  0.0293  0.0327  0.0281  0.0280  0.0242  0.0240  0.0239  0.0247  0.0236  0.0235
  0.0308  0.0294  0.0298  0.0371  0.0303  0.0318  0.0246  0.0249  0.0243  0.0261  0.0238  0.0237
  0.0324  0.0299  0.0307  0.0423  0.0331  0.0369  0.0256  0.0268  0.0252  0.0279  0.0243  0.0243
niter,ni,del,rscale     7    3    5.0000    1.2000
parameter  3  0.542071 ->  0.500000 qaram    1.1500
parameters
    0.5803   28.7332    4.0387  -11.6443  -11.0939  -13.2813
    4.1896   -2.3755   -1.2626   14.0342    2.6952  -18.8398
eta,q 0.97703 12.31136
  0.0266  0.0253  0.0234  0.0249  0.0259  0.0254  0.0251  0.0264  0.0246  0.0256  0.0239  0.0239
  0.0250  0.0242  0.0231  0.0237  0.0245  0.0240  0.0239  0.0247  0.0237  0.0241  0.0234  0.0234
  0.0239  0.0236  0.0231  0.0230  0.0235  0.0231  0.0232  0.0235  0.0231  0.0232  0.0231  0.0231
  0.0235  0.0235  0.0235  0.0230  0.0229  0.0229  0.0230  0.0230  0.0230  0.0230  0.0230  0.0230
  0.0238  0.0239  0.0242  0.0242  0.0232  0.0239  0.0234  0.0234  0.0233  0.0233  0.0230  0.0232
  0.0247  0.0247  0.0251  0.0268  0.0244  0.0268  0.0243  0.0247  0.0240  0.0243  0.0234  0.0236
  0.0263  0.0260  0.0263  0.0307  0.0262  0.0308  0.0255  0.0269  0.0250  0.0256  0.0239  0.0243
niter,ni,del,rscale     7    3    5.0000    1.2000
parameters
    0.5423   28.8226    3.6320  -11.7717  -10.8549  -13.9120
    4.2877   -2.4167   -1.3279   14.3440    2.4124  -19.2555
eta,q 0.97702 12.28557
  0.0256  0.0251  0.0242  0.0260  0.0259  0.0264  0.0253  0.0264  0.0247  0.0258  0.0238  0.0239
  0.0241  0.0240  0.0234  0.0246  0.0245  0.0248  0.0241  0.0247  0.0238  0.0242  0.0233  0.0234
  0.0232  0.0233  0.0230  0.0235  0.0235  0.0235  0.0233  0.0235  0.0232  0.0233  0.0231  0.0231
  0.0230  0.0230  0.0230  0.0229  0.0229  0.0229  0.0230  0.0230  0.0230  0.0230  0.0230  0.0230
  0.0233  0.0232  0.0234  0.0230  0.0231  0.0231  0.0232  0.0233  0.0232  0.0233  0.0231  0.0231
  0.0243  0.0238  0.0241  0.0241  0.0241  0.0249  0.0240  0.0246  0.0238  0.0241  0.0234  0.0235
  0.0258  0.0249  0.0252  0.0267  0.0258  0.0283  0.0252  0.0267  0.0248  0.0253  0.0240  0.0242
niter,ni,del,rscale     6    3    5.0000    1.2000
parameters
    0.5348   28.9230    3.4588  -11.7814  -10.9362  -14.1048
    4.3371   -2.3930   -1.2456   14.6474    2.2113  -19.5053
eta,q 0.97701 12.27489
  0.0256  0.0251  0.0245  0.0260  0.0257  0.0267  0.0253  0.0264  0.0248  0.0257  0.0238  0.0240
  0.0242  0.0240  0.0236  0.0246  0.0244  0.0250  0.0241  0.0247  0.0239  0.0242  0.0234  0.0235
  0.0233  0.0233  0.0231  0.0235  0.0235  0.0237  0.0233  0.0235  0.0232  0.0233  0.0231  0.0231
  0.0230  0.0230  0.0230  0.0230  0.0230  0.0230  0.0230  0.0230  0.0230  0.0230  0.0230  0.0230
  0.0233  0.0232  0.0233  0.0230  0.0232  0.0230  0.0233  0.0233  0.0232  0.0233  0.0231  0.0231
  0.0242  0.0238  0.0239  0.0240  0.0243  0.0245  0.0240  0.0245  0.0238  0.0240  0.0234  0.0235
  0.0256  0.0248  0.0249  0.0265  0.0260  0.0277  0.0252  0.0266  0.0247  0.0253  0.0239  0.0241
niter,ni,del,rscale     5    3    5.0000    1.2000
parameters
    0.5357   29.0101    3.3701  -11.7939  -11.0491  -14.2054
    4.3405   -2.3739   -1.1692   14.8765    2.0779  -19.6514
eta,q 0.97699 12.26660
  0.0256  0.0251  0.0246  0.0260  0.0256  0.0267  0.0252  0.0264  0.0248  0.0256  0.0238  0.0240
  0.0242  0.0240  0.0237  0.0246  0.0244  0.0250  0.0241  0.0247  0.0239  0.0242  0.0234  0.0235
  0.0233  0.0233  0.0231  0.0235  0.0235  0.0237  0.0233  0.0235  0.0232  0.0233  0.0231  0.0231
  0.0230  0.0230  0.0230  0.0230  0.0230  0.0230  0.0230  0.0230  0.0230  0.0230  0.0230  0.0230
  0.0233  0.0232  0.0232  0.0230  0.0232  0.0230  0.0233  0.0233  0.0232  0.0233  0.0231  0.0231
  0.0242  0.0238  0.0238  0.0241  0.0243  0.0244  0.0241  0.0245  0.0238  0.0241  0.0234  0.0235
  0.0256  0.0248  0.0248  0.0265  0.0260  0.0276  0.0252  0.0265  0.0247  0.0253  0.0239  0.0241
niter,ni,del,rscale     4    3    5.0000    1.2000
parameters
    0.5377   29.0738    3.3141  -11.8011  -11.1417  -14.2798
    4.3343   -2.3594   -1.1060   15.0399    1.9684  -19.7337
eta,q 0.97698 12.25992
  0.0256  0.0251  0.0246  0.0259  0.0256  0.0267  0.0252  0.0264  0.0248  0.0255  0.0238  0.0240
  0.0242  0.0240  0.0237  0.0246  0.0244  0.0250  0.0241  0.0247  0.0239  0.0241  0.0234  0.0235
  0.0233  0.0233  0.0232  0.0236  0.0235  0.0237  0.0233  0.0235  0.0232  0.0233  0.0231  0.0231
  0.0230  0.0230  0.0230  0.0230  0.0230  0.0230  0.0230  0.0230  0.0230  0.0230  0.0230  0.0230
  0.0233  0.0232  0.0232  0.0230  0.0233  0.0230  0.0233  0.0233  0.0232  0.0233  0.0231  0.0231
  0.0242  0.0238  0.0238  0.0240  0.0243  0.0244  0.0241  0.0245  0.0238  0.0241  0.0234  0.0235
  0.0256  0.0249  0.0248  0.0265  0.0260  0.0275  0.0252  0.0265  0.0248  0.0253  0.0239  0.0241
niter,ni,del,rscale     3    3    5.0000    1.2000
parameters
    0.5386   29.1229    3.2745  -11.8037  -11.2189  -14.3431
    4.3249   -2.3476   -1.0568   15.1605    1.8874  -19.7972
eta,q 0.97697 12.25441
  0.0256  0.0250  0.0247  0.0260  0.0256  0.0267  0.0252  0.0264  0.0248  0.0255  0.0239  0.0240
  0.0242  0.0240  0.0237  0.0246  0.0244  0.0250  0.0241  0.0247  0.0239  0.0241  0.0234  0.0235
  0.0233  0.0233  0.0232  0.0236  0.0235  0.0237  0.0233  0.0235  0.0233  0.0233  0.0231  0.0232
  0.0230  0.0230  0.0230  0.0230  0.0230  0.0230  0.0230  0.0230  0.0230  0.0230  0.0230  0.0230
  0.0233  0.0232  0.0232  0.0230  0.0233  0.0230  0.0233  0.0233  0.0232  0.0233  0.0231  0.0231
  0.0242  0.0238  0.0238  0.0241  0.0243  0.0244  0.0241  0.0245  0.0238  0.0241  0.0234  0.0235
  0.0256  0.0249  0.0248  0.0265  0.0260  0.0275  0.0252  0.0265  0.0248  0.0253  0.0239  0.0241
niter,ni,del,rscale     2    3    5.0000    1.2000
parameters
    0.5413   29.1602    3.2420  -11.8096  -11.2780  -14.3865
    4.3139   -2.3405   -1.0193   15.2594    1.8392  -19.8357
eta,q 0.97696 12.25029
  0.0256  0.0250  0.0247  0.0259  0.0256  0.0267  0.0252  0.0264  0.0248  0.0255  0.0239  0.0240
  0.0242  0.0240  0.0238  0.0246  0.0244  0.0250  0.0241  0.0246  0.0239  0.0241  0.0234  0.0235
  0.0233  0.0233  0.0232  0.0236  0.0235  0.0237  0.0233  0.0235  0.0233  0.0233  0.0231  0.0232
  0.0230  0.0230  0.0230  0.0230  0.0230  0.0230  0.0230  0.0230  0.0230  0.0230  0.0230  0.0230
  0.0233  0.0232  0.0232  0.0230  0.0233  0.0230  0.0233  0.0233  0.0232  0.0233  0.0231  0.0231
  0.0242  0.0239  0.0238  0.0241  0.0243  0.0244  0.0241  0.0245  0.0238  0.0241  0.0234  0.0235
  0.0256  0.0249  0.0247  0.0265  0.0259  0.0275  0.0252  0.0265  0.0248  0.0253  0.0239  0.0241
niter,ni,del,rscale     1    3    5.0000    1.2000
parameters
    0.5420   29.1903    3.2170  -11.8175  -11.3273  -14.4274
    4.3104   -2.3360   -1.0014   15.3320    1.8133  -19.8797
eta,q 0.97696 12.24639
  0.0256  0.0250  0.0247  0.0259  0.0256  0.0267  0.0252  0.0264  0.0248  0.0254  0.0239  0.0240
  0.0242  0.0240  0.0238  0.0246  0.0244  0.0250  0.0241  0.0247  0.0239  0.0241  0.0234  0.0235
  0.0233  0.0233  0.0232  0.0236  0.0235  0.0238  0.0233  0.0235  0.0233  0.0233  0.0231  0.0232
  0.0230  0.0230  0.0230  0.0230  0.0230  0.0230  0.0230  0.0231  0.0230  0.0230  0.0230  0.0230
  0.0233  0.0232  0.0232  0.0231  0.0233  0.0230  0.0233  0.0234  0.0233  0.0233  0.0231  0.0231
  0.0242  0.0239  0.0238  0.0241  0.0243  0.0244  0.0241  0.0245  0.0239  0.0241  0.0234  0.0235
  0.0256  0.0249  0.0247  0.0265  0.0259  0.0275  0.0252  0.0265  0.0248  0.0253  0.0239  0.0241
registration optimization eta report
parameter search radius
    2.4000    2.4000    2.7600    9.5220    9.5220    9.5220
    7.2000    7.2000    7.2000    8.2800    7.2000    7.2000
100000*second partial in parameter space
       45.       33.       22.        4.        3.        5.
        4.        7.        3.        3.        2.        2.
  0.0256  0.0250  0.0247  0.0259  0.0256  0.0267  0.0252  0.0264  0.0248  0.0254  0.0239  0.0240
  0.0242  0.0240  0.0238  0.0246  0.0244  0.0250  0.0241  0.0247  0.0239  0.0241  0.0234  0.0235
  0.0233  0.0233  0.0232  0.0236  0.0235  0.0238  0.0233  0.0235  0.0233  0.0233  0.0231  0.0232
  0.0230  0.0230  0.0230  0.0230  0.0230  0.0230  0.0230  0.0231  0.0230  0.0230  0.0230  0.0230
  0.0233  0.0232  0.0232  0.0231  0.0233  0.0230  0.0233  0.0234  0.0233  0.0233  0.0231  0.0231
  0.0242  0.0239  0.0238  0.0241  0.0243  0.0244  0.0241  0.0245  0.0239  0.0241  0.0234  0.0235
  0.0256  0.0249  0.0247  0.0265  0.0259  0.0275  0.0252  0.0265  0.0248  0.0253  0.0239  0.0241
    0.5420   29.1903    3.2170  -11.8175  -11.3273  -14.4274
    4.3104   -2.3360   -1.0014   15.3320    1.8133  -19.8797
eta,q 0.97696 12.24639

---------------------------------------------------------------------
imgreg_4dfp /opt/freesurfer/average/711-2C_as_mni_average_305 /opt/freesurfer/average/711-2B_as_mni_average_305_mask talsrcimg_g11 none talsrcimg_to_711-2C_as_mni_average_305_t4 2311
---------------------------------------------------------------------

freesurfer imgreg_4dfp.c
/opt/freesurfer/average/711-2C_as_mni_average_305.4dfp.img
       256       256       256         1
  1.000000  1.000000  1.000000
orientation T byte_order littleendian
Reading image: /opt/freesurfer/average/711-2C_as_mni_average_305.4dfp.img
dimensions:      256       256       256
mmppix:       1.0000   -1.0000   -1.0000
center:     128.0000 -129.0000 -129.0000
/opt/freesurfer/average/711-2B_as_mni_average_305_mask.4dfp.img
       256       256       256         1
  1.000000  1.000000  1.000000
orientation T byte_order littleendian
Reading mask: /opt/freesurfer/average/711-2B_as_mni_average_305_mask.4dfp.img (2306576 pixels)
talsrcimg_g11.4dfp.img
       256       256       256         1
  1.000000  1.000000  1.000000
orientation T byte_order littleendian
Reading image: talsrcimg_g11.4dfp.img
dimensions:      256       256       256
mmppix:       1.0000   -1.0000   -1.0000
center:     128.0000 -129.0000 -129.0000
fimgreg.f
image alignment mode   2311 decimal      907 hex
parameters
    0.5420   29.1903    3.2170  -11.8175  -11.3273  -14.4274
    4.3104   -2.3360   -1.0014   15.3320    1.8133  -19.8797
eta,q 0.97696 12.24639
niter,ni,del,rscale     5    3    5.0000    0.8000
parameters
    0.5352   29.2206    3.1884  -10.6546  -10.9326  -13.2813
    4.4102   -2.1948   -0.9218   15.1759    2.0368  -20.0813
eta,q 0.97714 12.39373
  0.0242  0.0240  0.0236  0.0240  0.0239  0.0243  0.0240  0.0247  0.0237  0.0237  0.0234  0.0233
  0.0236  0.0235  0.0233  0.0236  0.0235  0.0237  0.0234  0.0238  0.0233  0.0232  0.0231  0.0231
  0.0232  0.0232  0.0231  0.0233  0.0231  0.0232  0.0230  0.0231  0.0230  0.0230  0.0229  0.0229
  0.0230  0.0230  0.0230  0.0230  0.0230  0.0230  0.0229  0.0229  0.0229  0.0229  0.0229  0.0228
  0.0232  0.0231  0.0231  0.0230  0.0230  0.0229  0.0230  0.0230  0.0229  0.0230  0.0229  0.0229
  0.0236  0.0234  0.0233  0.0231  0.0232  0.0230  0.0233  0.0236  0.0232  0.0233  0.0230  0.0231
  0.0242  0.0239  0.0236  0.0234  0.0237  0.0235  0.0239  0.0246  0.0237  0.0238  0.0233  0.0234
niter,ni,del,rscale     4    3    5.0000    0.7000
parameters
    0.5966   29.0999    3.3670  -10.7174  -10.8283  -13.0310
    4.3596   -2.1478   -1.0113   14.9713    2.1891  -19.8863
eta,q 0.97718 12.40592
  0.0239  0.0234  0.0235  0.0235  0.0235  0.0237  0.0236  0.0242  0.0235  0.0235  0.0232  0.0232
  0.0233  0.0231  0.0231  0.0232  0.0232  0.0233  0.0232  0.0235  0.0231  0.0231  0.0230  0.0230
  0.0230  0.0229  0.0229  0.0230  0.0229  0.0230  0.0229  0.0230  0.0229  0.0229  0.0229  0.0229
  0.0229  0.0228  0.0228  0.0228  0.0228  0.0228  0.0228  0.0228  0.0228  0.0228  0.0228  0.0228
  0.0229  0.0230  0.0229  0.0229  0.0229  0.0228  0.0229  0.0230  0.0229  0.0229  0.0229  0.0228
  0.0232  0.0232  0.0230  0.0231  0.0231  0.0231  0.0232  0.0234  0.0231  0.0232  0.0230  0.0230
  0.0237  0.0237  0.0232  0.0236  0.0235  0.0236  0.0237  0.0242  0.0235  0.0236  0.0232  0.0232
niter,ni,del,rscale     3    3    5.0000    0.6000
parameters
    0.5982   29.0246    3.4511  -10.6528  -10.7239  -12.8512
    4.3560   -2.1202   -1.0931   14.7667    2.2859  -19.7305
eta,q 0.97720 12.42147
  0.0235  0.0233  0.0232  0.0233  0.0233  0.0235  0.0234  0.0239  0.0233  0.0233  0.0231  0.0231
  0.0231  0.0230  0.0230  0.0231  0.0231  0.0231  0.0231  0.0233  0.0230  0.0230  0.0229  0.0230
  0.0229  0.0229  0.0229  0.0229  0.0229  0.0229  0.0229  0.0229  0.0229  0.0229  0.0228  0.0229
  0.0228  0.0228  0.0228  0.0228  0.0228  0.0228  0.0228  0.0228  0.0228  0.0228  0.0228  0.0228
  0.0229  0.0229  0.0229  0.0228  0.0229  0.0228  0.0229  0.0229  0.0229  0.0229  0.0228  0.0228
  0.0231  0.0231  0.0230  0.0230  0.0230  0.0230  0.0231  0.0233  0.0230  0.0231  0.0229  0.0229
  0.0235  0.0234  0.0231  0.0233  0.0233  0.0234  0.0234  0.0239  0.0233  0.0234  0.0231  0.0231
niter,ni,del,rscale     2    3    5.0000    0.5000
parameters
    0.6069   28.9713    3.5190  -10.5835  -10.6348  -12.7055
    4.3687   -2.0999   -1.1428   14.6166    2.3612  -19.6271
eta,q 0.97720 12.43558
  0.0233  0.0231  0.0231  0.0232  0.0232  0.0232  0.0232  0.0236  0.0231  0.0232  0.0230  0.0230
  0.0230  0.0229  0.0229  0.0230  0.0230  0.0230  0.0230  0.0232  0.0229  0.0230  0.0229  0.0229
  0.0229  0.0228  0.0228  0.0229  0.0229  0.0229  0.0228  0.0229  0.0228  0.0228  0.0228  0.0228
  0.0228  0.0228  0.0228  0.0228  0.0228  0.0228  0.0228  0.0228  0.0228  0.0228  0.0228  0.0228
  0.0229  0.0229  0.0228  0.0228  0.0228  0.0228  0.0228  0.0229  0.0228  0.0229  0.0228  0.0228
  0.0230  0.0230  0.0229  0.0229  0.0229  0.0229  0.0230  0.0231  0.0230  0.0230  0.0229  0.0229
  0.0233  0.0232  0.0230  0.0232  0.0231  0.0232  0.0232  0.0236  0.0232  0.0232  0.0230  0.0230
niter,ni,del,rscale     1    3    5.0000    0.4000
parameters
    0.6109   28.9204    3.5658  -10.5316  -10.5613  -12.5990
    4.3725   -2.0882   -1.1986   14.4851    2.4352  -19.5265
eta,q 0.97721 12.44590
  0.0231  0.0230  0.0230  0.0230  0.0230  0.0231  0.0231  0.0233  0.0230  0.0230  0.0229  0.0229
  0.0229  0.0229  0.0229  0.0229  0.0229  0.0229  0.0229  0.0230  0.0229  0.0229  0.0229  0.0229
  0.0228  0.0228  0.0228  0.0228  0.0228  0.0228  0.0228  0.0229  0.0228  0.0228  0.0228  0.0228
  0.0228  0.0228  0.0228  0.0228  0.0228  0.0228  0.0228  0.0228  0.0228  0.0228  0.0228  0.0228
  0.0228  0.0228  0.0228  0.0228  0.0228  0.0228  0.0228  0.0228  0.0228  0.0228  0.0228  0.0228
  0.0229  0.0229  0.0229  0.0229  0.0229  0.0229  0.0229  0.0230  0.0229  0.0229  0.0228  0.0228
  0.0231  0.0231  0.0229  0.0230  0.0230  0.0230  0.0231  0.0233  0.0230  0.0231  0.0229  0.0229
registration optimization eta report
parameter search radius
    0.8000    0.8000    0.8000    2.4000    2.4000    2.4000
    2.4000    2.4000    2.4000    2.4000    2.4000    2.4000
100000*second partial in parameter space
       52.       37.       26.        4.        4.        5.
        5.        9.        4.        5.        2.        2.
  0.0231  0.0230  0.0230  0.0230  0.0230  0.0231  0.0231  0.0233  0.0230  0.0230  0.0229  0.0229
  0.0229  0.0229  0.0229  0.0229  0.0229  0.0229  0.0229  0.0230  0.0229  0.0229  0.0229  0.0229
  0.0228  0.0228  0.0228  0.0228  0.0228  0.0228  0.0228  0.0229  0.0228  0.0228  0.0228  0.0228
  0.0228  0.0228  0.0228  0.0228  0.0228  0.0228  0.0228  0.0228  0.0228  0.0228  0.0228  0.0228
  0.0228  0.0228  0.0228  0.0228  0.0228  0.0228  0.0228  0.0228  0.0228  0.0228  0.0228  0.0228
  0.0229  0.0229  0.0229  0.0229  0.0229  0.0229  0.0229  0.0230  0.0229  0.0229  0.0228  0.0228
  0.0231  0.0231  0.0229  0.0230  0.0230  0.0230  0.0231  0.0233  0.0230  0.0231  0.0229  0.0229
    0.6109   28.9204    3.5658  -10.5316  -10.5613  -12.5990
    4.3725   -2.0882   -1.1986   14.4851    2.4352  -19.5265
eta,q 0.97721 12.44590

---------------------------------------------------------------------
imgreg_4dfp /opt/freesurfer/average/711-2C_as_mni_average_305 /opt/freesurfer/average/711-2B_as_mni_average_305_mask talsrcimg_g11 none talsrcimg_to_711-2C_as_mni_average_305_t4 2311
---------------------------------------------------------------------

freesurfer imgreg_4dfp.c
/opt/freesurfer/average/711-2C_as_mni_average_305.4dfp.img
       256       256       256         1
  1.000000  1.000000  1.000000
orientation T byte_order littleendian
Reading image: /opt/freesurfer/average/711-2C_as_mni_average_305.4dfp.img
dimensions:      256       256       256
mmppix:       1.0000   -1.0000   -1.0000
center:     128.0000 -129.0000 -129.0000
/opt/freesurfer/average/711-2B_as_mni_average_305_mask.4dfp.img
       256       256       256         1
  1.000000  1.000000  1.000000
orientation T byte_order littleendian
Reading mask: /opt/freesurfer/average/711-2B_as_mni_average_305_mask.4dfp.img (2306576 pixels)
talsrcimg_g11.4dfp.img
       256       256       256         1
  1.000000  1.000000  1.000000
orientation T byte_order littleendian
Reading image: talsrcimg_g11.4dfp.img
dimensions:      256       256       256
mmppix:       1.0000   -1.0000   -1.0000
center:     128.0000 -129.0000 -129.0000
fimgreg.f
image alignment mode   2311 decimal      907 hex
parameters
    0.6109   28.9204    3.5658  -10.5316  -10.5613  -12.5990
    4.3725   -2.0882   -1.1986   14.4851    2.4352  -19.5265
eta,q 0.97721 12.44589
niter,ni,del,rscale     5    3    5.0000    0.8000
parameters
    0.6096   28.8840    3.6162  -10.8653  -10.6223  -12.9022
    4.3527   -2.1867   -1.2319   14.4265    2.5092  -19.4558
eta,q 0.97719 12.40630
  0.0241  0.0237  0.0235  0.0236  0.0236  0.0238  0.0239  0.0245  0.0237  0.0238  0.0233  0.0233
  0.0234  0.0232  0.0231  0.0232  0.0232  0.0233  0.0233  0.0236  0.0232  0.0232  0.0230  0.0231
  0.0229  0.0229  0.0229  0.0229  0.0229  0.0229  0.0229  0.0230  0.0229  0.0229  0.0229  0.0229
  0.0228  0.0228  0.0228  0.0228  0.0228  0.0228  0.0228  0.0228  0.0228  0.0228  0.0228  0.0228
  0.0229  0.0229  0.0229  0.0229  0.0229  0.0229  0.0229  0.0230  0.0229  0.0229  0.0228  0.0228
  0.0234  0.0232  0.0231  0.0233  0.0232  0.0233  0.0233  0.0237  0.0232  0.0233  0.0230  0.0230
  0.0241  0.0238  0.0234  0.0240  0.0237  0.0242  0.0239  0.0248  0.0237  0.0238  0.0233  0.0233
niter,ni,del,rscale     4    3    5.0000    0.7000
parameters
    0.5819   28.8768    3.5740  -10.7492  -10.5466  -12.8378
    4.3719   -2.1812   -1.2598   14.3925    2.5166  -19.4826
eta,q 0.97720 12.41959
  0.0237  0.0235  0.0233  0.0235  0.0235  0.0236  0.0236  0.0242  0.0235  0.0235  0.0232  0.0232
  0.0232  0.0231  0.0230  0.0232  0.0232  0.0232  0.0232  0.0235  0.0231  0.0231  0.0230  0.0230
  0.0229  0.0229  0.0228  0.0229  0.0229  0.0229  0.0229  0.0230  0.0229  0.0229  0.0228  0.0229
  0.0228  0.0228  0.0228  0.0228  0.0228  0.0228  0.0228  0.0228  0.0228  0.0228  0.0228  0.0228
  0.0229  0.0229  0.0229  0.0228  0.0229  0.0228  0.0229  0.0229  0.0229  0.0229  0.0228  0.0228
  0.0233  0.0231  0.0230  0.0231  0.0231  0.0231  0.0232  0.0234  0.0231  0.0232  0.0230  0.0230
  0.0238  0.0235  0.0233  0.0235  0.0235  0.0237  0.0236  0.0243  0.0235  0.0236  0.0232  0.0232
niter,ni,del,rscale     3    3    5.0000    0.6000
parameters
    0.5889   28.8712    3.5825  -10.6661  -10.5038  -12.7184
    4.3814   -2.1530   -1.2633   14.3764    2.5211  -19.4750
eta,q 0.97721 12.43283
  0.0235  0.0233  0.0232  0.0233  0.0233  0.0234  0.0234  0.0239  0.0233  0.0234  0.0231  0.0231
  0.0231  0.0230  0.0230  0.0231  0.0231  0.0231  0.0231  0.0233  0.0230  0.0231  0.0229  0.0229
  0.0229  0.0229  0.0228  0.0229  0.0229  0.0229  0.0229  0.0229  0.0229  0.0229  0.0228  0.0228
  0.0228  0.0228  0.0228  0.0228  0.0228  0.0228  0.0228  0.0228  0.0228  0.0228  0.0228  0.0228
  0.0229  0.0229  0.0228  0.0228  0.0228  0.0228  0.0229  0.0229  0.0229  0.0229  0.0228  0.0228
  0.0231  0.0230  0.0230  0.0230  0.0230  0.0230  0.0231  0.0233  0.0230  0.0231  0.0229  0.0229
  0.0235  0.0233  0.0232  0.0233  0.0233  0.0234  0.0234  0.0239  0.0233  0.0234  0.0231  0.0231
niter,ni,del,rscale     2    3    5.0000    0.5000
parameters
    0.5973   28.8615    3.6051  -10.6102  -10.4852  -12.6192
    4.3851   -2.1243   -1.2770   14.3437    2.5270  -19.4356
eta,q 0.97721 12.44196
  0.0233  0.0232  0.0231  0.0232  0.0232  0.0232  0.0232  0.0236  0.0231  0.0232  0.0230  0.0230
  0.0230  0.0230  0.0229  0.0230  0.0230  0.0230  0.0230  0.0232  0.0229  0.0230  0.0229  0.0229
  0.0228  0.0228  0.0228  0.0229  0.0228  0.0229  0.0228  0.0229  0.0228  0.0228  0.0228  0.0228
  0.0228  0.0228  0.0228  0.0228  0.0228  0.0228  0.0228  0.0228  0.0228  0.0228  0.0228  0.0228
  0.0228  0.0228  0.0228  0.0228  0.0228  0.0228  0.0228  0.0229  0.0228  0.0228  0.0228  0.0228
  0.0230  0.0230  0.0229  0.0229  0.0230  0.0229  0.0230  0.0231  0.0230  0.0230  0.0229  0.0229
  0.0233  0.0232  0.0230  0.0232  0.0232  0.0232  0.0232  0.0236  0.0231  0.0232  0.0230  0.0230
niter,ni,del,rscale     1    3    5.0000    0.4000
parameters
    0.6024   28.8504    3.6294  -10.5616  -10.4617  -12.5467
    4.3920   -2.1113   -1.3032   14.3101    2.5364  -19.3714
eta,q 0.97721 12.44922
  0.0231  0.0230  0.0230  0.0230  0.0230  0.0231  0.0231  0.0233  0.0230  0.0230  0.0229  0.0229
  0.0229  0.0229  0.0229  0.0229  0.0229  0.0229  0.0229  0.0230  0.0229  0.0229  0.0228  0.0229
  0.0228  0.0228  0.0228  0.0228  0.0228  0.0228  0.0228  0.0228  0.0228  0.0228  0.0228  0.0228
  0.0228  0.0228  0.0228  0.0228  0.0228  0.0228  0.0228  0.0228  0.0228  0.0228  0.0228  0.0228
  0.0228  0.0228  0.0228  0.0228  0.0228  0.0228  0.0228  0.0228  0.0228  0.0228  0.0228  0.0228
  0.0229  0.0229  0.0229  0.0229  0.0229  0.0229  0.0229  0.0230  0.0229  0.0229  0.0228  0.0228
  0.0231  0.0230  0.0229  0.0230  0.0230  0.0230  0.0231  0.0233  0.0230  0.0231  0.0229  0.0229
registration optimization eta report
parameter search radius
    0.8000    0.8000    0.8000    2.4000    2.4000    2.4000
    2.4000    2.4000    2.4000    2.4000    2.4000    2.4000
100000*second partial in parameter space
       52.       38.       26.        4.        4.        5.
        5.        9.        4.        5.        2.        2.
  0.0231  0.0230  0.0230  0.0230  0.0230  0.0231  0.0231  0.0233  0.0230  0.0230  0.0229  0.0229
  0.0229  0.0229  0.0229  0.0229  0.0229  0.0229  0.0229  0.0230  0.0229  0.0229  0.0228  0.0229
  0.0228  0.0228  0.0228  0.0228  0.0228  0.0228  0.0228  0.0228  0.0228  0.0228  0.0228  0.0228
  0.0228  0.0228  0.0228  0.0228  0.0228  0.0228  0.0228  0.0228  0.0228  0.0228  0.0228  0.0228
  0.0228  0.0228  0.0228  0.0228  0.0228  0.0228  0.0228  0.0228  0.0228  0.0228  0.0228  0.0228
  0.0229  0.0229  0.0229  0.0229  0.0229  0.0229  0.0229  0.0230  0.0229  0.0229  0.0228  0.0228
  0.0231  0.0230  0.0229  0.0230  0.0230  0.0230  0.0231  0.0233  0.0230  0.0231  0.0229  0.0229
    0.6024   28.8504    3.6294  -10.5616  -10.4617  -12.5467
    4.3920   -2.1113   -1.3032   14.3101    2.5364  -19.3714
eta,q 0.97721 12.44922

---------------------------------------------------------------------
compute_vox2vox talsrcimg talsrcimg_to_711-2C_as_mni_average_305_t4 /opt/freesurfer/average/711-2C_as_mni_average_305
---------------------------------------------------------------------

freesurfer compute_vox2vox.c
Reading: talsrcimg.4dfp.ifh
Reading: talsrcimg_to_711-2C_as_mni_average_305_t4
Reading: /opt/freesurfer/average/711-2C_as_mni_average_305.4dfp.ifh
Writing: talsrcimg_to_711-2C_as_mni_average_305_t4_vox2vox.txt

start time Sun Mar 15 08:14:19 CET 2026
end		time Sun Mar 15 08:14:33 CET 2026

mpr2mni305 success

avi2talxfm orig_nu.mgz /opt/freesurfer/average/mni305.cor.mgz talsrcimg_to_711-2C_as_mni_average_305_t4_vox2vox.txt transforms/talairach.auto.xfm
avi2talxfm done
mv -f /out/sourcedata/freesurfer/sub-v2s10x28971_ses-1/mri/talsrcimg_to_711-2C_as_mni_average_305_t4_vox2vox.txt /out/sourcedata/freesurfer/sub-v2s10x28971_ses-1/mri/transforms/talsrcimg_to_711-2C_as_mni_average_305_t4_vox2vox.txt
lta_convert --src orig_nu.mgz --trg /opt/freesurfer/average/mni305.cor.mgz --inxfm transforms/talairach.auto.xfm --outlta transforms/talairach.auto.xfm.lta --subject fsaverage
7.3.2

--src: orig_nu.mgz src image (geometry).
--trg: /opt/freesurfer/average/mni305.cor.mgz trg image (geometry).
--inmni: transforms/talairach.auto.xfm input MNI/XFM transform.
--outlta: transforms/talairach.auto.xfm.lta output LTA.
--s: fsaverage subject name
 LTA read, type : 1
 1.11642   0.03469  -0.04726   0.03793;
-0.02780   1.10351   0.24011  -12.92197;
 0.02069  -0.17586   1.07778  -12.61703;
 0.00000   0.00000   0.00000   1.00000;
setting subject to fsaverage
Writing  LTA to file transforms/talairach.auto.xfm.lta...
lta_convert successful.
 
 
Started at Sun Mar 15 08:14:19 CET 2026
Ended   at Sun Mar 15 08:14:34 CET 2026
talairach_avi done
