/out/sourcedata/freesurfer/sub-v2s10x30155_ses-1/mri
/opt/freesurfer/bin/talairach_avi
--i orig_nu.mgz --xfm transforms/talairach.auto.xfm
talairach_avi 7.3.2
Linux dna080 5.14.0-427.37.1.el9_4.x86_64 #1 SMP PREEMPT_DYNAMIC Fri Sep 13 12:41:50 EDT 2024 x86_64 x86_64 x86_64 GNU/Linux
Sun Mar 15 11:20:33 CET 2026
mri_convert orig_nu.mgz talsrcimg.img 
reading from orig_nu.mgz...
TR=0.00, TE=0.00, TI=0.00, flip angle=0.00
i_ras = (-1, 7.91624e-09, 0)
j_ras = (0, 0, -1)
k_ras = (-4.65661e-10, 1, 9.31323e-10)
writing to talsrcimg.img...
Analyze Output Matrix
-1.00000   0.00000  -0.00000   128.31204;
 0.00000   0.00000   1.00000  -127.21291;
 0.00000  -1.00000   0.00000   107.51181;
 0.00000   0.00000   0.00000   1.00000;
--------------------
INFO: set hdr.hist.orient to -1
mpr2mni305 talsrcimg
Sun Mar 15 11:20:33 CET 2026
/opt/freesurfer/bin/mpr2mni305 talsrcimg
mpr2mni305 7.3.2
target=711-2C_as_mni_average_305

---------------------------------------------------------------------
analyzeto4dfp talsrcimg -O0 -y
---------------------------------------------------------------------

freesurfer ifh2hdr.c
Sun Mar 15 11:20:33 2026
Writing: talsrcimg.4dfp.hdr
freesurfer analyzeto4dfp.c
Reading: talsrcimg.hdr
header size 348 bytes
hdr.dime.datatype	offset=70	value=2
hdr.dime.bitpix		offset=72	value=8
hdr.hist.orient		offset=252	value=-1
dimensionality     4
dimensions       256       256       256         1
Reading: talsrcimg.img
Writing: talsrcimg.4dfp.img
Writing: talsrcimg.4dfp.ifh
ifh2hdr talsrcimg -r0to230
ori=2

---------------------------------------------------------------------
gauss_4dfp talsrcimg 1.1
---------------------------------------------------------------------

freesurfer gauss_4dfp.c
Reading: talsrcimg.4dfp.img
Writing: talsrcimg_g11.4dfp.img
image dimensions 256 256 256 padded to 288 288 288
processing volume 1freesurfer ifh2hdr.c
Sun Mar 15 11:20:35 2026
Writing: talsrcimg_g11.4dfp.hdr

Writing: talsrcimg_g11.4dfp.ifh
including: talsrcimg.4dfp.img.rec in talsrcimg_g11.4dfp.img.rec

---------------------------------------------------------------------
imgreg_4dfp /opt/freesurfer/average/711-2C_as_mni_average_305 none talsrcimg_g11 none talsrcimg_to_711-2C_as_mni_average_305_t4 4355
---------------------------------------------------------------------

freesurfer imgreg_4dfp.c
/opt/freesurfer/average/711-2C_as_mni_average_305.4dfp.img
       256       256       256         1
  1.000000  1.000000  1.000000
orientation T byte_order littleendian
Reading image: /opt/freesurfer/average/711-2C_as_mni_average_305.4dfp.img
dimensions:      256       256       256
mmppix:       1.0000   -1.0000   -1.0000
center:     128.0000 -129.0000 -129.0000
talsrcimg_g11.4dfp.img
       256       256       256         1
  1.000000  1.000000  1.000000
orientation T byte_order littleendian
Reading image: talsrcimg_g11.4dfp.img
dimensions:      256       256       256
mmppix:       1.0000   -1.0000   -1.0000
center:     128.0000 -129.0000 -129.0000
t4_read: open error in t4_sub.f l:  41 t4_file(1:l)talsrcimg_to_711-2C_as_mni_average_305_t4 
t4_read: transform initialized to I4
rotation matrix determinant  1.000000
image alignment mode   4355 decimal     1103 hex
   -7.5000  -45.0000  -45.0000 4635.0352   18.3727
    0.0000  -45.0000  -45.0000 4938.2256   18.4182
    7.5000  -45.0000  -45.0000 4798.9160   18.4211
   -7.5000  -37.5000  -45.0000 5252.9482   17.6305
    0.0000  -37.5000  -45.0000 5564.8267   17.6777
    7.5000  -37.5000  -45.0000 5429.6509   17.6846
   -7.5000  -30.0000  -45.0000 6120.3950   17.1325
    0.0000  -30.0000  -45.0000 6464.0195   17.1774
    7.5000  -30.0000  -45.0000 6304.7529   17.1796
   -7.5000  -22.5000  -45.0000 7042.2158   16.8040
    0.0000  -22.5000  -45.0000 7439.7095   16.8437
    7.5000  -22.5000  -45.0000 7263.0337   16.8390
   -7.5000  -15.0000  -45.0000 8039.3389   16.6167
    0.0000  -15.0000  -45.0000 8514.8184   16.6484
    7.5000  -15.0000  -45.0000 8301.0000   16.6390
   -7.5000   -7.5000  -45.0000 9055.4961   16.5190
    0.0000   -7.5000  -45.0000 9595.3506   16.5502
    7.5000   -7.5000  -45.0000 9337.7695   16.5457
   -7.5000    0.0000  -45.000010034.5879   16.4949
    0.0000    0.0000  -45.000010652.5752   16.5304
    7.5000    0.0000  -45.000010338.5117   16.5340
   -7.5000    7.5000  -45.000010248.7061   16.5077
    0.0000    7.5000  -45.000010872.9424   16.5486
    7.5000    7.5000  -45.000010558.8398   16.5554
   -7.5000   15.0000  -45.000010296.8506   16.5129
    0.0000   15.0000  -45.000010899.7305   16.5562
    7.5000   15.0000  -45.000010574.5537   16.5597
   -7.5000   22.5000  -45.000010173.6592   16.5048
    0.0000   22.5000  -45.000010750.8818   16.5432
    7.5000   22.5000  -45.000010407.3516   16.5386
   -7.5000   30.0000  -45.0000 9961.3232   16.2865
    0.0000   30.0000  -45.000010529.2041   16.3175
    7.5000   30.0000  -45.000010183.4307   16.3085
   -7.5000   37.5000  -45.000010071.3760   16.2701
    0.0000   37.5000  -45.000010608.1953   16.3008
    7.5000   37.5000  -45.000010268.3057   16.2963
   -7.5000   45.0000  -45.0000 9791.8809   15.8618
    0.0000   45.0000  -45.000010315.1855   15.8960
    7.5000   45.0000  -45.000010002.1748   15.8994
   -7.5000  -45.0000  -37.5000 4979.8384   18.3434
    0.0000  -45.0000  -37.5000 5282.2334   18.3910
    7.5000  -45.0000  -37.5000 5135.2417   18.4010
   -7.5000  -37.5000  -37.5000 5624.0928   17.5974
    0.0000  -37.5000  -37.5000 5932.2759   17.6452
    7.5000  -37.5000  -37.5000 5778.9951   17.6603
   -7.5000  -30.0000  -37.5000 6540.7114   17.1022
    0.0000  -30.0000  -37.5000 6884.1743   17.1471
    7.5000  -30.0000  -37.5000 6698.4985   17.1576
   -7.5000  -22.5000  -37.5000 7525.8418   16.7787
    0.0000  -22.5000  -37.5000 7946.5791   16.8186
    7.5000  -22.5000  -37.5000 7743.9058   16.8211
   -7.5000  -15.0000  -37.5000 8576.0635   16.5961
    0.0000  -15.0000  -37.5000 9084.4150   16.6287
    7.5000  -15.0000  -37.5000 8854.0059   16.6244
   -7.5000   -7.5000  -37.5000 9657.1514   16.4973
    0.0000   -7.5000  -37.500010237.0078   16.5304
    7.5000   -7.5000  -37.5000 9948.1387   16.5304
   -7.5000    0.0000  -37.500010682.8340   16.4684
    0.0000    0.0000  -37.500011320.8691   16.5057
    7.5000    0.0000  -37.500010967.5225   16.5148
   -7.5000    7.5000  -37.500010881.5664   16.4783
    0.0000    7.5000  -37.500011517.4941   16.5194
    7.5000    7.5000  -37.500011170.7764   16.5332
   -7.5000   15.0000  -37.500010900.2842   16.4842
    0.0000   15.0000  -37.500011545.2529   16.5275
    7.5000   15.0000  -37.500011187.7471   16.5386
   -7.5000   22.5000  -37.500010758.8193   16.4805
    0.0000   22.5000  -37.500011355.6338   16.5191
    7.5000   22.5000  -37.500011004.5723   16.5215
   -7.5000   30.0000  -37.500010542.2598   16.2665
    0.0000   30.0000  -37.500011118.9131   16.2984
    7.5000   30.0000  -37.500010749.4629   16.2944
   -7.5000   37.5000  -37.500010631.0908   16.2487
    0.0000   37.5000  -37.500011187.4062   16.2813
    7.5000   37.5000  -37.500010809.9980   16.2812
   -7.5000   45.0000  -37.500010322.0020   15.8363
    0.0000   45.0000  -37.500010851.9365   15.8722
    7.5000   45.0000  -37.500010486.6680   15.8810
   -7.5000  -45.0000  -30.0000 5405.8164   19.1106
    0.0000  -45.0000  -30.0000 5717.1543   19.1625
    7.5000  -45.0000  -30.0000 5546.3198   19.1664
   -7.5000  -37.5000  -30.0000 6076.5200   18.3333
    0.0000  -37.5000  -30.0000 6417.7666   18.3852
    7.5000  -37.5000  -30.0000 6239.4365   18.3959
   -7.5000  -30.0000  -30.0000 7058.3823   17.8185
    0.0000  -30.0000  -30.0000 7439.8408   17.8653
    7.5000  -30.0000  -30.0000 7238.1392   17.8728
   -7.5000  -22.5000  -30.0000 8123.8809   17.4842
    0.0000  -22.5000  -30.0000 8585.8945   17.5261
    7.5000  -22.5000  -30.0000 8364.8887   17.5253
   -7.5000  -15.0000  -30.0000 9260.0352   17.2958
    0.0000  -15.0000  -30.0000 9811.3945   17.3312
    7.5000  -15.0000  -30.0000 9544.9141   17.3224
   -7.5000   -7.5000  -30.000010410.6650   17.1914
    0.0000   -7.5000  -30.000011026.8477   17.2286
    7.5000   -7.5000  -30.000010690.0449   17.2234
   -7.5000    0.0000  -30.000011473.5098   17.1591
    0.0000    0.0000  -30.000012153.3848   17.2008
    7.5000    0.0000  -30.000011769.5781   17.2051
   -7.5000    7.5000  -30.000011638.9570   17.1685
    0.0000    7.5000  -30.000012323.7578   17.2128
    7.5000    7.5000  -30.000011955.0762   17.2227
   -7.5000   15.0000  -30.000011619.6504   17.1752
    0.0000   15.0000  -30.000012304.5996   17.2203
    7.5000   15.0000  -30.000011927.9385   17.2286
   -7.5000   22.5000  -30.000011452.2529   17.1719
    0.0000   22.5000  -30.000012095.6221   17.2124
    7.5000   22.5000  -30.000011720.3027   17.2117
   -7.5000   30.0000  -30.000011221.9414   16.9540
    0.0000   30.0000  -30.000011823.9277   16.9886
    7.5000   30.0000  -30.000011435.0654   16.9803
   -7.5000   37.5000  -30.000011320.8750   16.9340
    0.0000   37.5000  -30.000011906.0703   16.9705
    7.5000   37.5000  -30.000011499.8076   16.9654
   -7.5000   45.0000  -30.000010970.1895   16.5126
    0.0000   45.0000  -30.000011536.7949   16.5528
    7.5000   45.0000  -30.000011148.4883   16.5569
   -7.5000  -45.0000  -22.5000 5808.6899   19.7921
    0.0000  -45.0000  -22.5000 6145.4800   19.8464
    7.5000  -45.0000  -22.5000 5962.4053   19.8332
   -7.5000  -37.5000  -22.5000 6509.1470   18.9910
    0.0000  -37.5000  -22.5000 6876.8677   19.0468
    7.5000  -37.5000  -22.5000 6678.4014   19.0415
   -7.5000  -30.0000  -22.5000 7553.7319   18.4555
    0.0000  -30.0000  -22.5000 7971.7339   18.5043
    7.5000  -30.0000  -22.5000 7752.8047   18.4979
   -7.5000  -22.5000  -22.5000 8692.6270   18.1085
    0.0000  -22.5000  -22.5000 9196.2852   18.1521
    7.5000  -22.5000  -22.5000 8944.7373   18.1387
   -7.5000  -15.0000  -22.5000 9905.3135   17.9124
    0.0000  -15.0000  -22.500010488.9307   17.9500
    7.5000  -15.0000  -22.500010184.2109   17.9295
   -7.5000   -7.5000  -22.500011110.4482   17.8054
    0.0000   -7.5000  -22.500011764.8145   17.8449
    7.5000   -7.5000  -22.500011408.6172   17.8276
   -7.5000    0.0000  -22.500012190.1865   17.7743
    0.0000    0.0000  -22.500012917.0117   17.8192
    7.5000    0.0000  -22.500012538.9619   17.8099
   -7.5000    7.5000  -22.500012347.8164   17.7841
    0.0000    7.5000  -22.500013055.4287   17.8317
    7.5000    7.5000  -22.500012676.8887   17.8278
   -7.5000   15.0000  -22.500012311.7646   17.7896
    0.0000   15.0000  -22.500012978.0371   17.8366
    7.5000   15.0000  -22.500012606.3066   17.8319
   -7.5000   22.5000  -22.500012124.2734   17.7837
    0.0000   22.5000  -22.500012755.7861   17.8258
    7.5000   22.5000  -22.500012378.1943   17.8130
   -7.5000   30.0000  -22.500011840.1719   17.5611
    0.0000   30.0000  -22.500012435.0869   17.5979
    7.5000   30.0000  -22.500012056.9766   17.5781
   -7.5000   37.5000  -22.500011945.6211   17.5415
    0.0000   37.5000  -22.500012539.6123   17.5803
    7.5000   37.5000  -22.500012144.5996   17.5633
   -7.5000   45.0000  -22.500011585.5430   17.1175
    0.0000   45.0000  -22.500012153.4873   17.1608
    7.5000   45.0000  -22.500011768.9727   17.1519
   -7.5000  -45.0000  -15.0000 6167.6387   20.2943
    0.0000  -45.0000  -15.0000 6525.0220   20.3476
    7.5000  -45.0000  -15.0000 6338.0527   20.3241
   -7.5000  -37.5000  -15.0000 6932.2832   19.4772
    0.0000  -37.5000  -15.0000 7321.0176   19.5335
    7.5000  -37.5000  -15.0000 7123.7622   19.5174
   -7.5000  -30.0000  -15.0000 8058.3120   18.9249
    0.0000  -30.0000  -15.0000 8513.5566   18.9742
    7.5000  -30.0000  -15.0000 8284.3506   18.9576
   -7.5000  -22.5000  -15.0000 9270.8271   18.5657
    0.0000  -22.5000  -15.0000 9815.9092   18.6092
    7.5000  -22.5000  -15.0000 9532.5664   18.5869
   -7.5000  -15.0000  -15.000010532.8760   18.3618
    0.0000  -15.0000  -15.000011155.9268   18.3985
    7.5000  -15.0000  -15.000010835.0859   18.3709
   -7.5000   -7.5000  -15.000011787.4580   18.2541
    0.0000   -7.5000  -15.000012484.7041   18.2923
    7.5000   -7.5000  -15.000012123.9521   18.2680
   -7.5000    0.0000  -15.000012907.0430   18.2267
    0.0000    0.0000  -15.000013663.8428   18.2708
    7.5000    0.0000  -15.000013290.2158   18.2535
   -7.5000    7.5000  -15.000013049.8203   18.2380
    0.0000    7.5000  -15.000013768.5625   18.2863
    7.5000    7.5000  -15.000013414.0078   18.2732
   -7.5000   15.0000  -15.000012985.0303   18.2417
    0.0000   15.0000  -15.000013636.7715   18.2894
    7.5000   15.0000  -15.000013290.8135   18.2752
   -7.5000   22.5000  -15.000012754.1182   18.2315
    0.0000   22.5000  -15.000013365.8340   18.2734
    7.5000   22.5000  -15.000013010.1328   18.2520
   -7.5000   30.0000  -15.000012428.1377   18.0040
    0.0000   30.0000  -15.000012989.2041   18.0399
    7.5000   30.0000  -15.000012651.1484   18.0133
   -7.5000   37.5000  -15.000012543.0225   17.9860
    0.0000   37.5000  -15.000013105.3633   18.0235
    7.5000   37.5000  -15.000012760.7432   17.9997
   -7.5000   45.0000  -15.000012176.0723   17.5638
    0.0000   45.0000  -15.000012724.1777   17.6063
    7.5000   45.0000  -15.000012346.0234   17.5897
   -7.5000  -45.0000   -7.5000 6520.1421   20.5328
    0.0000  -45.0000   -7.5000 6911.2876   20.5835
    7.5000  -45.0000   -7.5000 6708.9233   20.5693
   -7.5000  -37.5000   -7.5000 7370.5273   19.7078
    0.0000  -37.5000   -7.5000 7794.5073   19.7617
    7.5000  -37.5000   -7.5000 7580.8472   19.7530
   -7.5000  -30.0000   -7.5000 8591.1924   19.1492
    0.0000  -30.0000   -7.5000 9081.9766   19.1986
    7.5000  -30.0000   -7.5000 8838.3555   19.1871
   -7.5000  -22.5000   -7.5000 9867.6475   18.7819
    0.0000  -22.5000   -7.500010446.6260   18.8252
    7.5000  -22.5000   -7.500010150.4385   18.8075
   -7.5000  -15.0000   -7.500011168.7109   18.5719
    0.0000  -15.0000   -7.500011825.9336   18.6067
    7.5000  -15.0000   -7.500011512.0859   18.5848
   -7.5000   -7.5000   -7.500012457.2676   18.4633
    0.0000   -7.5000   -7.500013196.7480   18.4983
    7.5000   -7.5000   -7.500012827.3369   18.4810
   -7.5000    0.0000   -7.500013609.8125   18.4383
    0.0000    0.0000   -7.500014398.2373   18.4791
    7.5000    0.0000   -7.500014016.9102   18.4693
   -7.5000    7.5000   -7.500013751.0469   18.4527
    0.0000    7.5000   -7.500014485.3994   18.4993
    7.5000    7.5000   -7.500014116.9912   18.4928
   -7.5000   15.0000   -7.500013672.3223   18.4572
    0.0000   15.0000   -7.500014339.8164   18.5051
    7.5000   15.0000   -7.500013975.7295   18.4957
   -7.5000   22.5000   -7.500013420.2900   18.4415
    0.0000   22.5000   -7.500014039.6650   18.4833
    7.5000   22.5000   -7.500013655.9648   18.4662
   -7.5000   30.0000   -7.500013063.3789   18.2094
    0.0000   30.0000   -7.500013619.8350   18.2435
    7.5000   30.0000   -7.500013289.7129   18.2224
   -7.5000   37.5000   -7.500013178.0029   18.1917
    0.0000   37.5000   -7.500013760.4727   18.2261
    7.5000   37.5000   -7.500013430.4229   18.2091
   -7.5000   45.0000   -7.500012761.5293   17.7711
    0.0000   45.0000   -7.500013330.7002   17.8103
    7.5000   45.0000   -7.500012971.0566   17.8009
   -7.5000  -45.0000    0.0000 6838.1724   20.5523
    0.0000  -45.0000    0.0000 7239.3120   20.6029
    7.5000  -45.0000    0.0000 7043.0366   20.6060
   -7.5000  -37.5000    0.0000 7749.8809   19.7222
    0.0000  -37.5000    0.0000 8200.6729   19.7749
    7.5000  -37.5000    0.0000 7990.9199   19.7824
   -7.5000  -30.0000    0.0000 9057.1318   19.1653
    0.0000  -30.0000    0.0000 9587.8408   19.2153
    7.5000  -30.0000    0.0000 9324.0059   19.2177
   -7.5000  -22.5000    0.000010400.0381   18.7980
    0.0000  -22.5000    0.000011017.8740   18.8423
    7.5000  -22.5000    0.000010686.5527   18.8370
   -7.5000  -15.0000    0.000011730.2217   18.5887
    0.0000  -15.0000    0.000012422.6855   18.6240
    7.5000  -15.0000    0.000012081.3066   18.6133
   -7.5000   -7.5000    0.000013053.9756   18.4794
    0.0000   -7.5000    0.000013828.7725   18.5142
    7.5000   -7.5000    0.000013426.8213   18.5090
   -7.5000    0.0000    0.000014209.7441   18.4524
    0.0000    0.0000    0.000015048.2656   18.4919
    7.5000    0.0000    0.000014644.9170   18.4958
   -7.5000    7.5000    0.000014312.1133   18.4666
    0.0000    7.5000    0.000015091.9092   18.5121
    7.5000    7.5000    0.000014696.1123   18.5196
   -7.5000   15.0000    0.000014223.7402   18.4724
    0.0000   15.0000    0.000014943.5957   18.5207
    7.5000   15.0000    0.000014545.2715   18.5244
   -7.5000   22.5000    0.000013967.6982   18.4575
    0.0000   22.5000    0.000014581.1367   18.5002
    7.5000   22.5000    0.000014187.1279   18.4951
   -7.5000   30.0000    0.000013595.0107   18.2265
    0.0000   30.0000    0.000014184.7549   18.2610
    7.5000   30.0000    0.000013827.5283   18.2508
   -7.5000   37.5000    0.000013704.3213   18.2081
    0.0000   37.5000    0.000014333.1074   18.2422
    7.5000   37.5000    0.000013988.5732   18.2372
   -7.5000   45.0000    0.000013252.3428   17.7860
    0.0000   45.0000    0.000013859.0303   17.8241
    7.5000   45.0000    0.000013507.6816   17.8278
   -7.5000  -45.0000    7.5000 6590.7974   20.5267
    0.0000  -45.0000    7.5000 6968.7886   20.5800
    7.5000  -45.0000    7.5000 6800.6675   20.5912
   -7.5000  -37.5000    7.5000 7484.0278   19.6919
    0.0000  -37.5000    7.5000 7912.5815   19.7455
    7.5000  -37.5000    7.5000 7728.0210   19.7624
   -7.5000  -30.0000    7.5000 8764.4355   19.1379
    0.0000  -30.0000    7.5000 9288.4521   19.1881
    7.5000  -30.0000    7.5000 9031.9502   19.1998
   -7.5000  -22.5000    7.500010081.9307   18.7758
    0.0000  -22.5000    7.500010692.1367   18.8205
    7.5000  -22.5000    7.500010362.1484   18.8233
   -7.5000  -15.0000    7.500011387.8164   18.5715
    0.0000  -15.0000    7.500012076.0674   18.6080
    7.5000  -15.0000    7.500011706.5908   18.6031
   -7.5000   -7.5000    7.500012643.4678   18.4609
    0.0000   -7.5000    7.500013412.4180   18.4979
    7.5000   -7.5000    7.500013015.5928   18.4979
   -7.5000    0.0000    7.500013740.6455   18.4286
    0.0000    0.0000    7.500014569.1240   18.4703
    7.5000    0.0000    7.500014156.1240   18.4805
   -7.5000    7.5000    7.500013798.6494   18.4397
    0.0000    7.5000    7.500014581.7725   18.4857
    7.5000    7.5000    7.500014173.6836   18.5011
   -7.5000   15.0000    7.500013699.7549   18.4463
    0.0000   15.0000    7.500014441.3545   18.4947
    7.5000   15.0000    7.500014033.9092   18.5071
   -7.5000   22.5000    7.500013482.8867   18.4361
    0.0000   22.5000    7.500014118.0742   18.4793
    7.5000   22.5000    7.500013708.4180   18.4820
   -7.5000   30.0000    7.500013121.5312   18.2098
    0.0000   30.0000    7.500013717.9531   18.2455
    7.5000   30.0000    7.500013338.5498   18.2409
   -7.5000   37.5000    7.500013257.5811   18.1898
    0.0000   37.5000    7.500013848.4961   18.2263
    7.5000   37.5000    7.500013485.5283   18.2263
   -7.5000   45.0000    7.500012810.2148   17.7630
    0.0000   45.0000    7.500013376.5908   17.8032
    7.5000   45.0000    7.500013021.2363   17.8131
   -7.5000  -45.0000   15.0000 6279.9165   20.5217
    0.0000  -45.0000   15.0000 6626.0010   20.5775
    7.5000  -45.0000   15.0000 6476.9443   20.5816
   -7.5000  -37.5000   15.0000 7117.2158   19.6870
    0.0000  -37.5000   15.0000 7523.8691   19.7428
    7.5000  -37.5000   15.0000 7339.2324   19.7543
   -7.5000  -30.0000   15.0000 8332.1533   19.1342
    0.0000  -30.0000   15.0000 8824.4805   19.1845
    7.5000  -30.0000   15.0000 8574.9141   19.1925
   -7.5000  -22.5000   15.0000 9590.6807   18.7752
    0.0000  -22.5000   15.000010186.1875   18.8202
    7.5000  -22.5000   15.0000 9890.5840   18.8194
   -7.5000  -15.0000   15.000010872.1064   18.5730
    0.0000  -15.0000   15.000011546.4277   18.6109
    7.5000  -15.0000   15.000011212.8633   18.6015
   -7.5000   -7.5000   15.000012085.1221   18.4608
    0.0000   -7.5000   15.000012828.1025   18.5007
    7.5000   -7.5000   15.000012467.6309   18.4952
   -7.5000    0.0000   15.000013170.5850   18.4261
    0.0000    0.0000   15.000013963.8398   18.4709
    7.5000    0.0000   15.000013552.4277   18.4756
   -7.5000    7.5000   15.000013233.8633   18.4362
    0.0000    7.5000   15.000013999.5947   18.4838
    7.5000    7.5000   15.000013593.0918   18.4945
   -7.5000   15.0000   15.000013135.9297   18.4434
    0.0000   15.0000   15.000013843.9004   18.4919
    7.5000   15.0000   15.000013437.3320   18.5008
   -7.5000   22.5000   15.000012926.3174   18.4358
    0.0000   22.5000   15.000013563.7070   18.4793
    7.5000   22.5000   15.000013157.0098   18.4786
   -7.5000   30.0000   15.000012572.9150   18.2113
    0.0000   30.0000   15.000013179.3838   18.2485
    7.5000   30.0000   15.000012776.3379   18.2395
   -7.5000   37.5000   15.000012681.0879   18.1898
    0.0000   37.5000   15.000013276.0869   18.2290
    7.5000   37.5000   15.000012866.1113   18.2235
   -7.5000   45.0000   15.000012271.1191   17.7607
    0.0000   45.0000   15.000012851.5459   17.8039
    7.5000   45.0000   15.000012446.4316   17.8083
   -7.5000  -45.0000   22.5000 5908.2178   20.5668
    0.0000  -45.0000   22.5000 6238.8179   20.6231
    7.5000  -45.0000   22.5000 6086.8442   20.6095
   -7.5000  -37.5000   22.5000 6690.3706   19.7342
    0.0000  -37.5000   22.5000 7065.0337   19.7920
    7.5000  -37.5000   22.5000 6896.8481   19.7866
   -7.5000  -30.0000   22.5000 7831.3901   19.1774
    0.0000  -30.0000   22.5000 8275.4082   19.2280
    7.5000  -30.0000   22.5000 8065.9604   19.2214
   -7.5000  -22.5000   22.5000 9018.7793   18.8164
    0.0000  -22.5000   22.5000 9577.2109   18.8617
    7.5000  -22.5000   22.5000 9317.6260   18.8478
   -7.5000  -15.0000   22.500010240.9697   18.6125
    0.0000  -15.0000   22.500010876.5029   18.6514
    7.5000  -15.0000   22.500010561.4229   18.6301
   -7.5000   -7.5000   22.500011404.4834   18.5010
    0.0000   -7.5000   22.500012121.1768   18.5420
    7.5000   -7.5000   22.500011771.5049   18.5241
   -7.5000    0.0000   22.500012463.6348   18.4687
    0.0000    0.0000   22.500013225.4365   18.5153
    7.5000    0.0000   22.500012828.6797   18.5057
   -7.5000    7.5000   22.500012554.7334   18.4790
    0.0000    7.5000   22.500013310.8750   18.5284
    7.5000    7.5000   22.500012920.7783   18.5244
   -7.5000   15.0000   22.500012472.7656   18.4847
    0.0000   15.0000   22.500013177.4160   18.5336
    7.5000   15.0000   22.500012797.5342   18.5287
   -7.5000   22.5000   22.500012274.1318   18.4758
    0.0000   22.5000   22.500012890.9570   18.5195
    7.5000   22.5000   22.500012529.2539   18.5062
   -7.5000   30.0000   22.500011943.0156   18.2499
    0.0000   30.0000   22.500012535.5654   18.2879
    7.5000   30.0000   22.500012188.3018   18.2675
   -7.5000   37.5000   22.500012039.1787   18.2293
    0.0000   37.5000   22.500012631.9980   18.2696
    7.5000   37.5000   22.500012295.5977   18.2520
   -7.5000   45.0000   22.500011658.2705   17.8017
    0.0000   45.0000   22.500012232.9346   17.8466
    7.5000   45.0000   22.500011892.3789   17.8374
   -7.5000  -45.0000   30.0000 5502.5562   20.6818
    0.0000  -45.0000   30.0000 5810.0791   20.7360
    7.5000  -45.0000   30.0000 5654.0059   20.7121
   -7.5000  -37.5000   30.0000 6243.6440   19.8489
    0.0000  -37.5000   30.0000 6603.1392   19.9063
    7.5000  -37.5000   30.0000 6413.5239   19.8899
   -7.5000  -30.0000   30.0000 7284.9092   19.2859
    0.0000  -30.0000   30.0000 7708.7515   19.3362
    7.5000  -30.0000   30.0000 7493.0815   19.3192
   -7.5000  -22.5000   30.0000 8394.0381   18.9197
    0.0000  -22.5000   30.0000 8900.4023   18.9640
    7.5000  -22.5000   30.0000 8651.2793   18.9412
   -7.5000  -15.0000   30.0000 9529.1709   18.7114
    0.0000  -15.0000   30.000010115.6006   18.7487
    7.5000  -15.0000   30.0000 9827.9092   18.7205
   -7.5000   -7.5000   30.000010635.3672   18.6011
    0.0000   -7.5000   30.000011282.7754   18.6399
    7.5000   -7.5000   30.000010964.6777   18.6151
   -7.5000    0.0000   30.000011641.7412   18.5729
    0.0000    0.0000   30.000012348.2031   18.6178
    7.5000    0.0000   30.000012001.2793   18.6002
   -7.5000    7.5000   30.000011767.1865   18.5846
    0.0000    7.5000   30.000012466.8369   18.6338
    7.5000    7.5000   30.000012129.4443   18.6205
   -7.5000   15.0000   30.000011703.0244   18.5887
    0.0000   15.0000   30.000012395.7852   18.6373
    7.5000   15.0000   30.000012073.3418   18.6227
   -7.5000   22.5000   30.000011527.3945   18.5764
    0.0000   22.5000   30.000012180.5654   18.6191
    7.5000   22.5000   30.000011859.4326   18.5971
   -7.5000   30.0000   30.000011225.9316   18.3465
    0.0000   30.0000   30.000011840.0703   18.3830
    7.5000   30.0000   30.000011522.8184   18.3556
   -7.5000   37.5000   30.000011287.8389   18.3277
    0.0000   37.5000   30.000011898.8623   18.3659
    7.5000   37.5000   30.000011568.0635   18.3415
   -7.5000   45.0000   30.000010933.5693   17.9021
    0.0000   45.0000   30.000011513.8350   17.9454
    7.5000   45.0000   30.000011200.7236   17.9284
   -7.5000  -45.0000   37.5000 5274.7397   20.8145
    0.0000  -45.0000   37.5000 5563.2417   20.8651
    7.5000  -45.0000   37.5000 5397.7627   20.8503
   -7.5000  -37.5000   37.5000 5990.0713   19.9800
    0.0000  -37.5000   37.5000 6317.6030   20.0342
    7.5000  -37.5000   37.5000 6133.7021   20.0249
   -7.5000  -30.0000   37.5000 6996.9639   19.4159
    0.0000  -30.0000   37.5000 7383.3911   19.4656
    7.5000  -30.0000   37.5000 7179.9976   19.4535
   -7.5000  -22.5000   37.5000 8067.8813   19.0449
    0.0000  -22.5000   37.5000 8523.8818   19.0885
    7.5000  -22.5000   37.5000 8288.0439   19.0700
   -7.5000  -15.0000   37.5000 9154.7812   18.8327
    0.0000  -15.0000   37.5000 9684.8262   18.8678
    7.5000  -15.0000   37.5000 9413.4990   18.8450
   -7.5000   -7.5000   37.500010209.2383   18.7228
    0.0000   -7.5000   37.500010812.7197   18.7580
    7.5000   -7.5000   37.500010512.4502   18.7399
   -7.5000    0.0000   37.500011188.0684   18.6973
    0.0000    0.0000   37.500011861.3281   18.7382
    7.5000    0.0000   37.500011531.3486   18.7278
   -7.5000    7.5000   37.500011329.3926   18.7127
    0.0000    7.5000   37.500012004.5176   18.7596
    7.5000    7.5000   37.500011668.3369   18.7524
   -7.5000   15.0000   37.500011288.9512   18.7180
    0.0000   15.0000   37.500011968.3125   18.7662
    7.5000   15.0000   37.500011637.0234   18.7561
   -7.5000   22.5000   37.500011114.5049   18.7020
    0.0000   22.5000   37.500011775.7549   18.7441
    7.5000   22.5000   37.500011452.1562   18.7261
   -7.5000   30.0000   37.500010829.8789   18.4665
    0.0000   30.0000   37.500011465.7354   18.5007
    7.5000   30.0000   37.500011146.4277   18.4786
   -7.5000   37.5000   37.500010896.9668   18.4476
    0.0000   37.5000   37.500011526.4590   18.4822
    7.5000   37.5000   37.500011207.9248   18.4644
   -7.5000   45.0000   37.500010555.7549   18.0220
    0.0000   45.0000   37.500011143.7520   18.0615
    7.5000   45.0000   37.500010845.9092   18.0514
   -7.5000  -45.0000   45.0000 4785.4971   20.9050
    0.0000  -45.0000   45.0000 5037.3472   20.9546
    7.5000  -45.0000   45.0000 4881.3770   20.9557
   -7.5000  -37.5000   45.0000 5435.7607   20.0597
    0.0000  -37.5000   45.0000 5727.2334   20.1119
    7.5000  -37.5000   45.0000 5553.3481   20.1178
   -7.5000  -30.0000   45.0000 6363.7939   19.4949
    0.0000  -30.0000   45.0000 6710.2905   19.5448
    7.5000  -30.0000   45.0000 6515.2983   19.5456
   -7.5000  -22.5000   45.0000 7357.2651   19.1241
    0.0000  -22.5000   45.0000 7758.2217   19.1681
    7.5000  -22.5000   45.0000 7540.3032   19.1613
   -7.5000  -15.0000   45.0000 8335.5879   18.9144
    0.0000  -15.0000   45.0000 8817.1084   18.9491
    7.5000  -15.0000   45.0000 8578.8018   18.9368
   -7.5000   -7.5000   45.0000 9304.9951   18.8050
    0.0000   -7.5000   45.0000 9853.6191   18.8389
    7.5000   -7.5000   45.0000 9567.9863   18.8322
   -7.5000    0.0000   45.000010215.9863   18.7772
    0.0000    0.0000   45.000010808.5586   18.8163
    7.5000    0.0000   45.000010489.6396   18.8186
   -7.5000    7.5000   45.000010350.9404   18.7924
    0.0000    7.5000   45.000010939.7764   18.8377
    7.5000    7.5000   45.000010639.5713   18.8437
   -7.5000   15.0000   45.000010322.4834   18.7985
    0.0000   15.0000   45.000010904.1426   18.8469
    7.5000   15.0000   45.000010610.8223   18.8490
   -7.5000   22.5000   45.000010167.8711   18.7830
    0.0000   22.5000   45.000010754.8877   18.8255
    7.5000   22.5000   45.000010448.0518   18.8187
   -7.5000   30.0000   45.0000 9905.5703   18.5460
    0.0000   30.0000   45.000010484.6045   18.5798
    7.5000   30.0000   45.000010180.3750   18.5680
   -7.5000   37.5000   45.0000 9973.4238   18.5267
    0.0000   37.5000   45.000010545.7441   18.5601
    7.5000   37.5000   45.000010247.2559   18.5535
   -7.5000   45.0000   45.0000 9673.1201   18.1073
    0.0000   45.0000   45.000010220.5225   18.1449
    7.5000   45.0000   45.0000 9943.9678   18.1472

---------------------------------------------------------------------
imgreg_4dfp /opt/freesurfer/average/711-2C_as_mni_average_305 /opt/freesurfer/average/711-2B_as_mni_average_305_mask talsrcimg_g11 none talsrcimg_to_711-2C_as_mni_average_305_t4 4355
---------------------------------------------------------------------

freesurfer imgreg_4dfp.c
/opt/freesurfer/average/711-2C_as_mni_average_305.4dfp.img
       256       256       256         1
  1.000000  1.000000  1.000000
orientation T byte_order littleendian
Reading image: /opt/freesurfer/average/711-2C_as_mni_average_305.4dfp.img
dimensions:      256       256       256
mmppix:       1.0000   -1.0000   -1.0000
center:     128.0000 -129.0000 -129.0000
/opt/freesurfer/average/711-2B_as_mni_average_305_mask.4dfp.img
       256       256       256         1
  1.000000  1.000000  1.000000
orientation T byte_order littleendian
Reading mask: /opt/freesurfer/average/711-2B_as_mni_average_305_mask.4dfp.img (2306576 pixels)
talsrcimg_g11.4dfp.img
       256       256       256         1
  1.000000  1.000000  1.000000
orientation T byte_order littleendian
Reading image: talsrcimg_g11.4dfp.img
dimensions:      256       256       256
mmppix:       1.0000   -1.0000   -1.0000
center:     128.0000 -129.0000 -129.0000
rotation matrix determinant  1.000000
image alignment mode   4355 decimal     1103 hex
   -7.5000  -37.5000  -45.0000 1439.5929   31.1961
    0.0000  -37.5000  -45.0000 1470.6353   30.2734
    7.5000  -37.5000  -45.0000 1485.7361   29.9569
   -7.5000  -30.0000  -45.0000 1568.2948   26.2590
    0.0000  -30.0000  -45.0000 1593.5471   25.5574
    7.5000  -30.0000  -45.0000 1609.4961   25.2820
   -7.5000  -22.5000  -45.0000 1694.6296   22.5856
    0.0000  -22.5000  -45.0000 1721.5945   21.9093
    7.5000  -22.5000  -45.0000 1738.0166   21.7646
   -7.5000  -15.0000  -45.0000 1816.6239   19.8782
    0.0000  -15.0000  -45.0000 1851.3932   19.2943
    7.5000  -15.0000  -45.0000 1869.1418   19.0975
   -7.5000   -7.5000  -45.0000 1926.5721   17.8334
    0.0000   -7.5000  -45.0000 1966.9221   17.3263
    7.5000   -7.5000  -45.0000 1984.8579   17.1114
   -7.5000    0.0000  -45.0000 2024.3748   16.2889
    0.0000    0.0000  -45.0000 2067.7542   15.8368
    7.5000    0.0000  -45.0000 2082.8586   15.6381
   -7.5000    7.5000  -45.0000 2104.0559   15.1210
    0.0000    7.5000  -45.0000 2146.6606   14.7124
    7.5000    7.5000  -45.0000 2166.7297   14.5232
   -7.5000   15.0000  -45.0000 2151.1790   14.3493
    0.0000   15.0000  -45.0000 2190.7249   13.9673
    7.5000   15.0000  -45.0000 2211.5354   13.7905
   -7.5000   22.5000  -45.0000 2177.4563   13.8939
    0.0000   22.5000  -45.0000 2218.8518   13.5094
    7.5000   22.5000  -45.0000 2235.9932   13.3405
   -7.5000   30.0000  -45.0000 2185.6704   13.7568
    0.0000   30.0000  -45.0000 2229.6316   13.3443
    7.5000   30.0000  -45.0000 2249.5928   13.1709
   -7.5000   37.5000  -45.0000 2176.4717   13.8896
    0.0000   37.5000  -45.0000 2220.3606   13.4350
    7.5000   37.5000  -45.0000 2244.4226   13.2761
   -7.5000   45.0000  -45.0000 2143.1938   14.3877
    0.0000   45.0000  -45.0000 2194.2263   13.9016
    7.5000   45.0000  -45.0000 2225.7029   13.7332
   -7.5000   52.5000  -45.0000 2080.6382   15.1222
    0.0000   52.5000  -45.0000 2128.7678   14.5800
    7.5000   52.5000  -45.0000 2160.3213   14.3855
   -7.5000  -37.5000  -37.5000 1501.8545   28.4988
    0.0000  -37.5000  -37.5000 1529.9449   27.6312
    7.5000  -37.5000  -37.5000 1539.3221   27.3898
   -7.5000  -30.0000  -37.5000 1635.3284   24.0747
    0.0000  -30.0000  -37.5000 1658.3730   23.3494
    7.5000  -30.0000  -37.5000 1674.2032   23.1593
   -7.5000  -22.5000  -37.5000 1769.0267   20.7623
    0.0000  -22.5000  -37.5000 1797.9011   20.1182
    7.5000  -22.5000  -37.5000 1817.2975   19.9686
   -7.5000  -15.0000  -37.5000 1897.8453   18.2469
    0.0000  -15.0000  -37.5000 1935.3411   17.7445
    7.5000  -15.0000  -37.5000 1952.6404   17.5936
   -7.5000   -7.5000  -37.5000 2015.6925   16.3901
    0.0000   -7.5000  -37.5000 2059.2517   15.9179
    7.5000   -7.5000  -37.5000 2076.7007   15.7781
   -7.5000    0.0000  -37.5000 2113.7798   14.9323
    0.0000    0.0000  -37.5000 2158.7407   14.5224
    7.5000    0.0000  -37.5000 2176.0730   14.3762
   -7.5000    7.5000  -37.5000 2193.0964   13.8483
    0.0000    7.5000  -37.5000 2236.4614   13.4920
    7.5000    7.5000  -37.5000 2257.9253   13.3527
   -7.5000   15.0000  -37.5000 2248.4653   13.1659
    0.0000   15.0000  -37.5000 2291.8728   12.8125
    7.5000   15.0000  -37.5000 2315.2385   12.6672
   -7.5000   22.5000  -37.5000 2280.3982   12.7382
    0.0000   22.5000  -37.5000 2322.4570   12.3956
    7.5000   22.5000  -37.5000 2344.6194   12.2599
   -7.5000   30.0000  -37.5000 2292.9724   12.6566
    0.0000   30.0000  -37.5000 2337.9773   12.2978
    7.5000   30.0000  -37.5000 2359.7354   12.1524
   -7.5000   37.5000  -37.5000 2277.2573   12.8074
    0.0000   37.5000  -37.5000 2323.6228   12.4204
    7.5000   37.5000  -37.5000 2352.0056   12.2986
   -7.5000   45.0000  -37.5000 2243.0103   13.2561
    0.0000   45.0000  -37.5000 2293.8943   12.8276
    7.5000   45.0000  -37.5000 2325.1243   12.7071
   -7.5000   52.5000  -37.5000 2174.5825   13.9132
    0.0000   52.5000  -37.5000 2229.7524   13.4424
    7.5000   52.5000  -37.5000 2257.6746   13.3020
   -7.5000  -37.5000  -30.0000 1584.3356   27.3411
    0.0000  -37.5000  -30.0000 1612.1438   26.5053
    7.5000  -37.5000  -30.0000 1625.0680   26.3501
   -7.5000  -30.0000  -30.0000 1724.4562   23.0662
    0.0000  -30.0000  -30.0000 1753.9056   22.4012
    7.5000  -30.0000  -30.0000 1767.3662   22.2447
   -7.5000  -22.5000  -30.0000 1868.1670   19.9477
    0.0000  -22.5000  -30.0000 1902.4501   19.3504
    7.5000  -22.5000  -30.0000 1920.1243   19.2103
   -7.5000  -15.0000  -30.0000 2004.6824   17.5628
    0.0000  -15.0000  -30.0000 2047.3794   17.0535
    7.5000  -15.0000  -30.0000 2067.2976   16.9163
   -7.5000   -7.5000  -30.0000 2132.6846   15.7479
    0.0000   -7.5000  -30.0000 2176.8601   15.2942
    7.5000   -7.5000  -30.0000 2193.6021   15.1605
   -7.5000    0.0000  -30.0000 2234.6274   14.3178
    0.0000    0.0000  -30.0000 2282.2300   13.9102
    7.5000    0.0000  -30.0000 2297.9626   13.8039
   -7.5000    7.5000  -30.0000 2321.4109   13.2615
    0.0000    7.5000  -30.0000 2367.6965   12.9083
    7.5000    7.5000  -30.0000 2389.9873   12.7920
   -7.5000   15.0000  -30.0000 2381.1494   12.5766
    0.0000   15.0000  -30.0000 2428.2961   12.2476
    7.5000   15.0000  -30.0000 2455.1433   12.1291
   -7.5000   22.5000  -30.0000 2416.7449   12.1681
    0.0000   22.5000  -30.0000 2468.0164   11.8438
    7.5000   22.5000  -30.0000 2490.8960   11.7318
   -7.5000   30.0000  -30.0000 2439.6194   12.0854
    0.0000   30.0000  -30.0000 2492.3569   11.7484
    7.5000   30.0000  -30.0000 2515.1846   11.6313
   -7.5000   37.5000  -30.0000 2427.8555   12.2846
    0.0000   37.5000  -30.0000 2481.9158   11.9113
    7.5000   37.5000  -30.0000 2510.5688   11.8128
   -7.5000   45.0000  -30.0000 2389.7954   12.7170
    0.0000   45.0000  -30.0000 2449.0701   12.3317
    7.5000   45.0000  -30.0000 2480.2729   12.2248
   -7.5000   52.5000  -30.0000 2314.4700   13.3266
    0.0000   52.5000  -30.0000 2377.5273   12.9266
    7.5000   52.5000  -30.0000 2406.8635   12.8210
   -7.5000  -37.5000  -22.5000 1644.7953   26.1886
    0.0000  -37.5000  -22.5000 1674.8728   25.4685
    7.5000  -37.5000  -22.5000 1686.3689   25.2997
   -7.5000  -30.0000  -22.5000 1793.5115   22.1399
    0.0000  -30.0000  -22.5000 1824.1074   21.5097
    7.5000  -30.0000  -22.5000 1838.5360   21.3883
   -7.5000  -22.5000  -22.5000 1939.6345   19.1320
    0.0000  -22.5000  -22.5000 1975.6057   18.6004
    7.5000  -22.5000  -22.5000 1993.3407   18.5039
   -7.5000  -15.0000  -22.5000 2085.2625   16.8789
    0.0000  -15.0000  -22.5000 2126.4753   16.3927
    7.5000  -15.0000  -22.5000 2143.3853   16.2762
   -7.5000   -7.5000  -22.5000 2215.8069   15.0958
    0.0000   -7.5000  -22.5000 2261.2092   14.6460
    7.5000   -7.5000  -22.5000 2276.5491   14.5532
   -7.5000    0.0000  -22.5000 2319.9739   13.7228
    0.0000    0.0000  -22.5000 2371.7847   13.3167
    7.5000    0.0000  -22.5000 2390.5947   13.2572
   -7.5000    7.5000  -22.5000 2414.3206   12.6957
    0.0000    7.5000  -22.5000 2465.1550   12.3517
    7.5000    7.5000  -22.5000 2490.2742   12.2776
   -7.5000   15.0000  -22.5000 2487.1919   12.0034
    0.0000   15.0000  -22.5000 2536.8701   11.6871
    7.5000   15.0000  -22.5000 2566.2271   11.5920
   -7.5000   22.5000  -22.5000 2531.9224   11.6034
    0.0000   22.5000  -22.5000 2590.4023   11.2743
    7.5000   22.5000  -22.5000 2615.0037   11.2031
   -7.5000   30.0000  -22.5000 2560.9126   11.5151
    0.0000   30.0000  -22.5000 2621.7314   11.1664
    7.5000   30.0000  -22.5000 2645.8264   11.0954
   -7.5000   37.5000  -22.5000 2551.7122   11.7130
    0.0000   37.5000  -22.5000 2617.9666   11.3670
    7.5000   37.5000  -22.5000 2646.8914   11.2776
   -7.5000   45.0000  -22.5000 2513.3833   12.1465
    0.0000   45.0000  -22.5000 2581.6548   11.8105
    7.5000   45.0000  -22.5000 2615.1831   11.7207
   -7.5000   52.5000  -22.5000 2429.6111   12.7459
    0.0000   52.5000  -22.5000 2496.2927   12.3959
    7.5000   52.5000  -22.5000 2524.3074   12.3235
   -7.5000  -37.5000  -15.0000 1686.2853   25.2149
    0.0000  -37.5000  -15.0000 1716.8098   24.5601
    7.5000  -37.5000  -15.0000 1729.0979   24.4976
   -7.5000  -30.0000  -15.0000 1840.1873   21.3568
    0.0000  -30.0000  -15.0000 1871.2976   20.8000
    7.5000  -30.0000  -15.0000 1885.1475   20.7608
   -7.5000  -22.5000  -15.0000 1987.2202   18.4814
    0.0000  -22.5000  -15.0000 2022.6106   18.0035
    7.5000  -22.5000  -15.0000 2037.8201   17.9076
   -7.5000  -15.0000  -15.0000 2134.1533   16.2722
    0.0000  -15.0000  -15.0000 2173.5359   15.8141
    7.5000  -15.0000  -15.0000 2188.8232   15.7203
   -7.5000   -7.5000  -15.0000 2270.4172   14.5496
    0.0000   -7.5000  -15.0000 2314.2847   14.1179
    7.5000   -7.5000  -15.0000 2328.3875   14.0540
   -7.5000    0.0000  -15.0000 2378.5396   13.2068
    0.0000    0.0000  -15.0000 2430.3628   12.8056
    7.5000    0.0000  -15.0000 2447.6172   12.7724
   -7.5000    7.5000  -15.0000 2482.4802   12.2250
    0.0000    7.5000  -15.0000 2537.9224   11.8481
    7.5000    7.5000  -15.0000 2560.4355   11.8224
   -7.5000   15.0000  -15.0000 2567.6133   11.5369
    0.0000   15.0000  -15.0000 2622.3999   11.1974
    7.5000   15.0000  -15.0000 2650.8379   11.1493
   -7.5000   22.5000  -15.0000 2621.6128   11.1177
    0.0000   22.5000  -15.0000 2688.2588   10.7939
    7.5000   22.5000  -15.0000 2716.1519   10.7376
   -7.5000   30.0000  -15.0000 2654.1016   11.0192
    0.0000   30.0000  -15.0000 2725.2280   10.6831
    7.5000   30.0000  -15.0000 2750.2415   10.6346
   -7.5000   37.5000  -15.0000 2649.7886   11.1996
    0.0000   37.5000  -15.0000 2723.9758   10.8829
    7.5000   37.5000  -15.0000 2753.1658   10.8173
   -7.5000   45.0000  -15.0000 2606.8591   11.6176
    0.0000   45.0000  -15.0000 2682.9062   11.3257
    7.5000   45.0000  -15.0000 2711.7192   11.2604
   -7.5000   52.5000  -15.0000 2511.6150   12.1964
    0.0000   52.5000  -15.0000 2580.1938   11.8880
    7.5000   52.5000  -15.0000 2611.0542   11.8291
   -7.5000  -37.5000   -7.5000 1717.4873   24.3955
    0.0000  -37.5000   -7.5000 1747.0226   23.8236
    7.5000  -37.5000   -7.5000 1756.3879   23.8403
   -7.5000  -30.0000   -7.5000 1874.3473   20.7234
    0.0000  -30.0000   -7.5000 1906.0846   20.2048
    7.5000  -30.0000   -7.5000 1916.6943   20.2179
   -7.5000  -22.5000   -7.5000 2022.9257   17.9314
    0.0000  -22.5000   -7.5000 2056.7874   17.4753
    7.5000  -22.5000   -7.5000 2068.1370   17.4059
   -7.5000  -15.0000   -7.5000 2163.7336   15.7380
    0.0000  -15.0000   -7.5000 2201.9192   15.3134
    7.5000  -15.0000   -7.5000 2216.6472   15.2541
   -7.5000   -7.5000   -7.5000 2300.0195   14.0615
    0.0000   -7.5000   -7.5000 2344.8616   13.6529
    7.5000   -7.5000   -7.5000 2353.4780   13.6085
   -7.5000    0.0000   -7.5000 2412.2744   12.7646
    0.0000    0.0000   -7.5000 2463.6638   12.3767
    7.5000    0.0000   -7.5000 2480.0042   12.3504
   -7.5000    7.5000   -7.5000 2527.8103   11.8113
    0.0000    7.5000   -7.5000 2583.7920   11.4293
    7.5000    7.5000   -7.5000 2603.4658   11.4172
   -7.5000   15.0000   -7.5000 2624.5186   11.1383
    0.0000   15.0000   -7.5000 2686.8901   10.7865
    7.5000   15.0000   -7.5000 2710.6733   10.7611
   -7.5000   22.5000   -7.5000 2690.5466   10.7363
    0.0000   22.5000   -7.5000 2766.0044   10.3835
    7.5000   22.5000   -7.5000 2797.4670   10.3453
   -7.5000   30.0000   -7.5000 2730.1978   10.6171
    0.0000   30.0000   -7.5000 2811.7417   10.2981
    7.5000   30.0000   -7.5000 2837.6782   10.2428
   -7.5000   37.5000   -7.5000 2728.5513   10.7757
    0.0000   37.5000   -7.5000 2813.6035   10.4909
    7.5000   37.5000   -7.5000 2837.9048   10.4567
   -7.5000   45.0000   -7.5000 2673.6768   11.1690
    0.0000   45.0000   -7.5000 2755.8538   10.9034
    7.5000   45.0000   -7.5000 2780.9548   10.8651
   -7.5000   52.5000   -7.5000 2565.7102   11.7231
    0.0000   52.5000   -7.5000 2638.1943   11.4323
    7.5000   52.5000   -7.5000 2665.6448   11.3878
   -7.5000  -37.5000    0.0000 1737.1533   23.9278
    0.0000  -37.5000    0.0000 1761.8268   23.4216
    7.5000  -37.5000    0.0000 1771.7295   23.5525
   -7.5000  -30.0000    0.0000 1897.4636   20.3356
    0.0000  -30.0000    0.0000 1927.4005   19.8847
    7.5000  -30.0000    0.0000 1935.1321   19.9023
   -7.5000  -22.5000    0.0000 2047.5974   17.5966
    0.0000  -22.5000    0.0000 2079.3809   17.1555
    7.5000  -22.5000    0.0000 2081.5339   17.1121
   -7.5000  -15.0000    0.0000 2183.1624   15.3994
    0.0000  -15.0000    0.0000 2221.2800   14.9967
    7.5000  -15.0000    0.0000 2226.5886   14.9553
   -7.5000   -7.5000    0.0000 2317.1528   13.7618
    0.0000   -7.5000    0.0000 2362.9783   13.3558
    7.5000   -7.5000    0.0000 2367.6560   13.3227
   -7.5000    0.0000    0.0000 2427.7656   12.5026
    0.0000    0.0000    0.0000 2485.8254   12.1171
    7.5000    0.0000    0.0000 2497.2314   12.0803
   -7.5000    7.5000    0.0000 2545.8640   11.5593
    0.0000    7.5000    0.0000 2611.5195   11.1783
    7.5000    7.5000    0.0000 2626.5386   11.1562
   -7.5000   15.0000    0.0000 2653.9304   10.8959
    0.0000   15.0000    0.0000 2725.7439   10.5269
    7.5000   15.0000    0.0000 2744.2173   10.5148
   -7.5000   22.5000    0.0000 2736.4854   10.4800
    0.0000   22.5000    0.0000 2820.1655   10.1277
    7.5000   22.5000    0.0000 2850.6863   10.0946
   -7.5000   30.0000    0.0000 2784.3928   10.3402
    0.0000   30.0000    0.0000 2882.6006    9.9967
    7.5000   30.0000    0.0000 2906.2119    9.9646
   -7.5000   37.5000    0.0000 2780.9443   10.5004
    0.0000   37.5000    0.0000 2877.1221   10.1945
    7.5000   37.5000    0.0000 2900.9551   10.1772
   -7.5000   45.0000    0.0000 2718.9673   10.8660
    0.0000   45.0000    0.0000 2804.6375   10.6025
    7.5000   45.0000    0.0000 2828.2778   10.5704
   -7.5000   52.5000    0.0000 2599.8384   11.3850
    0.0000   52.5000    0.0000 2675.4578   11.0966
    7.5000   52.5000    0.0000 2698.7227   11.0563
   -7.5000  -37.5000    7.5000 1738.9163   23.8025
    0.0000  -37.5000    7.5000 1760.3168   23.3520
    7.5000  -37.5000    7.5000 1766.8854   23.5282
   -7.5000  -30.0000    7.5000 1902.9065   20.3066
    0.0000  -30.0000    7.5000 1932.7268   19.8337
    7.5000  -30.0000    7.5000 1931.4702   19.8893
   -7.5000  -22.5000    7.5000 2056.7900   17.5351
    0.0000  -22.5000    7.5000 2089.3406   17.0996
    7.5000  -22.5000    7.5000 2082.1904   17.0634
   -7.5000  -15.0000    7.5000 2194.1140   15.3571
    0.0000  -15.0000    7.5000 2231.7886   14.9408
    7.5000  -15.0000    7.5000 2229.4907   14.8797
   -7.5000   -7.5000    7.5000 2323.0593   13.7105
    0.0000   -7.5000    7.5000 2370.8845   13.3230
    7.5000   -7.5000    7.5000 2373.3369   13.2605
   -7.5000    0.0000    7.5000 2433.1394   12.4589
    0.0000    0.0000    7.5000 2492.9082   12.0894
    7.5000    0.0000    7.5000 2501.9685   12.0278
   -7.5000    7.5000    7.5000 2547.9272   11.5122
    0.0000    7.5000    7.5000 2617.1689   11.1473
    7.5000    7.5000    7.5000 2630.8308   11.0932
   -7.5000   15.0000    7.5000 2657.1343   10.8502
    0.0000   15.0000    7.5000 2735.0808   10.4855
    7.5000   15.0000    7.5000 2753.6392   10.4376
   -7.5000   22.5000    7.5000 2747.3057   10.4319
    0.0000   22.5000    7.5000 2836.7744   10.0849
    7.5000   22.5000    7.5000 2866.3582   10.0290
   -7.5000   30.0000    7.5000 2801.6040   10.2655
    0.0000   30.0000    7.5000 2898.5098    9.9142
    7.5000   30.0000    7.5000 2928.0645    9.8612
   -7.5000   37.5000    7.5000 2804.2297   10.3865
    0.0000   37.5000    7.5000 2896.9011   10.0629
    7.5000   37.5000    7.5000 2923.4910   10.0190
   -7.5000   45.0000    7.5000 2734.8604   10.7376
    0.0000   45.0000    7.5000 2822.1870   10.4419
    7.5000   45.0000    7.5000 2845.2996   10.3953
   -7.5000   52.5000    7.5000 2607.1868   11.2583
    0.0000   52.5000    7.5000 2683.6345   10.9455
    7.5000   52.5000    7.5000 2708.6750   10.8840
   -7.5000  -37.5000   15.0000 1721.0012   24.0634
    0.0000  -37.5000   15.0000 1741.6813   23.6244
    7.5000  -37.5000   15.0000 1744.7888   23.8203
   -7.5000  -30.0000   15.0000 1886.0626   20.5317
    0.0000  -30.0000   15.0000 1912.8871   20.1086
    7.5000  -30.0000   15.0000 1910.6411   20.1207
   -7.5000  -22.5000   15.0000 2043.5010   17.7163
    0.0000  -22.5000   15.0000 2076.4766   17.3163
    7.5000  -22.5000   15.0000 2072.3123   17.2637
   -7.5000  -15.0000   15.0000 2188.2195   15.5648
    0.0000  -15.0000   15.0000 2227.6245   15.1763
    7.5000  -15.0000   15.0000 2224.0955   15.0953
   -7.5000   -7.5000   15.0000 2316.9092   13.9045
    0.0000   -7.5000   15.0000 2364.5298   13.5396
    7.5000   -7.5000   15.0000 2365.1965   13.4657
   -7.5000    0.0000   15.0000 2426.5940   12.6600
    0.0000    0.0000   15.0000 2481.4851   12.2958
    7.5000    0.0000   15.0000 2486.5754   12.2090
   -7.5000    7.5000   15.0000 2538.4612   11.7016
    0.0000    7.5000   15.0000 2602.9890   11.3484
    7.5000    7.5000   15.0000 2616.6768   11.2567
   -7.5000   15.0000   15.0000 2641.6453   11.0108
    0.0000   15.0000   15.0000 2716.2986   10.6626
    7.5000   15.0000   15.0000 2735.9165   10.5792
   -7.5000   22.5000   15.0000 2729.7441   10.5835
    0.0000   22.5000   15.0000 2812.9741   10.2097
    7.5000   22.5000   15.0000 2835.6035   10.1252
   -7.5000   30.0000   15.0000 2775.4312   10.4006
    0.0000   30.0000   15.0000 2860.9402   10.0526
    7.5000   30.0000   15.0000 2888.6426    9.9521
   -7.5000   37.5000   15.0000 2777.2834   10.4756
    0.0000   37.5000   15.0000 2859.5486   10.1380
    7.5000   37.5000   15.0000 2888.7395   10.0554
   -7.5000   45.0000   15.0000 2716.2949   10.7972
    0.0000   45.0000   15.0000 2795.2708   10.4980
    7.5000   45.0000   15.0000 2819.5300   10.4053
   -7.5000   52.5000   15.0000 2588.7366   11.3105
    0.0000   52.5000   15.0000 2659.4565   10.9886
    7.5000   52.5000   15.0000 2686.0566   10.9128
   -7.5000  -37.5000   22.5000 1691.9783   24.6567
    0.0000  -37.5000   22.5000 1714.0250   24.2630
    7.5000  -37.5000   22.5000 1711.7784   24.4614
   -7.5000  -30.0000   22.5000 1855.5284   21.0237
    0.0000  -30.0000   22.5000 1880.3328   20.6302
    7.5000  -30.0000   22.5000 1878.3760   20.6691
   -7.5000  -22.5000   22.5000 2017.8645   18.2093
    0.0000  -22.5000   22.5000 2050.4531   17.8096
    7.5000  -22.5000   22.5000 2048.3506   17.7302
   -7.5000  -15.0000   22.5000 2167.6482   15.9986
    0.0000  -15.0000   22.5000 2204.7976   15.6130
    7.5000  -15.0000   22.5000 2202.5300   15.5204
   -7.5000   -7.5000   22.5000 2298.5132   14.3282
    0.0000   -7.5000   22.5000 2345.3892   13.9496
    7.5000   -7.5000   22.5000 2344.1189   13.8478
   -7.5000    0.0000   22.5000 2409.9050   13.0485
    0.0000    0.0000   22.5000 2463.8152   12.6858
    7.5000    0.0000   22.5000 2464.7656   12.5840
   -7.5000    7.5000   22.5000 2515.5432   12.0949
    0.0000    7.5000   22.5000 2578.7576   11.7445
    7.5000    7.5000   22.5000 2589.1394   11.6254
   -7.5000   15.0000   22.5000 2608.8484   11.3927
    0.0000   15.0000   22.5000 2677.5691   11.0501
    7.5000   15.0000   22.5000 2695.2341   10.9303
   -7.5000   22.5000   22.5000 2684.4497   10.9509
    0.0000   22.5000   22.5000 2753.1641   10.5811
    7.5000   22.5000   22.5000 2772.6326   10.4735
   -7.5000   30.0000   22.5000 2717.8813   10.7553
    0.0000   30.0000   22.5000 2787.3481   10.3831
    7.5000   30.0000   22.5000 2809.2188   10.2692
   -7.5000   37.5000   22.5000 2710.3228   10.8025
    0.0000   37.5000   22.5000 2783.4824   10.4368
    7.5000   37.5000   22.5000 2807.2026   10.3408
   -7.5000   45.0000   22.5000 2658.5010   11.0850
    0.0000   45.0000   22.5000 2727.0559   10.7588
    7.5000   45.0000   22.5000 2748.8425   10.6730
   -7.5000   52.5000   22.5000 2544.3826   11.5922
    0.0000   52.5000   22.5000 2606.6958   11.2622
    7.5000   52.5000   22.5000 2631.4639   11.1735
   -7.5000  -37.5000   30.0000 1655.2130   25.7740
    0.0000  -37.5000   30.0000 1675.6270   25.3109
    7.5000  -37.5000   30.0000 1666.1752   25.5281
   -7.5000  -30.0000   30.0000 1820.7770   21.8749
    0.0000  -30.0000   30.0000 1842.2717   21.4532
    7.5000  -30.0000   30.0000 1835.1960   21.5124
   -7.5000  -22.5000   30.0000 1981.5228   18.8877
    0.0000  -22.5000   30.0000 2010.7924   18.4859
    7.5000  -22.5000   30.0000 2005.6969   18.4417
   -7.5000  -15.0000   30.0000 2133.7852   16.6361
    0.0000  -15.0000   30.0000 2168.2859   16.2413
    7.5000  -15.0000   30.0000 2164.9438   16.1633
   -7.5000   -7.5000   30.0000 2264.0630   14.9237
    0.0000   -7.5000   30.0000 2306.9495   14.5497
    7.5000   -7.5000   30.0000 2304.8779   14.4533
   -7.5000    0.0000   30.0000 2372.2871   13.6547
    0.0000    0.0000   30.0000 2423.1812   13.2693
    7.5000    0.0000   30.0000 2424.3420   13.1747
   -7.5000    7.5000   30.0000 2475.7954   12.6817
    0.0000    7.5000   30.0000 2531.7339   12.3199
    7.5000    7.5000   30.0000 2537.6790   12.2197
   -7.5000   15.0000   30.0000 2557.0886   11.9677
    0.0000   15.0000   30.0000 2619.4624   11.6356
    7.5000   15.0000   30.0000 2632.6912   11.5339
   -7.5000   22.5000   30.0000 2616.7915   11.5116
    0.0000   22.5000   30.0000 2678.0161   11.1521
    7.5000   22.5000   30.0000 2692.3931   11.0575
   -7.5000   30.0000   30.0000 2639.2217   11.3013
    0.0000   30.0000   30.0000 2698.0642   10.9276
    7.5000   30.0000   30.0000 2715.7295   10.8098
   -7.5000   37.5000   30.0000 2625.2266   11.3037
    0.0000   37.5000   30.0000 2686.0315   10.9440
    7.5000   37.5000   30.0000 2703.5063   10.8310
   -7.5000   45.0000   30.0000 2577.1887   11.5669
    0.0000   45.0000   30.0000 2634.2195   11.2220
    7.5000   45.0000   30.0000 2653.8933   11.1334
   -7.5000   52.5000   30.0000 2480.4578   12.0553
    0.0000   52.5000   30.0000 2533.4111   11.7028
    7.5000   52.5000   30.0000 2553.6882   11.6035
   -7.5000  -37.5000   37.5000 1611.5502   27.2746
    0.0000  -37.5000   37.5000 1630.3031   26.7572
    7.5000  -37.5000   37.5000 1618.0205   27.0330
   -7.5000  -30.0000   37.5000 1777.7550   23.0719
    0.0000  -30.0000   37.5000 1800.8032   22.5977
    7.5000  -30.0000   37.5000 1790.9999   22.7095
   -7.5000  -22.5000   37.5000 1939.9835   19.9209
    0.0000  -22.5000   37.5000 1965.2594   19.4575
    7.5000  -22.5000   37.5000 1957.8188   19.4665
   -7.5000  -15.0000   37.5000 2086.4189   17.5916
    0.0000  -15.0000   37.5000 2117.8101   17.1527
    7.5000  -15.0000   37.5000 2113.4802   17.0834
   -7.5000   -7.5000   37.5000 2214.3911   15.7852
    0.0000   -7.5000   37.5000 2252.2178   15.3760
    7.5000   -7.5000   37.5000 2250.9675   15.3091
   -7.5000    0.0000   37.5000 2320.3320   14.4696
    0.0000    0.0000   37.5000 2361.2639   14.0926
    7.5000    0.0000   37.5000 2365.6267   14.0105
   -7.5000    7.5000   37.5000 2412.6433   13.4805
    0.0000    7.5000   37.5000 2459.5684   13.1313
    7.5000    7.5000   37.5000 2467.3386   13.0363
   -7.5000   15.0000   37.5000 2485.5579   12.7746
    0.0000   15.0000   37.5000 2539.0063   12.4281
    7.5000   15.0000   37.5000 2552.3313   12.3165
   -7.5000   22.5000   37.5000 2536.0146   12.2811
    0.0000   22.5000   37.5000 2590.2712   11.9327
    7.5000   22.5000   37.5000 2602.1396   11.8128
   -7.5000   30.0000   37.5000 2553.4536   12.0270
    0.0000   30.0000   37.5000 2605.8171   11.6798
    7.5000   30.0000   37.5000 2618.3625   11.5566
   -7.5000   37.5000   37.5000 2536.5254   12.0038
    0.0000   37.5000   37.5000 2587.1980   11.6551
    7.5000   37.5000   37.5000 2601.7095   11.5454
   -7.5000   45.0000   37.5000 2494.3374   12.2237
    0.0000   45.0000   37.5000 2536.5564   11.8797
    7.5000   45.0000   37.5000 2552.9932   11.7920
   -7.5000   52.5000   37.5000 2409.8044   12.6856
    0.0000   52.5000   37.5000 2454.1357   12.3187
    7.5000   52.5000   37.5000 2467.2964   12.2292
   -7.5000  -37.5000   45.0000 1556.3358   29.4021
    0.0000  -37.5000   45.0000 1575.2446   28.7988
    7.5000  -37.5000   45.0000 1565.3127   29.0619
   -7.5000  -30.0000   45.0000 1720.1160   24.7496
    0.0000  -30.0000   45.0000 1743.7814   24.2175
    7.5000  -30.0000   45.0000 1734.0400   24.3316
   -7.5000  -22.5000   45.0000 1885.5889   21.3785
    0.0000  -22.5000   45.0000 1907.9598   20.8735
    7.5000  -22.5000   45.0000 1901.2964   20.9051
   -7.5000  -15.0000   45.0000 2024.4485   18.8496
    0.0000  -15.0000   45.0000 2054.0847   18.3958
    7.5000  -15.0000   45.0000 2053.9873   18.3515
   -7.5000   -7.5000   45.0000 2149.8167   16.9714
    0.0000   -7.5000   45.0000 2184.4717   16.5510
    7.5000   -7.5000   45.0000 2182.8792   16.4682
   -7.5000    0.0000   45.0000 2250.7444   15.5643
    0.0000    0.0000   45.0000 2285.8752   15.1902
    7.5000    0.0000   45.0000 2287.6079   15.0949
   -7.5000    7.5000   45.0000 2337.5618   14.5295
    0.0000    7.5000   45.0000 2377.1853   14.1630
    7.5000    7.5000   45.0000 2385.6018   14.0652
   -7.5000   15.0000   45.0000 2404.3142   13.7557
    0.0000   15.0000   45.0000 2442.7759   13.3992
    7.5000   15.0000   45.0000 2457.2583   13.3029
   -7.5000   22.5000   45.0000 2448.3032   13.2386
    0.0000   22.5000   45.0000 2489.6169   12.8848
    7.5000   22.5000   45.0000 2500.5503   12.7641
   -7.5000   30.0000   45.0000 2457.1086   12.9463
    0.0000   30.0000   45.0000 2499.7463   12.5957
    7.5000   30.0000   45.0000 2509.8733   12.4630
   -7.5000   37.5000   45.0000 2442.0203   12.9041
    0.0000   37.5000   45.0000 2482.3960   12.5550
    7.5000   37.5000   45.0000 2493.2451   12.4278
   -7.5000   45.0000   45.0000 2403.2727   13.0834
    0.0000   45.0000   45.0000 2440.8247   12.7410
    7.5000   45.0000   45.0000 2452.0117   12.6546
   -7.5000   52.5000   45.0000 2328.1025   13.4990
    0.0000   52.5000   45.0000 2367.6182   13.1616
    7.5000   52.5000   45.0000 2372.9690   13.0727

---------------------------------------------------------------------
imgreg_4dfp /opt/freesurfer/average/711-2C_as_mni_average_305 /opt/freesurfer/average/711-2B_as_mni_average_305_mask talsrcimg_g11 none talsrcimg_to_711-2C_as_mni_average_305_t4 1283
---------------------------------------------------------------------

freesurfer imgreg_4dfp.c
/opt/freesurfer/average/711-2C_as_mni_average_305.4dfp.img
       256       256       256         1
  1.000000  1.000000  1.000000
orientation T byte_order littleendian
Reading image: /opt/freesurfer/average/711-2C_as_mni_average_305.4dfp.img
dimensions:      256       256       256
mmppix:       1.0000   -1.0000   -1.0000
center:     128.0000 -129.0000 -129.0000
/opt/freesurfer/average/711-2B_as_mni_average_305_mask.4dfp.img
       256       256       256         1
  1.000000  1.000000  1.000000
orientation T byte_order littleendian
Reading mask: /opt/freesurfer/average/711-2B_as_mni_average_305_mask.4dfp.img (2306576 pixels)
talsrcimg_g11.4dfp.img
       256       256       256         1
  1.000000  1.000000  1.000000
orientation T byte_order littleendian
Reading image: talsrcimg_g11.4dfp.img
dimensions:      256       256       256
mmppix:       1.0000   -1.0000   -1.0000
center:     128.0000 -129.0000 -129.0000
rotation matrix determinant  1.000000
fimgreg.f
image alignment mode   1283 decimal      503 hex
parameters
    7.5000   30.0000    7.5000    0.0000    0.0000    0.0000
eta,q 0.92104  9.83797
niter,ni,del,rscale     5    3   12.0000    1.2000
parameter  2 -0.608104 -> -0.500000 qaram    1.1500
parameter  6  0.644429 ->  0.500000 qaram    1.1500
parameters
    6.7733   33.4500    5.9208    0.2827    0.5430   -3.4500
eta,q 0.92437  9.87036
  0.0891  0.0969  0.0806  0.0805  0.0816  0.0753
  0.0830  0.0907  0.0777  0.0788  0.0786  0.0756
  0.0800  0.0848  0.0761  0.0773  0.0765  0.0757
  0.0806  0.0801  0.0768  0.0762  0.0761  0.0763
  0.0831  0.0773  0.0793  0.0762  0.0768  0.0773
  0.0875  0.0772  0.0831  0.0776  0.0780  0.0793
  0.0930  0.0790  0.0883  0.0805  0.0795  0.0821
niter,ni,del,rscale     6    3   12.0000    1.2000
parameter  6  1.533349 ->  0.500000 qaram    1.3225
parameters
    6.3626   33.3132    5.7111    0.5549    2.2529   -7.4175
eta,q 0.92603  9.88286
  0.0832  0.0845  0.0823  0.0776  0.0798  0.0739
  0.0785  0.0795  0.0783  0.0777  0.0771  0.0738
  0.0760  0.0771  0.0763  0.0772  0.0755  0.0747
  0.0756  0.0755  0.0756  0.0756  0.0754  0.0758
  0.0769  0.0758  0.0768  0.0748  0.0758  0.0765
  0.0800  0.0797  0.0793  0.0761  0.0758  0.0774
  0.0857  0.0860  0.0830  0.0788  0.0760  0.0790
niter,ni,del,rscale     6    3   12.0000    1.2000
parameter  5 -0.574865 -> -0.500000 qaram    1.1500
parameters
    4.9563   33.1992    6.0739    1.7209    5.7029   -7.5706
eta,q 0.92945  9.79687
  0.0790  0.0819  0.0796  0.0744  0.0782  0.0785
  0.0747  0.0760  0.0755  0.0746  0.0758  0.0748
  0.0732  0.0746  0.0741  0.0749  0.0738  0.0721
  0.0740  0.0731  0.0732  0.0732  0.0720  0.0705
  0.0767  0.0725  0.0736  0.0718  0.0708  0.0719
  0.0807  0.0766  0.0753  0.0728  0.0706  0.0753
  0.0874  0.0832  0.0778  0.0749  0.0719  0.0792
niter,ni,del,rscale     6    3   12.0000    1.2000
parameters
    3.5822   32.9107    6.2994    2.0825    5.4163   -7.2553
eta,q 0.92963  9.77503
  0.0770  0.0812  0.0766  0.0736  0.0763  0.0790
  0.0722  0.0753  0.0726  0.0739  0.0733  0.0746
  0.0705  0.0727  0.0711  0.0730  0.0713  0.0717
  0.0706  0.0703  0.0706  0.0706  0.0703  0.0704
  0.0739  0.0708  0.0715  0.0704  0.0712  0.0709
  0.0795  0.0766  0.0728  0.0721  0.0741  0.0737
  0.0865  0.0841  0.0751  0.0745  0.0774  0.0779
niter,ni,del,rscale     5    3   12.0000    1.2000
parameters
    3.7207   32.7887    6.3213    2.1697    5.3919   -7.2564
eta,q 0.92962  9.77517
  0.0828  0.0823  0.0756  0.0736  0.0766  0.0784
  0.0750  0.0759  0.0721  0.0738  0.0736  0.0742
  0.0715  0.0726  0.0709  0.0727  0.0714  0.0715
  0.0704  0.0703  0.0704  0.0704  0.0704  0.0704
  0.0712  0.0709  0.0714  0.0706  0.0709  0.0711
  0.0755  0.0765  0.0726  0.0725  0.0735  0.0743
  0.0809  0.0839  0.0750  0.0749  0.0770  0.0785
niter,ni,del,rscale     4    3   12.0000    1.2000
parameters
    3.7324   32.7603    6.3150    2.2106    5.3824   -7.2639
eta,q 0.92963  9.77414
  0.0822  0.0828  0.0755  0.0737  0.0766  0.0784
  0.0747  0.0761  0.0720  0.0738  0.0736  0.0742
  0.0715  0.0727  0.0708  0.0726  0.0714  0.0715
  0.0704  0.0704  0.0704  0.0704  0.0704  0.0704
  0.0714  0.0709  0.0714  0.0707  0.0709  0.0711
  0.0758  0.0763  0.0726  0.0725  0.0735  0.0743
  0.0813  0.0836  0.0749  0.0750  0.0770  0.0785
registration optimization eta report
parameter search radius
    6.0000    6.9000    6.0000    6.0000    6.9000    7.9350
100000*second partial in parameter space
       32.       27.       13.       10.       13.       13.
  0.0822  0.0828  0.0755  0.0737  0.0766  0.0784
  0.0747  0.0761  0.0720  0.0738  0.0736  0.0742
  0.0715  0.0727  0.0708  0.0726  0.0714  0.0715
  0.0704  0.0704  0.0704  0.0704  0.0704  0.0704
  0.0714  0.0709  0.0714  0.0707  0.0709  0.0711
  0.0758  0.0763  0.0726  0.0725  0.0735  0.0743
  0.0813  0.0836  0.0749  0.0750  0.0770  0.0785
    3.7324   32.7603    6.3150    2.2106    5.3824   -7.2639
eta,q 0.92963  9.77414

---------------------------------------------------------------------
imgreg_4dfp /opt/freesurfer/average/711-2C_as_mni_average_305 /opt/freesurfer/average/711-2B_as_mni_average_305_mask talsrcimg_g11 none talsrcimg_to_711-2C_as_mni_average_305_t4 3335
---------------------------------------------------------------------

freesurfer imgreg_4dfp.c
/opt/freesurfer/average/711-2C_as_mni_average_305.4dfp.img
       256       256       256         1
  1.000000  1.000000  1.000000
orientation T byte_order littleendian
Reading image: /opt/freesurfer/average/711-2C_as_mni_average_305.4dfp.img
dimensions:      256       256       256
mmppix:       1.0000   -1.0000   -1.0000
center:     128.0000 -129.0000 -129.0000
/opt/freesurfer/average/711-2B_as_mni_average_305_mask.4dfp.img
       256       256       256         1
  1.000000  1.000000  1.000000
orientation T byte_order littleendian
Reading mask: /opt/freesurfer/average/711-2B_as_mni_average_305_mask.4dfp.img (2306576 pixels)
talsrcimg_g11.4dfp.img
       256       256       256         1
  1.000000  1.000000  1.000000
orientation T byte_order littleendian
Reading image: talsrcimg_g11.4dfp.img
dimensions:      256       256       256
mmppix:       1.0000   -1.0000   -1.0000
center:     128.0000 -129.0000 -129.0000
fimgreg.f
image alignment mode   3335 decimal      D07 hex
parameters
    3.7324   32.7603    6.3150   -1.2400   -0.8307   -0.5150
   12.2757   -9.7858  -12.5883   -2.6412    9.3803    3.8403
eta,q 0.92935  9.83591
niter,ni,del,rscale     5    3    5.0000    1.2000
parameter  4  3.910214 ->  0.500000 qaram    1.1500
parameter  5  3.256422 ->  0.500000 qaram    1.1500
parameter  6  2.407403 ->  0.500000 qaram    1.1500
parameter  9 -0.647990 -> -0.500000 qaram    1.1500
parameter 11  1.308616 ->  0.500000 qaram    1.1500
parameter 12  1.323706 ->  0.500000 qaram    1.1500
parameters
    3.5372   32.9693    6.6125   -5.3800   -4.9707   -4.6550
   11.0315  -10.0696   -8.4483   -4.7394    5.2403   -0.2997
eta,q 0.95402  8.82999
  0.0721  0.0724  0.0721  0.0583  0.0531  0.0455  0.0508  0.0526  0.0526  0.0501  0.0470  0.0456
  0.0712  0.0715  0.0714  0.0619  0.0559  0.0486  0.0500  0.0510  0.0513  0.0489  0.0473  0.0458
  0.0708  0.0709  0.0709  0.0660  0.0592  0.0524  0.0496  0.0499  0.0503  0.0485  0.0478  0.0465
  0.0706  0.0706  0.0706  0.0706  0.0630  0.0568  0.0496  0.0495  0.0495  0.0489  0.0485  0.0474
  0.0709  0.0707  0.0706  0.0754  0.0672  0.0619  0.0500  0.0499  0.0491  0.0498  0.0494  0.0487
  0.0716  0.0711  0.0709  0.0807  0.0717  0.0678  0.0508  0.0512  0.0489  0.0512  0.0505  0.0501
  0.0727  0.0719  0.0715  0.0864  0.0765  0.0741  0.0521  0.0533  0.0491  0.0531  0.0519  0.0516
niter,ni,del,rscale     7    3    5.0000    1.2000
parameter  4  1.689951 ->  0.500000 qaram    1.3225
parameter  5  1.154289 ->  0.500000 qaram    1.3225
parameter  6  0.981501 ->  0.500000 qaram    1.3225
parameters
    3.4257   33.2029    5.6134  -10.1410   -9.7317   -9.4160
   10.8974   -9.6274   -9.5278   -3.5419    2.7221   -3.1695
eta,q 0.97017  8.13869
  0.0480  0.0485  0.0462  0.0373  0.0344  0.0302  0.0326  0.0354  0.0321  0.0345  0.0310  0.0305
  0.0468  0.0473  0.0458  0.0389  0.0352  0.0302  0.0314  0.0329  0.0309  0.0324  0.0303  0.0300
  0.0462  0.0464  0.0457  0.0417  0.0368  0.0318  0.0306  0.0311  0.0304  0.0311  0.0300  0.0298
  0.0460  0.0460  0.0460  0.0457  0.0395  0.0355  0.0304  0.0304  0.0304  0.0303  0.0302  0.0300
  0.0463  0.0461  0.0465  0.0505  0.0434  0.0404  0.0307  0.0308  0.0309  0.0303  0.0308  0.0306
  0.0471  0.0467  0.0473  0.0558  0.0480  0.0461  0.0315  0.0322  0.0318  0.0311  0.0319  0.0315
  0.0484  0.0477  0.0485  0.0614  0.0530  0.0525  0.0328  0.0343  0.0331  0.0324  0.0333  0.0327
niter,ni,del,rscale     7    3    5.0000    1.2000
parameter  2 -0.561446 -> -0.500000 qaram    1.1500
parameter  3  0.659092 ->  0.500000 qaram    1.1500
parameter  4  0.512605 ->  0.500000 qaram    1.5209
parameter 10 -0.673493 -> -0.500000 qaram    1.1500
parameters
    3.6622   34.5829    4.2334  -15.6161  -13.4860  -13.7738
   12.5360   -8.7406  -10.2020    0.5981    4.6193   -4.6397
eta,q 0.97488  7.68501
  0.0332  0.0341  0.0287  0.0282  0.0281  0.0269  0.0291  0.0297  0.0280  0.0308  0.0268  0.0259
  0.0315  0.0322  0.0284  0.0273  0.0269  0.0265  0.0279  0.0280  0.0270  0.0290  0.0260  0.0254
  0.0303  0.0308  0.0285  0.0272  0.0265  0.0264  0.0270  0.0269  0.0264  0.0275  0.0255  0.0251
  0.0298  0.0298  0.0292  0.0284  0.0271  0.0265  0.0265  0.0263  0.0263  0.0263  0.0252  0.0252
  0.0300  0.0293  0.0303  0.0314  0.0288  0.0291  0.0264  0.0264  0.0266  0.0255  0.0252  0.0254
  0.0307  0.0292  0.0317  0.0362  0.0320  0.0341  0.0267  0.0271  0.0275  0.0252  0.0254  0.0259
  0.0321  0.0296  0.0334  0.0419  0.0363  0.0403  0.0275  0.0284  0.0287  0.0257  0.0258  0.0267
niter,ni,del,rscale     7    3    5.0000    1.2000
parameter  2 -0.500192 -> -0.500000 qaram    1.3225
parameter  3  0.656469 ->  0.500000 qaram    1.3225
parameters
    3.7014   36.1699    2.6464  -16.0191  -14.3253  -16.0604
   13.2538   -8.6000  -10.7011    2.6787    4.9026   -6.7262
eta,q 0.97641  7.57669
  0.0277  0.0306  0.0241  0.0282  0.0272  0.0258  0.0264  0.0269  0.0259  0.0287  0.0248  0.0243
  0.0263  0.0282  0.0239  0.0264  0.0256  0.0246  0.0252  0.0254  0.0248  0.0266  0.0242  0.0238
  0.0255  0.0264  0.0240  0.0249  0.0244  0.0240  0.0244  0.0244  0.0241  0.0250  0.0238  0.0236
  0.0251  0.0251  0.0244  0.0239  0.0239  0.0240  0.0240  0.0240  0.0240  0.0240  0.0237  0.0237
  0.0254  0.0245  0.0251  0.0239  0.0244  0.0242  0.0241  0.0242  0.0244  0.0237  0.0238  0.0240
  0.0262  0.0245  0.0261  0.0258  0.0261  0.0269  0.0246  0.0251  0.0252  0.0242  0.0241  0.0247
  0.0276  0.0251  0.0273  0.0301  0.0292  0.0319  0.0256  0.0269  0.0264  0.0257  0.0247  0.0255
niter,ni,del,rscale     7    3    5.0000    1.2000
parameters
    3.8800   36.6272    2.0956  -16.0359  -14.8415  -16.6807
   13.5476   -8.3235  -10.9198    3.7028    4.9994   -7.1229
eta,q 0.97663  7.54446
  0.0265  0.0282  0.0248  0.0276  0.0267  0.0264  0.0256  0.0266  0.0254  0.0273  0.0245  0.0245
  0.0250  0.0258  0.0239  0.0258  0.0252  0.0249  0.0245  0.0250  0.0243  0.0255  0.0239  0.0239
  0.0240  0.0243  0.0235  0.0244  0.0240  0.0238  0.0237  0.0240  0.0236  0.0241  0.0235  0.0235
  0.0236  0.0236  0.0235  0.0235  0.0235  0.0235  0.0235  0.0235  0.0235  0.0235  0.0234  0.0234
  0.0238  0.0237  0.0240  0.0234  0.0238  0.0234  0.0237  0.0236  0.0238  0.0235  0.0235  0.0236
  0.0245  0.0245  0.0249  0.0249  0.0253  0.0246  0.0243  0.0246  0.0245  0.0242  0.0239  0.0240
  0.0257  0.0261  0.0261  0.0287  0.0281  0.0284  0.0253  0.0263  0.0256  0.0259  0.0245  0.0248
niter,ni,del,rscale     6    3    5.0000    1.2000
parameters
    3.9674   36.9680    1.8402  -16.0320  -15.1878  -17.0339
   13.6358   -8.1577  -11.0826    4.4346    5.1472   -7.3188
eta,q 0.97671  7.52655
  0.0261  0.0276  0.0251  0.0275  0.0266  0.0264  0.0254  0.0264  0.0253  0.0269  0.0245  0.0245
  0.0246  0.0254  0.0241  0.0257  0.0251  0.0249  0.0243  0.0249  0.0242  0.0251  0.0239  0.0239
  0.0237  0.0240  0.0235  0.0243  0.0239  0.0237  0.0236  0.0238  0.0235  0.0239  0.0234  0.0234
  0.0234  0.0234  0.0233  0.0233  0.0233  0.0233  0.0233  0.0233  0.0233  0.0233  0.0233  0.0233
  0.0236  0.0235  0.0237  0.0232  0.0236  0.0233  0.0236  0.0236  0.0236  0.0234  0.0234  0.0235
  0.0244  0.0244  0.0245  0.0247  0.0249  0.0244  0.0242  0.0246  0.0243  0.0242  0.0238  0.0239
  0.0257  0.0261  0.0257  0.0284  0.0276  0.0278  0.0252  0.0263  0.0254  0.0259  0.0244  0.0246
niter,ni,del,rscale     5    3    5.0000    1.2000
parameters
    4.0291   37.2147    1.6451  -16.0359  -15.4788  -17.3475
   13.6883   -8.0329  -11.2366    4.9989    5.2671   -7.4003
eta,q 0.97676  7.51004
  0.0259  0.0272  0.0252  0.0274  0.0265  0.0264  0.0253  0.0264  0.0252  0.0266  0.0245  0.0245
  0.0245  0.0251  0.0241  0.0256  0.0251  0.0249  0.0242  0.0248  0.0241  0.0249  0.0238  0.0238
  0.0236  0.0238  0.0234  0.0242  0.0239  0.0237  0.0235  0.0237  0.0235  0.0238  0.0234  0.0234
  0.0233  0.0233  0.0233  0.0233  0.0233  0.0233  0.0233  0.0233  0.0233  0.0233  0.0232  0.0232
  0.0235  0.0235  0.0236  0.0232  0.0235  0.0233  0.0235  0.0235  0.0235  0.0234  0.0234  0.0234
  0.0243  0.0245  0.0245  0.0247  0.0248  0.0243  0.0242  0.0245  0.0242  0.0243  0.0238  0.0239
  0.0257  0.0261  0.0257  0.0284  0.0274  0.0277  0.0252  0.0263  0.0253  0.0259  0.0244  0.0246
niter,ni,del,rscale     4    3    5.0000    1.2000
parameters
    4.0780   37.4186    1.4784  -16.0314  -15.7498  -17.6414
   13.7228   -7.9315  -11.3351    5.4753    5.3302   -7.4676
eta,q 0.97678  7.49405
  0.0259  0.0270  0.0252  0.0274  0.0264  0.0264  0.0252  0.0263  0.0252  0.0265  0.0244  0.0245
  0.0245  0.0250  0.0241  0.0255  0.0250  0.0249  0.0241  0.0248  0.0241  0.0248  0.0238  0.0238
  0.0236  0.0238  0.0234  0.0241  0.0238  0.0237  0.0235  0.0237  0.0234  0.0237  0.0234  0.0234
  0.0232  0.0232  0.0232  0.0232  0.0232  0.0232  0.0232  0.0233  0.0232  0.0232  0.0232  0.0232
  0.0235  0.0235  0.0236  0.0231  0.0235  0.0233  0.0235  0.0235  0.0235  0.0234  0.0234  0.0234
  0.0243  0.0245  0.0244  0.0246  0.0247  0.0243  0.0242  0.0245  0.0242  0.0242  0.0238  0.0238
  0.0257  0.0261  0.0256  0.0283  0.0273  0.0276  0.0251  0.0263  0.0252  0.0259  0.0244  0.0245
niter,ni,del,rscale     3    3    5.0000    1.2000
parameters
    4.1215   37.5996    1.3336  -16.0214  -16.0043  -17.9049
   13.7390   -7.8395  -11.4158    5.9115    5.3669   -7.5191
eta,q 0.97679  7.47935
  0.0258  0.0269  0.0252  0.0274  0.0263  0.0263  0.0252  0.0263  0.0252  0.0264  0.0244  0.0245
  0.0244  0.0250  0.0241  0.0255  0.0250  0.0249  0.0241  0.0247  0.0241  0.0248  0.0238  0.0238
  0.0235  0.0237  0.0234  0.0241  0.0238  0.0237  0.0234  0.0237  0.0234  0.0237  0.0234  0.0234
  0.0232  0.0232  0.0232  0.0232  0.0232  0.0232  0.0232  0.0232  0.0232  0.0232  0.0232  0.0232
  0.0235  0.0235  0.0236  0.0231  0.0235  0.0233  0.0235  0.0235  0.0235  0.0234  0.0233  0.0234
  0.0243  0.0245  0.0244  0.0246  0.0247  0.0243  0.0241  0.0245  0.0242  0.0242  0.0238  0.0238
  0.0256  0.0261  0.0256  0.0283  0.0272  0.0275  0.0251  0.0262  0.0252  0.0259  0.0244  0.0245
niter,ni,del,rscale     2    3    5.0000    1.2000
parameters
    4.1612   37.7661    1.2024  -16.0040  -16.2424  -18.1438
   13.7482   -7.7533  -11.4365    6.3161    5.3436   -7.5688
eta,q 0.97680  7.46564
  0.0258  0.0268  0.0253  0.0273  0.0263  0.0263  0.0251  0.0262  0.0252  0.0263  0.0244  0.0245
  0.0244  0.0249  0.0241  0.0255  0.0250  0.0249  0.0241  0.0247  0.0241  0.0247  0.0238  0.0238
  0.0235  0.0237  0.0234  0.0241  0.0238  0.0237  0.0234  0.0237  0.0234  0.0237  0.0233  0.0234
  0.0232  0.0232  0.0232  0.0232  0.0232  0.0232  0.0232  0.0232  0.0232  0.0232  0.0232  0.0232
  0.0235  0.0235  0.0235  0.0231  0.0234  0.0233  0.0235  0.0235  0.0235  0.0234  0.0233  0.0234
  0.0243  0.0245  0.0244  0.0246  0.0247  0.0243  0.0241  0.0245  0.0241  0.0242  0.0238  0.0238
  0.0256  0.0261  0.0256  0.0282  0.0272  0.0274  0.0251  0.0262  0.0252  0.0259  0.0244  0.0245
niter,ni,del,rscale     1    3    5.0000    1.2000
parameters
    4.2004   37.9195    1.0824  -15.9783  -16.4639  -18.3674
   13.7331   -7.6641  -11.4249    6.6939    5.2936   -7.6288
eta,q 0.97682  7.45292
  0.0257  0.0268  0.0253  0.0273  0.0262  0.0263  0.0251  0.0262  0.0252  0.0262  0.0244  0.0245
  0.0244  0.0249  0.0241  0.0255  0.0249  0.0249  0.0241  0.0247  0.0241  0.0247  0.0238  0.0238
  0.0235  0.0237  0.0234  0.0241  0.0238  0.0237  0.0234  0.0236  0.0234  0.0237  0.0233  0.0233
  0.0232  0.0232  0.0232  0.0232  0.0232  0.0232  0.0232  0.0232  0.0232  0.0232  0.0232  0.0232
  0.0235  0.0235  0.0235  0.0231  0.0234  0.0233  0.0235  0.0235  0.0234  0.0234  0.0233  0.0234
  0.0243  0.0245  0.0244  0.0246  0.0246  0.0243  0.0241  0.0245  0.0241  0.0242  0.0238  0.0238
  0.0256  0.0261  0.0256  0.0282  0.0271  0.0274  0.0251  0.0262  0.0252  0.0259  0.0244  0.0245
registration optimization eta report
parameter search radius
    2.4000    3.1740    3.1740   10.9503    9.5220    9.5220
    7.2000    7.2000    8.2800    8.2800    8.2800    8.2800
100000*second partial in parameter space
       43.       32.       22.        4.        4.        4.
        4.        6.        3.        4.        2.        2.
  0.0257  0.0268  0.0253  0.0273  0.0262  0.0263  0.0251  0.0262  0.0252  0.0262  0.0244  0.0245
  0.0244  0.0249  0.0241  0.0255  0.0249  0.0249  0.0241  0.0247  0.0241  0.0247  0.0238  0.0238
  0.0235  0.0237  0.0234  0.0241  0.0238  0.0237  0.0234  0.0236  0.0234  0.0237  0.0233  0.0233
  0.0232  0.0232  0.0232  0.0232  0.0232  0.0232  0.0232  0.0232  0.0232  0.0232  0.0232  0.0232
  0.0235  0.0235  0.0235  0.0231  0.0234  0.0233  0.0235  0.0235  0.0234  0.0234  0.0233  0.0234
  0.0243  0.0245  0.0244  0.0246  0.0246  0.0243  0.0241  0.0245  0.0241  0.0242  0.0238  0.0238
  0.0256  0.0261  0.0256  0.0282  0.0271  0.0274  0.0251  0.0262  0.0252  0.0259  0.0244  0.0245
    4.2004   37.9195    1.0824  -15.9783  -16.4639  -18.3674
   13.7331   -7.6641  -11.4249    6.6939    5.2936   -7.6288
eta,q 0.97682  7.45292

---------------------------------------------------------------------
imgreg_4dfp /opt/freesurfer/average/711-2C_as_mni_average_305 /opt/freesurfer/average/711-2B_as_mni_average_305_mask talsrcimg_g11 none talsrcimg_to_711-2C_as_mni_average_305_t4 2311
---------------------------------------------------------------------

freesurfer imgreg_4dfp.c
/opt/freesurfer/average/711-2C_as_mni_average_305.4dfp.img
       256       256       256         1
  1.000000  1.000000  1.000000
orientation T byte_order littleendian
Reading image: /opt/freesurfer/average/711-2C_as_mni_average_305.4dfp.img
dimensions:      256       256       256
mmppix:       1.0000   -1.0000   -1.0000
center:     128.0000 -129.0000 -129.0000
/opt/freesurfer/average/711-2B_as_mni_average_305_mask.4dfp.img
       256       256       256         1
  1.000000  1.000000  1.000000
orientation T byte_order littleendian
Reading mask: /opt/freesurfer/average/711-2B_as_mni_average_305_mask.4dfp.img (2306576 pixels)
talsrcimg_g11.4dfp.img
       256       256       256         1
  1.000000  1.000000  1.000000
orientation T byte_order littleendian
Reading image: talsrcimg_g11.4dfp.img
dimensions:      256       256       256
mmppix:       1.0000   -1.0000   -1.0000
center:     128.0000 -129.0000 -129.0000
fimgreg.f
image alignment mode   2311 decimal      907 hex
parameters
    4.2004   37.9195    1.0824  -15.9783  -16.4639  -18.3674
   13.7331   -7.6641  -11.4249    6.6939    5.2936   -7.6288
eta,q 0.97682  7.45292
niter,ni,del,rscale     5    3    5.0000    0.8000
parameters
    4.2307   38.0667    0.9839  -13.9491  -15.8906  -17.0141
   13.6123   -7.6576  -11.1528    7.3751    4.9447   -7.3874
eta,q 0.97710  7.60021
  0.0243  0.0242  0.0237  0.0244  0.0242  0.0242  0.0238  0.0245  0.0238  0.0242  0.0233  0.0234
  0.0237  0.0237  0.0234  0.0239  0.0236  0.0237  0.0233  0.0237  0.0233  0.0236  0.0231  0.0232
  0.0233  0.0233  0.0232  0.0235  0.0232  0.0232  0.0230  0.0232  0.0231  0.0232  0.0229  0.0230
  0.0232  0.0232  0.0232  0.0232  0.0230  0.0230  0.0229  0.0229  0.0229  0.0229  0.0229  0.0229
  0.0233  0.0232  0.0233  0.0230  0.0230  0.0230  0.0231  0.0231  0.0230  0.0229  0.0230  0.0229
  0.0237  0.0235  0.0235  0.0230  0.0233  0.0230  0.0234  0.0236  0.0232  0.0232  0.0232  0.0231
  0.0243  0.0239  0.0239  0.0233  0.0238  0.0233  0.0239  0.0245  0.0236  0.0237  0.0235  0.0234
niter,ni,del,rscale     4    3    5.0000    0.7000
parameters
    4.2806   38.0744    0.9825  -14.0820  -15.9008  -17.1445
   13.4945   -7.4548  -10.9042    7.4373    4.8180   -7.3606
eta,q 0.97711  7.58755
  0.0239  0.0236  0.0234  0.0236  0.0237  0.0235  0.0236  0.0242  0.0235  0.0237  0.0232  0.0233
  0.0234  0.0232  0.0231  0.0233  0.0233  0.0232  0.0232  0.0235  0.0232  0.0233  0.0230  0.0231
  0.0230  0.0230  0.0229  0.0230  0.0230  0.0230  0.0230  0.0231  0.0230  0.0230  0.0229  0.0229
  0.0229  0.0229  0.0229  0.0229  0.0229  0.0229  0.0229  0.0229  0.0229  0.0229  0.0229  0.0229
  0.0230  0.0230  0.0229  0.0230  0.0230  0.0230  0.0230  0.0230  0.0229  0.0229  0.0229  0.0229
  0.0233  0.0232  0.0231  0.0232  0.0233  0.0231  0.0233  0.0233  0.0231  0.0232  0.0231  0.0231
  0.0238  0.0236  0.0234  0.0238  0.0238  0.0237  0.0237  0.0240  0.0234  0.0237  0.0233  0.0233
niter,ni,del,rscale     3    3    5.0000    0.6000
parameters
    4.3170   38.1002    0.9522  -13.9377  -15.9182  -17.1002
   13.3834   -7.3920  -10.8132    7.5639    4.7329   -7.3543
eta,q 0.97713  7.59339
  0.0236  0.0234  0.0232  0.0235  0.0235  0.0234  0.0234  0.0238  0.0233  0.0235  0.0231  0.0232
  0.0232  0.0231  0.0230  0.0232  0.0232  0.0231  0.0231  0.0233  0.0231  0.0232  0.0230  0.0230
  0.0230  0.0230  0.0229  0.0230  0.0229  0.0229  0.0229  0.0230  0.0229  0.0230  0.0229  0.0229
  0.0229  0.0229  0.0229  0.0229  0.0229  0.0229  0.0229  0.0229  0.0229  0.0229  0.0229  0.0229
  0.0230  0.0229  0.0229  0.0229  0.0230  0.0229  0.0230  0.0230  0.0229  0.0229  0.0229  0.0229
  0.0232  0.0231  0.0231  0.0231  0.0232  0.0230  0.0231  0.0232  0.0231  0.0231  0.0230  0.0230
  0.0235  0.0234  0.0233  0.0234  0.0235  0.0234  0.0234  0.0238  0.0233  0.0235  0.0232  0.0232
niter,ni,del,rscale     2    3    5.0000    0.5000
parameters
    4.3403   38.1421    0.9276  -13.8096  -15.9689  -17.1010
   13.3340   -7.3268  -10.7450    7.7144    4.6629   -7.3546
eta,q 0.97713  7.59634
  0.0234  0.0233  0.0231  0.0233  0.0233  0.0232  0.0232  0.0235  0.0232  0.0233  0.0231  0.0231
  0.0231  0.0231  0.0230  0.0231  0.0231  0.0230  0.0230  0.0232  0.0230  0.0231  0.0230  0.0230
  0.0229  0.0229  0.0229  0.0230  0.0229  0.0229  0.0229  0.0230  0.0229  0.0229  0.0229  0.0229
  0.0229  0.0229  0.0229  0.0229  0.0229  0.0229  0.0229  0.0229  0.0229  0.0229  0.0229  0.0229
  0.0229  0.0229  0.0229  0.0229  0.0229  0.0229  0.0229  0.0229  0.0229  0.0229  0.0229  0.0229
  0.0231  0.0230  0.0230  0.0230  0.0231  0.0230  0.0230  0.0231  0.0230  0.0230  0.0230  0.0230
  0.0233  0.0232  0.0231  0.0233  0.0233  0.0232  0.0233  0.0235  0.0232  0.0233  0.0231  0.0231
niter,ni,del,rscale     1    3    5.0000    0.4000
parameters
    4.3621   38.1907    0.9043  -13.7127  -16.0470  -17.1205
   13.2847   -7.2608  -10.7047    7.8647    4.6042   -7.3632
eta,q 0.97714  7.59669
  0.0232  0.0231  0.0230  0.0231  0.0231  0.0231  0.0231  0.0233  0.0231  0.0232  0.0230  0.0230
  0.0230  0.0230  0.0229  0.0230  0.0230  0.0229  0.0230  0.0231  0.0230  0.0230  0.0229  0.0229
  0.0229  0.0229  0.0229  0.0229  0.0229  0.0229  0.0229  0.0229  0.0229  0.0229  0.0229  0.0229
  0.0229  0.0229  0.0229  0.0229  0.0229  0.0229  0.0229  0.0229  0.0229  0.0229  0.0229  0.0229
  0.0229  0.0229  0.0229  0.0229  0.0229  0.0229  0.0229  0.0229  0.0229  0.0229  0.0229  0.0229
  0.0230  0.0230  0.0229  0.0230  0.0230  0.0230  0.0230  0.0230  0.0229  0.0230  0.0229  0.0229
  0.0232  0.0231  0.0230  0.0231  0.0232  0.0231  0.0231  0.0233  0.0231  0.0231  0.0230  0.0230
registration optimization eta report
parameter search radius
    0.8000    0.8000    0.8000    2.4000    2.4000    2.4000
    2.4000    2.4000    2.4000    2.4000    2.4000    2.4000
100000*second partial in parameter space
       48.       37.       25.        5.        5.        3.
        4.        7.        4.        5.        2.        2.
  0.0232  0.0231  0.0230  0.0231  0.0231  0.0231  0.0231  0.0233  0.0231  0.0232  0.0230  0.0230
  0.0230  0.0230  0.0229  0.0230  0.0230  0.0229  0.0230  0.0231  0.0230  0.0230  0.0229  0.0229
  0.0229  0.0229  0.0229  0.0229  0.0229  0.0229  0.0229  0.0229  0.0229  0.0229  0.0229  0.0229
  0.0229  0.0229  0.0229  0.0229  0.0229  0.0229  0.0229  0.0229  0.0229  0.0229  0.0229  0.0229
  0.0229  0.0229  0.0229  0.0229  0.0229  0.0229  0.0229  0.0229  0.0229  0.0229  0.0229  0.0229
  0.0230  0.0230  0.0229  0.0230  0.0230  0.0230  0.0230  0.0230  0.0229  0.0230  0.0229  0.0229
  0.0232  0.0231  0.0230  0.0231  0.0232  0.0231  0.0231  0.0233  0.0231  0.0231  0.0230  0.0230
    4.3621   38.1907    0.9043  -13.7127  -16.0470  -17.1205
   13.2847   -7.2608  -10.7047    7.8647    4.6042   -7.3632
eta,q 0.97714  7.59669

---------------------------------------------------------------------
imgreg_4dfp /opt/freesurfer/average/711-2C_as_mni_average_305 /opt/freesurfer/average/711-2B_as_mni_average_305_mask talsrcimg_g11 none talsrcimg_to_711-2C_as_mni_average_305_t4 2311
---------------------------------------------------------------------

freesurfer imgreg_4dfp.c
/opt/freesurfer/average/711-2C_as_mni_average_305.4dfp.img
       256       256       256         1
  1.000000  1.000000  1.000000
orientation T byte_order littleendian
Reading image: /opt/freesurfer/average/711-2C_as_mni_average_305.4dfp.img
dimensions:      256       256       256
mmppix:       1.0000   -1.0000   -1.0000
center:     128.0000 -129.0000 -129.0000
/opt/freesurfer/average/711-2B_as_mni_average_305_mask.4dfp.img
       256       256       256         1
  1.000000  1.000000  1.000000
orientation T byte_order littleendian
Reading mask: /opt/freesurfer/average/711-2B_as_mni_average_305_mask.4dfp.img (2306576 pixels)
talsrcimg_g11.4dfp.img
       256       256       256         1
  1.000000  1.000000  1.000000
orientation T byte_order littleendian
Reading image: talsrcimg_g11.4dfp.img
dimensions:      256       256       256
mmppix:       1.0000   -1.0000   -1.0000
center:     128.0000 -129.0000 -129.0000
fimgreg.f
image alignment mode   2311 decimal      907 hex
parameters
    4.3621   38.1907    0.9043  -13.7127  -16.0470  -17.1205
   13.2847   -7.2608  -10.7047    7.8647    4.6042   -7.3632
eta,q 0.97714  7.59669
niter,ni,del,rscale     5    3    5.0000    0.8000
parameters
    4.3778   38.2174    0.8753  -14.1146  -16.1522  -17.5184
   13.2888   -7.3111  -10.7661    7.7201    4.6538   -7.4580
eta,q 0.97712  7.56305
  0.0241  0.0238  0.0235  0.0237  0.0239  0.0237  0.0238  0.0243  0.0236  0.0239  0.0234  0.0234
  0.0234  0.0233  0.0231  0.0233  0.0234  0.0232  0.0233  0.0236  0.0232  0.0234  0.0231  0.0231
  0.0230  0.0230  0.0229  0.0230  0.0230  0.0229  0.0230  0.0231  0.0230  0.0230  0.0229  0.0229
  0.0229  0.0229  0.0229  0.0229  0.0229  0.0229  0.0229  0.0229  0.0229  0.0229  0.0229  0.0229
  0.0230  0.0229  0.0229  0.0230  0.0230  0.0230  0.0230  0.0230  0.0230  0.0230  0.0229  0.0229
  0.0234  0.0233  0.0232  0.0234  0.0234  0.0233  0.0233  0.0235  0.0232  0.0234  0.0231  0.0231
  0.0241  0.0238  0.0235  0.0242  0.0241  0.0241  0.0238  0.0245  0.0237  0.0241  0.0234  0.0234
niter,ni,del,rscale     4    3    5.0000    0.7000
parameters
    4.3691   38.2265    0.8534  -13.9860  -16.0923  -17.3622
   13.3114   -7.3157  -10.7744    7.8171    4.6804   -7.4495
eta,q 0.97713  7.57675
  0.0238  0.0236  0.0234  0.0236  0.0237  0.0236  0.0236  0.0240  0.0235  0.0237  0.0233  0.0233
  0.0233  0.0232  0.0231  0.0233  0.0233  0.0232  0.0232  0.0234  0.0231  0.0233  0.0230  0.0231
  0.0230  0.0230  0.0229  0.0230  0.0230  0.0230  0.0230  0.0230  0.0229  0.0230  0.0229  0.0229
  0.0229  0.0229  0.0229  0.0229  0.0229  0.0229  0.0229  0.0229  0.0229  0.0229  0.0229  0.0229
  0.0230  0.0229  0.0229  0.0229  0.0230  0.0229  0.0229  0.0230  0.0229  0.0229  0.0229  0.0229
  0.0233  0.0232  0.0231  0.0231  0.0232  0.0231  0.0232  0.0234  0.0231  0.0232  0.0230  0.0230
  0.0238  0.0236  0.0234  0.0236  0.0237  0.0235  0.0236  0.0241  0.0235  0.0237  0.0233  0.0233
niter,ni,del,rscale     3    3    5.0000    0.6000
parameters
    4.3710   38.2413    0.8567  -13.8886  -16.0940  -17.2762
   13.3066   -7.2824  -10.7537    7.9102    4.6632   -7.4422
eta,q 0.97714  7.58392
  0.0235  0.0234  0.0232  0.0234  0.0235  0.0234  0.0234  0.0237  0.0233  0.0235  0.0231  0.0232
  0.0232  0.0231  0.0230  0.0232  0.0232  0.0231  0.0231  0.0233  0.0231  0.0232  0.0230  0.0230
  0.0229  0.0229  0.0229  0.0230  0.0229  0.0229  0.0229  0.0230  0.0229  0.0230  0.0229  0.0229
  0.0229  0.0229  0.0229  0.0229  0.0229  0.0229  0.0229  0.0229  0.0229  0.0229  0.0229  0.0229
  0.0229  0.0229  0.0229  0.0229  0.0229  0.0229  0.0229  0.0229  0.0229  0.0229  0.0229  0.0229
  0.0232  0.0231  0.0230  0.0231  0.0232  0.0230  0.0231  0.0232  0.0231  0.0231  0.0230  0.0230
  0.0235  0.0234  0.0232  0.0234  0.0235  0.0234  0.0234  0.0237  0.0233  0.0235  0.0232  0.0232
niter,ni,del,rscale     2    3    5.0000    0.5000
parameters
    4.3808   38.2629    0.8531  -13.7794  -16.1254  -17.2232
   13.2889   -7.2456  -10.7118    8.0038    4.6077   -7.4285
eta,q 0.97714  7.58889
  0.0233  0.0233  0.0231  0.0233  0.0233  0.0232  0.0232  0.0235  0.0232  0.0233  0.0230  0.0231
  0.0231  0.0230  0.0230  0.0231  0.0231  0.0230  0.0230  0.0232  0.0230  0.0231  0.0229  0.0230
  0.0229  0.0229  0.0229  0.0229  0.0229  0.0229  0.0229  0.0229  0.0229  0.0229  0.0229  0.0229
  0.0229  0.0229  0.0229  0.0229  0.0229  0.0229  0.0229  0.0229  0.0229  0.0229  0.0229  0.0229
  0.0229  0.0229  0.0229  0.0229  0.0229  0.0229  0.0229  0.0229  0.0229  0.0229  0.0229  0.0229
  0.0231  0.0230  0.0230  0.0230  0.0231  0.0230  0.0230  0.0231  0.0230  0.0230  0.0230  0.0229
  0.0233  0.0232  0.0231  0.0233  0.0233  0.0232  0.0232  0.0235  0.0232  0.0233  0.0231  0.0231
niter,ni,del,rscale     1    3    5.0000    0.4000
parameters
    4.3905   38.2899    0.8502  -13.6922  -16.1664  -17.2122
   13.2586   -7.2074  -10.6925    8.1033    4.5973   -7.4365
eta,q 0.97714  7.59138
  0.0232  0.0231  0.0230  0.0231  0.0232  0.0231  0.0231  0.0233  0.0231  0.0232  0.0230  0.0230
  0.0230  0.0230  0.0229  0.0230  0.0230  0.0229  0.0230  0.0230  0.0230  0.0230  0.0229  0.0229
  0.0229  0.0229  0.0229  0.0229  0.0229  0.0229  0.0229  0.0229  0.0229  0.0229  0.0229  0.0229
  0.0229  0.0229  0.0229  0.0229  0.0229  0.0229  0.0229  0.0229  0.0229  0.0229  0.0229  0.0229
  0.0229  0.0229  0.0229  0.0229  0.0229  0.0229  0.0229  0.0229  0.0229  0.0229  0.0229  0.0229
  0.0230  0.0230  0.0229  0.0230  0.0230  0.0229  0.0230  0.0230  0.0229  0.0230  0.0229  0.0229
  0.0232  0.0231  0.0230  0.0231  0.0232  0.0231  0.0231  0.0232  0.0231  0.0231  0.0230  0.0230
registration optimization eta report
parameter search radius
    0.8000    0.8000    0.8000    2.4000    2.4000    2.4000
    2.4000    2.4000    2.4000    2.4000    2.4000    2.4000
100000*second partial in parameter space
       48.       37.       26.        5.        5.        4.
        4.        7.        4.        5.        2.        2.
  0.0232  0.0231  0.0230  0.0231  0.0232  0.0231  0.0231  0.0233  0.0231  0.0232  0.0230  0.0230
  0.0230  0.0230  0.0229  0.0230  0.0230  0.0229  0.0230  0.0230  0.0230  0.0230  0.0229  0.0229
  0.0229  0.0229  0.0229  0.0229  0.0229  0.0229  0.0229  0.0229  0.0229  0.0229  0.0229  0.0229
  0.0229  0.0229  0.0229  0.0229  0.0229  0.0229  0.0229  0.0229  0.0229  0.0229  0.0229  0.0229
  0.0229  0.0229  0.0229  0.0229  0.0229  0.0229  0.0229  0.0229  0.0229  0.0229  0.0229  0.0229
  0.0230  0.0230  0.0229  0.0230  0.0230  0.0229  0.0230  0.0230  0.0229  0.0230  0.0229  0.0229
  0.0232  0.0231  0.0230  0.0231  0.0232  0.0231  0.0231  0.0232  0.0231  0.0231  0.0230  0.0230
    4.3905   38.2899    0.8502  -13.6922  -16.1664  -17.2122
   13.2586   -7.2074  -10.6925    8.1033    4.5973   -7.4365
eta,q 0.97714  7.59138

---------------------------------------------------------------------
compute_vox2vox talsrcimg talsrcimg_to_711-2C_as_mni_average_305_t4 /opt/freesurfer/average/711-2C_as_mni_average_305
---------------------------------------------------------------------

freesurfer compute_vox2vox.c
Reading: talsrcimg.4dfp.ifh
Reading: talsrcimg_to_711-2C_as_mni_average_305_t4
Reading: /opt/freesurfer/average/711-2C_as_mni_average_305.4dfp.ifh
Writing: talsrcimg_to_711-2C_as_mni_average_305_t4_vox2vox.txt

start time Sun Mar 15 11:20:33 CET 2026
end		time Sun Mar 15 11:20:47 CET 2026

mpr2mni305 success

avi2talxfm orig_nu.mgz /opt/freesurfer/average/mni305.cor.mgz talsrcimg_to_711-2C_as_mni_average_305_t4_vox2vox.txt transforms/talairach.auto.xfm
avi2talxfm done
mv -f /out/sourcedata/freesurfer/sub-v2s10x30155_ses-1/mri/talsrcimg_to_711-2C_as_mni_average_305_t4_vox2vox.txt /out/sourcedata/freesurfer/sub-v2s10x30155_ses-1/mri/transforms/talsrcimg_to_711-2C_as_mni_average_305_t4_vox2vox.txt
lta_convert --src orig_nu.mgz --trg /opt/freesurfer/average/mni305.cor.mgz --inxfm transforms/talairach.auto.xfm --outlta transforms/talairach.auto.xfm.lta --subject fsaverage
7.3.2

--src: orig_nu.mgz src image (geometry).
--trg: /opt/freesurfer/average/mni305.cor.mgz trg image (geometry).
--inmni: transforms/talairach.auto.xfm input MNI/XFM transform.
--outlta: transforms/talairach.auto.xfm.lta output LTA.
--s: fsaverage subject name
 LTA read, type : 1
 1.13161   0.11503  -0.16876  -1.54263;
-0.04945   1.19248   0.11360  -4.67801;
 0.14911  -0.10059   1.16033  -19.88297;
 0.00000   0.00000   0.00000   1.00000;
setting subject to fsaverage
Writing  LTA to file transforms/talairach.auto.xfm.lta...
lta_convert successful.
 
 
Started at Sun Mar 15 11:20:33 CET 2026
Ended   at Sun Mar 15 11:20:48 CET 2026
talairach_avi done
