status file for recon-all
Sun Mar 15 09:54:13 CET 2026
#@# Tessellate lh Sun Mar 15 09:54:13 CET 2026
#@# Smooth1 lh Sun Mar 15 09:54:16 CET 2026
#@# Inflation1 lh Sun Mar 15 09:54:19 CET 2026
#@# QSphere lh Sun Mar 15 09:54:32 CET 2026
#@# Fix Topology lh Sun Mar 15 09:55:47 CET 2026
#@# Smooth2 lh Sun Mar 15 10:01:14 CET 2026
#@# Inflation2 lh Sun Mar 15 10:01:17 CET 2026
#@# Curv .H and .K lh Sun Mar 15 10:01:32 CET 2026
#@# Sphere lh Sun Mar 15 10:02:21 CET 2026
#@# Surf Reg lh Sun Mar 15 10:05:31 CET 2026
#@# Jacobian white lh Sun Mar 15 10:10:26 CET 2026
#@# AvgCurv lh Sun Mar 15 10:10:27 CET 2026
#@# Cortical Parc lh Sun Mar 15 10:10:28 CET 2026
#@# white curv lh Sun Mar 15 10:17:05 CET 2026
#@# white area lh Sun Mar 15 10:17:07 CET 2026
#@# pial curv lh Sun Mar 15 10:17:07 CET 2026
#@# pial area lh Sun Mar 15 10:17:09 CET 2026
#@# thickness lh Sun Mar 15 10:17:10 CET 2026
#@# area and vertex vol lh Sun Mar 15 10:17:41 CET 2026
#@# Curvature Stats lh Sun Mar 15 10:17:43 CET 2026
#@# Cortical Parc 2 lh Sun Mar 15 10:17:45 CET 2026
#@# Cortical Parc 3 lh Sun Mar 15 10:17:59 CET 2026
#@# WM/GM Contrast lh Sun Mar 15 10:18:10 CET 2026
recon-all -s sub-v2s10x28926_ses-1 finished without error at Sun Mar 15 10:18:13 CET 2026



#New# invocation of recon-all 



status file for recon-all
Sun Mar 15 10:48:57 CET 2026
#@# white curv lh Sun Mar 15 10:48:57 CET 2026
#@# white area lh Sun Mar 15 10:48:57 CET 2026
#@# pial curv lh Sun Mar 15 10:48:57 CET 2026
#@# pial area lh Sun Mar 15 10:48:57 CET 2026
#@# thickness lh Sun Mar 15 10:48:57 CET 2026
#@# area and vertex vol lh Sun Mar 15 10:48:57 CET 2026
#@# Parcellation Stats lh Sun Mar 15 10:48:57 CET 2026
#@# Parcellation Stats 2 lh Sun Mar 15 10:49:17 CET 2026
#@# Parcellation Stats 3 lh Sun Mar 15 10:49:30 CET 2026
#@# BA_exvivo Labels lh Sun Mar 15 10:49:42 CET 2026
recon-all -s sub-v2s10x28926_ses-1 finished without error at Sun Mar 15 10:52:25 CET 2026
