status file for recon-all
Sun Mar 15 09:44:48 CET 2026
#@# Tessellate lh Sun Mar 15 09:44:48 CET 2026
#@# Smooth1 lh Sun Mar 15 09:44:52 CET 2026
#@# Inflation1 lh Sun Mar 15 09:44:54 CET 2026
#@# QSphere lh Sun Mar 15 09:45:04 CET 2026
#@# Fix Topology lh Sun Mar 15 09:46:08 CET 2026
#@# Smooth2 lh Sun Mar 15 09:51:23 CET 2026
#@# Inflation2 lh Sun Mar 15 09:51:26 CET 2026
#@# Curv .H and .K lh Sun Mar 15 09:51:37 CET 2026
#@# Sphere lh Sun Mar 15 09:52:25 CET 2026
#@# Surf Reg lh Sun Mar 15 09:55:34 CET 2026
#@# Jacobian white lh Sun Mar 15 09:59:03 CET 2026
#@# AvgCurv lh Sun Mar 15 09:59:03 CET 2026
#@# Cortical Parc lh Sun Mar 15 09:59:04 CET 2026
#@# white curv lh Sun Mar 15 10:05:02 CET 2026
#@# white area lh Sun Mar 15 10:05:03 CET 2026
#@# pial curv lh Sun Mar 15 10:05:04 CET 2026
#@# pial area lh Sun Mar 15 10:05:06 CET 2026
#@# thickness lh Sun Mar 15 10:05:07 CET 2026
#@# area and vertex vol lh Sun Mar 15 10:05:40 CET 2026
#@# Curvature Stats lh Sun Mar 15 10:05:41 CET 2026
#@# Cortical Parc 2 lh Sun Mar 15 10:05:44 CET 2026
#@# Cortical Parc 3 lh Sun Mar 15 10:05:58 CET 2026
#@# WM/GM Contrast lh Sun Mar 15 10:06:09 CET 2026
recon-all -s sub-v2s10x28984_ses-1 finished without error at Sun Mar 15 10:06:12 CET 2026



#New# invocation of recon-all 



status file for recon-all
Sun Mar 15 10:34:15 CET 2026
#@# white curv lh Sun Mar 15 10:34:15 CET 2026
#@# white area lh Sun Mar 15 10:34:15 CET 2026
#@# pial curv lh Sun Mar 15 10:34:15 CET 2026
#@# pial area lh Sun Mar 15 10:34:15 CET 2026
#@# thickness lh Sun Mar 15 10:34:15 CET 2026
#@# area and vertex vol lh Sun Mar 15 10:34:15 CET 2026
#@# Parcellation Stats lh Sun Mar 15 10:34:15 CET 2026
#@# Parcellation Stats 2 lh Sun Mar 15 10:34:35 CET 2026
#@# Parcellation Stats 3 lh Sun Mar 15 10:34:45 CET 2026
#@# BA_exvivo Labels lh Sun Mar 15 10:34:55 CET 2026
recon-all -s sub-v2s10x28984_ses-1 finished without error at Sun Mar 15 10:37:39 CET 2026
