status file for recon-all
Sun Mar 15 12:54:06 CET 2026
#@# Tessellate rh Sun Mar 15 12:54:06 CET 2026
#@# Smooth1 rh Sun Mar 15 12:54:08 CET 2026
#@# Inflation1 rh Sun Mar 15 12:54:10 CET 2026
#@# QSphere rh Sun Mar 15 12:54:16 CET 2026
#@# Fix Topology rh Sun Mar 15 12:54:51 CET 2026
#@# Smooth2 rh Sun Mar 15 12:58:22 CET 2026
#@# Inflation2 rh Sun Mar 15 12:58:23 CET 2026
#@# Curv .H and .K rh Sun Mar 15 12:58:30 CET 2026
#@# Sphere rh Sun Mar 15 12:59:01 CET 2026
#@# Surf Reg rh Sun Mar 15 13:00:25 CET 2026
#@# Jacobian white rh Sun Mar 15 13:02:38 CET 2026
#@# AvgCurv rh Sun Mar 15 13:02:38 CET 2026
#@# Cortical Parc rh Sun Mar 15 13:02:39 CET 2026
#@# white curv rh Sun Mar 15 13:06:57 CET 2026
#@# white area rh Sun Mar 15 13:06:58 CET 2026
#@# pial curv rh Sun Mar 15 13:06:58 CET 2026
#@# pial area rh Sun Mar 15 13:06:59 CET 2026
#@# thickness rh Sun Mar 15 13:06:59 CET 2026
#@# area and vertex vol rh Sun Mar 15 13:07:14 CET 2026
#@# Curvature Stats rh Sun Mar 15 13:07:15 CET 2026
#@# Cortical Parc 2 rh Sun Mar 15 13:07:16 CET 2026
#@# Cortical Parc 3 rh Sun Mar 15 13:07:25 CET 2026
#@# WM/GM Contrast rh Sun Mar 15 13:07:31 CET 2026
recon-all -s sub-v2s10x30167_ses-1 finished without error at Sun Mar 15 13:07:33 CET 2026



#New# invocation of recon-all 



status file for recon-all
Sun Mar 15 13:12:44 CET 2026
#@# white curv rh Sun Mar 15 13:12:44 CET 2026
#@# white area rh Sun Mar 15 13:12:44 CET 2026
#@# pial curv rh Sun Mar 15 13:12:44 CET 2026
#@# pial area rh Sun Mar 15 13:12:44 CET 2026
#@# thickness rh Sun Mar 15 13:12:44 CET 2026
#@# area and vertex vol rh Sun Mar 15 13:12:44 CET 2026
#@# Parcellation Stats rh Sun Mar 15 13:12:44 CET 2026
#@# Parcellation Stats 2 rh Sun Mar 15 13:12:54 CET 2026
#@# Parcellation Stats 3 rh Sun Mar 15 13:13:00 CET 2026
#@# BA_exvivo Labels rh Sun Mar 15 13:13:05 CET 2026
recon-all -s sub-v2s10x30167_ses-1 finished without error at Sun Mar 15 13:14:36 CET 2026
