status file for recon-all
Sun Mar 15 12:40:55 CET 2026
#@# Tessellate lh Sun Mar 15 12:40:55 CET 2026
#@# Smooth1 lh Sun Mar 15 12:40:58 CET 2026
#@# Inflation1 lh Sun Mar 15 12:40:59 CET 2026
#@# QSphere lh Sun Mar 15 12:41:06 CET 2026
#@# Fix Topology lh Sun Mar 15 12:41:40 CET 2026
#@# Smooth2 lh Sun Mar 15 12:45:16 CET 2026
#@# Inflation2 lh Sun Mar 15 12:45:18 CET 2026
#@# Curv .H and .K lh Sun Mar 15 12:45:25 CET 2026
#@# Sphere lh Sun Mar 15 12:45:56 CET 2026
#@# Surf Reg lh Sun Mar 15 12:47:03 CET 2026
#@# Jacobian white lh Sun Mar 15 12:48:59 CET 2026
#@# AvgCurv lh Sun Mar 15 12:49:00 CET 2026
#@# Cortical Parc lh Sun Mar 15 12:49:00 CET 2026
#@# white curv lh Sun Mar 15 12:53:26 CET 2026
#@# white area lh Sun Mar 15 12:53:28 CET 2026
#@# pial curv lh Sun Mar 15 12:53:28 CET 2026
#@# pial area lh Sun Mar 15 12:53:29 CET 2026
#@# thickness lh Sun Mar 15 12:53:29 CET 2026
#@# area and vertex vol lh Sun Mar 15 12:53:44 CET 2026
#@# Curvature Stats lh Sun Mar 15 12:53:45 CET 2026
#@# Cortical Parc 2 lh Sun Mar 15 12:53:46 CET 2026
#@# Cortical Parc 3 lh Sun Mar 15 12:53:55 CET 2026
#@# WM/GM Contrast lh Sun Mar 15 12:54:01 CET 2026
recon-all -s sub-v2s10x30167_ses-1 finished without error at Sun Mar 15 12:54:03 CET 2026



#New# invocation of recon-all 



status file for recon-all
Sun Mar 15 13:10:48 CET 2026
#@# white curv lh Sun Mar 15 13:10:48 CET 2026
#@# white area lh Sun Mar 15 13:10:48 CET 2026
#@# pial curv lh Sun Mar 15 13:10:48 CET 2026
#@# pial area lh Sun Mar 15 13:10:48 CET 2026
#@# thickness lh Sun Mar 15 13:10:48 CET 2026
#@# area and vertex vol lh Sun Mar 15 13:10:48 CET 2026
#@# Parcellation Stats lh Sun Mar 15 13:10:48 CET 2026
#@# Parcellation Stats 2 lh Sun Mar 15 13:10:59 CET 2026
#@# Parcellation Stats 3 lh Sun Mar 15 13:11:04 CET 2026
#@# BA_exvivo Labels lh Sun Mar 15 13:11:09 CET 2026
recon-all -s sub-v2s10x30167_ses-1 finished without error at Sun Mar 15 13:12:41 CET 2026
