status file for recon-all
Sun Mar 15 10:14:25 CET 2026
#@# Tessellate rh Sun Mar 15 10:14:25 CET 2026
#@# Smooth1 rh Sun Mar 15 10:14:29 CET 2026
#@# Inflation1 rh Sun Mar 15 10:14:31 CET 2026
#@# QSphere rh Sun Mar 15 10:14:42 CET 2026
#@# Fix Topology rh Sun Mar 15 10:15:42 CET 2026
#@# Smooth2 rh Sun Mar 15 10:21:57 CET 2026
#@# Inflation2 rh Sun Mar 15 10:22:00 CET 2026
#@# Curv .H and .K rh Sun Mar 15 10:22:11 CET 2026
#@# Sphere rh Sun Mar 15 10:23:02 CET 2026
#@# Surf Reg rh Sun Mar 15 10:26:12 CET 2026
#@# Jacobian white rh Sun Mar 15 10:29:51 CET 2026
#@# AvgCurv rh Sun Mar 15 10:29:52 CET 2026
#@# Cortical Parc rh Sun Mar 15 10:29:53 CET 2026
#@# white curv rh Sun Mar 15 10:35:59 CET 2026
#@# white area rh Sun Mar 15 10:36:01 CET 2026
#@# pial curv rh Sun Mar 15 10:36:01 CET 2026
#@# pial area rh Sun Mar 15 10:36:03 CET 2026
#@# thickness rh Sun Mar 15 10:36:04 CET 2026
#@# area and vertex vol rh Sun Mar 15 10:36:36 CET 2026
#@# Curvature Stats rh Sun Mar 15 10:36:37 CET 2026
#@# Cortical Parc 2 rh Sun Mar 15 10:36:39 CET 2026
#@# Cortical Parc 3 rh Sun Mar 15 10:36:53 CET 2026
#@# WM/GM Contrast rh Sun Mar 15 10:37:03 CET 2026
recon-all -s sub-v2s10x28981_ses-1 finished without error at Sun Mar 15 10:37:06 CET 2026



#New# invocation of recon-all 



status file for recon-all
Sun Mar 15 10:45:22 CET 2026
#@# white curv rh Sun Mar 15 10:45:22 CET 2026
#@# white area rh Sun Mar 15 10:45:22 CET 2026
#@# pial curv rh Sun Mar 15 10:45:22 CET 2026
#@# pial area rh Sun Mar 15 10:45:22 CET 2026
#@# thickness rh Sun Mar 15 10:45:22 CET 2026
#@# area and vertex vol rh Sun Mar 15 10:45:22 CET 2026
#@# Parcellation Stats rh Sun Mar 15 10:45:22 CET 2026
#@# Parcellation Stats 2 rh Sun Mar 15 10:45:43 CET 2026
#@# Parcellation Stats 3 rh Sun Mar 15 10:45:53 CET 2026
#@# BA_exvivo Labels rh Sun Mar 15 10:46:03 CET 2026
recon-all -s sub-v2s10x28981_ses-1 finished without error at Sun Mar 15 10:48:33 CET 2026
