status file for recon-all
Sun Mar 15 09:48:08 CET 2026
#@# Tessellate rh Sun Mar 15 09:48:08 CET 2026
#@# Smooth1 rh Sun Mar 15 09:48:11 CET 2026
#@# Inflation1 rh Sun Mar 15 09:48:12 CET 2026
#@# QSphere rh Sun Mar 15 09:48:21 CET 2026
#@# Fix Topology rh Sun Mar 15 09:49:14 CET 2026
#@# Smooth2 rh Sun Mar 15 09:52:30 CET 2026
#@# Inflation2 rh Sun Mar 15 09:52:32 CET 2026
#@# Curv .H and .K rh Sun Mar 15 09:52:43 CET 2026
#@# Sphere rh Sun Mar 15 09:53:11 CET 2026
#@# Surf Reg rh Sun Mar 15 09:54:07 CET 2026
#@# Jacobian white rh Sun Mar 15 09:56:55 CET 2026
#@# AvgCurv rh Sun Mar 15 09:56:55 CET 2026
#@# Cortical Parc rh Sun Mar 15 09:56:56 CET 2026
#@# white curv rh Sun Mar 15 10:01:22 CET 2026
#@# white area rh Sun Mar 15 10:01:23 CET 2026
#@# pial curv rh Sun Mar 15 10:01:23 CET 2026
#@# pial area rh Sun Mar 15 10:01:24 CET 2026
#@# thickness rh Sun Mar 15 10:01:25 CET 2026
#@# area and vertex vol rh Sun Mar 15 10:01:38 CET 2026
#@# Curvature Stats rh Sun Mar 15 10:01:39 CET 2026
#@# Cortical Parc 2 rh Sun Mar 15 10:01:41 CET 2026
#@# Cortical Parc 3 rh Sun Mar 15 10:01:49 CET 2026
#@# WM/GM Contrast rh Sun Mar 15 10:01:55 CET 2026
recon-all -s sub-v2s10x28952_ses-1 finished without error at Sun Mar 15 10:01:57 CET 2026



#New# invocation of recon-all 



status file for recon-all
Sun Mar 15 10:06:28 CET 2026
#@# white curv rh Sun Mar 15 10:06:28 CET 2026
#@# white area rh Sun Mar 15 10:06:28 CET 2026
#@# pial curv rh Sun Mar 15 10:06:29 CET 2026
#@# pial area rh Sun Mar 15 10:06:29 CET 2026
#@# thickness rh Sun Mar 15 10:06:29 CET 2026
#@# area and vertex vol rh Sun Mar 15 10:06:29 CET 2026
#@# Parcellation Stats rh Sun Mar 15 10:06:29 CET 2026
#@# Parcellation Stats 2 rh Sun Mar 15 10:06:38 CET 2026
#@# Parcellation Stats 3 rh Sun Mar 15 10:06:43 CET 2026
#@# BA_exvivo Labels rh Sun Mar 15 10:06:47 CET 2026
recon-all -s sub-v2s10x28952_ses-1 finished without error at Sun Mar 15 10:08:23 CET 2026
