status file for recon-all
Sun Mar 15 09:34:40 CET 2026
#@# Tessellate lh Sun Mar 15 09:34:40 CET 2026
#@# Smooth1 lh Sun Mar 15 09:34:43 CET 2026
#@# Inflation1 lh Sun Mar 15 09:34:44 CET 2026
#@# QSphere lh Sun Mar 15 09:34:53 CET 2026
#@# Fix Topology lh Sun Mar 15 09:35:45 CET 2026
#@# Smooth2 lh Sun Mar 15 09:39:06 CET 2026
#@# Inflation2 lh Sun Mar 15 09:39:08 CET 2026
#@# Curv .H and .K lh Sun Mar 15 09:39:17 CET 2026
#@# Sphere lh Sun Mar 15 09:39:46 CET 2026
#@# Surf Reg lh Sun Mar 15 09:40:48 CET 2026
#@# Jacobian white lh Sun Mar 15 09:43:12 CET 2026
#@# AvgCurv lh Sun Mar 15 09:43:12 CET 2026
#@# Cortical Parc lh Sun Mar 15 09:43:13 CET 2026
#@# white curv lh Sun Mar 15 09:47:29 CET 2026
#@# white area lh Sun Mar 15 09:47:30 CET 2026
#@# pial curv lh Sun Mar 15 09:47:30 CET 2026
#@# pial area lh Sun Mar 15 09:47:32 CET 2026
#@# thickness lh Sun Mar 15 09:47:32 CET 2026
#@# area and vertex vol lh Sun Mar 15 09:47:49 CET 2026
#@# Curvature Stats lh Sun Mar 15 09:47:50 CET 2026
#@# Cortical Parc 2 lh Sun Mar 15 09:47:51 CET 2026
#@# Cortical Parc 3 lh Sun Mar 15 09:47:59 CET 2026
#@# WM/GM Contrast lh Sun Mar 15 09:48:05 CET 2026
recon-all -s sub-v2s10x28952_ses-1 finished without error at Sun Mar 15 09:48:07 CET 2026



#New# invocation of recon-all 



status file for recon-all
Sun Mar 15 10:04:26 CET 2026
#@# white curv lh Sun Mar 15 10:04:26 CET 2026
#@# white area lh Sun Mar 15 10:04:26 CET 2026
#@# pial curv lh Sun Mar 15 10:04:26 CET 2026
#@# pial area lh Sun Mar 15 10:04:26 CET 2026
#@# thickness lh Sun Mar 15 10:04:26 CET 2026
#@# area and vertex vol lh Sun Mar 15 10:04:26 CET 2026
#@# Parcellation Stats lh Sun Mar 15 10:04:27 CET 2026
#@# Parcellation Stats 2 lh Sun Mar 15 10:04:37 CET 2026
#@# Parcellation Stats 3 lh Sun Mar 15 10:04:42 CET 2026
#@# BA_exvivo Labels lh Sun Mar 15 10:04:47 CET 2026
recon-all -s sub-v2s10x28952_ses-1 finished without error at Sun Mar 15 10:06:26 CET 2026
