status file for recon-all
Sun Mar 15 10:08:08 CET 2026
#@# Tessellate rh Sun Mar 15 10:08:08 CET 2026
#@# Smooth1 rh Sun Mar 15 10:08:12 CET 2026
#@# Inflation1 rh Sun Mar 15 10:08:14 CET 2026
#@# QSphere rh Sun Mar 15 10:08:24 CET 2026
#@# Fix Topology rh Sun Mar 15 10:09:26 CET 2026
#@# Smooth2 rh Sun Mar 15 10:14:15 CET 2026
#@# Inflation2 rh Sun Mar 15 10:14:18 CET 2026
#@# Curv .H and .K rh Sun Mar 15 10:14:29 CET 2026
#@# Sphere rh Sun Mar 15 10:15:17 CET 2026
#@# Surf Reg rh Sun Mar 15 10:17:59 CET 2026
#@# Jacobian white rh Sun Mar 15 10:22:53 CET 2026
#@# AvgCurv rh Sun Mar 15 10:22:53 CET 2026
#@# Cortical Parc rh Sun Mar 15 10:22:54 CET 2026
#@# white curv rh Sun Mar 15 10:28:41 CET 2026
#@# white area rh Sun Mar 15 10:28:43 CET 2026
#@# pial curv rh Sun Mar 15 10:28:43 CET 2026
#@# pial area rh Sun Mar 15 10:28:45 CET 2026
#@# thickness rh Sun Mar 15 10:28:45 CET 2026
#@# area and vertex vol rh Sun Mar 15 10:29:15 CET 2026
#@# Curvature Stats rh Sun Mar 15 10:29:17 CET 2026
#@# Cortical Parc 2 rh Sun Mar 15 10:29:19 CET 2026
#@# Cortical Parc 3 rh Sun Mar 15 10:29:31 CET 2026
#@# WM/GM Contrast rh Sun Mar 15 10:29:41 CET 2026
recon-all -s sub-v2s10x28993_ses-1 finished without error at Sun Mar 15 10:29:44 CET 2026



#New# invocation of recon-all 



status file for recon-all
Sun Mar 15 10:37:24 CET 2026
#@# white curv rh Sun Mar 15 10:37:24 CET 2026
#@# white area rh Sun Mar 15 10:37:24 CET 2026
#@# pial curv rh Sun Mar 15 10:37:24 CET 2026
#@# pial area rh Sun Mar 15 10:37:24 CET 2026
#@# thickness rh Sun Mar 15 10:37:24 CET 2026
#@# area and vertex vol rh Sun Mar 15 10:37:24 CET 2026
#@# Parcellation Stats rh Sun Mar 15 10:37:24 CET 2026
#@# Parcellation Stats 2 rh Sun Mar 15 10:37:43 CET 2026
#@# Parcellation Stats 3 rh Sun Mar 15 10:37:52 CET 2026
#@# BA_exvivo Labels rh Sun Mar 15 10:38:02 CET 2026
recon-all -s sub-v2s10x28993_ses-1 finished without error at Sun Mar 15 10:40:24 CET 2026
