status file for recon-all
Sun Mar 15 09:32:09 CET 2026
#@# Tessellate lh Sun Mar 15 09:32:09 CET 2026
#@# Smooth1 lh Sun Mar 15 09:32:12 CET 2026
#@# Inflation1 lh Sun Mar 15 09:32:14 CET 2026
#@# QSphere lh Sun Mar 15 09:32:26 CET 2026
#@# Fix Topology lh Sun Mar 15 09:33:29 CET 2026
#@# Smooth2 lh Sun Mar 15 09:37:40 CET 2026
#@# Inflation2 lh Sun Mar 15 09:37:42 CET 2026
#@# Curv .H and .K lh Sun Mar 15 09:37:54 CET 2026
#@# Sphere lh Sun Mar 15 09:38:28 CET 2026
#@# Surf Reg lh Sun Mar 15 09:41:45 CET 2026
#@# Jacobian white lh Sun Mar 15 09:45:36 CET 2026
#@# AvgCurv lh Sun Mar 15 09:45:37 CET 2026
#@# Cortical Parc lh Sun Mar 15 09:45:37 CET 2026
#@# white curv lh Sun Mar 15 09:51:57 CET 2026
#@# white area lh Sun Mar 15 09:51:59 CET 2026
#@# pial curv lh Sun Mar 15 09:51:59 CET 2026
#@# pial area lh Sun Mar 15 09:52:00 CET 2026
#@# thickness lh Sun Mar 15 09:52:01 CET 2026
#@# area and vertex vol lh Sun Mar 15 09:52:18 CET 2026
#@# Curvature Stats lh Sun Mar 15 09:52:19 CET 2026
#@# Cortical Parc 2 lh Sun Mar 15 09:52:20 CET 2026
#@# Cortical Parc 3 lh Sun Mar 15 09:52:30 CET 2026
#@# WM/GM Contrast lh Sun Mar 15 09:52:37 CET 2026
recon-all -s sub-v2s10x28947_ses-1 finished without error at Sun Mar 15 09:52:39 CET 2026



#New# invocation of recon-all 



status file for recon-all
Sun Mar 15 10:16:20 CET 2026
#@# white curv lh Sun Mar 15 10:16:20 CET 2026
#@# white area lh Sun Mar 15 10:16:20 CET 2026
#@# pial curv lh Sun Mar 15 10:16:20 CET 2026
#@# pial area lh Sun Mar 15 10:16:20 CET 2026
#@# thickness lh Sun Mar 15 10:16:20 CET 2026
#@# area and vertex vol lh Sun Mar 15 10:16:20 CET 2026
#@# Parcellation Stats lh Sun Mar 15 10:16:20 CET 2026
#@# Parcellation Stats 2 lh Sun Mar 15 10:16:33 CET 2026
#@# Parcellation Stats 3 lh Sun Mar 15 10:16:40 CET 2026
#@# BA_exvivo Labels lh Sun Mar 15 10:16:46 CET 2026
recon-all -s sub-v2s10x28947_ses-1 finished without error at Sun Mar 15 10:18:37 CET 2026
