status file for recon-all
Sun Mar 15 08:11:53 CET 2026
#@# MotionCor Sun Mar 15 08:11:54 CET 2026
#@# Talairach Sun Mar 15 08:12:00 CET 2026
#@# Talairach Failure Detection Sun Mar 15 08:14:50 CET 2026
#@# Nu Intensity Correction Sun Mar 15 08:14:50 CET 2026
#@# Intensity Normalization Sun Mar 15 08:17:35 CET 2026
recon-all -s sub-v2s10x28947_ses-1 finished without error at Sun Mar 15 08:18:28 CET 2026



#New# invocation of recon-all 



status file for recon-all
Sun Mar 15 08:24:13 CET 2026
#@# EM Registration Sun Mar 15 08:24:13 CET 2026
recon-all -s sub-v2s10x28947_ses-1 finished without error at Sun Mar 15 08:25:45 CET 2026



#New# invocation of recon-all 



status file for recon-all
Sun Mar 15 08:25:47 CET 2026
#@# CA Normalize Sun Mar 15 08:25:47 CET 2026
#@# CA Reg Sun Mar 15 08:26:40 CET 2026
#@# SubCort Seg Sun Mar 15 09:09:42 CET 2026
#@# CC Seg Sun Mar 15 09:28:17 CET 2026
#@# Merge ASeg Sun Mar 15 09:28:36 CET 2026
#@# Intensity Normalization2 Sun Mar 15 09:28:36 CET 2026
#@# Mask BFS Sun Mar 15 09:29:59 CET 2026
#@# WM Segmentation Sun Mar 15 09:29:59 CET 2026
#@# Fill Sun Mar 15 09:31:30 CET 2026
recon-all -s sub-v2s10x28947_ses-1 finished without error at Sun Mar 15 09:32:05 CET 2026



#New# invocation of recon-all 



status file for recon-all
Sun Mar 15 10:12:40 CET 2026
#@# white curv lh Sun Mar 15 10:12:40 CET 2026
#@# white area lh Sun Mar 15 10:12:40 CET 2026
#@# pial curv lh Sun Mar 15 10:12:40 CET 2026
#@# pial area lh Sun Mar 15 10:12:40 CET 2026
#@# thickness lh Sun Mar 15 10:12:40 CET 2026
#@# area and vertex vol lh Sun Mar 15 10:12:40 CET 2026
#@# white curv rh Sun Mar 15 10:12:40 CET 2026
#@# white area rh Sun Mar 15 10:12:40 CET 2026
#@# pial curv rh Sun Mar 15 10:12:40 CET 2026
#@# pial area rh Sun Mar 15 10:12:40 CET 2026
#@# thickness rh Sun Mar 15 10:12:40 CET 2026
#@# area and vertex vol rh Sun Mar 15 10:12:40 CET 2026
#@# Cortical ribbon mask Sun Mar 15 10:12:40 CET 2026
recon-all -s sub-v2s10x28947_ses-1 finished without error at Sun Mar 15 10:16:15 CET 2026



#New# invocation of recon-all 



status file for recon-all
Sun Mar 15 10:20:58 CET 2026
#@# white curv lh Sun Mar 15 10:20:58 CET 2026
#@# white area lh Sun Mar 15 10:20:58 CET 2026
#@# pial curv lh Sun Mar 15 10:20:58 CET 2026
#@# pial area lh Sun Mar 15 10:20:58 CET 2026
#@# thickness lh Sun Mar 15 10:20:58 CET 2026
#@# area and vertex vol lh Sun Mar 15 10:20:58 CET 2026
#@# white curv rh Sun Mar 15 10:20:58 CET 2026
#@# white area rh Sun Mar 15 10:20:58 CET 2026
#@# pial curv rh Sun Mar 15 10:20:58 CET 2026
#@# pial area rh Sun Mar 15 10:20:58 CET 2026
#@# thickness rh Sun Mar 15 10:20:58 CET 2026
#@# area and vertex vol rh Sun Mar 15 10:20:58 CET 2026
#@# Curvature Stats lh Sun Mar 15 10:20:58 CET 2026
#@# Curvature Stats rh Sun Mar 15 10:21:00 CET 2026
#@# Relabel Hypointensities Sun Mar 15 10:21:01 CET 2026
#@# APas-to-ASeg Sun Mar 15 10:21:12 CET 2026
#@# AParc-to-ASeg aparc Sun Mar 15 10:21:18 CET 2026
#@# AParc-to-ASeg aparc.a2009s Sun Mar 15 10:21:43 CET 2026
#@# AParc-to-ASeg aparc.DKTatlas Sun Mar 15 10:22:05 CET 2026
#@# WMParc Sun Mar 15 10:22:29 CET 2026
#@# ASeg Stats Sun Mar 15 10:24:21 CET 2026
recon-all -s sub-v2s10x28947_ses-1 finished without error at Sun Mar 15 10:24:45 CET 2026
