status file for recon-all
Sun Mar 15 12:42:57 CET 2026
#@# Tessellate rh Sun Mar 15 12:42:57 CET 2026
#@# Smooth1 rh Sun Mar 15 12:42:59 CET 2026
#@# Inflation1 rh Sun Mar 15 12:43:01 CET 2026
#@# QSphere rh Sun Mar 15 12:43:09 CET 2026
#@# Fix Topology rh Sun Mar 15 12:43:56 CET 2026
#@# Smooth2 rh Sun Mar 15 12:48:10 CET 2026
#@# Inflation2 rh Sun Mar 15 12:48:12 CET 2026
#@# Curv .H and .K rh Sun Mar 15 12:48:20 CET 2026
#@# Sphere rh Sun Mar 15 12:48:57 CET 2026
#@# Surf Reg rh Sun Mar 15 12:50:29 CET 2026
#@# Jacobian white rh Sun Mar 15 12:52:56 CET 2026
#@# AvgCurv rh Sun Mar 15 12:52:56 CET 2026
#@# Cortical Parc rh Sun Mar 15 12:52:57 CET 2026
#@# white curv rh Sun Mar 15 12:58:05 CET 2026
#@# white area rh Sun Mar 15 12:58:06 CET 2026
#@# pial curv rh Sun Mar 15 12:58:06 CET 2026
#@# pial area rh Sun Mar 15 12:58:08 CET 2026
#@# thickness rh Sun Mar 15 12:58:08 CET 2026
#@# area and vertex vol rh Sun Mar 15 12:58:27 CET 2026
#@# Curvature Stats rh Sun Mar 15 12:58:28 CET 2026
#@# Cortical Parc 2 rh Sun Mar 15 12:58:30 CET 2026
#@# Cortical Parc 3 rh Sun Mar 15 12:58:40 CET 2026
#@# WM/GM Contrast rh Sun Mar 15 12:58:47 CET 2026
recon-all -s sub-v2s10x29005_ses-1 finished without error at Sun Mar 15 12:58:49 CET 2026



#New# invocation of recon-all 



status file for recon-all
Sun Mar 15 13:04:27 CET 2026
#@# white curv rh Sun Mar 15 13:04:27 CET 2026
#@# white area rh Sun Mar 15 13:04:27 CET 2026
#@# pial curv rh Sun Mar 15 13:04:27 CET 2026
#@# pial area rh Sun Mar 15 13:04:27 CET 2026
#@# thickness rh Sun Mar 15 13:04:27 CET 2026
#@# area and vertex vol rh Sun Mar 15 13:04:27 CET 2026
#@# Parcellation Stats rh Sun Mar 15 13:04:27 CET 2026
#@# Parcellation Stats 2 rh Sun Mar 15 13:04:41 CET 2026
#@# Parcellation Stats 3 rh Sun Mar 15 13:04:48 CET 2026
#@# BA_exvivo Labels rh Sun Mar 15 13:04:55 CET 2026
recon-all -s sub-v2s10x29005_ses-1 finished without error at Sun Mar 15 13:06:46 CET 2026
