status file for recon-all
Sun Mar 15 09:47:35 CET 2026
#@# Tessellate lh Sun Mar 15 09:47:35 CET 2026
#@# Smooth1 lh Sun Mar 15 09:47:39 CET 2026
#@# Inflation1 lh Sun Mar 15 09:47:41 CET 2026
#@# QSphere lh Sun Mar 15 09:47:52 CET 2026
#@# Fix Topology lh Sun Mar 15 09:49:14 CET 2026
#@# Smooth2 lh Sun Mar 15 09:55:15 CET 2026
#@# Inflation2 lh Sun Mar 15 09:55:18 CET 2026
#@# Curv .H and .K lh Sun Mar 15 09:55:29 CET 2026
#@# Sphere lh Sun Mar 15 09:56:21 CET 2026
#@# Surf Reg lh Sun Mar 15 09:58:26 CET 2026
#@# Jacobian white lh Sun Mar 15 10:02:14 CET 2026
#@# AvgCurv lh Sun Mar 15 10:02:15 CET 2026
#@# Cortical Parc lh Sun Mar 15 10:02:16 CET 2026
#@# white curv lh Sun Mar 15 10:08:29 CET 2026
#@# white area lh Sun Mar 15 10:08:31 CET 2026
#@# pial curv lh Sun Mar 15 10:08:31 CET 2026
#@# pial area lh Sun Mar 15 10:08:33 CET 2026
#@# thickness lh Sun Mar 15 10:08:34 CET 2026
#@# area and vertex vol lh Sun Mar 15 10:09:07 CET 2026
#@# Curvature Stats lh Sun Mar 15 10:09:08 CET 2026
#@# Cortical Parc 2 lh Sun Mar 15 10:09:11 CET 2026
#@# Cortical Parc 3 lh Sun Mar 15 10:09:25 CET 2026
#@# WM/GM Contrast lh Sun Mar 15 10:09:35 CET 2026
recon-all -s sub-v2s10x28990_ses-1 finished without error at Sun Mar 15 10:09:37 CET 2026



#New# invocation of recon-all 



status file for recon-all
Sun Mar 15 10:39:39 CET 2026
#@# white curv lh Sun Mar 15 10:39:39 CET 2026
#@# white area lh Sun Mar 15 10:39:39 CET 2026
#@# pial curv lh Sun Mar 15 10:39:39 CET 2026
#@# pial area lh Sun Mar 15 10:39:39 CET 2026
#@# thickness lh Sun Mar 15 10:39:39 CET 2026
#@# area and vertex vol lh Sun Mar 15 10:39:39 CET 2026
#@# Parcellation Stats lh Sun Mar 15 10:39:39 CET 2026
#@# Parcellation Stats 2 lh Sun Mar 15 10:40:00 CET 2026
#@# Parcellation Stats 3 lh Sun Mar 15 10:40:11 CET 2026
#@# BA_exvivo Labels lh Sun Mar 15 10:40:22 CET 2026
recon-all -s sub-v2s10x28990_ses-1 finished without error at Sun Mar 15 10:42:50 CET 2026
