/out/sourcedata/freesurfer/sub-v2s10x28977_ses-1/mri
/opt/freesurfer/bin/talairach_avi
--i orig_nu.mgz --xfm transforms/talairach.auto.xfm
talairach_avi 7.3.2
Linux dna052 5.14.0-427.37.1.el9_4.x86_64 #1 SMP PREEMPT_DYNAMIC Fri Sep 13 12:41:50 EDT 2024 x86_64 x86_64 x86_64 GNU/Linux
Sun Mar 15 08:15:10 CET 2026
mri_convert orig_nu.mgz talsrcimg.img 
reading from orig_nu.mgz...
TR=0.00, TE=0.00, TI=0.00, flip angle=0.00
i_ras = (-1, -3.49246e-10, 7.45058e-09)
j_ras = (0, -9.31323e-10, -1)
k_ras = (7.79983e-09, 1, 9.31323e-10)
writing to talsrcimg.img...
Analyze Output Matrix
-1.00000   0.00000   0.00000   131.79153;
-0.00000  -0.00000   1.00000  -120.33659;
 0.00000  -1.00000   0.00000   117.89114;
 0.00000   0.00000   0.00000   1.00000;
--------------------
INFO: set hdr.hist.orient to -1
mpr2mni305 talsrcimg
Sun Mar 15 08:15:11 CET 2026
/opt/freesurfer/bin/mpr2mni305 talsrcimg
mpr2mni305 7.3.2
target=711-2C_as_mni_average_305

---------------------------------------------------------------------
analyzeto4dfp talsrcimg -O0 -y
---------------------------------------------------------------------

freesurfer ifh2hdr.c
Sun Mar 15 08:15:11 2026
Writing: talsrcimg.4dfp.hdr
freesurfer analyzeto4dfp.c
Reading: talsrcimg.hdr
header size 348 bytes
hdr.dime.datatype	offset=70	value=2
hdr.dime.bitpix		offset=72	value=8
hdr.hist.orient		offset=252	value=-1
dimensionality     4
dimensions       256       256       256         1
Reading: talsrcimg.img
Writing: talsrcimg.4dfp.img
Writing: talsrcimg.4dfp.ifh
ifh2hdr talsrcimg -r0to202
ori=2

---------------------------------------------------------------------
gauss_4dfp talsrcimg 1.1
---------------------------------------------------------------------

freesurfer gauss_4dfp.c
Reading: talsrcimg.4dfp.img
Writing: talsrcimg_g11.4dfp.img
image dimensions 256 256 256 padded to 288 288 288
processing volume 1freesurfer ifh2hdr.c
Sun Mar 15 08:15:12 2026
Writing: talsrcimg_g11.4dfp.hdr

Writing: talsrcimg_g11.4dfp.ifh
including: talsrcimg.4dfp.img.rec in talsrcimg_g11.4dfp.img.rec

---------------------------------------------------------------------
imgreg_4dfp /opt/freesurfer/average/711-2C_as_mni_average_305 none talsrcimg_g11 none talsrcimg_to_711-2C_as_mni_average_305_t4 4355
---------------------------------------------------------------------

freesurfer imgreg_4dfp.c
/opt/freesurfer/average/711-2C_as_mni_average_305.4dfp.img
       256       256       256         1
  1.000000  1.000000  1.000000
orientation T byte_order littleendian
Reading image: /opt/freesurfer/average/711-2C_as_mni_average_305.4dfp.img
dimensions:      256       256       256
mmppix:       1.0000   -1.0000   -1.0000
center:     128.0000 -129.0000 -129.0000
talsrcimg_g11.4dfp.img
       256       256       256         1
  1.000000  1.000000  1.000000
orientation T byte_order littleendian
Reading image: talsrcimg_g11.4dfp.img
dimensions:      256       256       256
mmppix:       1.0000   -1.0000   -1.0000
center:     128.0000 -129.0000 -129.0000
t4_read: open error in t4_sub.f l:  41 t4_file(1:l)talsrcimg_to_711-2C_as_mni_average_305_t4 
t4_read: transform initialized to I4
rotation matrix determinant  1.000000
image alignment mode   4355 decimal     1103 hex
   -7.5000  -45.0000  -45.0000 5770.8677   16.4119
    0.0000  -45.0000  -45.0000 6096.2188   16.4379
    7.5000  -45.0000  -45.0000 5877.6094   16.4640
   -7.5000  -37.5000  -45.0000 6418.8892   15.9906
    0.0000  -37.5000  -45.0000 6753.1162   16.0148
    7.5000  -37.5000  -45.0000 6512.6460   16.0349
   -7.5000  -30.0000  -45.0000 7330.6167   15.7220
    0.0000  -30.0000  -45.0000 7702.7988   15.7426
    7.5000  -30.0000  -45.0000 7439.8760   15.7566
   -7.5000  -22.5000  -45.0000 8238.5342   15.5465
    0.0000  -22.5000  -45.0000 8652.8408   15.5671
    7.5000  -22.5000  -45.0000 8361.3975   15.5804
   -7.5000  -15.0000  -45.0000 9187.9189   15.4830
    0.0000  -15.0000  -45.0000 9640.3428   15.5053
    7.5000  -15.0000  -45.0000 9316.3281   15.5238
   -7.5000   -7.5000  -45.000010179.7002   15.4343
    0.0000   -7.5000  -45.000010664.0420   15.4586
    7.5000   -7.5000  -45.000010303.1768   15.4823
   -7.5000    0.0000  -45.000011086.7568   15.4096
    0.0000    0.0000  -45.000011622.5107   15.4343
    7.5000    0.0000  -45.000011212.2715   15.4589
   -7.5000    7.5000  -45.000011076.5439   15.4109
    0.0000    7.5000  -45.000011630.1104   15.4333
    7.5000    7.5000  -45.000011215.6455   15.4526
   -7.5000   15.0000  -45.000010970.0576   15.4202
    0.0000   15.0000  -45.000011517.1816   15.4403
    7.5000   15.0000  -45.000011094.1357   15.4535
   -7.5000   22.5000  -45.000010772.5225   15.4282
    0.0000   22.5000  -45.000011335.8750   15.4487
    7.5000   22.5000  -45.000010905.0977   15.4619
   -7.5000   30.0000  -45.000010490.4883   15.2305
    0.0000   30.0000  -45.000011020.4678   15.2526
    7.5000   30.0000  -45.000010630.1289   15.2707
   -7.5000   37.5000  -45.000010543.7207   15.2142
    0.0000   37.5000  -45.000011072.0488   15.2381
    7.5000   37.5000  -45.000010696.1602   15.2615
   -7.5000   45.0000  -45.000010124.7588   14.8181
    0.0000   45.0000  -45.000010628.2080   14.8419
    7.5000   45.0000  -45.000010254.8184   14.8656
   -7.5000  -45.0000  -37.5000 6157.5190   16.3893
    0.0000  -45.0000  -37.5000 6489.7734   16.4163
    7.5000  -45.0000  -37.5000 6258.4561   16.4452
   -7.5000  -37.5000  -37.5000 6824.9893   15.9705
    0.0000  -37.5000  -37.5000 7167.1152   15.9962
    7.5000  -37.5000  -37.5000 6928.8594   16.0203
   -7.5000  -30.0000  -37.5000 7782.0312   15.6988
    0.0000  -30.0000  -37.5000 8178.7793   15.7217
    7.5000  -30.0000  -37.5000 7903.7876   15.7415
   -7.5000  -22.5000  -37.5000 8768.3623   15.5204
    0.0000  -22.5000  -37.5000 9218.4355   15.5436
    7.5000  -22.5000  -37.5000 8906.1270   15.5627
   -7.5000  -15.0000  -37.5000 9808.6377   15.4565
    0.0000  -15.0000  -37.500010293.6348   15.4805
    7.5000  -15.0000  -37.5000 9943.6309   15.5031
   -7.5000   -7.5000  -37.500010858.8896   15.4117
    0.0000   -7.5000  -37.500011381.2900   15.4362
    7.5000   -7.5000  -37.500010989.2012   15.4621
   -7.5000    0.0000  -37.500011812.0723   15.3911
    0.0000    0.0000  -37.500012382.5547   15.4159
    7.5000    0.0000  -37.500011945.1201   15.4426
   -7.5000    7.5000  -37.500011787.2031   15.3921
    0.0000    7.5000  -37.500012371.7461   15.4157
    7.5000    7.5000  -37.500011919.7158   15.4388
   -7.5000   15.0000  -37.500011646.5166   15.3977
    0.0000   15.0000  -37.500012261.4990   15.4201
    7.5000   15.0000  -37.500011793.6367   15.4389
   -7.5000   22.5000  -37.500011419.1191   15.4024
    0.0000   22.5000  -37.500012028.4570   15.4254
    7.5000   22.5000  -37.500011565.9287   15.4443
   -7.5000   30.0000  -37.500011120.1436   15.2045
    0.0000   30.0000  -37.500011691.4336   15.2281
    7.5000   30.0000  -37.500011254.0244   15.2503
   -7.5000   37.5000  -37.500011171.7988   15.1919
    0.0000   37.5000  -37.500011732.5000   15.2161
    7.5000   37.5000  -37.500011294.8096   15.2416
   -7.5000   45.0000  -37.500010718.3945   14.8004
    0.0000   45.0000  -37.500011258.7275   14.8242
    7.5000   45.0000  -37.500010838.6543   14.8499
   -7.5000  -45.0000  -30.0000 6641.1133   17.0741
    0.0000  -45.0000  -30.0000 6973.7891   17.1014
    7.5000  -45.0000  -30.0000 6749.2378   17.1344
   -7.5000  -37.5000  -30.0000 7348.7153   16.6402
    0.0000  -37.5000  -30.0000 7716.5273   16.6658
    7.5000  -37.5000  -30.0000 7471.9761   16.6945
   -7.5000  -30.0000  -30.0000 8399.7832   16.3545
    0.0000  -30.0000  -30.0000 8833.4492   16.3791
    7.5000  -30.0000  -30.0000 8537.0361   16.4051
   -7.5000  -22.5000  -30.0000 9490.8398   16.1644
    0.0000  -22.5000  -30.0000 9974.3936   16.1911
    7.5000  -22.5000  -30.0000 9632.4971   16.2180
   -7.5000  -15.0000  -30.000010626.5459   16.0949
    0.0000  -15.0000  -30.000011141.8682   16.1228
    7.5000  -15.0000  -30.000010744.5029   16.1530
   -7.5000   -7.5000  -30.000011718.5967   16.0504
    0.0000   -7.5000  -30.000012286.6406   16.0771
    7.5000   -7.5000  -30.000011843.9141   16.1085
   -7.5000    0.0000  -30.000012712.9219   16.0341
    0.0000    0.0000  -30.000013332.4922   16.0590
    7.5000    0.0000  -30.000012864.9717   16.0893
   -7.5000    7.5000  -30.000012684.3506   16.0374
    0.0000    7.5000  -30.000013331.7734   16.0609
    7.5000    7.5000  -30.000012848.7939   16.0882
   -7.5000   15.0000  -30.000012538.5801   16.0412
    0.0000   15.0000  -30.000013188.3115   16.0651
    7.5000   15.0000  -30.000012698.3906   16.0899
   -7.5000   22.5000  -30.000012275.0195   16.0399
    0.0000   22.5000  -30.000012898.8281   16.0663
    7.5000   22.5000  -30.000012416.3896   16.0930
   -7.5000   30.0000  -30.000011940.0537   15.8339
    0.0000   30.0000  -30.000012540.5518   15.8614
    7.5000   30.0000  -30.000012053.0078   15.8911
   -7.5000   37.5000  -30.000011972.2266   15.8230
    0.0000   37.5000  -30.000012563.1006   15.8493
    7.5000   37.5000  -30.000012062.0781   15.8802
   -7.5000   45.0000  -30.000011455.8066   15.4301
    0.0000   45.0000  -30.000012025.7295   15.4540
    7.5000   45.0000  -30.000011559.6914   15.4832
   -7.5000  -45.0000  -22.5000 7136.8418   17.6377
    0.0000  -45.0000  -22.5000 7493.7842   17.6631
    7.5000  -45.0000  -22.5000 7250.4780   17.6977
   -7.5000  -37.5000  -22.5000 7898.5186   17.1924
    0.0000  -37.5000  -22.5000 8306.1484   17.2164
    7.5000  -37.5000  -22.5000 8025.0000   17.2448
   -7.5000  -30.0000  -22.5000 9049.7539   16.9013
    0.0000  -30.0000  -22.5000 9500.0146   16.9250
    7.5000  -30.0000  -22.5000 9165.8096   16.9503
   -7.5000  -22.5000  -22.500010242.1719   16.7036
    0.0000  -22.5000  -22.500010742.1904   16.7309
    7.5000  -22.5000  -22.500010352.4717   16.7588
   -7.5000  -15.0000  -22.500011440.9854   16.6271
    0.0000  -15.0000  -22.500011983.8096   16.6567
    7.5000  -15.0000  -22.500011531.7852   16.6901
   -7.5000   -7.5000  -22.500012591.7500   16.5779
    0.0000   -7.5000  -22.500013188.5957   16.6055
    7.5000   -7.5000  -22.500012685.3984   16.6403
   -7.5000    0.0000  -22.500013634.8506   16.5617
    0.0000    0.0000  -22.500014295.6670   16.5858
    7.5000    0.0000  -22.500013749.9326   16.6179
   -7.5000    7.5000  -22.500013583.7158   16.5701
    0.0000    7.5000  -22.500014277.2744   16.5920
    7.5000    7.5000  -22.500013716.3516   16.6190
   -7.5000   15.0000  -22.500013400.4854   16.5780
    0.0000   15.0000  -22.500014104.9561   16.6011
    7.5000   15.0000  -22.500013551.6748   16.6250
   -7.5000   22.5000  -22.500013119.1748   16.5740
    0.0000   22.5000  -22.500013784.6611   16.6011
    7.5000   22.5000  -22.500013237.0957   16.6287
   -7.5000   30.0000  -22.500012773.3350   16.3603
    0.0000   30.0000  -22.500013400.9238   16.3893
    7.5000   30.0000  -22.500012834.4014   16.4221
   -7.5000   37.5000  -22.500012766.4883   16.3454
    0.0000   37.5000  -22.500013388.9434   16.3727
    7.5000   37.5000  -22.500012812.6416   16.4070
   -7.5000   45.0000  -22.500012197.6191   15.9497
    0.0000   45.0000  -22.500012802.8115   15.9729
    7.5000   45.0000  -22.500012261.3926   16.0039
   -7.5000  -45.0000  -15.0000 7642.1333   18.0319
    0.0000  -45.0000  -15.0000 7996.2358   18.0559
    7.5000  -45.0000  -15.0000 7726.9341   18.0896
   -7.5000  -37.5000  -15.0000 8436.5762   17.5781
    0.0000  -37.5000  -15.0000 8864.5957   17.6009
    7.5000  -37.5000  -15.0000 8575.6523   17.6266
   -7.5000  -30.0000  -15.0000 9678.2461   17.2859
    0.0000  -30.0000  -15.000010159.6875   17.3079
    7.5000  -30.0000  -15.0000 9803.7188   17.3280
   -7.5000  -22.5000  -15.000010959.7715   17.0852
    0.0000  -22.5000  -15.000011501.8223   17.1105
    7.5000  -22.5000  -15.000011072.7373   17.1332
   -7.5000  -15.0000  -15.000012224.1484   17.0046
    0.0000  -15.0000  -15.000012799.4697   17.0329
    7.5000  -15.0000  -15.000012325.8242   17.0632
   -7.5000   -7.5000  -15.000013436.8477   16.9498
    0.0000   -7.5000  -15.000014076.8340   16.9773
    7.5000   -7.5000  -15.000013537.5469   17.0114
   -7.5000    0.0000  -15.000014526.6484   16.9308
    0.0000    0.0000  -15.000015251.7725   16.9548
    7.5000    0.0000  -15.000014647.8975   16.9867
   -7.5000    7.5000  -15.000014435.6777   16.9427
    0.0000    7.5000  -15.000015184.7061   16.9637
    7.5000    7.5000  -15.000014572.4766   16.9881
   -7.5000   15.0000  -15.000014220.8691   16.9557
    0.0000   15.0000  -15.000014971.5527   16.9771
    7.5000   15.0000  -15.000014371.2734   16.9960
   -7.5000   22.5000  -15.000013938.4258   16.9522
    0.0000   22.5000  -15.000014663.4355   16.9773
    7.5000   22.5000  -15.000014051.3779   16.9996
   -7.5000   30.0000  -15.000013583.5850   16.7342
    0.0000   30.0000  -15.000014280.6172   16.7620
    7.5000   30.0000  -15.000013631.8145   16.7917
   -7.5000   37.5000  -15.000013573.8936   16.7146
    0.0000   37.5000  -15.000014261.0361   16.7416
    7.5000   37.5000  -15.000013600.3916   16.7753
   -7.5000   45.0000  -15.000012946.6016   16.3151
    0.0000   45.0000  -15.000013613.3281   16.3382
    7.5000   45.0000  -15.000012975.3945   16.3689
   -7.5000  -45.0000   -7.5000 8129.6221   18.2416
    0.0000  -45.0000   -7.5000 8524.1729   18.2672
    7.5000  -45.0000   -7.5000 8222.5322   18.2977
   -7.5000  -37.5000   -7.5000 9002.6777   17.7781
    0.0000  -37.5000   -7.5000 9467.7637   17.8020
    7.5000  -37.5000   -7.5000 9155.1143   17.8244
   -7.5000  -30.0000   -7.500010336.8379   17.4828
    0.0000  -30.0000   -7.500010862.0605   17.5039
    7.5000  -30.0000   -7.500010474.5928   17.5192
   -7.5000  -22.5000   -7.500011704.9561   17.2848
    0.0000  -22.5000   -7.500012283.4512   17.3076
    7.5000  -22.5000   -7.500011811.0498   17.3237
   -7.5000  -15.0000   -7.500013033.3916   17.2088
    0.0000  -15.0000   -7.500013665.6240   17.2345
    7.5000  -15.0000   -7.500013151.2480   17.2582
   -7.5000   -7.5000   -7.500014290.2568   17.1530
    0.0000   -7.5000   -7.500015016.1113   17.1800
    7.5000   -7.5000   -7.500014435.6885   17.2096
   -7.5000    0.0000   -7.500015436.0225   17.1285
    0.0000    0.0000   -7.500016254.0947   17.1539
    7.5000    0.0000   -7.500015579.8691   17.1831
   -7.5000    7.5000   -7.500015342.4229   17.1358
    0.0000    7.5000   -7.500016164.5293   17.1579
    7.5000    7.5000   -7.500015486.8008   17.1793
   -7.5000   15.0000   -7.500015075.2510   17.1487
    0.0000   15.0000   -7.500015887.9551   17.1693
    7.5000   15.0000   -7.500015231.0166   17.1837
   -7.5000   22.5000   -7.500014779.2178   17.1484
    0.0000   22.5000   -7.500015555.2812   17.1710
    7.5000   22.5000   -7.500014883.2168   17.1870
   -7.5000   30.0000   -7.500014433.0127   16.9347
    0.0000   30.0000   -7.500015164.5703   16.9600
    7.5000   30.0000   -7.500014452.5400   16.9833
   -7.5000   37.5000   -7.500014384.1152   16.9145
    0.0000   37.5000   -7.500015137.6602   16.9411
    7.5000   37.5000   -7.500014378.4727   16.9704
   -7.5000   45.0000   -7.500013703.9795   16.5086
    0.0000   45.0000   -7.500014411.5615   16.5331
    7.5000   45.0000   -7.500013694.7998   16.5612
   -7.5000  -45.0000    0.0000 8534.7930   18.3015
    0.0000  -45.0000    0.0000 8968.7314   18.3302
    7.5000  -45.0000    0.0000 8651.6240   18.3592
   -7.5000  -37.5000    0.0000 9501.9082   17.8327
    0.0000  -37.5000    0.000010000.3047   17.8594
    7.5000  -37.5000    0.0000 9656.0820   17.8816
   -7.5000  -30.0000    0.000010920.3154   17.5339
    0.0000  -30.0000    0.000011484.3008   17.5566
    7.5000  -30.0000    0.000011064.6787   17.5720
   -7.5000  -22.5000    0.000012360.1689   17.3388
    0.0000  -22.5000    0.000012978.1533   17.3614
    7.5000  -22.5000    0.000012466.0361   17.3762
   -7.5000  -15.0000    0.000013728.0303   17.2681
    0.0000  -15.0000    0.000014415.1914   17.2928
    7.5000  -15.0000    0.000013876.9082   17.3133
   -7.5000   -7.5000    0.000015025.2158   17.2141
    0.0000   -7.5000    0.000015802.1416   17.2409
    7.5000   -7.5000    0.000015226.3760   17.2673
   -7.5000    0.0000    0.000016229.4678   17.1866
    0.0000    0.0000    0.000017061.9414   17.2138
    7.5000    0.0000    0.000016413.2871   17.2412
   -7.5000    7.5000    0.000016167.5381   17.1880
    0.0000    7.5000    0.000016982.1230   17.2127
    7.5000    7.5000    0.000016337.0010   17.2341
   -7.5000   15.0000    0.000015904.6230   17.1983
    0.0000   15.0000    0.000016728.9668   17.2204
    7.5000   15.0000    0.000016095.3799   17.2351
   -7.5000   22.5000    0.000015568.9189   17.2016
    0.0000   22.5000    0.000016391.8809   17.2241
    7.5000   22.5000    0.000015704.5283   17.2388
   -7.5000   30.0000    0.000015169.8252   16.9934
    0.0000   30.0000    0.000015966.4141   17.0177
    7.5000   30.0000    0.000015237.5195   17.0378
   -7.5000   37.5000    0.000015079.3154   16.9752
    0.0000   37.5000    0.000015871.4062   17.0017
    7.5000   37.5000    0.000015101.1533   17.0277
   -7.5000   45.0000    0.000014337.8213   16.5659
    0.0000   45.0000    0.000015056.7812   16.5922
    7.5000   45.0000    0.000014344.2529   16.6185
   -7.5000  -45.0000    7.5000 8300.9619   18.3277
    0.0000  -45.0000    7.5000 8735.0576   18.3579
    7.5000  -45.0000    7.5000 8417.3652   18.3901
   -7.5000  -37.5000    7.5000 9283.1357   17.8597
    0.0000  -37.5000    7.5000 9765.2119   17.8884
    7.5000  -37.5000    7.5000 9412.2480   17.9154
   -7.5000  -30.0000    7.500010656.7549   17.5560
    0.0000  -30.0000    7.500011205.2285   17.5816
    7.5000  -30.0000    7.500010790.4521   17.6037
   -7.5000  -22.5000    7.500012027.7646   17.3568
    0.0000  -22.5000    7.500012628.5273   17.3826
    7.5000  -22.5000    7.500012157.6426   17.4040
   -7.5000  -15.0000    7.500013312.7695   17.2853
    0.0000  -15.0000    7.500013993.5557   17.3121
    7.5000  -15.0000    7.500013504.5215   17.3374
   -7.5000   -7.5000    7.500014555.3105   17.2352
    0.0000   -7.5000    7.500015319.6562   17.2626
    7.5000   -7.5000    7.500014783.8359   17.2916
   -7.5000    0.0000    7.500015718.6035   17.2122
    0.0000    0.0000    7.500016485.9316   17.2398
    7.5000    0.0000    7.500015925.6660   17.2697
   -7.5000    7.5000    7.500015655.1738   17.2132
    0.0000    7.5000    7.500016425.2520   17.2395
    7.5000    7.5000    7.500015875.3662   17.2654
   -7.5000   15.0000    7.500015470.3389   17.2196
    0.0000   15.0000    7.500016319.3506   17.2445
    7.5000   15.0000    7.500015713.1738   17.2656
   -7.5000   22.5000    7.500015158.9463   17.2192
    0.0000   22.5000    7.500015931.4639   17.2450
    7.5000   22.5000    7.500015344.7139   17.2661
   -7.5000   30.0000    7.500014709.0293   17.0101
    0.0000   30.0000    7.500015419.5879   17.0365
    7.5000   30.0000    7.500014840.9561   17.0614
   -7.5000   37.5000    7.500014612.0205   16.9960
    0.0000   37.5000    7.500015302.6318   17.0231
    7.5000   37.5000    7.500014656.1416   17.0516
   -7.5000   45.0000    7.500013838.9316   16.5906
    0.0000   45.0000    7.500014511.9355   16.6172
    7.5000   45.0000    7.500013892.7344   16.6460
   -7.5000  -45.0000   15.0000 7956.2642   18.3368
    0.0000  -45.0000   15.0000 8369.4570   18.3661
    7.5000  -45.0000   15.0000 8075.7339   18.4015
   -7.5000  -37.5000   15.0000 8926.6973   17.8707
    0.0000  -37.5000   15.0000 9397.2061   17.8983
    7.5000  -37.5000   15.0000 9048.8428   17.9291
   -7.5000  -30.0000   15.000010247.5264   17.5639
    0.0000  -30.0000   15.000010794.0596   17.5903
    7.5000  -30.0000   15.000010375.6680   17.6182
   -7.5000  -22.5000   15.000011536.7891   17.3597
    0.0000  -22.5000   15.000012135.0723   17.3884
    7.5000  -22.5000   15.000011689.7334   17.4173
   -7.5000  -15.0000   15.000012770.1680   17.2850
    0.0000  -15.0000   15.000013433.1211   17.3150
    7.5000  -15.0000   15.000012984.7314   17.3474
   -7.5000   -7.5000   15.000013965.4014   17.2373
    0.0000   -7.5000   15.000014680.0195   17.2660
    7.5000   -7.5000   15.000014215.5684   17.2996
   -7.5000    0.0000   15.000015064.6270   17.2198
    0.0000    0.0000   15.000015787.2207   17.2465
    7.5000    0.0000   15.000015322.4863   17.2790
   -7.5000    7.5000   15.000015014.3828   17.2233
    0.0000    7.5000   15.000015703.6621   17.2485
    7.5000    7.5000   15.000015254.6006   17.2778
   -7.5000   15.0000   15.000014824.8633   17.2274
    0.0000   15.0000   15.000015581.0146   17.2531
    7.5000   15.0000   15.000015064.7627   17.2796
   -7.5000   22.5000   15.000014555.9902   17.2222
    0.0000   22.5000   15.000015290.8721   17.2506
    7.5000   22.5000   15.000014756.3008   17.2791
   -7.5000   30.0000   15.000014180.0342   17.0098
    0.0000   30.0000   15.000014886.3057   17.0393
    7.5000   30.0000   15.000014322.3125   17.0711
   -7.5000   37.5000   15.000014065.7646   16.9980
    0.0000   37.5000   15.000014764.4268   17.0263
    7.5000   37.5000   15.000014138.6045   17.0594
   -7.5000   45.0000   15.000013284.4336   16.5979
    0.0000   45.0000   15.000013936.6875   16.6236
    7.5000   45.0000   15.000013337.6953   16.6550
   -7.5000  -45.0000   22.5000 7503.6562   18.3431
    0.0000  -45.0000   22.5000 7920.3359   18.3696
    7.5000  -45.0000   22.5000 7641.4971   18.4056
   -7.5000  -37.5000   22.5000 8434.4600   17.8803
    0.0000  -37.5000   22.5000 8895.9541   17.9053
    7.5000  -37.5000   22.5000 8573.8135   17.9349
   -7.5000  -30.0000   22.5000 9720.1143   17.5776
    0.0000  -30.0000   22.500010232.8477   17.6024
    7.5000  -30.0000   22.5000 9852.6982   17.6287
   -7.5000  -22.5000   22.500010946.0996   17.3720
    0.0000  -22.5000   22.500011511.3994   17.4005
    7.5000  -22.5000   22.500011103.0283   17.4295
   -7.5000  -15.0000   22.500012116.4307   17.2924
    0.0000  -15.0000   22.500012756.1641   17.3232
    7.5000  -15.0000   22.500012325.7275   17.3580
   -7.5000   -7.5000   22.500013246.2217   17.2411
    0.0000   -7.5000   22.500013929.6582   17.2699
    7.5000   -7.5000   22.500013487.8213   17.3061
   -7.5000    0.0000   22.500014337.1797   17.2242
    0.0000    0.0000   22.500015005.1094   17.2493
    7.5000    0.0000   22.500014579.8564   17.2828
   -7.5000    7.5000   22.500014294.5469   17.2330
    0.0000    7.5000   22.500014968.9316   17.2558
    7.5000    7.5000   22.500014531.4482   17.2839
   -7.5000   15.0000   22.500014146.6133   17.2412
    0.0000   15.0000   22.500014831.9912   17.2653
    7.5000   15.0000   22.500014351.5947   17.2902
   -7.5000   22.5000   22.500013871.8408   17.2345
    0.0000   22.5000   22.500014531.9756   17.2627
    7.5000   22.5000   22.500014033.4785   17.2914
   -7.5000   30.0000   22.500013511.3320   17.0172
    0.0000   30.0000   22.500014133.0205   17.0475
    7.5000   30.0000   22.500013640.5420   17.0816
   -7.5000   37.5000   22.500013412.9561   17.0017
    0.0000   37.5000   22.500014027.1641   17.0301
    7.5000   37.5000   22.500013510.5732   17.0658
   -7.5000   45.0000   22.500012659.9463   16.6021
    0.0000   45.0000   22.500013233.9209   16.6264
    7.5000   45.0000   22.500012737.6152   16.6586
   -7.5000  -45.0000   30.0000 7008.9141   18.3819
    0.0000  -45.0000   30.0000 7383.2832   18.4066
    7.5000  -45.0000   30.0000 7156.6719   18.4411
   -7.5000  -37.5000   30.0000 7864.1875   17.9211
    0.0000  -37.5000   30.0000 8289.0479   17.9445
    7.5000  -37.5000   30.0000 8009.6216   17.9708
   -7.5000  -30.0000   30.0000 9064.9473   17.6247
    0.0000  -30.0000   30.0000 9565.5029   17.6473
    7.5000  -30.0000   30.0000 9212.7520   17.6679
   -7.5000  -22.5000   30.000010232.5322   17.4211
    0.0000  -22.5000   30.000010782.2451   17.4471
    7.5000  -22.5000   30.000010393.1064   17.4704
   -7.5000  -15.0000   30.000011350.3965   17.3394
    0.0000  -15.0000   30.000011962.4385   17.3684
    7.5000  -15.0000   30.000011543.7090   17.3995
   -7.5000   -7.5000   30.000012433.4805   17.2832
    0.0000   -7.5000   30.000013095.3555   17.3113
    7.5000   -7.5000   30.000012667.0400   17.3463
   -7.5000    0.0000   30.000013481.0107   17.2636
    0.0000    0.0000   30.000014154.2529   17.2882
    7.5000    0.0000   30.000013718.1025   17.3209
   -7.5000    7.5000   30.000013463.6367   17.2758
    0.0000    7.5000   30.000014129.5361   17.2974
    7.5000    7.5000   30.000013682.9170   17.3225
   -7.5000   15.0000   30.000013293.1250   17.2892
    0.0000   15.0000   30.000013914.8125   17.3112
    7.5000   15.0000   30.000013469.5684   17.3308
   -7.5000   22.5000   30.000012997.1602   17.2839
    0.0000   22.5000   30.000013590.4971   17.3097
    7.5000   22.5000   30.000013167.8301   17.3327
   -7.5000   30.0000   30.000012663.0195   17.0634
    0.0000   30.0000   30.000013248.8154   17.0919
    7.5000   30.0000   30.000012825.1221   17.1225
   -7.5000   37.5000   30.000012588.3945   17.0432
    0.0000   37.5000   30.000013165.7764   17.0709
    7.5000   37.5000   30.000012717.3672   17.1054
   -7.5000   45.0000   30.000011907.1221   16.6401
    0.0000   45.0000   30.000012450.9062   16.6638
    7.5000   45.0000   30.000011990.9248   16.6953
   -7.5000  -45.0000   37.5000 6749.2534   18.5590
    0.0000  -45.0000   37.5000 7113.3237   18.5860
    7.5000  -45.0000   37.5000 6876.9985   18.6179
   -7.5000  -37.5000   37.5000 7567.6045   18.0885
    0.0000  -37.5000   37.5000 7978.4414   18.1135
    7.5000  -37.5000   37.5000 7695.9521   18.1371
   -7.5000  -30.0000   37.5000 8715.1543   17.7903
    0.0000  -30.0000   37.5000 9203.9971   17.8123
    7.5000  -30.0000   37.5000 8871.7871   17.8285
   -7.5000  -22.5000   37.5000 9869.8965   17.5902
    0.0000  -22.5000   37.500010405.4443   17.6140
    7.5000  -22.5000   37.500010037.9434   17.6311
   -7.5000  -15.0000   37.500010970.9102   17.5135
    0.0000  -15.0000   37.500011559.2676   17.5405
    7.5000  -15.0000   37.500011151.8457   17.5654
   -7.5000   -7.5000   37.500012027.7686   17.4556
    0.0000   -7.5000   37.500012673.0938   17.4838
    7.5000   -7.5000   37.500012241.8535   17.5148
   -7.5000    0.0000   37.500013029.0771   17.4302
    0.0000    0.0000   37.500013706.6982   17.4567
    7.5000    0.0000   37.500013272.0244   17.4872
   -7.5000    7.5000   37.500013009.5303   17.4380
    0.0000    7.5000   37.500013687.2305   17.4611
    7.5000    7.5000   37.500013230.3877   17.4837
   -7.5000   15.0000   37.500012832.6279   17.4518
    0.0000   15.0000   37.500013463.1143   17.4732
    7.5000   15.0000   37.500013014.0000   17.4887
   -7.5000   22.5000   37.500012532.5596   17.4516
    0.0000   22.5000   37.500013126.9678   17.4753
    7.5000   22.5000   37.500012711.5830   17.4922
   -7.5000   30.0000   37.500012196.9297   17.2343
    0.0000   30.0000   37.500012781.2451   17.2608
    7.5000   30.0000   37.500012379.6367   17.2853
   -7.5000   37.5000   37.500012151.0439   17.2131
    0.0000   37.5000   37.500012730.8281   17.2409
    7.5000   37.5000   37.500012304.1406   17.2715
   -7.5000   45.0000   37.500011507.4639   16.8007
    0.0000   45.0000   37.500012057.0576   16.8262
    7.5000   45.0000   37.500011632.9170   16.8556
   -7.5000  -45.0000   45.0000 6192.7949   18.7269
    0.0000  -45.0000   45.0000 6531.3330   18.7578
    7.5000  -45.0000   45.0000 6285.1382   18.7888
   -7.5000  -37.5000   45.0000 6948.0264   18.2452
    0.0000  -37.5000   45.0000 7324.2378   18.2739
    7.5000  -37.5000   45.0000 7040.1943   18.2979
   -7.5000  -30.0000   45.0000 7983.9619   17.9409
    0.0000  -30.0000   45.0000 8430.6855   17.9652
    7.5000  -30.0000   45.0000 8115.0391   17.9824
   -7.5000  -22.5000   45.0000 9047.6006   17.7427
    0.0000  -22.5000   45.0000 9545.6055   17.7668
    7.5000  -22.5000   45.0000 9186.5928   17.7835
   -7.5000  -15.0000   45.000010073.8633   17.6714
    0.0000  -15.0000   45.000010626.5244   17.6977
    7.5000  -15.0000   45.000010210.9678   17.7203
   -7.5000   -7.5000   45.000011040.3193   17.6141
    0.0000   -7.5000   45.000011640.6572   17.6427
    7.5000   -7.5000   45.000011216.1338   17.6711
   -7.5000    0.0000   45.000011938.9404   17.5848
    0.0000    0.0000   45.000012590.5068   17.6139
    7.5000    0.0000   45.000012160.6973   17.6432
   -7.5000    7.5000   45.000011940.3340   17.5866
    0.0000    7.5000   45.000012576.3027   17.6131
    7.5000    7.5000   45.000012143.7324   17.6363
   -7.5000   15.0000   45.000011797.8516   17.5981
    0.0000   15.0000   45.000012389.2930   17.6218
    7.5000   15.0000   45.000011967.7646   17.6382
   -7.5000   22.5000   45.000011503.2217   17.6021
    0.0000   22.5000   45.000012075.2070   17.6261
    7.5000   22.5000   45.000011680.3652   17.6427
   -7.5000   30.0000   45.000011171.3486   17.3874
    0.0000   30.0000   45.000011735.7100   17.4133
    7.5000   30.0000   45.000011361.6904   17.4355
   -7.5000   37.5000   45.000011154.3115   17.3677
    0.0000   37.5000   45.000011700.1299   17.3959
    7.5000   37.5000   45.000011313.2520   17.4239
   -7.5000   45.0000   45.000010575.7363   16.9574
    0.0000   45.0000   45.000011090.6230   16.9855
    7.5000   45.0000   45.000010707.6338   17.0137

---------------------------------------------------------------------
imgreg_4dfp /opt/freesurfer/average/711-2C_as_mni_average_305 /opt/freesurfer/average/711-2B_as_mni_average_305_mask talsrcimg_g11 none talsrcimg_to_711-2C_as_mni_average_305_t4 4355
---------------------------------------------------------------------

freesurfer imgreg_4dfp.c
/opt/freesurfer/average/711-2C_as_mni_average_305.4dfp.img
       256       256       256         1
  1.000000  1.000000  1.000000
orientation T byte_order littleendian
Reading image: /opt/freesurfer/average/711-2C_as_mni_average_305.4dfp.img
dimensions:      256       256       256
mmppix:       1.0000   -1.0000   -1.0000
center:     128.0000 -129.0000 -129.0000
/opt/freesurfer/average/711-2B_as_mni_average_305_mask.4dfp.img
       256       256       256         1
  1.000000  1.000000  1.000000
orientation T byte_order littleendian
Reading mask: /opt/freesurfer/average/711-2B_as_mni_average_305_mask.4dfp.img (2306576 pixels)
talsrcimg_g11.4dfp.img
       256       256       256         1
  1.000000  1.000000  1.000000
orientation T byte_order littleendian
Reading image: talsrcimg_g11.4dfp.img
dimensions:      256       256       256
mmppix:       1.0000   -1.0000   -1.0000
center:     128.0000 -129.0000 -129.0000
rotation matrix determinant  1.000000
image alignment mode   4355 decimal     1103 hex
   -7.5000  -45.0000  -45.0000 1667.9385   28.9332
    0.0000  -45.0000  -45.0000 1694.5302   28.5628
    7.5000  -45.0000  -45.0000 1694.6798   28.5133
   -7.5000  -37.5000  -45.0000 1795.7998   24.8813
    0.0000  -37.5000  -45.0000 1817.3334   24.6135
    7.5000  -37.5000  -45.0000 1817.6423   24.5924
   -7.5000  -30.0000  -45.0000 1912.4294   21.8610
    0.0000  -30.0000  -45.0000 1934.5220   21.5706
    7.5000  -30.0000  -45.0000 1934.4857   21.5873
   -7.5000  -22.5000  -45.0000 2013.9178   19.4933
    0.0000  -22.5000  -45.0000 2035.3204   19.1969
    7.5000  -22.5000  -45.0000 2039.0679   19.2278
   -7.5000  -15.0000  -45.0000 2110.5566   17.6627
    0.0000  -15.0000  -45.0000 2132.1965   17.4262
    7.5000  -15.0000  -45.0000 2136.3213   17.4528
   -7.5000   -7.5000  -45.0000 2198.4604   16.3742
    0.0000   -7.5000  -45.0000 2216.7732   16.1663
    7.5000   -7.5000  -45.0000 2220.6177   16.1759
   -7.5000    0.0000  -45.0000 2255.2798   15.4396
    0.0000    0.0000  -45.0000 2273.8042   15.2589
    7.5000    0.0000  -45.0000 2274.9966   15.2786
   -7.5000    7.5000  -45.0000 2280.7214   14.8644
    0.0000    7.5000  -45.0000 2305.5715   14.6877
    7.5000    7.5000  -45.0000 2308.4746   14.7008
   -7.5000   15.0000  -45.0000 2291.2952   14.6125
    0.0000   15.0000  -45.0000 2315.5042   14.3964
    7.5000   15.0000  -45.0000 2318.8701   14.3902
   -7.5000   22.5000  -45.0000 2289.6641   14.6202
    0.0000   22.5000  -45.0000 2317.0649   14.3749
    7.5000   22.5000  -45.0000 2317.0640   14.3942
   -7.5000   30.0000  -45.0000 2271.6238   14.9031
    0.0000   30.0000  -45.0000 2298.6919   14.6660
    7.5000   30.0000  -45.0000 2301.4314   14.6801
   -7.5000   37.5000  -45.0000 2235.1143   15.5314
    0.0000   37.5000  -45.0000 2267.1648   15.2651
    7.5000   37.5000  -45.0000 2273.1367   15.2420
   -7.5000   45.0000  -45.0000 2188.3491   16.3749
    0.0000   45.0000  -45.0000 2217.9788   16.0789
    7.5000   45.0000  -45.0000 2223.7412   16.0761
   -7.5000  -45.0000  -37.5000 1727.3738   26.8987
    0.0000  -45.0000  -37.5000 1749.2365   26.5934
    7.5000  -45.0000  -37.5000 1747.8795   26.5296
   -7.5000  -37.5000  -37.5000 1855.4750   23.1284
    0.0000  -37.5000  -37.5000 1874.0190   22.8208
    7.5000  -37.5000  -37.5000 1874.9036   22.8313
   -7.5000  -30.0000  -37.5000 1975.9142   20.2613
    0.0000  -30.0000  -37.5000 1996.6260   19.9805
    7.5000  -30.0000  -37.5000 2000.5990   20.0279
   -7.5000  -22.5000  -37.5000 2086.4937   18.0941
    0.0000  -22.5000  -37.5000 2111.5757   17.8322
    7.5000  -22.5000  -37.5000 2114.1716   17.8484
   -7.5000  -15.0000  -37.5000 2193.9832   16.3813
    0.0000  -15.0000  -37.5000 2219.2534   16.1916
    7.5000  -15.0000  -37.5000 2222.8057   16.2087
   -7.5000   -7.5000  -37.5000 2291.0107   15.1264
    0.0000   -7.5000  -37.5000 2311.0986   14.9496
    7.5000   -7.5000  -37.5000 2316.2515   14.9736
   -7.5000    0.0000  -37.5000 2354.9958   14.2628
    0.0000    0.0000  -37.5000 2373.6699   14.0847
    7.5000    0.0000  -37.5000 2375.8430   14.0952
   -7.5000    7.5000  -37.5000 2382.0862   13.7228
    0.0000    7.5000  -37.5000 2405.7156   13.5559
    7.5000    7.5000  -37.5000 2406.5771   13.5681
   -7.5000   15.0000  -37.5000 2391.7576   13.4677
    0.0000   15.0000  -37.5000 2419.7903   13.2870
    7.5000   15.0000  -37.5000 2419.5186   13.2831
   -7.5000   22.5000  -37.5000 2389.7764   13.4575
    0.0000   22.5000  -37.5000 2414.7578   13.2568
    7.5000   22.5000  -37.5000 2416.5193   13.2539
   -7.5000   30.0000  -37.5000 2366.4116   13.7122
    0.0000   30.0000  -37.5000 2395.4629   13.4771
    7.5000   30.0000  -37.5000 2402.3413   13.4626
   -7.5000   37.5000  -37.5000 2330.4463   14.2398
    0.0000   37.5000  -37.5000 2363.6375   13.9834
    7.5000   37.5000  -37.5000 2370.7234   13.9692
   -7.5000   45.0000  -37.5000 2281.7769   15.0345
    0.0000   45.0000  -37.5000 2313.3521   14.7443
    7.5000   45.0000  -37.5000 2321.3101   14.7245
   -7.5000  -45.0000  -30.0000 1808.4498   25.9658
    0.0000  -45.0000  -30.0000 1829.3176   25.6746
    7.5000  -45.0000  -30.0000 1833.9561   25.6842
   -7.5000  -37.5000  -30.0000 1940.9128   22.3537
    0.0000  -37.5000  -30.0000 1963.2000   22.0032
    7.5000  -37.5000  -30.0000 1970.6642   22.0579
   -7.5000  -30.0000  -30.0000 2074.6389   19.6004
    0.0000  -30.0000  -30.0000 2102.1648   19.2905
    7.5000  -30.0000  -30.0000 2104.8123   19.2805
   -7.5000  -22.5000  -30.0000 2199.8115   17.4579
    0.0000  -22.5000  -30.0000 2224.9526   17.2074
    7.5000  -22.5000  -30.0000 2229.1638   17.2165
   -7.5000  -15.0000  -30.0000 2318.0894   15.7595
    0.0000  -15.0000  -30.0000 2340.2952   15.5949
    7.5000  -15.0000  -30.0000 2343.1064   15.5989
   -7.5000   -7.5000  -30.0000 2417.0261   14.5229
    0.0000   -7.5000  -30.0000 2437.0488   14.3518
    7.5000   -7.5000  -30.0000 2440.1721   14.3732
   -7.5000    0.0000  -30.0000 2480.9636   13.6455
    0.0000    0.0000  -30.0000 2503.1196   13.4877
    7.5000    0.0000  -30.0000 2507.3394   13.4931
   -7.5000    7.5000  -30.0000 2523.1199   13.1375
    0.0000    7.5000  -30.0000 2548.4250   12.9461
    7.5000    7.5000  -30.0000 2552.3049   12.9591
   -7.5000   15.0000  -30.0000 2544.0447   12.8558
    0.0000   15.0000  -30.0000 2568.8052   12.6774
    7.5000   15.0000  -30.0000 2570.8523   12.6908
   -7.5000   22.5000  -30.0000 2542.9949   12.8287
    0.0000   22.5000  -30.0000 2565.2075   12.6520
    7.5000   22.5000  -30.0000 2569.3220   12.6510
   -7.5000   30.0000  -30.0000 2516.2397   13.0764
    0.0000   30.0000  -30.0000 2546.4556   12.8602
    7.5000   30.0000  -30.0000 2555.3743   12.8493
   -7.5000   37.5000  -30.0000 2478.8926   13.5828
    0.0000   37.5000  -30.0000 2512.6331   13.3194
    7.5000   37.5000  -30.0000 2520.9062   13.3029
   -7.5000   45.0000  -30.0000 2421.5566   14.3238
    0.0000   45.0000  -30.0000 2457.9624   14.0606
    7.5000   45.0000  -30.0000 2465.7925   14.0355
   -7.5000  -45.0000  -22.5000 1874.9934   24.8610
    0.0000  -45.0000  -22.5000 1891.8942   24.5723
    7.5000  -45.0000  -22.5000 1900.8295   24.5804
   -7.5000  -37.5000  -22.5000 2012.6344   21.3872
    0.0000  -37.5000  -22.5000 2037.6483   21.1150
    7.5000  -37.5000  -22.5000 2045.2208   21.1486
   -7.5000  -30.0000  -22.5000 2154.5283   18.7644
    0.0000  -30.0000  -22.5000 2181.7317   18.4872
    7.5000  -30.0000  -22.5000 2183.6941   18.4852
   -7.5000  -22.5000  -22.5000 2288.7346   16.7255
    0.0000  -22.5000  -22.5000 2314.9722   16.4972
    7.5000  -22.5000  -22.5000 2316.7021   16.4703
   -7.5000  -15.0000  -22.5000 2410.1377   15.0746
    0.0000  -15.0000  -22.5000 2435.1150   14.8745
    7.5000  -15.0000  -22.5000 2433.7998   14.8785
   -7.5000   -7.5000  -22.5000 2511.5894   13.8203
    0.0000   -7.5000  -22.5000 2535.6003   13.6507
    7.5000   -7.5000  -22.5000 2535.9343   13.6498
   -7.5000    0.0000  -22.5000 2583.7998   12.9692
    0.0000    0.0000  -22.5000 2608.1440   12.8033
    7.5000    0.0000  -22.5000 2612.0229   12.7944
   -7.5000    7.5000  -22.5000 2632.5271   12.4399
    0.0000    7.5000  -22.5000 2659.5432   12.2624
    7.5000    7.5000  -22.5000 2667.5903   12.2578
   -7.5000   15.0000  -22.5000 2661.9709   12.1524
    0.0000   15.0000  -22.5000 2694.1282   11.9733
    7.5000   15.0000  -22.5000 2698.5396   11.9812
   -7.5000   22.5000  -22.5000 2671.0378   12.1154
    0.0000   22.5000  -22.5000 2699.0796   11.9509
    7.5000   22.5000  -22.5000 2703.0771   11.9540
   -7.5000   30.0000  -22.5000 2651.4729   12.3541
    0.0000   30.0000  -22.5000 2680.4629   12.1789
    7.5000   30.0000  -22.5000 2687.7402   12.1682
   -7.5000   37.5000  -22.5000 2606.7534   12.8422
    0.0000   37.5000  -22.5000 2644.5818   12.6308
    7.5000   37.5000  -22.5000 2648.8628   12.6225
   -7.5000   45.0000  -22.5000 2546.0261   13.5406
    0.0000   45.0000  -22.5000 2585.6240   13.3237
    7.5000   45.0000  -22.5000 2590.1404   13.2942
   -7.5000  -45.0000  -15.0000 1918.2792   23.9924
    0.0000  -45.0000  -15.0000 1932.2329   23.5972
    7.5000  -45.0000  -15.0000 1939.7792   23.6844
   -7.5000  -37.5000  -15.0000 2057.7776   20.5792
    0.0000  -37.5000  -15.0000 2081.9670   20.2487
    7.5000  -37.5000  -15.0000 2090.2346   20.3528
   -7.5000  -30.0000  -15.0000 2202.6594   18.0262
    0.0000  -30.0000  -15.0000 2230.8542   17.7295
    7.5000  -30.0000  -15.0000 2230.5613   17.7920
   -7.5000  -22.5000  -15.0000 2342.1140   16.0545
    0.0000  -22.5000  -15.0000 2370.8958   15.7970
    7.5000  -22.5000  -15.0000 2368.3850   15.8144
   -7.5000  -15.0000  -15.0000 2463.1948   14.4316
    0.0000  -15.0000  -15.0000 2491.7261   14.2209
    7.5000  -15.0000  -15.0000 2492.1318   14.2323
   -7.5000   -7.5000  -15.0000 2571.5571   13.1989
    0.0000   -7.5000  -15.0000 2600.0847   13.0255
    7.5000   -7.5000  -15.0000 2602.5454   13.0300
   -7.5000    0.0000  -15.0000 2652.6807   12.3335
    0.0000    0.0000  -15.0000 2684.2446   12.1644
    7.5000    0.0000  -15.0000 2690.4585   12.1559
   -7.5000    7.5000  -15.0000 2714.6294   11.7518
    0.0000    7.5000  -15.0000 2744.6636   11.6091
    7.5000    7.5000  -15.0000 2753.2388   11.6051
   -7.5000   15.0000  -15.0000 2753.2603   11.4616
    0.0000   15.0000  -15.0000 2788.1624   11.3080
    7.5000   15.0000  -15.0000 2798.4639   11.3179
   -7.5000   22.5000  -15.0000 2772.7981   11.4464
    0.0000   22.5000  -15.0000 2806.9236   11.2807
    7.5000   22.5000  -15.0000 2810.8545   11.2907
   -7.5000   30.0000  -15.0000 2757.8503   11.6881
    0.0000   30.0000  -15.0000 2796.8762   11.5256
    7.5000   30.0000  -15.0000 2796.2371   11.5237
   -7.5000   37.5000  -15.0000 2712.7915   12.1613
    0.0000   37.5000  -15.0000 2755.4624   11.9709
    7.5000   37.5000  -15.0000 2755.8655   11.9654
   -7.5000   45.0000  -15.0000 2642.6780   12.8343
    0.0000   45.0000  -15.0000 2687.5730   12.6247
    7.5000   45.0000  -15.0000 2685.3457   12.6204
   -7.5000  -45.0000   -7.5000 1942.4323   23.2624
    0.0000  -45.0000   -7.5000 1960.4784   22.9060
    7.5000  -45.0000   -7.5000 1967.5842   23.0271
   -7.5000  -37.5000   -7.5000 2082.9900   20.0174
    0.0000  -37.5000   -7.5000 2113.4084   19.6586
    7.5000  -37.5000   -7.5000 2119.8638   19.8270
   -7.5000  -30.0000   -7.5000 2229.2771   17.4898
    0.0000  -30.0000   -7.5000 2259.3936   17.1788
    7.5000  -30.0000   -7.5000 2259.6868   17.3280
   -7.5000  -22.5000   -7.5000 2371.9485   15.5253
    0.0000  -22.5000   -7.5000 2397.7917   15.2616
    7.5000  -22.5000   -7.5000 2394.5916   15.3160
   -7.5000  -15.0000   -7.5000 2495.7759   13.9207
    0.0000  -15.0000   -7.5000 2519.8625   13.6977
    7.5000  -15.0000   -7.5000 2523.2363   13.7470
   -7.5000   -7.5000   -7.5000 2606.8984   12.6961
    0.0000   -7.5000   -7.5000 2638.8972   12.5091
    7.5000   -7.5000   -7.5000 2641.7278   12.5408
   -7.5000    0.0000   -7.5000 2699.7458   11.8304
    0.0000    0.0000   -7.5000 2739.4644   11.6499
    7.5000    0.0000   -7.5000 2744.7776   11.6630
   -7.5000    7.5000   -7.5000 2776.0286   11.2140
    0.0000    7.5000   -7.5000 2814.1448   11.0587
    7.5000    7.5000   -7.5000 2821.2776   11.0648
   -7.5000   15.0000   -7.5000 2828.9797   10.9010
    0.0000   15.0000   -7.5000 2868.9722   10.7486
    7.5000   15.0000   -7.5000 2876.4768   10.7628
   -7.5000   22.5000   -7.5000 2859.6357   10.8654
    0.0000   22.5000   -7.5000 2902.2500   10.6897
    7.5000   22.5000   -7.5000 2904.2241   10.7118
   -7.5000   30.0000   -7.5000 2849.2012   11.1228
    0.0000   30.0000   -7.5000 2893.6960   10.9245
    7.5000   30.0000   -7.5000 2888.5281   10.9537
   -7.5000   37.5000   -7.5000 2795.7856   11.5701
    0.0000   37.5000   -7.5000 2845.6204   11.3621
    7.5000   37.5000   -7.5000 2841.9202   11.3743
   -7.5000   45.0000   -7.5000 2720.2671   12.1947
    0.0000   45.0000   -7.5000 2764.0835   11.9843
    7.5000   45.0000   -7.5000 2763.4373   11.9891
   -7.5000  -45.0000    0.0000 1957.8763   22.7955
    0.0000  -45.0000    0.0000 1981.1384   22.4537
    7.5000  -45.0000    0.0000 1985.0510   22.7291
   -7.5000  -37.5000    0.0000 2102.4292   19.7013
    0.0000  -37.5000    0.0000 2131.2222   19.4130
    7.5000  -37.5000    0.0000 2138.2910   19.5907
   -7.5000  -30.0000    0.0000 2244.4834   17.2080
    0.0000  -30.0000    0.0000 2272.2903   16.9393
    7.5000  -30.0000    0.0000 2277.7649   17.0921
   -7.5000  -22.5000    0.0000 2382.4956   15.2072
    0.0000  -22.5000    0.0000 2407.6672   14.9531
    7.5000  -22.5000    0.0000 2405.7942   15.0619
   -7.5000  -15.0000    0.0000 2504.4163   13.6037
    0.0000  -15.0000    0.0000 2532.0195   13.3653
    7.5000  -15.0000    0.0000 2531.5266   13.4877
   -7.5000   -7.5000    0.0000 2619.6606   12.3829
    0.0000   -7.5000    0.0000 2653.9333   12.1673
    7.5000   -7.5000    0.0000 2658.5010   12.2545
   -7.5000    0.0000    0.0000 2724.7505   11.4883
    0.0000    0.0000    0.0000 2762.0535   11.3002
    7.5000    0.0000    0.0000 2768.1555   11.3553
   -7.5000    7.5000    0.0000 2817.0811   10.8598
    0.0000    7.5000    0.0000 2857.9744   10.6772
    7.5000    7.5000    0.0000 2863.4417   10.7188
   -7.5000   15.0000    0.0000 2884.1704   10.5440
    0.0000   15.0000    0.0000 2929.0554   10.3725
    7.5000   15.0000    0.0000 2937.8806   10.3996
   -7.5000   22.5000    0.0000 2922.6787   10.4695
    0.0000   22.5000    0.0000 2981.1394   10.2714
    7.5000   22.5000    0.0000 2984.1379   10.3071
   -7.5000   30.0000    0.0000 2912.1128   10.7064
    0.0000   30.0000    0.0000 2973.8840   10.4935
    7.5000   30.0000    0.0000 2967.6111   10.5362
   -7.5000   37.5000    0.0000 2852.7036   11.1298
    0.0000   37.5000    0.0000 2910.8074   10.9212
    7.5000   37.5000    0.0000 2908.2559   10.9411
   -7.5000   45.0000    0.0000 2765.2795   11.7521
    0.0000   45.0000    0.0000 2813.7390   11.5169
    7.5000   45.0000    0.0000 2816.0554   11.5610
   -7.5000  -45.0000    7.5000 1967.2313   22.6725
    0.0000  -45.0000    7.5000 1992.6838   22.4022
    7.5000  -45.0000    7.5000 1990.9857   22.6181
   -7.5000  -37.5000    7.5000 2116.0449   19.6237
    0.0000  -37.5000    7.5000 2146.9958   19.3271
    7.5000  -37.5000    7.5000 2145.9871   19.5447
   -7.5000  -30.0000    7.5000 2256.8630   17.1224
    0.0000  -30.0000    7.5000 2283.6001   16.8319
    7.5000  -30.0000    7.5000 2281.0154   17.0339
   -7.5000  -22.5000    7.5000 2385.6543   15.0762
    0.0000  -22.5000    7.5000 2408.6331   14.8100
    7.5000  -22.5000    7.5000 2404.2859   14.9956
   -7.5000  -15.0000    7.5000 2498.7368   13.4668
    0.0000  -15.0000    7.5000 2526.4041   13.2312
    7.5000  -15.0000    7.5000 2530.5232   13.3917
   -7.5000   -7.5000    7.5000 2614.8440   12.2392
    0.0000   -7.5000    7.5000 2649.1472   12.0131
    7.5000   -7.5000    7.5000 2656.3662   12.1304
   -7.5000    0.0000    7.5000 2730.4954   11.3363
    0.0000    0.0000    7.5000 2765.5679   11.1160
    7.5000    0.0000    7.5000 2775.0554   11.2042
   -7.5000    7.5000    7.5000 2834.0498   10.6883
    0.0000    7.5000    7.5000 2879.3013   10.4641
    7.5000    7.5000    7.5000 2884.8020   10.5397
   -7.5000   15.0000    7.5000 2916.7700   10.3570
    0.0000   15.0000    7.5000 2967.7012   10.1572
    7.5000   15.0000    7.5000 2973.4263   10.2028
   -7.5000   22.5000    7.5000 2958.8423   10.2755
    0.0000   22.5000    7.5000 3030.2178   10.0688
    7.5000   22.5000    7.5000 3031.2241   10.1072
   -7.5000   30.0000    7.5000 2945.3098   10.4653
    0.0000   30.0000    7.5000 3023.8159   10.2307
    7.5000   30.0000    7.5000 3016.2910   10.2983
   -7.5000   37.5000    7.5000 2881.8958   10.8952
    0.0000   37.5000    7.5000 2946.3359   10.6562
    7.5000   37.5000    7.5000 2937.1758   10.7192
   -7.5000   45.0000    7.5000 2784.9028   11.4998
    0.0000   45.0000    7.5000 2834.6409   11.2706
    7.5000   45.0000    7.5000 2836.1011   11.3231
   -7.5000  -45.0000   15.0000 1958.3700   22.8039
    0.0000  -45.0000   15.0000 1981.7670   22.4678
    7.5000  -45.0000   15.0000 1981.0673   22.8028
   -7.5000  -37.5000   15.0000 2116.7864   19.7276
    0.0000  -37.5000   15.0000 2142.8960   19.4479
    7.5000  -37.5000   15.0000 2141.8979   19.6913
   -7.5000  -30.0000   15.0000 2255.2190   17.2102
    0.0000  -30.0000   15.0000 2282.4045   16.9600
    7.5000  -30.0000   15.0000 2273.3411   17.1521
   -7.5000  -22.5000   15.0000 2373.1846   15.1371
    0.0000  -22.5000   15.0000 2399.4219   14.8684
    7.5000  -22.5000   15.0000 2393.3765   15.0843
   -7.5000  -15.0000   15.0000 2483.5464   13.5247
    0.0000  -15.0000   15.0000 2513.8760   13.2601
    7.5000  -15.0000   15.0000 2517.4895   13.4729
   -7.5000   -7.5000   15.0000 2599.2651   12.2774
    0.0000   -7.5000   15.0000 2634.9746   12.0208
    7.5000   -7.5000   15.0000 2643.6848   12.1749
   -7.5000    0.0000   15.0000 2715.3984   11.3606
    0.0000    0.0000   15.0000 2755.5132   11.1046
    7.5000    0.0000   15.0000 2765.5330   11.2335
   -7.5000    7.5000   15.0000 2822.7793   10.7122
    0.0000    7.5000   15.0000 2869.1836   10.4430
    7.5000    7.5000   15.0000 2875.0996   10.5646
   -7.5000   15.0000   15.0000 2909.8303   10.3777
    0.0000   15.0000   15.0000 2964.1375   10.1329
    7.5000   15.0000   15.0000 2964.6831   10.2225
   -7.5000   22.5000   15.0000 2957.0752   10.2750
    0.0000   22.5000   15.0000 3025.3672   10.0801
    7.5000   22.5000   15.0000 3019.3623   10.1347
   -7.5000   30.0000   15.0000 2943.7332   10.4540
    0.0000   30.0000   15.0000 3010.0317   10.2620
    7.5000   30.0000   15.0000 3000.5081   10.3225
   -7.5000   37.5000   15.0000 2876.8813   10.8621
    0.0000   37.5000   15.0000 2936.0127   10.6644
    7.5000   37.5000   15.0000 2928.2122   10.7023
   -7.5000   45.0000   15.0000 2777.3472   11.4962
    0.0000   45.0000   15.0000 2822.8279   11.2816
    7.5000   45.0000   15.0000 2824.1660   11.3107
   -7.5000  -45.0000   22.5000 1930.0909   23.1107
    0.0000  -45.0000   22.5000 1951.6707   22.8283
    7.5000  -45.0000   22.5000 1951.5900   23.1944
   -7.5000  -37.5000   22.5000 2090.0752   20.0387
    0.0000  -37.5000   22.5000 2114.1343   19.7784
    7.5000  -37.5000   22.5000 2112.0591   20.0460
   -7.5000  -30.0000   22.5000 2232.6125   17.5199
    0.0000  -30.0000   22.5000 2260.6858   17.2209
    7.5000  -30.0000   22.5000 2251.0803   17.4491
   -7.5000  -22.5000   22.5000 2355.6226   15.3887
    0.0000  -22.5000   22.5000 2382.3489   15.0978
    7.5000  -22.5000   22.5000 2376.6162   15.3328
   -7.5000  -15.0000   22.5000 2465.1323   13.7547
    0.0000  -15.0000   22.5000 2496.9573   13.4781
    7.5000  -15.0000   22.5000 2493.9861   13.6916
   -7.5000   -7.5000   22.5000 2579.1477   12.5084
    0.0000   -7.5000   22.5000 2611.3840   12.2252
    7.5000   -7.5000   22.5000 2615.5386   12.4136
   -7.5000    0.0000   22.5000 2694.4524   11.5881
    0.0000    0.0000   22.5000 2726.6650   11.3055
    7.5000    0.0000   22.5000 2736.2009   11.4731
   -7.5000    7.5000   22.5000 2794.2551   10.9620
    0.0000    7.5000   22.5000 2834.9280   10.6741
    7.5000    7.5000   22.5000 2839.1438   10.8160
   -7.5000   15.0000   22.5000 2876.1541   10.6031
    0.0000   15.0000   22.5000 2924.0740   10.3691
    7.5000   15.0000   22.5000 2925.6633   10.4529
   -7.5000   22.5000   22.5000 2916.1238   10.4880
    0.0000   22.5000   22.5000 2976.4211   10.2522
    7.5000   22.5000   22.5000 2968.0698   10.3604
   -7.5000   30.0000   22.5000 2905.2217   10.6516
    0.0000   30.0000   22.5000 2956.9192   10.4390
    7.5000   30.0000   22.5000 2954.0425   10.5237
   -7.5000   37.5000   22.5000 2843.8611   11.0612
    0.0000   37.5000   22.5000 2890.5981   10.8605
    7.5000   37.5000   22.5000 2885.8625   10.9284
   -7.5000   45.0000   22.5000 2745.7891   11.7092
    0.0000   45.0000   22.5000 2784.8555   11.5153
    7.5000   45.0000   22.5000 2782.5022   11.5630
   -7.5000  -45.0000   30.0000 1883.3367   23.8573
    0.0000  -45.0000   30.0000 1902.1168   23.5486
    7.5000  -45.0000   30.0000 1904.5673   24.0098
   -7.5000  -37.5000   30.0000 2047.0308   20.6034
    0.0000  -37.5000   30.0000 2070.1477   20.2832
    7.5000  -37.5000   30.0000 2068.0940   20.6327
   -7.5000  -30.0000   30.0000 2194.0125   17.9955
    0.0000  -30.0000   30.0000 2222.2478   17.6677
    7.5000  -30.0000   30.0000 2212.5535   17.9129
   -7.5000  -22.5000   30.0000 2322.8152   15.8736
    0.0000  -22.5000   30.0000 2349.1201   15.5639
    7.5000  -22.5000   30.0000 2342.3481   15.7757
   -7.5000  -15.0000   30.0000 2435.5745   14.2152
    0.0000  -15.0000   30.0000 2465.2722   13.9260
    7.5000  -15.0000   30.0000 2458.1616   14.1139
   -7.5000   -7.5000   30.0000 2548.0820   12.9713
    0.0000   -7.5000   30.0000 2580.5171   12.6918
    7.5000   -7.5000   30.0000 2577.5520   12.8674
   -7.5000    0.0000   30.0000 2656.2634   12.0475
    0.0000    0.0000   30.0000 2689.2974   11.7663
    7.5000    0.0000   30.0000 2691.0051   11.9363
   -7.5000    7.5000   30.0000 2748.5083   11.4450
    0.0000    7.5000   30.0000 2785.2427   11.1445
    7.5000    7.5000   30.0000 2785.7678   11.2717
   -7.5000   15.0000   30.0000 2816.7556   11.0542
    0.0000   15.0000   30.0000 2858.2349   10.7784
    7.5000   15.0000   30.0000 2858.8472   10.8822
   -7.5000   22.5000   30.0000 2849.1277   10.9126
    0.0000   22.5000   30.0000 2893.0916   10.6527
    7.5000   22.5000   30.0000 2892.7642   10.7658
   -7.5000   30.0000   30.0000 2836.8567   11.0832
    0.0000   30.0000   30.0000 2877.8206   10.8537
    7.5000   30.0000   30.0000 2879.6292   10.9367
   -7.5000   37.5000   30.0000 2780.0337   11.4924
    0.0000   37.5000   30.0000 2818.4395   11.2896
    7.5000   37.5000   30.0000 2817.5488   11.3556
   -7.5000   45.0000   30.0000 2690.0173   12.1212
    0.0000   45.0000   30.0000 2725.2666   11.9244
    7.5000   45.0000   30.0000 2725.2017   11.9658
   -7.5000  -45.0000   37.5000 1828.5383   25.1089
    0.0000  -45.0000   37.5000 1846.1792   24.7419
    7.5000  -45.0000   37.5000 1848.8093   25.1683
   -7.5000  -37.5000   37.5000 1996.4679   21.5738
    0.0000  -37.5000   37.5000 2012.6786   21.2218
    7.5000  -37.5000   37.5000 2008.6849   21.5556
   -7.5000  -30.0000   37.5000 2141.3584   18.8062
    0.0000  -30.0000   37.5000 2164.2305   18.4983
    7.5000  -30.0000   37.5000 2157.1072   18.7327
   -7.5000  -22.5000   37.5000 2277.1270   16.6426
    0.0000  -22.5000   37.5000 2299.8010   16.3363
    7.5000  -22.5000   37.5000 2289.6575   16.5421
   -7.5000  -15.0000   37.5000 2391.4587   14.9488
    0.0000  -15.0000   37.5000 2416.6880   14.6668
    7.5000  -15.0000   37.5000 2404.5164   14.8390
   -7.5000   -7.5000   37.5000 2501.4915   13.6833
    0.0000   -7.5000   37.5000 2532.7434   13.3997
    7.5000   -7.5000   37.5000 2524.2896   13.5562
   -7.5000    0.0000   37.5000 2604.0967   12.7405
    0.0000    0.0000   37.5000 2638.5903   12.4484
    7.5000    0.0000   37.5000 2633.4048   12.5921
   -7.5000    7.5000   37.5000 2688.2974   12.1050
    0.0000    7.5000   37.5000 2725.6208   11.8066
    7.5000    7.5000   37.5000 2720.8555   11.9238
   -7.5000   15.0000   37.5000 2743.7185   11.6958
    0.0000   15.0000   37.5000 2783.4744   11.4129
    7.5000   15.0000   37.5000 2779.1733   11.5127
   -7.5000   22.5000   37.5000 2766.6086   11.5369
    0.0000   22.5000   37.5000 2802.7368   11.2846
    7.5000   22.5000   37.5000 2802.8220   11.3734
   -7.5000   30.0000   37.5000 2749.6768   11.7018
    0.0000   30.0000   37.5000 2783.3674   11.4628
    7.5000   30.0000   37.5000 2786.3186   11.5366
   -7.5000   37.5000   37.5000 2696.6328   12.1120
    0.0000   37.5000   37.5000 2732.5298   11.8890
    7.5000   37.5000   37.5000 2730.9167   11.9620
   -7.5000   45.0000   37.5000 2616.9482   12.7356
    0.0000   45.0000   37.5000 2648.9814   12.5338
    7.5000   45.0000   37.5000 2649.5906   12.5631
   -7.5000  -45.0000   45.0000 1769.7454   26.8331
    0.0000  -45.0000   45.0000 1787.7543   26.4794
    7.5000  -45.0000   45.0000 1786.4387   26.8171
   -7.5000  -37.5000   45.0000 1936.4346   23.0215
    0.0000  -37.5000   45.0000 1954.1686   22.6653
    7.5000  -37.5000   45.0000 1944.9694   22.8749
   -7.5000  -30.0000   45.0000 2079.5005   19.9750
    0.0000  -30.0000   45.0000 2100.3552   19.6802
    7.5000  -30.0000   45.0000 2091.6626   19.8376
   -7.5000  -22.5000   45.0000 2215.4590   17.6963
    0.0000  -22.5000   45.0000 2236.6289   17.4075
    7.5000  -22.5000   45.0000 2225.2808   17.5495
   -7.5000  -15.0000   45.0000 2331.7134   15.9454
    0.0000  -15.0000   45.0000 2357.3416   15.6609
    7.5000  -15.0000   45.0000 2339.5378   15.7835
   -7.5000   -7.5000   45.0000 2440.5505   14.6130
    0.0000   -7.5000   45.0000 2471.1941   14.3343
    7.5000   -7.5000   45.0000 2456.8157   14.4331
   -7.5000    0.0000   45.0000 2532.6062   13.6375
    0.0000    0.0000   45.0000 2567.4617   13.3622
    7.5000    0.0000   45.0000 2558.9746   13.4785
   -7.5000    7.5000   45.0000 2611.0759   12.9776
    0.0000    7.5000   45.0000 2644.5459   12.7008
    7.5000    7.5000   45.0000 2640.4038   12.7963
   -7.5000   15.0000   45.0000 2662.1470   12.5410
    0.0000   15.0000   45.0000 2695.8643   12.2744
    7.5000   15.0000   45.0000 2691.8254   12.3622
   -7.5000   22.5000   45.0000 2673.5181   12.3661
    0.0000   22.5000   45.0000 2706.6541   12.1222
    7.5000   22.5000   45.0000 2705.3953   12.1933
   -7.5000   30.0000   45.0000 2649.5735   12.4872
    0.0000   30.0000   45.0000 2683.5803   12.2726
    7.5000   30.0000   45.0000 2684.5151   12.3361
   -7.5000   37.5000   45.0000 2607.7493   12.8729
    0.0000   37.5000   45.0000 2636.1160   12.6693
    7.5000   37.5000   45.0000 2636.1541   12.7234
   -7.5000   45.0000   45.0000 2536.3291   13.5162
    0.0000   45.0000   45.0000 2566.0310   13.2913
    7.5000   45.0000   45.0000 2565.1030   13.3345

---------------------------------------------------------------------
imgreg_4dfp /opt/freesurfer/average/711-2C_as_mni_average_305 /opt/freesurfer/average/711-2B_as_mni_average_305_mask talsrcimg_g11 none talsrcimg_to_711-2C_as_mni_average_305_t4 1283
---------------------------------------------------------------------

freesurfer imgreg_4dfp.c
/opt/freesurfer/average/711-2C_as_mni_average_305.4dfp.img
       256       256       256         1
  1.000000  1.000000  1.000000
orientation T byte_order littleendian
Reading image: /opt/freesurfer/average/711-2C_as_mni_average_305.4dfp.img
dimensions:      256       256       256
mmppix:       1.0000   -1.0000   -1.0000
center:     128.0000 -129.0000 -129.0000
/opt/freesurfer/average/711-2B_as_mni_average_305_mask.4dfp.img
       256       256       256         1
  1.000000  1.000000  1.000000
orientation T byte_order littleendian
Reading mask: /opt/freesurfer/average/711-2B_as_mni_average_305_mask.4dfp.img (2306576 pixels)
talsrcimg_g11.4dfp.img
       256       256       256         1
  1.000000  1.000000  1.000000
orientation T byte_order littleendian
Reading image: talsrcimg_g11.4dfp.img
dimensions:      256       256       256
mmppix:       1.0000   -1.0000   -1.0000
center:     128.0000 -129.0000 -129.0000
rotation matrix determinant  1.000000
fimgreg.f
image alignment mode   1283 decimal      503 hex
parameters
    7.5000   22.5000    7.5000    0.0000    0.0000    0.0000
eta,q 0.95115 10.10686
niter,ni,del,rscale     5    3   12.0000    1.2000
parameter  1  0.660355 ->  0.500000 qaram    1.1500
parameter  4  0.612623 ->  0.500000 qaram    1.1500
parameter  6  1.285893 ->  0.500000 qaram    1.1500
parameters
    4.0500   24.5476    9.8223   -3.4500    0.0192   -3.4500
eta,q 0.96210  9.94360
  0.0464  0.0594  0.0542  0.0408  0.0455  0.0374
  0.0437  0.0520  0.0500  0.0404  0.0428  0.0377
  0.0448  0.0467  0.0463  0.0408  0.0411  0.0388
  0.0489  0.0438  0.0432  0.0415  0.0404  0.0404
  0.0560  0.0432  0.0415  0.0427  0.0410  0.0423
  0.0648  0.0443  0.0422  0.0445  0.0426  0.0446
  0.0737  0.0465  0.0453  0.0473  0.0455  0.0473
niter,ni,del,rscale     7    3   12.0000    1.2000
parameters
    3.2866   26.7186    9.6338   -6.8457    1.4941   -6.1919
eta,q 0.96756  9.93999
  0.0520  0.0513  0.0436  0.0370  0.0427  0.0348
  0.0446  0.0452  0.0397  0.0340  0.0384  0.0329
  0.0396  0.0409  0.0371  0.0342  0.0354  0.0325
  0.0379  0.0380  0.0364  0.0364  0.0337  0.0334
  0.0413  0.0364  0.0374  0.0390  0.0334  0.0357
  0.0495  0.0370  0.0401  0.0417  0.0343  0.0397
  0.0607  0.0404  0.0447  0.0448  0.0369  0.0439
niter,ni,del,rscale     6    3   12.0000    1.2000
parameters
    2.4299   28.0206    9.5615   -7.0711    2.7870   -6.8923
eta,q 0.96913  9.95594
  0.0476  0.0513  0.0411  0.0399  0.0400  0.0365
  0.0385  0.0424  0.0354  0.0339  0.0358  0.0328
  0.0329  0.0354  0.0320  0.0314  0.0330  0.0311
  0.0324  0.0320  0.0315  0.0315  0.0314  0.0309
  0.0366  0.0318  0.0332  0.0331  0.0309  0.0320
  0.0453  0.0345  0.0364  0.0362  0.0318  0.0349
  0.0574  0.0397  0.0407  0.0395  0.0351  0.0393
niter,ni,del,rscale     5    3   12.0000    1.2000
parameters
    1.8441   28.2945    9.6348   -7.1678    3.2727   -7.1676
eta,q 0.96970  9.95538
  0.0493  0.0458  0.0415  0.0395  0.0387  0.0371
  0.0388  0.0371  0.0355  0.0331  0.0349  0.0331
  0.0318  0.0321  0.0314  0.0305  0.0322  0.0308
  0.0309  0.0305  0.0305  0.0305  0.0305  0.0303
  0.0354  0.0320  0.0322  0.0321  0.0304  0.0313
  0.0443  0.0365  0.0357  0.0352  0.0327  0.0339
  0.0558  0.0423  0.0403  0.0383  0.0370  0.0383
niter,ni,del,rscale     4    3   12.0000    1.2000
parameters
    1.6311   28.3535    9.6669   -7.1210    3.4588   -7.2499
eta,q 0.96981  9.95621
  0.0516  0.0449  0.0415  0.0398  0.0383  0.0374
  0.0407  0.0362  0.0355  0.0333  0.0346  0.0334
  0.0325  0.0315  0.0312  0.0304  0.0318  0.0308
  0.0303  0.0302  0.0302  0.0302  0.0302  0.0302
  0.0341  0.0323  0.0322  0.0318  0.0306  0.0310
  0.0427  0.0371  0.0359  0.0348  0.0334  0.0335
  0.0540  0.0432  0.0406  0.0379  0.0380  0.0378
niter,ni,del,rscale     3    3   12.0000    1.2000
parameters
    1.5509   28.3365    9.6822   -7.0652    3.5385   -7.2825
eta,q 0.96983  9.95640
  0.0525  0.0445  0.0415  0.0398  0.0382  0.0375
  0.0414  0.0360  0.0355  0.0333  0.0345  0.0335
  0.0329  0.0313  0.0311  0.0303  0.0317  0.0309
  0.0302  0.0302  0.0302  0.0302  0.0302  0.0302
  0.0337  0.0324  0.0322  0.0318  0.0307  0.0309
  0.0421  0.0374  0.0360  0.0348  0.0337  0.0334
  0.0534  0.0435  0.0407  0.0379  0.0383  0.0377
niter,ni,del,rscale     2    3   12.0000    1.2000
parameters
    1.5156   28.3123    9.6898   -7.0256    3.5752   -7.2962
eta,q 0.96984  9.95631
  0.0527  0.0445  0.0415  0.0398  0.0381  0.0375
  0.0417  0.0360  0.0355  0.0333  0.0344  0.0335
  0.0330  0.0313  0.0311  0.0303  0.0317  0.0309
  0.0302  0.0302  0.0302  0.0302  0.0302  0.0302
  0.0335  0.0324  0.0323  0.0318  0.0307  0.0309
  0.0418  0.0374  0.0360  0.0348  0.0338  0.0334
  0.0532  0.0435  0.0407  0.0379  0.0385  0.0377
registration optimization eta report
parameter search radius
    6.9000    6.0000    6.0000    6.9000    6.0000    6.9000
100000*second partial in parameter space
       47.       38.       30.       18.       22.       16.
  0.0527  0.0445  0.0415  0.0398  0.0381  0.0375
  0.0417  0.0360  0.0355  0.0333  0.0344  0.0335
  0.0330  0.0313  0.0311  0.0303  0.0317  0.0309
  0.0302  0.0302  0.0302  0.0302  0.0302  0.0302
  0.0335  0.0324  0.0323  0.0318  0.0307  0.0309
  0.0418  0.0374  0.0360  0.0348  0.0338  0.0334
  0.0532  0.0435  0.0407  0.0379  0.0385  0.0377
    1.5156   28.3123    9.6898   -7.0256    3.5752   -7.2962
eta,q 0.96984  9.95631

---------------------------------------------------------------------
imgreg_4dfp /opt/freesurfer/average/711-2C_as_mni_average_305 /opt/freesurfer/average/711-2B_as_mni_average_305_mask talsrcimg_g11 none talsrcimg_to_711-2C_as_mni_average_305_t4 3335
---------------------------------------------------------------------

freesurfer imgreg_4dfp.c
/opt/freesurfer/average/711-2C_as_mni_average_305.4dfp.img
       256       256       256         1
  1.000000  1.000000  1.000000
orientation T byte_order littleendian
Reading image: /opt/freesurfer/average/711-2C_as_mni_average_305.4dfp.img
dimensions:      256       256       256
mmppix:       1.0000   -1.0000   -1.0000
center:     128.0000 -129.0000 -129.0000
/opt/freesurfer/average/711-2B_as_mni_average_305_mask.4dfp.img
       256       256       256         1
  1.000000  1.000000  1.000000
orientation T byte_order littleendian
Reading mask: /opt/freesurfer/average/711-2B_as_mni_average_305_mask.4dfp.img (2306576 pixels)
talsrcimg_g11.4dfp.img
       256       256       256         1
  1.000000  1.000000  1.000000
orientation T byte_order littleendian
Reading image: talsrcimg_g11.4dfp.img
dimensions:      256       256       256
mmppix:       1.0000   -1.0000   -1.0000
center:     128.0000 -129.0000 -129.0000
fimgreg.f
image alignment mode   3335 decimal      D07 hex
parameters
    1.5156   28.3123    9.6898   -1.0028   -1.6513   -0.9440
   13.3610   -4.5856  -12.6751   12.9183    6.2359  -12.2075
eta,q 0.96993 10.05434
niter,ni,del,rscale     5    3    5.0000    1.2000
parameter  4  0.527892 ->  0.500000 qaram    1.1500
parameter  5  1.269811 ->  0.500000 qaram    1.1500
parameter  6  0.748593 ->  0.500000 qaram    1.1500
parameters
    1.7477   28.6242    9.2903   -5.1428   -5.7913   -5.0840
   11.6735   -4.3151  -12.1778   10.4610    4.8750  -12.6593
eta,q 0.97643  9.51825
  0.0338  0.0332  0.0312  0.0296  0.0255  0.0244  0.0253  0.0282  0.0262  0.0250  0.0243  0.0247
  0.0319  0.0317  0.0304  0.0292  0.0261  0.0241  0.0244  0.0261  0.0250  0.0240  0.0238  0.0241
  0.0306  0.0306  0.0300  0.0293  0.0273  0.0246  0.0240  0.0246  0.0243  0.0236  0.0236  0.0237
  0.0301  0.0300  0.0300  0.0299  0.0292  0.0264  0.0241  0.0240  0.0240  0.0240  0.0236  0.0236
  0.0302  0.0301  0.0304  0.0313  0.0319  0.0292  0.0248  0.0243  0.0241  0.0251  0.0239  0.0238
  0.0311  0.0307  0.0312  0.0337  0.0350  0.0327  0.0258  0.0256  0.0247  0.0270  0.0244  0.0243
  0.0326  0.0320  0.0324  0.0371  0.0381  0.0371  0.0273  0.0278  0.0256  0.0294  0.0251  0.0250
niter,ni,del,rscale     7    3    5.0000    1.2000
parameters
    2.0503   28.6247    8.8067   -4.0065   -9.1670   -7.6965
   11.5576   -3.9098  -11.9339   10.8682    5.1051  -12.6109
eta,q 0.97723  9.30092
  0.0273  0.0261  0.0245  0.0268  0.0239  0.0240  0.0250  0.0268  0.0248  0.0255  0.0238  0.0239
  0.0254  0.0247  0.0238  0.0253  0.0230  0.0231  0.0238  0.0248  0.0237  0.0240  0.0233  0.0233
  0.0242  0.0238  0.0235  0.0242  0.0228  0.0228  0.0230  0.0234  0.0230  0.0231  0.0229  0.0229
  0.0236  0.0235  0.0235  0.0235  0.0233  0.0227  0.0228  0.0228  0.0228  0.0228  0.0228  0.0228
  0.0237  0.0238  0.0239  0.0233  0.0247  0.0237  0.0231  0.0230  0.0230  0.0229  0.0228  0.0229
  0.0244  0.0247  0.0247  0.0240  0.0269  0.0263  0.0239  0.0242  0.0236  0.0236  0.0231  0.0233
  0.0258  0.0262  0.0259  0.0256  0.0303  0.0301  0.0251  0.0261  0.0245  0.0249  0.0237  0.0239
niter,ni,del,rscale     6    3    5.0000    1.2000
parameters
    2.2372   28.9457    8.1613   -3.3742   -9.7150   -9.0300
   11.3413   -3.6769  -12.0909   11.5479    5.2482  -12.8281
eta,q 0.97747  9.24627
  0.0260  0.0258  0.0233  0.0256  0.0250  0.0245  0.0246  0.0264  0.0243  0.0252  0.0235  0.0236
  0.0244  0.0243  0.0228  0.0242  0.0238  0.0233  0.0235  0.0244  0.0233  0.0238  0.0230  0.0230
  0.0232  0.0232  0.0226  0.0232  0.0229  0.0227  0.0228  0.0231  0.0227  0.0229  0.0227  0.0227
  0.0228  0.0227  0.0227  0.0226  0.0225  0.0225  0.0226  0.0226  0.0225  0.0225  0.0225  0.0225
  0.0229  0.0228  0.0231  0.0226  0.0229  0.0228  0.0229  0.0229  0.0228  0.0227  0.0226  0.0227
  0.0237  0.0234  0.0238  0.0233  0.0241  0.0242  0.0237  0.0240  0.0234  0.0232  0.0229  0.0231
  0.0252  0.0245  0.0247  0.0251  0.0260  0.0272  0.0249  0.0260  0.0244  0.0244  0.0235  0.0238
niter,ni,del,rscale     5    3    5.0000    1.2000
parameters
    2.3461   29.2258    7.7669   -3.2918  -10.0961   -9.6634
   11.2722   -3.5220  -12.2281   12.2395    5.2349  -13.0514
eta,q 0.97754  9.21052
  0.0256  0.0254  0.0234  0.0251  0.0249  0.0247  0.0246  0.0262  0.0242  0.0250  0.0234  0.0235
  0.0240  0.0240  0.0228  0.0239  0.0237  0.0235  0.0234  0.0243  0.0232  0.0237  0.0229  0.0230
  0.0230  0.0230  0.0225  0.0230  0.0228  0.0227  0.0227  0.0230  0.0226  0.0228  0.0226  0.0226
  0.0225  0.0225  0.0225  0.0225  0.0224  0.0224  0.0225  0.0225  0.0225  0.0225  0.0225  0.0225
  0.0228  0.0226  0.0228  0.0225  0.0228  0.0226  0.0228  0.0228  0.0227  0.0226  0.0226  0.0226
  0.0236  0.0232  0.0234  0.0234  0.0239  0.0237  0.0235  0.0240  0.0234  0.0231  0.0229  0.0230
  0.0251  0.0243  0.0243  0.0255  0.0257  0.0261  0.0247  0.0259  0.0243  0.0242  0.0234  0.0237
niter,ni,del,rscale     4    3    5.0000    1.2000
parameters
    2.4067   29.4515    7.5105   -3.2383  -10.4646  -10.0809
   11.2307   -3.3985  -12.2750   12.8135    5.1516  -13.2453
eta,q 0.97758  9.18330
  0.0254  0.0252  0.0235  0.0251  0.0248  0.0248  0.0246  0.0261  0.0242  0.0248  0.0233  0.0235
  0.0238  0.0238  0.0228  0.0238  0.0237  0.0235  0.0234  0.0242  0.0232  0.0235  0.0228  0.0229
  0.0228  0.0229  0.0225  0.0229  0.0228  0.0227  0.0227  0.0229  0.0226  0.0227  0.0225  0.0226
  0.0225  0.0225  0.0224  0.0224  0.0224  0.0224  0.0224  0.0224  0.0224  0.0224  0.0224  0.0224
  0.0227  0.0226  0.0227  0.0225  0.0227  0.0225  0.0227  0.0228  0.0227  0.0225  0.0225  0.0225
  0.0236  0.0232  0.0232  0.0233  0.0238  0.0235  0.0234  0.0240  0.0233  0.0230  0.0229  0.0230
  0.0251  0.0243  0.0241  0.0254  0.0255  0.0258  0.0246  0.0259  0.0242  0.0242  0.0234  0.0236
niter,ni,del,rscale     3    3    5.0000    1.2000
parameters
    2.4552   29.6345    7.3266   -3.2024  -10.7712  -10.3879
   11.1783   -3.2856  -12.2563   13.2676    5.0371  -13.4098
eta,q 0.97759  9.16168
  0.0253  0.0250  0.0236  0.0250  0.0248  0.0248  0.0245  0.0260  0.0242  0.0247  0.0233  0.0235
  0.0238  0.0237  0.0229  0.0238  0.0237  0.0235  0.0234  0.0241  0.0232  0.0235  0.0228  0.0229
  0.0228  0.0228  0.0225  0.0229  0.0228  0.0226  0.0227  0.0229  0.0226  0.0227  0.0225  0.0225
  0.0224  0.0224  0.0224  0.0224  0.0224  0.0224  0.0224  0.0224  0.0224  0.0224  0.0224  0.0224
  0.0227  0.0226  0.0226  0.0225  0.0227  0.0225  0.0227  0.0228  0.0226  0.0225  0.0225  0.0225
  0.0236  0.0232  0.0231  0.0233  0.0237  0.0235  0.0234  0.0240  0.0232  0.0230  0.0228  0.0229
  0.0251  0.0243  0.0240  0.0254  0.0254  0.0256  0.0246  0.0259  0.0241  0.0242  0.0234  0.0236
niter,ni,del,rscale     2    3    5.0000    1.2000
parameters
    2.4952   29.7791    7.1838   -3.1856  -11.0126  -10.6307
   11.1191   -3.1930  -12.2087   13.6276    4.9252  -13.5386
eta,q 0.97760  9.14406
  0.0252  0.0249  0.0236  0.0249  0.0248  0.0249  0.0245  0.0260  0.0242  0.0246  0.0233  0.0235
  0.0237  0.0236  0.0229  0.0237  0.0237  0.0236  0.0234  0.0241  0.0232  0.0234  0.0228  0.0229
  0.0228  0.0228  0.0225  0.0229  0.0228  0.0227  0.0226  0.0229  0.0226  0.0227  0.0225  0.0225
  0.0224  0.0224  0.0224  0.0224  0.0224  0.0224  0.0224  0.0224  0.0224  0.0224  0.0224  0.0224
  0.0227  0.0226  0.0226  0.0225  0.0226  0.0225  0.0227  0.0228  0.0226  0.0225  0.0225  0.0225
  0.0236  0.0232  0.0231  0.0233  0.0236  0.0234  0.0234  0.0239  0.0232  0.0231  0.0228  0.0229
  0.0251  0.0244  0.0239  0.0253  0.0254  0.0256  0.0245  0.0258  0.0241  0.0242  0.0234  0.0236
niter,ni,del,rscale     1    3    5.0000    1.2000
parameters
    2.5267   29.8931    7.0722   -3.1775  -11.2040  -10.8210
   11.0628   -3.1182  -12.1654   13.9128    4.8230  -13.6547
eta,q 0.97760  9.13004
  0.0252  0.0248  0.0236  0.0249  0.0248  0.0249  0.0245  0.0259  0.0242  0.0245  0.0233  0.0235
  0.0237  0.0235  0.0229  0.0237  0.0237  0.0236  0.0234  0.0241  0.0232  0.0234  0.0228  0.0229
  0.0227  0.0227  0.0225  0.0229  0.0228  0.0227  0.0226  0.0228  0.0226  0.0226  0.0225  0.0225
  0.0224  0.0224  0.0224  0.0224  0.0224  0.0224  0.0224  0.0224  0.0224  0.0224  0.0224  0.0224
  0.0227  0.0226  0.0226  0.0225  0.0226  0.0225  0.0227  0.0228  0.0226  0.0225  0.0225  0.0225
  0.0236  0.0233  0.0231  0.0233  0.0236  0.0234  0.0234  0.0239  0.0232  0.0231  0.0228  0.0229
  0.0251  0.0244  0.0239  0.0253  0.0253  0.0255  0.0245  0.0258  0.0241  0.0242  0.0234  0.0236
registration optimization eta report
parameter search radius
    2.4000    2.4000    2.4000    8.2800    8.2800    8.2800
    7.2000    7.2000    7.2000    7.2000    7.2000    7.2000
100000*second partial in parameter space
       47.       39.       24.        4.        4.        4.
        4.        7.        3.        4.        2.        2.
  0.0252  0.0248  0.0236  0.0249  0.0248  0.0249  0.0245  0.0259  0.0242  0.0245  0.0233  0.0235
  0.0237  0.0235  0.0229  0.0237  0.0237  0.0236  0.0234  0.0241  0.0232  0.0234  0.0228  0.0229
  0.0227  0.0227  0.0225  0.0229  0.0228  0.0227  0.0226  0.0228  0.0226  0.0226  0.0225  0.0225
  0.0224  0.0224  0.0224  0.0224  0.0224  0.0224  0.0224  0.0224  0.0224  0.0224  0.0224  0.0224
  0.0227  0.0226  0.0226  0.0225  0.0226  0.0225  0.0227  0.0228  0.0226  0.0225  0.0225  0.0225
  0.0236  0.0233  0.0231  0.0233  0.0236  0.0234  0.0234  0.0239  0.0232  0.0231  0.0228  0.0229
  0.0251  0.0244  0.0239  0.0253  0.0253  0.0255  0.0245  0.0258  0.0241  0.0242  0.0234  0.0236
    2.5267   29.8931    7.0722   -3.1775  -11.2040  -10.8210
   11.0628   -3.1182  -12.1654   13.9128    4.8230  -13.6547
eta,q 0.97760  9.13004

---------------------------------------------------------------------
imgreg_4dfp /opt/freesurfer/average/711-2C_as_mni_average_305 /opt/freesurfer/average/711-2B_as_mni_average_305_mask talsrcimg_g11 none talsrcimg_to_711-2C_as_mni_average_305_t4 2311
---------------------------------------------------------------------

freesurfer imgreg_4dfp.c
/opt/freesurfer/average/711-2C_as_mni_average_305.4dfp.img
       256       256       256         1
  1.000000  1.000000  1.000000
orientation T byte_order littleendian
Reading image: /opt/freesurfer/average/711-2C_as_mni_average_305.4dfp.img
dimensions:      256       256       256
mmppix:       1.0000   -1.0000   -1.0000
center:     128.0000 -129.0000 -129.0000
/opt/freesurfer/average/711-2B_as_mni_average_305_mask.4dfp.img
       256       256       256         1
  1.000000  1.000000  1.000000
orientation T byte_order littleendian
Reading mask: /opt/freesurfer/average/711-2B_as_mni_average_305_mask.4dfp.img (2306576 pixels)
talsrcimg_g11.4dfp.img
       256       256       256         1
  1.000000  1.000000  1.000000
orientation T byte_order littleendian
Reading image: talsrcimg_g11.4dfp.img
dimensions:      256       256       256
mmppix:       1.0000   -1.0000   -1.0000
center:     128.0000 -129.0000 -129.0000
fimgreg.f
image alignment mode   2311 decimal      907 hex
parameters
    2.5267   29.8931    7.0722   -3.1775  -11.2040  -10.8210
   11.0628   -3.1182  -12.1654   13.9128    4.8230  -13.6547
eta,q 0.97760  9.13005
niter,ni,del,rscale     5    3    5.0000    0.8000
parameters
    2.5583   29.9890    6.9747   -2.3711  -10.9255  -10.4160
   11.0440   -2.8964  -12.0868   14.2683    4.9670  -13.7310
eta,q 0.97766  9.19763
  0.0237  0.0235  0.0229  0.0234  0.0234  0.0233  0.0233  0.0242  0.0232  0.0233  0.0228  0.0229
  0.0230  0.0229  0.0226  0.0230  0.0229  0.0227  0.0228  0.0232  0.0227  0.0228  0.0226  0.0226
  0.0226  0.0226  0.0224  0.0226  0.0225  0.0224  0.0225  0.0226  0.0224  0.0225  0.0224  0.0224
  0.0224  0.0224  0.0224  0.0224  0.0224  0.0223  0.0223  0.0223  0.0223  0.0223  0.0223  0.0223
  0.0225  0.0225  0.0225  0.0224  0.0224  0.0224  0.0225  0.0225  0.0224  0.0224  0.0224  0.0224
  0.0229  0.0228  0.0227  0.0225  0.0227  0.0225  0.0228  0.0230  0.0227  0.0226  0.0225  0.0226
  0.0236  0.0233  0.0231  0.0230  0.0232  0.0230  0.0233  0.0239  0.0231  0.0231  0.0228  0.0229
niter,ni,del,rscale     4    3    5.0000    0.7000
parameters
    2.5771   29.9916    6.9969   -2.3892  -10.8956  -10.2575
   10.9904   -2.8196  -12.0895   14.3363    5.0000  -13.7383
eta,q 0.97767  9.20579
  0.0233  0.0231  0.0228  0.0230  0.0231  0.0229  0.0231  0.0237  0.0230  0.0230  0.0227  0.0227
  0.0228  0.0227  0.0225  0.0227  0.0227  0.0226  0.0227  0.0230  0.0226  0.0226  0.0225  0.0225
  0.0225  0.0224  0.0224  0.0224  0.0224  0.0224  0.0224  0.0225  0.0224  0.0224  0.0224  0.0224
  0.0223  0.0223  0.0223  0.0223  0.0223  0.0223  0.0223  0.0223  0.0223  0.0223  0.0223  0.0223
  0.0224  0.0224  0.0224  0.0224  0.0224  0.0223  0.0224  0.0225  0.0224  0.0224  0.0224  0.0224
  0.0227  0.0227  0.0225  0.0226  0.0227  0.0225  0.0227  0.0229  0.0226  0.0226  0.0225  0.0225
  0.0233  0.0231  0.0228  0.0231  0.0231  0.0229  0.0231  0.0236  0.0230  0.0230  0.0227  0.0228
niter,ni,del,rscale     3    3    5.0000    0.6000
parameters
    2.5927   29.9883    7.0148   -2.3320  -10.8558  -10.1328
   10.9827   -2.7681  -12.0905   14.3806    5.0298  -13.7205
eta,q 0.97768  9.21582
  0.0231  0.0229  0.0227  0.0228  0.0229  0.0227  0.0229  0.0233  0.0228  0.0228  0.0226  0.0226
  0.0227  0.0226  0.0225  0.0226  0.0226  0.0225  0.0226  0.0228  0.0225  0.0225  0.0224  0.0225
  0.0224  0.0224  0.0224  0.0224  0.0224  0.0224  0.0224  0.0224  0.0224  0.0224  0.0224  0.0224
  0.0223  0.0223  0.0223  0.0223  0.0223  0.0223  0.0223  0.0223  0.0223  0.0223  0.0223  0.0223
  0.0224  0.0224  0.0224  0.0224  0.0224  0.0223  0.0224  0.0224  0.0224  0.0224  0.0224  0.0224
  0.0226  0.0226  0.0225  0.0225  0.0226  0.0224  0.0226  0.0227  0.0225  0.0225  0.0224  0.0225
  0.0230  0.0229  0.0227  0.0228  0.0229  0.0227  0.0229  0.0233  0.0228  0.0228  0.0226  0.0226
niter,ni,del,rscale     2    3    5.0000    0.5000
parameters
    2.5982   29.9804    7.0312   -2.3010  -10.8024  -10.0136
   10.9784   -2.7395  -12.0922   14.3923    5.0441  -13.7076
eta,q 0.97767  9.22479
  0.0228  0.0227  0.0226  0.0227  0.0227  0.0226  0.0227  0.0230  0.0226  0.0226  0.0225  0.0225
  0.0225  0.0225  0.0224  0.0225  0.0225  0.0224  0.0225  0.0226  0.0225  0.0225  0.0224  0.0224
  0.0224  0.0224  0.0224  0.0224  0.0224  0.0224  0.0224  0.0224  0.0224  0.0224  0.0223  0.0223
  0.0223  0.0223  0.0223  0.0223  0.0223  0.0223  0.0223  0.0223  0.0223  0.0223  0.0223  0.0223
  0.0224  0.0224  0.0224  0.0224  0.0224  0.0223  0.0224  0.0224  0.0224  0.0224  0.0223  0.0223
  0.0225  0.0225  0.0224  0.0225  0.0225  0.0224  0.0225  0.0226  0.0225  0.0224  0.0224  0.0224
  0.0228  0.0227  0.0226  0.0227  0.0227  0.0226  0.0227  0.0230  0.0226  0.0226  0.0225  0.0225
niter,ni,del,rscale     1    3    5.0000    0.4000
parameters
    2.5970   29.9693    7.0503   -2.2789  -10.7632   -9.8730
   10.9935   -2.7220  -12.0868   14.4085    5.0802  -13.7324
eta,q 0.97768  9.23418
  0.0226  0.0226  0.0225  0.0225  0.0226  0.0225  0.0226  0.0228  0.0225  0.0225  0.0224  0.0225
  0.0225  0.0224  0.0224  0.0224  0.0224  0.0224  0.0224  0.0225  0.0224  0.0224  0.0224  0.0224
  0.0224  0.0224  0.0223  0.0224  0.0224  0.0223  0.0223  0.0224  0.0223  0.0223  0.0223  0.0223
  0.0223  0.0223  0.0223  0.0223  0.0223  0.0223  0.0223  0.0223  0.0223  0.0223  0.0223  0.0223
  0.0224  0.0224  0.0223  0.0223  0.0223  0.0223  0.0223  0.0224  0.0223  0.0223  0.0223  0.0223
  0.0225  0.0224  0.0224  0.0224  0.0224  0.0224  0.0224  0.0225  0.0224  0.0224  0.0224  0.0224
  0.0226  0.0226  0.0225  0.0225  0.0226  0.0225  0.0226  0.0228  0.0225  0.0225  0.0224  0.0225
registration optimization eta report
parameter search radius
    0.8000    0.8000    0.8000    2.4000    2.4000    2.4000
    2.4000    2.4000    2.4000    2.4000    2.4000    2.4000
100000*second partial in parameter space
       50.       40.       25.        4.        4.        3.
        4.        8.        4.        3.        2.        2.
  0.0226  0.0226  0.0225  0.0225  0.0226  0.0225  0.0226  0.0228  0.0225  0.0225  0.0224  0.0225
  0.0225  0.0224  0.0224  0.0224  0.0224  0.0224  0.0224  0.0225  0.0224  0.0224  0.0224  0.0224
  0.0224  0.0224  0.0223  0.0224  0.0224  0.0223  0.0223  0.0224  0.0223  0.0223  0.0223  0.0223
  0.0223  0.0223  0.0223  0.0223  0.0223  0.0223  0.0223  0.0223  0.0223  0.0223  0.0223  0.0223
  0.0224  0.0224  0.0223  0.0223  0.0223  0.0223  0.0223  0.0224  0.0223  0.0223  0.0223  0.0223
  0.0225  0.0224  0.0224  0.0224  0.0224  0.0224  0.0224  0.0225  0.0224  0.0224  0.0224  0.0224
  0.0226  0.0226  0.0225  0.0225  0.0226  0.0225  0.0226  0.0228  0.0225  0.0225  0.0224  0.0225
    2.5970   29.9693    7.0503   -2.2789  -10.7632   -9.8730
   10.9935   -2.7220  -12.0868   14.4085    5.0802  -13.7324
eta,q 0.97768  9.23418

---------------------------------------------------------------------
imgreg_4dfp /opt/freesurfer/average/711-2C_as_mni_average_305 /opt/freesurfer/average/711-2B_as_mni_average_305_mask talsrcimg_g11 none talsrcimg_to_711-2C_as_mni_average_305_t4 2311
---------------------------------------------------------------------

freesurfer imgreg_4dfp.c
/opt/freesurfer/average/711-2C_as_mni_average_305.4dfp.img
       256       256       256         1
  1.000000  1.000000  1.000000
orientation T byte_order littleendian
Reading image: /opt/freesurfer/average/711-2C_as_mni_average_305.4dfp.img
dimensions:      256       256       256
mmppix:       1.0000   -1.0000   -1.0000
center:     128.0000 -129.0000 -129.0000
/opt/freesurfer/average/711-2B_as_mni_average_305_mask.4dfp.img
       256       256       256         1
  1.000000  1.000000  1.000000
orientation T byte_order littleendian
Reading mask: /opt/freesurfer/average/711-2B_as_mni_average_305_mask.4dfp.img (2306576 pixels)
talsrcimg_g11.4dfp.img
       256       256       256         1
  1.000000  1.000000  1.000000
orientation T byte_order littleendian
Reading image: talsrcimg_g11.4dfp.img
dimensions:      256       256       256
mmppix:       1.0000   -1.0000   -1.0000
center:     128.0000 -129.0000 -129.0000
fimgreg.f
image alignment mode   2311 decimal      907 hex
parameters
    2.5970   29.9693    7.0503   -2.2789  -10.7632   -9.8730
   10.9935   -2.7220  -12.0868   14.4085    5.0802  -13.7324
eta,q 0.97768  9.23419
niter,ni,del,rscale     5    3    5.0000    0.8000
parameters
    2.5926   29.9610    7.0966   -2.5266  -10.9393  -10.1939
   10.9597   -2.8204  -12.1159   14.2333    5.0002  -13.6940
eta,q 0.97767  9.20014
  0.0236  0.0233  0.0230  0.0231  0.0232  0.0230  0.0233  0.0239  0.0231  0.0231  0.0228  0.0229
  0.0229  0.0228  0.0226  0.0227  0.0228  0.0226  0.0228  0.0231  0.0227  0.0227  0.0225  0.0226
  0.0225  0.0224  0.0224  0.0224  0.0224  0.0224  0.0224  0.0225  0.0224  0.0224  0.0224  0.0224
  0.0223  0.0223  0.0223  0.0223  0.0223  0.0223  0.0223  0.0223  0.0223  0.0223  0.0223  0.0223
  0.0225  0.0224  0.0224  0.0224  0.0224  0.0224  0.0225  0.0225  0.0224  0.0224  0.0224  0.0224
  0.0229  0.0228  0.0226  0.0227  0.0228  0.0227  0.0228  0.0231  0.0227  0.0227  0.0225  0.0226
  0.0236  0.0234  0.0229  0.0234  0.0234  0.0234  0.0233  0.0241  0.0232  0.0233  0.0228  0.0229
niter,ni,del,rscale     4    3    5.0000    0.7000
parameters
    2.5893   29.9668    7.0461   -2.3888  -10.8695  -10.1925
   10.9899   -2.8105  -12.1053   14.2825    5.0047  -13.6984
eta,q 0.97767  9.20925
  0.0233  0.0231  0.0228  0.0230  0.0231  0.0229  0.0231  0.0236  0.0230  0.0230  0.0227  0.0227
  0.0228  0.0227  0.0225  0.0227  0.0227  0.0226  0.0227  0.0229  0.0226  0.0226  0.0225  0.0225
  0.0224  0.0224  0.0224  0.0224  0.0224  0.0224  0.0224  0.0225  0.0224  0.0224  0.0224  0.0224
  0.0223  0.0223  0.0223  0.0223  0.0223  0.0223  0.0223  0.0223  0.0223  0.0223  0.0223  0.0223
  0.0224  0.0224  0.0224  0.0224  0.0224  0.0223  0.0224  0.0225  0.0224  0.0224  0.0224  0.0224
  0.0228  0.0227  0.0226  0.0226  0.0226  0.0225  0.0227  0.0229  0.0226  0.0226  0.0225  0.0225
  0.0233  0.0231  0.0228  0.0230  0.0231  0.0230  0.0231  0.0236  0.0229  0.0230  0.0227  0.0228
niter,ni,del,rscale     3    3    5.0000    0.6000
parameters
    2.5851   29.9675    7.0347   -2.3351  -10.8314  -10.1008
   10.9905   -2.7828  -12.1009   14.3166    5.0199  -13.6922
eta,q 0.97767  9.21751
  0.0230  0.0229  0.0227  0.0228  0.0229  0.0227  0.0229  0.0233  0.0228  0.0228  0.0226  0.0226
  0.0226  0.0226  0.0225  0.0226  0.0226  0.0225  0.0226  0.0228  0.0225  0.0225  0.0224  0.0225
  0.0224  0.0224  0.0224  0.0224  0.0224  0.0224  0.0224  0.0224  0.0224  0.0224  0.0224  0.0224
  0.0223  0.0223  0.0223  0.0223  0.0223  0.0223  0.0223  0.0223  0.0223  0.0223  0.0223  0.0223
  0.0224  0.0224  0.0224  0.0224  0.0224  0.0223  0.0224  0.0224  0.0224  0.0224  0.0224  0.0224
  0.0226  0.0226  0.0225  0.0225  0.0226  0.0224  0.0226  0.0227  0.0225  0.0225  0.0224  0.0225
  0.0230  0.0229  0.0227  0.0228  0.0229  0.0227  0.0229  0.0233  0.0228  0.0228  0.0226  0.0226
niter,ni,del,rscale     2    3    5.0000    0.5000
parameters
    2.5887   29.9643    7.0480   -2.2947  -10.7795  -10.0052
   10.9896   -2.7497  -12.0975   14.3383    5.0633  -13.6910
eta,q 0.97768  9.22607
  0.0228  0.0227  0.0226  0.0227  0.0227  0.0226  0.0227  0.0230  0.0226  0.0226  0.0225  0.0225
  0.0226  0.0225  0.0224  0.0225  0.0225  0.0224  0.0225  0.0226  0.0225  0.0225  0.0224  0.0224
  0.0224  0.0224  0.0224  0.0224  0.0224  0.0224  0.0224  0.0224  0.0224  0.0224  0.0223  0.0223
  0.0223  0.0223  0.0223  0.0223  0.0223  0.0223  0.0223  0.0223  0.0223  0.0223  0.0223  0.0223
  0.0224  0.0224  0.0223  0.0224  0.0224  0.0223  0.0224  0.0224  0.0224  0.0224  0.0223  0.0223
  0.0225  0.0225  0.0224  0.0225  0.0225  0.0224  0.0225  0.0226  0.0225  0.0224  0.0224  0.0224
  0.0228  0.0227  0.0226  0.0227  0.0227  0.0226  0.0227  0.0230  0.0227  0.0226  0.0225  0.0225
niter,ni,del,rscale     1    3    5.0000    0.4000
parameters
    2.5939   29.9580    7.0570   -2.2776  -10.7485   -9.8540
   10.9772   -2.7273  -12.0782   14.3907    5.0659  -13.7144
eta,q 0.97768  9.23524
  0.0226  0.0226  0.0225  0.0226  0.0226  0.0225  0.0226  0.0228  0.0225  0.0225  0.0224  0.0225
  0.0225  0.0224  0.0224  0.0224  0.0224  0.0224  0.0224  0.0225  0.0224  0.0224  0.0224  0.0224
  0.0224  0.0223  0.0223  0.0223  0.0224  0.0223  0.0223  0.0224  0.0223  0.0223  0.0223  0.0223
  0.0223  0.0223  0.0223  0.0223  0.0223  0.0223  0.0223  0.0223  0.0223  0.0223  0.0223  0.0223
  0.0224  0.0224  0.0223  0.0223  0.0223  0.0223  0.0223  0.0224  0.0223  0.0223  0.0223  0.0223
  0.0225  0.0224  0.0224  0.0224  0.0224  0.0224  0.0224  0.0225  0.0224  0.0224  0.0224  0.0224
  0.0226  0.0226  0.0225  0.0226  0.0226  0.0225  0.0226  0.0228  0.0225  0.0225  0.0224  0.0225
registration optimization eta report
parameter search radius
    0.8000    0.8000    0.8000    2.4000    2.4000    2.4000
    2.4000    2.4000    2.4000    2.4000    2.4000    2.4000
100000*second partial in parameter space
       50.       40.       24.        4.        4.        3.
        4.        8.        4.        3.        2.        2.
  0.0226  0.0226  0.0225  0.0226  0.0226  0.0225  0.0226  0.0228  0.0225  0.0225  0.0224  0.0225
  0.0225  0.0224  0.0224  0.0224  0.0224  0.0224  0.0224  0.0225  0.0224  0.0224  0.0224  0.0224
  0.0224  0.0223  0.0223  0.0223  0.0224  0.0223  0.0223  0.0224  0.0223  0.0223  0.0223  0.0223
  0.0223  0.0223  0.0223  0.0223  0.0223  0.0223  0.0223  0.0223  0.0223  0.0223  0.0223  0.0223
  0.0224  0.0224  0.0223  0.0223  0.0223  0.0223  0.0223  0.0224  0.0223  0.0223  0.0223  0.0223
  0.0225  0.0224  0.0224  0.0224  0.0224  0.0224  0.0224  0.0225  0.0224  0.0224  0.0224  0.0224
  0.0226  0.0226  0.0225  0.0226  0.0226  0.0225  0.0226  0.0228  0.0225  0.0225  0.0224  0.0225
    2.5939   29.9580    7.0570   -2.2776  -10.7485   -9.8540
   10.9772   -2.7273  -12.0782   14.3907    5.0659  -13.7144
eta,q 0.97768  9.23524

---------------------------------------------------------------------
compute_vox2vox talsrcimg talsrcimg_to_711-2C_as_mni_average_305_t4 /opt/freesurfer/average/711-2C_as_mni_average_305
---------------------------------------------------------------------

freesurfer compute_vox2vox.c
Reading: talsrcimg.4dfp.ifh
Reading: talsrcimg_to_711-2C_as_mni_average_305_t4
Reading: /opt/freesurfer/average/711-2C_as_mni_average_305.4dfp.ifh
Writing: talsrcimg_to_711-2C_as_mni_average_305_t4_vox2vox.txt

start time Sun Mar 15 08:15:11 CET 2026
end		time Sun Mar 15 08:16:37 CET 2026

mpr2mni305 success

avi2talxfm orig_nu.mgz /opt/freesurfer/average/mni305.cor.mgz talsrcimg_to_711-2C_as_mni_average_305_t4_vox2vox.txt transforms/talairach.auto.xfm
avi2talxfm done
mv -f /out/sourcedata/freesurfer/sub-v2s10x28977_ses-1/mri/talsrcimg_to_711-2C_as_mni_average_305_t4_vox2vox.txt /out/sourcedata/freesurfer/sub-v2s10x28977_ses-1/mri/transforms/talsrcimg_to_711-2C_as_mni_average_305_t4_vox2vox.txt
lta_convert --src orig_nu.mgz --trg /opt/freesurfer/average/mni305.cor.mgz --inxfm transforms/talairach.auto.xfm --outlta transforms/talairach.auto.xfm.lta --subject fsaverage
7.3.2

--src: orig_nu.mgz src image (geometry).
--trg: /opt/freesurfer/average/mni305.cor.mgz trg image (geometry).
--inmni: transforms/talairach.auto.xfm input MNI/XFM transform.
--outlta: transforms/talairach.auto.xfm.lta output LTA.
--s: fsaverage subject name
 LTA read, type : 1
 1.00640   0.04901  -0.11625  -3.95016;
-0.03498   1.08105   0.17042  -19.93728;
 0.14183  -0.16767   1.07722  -18.60027;
 0.00000   0.00000   0.00000   1.00000;
setting subject to fsaverage
Writing  LTA to file transforms/talairach.auto.xfm.lta...
lta_convert successful.
 
 
Started at Sun Mar 15 08:15:10 CET 2026
Ended   at Sun Mar 15 08:16:38 CET 2026
talairach_avi done
