status file for recon-all
Sun Mar 15 12:40:04 CET 2026
#@# Tessellate lh Sun Mar 15 12:40:04 CET 2026
#@# Smooth1 lh Sun Mar 15 12:40:06 CET 2026
#@# Inflation1 lh Sun Mar 15 12:40:08 CET 2026
#@# QSphere lh Sun Mar 15 12:40:16 CET 2026
#@# Fix Topology lh Sun Mar 15 12:40:58 CET 2026
#@# Smooth2 lh Sun Mar 15 12:44:58 CET 2026
#@# Inflation2 lh Sun Mar 15 12:45:00 CET 2026
#@# Curv .H and .K lh Sun Mar 15 12:45:07 CET 2026
#@# Sphere lh Sun Mar 15 12:45:42 CET 2026
#@# Surf Reg lh Sun Mar 15 12:46:59 CET 2026
#@# Jacobian white lh Sun Mar 15 12:49:15 CET 2026
#@# AvgCurv lh Sun Mar 15 12:49:15 CET 2026
#@# Cortical Parc lh Sun Mar 15 12:49:16 CET 2026
#@# white curv lh Sun Mar 15 12:53:52 CET 2026
#@# white area lh Sun Mar 15 12:53:53 CET 2026
#@# pial curv lh Sun Mar 15 12:53:53 CET 2026
#@# pial area lh Sun Mar 15 12:53:55 CET 2026
#@# thickness lh Sun Mar 15 12:53:55 CET 2026
#@# area and vertex vol lh Sun Mar 15 12:54:13 CET 2026
#@# Curvature Stats lh Sun Mar 15 12:54:14 CET 2026
#@# Cortical Parc 2 lh Sun Mar 15 12:54:16 CET 2026
#@# Cortical Parc 3 lh Sun Mar 15 12:54:25 CET 2026
#@# WM/GM Contrast lh Sun Mar 15 12:54:32 CET 2026
recon-all -s sub-v2s10x30165_ses-1 finished without error at Sun Mar 15 12:54:34 CET 2026



#New# invocation of recon-all 



status file for recon-all
Sun Mar 15 13:12:22 CET 2026
#@# white curv lh Sun Mar 15 13:12:22 CET 2026
#@# white area lh Sun Mar 15 13:12:22 CET 2026
#@# pial curv lh Sun Mar 15 13:12:22 CET 2026
#@# pial area lh Sun Mar 15 13:12:22 CET 2026
#@# thickness lh Sun Mar 15 13:12:22 CET 2026
#@# area and vertex vol lh Sun Mar 15 13:12:22 CET 2026
#@# Parcellation Stats lh Sun Mar 15 13:12:22 CET 2026
#@# Parcellation Stats 2 lh Sun Mar 15 13:12:36 CET 2026
#@# Parcellation Stats 3 lh Sun Mar 15 13:12:43 CET 2026
#@# BA_exvivo Labels lh Sun Mar 15 13:12:49 CET 2026
recon-all -s sub-v2s10x30165_ses-1 finished without error at Sun Mar 15 13:14:34 CET 2026
