status file for recon-all
Sun Mar 15 12:35:34 CET 2026
#@# Tessellate rh Sun Mar 15 12:35:34 CET 2026
#@# Smooth1 rh Sun Mar 15 12:35:36 CET 2026
#@# Inflation1 rh Sun Mar 15 12:35:37 CET 2026
#@# QSphere rh Sun Mar 15 12:35:43 CET 2026
#@# Fix Topology rh Sun Mar 15 12:36:24 CET 2026
#@# Smooth2 rh Sun Mar 15 12:39:56 CET 2026
#@# Inflation2 rh Sun Mar 15 12:39:58 CET 2026
#@# Curv .H and .K rh Sun Mar 15 12:40:05 CET 2026
#@# Sphere rh Sun Mar 15 12:40:36 CET 2026
#@# Surf Reg rh Sun Mar 15 12:42:07 CET 2026
#@# Jacobian white rh Sun Mar 15 12:44:09 CET 2026
#@# AvgCurv rh Sun Mar 15 12:44:09 CET 2026
#@# Cortical Parc rh Sun Mar 15 12:44:10 CET 2026
#@# white curv rh Sun Mar 15 12:48:35 CET 2026
#@# white area rh Sun Mar 15 12:48:36 CET 2026
#@# pial curv rh Sun Mar 15 12:48:36 CET 2026
#@# pial area rh Sun Mar 15 12:48:37 CET 2026
#@# thickness rh Sun Mar 15 12:48:38 CET 2026
#@# area and vertex vol rh Sun Mar 15 12:48:55 CET 2026
#@# Curvature Stats rh Sun Mar 15 12:48:56 CET 2026
#@# Cortical Parc 2 rh Sun Mar 15 12:48:57 CET 2026
#@# Cortical Parc 3 rh Sun Mar 15 12:49:05 CET 2026
#@# WM/GM Contrast rh Sun Mar 15 12:49:11 CET 2026
recon-all -s sub-v2s10x29004_ses-1 finished without error at Sun Mar 15 12:49:13 CET 2026



#New# invocation of recon-all 



status file for recon-all
Sun Mar 15 12:53:47 CET 2026
#@# white curv rh Sun Mar 15 12:53:47 CET 2026
#@# white area rh Sun Mar 15 12:53:47 CET 2026
#@# pial curv rh Sun Mar 15 12:53:47 CET 2026
#@# pial area rh Sun Mar 15 12:53:47 CET 2026
#@# thickness rh Sun Mar 15 12:53:47 CET 2026
#@# area and vertex vol rh Sun Mar 15 12:53:47 CET 2026
#@# Parcellation Stats rh Sun Mar 15 12:53:47 CET 2026
#@# Parcellation Stats 2 rh Sun Mar 15 12:53:58 CET 2026
#@# Parcellation Stats 3 rh Sun Mar 15 12:54:03 CET 2026
#@# BA_exvivo Labels rh Sun Mar 15 12:54:09 CET 2026
recon-all -s sub-v2s10x29004_ses-1 finished without error at Sun Mar 15 12:55:42 CET 2026
