status file for recon-all
Sun Mar 15 11:13:03 CET 2026
#@# MotionCor Sun Mar 15 11:13:05 CET 2026
#@# Talairach Sun Mar 15 11:13:10 CET 2026
#@# Talairach Failure Detection Sun Mar 15 11:16:01 CET 2026
#@# Nu Intensity Correction Sun Mar 15 11:16:01 CET 2026
#@# Intensity Normalization Sun Mar 15 11:18:46 CET 2026
recon-all -s sub-v2s10x29004_ses-1 finished without error at Sun Mar 15 11:19:46 CET 2026



#New# invocation of recon-all 



status file for recon-all
Sun Mar 15 11:25:14 CET 2026
#@# EM Registration Sun Mar 15 11:25:14 CET 2026
recon-all -s sub-v2s10x29004_ses-1 finished without error at Sun Mar 15 11:26:36 CET 2026



#New# invocation of recon-all 



status file for recon-all
Sun Mar 15 11:26:38 CET 2026
#@# CA Normalize Sun Mar 15 11:26:38 CET 2026
#@# CA Reg Sun Mar 15 11:27:33 CET 2026
#@# SubCort Seg Sun Mar 15 11:59:28 CET 2026
#@# CC Seg Sun Mar 15 12:17:56 CET 2026
#@# Merge ASeg Sun Mar 15 12:18:15 CET 2026
#@# Intensity Normalization2 Sun Mar 15 12:18:15 CET 2026
#@# Mask BFS Sun Mar 15 12:19:44 CET 2026
#@# WM Segmentation Sun Mar 15 12:19:44 CET 2026
#@# Fill Sun Mar 15 12:21:13 CET 2026
recon-all -s sub-v2s10x29004_ses-1 finished without error at Sun Mar 15 12:21:51 CET 2026



#New# invocation of recon-all 



status file for recon-all
Sun Mar 15 12:49:17 CET 2026
#@# white curv lh Sun Mar 15 12:49:17 CET 2026
#@# white area lh Sun Mar 15 12:49:17 CET 2026
#@# pial curv lh Sun Mar 15 12:49:17 CET 2026
#@# pial area lh Sun Mar 15 12:49:17 CET 2026
#@# thickness lh Sun Mar 15 12:49:17 CET 2026
#@# area and vertex vol lh Sun Mar 15 12:49:17 CET 2026
#@# white curv rh Sun Mar 15 12:49:17 CET 2026
#@# white area rh Sun Mar 15 12:49:17 CET 2026
#@# pial curv rh Sun Mar 15 12:49:17 CET 2026
#@# pial area rh Sun Mar 15 12:49:17 CET 2026
#@# thickness rh Sun Mar 15 12:49:17 CET 2026
#@# area and vertex vol rh Sun Mar 15 12:49:17 CET 2026
#@# Cortical ribbon mask Sun Mar 15 12:49:17 CET 2026
recon-all -s sub-v2s10x29004_ses-1 finished without error at Sun Mar 15 12:51:43 CET 2026



#New# invocation of recon-all 



status file for recon-all
Sun Mar 15 12:55:47 CET 2026
#@# white curv lh Sun Mar 15 12:55:47 CET 2026
#@# white area lh Sun Mar 15 12:55:47 CET 2026
#@# pial curv lh Sun Mar 15 12:55:47 CET 2026
#@# pial area lh Sun Mar 15 12:55:47 CET 2026
#@# thickness lh Sun Mar 15 12:55:47 CET 2026
#@# area and vertex vol lh Sun Mar 15 12:55:47 CET 2026
#@# white curv rh Sun Mar 15 12:55:47 CET 2026
#@# white area rh Sun Mar 15 12:55:47 CET 2026
#@# pial curv rh Sun Mar 15 12:55:47 CET 2026
#@# pial area rh Sun Mar 15 12:55:47 CET 2026
#@# thickness rh Sun Mar 15 12:55:47 CET 2026
#@# area and vertex vol rh Sun Mar 15 12:55:47 CET 2026
#@# Curvature Stats lh Sun Mar 15 12:55:47 CET 2026
#@# Curvature Stats rh Sun Mar 15 12:55:48 CET 2026
#@# Relabel Hypointensities Sun Mar 15 12:55:49 CET 2026
#@# APas-to-ASeg Sun Mar 15 12:55:59 CET 2026
#@# AParc-to-ASeg aparc Sun Mar 15 12:56:03 CET 2026
#@# AParc-to-ASeg aparc.a2009s Sun Mar 15 12:56:19 CET 2026
#@# AParc-to-ASeg aparc.DKTatlas Sun Mar 15 12:56:35 CET 2026
#@# WMParc Sun Mar 15 12:56:50 CET 2026
#@# ASeg Stats Sun Mar 15 12:58:33 CET 2026
recon-all -s sub-v2s10x29004_ses-1 finished without error at Sun Mar 15 12:58:49 CET 2026
