/out/sourcedata/freesurfer/sub-v2s10x28964_ses-1/mri
/opt/freesurfer/bin/talairach_avi
--i orig_nu.mgz --xfm transforms/talairach.auto.xfm
talairach_avi 7.3.2
Linux dna084 5.14.0-427.37.1.el9_4.x86_64 #1 SMP PREEMPT_DYNAMIC Fri Sep 13 12:41:50 EDT 2024 x86_64 x86_64 x86_64 GNU/Linux
Sun Mar 15 08:14:07 CET 2026
mri_convert orig_nu.mgz talsrcimg.img 
reading from orig_nu.mgz...
TR=0.00, TE=0.00, TI=0.00, flip angle=0.00
i_ras = (-1, -2.51021e-10, 0)
j_ras = (-1.86265e-09, -1.16415e-10, -1)
k_ras = (3.97267e-09, 1, -1.16415e-10)
writing to talsrcimg.img...
Analyze Output Matrix
-1.00000  -0.00000   0.00000   128.42050;
-0.00000  -0.00000   1.00000  -113.99680;
 0.00000  -1.00000  -0.00000   110.98591;
 0.00000   0.00000   0.00000   1.00000;
--------------------
INFO: set hdr.hist.orient to -1
mpr2mni305 talsrcimg
Sun Mar 15 08:14:07 CET 2026
/opt/freesurfer/bin/mpr2mni305 talsrcimg
mpr2mni305 7.3.2
target=711-2C_as_mni_average_305

---------------------------------------------------------------------
analyzeto4dfp talsrcimg -O0 -y
---------------------------------------------------------------------

freesurfer ifh2hdr.c
Sun Mar 15 08:14:07 2026
Writing: talsrcimg.4dfp.hdr
freesurfer analyzeto4dfp.c
Reading: talsrcimg.hdr
header size 348 bytes
hdr.dime.datatype	offset=70	value=2
hdr.dime.bitpix		offset=72	value=8
hdr.hist.orient		offset=252	value=-1
dimensionality     4
dimensions       256       256       256         1
Reading: talsrcimg.img
Writing: talsrcimg.4dfp.img
Writing: talsrcimg.4dfp.ifh
ifh2hdr talsrcimg -r0to233
ori=2

---------------------------------------------------------------------
gauss_4dfp talsrcimg 1.1
---------------------------------------------------------------------

freesurfer gauss_4dfp.c
Reading: talsrcimg.4dfp.img
Writing: talsrcimg_g11.4dfp.img
image dimensions 256 256 256 padded to 288 288 288
processing volume 1freesurfer ifh2hdr.c
Sun Mar 15 08:14:09 2026
Writing: talsrcimg_g11.4dfp.hdr

Writing: talsrcimg_g11.4dfp.ifh
including: talsrcimg.4dfp.img.rec in talsrcimg_g11.4dfp.img.rec

---------------------------------------------------------------------
imgreg_4dfp /opt/freesurfer/average/711-2C_as_mni_average_305 none talsrcimg_g11 none talsrcimg_to_711-2C_as_mni_average_305_t4 4355
---------------------------------------------------------------------

freesurfer imgreg_4dfp.c
/opt/freesurfer/average/711-2C_as_mni_average_305.4dfp.img
       256       256       256         1
  1.000000  1.000000  1.000000
orientation T byte_order littleendian
Reading image: /opt/freesurfer/average/711-2C_as_mni_average_305.4dfp.img
dimensions:      256       256       256
mmppix:       1.0000   -1.0000   -1.0000
center:     128.0000 -129.0000 -129.0000
talsrcimg_g11.4dfp.img
       256       256       256         1
  1.000000  1.000000  1.000000
orientation T byte_order littleendian
Reading image: talsrcimg_g11.4dfp.img
dimensions:      256       256       256
mmppix:       1.0000   -1.0000   -1.0000
center:     128.0000 -129.0000 -129.0000
t4_read: open error in t4_sub.f l:  41 t4_file(1:l)talsrcimg_to_711-2C_as_mni_average_305_t4 
t4_read: transform initialized to I4
rotation matrix determinant  1.000000
image alignment mode   4355 decimal     1103 hex
   -7.5000  -45.0000  -45.0000 7667.2603   12.3312
    0.0000  -45.0000  -45.0000 7980.5293   12.3345
    7.5000  -45.0000  -45.0000 7587.4033   12.3294
   -7.5000  -37.5000  -45.0000 8290.7871   12.0953
    0.0000  -37.5000  -45.0000 8634.1094   12.1017
    7.5000  -37.5000  -45.0000 8227.3848   12.0960
   -7.5000  -30.0000  -45.0000 9254.8174   11.9321
    0.0000  -30.0000  -45.0000 9640.9102   11.9395
    7.5000  -30.0000  -45.0000 9199.4258   11.9342
   -7.5000  -22.5000  -45.000010285.5391   11.8785
    0.0000  -22.5000  -45.000010729.9180   11.8837
    7.5000  -22.5000  -45.000010215.0459   11.8779
   -7.5000  -15.0000  -45.000011278.4072   11.8531
    0.0000  -15.0000  -45.000011751.6084   11.8553
    7.5000  -15.0000  -45.000011176.0049   11.8493
   -7.5000   -7.5000  -45.000012183.3633   11.8419
    0.0000   -7.5000  -45.000012731.2139   11.8429
    7.5000   -7.5000  -45.000012075.2773   11.8376
   -7.5000    0.0000  -45.000013025.2900   11.8405
    0.0000    0.0000  -45.000013600.1738   11.8432
    7.5000    0.0000  -45.000012920.2373   11.8383
   -7.5000    7.5000  -45.000012871.9385   11.8305
    0.0000    7.5000  -45.000013413.2129   11.8363
    7.5000    7.5000  -45.000012762.5078   11.8313
   -7.5000   15.0000  -45.000012489.3848   11.8167
    0.0000   15.0000  -45.000013004.5684   11.8238
    7.5000   15.0000  -45.000012366.5771   11.8186
   -7.5000   22.5000  -45.000012017.1855   11.8136
    0.0000   22.5000  -45.000012498.3848   11.8185
    7.5000   22.5000  -45.000011868.1719   11.8129
   -7.5000   30.0000  -45.000011536.4590   11.6692
    0.0000   30.0000  -45.000012009.6035   11.6713
    7.5000   30.0000  -45.000011368.3076   11.6654
   -7.5000   37.5000  -45.000011307.9678   11.6795
    0.0000   37.5000  -45.000011783.3311   11.6805
    7.5000   37.5000  -45.000011132.8428   11.6752
   -7.5000   45.0000  -45.000010504.6748   11.3861
    0.0000   45.0000  -45.000010959.9814   11.3886
    7.5000   45.0000  -45.000010342.6885   11.3840
   -7.5000  -45.0000  -37.5000 8036.2515   12.3389
    0.0000  -45.0000  -37.5000 8365.3740   12.3403
    7.5000  -45.0000  -37.5000 7956.7651   12.3329
   -7.5000  -37.5000  -37.5000 8723.3594   12.1000
    0.0000  -37.5000  -37.5000 9086.2764   12.1031
    7.5000  -37.5000  -37.5000 8649.6621   12.0943
   -7.5000  -30.0000  -37.5000 9758.7080   11.9387
    0.0000  -30.0000  -37.500010166.6797   11.9433
    7.5000  -30.0000  -37.5000 9671.1973   11.9347
   -7.5000  -22.5000  -37.500010830.2285   11.8896
    0.0000  -22.5000  -37.500011290.1533   11.8940
    7.5000  -22.5000  -37.500010722.6650   11.8854
   -7.5000  -15.0000  -37.500011859.8916   11.8670
    0.0000  -15.0000  -37.500012357.5664   11.8700
    7.5000  -15.0000  -37.500011737.6572   11.8617
   -7.5000   -7.5000  -37.500012797.4492   11.8538
    0.0000   -7.5000  -37.500013368.9307   11.8554
    7.5000   -7.5000  -37.500012700.1084   11.8481
   -7.5000    0.0000  -37.500013698.3008   11.8477
    0.0000    0.0000  -37.500014327.2979   11.8489
    7.5000    0.0000  -37.500013603.4971   11.8418
   -7.5000    7.5000  -37.500013528.2852   11.8351
    0.0000    7.5000  -37.500014114.0088   11.8377
    7.5000    7.5000  -37.500013421.2041   11.8298
   -7.5000   15.0000  -37.500013128.6094   11.8229
    0.0000   15.0000  -37.500013677.0820   11.8271
    7.5000   15.0000  -37.500012998.5430   11.8188
   -7.5000   22.5000  -37.500012631.4844   11.8240
    0.0000   22.5000  -37.500013148.0850   11.8282
    7.5000   22.5000  -37.500012466.7637   11.8198
   -7.5000   30.0000  -37.500012083.6279   11.6826
    0.0000   30.0000  -37.500012592.3027   11.6855
    7.5000   30.0000  -37.500011935.1494   11.6774
   -7.5000   37.5000  -37.500011841.8818   11.6912
    0.0000   37.5000  -37.500012362.3975   11.6927
    7.5000   37.5000  -37.500011705.1035   11.6855
   -7.5000   45.0000  -37.500011011.4541   11.3930
    0.0000   45.0000  -37.500011493.3408   11.3941
    7.5000   45.0000  -37.500010871.7939   11.3873
   -7.5000  -45.0000  -30.0000 8535.7441   12.8700
    0.0000  -45.0000  -30.0000 8905.0459   12.8684
    7.5000  -45.0000  -30.0000 8441.0039   12.8564
   -7.5000  -37.5000  -30.0000 9285.3193   12.6171
    0.0000  -37.5000  -30.0000 9700.0615   12.6170
    7.5000  -37.5000  -30.0000 9190.3262   12.6034
   -7.5000  -30.0000  -30.000010394.4092   12.4512
    0.0000  -30.0000  -30.000010852.9229   12.4539
    7.5000  -30.0000  -30.000010289.8779   12.4414
   -7.5000  -22.5000  -30.000011516.8389   12.4058
    0.0000  -22.5000  -30.000012000.4746   12.4095
    7.5000  -22.5000  -30.000011396.4346   12.3979
   -7.5000  -15.0000  -30.000012617.9785   12.3859
    0.0000  -15.0000  -30.000013145.6289   12.3883
    7.5000  -15.0000  -30.000012485.9541   12.3773
   -7.5000   -7.5000  -30.000013638.5215   12.3695
    0.0000   -7.5000  -30.000014230.2920   12.3694
    7.5000   -7.5000  -30.000013502.5938   12.3588
   -7.5000    0.0000  -30.000014574.8672   12.3574
    0.0000    0.0000  -30.000015209.6621   12.3557
    7.5000    0.0000  -30.000014444.3291   12.3442
   -7.5000    7.5000  -30.000014355.8135   12.3409
    0.0000    7.5000  -30.000014975.2549   12.3404
    7.5000    7.5000  -30.000014235.6260   12.3279
   -7.5000   15.0000  -30.000013946.0938   12.3302
    0.0000   15.0000  -30.000014550.5156   12.3325
    7.5000   15.0000  -30.000013805.1992   12.3203
   -7.5000   22.5000  -30.000013411.8848   12.3356
    0.0000   22.5000  -30.000013982.1719   12.3390
    7.5000   22.5000  -30.000013242.0518   12.3276
   -7.5000   30.0000  -30.000012802.3262   12.1941
    0.0000   30.0000  -30.000013349.4609   12.1964
    7.5000   30.0000  -30.000012651.2363   12.1856
   -7.5000   37.5000  -30.000012531.1631   12.2010
    0.0000   37.5000  -30.000013066.6572   12.2008
    7.5000   37.5000  -30.000012404.1826   12.1904
   -7.5000   45.0000  -30.000011643.4121   11.8918
    0.0000   45.0000  -30.000012127.5400   11.8902
    7.5000   45.0000  -30.000011526.9004   11.8791
   -7.5000  -45.0000  -22.5000 9046.7070   13.3133
    0.0000  -45.0000  -22.5000 9431.0850   13.3103
    7.5000  -45.0000  -22.5000 8944.0918   13.2960
   -7.5000  -37.5000  -22.5000 9856.9219   13.0511
    0.0000  -37.5000  -22.500010279.3623   13.0512
    7.5000  -37.5000  -22.5000 9747.7939   13.0359
   -7.5000  -30.0000  -22.500011026.2383   12.8800
    0.0000  -30.0000  -22.500011500.6152   12.8835
    7.5000  -30.0000  -22.500010924.6953   12.8701
   -7.5000  -22.5000  -22.500012194.3223   12.8343
    0.0000  -22.5000  -22.500012705.4277   12.8378
    7.5000  -22.5000  -22.500012079.6221   12.8258
   -7.5000  -15.0000  -22.500013341.1494   12.8138
    0.0000  -15.0000  -22.500013920.1719   12.8149
    7.5000  -15.0000  -22.500013208.8018   12.8032
   -7.5000   -7.5000  -22.500014412.8721   12.7962
    0.0000   -7.5000  -22.500015062.9453   12.7941
    7.5000   -7.5000  -22.500014277.5449   12.7819
   -7.5000    0.0000  -22.500015366.5332   12.7830
    0.0000    0.0000  -22.500016058.8672   12.7798
    7.5000    0.0000  -22.500015244.7266   12.7661
   -7.5000    7.5000  -22.500015139.7227   12.7655
    0.0000    7.5000  -22.500015797.1553   12.7652
    7.5000    7.5000  -22.500014995.8027   12.7509
   -7.5000   15.0000  -22.500014721.2402   12.7552
    0.0000   15.0000  -22.500015366.6826   12.7582
    7.5000   15.0000  -22.500014574.5039   12.7452
   -7.5000   22.5000  -22.500014135.2168   12.7609
    0.0000   22.5000  -22.500014770.4932   12.7642
    7.5000   22.5000  -22.500013988.3984   12.7524
   -7.5000   30.0000  -22.500013437.7305   12.6172
    0.0000   30.0000  -22.500014053.3799   12.6182
    7.5000   30.0000  -22.500013317.7197   12.6068
   -7.5000   37.5000  -22.500013128.5508   12.6238
    0.0000   37.5000  -22.500013715.2705   12.6216
    7.5000   37.5000  -22.500013016.4229   12.6096
   -7.5000   45.0000  -22.500012221.8242   12.3107
    0.0000   45.0000  -22.500012721.9746   12.3076
    7.5000   45.0000  -22.500012114.3164   12.2944
   -7.5000  -45.0000  -15.0000 9530.1846   13.6204
    0.0000  -45.0000  -15.0000 9953.3936   13.6195
    7.5000  -45.0000  -15.0000 9450.2617   13.6072
   -7.5000  -37.5000  -15.000010376.8975   13.3553
    0.0000  -37.5000  -15.000010833.3125   13.3591
    7.5000  -37.5000  -15.000010281.3008   13.3463
   -7.5000  -30.0000  -15.000011603.3389   13.1781
    0.0000  -30.0000  -15.000012106.3496   13.1848
    7.5000  -30.0000  -15.000011499.5039   13.1742
   -7.5000  -22.5000  -15.000012831.2793   13.1266
    0.0000  -22.5000  -15.000013368.0752   13.1314
    7.5000  -22.5000  -15.000012711.4746   13.1219
   -7.5000  -15.0000  -15.000014017.2178   13.1024
    0.0000  -15.0000  -15.000014619.0801   13.1033
    7.5000  -15.0000  -15.000013891.9570   13.0939
   -7.5000   -7.5000  -15.000015162.4824   13.0865
    0.0000   -7.5000  -15.000015856.3965   13.0844
    7.5000   -7.5000  -15.000015030.0332   13.0740
   -7.5000    0.0000  -15.000016179.6396   13.0783
    0.0000    0.0000  -15.000016934.3867   13.0767
    7.5000    0.0000  -15.000016043.1455   13.0650
   -7.5000    7.5000  -15.000015907.5557   13.0632
    0.0000    7.5000  -15.000016664.3086   13.0663
    7.5000    7.5000  -15.000015794.6016   13.0545
   -7.5000   15.0000  -15.000015446.1758   13.0509
    0.0000   15.0000  -15.000016177.6270   13.0572
    7.5000   15.0000  -15.000015352.9600   13.0468
   -7.5000   22.5000  -15.000014797.4951   13.0516
    0.0000   22.5000  -15.000015540.4668   13.0561
    7.5000   22.5000  -15.000014725.3906   13.0468
   -7.5000   30.0000  -15.000014040.9717   12.9035
    0.0000   30.0000  -15.000014742.9424   12.9043
    7.5000   30.0000  -15.000013980.3477   12.8951
   -7.5000   37.5000  -15.000013706.7217   12.9120
    0.0000   37.5000  -15.000014359.4619   12.9098
    7.5000   37.5000  -15.000013633.1064   12.8996
   -7.5000   45.0000  -15.000012782.9121   12.6027
    0.0000   45.0000  -15.000013341.7012   12.6011
    7.5000   45.0000  -15.000012685.2842   12.5899
   -7.5000  -45.0000   -7.500010012.1787   13.7667
    0.0000  -45.0000   -7.500010435.4404   13.7690
    7.5000  -45.0000   -7.5000 9930.8486   13.7611
   -7.5000  -37.5000   -7.500010900.3398   13.5022
    0.0000  -37.5000   -7.500011361.7969   13.5094
    7.5000  -37.5000   -7.500010798.1748   13.5012
   -7.5000  -30.0000   -7.500012196.6426   13.3206
    0.0000  -30.0000   -7.500012714.0029   13.3297
    7.5000  -30.0000   -7.500012082.2051   13.3229
   -7.5000  -22.5000   -7.500013471.4932   13.2629
    0.0000  -22.5000   -7.500014046.4326   13.2688
    7.5000  -22.5000   -7.500013348.4629   13.2622
   -7.5000  -15.0000   -7.500014679.0537   13.2354
    0.0000  -15.0000   -7.500015333.7930   13.2369
    7.5000  -15.0000   -7.500014555.7656   13.2301
   -7.5000   -7.5000   -7.500015884.3828   13.2220
    0.0000   -7.5000   -7.500016650.8145   13.2214
    7.5000   -7.5000   -7.500015774.1729   13.2143
   -7.5000    0.0000   -7.500017051.0664   13.2191
    0.0000    0.0000   -7.500017916.0918   13.2205
    7.5000    0.0000   -7.500016898.5879   13.2131
   -7.5000    7.5000   -7.500016834.1680   13.2069
    0.0000    7.5000   -7.500017702.2520   13.2133
    7.5000    7.5000   -7.500016742.7012   13.2059
   -7.5000   15.0000   -7.500016278.7461   13.1922
    0.0000   15.0000   -7.500017159.4043   13.2008
    7.5000   15.0000   -7.500016282.1162   13.1942
   -7.5000   22.5000   -7.500015542.5322   13.1862
    0.0000   22.5000   -7.500016420.7363   13.1918
    7.5000   22.5000   -7.500015553.5654   13.1854
   -7.5000   30.0000   -7.500014723.7031   13.0346
    0.0000   30.0000   -7.500015534.9824   13.0360
    7.5000   30.0000   -7.500014705.1201   13.0293
   -7.5000   37.5000   -7.500014387.9473   13.0453
    0.0000   37.5000   -7.500015145.6006   13.0447
    7.5000   37.5000   -7.500014312.1211   13.0378
   -7.5000   45.0000   -7.500013449.7695   12.7407
    0.0000   45.0000   -7.500014096.8877   12.7420
    7.5000   45.0000   -7.500013319.4561   12.7350
   -7.5000  -45.0000    0.000010382.5029   13.7946
    0.0000  -45.0000    0.000010830.0098   13.7982
    7.5000  -45.0000    0.000010304.5869   13.7925
   -7.5000  -37.5000    0.000011317.8242   13.5304
    0.0000  -37.5000    0.000011796.2402   13.5375
    7.5000  -37.5000    0.000011213.2266   13.5311
   -7.5000  -30.0000    0.000012675.0459   13.3481
    0.0000  -30.0000    0.000013210.4590   13.3564
    7.5000  -30.0000    0.000012579.0576   13.3503
   -7.5000  -22.5000    0.000014026.4668   13.2889
    0.0000  -22.5000    0.000014627.9502   13.2945
    7.5000  -22.5000    0.000013920.8916   13.2879
   -7.5000  -15.0000    0.000015250.8330   13.2608
    0.0000  -15.0000    0.000015933.9531   13.2632
    7.5000  -15.0000    0.000015160.6836   13.2563
   -7.5000   -7.5000    0.000016445.4219   13.2479
    0.0000   -7.5000    0.000017271.1113   13.2491
    7.5000   -7.5000    0.000016419.5312   13.2431
   -7.5000    0.0000    0.000017698.2188   13.2458
    0.0000    0.0000    0.000018709.2598   13.2487
    7.5000    0.0000    0.000017631.8047   13.2433
   -7.5000    7.5000    0.000017695.5215   13.2343
    0.0000    7.5000    0.000018788.0566   13.2407
    7.5000    7.5000    0.000017601.1777   13.2351
   -7.5000   15.0000    0.000017192.4844   13.2191
    0.0000   15.0000    0.000018219.8789   13.2269
    7.5000   15.0000    0.000017120.5977   13.2210
   -7.5000   22.5000    0.000016378.2227   13.2120
    0.0000   22.5000    0.000017261.6523   13.2173
    7.5000   22.5000    0.000016260.6494   13.2109
   -7.5000   30.0000    0.000015443.4521   13.0601
    0.0000   30.0000    0.000016230.9102   13.0624
    7.5000   30.0000    0.000015296.3369   13.0558
   -7.5000   37.5000    0.000015052.3672   13.0713
    0.0000   37.5000    0.000015783.7734   13.0724
    7.5000   37.5000    0.000014858.2861   13.0665
   -7.5000   45.0000    0.000014032.9912   12.7674
    0.0000   45.0000    0.000014676.9307   12.7702
    7.5000   45.0000    0.000013828.9561   12.7650
   -7.5000  -45.0000    7.5000 9961.8193   13.8075
    0.0000  -45.0000    7.500010409.5371   13.8092
    7.5000  -45.0000    7.5000 9909.6846   13.8009
   -7.5000  -37.5000    7.500010822.4854   13.5402
    0.0000  -37.5000    7.500011327.0225   13.5437
    7.5000  -37.5000    7.500010775.0684   13.5338
   -7.5000  -30.0000    7.500012103.9043   13.3598
    0.0000  -30.0000    7.500012660.6035   13.3649
    7.5000  -30.0000    7.500012078.6729   13.3553
   -7.5000  -22.5000    7.500013413.6211   13.3048
    0.0000  -22.5000    7.500014017.0596   13.3097
    7.5000  -22.5000    7.500013393.3193   13.3001
   -7.5000  -15.0000    7.500014622.4980   13.2795
    0.0000  -15.0000    7.500015288.4473   13.2829
    7.5000  -15.0000    7.500014613.4521   13.2736
   -7.5000   -7.5000    7.500015840.3916   13.2647
    0.0000   -7.5000    7.500016584.1816   13.2665
    7.5000   -7.5000    7.500015803.7373   13.2583
   -7.5000    0.0000    7.500017079.2988   13.2579
    0.0000    0.0000    7.500017959.4980   13.2592
    7.5000    0.0000    7.500016953.1758   13.2513
   -7.5000    7.5000    7.500017154.3848   13.2438
    0.0000    7.5000    7.500018058.7480   13.2467
    7.5000    7.5000    7.500016909.9277   13.2378
   -7.5000   15.0000    7.500016756.0430   13.2301
    0.0000   15.0000    7.500017527.0684   13.2348
    7.5000   15.0000    7.500016406.6992   13.2255
   -7.5000   22.5000    7.500015946.2168   13.2271
    0.0000   22.5000    7.500016606.2520   13.2318
    7.5000   22.5000    7.500015573.4189   13.2224
   -7.5000   30.0000    7.500014967.8760   13.0782
    0.0000   30.0000    7.500015638.0244   13.0815
    7.5000   30.0000    7.500014665.9824   13.0724
   -7.5000   37.5000    7.500014480.8291   13.0879
    0.0000   37.5000    7.500015184.4453   13.0896
    7.5000   37.5000    7.500014238.7305   13.0815
   -7.5000   45.0000    7.500013437.0039   12.7791
    0.0000   45.0000    7.500014079.3438   12.7804
    7.5000   45.0000    7.500013255.8389   12.7727
   -7.5000  -45.0000   15.0000 9400.2578   13.8388
    0.0000  -45.0000   15.0000 9833.8818   13.8372
    7.5000  -45.0000   15.0000 9380.7764   13.8242
   -7.5000  -37.5000   15.000010223.3223   13.5664
    0.0000  -37.5000   15.000010679.1523   13.5664
    7.5000  -37.5000   15.000010215.9189   13.5516
   -7.5000  -30.0000   15.000011444.0283   13.3878
    0.0000  -30.0000   15.000011915.8525   13.3908
    7.5000  -30.0000   15.000011448.4756   13.3772
   -7.5000  -22.5000   15.000012738.2266   13.3390
    0.0000  -22.5000   15.000013246.7500   13.3432
    7.5000  -22.5000   15.000012737.2695   13.3306
   -7.5000  -15.0000   15.000013975.2305   13.3178
    0.0000  -15.0000   15.000014533.3652   13.3206
    7.5000  -15.0000   15.000013928.9756   13.3086
   -7.5000   -7.5000   15.000015190.3760   13.3001
    0.0000   -7.5000   15.000015782.6367   13.3002
    7.5000   -7.5000   15.000015050.9932   13.2887
   -7.5000    0.0000   15.000016305.3652   13.2869
    0.0000    0.0000   15.000017027.0215   13.2852
    7.5000    0.0000   15.000016137.3994   13.2728
   -7.5000    7.5000   15.000016166.0557   13.2690
    0.0000    7.5000   15.000016928.5957   13.2687
    7.5000    7.5000   15.000015993.7100   13.2550
   -7.5000   15.0000   15.000015681.7295   13.2575
    0.0000   15.0000   15.000016386.7500   13.2601
    7.5000   15.0000   15.000015511.1855   13.2469
   -7.5000   22.5000   15.000014972.8242   13.2605
    0.0000   22.5000   15.000015671.1582   13.2644
    7.5000   22.5000   15.000014834.3564   13.2520
   -7.5000   30.0000   15.000014127.7207   13.1154
    0.0000   30.0000   15.000014848.3574   13.1180
    7.5000   30.0000   15.000014015.6934   13.1063
   -7.5000   37.5000   15.000013698.4180   13.1227
    0.0000   37.5000   15.000014403.9834   13.1228
    7.5000   37.5000   15.000013592.0186   13.1114
   -7.5000   45.0000   15.000012709.5068   12.8070
    0.0000   45.0000   15.000013321.6426   12.8054
    7.5000   45.0000   15.000012593.9355   12.7934
   -7.5000  -45.0000   22.5000 8788.4443   13.8876
    0.0000  -45.0000   22.5000 9191.4844   13.8849
    7.5000  -45.0000   22.5000 8773.2061   13.8696
   -7.5000  -37.5000   22.5000 9597.2285   13.6136
    0.0000  -37.5000   22.500010012.5723   13.6140
    7.5000  -37.5000   22.5000 9570.5322   13.5978
   -7.5000  -30.0000   22.500010771.4873   13.4346
    0.0000  -30.0000   22.500011214.9912   13.4386
    7.5000  -30.0000   22.500010721.9521   13.4244
   -7.5000  -22.5000   22.500011980.0527   13.3870
    0.0000  -22.5000   22.500012461.1279   13.3910
    7.5000  -22.5000   22.500011914.1152   13.3783
   -7.5000  -15.0000   22.500013101.9814   13.3654
    0.0000  -15.0000   22.500013618.1680   13.3669
    7.5000  -15.0000   22.500013029.5107   13.3545
   -7.5000   -7.5000   22.500014195.9932   13.3466
    0.0000   -7.5000   22.500014738.7373   13.3447
    7.5000   -7.5000   22.500014099.0801   13.3318
   -7.5000    0.0000   22.500015206.6182   13.3325
    0.0000    0.0000   22.500015844.0137   13.3295
    7.5000    0.0000   22.500015133.1104   13.3149
   -7.5000    7.5000   22.500015023.7061   13.3142
    0.0000    7.5000   22.500015656.7529   13.3143
    7.5000    7.5000   22.500014942.9707   13.2991
   -7.5000   15.0000   22.500014560.0176   13.3038
    0.0000   15.0000   22.500015136.3037   13.3074
    7.5000   15.0000   22.500014483.1719   13.2935
   -7.5000   22.5000   22.500013947.1670   13.3080
    0.0000   22.5000   22.500014528.1328   13.3118
    7.5000   22.5000   22.500013911.2100   13.2993
   -7.5000   30.0000   22.500013224.7393   13.1621
    0.0000   30.0000   22.500013809.5967   13.1635
    7.5000   30.0000   22.500013182.4990   13.1513
   -7.5000   37.5000   22.500012824.5635   13.1686
    0.0000   37.5000   22.500013412.4092   13.1666
    7.5000   37.5000   22.500012757.4336   13.1539
   -7.5000   45.0000   22.500011890.5811   12.8510
    0.0000   45.0000   22.500012412.8008   12.8481
    7.5000   45.0000   22.500011804.4922   12.8341
   -7.5000  -45.0000   30.0000 8168.2329   14.0846
    0.0000  -45.0000   30.0000 8567.8076   14.0836
    7.5000  -45.0000   30.0000 8129.3955   14.0703
   -7.5000  -37.5000   30.0000 8923.7588   13.8078
    0.0000  -37.5000   30.0000 9342.5381   13.8118
    7.5000  -37.5000   30.0000 8870.6260   13.7981
   -7.5000  -30.0000   30.000010005.8936   13.6211
    0.0000  -30.0000   30.000010451.0781   13.6285
    7.5000  -30.0000   30.0000 9945.6680   13.6171
   -7.5000  -22.5000   30.000011087.8281   13.5671
    0.0000  -22.5000   30.000011565.7568   13.5724
    7.5000  -22.5000   30.000011044.1826   13.5621
   -7.5000  -15.0000   30.000012097.6523   13.5415
    0.0000  -15.0000   30.000012626.4004   13.5427
    7.5000  -15.0000   30.000012079.2490   13.5323
   -7.5000   -7.5000   30.000013109.0762   13.5244
    0.0000   -7.5000   30.000013656.1074   13.5223
    7.5000   -7.5000   30.000013081.1787   13.5111
   -7.5000    0.0000   30.000014036.6299   13.5157
    0.0000    0.0000   30.000014637.4189   13.5141
    7.5000    0.0000   30.000014024.4824   13.5015
   -7.5000    7.5000   30.000013869.9980   13.4999
    0.0000    7.5000   30.000014428.5215   13.5032
    7.5000    7.5000   30.000013819.7578   13.4906
   -7.5000   15.0000   30.000013477.3838   13.4872
    0.0000   15.0000   30.000013988.4971   13.4940
    7.5000   15.0000   30.000013417.5166   13.4829
   -7.5000   22.5000   30.000012949.7627   13.4867
    0.0000   22.5000   30.000013456.7266   13.4917
    7.5000   22.5000   30.000012900.8184   13.4816
   -7.5000   30.0000   30.000012296.4492   13.3353
    0.0000   30.0000   30.000012802.7041   13.3364
    7.5000   30.0000   30.000012239.2363   13.3263
   -7.5000   37.5000   30.000011925.3457   13.3439
    0.0000   37.5000   30.000012430.0801   13.3418
    7.5000   37.5000   30.000011860.1074   13.3307
   -7.5000   45.0000   30.000011050.1162   13.0276
    0.0000   45.0000   30.000011526.4590   13.0260
    7.5000   45.0000   30.000010983.3486   13.0139
   -7.5000  -45.0000   37.5000 7732.6245   14.3533
    0.0000  -45.0000   37.5000 8142.1016   14.3543
    7.5000  -45.0000   37.5000 7737.4448   14.3438
   -7.5000  -37.5000   37.5000 8463.4111   14.0727
    0.0000  -37.5000   37.5000 8890.7988   14.0789
    7.5000  -37.5000   37.5000 8444.2500   14.0680
   -7.5000  -30.0000   37.5000 9501.4590   13.8767
    0.0000  -30.0000   37.5000 9969.5479   13.8851
    7.5000  -30.0000   37.5000 9476.7861   13.8760
   -7.5000  -22.5000   37.500010525.5908   13.8149
    0.0000  -22.5000   37.500011032.3984   13.8199
    7.5000  -22.5000   37.500010515.2295   13.8113
   -7.5000  -15.0000   37.500011512.7188   13.7850
    0.0000  -15.0000   37.500012062.7568   13.7856
    7.5000  -15.0000   37.500011505.8516   13.7767
   -7.5000   -7.5000   37.500012492.7021   13.7696
    0.0000   -7.5000   37.500013062.8799   13.7679
    7.5000   -7.5000   37.500012486.9805   13.7586
   -7.5000    0.0000   37.500013387.5762   13.7658
    0.0000    0.0000   37.500013993.1094   13.7660
    7.5000    0.0000   37.500013387.0645   13.7561
   -7.5000    7.5000   37.500013224.3691   13.7528
    0.0000    7.5000   37.500013785.3105   13.7582
    7.5000    7.5000   37.500013184.7422   13.7483
   -7.5000   15.0000   37.500012870.9453   13.7377
    0.0000   15.0000   37.500013377.2686   13.7455
    7.5000   15.0000   37.500012805.4883   13.7367
   -7.5000   22.5000   37.500012384.6211   13.7321
    0.0000   22.5000   37.500012869.1836   13.7369
    7.5000   22.5000   37.500012328.3926   13.7285
   -7.5000   30.0000   37.500011787.9141   13.5750
    0.0000   30.0000   37.500012261.1055   13.5755
    7.5000   30.0000   37.500011724.3350   13.5669
   -7.5000   37.5000   37.500011417.2266   13.5858
    0.0000   37.5000   37.500011917.0166   13.5841
    7.5000   37.5000   37.500011374.5283   13.5749
   -7.5000   45.0000   37.500010593.6914   13.2686
    0.0000   45.0000   37.500011050.4014   13.2688
    7.5000   45.0000   37.500010543.5342   13.2593
   -7.5000  -45.0000   45.0000 6987.8721   14.6899
    0.0000  -45.0000   45.0000 7342.0918   14.6898
    7.5000  -45.0000   45.0000 7004.2129   14.6803
   -7.5000  -37.5000   45.0000 7651.0835   14.3989
    0.0000  -37.5000   45.0000 8045.9355   14.4031
    7.5000  -37.5000   45.0000 7647.5332   14.3927
   -7.5000  -30.0000   45.0000 8603.1621   14.1941
    0.0000  -30.0000   45.0000 9047.8447   14.1999
    7.5000  -30.0000   45.0000 8591.8447   14.1906
   -7.5000  -22.5000   45.0000 9561.5508   14.1283
    0.0000  -22.5000   45.000010044.9404   14.1315
    7.5000  -22.5000   45.0000 9554.1895   14.1223
   -7.5000  -15.0000   45.000010476.9619   14.0960
    0.0000  -15.0000   45.000010999.9570   14.0955
    7.5000  -15.0000   45.000010468.1182   14.0861
   -7.5000   -7.5000   45.000011385.0664   14.0790
    0.0000   -7.5000   45.000011931.6602   14.0768
    7.5000   -7.5000   45.000011381.7939   14.0678
   -7.5000    0.0000   45.000012194.8447   14.0748
    0.0000    0.0000   45.000012748.9297   14.0742
    7.5000    0.0000   45.000012188.0186   14.0652
   -7.5000    7.5000   45.000012056.1338   14.0623
    0.0000    7.5000   45.000012576.4795   14.0658
    7.5000    7.5000   45.000012016.8408   14.0565
   -7.5000   15.0000   45.000011748.4531   14.0473
    0.0000   15.0000   45.000012242.6113   14.0527
    7.5000   15.0000   45.000011696.8154   14.0436
   -7.5000   22.5000   45.000011330.5439   14.0412
    0.0000   22.5000   45.000011795.8242   14.0442
    7.5000   22.5000   45.000011281.0049   14.0352
   -7.5000   30.0000   45.000010782.1641   13.8793
    0.0000   30.0000   45.000011231.8516   13.8788
    7.5000   30.0000   45.000010748.4727   13.8696
   -7.5000   37.5000   45.000010459.6436   13.8897
    0.0000   37.5000   45.000010923.8057   13.8875
    7.5000   37.5000   45.000010428.6846   13.8786
   -7.5000   45.0000   45.0000 9686.4658   13.5726
    0.0000   45.0000   45.000010140.2588   13.5720
    7.5000   45.0000   45.0000 9663.2676   13.5634

---------------------------------------------------------------------
imgreg_4dfp /opt/freesurfer/average/711-2C_as_mni_average_305 /opt/freesurfer/average/711-2B_as_mni_average_305_mask talsrcimg_g11 none talsrcimg_to_711-2C_as_mni_average_305_t4 4355
---------------------------------------------------------------------

freesurfer imgreg_4dfp.c
/opt/freesurfer/average/711-2C_as_mni_average_305.4dfp.img
       256       256       256         1
  1.000000  1.000000  1.000000
orientation T byte_order littleendian
Reading image: /opt/freesurfer/average/711-2C_as_mni_average_305.4dfp.img
dimensions:      256       256       256
mmppix:       1.0000   -1.0000   -1.0000
center:     128.0000 -129.0000 -129.0000
/opt/freesurfer/average/711-2B_as_mni_average_305_mask.4dfp.img
       256       256       256         1
  1.000000  1.000000  1.000000
orientation T byte_order littleendian
Reading mask: /opt/freesurfer/average/711-2B_as_mni_average_305_mask.4dfp.img (2306576 pixels)
talsrcimg_g11.4dfp.img
       256       256       256         1
  1.000000  1.000000  1.000000
orientation T byte_order littleendian
Reading image: talsrcimg_g11.4dfp.img
dimensions:      256       256       256
mmppix:       1.0000   -1.0000   -1.0000
center:     128.0000 -129.0000 -129.0000
rotation matrix determinant  1.000000
image alignment mode   4355 decimal     1103 hex
   -7.5000  -37.5000  -45.0000 2198.0391   14.3277
    0.0000  -37.5000  -45.0000 2200.3438   14.3879
    7.5000  -37.5000  -45.0000 2184.8408   14.5754
   -7.5000  -30.0000  -45.0000 2296.0120   13.0340
    0.0000  -30.0000  -45.0000 2298.1123   13.0593
    7.5000  -30.0000  -45.0000 2283.1350   13.2401
   -7.5000  -22.5000  -45.0000 2381.4780   12.0817
    0.0000  -22.5000  -45.0000 2389.6460   12.1016
    7.5000  -22.5000  -45.0000 2368.5918   12.2642
   -7.5000  -15.0000  -45.0000 2436.1633   11.4602
    0.0000  -15.0000  -45.0000 2440.5247   11.4560
    7.5000  -15.0000  -45.0000 2417.4282   11.6379
   -7.5000   -7.5000  -45.0000 2467.7708   11.0471
    0.0000   -7.5000  -45.0000 2476.5557   11.0212
    7.5000   -7.5000  -45.0000 2450.0791   11.1910
   -7.5000    0.0000  -45.0000 2482.1514   10.8296
    0.0000    0.0000  -45.0000 2489.7190   10.7986
    7.5000    0.0000  -45.0000 2463.5391   10.9637
   -7.5000    7.5000  -45.0000 2492.4614   10.7418
    0.0000    7.5000  -45.0000 2497.0505   10.6872
    7.5000    7.5000  -45.0000 2475.2649   10.8652
   -7.5000   15.0000  -45.0000 2492.0305   10.8463
    0.0000   15.0000  -45.0000 2498.0991   10.7898
    7.5000   15.0000  -45.0000 2474.9431   10.9608
   -7.5000   22.5000  -45.0000 2468.0354   11.1292
    0.0000   22.5000  -45.0000 2477.6716   11.0665
    7.5000   22.5000  -45.0000 2457.7874   11.2291
   -7.5000   30.0000  -45.0000 2429.4404   11.6239
    0.0000   30.0000  -45.0000 2443.7791   11.5520
    7.5000   30.0000  -45.0000 2421.6555   11.6917
   -7.5000   37.5000  -45.0000 2372.8311   12.2965
    0.0000   37.5000  -45.0000 2385.2078   12.2254
    7.5000   37.5000  -45.0000 2362.1458   12.3691
   -7.5000   45.0000  -45.0000 2297.5217   13.1624
    0.0000   45.0000  -45.0000 2311.6538   13.1160
    7.5000   45.0000  -45.0000 2292.7073   13.2513
   -7.5000   52.5000  -45.0000 2182.9421   14.2166
    0.0000   52.5000  -45.0000 2197.5029   14.1647
    7.5000   52.5000  -45.0000 2178.8535   14.3023
   -7.5000  -37.5000  -37.5000 2269.3105   13.5731
    0.0000  -37.5000  -37.5000 2270.7095   13.5935
    7.5000  -37.5000  -37.5000 2252.2451   13.7830
   -7.5000  -30.0000  -37.5000 2373.4546   12.3212
    0.0000  -30.0000  -37.5000 2377.3135   12.3226
    7.5000  -30.0000  -37.5000 2355.1492   12.4965
   -7.5000  -22.5000  -37.5000 2465.1111   11.3924
    0.0000  -22.5000  -37.5000 2471.1733   11.3795
    7.5000  -22.5000  -37.5000 2443.2405   11.5445
   -7.5000  -15.0000  -37.5000 2524.0852   10.7304
    0.0000  -15.0000  -37.5000 2527.6880   10.7037
    7.5000  -15.0000  -37.5000 2498.8896   10.8695
   -7.5000   -7.5000  -37.5000 2557.0352   10.3034
    0.0000   -7.5000  -37.5000 2564.5798   10.2513
    7.5000   -7.5000  -37.5000 2538.4648   10.4255
   -7.5000    0.0000  -37.5000 2578.1069   10.0812
    0.0000    0.0000  -37.5000 2590.7612   10.0149
    7.5000    0.0000  -37.5000 2565.1201   10.1921
   -7.5000    7.5000  -37.5000 2587.1052   10.0180
    0.0000    7.5000  -37.5000 2594.8506    9.9330
    7.5000    7.5000  -37.5000 2573.4094   10.1126
   -7.5000   15.0000  -37.5000 2587.0747   10.1058
    0.0000   15.0000  -37.5000 2595.1089   10.0189
    7.5000   15.0000  -37.5000 2572.8770   10.1873
   -7.5000   22.5000  -37.5000 2568.1184   10.3557
    0.0000   22.5000  -37.5000 2579.3687   10.2596
    7.5000   22.5000  -37.5000 2557.7285   10.4102
   -7.5000   30.0000  -37.5000 2530.7703   10.7882
    0.0000   30.0000  -37.5000 2545.6790   10.6843
    7.5000   30.0000  -37.5000 2521.6089   10.8353
   -7.5000   37.5000  -37.5000 2469.4636   11.3762
    0.0000   37.5000  -37.5000 2484.5344   11.2835
    7.5000   37.5000  -37.5000 2462.4275   11.4291
   -7.5000   45.0000  -37.5000 2389.2971   12.1561
    0.0000   45.0000  -37.5000 2406.0251   12.0848
    7.5000   45.0000  -37.5000 2383.0833   12.2141
   -7.5000   52.5000  -37.5000 2272.2507   13.1182
    0.0000   52.5000  -37.5000 2286.4087   13.0438
    7.5000   52.5000  -37.5000 2263.2192   13.1868
   -7.5000  -37.5000  -30.0000 2374.9705   13.3961
    0.0000  -37.5000  -30.0000 2378.4033   13.3889
    7.5000  -37.5000  -30.0000 2355.1963   13.5650
   -7.5000  -30.0000  -30.0000 2486.1467   12.1326
    0.0000  -30.0000  -30.0000 2492.4531   12.1234
    7.5000  -30.0000  -30.0000 2464.5813   12.2806
   -7.5000  -22.5000  -30.0000 2575.0422   11.1469
    0.0000  -22.5000  -30.0000 2581.5154   11.1241
    7.5000  -22.5000  -30.0000 2554.8389   11.2970
   -7.5000  -15.0000  -30.0000 2646.8037   10.4499
    0.0000  -15.0000  -30.0000 2651.4910   10.3922
    7.5000  -15.0000  -30.0000 2626.4128   10.5554
   -7.5000   -7.5000  -30.0000 2689.3342    9.9978
    0.0000   -7.5000  -30.0000 2696.8372    9.9367
    7.5000   -7.5000  -30.0000 2669.7190   10.1013
   -7.5000    0.0000  -30.0000 2718.8286    9.7417
    0.0000    0.0000  -30.0000 2726.1541    9.6577
    7.5000    0.0000  -30.0000 2701.0537    9.8237
   -7.5000    7.5000  -30.0000 2728.4561    9.6805
    0.0000    7.5000  -30.0000 2735.6016    9.5865
    7.5000    7.5000  -30.0000 2711.7031    9.7575
   -7.5000   15.0000  -30.0000 2730.1086    9.7613
    0.0000   15.0000  -30.0000 2739.4426    9.6707
    7.5000   15.0000  -30.0000 2713.8599    9.8344
   -7.5000   22.5000  -30.0000 2716.2249    9.9909
    0.0000   22.5000  -30.0000 2729.2922    9.8897
    7.5000   22.5000  -30.0000 2702.8093   10.0490
   -7.5000   30.0000  -30.0000 2679.6013   10.3763
    0.0000   30.0000  -30.0000 2695.4966   10.2704
    7.5000   30.0000  -30.0000 2668.2158   10.4282
   -7.5000   37.5000  -30.0000 2612.3064   10.9142
    0.0000   37.5000  -30.0000 2629.6882   10.8080
    7.5000   37.5000  -30.0000 2607.6475   10.9722
   -7.5000   45.0000  -30.0000 2525.5872   11.6494
    0.0000   45.0000  -30.0000 2539.0632   11.5581
    7.5000   45.0000  -30.0000 2521.6357   11.7257
   -7.5000   52.5000  -30.0000 2398.8425   12.5958
    0.0000   52.5000  -30.0000 2411.2163   12.4893
    7.5000   52.5000  -30.0000 2394.9673   12.6552
   -7.5000  -37.5000  -22.5000 2441.7700   13.1462
    0.0000  -37.5000  -22.5000 2447.5491   13.1257
    7.5000  -37.5000  -22.5000 2423.1177   13.3034
   -7.5000  -30.0000  -22.5000 2558.7869   11.8880
    0.0000  -30.0000  -22.5000 2565.3191   11.8691
    7.5000  -30.0000  -22.5000 2540.0029   12.0336
   -7.5000  -22.5000  -22.5000 2651.4270   10.8649
    0.0000  -22.5000  -22.5000 2656.8525   10.8409
    7.5000  -22.5000  -22.5000 2633.0317   11.0117
   -7.5000  -15.0000  -22.5000 2729.5603   10.1410
    0.0000  -15.0000  -22.5000 2736.7678   10.0687
    7.5000  -15.0000  -22.5000 2713.8364   10.2416
   -7.5000   -7.5000  -22.5000 2778.8950    9.6301
    0.0000   -7.5000  -22.5000 2788.7432    9.5716
    7.5000   -7.5000  -22.5000 2762.4185    9.7120
   -7.5000    0.0000  -22.5000 2816.3728    9.3416
    0.0000    0.0000  -22.5000 2827.7258    9.2848
    7.5000    0.0000  -22.5000 2800.4094    9.4324
   -7.5000    7.5000  -22.5000 2839.9624    9.2512
    0.0000    7.5000  -22.5000 2845.1470    9.1760
    7.5000    7.5000  -22.5000 2817.2517    9.3408
   -7.5000   15.0000  -22.5000 2844.5129    9.3217
    0.0000   15.0000  -22.5000 2853.5657    9.2503
    7.5000   15.0000  -22.5000 2824.5623    9.4127
   -7.5000   22.5000  -22.5000 2834.4353    9.5570
    0.0000   22.5000  -22.5000 2849.8696    9.4793
    7.5000   22.5000  -22.5000 2821.1868    9.6330
   -7.5000   30.0000  -22.5000 2795.6953    9.9162
    0.0000   30.0000  -22.5000 2812.8789    9.8141
    7.5000   30.0000  -22.5000 2786.1809    9.9784
   -7.5000   37.5000  -22.5000 2726.8794   10.4346
    0.0000   37.5000  -22.5000 2741.8511   10.3198
    7.5000   37.5000  -22.5000 2717.9951   10.4918
   -7.5000   45.0000  -22.5000 2632.3728   11.1643
    0.0000   45.0000  -22.5000 2645.2695   11.0469
    7.5000   45.0000  -22.5000 2624.9343   11.2292
   -7.5000   52.5000  -22.5000 2495.7849   12.0685
    0.0000   52.5000  -22.5000 2509.1274   11.9540
    7.5000   52.5000  -22.5000 2492.5203   12.1398
   -7.5000  -37.5000  -15.0000 2465.7200   12.8919
    0.0000  -37.5000  -15.0000 2477.8162   12.8772
    7.5000  -37.5000  -15.0000 2450.8875   13.0765
   -7.5000  -30.0000  -15.0000 2584.4524   11.6169
    0.0000  -30.0000  -15.0000 2596.4280   11.6002
    7.5000  -30.0000  -15.0000 2568.2639   11.7899
   -7.5000  -22.5000  -15.0000 2687.2861   10.5870
    0.0000  -22.5000  -15.0000 2693.5227   10.5565
    7.5000  -22.5000  -15.0000 2667.7471   10.7406
   -7.5000  -15.0000  -15.0000 2771.8586    9.8284
    0.0000  -15.0000  -15.0000 2778.6174    9.7893
    7.5000  -15.0000  -15.0000 2754.0300    9.9620
   -7.5000   -7.5000  -15.0000 2833.4182    9.2850
    0.0000   -7.5000  -15.0000 2844.5625    9.2571
    7.5000   -7.5000  -15.0000 2817.5027    9.4158
   -7.5000    0.0000  -15.0000 2876.0706    8.9851
    0.0000    0.0000  -15.0000 2887.6165    8.9621
    7.5000    0.0000  -15.0000 2860.6091    9.1209
   -7.5000    7.5000  -15.0000 2911.1736    8.8626
    0.0000    7.5000  -15.0000 2924.0786    8.8289
    7.5000    7.5000  -15.0000 2890.8948    9.0144
   -7.5000   15.0000  -15.0000 2924.3418    8.9103
    0.0000   15.0000  -15.0000 2939.1038    8.8603
    7.5000   15.0000  -15.0000 2907.2300    9.0557
   -7.5000   22.5000  -15.0000 2912.6008    9.1453
    0.0000   22.5000  -15.0000 2936.5195    9.0763
    7.5000   22.5000  -15.0000 2905.3303    9.2624
   -7.5000   30.0000  -15.0000 2868.5261    9.5138
    0.0000   30.0000  -15.0000 2893.0754    9.4175
    7.5000   30.0000  -15.0000 2865.7192    9.6120
   -7.5000   37.5000  -15.0000 2798.6658   10.0211
    0.0000   37.5000  -15.0000 2816.3591    9.9205
    7.5000   37.5000  -15.0000 2793.2480   10.1053
   -7.5000   45.0000  -15.0000 2702.2415   10.7299
    0.0000   45.0000  -15.0000 2716.6482   10.6362
    7.5000   45.0000  -15.0000 2694.7202   10.8354
   -7.5000   52.5000  -15.0000 2561.8306   11.6166
    0.0000   52.5000  -15.0000 2577.8306   11.5293
    7.5000   52.5000  -15.0000 2558.3665   11.7458
   -7.5000  -37.5000   -7.5000 2468.5371   12.7191
    0.0000  -37.5000   -7.5000 2476.0906   12.6750
    7.5000  -37.5000   -7.5000 2452.9609   12.9310
   -7.5000  -30.0000   -7.5000 2590.1003   11.4181
    0.0000  -30.0000   -7.5000 2600.4216   11.3958
    7.5000  -30.0000   -7.5000 2572.5742   11.6177
   -7.5000  -22.5000   -7.5000 2692.2566   10.3941
    0.0000  -22.5000   -7.5000 2701.7056   10.3539
    7.5000  -22.5000   -7.5000 2672.9604   10.5548
   -7.5000  -15.0000   -7.5000 2779.2039    9.6115
    0.0000  -15.0000   -7.5000 2792.7031    9.5692
    7.5000  -15.0000   -7.5000 2764.1509    9.7498
   -7.5000   -7.5000   -7.5000 2856.6311    9.0355
    0.0000   -7.5000   -7.5000 2873.9158    9.0035
    7.5000   -7.5000   -7.5000 2845.6650    9.1726
   -7.5000    0.0000   -7.5000 2911.4614    8.7428
    0.0000    0.0000   -7.5000 2929.6069    8.7140
    7.5000    0.0000   -7.5000 2902.2419    8.8694
   -7.5000    7.5000   -7.5000 2956.3125    8.6182
    0.0000    7.5000   -7.5000 2981.6775    8.5924
    7.5000    7.5000   -7.5000 2946.5840    8.7577
   -7.5000   15.0000   -7.5000 2974.1621    8.6225
    0.0000   15.0000   -7.5000 3001.1360    8.5939
    7.5000   15.0000   -7.5000 2961.4556    8.8066
   -7.5000   22.5000   -7.5000 2959.3140    8.8252
    0.0000   22.5000   -7.5000 2994.1389    8.7738
    7.5000   22.5000   -7.5000 2952.1470    8.9914
   -7.5000   30.0000   -7.5000 2910.4968    9.1830
    0.0000   30.0000   -7.5000 2941.8899    9.1270
    7.5000   30.0000   -7.5000 2907.7197    9.3243
   -7.5000   37.5000   -7.5000 2840.3665    9.6985
    0.0000   37.5000   -7.5000 2866.3748    9.6256
    7.5000   37.5000   -7.5000 2837.4551    9.8034
   -7.5000   45.0000   -7.5000 2742.2795   10.4340
    0.0000   45.0000   -7.5000 2763.9802   10.3371
    7.5000   45.0000   -7.5000 2739.5071   10.5324
   -7.5000   52.5000   -7.5000 2599.2502   11.3254
    0.0000   52.5000   -7.5000 2617.8975   11.2404
    7.5000   52.5000   -7.5000 2594.0674   11.4452
   -7.5000  -37.5000    0.0000 2447.1741   12.7300
    0.0000  -37.5000    0.0000 2456.8381   12.6319
    7.5000  -37.5000    0.0000 2435.2473   12.9037
   -7.5000  -30.0000    0.0000 2566.0208   11.4205
    0.0000  -30.0000    0.0000 2577.0662   11.3374
    7.5000  -30.0000    0.0000 2553.1511   11.5831
   -7.5000  -22.5000    0.0000 2673.9460   10.3754
    0.0000  -22.5000    0.0000 2684.7212   10.3040
    7.5000  -22.5000    0.0000 2660.1592   10.5295
   -7.5000  -15.0000    0.0000 2766.5483    9.5403
    0.0000  -15.0000    0.0000 2778.2480    9.4846
    7.5000  -15.0000    0.0000 2755.1052    9.6849
   -7.5000   -7.5000    0.0000 2854.0815    8.9659
    0.0000   -7.5000    0.0000 2873.1013    8.9175
    7.5000   -7.5000    0.0000 2850.8496    9.1072
   -7.5000    0.0000    0.0000 2920.7793    8.6426
    0.0000    0.0000    0.0000 2946.3979    8.6147
    7.5000    0.0000    0.0000 2921.6431    8.7829
   -7.5000    7.5000    0.0000 2978.7942    8.5574
    0.0000    7.5000    0.0000 3015.9783    8.5488
    7.5000    7.5000    0.0000 2980.1643    8.6602
   -7.5000   15.0000    0.0000 3001.2295    8.5773
    0.0000   15.0000    0.0000 3040.1597    8.5562
    7.5000   15.0000    0.0000 2996.0984    8.6840
   -7.5000   22.5000    0.0000 2980.9871    8.6988
    0.0000   22.5000    0.0000 3017.7510    8.6600
    7.5000   22.5000    0.0000 2974.7134    8.8279
   -7.5000   30.0000    0.0000 2924.0723    9.0288
    0.0000   30.0000    0.0000 2957.9119    8.9500
    7.5000   30.0000    0.0000 2925.7661    9.1332
   -7.5000   37.5000    0.0000 2850.6123    9.5500
    0.0000   37.5000    0.0000 2880.0747    9.4579
    7.5000   37.5000    0.0000 2853.2620    9.6505
   -7.5000   45.0000    0.0000 2749.9597   10.3060
    0.0000   45.0000    0.0000 2773.2546   10.1969
    7.5000   45.0000    0.0000 2751.0515   10.3886
   -7.5000   52.5000    0.0000 2611.1877   11.1853
    0.0000   52.5000    0.0000 2630.5747   11.0762
    7.5000   52.5000    0.0000 2610.4724   11.2671
   -7.5000  -37.5000    7.5000 2413.4714   12.9051
    0.0000  -37.5000    7.5000 2426.6731   12.8153
    7.5000  -37.5000    7.5000 2404.2554   13.0950
   -7.5000  -30.0000    7.5000 2525.2346   11.5258
    0.0000  -30.0000    7.5000 2537.8552   11.4415
    7.5000  -30.0000    7.5000 2518.8638   11.7217
   -7.5000  -22.5000    7.5000 2634.3235   10.4646
    0.0000  -22.5000    7.5000 2645.2090   10.3875
    7.5000  -22.5000    7.5000 2631.6626   10.6465
   -7.5000  -15.0000    7.5000 2729.1501    9.6481
    0.0000  -15.0000    7.5000 2745.1929    9.5817
    7.5000  -15.0000    7.5000 2732.6533    9.8094
   -7.5000   -7.5000    7.5000 2828.7971    9.1137
    0.0000   -7.5000    7.5000 2848.4802    9.0306
    7.5000   -7.5000    7.5000 2831.2888    9.2295
   -7.5000    0.0000    7.5000 2917.2400    8.7740
    0.0000    0.0000    7.5000 2934.0391    8.7098
    7.5000    0.0000    7.5000 2911.5916    8.8529
   -7.5000    7.5000    7.5000 2983.9050    8.6594
    0.0000    7.5000    7.5000 3007.8982    8.6126
    7.5000    7.5000    7.5000 2977.5796    8.6981
   -7.5000   15.0000    7.5000 3004.0474    8.6459
    0.0000   15.0000    7.5000 3043.2263    8.5814
    7.5000   15.0000    7.5000 2999.0288    8.6762
   -7.5000   22.5000    7.5000 2976.4153    8.7743
    0.0000   22.5000    7.5000 3013.1709    8.6578
    7.5000   22.5000    7.5000 2972.1917    8.8025
   -7.5000   30.0000    7.5000 2919.4248    9.0941
    0.0000   30.0000    7.5000 2952.6191    8.9852
    7.5000   30.0000    7.5000 2920.6792    9.1369
   -7.5000   37.5000    7.5000 2838.0913    9.6048
    0.0000   37.5000    7.5000 2867.3862    9.5249
    7.5000   37.5000    7.5000 2845.2065    9.6748
   -7.5000   45.0000    7.5000 2739.7822   10.3215
    0.0000   45.0000    7.5000 2757.5332   10.2454
    7.5000   45.0000    7.5000 2743.3044   10.3948
   -7.5000   52.5000    7.5000 2602.7976   11.1640
    0.0000   52.5000    7.5000 2618.8186   11.0798
    7.5000   52.5000    7.5000 2605.2537   11.2523
   -7.5000  -37.5000   15.0000 2367.8010   13.2857
    0.0000  -37.5000   15.0000 2381.5688   13.1391
    7.5000  -37.5000   15.0000 2365.6104   13.5292
   -7.5000  -30.0000   15.0000 2470.6577   11.9083
    0.0000  -30.0000   15.0000 2482.4490   11.7413
    7.5000  -30.0000   15.0000 2472.9756   12.1190
   -7.5000  -22.5000   15.0000 2583.5820   10.8540
    0.0000  -22.5000   15.0000 2592.5229   10.7089
    7.5000  -22.5000   15.0000 2587.3359   11.0191
   -7.5000  -15.0000   15.0000 2685.8132   10.0608
    0.0000  -15.0000   15.0000 2699.2134    9.9307
    7.5000  -15.0000   15.0000 2688.9060   10.1755
   -7.5000   -7.5000   15.0000 2785.1467    9.4782
    0.0000   -7.5000   15.0000 2799.6284    9.3486
    7.5000   -7.5000   15.0000 2784.4521    9.5274
   -7.5000    0.0000   15.0000 2876.7100    9.0481
    0.0000    0.0000   15.0000 2893.1855    8.9559
    7.5000    0.0000   15.0000 2874.4797    9.0864
   -7.5000    7.5000   15.0000 2946.6306    8.8470
    0.0000    7.5000   15.0000 2971.8562    8.7890
    7.5000    7.5000   15.0000 2943.3142    8.9022
   -7.5000   15.0000   15.0000 2972.1938    8.7712
    0.0000   15.0000   15.0000 3009.0381    8.6817
    7.5000   15.0000   15.0000 2969.9343    8.8349
   -7.5000   22.5000   15.0000 2943.7134    8.9382
    0.0000   22.5000   15.0000 2979.8623    8.8263
    7.5000   22.5000   15.0000 2947.1821    9.0007
   -7.5000   30.0000   15.0000 2888.4727    9.3018
    0.0000   30.0000   15.0000 2922.7710    9.2136
    7.5000   30.0000   15.0000 2898.4854    9.3683
   -7.5000   37.5000   15.0000 2805.3538    9.8694
    0.0000   37.5000   15.0000 2834.4299    9.7765
    7.5000   37.5000   15.0000 2817.0134    9.9330
   -7.5000   45.0000   15.0000 2702.7104   10.5839
    0.0000   45.0000   15.0000 2720.9595   10.4935
    7.5000   45.0000   15.0000 2707.6389   10.6452
   -7.5000   52.5000   15.0000 2567.8906   11.3837
    0.0000   52.5000   15.0000 2585.4619   11.2854
    7.5000   52.5000   15.0000 2574.9521   11.4375
   -7.5000  -37.5000   22.5000 2320.2144   13.9944
    0.0000  -37.5000   22.5000 2330.8315   13.7817
    7.5000  -37.5000   22.5000 2318.2444   14.1877
   -7.5000  -30.0000   22.5000 2427.3403   12.5613
    0.0000  -30.0000   22.5000 2436.2981   12.3422
    7.5000  -30.0000   22.5000 2422.8955   12.7058
   -7.5000  -22.5000   22.5000 2536.6389   11.4443
    0.0000  -22.5000   22.5000 2547.6599   11.2363
    7.5000  -22.5000   22.5000 2536.6597   11.5362
   -7.5000  -15.0000   22.5000 2631.6567   10.5685
    0.0000  -15.0000   22.5000 2645.8064   10.3908
    7.5000  -15.0000   22.5000 2638.4084   10.6404
   -7.5000   -7.5000   22.5000 2730.9548    9.8848
    0.0000   -7.5000   22.5000 2745.1199    9.7279
    7.5000   -7.5000   22.5000 2733.5955    9.9469
   -7.5000    0.0000   22.5000 2819.7239    9.4242
    0.0000    0.0000   22.5000 2836.7971    9.3047
    7.5000    0.0000   22.5000 2823.3315    9.4943
   -7.5000    7.5000   22.5000 2882.3369    9.1922
    0.0000    7.5000   22.5000 2906.4382    9.0965
    7.5000    7.5000   22.5000 2887.1707    9.2616
   -7.5000   15.0000   22.5000 2906.5913    9.1155
    0.0000   15.0000   22.5000 2935.7124    8.9826
    7.5000   15.0000   22.5000 2913.0686    9.1835
   -7.5000   22.5000   22.5000 2883.4319    9.2911
    0.0000   22.5000   22.5000 2916.0930    9.1725
    7.5000   22.5000   22.5000 2898.6760    9.3644
   -7.5000   30.0000   22.5000 2836.3291    9.6530
    0.0000   30.0000   22.5000 2866.5095    9.5595
    7.5000   30.0000   22.5000 2849.6697    9.7250
   -7.5000   37.5000   22.5000 2760.4722   10.2040
    0.0000   37.5000   22.5000 2790.3630   10.0903
    7.5000   37.5000   22.5000 2773.8921   10.2526
   -7.5000   45.0000   22.5000 2657.9612   10.9262
    0.0000   45.0000   22.5000 2680.4326   10.8217
    7.5000   45.0000   22.5000 2669.9666   10.9777
   -7.5000   52.5000   22.5000 2522.9856   11.7463
    0.0000   52.5000   22.5000 2539.4065   11.6453
    7.5000   52.5000   22.5000 2530.9209   11.7835
   -7.5000  -37.5000   30.0000 2264.4724   14.9024
    0.0000  -37.5000   30.0000 2278.1533   14.6946
    7.5000  -37.5000   30.0000 2259.9429   15.0300
   -7.5000  -30.0000   30.0000 2376.6780   13.3161
    0.0000  -30.0000   30.0000 2389.7883   13.0990
    7.5000  -30.0000   30.0000 2369.8369   13.4340
   -7.5000  -22.5000   30.0000 2482.3601   12.1024
    0.0000  -22.5000   30.0000 2496.2148   11.8812
    7.5000  -22.5000   30.0000 2483.2075   12.1806
   -7.5000  -15.0000   30.0000 2574.0161   11.1450
    0.0000  -15.0000   30.0000 2594.2002   10.9490
    7.5000  -15.0000   30.0000 2583.8694   11.2222
   -7.5000   -7.5000   30.0000 2669.2927   10.4266
    0.0000   -7.5000   30.0000 2689.4624   10.2338
    7.5000   -7.5000   30.0000 2679.2515   10.4811
   -7.5000    0.0000   30.0000 2748.4150    9.9451
    0.0000    0.0000   30.0000 2769.7988    9.7876
    7.5000    0.0000   30.0000 2759.3518    9.9992
   -7.5000    7.5000   30.0000 2801.5085    9.6757
    0.0000    7.5000   30.0000 2826.9680    9.5253
    7.5000    7.5000   30.0000 2811.4678    9.7193
   -7.5000   15.0000   30.0000 2823.1523    9.6174
    0.0000   15.0000   30.0000 2846.9390    9.4681
    7.5000   15.0000   30.0000 2832.0322    9.6701
   -7.5000   22.5000   30.0000 2808.9194    9.7912
    0.0000   22.5000   30.0000 2834.5808    9.6615
    7.5000   22.5000   30.0000 2823.9250    9.8404
   -7.5000   30.0000   30.0000 2761.3975   10.1592
    0.0000   30.0000   30.0000 2787.1785   10.0459
    7.5000   30.0000   30.0000 2774.9653   10.2118
   -7.5000   37.5000   30.0000 2692.8420   10.6961
    0.0000   37.5000   30.0000 2720.9792   10.5603
    7.5000   37.5000   30.0000 2706.7986   10.7171
   -7.5000   45.0000   30.0000 2599.1187   11.3858
    0.0000   45.0000   30.0000 2626.7849   11.2642
    7.5000   45.0000   30.0000 2613.6719   11.4299
   -7.5000   52.5000   30.0000 2469.2021   12.2185
    0.0000   52.5000   30.0000 2491.1025   12.0962
    7.5000   52.5000   30.0000 2479.7073   12.2380
   -7.5000  -37.5000   37.5000 2199.0305   15.8811
    0.0000  -37.5000   37.5000 2214.8965   15.6830
    7.5000  -37.5000   37.5000 2198.4597   16.0115
   -7.5000  -30.0000   37.5000 2313.8213   14.1954
    0.0000  -30.0000   37.5000 2331.0520   13.9913
    7.5000  -30.0000   37.5000 2311.2136   14.2861
   -7.5000  -22.5000   37.5000 2416.7517   12.8774
    0.0000  -22.5000   37.5000 2436.1926   12.6700
    7.5000  -22.5000   37.5000 2421.1758   12.9358
   -7.5000  -15.0000   37.5000 2511.3579   11.8691
    0.0000  -15.0000   37.5000 2537.3162   11.6637
    7.5000  -15.0000   37.5000 2523.0515   11.9218
   -7.5000   -7.5000   37.5000 2601.9150   11.1328
    0.0000   -7.5000   37.5000 2627.1672   10.9321
    7.5000   -7.5000   37.5000 2611.8989   11.1663
   -7.5000    0.0000   37.5000 2669.5388   10.6252
    0.0000    0.0000   37.5000 2694.2292   10.4442
    7.5000    0.0000   37.5000 2681.6836   10.6713
   -7.5000    7.5000   37.5000 2715.8147   10.3103
    0.0000    7.5000   37.5000 2743.7402   10.1483
    7.5000    7.5000   37.5000 2726.8040   10.3391
   -7.5000   15.0000   37.5000 2732.2507   10.2482
    0.0000   15.0000   37.5000 2754.7141   10.1014
    7.5000   15.0000   37.5000 2741.3896   10.2731
   -7.5000   22.5000   37.5000 2719.3425   10.4274
    0.0000   22.5000   37.5000 2741.1379   10.2813
    7.5000   22.5000   37.5000 2732.2549   10.4462
   -7.5000   30.0000   37.5000 2678.8120   10.8021
    0.0000   30.0000   37.5000 2702.8740   10.6592
    7.5000   30.0000   37.5000 2690.2358   10.8189
   -7.5000   37.5000   37.5000 2615.4724   11.3148
    0.0000   37.5000   37.5000 2644.9648   11.1644
    7.5000   37.5000   37.5000 2630.5386   11.3167
   -7.5000   45.0000   37.5000 2534.8105   11.9717
    0.0000   45.0000   37.5000 2555.8809   11.8429
    7.5000   45.0000   37.5000 2542.8794   12.0049
   -7.5000   52.5000   37.5000 2409.4819   12.8246
    0.0000   52.5000   37.5000 2427.8889   12.6982
    7.5000   52.5000   37.5000 2416.2058   12.8389
   -7.5000  -37.5000   45.0000 2125.8254   17.0785
    0.0000  -37.5000   45.0000 2141.4573   16.9212
    7.5000  -37.5000   45.0000 2126.1709   17.1935
   -7.5000  -30.0000   45.0000 2238.3677   15.2676
    0.0000  -30.0000   45.0000 2257.6226   15.0952
    7.5000  -30.0000   45.0000 2237.4160   15.3460
   -7.5000  -22.5000   45.0000 2343.0049   13.8696
    0.0000  -22.5000   45.0000 2365.9963   13.6912
    7.5000  -22.5000   45.0000 2350.5002   13.9095
   -7.5000  -15.0000   45.0000 2436.4097   12.8210
    0.0000  -15.0000   45.0000 2463.1013   12.6180
    7.5000  -15.0000   45.0000 2447.9539   12.8411
   -7.5000   -7.5000   45.0000 2521.7327   12.0463
    0.0000   -7.5000   45.0000 2546.0212   11.8490
    7.5000   -7.5000   45.0000 2531.3596   12.0678
   -7.5000    0.0000   45.0000 2580.5640   11.4818
    0.0000    0.0000   45.0000 2605.6807   11.2911
    7.5000    0.0000   45.0000 2592.5085   11.5029
   -7.5000    7.5000   45.0000 2624.0852   11.1365
    0.0000    7.5000   45.0000 2650.3994   10.9788
    7.5000    7.5000   45.0000 2634.0005   11.1455
   -7.5000   15.0000   45.0000 2634.7317   11.0415
    0.0000   15.0000   45.0000 2658.7603   10.9081
    7.5000   15.0000   45.0000 2647.4280   11.0520
   -7.5000   22.5000   45.0000 2623.3203   11.2195
    0.0000   22.5000   45.0000 2643.3003   11.0777
    7.5000   22.5000   45.0000 2635.1685   11.2304
   -7.5000   30.0000   45.0000 2585.6785   11.5683
    0.0000   30.0000   45.0000 2607.2126   11.4332
    7.5000   30.0000   45.0000 2600.1143   11.5785
   -7.5000   37.5000   45.0000 2529.8928   12.0524
    0.0000   37.5000   45.0000 2556.5503   11.9160
    7.5000   37.5000   45.0000 2546.4736   12.0604
   -7.5000   45.0000   45.0000 2455.6753   12.7096
    0.0000   45.0000   45.0000 2482.6182   12.5830
    7.5000   45.0000   45.0000 2469.6379   12.7249
   -7.5000   52.5000   45.0000 2338.8618   13.5687
    0.0000   52.5000   45.0000 2360.8909   13.4576
    7.5000   52.5000   45.0000 2350.2522   13.5831

---------------------------------------------------------------------
imgreg_4dfp /opt/freesurfer/average/711-2C_as_mni_average_305 /opt/freesurfer/average/711-2B_as_mni_average_305_mask talsrcimg_g11 none talsrcimg_to_711-2C_as_mni_average_305_t4 1283
---------------------------------------------------------------------

freesurfer imgreg_4dfp.c
/opt/freesurfer/average/711-2C_as_mni_average_305.4dfp.img
       256       256       256         1
  1.000000  1.000000  1.000000
orientation T byte_order littleendian
Reading image: /opt/freesurfer/average/711-2C_as_mni_average_305.4dfp.img
dimensions:      256       256       256
mmppix:       1.0000   -1.0000   -1.0000
center:     128.0000 -129.0000 -129.0000
/opt/freesurfer/average/711-2B_as_mni_average_305_mask.4dfp.img
       256       256       256         1
  1.000000  1.000000  1.000000
orientation T byte_order littleendian
Reading mask: /opt/freesurfer/average/711-2B_as_mni_average_305_mask.4dfp.img (2306576 pixels)
talsrcimg_g11.4dfp.img
       256       256       256         1
  1.000000  1.000000  1.000000
orientation T byte_order littleendian
Reading image: talsrcimg_g11.4dfp.img
dimensions:      256       256       256
mmppix:       1.0000   -1.0000   -1.0000
center:     128.0000 -129.0000 -129.0000
rotation matrix determinant  1.000000
fimgreg.f
image alignment mode   1283 decimal      503 hex
parameters
    0.0000   15.0000    7.5000    0.0000    0.0000    0.0000
eta,q 0.95477  8.62105
niter,ni,del,rscale     5    3   12.0000    1.2000
parameter  4  1.601022 ->  0.500000 qaram    1.1500
parameter  6  0.548330 ->  0.500000 qaram    1.1500
parameters
   -0.5891   14.6563    5.5646   -3.4500   -1.7112   -3.4500
eta,q 0.96211  8.58667
  0.0533  0.0520  0.0453  0.0379  0.0416  0.0393
  0.0477  0.0469  0.0442  0.0389  0.0400  0.0381
  0.0443  0.0438  0.0431  0.0407  0.0393  0.0379
  0.0438  0.0435  0.0432  0.0431  0.0393  0.0393
  0.0469  0.0453  0.0452  0.0460  0.0409  0.0416
  0.0515  0.0490  0.0489  0.0493  0.0439  0.0441
  0.0565  0.0533  0.0537  0.0530  0.0471  0.0468
niter,ni,del,rscale     6    3   12.0000    1.2000
parameter  4  0.937740 ->  0.500000 qaram    1.3225
parameters
   -0.5538   14.9143    4.6570   -7.4175   -1.4726   -3.3329
eta,q 0.96511  8.56815
  0.0511  0.0480  0.0431  0.0342  0.0418  0.0406
  0.0441  0.0429  0.0399  0.0348  0.0385  0.0387
  0.0394  0.0394  0.0378  0.0357  0.0359  0.0366
  0.0379  0.0379  0.0379  0.0375  0.0349  0.0349
  0.0404  0.0386  0.0401  0.0397  0.0355  0.0353
  0.0449  0.0418  0.0433  0.0433  0.0376  0.0378
  0.0498  0.0465  0.0465  0.0476  0.0410  0.0411
niter,ni,del,rscale     6    3   12.0000    1.2000
parameter  4  0.668559 ->  0.500000 qaram    1.5209
parameters
   -0.6384   16.2608    4.3540  -11.9801   -1.2003   -3.1318
eta,q 0.96796  8.55220
  0.0489  0.0472  0.0405  0.0328  0.0395  0.0388
  0.0418  0.0423  0.0373  0.0320  0.0359  0.0359
  0.0365  0.0379  0.0349  0.0328  0.0333  0.0333
  0.0349  0.0348  0.0340  0.0340  0.0321  0.0321
  0.0381  0.0341  0.0354  0.0363  0.0324  0.0326
  0.0430  0.0362  0.0381  0.0394  0.0348  0.0349
  0.0488  0.0403  0.0420  0.0433  0.0385  0.0386
niter,ni,del,rscale     6    3   12.0000    1.2000
parameters
   -0.5916   17.8273    3.3458  -14.8001   -1.2562   -3.3552
eta,q 0.96949  8.51948
  0.0474  0.0466  0.0357  0.0344  0.0368  0.0363
  0.0393  0.0397  0.0338  0.0307  0.0337  0.0332
  0.0336  0.0348  0.0324  0.0304  0.0316  0.0311
  0.0320  0.0321  0.0317  0.0319  0.0305  0.0305
  0.0350  0.0318  0.0326  0.0336  0.0308  0.0312
  0.0400  0.0334  0.0360  0.0369  0.0334  0.0336
  0.0458  0.0365  0.0411  0.0408  0.0376  0.0373
niter,ni,del,rscale     5    3   12.0000    1.2000
parameters
   -0.3900   18.9987    2.6355  -16.0294   -1.5412   -3.2311
eta,q 0.97031  8.50370
  0.0463  0.0438  0.0356  0.0370  0.0356  0.0366
  0.0376  0.0370  0.0324  0.0312  0.0327  0.0332
  0.0320  0.0329  0.0307  0.0293  0.0307  0.0307
  0.0305  0.0306  0.0303  0.0303  0.0296  0.0297
  0.0329  0.0305  0.0313  0.0331  0.0302  0.0304
  0.0376  0.0324  0.0343  0.0356  0.0332  0.0327
  0.0432  0.0363  0.0394  0.0396  0.0375  0.0363
niter,ni,del,rscale     4    3   12.0000    1.2000
parameters
   -0.2661   19.4304    2.3112  -16.6471   -1.7652   -3.1007
eta,q 0.97045  8.50079
  0.0456  0.0409  0.0362  0.0382  0.0354  0.0366
  0.0367  0.0352  0.0324  0.0323  0.0325  0.0332
  0.0311  0.0315  0.0303  0.0295  0.0304  0.0306
  0.0297  0.0297  0.0297  0.0297  0.0295  0.0296
  0.0322  0.0305  0.0305  0.0323  0.0300  0.0302
  0.0371  0.0333  0.0332  0.0352  0.0328  0.0326
  0.0430  0.0382  0.0381  0.0390  0.0369  0.0363
niter,ni,del,rscale     3    3   12.0000    1.2000
parameters
   -0.1696   19.6466    2.0902  -17.0205   -1.9473   -3.0124
eta,q 0.97048  8.49888
  0.0451  0.0402  0.0363  0.0387  0.0354  0.0365
  0.0365  0.0347  0.0324  0.0329  0.0324  0.0331
  0.0310  0.0311  0.0302  0.0297  0.0303  0.0305
  0.0296  0.0296  0.0296  0.0296  0.0295  0.0295
  0.0320  0.0306  0.0303  0.0319  0.0300  0.0301
  0.0369  0.0337  0.0329  0.0351  0.0326  0.0327
  0.0430  0.0388  0.0377  0.0388  0.0366  0.0364
niter,ni,del,rscale     2    3   12.0000    1.2000
parameters
   -0.0770   19.7602    1.9362  -17.2461   -2.0985   -2.9576
eta,q 0.97050  8.49739
  0.0449  0.0399  0.0364  0.0389  0.0353  0.0365
  0.0365  0.0345  0.0324  0.0333  0.0324  0.0331
  0.0310  0.0309  0.0301  0.0299  0.0303  0.0305
  0.0295  0.0295  0.0295  0.0295  0.0295  0.0295
  0.0319  0.0306  0.0302  0.0317  0.0300  0.0302
  0.0368  0.0340  0.0327  0.0350  0.0325  0.0327
  0.0430  0.0392  0.0374  0.0386  0.0363  0.0365
niter,ni,del,rscale     1    3   12.0000    1.2000
parameters
   -0.0015   19.8244    1.8343  -17.3811   -2.2081   -2.9222
eta,q 0.97048  8.49662
  0.0447  0.0398  0.0365  0.0391  0.0354  0.0364
  0.0365  0.0343  0.0325  0.0336  0.0324  0.0331
  0.0310  0.0308  0.0301  0.0300  0.0303  0.0306
  0.0295  0.0295  0.0295  0.0295  0.0295  0.0295
  0.0318  0.0307  0.0301  0.0315  0.0300  0.0302
  0.0368  0.0341  0.0326  0.0349  0.0325  0.0327
  0.0432  0.0393  0.0372  0.0386  0.0362  0.0366
registration optimization eta report
parameter search radius
    6.0000    6.0000    6.0000    9.1253    6.0000    6.9000
100000*second partial in parameter space
       40.       28.       21.       11.       18.       15.
  0.0447  0.0398  0.0365  0.0391  0.0354  0.0364
  0.0365  0.0343  0.0325  0.0336  0.0324  0.0331
  0.0310  0.0308  0.0301  0.0300  0.0303  0.0306
  0.0295  0.0295  0.0295  0.0295  0.0295  0.0295
  0.0318  0.0307  0.0301  0.0315  0.0300  0.0302
  0.0368  0.0341  0.0326  0.0349  0.0325  0.0327
  0.0432  0.0393  0.0372  0.0386  0.0362  0.0366
   -0.0015   19.8244    1.8343  -17.3811   -2.2081   -2.9222
eta,q 0.97048  8.49662

---------------------------------------------------------------------
imgreg_4dfp /opt/freesurfer/average/711-2C_as_mni_average_305 /opt/freesurfer/average/711-2B_as_mni_average_305_mask talsrcimg_g11 none talsrcimg_to_711-2C_as_mni_average_305_t4 3335
---------------------------------------------------------------------

freesurfer imgreg_4dfp.c
/opt/freesurfer/average/711-2C_as_mni_average_305.4dfp.img
       256       256       256         1
  1.000000  1.000000  1.000000
orientation T byte_order littleendian
Reading image: /opt/freesurfer/average/711-2C_as_mni_average_305.4dfp.img
dimensions:      256       256       256
mmppix:       1.0000   -1.0000   -1.0000
center:     128.0000 -129.0000 -129.0000
/opt/freesurfer/average/711-2B_as_mni_average_305_mask.4dfp.img
       256       256       256         1
  1.000000  1.000000  1.000000
orientation T byte_order littleendian
Reading mask: /opt/freesurfer/average/711-2B_as_mni_average_305_mask.4dfp.img (2306576 pixels)
talsrcimg_g11.4dfp.img
       256       256       256         1
  1.000000  1.000000  1.000000
orientation T byte_order littleendian
Reading image: talsrcimg_g11.4dfp.img
dimensions:      256       256       256
mmppix:       1.0000   -1.0000   -1.0000
center:     128.0000 -129.0000 -129.0000
fimgreg.f
image alignment mode   3335 decimal      D07 hex
parameters
   -0.0015   19.8244    1.8343   -0.2042   -4.6315   -4.6370
    3.7157    5.1951   -5.0941   29.6463   -3.8529  -29.8505
eta,q 0.97286  8.59291
niter,ni,del,rscale     5    3    5.0000    1.2000
parameter  5  0.766554 ->  0.500000 qaram    1.1500
parameter  6  0.538894 ->  0.500000 qaram    1.1500
parameter 12 -0.786387 -> -0.500000 qaram    1.1500
parameters
    0.0241   19.8204    1.6556   -3.3400   -8.7715   -8.7770
    3.6445    6.4746   -2.8352   27.0294   -1.5178  -25.7105
eta,q 0.97649  8.23311
  0.0304  0.0293  0.0285  0.0276  0.0257  0.0250  0.0269  0.0292  0.0271  0.0250  0.0255  0.0266
  0.0286  0.0281  0.0277  0.0270  0.0254  0.0247  0.0257  0.0271  0.0260  0.0244  0.0248  0.0256
  0.0275  0.0274  0.0272  0.0267  0.0257  0.0247  0.0249  0.0255  0.0251  0.0242  0.0244  0.0247
  0.0271  0.0271  0.0271  0.0271  0.0267  0.0254  0.0247  0.0247  0.0246  0.0244  0.0242  0.0241
  0.0275  0.0274  0.0274  0.0286  0.0285  0.0269  0.0250  0.0247  0.0244  0.0252  0.0241  0.0237
  0.0286  0.0282  0.0280  0.0306  0.0308  0.0294  0.0258  0.0254  0.0246  0.0265  0.0242  0.0235
  0.0302  0.0293  0.0289  0.0333  0.0329  0.0328  0.0270  0.0269  0.0252  0.0284  0.0244  0.0236
niter,ni,del,rscale     7    3    5.0000    1.2000
parameters
    0.3306   19.5533    0.5264   -1.7701   -8.6703  -11.4040
    3.1956    6.0410   -3.1766   25.9910   -1.7790  -24.2125
eta,q 0.97728  8.15607
  0.0268  0.0251  0.0235  0.0261  0.0260  0.0236  0.0248  0.0258  0.0243  0.0242  0.0235  0.0245
  0.0251  0.0241  0.0232  0.0250  0.0245  0.0231  0.0237  0.0240  0.0235  0.0234  0.0230  0.0237
  0.0240  0.0235  0.0232  0.0240  0.0233  0.0228  0.0230  0.0230  0.0230  0.0229  0.0228  0.0231
  0.0235  0.0235  0.0234  0.0232  0.0228  0.0228  0.0228  0.0228  0.0228  0.0228  0.0228  0.0228
  0.0236  0.0239  0.0240  0.0227  0.0232  0.0234  0.0232  0.0233  0.0230  0.0232  0.0229  0.0227
  0.0242  0.0248  0.0247  0.0232  0.0243  0.0254  0.0241  0.0246  0.0237  0.0241  0.0231  0.0230
  0.0255  0.0260  0.0257  0.0247  0.0260  0.0288  0.0253  0.0266  0.0246  0.0255  0.0235  0.0236
niter,ni,del,rscale     6    3    5.0000    1.2000
parameters
    0.3107   19.5675    0.0988   -1.7071   -8.4367  -12.9134
    3.1991    5.8904   -3.2985   25.6190   -1.9963  -23.7118
eta,q 0.97738  8.09764
  0.0254  0.0248  0.0234  0.0249  0.0257  0.0240  0.0248  0.0257  0.0242  0.0244  0.0233  0.0240
  0.0239  0.0237  0.0230  0.0240  0.0243  0.0231  0.0237  0.0239  0.0233  0.0235  0.0228  0.0233
  0.0230  0.0229  0.0227  0.0233  0.0233  0.0227  0.0229  0.0229  0.0228  0.0228  0.0227  0.0228
  0.0227  0.0227  0.0227  0.0227  0.0227  0.0227  0.0226  0.0226  0.0226  0.0226  0.0226  0.0226
  0.0230  0.0230  0.0230  0.0226  0.0229  0.0229  0.0229  0.0230  0.0228  0.0229  0.0227  0.0227
  0.0240  0.0237  0.0235  0.0235  0.0240  0.0239  0.0236  0.0242  0.0234  0.0237  0.0229  0.0231
  0.0255  0.0247  0.0242  0.0253  0.0255  0.0262  0.0248  0.0259  0.0243  0.0248  0.0233  0.0237
niter,ni,del,rscale     5    3    5.0000    1.2000
parameters
    0.2952   19.6271   -0.1472   -1.7343   -8.4743  -13.4812
    3.2215    5.8419   -3.3041   25.6833   -1.9993  -23.5428
eta,q 0.97740  8.07207
  0.0252  0.0248  0.0235  0.0246  0.0253  0.0244  0.0247  0.0257  0.0242  0.0245  0.0233  0.0239
  0.0238  0.0236  0.0230  0.0238  0.0241  0.0233  0.0236  0.0239  0.0233  0.0236  0.0228  0.0232
  0.0229  0.0229  0.0227  0.0231  0.0231  0.0227  0.0229  0.0229  0.0228  0.0229  0.0226  0.0228
  0.0226  0.0226  0.0226  0.0226  0.0226  0.0226  0.0226  0.0226  0.0226  0.0226  0.0226  0.0226
  0.0229  0.0228  0.0228  0.0225  0.0229  0.0228  0.0229  0.0230  0.0228  0.0228  0.0227  0.0227
  0.0238  0.0235  0.0233  0.0234  0.0240  0.0235  0.0236  0.0240  0.0233  0.0234  0.0229  0.0231
  0.0253  0.0245  0.0240  0.0251  0.0255  0.0252  0.0247  0.0257  0.0242  0.0245  0.0232  0.0238
niter,ni,del,rscale     4    3    5.0000    1.2000
parameters
    0.2803   19.6949   -0.2817   -1.7316   -8.5842  -13.7437
    3.2350    5.8191   -3.3116   25.8190   -1.9757  -23.4953
eta,q 0.97742  8.05886
  0.0252  0.0247  0.0236  0.0245  0.0252  0.0245  0.0247  0.0257  0.0242  0.0245  0.0233  0.0238
  0.0237  0.0236  0.0230  0.0237  0.0240  0.0234  0.0236  0.0239  0.0233  0.0236  0.0228  0.0231
  0.0229  0.0228  0.0227  0.0231  0.0231  0.0227  0.0228  0.0229  0.0228  0.0229  0.0226  0.0227
  0.0226  0.0226  0.0226  0.0226  0.0226  0.0226  0.0226  0.0226  0.0226  0.0226  0.0226  0.0226
  0.0229  0.0228  0.0228  0.0225  0.0229  0.0228  0.0229  0.0230  0.0228  0.0227  0.0227  0.0227
  0.0238  0.0234  0.0232  0.0234  0.0240  0.0234  0.0236  0.0240  0.0233  0.0234  0.0229  0.0231
  0.0252  0.0245  0.0238  0.0250  0.0255  0.0249  0.0247  0.0257  0.0242  0.0245  0.0232  0.0238
niter,ni,del,rscale     3    3    5.0000    1.2000
parameters
    0.2718   19.7530   -0.3662   -1.7268   -8.6790  -13.9128
    3.2451    5.8038   -3.3274   25.9441   -1.9589  -23.4835
eta,q 0.97742  8.05031
  0.0251  0.0247  0.0236  0.0245  0.0252  0.0245  0.0247  0.0257  0.0242  0.0245  0.0232  0.0238
  0.0237  0.0235  0.0230  0.0237  0.0240  0.0234  0.0236  0.0239  0.0233  0.0236  0.0228  0.0231
  0.0229  0.0228  0.0227  0.0231  0.0231  0.0227  0.0228  0.0229  0.0228  0.0229  0.0226  0.0227
  0.0226  0.0226  0.0226  0.0226  0.0226  0.0226  0.0226  0.0226  0.0226  0.0226  0.0226  0.0226
  0.0229  0.0228  0.0227  0.0225  0.0229  0.0228  0.0229  0.0230  0.0228  0.0227  0.0227  0.0227
  0.0238  0.0234  0.0231  0.0233  0.0239  0.0234  0.0236  0.0240  0.0233  0.0234  0.0229  0.0231
  0.0252  0.0244  0.0238  0.0249  0.0255  0.0248  0.0247  0.0257  0.0242  0.0245  0.0232  0.0238
niter,ni,del,rscale     2    3    5.0000    1.2000
parameters
    0.2670   19.8004   -0.4273   -1.7198   -8.7616  -14.0274
    3.2465    5.7956   -3.3308   26.0404   -1.9392  -23.4755
eta,q 0.97742  8.04406
  0.0251  0.0246  0.0236  0.0245  0.0252  0.0246  0.0247  0.0257  0.0242  0.0245  0.0232  0.0238
  0.0237  0.0235  0.0230  0.0237  0.0240  0.0234  0.0236  0.0239  0.0233  0.0235  0.0228  0.0231
  0.0229  0.0228  0.0227  0.0231  0.0231  0.0227  0.0228  0.0229  0.0228  0.0229  0.0226  0.0227
  0.0226  0.0226  0.0226  0.0226  0.0226  0.0226  0.0226  0.0226  0.0226  0.0226  0.0226  0.0226
  0.0229  0.0228  0.0227  0.0225  0.0229  0.0228  0.0228  0.0229  0.0227  0.0227  0.0227  0.0227
  0.0237  0.0234  0.0231  0.0233  0.0239  0.0233  0.0236  0.0240  0.0233  0.0234  0.0229  0.0231
  0.0251  0.0244  0.0237  0.0249  0.0255  0.0248  0.0247  0.0256  0.0242  0.0245  0.0232  0.0237
niter,ni,del,rscale     1    3    5.0000    1.2000
parameters
    0.2650   19.8366   -0.4741   -1.7146   -8.8276  -14.1212
    3.2539    5.7928   -3.3393   26.1279   -1.9207  -23.4563
eta,q 0.97742  8.03901
  0.0251  0.0246  0.0236  0.0245  0.0252  0.0246  0.0247  0.0257  0.0241  0.0244  0.0232  0.0238
  0.0237  0.0235  0.0231  0.0237  0.0240  0.0234  0.0236  0.0239  0.0233  0.0235  0.0228  0.0231
  0.0229  0.0228  0.0227  0.0231  0.0231  0.0227  0.0228  0.0229  0.0228  0.0229  0.0226  0.0227
  0.0226  0.0226  0.0226  0.0226  0.0226  0.0226  0.0226  0.0226  0.0226  0.0226  0.0226  0.0226
  0.0229  0.0228  0.0227  0.0225  0.0229  0.0228  0.0228  0.0229  0.0228  0.0227  0.0227  0.0227
  0.0237  0.0234  0.0231  0.0233  0.0239  0.0233  0.0236  0.0240  0.0233  0.0234  0.0229  0.0231
  0.0251  0.0244  0.0237  0.0249  0.0254  0.0248  0.0246  0.0256  0.0242  0.0245  0.0232  0.0237
registration optimization eta report
parameter search radius
    2.4000    2.4000    2.4000    7.2000    8.2800    8.2800
    7.2000    7.2000    7.2000    7.2000    7.2000    8.2800
100000*second partial in parameter space
       44.       34.       19.        4.        4.        3.
        4.        6.        3.        4.        1.        2.
  0.0251  0.0246  0.0236  0.0245  0.0252  0.0246  0.0247  0.0257  0.0241  0.0244  0.0232  0.0238
  0.0237  0.0235  0.0231  0.0237  0.0240  0.0234  0.0236  0.0239  0.0233  0.0235  0.0228  0.0231
  0.0229  0.0228  0.0227  0.0231  0.0231  0.0227  0.0228  0.0229  0.0228  0.0229  0.0226  0.0227
  0.0226  0.0226  0.0226  0.0226  0.0226  0.0226  0.0226  0.0226  0.0226  0.0226  0.0226  0.0226
  0.0229  0.0228  0.0227  0.0225  0.0229  0.0228  0.0228  0.0229  0.0228  0.0227  0.0227  0.0227
  0.0237  0.0234  0.0231  0.0233  0.0239  0.0233  0.0236  0.0240  0.0233  0.0234  0.0229  0.0231
  0.0251  0.0244  0.0237  0.0249  0.0254  0.0248  0.0246  0.0256  0.0242  0.0245  0.0232  0.0237
    0.2650   19.8366   -0.4741   -1.7146   -8.8276  -14.1212
    3.2539    5.7928   -3.3393   26.1279   -1.9207  -23.4563
eta,q 0.97742  8.03901

---------------------------------------------------------------------
imgreg_4dfp /opt/freesurfer/average/711-2C_as_mni_average_305 /opt/freesurfer/average/711-2B_as_mni_average_305_mask talsrcimg_g11 none talsrcimg_to_711-2C_as_mni_average_305_t4 2311
---------------------------------------------------------------------

freesurfer imgreg_4dfp.c
/opt/freesurfer/average/711-2C_as_mni_average_305.4dfp.img
       256       256       256         1
  1.000000  1.000000  1.000000
orientation T byte_order littleendian
Reading image: /opt/freesurfer/average/711-2C_as_mni_average_305.4dfp.img
dimensions:      256       256       256
mmppix:       1.0000   -1.0000   -1.0000
center:     128.0000 -129.0000 -129.0000
/opt/freesurfer/average/711-2B_as_mni_average_305_mask.4dfp.img
       256       256       256         1
  1.000000  1.000000  1.000000
orientation T byte_order littleendian
Reading mask: /opt/freesurfer/average/711-2B_as_mni_average_305_mask.4dfp.img (2306576 pixels)
talsrcimg_g11.4dfp.img
       256       256       256         1
  1.000000  1.000000  1.000000
orientation T byte_order littleendian
Reading image: talsrcimg_g11.4dfp.img
dimensions:      256       256       256
mmppix:       1.0000   -1.0000   -1.0000
center:     128.0000 -129.0000 -129.0000
fimgreg.f
image alignment mode   2311 decimal      907 hex
parameters
    0.2650   19.8366   -0.4741   -1.7146   -8.8276  -14.1212
    3.2539    5.7928   -3.3393   26.1279   -1.9207  -23.4563
eta,q 0.97742  8.03900
niter,ni,del,rscale     5    3    5.0000    0.8000
parameters
    0.2529   19.8407   -0.4896   -0.9289   -8.6764  -14.0376
    3.2418    5.7701   -3.2391   26.3110   -1.7243  -23.4388
eta,q 0.97754  8.07061
  0.0237  0.0235  0.0231  0.0237  0.0236  0.0231  0.0235  0.0240  0.0232  0.0234  0.0228  0.0229
  0.0231  0.0230  0.0228  0.0233  0.0231  0.0227  0.0229  0.0231  0.0228  0.0229  0.0226  0.0227
  0.0227  0.0227  0.0226  0.0229  0.0227  0.0225  0.0226  0.0226  0.0226  0.0226  0.0225  0.0225
  0.0226  0.0226  0.0226  0.0226  0.0225  0.0225  0.0225  0.0225  0.0225  0.0225  0.0225  0.0225
  0.0227  0.0227  0.0226  0.0224  0.0225  0.0225  0.0226  0.0226  0.0225  0.0225  0.0225  0.0225
  0.0231  0.0230  0.0228  0.0227  0.0229  0.0227  0.0229  0.0231  0.0228  0.0228  0.0226  0.0227
  0.0237  0.0234  0.0231  0.0233  0.0235  0.0230  0.0235  0.0240  0.0232  0.0233  0.0227  0.0229
niter,ni,del,rscale     4    3    5.0000    0.7000
parameters
    0.2501   19.8352   -0.5276   -0.8106   -8.6703  -14.0904
    3.2311    5.7455   -3.2229   26.3614   -1.7059  -23.4134
eta,q 0.97756  8.07210
  0.0234  0.0232  0.0228  0.0233  0.0233  0.0229  0.0232  0.0236  0.0230  0.0232  0.0227  0.0228
  0.0229  0.0228  0.0226  0.0230  0.0229  0.0226  0.0228  0.0229  0.0227  0.0228  0.0225  0.0226
  0.0226  0.0225  0.0225  0.0227  0.0226  0.0225  0.0225  0.0226  0.0225  0.0225  0.0225  0.0225
  0.0225  0.0225  0.0225  0.0225  0.0225  0.0225  0.0225  0.0224  0.0224  0.0224  0.0224  0.0224
  0.0226  0.0225  0.0225  0.0225  0.0225  0.0225  0.0225  0.0226  0.0225  0.0225  0.0225  0.0225
  0.0229  0.0228  0.0226  0.0228  0.0229  0.0227  0.0228  0.0230  0.0227  0.0227  0.0225  0.0226
  0.0234  0.0232  0.0229  0.0234  0.0234  0.0229  0.0232  0.0236  0.0230  0.0231  0.0227  0.0228
niter,ni,del,rscale     3    3    5.0000    0.6000
parameters
    0.2428   19.8455   -0.5493   -0.6468   -8.6776  -14.1996
    3.2113    5.7219   -3.2072   26.3989   -1.6901  -23.3691
eta,q 0.97757  8.07190
  0.0232  0.0230  0.0227  0.0231  0.0231  0.0228  0.0230  0.0233  0.0229  0.0230  0.0226  0.0227
  0.0228  0.0227  0.0226  0.0229  0.0228  0.0226  0.0227  0.0228  0.0226  0.0227  0.0225  0.0225
  0.0225  0.0225  0.0225  0.0226  0.0225  0.0224  0.0225  0.0225  0.0225  0.0225  0.0224  0.0225
  0.0224  0.0224  0.0225  0.0224  0.0224  0.0224  0.0224  0.0224  0.0224  0.0224  0.0224  0.0224
  0.0225  0.0225  0.0225  0.0224  0.0225  0.0225  0.0225  0.0225  0.0225  0.0225  0.0225  0.0225
  0.0228  0.0227  0.0226  0.0227  0.0227  0.0226  0.0227  0.0228  0.0226  0.0227  0.0225  0.0225
  0.0232  0.0229  0.0227  0.0231  0.0231  0.0228  0.0230  0.0233  0.0229  0.0229  0.0226  0.0227
niter,ni,del,rscale     2    3    5.0000    0.5000
parameters
    0.2414   19.8590   -0.5768   -0.5011   -8.6798  -14.3278
    3.2070    5.6899   -3.1850   26.4330   -1.6441  -23.3039
eta,q 0.97758  8.07032
  0.0229  0.0228  0.0226  0.0230  0.0229  0.0227  0.0228  0.0230  0.0227  0.0228  0.0225  0.0226
  0.0227  0.0226  0.0225  0.0228  0.0227  0.0225  0.0226  0.0227  0.0226  0.0226  0.0225  0.0225
  0.0225  0.0225  0.0225  0.0226  0.0225  0.0224  0.0225  0.0225  0.0225  0.0225  0.0224  0.0225
  0.0224  0.0224  0.0224  0.0224  0.0224  0.0224  0.0224  0.0224  0.0224  0.0224  0.0224  0.0224
  0.0225  0.0225  0.0225  0.0224  0.0225  0.0225  0.0225  0.0225  0.0225  0.0225  0.0224  0.0224
  0.0227  0.0226  0.0225  0.0226  0.0226  0.0225  0.0226  0.0227  0.0225  0.0226  0.0225  0.0225
  0.0229  0.0228  0.0226  0.0229  0.0229  0.0227  0.0228  0.0230  0.0227  0.0228  0.0225  0.0226
niter,ni,del,rscale     1    3    5.0000    0.4000
parameters
    0.2345   19.8698   -0.6154   -0.3868   -8.6812  -14.4857
    3.1852    5.6561   -3.1660   26.4832   -1.6050  -23.1843
eta,q 0.97758  8.06650
  0.0227  0.0227  0.0225  0.0228  0.0227  0.0226  0.0227  0.0228  0.0226  0.0227  0.0225  0.0225
  0.0226  0.0225  0.0225  0.0226  0.0226  0.0225  0.0225  0.0226  0.0225  0.0225  0.0224  0.0225
  0.0225  0.0225  0.0224  0.0225  0.0225  0.0224  0.0224  0.0225  0.0224  0.0224  0.0224  0.0224
  0.0224  0.0224  0.0224  0.0224  0.0224  0.0224  0.0224  0.0224  0.0224  0.0224  0.0224  0.0224
  0.0225  0.0224  0.0224  0.0224  0.0224  0.0225  0.0224  0.0225  0.0224  0.0224  0.0224  0.0224
  0.0226  0.0225  0.0225  0.0226  0.0226  0.0225  0.0225  0.0226  0.0225  0.0225  0.0224  0.0225
  0.0227  0.0226  0.0226  0.0228  0.0227  0.0226  0.0227  0.0228  0.0226  0.0226  0.0225  0.0225
registration optimization eta report
parameter search radius
    0.8000    0.8000    0.8000    2.4000    2.4000    2.4000
    2.4000    2.4000    2.4000    2.4000    2.4000    2.4000
100000*second partial in parameter space
       50.       36.       20.        6.        6.        3.
        5.        7.        3.        4.        1.        2.
  0.0227  0.0227  0.0225  0.0228  0.0227  0.0226  0.0227  0.0228  0.0226  0.0227  0.0225  0.0225
  0.0226  0.0225  0.0225  0.0226  0.0226  0.0225  0.0225  0.0226  0.0225  0.0225  0.0224  0.0225
  0.0225  0.0225  0.0224  0.0225  0.0225  0.0224  0.0224  0.0225  0.0224  0.0224  0.0224  0.0224
  0.0224  0.0224  0.0224  0.0224  0.0224  0.0224  0.0224  0.0224  0.0224  0.0224  0.0224  0.0224
  0.0225  0.0224  0.0224  0.0224  0.0224  0.0225  0.0224  0.0225  0.0224  0.0224  0.0224  0.0224
  0.0226  0.0225  0.0225  0.0226  0.0226  0.0225  0.0225  0.0226  0.0225  0.0225  0.0224  0.0225
  0.0227  0.0226  0.0226  0.0228  0.0227  0.0226  0.0227  0.0228  0.0226  0.0226  0.0225  0.0225
    0.2345   19.8698   -0.6154   -0.3868   -8.6812  -14.4857
    3.1852    5.6561   -3.1660   26.4832   -1.6050  -23.1843
eta,q 0.97758  8.06650

---------------------------------------------------------------------
imgreg_4dfp /opt/freesurfer/average/711-2C_as_mni_average_305 /opt/freesurfer/average/711-2B_as_mni_average_305_mask talsrcimg_g11 none talsrcimg_to_711-2C_as_mni_average_305_t4 2311
---------------------------------------------------------------------

freesurfer imgreg_4dfp.c
/opt/freesurfer/average/711-2C_as_mni_average_305.4dfp.img
       256       256       256         1
  1.000000  1.000000  1.000000
orientation T byte_order littleendian
Reading image: /opt/freesurfer/average/711-2C_as_mni_average_305.4dfp.img
dimensions:      256       256       256
mmppix:       1.0000   -1.0000   -1.0000
center:     128.0000 -129.0000 -129.0000
/opt/freesurfer/average/711-2B_as_mni_average_305_mask.4dfp.img
       256       256       256         1
  1.000000  1.000000  1.000000
orientation T byte_order littleendian
Reading mask: /opt/freesurfer/average/711-2B_as_mni_average_305_mask.4dfp.img (2306576 pixels)
talsrcimg_g11.4dfp.img
       256       256       256         1
  1.000000  1.000000  1.000000
orientation T byte_order littleendian
Reading image: talsrcimg_g11.4dfp.img
dimensions:      256       256       256
mmppix:       1.0000   -1.0000   -1.0000
center:     128.0000 -129.0000 -129.0000
fimgreg.f
image alignment mode   2311 decimal      907 hex
parameters
    0.2345   19.8698   -0.6154   -0.3868   -8.6812  -14.4857
    3.1852    5.6561   -3.1660   26.4832   -1.6050  -23.1843
eta,q 0.97758  8.06650
niter,ni,del,rscale     5    3    5.0000    0.8000
parameters
    0.2386   19.9036   -0.6721   -0.9130   -8.7987  -14.4050
    3.2356    5.7179   -3.2903   26.4861   -1.6148  -23.3975
eta,q 0.97755  8.05386
  0.0237  0.0234  0.0229  0.0233  0.0235  0.0231  0.0235  0.0240  0.0231  0.0233  0.0228  0.0228
  0.0230  0.0228  0.0226  0.0229  0.0230  0.0227  0.0229  0.0231  0.0228  0.0229  0.0226  0.0226
  0.0226  0.0225  0.0225  0.0226  0.0226  0.0225  0.0226  0.0226  0.0225  0.0226  0.0225  0.0225
  0.0224  0.0224  0.0224  0.0224  0.0224  0.0225  0.0225  0.0225  0.0225  0.0225  0.0225  0.0225
  0.0226  0.0225  0.0225  0.0226  0.0226  0.0225  0.0226  0.0226  0.0225  0.0225  0.0225  0.0225
  0.0230  0.0228  0.0227  0.0231  0.0230  0.0227  0.0229  0.0231  0.0228  0.0228  0.0226  0.0227
  0.0237  0.0233  0.0230  0.0240  0.0237  0.0230  0.0234  0.0239  0.0232  0.0234  0.0227  0.0229
niter,ni,del,rscale     4    3    5.0000    0.7000
parameters
    0.2335   19.9174   -0.6463   -0.7948   -8.7970  -14.3600
    3.2528    5.7099   -3.2835   26.5454   -1.6236  -23.3915
eta,q 0.97756  8.05941
  0.0234  0.0232  0.0228  0.0233  0.0233  0.0229  0.0232  0.0236  0.0230  0.0231  0.0227  0.0228
  0.0229  0.0228  0.0226  0.0230  0.0229  0.0226  0.0228  0.0229  0.0227  0.0228  0.0225  0.0226
  0.0226  0.0225  0.0225  0.0227  0.0226  0.0225  0.0225  0.0226  0.0225  0.0225  0.0225  0.0225
  0.0225  0.0225  0.0225  0.0225  0.0224  0.0224  0.0224  0.0224  0.0224  0.0224  0.0224  0.0224
  0.0226  0.0225  0.0225  0.0224  0.0225  0.0225  0.0225  0.0226  0.0225  0.0225  0.0225  0.0225
  0.0229  0.0228  0.0226  0.0228  0.0228  0.0227  0.0228  0.0230  0.0227  0.0227  0.0225  0.0226
  0.0234  0.0231  0.0228  0.0234  0.0234  0.0229  0.0232  0.0236  0.0230  0.0231  0.0227  0.0228
niter,ni,del,rscale     3    3    5.0000    0.6000
parameters
    0.2333   19.9182   -0.6437   -0.6292   -8.7904  -14.4268
    3.2420    5.6900   -3.2546   26.5664   -1.5849  -23.3305
eta,q 0.97757  8.06111
  0.0231  0.0230  0.0227  0.0231  0.0231  0.0228  0.0230  0.0233  0.0229  0.0229  0.0226  0.0227
  0.0228  0.0227  0.0226  0.0229  0.0228  0.0226  0.0227  0.0228  0.0226  0.0227  0.0225  0.0225
  0.0225  0.0225  0.0225  0.0226  0.0225  0.0224  0.0225  0.0225  0.0225  0.0225  0.0224  0.0225
  0.0224  0.0224  0.0224  0.0224  0.0224  0.0224  0.0224  0.0224  0.0224  0.0224  0.0224  0.0224
  0.0225  0.0225  0.0225  0.0224  0.0225  0.0225  0.0225  0.0225  0.0225  0.0225  0.0224  0.0225
  0.0228  0.0227  0.0226  0.0227  0.0227  0.0226  0.0227  0.0228  0.0226  0.0226  0.0225  0.0225
  0.0231  0.0229  0.0227  0.0231  0.0231  0.0228  0.0230  0.0233  0.0228  0.0229  0.0226  0.0227
niter,ni,del,rscale     2    3    5.0000    0.5000
parameters
    0.2311   19.9177   -0.6636   -0.4872   -8.7729  -14.5163
    3.2239    5.6689   -3.2367   26.5956   -1.5853  -23.2825
eta,q 0.97758  8.06176
  0.0229  0.0228  0.0226  0.0230  0.0229  0.0227  0.0228  0.0230  0.0227  0.0228  0.0225  0.0226
  0.0227  0.0226  0.0225  0.0227  0.0227  0.0225  0.0226  0.0227  0.0226  0.0226  0.0225  0.0225
  0.0225  0.0225  0.0224  0.0226  0.0225  0.0224  0.0225  0.0225  0.0225  0.0225  0.0224  0.0224
  0.0224  0.0224  0.0224  0.0224  0.0224  0.0224  0.0224  0.0224  0.0224  0.0224  0.0224  0.0224
  0.0225  0.0225  0.0225  0.0224  0.0225  0.0225  0.0225  0.0225  0.0224  0.0224  0.0224  0.0224
  0.0227  0.0226  0.0225  0.0226  0.0226  0.0225  0.0226  0.0227  0.0225  0.0226  0.0225  0.0225
  0.0229  0.0228  0.0226  0.0229  0.0229  0.0227  0.0228  0.0230  0.0227  0.0228  0.0225  0.0226
niter,ni,del,rscale     1    3    5.0000    0.4000
parameters
    0.2276   19.9242   -0.6827   -0.3684   -8.7707  -14.6672
    3.2164    5.6377   -3.2140   26.6117   -1.5320  -23.1753
eta,q 0.97759  8.05830
  0.0227  0.0227  0.0225  0.0228  0.0227  0.0226  0.0227  0.0228  0.0226  0.0226  0.0225  0.0225
  0.0226  0.0225  0.0225  0.0226  0.0226  0.0225  0.0225  0.0226  0.0225  0.0225  0.0224  0.0225
  0.0225  0.0224  0.0224  0.0225  0.0225  0.0224  0.0224  0.0225  0.0224  0.0224  0.0224  0.0224
  0.0224  0.0224  0.0224  0.0224  0.0224  0.0224  0.0224  0.0224  0.0224  0.0224  0.0224  0.0224
  0.0225  0.0224  0.0224  0.0224  0.0224  0.0224  0.0224  0.0225  0.0224  0.0224  0.0224  0.0224
  0.0226  0.0225  0.0225  0.0225  0.0226  0.0225  0.0225  0.0226  0.0225  0.0225  0.0224  0.0225
  0.0227  0.0226  0.0226  0.0228  0.0227  0.0226  0.0227  0.0228  0.0226  0.0226  0.0225  0.0225
registration optimization eta report
parameter search radius
    0.8000    0.8000    0.8000    2.4000    2.4000    2.4000
    2.4000    2.4000    2.4000    2.4000    2.4000    2.4000
100000*second partial in parameter space
       50.       35.       20.        6.        6.        3.
        5.        7.        3.        4.        1.        2.
  0.0227  0.0227  0.0225  0.0228  0.0227  0.0226  0.0227  0.0228  0.0226  0.0226  0.0225  0.0225
  0.0226  0.0225  0.0225  0.0226  0.0226  0.0225  0.0225  0.0226  0.0225  0.0225  0.0224  0.0225
  0.0225  0.0224  0.0224  0.0225  0.0225  0.0224  0.0224  0.0225  0.0224  0.0224  0.0224  0.0224
  0.0224  0.0224  0.0224  0.0224  0.0224  0.0224  0.0224  0.0224  0.0224  0.0224  0.0224  0.0224
  0.0225  0.0224  0.0224  0.0224  0.0224  0.0224  0.0224  0.0225  0.0224  0.0224  0.0224  0.0224
  0.0226  0.0225  0.0225  0.0225  0.0226  0.0225  0.0225  0.0226  0.0225  0.0225  0.0224  0.0225
  0.0227  0.0226  0.0226  0.0228  0.0227  0.0226  0.0227  0.0228  0.0226  0.0226  0.0225  0.0225
    0.2276   19.9242   -0.6827   -0.3684   -8.7707  -14.6672
    3.2164    5.6377   -3.2140   26.6117   -1.5320  -23.1753
eta,q 0.97759  8.05830

---------------------------------------------------------------------
compute_vox2vox talsrcimg talsrcimg_to_711-2C_as_mni_average_305_t4 /opt/freesurfer/average/711-2C_as_mni_average_305
---------------------------------------------------------------------

freesurfer compute_vox2vox.c
Reading: talsrcimg.4dfp.ifh
Reading: talsrcimg_to_711-2C_as_mni_average_305_t4
Reading: /opt/freesurfer/average/711-2C_as_mni_average_305.4dfp.ifh
Writing: talsrcimg_to_711-2C_as_mni_average_305_t4_vox2vox.txt

start time Sun Mar 15 08:14:07 CET 2026
end		time Sun Mar 15 08:14:21 CET 2026

mpr2mni305 success

avi2talxfm orig_nu.mgz /opt/freesurfer/average/mni305.cor.mgz talsrcimg_to_711-2C_as_mni_average_305_t4_vox2vox.txt transforms/talairach.auto.xfm
avi2talxfm done
mv -f /out/sourcedata/freesurfer/sub-v2s10x28964_ses-1/mri/talsrcimg_to_711-2C_as_mni_average_305_t4_vox2vox.txt /out/sourcedata/freesurfer/sub-v2s10x28964_ses-1/mri/transforms/talsrcimg_to_711-2C_as_mni_average_305_t4_vox2vox.txt
lta_convert --src orig_nu.mgz --trg /opt/freesurfer/average/mni305.cor.mgz --inxfm transforms/talairach.auto.xfm --outlta transforms/talairach.auto.xfm.lta --subject fsaverage
7.3.2

--src: orig_nu.mgz src image (geometry).
--trg: /opt/freesurfer/average/mni305.cor.mgz trg image (geometry).
--inmni: transforms/talairach.auto.xfm input MNI/XFM transform.
--outlta: transforms/talairach.auto.xfm.lta output LTA.
--s: fsaverage subject name
 LTA read, type : 1
 1.00135  -0.05110  -0.04829   1.12521;
 0.02554   1.08456   0.27461  -15.96235;
 0.02783  -0.31817   1.01433   2.31047;
 0.00000   0.00000   0.00000   1.00000;
setting subject to fsaverage
Writing  LTA to file transforms/talairach.auto.xfm.lta...
lta_convert successful.
 
 
Started at Sun Mar 15 08:14:07 CET 2026
Ended   at Sun Mar 15 08:14:21 CET 2026
talairach_avi done
