/out/sourcedata/freesurfer/sub-v2s10x28984_ses-1/mri
/opt/freesurfer/bin/talairach_avi
--i orig_nu.mgz --xfm transforms/talairach.auto.xfm
talairach_avi 7.3.2
Linux dna056 5.14.0-427.37.1.el9_4.x86_64 #1 SMP PREEMPT_DYNAMIC Fri Sep 13 12:41:50 EDT 2024 x86_64 x86_64 x86_64 GNU/Linux
Sun Mar 15 08:15:14 CET 2026
mri_convert orig_nu.mgz talsrcimg.img 
reading from orig_nu.mgz...
TR=0.00, TE=0.00, TI=0.00, flip angle=0.00
i_ras = (-1, 2.06795e-24, -3.72529e-09)
j_ras = (-3.72529e-09, 0, -1)
k_ras = (1.65436e-24, 1, 1.32349e-23)
writing to talsrcimg.img...
Analyze Output Matrix
-1.00000  -0.00000   0.00000   128.44095;
 0.00000   0.00000   1.00000  -115.85749;
-0.00000  -1.00000   0.00000   108.32947;
 0.00000   0.00000   0.00000   1.00000;
--------------------
INFO: set hdr.hist.orient to -1
mpr2mni305 talsrcimg
Sun Mar 15 08:15:15 CET 2026
/opt/freesurfer/bin/mpr2mni305 talsrcimg
mpr2mni305 7.3.2
target=711-2C_as_mni_average_305

---------------------------------------------------------------------
analyzeto4dfp talsrcimg -O0 -y
---------------------------------------------------------------------

freesurfer ifh2hdr.c
Sun Mar 15 08:15:15 2026
Writing: talsrcimg.4dfp.hdr
freesurfer analyzeto4dfp.c
Reading: talsrcimg.hdr
header size 348 bytes
hdr.dime.datatype	offset=70	value=2
hdr.dime.bitpix		offset=72	value=8
hdr.hist.orient		offset=252	value=-1
dimensionality     4
dimensions       256       256       256         1
Reading: talsrcimg.img
Writing: talsrcimg.4dfp.img
Writing: talsrcimg.4dfp.ifh
ifh2hdr talsrcimg -r0to206
ori=2

---------------------------------------------------------------------
gauss_4dfp talsrcimg 1.1
---------------------------------------------------------------------

freesurfer gauss_4dfp.c
Reading: talsrcimg.4dfp.img
Writing: talsrcimg_g11.4dfp.img
image dimensions 256 256 256 padded to 288 288 288
processing volume 1freesurfer ifh2hdr.c
Sun Mar 15 08:15:17 2026
Writing: talsrcimg_g11.4dfp.hdr

Writing: talsrcimg_g11.4dfp.ifh
including: talsrcimg.4dfp.img.rec in talsrcimg_g11.4dfp.img.rec

---------------------------------------------------------------------
imgreg_4dfp /opt/freesurfer/average/711-2C_as_mni_average_305 none talsrcimg_g11 none talsrcimg_to_711-2C_as_mni_average_305_t4 4355
---------------------------------------------------------------------

freesurfer imgreg_4dfp.c
/opt/freesurfer/average/711-2C_as_mni_average_305.4dfp.img
       256       256       256         1
  1.000000  1.000000  1.000000
orientation T byte_order littleendian
Reading image: /opt/freesurfer/average/711-2C_as_mni_average_305.4dfp.img
dimensions:      256       256       256
mmppix:       1.0000   -1.0000   -1.0000
center:     128.0000 -129.0000 -129.0000
talsrcimg_g11.4dfp.img
       256       256       256         1
  1.000000  1.000000  1.000000
orientation T byte_order littleendian
Reading image: talsrcimg_g11.4dfp.img
dimensions:      256       256       256
mmppix:       1.0000   -1.0000   -1.0000
center:     128.0000 -129.0000 -129.0000
t4_read: open error in t4_sub.f l:  41 t4_file(1:l)talsrcimg_to_711-2C_as_mni_average_305_t4 
t4_read: transform initialized to I4
rotation matrix determinant  1.000000
image alignment mode   4355 decimal     1103 hex
   -7.5000  -45.0000  -45.0000 6576.7852   17.1952
    0.0000  -45.0000  -45.0000 6866.1504   17.2110
    7.5000  -45.0000  -45.0000 6590.8906   17.1726
   -7.5000  -37.5000  -45.0000 7191.9819   16.8687
    0.0000  -37.5000  -45.0000 7526.7930   16.8806
    7.5000  -37.5000  -45.0000 7227.7891   16.8420
   -7.5000  -30.0000  -45.0000 8147.9448   16.7174
    0.0000  -30.0000  -45.0000 8529.1230   16.7290
    7.5000  -30.0000  -45.0000 8186.1387   16.6953
   -7.5000  -22.5000  -45.0000 9155.1553   16.6187
    0.0000  -22.5000  -45.0000 9589.7715   16.6327
    7.5000  -22.5000  -45.0000 9178.6875   16.6060
   -7.5000  -15.0000  -45.000010125.0879   16.5404
    0.0000  -15.0000  -45.000010583.3857   16.5590
    7.5000  -15.0000  -45.000010134.6797   16.5376
   -7.5000   -7.5000  -45.000011114.9941   16.5070
    0.0000   -7.5000  -45.000011595.1729   16.5262
    7.5000   -7.5000  -45.000011090.0664   16.5028
   -7.5000    0.0000  -45.000011956.3721   16.5170
    0.0000    0.0000  -45.000012470.4766   16.5318
    7.5000    0.0000  -45.000011905.9805   16.5013
   -7.5000    7.5000  -45.000011825.7012   16.5311
    0.0000    7.5000  -45.000012356.1260   16.5430
    7.5000    7.5000  -45.000011792.2236   16.5093
   -7.5000   15.0000  -45.000011615.2354   16.5312
    0.0000   15.0000  -45.000012126.9316   16.5429
    7.5000   15.0000  -45.000011550.8008   16.5120
   -7.5000   22.5000  -45.000011325.8926   16.5108
    0.0000   22.5000  -45.000011819.3076   16.5251
    7.5000   22.5000  -45.000011255.1992   16.5000
   -7.5000   30.0000  -45.000010911.2861   16.2765
    0.0000   30.0000  -45.000011384.8604   16.2950
    7.5000   30.0000  -45.000010852.5605   16.2745
   -7.5000   37.5000  -45.000010871.1426   16.2773
    0.0000   37.5000  -45.000011336.9443   16.2962
    7.5000   37.5000  -45.000010795.1650   16.2734
   -7.5000   45.0000  -45.000010362.7656   15.8831
    0.0000   45.0000  -45.000010802.4355   15.8973
    7.5000   45.0000  -45.000010261.5693   15.8680
   -7.5000  -45.0000  -37.5000 6914.3667   17.2102
    0.0000  -45.0000  -37.5000 7235.6626   17.2272
    7.5000  -45.0000  -37.5000 6939.3228   17.1865
   -7.5000  -37.5000  -37.5000 7589.3643   16.8868
    0.0000  -37.5000  -37.5000 7936.1943   16.9044
    7.5000  -37.5000  -37.5000 7618.6494   16.8649
   -7.5000  -30.0000  -37.5000 8619.6396   16.7383
    0.0000  -30.0000  -37.5000 9027.1865   16.7564
    7.5000  -30.0000  -37.5000 8649.3184   16.7209
   -7.5000  -22.5000  -37.5000 9701.1143   16.6406
    0.0000  -22.5000  -37.500010156.7363   16.6570
    7.5000  -22.5000  -37.5000 9723.7607   16.6259
   -7.5000  -15.0000  -37.500010718.0918   16.5594
    0.0000  -15.0000  -37.500011200.7168   16.5754
    7.5000  -15.0000  -37.500010725.8154   16.5480
   -7.5000   -7.5000  -37.500011720.0469   16.5220
    0.0000   -7.5000  -37.500012224.2344   16.5379
    7.5000   -7.5000  -37.500011699.3223   16.5098
   -7.5000    0.0000  -37.500012601.4697   16.5310
    0.0000    0.0000  -37.500013151.0928   16.5468
    7.5000    0.0000  -37.500012559.5850   16.5141
   -7.5000    7.5000  -37.500012481.8252   16.5482
    0.0000    7.5000  -37.500013039.3291   16.5656
    7.5000    7.5000  -37.500012456.4551   16.5311
   -7.5000   15.0000  -37.500012270.6680   16.5521
    0.0000   15.0000  -37.500012803.3867   16.5701
    7.5000   15.0000  -37.500012213.2197   16.5376
   -7.5000   22.5000  -37.500011955.2461   16.5334
    0.0000   22.5000  -37.500012478.6133   16.5500
    7.5000   22.5000  -37.500011912.4160   16.5206
   -7.5000   30.0000  -37.500011500.3682   16.2958
    0.0000   30.0000  -37.500012005.9326   16.3117
    7.5000   30.0000  -37.500011453.7266   16.2854
   -7.5000   37.5000  -37.500011453.4775   16.2920
    0.0000   37.5000  -37.500011930.7920   16.3077
    7.5000   37.5000  -37.500011360.3945   16.2802
   -7.5000   45.0000  -37.500010887.8193   15.8966
    0.0000   45.0000  -37.500011351.6299   15.9118
    7.5000   45.0000  -37.500010786.0967   15.8802
   -7.5000  -45.0000  -30.0000 7366.1396   17.9397
    0.0000  -45.0000  -30.0000 7710.8086   17.9540
    7.5000  -45.0000  -30.0000 7401.0508   17.9128
   -7.5000  -37.5000  -30.0000 8113.3369   17.6014
    0.0000  -37.5000  -30.0000 8492.1611   17.6181
    7.5000  -37.5000  -30.0000 8136.3418   17.5786
   -7.5000  -30.0000  -30.0000 9250.6172   17.4496
    0.0000  -30.0000  -30.0000 9690.8799   17.4661
    7.5000  -30.0000  -30.0000 9273.0117   17.4289
   -7.5000  -22.5000  -30.000010421.3945   17.3526
    0.0000  -22.5000  -30.000010902.9570   17.3642
    7.5000  -22.5000  -30.000010411.1572   17.3283
   -7.5000  -15.0000  -30.000011492.7266   17.2705
    0.0000  -15.0000  -30.000012011.9482   17.2789
    7.5000  -15.0000  -30.000011462.5703   17.2460
   -7.5000   -7.5000  -30.000012524.1299   17.2285
    0.0000   -7.5000  -30.000013076.0625   17.2385
    7.5000   -7.5000  -30.000012485.3262   17.2070
   -7.5000    0.0000  -30.000013459.3809   17.2323
    0.0000    0.0000  -30.000014052.2578   17.2454
    7.5000    0.0000  -30.000013390.7266   17.2121
   -7.5000    7.5000  -30.000013337.9922   17.2481
    0.0000    7.5000  -30.000013910.9658   17.2646
    7.5000    7.5000  -30.000013271.3389   17.2303
   -7.5000   15.0000  -30.000013126.6143   17.2552
    0.0000   15.0000  -30.000013684.0225   17.2717
    7.5000   15.0000  -30.000013042.2812   17.2376
   -7.5000   22.5000  -30.000012787.9824   17.2394
    0.0000   22.5000  -30.000013345.5791   17.2514
    7.5000   22.5000  -30.000012721.3672   17.2172
   -7.5000   30.0000  -30.000012300.3232   16.9977
    0.0000   30.0000  -30.000012837.6650   17.0063
    7.5000   30.0000  -30.000012209.0615   16.9745
   -7.5000   37.5000  -30.000012204.6035   16.9904
    0.0000   37.5000  -30.000012716.7627   17.0003
    7.5000   37.5000  -30.000012079.6982   16.9694
   -7.5000   45.0000  -30.000011560.7188   16.5831
    0.0000   45.0000  -30.000012051.1475   16.5957
    7.5000   45.0000  -30.000011442.4688   16.5637
   -7.5000  -45.0000  -22.5000 7839.6953   18.5256
    0.0000  -45.0000  -22.5000 8200.4443   18.5348
    7.5000  -45.0000  -22.5000 7852.7788   18.4967
   -7.5000  -37.5000  -22.5000 8655.8115   18.1720
    0.0000  -37.5000  -22.5000 9055.8623   18.1802
    7.5000  -37.5000  -22.5000 8669.7783   18.1426
   -7.5000  -30.0000  -22.5000 9880.2275   18.0138
    0.0000  -30.0000  -22.500010346.1396   18.0208
    7.5000  -30.0000  -22.5000 9887.1826   17.9850
   -7.5000  -22.5000  -22.500011112.1191   17.9160
    0.0000  -22.5000  -22.500011627.1836   17.9193
    7.5000  -22.5000  -22.500011096.4365   17.8854
   -7.5000  -15.0000  -22.500012260.9629   17.8361
    0.0000  -15.0000  -22.500012816.8613   17.8392
    7.5000  -15.0000  -22.500012206.8271   17.8090
   -7.5000   -7.5000  -22.500013340.4189   17.7959
    0.0000   -7.5000  -22.500013927.3848   17.8027
    7.5000   -7.5000  -22.500013258.7520   17.7747
   -7.5000    0.0000  -22.500014311.6318   17.7968
    0.0000    0.0000  -22.500014932.0293   17.8051
    7.5000    0.0000  -22.500014202.0928   17.7748
   -7.5000    7.5000  -22.500014144.7197   17.8079
    0.0000    7.5000  -22.500014766.7041   17.8162
    7.5000    7.5000  -22.500014035.6123   17.7838
   -7.5000   15.0000  -22.500013905.9121   17.8128
    0.0000   15.0000  -22.500014529.2412   17.8201
    7.5000   15.0000  -22.500013783.0693   17.7873
   -7.5000   22.5000  -22.500013573.7754   17.7975
    0.0000   22.5000  -22.500014197.7402   17.8013
    7.5000   22.5000  -22.500013439.5420   17.7691
   -7.5000   30.0000  -22.500013056.2344   17.5571
    0.0000   30.0000  -22.500013652.4150   17.5604
    7.5000   30.0000  -22.500012900.7676   17.5314
   -7.5000   37.5000  -22.500012914.0039   17.5527
    0.0000   37.5000  -22.500013478.1416   17.5594
    7.5000   37.5000  -22.500012733.3623   17.5320
   -7.5000   45.0000  -22.500012177.2666   17.1392
    0.0000   45.0000  -22.500012720.2490   17.1472
    7.5000   45.0000  -22.500012037.5732   17.1180
   -7.5000  -45.0000  -15.0000 8314.8584   18.9336
    0.0000  -45.0000  -15.0000 8689.4648   18.9406
    7.5000  -45.0000  -15.0000 8310.1309   18.9046
   -7.5000  -37.5000  -15.0000 9179.1885   18.5684
    0.0000  -37.5000  -15.0000 9607.1729   18.5697
    7.5000  -37.5000  -15.0000 9198.0166   18.5327
   -7.5000  -30.0000  -15.000010459.8174   18.4041
    0.0000  -30.0000  -15.000010962.2070   18.4036
    7.5000  -30.0000  -15.000010469.1172   18.3695
   -7.5000  -22.5000  -15.000011756.4473   18.3038
    0.0000  -22.5000  -15.000012311.6758   18.3037
    7.5000  -22.5000  -15.000011745.2891   18.2745
   -7.5000  -15.0000  -15.000012985.1113   18.2257
    0.0000  -15.0000  -15.000013556.1406   18.2305
    7.5000  -15.0000  -15.000012918.3662   18.2068
   -7.5000   -7.5000  -15.000014128.8174   18.1890
    0.0000   -7.5000  -15.000014736.5176   18.1982
    7.5000   -7.5000  -15.000014039.2637   18.1753
   -7.5000    0.0000  -15.000015103.6699   18.1899
    0.0000    0.0000  -15.000015768.4668   18.1963
    7.5000    0.0000  -15.000014991.5332   18.1683
   -7.5000    7.5000  -15.000014886.6182   18.1974
    0.0000    7.5000  -15.000015555.7617   18.1991
    7.5000    7.5000  -15.000014752.0781   18.1672
   -7.5000   15.0000  -15.000014613.5850   18.1985
    0.0000   15.0000  -15.000015303.6475   18.1986
    7.5000   15.0000  -15.000014488.4717   18.1676
   -7.5000   22.5000  -15.000014293.6094   18.1811
    0.0000   22.5000  -15.000014981.2393   18.1816
    7.5000   22.5000  -15.000014114.6094   18.1541
   -7.5000   30.0000  -15.000013769.7256   17.9425
    0.0000   30.0000  -15.000014424.5820   17.9476
    7.5000   30.0000  -15.000013580.5537   17.9249
   -7.5000   37.5000  -15.000013569.3535   17.9430
    0.0000   37.5000  -15.000014204.0039   17.9522
    7.5000   37.5000  -15.000013367.2871   17.9297
   -7.5000   45.0000  -15.000012777.9775   17.5284
    0.0000   45.0000  -15.000013364.2412   17.5345
    7.5000   45.0000  -15.000012597.4883   17.5075
   -7.5000  -45.0000   -7.5000 8752.4980   19.1554
    0.0000  -45.0000   -7.5000 9151.0771   19.1667
    7.5000  -45.0000   -7.5000 8760.1865   19.1281
   -7.5000  -37.5000   -7.5000 9658.0479   18.7864
    0.0000  -37.5000   -7.500010129.6533   18.7907
    7.5000  -37.5000   -7.5000 9697.4971   18.7509
   -7.5000  -30.0000   -7.500011024.6172   18.6184
    0.0000  -30.0000   -7.500011555.4482   18.6211
    7.5000  -30.0000   -7.500011039.0322   18.5857
   -7.5000  -22.5000   -7.500012412.2285   18.5136
    0.0000  -22.5000   -7.500012979.3467   18.5198
    7.5000  -22.5000   -7.500012394.5830   18.4918
   -7.5000  -15.0000   -7.500013721.8398   18.4330
    0.0000  -15.0000   -7.500014326.2529   18.4466
    7.5000  -15.0000   -7.500013661.2744   18.4251
   -7.5000   -7.5000   -7.500014923.0459   18.3972
    0.0000   -7.5000   -7.500015580.8604   18.4139
    7.5000   -7.5000   -7.500014829.0605   18.3912
   -7.5000    0.0000   -7.500015950.2842   18.4022
    0.0000    0.0000   -7.500016678.3789   18.4128
    7.5000    0.0000   -7.500015818.5205   18.3826
   -7.5000    7.5000   -7.500015663.2109   18.4115
    0.0000    7.5000   -7.500016374.1123   18.4160
    7.5000    7.5000   -7.500015542.7549   18.3815
   -7.5000   15.0000   -7.500015335.7441   18.4107
    0.0000   15.0000   -7.500016078.3242   18.4139
    7.5000   15.0000   -7.500015228.2705   18.3816
   -7.5000   22.5000   -7.500015033.8760   18.3871
    0.0000   22.5000   -7.500015750.0146   18.3938
    7.5000   22.5000   -7.500014870.1279   18.3675
   -7.5000   30.0000   -7.500014488.6191   18.1456
    0.0000   30.0000   -7.500015175.0430   18.1593
    7.5000   30.0000   -7.500014301.2969   18.1387
   -7.5000   37.5000   -7.500014269.1201   18.1478
    0.0000   37.5000   -7.500014940.7852   18.1643
    7.5000   37.5000   -7.500014070.0889   18.1422
   -7.5000   45.0000   -7.500013426.7920   17.7362
    0.0000   45.0000   -7.500014048.0693   17.7465
    7.5000   45.0000   -7.500013224.1396   17.7173
   -7.5000  -45.0000    0.0000 9128.9014   19.2260
    0.0000  -45.0000    0.0000 9544.2656   19.2436
    7.5000  -45.0000    0.0000 9140.8535   19.2005
   -7.5000  -37.5000    0.000010108.8799   18.8610
    0.0000  -37.5000    0.000010570.7510   18.8742
    7.5000  -37.5000    0.000010117.2920   18.8309
   -7.5000  -30.0000    0.000011521.6270   18.6918
    0.0000  -30.0000    0.000012053.4072   18.7047
    7.5000  -30.0000    0.000011529.3457   18.6669
   -7.5000  -22.5000    0.000012943.1562   18.5816
    0.0000  -22.5000    0.000013548.6191   18.5973
    7.5000  -22.5000    0.000012926.2949   18.5673
   -7.5000  -15.0000    0.000014296.7949   18.4944
    0.0000  -15.0000    0.000014966.1143   18.5152
    7.5000  -15.0000    0.000014251.3174   18.4911
   -7.5000   -7.5000    0.000015542.6104   18.4572
    0.0000   -7.5000    0.000016283.5156   18.4787
    7.5000   -7.5000    0.000015491.1221   18.4524
   -7.5000    0.0000    0.000016661.5273   18.4683
    0.0000    0.0000    0.000017474.0391   18.4848
    7.5000    0.0000    0.000016567.4668   18.4505
   -7.5000    7.5000    0.000016455.2363   18.4837
    0.0000    7.5000    0.000017203.8613   18.4971
    7.5000    7.5000    0.000016352.6270   18.4592
   -7.5000   15.0000    0.000016052.0068   18.4837
    0.0000   15.0000    0.000016786.9355   18.4968
    7.5000   15.0000    0.000015981.3213   18.4622
   -7.5000   22.5000    0.000015699.7822   18.4551
    0.0000   22.5000    0.000016378.1221   18.4710
    7.5000   22.5000    0.000015606.2920   18.4429
   -7.5000   30.0000    0.000015126.4453   18.2065
    0.0000   30.0000    0.000015767.9082   18.2271
    7.5000   30.0000    0.000014986.9492   18.2041
   -7.5000   37.5000    0.000014920.9795   18.2074
    0.0000   37.5000    0.000015576.2256   18.2287
    7.5000   37.5000    0.000014730.2773   18.2029
   -7.5000   45.0000    0.000014026.2275   17.8013
    0.0000   45.0000    0.000014654.2812   17.8172
    7.5000   45.0000    0.000013793.6582   17.7842
   -7.5000  -45.0000    7.5000 8784.0791   19.2586
    0.0000  -45.0000    7.5000 9201.9365   19.2776
    7.5000  -45.0000    7.5000 8781.6240   19.2321
   -7.5000  -37.5000    7.5000 9750.1523   18.8967
    0.0000  -37.5000    7.500010222.2266   18.9164
    7.5000  -37.5000    7.5000 9750.7686   18.8722
   -7.5000  -30.0000    7.500011124.1309   18.7305
    0.0000  -30.0000    7.500011640.3398   18.7507
    7.5000  -30.0000    7.500011121.3008   18.7111
   -7.5000  -22.5000    7.500012494.1338   18.6212
    0.0000  -22.5000    7.500013077.7246   18.6395
    7.5000  -22.5000    7.500012490.6787   18.6047
   -7.5000  -15.0000    7.500013790.6631   18.5303
    0.0000  -15.0000    7.500014412.8311   18.5482
    7.5000  -15.0000    7.500013767.7793   18.5176
   -7.5000   -7.5000    7.500014977.9668   18.4885
    0.0000   -7.5000    7.500015636.1650   18.5063
    7.5000   -7.5000    7.500014960.1436   18.4748
   -7.5000    0.0000    7.500016031.0381   18.4986
    0.0000    0.0000    7.500016762.4355   18.5163
    7.5000    0.0000    7.500016018.6680   18.4796
   -7.5000    7.5000    7.500015888.4795   18.5178
    0.0000    7.5000    7.500016614.4941   18.5373
    7.5000    7.5000    7.500015826.7051   18.4987
   -7.5000   15.0000    7.500015533.8428   18.5222
    0.0000   15.0000    7.500016231.0898   18.5423
    7.5000   15.0000    7.500015504.8779   18.5059
   -7.5000   22.5000    7.500015219.1982   18.4953
    0.0000   22.5000    7.500015867.5342   18.5138
    7.5000   22.5000    7.500015152.6357   18.4809
   -7.5000   30.0000    7.500014675.3711   18.2424
    0.0000   30.0000    7.500015246.1992   18.2602
    7.5000   30.0000    7.500014511.5840   18.2308
   -7.5000   37.5000    7.500014472.0752   18.2382
    0.0000   37.5000    7.500015054.1152   18.2558
    7.5000   37.5000    7.500014255.2725   18.2250
   -7.5000   45.0000    7.500013557.9600   17.8305
    0.0000   45.0000    7.500014100.4033   17.8476
    7.5000   45.0000    7.500013323.2070   17.8122
   -7.5000  -45.0000   15.0000 8335.1846   19.2891
    0.0000  -45.0000   15.0000 8723.9443   19.3045
    7.5000  -45.0000   15.0000 8321.9150   19.2603
   -7.5000  -37.5000   15.0000 9279.5752   18.9256
    0.0000  -37.5000   15.0000 9717.5273   18.9436
    7.5000  -37.5000   15.0000 9269.0117   18.9014
   -7.5000  -30.0000   15.000010587.5674   18.7621
    0.0000  -30.0000   15.000011077.1455   18.7800
    7.5000  -30.0000   15.000010576.5859   18.7402
   -7.5000  -22.5000   15.000011869.8330   18.6576
    0.0000  -22.5000   15.000012437.6543   18.6703
    7.5000  -22.5000   15.000011896.7061   18.6318
   -7.5000  -15.0000   15.000013067.2764   18.5692
    0.0000  -15.0000   15.000013688.9062   18.5785
    7.5000  -15.0000   15.000013097.9395   18.5431
   -7.5000   -7.5000   15.000014200.2314   18.5241
    0.0000   -7.5000   15.000014874.7676   18.5350
    7.5000   -7.5000   15.000014254.2090   18.5012
   -7.5000    0.0000   15.000015235.8145   18.5282
    0.0000    0.0000   15.000015959.7617   18.5424
    7.5000    0.0000   15.000015282.5107   18.5067
   -7.5000    7.5000   15.000015118.0146   18.5452
    0.0000    7.5000   15.000015768.9980   18.5631
    7.5000    7.5000   15.000015123.2061   18.5264
   -7.5000   15.0000   15.000014846.1162   18.5528
    0.0000   15.0000   15.000015460.1484   18.5707
    7.5000   15.0000   15.000014836.6104   18.5341
   -7.5000   22.5000   15.000014587.0938   18.5318
    0.0000   22.5000   15.000015208.4238   18.5448
    7.5000   22.5000   15.000014526.6445   18.5081
   -7.5000   30.0000   15.000014098.4180   18.2812
    0.0000   30.0000   15.000014692.2500   18.2906
    7.5000   30.0000   15.000013952.7031   18.2565
   -7.5000   37.5000   15.000013864.6357   18.2734
    0.0000   37.5000   15.000014469.7803   18.2842
    7.5000   37.5000   15.000013707.3984   18.2511
   -7.5000   45.0000   15.000012930.3281   17.8591
    0.0000   45.0000   15.000013507.3730   17.8727
    7.5000   45.0000   15.000012766.6875   17.8384
   -7.5000  -45.0000   22.5000 7789.0718   19.3270
    0.0000  -45.0000   22.5000 8145.6030   19.3370
    7.5000  -45.0000   22.5000 7779.8335   19.2975
   -7.5000  -37.5000   22.5000 8682.7490   18.9595
    0.0000  -37.5000   22.5000 9106.4268   18.9686
    7.5000  -37.5000   22.5000 8685.4746   18.9297
   -7.5000  -30.0000   22.5000 9916.5059   18.7938
    0.0000  -30.0000   22.500010404.3604   18.8016
    7.5000  -30.0000   22.5000 9920.7363   18.7646
   -7.5000  -22.5000   22.500011119.7100   18.6913
    0.0000  -22.5000   22.500011663.8887   18.6952
    7.5000  -22.5000   22.500011168.2559   18.6602
   -7.5000  -15.0000   22.500012250.2393   18.6076
    0.0000  -15.0000   22.500012818.6514   18.6112
    7.5000  -15.0000   22.500012289.4863   18.5801
   -7.5000   -7.5000   22.500013336.6895   18.5653
    0.0000   -7.5000   22.500013958.9639   18.5728
    7.5000   -7.5000   22.500013415.7607   18.5440
   -7.5000    0.0000   22.500014343.8887   18.5662
    0.0000    0.0000   22.500015003.2002   18.5752
    7.5000    0.0000   22.500014413.0352   18.5440
   -7.5000    7.5000   22.500014248.4600   18.5778
    0.0000    7.5000   22.500014821.2295   18.5870
    7.5000    7.5000   22.500014280.9717   18.5534
   -7.5000   15.0000   22.500014020.1992   18.5830
    0.0000   15.0000   22.500014582.9307   18.5911
    7.5000   15.0000   22.500014020.0381   18.5573
   -7.5000   22.5000   22.500013755.6084   18.5643
    0.0000   22.5000   22.500014322.5254   18.5686
    7.5000   22.5000   22.500013709.9072   18.5355
   -7.5000   30.0000   22.500013284.2217   18.3189
    0.0000   30.0000   22.500013811.3389   18.3227
    7.5000   30.0000   22.500013185.7852   18.2928
   -7.5000   37.5000   22.500013082.1191   18.3141
    0.0000   37.5000   22.500013602.4199   18.3216
    7.5000   37.5000   22.500012970.3281   18.2933
   -7.5000   45.0000   22.500012218.6074   17.8957
    0.0000   45.0000   22.500012707.1172   17.9044
    7.5000   45.0000   22.500012101.9531   17.8743
   -7.5000  -45.0000   30.0000 7191.0166   19.4652
    0.0000  -45.0000   30.0000 7518.1987   19.4732
    7.5000  -45.0000   30.0000 7200.2310   19.4370
   -7.5000  -37.5000   30.0000 8021.1987   19.0924
    0.0000  -37.5000   30.0000 8420.3428   19.0947
    7.5000  -37.5000   30.0000 8044.3423   19.0572
   -7.5000  -30.0000   30.0000 9166.2139   18.9218
    0.0000  -30.0000   30.0000 9625.6709   18.9220
    7.5000  -30.0000   30.0000 9207.5635   18.8873
   -7.5000  -22.5000   30.000010296.3838   18.8169
    0.0000  -22.5000   30.000010799.2598   18.8175
    7.5000  -22.5000   30.000010359.1992   18.7879
   -7.5000  -15.0000   30.000011376.9502   18.7348
    0.0000  -15.0000   30.000011917.1670   18.7406
    7.5000  -15.0000   30.000011429.5215   18.7168
   -7.5000   -7.5000   30.000012435.1943   18.6963
    0.0000   -7.5000   30.000013012.4736   18.7066
    7.5000   -7.5000   30.000012487.3154   18.6838
   -7.5000    0.0000   30.000013376.2451   18.6974
    0.0000    0.0000   30.000013969.5898   18.7049
    7.5000    0.0000   30.000013404.0732   18.6768
   -7.5000    7.5000   30.000013266.5371   18.7060
    0.0000    7.5000   30.000013812.1807   18.7085
    7.5000    7.5000   30.000013279.8545   18.6763
   -7.5000   15.0000   30.000013036.7080   18.7075
    0.0000   15.0000   30.000013578.2705   18.7083
    7.5000   15.0000   30.000013040.4141   18.6768
   -7.5000   22.5000   30.000012753.9766   18.6871
    0.0000   22.5000   30.000013280.5801   18.6883
    7.5000   22.5000   30.000012733.5605   18.6605
   -7.5000   30.0000   30.000012291.4170   18.4431
    0.0000   30.0000   30.000012789.2598   18.4491
    7.5000   30.0000   30.000012263.5059   18.4264
   -7.5000   37.5000   30.000012131.8701   18.4432
    0.0000   37.5000   30.000012622.3330   18.4536
    7.5000   37.5000   30.000012084.7129   18.4313
   -7.5000   45.0000   30.000011368.8604   18.0222
    0.0000   45.0000   30.000011832.1533   18.0294
    7.5000   45.0000   30.000011294.3389   18.0023
   -7.5000  -45.0000   37.5000 6865.5894   19.7583
    0.0000  -45.0000   37.5000 7177.0093   19.7701
    7.5000  -45.0000   37.5000 6890.5039   19.7325
   -7.5000  -37.5000   37.5000 7646.4170   19.3787
    0.0000  -37.5000   37.5000 8027.4844   19.3831
    7.5000  -37.5000   37.5000 7693.7485   19.3440
   -7.5000  -30.0000   37.5000 8755.4609   19.2010
    0.0000  -30.0000   37.5000 9204.1006   19.2036
    7.5000  -30.0000   37.5000 8806.3652   19.1692
   -7.5000  -22.5000   37.5000 9863.2773   19.0898
    0.0000  -22.5000   37.500010355.9561   19.0959
    7.5000  -22.5000   37.5000 9889.3027   19.0694
   -7.5000  -15.0000   37.500010918.6094   19.0048
    0.0000  -15.0000   37.500011438.2773   19.0187
    7.5000  -15.0000   37.500010936.4951   18.9990
   -7.5000   -7.5000   37.500011935.9355   18.9670
    0.0000   -7.5000   37.500012500.8525   18.9844
    7.5000   -7.5000   37.500011946.0176   18.9635
   -7.5000    0.0000   37.500012840.4404   18.9724
    0.0000    0.0000   37.500013438.2197   18.9836
    7.5000    0.0000   37.500012837.1328   18.9546
   -7.5000    7.5000   37.500012735.5859   18.9819
    0.0000    7.5000   37.500013273.8926   18.9866
    7.5000    7.5000   37.500012704.1709   18.9530
   -7.5000   15.0000   37.500012496.9053   18.9806
    0.0000   15.0000   37.500013009.2852   18.9837
    7.5000   15.0000   37.500012477.0176   18.9526
   -7.5000   22.5000   37.500012169.8262   18.9560
    0.0000   22.5000   37.500012676.7354   18.9625
    7.5000   22.5000   37.500012171.5693   18.9377
   -7.5000   30.0000   37.500011728.9424   18.7075
    0.0000   30.0000   37.500012206.6426   18.7214
    7.5000   30.0000   37.500011732.0488   18.7028
   -7.5000   37.5000   37.500011620.4424   18.7101
    0.0000   37.5000   37.500012080.2090   18.7274
    7.5000   37.5000   37.500011590.8291   18.7070
   -7.5000   45.0000   37.500010890.5352   18.2872
    0.0000   45.0000   37.500011338.2393   18.2980
    7.5000   45.0000   37.500010844.6670   18.2701
   -7.5000  -45.0000   45.0000 6260.1729   20.1369
    0.0000  -45.0000   45.0000 6540.8984   20.1579
    7.5000  -45.0000   45.0000 6274.5137   20.1144
   -7.5000  -37.5000   45.0000 6971.9995   19.7512
    0.0000  -37.5000   45.0000 7324.6187   19.7683
    7.5000  -37.5000   45.0000 6996.9248   19.7246
   -7.5000  -30.0000   45.0000 7985.8936   19.5686
    0.0000  -30.0000   45.0000 8398.5371   19.5854
    7.5000  -30.0000   45.0000 8016.0864   19.5477
   -7.5000  -22.5000   45.0000 9005.1348   19.4490
    0.0000  -22.5000   45.0000 9452.8311   19.4681
    7.5000  -22.5000   45.0000 9008.6221   19.4388
   -7.5000  -15.0000   45.0000 9959.4316   19.3541
    0.0000  -15.0000   45.000010456.4414   19.3779
    7.5000  -15.0000   45.0000 9956.8906   19.3548
   -7.5000   -7.5000   45.000010891.5498   19.3122
    0.0000   -7.5000   45.000011450.3574   19.3367
    7.5000   -7.5000   45.000010899.4043   19.3111
   -7.5000    0.0000   45.000011720.2354   19.3224
    0.0000    0.0000   45.000012294.9717   19.3422
    7.5000    0.0000   45.000011725.3467   19.3081
   -7.5000    7.5000   45.000011641.1270   19.3384
    0.0000    7.5000   45.000012154.8115   19.3556
    7.5000    7.5000   45.000011624.1270   19.3177
   -7.5000   15.0000   45.000011405.7539   19.3391
    0.0000   15.0000   45.000011912.4502   19.3561
    7.5000   15.0000   45.000011406.6172   19.3219
   -7.5000   22.5000   45.000011098.2939   19.3100
    0.0000   22.5000   45.000011583.0361   19.3293
    7.5000   22.5000   45.000011121.5381   19.3020
   -7.5000   30.0000   45.000010706.8701   19.0484
    0.0000   30.0000   45.000011160.3672   19.0721
    7.5000   30.0000   45.000010724.7646   19.0501
   -7.5000   37.5000   45.000010615.7607   19.0486
    0.0000   37.5000   45.000011062.1992   19.0728
    7.5000   37.5000   45.000010614.7051   19.0478
   -7.5000   45.0000   45.0000 9959.5400   18.6330
    0.0000   45.0000   45.000010402.7012   18.6521
    7.5000   45.0000   45.0000 9951.1182   18.6192

---------------------------------------------------------------------
imgreg_4dfp /opt/freesurfer/average/711-2C_as_mni_average_305 /opt/freesurfer/average/711-2B_as_mni_average_305_mask talsrcimg_g11 none talsrcimg_to_711-2C_as_mni_average_305_t4 4355
---------------------------------------------------------------------

freesurfer imgreg_4dfp.c
/opt/freesurfer/average/711-2C_as_mni_average_305.4dfp.img
       256       256       256         1
  1.000000  1.000000  1.000000
orientation T byte_order littleendian
Reading image: /opt/freesurfer/average/711-2C_as_mni_average_305.4dfp.img
dimensions:      256       256       256
mmppix:       1.0000   -1.0000   -1.0000
center:     128.0000 -129.0000 -129.0000
/opt/freesurfer/average/711-2B_as_mni_average_305_mask.4dfp.img
       256       256       256         1
  1.000000  1.000000  1.000000
orientation T byte_order littleendian
Reading mask: /opt/freesurfer/average/711-2B_as_mni_average_305_mask.4dfp.img (2306576 pixels)
talsrcimg_g11.4dfp.img
       256       256       256         1
  1.000000  1.000000  1.000000
orientation T byte_order littleendian
Reading image: talsrcimg_g11.4dfp.img
dimensions:      256       256       256
mmppix:       1.0000   -1.0000   -1.0000
center:     128.0000 -129.0000 -129.0000
rotation matrix determinant  1.000000
image alignment mode   4355 decimal     1103 hex
   -7.5000  -45.0000  -45.0000 1830.5514   25.8201
    0.0000  -45.0000  -45.0000 1843.5736   25.7251
    7.5000  -45.0000  -45.0000 1829.6276   25.9094
   -7.5000  -37.5000  -45.0000 1945.1746   22.5632
    0.0000  -37.5000  -45.0000 1964.1396   22.5012
    7.5000  -37.5000  -45.0000 1951.9564   22.6851
   -7.5000  -30.0000  -45.0000 2057.1821   20.0600
    0.0000  -30.0000  -45.0000 2074.2908   19.9651
    7.5000  -30.0000  -45.0000 2062.5942   20.1041
   -7.5000  -22.5000  -45.0000 2171.4355   18.1367
    0.0000  -22.5000  -45.0000 2191.0427   18.0663
    7.5000  -22.5000  -45.0000 2174.6343   18.1815
   -7.5000  -15.0000  -45.0000 2264.7107   16.5983
    0.0000  -15.0000  -45.0000 2280.7629   16.5570
    7.5000  -15.0000  -45.0000 2267.9578   16.6865
   -7.5000   -7.5000  -45.0000 2343.8083   15.5176
    0.0000   -7.5000  -45.0000 2354.7368   15.4740
    7.5000   -7.5000  -45.0000 2344.7617   15.5679
   -7.5000    0.0000  -45.0000 2380.7756   14.8475
    0.0000    0.0000  -45.0000 2389.7539   14.8028
    7.5000    0.0000  -45.0000 2375.8533   14.9041
   -7.5000    7.5000  -45.0000 2394.6106   14.5108
    0.0000    7.5000  -45.0000 2406.2214   14.4470
    7.5000    7.5000  -45.0000 2394.9712   14.5678
   -7.5000   15.0000  -45.0000 2389.1570   14.5053
    0.0000   15.0000  -45.0000 2403.3022   14.4115
    7.5000   15.0000  -45.0000 2390.2517   14.5355
   -7.5000   22.5000  -45.0000 2375.3220   14.6728
    0.0000   22.5000  -45.0000 2390.8613   14.6034
    7.5000   22.5000  -45.0000 2377.5608   14.7228
   -7.5000   30.0000  -45.0000 2342.9314   15.1632
    0.0000   30.0000  -45.0000 2360.5535   15.0724
    7.5000   30.0000  -45.0000 2344.0444   15.1857
   -7.5000   37.5000  -45.0000 2294.6831   15.9056
    0.0000   37.5000  -45.0000 2310.7644   15.8154
    7.5000   37.5000  -45.0000 2295.5359   15.9517
   -7.5000   45.0000  -45.0000 2221.1716   16.9793
    0.0000   45.0000  -45.0000 2238.0791   16.8629
    7.5000   45.0000  -45.0000 2223.0920   17.0029
   -7.5000  -45.0000  -37.5000 1872.2352   24.3077
    0.0000  -45.0000  -37.5000 1886.4487   24.2526
    7.5000  -45.0000  -37.5000 1874.6101   24.3949
   -7.5000  -37.5000  -37.5000 2001.1143   21.1909
    0.0000  -37.5000  -37.5000 2014.9551   21.1387
    7.5000  -37.5000  -37.5000 2007.7048   21.2962
   -7.5000  -30.0000  -37.5000 2123.1360   18.8409
    0.0000  -30.0000  -37.5000 2142.2542   18.7692
    7.5000  -30.0000  -37.5000 2129.3748   18.8745
   -7.5000  -22.5000  -37.5000 2247.7634   17.0428
    0.0000  -22.5000  -37.5000 2265.4121   16.9649
    7.5000  -22.5000  -37.5000 2250.0220   17.0405
   -7.5000  -15.0000  -37.5000 2349.4436   15.5539
    0.0000  -15.0000  -37.5000 2364.2544   15.4779
    7.5000  -15.0000  -37.5000 2350.7017   15.5544
   -7.5000   -7.5000  -37.5000 2432.4631   14.4608
    0.0000   -7.5000  -37.5000 2443.9626   14.4022
    7.5000   -7.5000  -37.5000 2430.3716   14.4831
   -7.5000    0.0000  -37.5000 2472.9487   13.8045
    0.0000    0.0000  -37.5000 2483.2957   13.7652
    7.5000    0.0000  -37.5000 2468.3943   13.8541
   -7.5000    7.5000  -37.5000 2492.0205   13.4881
    0.0000    7.5000  -37.5000 2506.1504   13.4203
    7.5000    7.5000  -37.5000 2491.8777   13.5573
   -7.5000   15.0000  -37.5000 2488.0149   13.5096
    0.0000   15.0000  -37.5000 2503.7988   13.4150
    7.5000   15.0000  -37.5000 2489.4707   13.5297
   -7.5000   22.5000  -37.5000 2474.4495   13.6728
    0.0000   22.5000  -37.5000 2490.2083   13.5869
    7.5000   22.5000  -37.5000 2475.1458   13.6889
   -7.5000   30.0000  -37.5000 2439.8357   14.0662
    0.0000   30.0000  -37.5000 2461.6438   13.9636
    7.5000   30.0000  -37.5000 2444.5508   14.1006
   -7.5000   37.5000  -37.5000 2392.4504   14.7280
    0.0000   37.5000  -37.5000 2410.8064   14.5997
    7.5000   37.5000  -37.5000 2396.1887   14.7501
   -7.5000   45.0000  -37.5000 2316.8643   15.6829
    0.0000   45.0000  -37.5000 2333.7305   15.5538
    7.5000   45.0000  -37.5000 2319.3445   15.6781
   -7.5000  -45.0000  -30.0000 1946.6200   23.7921
    0.0000  -45.0000  -30.0000 1963.6364   23.7646
    7.5000  -45.0000  -30.0000 1955.9146   23.8533
   -7.5000  -37.5000  -30.0000 2085.2773   20.7388
    0.0000  -37.5000  -30.0000 2099.1584   20.6467
    7.5000  -37.5000  -30.0000 2095.6980   20.7746
   -7.5000  -30.0000  -30.0000 2220.9668   18.4228
    0.0000  -30.0000  -30.0000 2240.6262   18.3204
    7.5000  -30.0000  -30.0000 2231.5349   18.3892
   -7.5000  -22.5000  -30.0000 2356.5676   16.6026
    0.0000  -22.5000  -30.0000 2375.9438   16.4826
    7.5000  -22.5000  -30.0000 2360.0508   16.5281
   -7.5000  -15.0000  -30.0000 2465.6711   15.1271
    0.0000  -15.0000  -30.0000 2480.4949   15.0273
    7.5000  -15.0000  -30.0000 2464.9060   15.0733
   -7.5000   -7.5000  -30.0000 2549.3096   14.0234
    0.0000   -7.5000  -30.0000 2564.1721   13.9191
    7.5000   -7.5000  -30.0000 2550.7861   13.9947
   -7.5000    0.0000  -30.0000 2607.3276   13.2954
    0.0000    0.0000  -30.0000 2622.0034   13.2203
    7.5000    0.0000  -30.0000 2604.3381   13.3080
   -7.5000    7.5000  -30.0000 2638.5469   12.9518
    0.0000    7.5000  -30.0000 2655.3340   12.8546
    7.5000    7.5000  -30.0000 2636.3928   12.9812
   -7.5000   15.0000  -30.0000 2644.7993   12.9747
    0.0000   15.0000  -30.0000 2658.2095   12.8694
    7.5000   15.0000  -30.0000 2643.4216   12.9682
   -7.5000   22.5000  -30.0000 2625.1240   13.1648
    0.0000   22.5000  -30.0000 2642.6763   13.0644
    7.5000   22.5000  -30.0000 2628.5117   13.1749
   -7.5000   30.0000  -30.0000 2592.5215   13.5328
    0.0000   30.0000  -30.0000 2614.2830   13.4082
    7.5000   30.0000  -30.0000 2593.5740   13.5456
   -7.5000   37.5000  -30.0000 2538.1223   14.1473
    0.0000   37.5000  -30.0000 2560.2795   14.0139
    7.5000   37.5000  -30.0000 2539.8066   14.1659
   -7.5000   45.0000  -30.0000 2457.8142   15.0194
    0.0000   45.0000  -30.0000 2479.3066   14.8909
    7.5000   45.0000  -30.0000 2460.6702   15.0263
   -7.5000  -45.0000  -22.5000 1995.9911   23.2595
    0.0000  -45.0000  -22.5000 2011.8691   23.1869
    7.5000  -45.0000  -22.5000 2006.2358   23.2669
   -7.5000  -37.5000  -22.5000 2142.2278   20.2495
    0.0000  -37.5000  -22.5000 2160.1033   20.1250
    7.5000  -37.5000  -22.5000 2152.1543   20.2418
   -7.5000  -30.0000  -22.5000 2290.3218   17.9109
    0.0000  -30.0000  -22.5000 2312.7856   17.7576
    7.5000  -30.0000  -22.5000 2298.1335   17.8717
   -7.5000  -22.5000  -22.5000 2429.1975   16.0767
    0.0000  -22.5000  -22.5000 2450.3494   15.9489
    7.5000  -22.5000  -22.5000 2431.8330   16.0059
   -7.5000  -15.0000  -22.5000 2543.6409   14.5869
    0.0000  -15.0000  -22.5000 2563.9255   14.4842
    7.5000  -15.0000  -22.5000 2543.0684   14.5407
   -7.5000   -7.5000  -22.5000 2638.1521   13.4877
    0.0000   -7.5000  -22.5000 2655.9639   13.3885
    7.5000   -7.5000  -22.5000 2636.5251   13.4730
   -7.5000    0.0000  -22.5000 2709.9373   12.7219
    0.0000    0.0000  -22.5000 2726.5999   12.6214
    7.5000    0.0000  -22.5000 2708.1162   12.7136
   -7.5000    7.5000  -22.5000 2749.0525   12.3384
    0.0000    7.5000  -22.5000 2769.5110   12.2268
    7.5000    7.5000  -22.5000 2748.9556   12.3481
   -7.5000   15.0000  -22.5000 2763.2876   12.3232
    0.0000   15.0000  -22.5000 2782.7666   12.2013
    7.5000   15.0000  -22.5000 2763.8071   12.2978
   -7.5000   22.5000  -22.5000 2752.5681   12.5014
    0.0000   22.5000  -22.5000 2774.9004   12.4129
    7.5000   22.5000  -22.5000 2752.1326   12.4878
   -7.5000   30.0000  -22.5000 2719.4631   12.9026
    0.0000   30.0000  -22.5000 2744.4780   12.8015
    7.5000   30.0000  -22.5000 2714.8728   12.9108
   -7.5000   37.5000  -22.5000 2659.9695   13.4956
    0.0000   37.5000  -22.5000 2683.9653   13.3628
    7.5000   37.5000  -22.5000 2656.6191   13.4948
   -7.5000   45.0000  -22.5000 2572.1282   14.3152
    0.0000   45.0000  -22.5000 2593.2244   14.1757
    7.5000   45.0000  -22.5000 2570.7329   14.3275
   -7.5000  -45.0000  -15.0000 2023.2666   22.8381
    0.0000  -45.0000  -15.0000 2038.2015   22.7269
    7.5000  -45.0000  -15.0000 2032.9976   22.8624
   -7.5000  -37.5000  -15.0000 2172.7119   19.8213
    0.0000  -37.5000  -15.0000 2189.0835   19.6774
    7.5000  -37.5000  -15.0000 2182.2695   19.8418
   -7.5000  -30.0000  -15.0000 2319.9878   17.4318
    0.0000  -30.0000  -15.0000 2341.2346   17.2958
    7.5000  -30.0000  -15.0000 2325.4214   17.4421
   -7.5000  -22.5000  -15.0000 2458.3916   15.5750
    0.0000  -22.5000  -15.0000 2482.4258   15.4666
    7.5000  -22.5000  -15.0000 2461.7610   15.5821
   -7.5000  -15.0000  -15.0000 2579.2109   14.1226
    0.0000  -15.0000  -15.0000 2599.3074   14.0203
    7.5000  -15.0000  -15.0000 2580.6738   14.1188
   -7.5000   -7.5000  -15.0000 2682.3735   13.0202
    0.0000   -7.5000  -15.0000 2703.1855   12.9022
    7.5000   -7.5000  -15.0000 2686.2300   12.9986
   -7.5000    0.0000  -15.0000 2766.9614   12.2230
    0.0000    0.0000  -15.0000 2789.3020   12.1207
    7.5000    0.0000  -15.0000 2772.6882   12.2347
   -7.5000    7.5000  -15.0000 2819.2732   11.7714
    0.0000    7.5000  -15.0000 2844.9990   11.6661
    7.5000    7.5000  -15.0000 2823.8452   11.7914
   -7.5000   15.0000  -15.0000 2845.3020   11.6690
    0.0000   15.0000  -15.0000 2873.0491   11.6020
    7.5000   15.0000  -15.0000 2852.0723   11.6923
   -7.5000   22.5000  -15.0000 2848.1074   11.8793
    0.0000   22.5000  -15.0000 2877.1672   11.7990
    7.5000   22.5000  -15.0000 2846.7668   11.8886
   -7.5000   30.0000  -15.0000 2815.4036   12.2935
    0.0000   30.0000  -15.0000 2844.7075   12.2057
    7.5000   30.0000  -15.0000 2808.8218   12.3151
   -7.5000   37.5000  -15.0000 2746.9490   12.8647
    0.0000   37.5000  -15.0000 2774.8018   12.7509
    7.5000   37.5000  -15.0000 2742.2639   12.8851
   -7.5000   45.0000  -15.0000 2648.4675   13.6683
    0.0000   45.0000  -15.0000 2672.4995   13.5546
    7.5000   45.0000  -15.0000 2647.4314   13.7005
   -7.5000  -45.0000   -7.5000 2037.5980   22.4921
    0.0000  -45.0000   -7.5000 2051.4902   22.3934
    7.5000  -45.0000   -7.5000 2048.0857   22.5930
   -7.5000  -37.5000   -7.5000 2178.2234   19.4630
    0.0000  -37.5000   -7.5000 2199.1926   19.3585
    7.5000  -37.5000   -7.5000 2191.8989   19.5843
   -7.5000  -30.0000   -7.5000 2322.3950   17.0924
    0.0000  -30.0000   -7.5000 2345.4482   16.9880
    7.5000  -30.0000   -7.5000 2328.0662   17.1797
   -7.5000  -22.5000   -7.5000 2463.0388   15.2520
    0.0000  -22.5000   -7.5000 2483.8113   15.1331
    7.5000  -22.5000   -7.5000 2465.9766   15.3199
   -7.5000  -15.0000   -7.5000 2590.3118   13.7911
    0.0000  -15.0000   -7.5000 2610.9187   13.6770
    7.5000  -15.0000   -7.5000 2592.7307   13.8413
   -7.5000   -7.5000   -7.5000 2697.3047   12.6640
    0.0000   -7.5000   -7.5000 2721.3750   12.5462
    7.5000   -7.5000   -7.5000 2704.9883   12.6880
   -7.5000    0.0000   -7.5000 2795.6558   11.8806
    0.0000    0.0000   -7.5000 2825.3225   11.7645
    7.5000    0.0000   -7.5000 2804.9666   11.8848
   -7.5000    7.5000   -7.5000 2866.2075   11.3503
    0.0000    7.5000   -7.5000 2902.9226   11.2427
    7.5000    7.5000   -7.5000 2874.5623   11.3742
   -7.5000   15.0000   -7.5000 2908.5452   11.1591
    0.0000   15.0000   -7.5000 2947.9968   11.0839
    7.5000   15.0000   -7.5000 2915.4639   11.2198
   -7.5000   22.5000   -7.5000 2921.2563   11.3536
    0.0000   22.5000   -7.5000 2958.0544   11.2772
    7.5000   22.5000   -7.5000 2919.4329   11.4145
   -7.5000   30.0000   -7.5000 2885.2324   11.7747
    0.0000   30.0000   -7.5000 2919.2827   11.6678
    7.5000   30.0000   -7.5000 2877.9165   11.8124
   -7.5000   37.5000   -7.5000 2807.1570   12.3604
    0.0000   37.5000   -7.5000 2839.2498   12.2492
    7.5000   37.5000   -7.5000 2799.1133   12.4287
   -7.5000   45.0000   -7.5000 2701.8054   13.1729
    0.0000   45.0000   -7.5000 2726.7424   13.0427
    7.5000   45.0000   -7.5000 2697.3135   13.2467
   -7.5000  -45.0000    0.0000 2035.8566   22.5606
    0.0000  -45.0000    0.0000 2053.1624   22.4212
    7.5000  -45.0000    0.0000 2045.6516   22.6641
   -7.5000  -37.5000    0.0000 2173.9773   19.4825
    0.0000  -37.5000    0.0000 2193.5073   19.3123
    7.5000  -37.5000    0.0000 2182.7227   19.5795
   -7.5000  -30.0000    0.0000 2309.3003   17.0842
    0.0000  -30.0000    0.0000 2330.3723   16.9228
    7.5000  -30.0000    0.0000 2318.7988   17.1666
   -7.5000  -22.5000    0.0000 2448.0156   15.1509
    0.0000  -22.5000    0.0000 2469.1340   15.0152
    7.5000  -22.5000    0.0000 2456.4441   15.2288
   -7.5000  -15.0000    0.0000 2580.5627   13.6542
    0.0000  -15.0000    0.0000 2600.4580   13.5360
    7.5000  -15.0000    0.0000 2584.4421   13.7278
   -7.5000   -7.5000    0.0000 2692.3855   12.4948
    0.0000   -7.5000    0.0000 2718.9517   12.3788
    7.5000   -7.5000    0.0000 2701.0762   12.5617
   -7.5000    0.0000    0.0000 2800.6809   11.6883
    0.0000    0.0000    0.0000 2831.8850   11.5791
    7.5000    0.0000    0.0000 2808.9927   11.7319
   -7.5000    7.5000    0.0000 2893.2971   11.1571
    0.0000    7.5000    0.0000 2932.7395   11.0644
    7.5000    7.5000    0.0000 2899.1101   11.1966
   -7.5000   15.0000    0.0000 2953.7153   10.8859
    0.0000   15.0000    0.0000 3002.9202   10.7761
    7.5000   15.0000    0.0000 2955.4832   10.9830
   -7.5000   22.5000    0.0000 2969.5667   11.0514
    0.0000   22.5000    0.0000 3011.7664   10.9242
    7.5000   22.5000    0.0000 2960.9331   11.1466
   -7.5000   30.0000    0.0000 2919.3621   11.4789
    0.0000   30.0000    0.0000 2959.1362   11.3441
    7.5000   30.0000    0.0000 2910.3816   11.5504
   -7.5000   37.5000    0.0000 2834.3821   12.0805
    0.0000   37.5000    0.0000 2870.7534   11.9557
    7.5000   37.5000    0.0000 2827.7610   12.1494
   -7.5000   45.0000    0.0000 2721.7373   12.9038
    0.0000   45.0000    0.0000 2751.1306   12.7955
    7.5000   45.0000    0.0000 2723.0767   12.9796
   -7.5000  -45.0000    7.5000 2026.8136   22.8941
    0.0000  -45.0000    7.5000 2042.3447   22.7031
    7.5000  -45.0000    7.5000 2031.6810   22.9667
   -7.5000  -37.5000    7.5000 2164.0530   19.7626
    0.0000  -37.5000    7.5000 2182.1833   19.6195
    7.5000  -37.5000    7.5000 2172.4746   19.8692
   -7.5000  -30.0000    7.5000 2292.7583   17.2556
    0.0000  -30.0000    7.5000 2310.2827   17.1063
    7.5000  -30.0000    7.5000 2300.2219   17.3573
   -7.5000  -22.5000    7.5000 2425.0117   15.2748
    0.0000  -22.5000    7.5000 2444.8022   15.1207
    7.5000  -22.5000    7.5000 2432.4333   15.3846
   -7.5000  -15.0000    7.5000 2554.4878   13.7243
    0.0000  -15.0000    7.5000 2573.3850   13.5676
    7.5000  -15.0000    7.5000 2559.9915   13.8322
   -7.5000   -7.5000    7.5000 2675.9988   12.5378
    0.0000   -7.5000    7.5000 2696.9709   12.3665
    7.5000   -7.5000    7.5000 2682.0015   12.6188
   -7.5000    0.0000    7.5000 2789.8452   11.6754
    0.0000    0.0000    7.5000 2817.7043   11.5172
    7.5000    0.0000    7.5000 2797.7627   11.7661
   -7.5000    7.5000    7.5000 2893.8267   11.1271
    0.0000    7.5000    7.5000 2929.1704   10.9852
    7.5000    7.5000    7.5000 2899.2771   11.1901
   -7.5000   15.0000    7.5000 2960.6416   10.9029
    0.0000   15.0000    7.5000 3005.9163   10.7871
    7.5000   15.0000    7.5000 2959.5989   10.9790
   -7.5000   22.5000    7.5000 2983.7061   11.0053
    0.0000   22.5000    7.5000 3030.7361   10.8718
    7.5000   22.5000    7.5000 2974.6650   11.0809
   -7.5000   30.0000    7.5000 2932.8013   11.3667
    0.0000   30.0000    7.5000 2971.0762   11.2338
    7.5000   30.0000    7.5000 2924.3201   11.4141
   -7.5000   37.5000    7.5000 2842.1399   11.9780
    0.0000   37.5000    7.5000 2874.7488   11.8491
    7.5000   37.5000    7.5000 2837.9678   12.0327
   -7.5000   45.0000    7.5000 2722.9922   12.8666
    0.0000   45.0000    7.5000 2746.0549   12.7375
    7.5000   45.0000    7.5000 2723.7854   12.9183
   -7.5000  -45.0000   15.0000 2002.0504   23.4081
    0.0000  -45.0000   15.0000 2017.2998   23.2536
    7.5000  -45.0000   15.0000 2008.6503   23.5379
   -7.5000  -37.5000   15.0000 2143.6497   20.2010
    0.0000  -37.5000   15.0000 2165.0137   20.1065
    7.5000  -37.5000   15.0000 2150.4028   20.4013
   -7.5000  -30.0000   15.0000 2273.6387   17.5887
    0.0000  -30.0000   15.0000 2289.2378   17.4256
    7.5000  -30.0000   15.0000 2275.7380   17.7559
   -7.5000  -22.5000   15.0000 2397.6736   15.5529
    0.0000  -22.5000   15.0000 2418.1855   15.3808
    7.5000  -22.5000   15.0000 2405.9058   15.7122
   -7.5000  -15.0000   15.0000 2519.5322   13.9703
    0.0000  -15.0000   15.0000 2539.3376   13.7859
    7.5000  -15.0000   15.0000 2526.1550   14.1101
   -7.5000   -7.5000   15.0000 2638.5203   12.7781
    0.0000   -7.5000   15.0000 2659.8901   12.5875
    7.5000   -7.5000   15.0000 2647.3438   12.8917
   -7.5000    0.0000   15.0000 2751.4951   11.9199
    0.0000    0.0000   15.0000 2777.4258   11.7331
    7.5000    0.0000   15.0000 2761.6560   12.0063
   -7.5000    7.5000   15.0000 2853.5972   11.4204
    0.0000    7.5000   15.0000 2883.1616   11.2253
    7.5000    7.5000   15.0000 2861.1379   11.4679
   -7.5000   15.0000   15.0000 2925.9912   11.1719
    0.0000   15.0000   15.0000 2961.6174   10.9840
    7.5000   15.0000   15.0000 2923.5981   11.2170
   -7.5000   22.5000   15.0000 2951.8140   11.2581
    0.0000   22.5000   15.0000 2990.3293   11.0766
    7.5000   22.5000   15.0000 2944.7898   11.2852
   -7.5000   30.0000   15.0000 2905.7766   11.5994
    0.0000   30.0000   15.0000 2937.6580   11.4673
    7.5000   30.0000   15.0000 2898.4287   11.6251
   -7.5000   37.5000   15.0000 2816.3809   12.1816
    0.0000   37.5000   15.0000 2843.2673   12.0644
    7.5000   37.5000   15.0000 2815.7605   12.2373
   -7.5000   45.0000   15.0000 2698.6687   13.0504
    0.0000   45.0000   15.0000 2719.5518   12.9052
    7.5000   45.0000   15.0000 2698.6909   13.0854
   -7.5000  -45.0000   22.5000 1961.5688   24.1049
    0.0000  -45.0000   22.5000 1976.7324   23.9542
    7.5000  -45.0000   22.5000 1970.1023   24.3581
   -7.5000  -37.5000   22.5000 2111.9958   20.7704
    0.0000  -37.5000   22.5000 2131.0283   20.6297
    7.5000  -37.5000   22.5000 2118.0405   21.0014
   -7.5000  -30.0000   22.5000 2241.0461   18.1087
    0.0000  -30.0000   22.5000 2259.4546   17.9405
    7.5000  -30.0000   22.5000 2242.0681   18.3004
   -7.5000  -22.5000   22.5000 2361.4934   16.0189
    0.0000  -22.5000   22.5000 2384.9238   15.8408
    7.5000  -22.5000   22.5000 2371.7222   16.2202
   -7.5000  -15.0000   22.5000 2478.5742   14.4354
    0.0000  -15.0000   22.5000 2499.8027   14.2301
    7.5000  -15.0000   22.5000 2484.5466   14.5948
   -7.5000   -7.5000   22.5000 2591.1064   13.2453
    0.0000   -7.5000   22.5000 2611.1562   13.0422
    7.5000   -7.5000   22.5000 2602.7954   13.3805
   -7.5000    0.0000   22.5000 2696.1011   12.4132
    0.0000    0.0000   22.5000 2717.4053   12.2221
    7.5000    0.0000   22.5000 2710.5054   12.5408
   -7.5000    7.5000   22.5000 2796.4556   11.8873
    0.0000    7.5000   22.5000 2821.1646   11.6689
    7.5000    7.5000   22.5000 2803.5530   11.9522
   -7.5000   15.0000   22.5000 2863.3926   11.6126
    0.0000   15.0000   22.5000 2893.6865   11.4094
    7.5000   15.0000   22.5000 2862.2546   11.6776
   -7.5000   22.5000   22.5000 2886.0308   11.6861
    0.0000   22.5000   22.5000 2913.6196   11.5272
    7.5000   22.5000   22.5000 2882.0562   11.7399
   -7.5000   30.0000   22.5000 2842.8933   12.0271
    0.0000   30.0000   22.5000 2867.7656   11.8689
    7.5000   30.0000   22.5000 2843.8005   12.0454
   -7.5000   37.5000   22.5000 2766.1377   12.6259
    0.0000   37.5000   22.5000 2787.4849   12.4813
    7.5000   37.5000   22.5000 2764.3586   12.6676
   -7.5000   45.0000   22.5000 2657.0698   13.4556
    0.0000   45.0000   22.5000 2673.3894   13.3009
    7.5000   45.0000   22.5000 2655.7451   13.4905
   -7.5000  -45.0000   30.0000 1906.3114   25.1159
    0.0000  -45.0000   30.0000 1916.3228   24.9183
    7.5000  -45.0000   30.0000 1916.1702   25.4074
   -7.5000  -37.5000   30.0000 2058.7195   21.6177
    0.0000  -37.5000   30.0000 2077.2766   21.4377
    7.5000  -37.5000   30.0000 2065.3440   21.8672
   -7.5000  -30.0000   30.0000 2189.8826   18.8619
    0.0000  -30.0000   30.0000 2210.6011   18.6745
    7.5000  -30.0000   30.0000 2194.3940   19.0893
   -7.5000  -22.5000   30.0000 2312.3044   16.7559
    0.0000  -22.5000   30.0000 2333.5557   16.5473
    7.5000  -22.5000   30.0000 2320.7659   16.9766
   -7.5000  -15.0000   30.0000 2426.9946   15.1738
    0.0000  -15.0000   30.0000 2446.9792   14.9445
    7.5000  -15.0000   30.0000 2432.2024   15.3279
   -7.5000   -7.5000   30.0000 2535.9976   13.9575
    0.0000   -7.5000   30.0000 2558.9199   13.7350
    7.5000   -7.5000   30.0000 2545.3618   14.0956
   -7.5000    0.0000   30.0000 2636.2239   13.0829
    0.0000    0.0000   30.0000 2657.7732   12.8601
    7.5000    0.0000   30.0000 2647.8035   13.1896
   -7.5000    7.5000   30.0000 2727.7781   12.5104
    0.0000    7.5000   30.0000 2751.6692   12.2842
    7.5000    7.5000   30.0000 2732.6575   12.5947
   -7.5000   15.0000   30.0000 2783.5344   12.2359
    0.0000   15.0000   30.0000 2805.7979   12.0383
    7.5000   15.0000   30.0000 2783.9299   12.3172
   -7.5000   22.5000   30.0000 2795.7144   12.2983
    0.0000   22.5000   30.0000 2815.9714   12.1409
    7.5000   22.5000   30.0000 2794.5776   12.3628
   -7.5000   30.0000   30.0000 2759.1719   12.6382
    0.0000   30.0000   30.0000 2780.1609   12.4686
    7.5000   30.0000   30.0000 2764.4207   12.6688
   -7.5000   37.5000   30.0000 2689.8728   13.2233
    0.0000   37.5000   30.0000 2711.9470   13.0746
    7.5000   37.5000   30.0000 2692.9954   13.2632
   -7.5000   45.0000   30.0000 2597.0823   14.0379
    0.0000   45.0000   30.0000 2614.8396   13.8828
    7.5000   45.0000   30.0000 2594.1306   14.0694
   -7.5000  -45.0000   37.5000 1835.5729   26.7308
    0.0000  -45.0000   37.5000 1847.8147   26.4528
    7.5000  -45.0000   37.5000 1851.4581   26.9689
   -7.5000  -37.5000   37.5000 1989.7871   22.9442
    0.0000  -37.5000   37.5000 2008.1475   22.7181
    7.5000  -37.5000   37.5000 2000.8174   23.1671
   -7.5000  -30.0000   37.5000 2126.5308   20.0301
    0.0000  -30.0000   37.5000 2145.8860   19.8500
    7.5000  -30.0000   37.5000 2135.3928   20.2237
   -7.5000  -22.5000   37.5000 2250.1636   17.8853
    0.0000  -22.5000   37.5000 2269.5027   17.6614
    7.5000  -22.5000   37.5000 2254.3074   17.9971
   -7.5000  -15.0000   37.5000 2365.0000   16.1725
    0.0000  -15.0000   37.5000 2386.4707   15.9505
    7.5000  -15.0000   37.5000 2368.9734   16.2760
   -7.5000   -7.5000   37.5000 2471.3926   14.8914
    0.0000   -7.5000   37.5000 2497.5706   14.6661
    7.5000   -7.5000   37.5000 2477.1682   14.9941
   -7.5000    0.0000   37.5000 2568.4551   13.9771
    0.0000    0.0000   37.5000 2593.5415   13.7543
    7.5000    0.0000   37.5000 2573.3855   14.0552
   -7.5000    7.5000   37.5000 2649.6741   13.3706
    0.0000    7.5000   37.5000 2672.8884   13.1408
    7.5000    7.5000   37.5000 2648.8564   13.4369
   -7.5000   15.0000   37.5000 2695.1995   13.0875
    0.0000   15.0000   37.5000 2712.1611   12.8837
    7.5000   15.0000   37.5000 2694.4709   13.1366
   -7.5000   22.5000   37.5000 2694.1987   13.1033
    0.0000   22.5000   37.5000 2712.9397   12.9190
    7.5000   22.5000   37.5000 2698.6345   13.1476
   -7.5000   30.0000   37.5000 2661.2432   13.4210
    0.0000   30.0000   37.5000 2678.1973   13.2480
    7.5000   30.0000   37.5000 2666.2927   13.4536
   -7.5000   37.5000   37.5000 2604.2854   13.9793
    0.0000   37.5000   37.5000 2622.1560   13.8261
    7.5000   37.5000   37.5000 2607.5249   14.0109
   -7.5000   45.0000   37.5000 2519.4175   14.7957
    0.0000   45.0000   37.5000 2540.6108   14.6232
    7.5000   45.0000   37.5000 2521.9534   14.8156
   -7.5000  -45.0000   45.0000 1758.7709   28.9396
    0.0000  -45.0000   45.0000 1768.9889   28.6680
    7.5000  -45.0000   45.0000 1772.9362   29.1729
   -7.5000  -37.5000   45.0000 1918.6644   24.6869
    0.0000  -37.5000   45.0000 1930.5823   24.5542
    7.5000  -37.5000   45.0000 1925.3923   24.9036
   -7.5000  -30.0000   45.0000 2058.5798   21.5833
    0.0000  -30.0000   45.0000 2072.8284   21.4478
    7.5000  -30.0000   45.0000 2061.1365   21.7347
   -7.5000  -22.5000   45.0000 2181.2654   19.2555
    0.0000  -22.5000   45.0000 2197.2544   19.0868
    7.5000  -22.5000   45.0000 2180.4844   19.3328
   -7.5000  -15.0000   45.0000 2290.8445   17.4483
    0.0000  -15.0000   45.0000 2314.4158   17.2520
    7.5000  -15.0000   45.0000 2291.6169   17.4858
   -7.5000   -7.5000   45.0000 2395.0337   16.0984
    0.0000   -7.5000   45.0000 2422.8855   15.9146
    7.5000   -7.5000   45.0000 2397.4431   16.1469
   -7.5000    0.0000   45.0000 2486.9126   15.1122
    0.0000    0.0000   45.0000 2513.7021   14.9285
    7.5000    0.0000   45.0000 2488.5071   15.1682
   -7.5000    7.5000   45.0000 2560.7930   14.4878
    0.0000    7.5000   45.0000 2579.5508   14.2788
    7.5000    7.5000   45.0000 2557.2500   14.5339
   -7.5000   15.0000   45.0000 2593.8833   14.1820
    0.0000   15.0000   45.0000 2611.6018   13.9914
    7.5000   15.0000   45.0000 2595.2134   14.2083
   -7.5000   22.5000   45.0000 2592.5403   14.1215
    0.0000   22.5000   45.0000 2610.3940   13.9455
    7.5000   22.5000   45.0000 2600.4199   14.1643
   -7.5000   30.0000   45.0000 2562.1626   14.4227
    0.0000   30.0000   45.0000 2576.6731   14.2379
    7.5000   30.0000   45.0000 2568.1348   14.4398
   -7.5000   37.5000   45.0000 2509.9604   14.9699
    0.0000   37.5000   45.0000 2525.2908   14.8216
    7.5000   37.5000   45.0000 2514.6797   14.9798
   -7.5000   45.0000   45.0000 2433.7595   15.7476
    0.0000   45.0000   45.0000 2453.1108   15.5800
    7.5000   45.0000   45.0000 2438.1023   15.7391

---------------------------------------------------------------------
imgreg_4dfp /opt/freesurfer/average/711-2C_as_mni_average_305 /opt/freesurfer/average/711-2B_as_mni_average_305_mask talsrcimg_g11 none talsrcimg_to_711-2C_as_mni_average_305_t4 1283
---------------------------------------------------------------------

freesurfer imgreg_4dfp.c
/opt/freesurfer/average/711-2C_as_mni_average_305.4dfp.img
       256       256       256         1
  1.000000  1.000000  1.000000
orientation T byte_order littleendian
Reading image: /opt/freesurfer/average/711-2C_as_mni_average_305.4dfp.img
dimensions:      256       256       256
mmppix:       1.0000   -1.0000   -1.0000
center:     128.0000 -129.0000 -129.0000
/opt/freesurfer/average/711-2B_as_mni_average_305_mask.4dfp.img
       256       256       256         1
  1.000000  1.000000  1.000000
orientation T byte_order littleendian
Reading mask: /opt/freesurfer/average/711-2B_as_mni_average_305_mask.4dfp.img (2306576 pixels)
talsrcimg_g11.4dfp.img
       256       256       256         1
  1.000000  1.000000  1.000000
orientation T byte_order littleendian
Reading image: talsrcimg_g11.4dfp.img
dimensions:      256       256       256
mmppix:       1.0000   -1.0000   -1.0000
center:     128.0000 -129.0000 -129.0000
rotation matrix determinant  1.000000
fimgreg.f
image alignment mode   1283 decimal      503 hex
parameters
    0.0000   22.5000    7.5000    0.0000    0.0000    0.0000
eta,q 0.95102 10.85065
niter,ni,del,rscale     5    3   12.0000    1.2000
parameter  4  1.468129 ->  0.500000 qaram    1.1500
parameters
   -0.1578   20.3449    4.8858   -3.4500   -0.2188   -2.7677
eta,q 0.95678 10.63366
  0.0586  0.0528  0.0486  0.0417  0.0467  0.0435
  0.0542  0.0489  0.0471  0.0429  0.0450  0.0432
  0.0510  0.0482  0.0470  0.0449  0.0439  0.0432
  0.0500  0.0499  0.0482  0.0470  0.0434  0.0434
  0.0510  0.0532  0.0500  0.0495  0.0440  0.0444
  0.0544  0.0585  0.0529  0.0532  0.0453  0.0463
  0.0600  0.0644  0.0580  0.0574  0.0472  0.0490
niter,ni,del,rscale     5    3   12.0000    1.2000
parameter  4  1.881857 ->  0.500000 qaram    1.3225
parameters
   -0.3930   21.0316    4.7911   -7.4175    0.4214   -3.3545
eta,q 0.96062 10.59236
  0.0519  0.0548  0.0488  0.0388  0.0446  0.0416
  0.0470  0.0478  0.0453  0.0393  0.0419  0.0400
  0.0442  0.0445  0.0436  0.0406  0.0404  0.0393
  0.0432  0.0432  0.0432  0.0432  0.0396  0.0395
  0.0440  0.0440  0.0439  0.0459  0.0396  0.0400
  0.0476  0.0462  0.0457  0.0473  0.0407  0.0408
  0.0540  0.0496  0.0490  0.0507  0.0429  0.0425
niter,ni,del,rscale     5    3   12.0000    1.2000
parameters
   -0.8521   22.9143    4.2465  -10.2215    0.8407   -3.7981
eta,q 0.96432 10.59833
  0.0492  0.0543  0.0455  0.0416  0.0432  0.0391
  0.0433  0.0471  0.0413  0.0364  0.0400  0.0372
  0.0397  0.0421  0.0386  0.0359  0.0377  0.0361
  0.0394  0.0392  0.0378  0.0378  0.0358  0.0356
  0.0417  0.0378  0.0397  0.0420  0.0361  0.0362
  0.0461  0.0393  0.0437  0.0467  0.0386  0.0379
  0.0521  0.0426  0.0487  0.0500  0.0418  0.0404
niter,ni,del,rscale     4    3   12.0000    1.2000
parameters
   -0.9081   24.0660    3.7034  -11.3463    1.1256   -4.0208
eta,q 0.96524 10.61743
  0.0503  0.0508  0.0436  0.0435  0.0421  0.0389
  0.0432  0.0431  0.0392  0.0375  0.0391  0.0366
  0.0377  0.0379  0.0365  0.0343  0.0366  0.0352
  0.0357  0.0357  0.0354  0.0355  0.0348  0.0347
  0.0380  0.0357  0.0373  0.0381  0.0354  0.0353
  0.0438  0.0380  0.0418  0.0428  0.0379  0.0370
  0.0507  0.0420  0.0471  0.0481  0.0413  0.0397
niter,ni,del,rscale     3    3   12.0000    1.2000
parameters
   -0.9761   24.5530    3.3971  -11.9120    1.3672   -4.0881
eta,q 0.96562 10.62792
  0.0502  0.0482  0.0436  0.0443  0.0418  0.0392
  0.0426  0.0407  0.0390  0.0387  0.0387  0.0365
  0.0368  0.0362  0.0361  0.0339  0.0360  0.0349
  0.0348  0.0348  0.0347  0.0348  0.0344  0.0344
  0.0372  0.0357  0.0361  0.0371  0.0352  0.0349
  0.0433  0.0389  0.0405  0.0409  0.0376  0.0367
  0.0507  0.0439  0.0456  0.0467  0.0411  0.0395
niter,ni,del,rscale     2    3   12.0000    1.2000
parameters
   -1.0311   24.7995    3.2336  -12.1716    1.5030   -4.1061
eta,q 0.96577 10.63175
  0.0503  0.0473  0.0437  0.0449  0.0415  0.0393
  0.0424  0.0401  0.0389  0.0394  0.0384  0.0366
  0.0364  0.0358  0.0359  0.0340  0.0357  0.0348
  0.0344  0.0344  0.0344  0.0344  0.0342  0.0342
  0.0368  0.0359  0.0355  0.0367  0.0353  0.0348
  0.0431  0.0395  0.0398  0.0400  0.0376  0.0366
  0.0506  0.0447  0.0449  0.0458  0.0412  0.0394
niter,ni,del,rscale     1    3   12.0000    1.2000
parameters
   -1.0659   24.9110    3.1596  -12.2820    1.5688   -4.1143
eta,q 0.96581 10.63400
  0.0504  0.0468  0.0439  0.0452  0.0414  0.0394
  0.0423  0.0398  0.0390  0.0397  0.0383  0.0366
  0.0362  0.0355  0.0358  0.0341  0.0355  0.0347
  0.0342  0.0342  0.0343  0.0343  0.0342  0.0342
  0.0366  0.0361  0.0352  0.0365  0.0353  0.0348
  0.0428  0.0398  0.0395  0.0396  0.0377  0.0365
  0.0505  0.0453  0.0445  0.0454  0.0414  0.0394
registration optimization eta report
parameter search radius
    6.0000    6.0000    6.0000    7.9350    6.0000    6.0000
100000*second partial in parameter space
       44.       32.       27.       18.       19.       14.
  0.0504  0.0468  0.0439  0.0452  0.0414  0.0394
  0.0423  0.0398  0.0390  0.0397  0.0383  0.0366
  0.0362  0.0355  0.0358  0.0341  0.0355  0.0347
  0.0342  0.0342  0.0343  0.0343  0.0342  0.0342
  0.0366  0.0361  0.0352  0.0365  0.0353  0.0348
  0.0428  0.0398  0.0395  0.0396  0.0377  0.0365
  0.0505  0.0453  0.0445  0.0454  0.0414  0.0394
   -1.0659   24.9110    3.1596  -12.2820    1.5688   -4.1143
eta,q 0.96581 10.63400

---------------------------------------------------------------------
imgreg_4dfp /opt/freesurfer/average/711-2C_as_mni_average_305 /opt/freesurfer/average/711-2B_as_mni_average_305_mask talsrcimg_g11 none talsrcimg_to_711-2C_as_mni_average_305_t4 3335
---------------------------------------------------------------------

freesurfer imgreg_4dfp.c
/opt/freesurfer/average/711-2C_as_mni_average_305.4dfp.img
       256       256       256         1
  1.000000  1.000000  1.000000
orientation T byte_order littleendian
Reading image: /opt/freesurfer/average/711-2C_as_mni_average_305.4dfp.img
dimensions:      256       256       256
mmppix:       1.0000   -1.0000   -1.0000
center:     128.0000 -129.0000 -129.0000
/opt/freesurfer/average/711-2B_as_mni_average_305_mask.4dfp.img
       256       256       256         1
  1.000000  1.000000  1.000000
orientation T byte_order littleendian
Reading mask: /opt/freesurfer/average/711-2B_as_mni_average_305_mask.4dfp.img (2306576 pixels)
talsrcimg_g11.4dfp.img
       256       256       256         1
  1.000000  1.000000  1.000000
orientation T byte_order littleendian
Reading image: talsrcimg_g11.4dfp.img
dimensions:      256       256       256
mmppix:       1.0000   -1.0000   -1.0000
center:     128.0000 -129.0000 -129.0000
fimgreg.f
image alignment mode   3335 decimal      D07 hex
parameters
   -1.0659   24.9110    3.1596   -0.2951   -2.5823   -2.3254
    7.5913   -1.1419   -7.1719   21.4094    2.7377  -21.2643
eta,q 0.96623 10.73468
niter,ni,del,rscale     5    3    5.0000    1.2000
parameter  4  0.508669 ->  0.500000 qaram    1.1500
parameter  5  2.438404 ->  0.500000 qaram    1.1500
parameter  6  0.586061 ->  0.500000 qaram    1.1500
parameters
   -1.0131   25.5473    3.1566   -4.4351   -6.7223   -6.4654
    6.2592    0.1758   -6.0746   20.0208    0.9569  -19.7157
eta,q 0.97347 10.22500
  0.0368  0.0362  0.0357  0.0335  0.0258  0.0273  0.0284  0.0315  0.0295  0.0288  0.0270  0.0284
  0.0352  0.0351  0.0345  0.0330  0.0276  0.0271  0.0275  0.0295  0.0282  0.0275  0.0267  0.0275
  0.0342  0.0343  0.0338  0.0329  0.0299  0.0272  0.0271  0.0280  0.0273  0.0267  0.0266  0.0269
  0.0338  0.0338  0.0336  0.0336  0.0329  0.0281  0.0271  0.0270  0.0268  0.0267  0.0266  0.0266
  0.0341  0.0336  0.0339  0.0352  0.0362  0.0307  0.0276  0.0268  0.0268  0.0276  0.0268  0.0266
  0.0350  0.0338  0.0346  0.0378  0.0398  0.0345  0.0286  0.0275  0.0273  0.0293  0.0272  0.0268
  0.0366  0.0346  0.0356  0.0411  0.0438  0.0391  0.0300  0.0294  0.0282  0.0313  0.0279  0.0273
niter,ni,del,rscale     7    3    5.0000    1.2000
parameter  5  1.049172 ->  0.500000 qaram    1.3225
parameters
   -0.8735   25.4897    2.5448   -3.0385  -11.4833   -8.6343
    6.0471    0.5105   -6.1878   20.2385    1.6245  -21.1797
eta,q 0.97674  9.99104
  0.0294  0.0288  0.0271  0.0297  0.0227  0.0247  0.0255  0.0271  0.0255  0.0263  0.0241  0.0240
  0.0279  0.0275  0.0267  0.0284  0.0231  0.0238  0.0244  0.0253  0.0243  0.0248  0.0237  0.0235
  0.0269  0.0268  0.0265  0.0273  0.0243  0.0234  0.0236  0.0240  0.0236  0.0237  0.0235  0.0233
  0.0265  0.0265  0.0265  0.0265  0.0262  0.0234  0.0234  0.0234  0.0233  0.0233  0.0233  0.0233
  0.0267  0.0268  0.0269  0.0261  0.0289  0.0237  0.0237  0.0235  0.0236  0.0236  0.0233  0.0236
  0.0275  0.0277  0.0275  0.0266  0.0323  0.0259  0.0245  0.0246  0.0244  0.0245  0.0235  0.0242
  0.0288  0.0290  0.0284  0.0285  0.0362  0.0299  0.0258  0.0266  0.0256  0.0260  0.0239  0.0249
niter,ni,del,rscale     7    3    5.0000    1.2000
parameters
   -0.7991   25.5671    2.0550   -2.2251  -15.2102   -9.1221
    6.1316    0.5148   -6.4488   21.1528    1.5667  -22.8933
eta,q 0.97782  9.87601
  0.0262  0.0258  0.0240  0.0264  0.0240  0.0245  0.0247  0.0259  0.0243  0.0254  0.0230  0.0229
  0.0246  0.0245  0.0235  0.0251  0.0227  0.0233  0.0234  0.0241  0.0232  0.0239  0.0226  0.0224
  0.0236  0.0236  0.0232  0.0240  0.0223  0.0226  0.0226  0.0228  0.0225  0.0228  0.0224  0.0222
  0.0233  0.0233  0.0233  0.0232  0.0230  0.0223  0.0223  0.0223  0.0223  0.0223  0.0223  0.0223
  0.0235  0.0235  0.0236  0.0229  0.0247  0.0224  0.0226  0.0226  0.0226  0.0224  0.0223  0.0226
  0.0244  0.0242  0.0242  0.0237  0.0274  0.0230  0.0234  0.0239  0.0234  0.0230  0.0226  0.0232
  0.0259  0.0255  0.0251  0.0259  0.0312  0.0257  0.0246  0.0260  0.0246  0.0242  0.0230  0.0239
niter,ni,del,rscale     6    3    5.0000    1.2000
parameters
   -0.7597   25.8131    1.8968   -1.6549  -15.9288   -9.1163
    6.1831    0.5505   -6.4995   21.8425    1.3208  -23.4062
eta,q 0.97800  9.88012
  0.0251  0.0252  0.0233  0.0254  0.0256  0.0245  0.0245  0.0257  0.0242  0.0249  0.0228  0.0230
  0.0235  0.0236  0.0226  0.0242  0.0238  0.0232  0.0232  0.0239  0.0230  0.0234  0.0224  0.0224
  0.0225  0.0226  0.0223  0.0231  0.0225  0.0224  0.0223  0.0226  0.0222  0.0224  0.0221  0.0221
  0.0222  0.0222  0.0222  0.0222  0.0220  0.0220  0.0220  0.0220  0.0220  0.0220  0.0220  0.0220
  0.0225  0.0223  0.0224  0.0219  0.0227  0.0220  0.0223  0.0224  0.0223  0.0221  0.0221  0.0222
  0.0234  0.0230  0.0229  0.0229  0.0244  0.0225  0.0231  0.0237  0.0231  0.0228  0.0224  0.0226
  0.0249  0.0241  0.0236  0.0253  0.0271  0.0250  0.0244  0.0258  0.0242  0.0239  0.0229  0.0233
niter,ni,del,rscale     5    3    5.0000    1.2000
parameters
   -0.7473   25.9962    1.8183   -1.5846  -16.2047   -9.2387
    6.1947    0.5987   -6.4782   22.2416    1.2390  -23.5653
eta,q 0.97801  9.87298
  0.0250  0.0248  0.0232  0.0252  0.0258  0.0243  0.0244  0.0257  0.0241  0.0245  0.0228  0.0231
  0.0234  0.0233  0.0225  0.0239  0.0240  0.0231  0.0231  0.0238  0.0230  0.0231  0.0224  0.0224
  0.0224  0.0224  0.0221  0.0228  0.0226  0.0223  0.0223  0.0226  0.0222  0.0223  0.0221  0.0221
  0.0220  0.0220  0.0220  0.0220  0.0220  0.0220  0.0220  0.0220  0.0220  0.0220  0.0220  0.0220
  0.0223  0.0222  0.0222  0.0219  0.0225  0.0220  0.0223  0.0223  0.0223  0.0222  0.0221  0.0222
  0.0233  0.0229  0.0226  0.0232  0.0240  0.0225  0.0231  0.0236  0.0230  0.0228  0.0223  0.0225
  0.0249  0.0240  0.0233  0.0258  0.0265  0.0251  0.0244  0.0258  0.0241  0.0240  0.0229  0.0231
niter,ni,del,rscale     4    3    5.0000    1.2000
parameters
   -0.7354   26.1002    1.7386   -1.5618  -16.3606   -9.3759
    6.1746    0.6358   -6.4565   22.4691    1.2087  -23.6578
eta,q 0.97801  9.86512
  0.0249  0.0246  0.0231  0.0251  0.0258  0.0243  0.0244  0.0257  0.0241  0.0244  0.0228  0.0231
  0.0233  0.0232  0.0225  0.0239  0.0241  0.0231  0.0231  0.0238  0.0229  0.0230  0.0224  0.0225
  0.0223  0.0223  0.0221  0.0228  0.0226  0.0223  0.0223  0.0226  0.0222  0.0222  0.0221  0.0221
  0.0220  0.0220  0.0220  0.0220  0.0220  0.0220  0.0220  0.0220  0.0220  0.0220  0.0220  0.0220
  0.0223  0.0222  0.0221  0.0219  0.0225  0.0220  0.0223  0.0223  0.0223  0.0222  0.0221  0.0221
  0.0233  0.0230  0.0226  0.0232  0.0239  0.0226  0.0231  0.0237  0.0230  0.0229  0.0223  0.0225
  0.0249  0.0241  0.0233  0.0258  0.0264  0.0251  0.0244  0.0257  0.0240  0.0241  0.0228  0.0231
niter,ni,del,rscale     3    3    5.0000    1.2000
parameters
   -0.7258   26.1682    1.6737   -1.5517  -16.4633   -9.4886
    6.1638    0.6577   -6.4475   22.6273    1.1906  -23.7019
eta,q 0.97799  9.85863
  0.0249  0.0245  0.0232  0.0251  0.0258  0.0243  0.0244  0.0256  0.0241  0.0243  0.0228  0.0231
  0.0233  0.0231  0.0225  0.0239  0.0241  0.0231  0.0231  0.0238  0.0229  0.0230  0.0224  0.0225
  0.0223  0.0223  0.0221  0.0228  0.0227  0.0223  0.0223  0.0226  0.0222  0.0222  0.0221  0.0221
  0.0220  0.0220  0.0220  0.0220  0.0220  0.0220  0.0220  0.0220  0.0220  0.0220  0.0220  0.0220
  0.0223  0.0223  0.0222  0.0220  0.0225  0.0220  0.0223  0.0223  0.0223  0.0222  0.0221  0.0221
  0.0233  0.0230  0.0226  0.0232  0.0239  0.0226  0.0231  0.0237  0.0230  0.0229  0.0223  0.0225
  0.0249  0.0242  0.0233  0.0258  0.0263  0.0250  0.0244  0.0258  0.0240  0.0241  0.0228  0.0231
niter,ni,del,rscale     2    3    5.0000    1.2000
parameters
   -0.7195   26.2165    1.6220   -1.5514  -16.5392   -9.5759
    6.1612    0.6716   -6.4404   22.7420    1.1628  -23.7413
eta,q 0.97799  9.85345
  0.0249  0.0245  0.0232  0.0251  0.0258  0.0243  0.0244  0.0256  0.0241  0.0242  0.0228  0.0231
  0.0233  0.0231  0.0225  0.0239  0.0241  0.0231  0.0231  0.0238  0.0230  0.0230  0.0224  0.0225
  0.0223  0.0223  0.0221  0.0228  0.0227  0.0224  0.0223  0.0226  0.0222  0.0222  0.0221  0.0221
  0.0220  0.0220  0.0220  0.0220  0.0220  0.0220  0.0220  0.0220  0.0220  0.0220  0.0220  0.0220
  0.0223  0.0223  0.0222  0.0220  0.0225  0.0220  0.0223  0.0224  0.0223  0.0222  0.0221  0.0222
  0.0233  0.0230  0.0226  0.0232  0.0239  0.0226  0.0231  0.0237  0.0230  0.0229  0.0224  0.0225
  0.0249  0.0242  0.0233  0.0258  0.0263  0.0250  0.0244  0.0258  0.0240  0.0241  0.0229  0.0231
niter,ni,del,rscale     1    3    5.0000    1.2000
parameters
   -0.7140   26.2522    1.5805   -1.5473  -16.5988   -9.6460
    6.1539    0.6851   -6.4307   22.8323    1.1352  -23.7664
eta,q 0.97798  9.84935
  0.0249  0.0244  0.0232  0.0251  0.0258  0.0243  0.0244  0.0256  0.0241  0.0242  0.0228  0.0231
  0.0233  0.0231  0.0225  0.0239  0.0241  0.0231  0.0231  0.0238  0.0230  0.0229  0.0224  0.0225
  0.0224  0.0223  0.0222  0.0228  0.0227  0.0224  0.0223  0.0226  0.0222  0.0222  0.0221  0.0221
  0.0220  0.0220  0.0220  0.0220  0.0220  0.0220  0.0220  0.0220  0.0220  0.0220  0.0220  0.0220
  0.0223  0.0223  0.0222  0.0220  0.0225  0.0220  0.0223  0.0224  0.0223  0.0222  0.0221  0.0222
  0.0233  0.0231  0.0226  0.0232  0.0239  0.0226  0.0231  0.0237  0.0230  0.0229  0.0224  0.0225
  0.0249  0.0242  0.0233  0.0258  0.0262  0.0249  0.0244  0.0257  0.0240  0.0241  0.0229  0.0231
registration optimization eta report
parameter search radius
    2.4000    2.4000    2.4000    8.2800    9.5220    8.2800
    7.2000    7.2000    7.2000    7.2000    7.2000    7.2000
100000*second partial in parameter space
       50.       40.       21.        5.        4.        4.
        5.        7.        4.        4.        2.        2.
  0.0249  0.0244  0.0232  0.0251  0.0258  0.0243  0.0244  0.0256  0.0241  0.0242  0.0228  0.0231
  0.0233  0.0231  0.0225  0.0239  0.0241  0.0231  0.0231  0.0238  0.0230  0.0229  0.0224  0.0225
  0.0224  0.0223  0.0222  0.0228  0.0227  0.0224  0.0223  0.0226  0.0222  0.0222  0.0221  0.0221
  0.0220  0.0220  0.0220  0.0220  0.0220  0.0220  0.0220  0.0220  0.0220  0.0220  0.0220  0.0220
  0.0223  0.0223  0.0222  0.0220  0.0225  0.0220  0.0223  0.0224  0.0223  0.0222  0.0221  0.0222
  0.0233  0.0231  0.0226  0.0232  0.0239  0.0226  0.0231  0.0237  0.0230  0.0229  0.0224  0.0225
  0.0249  0.0242  0.0233  0.0258  0.0262  0.0249  0.0244  0.0257  0.0240  0.0241  0.0229  0.0231
   -0.7140   26.2522    1.5805   -1.5473  -16.5988   -9.6460
    6.1539    0.6851   -6.4307   22.8323    1.1352  -23.7664
eta,q 0.97798  9.84935

---------------------------------------------------------------------
imgreg_4dfp /opt/freesurfer/average/711-2C_as_mni_average_305 /opt/freesurfer/average/711-2B_as_mni_average_305_mask talsrcimg_g11 none talsrcimg_to_711-2C_as_mni_average_305_t4 2311
---------------------------------------------------------------------

freesurfer imgreg_4dfp.c
/opt/freesurfer/average/711-2C_as_mni_average_305.4dfp.img
       256       256       256         1
  1.000000  1.000000  1.000000
orientation T byte_order littleendian
Reading image: /opt/freesurfer/average/711-2C_as_mni_average_305.4dfp.img
dimensions:      256       256       256
mmppix:       1.0000   -1.0000   -1.0000
center:     128.0000 -129.0000 -129.0000
/opt/freesurfer/average/711-2B_as_mni_average_305_mask.4dfp.img
       256       256       256         1
  1.000000  1.000000  1.000000
orientation T byte_order littleendian
Reading mask: /opt/freesurfer/average/711-2B_as_mni_average_305_mask.4dfp.img (2306576 pixels)
talsrcimg_g11.4dfp.img
       256       256       256         1
  1.000000  1.000000  1.000000
orientation T byte_order littleendian
Reading image: talsrcimg_g11.4dfp.img
dimensions:      256       256       256
mmppix:       1.0000   -1.0000   -1.0000
center:     128.0000 -129.0000 -129.0000
fimgreg.f
image alignment mode   2311 decimal      907 hex
parameters
   -0.7140   26.2522    1.5805   -1.5473  -16.5988   -9.6460
    6.1539    0.6851   -6.4307   22.8323    1.1352  -23.7664
eta,q 0.97798  9.84936
niter,ni,del,rscale     5    3    5.0000    0.8000
parameters
   -0.7108   26.2505    1.5667   -0.4323  -16.4394   -8.6277
    6.0710    0.7271   -6.5332   22.8299    1.0659  -24.0784
eta,q 0.97818  9.93597
  0.0233  0.0231  0.0226  0.0236  0.0232  0.0227  0.0229  0.0238  0.0228  0.0228  0.0222  0.0223
  0.0226  0.0225  0.0223  0.0230  0.0225  0.0223  0.0223  0.0228  0.0222  0.0222  0.0220  0.0220
  0.0222  0.0221  0.0221  0.0225  0.0221  0.0220  0.0219  0.0221  0.0219  0.0219  0.0219  0.0218
  0.0220  0.0220  0.0220  0.0220  0.0219  0.0219  0.0218  0.0218  0.0218  0.0218  0.0218  0.0218
  0.0222  0.0222  0.0221  0.0219  0.0220  0.0218  0.0220  0.0220  0.0220  0.0219  0.0219  0.0219
  0.0226  0.0225  0.0223  0.0221  0.0224  0.0219  0.0224  0.0227  0.0223  0.0222  0.0220  0.0221
  0.0233  0.0231  0.0226  0.0228  0.0230  0.0222  0.0230  0.0238  0.0228  0.0228  0.0223  0.0224
niter,ni,del,rscale     4    3    5.0000    0.7000
parameters
   -0.7310   26.1809    1.8083   -0.4398  -16.2972   -8.0083
    6.1173    0.6710   -6.5831   22.6953    0.9579  -24.0539
eta,q 0.97822  9.96590
  0.0229  0.0226  0.0224  0.0229  0.0229  0.0224  0.0227  0.0233  0.0226  0.0225  0.0221  0.0222
  0.0223  0.0221  0.0221  0.0224  0.0223  0.0221  0.0222  0.0225  0.0221  0.0221  0.0219  0.0220
  0.0219  0.0219  0.0219  0.0220  0.0219  0.0219  0.0219  0.0220  0.0219  0.0219  0.0218  0.0218
  0.0218  0.0218  0.0218  0.0218  0.0218  0.0218  0.0218  0.0218  0.0218  0.0218  0.0218  0.0218
  0.0220  0.0219  0.0218  0.0219  0.0219  0.0218  0.0219  0.0220  0.0219  0.0219  0.0218  0.0218
  0.0223  0.0222  0.0219  0.0223  0.0222  0.0218  0.0222  0.0225  0.0222  0.0221  0.0219  0.0220
  0.0229  0.0227  0.0221  0.0231  0.0228  0.0222  0.0227  0.0234  0.0226  0.0226  0.0221  0.0222
niter,ni,del,rscale     3    3    5.0000    0.6000
parameters
   -0.7580   26.1049    1.9690   -0.3678  -16.2023   -7.5220
    6.1484    0.6075   -6.6077   22.5852    0.8107  -24.0677
eta,q 0.97825  9.99056
  0.0226  0.0223  0.0222  0.0227  0.0226  0.0222  0.0224  0.0229  0.0223  0.0223  0.0220  0.0221
  0.0221  0.0220  0.0220  0.0223  0.0222  0.0220  0.0221  0.0223  0.0220  0.0220  0.0219  0.0219
  0.0219  0.0218  0.0218  0.0219  0.0219  0.0218  0.0218  0.0219  0.0218  0.0218  0.0218  0.0218
  0.0218  0.0218  0.0218  0.0218  0.0218  0.0218  0.0218  0.0218  0.0218  0.0218  0.0218  0.0218
  0.0219  0.0219  0.0218  0.0218  0.0219  0.0217  0.0218  0.0219  0.0218  0.0218  0.0218  0.0218
  0.0222  0.0221  0.0219  0.0221  0.0221  0.0218  0.0220  0.0223  0.0220  0.0220  0.0219  0.0219
  0.0226  0.0225  0.0220  0.0227  0.0225  0.0221  0.0224  0.0230  0.0223  0.0224  0.0220  0.0221
niter,ni,del,rscale     2    3    5.0000    0.5000
parameters
   -0.7858   26.0516    2.0974   -0.2946  -16.1603   -7.0534
    6.1548    0.5498   -6.6212   22.5168    0.6649  -24.0879
eta,q 0.97827 10.01234
  0.0223  0.0222  0.0220  0.0224  0.0223  0.0221  0.0222  0.0226  0.0221  0.0221  0.0219  0.0220
  0.0220  0.0219  0.0219  0.0221  0.0220  0.0219  0.0219  0.0221  0.0219  0.0219  0.0218  0.0218
  0.0218  0.0218  0.0218  0.0219  0.0218  0.0218  0.0218  0.0218  0.0218  0.0218  0.0217  0.0217
  0.0218  0.0218  0.0217  0.0217  0.0217  0.0217  0.0217  0.0217  0.0217  0.0217  0.0217  0.0217
  0.0218  0.0218  0.0218  0.0218  0.0218  0.0217  0.0218  0.0218  0.0218  0.0218  0.0218  0.0218
  0.0220  0.0220  0.0218  0.0220  0.0220  0.0217  0.0219  0.0221  0.0219  0.0219  0.0218  0.0218
  0.0224  0.0222  0.0219  0.0224  0.0223  0.0219  0.0222  0.0226  0.0221  0.0222  0.0219  0.0220
niter,ni,del,rscale     1    3    5.0000    0.4000
parameters
   -0.8096   26.0221    2.2156   -0.2586  -16.1427   -6.6221
    6.1622    0.5108   -6.6162   22.5109    0.5602  -24.1392
eta,q 0.97830 10.03098
  0.0221  0.0220  0.0219  0.0222  0.0221  0.0219  0.0220  0.0223  0.0220  0.0220  0.0218  0.0219
  0.0219  0.0218  0.0218  0.0219  0.0219  0.0218  0.0218  0.0220  0.0218  0.0218  0.0218  0.0218
  0.0218  0.0218  0.0218  0.0218  0.0218  0.0218  0.0217  0.0218  0.0217  0.0217  0.0217  0.0217
  0.0217  0.0217  0.0217  0.0217  0.0217  0.0217  0.0217  0.0217  0.0217  0.0217  0.0217  0.0217
  0.0218  0.0218  0.0217  0.0218  0.0218  0.0217  0.0217  0.0218  0.0217  0.0217  0.0217  0.0217
  0.0219  0.0219  0.0218  0.0219  0.0219  0.0217  0.0218  0.0220  0.0218  0.0218  0.0218  0.0218
  0.0221  0.0220  0.0218  0.0222  0.0221  0.0218  0.0220  0.0223  0.0220  0.0220  0.0219  0.0219
registration optimization eta report
parameter search radius
    0.8000    0.8000    0.8000    2.4000    2.4000    2.4000
    2.4000    2.4000    2.4000    2.4000    2.4000    2.4000
100000*second partial in parameter space
       60.       46.       23.        8.        7.        3.
        5.       10.        5.        5.        2.        3.
  0.0221  0.0220  0.0219  0.0222  0.0221  0.0219  0.0220  0.0223  0.0220  0.0220  0.0218  0.0219
  0.0219  0.0218  0.0218  0.0219  0.0219  0.0218  0.0218  0.0220  0.0218  0.0218  0.0218  0.0218
  0.0218  0.0218  0.0218  0.0218  0.0218  0.0218  0.0217  0.0218  0.0217  0.0217  0.0217  0.0217
  0.0217  0.0217  0.0217  0.0217  0.0217  0.0217  0.0217  0.0217  0.0217  0.0217  0.0217  0.0217
  0.0218  0.0218  0.0217  0.0218  0.0218  0.0217  0.0217  0.0218  0.0217  0.0217  0.0217  0.0217
  0.0219  0.0219  0.0218  0.0219  0.0219  0.0217  0.0218  0.0220  0.0218  0.0218  0.0218  0.0218
  0.0221  0.0220  0.0218  0.0222  0.0221  0.0218  0.0220  0.0223  0.0220  0.0220  0.0219  0.0219
   -0.8096   26.0221    2.2156   -0.2586  -16.1427   -6.6221
    6.1622    0.5108   -6.6162   22.5109    0.5602  -24.1392
eta,q 0.97830 10.03098

---------------------------------------------------------------------
imgreg_4dfp /opt/freesurfer/average/711-2C_as_mni_average_305 /opt/freesurfer/average/711-2B_as_mni_average_305_mask talsrcimg_g11 none talsrcimg_to_711-2C_as_mni_average_305_t4 2311
---------------------------------------------------------------------

freesurfer imgreg_4dfp.c
/opt/freesurfer/average/711-2C_as_mni_average_305.4dfp.img
       256       256       256         1
  1.000000  1.000000  1.000000
orientation T byte_order littleendian
Reading image: /opt/freesurfer/average/711-2C_as_mni_average_305.4dfp.img
dimensions:      256       256       256
mmppix:       1.0000   -1.0000   -1.0000
center:     128.0000 -129.0000 -129.0000
/opt/freesurfer/average/711-2B_as_mni_average_305_mask.4dfp.img
       256       256       256         1
  1.000000  1.000000  1.000000
orientation T byte_order littleendian
Reading mask: /opt/freesurfer/average/711-2B_as_mni_average_305_mask.4dfp.img (2306576 pixels)
talsrcimg_g11.4dfp.img
       256       256       256         1
  1.000000  1.000000  1.000000
orientation T byte_order littleendian
Reading image: talsrcimg_g11.4dfp.img
dimensions:      256       256       256
mmppix:       1.0000   -1.0000   -1.0000
center:     128.0000 -129.0000 -129.0000
fimgreg.f
image alignment mode   2311 decimal      907 hex
parameters
   -0.8096   26.0221    2.2156   -0.2586  -16.1427   -6.6221
    6.1622    0.5108   -6.6162   22.5109    0.5602  -24.1392
eta,q 0.97830 10.03098
niter,ni,del,rscale     5    3    5.0000    0.8000
parameters
   -0.8160   26.0289    2.3307   -0.6598  -16.0720   -7.3310
    6.1842    0.5584   -6.5354   22.3513    0.6763  -23.6948
eta,q 0.97823  9.99037
  0.0232  0.0229  0.0224  0.0230  0.0232  0.0224  0.0230  0.0238  0.0228  0.0228  0.0223  0.0225
  0.0224  0.0222  0.0220  0.0224  0.0224  0.0220  0.0223  0.0227  0.0222  0.0222  0.0220  0.0221
  0.0219  0.0218  0.0218  0.0219  0.0219  0.0218  0.0219  0.0220  0.0219  0.0219  0.0218  0.0219
  0.0217  0.0217  0.0217  0.0217  0.0217  0.0217  0.0218  0.0218  0.0218  0.0218  0.0218  0.0218
  0.0219  0.0218  0.0217  0.0219  0.0219  0.0217  0.0219  0.0220  0.0219  0.0219  0.0218  0.0218
  0.0224  0.0222  0.0219  0.0226  0.0224  0.0222  0.0223  0.0227  0.0222  0.0223  0.0220  0.0220
  0.0232  0.0229  0.0222  0.0238  0.0231  0.0235  0.0229  0.0238  0.0227  0.0230  0.0222  0.0222
niter,ni,del,rscale     4    3    5.0000    0.7000
parameters
   -0.8006   26.0103    2.1955   -0.5027  -16.0326   -7.4023
    6.1474    0.5693   -6.5560   22.3073    0.7414  -23.7711
eta,q 0.97825  9.99287
  0.0229  0.0226  0.0221  0.0230  0.0228  0.0223  0.0226  0.0234  0.0225  0.0226  0.0221  0.0222
  0.0223  0.0221  0.0219  0.0224  0.0223  0.0220  0.0221  0.0225  0.0221  0.0221  0.0219  0.0219
  0.0219  0.0218  0.0218  0.0220  0.0219  0.0218  0.0218  0.0220  0.0218  0.0218  0.0218  0.0218
  0.0218  0.0218  0.0218  0.0218  0.0217  0.0217  0.0217  0.0217  0.0217  0.0217  0.0217  0.0218
  0.0219  0.0219  0.0218  0.0218  0.0219  0.0217  0.0219  0.0219  0.0219  0.0218  0.0218  0.0218
  0.0223  0.0222  0.0220  0.0222  0.0222  0.0219  0.0222  0.0225  0.0221  0.0221  0.0219  0.0220
  0.0229  0.0227  0.0223  0.0229  0.0228  0.0225  0.0227  0.0234  0.0225  0.0226  0.0221  0.0222
niter,ni,del,rscale     3    3    5.0000    0.6000
parameters
   -0.7979   25.9923    2.1728   -0.3999  -16.0401   -7.1993
    6.1453    0.5530   -6.5880   22.3307    0.7071  -23.9089
eta,q 0.97826 10.00479
  0.0226  0.0224  0.0221  0.0227  0.0225  0.0222  0.0224  0.0229  0.0223  0.0224  0.0220  0.0220
  0.0221  0.0220  0.0219  0.0223  0.0221  0.0220  0.0220  0.0223  0.0220  0.0220  0.0219  0.0219
  0.0218  0.0218  0.0218  0.0219  0.0218  0.0218  0.0218  0.0219  0.0218  0.0218  0.0218  0.0218
  0.0217  0.0218  0.0218  0.0217  0.0217  0.0217  0.0217  0.0217  0.0217  0.0217  0.0217  0.0217
  0.0218  0.0218  0.0218  0.0218  0.0218  0.0217  0.0218  0.0219  0.0218  0.0218  0.0218  0.0218
  0.0221  0.0221  0.0219  0.0221  0.0221  0.0218  0.0220  0.0223  0.0220  0.0220  0.0219  0.0219
  0.0226  0.0224  0.0221  0.0227  0.0225  0.0222  0.0224  0.0230  0.0223  0.0224  0.0220  0.0221
niter,ni,del,rscale     2    3    5.0000    0.5000
parameters
   -0.8083   25.9868    2.2111   -0.3260  -16.0736   -6.8812
    6.1589    0.5192   -6.6156   22.3871    0.6211  -24.0071
eta,q 0.97828 10.01951
  0.0223  0.0222  0.0220  0.0224  0.0223  0.0220  0.0222  0.0226  0.0221  0.0222  0.0219  0.0219
  0.0220  0.0219  0.0219  0.0221  0.0220  0.0219  0.0219  0.0221  0.0219  0.0219  0.0218  0.0218
  0.0218  0.0218  0.0218  0.0218  0.0218  0.0218  0.0218  0.0218  0.0218  0.0218  0.0217  0.0217
  0.0217  0.0217  0.0217  0.0217  0.0217  0.0217  0.0217  0.0217  0.0217  0.0217  0.0217  0.0217
  0.0218  0.0218  0.0218  0.0218  0.0218  0.0217  0.0218  0.0218  0.0218  0.0218  0.0217  0.0218
  0.0220  0.0219  0.0218  0.0220  0.0220  0.0218  0.0219  0.0221  0.0219  0.0219  0.0218  0.0218
  0.0223  0.0222  0.0219  0.0224  0.0223  0.0220  0.0222  0.0226  0.0221  0.0222  0.0219  0.0220
niter,ni,del,rscale     1    3    5.0000    0.4000
parameters
   -0.8215   25.9885    2.2700   -0.2705  -16.1139   -6.5157
    6.1607    0.4918   -6.6126   22.4386    0.5160  -24.0740
eta,q 0.97831 10.03439
  0.0221  0.0220  0.0219  0.0222  0.0221  0.0219  0.0220  0.0223  0.0220  0.0220  0.0218  0.0218
  0.0219  0.0218  0.0218  0.0219  0.0219  0.0218  0.0218  0.0220  0.0218  0.0218  0.0218  0.0218
  0.0218  0.0217  0.0217  0.0218  0.0217  0.0218  0.0217  0.0218  0.0217  0.0217  0.0217  0.0217
  0.0217  0.0217  0.0217  0.0217  0.0217  0.0217  0.0217  0.0217  0.0217  0.0217  0.0217  0.0217
  0.0218  0.0218  0.0217  0.0217  0.0218  0.0217  0.0217  0.0218  0.0217  0.0217  0.0217  0.0217
  0.0219  0.0218  0.0218  0.0219  0.0219  0.0217  0.0218  0.0220  0.0218  0.0218  0.0218  0.0218
  0.0221  0.0220  0.0218  0.0222  0.0221  0.0218  0.0220  0.0223  0.0220  0.0220  0.0219  0.0219
registration optimization eta report
parameter search radius
    0.8000    0.8000    0.8000    2.4000    2.4000    2.4000
    2.4000    2.4000    2.4000    2.4000    2.4000    2.4000
100000*second partial in parameter space
       60.       47.       23.        8.        7.        3.
        5.       10.        5.        5.        2.        3.
  0.0221  0.0220  0.0219  0.0222  0.0221  0.0219  0.0220  0.0223  0.0220  0.0220  0.0218  0.0218
  0.0219  0.0218  0.0218  0.0219  0.0219  0.0218  0.0218  0.0220  0.0218  0.0218  0.0218  0.0218
  0.0218  0.0217  0.0217  0.0218  0.0217  0.0218  0.0217  0.0218  0.0217  0.0217  0.0217  0.0217
  0.0217  0.0217  0.0217  0.0217  0.0217  0.0217  0.0217  0.0217  0.0217  0.0217  0.0217  0.0217
  0.0218  0.0218  0.0217  0.0217  0.0218  0.0217  0.0217  0.0218  0.0217  0.0217  0.0217  0.0217
  0.0219  0.0218  0.0218  0.0219  0.0219  0.0217  0.0218  0.0220  0.0218  0.0218  0.0218  0.0218
  0.0221  0.0220  0.0218  0.0222  0.0221  0.0218  0.0220  0.0223  0.0220  0.0220  0.0219  0.0219
   -0.8215   25.9885    2.2700   -0.2705  -16.1139   -6.5157
    6.1607    0.4918   -6.6126   22.4386    0.5160  -24.0740
eta,q 0.97831 10.03439

---------------------------------------------------------------------
compute_vox2vox talsrcimg talsrcimg_to_711-2C_as_mni_average_305_t4 /opt/freesurfer/average/711-2C_as_mni_average_305
---------------------------------------------------------------------

freesurfer compute_vox2vox.c
Reading: talsrcimg.4dfp.ifh
Reading: talsrcimg_to_711-2C_as_mni_average_305_t4
Reading: /opt/freesurfer/average/711-2C_as_mni_average_305.4dfp.ifh
Writing: talsrcimg_to_711-2C_as_mni_average_305_t4_vox2vox.txt

start time Sun Mar 15 08:15:15 CET 2026
end		time Sun Mar 15 08:16:42 CET 2026

mpr2mni305 success

avi2talxfm orig_nu.mgz /opt/freesurfer/average/mni305.cor.mgz talsrcimg_to_711-2C_as_mni_average_305_t4_vox2vox.txt transforms/talairach.auto.xfm
avi2talxfm done
mv -f /out/sourcedata/freesurfer/sub-v2s10x28984_ses-1/mri/talsrcimg_to_711-2C_as_mni_average_305_t4_vox2vox.txt /out/sourcedata/freesurfer/sub-v2s10x28984_ses-1/mri/transforms/talsrcimg_to_711-2C_as_mni_average_305_t4_vox2vox.txt
lta_convert --src orig_nu.mgz --trg /opt/freesurfer/average/mni305.cor.mgz --inxfm transforms/talairach.auto.xfm --outlta transforms/talairach.auto.xfm.lta --subject fsaverage
7.3.2

--src: orig_nu.mgz src image (geometry).
--trg: /opt/freesurfer/average/mni305.cor.mgz trg image (geometry).
--inmni: transforms/talairach.auto.xfm input MNI/XFM transform.
--outlta: transforms/talairach.auto.xfm.lta output LTA.
--s: fsaverage subject name
 LTA read, type : 1
 0.99801   0.01155  -0.06998   1.58351;
 0.01380   1.00092   0.28624  -16.92895;
 0.07498  -0.26682   1.11001  -1.95392;
 0.00000   0.00000   0.00000   1.00000;
setting subject to fsaverage
Writing  LTA to file transforms/talairach.auto.xfm.lta...
lta_convert successful.
 
 
Started at Sun Mar 15 08:15:14 CET 2026
Ended   at Sun Mar 15 08:16:42 CET 2026
talairach_avi done
