/out/sourcedata/freesurfer/sub-v2s10x28994_ses-1/mri
/opt/freesurfer/bin/talairach_avi
--i orig_nu.mgz --xfm transforms/talairach.auto.xfm
talairach_avi 7.3.2
Linux dna060 5.14.0-427.37.1.el9_4.x86_64 #1 SMP PREEMPT_DYNAMIC Fri Sep 13 12:41:50 EDT 2024 x86_64 x86_64 x86_64 GNU/Linux
Sun Mar 15 08:15:05 CET 2026
mri_convert orig_nu.mgz talsrcimg.img 
reading from orig_nu.mgz...
TR=0.00, TE=0.00, TI=0.00, flip angle=0.00
i_ras = (-1, 2.24099e-09, 0)
j_ras = (7.45058e-09, -1.16415e-10, -1)
k_ras = (-3.71074e-10, 1, 0)
writing to talsrcimg.img...
Analyze Output Matrix
-1.00000   0.00000  -0.00000   125.81331;
 0.00000  -0.00000   1.00000  -117.79238;
 0.00000  -1.00000   0.00000   105.99239;
 0.00000   0.00000   0.00000   1.00000;
--------------------
INFO: set hdr.hist.orient to -1
mpr2mni305 talsrcimg
Sun Mar 15 08:15:05 CET 2026
/opt/freesurfer/bin/mpr2mni305 talsrcimg
mpr2mni305 7.3.2
target=711-2C_as_mni_average_305

---------------------------------------------------------------------
analyzeto4dfp talsrcimg -O0 -y
---------------------------------------------------------------------

freesurfer ifh2hdr.c
Sun Mar 15 08:15:05 2026
Writing: talsrcimg.4dfp.hdr
freesurfer analyzeto4dfp.c
Reading: talsrcimg.hdr
header size 348 bytes
hdr.dime.datatype	offset=70	value=2
hdr.dime.bitpix		offset=72	value=8
hdr.hist.orient		offset=252	value=-1
dimensionality     4
dimensions       256       256       256         1
Reading: talsrcimg.img
Writing: talsrcimg.4dfp.img
Writing: talsrcimg.4dfp.ifh
ifh2hdr talsrcimg -r0to203
ori=2

---------------------------------------------------------------------
gauss_4dfp talsrcimg 1.1
---------------------------------------------------------------------

freesurfer gauss_4dfp.c
Reading: talsrcimg.4dfp.img
Writing: talsrcimg_g11.4dfp.img
image dimensions 256 256 256 padded to 288 288 288
processing volume 1freesurfer ifh2hdr.c
Sun Mar 15 08:15:07 2026
Writing: talsrcimg_g11.4dfp.hdr

Writing: talsrcimg_g11.4dfp.ifh
including: talsrcimg.4dfp.img.rec in talsrcimg_g11.4dfp.img.rec

---------------------------------------------------------------------
imgreg_4dfp /opt/freesurfer/average/711-2C_as_mni_average_305 none talsrcimg_g11 none talsrcimg_to_711-2C_as_mni_average_305_t4 4355
---------------------------------------------------------------------

freesurfer imgreg_4dfp.c
/opt/freesurfer/average/711-2C_as_mni_average_305.4dfp.img
       256       256       256         1
  1.000000  1.000000  1.000000
orientation T byte_order littleendian
Reading image: /opt/freesurfer/average/711-2C_as_mni_average_305.4dfp.img
dimensions:      256       256       256
mmppix:       1.0000   -1.0000   -1.0000
center:     128.0000 -129.0000 -129.0000
talsrcimg_g11.4dfp.img
       256       256       256         1
  1.000000  1.000000  1.000000
orientation T byte_order littleendian
Reading image: talsrcimg_g11.4dfp.img
dimensions:      256       256       256
mmppix:       1.0000   -1.0000   -1.0000
center:     128.0000 -129.0000 -129.0000
t4_read: open error in t4_sub.f l:  41 t4_file(1:l)talsrcimg_to_711-2C_as_mni_average_305_t4 
t4_read: transform initialized to I4
rotation matrix determinant  1.000000
image alignment mode   4355 decimal     1103 hex
   -7.5000  -45.0000  -45.0000 4203.8945   19.6448
    0.0000  -45.0000  -45.0000 4410.2729   19.6487
    7.5000  -45.0000  -45.0000 4242.9360   19.6274
   -7.5000  -37.5000  -45.0000 4805.7373   18.7938
    0.0000  -37.5000  -45.0000 5035.4214   18.7874
    7.5000  -37.5000  -45.0000 4830.4932   18.7714
   -7.5000  -30.0000  -45.0000 5672.6792   18.1727
    0.0000  -30.0000  -45.0000 5914.9893   18.1546
    7.5000  -30.0000  -45.0000 5664.1646   18.1430
   -7.5000  -22.5000  -45.0000 6561.0781   17.7460
    0.0000  -22.5000  -45.0000 6822.4824   17.7258
    7.5000  -22.5000  -45.0000 6549.2734   17.7123
   -7.5000  -15.0000  -45.0000 7431.7197   17.4631
    0.0000  -15.0000  -45.0000 7735.5962   17.4521
    7.5000  -15.0000  -45.0000 7437.5967   17.4357
   -7.5000   -7.5000  -45.0000 8357.4521   17.3808
    0.0000   -7.5000  -45.0000 8705.0918   17.3824
    7.5000   -7.5000  -45.0000 8367.5947   17.3637
   -7.5000    0.0000  -45.0000 9283.3633   17.3767
    0.0000    0.0000  -45.0000 9658.4834   17.3834
    7.5000    0.0000  -45.0000 9280.1055   17.3653
   -7.5000    7.5000  -45.0000 9557.0303   17.3934
    0.0000    7.5000  -45.0000 9958.8135   17.3908
    7.5000    7.5000  -45.0000 9558.6748   17.3765
   -7.5000   15.0000  -45.0000 9719.4375   17.3942
    0.0000   15.0000  -45.000010134.6191   17.3782
    7.5000   15.0000  -45.0000 9719.1660   17.3666
   -7.5000   22.5000  -45.0000 9651.8486   17.3763
    0.0000   22.5000  -45.000010064.2344   17.3570
    7.5000   22.5000  -45.0000 9628.9258   17.3441
   -7.5000   30.0000  -45.0000 9458.1914   17.1373
    0.0000   30.0000  -45.0000 9855.9648   17.1265
    7.5000   30.0000  -45.0000 9426.3916   17.1105
   -7.5000   37.5000  -45.0000 9591.0566   17.1300
    0.0000   37.5000  -45.0000 9995.6338   17.1316
    7.5000   37.5000  -45.0000 9572.5410   17.1133
   -7.5000   45.0000  -45.0000 9388.0078   16.7098
    0.0000   45.0000  -45.0000 9777.9141   16.7162
    7.5000   45.0000  -45.0000 9382.8262   16.6988
   -7.5000  -45.0000  -37.5000 4531.1978   19.5774
    0.0000  -45.0000  -37.5000 4756.3564   19.5879
    7.5000  -45.0000  -37.5000 4557.8252   19.5733
   -7.5000  -37.5000  -37.5000 5180.3628   18.7265
    0.0000  -37.5000  -37.5000 5415.6675   18.7301
    7.5000  -37.5000  -37.5000 5190.6953   18.7176
   -7.5000  -30.0000  -37.5000 6093.6934   18.0965
    0.0000  -30.0000  -37.5000 6330.0278   18.0882
    7.5000  -30.0000  -37.5000 6078.7080   18.0797
   -7.5000  -22.5000  -37.5000 7032.7583   17.6682
    0.0000  -22.5000  -37.5000 7285.9902   17.6552
    7.5000  -22.5000  -37.5000 7011.7476   17.6455
   -7.5000  -15.0000  -37.5000 7960.8633   17.3912
    0.0000  -15.0000  -37.5000 8258.8750   17.3845
    7.5000  -15.0000  -37.5000 7953.6455   17.3731
   -7.5000   -7.5000  -37.5000 8962.5449   17.3152
    0.0000   -7.5000  -37.5000 9333.6260   17.3200
    7.5000   -7.5000  -37.5000 8958.5117   17.3067
   -7.5000    0.0000  -37.5000 9966.9014   17.3133
    0.0000    0.0000  -37.500010391.2236   17.3252
    7.5000    0.0000  -37.5000 9964.1641   17.3117
   -7.5000    7.5000  -37.500010260.2441   17.3221
    0.0000    7.5000  -37.500010705.4521   17.3278
    7.5000    7.5000  -37.500010256.9229   17.3169
   -7.5000   15.0000  -37.500010407.3623   17.3150
    0.0000   15.0000  -37.500010868.6533   17.3078
    7.5000   15.0000  -37.500010409.1543   17.2992
   -7.5000   22.5000  -37.500010324.6895   17.2965
    0.0000   22.5000  -37.500010788.7285   17.2841
    7.5000   22.5000  -37.500010314.5732   17.2747
   -7.5000   30.0000  -37.500010090.7021   17.0644
    0.0000   30.0000  -37.500010543.9883   17.0578
    7.5000   30.0000  -37.500010075.9111   17.0467
   -7.5000   37.5000  -37.500010190.1768   17.0655
    0.0000   37.5000  -37.500010641.8281   17.0701
    7.5000   37.5000  -37.500010200.3232   17.0572
   -7.5000   45.0000  -37.5000 9962.3174   16.6488
    0.0000   45.0000  -37.500010390.0889   16.6602
    7.5000   45.0000  -37.5000 9964.2070   16.6472
   -7.5000  -45.0000  -30.0000 4944.4341   20.4211
    0.0000  -45.0000  -30.0000 5172.1646   20.4338
    7.5000  -45.0000  -30.0000 4953.8779   20.4245
   -7.5000  -37.5000  -30.0000 5644.5029   19.5397
    0.0000  -37.5000  -30.0000 5878.5249   19.5459
    7.5000  -37.5000  -30.0000 5635.1660   19.5338
   -7.5000  -30.0000  -30.0000 6605.9736   18.8765
    0.0000  -30.0000  -30.0000 6852.4878   18.8710
    7.5000  -30.0000  -30.0000 6582.7700   18.8621
   -7.5000  -22.5000  -30.0000 7585.7847   18.4228
    0.0000  -22.5000  -30.0000 7872.9111   18.4133
    7.5000  -22.5000  -30.0000 7577.9004   18.4063
   -7.5000  -15.0000  -30.0000 8600.1738   18.1330
    0.0000  -15.0000  -30.0000 8958.2393   18.1294
    7.5000  -15.0000  -30.0000 8623.9502   18.1245
   -7.5000   -7.5000  -30.0000 9707.3721   18.0597
    0.0000   -7.5000  -30.000010144.4424   18.0666
    7.5000   -7.5000  -30.0000 9732.8291   18.0602
   -7.5000    0.0000  -30.000010827.1641   18.0656
    0.0000    0.0000  -30.000011315.5566   18.0793
    7.5000    0.0000  -30.000010841.6553   18.0700
   -7.5000    7.5000  -30.000011113.0361   18.0753
    0.0000    7.5000  -30.000011628.6191   18.0835
    7.5000    7.5000  -30.000011128.7197   18.0730
   -7.5000   15.0000  -30.000011254.5127   18.0621
    0.0000   15.0000  -30.000011776.0117   18.0577
    7.5000   15.0000  -30.000011254.2275   18.0486
   -7.5000   22.5000  -30.000011157.9971   18.0344
    0.0000   22.5000  -30.000011683.3809   18.0252
    7.5000   22.5000  -30.000011151.3623   18.0185
   -7.5000   30.0000  -30.000010895.4395   17.7940
    0.0000   30.0000  -30.000011396.3867   17.7904
    7.5000   30.0000  -30.000010873.3975   17.7855
   -7.5000   37.5000  -30.000010992.6729   17.8010
    0.0000   37.5000  -30.000011502.1162   17.8077
    7.5000   37.5000  -30.000010979.3330   17.8016
   -7.5000   45.0000  -30.000010728.9141   17.3850
    0.0000   45.0000  -30.000011210.2910   17.3981
    7.5000   45.0000  -30.000010717.8994   17.3892
   -7.5000  -45.0000  -22.5000 5352.2036   21.1291
    0.0000  -45.0000  -22.5000 5576.9380   21.1367
    7.5000  -45.0000  -22.5000 5337.6626   21.1259
   -7.5000  -37.5000  -22.5000 6102.3999   20.2241
    0.0000  -37.5000  -22.5000 6341.0288   20.2222
    7.5000  -37.5000  -22.5000 6088.5942   20.2065
   -7.5000  -30.0000  -22.5000 7124.6230   19.5400
    0.0000  -30.0000  -22.5000 7391.4795   19.5272
    7.5000  -30.0000  -22.5000 7116.7461   19.5148
   -7.5000  -22.5000  -22.5000 8179.9268   19.0635
    0.0000  -22.5000  -22.5000 8508.3213   19.0502
    7.5000  -22.5000  -22.5000 8176.6543   19.0422
   -7.5000  -15.0000  -22.5000 9302.9229   18.7545
    0.0000  -15.0000  -22.5000 9704.5605   18.7496
    7.5000  -15.0000  -22.5000 9313.0986   18.7464
   -7.5000   -7.5000  -22.500010517.9004   18.6772
    0.0000   -7.5000  -22.500010987.1250   18.6825
    7.5000   -7.5000  -22.500010537.3389   18.6783
   -7.5000    0.0000  -22.500011689.3438   18.6909
    0.0000    0.0000  -22.500012228.4844   18.7004
    7.5000    0.0000  -22.500011718.3457   18.6910
   -7.5000    7.5000  -22.500011980.5654   18.7102
    0.0000    7.5000  -22.500012545.6904   18.7119
    7.5000    7.5000  -22.500011993.4756   18.6983
   -7.5000   15.0000  -22.500012098.5498   18.6979
    0.0000   15.0000  -22.500012655.0088   18.6874
    7.5000   15.0000  -22.500012079.2734   18.6745
   -7.5000   22.5000  -22.500011972.3828   18.6605
    0.0000   22.5000  -22.500012524.4111   18.6477
    7.5000   22.5000  -22.500011964.3760   18.6399
   -7.5000   30.0000  -22.500011681.8281   18.4067
    0.0000   30.0000  -22.500012215.6240   18.4018
    7.5000   30.0000  -22.500011656.1543   18.3987
   -7.5000   37.5000  -22.500011820.8008   18.4124
    0.0000   37.5000  -22.500012365.3809   18.4175
    7.5000   37.5000  -22.500011790.9473   18.4135
   -7.5000   45.0000  -22.500011510.5938   18.0003
    0.0000   45.0000  -22.500012062.9258   18.0094
    7.5000   45.0000  -22.500011486.7266   18.0004
   -7.5000  -45.0000  -15.0000 5761.1670   21.6055
    0.0000  -45.0000  -15.0000 6000.7734   21.6058
    7.5000  -45.0000  -15.0000 5737.2744   21.5879
   -7.5000  -37.5000  -15.0000 6575.2808   20.6821
    0.0000  -37.5000  -15.0000 6830.5127   20.6697
    7.5000  -37.5000  -15.0000 6552.2881   20.6496
   -7.5000  -30.0000  -15.0000 7653.8882   19.9931
    0.0000  -30.0000  -15.0000 7955.5737   19.9705
    7.5000  -30.0000  -15.0000 7655.9473   19.9544
   -7.5000  -22.5000  -15.0000 8782.8223   19.5064
    0.0000  -22.5000  -15.0000 9149.7197   19.4864
    7.5000  -22.5000  -15.0000 8787.8018   19.4747
   -7.5000  -15.0000  -15.000010010.6846   19.1819
    0.0000  -15.0000  -15.000010442.4668   19.1733
    7.5000  -15.0000  -15.000010023.0303   19.1657
   -7.5000   -7.5000  -15.000011332.9443   19.0936
    0.0000   -7.5000  -15.000011843.7422   19.0958
    7.5000   -7.5000  -15.000011346.4131   19.0868
   -7.5000    0.0000  -15.000012575.5029   19.1066
    0.0000    0.0000  -15.000013162.0703   19.1105
    7.5000    0.0000  -15.000012578.5947   19.0965
   -7.5000    7.5000  -15.000012862.6719   19.1357
    0.0000    7.5000  -15.000013444.6348   19.1286
    7.5000    7.5000  -15.000012849.7578   19.1110
   -7.5000   15.0000  -15.000012910.5996   19.1318
    0.0000   15.0000  -15.000013512.6475   19.1124
    7.5000   15.0000  -15.000012903.0088   19.0961
   -7.5000   22.5000  -15.000012747.6836   19.0924
    0.0000   22.5000  -15.000013341.6582   19.0733
    7.5000   22.5000  -15.000012754.5469   19.0621
   -7.5000   30.0000  -15.000012439.8428   18.8287
    0.0000   30.0000  -15.000013013.1973   18.8203
    7.5000   30.0000  -15.000012407.4600   18.8129
   -7.5000   37.5000  -15.000012588.4121   18.8256
    0.0000   37.5000  -15.000013199.8125   18.8277
    7.5000   37.5000  -15.000012559.0664   18.8189
   -7.5000   45.0000  -15.000012272.2656   18.4118
    0.0000   45.0000  -15.000012885.2998   18.4155
    7.5000   45.0000  -15.000012238.4697   18.4019
   -7.5000  -45.0000   -7.5000 6189.4600   21.8161
    0.0000  -45.0000   -7.5000 6437.7041   21.8147
    7.5000  -45.0000   -7.5000 6146.8760   21.7904
   -7.5000  -37.5000   -7.5000 7063.2354   20.8780
    0.0000  -37.5000   -7.5000 7334.3003   20.8631
    7.5000  -37.5000   -7.5000 7036.8760   20.8419
   -7.5000  -30.0000   -7.5000 8206.4570   20.1904
    0.0000  -30.0000   -7.5000 8548.2461   20.1641
    7.5000  -30.0000   -7.5000 8230.5439   20.1479
   -7.5000  -22.5000   -7.5000 9456.9766   19.7077
    0.0000  -22.5000   -7.5000 9875.9707   19.6833
    7.5000  -22.5000   -7.5000 9477.7148   19.6681
   -7.5000  -15.0000   -7.500010790.8623   19.3817
    0.0000  -15.0000   -7.500011272.8750   19.3697
    7.5000  -15.0000   -7.500010805.2637   19.3547
   -7.5000   -7.5000   -7.500012182.1973   19.2853
    0.0000   -7.5000   -7.500012748.0342   19.2858
    7.5000   -7.5000   -7.500012202.7959   19.2685
   -7.5000    0.0000   -7.500013517.5264   19.2884
    0.0000    0.0000   -7.500014154.7256   19.2913
    7.5000    0.0000   -7.500013522.0312   19.2721
   -7.5000    7.5000   -7.500013770.7344   19.3168
    0.0000    7.5000   -7.500014418.4102   19.3076
    7.5000    7.5000   -7.500013751.5791   19.2889
   -7.5000   15.0000   -7.500013791.7998   19.3201
    0.0000   15.0000   -7.500014455.7979   19.2972
    7.5000   15.0000   -7.500013782.9561   19.2810
   -7.5000   22.5000   -7.500013592.5830   19.2865
    0.0000   22.5000   -7.500014243.0547   19.2632
    7.5000   22.5000   -7.500013600.9414   19.2488
   -7.5000   30.0000   -7.500013232.7969   19.0244
    0.0000   30.0000   -7.500013861.9727   19.0126
    7.5000   30.0000   -7.500013204.4355   18.9981
   -7.5000   37.5000   -7.500013370.8467   19.0141
    0.0000   37.5000   -7.500014035.2295   19.0145
    7.5000   37.5000   -7.500013369.6055   18.9975
   -7.5000   45.0000   -7.500013032.6221   18.5904
    0.0000   45.0000   -7.500013703.5400   18.5932
    7.5000   45.0000   -7.500013006.3926   18.5746
   -7.5000  -45.0000    0.0000 6524.0581   21.8514
    0.0000  -45.0000    0.0000 6784.3682   21.8558
    7.5000  -45.0000    0.0000 6471.2627   21.8321
   -7.5000  -37.5000    0.0000 7471.9385   20.9038
    0.0000  -37.5000    0.0000 7768.5444   20.8968
    7.5000  -37.5000    0.0000 7449.0244   20.8788
   -7.5000  -30.0000    0.0000 8738.0391   20.2114
    0.0000  -30.0000    0.0000 9108.7910   20.1913
    7.5000  -30.0000    0.0000 8769.0469   20.1784
   -7.5000  -22.5000    0.000010117.6309   19.7349
    0.0000  -22.5000    0.000010572.2520   19.7127
    7.5000  -22.5000    0.000010140.0352   19.6977
   -7.5000  -15.0000    0.000011513.6328   19.4184
    0.0000  -15.0000    0.000012046.3857   19.4063
    7.5000  -15.0000    0.000011534.0146   19.3882
   -7.5000   -7.5000    0.000012939.6582   19.3245
    0.0000   -7.5000    0.000013574.3584   19.3264
    7.5000   -7.5000    0.000012991.3701   19.3058
   -7.5000    0.0000    0.000014318.0566   19.3204
    0.0000    0.0000    0.000015016.8379   19.3279
    7.5000    0.0000    0.000014335.8145   19.3080
   -7.5000    7.5000    0.000014577.7637   19.3389
    0.0000    7.5000    0.000015289.5420   19.3361
    7.5000    7.5000    0.000014582.3789   19.3203
   -7.5000   15.0000    0.000014587.5049   19.3396
    0.0000   15.0000    0.000015307.7812   19.3219
    7.5000   15.0000    0.000014623.6699   19.3091
   -7.5000   22.5000    0.000014377.6553   19.3131
    0.0000   22.5000    0.000015077.8145   19.2919
    7.5000   22.5000    0.000014420.7227   19.2776
   -7.5000   30.0000    0.000013973.6045   19.0609
    0.0000   30.0000    0.000014662.8457   19.0491
    7.5000   30.0000    0.000014006.6104   19.0315
   -7.5000   37.5000    0.000014099.4326   19.0532
    0.0000   37.5000    0.000014820.2100   19.0551
    7.5000   37.5000    0.000014161.9053   19.0349
   -7.5000   45.0000    0.000013731.5195   18.6226
    0.0000   45.0000    0.000014420.0254   18.6299
    7.5000   45.0000    0.000013739.9043   18.6106
   -7.5000  -45.0000    7.5000 6337.2505   21.8886
    0.0000  -45.0000    7.5000 6605.6167   21.9004
    7.5000  -45.0000    7.5000 6317.5845   21.8840
   -7.5000  -37.5000    7.5000 7280.1714   20.9379
    0.0000  -37.5000    7.5000 7571.1055   20.9419
    7.5000  -37.5000    7.5000 7269.4590   20.9279
   -7.5000  -30.0000    7.5000 8574.5967   20.2339
    0.0000  -30.0000    7.5000 8929.6260   20.2247
    7.5000  -30.0000    7.5000 8588.1865   20.2151
   -7.5000  -22.5000    7.5000 9952.6592   19.7553
    0.0000  -22.5000    7.500010409.6416   19.7409
    7.5000  -22.5000    7.5000 9975.5615   19.7300
   -7.5000  -15.0000    7.500011305.0537   19.4458
    0.0000  -15.0000    7.500011848.8545   19.4384
    7.5000  -15.0000    7.500011347.8057   19.4257
   -7.5000   -7.5000    7.500012674.5742   19.3608
    0.0000   -7.5000    7.500013297.4580   19.3663
    7.5000   -7.5000    7.500012757.4873   19.3514
   -7.5000    0.0000    7.500013963.6094   19.3588
    0.0000    0.0000    7.500014644.4629   19.3721
    7.5000    0.0000    7.500014011.2549   19.3570
   -7.5000    7.5000    7.500014218.4961   19.3687
    0.0000    7.5000    7.500014898.8320   19.3751
    7.5000    7.5000    7.500014263.3213   19.3629
   -7.5000   15.0000    7.500014264.7783   19.3606
    0.0000   15.0000    7.500014969.6719   19.3527
    7.5000   15.0000    7.500014357.7842   19.3430
   -7.5000   22.5000    7.500014084.4775   19.3338
    0.0000   22.5000    7.500014778.0029   19.3200
    7.5000   22.5000    7.500014167.7373   19.3095
   -7.5000   30.0000    7.500013674.4287   19.0879
    0.0000   30.0000    7.500014289.6943   19.0806
    7.5000   30.0000    7.500013754.0166   19.0681
   -7.5000   37.5000    7.500013772.8643   19.0891
    0.0000   37.5000    7.500014398.4170   19.0944
    7.5000   37.5000    7.500013873.5566   19.0799
   -7.5000   45.0000    7.500013411.4473   18.6596
    0.0000   45.0000    7.500014033.2070   18.6725
    7.5000   45.0000    7.500013477.0322   18.6579
   -7.5000  -45.0000   15.0000 6056.4238   21.9289
    0.0000  -45.0000   15.0000 6332.3745   21.9426
    7.5000  -45.0000   15.0000 6076.4736   21.9325
   -7.5000  -37.5000   15.0000 7005.2075   20.9825
    0.0000  -37.5000   15.0000 7298.3579   20.9891
    7.5000  -37.5000   15.0000 7026.0449   20.9761
   -7.5000  -30.0000   15.0000 8299.5010   20.2702
    0.0000  -30.0000   15.0000 8650.5312   20.2644
    7.5000  -30.0000   15.0000 8319.3242   20.2548
   -7.5000  -22.5000   15.0000 9637.3955   19.7831
    0.0000  -22.5000   15.000010073.9619   19.7728
    7.5000  -22.5000   15.0000 9647.4326   19.7654
   -7.5000  -15.0000   15.000010961.6006   19.4718
    0.0000  -15.0000   15.000011478.4688   19.4680
    7.5000  -15.0000   15.000010990.6504   19.4627
   -7.5000   -7.5000   15.000012277.6328   19.3932
    0.0000   -7.5000   15.000012887.3281   19.4006
    7.5000   -7.5000   15.000012348.6064   19.3937
   -7.5000    0.0000   15.000013519.8262   19.3995
    0.0000    0.0000   15.000014174.7197   19.4142
    7.5000    0.0000   15.000013570.6680   19.4042
   -7.5000    7.5000   15.000013679.2100   19.4099
    0.0000    7.5000   15.000014321.3535   19.4187
    7.5000    7.5000   15.000013774.2578   19.4075
   -7.5000   15.0000   15.000013737.5703   19.3957
    0.0000   15.0000   15.000014418.7275   19.3910
    7.5000   15.0000   15.000013861.7842   19.3812
   -7.5000   22.5000   15.000013635.3828   19.3617
    0.0000   22.5000   15.000014212.8535   19.3519
    7.5000   22.5000   15.000013760.0391   19.3446
   -7.5000   30.0000   15.000013240.9102   19.1134
    0.0000   30.0000   15.000013670.6738   19.1096
    7.5000   30.0000   15.000013375.9707   19.1044
   -7.5000   37.5000   15.000013337.9346   19.1210
    0.0000   37.5000   15.000013787.7061   19.1281
    7.5000   37.5000   15.000013482.0977   19.1216
   -7.5000   45.0000   15.000013015.2412   18.6989
    0.0000   45.0000   15.000013509.3203   18.7130
    7.5000   45.0000   15.000013095.3574   18.7034
   -7.5000  -45.0000   22.5000 5771.5215   21.9337
    0.0000  -45.0000   22.5000 6015.7397   21.9416
    7.5000  -45.0000   22.5000 5779.9551   21.9304
   -7.5000  -37.5000   22.5000 6656.0718   20.9942
    0.0000  -37.5000   22.5000 6923.5444   20.9922
    7.5000  -37.5000   22.5000 6678.0664   20.9760
   -7.5000  -30.0000   22.5000 7867.6763   20.2841
    0.0000  -30.0000   22.5000 8203.7861   20.2708
    7.5000  -30.0000   22.5000 7907.8457   20.2579
   -7.5000  -22.5000   22.5000 9164.5361   19.7895
    0.0000  -22.5000   22.5000 9598.1748   19.7757
    7.5000  -22.5000   22.5000 9207.1113   19.7673
   -7.5000  -15.0000   22.500010453.1904   19.4687
    0.0000  -15.0000   22.500010983.1680   19.4635
    7.5000  -15.0000   22.500010501.7842   19.4603
   -7.5000   -7.5000   22.500011737.9941   19.3884
    0.0000   -7.5000   22.500012347.5400   19.3939
    7.5000   -7.5000   22.500011820.4111   19.3895
   -7.5000    0.0000   22.500012933.5693   19.4027
    0.0000    0.0000   22.500013588.6572   19.4125
    7.5000    0.0000   22.500013030.7559   19.4028
   -7.5000    7.5000   22.500013089.1143   19.4227
    0.0000    7.5000   22.500013709.8750   19.4244
    7.5000    7.5000   22.500013218.3408   19.4103
   -7.5000   15.0000   22.500013094.4453   19.4099
    0.0000   15.0000   22.500013726.5664   19.3990
    7.5000   15.0000   22.500013244.4648   19.3856
   -7.5000   22.5000   22.500013006.8604   19.3681
    0.0000   22.5000   22.500013537.6348   19.3548
    7.5000   22.5000   22.500013096.9717   19.3467
   -7.5000   30.0000   22.500012768.1465   19.1103
    0.0000   30.0000   22.500013203.7295   19.1052
    7.5000   30.0000   22.500012823.5059   19.1020
   -7.5000   37.5000   22.500012955.0654   19.1162
    0.0000   37.5000   22.500013393.3691   19.1215
    7.5000   37.5000   22.500012988.5293   19.1174
   -7.5000   45.0000   22.500012629.8936   18.7019
    0.0000   45.0000   22.500013070.7510   18.7114
    7.5000   45.0000   22.500012602.8779   18.7020
   -7.5000  -45.0000   30.0000 5383.3633   21.9149
    0.0000  -45.0000   30.0000 5612.3989   21.9152
    7.5000  -45.0000   30.0000 5404.3301   21.8970
   -7.5000  -37.5000   30.0000 6223.4170   20.9776
    0.0000  -37.5000   30.0000 6482.0293   20.9651
    7.5000  -37.5000   30.0000 6258.7754   20.9447
   -7.5000  -30.0000   30.0000 7357.6499   20.2785
    0.0000  -30.0000   30.0000 7673.4053   20.2556
    7.5000  -30.0000   30.0000 7415.6558   20.2392
   -7.5000  -22.5000   30.0000 8584.7715   19.7847
    0.0000  -22.5000   30.0000 8976.3965   19.7644
    7.5000  -22.5000   30.0000 8649.3018   19.7526
   -7.5000  -15.0000   30.0000 9803.2793   19.4553
    0.0000  -15.0000   30.000010269.6348   19.4467
    7.5000  -15.0000   30.0000 9868.7334   19.4390
   -7.5000   -7.5000   30.000011054.5332   19.3657
    0.0000   -7.5000   30.000011587.5254   19.3680
    7.5000   -7.5000   30.000011104.0322   19.3588
   -7.5000    0.0000   30.000012207.1074   19.3789
    0.0000    0.0000   30.000012822.6641   19.3829
    7.5000    0.0000   30.000012275.9570   19.3686
   -7.5000    7.5000   30.000012374.3613   19.4083
    0.0000    7.5000   30.000013010.9961   19.4012
    7.5000    7.5000   30.000012470.8906   19.3833
   -7.5000   15.0000   30.000012432.0918   19.4044
    0.0000   15.0000   30.000013051.8516   19.3849
    7.5000   15.0000   30.000012509.4209   19.3683
   -7.5000   22.5000   30.000012350.5518   19.3624
    0.0000   22.5000   30.000012878.7793   19.3431
    7.5000   22.5000   30.000012352.7031   19.3318
   -7.5000   30.0000   30.000012104.4893   19.0971
    0.0000   30.0000   30.000012576.4219   19.0886
    7.5000   30.0000   30.000012078.9609   19.0811
   -7.5000   37.5000   30.000012233.9180   19.0939
    0.0000   37.5000   30.000012721.5361   19.0960
    7.5000   37.5000   30.000012244.2822   19.0871
   -7.5000   45.0000   30.000011892.9092   18.6790
    0.0000   45.0000   30.000012365.6338   18.6828
    7.5000   45.0000   30.000011896.4619   18.6691
   -7.5000  -45.0000   37.5000 5192.0117   21.9802
    0.0000  -45.0000   37.5000 5413.9097   21.9792
    7.5000  -45.0000   37.5000 5219.7397   21.9546
   -7.5000  -37.5000   37.5000 6007.5840   21.0340
    0.0000  -37.5000   37.5000 6246.6426   21.0191
    7.5000  -37.5000   37.5000 6053.3267   20.9977
   -7.5000  -30.0000   37.5000 7085.2964   20.3387
    0.0000  -30.0000   37.5000 7375.3418   20.3122
    7.5000  -30.0000   37.5000 7141.7539   20.2958
   -7.5000  -22.5000   37.5000 8255.8604   19.8501
    0.0000  -22.5000   37.5000 8634.9785   19.8256
    7.5000  -22.5000   37.5000 8329.6426   19.8102
   -7.5000  -15.0000   37.5000 9441.7002   19.5204
    0.0000  -15.0000   37.5000 9899.8027   19.5084
    7.5000  -15.0000   37.5000 9502.6885   19.4932
   -7.5000   -7.5000   37.500010692.9141   19.4228
    0.0000   -7.5000   37.500011221.5322   19.4236
    7.5000   -7.5000   37.500010723.4639   19.4060
   -7.5000    0.0000   37.500011854.6768   19.4258
    0.0000    0.0000   37.500012452.9121   19.4290
    7.5000    0.0000   37.500011869.3896   19.4095
   -7.5000    7.5000   37.500012066.6035   19.4544
    0.0000    7.5000   37.500012661.7002   19.4453
    7.5000    7.5000   37.500012108.9111   19.4263
   -7.5000   15.0000   37.500012106.3184   19.4576
    0.0000   15.0000   37.500012664.5742   19.4347
    7.5000   15.0000   37.500012146.6211   19.4182
   -7.5000   22.5000   37.500012003.3057   19.4237
    0.0000   22.5000   37.500012480.8691   19.4004
    7.5000   22.5000   37.500012005.6924   19.3858
   -7.5000   30.0000   37.500011728.1045   19.1604
    0.0000   30.0000   37.500012184.7891   19.1488
    7.5000   30.0000   37.500011726.7422   19.1340
   -7.5000   37.5000   37.500011819.8359   19.1501
    0.0000   37.5000   37.500012290.9580   19.1507
    7.5000   37.5000   37.500011849.5361   19.1336
   -7.5000   45.0000   37.500011482.3027   18.7243
    0.0000   45.0000   37.500011944.5371   18.7274
    7.5000   45.0000   37.500011518.1426   18.7085
   -7.5000  -45.0000   45.0000 4734.6157   22.0948
    0.0000  -45.0000   45.0000 4945.6328   22.1000
    7.5000  -45.0000   45.0000 4783.8154   22.0758
   -7.5000  -37.5000   45.0000 5479.4219   21.1289
    0.0000  -37.5000   45.0000 5708.3643   21.1224
    7.5000  -37.5000   45.0000 5542.1636   21.1039
   -7.5000  -30.0000   45.0000 6485.0654   20.4240
    0.0000  -30.0000   45.0000 6761.6729   20.4037
    7.5000  -30.0000   45.0000 6550.2422   20.3903
   -7.5000  -22.5000   45.0000 7579.2046   19.9405
    0.0000  -22.5000   45.0000 7913.5264   19.9179
    7.5000  -22.5000   45.0000 7635.4556   19.9022
   -7.5000  -15.0000   45.0000 8674.1729   19.6190
    0.0000  -15.0000   45.0000 9083.2314   19.6067
    7.5000  -15.0000   45.0000 8729.3467   19.5879
   -7.5000   -7.5000   45.0000 9808.4180   19.5222
    0.0000   -7.5000   45.000010296.6465   19.5246
    7.5000   -7.5000   45.0000 9867.9043   19.5034
   -7.5000    0.0000   45.000010879.2461   19.5170
    0.0000    0.0000   45.000011432.6172   19.5253
    7.5000    0.0000   45.000010936.4131   19.5049
   -7.5000    7.5000   45.000011090.8691   19.5356
    0.0000    7.5000   45.000011635.2695   19.5333
    7.5000    7.5000   45.000011150.2197   19.5170
   -7.5000   15.0000   45.000011125.9297   19.5367
    0.0000   15.0000   45.000011628.6924   19.5189
    7.5000   15.0000   45.000011169.6123   19.5056
   -7.5000   22.5000   45.000011034.7051   19.5107
    0.0000   22.5000   45.000011500.2236   19.4891
    7.5000   22.5000   45.000011053.9668   19.4742
   -7.5000   30.0000   45.000010807.9961   19.2547
    0.0000   30.0000   45.000011255.1973   19.2428
    7.5000   30.0000   45.000010829.2354   19.2244
   -7.5000   37.5000   45.000010895.5361   19.2462
    0.0000   37.5000   45.000011346.9717   19.2485
    7.5000   37.5000   45.000010946.4219   19.2277
   -7.5000   45.0000   45.000010575.2031   18.8207
    0.0000   45.0000   45.000010996.6924   18.8287
    7.5000   45.0000   45.000010621.1074   18.8090

---------------------------------------------------------------------
imgreg_4dfp /opt/freesurfer/average/711-2C_as_mni_average_305 /opt/freesurfer/average/711-2B_as_mni_average_305_mask talsrcimg_g11 none talsrcimg_to_711-2C_as_mni_average_305_t4 4355
---------------------------------------------------------------------

freesurfer imgreg_4dfp.c
/opt/freesurfer/average/711-2C_as_mni_average_305.4dfp.img
       256       256       256         1
  1.000000  1.000000  1.000000
orientation T byte_order littleendian
Reading image: /opt/freesurfer/average/711-2C_as_mni_average_305.4dfp.img
dimensions:      256       256       256
mmppix:       1.0000   -1.0000   -1.0000
center:     128.0000 -129.0000 -129.0000
/opt/freesurfer/average/711-2B_as_mni_average_305_mask.4dfp.img
       256       256       256         1
  1.000000  1.000000  1.000000
orientation T byte_order littleendian
Reading mask: /opt/freesurfer/average/711-2B_as_mni_average_305_mask.4dfp.img (2306576 pixels)
talsrcimg_g11.4dfp.img
       256       256       256         1
  1.000000  1.000000  1.000000
orientation T byte_order littleendian
Reading image: talsrcimg_g11.4dfp.img
dimensions:      256       256       256
mmppix:       1.0000   -1.0000   -1.0000
center:     128.0000 -129.0000 -129.0000
rotation matrix determinant  1.000000
image alignment mode   4355 decimal     1103 hex
   -7.5000  -30.0000  -45.0000 1552.7379   32.0475
    0.0000  -30.0000  -45.0000 1557.1504   31.8062
    7.5000  -30.0000  -45.0000 1530.4579   32.0637
   -7.5000  -22.5000  -45.0000 1678.0508   27.7458
    0.0000  -22.5000  -45.0000 1683.5875   27.3366
    7.5000  -22.5000  -45.0000 1660.8097   27.4987
   -7.5000  -15.0000  -45.0000 1789.0625   24.3714
    0.0000  -15.0000  -45.0000 1800.0906   24.0025
    7.5000  -15.0000  -45.0000 1782.1738   24.1119
   -7.5000   -7.5000  -45.0000 1896.9802   21.7349
    0.0000   -7.5000  -45.0000 1912.3118   21.4918
    7.5000   -7.5000  -45.0000 1897.6006   21.5608
   -7.5000    0.0000  -45.0000 1987.8458   19.6557
    0.0000    0.0000  -45.0000 2000.7649   19.4745
    7.5000    0.0000  -45.0000 1987.4832   19.5325
   -7.5000    7.5000  -45.0000 2072.9802   18.1132
    0.0000    7.5000  -45.0000 2086.8125   17.9605
    7.5000    7.5000  -45.0000 2078.5852   18.0061
   -7.5000   15.0000  -45.0000 2140.7107   16.9438
    0.0000   15.0000  -45.0000 2152.7734   16.8556
    7.5000   15.0000  -45.0000 2141.3953   16.9448
   -7.5000   22.5000  -45.0000 2171.8472   16.2356
    0.0000   22.5000  -45.0000 2184.0723   16.0858
    7.5000   22.5000  -45.0000 2170.6648   16.1906
   -7.5000   30.0000  -45.0000 2182.2983   15.8489
    0.0000   30.0000  -45.0000 2193.3145   15.7023
    7.5000   30.0000  -45.0000 2178.8472   15.8031
   -7.5000   37.5000  -45.0000 2177.3818   15.7660
    0.0000   37.5000  -45.0000 2188.8306   15.6559
    7.5000   37.5000  -45.0000 2179.4817   15.8330
   -7.5000   45.0000  -45.0000 2155.3821   16.1834
    0.0000   45.0000  -45.0000 2169.8386   16.0541
    7.5000   45.0000  -45.0000 2157.3982   16.2709
   -7.5000   52.5000  -45.0000 2096.5435   16.9190
    0.0000   52.5000  -45.0000 2108.1096   16.7710
    7.5000   52.5000  -45.0000 2099.5398   16.9521
   -7.5000   60.0000  -45.0000 1998.2723   17.7499
    0.0000   60.0000  -45.0000 2009.2430   17.5385
    7.5000   60.0000  -45.0000 2000.6141   17.6953
   -7.5000  -30.0000  -37.5000 1612.0969   29.8244
    0.0000  -30.0000  -37.5000 1619.1147   29.5306
    7.5000  -30.0000  -37.5000 1599.3458   29.7188
   -7.5000  -22.5000  -37.5000 1740.8192   25.6464
    0.0000  -22.5000  -37.5000 1747.7699   25.3080
    7.5000  -22.5000  -37.5000 1730.8407   25.4430
   -7.5000  -15.0000  -37.5000 1858.0056   22.4152
    0.0000  -15.0000  -37.5000 1866.1492   22.1227
    7.5000  -15.0000  -37.5000 1852.6556   22.2784
   -7.5000   -7.5000  -37.5000 1974.8499   20.0087
    0.0000   -7.5000  -37.5000 1991.4222   19.7735
    7.5000   -7.5000  -37.5000 1973.9775   19.8761
   -7.5000    0.0000  -37.5000 2073.3982   18.1647
    0.0000    0.0000  -37.5000 2091.3364   17.9857
    7.5000    0.0000  -37.5000 2077.5134   18.0212
   -7.5000    7.5000  -37.5000 2166.8804   16.6875
    0.0000    7.5000  -37.5000 2184.1941   16.5826
    7.5000    7.5000  -37.5000 2174.3857   16.6159
   -7.5000   15.0000  -37.5000 2238.0254   15.5996
    0.0000   15.0000  -37.5000 2255.8547   15.5100
    7.5000   15.0000  -37.5000 2245.9983   15.5404
   -7.5000   22.5000  -37.5000 2275.4343   14.9031
    0.0000   22.5000  -37.5000 2290.3237   14.8073
    7.5000   22.5000  -37.5000 2279.9131   14.8464
   -7.5000   30.0000  -37.5000 2280.7820   14.5917
    0.0000   30.0000  -37.5000 2300.0649   14.4798
    7.5000   30.0000  -37.5000 2286.8433   14.5336
   -7.5000   37.5000  -37.5000 2272.9973   14.5385
    0.0000   37.5000  -37.5000 2289.8071   14.4324
    7.5000   37.5000  -37.5000 2285.9685   14.5631
   -7.5000   45.0000  -37.5000 2251.7136   14.8716
    0.0000   45.0000  -37.5000 2265.9946   14.7609
    7.5000   45.0000  -37.5000 2259.4907   14.8991
   -7.5000   52.5000  -37.5000 2189.7639   15.4748
    0.0000   52.5000  -37.5000 2208.7048   15.3644
    7.5000   52.5000  -37.5000 2199.9954   15.5005
   -7.5000   60.0000  -37.5000 2093.8435   16.2059
    0.0000   60.0000  -37.5000 2110.1433   16.0627
    7.5000   60.0000  -37.5000 2100.5959   16.1929
   -7.5000  -30.0000  -30.0000 1696.0602   28.6924
    0.0000  -30.0000  -30.0000 1699.9955   28.3280
    7.5000  -30.0000  -30.0000 1685.2866   28.5978
   -7.5000  -22.5000  -30.0000 1825.4563   24.6230
    0.0000  -22.5000  -30.0000 1835.9258   24.3609
    7.5000  -22.5000  -30.0000 1826.8375   24.5187
   -7.5000  -15.0000  -30.0000 1950.8833   21.5096
    0.0000  -15.0000  -30.0000 1968.2773   21.3312
    7.5000  -15.0000  -30.0000 1959.7914   21.4356
   -7.5000   -7.5000  -30.0000 2083.5208   19.1591
    0.0000   -7.5000  -30.0000 2104.3916   18.9974
    7.5000   -7.5000  -30.0000 2089.6882   19.0467
   -7.5000    0.0000  -30.0000 2200.5242   17.3389
    0.0000    0.0000  -30.0000 2220.3608   17.2093
    7.5000    0.0000  -30.0000 2206.8801   17.2731
   -7.5000    7.5000  -30.0000 2299.3816   15.9397
    0.0000    7.5000  -30.0000 2316.8853   15.8330
    7.5000    7.5000  -30.0000 2304.2971   15.8900
   -7.5000   15.0000  -30.0000 2375.6418   14.8889
    0.0000   15.0000  -30.0000 2396.1855   14.8110
    7.5000   15.0000  -30.0000 2378.2566   14.8424
   -7.5000   22.5000  -30.0000 2415.5396   14.2093
    0.0000   22.5000  -30.0000 2435.5757   14.1298
    7.5000   22.5000  -30.0000 2421.1265   14.1339
   -7.5000   30.0000  -30.0000 2429.9866   13.9225
    0.0000   30.0000  -30.0000 2451.3005   13.7961
    7.5000   30.0000  -30.0000 2440.0559   13.8333
   -7.5000   37.5000  -30.0000 2424.1208   13.9123
    0.0000   37.5000  -30.0000 2443.2695   13.8037
    7.5000   37.5000  -30.0000 2434.3618   13.8594
   -7.5000   45.0000  -30.0000 2395.2300   14.2111
    0.0000   45.0000  -30.0000 2415.7014   14.1481
    7.5000   45.0000  -30.0000 2408.2239   14.2216
   -7.5000   52.5000  -30.0000 2330.1108   14.7622
    0.0000   52.5000  -30.0000 2352.5676   14.6821
    7.5000   52.5000  -30.0000 2346.1533   14.7819
   -7.5000   60.0000  -30.0000 2226.1113   15.4444
    0.0000   60.0000  -30.0000 2243.7725   15.3332
    7.5000   60.0000  -30.0000 2239.6589   15.4369
   -7.5000  -30.0000  -22.5000 1758.0875   27.4207
    0.0000  -30.0000  -22.5000 1767.8821   27.0639
    7.5000  -30.0000  -22.5000 1756.6140   27.2880
   -7.5000  -22.5000  -22.5000 1895.2434   23.4207
    0.0000  -22.5000  -22.5000 1907.0990   23.1670
    7.5000  -22.5000  -22.5000 1897.8376   23.3160
   -7.5000  -15.0000  -22.5000 2035.7770   20.4250
    0.0000  -15.0000  -22.5000 2051.0042   20.3223
    7.5000  -15.0000  -22.5000 2039.6603   20.3535
   -7.5000   -7.5000  -22.5000 2177.6819   18.2261
    0.0000   -7.5000  -22.5000 2195.7378   18.1271
    7.5000   -7.5000  -22.5000 2183.1538   18.1348
   -7.5000    0.0000  -22.5000 2297.6416   16.4491
    0.0000    0.0000  -22.5000 2317.3220   16.3337
    7.5000    0.0000  -22.5000 2305.4529   16.3872
   -7.5000    7.5000  -22.5000 2403.3547   15.0629
    0.0000    7.5000  -22.5000 2424.4275   14.9627
    7.5000    7.5000  -22.5000 2407.0088   15.0225
   -7.5000   15.0000  -22.5000 2487.4983   14.0591
    0.0000   15.0000  -22.5000 2507.4849   13.9450
    7.5000   15.0000  -22.5000 2487.9177   14.0218
   -7.5000   22.5000  -22.5000 2530.8481   13.4148
    0.0000   22.5000  -22.5000 2552.5276   13.3378
    7.5000   22.5000  -22.5000 2538.9736   13.3552
   -7.5000   30.0000  -22.5000 2550.6912   13.1207
    0.0000   30.0000  -22.5000 2575.1492   13.0097
    7.5000   30.0000  -22.5000 2564.5742   13.0469
   -7.5000   37.5000  -22.5000 2558.1465   13.1207
    0.0000   37.5000  -22.5000 2580.8669   13.0111
    7.5000   37.5000  -22.5000 2569.4805   13.0745
   -7.5000   45.0000  -22.5000 2530.1292   13.4524
    0.0000   45.0000  -22.5000 2556.3447   13.3643
    7.5000   45.0000  -22.5000 2544.2148   13.4077
   -7.5000   52.5000  -22.5000 2457.3735   13.9786
    0.0000   52.5000  -22.5000 2484.3704   13.8959
    7.5000   52.5000  -22.5000 2470.8142   13.9284
   -7.5000   60.0000  -22.5000 2340.1990   14.6209
    0.0000   60.0000  -22.5000 2362.8909   14.5459
    7.5000   60.0000  -22.5000 2351.5266   14.5752
   -7.5000  -30.0000  -15.0000 1799.2747   26.0513
    0.0000  -30.0000  -15.0000 1812.3414   25.7761
    7.5000  -30.0000  -15.0000 1800.1617   25.9787
   -7.5000  -22.5000  -15.0000 1943.4216   22.2314
    0.0000  -22.5000  -15.0000 1957.1969   22.0266
    7.5000  -22.5000  -15.0000 1945.5684   22.1866
   -7.5000  -15.0000  -15.0000 2092.9429   19.4197
    0.0000  -15.0000  -15.0000 2107.3406   19.2675
    7.5000  -15.0000  -15.0000 2094.6846   19.3681
   -7.5000   -7.5000  -15.0000 2241.7444   17.2887
    0.0000   -7.5000  -15.0000 2258.2346   17.1497
    7.5000   -7.5000  -15.0000 2245.6653   17.2092
   -7.5000    0.0000  -15.0000 2366.7163   15.5677
    0.0000    0.0000  -15.0000 2385.3411   15.4679
    7.5000    0.0000  -15.0000 2368.4758   15.5004
   -7.5000    7.5000  -15.0000 2479.3257   14.2434
    0.0000    7.5000  -15.0000 2495.9968   14.1602
    7.5000    7.5000  -15.0000 2483.5745   14.1798
   -7.5000   15.0000  -15.0000 2568.4792   13.2481
    0.0000   15.0000  -15.0000 2589.5764   13.1437
    7.5000   15.0000  -15.0000 2574.3154   13.2059
   -7.5000   22.5000  -15.0000 2621.6897   12.6193
    0.0000   22.5000  -15.0000 2646.1235   12.5248
    7.5000   22.5000  -15.0000 2636.5752   12.5859
   -7.5000   30.0000  -15.0000 2653.6245   12.3067
    0.0000   30.0000  -15.0000 2680.0325   12.2017
    7.5000   30.0000  -15.0000 2665.6599   12.2709
   -7.5000   37.5000  -15.0000 2665.7009   12.3209
    0.0000   37.5000  -15.0000 2694.9668   12.2398
    7.5000   37.5000  -15.0000 2676.6555   12.2794
   -7.5000   45.0000  -15.0000 2641.1836   12.6485
    0.0000   45.0000  -15.0000 2672.0625   12.5793
    7.5000   45.0000  -15.0000 2653.9951   12.6003
   -7.5000   52.5000  -15.0000 2566.9541   13.1992
    0.0000   52.5000  -15.0000 2597.2532   13.1249
    7.5000   52.5000  -15.0000 2576.8638   13.1287
   -7.5000   60.0000  -15.0000 2435.9417   13.8071
    0.0000   60.0000  -15.0000 2463.8760   13.7220
    7.5000   60.0000  -15.0000 2446.7595   13.7559
   -7.5000  -30.0000   -7.5000 1826.3728   24.9853
    0.0000  -30.0000   -7.5000 1839.2200   24.7077
    7.5000  -30.0000   -7.5000 1831.6117   24.9871
   -7.5000  -22.5000   -7.5000 1978.0391   21.2658
    0.0000  -22.5000   -7.5000 1991.7581   21.0776
    7.5000  -22.5000   -7.5000 1981.9086   21.2256
   -7.5000  -15.0000   -7.5000 2134.5784   18.5465
    0.0000  -15.0000   -7.5000 2148.3191   18.3908
    7.5000  -15.0000   -7.5000 2135.2415   18.4966
   -7.5000   -7.5000   -7.5000 2281.6790   16.4581
    0.0000   -7.5000   -7.5000 2299.8718   16.3281
    7.5000   -7.5000   -7.5000 2285.9666   16.3957
   -7.5000    0.0000   -7.5000 2412.9216   14.8373
    0.0000    0.0000   -7.5000 2432.3215   14.6975
    7.5000    0.0000   -7.5000 2413.4431   14.7631
   -7.5000    7.5000   -7.5000 2532.5613   13.5268
    0.0000    7.5000   -7.5000 2552.4097   13.4116
    7.5000    7.5000   -7.5000 2536.7063   13.4683
   -7.5000   15.0000   -7.5000 2636.3376   12.5596
    0.0000   15.0000   -7.5000 2661.6196   12.4533
    7.5000   15.0000   -7.5000 2648.0435   12.5059
   -7.5000   22.5000   -7.5000 2704.7957   11.9449
    0.0000   22.5000   -7.5000 2734.4839   11.8376
    7.5000   22.5000   -7.5000 2724.0442   11.9105
   -7.5000   30.0000   -7.5000 2743.4402   11.6151
    0.0000   30.0000   -7.5000 2772.5896   11.5126
    7.5000   30.0000   -7.5000 2755.1829   11.5910
   -7.5000   37.5000   -7.5000 2756.2305   11.6220
    0.0000   37.5000   -7.5000 2791.9824   11.5307
    7.5000   37.5000   -7.5000 2770.9792   11.5990
   -7.5000   45.0000   -7.5000 2732.9824   11.9171
    0.0000   45.0000   -7.5000 2770.6826   11.8412
    7.5000   45.0000   -7.5000 2745.6389   11.8881
   -7.5000   52.5000   -7.5000 2657.6528   12.4462
    0.0000   52.5000   -7.5000 2687.2866   12.3771
    7.5000   52.5000   -7.5000 2665.6650   12.4190
   -7.5000   60.0000   -7.5000 2516.7126   13.0507
    0.0000   60.0000   -7.5000 2543.3354   12.9512
    7.5000   60.0000   -7.5000 2528.7134   13.0014
   -7.5000  -30.0000    0.0000 1844.4155   24.4253
    0.0000  -30.0000    0.0000 1856.8226   24.1872
    7.5000  -30.0000    0.0000 1849.5717   24.4986
   -7.5000  -22.5000    0.0000 2001.3055   20.7109
    0.0000  -22.5000    0.0000 2015.9507   20.5635
    7.5000  -22.5000    0.0000 2006.4023   20.7552
   -7.5000  -15.0000    0.0000 2154.7178   17.9947
    0.0000  -15.0000    0.0000 2170.0664   17.8403
    7.5000  -15.0000    0.0000 2157.4556   17.9722
   -7.5000   -7.5000    0.0000 2298.3030   15.8905
    0.0000   -7.5000    0.0000 2320.0781   15.7512
    7.5000   -7.5000    0.0000 2307.0950   15.8624
   -7.5000    0.0000    0.0000 2434.4448   14.2908
    0.0000    0.0000    0.0000 2454.9702   14.1330
    7.5000    0.0000    0.0000 2438.5977   14.2528
   -7.5000    7.5000    0.0000 2564.1121   13.0327
    0.0000    7.5000    0.0000 2591.4539   12.8923
    7.5000    7.5000    0.0000 2570.9839   13.0007
   -7.5000   15.0000    0.0000 2681.0791   12.0843
    0.0000   15.0000    0.0000 2716.5415   11.9627
    7.5000   15.0000    0.0000 2698.5073   12.0664
   -7.5000   22.5000    0.0000 2769.9233   11.4891
    0.0000   22.5000    0.0000 2806.3677   11.3594
    7.5000   22.5000    0.0000 2792.6514   11.4537
   -7.5000   30.0000    0.0000 2815.9888   11.1340
    0.0000   30.0000    0.0000 2857.4329   11.0340
    7.5000   30.0000    0.0000 2836.6777   11.1328
   -7.5000   37.5000    0.0000 2836.3384   11.1461
    0.0000   37.5000    0.0000 2878.0410   11.0541
    7.5000   37.5000    0.0000 2856.3435   11.1364
   -7.5000   45.0000    0.0000 2817.7507   11.4065
    0.0000   45.0000    0.0000 2854.4766   11.3150
    7.5000   45.0000    0.0000 2827.5068   11.4034
   -7.5000   52.5000    0.0000 2725.3079   11.8870
    0.0000   52.5000    0.0000 2754.7388   11.7938
    7.5000   52.5000    0.0000 2738.8586   11.8737
   -7.5000   60.0000    0.0000 2571.8267   12.4717
    0.0000   60.0000    0.0000 2599.8562   12.3553
    7.5000   60.0000    0.0000 2584.3928   12.4275
   -7.5000  -30.0000    7.5000 1850.1208   24.1986
    0.0000  -30.0000    7.5000 1859.4170   23.9656
    7.5000  -30.0000    7.5000 1855.3672   24.2335
   -7.5000  -22.5000    7.5000 2010.5850   20.5443
    0.0000  -22.5000    7.5000 2025.5182   20.3770
    7.5000  -22.5000    7.5000 2016.0460   20.5884
   -7.5000  -15.0000    7.5000 2161.1797   17.7461
    0.0000  -15.0000    7.5000 2179.4031   17.5977
    7.5000  -15.0000    7.5000 2164.8938   17.7829
   -7.5000   -7.5000    7.5000 2308.4060   15.6263
    0.0000   -7.5000    7.5000 2330.3577   15.4515
    7.5000   -7.5000    7.5000 2318.0188   15.6520
   -7.5000    0.0000    7.5000 2445.7874   13.9934
    0.0000    0.0000    7.5000 2466.0750   13.8254
    7.5000    0.0000    7.5000 2451.8535   14.0160
   -7.5000    7.5000    7.5000 2581.1213   12.7699
    0.0000    7.5000    7.5000 2609.1836   12.5999
    7.5000    7.5000    7.5000 2591.1467   12.7733
   -7.5000   15.0000    7.5000 2702.8203   11.8652
    0.0000   15.0000    7.5000 2740.8120   11.7097
    7.5000   15.0000    7.5000 2726.2307   11.8815
   -7.5000   22.5000    7.5000 2807.3477   11.2517
    0.0000   22.5000    7.5000 2853.1943   11.0939
    7.5000   22.5000    7.5000 2832.7065   11.2680
   -7.5000   30.0000    7.5000 2878.7058   10.8481
    0.0000   30.0000    7.5000 2927.7417   10.7018
    7.5000   30.0000    7.5000 2898.3474   10.8822
   -7.5000   37.5000    7.5000 2904.1096   10.8339
    0.0000   37.5000    7.5000 2950.0718   10.6989
    7.5000   37.5000    7.5000 2923.9131   10.8670
   -7.5000   45.0000    7.5000 2873.3755   11.1251
    0.0000   45.0000    7.5000 2919.3171   10.9837
    7.5000   45.0000    7.5000 2889.2100   11.1505
   -7.5000   52.5000    7.5000 2766.1504   11.5939
    0.0000   52.5000    7.5000 2803.5347   11.4754
    7.5000   52.5000    7.5000 2784.3020   11.6170
   -7.5000   60.0000    7.5000 2603.6685   12.1304
    0.0000   60.0000    7.5000 2633.6892   12.0133
    7.5000   60.0000    7.5000 2618.9333   12.1397
   -7.5000  -30.0000   15.0000 1840.2751   24.3673
    0.0000  -30.0000   15.0000 1853.1243   24.0576
    7.5000  -30.0000   15.0000 1842.5704   24.4669
   -7.5000  -22.5000   15.0000 2008.1788   20.6321
    0.0000  -22.5000   15.0000 2023.7056   20.3567
    7.5000  -22.5000   15.0000 2008.8074   20.6796
   -7.5000  -15.0000   15.0000 2160.2263   17.7299
    0.0000  -15.0000   15.0000 2177.3032   17.4946
    7.5000  -15.0000   15.0000 2160.1465   17.7638
   -7.5000   -7.5000   15.0000 2303.8054   15.5750
    0.0000   -7.5000   15.0000 2326.4243   15.3502
    7.5000   -7.5000   15.0000 2311.4009   15.6045
   -7.5000    0.0000   15.0000 2442.8213   13.9639
    0.0000    0.0000   15.0000 2466.6990   13.7409
    7.5000    0.0000   15.0000 2450.0020   13.9625
   -7.5000    7.5000   15.0000 2574.1462   12.7196
    0.0000    7.5000   15.0000 2605.0559   12.5104
    7.5000    7.5000   15.0000 2588.7998   12.7394
   -7.5000   15.0000   15.0000 2695.5305   11.8189
    0.0000   15.0000   15.0000 2733.8022   11.6052
    7.5000   15.0000   15.0000 2719.2705   11.8586
   -7.5000   22.5000   15.0000 2807.1392   11.2387
    0.0000   22.5000   15.0000 2853.8608   11.0448
    7.5000   22.5000   15.0000 2835.0784   11.2445
   -7.5000   30.0000   15.0000 2897.5320   10.7987
    0.0000   30.0000   15.0000 2950.2727   10.5527
    7.5000   30.0000   15.0000 2917.3369   10.8529
   -7.5000   37.5000   15.0000 2936.7598   10.7395
    0.0000   37.5000   15.0000 2984.5608   10.4693
    7.5000   37.5000   15.0000 2953.2830   10.8001
   -7.5000   45.0000   15.0000 2904.0356   11.0569
    0.0000   45.0000   15.0000 2949.1946   10.8551
    7.5000   45.0000   15.0000 2919.3474   11.0752
   -7.5000   52.5000   15.0000 2784.2214   11.5229
    0.0000   52.5000   15.0000 2819.5190   11.3822
    7.5000   52.5000   15.0000 2800.3389   11.5249
   -7.5000   60.0000   15.0000 2612.1682   12.0189
    0.0000   60.0000   15.0000 2640.1267   11.8757
    7.5000   60.0000   15.0000 2625.0493   11.9997
   -7.5000  -30.0000   22.5000 1811.6595   24.7579
    0.0000  -30.0000   22.5000 1823.0063   24.3605
    7.5000  -30.0000   22.5000 1820.3584   24.7921
   -7.5000  -22.5000   22.5000 1984.1648   20.9360
    0.0000  -22.5000   22.5000 1999.6328   20.6588
    7.5000  -22.5000   22.5000 1991.6530   20.9633
   -7.5000  -15.0000   22.5000 2141.5659   17.9737
    0.0000  -15.0000   22.5000 2160.3438   17.7330
    7.5000  -15.0000   22.5000 2142.3257   17.9814
   -7.5000   -7.5000   22.5000 2290.5229   15.7603
    0.0000   -7.5000   22.5000 2314.3240   15.5353
    7.5000   -7.5000   22.5000 2297.6233   15.8064
   -7.5000    0.0000   22.5000 2429.4292   14.0966
    0.0000    0.0000   22.5000 2458.5510   13.8623
    7.5000    0.0000   22.5000 2441.3674   14.1201
   -7.5000    7.5000   22.5000 2554.3579   12.8718
    0.0000    7.5000   22.5000 2590.4331   12.6156
    7.5000    7.5000   22.5000 2576.9377   12.8816
   -7.5000   15.0000   22.5000 2674.2119   11.9886
    0.0000   15.0000   22.5000 2715.1113   11.7197
    7.5000   15.0000   22.5000 2703.9915   11.9941
   -7.5000   22.5000   22.5000 2785.9290   11.3766
    0.0000   22.5000   22.5000 2828.2078   11.1471
    7.5000   22.5000   22.5000 2811.4551   11.3771
   -7.5000   30.0000   22.5000 2871.0391   11.0210
    0.0000   30.0000   22.5000 2917.6855   10.7528
    7.5000   30.0000   22.5000 2891.1824   11.0034
   -7.5000   37.5000   22.5000 2912.0535   10.9717
    0.0000   37.5000   22.5000 2957.1846   10.7450
    7.5000   37.5000   22.5000 2929.5110   10.9483
   -7.5000   45.0000   22.5000 2887.9160   11.1967
    0.0000   45.0000   22.5000 2932.0933   11.0016
    7.5000   45.0000   22.5000 2901.1248   11.1721
   -7.5000   52.5000   22.5000 2770.8291   11.6134
    0.0000   52.5000   22.5000 2806.5208   11.4421
    7.5000   52.5000   22.5000 2784.3267   11.5774
   -7.5000   60.0000   22.5000 2598.3845   12.0937
    0.0000   60.0000   22.5000 2621.4846   11.9191
    7.5000   60.0000   22.5000 2613.0513   12.0403
   -7.5000  -30.0000   30.0000 1767.5312   25.5056
    0.0000  -30.0000   30.0000 1781.7793   25.1048
    7.5000  -30.0000   30.0000 1782.3333   25.5169
   -7.5000  -22.5000   30.0000 1942.0515   21.5902
    0.0000  -22.5000   30.0000 1959.8544   21.2289
    7.5000  -22.5000   30.0000 1958.9633   21.5423
   -7.5000  -15.0000   30.0000 2106.9458   18.4907
    0.0000  -15.0000   30.0000 2124.5842   18.1922
    7.5000  -15.0000   30.0000 2117.3613   18.4795
   -7.5000   -7.5000   30.0000 2263.3335   16.1900
    0.0000   -7.5000   30.0000 2284.6475   15.9405
    7.5000   -7.5000   30.0000 2273.5554   16.1983
   -7.5000    0.0000   30.0000 2403.1313   14.5147
    0.0000    0.0000   30.0000 2431.2095   14.2705
    7.5000    0.0000   30.0000 2416.8608   14.5003
   -7.5000    7.5000   30.0000 2521.0999   13.3029
    0.0000    7.5000   30.0000 2556.1614   13.0556
    7.5000    7.5000   30.0000 2545.1306   13.2773
   -7.5000   15.0000   30.0000 2637.7278   12.4310
    0.0000   15.0000   30.0000 2674.0281   12.2064
    7.5000   15.0000   30.0000 2664.7869   12.3940
   -7.5000   22.5000   30.0000 2739.8857   11.8265
    0.0000   22.5000   30.0000 2777.5664   11.5575
    7.5000   22.5000   30.0000 2760.1975   11.7631
   -7.5000   30.0000   30.0000 2812.6440   11.4174
    0.0000   30.0000   30.0000 2849.4604   11.1596
    7.5000   30.0000   30.0000 2829.6729   11.3565
   -7.5000   37.5000   30.0000 2842.5874   11.3117
    0.0000   37.5000   30.0000 2879.9058   11.1213
    7.5000   37.5000   30.0000 2863.3086   11.2667
   -7.5000   45.0000   30.0000 2818.7439   11.5242
    0.0000   45.0000   30.0000 2854.3003   11.3628
    7.5000   45.0000   30.0000 2837.7324   11.4731
   -7.5000   52.5000   30.0000 2715.1453   11.9196
    0.0000   52.5000   30.0000 2746.5613   11.7890
    7.5000   52.5000   30.0000 2730.3838   11.8894
   -7.5000   60.0000   30.0000 2555.8936   12.3922
    0.0000   60.0000   30.0000 2578.8254   12.2609
    7.5000   60.0000   30.0000 2568.6638   12.3546
   -7.5000  -30.0000   37.5000 1725.0635   26.6534
    0.0000  -30.0000   37.5000 1740.7742   26.0864
    7.5000  -30.0000   37.5000 1740.5596   26.6086
   -7.5000  -22.5000   37.5000 1898.8760   22.4473
    0.0000  -22.5000   37.5000 1915.4395   22.0394
    7.5000  -22.5000   37.5000 1921.4579   22.3561
   -7.5000  -15.0000   37.5000 2062.3264   19.3003
    0.0000  -15.0000   37.5000 2081.1206   18.9774
    7.5000  -15.0000   37.5000 2079.6042   19.2083
   -7.5000   -7.5000   37.5000 2223.9773   16.9467
    0.0000   -7.5000   37.5000 2245.6399   16.6973
    7.5000   -7.5000   37.5000 2237.9065   16.8724
   -7.5000    0.0000   37.5000 2365.7156   15.2497
    0.0000    0.0000   37.5000 2393.5254   14.9977
    7.5000    0.0000   37.5000 2375.5171   15.1602
   -7.5000    7.5000   37.5000 2479.2942   14.0144
    0.0000    7.5000   37.5000 2514.6775   13.7747
    7.5000    7.5000   37.5000 2499.1089   13.9427
   -7.5000   15.0000   37.5000 2583.6409   13.1055
    0.0000   15.0000   37.5000 2618.6401   12.8460
    7.5000   15.0000   37.5000 2611.0859   13.0252
   -7.5000   22.5000   37.5000 2676.5071   12.4373
    0.0000   22.5000   37.5000 2711.1611   12.1342
    7.5000   22.5000   37.5000 2698.5244   12.3475
   -7.5000   30.0000   37.5000 2736.3394   12.0118
    0.0000   30.0000   37.5000 2766.4285   11.7358
    7.5000   30.0000   37.5000 2755.3582   11.9394
   -7.5000   37.5000   37.5000 2752.5166   11.8927
    0.0000   37.5000   37.5000 2787.6892   11.6593
    7.5000   37.5000   37.5000 2774.9546   11.8229
   -7.5000   45.0000   37.5000 2728.0947   12.0613
    0.0000   45.0000   37.5000 2761.6355   11.8602
    7.5000   45.0000   37.5000 2751.1716   11.9860
   -7.5000   52.5000   37.5000 2636.3503   12.4075
    0.0000   52.5000   37.5000 2666.3411   12.2430
    7.5000   52.5000   37.5000 2653.4758   12.3687
   -7.5000   60.0000   37.5000 2490.9275   12.9031
    0.0000   60.0000   37.5000 2513.3506   12.7558
    7.5000   60.0000   37.5000 2503.7473   12.8377
   -7.5000  -30.0000   45.0000 1679.6212   28.2798
    0.0000  -30.0000   45.0000 1693.4462   27.6577
    7.5000  -30.0000   45.0000 1693.6775   28.1517
   -7.5000  -22.5000   45.0000 1853.4634   23.8078
    0.0000  -22.5000   45.0000 1866.1732   23.3680
    7.5000  -22.5000   45.0000 1868.7355   23.6340
   -7.5000  -15.0000   45.0000 2013.8451   20.4834
    0.0000  -15.0000   45.0000 2031.3052   20.1593
    7.5000  -15.0000   45.0000 2027.5496   20.3318
   -7.5000   -7.5000   45.0000 2170.3950   17.9808
    0.0000   -7.5000   45.0000 2193.6453   17.7207
    7.5000   -7.5000   45.0000 2185.5444   17.8686
   -7.5000    0.0000   45.0000 2307.6753   16.1728
    0.0000    0.0000   45.0000 2337.1938   15.9340
    7.5000    0.0000   45.0000 2321.9731   16.0657
   -7.5000    7.5000   45.0000 2420.0630   14.8947
    0.0000    7.5000   45.0000 2454.5718   14.6420
    7.5000    7.5000   45.0000 2441.2720   14.7811
   -7.5000   15.0000   45.0000 2515.3884   13.9578
    0.0000   15.0000   45.0000 2550.4514   13.6624
    7.5000   15.0000   45.0000 2540.3003   13.8278
   -7.5000   22.5000   45.0000 2598.3540   13.2467
    0.0000   22.5000   45.0000 2631.6919   12.9496
    7.5000   22.5000   45.0000 2619.0542   13.1293
   -7.5000   30.0000   45.0000 2648.4341   12.8087
    0.0000   30.0000   45.0000 2676.0703   12.5542
    7.5000   30.0000   45.0000 2668.2288   12.7123
   -7.5000   37.5000   45.0000 2656.5767   12.6666
    0.0000   37.5000   45.0000 2687.9614   12.4250
    7.5000   37.5000   45.0000 2683.0310   12.5816
   -7.5000   45.0000   45.0000 2629.7629   12.7963
    0.0000   45.0000   45.0000 2657.1257   12.5596
    7.5000   45.0000   45.0000 2652.5403   12.7131
   -7.5000   52.5000   45.0000 2550.5400   13.1175
    0.0000   52.5000   45.0000 2575.6819   12.9265
    7.5000   52.5000   45.0000 2564.9165   13.0583
   -7.5000   60.0000   45.0000 2417.2954   13.5433
    0.0000   60.0000   45.0000 2439.7092   13.3710
    7.5000   60.0000   45.0000 2428.4341   13.4721

---------------------------------------------------------------------
imgreg_4dfp /opt/freesurfer/average/711-2C_as_mni_average_305 /opt/freesurfer/average/711-2B_as_mni_average_305_mask talsrcimg_g11 none talsrcimg_to_711-2C_as_mni_average_305_t4 1283
---------------------------------------------------------------------

freesurfer imgreg_4dfp.c
/opt/freesurfer/average/711-2C_as_mni_average_305.4dfp.img
       256       256       256         1
  1.000000  1.000000  1.000000
orientation T byte_order littleendian
Reading image: /opt/freesurfer/average/711-2C_as_mni_average_305.4dfp.img
dimensions:      256       256       256
mmppix:       1.0000   -1.0000   -1.0000
center:     128.0000 -129.0000 -129.0000
/opt/freesurfer/average/711-2B_as_mni_average_305_mask.4dfp.img
       256       256       256         1
  1.000000  1.000000  1.000000
orientation T byte_order littleendian
Reading mask: /opt/freesurfer/average/711-2B_as_mni_average_305_mask.4dfp.img (2306576 pixels)
talsrcimg_g11.4dfp.img
       256       256       256         1
  1.000000  1.000000  1.000000
orientation T byte_order littleendian
Reading image: talsrcimg_g11.4dfp.img
dimensions:      256       256       256
mmppix:       1.0000   -1.0000   -1.0000
center:     128.0000 -129.0000 -129.0000
rotation matrix determinant  1.000000
fimgreg.f
image alignment mode   1283 decimal      503 hex
parameters
    0.0000   37.5000   15.0000    0.0000    0.0000    0.0000
eta,q 0.93869 10.41473
niter,ni,del,rscale     5    3   12.0000    1.2000
parameter  6  0.526828 ->  0.500000 qaram    1.1500
parameters
    1.6870   37.3334   14.4100   -0.8218   -1.1518   -3.4500
eta,q 0.93937 10.40527
  0.0739  0.0689  0.0663  0.0629  0.0645  0.0609
  0.0700  0.0643  0.0644  0.0629  0.0627  0.0607
  0.0659  0.0614  0.0621  0.0618  0.0614  0.0606
  0.0627  0.0610  0.0610  0.0608  0.0611  0.0612
  0.0612  0.0626  0.0624  0.0613  0.0627  0.0625
  0.0624  0.0653  0.0655  0.0631  0.0653  0.0647
  0.0670  0.0692  0.0695  0.0659  0.0684  0.0675
niter,ni,del,rscale     5    3   12.0000    1.2000
parameters
    1.5750   37.9700   14.4467   -1.1115   -1.4172   -4.9422
eta,q 0.93935 10.43165
  0.0693  0.0668  0.0661  0.0616  0.0648  0.0620
  0.0658  0.0620  0.0644  0.0610  0.0629  0.0607
  0.0624  0.0605  0.0619  0.0612  0.0616  0.0606
  0.0606  0.0607  0.0605  0.0605  0.0607  0.0607
  0.0615  0.0598  0.0609  0.0595  0.0612  0.0611
  0.0651  0.0604  0.0630  0.0604  0.0631  0.0622
  0.0712  0.0644  0.0671  0.0631  0.0661  0.0640
niter,ni,del,rscale     4    3   12.0000    1.2000
parameters
    1.3626   38.2076   14.6424   -0.9704   -1.6673   -5.1455
eta,q 0.93974 10.42875
  0.0687  0.0648  0.0659  0.0621  0.0648  0.0630
  0.0652  0.0612  0.0643  0.0611  0.0626  0.0611
  0.0620  0.0610  0.0619  0.0610  0.0610  0.0602
  0.0606  0.0607  0.0604  0.0604  0.0603  0.0603
  0.0619  0.0589  0.0605  0.0589  0.0611  0.0608
  0.0653  0.0600  0.0623  0.0601  0.0630  0.0616
  0.0707  0.0650  0.0665  0.0630  0.0658  0.0629
niter,ni,del,rscale     3    3   12.0000    1.2000
parameters
    1.3702   38.1591   14.7397   -0.8805   -1.7557   -5.1188
eta,q 0.93979 10.42639
  0.0689  0.0641  0.0657  0.0620  0.0650  0.0632
  0.0653  0.0611  0.0641  0.0611  0.0628  0.0612
  0.0618  0.0611  0.0617  0.0611  0.0610  0.0601
  0.0603  0.0603  0.0603  0.0603  0.0602  0.0602
  0.0613  0.0586  0.0604  0.0588  0.0609  0.0608
  0.0645  0.0603  0.0623  0.0601  0.0628  0.0615
  0.0695  0.0658  0.0668  0.0631  0.0655  0.0627
niter,ni,del,rscale     2    3   12.0000    1.2000
parameters
    1.3871   38.1745   14.7657   -0.8847   -1.7737   -5.1233
eta,q 0.93981 10.42702
  0.0689  0.0642  0.0656  0.0620  0.0651  0.0632
  0.0652  0.0611  0.0639  0.0611  0.0628  0.0612
  0.0618  0.0610  0.0615  0.0611  0.0611  0.0601
  0.0602  0.0602  0.0602  0.0602  0.0602  0.0602
  0.0612  0.0585  0.0604  0.0588  0.0608  0.0608
  0.0645  0.0602  0.0623  0.0603  0.0627  0.0615
  0.0694  0.0656  0.0669  0.0633  0.0654  0.0627
registration optimization eta report
parameter search radius
    6.0000    6.0000    6.0000    6.0000    6.0000    6.9000
100000*second partial in parameter space
       24.       15.       17.        8.       14.        6.
  0.0689  0.0642  0.0656  0.0620  0.0651  0.0632
  0.0652  0.0611  0.0639  0.0611  0.0628  0.0612
  0.0618  0.0610  0.0615  0.0611  0.0611  0.0601
  0.0602  0.0602  0.0602  0.0602  0.0602  0.0602
  0.0612  0.0585  0.0604  0.0588  0.0608  0.0608
  0.0645  0.0602  0.0623  0.0603  0.0627  0.0615
  0.0694  0.0656  0.0669  0.0633  0.0654  0.0627
    1.3871   38.1745   14.7657   -0.8847   -1.7737   -5.1233
eta,q 0.93981 10.42702

---------------------------------------------------------------------
imgreg_4dfp /opt/freesurfer/average/711-2C_as_mni_average_305 /opt/freesurfer/average/711-2B_as_mni_average_305_mask talsrcimg_g11 none talsrcimg_to_711-2C_as_mni_average_305_t4 3335
---------------------------------------------------------------------

freesurfer imgreg_4dfp.c
/opt/freesurfer/average/711-2C_as_mni_average_305.4dfp.img
       256       256       256         1
  1.000000  1.000000  1.000000
orientation T byte_order littleendian
Reading image: /opt/freesurfer/average/711-2C_as_mni_average_305.4dfp.img
dimensions:      256       256       256
mmppix:       1.0000   -1.0000   -1.0000
center:     128.0000 -129.0000 -129.0000
/opt/freesurfer/average/711-2B_as_mni_average_305_mask.4dfp.img
       256       256       256         1
  1.000000  1.000000  1.000000
orientation T byte_order littleendian
Reading mask: /opt/freesurfer/average/711-2B_as_mni_average_305_mask.4dfp.img (2306576 pixels)
talsrcimg_g11.4dfp.img
       256       256       256         1
  1.000000  1.000000  1.000000
orientation T byte_order littleendian
Reading image: talsrcimg_g11.4dfp.img
dimensions:      256       256       256
mmppix:       1.0000   -1.0000   -1.0000
center:     128.0000 -129.0000 -129.0000
fimgreg.f
image alignment mode   3335 decimal      D07 hex
parameters
    1.3871   38.1745   14.7657   -0.4472   -0.4071   -0.0598
    8.8812    3.2203   -8.9256    1.2614   -3.0952   -1.5432
eta,q 0.94169 10.43605
niter,ni,del,rscale     5    3    5.0000    1.2000
parameter  4  3.668425 ->  0.500000 qaram    1.1500
parameter  5  3.639270 ->  0.500000 qaram    1.1500
parameter  6  2.127541 ->  0.500000 qaram    1.1500
parameters
    1.3201   39.1175   15.6683   -4.5872   -4.5471   -4.1998
    7.8349    3.9958   -7.3184    0.4893   -2.4746   -4.5471
eta,q 0.96161  9.87752
  0.0598  0.0602  0.0596  0.0495  0.0417  0.0367  0.0405  0.0445  0.0413  0.0410  0.0407  0.0388
  0.0590  0.0594  0.0588  0.0516  0.0448  0.0382  0.0395  0.0420  0.0401  0.0396  0.0397  0.0384
  0.0585  0.0588  0.0583  0.0545  0.0482  0.0413  0.0389  0.0400  0.0391  0.0388  0.0390  0.0384
  0.0583  0.0583  0.0580  0.0579  0.0523  0.0457  0.0389  0.0388  0.0387  0.0386  0.0386  0.0386
  0.0585  0.0580  0.0579  0.0614  0.0569  0.0504  0.0394  0.0389  0.0386  0.0390  0.0387  0.0391
  0.0591  0.0581  0.0580  0.0650  0.0615  0.0550  0.0404  0.0403  0.0390  0.0405  0.0392  0.0398
  0.0601  0.0586  0.0582  0.0689  0.0663  0.0601  0.0417  0.0428  0.0397  0.0423  0.0401  0.0409
niter,ni,del,rscale     7    3    5.0000    1.2000
parameter  4  0.766040 ->  0.500000 qaram    1.3225
parameter  5  2.137060 ->  0.500000 qaram    1.3225
parameter  6  0.600000 ->  0.500000 qaram    1.3225
parameters
    1.0085   39.4525   15.0213   -9.3482   -9.3081   -8.9608
    8.3919    3.3741   -8.0123    1.2601   -3.8427   -3.6936
eta,q 0.97091  9.39291
  0.0409  0.0408  0.0393  0.0360  0.0273  0.0291  0.0317  0.0324  0.0308  0.0327  0.0298  0.0304
  0.0393  0.0395  0.0385  0.0356  0.0296  0.0291  0.0305  0.0305  0.0298  0.0310  0.0293  0.0297
  0.0385  0.0387  0.0382  0.0361  0.0324  0.0294  0.0296  0.0294  0.0293  0.0297  0.0291  0.0293
  0.0384  0.0383  0.0383  0.0381  0.0356  0.0303  0.0292  0.0292  0.0292  0.0291  0.0291  0.0291
  0.0391  0.0384  0.0390  0.0415  0.0393  0.0336  0.0293  0.0299  0.0295  0.0294  0.0294  0.0292
  0.0405  0.0388  0.0401  0.0455  0.0438  0.0389  0.0300  0.0314  0.0303  0.0302  0.0298  0.0294
  0.0425  0.0397  0.0416  0.0499  0.0489  0.0447  0.0311  0.0338  0.0315  0.0315  0.0305  0.0299
niter,ni,del,rscale     7    3    5.0000    1.2000
parameter  5  1.133858 ->  0.500000 qaram    1.5209
parameters
    1.1422   39.9656   14.3278  -10.6288  -14.7832  -12.1688
    8.8240    3.3256   -7.7683    1.6375   -4.4399   -5.6835
eta,q 0.97519  8.99810
  0.0323  0.0321  0.0295  0.0317  0.0247  0.0259  0.0275  0.0282  0.0269  0.0282  0.0256  0.0254
  0.0306  0.0307  0.0291  0.0305  0.0250  0.0251  0.0262  0.0263  0.0258  0.0264  0.0252  0.0250
  0.0295  0.0297  0.0289  0.0295  0.0266  0.0249  0.0253  0.0252  0.0252  0.0253  0.0250  0.0248
  0.0291  0.0291  0.0290  0.0289  0.0291  0.0254  0.0249  0.0249  0.0249  0.0249  0.0249  0.0249
  0.0293  0.0290  0.0293  0.0292  0.0322  0.0257  0.0251  0.0254  0.0251  0.0252  0.0251  0.0253
  0.0302  0.0294  0.0301  0.0313  0.0359  0.0282  0.0258  0.0265  0.0257  0.0260  0.0253  0.0259
  0.0317  0.0304  0.0312  0.0349  0.0404  0.0337  0.0270  0.0282  0.0266  0.0275  0.0258  0.0266
niter,ni,del,rscale     7    3    5.0000    1.2000
parameters
    1.2290   40.2567   13.9239  -10.3902  -19.2195  -13.0077
    9.0975    3.2993   -7.3426    2.8516   -4.9333   -5.7131
eta,q 0.97629  8.78862
  0.0278  0.0278  0.0257  0.0277  0.0258  0.0263  0.0263  0.0271  0.0257  0.0273  0.0245  0.0248
  0.0262  0.0263  0.0251  0.0264  0.0245  0.0248  0.0251  0.0253  0.0247  0.0255  0.0240  0.0242
  0.0252  0.0253  0.0247  0.0254  0.0238  0.0239  0.0242  0.0241  0.0241  0.0243  0.0238  0.0238
  0.0248  0.0248  0.0248  0.0247  0.0247  0.0239  0.0238  0.0238  0.0238  0.0238  0.0237  0.0237
  0.0251  0.0249  0.0251  0.0246  0.0269  0.0245  0.0240  0.0243  0.0239  0.0238  0.0239  0.0239
  0.0259  0.0255  0.0257  0.0256  0.0303  0.0251  0.0248  0.0254  0.0244  0.0244  0.0242  0.0243
  0.0274  0.0267  0.0266  0.0281  0.0343  0.0275  0.0260  0.0270  0.0253  0.0255  0.0247  0.0249
niter,ni,del,rscale     6    3    5.0000    1.2000
parameters
    1.2832   40.9461   13.6312  -10.0524  -20.5686  -13.7939
    8.9424    3.4836   -7.0560    4.4156   -5.0458   -5.8952
eta,q 0.97664  8.71365
  0.0265  0.0272  0.0246  0.0264  0.0268  0.0261  0.0256  0.0269  0.0252  0.0269  0.0243  0.0244
  0.0250  0.0256  0.0239  0.0252  0.0253  0.0245  0.0245  0.0251  0.0243  0.0252  0.0238  0.0239
  0.0241  0.0244  0.0235  0.0242  0.0240  0.0236  0.0238  0.0239  0.0237  0.0241  0.0235  0.0235
  0.0237  0.0237  0.0235  0.0235  0.0234  0.0235  0.0235  0.0235  0.0235  0.0235  0.0234  0.0234
  0.0240  0.0235  0.0238  0.0233  0.0242  0.0243  0.0238  0.0239  0.0236  0.0234  0.0235  0.0235
  0.0248  0.0238  0.0244  0.0242  0.0264  0.0250  0.0246  0.0249  0.0241  0.0239  0.0238  0.0239
  0.0263  0.0247  0.0252  0.0266  0.0296  0.0271  0.0259  0.0265  0.0250  0.0248  0.0243  0.0245
niter,ni,del,rscale     5    3    5.0000    1.2000
parameters
    1.3634   41.4951   13.2085  -10.0689  -21.4493  -14.4732
    8.7674    3.7286   -7.1416    5.7066   -4.9549   -6.0992
eta,q 0.97687  8.64831
  0.0261  0.0265  0.0242  0.0259  0.0267  0.0259  0.0252  0.0265  0.0248  0.0264  0.0241  0.0242
  0.0247  0.0250  0.0235  0.0247  0.0251  0.0244  0.0242  0.0248  0.0240  0.0248  0.0236  0.0236
  0.0237  0.0239  0.0232  0.0238  0.0239  0.0234  0.0235  0.0236  0.0234  0.0238  0.0232  0.0233
  0.0234  0.0234  0.0232  0.0232  0.0232  0.0233  0.0232  0.0232  0.0232  0.0232  0.0231  0.0231
  0.0236  0.0233  0.0236  0.0231  0.0237  0.0240  0.0235  0.0236  0.0234  0.0232  0.0232  0.0233
  0.0244  0.0236  0.0242  0.0241  0.0257  0.0249  0.0243  0.0246  0.0240  0.0237  0.0236  0.0237
  0.0258  0.0245  0.0251  0.0265  0.0287  0.0267  0.0255  0.0261  0.0249  0.0247  0.0240  0.0243
niter,ni,del,rscale     4    3    5.0000    1.2000
parameters
    1.4536   41.9420   12.8943  -10.1377  -22.0720  -14.9342
    8.6532    3.9229   -7.3287    6.6556   -4.7852   -6.3412
eta,q 0.97699  8.60257
  0.0258  0.0260  0.0241  0.0255  0.0267  0.0259  0.0250  0.0262  0.0246  0.0260  0.0240  0.0240
  0.0244  0.0247  0.0234  0.0244  0.0250  0.0243  0.0240  0.0246  0.0238  0.0246  0.0235  0.0235
  0.0235  0.0237  0.0231  0.0236  0.0237  0.0233  0.0233  0.0234  0.0232  0.0236  0.0231  0.0231
  0.0231  0.0231  0.0230  0.0230  0.0230  0.0231  0.0231  0.0231  0.0231  0.0231  0.0230  0.0230
  0.0233  0.0231  0.0233  0.0229  0.0234  0.0238  0.0233  0.0234  0.0233  0.0231  0.0231  0.0232
  0.0241  0.0235  0.0239  0.0239  0.0253  0.0247  0.0240  0.0244  0.0239  0.0237  0.0234  0.0236
  0.0255  0.0245  0.0248  0.0262  0.0282  0.0263  0.0252  0.0259  0.0248  0.0248  0.0239  0.0242
niter,ni,del,rscale     3    3    5.0000    1.2000
parameters
    1.5192   42.2394   12.6885  -10.1907  -22.4427  -15.1946
    8.6005    4.0433   -7.4552    7.2481   -4.6927   -6.5346
eta,q 0.97703  8.57636
  0.0255  0.0257  0.0241  0.0254  0.0268  0.0259  0.0249  0.0260  0.0246  0.0258  0.0239  0.0240
  0.0242  0.0244  0.0234  0.0242  0.0250  0.0243  0.0239  0.0244  0.0238  0.0243  0.0234  0.0235
  0.0234  0.0235  0.0231  0.0235  0.0237  0.0232  0.0232  0.0234  0.0232  0.0234  0.0231  0.0231
  0.0230  0.0230  0.0230  0.0230  0.0230  0.0230  0.0230  0.0230  0.0230  0.0230  0.0230  0.0230
  0.0232  0.0231  0.0232  0.0229  0.0232  0.0237  0.0232  0.0233  0.0232  0.0231  0.0231  0.0231
  0.0240  0.0236  0.0238  0.0237  0.0250  0.0246  0.0239  0.0243  0.0238  0.0238  0.0234  0.0235
  0.0253  0.0247  0.0246  0.0260  0.0279  0.0260  0.0250  0.0258  0.0248  0.0250  0.0239  0.0241
niter,ni,del,rscale     2    3    5.0000    1.2000
parameters
    1.5564   42.4175   12.5651  -10.2346  -22.6437  -15.3397
    8.5777    4.1036   -7.5082    7.5949   -4.6386   -6.6772
eta,q 0.97702  8.56179
  0.0254  0.0255  0.0242  0.0253  0.0269  0.0259  0.0249  0.0259  0.0247  0.0256  0.0239  0.0240
  0.0241  0.0242  0.0235  0.0242  0.0251  0.0243  0.0239  0.0244  0.0238  0.0242  0.0234  0.0235
  0.0233  0.0233  0.0231  0.0235  0.0237  0.0232  0.0232  0.0233  0.0232  0.0233  0.0231  0.0231
  0.0230  0.0230  0.0230  0.0230  0.0230  0.0230  0.0230  0.0230  0.0230  0.0230  0.0230  0.0230
  0.0232  0.0231  0.0232  0.0229  0.0231  0.0236  0.0232  0.0233  0.0232  0.0232  0.0231  0.0231
  0.0240  0.0237  0.0237  0.0237  0.0249  0.0245  0.0239  0.0243  0.0238  0.0240  0.0234  0.0235
  0.0253  0.0248  0.0245  0.0259  0.0278  0.0259  0.0249  0.0258  0.0248  0.0251  0.0239  0.0241
niter,ni,del,rscale     1    3    5.0000    1.2000
parameters
    1.5751   42.5168   12.4986  -10.2621  -22.7520  -15.4126
    8.5659    4.1378   -7.5348    7.7846   -4.6281   -6.7688
eta,q 0.97702  8.55426
  0.0253  0.0253  0.0242  0.0253  0.0270  0.0259  0.0249  0.0259  0.0247  0.0255  0.0239  0.0240
  0.0241  0.0241  0.0235  0.0242  0.0252  0.0244  0.0239  0.0244  0.0238  0.0242  0.0234  0.0235
  0.0233  0.0233  0.0231  0.0235  0.0238  0.0233  0.0232  0.0233  0.0232  0.0233  0.0231  0.0231
  0.0230  0.0230  0.0230  0.0230  0.0230  0.0230  0.0230  0.0230  0.0230  0.0230  0.0230  0.0230
  0.0232  0.0232  0.0231  0.0229  0.0231  0.0236  0.0232  0.0234  0.0232  0.0233  0.0231  0.0231
  0.0240  0.0238  0.0236  0.0237  0.0248  0.0245  0.0239  0.0243  0.0238  0.0240  0.0234  0.0235
  0.0253  0.0250  0.0244  0.0259  0.0277  0.0258  0.0249  0.0258  0.0248  0.0252  0.0239  0.0241
registration optimization eta report
parameter search radius
    2.4000    2.4000    2.4000    9.5220   10.9503    9.5220
    7.2000    7.2000    7.2000    7.2000    7.2000    7.2000
100000*second partial in parameter space
       41.       38.       24.        3.        4.        3.
        4.        6.        3.        5.        2.        2.
  0.0253  0.0253  0.0242  0.0253  0.0270  0.0259  0.0249  0.0259  0.0247  0.0255  0.0239  0.0240
  0.0241  0.0241  0.0235  0.0242  0.0252  0.0244  0.0239  0.0244  0.0238  0.0242  0.0234  0.0235
  0.0233  0.0233  0.0231  0.0235  0.0238  0.0233  0.0232  0.0233  0.0232  0.0233  0.0231  0.0231
  0.0230  0.0230  0.0230  0.0230  0.0230  0.0230  0.0230  0.0230  0.0230  0.0230  0.0230  0.0230
  0.0232  0.0232  0.0231  0.0229  0.0231  0.0236  0.0232  0.0234  0.0232  0.0233  0.0231  0.0231
  0.0240  0.0238  0.0236  0.0237  0.0248  0.0245  0.0239  0.0243  0.0238  0.0240  0.0234  0.0235
  0.0253  0.0250  0.0244  0.0259  0.0277  0.0258  0.0249  0.0258  0.0248  0.0252  0.0239  0.0241
    1.5751   42.5168   12.4986  -10.2621  -22.7520  -15.4126
    8.5659    4.1378   -7.5348    7.7846   -4.6281   -6.7688
eta,q 0.97702  8.55426

---------------------------------------------------------------------
imgreg_4dfp /opt/freesurfer/average/711-2C_as_mni_average_305 /opt/freesurfer/average/711-2B_as_mni_average_305_mask talsrcimg_g11 none talsrcimg_to_711-2C_as_mni_average_305_t4 2311
---------------------------------------------------------------------

freesurfer imgreg_4dfp.c
/opt/freesurfer/average/711-2C_as_mni_average_305.4dfp.img
       256       256       256         1
  1.000000  1.000000  1.000000
orientation T byte_order littleendian
Reading image: /opt/freesurfer/average/711-2C_as_mni_average_305.4dfp.img
dimensions:      256       256       256
mmppix:       1.0000   -1.0000   -1.0000
center:     128.0000 -129.0000 -129.0000
/opt/freesurfer/average/711-2B_as_mni_average_305_mask.4dfp.img
       256       256       256         1
  1.000000  1.000000  1.000000
orientation T byte_order littleendian
Reading mask: /opt/freesurfer/average/711-2B_as_mni_average_305_mask.4dfp.img (2306576 pixels)
talsrcimg_g11.4dfp.img
       256       256       256         1
  1.000000  1.000000  1.000000
orientation T byte_order littleendian
Reading image: talsrcimg_g11.4dfp.img
dimensions:      256       256       256
mmppix:       1.0000   -1.0000   -1.0000
center:     128.0000 -129.0000 -129.0000
fimgreg.f
image alignment mode   2311 decimal      907 hex
parameters
    1.5751   42.5168   12.4986  -10.2621  -22.7520  -15.4126
    8.5659    4.1378   -7.5348    7.7846   -4.6281   -6.7688
eta,q 0.97702  8.55425
niter,ni,del,rscale     5    3    5.0000    0.8000
parameters
    1.6026   42.5812   12.4766   -8.4034  -21.5970  -15.7503
    8.2462    4.3835   -7.8211    7.7013   -4.7526   -6.6221
eta,q 0.97727  8.66682
  0.0241  0.0240  0.0236  0.0238  0.0241  0.0235  0.0236  0.0243  0.0235  0.0238  0.0231  0.0233
  0.0235  0.0235  0.0232  0.0235  0.0236  0.0231  0.0231  0.0235  0.0230  0.0232  0.0229  0.0230
  0.0231  0.0231  0.0231  0.0232  0.0231  0.0228  0.0228  0.0229  0.0228  0.0228  0.0228  0.0228
  0.0230  0.0230  0.0230  0.0230  0.0229  0.0228  0.0227  0.0227  0.0227  0.0227  0.0227  0.0227
  0.0231  0.0231  0.0230  0.0229  0.0228  0.0229  0.0229  0.0229  0.0229  0.0229  0.0228  0.0228
  0.0234  0.0234  0.0233  0.0229  0.0229  0.0233  0.0233  0.0233  0.0232  0.0233  0.0229  0.0229
  0.0240  0.0239  0.0236  0.0231  0.0234  0.0237  0.0239  0.0240  0.0237  0.0239  0.0232  0.0232
niter,ni,del,rscale     4    3    5.0000    0.7000
parameters
    1.5778   42.4512   12.4227   -8.4958  -21.4392  -15.8543
    8.3387    4.3325   -7.8048    7.5037   -4.8338   -6.5528
eta,q 0.97729  8.66375
  0.0236  0.0234  0.0232  0.0232  0.0235  0.0234  0.0235  0.0238  0.0234  0.0235  0.0230  0.0231
  0.0231  0.0230  0.0229  0.0230  0.0231  0.0230  0.0231  0.0232  0.0230  0.0231  0.0228  0.0229
  0.0228  0.0228  0.0228  0.0228  0.0229  0.0228  0.0228  0.0228  0.0228  0.0228  0.0227  0.0228
  0.0227  0.0227  0.0227  0.0227  0.0227  0.0227  0.0227  0.0227  0.0227  0.0227  0.0227  0.0227
  0.0228  0.0229  0.0228  0.0227  0.0227  0.0228  0.0228  0.0229  0.0228  0.0229  0.0228  0.0227
  0.0231  0.0232  0.0230  0.0229  0.0230  0.0231  0.0230  0.0232  0.0230  0.0232  0.0229  0.0229
  0.0236  0.0237  0.0232  0.0234  0.0235  0.0235  0.0235  0.0238  0.0234  0.0237  0.0231  0.0231
niter,ni,del,rscale     3    3    5.0000    0.6000
parameters
    1.5595   42.4174   12.4281   -8.3334  -21.3015  -15.8929
    8.3097    4.3213   -7.8432    7.4230   -4.8637   -6.4513
eta,q 0.97730  8.67386
  0.0233  0.0233  0.0231  0.0231  0.0233  0.0233  0.0233  0.0235  0.0232  0.0233  0.0229  0.0230
  0.0230  0.0230  0.0229  0.0230  0.0230  0.0229  0.0230  0.0231  0.0229  0.0230  0.0228  0.0229
  0.0228  0.0228  0.0227  0.0228  0.0228  0.0227  0.0228  0.0228  0.0227  0.0228  0.0227  0.0227
  0.0227  0.0227  0.0227  0.0227  0.0227  0.0227  0.0227  0.0227  0.0227  0.0227  0.0227  0.0227
  0.0228  0.0228  0.0227  0.0227  0.0227  0.0228  0.0228  0.0228  0.0228  0.0228  0.0227  0.0227
  0.0230  0.0230  0.0229  0.0228  0.0229  0.0230  0.0230  0.0231  0.0229  0.0230  0.0228  0.0228
  0.0234  0.0233  0.0231  0.0231  0.0233  0.0233  0.0233  0.0235  0.0232  0.0234  0.0229  0.0230
niter,ni,del,rscale     2    3    5.0000    0.5000
parameters
    1.5428   42.3920   12.4297   -8.1747  -21.1754  -15.9256
    8.2822    4.3203   -7.8788    7.3550   -4.8708   -6.3881
eta,q 0.97731  8.68363
  0.0231  0.0231  0.0229  0.0230  0.0231  0.0231  0.0231  0.0233  0.0230  0.0231  0.0229  0.0229
  0.0229  0.0229  0.0228  0.0229  0.0229  0.0229  0.0229  0.0229  0.0228  0.0229  0.0228  0.0228
  0.0227  0.0227  0.0227  0.0228  0.0228  0.0227  0.0227  0.0228  0.0227  0.0227  0.0227  0.0227
  0.0227  0.0227  0.0227  0.0227  0.0227  0.0227  0.0227  0.0227  0.0227  0.0227  0.0227  0.0227
  0.0227  0.0227  0.0227  0.0227  0.0227  0.0227  0.0227  0.0228  0.0227  0.0228  0.0227  0.0227
  0.0229  0.0229  0.0228  0.0228  0.0228  0.0229  0.0229  0.0229  0.0228  0.0229  0.0228  0.0228
  0.0232  0.0231  0.0229  0.0230  0.0231  0.0231  0.0231  0.0233  0.0230  0.0232  0.0229  0.0229
niter,ni,del,rscale     1    3    5.0000    0.4000
parameters
    1.5293   42.3700   12.4350   -8.0348  -21.0702  -15.9453
    8.2603    4.3382   -7.9280    7.2987   -4.9052   -6.3218
eta,q 0.97732  8.69246
  0.0230  0.0229  0.0228  0.0229  0.0230  0.0229  0.0229  0.0231  0.0229  0.0230  0.0228  0.0228
  0.0228  0.0228  0.0228  0.0228  0.0228  0.0228  0.0228  0.0229  0.0228  0.0228  0.0227  0.0228
  0.0227  0.0227  0.0227  0.0227  0.0227  0.0227  0.0227  0.0227  0.0227  0.0227  0.0227  0.0227
  0.0227  0.0227  0.0227  0.0227  0.0227  0.0227  0.0227  0.0227  0.0227  0.0227  0.0227  0.0227
  0.0227  0.0227  0.0227  0.0227  0.0227  0.0227  0.0227  0.0227  0.0227  0.0227  0.0227  0.0227
  0.0228  0.0228  0.0228  0.0227  0.0228  0.0228  0.0228  0.0228  0.0228  0.0228  0.0227  0.0227
  0.0230  0.0230  0.0228  0.0229  0.0229  0.0229  0.0229  0.0230  0.0229  0.0230  0.0228  0.0228
registration optimization eta report
parameter search radius
    0.8000    0.8000    0.8000    2.4000    2.4000    2.4000
    2.4000    2.4000    2.4000    2.4000    2.4000    2.4000
100000*second partial in parameter space
       45.       42.       25.        4.        5.        4.
        5.        6.        4.        5.        2.        2.
  0.0230  0.0229  0.0228  0.0229  0.0230  0.0229  0.0229  0.0231  0.0229  0.0230  0.0228  0.0228
  0.0228  0.0228  0.0228  0.0228  0.0228  0.0228  0.0228  0.0229  0.0228  0.0228  0.0227  0.0228
  0.0227  0.0227  0.0227  0.0227  0.0227  0.0227  0.0227  0.0227  0.0227  0.0227  0.0227  0.0227
  0.0227  0.0227  0.0227  0.0227  0.0227  0.0227  0.0227  0.0227  0.0227  0.0227  0.0227  0.0227
  0.0227  0.0227  0.0227  0.0227  0.0227  0.0227  0.0227  0.0227  0.0227  0.0227  0.0227  0.0227
  0.0228  0.0228  0.0228  0.0227  0.0228  0.0228  0.0228  0.0228  0.0228  0.0228  0.0227  0.0227
  0.0230  0.0230  0.0228  0.0229  0.0229  0.0229  0.0229  0.0230  0.0229  0.0230  0.0228  0.0228
    1.5293   42.3700   12.4350   -8.0348  -21.0702  -15.9453
    8.2603    4.3382   -7.9280    7.2987   -4.9052   -6.3218
eta,q 0.97732  8.69246

---------------------------------------------------------------------
imgreg_4dfp /opt/freesurfer/average/711-2C_as_mni_average_305 /opt/freesurfer/average/711-2B_as_mni_average_305_mask talsrcimg_g11 none talsrcimg_to_711-2C_as_mni_average_305_t4 2311
---------------------------------------------------------------------

freesurfer imgreg_4dfp.c
/opt/freesurfer/average/711-2C_as_mni_average_305.4dfp.img
       256       256       256         1
  1.000000  1.000000  1.000000
orientation T byte_order littleendian
Reading image: /opt/freesurfer/average/711-2C_as_mni_average_305.4dfp.img
dimensions:      256       256       256
mmppix:       1.0000   -1.0000   -1.0000
center:     128.0000 -129.0000 -129.0000
/opt/freesurfer/average/711-2B_as_mni_average_305_mask.4dfp.img
       256       256       256         1
  1.000000  1.000000  1.000000
orientation T byte_order littleendian
Reading mask: /opt/freesurfer/average/711-2B_as_mni_average_305_mask.4dfp.img (2306576 pixels)
talsrcimg_g11.4dfp.img
       256       256       256         1
  1.000000  1.000000  1.000000
orientation T byte_order littleendian
Reading image: talsrcimg_g11.4dfp.img
dimensions:      256       256       256
mmppix:       1.0000   -1.0000   -1.0000
center:     128.0000 -129.0000 -129.0000
fimgreg.f
image alignment mode   2311 decimal      907 hex
parameters
    1.5293   42.3700   12.4350   -8.0348  -21.0702  -15.9453
    8.2603    4.3382   -7.9280    7.2987   -4.9052   -6.3218
eta,q 0.97732  8.69246
niter,ni,del,rscale     5    3    5.0000    0.8000
parameters
    1.5277   42.3419   12.4270   -8.6109  -21.4285  -15.8606
    8.4226    4.2617   -7.7547    7.3181   -4.8002   -6.5028
eta,q 0.97728  8.65778
  0.0238  0.0237  0.0233  0.0233  0.0235  0.0237  0.0238  0.0241  0.0236  0.0239  0.0232  0.0232
  0.0232  0.0231  0.0230  0.0230  0.0231  0.0232  0.0232  0.0233  0.0231  0.0232  0.0229  0.0229
  0.0228  0.0228  0.0228  0.0228  0.0228  0.0228  0.0229  0.0229  0.0228  0.0228  0.0228  0.0228
  0.0227  0.0227  0.0227  0.0227  0.0227  0.0227  0.0227  0.0227  0.0227  0.0227  0.0227  0.0227
  0.0228  0.0228  0.0228  0.0228  0.0228  0.0228  0.0228  0.0229  0.0228  0.0228  0.0228  0.0228
  0.0232  0.0232  0.0230  0.0231  0.0232  0.0232  0.0231  0.0234  0.0230  0.0232  0.0229  0.0230
  0.0238  0.0238  0.0233  0.0239  0.0240  0.0236  0.0236  0.0242  0.0235  0.0238  0.0231  0.0233
niter,ni,del,rscale     4    3    5.0000    0.7000
parameters
    1.5483   42.3803   12.4441   -8.5261  -21.3868  -15.8571
    8.3645    4.2710   -7.8065    7.3767   -4.8265   -6.4973
eta,q 0.97730  8.66393
  0.0236  0.0236  0.0232  0.0233  0.0235  0.0235  0.0235  0.0238  0.0233  0.0236  0.0230  0.0231
  0.0231  0.0231  0.0229  0.0230  0.0231  0.0231  0.0230  0.0232  0.0230  0.0231  0.0229  0.0229
  0.0228  0.0228  0.0228  0.0228  0.0228  0.0228  0.0228  0.0228  0.0228  0.0228  0.0227  0.0228
  0.0227  0.0227  0.0227  0.0227  0.0227  0.0227  0.0227  0.0227  0.0227  0.0227  0.0227  0.0227
  0.0228  0.0228  0.0228  0.0227  0.0227  0.0228  0.0228  0.0228  0.0228  0.0228  0.0228  0.0227
  0.0231  0.0230  0.0229  0.0229  0.0230  0.0231  0.0231  0.0232  0.0230  0.0231  0.0229  0.0229
  0.0236  0.0235  0.0232  0.0233  0.0235  0.0234  0.0235  0.0238  0.0234  0.0236  0.0230  0.0231
niter,ni,del,rscale     3    3    5.0000    0.6000
parameters
    1.5482   42.3884   12.4413   -8.3408  -21.2816  -15.8825
    8.3250    4.3015   -7.8440    7.3720   -4.8592   -6.4406
eta,q 0.97731  8.67463
  0.0233  0.0233  0.0231  0.0231  0.0233  0.0233  0.0233  0.0235  0.0232  0.0234  0.0229  0.0230
  0.0230  0.0230  0.0229  0.0230  0.0230  0.0229  0.0230  0.0231  0.0229  0.0230  0.0228  0.0228
  0.0228  0.0228  0.0228  0.0228  0.0228  0.0227  0.0228  0.0228  0.0227  0.0228  0.0227  0.0227
  0.0227  0.0227  0.0227  0.0227  0.0227  0.0227  0.0227  0.0227  0.0227  0.0227  0.0227  0.0227
  0.0228  0.0228  0.0228  0.0227  0.0227  0.0228  0.0228  0.0228  0.0228  0.0228  0.0227  0.0227
  0.0230  0.0230  0.0229  0.0228  0.0229  0.0230  0.0230  0.0231  0.0229  0.0230  0.0228  0.0228
  0.0233  0.0233  0.0231  0.0231  0.0233  0.0233  0.0233  0.0235  0.0232  0.0234  0.0229  0.0230
niter,ni,del,rscale     2    3    5.0000    0.5000
parameters
    1.5390   42.3783   12.4410   -8.1812  -21.1709  -15.9095
    8.2839    4.3167   -7.8684    7.3368   -4.8692   -6.3694
eta,q 0.97731  8.68408
  0.0231  0.0231  0.0229  0.0230  0.0231  0.0231  0.0231  0.0233  0.0230  0.0231  0.0229  0.0229
  0.0229  0.0229  0.0228  0.0229  0.0229  0.0229  0.0229  0.0230  0.0228  0.0229  0.0228  0.0228
  0.0227  0.0227  0.0227  0.0228  0.0228  0.0227  0.0227  0.0228  0.0227  0.0227  0.0227  0.0227
  0.0227  0.0227  0.0227  0.0227  0.0227  0.0227  0.0227  0.0227  0.0227  0.0227  0.0227  0.0227
  0.0227  0.0227  0.0227  0.0227  0.0227  0.0227  0.0227  0.0228  0.0227  0.0227  0.0227  0.0227
  0.0229  0.0229  0.0228  0.0228  0.0228  0.0229  0.0229  0.0229  0.0228  0.0229  0.0228  0.0228
  0.0231  0.0231  0.0229  0.0230  0.0231  0.0231  0.0231  0.0233  0.0230  0.0232  0.0229  0.0229
niter,ni,del,rscale     1    3    5.0000    0.4000
parameters
    1.5284   42.3629   12.4420   -8.0234  -21.0643  -15.9370
    8.2564    4.3381   -7.9278    7.2889   -4.8816   -6.3021
eta,q 0.97732  8.69337
  0.0230  0.0229  0.0228  0.0229  0.0230  0.0229  0.0229  0.0231  0.0229  0.0230  0.0228  0.0228
  0.0228  0.0228  0.0228  0.0228  0.0228  0.0228  0.0228  0.0229  0.0228  0.0228  0.0227  0.0228
  0.0227  0.0227  0.0227  0.0227  0.0227  0.0227  0.0227  0.0227  0.0227  0.0227  0.0227  0.0227
  0.0227  0.0227  0.0227  0.0227  0.0227  0.0227  0.0227  0.0227  0.0227  0.0227  0.0227  0.0227
  0.0227  0.0227  0.0227  0.0227  0.0227  0.0227  0.0227  0.0227  0.0227  0.0227  0.0227  0.0227
  0.0228  0.0228  0.0228  0.0227  0.0228  0.0228  0.0228  0.0228  0.0228  0.0228  0.0227  0.0227
  0.0230  0.0230  0.0228  0.0229  0.0229  0.0229  0.0230  0.0230  0.0229  0.0230  0.0228  0.0228
registration optimization eta report
parameter search radius
    0.8000    0.8000    0.8000    2.4000    2.4000    2.4000
    2.4000    2.4000    2.4000    2.4000    2.4000    2.4000
100000*second partial in parameter space
       45.       42.       24.        4.        5.        4.
        5.        6.        4.        5.        2.        2.
  0.0230  0.0229  0.0228  0.0229  0.0230  0.0229  0.0229  0.0231  0.0229  0.0230  0.0228  0.0228
  0.0228  0.0228  0.0228  0.0228  0.0228  0.0228  0.0228  0.0229  0.0228  0.0228  0.0227  0.0228
  0.0227  0.0227  0.0227  0.0227  0.0227  0.0227  0.0227  0.0227  0.0227  0.0227  0.0227  0.0227
  0.0227  0.0227  0.0227  0.0227  0.0227  0.0227  0.0227  0.0227  0.0227  0.0227  0.0227  0.0227
  0.0227  0.0227  0.0227  0.0227  0.0227  0.0227  0.0227  0.0227  0.0227  0.0227  0.0227  0.0227
  0.0228  0.0228  0.0228  0.0227  0.0228  0.0228  0.0228  0.0228  0.0228  0.0228  0.0227  0.0227
  0.0230  0.0230  0.0228  0.0229  0.0229  0.0229  0.0230  0.0230  0.0229  0.0230  0.0228  0.0228
    1.5284   42.3629   12.4420   -8.0234  -21.0643  -15.9370
    8.2564    4.3381   -7.9278    7.2889   -4.8816   -6.3021
eta,q 0.97732  8.69337

---------------------------------------------------------------------
compute_vox2vox talsrcimg talsrcimg_to_711-2C_as_mni_average_305_t4 /opt/freesurfer/average/711-2C_as_mni_average_305
---------------------------------------------------------------------

freesurfer compute_vox2vox.c
Reading: talsrcimg.4dfp.ifh
Reading: talsrcimg_to_711-2C_as_mni_average_305_t4
Reading: /opt/freesurfer/average/711-2C_as_mni_average_305.4dfp.ifh
Writing: talsrcimg_to_711-2C_as_mni_average_305_t4_vox2vox.txt

start time Sun Mar 15 08:15:05 CET 2026
end		time Sun Mar 15 08:16:32 CET 2026

mpr2mni305 success

avi2talxfm orig_nu.mgz /opt/freesurfer/average/mni305.cor.mgz talsrcimg_to_711-2C_as_mni_average_305_t4_vox2vox.txt transforms/talairach.auto.xfm
avi2talxfm done
mv -f /out/sourcedata/freesurfer/sub-v2s10x28994_ses-1/mri/talsrcimg_to_711-2C_as_mni_average_305_t4_vox2vox.txt /out/sourcedata/freesurfer/sub-v2s10x28994_ses-1/mri/transforms/talsrcimg_to_711-2C_as_mni_average_305_t4_vox2vox.txt
lta_convert --src orig_nu.mgz --trg /opt/freesurfer/average/mni305.cor.mgz --inxfm transforms/talairach.auto.xfm --outlta transforms/talairach.auto.xfm.lta --subject fsaverage
7.3.2

--src: orig_nu.mgz src image (geometry).
--trg: /opt/freesurfer/average/mni305.cor.mgz trg image (geometry).
--inmni: transforms/talairach.auto.xfm input MNI/XFM transform.
--outlta: transforms/talairach.auto.xfm.lta output LTA.
--s: fsaverage subject name
 LTA read, type : 1
 1.07482  -0.04540  -0.11605   5.05682;
 0.07002   1.17845   0.08676  -29.25461;
 0.10148  -0.11338   1.24719  -21.40341;
 0.00000   0.00000   0.00000   1.00000;
setting subject to fsaverage
Writing  LTA to file transforms/talairach.auto.xfm.lta...
lta_convert successful.
 
 
Started at Sun Mar 15 08:15:05 CET 2026
Ended   at Sun Mar 15 08:16:32 CET 2026
talairach_avi done
