status file for recon-all
Sun Mar 15 11:23:24 CET 2026
#@# MotionCor Sun Mar 15 11:23:26 CET 2026
#@# Talairach Sun Mar 15 11:23:31 CET 2026
#@# Talairach Failure Detection Sun Mar 15 11:26:24 CET 2026
#@# Nu Intensity Correction Sun Mar 15 11:26:24 CET 2026
#@# Intensity Normalization Sun Mar 15 11:29:09 CET 2026
recon-all -s sub-v2s10x30163_ses-1 finished without error at Sun Mar 15 11:30:11 CET 2026



#New# invocation of recon-all 



status file for recon-all
Sun Mar 15 11:35:49 CET 2026
#@# EM Registration Sun Mar 15 11:35:49 CET 2026
recon-all -s sub-v2s10x30163_ses-1 finished without error at Sun Mar 15 11:39:30 CET 2026



#New# invocation of recon-all 



status file for recon-all
Sun Mar 15 11:39:31 CET 2026
#@# CA Normalize Sun Mar 15 11:39:31 CET 2026
#@# CA Reg Sun Mar 15 11:40:27 CET 2026
#@# SubCort Seg Sun Mar 15 12:14:58 CET 2026
#@# CC Seg Sun Mar 15 12:35:59 CET 2026
#@# Merge ASeg Sun Mar 15 12:36:21 CET 2026
#@# Intensity Normalization2 Sun Mar 15 12:36:21 CET 2026
#@# Mask BFS Sun Mar 15 12:37:47 CET 2026
#@# WM Segmentation Sun Mar 15 12:37:48 CET 2026
#@# Fill Sun Mar 15 12:39:17 CET 2026
recon-all -s sub-v2s10x30163_ses-1 finished without error at Sun Mar 15 12:39:56 CET 2026



#New# invocation of recon-all 



status file for recon-all
Sun Mar 15 13:20:24 CET 2026
#@# white curv lh Sun Mar 15 13:20:24 CET 2026
#@# white area lh Sun Mar 15 13:20:24 CET 2026
#@# pial curv lh Sun Mar 15 13:20:24 CET 2026
#@# pial area lh Sun Mar 15 13:20:24 CET 2026
#@# thickness lh Sun Mar 15 13:20:24 CET 2026
#@# area and vertex vol lh Sun Mar 15 13:20:24 CET 2026
#@# white curv rh Sun Mar 15 13:20:24 CET 2026
#@# white area rh Sun Mar 15 13:20:24 CET 2026
#@# pial curv rh Sun Mar 15 13:20:24 CET 2026
#@# pial area rh Sun Mar 15 13:20:24 CET 2026
#@# thickness rh Sun Mar 15 13:20:24 CET 2026
#@# area and vertex vol rh Sun Mar 15 13:20:24 CET 2026
#@# Cortical ribbon mask Sun Mar 15 13:20:24 CET 2026
recon-all -s sub-v2s10x30163_ses-1 finished without error at Sun Mar 15 13:24:30 CET 2026



#New# invocation of recon-all 



status file for recon-all
Sun Mar 15 13:29:18 CET 2026
#@# white curv lh Sun Mar 15 13:29:18 CET 2026
#@# white area lh Sun Mar 15 13:29:18 CET 2026
#@# pial curv lh Sun Mar 15 13:29:18 CET 2026
#@# pial area lh Sun Mar 15 13:29:18 CET 2026
#@# thickness lh Sun Mar 15 13:29:18 CET 2026
#@# area and vertex vol lh Sun Mar 15 13:29:18 CET 2026
#@# white curv rh Sun Mar 15 13:29:18 CET 2026
#@# white area rh Sun Mar 15 13:29:18 CET 2026
#@# pial curv rh Sun Mar 15 13:29:18 CET 2026
#@# pial area rh Sun Mar 15 13:29:18 CET 2026
#@# thickness rh Sun Mar 15 13:29:18 CET 2026
#@# area and vertex vol rh Sun Mar 15 13:29:18 CET 2026
#@# Curvature Stats lh Sun Mar 15 13:29:18 CET 2026
#@# Curvature Stats rh Sun Mar 15 13:29:20 CET 2026
#@# Relabel Hypointensities Sun Mar 15 13:29:21 CET 2026
#@# APas-to-ASeg Sun Mar 15 13:29:32 CET 2026
#@# AParc-to-ASeg aparc Sun Mar 15 13:29:38 CET 2026
#@# AParc-to-ASeg aparc.a2009s Sun Mar 15 13:29:58 CET 2026
#@# AParc-to-ASeg aparc.DKTatlas Sun Mar 15 13:30:17 CET 2026
#@# WMParc Sun Mar 15 13:30:36 CET 2026
#@# ASeg Stats Sun Mar 15 13:32:20 CET 2026
recon-all -s sub-v2s10x30163_ses-1 finished without error at Sun Mar 15 13:32:36 CET 2026
