/out/sourcedata/freesurfer/sub-v2s10x28969_ses-1/mri
/opt/freesurfer/bin/talairach_avi
--i orig_nu.mgz --xfm transforms/talairach.auto.xfm
talairach_avi 7.3.2
Linux dna088 5.14.0-427.37.1.el9_4.x86_64 #1 SMP PREEMPT_DYNAMIC Fri Sep 13 12:41:50 EDT 2024 x86_64 x86_64 x86_64 GNU/Linux
Sun Mar 15 08:14:04 CET 2026
mri_convert orig_nu.mgz talsrcimg.img 
reading from orig_nu.mgz...
TR=0.00, TE=0.00, TI=0.00, flip angle=0.00
i_ras = (-1, -8.34552e-09, -3.72529e-09)
j_ras = (3.72529e-09, 0, -1)
k_ras = (8.94943e-10, 1, -2.32831e-10)
writing to talsrcimg.img...
Analyze Output Matrix
-1.00000   0.00000   0.00000   127.94537;
-0.00000   0.00000   1.00000  -130.80341;
-0.00000  -1.00000  -0.00000   112.67901;
 0.00000   0.00000   0.00000   1.00000;
--------------------
INFO: set hdr.hist.orient to -1
mpr2mni305 talsrcimg
Sun Mar 15 08:14:04 CET 2026
/opt/freesurfer/bin/mpr2mni305 talsrcimg
mpr2mni305 7.3.2
target=711-2C_as_mni_average_305

---------------------------------------------------------------------
analyzeto4dfp talsrcimg -O0 -y
---------------------------------------------------------------------

freesurfer ifh2hdr.c
Sun Mar 15 08:14:04 2026
Writing: talsrcimg.4dfp.hdr
freesurfer analyzeto4dfp.c
Reading: talsrcimg.hdr
header size 348 bytes
hdr.dime.datatype	offset=70	value=2
hdr.dime.bitpix		offset=72	value=8
hdr.hist.orient		offset=252	value=-1
dimensionality     4
dimensions       256       256       256         1
Reading: talsrcimg.img
Writing: talsrcimg.4dfp.img
Writing: talsrcimg.4dfp.ifh
ifh2hdr talsrcimg -r0to206
ori=2

---------------------------------------------------------------------
gauss_4dfp talsrcimg 1.1
---------------------------------------------------------------------

freesurfer gauss_4dfp.c
Reading: talsrcimg.4dfp.img
Writing: talsrcimg_g11.4dfp.img
image dimensions 256 256 256 padded to 288 288 288
processing volume 1freesurfer ifh2hdr.c
Sun Mar 15 08:14:06 2026
Writing: talsrcimg_g11.4dfp.hdr

Writing: talsrcimg_g11.4dfp.ifh
including: talsrcimg.4dfp.img.rec in talsrcimg_g11.4dfp.img.rec

---------------------------------------------------------------------
imgreg_4dfp /opt/freesurfer/average/711-2C_as_mni_average_305 none talsrcimg_g11 none talsrcimg_to_711-2C_as_mni_average_305_t4 4355
---------------------------------------------------------------------

freesurfer imgreg_4dfp.c
/opt/freesurfer/average/711-2C_as_mni_average_305.4dfp.img
       256       256       256         1
  1.000000  1.000000  1.000000
orientation T byte_order littleendian
Reading image: /opt/freesurfer/average/711-2C_as_mni_average_305.4dfp.img
dimensions:      256       256       256
mmppix:       1.0000   -1.0000   -1.0000
center:     128.0000 -129.0000 -129.0000
talsrcimg_g11.4dfp.img
       256       256       256         1
  1.000000  1.000000  1.000000
orientation T byte_order littleendian
Reading image: talsrcimg_g11.4dfp.img
dimensions:      256       256       256
mmppix:       1.0000   -1.0000   -1.0000
center:     128.0000 -129.0000 -129.0000
t4_read: open error in t4_sub.f l:  41 t4_file(1:l)talsrcimg_to_711-2C_as_mni_average_305_t4 
t4_read: transform initialized to I4
rotation matrix determinant  1.000000
image alignment mode   4355 decimal     1103 hex
   -7.5000  -45.0000  -45.0000 6082.4141   15.7876
    0.0000  -45.0000  -45.0000 6308.5537   15.7909
    7.5000  -45.0000  -45.0000 6020.5962   15.7931
   -7.5000  -37.5000  -45.0000 6699.0234   15.5192
    0.0000  -37.5000  -45.0000 6950.1230   15.5269
    7.5000  -37.5000  -45.0000 6640.2085   15.5286
   -7.5000  -30.0000  -45.0000 7602.4810   15.3528
    0.0000  -30.0000  -45.0000 7883.9937   15.3653
    7.5000  -30.0000  -45.0000 7532.4741   15.3671
   -7.5000  -22.5000  -45.0000 8535.9775   15.2781
    0.0000  -22.5000  -45.0000 8857.6221   15.2903
    7.5000  -22.5000  -45.0000 8461.1582   15.2926
   -7.5000  -15.0000  -45.0000 9499.5898   15.2187
    0.0000  -15.0000  -45.0000 9853.4033   15.2271
    7.5000  -15.0000  -45.0000 9414.9951   15.2307
   -7.5000   -7.5000  -45.000010417.9092   15.1877
    0.0000   -7.5000  -45.000010799.7119   15.1921
    7.5000   -7.5000  -45.000010321.9814   15.1952
   -7.5000    0.0000  -45.000011186.6797   15.1896
    0.0000    0.0000  -45.000011609.6924   15.1928
    7.5000    0.0000  -45.000011090.9512   15.1949
   -7.5000    7.5000  -45.000011091.5039   15.1979
    0.0000    7.5000  -45.000011536.4062   15.2056
    7.5000    7.5000  -45.000011018.2734   15.2079
   -7.5000   15.0000  -45.000010944.9824   15.2046
    0.0000   15.0000  -45.000011383.8916   15.2171
    7.5000   15.0000  -45.000010870.6357   15.2192
   -7.5000   22.5000  -45.000010684.5625   15.1997
    0.0000   22.5000  -45.000011119.7520   15.2119
    7.5000   22.5000  -45.000010615.7324   15.2145
   -7.5000   30.0000  -45.000010337.5420   14.9903
    0.0000   30.0000  -45.000010751.4287   14.9987
    7.5000   30.0000  -45.000010268.4268   15.0024
   -7.5000   37.5000  -45.000010370.1416   14.9848
    0.0000   37.5000  -45.000010774.1504   14.9892
    7.5000   37.5000  -45.000010265.1953   14.9922
   -7.5000   45.0000  -45.0000 9887.1504   14.6066
    0.0000   45.0000  -45.000010261.5557   14.6097
    7.5000   45.0000  -45.0000 9774.4209   14.6117
   -7.5000  -45.0000  -37.5000 6482.2378   15.7535
    0.0000  -45.0000  -37.5000 6733.7627   15.7601
    7.5000  -45.0000  -37.5000 6431.3618   15.7652
   -7.5000  -37.5000  -37.5000 7154.5820   15.4838
    0.0000  -37.5000  -37.5000 7433.6880   15.4939
    7.5000  -37.5000  -37.5000 7099.7178   15.4960
   -7.5000  -30.0000  -37.5000 8129.7637   15.3113
    0.0000  -30.0000  -37.5000 8439.8623   15.3233
    7.5000  -30.0000  -37.5000 8061.0020   15.3238
   -7.5000  -22.5000  -37.5000 9146.1992   15.2323
    0.0000  -22.5000  -37.5000 9491.9678   15.2413
    7.5000  -22.5000  -37.5000 9064.6396   15.2426
   -7.5000  -15.0000  -37.500010165.8525   15.1753
    0.0000  -15.0000  -37.500010555.1328   15.1807
    7.5000  -15.0000  -37.500010079.2646   15.1852
   -7.5000   -7.5000  -37.500011146.2588   15.1514
    0.0000   -7.5000  -37.500011578.3164   15.1560
    7.5000   -7.5000  -37.500011045.2363   15.1618
   -7.5000    0.0000  -37.500011953.9941   15.1580
    0.0000    0.0000  -37.500012424.5986   15.1641
    7.5000    0.0000  -37.500011848.1836   15.1689
   -7.5000    7.5000  -37.500011837.7979   15.1640
    0.0000    7.5000  -37.500012305.2852   15.1739
    7.5000    7.5000  -37.500011750.3584   15.1767
   -7.5000   15.0000  -37.500011642.8193   15.1637
    0.0000   15.0000  -37.500012095.7051   15.1757
    7.5000   15.0000  -37.500011538.5830   15.1765
   -7.5000   22.5000  -37.500011335.7451   15.1543
    0.0000   22.5000  -37.500011797.6211   15.1633
    7.5000   22.5000  -37.500011246.7275   15.1648
   -7.5000   30.0000  -37.500010958.8174   14.9477
    0.0000   30.0000  -37.500011400.8955   14.9529
    7.5000   30.0000  -37.500010865.4756   14.9576
   -7.5000   37.5000  -37.500010989.2070   14.9490
    0.0000   37.5000  -37.500011430.4199   14.9535
    7.5000   37.5000  -37.500010855.5225   14.9592
   -7.5000   45.0000  -37.500010488.4502   14.5762
    0.0000   45.0000  -37.500010910.1191   14.5821
    7.5000   45.0000  -37.500010354.4062   14.5867
   -7.5000  -45.0000  -30.0000 7014.9355   16.4223
    0.0000  -45.0000  -30.0000 7284.8926   16.4311
    7.5000  -45.0000  -30.0000 6969.5840   16.4360
   -7.5000  -37.5000  -30.0000 7746.4902   16.1390
    0.0000  -37.5000  -30.0000 8043.5000   16.1511
    7.5000  -37.5000  -30.0000 7689.8301   16.1533
   -7.5000  -30.0000  -30.0000 8818.3701   15.9539
    0.0000  -30.0000  -30.0000 9153.0527   15.9661
    7.5000  -30.0000  -30.0000 8741.1309   15.9679
   -7.5000  -22.5000  -30.0000 9921.3994   15.8668
    0.0000  -22.5000  -30.000010309.8984   15.8746
    7.5000  -22.5000  -30.0000 9833.1543   15.8777
   -7.5000  -15.0000  -30.000011017.6162   15.8079
    0.0000  -15.0000  -30.000011449.5791   15.8119
    7.5000  -15.0000  -30.000010897.9834   15.8176
   -7.5000   -7.5000  -30.000012080.3867   15.7888
    0.0000   -7.5000  -30.000012540.2676   15.7938
    7.5000   -7.5000  -30.000011913.0703   15.7999
   -7.5000    0.0000  -30.000012942.8301   15.8004
    0.0000    0.0000  -30.000013430.1914   15.8088
    7.5000    0.0000  -30.000012751.8633   15.8133
   -7.5000    7.5000  -30.000012797.0156   15.8055
    0.0000    7.5000  -30.000013277.6543   15.8174
    7.5000    7.5000  -30.000012634.3066   15.8205
   -7.5000   15.0000  -30.000012538.5830   15.8000
    0.0000   15.0000  -30.000013021.7725   15.8122
    7.5000   15.0000  -30.000012394.5498   15.8143
   -7.5000   22.5000  -30.000012190.7012   15.7837
    0.0000   22.5000  -30.000012676.6963   15.7915
    7.5000   22.5000  -30.000012091.2559   15.7948
   -7.5000   30.0000  -30.000011773.4258   15.5722
    0.0000   30.0000  -30.000012251.8789   15.5762
    7.5000   30.0000  -30.000011667.3643   15.5819
   -7.5000   37.5000  -30.000011776.8027   15.5794
    0.0000   37.5000  -30.000012242.7617   15.5843
    7.5000   37.5000  -30.000011615.0410   15.5903
   -7.5000   45.0000  -30.000011215.7305   15.2051
    0.0000   45.0000  -30.000011662.9844   15.2132
    7.5000   45.0000  -30.000011062.7246   15.2175
   -7.5000  -45.0000  -22.5000 7570.7417   17.0081
    0.0000  -45.0000  -22.5000 7866.3691   17.0153
    7.5000  -45.0000  -22.5000 7509.9956   17.0166
   -7.5000  -37.5000  -22.5000 8358.0713   16.7152
    0.0000  -37.5000  -22.5000 8678.9893   16.7268
    7.5000  -37.5000  -22.5000 8276.4756   16.7289
   -7.5000  -30.0000  -22.5000 9508.6758   16.5265
    0.0000  -30.0000  -22.5000 9887.3418   16.5402
    7.5000  -30.0000  -22.5000 9424.4746   16.5452
   -7.5000  -22.5000  -22.500010679.1436   16.4369
    0.0000  -22.5000  -22.500011125.2949   16.4476
    7.5000  -22.5000  -22.500010578.4609   16.4539
   -7.5000  -15.0000  -22.500011829.1104   16.3736
    0.0000  -15.0000  -22.500012317.0811   16.3799
    7.5000  -15.0000  -22.500011702.4453   16.3859
   -7.5000   -7.5000  -22.500012930.7773   16.3512
    0.0000   -7.5000  -22.500013446.1689   16.3563
    7.5000   -7.5000  -22.500012777.3252   16.3597
   -7.5000    0.0000  -22.500013821.1074   16.3623
    0.0000    0.0000  -22.500014385.5889   16.3694
    7.5000    0.0000  -22.500013666.1904   16.3708
   -7.5000    7.5000  -22.500013679.8877   16.3695
    0.0000    7.5000  -22.500014197.3789   16.3809
    7.5000    7.5000  -22.500013505.2803   16.3838
   -7.5000   15.0000  -22.500013397.4785   16.3669
    0.0000   15.0000  -22.500013922.9600   16.3806
    7.5000   15.0000  -22.500013242.9316   16.3858
   -7.5000   22.5000  -22.500013041.6611   16.3496
    0.0000   22.5000  -22.500013567.7109   16.3603
    7.5000   22.5000  -22.500012914.6504   16.3667
   -7.5000   30.0000  -22.500012580.1104   16.1319
    0.0000   30.0000  -22.500013090.2773   16.1381
    7.5000   30.0000  -22.500012465.7207   16.1441
   -7.5000   37.5000  -22.500012503.5977   16.1368
    0.0000   37.5000  -22.500012997.6475   16.1418
    7.5000   37.5000  -22.500012348.0967   16.1451
   -7.5000   45.0000  -22.500011898.9033   15.7577
    0.0000   45.0000  -22.500012363.1191   15.7646
    7.5000   45.0000  -22.500011745.8604   15.7659
   -7.5000  -45.0000  -15.0000 8113.3203   17.4262
    0.0000  -45.0000  -15.0000 8436.9121   17.4296
    7.5000  -45.0000  -15.0000 8066.6909   17.4277
   -7.5000  -37.5000  -15.0000 8951.7988   17.1281
    0.0000  -37.5000  -15.0000 9297.3975   17.1373
    7.5000  -37.5000  -15.0000 8884.5996   17.1390
   -7.5000  -30.0000  -15.000010182.2568   16.9415
    0.0000  -30.0000  -15.000010602.3721   16.9567
    7.5000  -30.0000  -15.000010098.0127   16.9638
   -7.5000  -22.5000  -15.000011439.9941   16.8549
    0.0000  -22.5000  -15.000011920.9473   16.8700
    7.5000  -22.5000  -15.000011328.2334   16.8782
   -7.5000  -15.0000  -15.000012653.0879   16.7882
    0.0000  -15.0000  -15.000013181.7197   16.7984
    7.5000  -15.0000  -15.000012514.6113   16.8039
   -7.5000   -7.5000  -15.000013787.5283   16.7579
    0.0000   -7.5000  -15.000014372.1396   16.7628
    7.5000   -7.5000  -15.000013631.8037   16.7634
   -7.5000    0.0000  -15.000014720.8584   16.7642
    0.0000    0.0000  -15.000015341.5244   16.7679
    7.5000    0.0000  -15.000014554.8867   16.7663
   -7.5000    7.5000  -15.000014535.1514   16.7737
    0.0000    7.5000  -15.000015104.5410   16.7829
    7.5000    7.5000  -15.000014340.1182   16.7853
   -7.5000   15.0000  -15.000014218.6738   16.7779
    0.0000   15.0000  -15.000014783.9287   16.7931
    7.5000   15.0000  -15.000014031.1270   16.8004
   -7.5000   22.5000  -15.000013857.2715   16.7647
    0.0000   22.5000  -15.000014428.8662   16.7797
    7.5000   22.5000  -15.000013679.1025   16.7881
   -7.5000   30.0000  -15.000013363.3027   16.5426
    0.0000   30.0000  -15.000013919.0283   16.5528
    7.5000   30.0000  -15.000013201.0830   16.5584
   -7.5000   37.5000  -15.000013214.1885   16.5404
    0.0000   37.5000  -15.000013744.0928   16.5453
    7.5000   37.5000  -15.000013037.1094   16.5459
   -7.5000   45.0000  -15.000012560.7695   16.1545
    0.0000   45.0000  -15.000013058.3389   16.1581
    7.5000   45.0000  -15.000012379.1719   16.1565
   -7.5000  -45.0000   -7.5000 8693.7686   17.6159
    0.0000  -45.0000   -7.5000 9032.0713   17.6180
    7.5000  -45.0000   -7.5000 8627.8955   17.6168
   -7.5000  -37.5000   -7.5000 9584.4580   17.3164
    0.0000  -37.5000   -7.5000 9959.1113   17.3243
    7.5000  -37.5000   -7.5000 9509.1006   17.3260
   -7.5000  -30.0000   -7.500010904.9141   17.1322
    0.0000  -30.0000   -7.500011361.8828   17.1474
    7.5000  -30.0000   -7.500010806.4141   17.1530
   -7.5000  -22.5000   -7.500012237.4287   17.0492
    0.0000  -22.5000   -7.500012759.3125   17.0655
    7.5000  -22.5000   -7.500012115.0537   17.0719
   -7.5000  -15.0000   -7.500013495.3389   16.9817
    0.0000  -15.0000   -7.500014071.2988   16.9935
    7.5000  -15.0000   -7.500013358.8799   16.9982
   -7.5000   -7.5000   -7.500014670.5615   16.9460
    0.0000   -7.5000   -7.500015320.1738   16.9513
    7.5000   -7.5000   -7.500014518.6055   16.9521
   -7.5000    0.0000   -7.500015629.7207   16.9482
    0.0000    0.0000   -7.500016329.7988   16.9505
    7.5000    0.0000   -7.500015470.9092   16.9495
   -7.5000    7.5000   -7.500015369.3848   16.9584
    0.0000    7.5000   -7.500016009.0234   16.9663
    7.5000    7.5000   -7.500015191.5078   16.9686
   -7.5000   15.0000   -7.500015029.4355   16.9670
    0.0000   15.0000   -7.500015640.8145   16.9822
    7.5000   15.0000   -7.500014835.5781   16.9880
   -7.5000   22.5000   -7.500014684.3066   16.9562
    0.0000   22.5000   -7.500015314.2393   16.9726
    7.5000   22.5000   -7.500014464.7383   16.9792
   -7.5000   30.0000   -7.500014131.9053   16.7329
    0.0000   30.0000   -7.500014759.5850   16.7446
    7.5000   30.0000   -7.500013955.1562   16.7495
   -7.5000   37.5000   -7.500013907.0850   16.7257
    0.0000   37.5000   -7.500014511.6074   16.7309
    7.5000   37.5000   -7.500013732.8369   16.7317
   -7.5000   45.0000   -7.500013204.3750   16.3349
    0.0000   45.0000   -7.500013755.3896   16.3371
    7.5000   45.0000   -7.500012997.6406   16.3361
   -7.5000  -45.0000    0.0000 9214.3799   17.6287
    0.0000  -45.0000    0.0000 9572.8789   17.6328
    7.5000  -45.0000    0.0000 9130.5947   17.6357
   -7.5000  -37.5000    0.000010179.5928   17.3298
    0.0000  -37.5000    0.000010597.6338   17.3388
    7.5000  -37.5000    0.000010077.9160   17.3410
   -7.5000  -30.0000    0.000011555.8857   17.1446
    0.0000  -30.0000    0.000012055.7842   17.1589
    7.5000  -30.0000    0.000011460.2617   17.1613
   -7.5000  -22.5000    0.000012932.3525   17.0613
    0.0000  -22.5000    0.000013476.7871   17.0753
    7.5000  -22.5000    0.000012832.1221   17.0782
   -7.5000  -15.0000    0.000014240.0059   16.9949
    0.0000  -15.0000    0.000014837.4092   17.0046
    7.5000  -15.0000    0.000014134.5781   17.0090
   -7.5000   -7.5000    0.000015439.7285   16.9603
    0.0000   -7.5000    0.000016101.9609   16.9655
    7.5000   -7.5000    0.000015333.5859   16.9693
   -7.5000    0.0000    0.000016463.2910   16.9624
    0.0000    0.0000    0.000017142.0723   16.9663
    7.5000    0.0000    0.000016345.3340   16.9690
   -7.5000    7.5000    0.000016182.0488   16.9719
    0.0000    7.5000    0.000016869.9219   16.9808
    7.5000    7.5000    0.000016076.5156   16.9836
   -7.5000   15.0000    0.000015813.3623   16.9794
    0.0000   15.0000    0.000016516.9238   16.9938
    7.5000   15.0000    0.000015676.6504   16.9965
   -7.5000   22.5000    0.000015430.2939   16.9684
    0.0000   22.5000    0.000016130.0986   16.9824
    7.5000   22.5000    0.000015257.8184   16.9856
   -7.5000   30.0000    0.000014873.6250   16.7465
    0.0000   30.0000    0.000015532.1943   16.7561
    7.5000   30.0000    0.000014707.7666   16.7606
   -7.5000   37.5000    0.000014585.2559   16.7402
    0.0000   37.5000    0.000015230.3145   16.7454
    7.5000   37.5000    0.000014414.9453   16.7491
   -7.5000   45.0000    0.000013782.7168   16.3498
    0.0000   45.0000    0.000014369.1279   16.3536
    7.5000   45.0000    0.000013578.9150   16.3562
   -7.5000  -45.0000    7.5000 8998.5957   17.6217
    0.0000  -45.0000    7.5000 9366.3330   17.6292
    7.5000  -45.0000    7.5000 8920.3535   17.6351
   -7.5000  -37.5000    7.5000 9966.3066   17.3204
    0.0000  -37.5000    7.500010380.3574   17.3318
    7.5000  -37.5000    7.5000 9872.1484   17.3344
   -7.5000  -30.0000    7.500011305.3193   17.1277
    0.0000  -30.0000    7.500011778.3027   17.1412
    7.5000  -30.0000    7.500011245.7080   17.1419
   -7.5000  -22.5000    7.500012653.9316   17.0393
    0.0000  -22.5000    7.500013148.9385   17.0495
    7.5000  -22.5000    7.500012574.5742   17.0511
   -7.5000  -15.0000    7.500013899.5127   16.9753
    0.0000  -15.0000    7.500014451.7773   16.9814
    7.5000  -15.0000    7.500013805.2725   16.9866
   -7.5000   -7.5000    7.500015012.1055   16.9483
    0.0000   -7.5000    7.500015596.6035   16.9537
    7.5000   -7.5000    7.500014921.7217   16.9603
   -7.5000    0.0000    7.500016027.7021   16.9558
    0.0000    0.0000    7.500016620.6230   16.9628
    7.5000    0.0000    7.500015885.9932   16.9683
   -7.5000    7.5000    7.500015786.6162   16.9628
    0.0000    7.5000    7.500016383.6631   16.9740
    7.5000    7.5000    7.500015642.2109   16.9773
   -7.5000   15.0000    7.500015381.4980   16.9626
    0.0000   15.0000    7.500015987.5908   16.9762
    7.5000   15.0000    7.500015264.3682   16.9773
   -7.5000   22.5000    7.500014947.0176   16.9465
    0.0000   22.5000    7.500015557.9033   16.9568
    7.5000   22.5000    7.500014842.0469   16.9586
   -7.5000   30.0000    7.500014376.3770   16.7272
    0.0000   30.0000    7.500014991.1475   16.7332
    7.5000   30.0000    7.500014310.3330   16.7386
   -7.5000   37.5000    7.500014074.2021   16.7285
    0.0000   37.5000    7.500014693.5498   16.7337
    7.5000   37.5000    7.500013993.5752   16.7403
   -7.5000   45.0000    7.500013227.0986   16.3435
    0.0000   45.0000    7.500013807.7773   16.3502
    7.5000   45.0000    7.500013090.0674   16.3555
   -7.5000  -45.0000   15.0000 8684.0439   17.6354
    0.0000  -45.0000   15.0000 9028.3037   17.6449
    7.5000  -45.0000   15.0000 8596.5830   17.6502
   -7.5000  -37.5000   15.0000 9597.5352   17.3311
    0.0000  -37.5000   15.000010002.2803   17.3442
    7.5000  -37.5000   15.0000 9529.5322   17.3466
   -7.5000  -30.0000   15.000010889.0117   17.1324
    0.0000  -30.0000   15.000011347.8281   17.1456
    7.5000  -30.0000   15.000010837.5635   17.1475
   -7.5000  -22.5000   15.000012193.7744   17.0388
    0.0000  -22.5000   15.000012694.9258   17.0473
    7.5000  -22.5000   15.000012132.8926   17.0506
   -7.5000  -15.0000   15.000013385.7959   16.9756
    0.0000  -15.0000   15.000013928.8867   16.9799
    7.5000  -15.0000   15.000013314.6924   16.9861
   -7.5000   -7.5000   15.000014446.5498   16.9551
    0.0000   -7.5000   15.000014973.2354   16.9604
    7.5000   -7.5000   15.000014365.5303   16.9671
   -7.5000    0.0000   15.000015381.9150   16.9675
    0.0000    0.0000   15.000015928.2842   16.9766
    7.5000    0.0000   15.000015276.0879   16.9815
   -7.5000    7.5000   15.000015173.9141   16.9731
    0.0000    7.5000   15.000015719.1387   16.9859
    7.5000    7.5000   15.000015026.7910   16.9892
   -7.5000   15.0000   15.000014827.6680   16.9671
    0.0000   15.0000   15.000015378.4287   16.9803
    7.5000   15.0000   15.000014707.9248   16.9826
   -7.5000   22.5000   15.000014432.3066   16.9459
    0.0000   22.5000   15.000014950.8008   16.9543
    7.5000   22.5000   15.000014334.7051   16.9579
   -7.5000   30.0000   15.000013848.5273   16.7273
    0.0000   30.0000   15.000014377.5713   16.7317
    7.5000   30.0000   15.000013808.6963   16.7379
   -7.5000   37.5000   15.000013520.9697   16.7351
    0.0000   37.5000   15.000014068.2480   16.7404
    7.5000   37.5000   15.000013484.1094   16.7470
   -7.5000   45.0000   15.000012654.4316   16.3547
    0.0000   45.0000   15.000013187.4346   16.3634
    7.5000   45.0000   15.000012561.6641   16.3682
   -7.5000  -45.0000   22.5000 8250.8359   17.6715
    0.0000  -45.0000   22.5000 8571.7676   17.6792
    7.5000  -45.0000   22.5000 8157.8618   17.6809
   -7.5000  -37.5000   22.5000 9141.2969   17.3675
    0.0000  -37.5000   22.5000 9528.8223   17.3798
    7.5000  -37.5000   22.5000 9083.4375   17.3823
   -7.5000  -30.0000   22.500010382.0352   17.1716
    0.0000  -30.0000   22.500010816.7256   17.1861
    7.5000  -30.0000   22.500010324.2861   17.1916
   -7.5000  -22.5000   22.500011603.3984   17.0784
    0.0000  -22.5000   22.500012077.8408   17.0897
    7.5000  -22.5000   22.500011537.1006   17.0965
   -7.5000  -15.0000   22.500012724.8457   17.0126
    0.0000  -15.0000   22.500013253.9814   17.0193
    7.5000  -15.0000   22.500012671.6221   17.0258
   -7.5000   -7.5000   22.500013769.4834   16.9892
    0.0000   -7.5000   22.500014291.9072   16.9947
    7.5000   -7.5000   22.500013701.2041   16.9985
   -7.5000    0.0000   22.500014648.8701   17.0008
    0.0000    0.0000   22.500015208.1621   17.0084
    7.5000    0.0000   22.500014604.3848   17.0101
   -7.5000    7.5000   22.500014426.3994   17.0083
    0.0000    7.5000   22.500014953.3506   17.0204
    7.5000    7.5000   22.500014352.6953   17.0237
   -7.5000   15.0000   22.500014145.4141   17.0056
    0.0000   15.0000   22.500014666.6113   17.0201
    7.5000   15.0000   22.500014021.8457   17.0258
   -7.5000   22.5000   22.500013858.6670   16.9850
    0.0000   22.5000   22.500014362.9219   16.9963
    7.5000   22.5000   22.500013705.2246   17.0033
   -7.5000   30.0000   22.500013342.1455   16.7637
    0.0000   30.0000   22.500013841.1777   16.7704
    7.5000   30.0000   22.500013217.5664   16.7769
   -7.5000   37.5000   22.500013002.3525   16.7688
    0.0000   37.5000   22.500013503.4844   16.7742
    7.5000   37.5000   22.500012902.9111   16.7780
   -7.5000   45.0000   22.500012102.8281   16.3868
    0.0000   45.0000   22.500012586.8887   16.3941
    7.5000   45.0000   22.500011984.4512   16.3958
   -7.5000  -45.0000   30.0000 7721.0854   17.7231
    0.0000  -45.0000   30.0000 8027.3599   17.7271
    7.5000  -45.0000   30.0000 7653.8130   17.7258
   -7.5000  -37.5000   30.0000 8561.3857   17.4217
    0.0000  -37.5000   30.0000 8927.3154   17.4317
    7.5000  -37.5000   30.0000 8506.0693   17.4341
   -7.5000  -30.0000   30.0000 9733.7285   17.2334
    0.0000  -30.0000   30.000010145.9219   17.2495
    7.5000  -30.0000   30.0000 9660.1787   17.2574
   -7.5000  -22.5000   30.000010893.7080   17.1446
    0.0000  -22.5000   30.000011344.0078   17.1606
    7.5000  -22.5000   30.000010820.8232   17.1696
   -7.5000  -15.0000   30.000011955.0859   17.0763
    0.0000  -15.0000   30.000012463.1533   17.0873
    7.5000  -15.0000   30.000011908.5352   17.0935
   -7.5000   -7.5000   30.000012965.8594   17.0454
    0.0000   -7.5000   30.000013500.4150   17.0511
    7.5000   -7.5000   30.000012926.3877   17.0522
   -7.5000    0.0000   30.000013839.0781   17.0522
    0.0000    0.0000   30.000014389.3271   17.0566
    7.5000    0.0000   30.000013791.5439   17.0555
   -7.5000    7.5000   30.000013678.0117   17.0622
    0.0000    7.5000   30.000014168.5723   17.0721
    7.5000    7.5000   30.000013603.5098   17.0752
   -7.5000   15.0000   30.000013415.6826   17.0664
    0.0000   15.0000   30.000013885.0078   17.0825
    7.5000   15.0000   30.000013312.8701   17.0905
   -7.5000   22.5000   30.000013130.4180   17.0507
    0.0000   22.5000   30.000013573.5645   17.0667
    7.5000   22.5000   30.000012982.5098   17.0758
   -7.5000   30.0000   30.000012671.3193   16.8264
    0.0000   30.0000   30.000013115.5381   16.8373
    7.5000   30.0000   30.000012529.1885   16.8436
   -7.5000   37.5000   30.000012386.9307   16.8243
    0.0000   37.5000   30.000012840.2744   16.8298
    7.5000   37.5000   30.000012251.9717   16.8310
   -7.5000   45.0000   30.000011499.3115   16.4364
    0.0000   45.0000   30.000011930.9834   16.4406
    7.5000   45.0000   30.000011343.8838   16.4396
   -7.5000  -45.0000   37.5000 7428.2646   17.7749
    0.0000  -45.0000   37.5000 7726.0742   17.7781
    7.5000  -45.0000   37.5000 7377.8071   17.7777
   -7.5000  -37.5000   37.5000 8240.4316   17.4770
    0.0000  -37.5000   37.5000 8588.2842   17.4861
    7.5000  -37.5000   37.5000 8190.0371   17.4887
   -7.5000  -30.0000   37.5000 9378.2793   17.2949
    0.0000  -30.0000   37.5000 9778.3350   17.3115
    7.5000  -30.0000   37.5000 9321.7227   17.3179
   -7.5000  -22.5000   37.500010506.5449   17.2095
    0.0000  -22.5000   37.500010956.2324   17.2273
    7.5000  -22.5000   37.500010443.3330   17.2346
   -7.5000  -15.0000   37.500011561.9336   17.1404
    0.0000  -15.0000   37.500012046.2100   17.1535
    7.5000  -15.0000   37.500011510.1318   17.1591
   -7.5000   -7.5000   37.500012560.1143   17.1046
    0.0000   -7.5000   37.500013086.9824   17.1111
    7.5000   -7.5000   37.500012520.4287   17.1127
   -7.5000    0.0000   37.500013446.8262   17.1077
    0.0000    0.0000   37.500013999.3467   17.1112
    7.5000    0.0000   37.500013384.5684   17.1110
   -7.5000    7.5000   37.500013306.1289   17.1185
    0.0000    7.5000   37.500013808.4600   17.1276
    7.5000    7.5000   37.500013218.5039   17.1308
   -7.5000   15.0000   37.500013035.6494   17.1269
    0.0000   15.0000   37.500013506.8115   17.1435
    7.5000   15.0000   37.500012933.2158   17.1501
   -7.5000   22.5000   37.500012734.7344   17.1151
    0.0000   22.5000   37.500013172.2100   17.1329
    7.5000   22.5000   37.500012602.7773   17.1404
   -7.5000   30.0000   37.500012290.2578   16.8895
    0.0000   30.0000   37.500012728.7861   16.9025
    7.5000   30.0000   37.500012160.6123   16.9083
   -7.5000   37.5000   37.500012036.1768   16.8826
    0.0000   37.5000   37.500012481.9033   16.8890
    7.5000   37.5000   37.500011917.1523   16.8907
   -7.5000   45.0000   37.500011174.0918   16.4898
    0.0000   45.0000   37.500011589.9453   16.4932
    7.5000   45.0000   37.500011046.8906   16.4930
   -7.5000  -45.0000   45.0000 6796.9424   17.7978
    0.0000  -45.0000   45.0000 7079.9507   17.8037
    7.5000  -45.0000   45.0000 6758.8726   17.8074
   -7.5000  -37.5000   45.0000 7540.7637   17.5019
    0.0000  -37.5000   45.0000 7871.4951   17.5128
    7.5000  -37.5000   45.0000 7495.4409   17.5158
   -7.5000  -30.0000   45.0000 8591.9609   17.3201
    0.0000  -30.0000   45.0000 8963.9609   17.3366
    7.5000  -30.0000   45.0000 8534.9209   17.3397
   -7.5000  -22.5000   45.0000 9631.4785   17.2328
    0.0000  -22.5000   45.000010049.3223   17.2489
    7.5000  -22.5000   45.0000 9560.7656   17.2526
   -7.5000  -15.0000   45.000010615.7383   17.1635
    0.0000  -15.0000   45.000011069.9199   17.1752
    7.5000  -15.0000   45.000010552.7910   17.1803
   -7.5000   -7.5000   45.000011563.0684   17.1290
    0.0000   -7.5000   45.000012039.4990   17.1361
    7.5000   -7.5000   45.000011492.6631   17.1407
   -7.5000    0.0000   45.000012387.5664   17.1332
    0.0000    0.0000   45.000012896.4346   17.1390
    7.5000    0.0000   45.000012291.7754   17.1424
   -7.5000    7.5000   45.000012251.9141   17.1437
    0.0000    7.5000   45.000012727.1846   17.1546
    7.5000    7.5000   45.000012152.3027   17.1583
   -7.5000   15.0000   45.000011999.7842   17.1507
    0.0000   15.0000   45.000012449.2812   17.1671
    7.5000   15.0000   45.000011903.0859   17.1706
   -7.5000   22.5000   45.000011677.7314   17.1376
    0.0000   22.5000   45.000012087.4316   17.1536
    7.5000   22.5000   45.000011571.2598   17.1576
   -7.5000   30.0000   45.000011288.7441   16.9107
    0.0000   30.0000   45.000011678.4863   16.9222
    7.5000   30.0000   45.000011186.0723   16.9275
   -7.5000   37.5000   45.000011076.9189   16.9053
    0.0000   37.5000   45.000011491.1377   16.9123
    7.5000   37.5000   45.000011005.4512   16.9168
   -7.5000   45.0000   45.000010288.6016   16.5219
    0.0000   45.0000   45.000010684.7881   16.5275
    7.5000   45.0000   45.000010202.3018   16.5308

---------------------------------------------------------------------
imgreg_4dfp /opt/freesurfer/average/711-2C_as_mni_average_305 /opt/freesurfer/average/711-2B_as_mni_average_305_mask talsrcimg_g11 none talsrcimg_to_711-2C_as_mni_average_305_t4 4355
---------------------------------------------------------------------

freesurfer imgreg_4dfp.c
/opt/freesurfer/average/711-2C_as_mni_average_305.4dfp.img
       256       256       256         1
  1.000000  1.000000  1.000000
orientation T byte_order littleendian
Reading image: /opt/freesurfer/average/711-2C_as_mni_average_305.4dfp.img
dimensions:      256       256       256
mmppix:       1.0000   -1.0000   -1.0000
center:     128.0000 -129.0000 -129.0000
/opt/freesurfer/average/711-2B_as_mni_average_305_mask.4dfp.img
       256       256       256         1
  1.000000  1.000000  1.000000
orientation T byte_order littleendian
Reading mask: /opt/freesurfer/average/711-2B_as_mni_average_305_mask.4dfp.img (2306576 pixels)
talsrcimg_g11.4dfp.img
       256       256       256         1
  1.000000  1.000000  1.000000
orientation T byte_order littleendian
Reading image: talsrcimg_g11.4dfp.img
dimensions:      256       256       256
mmppix:       1.0000   -1.0000   -1.0000
center:     128.0000 -129.0000 -129.0000
rotation matrix determinant  1.000000
image alignment mode   4355 decimal     1103 hex
   -7.5000  -45.0000  -45.0000 1712.0172   25.5757
    0.0000  -45.0000  -45.0000 1708.8593   25.5350
    7.5000  -45.0000  -45.0000 1680.9122   25.8515
   -7.5000  -37.5000  -45.0000 1827.4261   22.3469
    0.0000  -37.5000  -45.0000 1824.1631   22.2896
    7.5000  -37.5000  -45.0000 1803.3679   22.5863
   -7.5000  -30.0000  -45.0000 1933.2930   19.7954
    0.0000  -30.0000  -45.0000 1929.5924   19.7792
    7.5000  -30.0000  -45.0000 1911.6184   20.0245
   -7.5000  -22.5000  -45.0000 2030.7642   17.8253
    0.0000  -22.5000  -45.0000 2030.1807   17.7915
    7.5000  -22.5000  -45.0000 2011.2644   18.0158
   -7.5000  -15.0000  -45.0000 2117.1965   16.4045
    0.0000  -15.0000  -45.0000 2118.3271   16.3684
    7.5000  -15.0000  -45.0000 2105.0166   16.5574
   -7.5000   -7.5000  -45.0000 2180.2002   15.3940
    0.0000   -7.5000  -45.0000 2182.5117   15.3600
    7.5000   -7.5000  -45.0000 2169.9082   15.5314
   -7.5000    0.0000  -45.0000 2219.1133   14.6700
    0.0000    0.0000  -45.0000 2221.7471   14.6393
    7.5000    0.0000  -45.0000 2201.6050   14.8217
   -7.5000    7.5000  -45.0000 2235.3870   14.2211
    0.0000    7.5000  -45.0000 2240.7710   14.2088
    7.5000    7.5000  -45.0000 2222.0144   14.4044
   -7.5000   15.0000  -45.0000 2237.4438   14.1400
    0.0000   15.0000  -45.0000 2244.8118   14.1182
    7.5000   15.0000  -45.0000 2224.2842   14.3222
   -7.5000   22.5000  -45.0000 2231.8472   14.3094
    0.0000   22.5000  -45.0000 2236.4998   14.2851
    7.5000   22.5000  -45.0000 2216.8198   14.4932
   -7.5000   30.0000  -45.0000 2200.8608   14.8699
    0.0000   30.0000  -45.0000 2207.5986   14.8038
    7.5000   30.0000  -45.0000 2186.2341   15.0020
   -7.5000   37.5000  -45.0000 2154.0261   15.6670
    0.0000   37.5000  -45.0000 2159.5105   15.5626
    7.5000   37.5000  -45.0000 2141.3679   15.7546
   -7.5000   45.0000  -45.0000 2093.6458   16.7343
    0.0000   45.0000  -45.0000 2100.2258   16.6239
    7.5000   45.0000  -45.0000 2079.7148   16.8232
   -7.5000  -45.0000  -37.5000 1772.8550   23.5744
    0.0000  -45.0000  -37.5000 1771.4325   23.5995
    7.5000  -45.0000  -37.5000 1747.3359   23.8744
   -7.5000  -37.5000  -37.5000 1899.2181   20.5697
    0.0000  -37.5000  -37.5000 1898.2772   20.5795
    7.5000  -37.5000  -37.5000 1879.1603   20.8195
   -7.5000  -30.0000  -37.5000 2014.0909   18.2223
    0.0000  -30.0000  -37.5000 2010.1215   18.2358
    7.5000  -30.0000  -37.5000 1995.1887   18.4316
   -7.5000  -22.5000  -37.5000 2120.9636   16.4104
    0.0000  -22.5000  -37.5000 2120.5388   16.3876
    7.5000  -22.5000  -37.5000 2104.4727   16.5802
   -7.5000  -15.0000  -37.5000 2214.5208   15.0688
    0.0000  -15.0000  -37.5000 2216.5803   15.0274
    7.5000  -15.0000  -37.5000 2200.5659   15.2187
   -7.5000   -7.5000  -37.5000 2284.4963   14.0986
    0.0000   -7.5000  -37.5000 2289.2285   14.0554
    7.5000   -7.5000  -37.5000 2271.2625   14.2402
   -7.5000    0.0000  -37.5000 2322.2588   13.4495
    0.0000    0.0000  -37.5000 2327.6448   13.4188
    7.5000    0.0000  -37.5000 2307.3274   13.5745
   -7.5000    7.5000  -37.5000 2340.0940   13.0549
    0.0000    7.5000  -37.5000 2342.5303   13.0213
    7.5000    7.5000  -37.5000 2327.5537   13.1901
   -7.5000   15.0000  -37.5000 2340.2771   12.9726
    0.0000   15.0000  -37.5000 2343.6646   12.9268
    7.5000   15.0000  -37.5000 2323.7766   13.1210
   -7.5000   22.5000  -37.5000 2329.7517   13.1171
    0.0000   22.5000  -37.5000 2335.3657   13.0683
    7.5000   22.5000  -37.5000 2314.9424   13.2641
   -7.5000   30.0000  -37.5000 2299.7202   13.6025
    0.0000   30.0000  -37.5000 2307.6404   13.5306
    7.5000   30.0000  -37.5000 2284.5720   13.7142
   -7.5000   37.5000  -37.5000 2255.2559   14.3127
    0.0000   37.5000  -37.5000 2263.4458   14.2258
    7.5000   37.5000  -37.5000 2242.2126   14.4103
   -7.5000   45.0000  -37.5000 2187.9641   15.3043
    0.0000   45.0000  -37.5000 2196.4478   15.2192
    7.5000   45.0000  -37.5000 2176.7070   15.3992
   -7.5000  -45.0000  -30.0000 1867.1877   22.6135
    0.0000  -45.0000  -30.0000 1862.2302   22.6861
    7.5000  -45.0000  -30.0000 1849.3949   22.9831
   -7.5000  -37.5000  -30.0000 2000.9662   19.7279
    0.0000  -37.5000  -30.0000 1994.8507   19.7799
    7.5000  -37.5000  -30.0000 1984.8116   20.0164
   -7.5000  -30.0000  -30.0000 2129.3367   17.4935
    0.0000  -30.0000  -30.0000 2123.2119   17.5229
    7.5000  -30.0000  -30.0000 2108.1724   17.7043
   -7.5000  -22.5000  -30.0000 2244.5383   15.7477
    0.0000  -22.5000  -30.0000 2245.5479   15.7387
    7.5000  -22.5000  -30.0000 2228.6838   15.8994
   -7.5000  -15.0000  -30.0000 2346.8379   14.4141
    0.0000  -15.0000  -30.0000 2350.3193   14.3675
    7.5000  -15.0000  -30.0000 2329.8206   14.5117
   -7.5000   -7.5000  -30.0000 2425.9585   13.4564
    0.0000   -7.5000  -30.0000 2427.5833   13.3923
    7.5000   -7.5000  -30.0000 2404.2549   13.5340
   -7.5000    0.0000  -30.0000 2467.3125   12.8197
    0.0000    0.0000  -30.0000 2468.4194   12.7764
    7.5000    0.0000  -30.0000 2445.6616   12.8995
   -7.5000    7.5000  -30.0000 2487.8892   12.4540
    0.0000    7.5000  -30.0000 2490.7410   12.4116
    7.5000    7.5000  -30.0000 2471.5942   12.5501
   -7.5000   15.0000  -30.0000 2490.8430   12.3740
    0.0000   15.0000  -30.0000 2496.2354   12.3162
    7.5000   15.0000  -30.0000 2475.2424   12.4862
   -7.5000   22.5000  -30.0000 2478.2446   12.5244
    0.0000   22.5000  -30.0000 2485.6716   12.4533
    7.5000   22.5000  -30.0000 2466.8267   12.6258
   -7.5000   30.0000  -30.0000 2449.1006   12.9359
    0.0000   30.0000  -30.0000 2459.4951   12.8449
    7.5000   30.0000  -30.0000 2436.4375   13.0371
   -7.5000   37.5000  -30.0000 2402.4421   13.6126
    0.0000   37.5000  -30.0000 2412.8691   13.5118
    7.5000   37.5000  -30.0000 2388.0962   13.6816
   -7.5000   45.0000  -30.0000 2327.1306   14.5822
    0.0000   45.0000  -30.0000 2337.0530   14.4686
    7.5000   45.0000  -30.0000 2316.4231   14.6168
   -7.5000  -45.0000  -22.5000 1936.9830   21.7115
    0.0000  -45.0000  -22.5000 1933.5642   21.7727
    7.5000  -45.0000  -22.5000 1925.0905   22.0529
   -7.5000  -37.5000  -22.5000 2077.6038   18.9437
    0.0000  -37.5000  -22.5000 2072.7036   18.9472
    7.5000  -37.5000  -22.5000 2060.3770   19.1637
   -7.5000  -30.0000  -22.5000 2213.0400   16.7440
    0.0000  -30.0000  -22.5000 2211.7705   16.7529
    7.5000  -30.0000  -22.5000 2194.5625   16.9244
   -7.5000  -22.5000  -22.5000 2338.3606   15.0174
    0.0000  -22.5000  -22.5000 2341.5205   15.0074
    7.5000  -22.5000  -22.5000 2317.7515   15.1583
   -7.5000  -15.0000  -22.5000 2446.6819   13.7053
    0.0000  -15.0000  -22.5000 2451.0054   13.6706
    7.5000  -15.0000  -22.5000 2425.3538   13.7870
   -7.5000   -7.5000  -22.5000 2526.9810   12.7620
    0.0000   -7.5000  -22.5000 2528.9580   12.7148
    7.5000   -7.5000  -22.5000 2510.6272   12.8235
   -7.5000    0.0000  -22.5000 2578.7739   12.1008
    0.0000    0.0000  -22.5000 2582.4561   12.0568
    7.5000    0.0000  -22.5000 2561.4036   12.1833
   -7.5000    7.5000  -22.5000 2611.1125   11.7714
    0.0000    7.5000  -22.5000 2613.4788   11.7166
    7.5000    7.5000  -22.5000 2594.1719   11.8762
   -7.5000   15.0000  -22.5000 2620.8042   11.7134
    0.0000   15.0000  -22.5000 2627.0435   11.6388
    7.5000   15.0000  -22.5000 2606.2798   11.7993
   -7.5000   22.5000  -22.5000 2611.1072   11.8846
    0.0000   22.5000  -22.5000 2622.2712   11.7974
    7.5000   22.5000  -22.5000 2601.2642   11.9625
   -7.5000   30.0000  -22.5000 2581.9644   12.2664
    0.0000   30.0000  -22.5000 2594.4534   12.1727
    7.5000   30.0000  -22.5000 2572.4141   12.3357
   -7.5000   37.5000  -22.5000 2526.5562   12.8987
    0.0000   37.5000  -22.5000 2540.6470   12.7899
    7.5000   37.5000  -22.5000 2517.0896   12.9531
   -7.5000   45.0000  -22.5000 2445.5591   13.8309
    0.0000   45.0000  -22.5000 2458.8201   13.7008
    7.5000   45.0000  -22.5000 2438.0039   13.8308
   -7.5000  -45.0000  -15.0000 1977.8190   20.9009
    0.0000  -45.0000  -15.0000 1977.9989   20.8860
    7.5000  -45.0000  -15.0000 1971.2086   21.2104
   -7.5000  -37.5000  -15.0000 2121.3293   18.1448
    0.0000  -37.5000  -15.0000 2119.1880   18.1383
    7.5000  -37.5000  -15.0000 2110.9590   18.3932
   -7.5000  -30.0000  -15.0000 2266.2053   16.0304
    0.0000  -30.0000  -15.0000 2266.1721   16.0188
    7.5000  -30.0000  -15.0000 2248.7749   16.2146
   -7.5000  -22.5000  -15.0000 2400.5261   14.3357
    0.0000  -22.5000  -15.0000 2402.7837   14.3416
    7.5000  -22.5000  -15.0000 2378.7991   14.4930
   -7.5000  -15.0000  -15.0000 2516.5061   13.0399
    0.0000  -15.0000  -15.0000 2518.6121   13.0188
    7.5000  -15.0000  -15.0000 2494.3901   13.1596
   -7.5000   -7.5000  -15.0000 2610.0940   12.0994
    0.0000   -7.5000  -15.0000 2611.6680   12.0704
    7.5000   -7.5000  -15.0000 2588.2139   12.1942
   -7.5000    0.0000  -15.0000 2668.4565   11.4515
    0.0000    0.0000  -15.0000 2671.7427   11.4119
    7.5000    0.0000  -15.0000 2653.0889   11.5436
   -7.5000    7.5000  -15.0000 2712.5034   11.1242
    0.0000    7.5000  -15.0000 2714.6648   11.0615
    7.5000    7.5000  -15.0000 2693.0527   11.2162
   -7.5000   15.0000  -15.0000 2731.9592   11.0471
    0.0000   15.0000  -15.0000 2735.4197   10.9723
    7.5000   15.0000  -15.0000 2712.6248   11.1400
   -7.5000   22.5000  -15.0000 2723.9294   11.2564
    0.0000   22.5000  -15.0000 2738.9082   11.1598
    7.5000   22.5000  -15.0000 2712.3726   11.3104
   -7.5000   30.0000  -15.0000 2692.4431   11.6402
    0.0000   30.0000  -15.0000 2708.4136   11.5426
    7.5000   30.0000  -15.0000 2680.4541   11.7017
   -7.5000   37.5000  -15.0000 2628.8860   12.2555
    0.0000   37.5000  -15.0000 2645.8677   12.1425
    7.5000   37.5000  -15.0000 2619.9187   12.2946
   -7.5000   45.0000  -15.0000 2538.6680   13.1094
    0.0000   45.0000  -15.0000 2553.5105   12.9956
    7.5000   45.0000  -15.0000 2528.1506   13.1254
   -7.5000  -45.0000   -7.5000 2010.2233   20.1055
    0.0000  -45.0000   -7.5000 2006.5570   20.1152
    7.5000  -45.0000   -7.5000 1998.1904   20.4451
   -7.5000  -37.5000   -7.5000 2156.9355   17.4418
    0.0000  -37.5000   -7.5000 2150.6602   17.4030
    7.5000  -37.5000   -7.5000 2138.5869   17.7089
   -7.5000  -30.0000   -7.5000 2301.8452   15.3585
    0.0000  -30.0000   -7.5000 2300.5447   15.3522
    7.5000  -30.0000   -7.5000 2279.6892   15.6013
   -7.5000  -22.5000   -7.5000 2440.5403   13.7223
    0.0000  -22.5000   -7.5000 2438.7505   13.7195
    7.5000  -22.5000   -7.5000 2412.6362   13.9157
   -7.5000  -15.0000   -7.5000 2564.2385   12.4482
    0.0000  -15.0000   -7.5000 2564.2095   12.4429
    7.5000  -15.0000   -7.5000 2540.5120   12.5997
   -7.5000   -7.5000   -7.5000 2665.8232   11.5146
    0.0000   -7.5000   -7.5000 2671.8804   11.4945
    7.5000   -7.5000   -7.5000 2644.8447   11.6427
   -7.5000    0.0000   -7.5000 2738.8723   10.8913
    0.0000    0.0000   -7.5000 2747.5701   10.8508
    7.5000    0.0000   -7.5000 2723.6707   10.9948
   -7.5000    7.5000   -7.5000 2795.9563   10.5455
    0.0000    7.5000   -7.5000 2803.5400   10.4909
    7.5000    7.5000   -7.5000 2774.7834   10.6437
   -7.5000   15.0000   -7.5000 2828.0947   10.4306
    0.0000   15.0000   -7.5000 2834.3110   10.3721
    7.5000   15.0000   -7.5000 2808.1086   10.5441
   -7.5000   22.5000   -7.5000 2824.3806   10.6704
    0.0000   22.5000   -7.5000 2843.3577   10.5760
    7.5000   22.5000   -7.5000 2809.4924   10.7358
   -7.5000   30.0000   -7.5000 2786.2241   11.0644
    0.0000   30.0000   -7.5000 2806.8787   10.9711
    7.5000   30.0000   -7.5000 2773.5947   11.1271
   -7.5000   37.5000   -7.5000 2710.6819   11.6468
    0.0000   37.5000   -7.5000 2728.7830   11.5450
    7.5000   37.5000   -7.5000 2701.5161   11.6973
   -7.5000   45.0000   -7.5000 2608.3438   12.4491
    0.0000   45.0000   -7.5000 2625.7136   12.3462
    7.5000   45.0000   -7.5000 2601.6218   12.4819
   -7.5000  -45.0000    0.0000 2030.5177   19.6587
    0.0000  -45.0000    0.0000 2023.5347   19.6045
    7.5000  -45.0000    0.0000 2013.7439   19.9528
   -7.5000  -37.5000    0.0000 2179.3472   17.0246
    0.0000  -37.5000    0.0000 2173.8218   16.9920
    7.5000  -37.5000    0.0000 2155.9727   17.2910
   -7.5000  -30.0000    0.0000 2321.1023   14.9300
    0.0000  -30.0000    0.0000 2321.1230   14.9148
    7.5000  -30.0000    0.0000 2297.9917   15.1754
   -7.5000  -22.5000    0.0000 2459.7080   13.2887
    0.0000  -22.5000    0.0000 2458.7563   13.2622
    7.5000  -22.5000    0.0000 2433.9380   13.5163
   -7.5000  -15.0000    0.0000 2589.0908   12.0231
    0.0000  -15.0000    0.0000 2589.3652   11.9893
    7.5000  -15.0000    0.0000 2566.0842   12.2118
   -7.5000   -7.5000    0.0000 2704.7844   11.0914
    0.0000   -7.5000    0.0000 2709.7817   11.0540
    7.5000   -7.5000    0.0000 2682.5623   11.2502
   -7.5000    0.0000    0.0000 2794.0559   10.4756
    0.0000    0.0000    0.0000 2801.6953   10.4190
    7.5000    0.0000    0.0000 2774.4236   10.6089
   -7.5000    7.5000    0.0000 2861.7881   10.1286
    0.0000    7.5000    0.0000 2878.7747   10.0620
    7.5000    7.5000    0.0000 2842.8159   10.2374
   -7.5000   15.0000    0.0000 2910.7065   10.0107
    0.0000   15.0000    0.0000 2929.2727    9.9295
    7.5000   15.0000    0.0000 2889.2690   10.1169
   -7.5000   22.5000    0.0000 2909.2656   10.2211
    0.0000   22.5000    0.0000 2932.6794   10.1510
    7.5000   22.5000    0.0000 2894.3879   10.3084
   -7.5000   30.0000    0.0000 2858.5728   10.5977
    0.0000   30.0000    0.0000 2882.4653   10.5246
    7.5000   30.0000    0.0000 2851.1318   10.6753
   -7.5000   37.5000    0.0000 2772.1116   11.1662
    0.0000   37.5000    0.0000 2793.1829   11.0663
    7.5000   37.5000    0.0000 2762.7053   11.2304
   -7.5000   45.0000    0.0000 2658.0708   11.9372
    0.0000   45.0000    0.0000 2675.2949   11.8419
    7.5000   45.0000    0.0000 2651.4214   12.0162
   -7.5000  -45.0000    7.5000 2041.0432   19.4088
    0.0000  -45.0000    7.5000 2036.5919   19.3678
    7.5000  -45.0000    7.5000 2023.6361   19.7369
   -7.5000  -37.5000    7.5000 2189.4744   16.8473
    0.0000  -37.5000    7.5000 2187.3708   16.7818
    7.5000  -37.5000    7.5000 2166.1724   17.1101
   -7.5000  -30.0000    7.5000 2327.5259   14.7575
    0.0000  -30.0000    7.5000 2330.3767   14.6716
    7.5000  -30.0000    7.5000 2309.8777   14.9918
   -7.5000  -22.5000    7.5000 2467.9321   13.1032
    0.0000  -22.5000    7.5000 2468.3889   12.9938
    7.5000  -22.5000    7.5000 2447.3081   13.3214
   -7.5000  -15.0000    7.5000 2598.7649   11.8447
    0.0000  -15.0000    7.5000 2601.6506   11.7297
    7.5000  -15.0000    7.5000 2576.2322   12.0077
   -7.5000   -7.5000    7.5000 2715.8450   10.8925
    0.0000   -7.5000    7.5000 2721.9060   10.7968
    7.5000   -7.5000    7.5000 2695.8835   11.0444
   -7.5000    0.0000    7.5000 2819.9517   10.2591
    0.0000    0.0000    7.5000 2826.8103   10.1621
    7.5000    0.0000    7.5000 2798.6306   10.3787
   -7.5000    7.5000    7.5000 2907.1467    9.8869
    0.0000    7.5000    7.5000 2922.2422    9.8046
    7.5000    7.5000    7.5000 2886.6111    9.9827
   -7.5000   15.0000    7.5000 2971.4695    9.7200
    0.0000   15.0000    7.5000 2999.6594    9.6512
    7.5000   15.0000    7.5000 2946.0288    9.8411
   -7.5000   22.5000    7.5000 2963.0024    9.8933
    0.0000   22.5000    7.5000 2996.0195    9.8092
    7.5000   22.5000    7.5000 2945.0417    9.9912
   -7.5000   30.0000    7.5000 2894.9419   10.2713
    0.0000   30.0000    7.5000 2923.0657   10.2001
    7.5000   30.0000    7.5000 2891.3733   10.3735
   -7.5000   37.5000    7.5000 2801.3892   10.8279
    0.0000   37.5000    7.5000 2823.0117   10.7528
    7.5000   37.5000    7.5000 2795.1050   10.9307
   -7.5000   45.0000    7.5000 2680.5576   11.6053
    0.0000   45.0000    7.5000 2696.5283   11.5190
    7.5000   45.0000    7.5000 2673.0066   11.7057
   -7.5000  -45.0000   15.0000 2042.3859   19.5140
    0.0000  -45.0000   15.0000 2036.1008   19.4268
    7.5000  -45.0000   15.0000 2015.9927   19.8716
   -7.5000  -37.5000   15.0000 2185.8289   16.8712
    0.0000  -37.5000   15.0000 2186.1655   16.8056
    7.5000  -37.5000   15.0000 2166.0525   17.1400
   -7.5000  -30.0000   15.0000 2323.3232   14.7612
    0.0000  -30.0000   15.0000 2325.1448   14.6571
    7.5000  -30.0000   15.0000 2307.2200   14.9940
   -7.5000  -22.5000   15.0000 2461.7581   13.1178
    0.0000  -22.5000   15.0000 2463.3936   12.9920
    7.5000  -22.5000   15.0000 2442.7314   13.3146
   -7.5000  -15.0000   15.0000 2586.9253   11.8539
    0.0000  -15.0000   15.0000 2591.1160   11.7285
    7.5000  -15.0000   15.0000 2570.9768   12.0343
   -7.5000   -7.5000   15.0000 2707.5640   10.9001
    0.0000   -7.5000   15.0000 2710.1477   10.7808
    7.5000   -7.5000   15.0000 2689.2439   11.0454
   -7.5000    0.0000   15.0000 2816.9980   10.2308
    0.0000    0.0000   15.0000 2821.9343   10.1033
    7.5000    0.0000   15.0000 2796.4504   10.3578
   -7.5000    7.5000   15.0000 2917.0432    9.8159
    0.0000    7.5000   15.0000 2926.6797    9.7194
    7.5000    7.5000   15.0000 2892.7495    9.9456
   -7.5000   15.0000   15.0000 2980.0789    9.6506
    0.0000   15.0000   15.0000 3005.5754    9.5824
    7.5000   15.0000   15.0000 2956.4841    9.7740
   -7.5000   22.5000   15.0000 2970.5535    9.8176
    0.0000   22.5000   15.0000 2997.7302    9.7440
    7.5000   22.5000   15.0000 2951.5024    9.9363
   -7.5000   30.0000   15.0000 2898.2524   10.1516
    0.0000   30.0000   15.0000 2925.7219   10.0950
    7.5000   30.0000   15.0000 2895.9900   10.2674
   -7.5000   37.5000   15.0000 2796.1858   10.7060
    0.0000   37.5000   15.0000 2818.2642   10.6430
    7.5000   37.5000   15.0000 2794.9358   10.8255
   -7.5000   45.0000   15.0000 2671.2727   11.5069
    0.0000   45.0000   15.0000 2688.2378   11.4288
    7.5000   45.0000   15.0000 2667.3386   11.6053
   -7.5000  -45.0000   22.5000 2023.2932   19.8575
    0.0000  -45.0000   22.5000 2018.9589   19.7832
    7.5000  -45.0000   22.5000 1995.2278   20.2228
   -7.5000  -37.5000   22.5000 2171.4526   17.1975
    0.0000  -37.5000   22.5000 2174.4224   17.0794
    7.5000  -37.5000   22.5000 2152.4080   17.4579
   -7.5000  -30.0000   22.5000 2308.8389   15.0372
    0.0000  -30.0000   22.5000 2311.8562   14.9124
    7.5000  -30.0000   22.5000 2292.6912   15.2642
   -7.5000  -22.5000   22.5000 2442.7881   13.3459
    0.0000  -22.5000   22.5000 2445.6211   13.2051
    7.5000  -22.5000   22.5000 2424.4758   13.5435
   -7.5000  -15.0000   22.5000 2562.9272   12.0545
    0.0000  -15.0000   22.5000 2571.0137   11.9226
    7.5000  -15.0000   22.5000 2550.6013   12.2327
   -7.5000   -7.5000   22.5000 2680.9187   11.0944
    0.0000   -7.5000   22.5000 2688.2410   10.9579
    7.5000   -7.5000   22.5000 2667.4702   11.2458
   -7.5000    0.0000   22.5000 2785.2622   10.4160
    0.0000    0.0000   22.5000 2794.7427   10.2750
    7.5000    0.0000   22.5000 2775.7490   10.5549
   -7.5000    7.5000   22.5000 2879.9355    9.9760
    0.0000    7.5000   22.5000 2892.8040    9.8606
    7.5000    7.5000   22.5000 2868.6516   10.1151
   -7.5000   15.0000   22.5000 2940.0811    9.8278
    0.0000   15.0000   22.5000 2960.7458    9.7196
    7.5000   15.0000   22.5000 2918.0879    9.9492
   -7.5000   22.5000   22.5000 2930.0273   10.0061
    0.0000   22.5000   22.5000 2951.9275    9.9191
    7.5000   22.5000   22.5000 2913.3694   10.0904
   -7.5000   30.0000   22.5000 2862.6338   10.3342
    0.0000   30.0000   22.5000 2886.5623   10.2660
    7.5000   30.0000   22.5000 2857.3870   10.4283
   -7.5000   37.5000   22.5000 2760.7229   10.8590
    0.0000   37.5000   22.5000 2780.7375   10.8046
    7.5000   37.5000   22.5000 2759.1382   10.9748
   -7.5000   45.0000   22.5000 2641.3064   11.6176
    0.0000   45.0000   22.5000 2657.1968   11.5562
    7.5000   45.0000   22.5000 2639.1733   11.7387
   -7.5000  -45.0000   30.0000 1985.1715   20.4677
    0.0000  -45.0000   30.0000 1987.0809   20.3653
    7.5000  -45.0000   30.0000 1965.7463   20.8137
   -7.5000  -37.5000   30.0000 2138.5039   17.7127
    0.0000  -37.5000   30.0000 2143.4783   17.6071
    7.5000  -37.5000   30.0000 2121.5344   17.9798
   -7.5000  -30.0000   30.0000 2278.9209   15.4900
    0.0000  -30.0000   30.0000 2283.6895   15.3830
    7.5000  -30.0000   30.0000 2260.6951   15.7097
   -7.5000  -22.5000   30.0000 2409.6702   13.7595
    0.0000  -22.5000   30.0000 2416.5188   13.6510
    7.5000  -22.5000   30.0000 2394.5747   13.9526
   -7.5000  -15.0000   30.0000 2525.1196   12.4678
    0.0000  -15.0000   30.0000 2538.9697   12.3382
    7.5000  -15.0000   30.0000 2518.1243   12.6411
   -7.5000   -7.5000   30.0000 2638.8721   11.5095
    0.0000   -7.5000   30.0000 2653.9309   11.3572
    7.5000   -7.5000   30.0000 2636.1360   11.6594
   -7.5000    0.0000   30.0000 2733.1479   10.8205
    0.0000    0.0000   30.0000 2746.9924   10.6781
    7.5000    0.0000   30.0000 2732.1226   10.9624
   -7.5000    7.5000   30.0000 2814.6096   10.4056
    0.0000    7.5000   30.0000 2830.1599   10.2589
    7.5000    7.5000   30.0000 2807.6760   10.5341
   -7.5000   15.0000   30.0000 2862.8035   10.2588
    0.0000   15.0000   30.0000 2877.1946   10.1447
    7.5000   15.0000   30.0000 2847.1770   10.3907
   -7.5000   22.5000   30.0000 2857.6985   10.3774
    0.0000   22.5000   30.0000 2872.0896   10.2829
    7.5000   22.5000   30.0000 2842.7000   10.4822
   -7.5000   30.0000   30.0000 2794.8640   10.7257
    0.0000   30.0000   30.0000 2813.6931   10.6479
    7.5000   30.0000   30.0000 2786.7100   10.8352
   -7.5000   37.5000   30.0000 2701.8528   11.2748
    0.0000   37.5000   30.0000 2720.1404   11.1959
    7.5000   37.5000   30.0000 2698.0261   11.3736
   -7.5000   45.0000   30.0000 2587.9656   12.0121
    0.0000   45.0000   30.0000 2603.8921   11.9359
    7.5000   45.0000   30.0000 2586.1946   12.1090
   -7.5000  -45.0000   37.5000 1939.3508   21.4107
    0.0000  -45.0000   37.5000 1943.2844   21.2302
    7.5000  -45.0000   37.5000 1926.7645   21.6765
   -7.5000  -37.5000   37.5000 2091.8635   18.4744
    0.0000  -37.5000   37.5000 2099.5244   18.3576
    7.5000  -37.5000   37.5000 2079.4885   18.7118
   -7.5000  -30.0000   37.5000 2231.9656   16.1915
    0.0000  -30.0000   37.5000 2243.2910   16.0946
    7.5000  -30.0000   37.5000 2222.1328   16.4144
   -7.5000  -22.5000   37.5000 2361.2061   14.4164
    0.0000  -22.5000   37.5000 2373.9182   14.3108
    7.5000  -22.5000   37.5000 2352.5857   14.6076
   -7.5000  -15.0000   37.5000 2476.2102   13.1060
    0.0000  -15.0000   37.5000 2490.2830   12.9866
    7.5000  -15.0000   37.5000 2471.7627   13.2580
   -7.5000   -7.5000   37.5000 2581.5110   12.1400
    0.0000   -7.5000   37.5000 2599.2576   12.0023
    7.5000   -7.5000   37.5000 2582.5361   12.2670
   -7.5000    0.0000   37.5000 2667.8713   11.4595
    0.0000    0.0000   37.5000 2683.4707   11.3221
    7.5000    0.0000   37.5000 2667.7871   11.5751
   -7.5000    7.5000   37.5000 2733.5552   11.0475
    0.0000    7.5000   37.5000 2754.0457   10.9129
    7.5000    7.5000   37.5000 2732.2358   11.1698
   -7.5000   15.0000   37.5000 2764.5918   10.8853
    0.0000   15.0000   37.5000 2782.5061   10.7806
    7.5000   15.0000   37.5000 2759.1328   11.0094
   -7.5000   22.5000   37.5000 2759.2305   10.9619
    0.0000   22.5000   37.5000 2771.5024   10.8700
    7.5000   22.5000   37.5000 2751.0237   11.0639
   -7.5000   30.0000   37.5000 2703.8428   11.3245
    0.0000   30.0000   37.5000 2720.0630   11.2381
    7.5000   30.0000   37.5000 2699.3916   11.4206
   -7.5000   37.5000   37.5000 2622.4790   11.8646
    0.0000   37.5000   37.5000 2640.0754   11.7683
    7.5000   37.5000   37.5000 2620.3679   11.9553
   -7.5000   45.0000   37.5000 2522.8506   12.5950
    0.0000   45.0000   37.5000 2535.5396   12.5188
    7.5000   45.0000   37.5000 2519.3481   12.6930
   -7.5000  -45.0000   45.0000 1883.3995   22.6880
    0.0000  -45.0000   45.0000 1891.0569   22.5171
    7.5000  -45.0000   45.0000 1874.3264   22.9319
   -7.5000  -37.5000   45.0000 2034.8525   19.5426
    0.0000  -37.5000   45.0000 2047.9091   19.4331
    7.5000  -37.5000   45.0000 2027.7587   19.7419
   -7.5000  -30.0000   45.0000 2175.2751   17.1504
    0.0000  -30.0000   45.0000 2187.5823   17.0657
    7.5000  -30.0000   45.0000 2169.2957   17.3440
   -7.5000  -22.5000   45.0000 2298.2397   15.3196
    0.0000  -22.5000   45.0000 2315.5325   15.2322
    7.5000  -22.5000   45.0000 2294.2085   15.4971
   -7.5000  -15.0000   45.0000 2405.7778   13.9951
    0.0000  -15.0000   45.0000 2427.5430   13.8810
    7.5000  -15.0000   45.0000 2409.7815   14.1195
   -7.5000   -7.5000   45.0000 2508.3674   12.9943
    0.0000   -7.5000   45.0000 2526.6143   12.8938
    7.5000   -7.5000   45.0000 2508.9343   13.1094
   -7.5000    0.0000   45.0000 2589.0278   12.2987
    0.0000    0.0000   45.0000 2606.1978   12.1722
    7.5000    0.0000   45.0000 2586.0562   12.3904
   -7.5000    7.5000   45.0000 2644.1055   11.8789
    0.0000    7.5000   45.0000 2662.5840   11.7473
    7.5000    7.5000   45.0000 2640.1350   11.9799
   -7.5000   15.0000   45.0000 2665.7183   11.6946
    0.0000   15.0000   45.0000 2681.7075   11.5929
    7.5000   15.0000   45.0000 2663.2104   11.7927
   -7.5000   22.5000   45.0000 2651.6826   11.7278
    0.0000   22.5000   45.0000 2663.4182   11.6331
    7.5000   22.5000   45.0000 2649.7754   11.8230
   -7.5000   30.0000   45.0000 2602.9177   12.1061
    0.0000   30.0000   45.0000 2613.6841   12.0057
    7.5000   30.0000   45.0000 2601.1011   12.1740
   -7.5000   37.5000   45.0000 2532.8997   12.6327
    0.0000   37.5000   45.0000 2548.4766   12.5314
    7.5000   37.5000   45.0000 2537.5894   12.6902
   -7.5000   45.0000   45.0000 2444.3088   13.3474
    0.0000   45.0000   45.0000 2460.8416   13.2586
    7.5000   45.0000   45.0000 2444.6882   13.4058

---------------------------------------------------------------------
imgreg_4dfp /opt/freesurfer/average/711-2C_as_mni_average_305 /opt/freesurfer/average/711-2B_as_mni_average_305_mask talsrcimg_g11 none talsrcimg_to_711-2C_as_mni_average_305_t4 1283
---------------------------------------------------------------------

freesurfer imgreg_4dfp.c
/opt/freesurfer/average/711-2C_as_mni_average_305.4dfp.img
       256       256       256         1
  1.000000  1.000000  1.000000
orientation T byte_order littleendian
Reading image: /opt/freesurfer/average/711-2C_as_mni_average_305.4dfp.img
dimensions:      256       256       256
mmppix:       1.0000   -1.0000   -1.0000
center:     128.0000 -129.0000 -129.0000
/opt/freesurfer/average/711-2B_as_mni_average_305_mask.4dfp.img
       256       256       256         1
  1.000000  1.000000  1.000000
orientation T byte_order littleendian
Reading mask: /opt/freesurfer/average/711-2B_as_mni_average_305_mask.4dfp.img (2306576 pixels)
talsrcimg_g11.4dfp.img
       256       256       256         1
  1.000000  1.000000  1.000000
orientation T byte_order littleendian
Reading image: talsrcimg_g11.4dfp.img
dimensions:      256       256       256
mmppix:       1.0000   -1.0000   -1.0000
center:     128.0000 -129.0000 -129.0000
rotation matrix determinant  1.000000
fimgreg.f
image alignment mode   1283 decimal      503 hex
parameters
    0.0000   15.0000   15.0000    0.0000    0.0000    0.0000
eta,q 0.94382  9.58679
niter,ni,del,rscale     5    3   12.0000    1.2000
parameter  3  0.548471 ->  0.500000 qaram    1.1500
parameter  4  0.656216 ->  0.500000 qaram    1.1500
parameter  5  0.589290 ->  0.500000 qaram    1.1500
parameters
   -1.3991   17.3364   11.5500   -3.4500   -3.4500   -2.2956
eta,q 0.95235  9.47042
  0.0609  0.0742  0.0531  0.0508  0.0497  0.0485
  0.0567  0.0652  0.0514  0.0500  0.0483  0.0477
  0.0550  0.0585  0.0513  0.0501  0.0483  0.0477
  0.0556  0.0548  0.0534  0.0510  0.0499  0.0481
  0.0582  0.0535  0.0559  0.0530  0.0527  0.0487
  0.0633  0.0545  0.0592  0.0551  0.0558  0.0496
  0.0696  0.0569  0.0629  0.0564  0.0588  0.0512
niter,ni,del,rscale     7    3   12.0000    1.2000
parameters
   -0.9426   19.1666   11.7545   -5.9246   -3.9228   -0.3665
eta,q 0.95435  9.48797
  0.0617  0.0633  0.0573  0.0489  0.0526  0.0503
  0.0540  0.0560  0.0512  0.0463  0.0490  0.0485
  0.0489  0.0507  0.0482  0.0461  0.0465  0.0470
  0.0476  0.0479  0.0474  0.0474  0.0461  0.0460
  0.0495  0.0474  0.0482  0.0490  0.0477  0.0457
  0.0526  0.0489  0.0513  0.0513  0.0506  0.0459
  0.0570  0.0514  0.0556  0.0537  0.0542  0.0471
niter,ni,del,rscale     6    3   12.0000    1.2000
parameters
   -0.3504   20.5325   11.3726   -7.0866   -4.4913   -0.1829
eta,q 0.95588  9.50878
  0.0595  0.0608  0.0548  0.0505  0.0513  0.0484
  0.0525  0.0540  0.0495  0.0449  0.0480  0.0463
  0.0476  0.0487  0.0462  0.0436  0.0452  0.0448
  0.0457  0.0456  0.0452  0.0452  0.0441  0.0441
  0.0465  0.0454  0.0470  0.0478  0.0459  0.0443
  0.0496  0.0474  0.0513  0.0501  0.0496  0.0458
  0.0548  0.0516  0.0569  0.0525  0.0542  0.0482
niter,ni,del,rscale     5    3   12.0000    1.2000
parameters
   -0.1078   21.0592   11.3277   -7.5564   -4.8529   -0.2388
eta,q 0.95620  9.52037
  0.0574  0.0583  0.0557  0.0521  0.0513  0.0482
  0.0501  0.0516  0.0496  0.0460  0.0481  0.0460
  0.0455  0.0464  0.0454  0.0431  0.0452  0.0444
  0.0441  0.0442  0.0441  0.0441  0.0437  0.0438
  0.0456  0.0451  0.0458  0.0468  0.0451  0.0442
  0.0492  0.0486  0.0501  0.0495  0.0488  0.0460
  0.0549  0.0542  0.0556  0.0520  0.0536  0.0485
niter,ni,del,rscale     4    3   12.0000    1.2000
parameters
    0.0311   21.2881   11.3266   -7.8327   -5.0399   -0.2866
eta,q 0.95632  9.52575
  0.0568  0.0573  0.0557  0.0526  0.0515  0.0482
  0.0494  0.0506  0.0495  0.0466  0.0482  0.0460
  0.0449  0.0456  0.0451  0.0432  0.0453  0.0443
  0.0438  0.0438  0.0438  0.0438  0.0436  0.0437
  0.0455  0.0454  0.0456  0.0464  0.0447  0.0442
  0.0492  0.0494  0.0499  0.0492  0.0483  0.0460
  0.0550  0.0553  0.0553  0.0519  0.0531  0.0485
niter,ni,del,rscale     3    3   12.0000    1.2000
parameters
    0.1067   21.4268   11.3199   -7.9975   -5.1427   -0.3099
eta,q 0.95638  9.52853
  0.0565  0.0570  0.0556  0.0528  0.0515  0.0483
  0.0491  0.0504  0.0494  0.0470  0.0483  0.0460
  0.0447  0.0453  0.0449  0.0433  0.0454  0.0443
  0.0437  0.0437  0.0437  0.0437  0.0436  0.0436
  0.0454  0.0455  0.0455  0.0462  0.0445  0.0442
  0.0493  0.0497  0.0499  0.0491  0.0480  0.0460
  0.0552  0.0556  0.0552  0.0518  0.0528  0.0485
niter,ni,del,rscale     2    3   12.0000    1.2000
parameters
    0.1505   21.5101   11.3093   -8.1016   -5.1956   -0.3266
eta,q 0.95641  9.53006
  0.0563  0.0569  0.0556  0.0530  0.0516  0.0483
  0.0489  0.0502  0.0493  0.0473  0.0484  0.0460
  0.0446  0.0452  0.0448  0.0433  0.0454  0.0443
  0.0436  0.0436  0.0436  0.0436  0.0436  0.0436
  0.0454  0.0456  0.0455  0.0461  0.0444  0.0442
  0.0493  0.0499  0.0499  0.0490  0.0478  0.0460
  0.0553  0.0559  0.0551  0.0517  0.0527  0.0485
niter,ni,del,rscale     1    3   12.0000    1.2000
parameters
    0.1727   21.5615   11.3016   -8.1701   -5.2219   -0.3393
eta,q 0.95644  9.53098
  0.0562  0.0568  0.0556  0.0531  0.0516  0.0484
  0.0488  0.0501  0.0493  0.0474  0.0484  0.0460
  0.0445  0.0451  0.0448  0.0434  0.0454  0.0443
  0.0436  0.0436  0.0436  0.0436  0.0436  0.0436
  0.0454  0.0457  0.0454  0.0460  0.0443  0.0442
  0.0493  0.0500  0.0498  0.0489  0.0477  0.0460
  0.0553  0.0560  0.0551  0.0517  0.0526  0.0485
registration optimization eta report
parameter search radius
    6.0000    6.0000    6.9000    6.9000    6.9000    6.0000
100000*second partial in parameter space
       34.       35.       24.       18.       17.       13.
  0.0562  0.0568  0.0556  0.0531  0.0516  0.0484
  0.0488  0.0501  0.0493  0.0474  0.0484  0.0460
  0.0445  0.0451  0.0448  0.0434  0.0454  0.0443
  0.0436  0.0436  0.0436  0.0436  0.0436  0.0436
  0.0454  0.0457  0.0454  0.0460  0.0443  0.0442
  0.0493  0.0500  0.0498  0.0489  0.0477  0.0460
  0.0553  0.0560  0.0551  0.0517  0.0526  0.0485
    0.1727   21.5615   11.3016   -8.1701   -5.2219   -0.3393
eta,q 0.95644  9.53098

---------------------------------------------------------------------
imgreg_4dfp /opt/freesurfer/average/711-2C_as_mni_average_305 /opt/freesurfer/average/711-2B_as_mni_average_305_mask talsrcimg_g11 none talsrcimg_to_711-2C_as_mni_average_305_t4 3335
---------------------------------------------------------------------

freesurfer imgreg_4dfp.c
/opt/freesurfer/average/711-2C_as_mni_average_305.4dfp.img
       256       256       256         1
  1.000000  1.000000  1.000000
orientation T byte_order littleendian
Reading image: /opt/freesurfer/average/711-2C_as_mni_average_305.4dfp.img
dimensions:      256       256       256
mmppix:       1.0000   -1.0000   -1.0000
center:     128.0000 -129.0000 -129.0000
/opt/freesurfer/average/711-2B_as_mni_average_305_mask.4dfp.img
       256       256       256         1
  1.000000  1.000000  1.000000
orientation T byte_order littleendian
Reading mask: /opt/freesurfer/average/711-2B_as_mni_average_305_mask.4dfp.img (2306576 pixels)
talsrcimg_g11.4dfp.img
       256       256       256         1
  1.000000  1.000000  1.000000
orientation T byte_order littleendian
Reading image: talsrcimg_g11.4dfp.img
dimensions:      256       256       256
mmppix:       1.0000   -1.0000   -1.0000
center:     128.0000 -129.0000 -129.0000
fimgreg.f
image alignment mode   3335 decimal      D07 hex
parameters
    0.1727   21.5615   11.3016   -0.4168   -1.0090   -1.4258
   -0.7072    9.0929   -0.5897   14.1577   -9.1012  -14.1523
eta,q 0.95587  9.62657
niter,ni,del,rscale     5    3    5.0000    1.2000
parameter  4  0.583709 ->  0.500000 qaram    1.1500
parameter  5  1.918135 ->  0.500000 qaram    1.1500
parameter  6  1.501158 ->  0.500000 qaram    1.1500
parameter 10  0.590788 ->  0.500000 qaram    1.1500
parameters
    0.3053   21.9117   10.6648   -4.5568   -5.1490   -5.5658
   -0.4909    8.7521    0.4219   10.0177   -9.6607  -15.4439
eta,q 0.96771  8.98414
  0.0467  0.0462  0.0447  0.0433  0.0369  0.0312  0.0356  0.0367  0.0358  0.0330  0.0334  0.0332
  0.0454  0.0452  0.0441  0.0431  0.0382  0.0329  0.0344  0.0350  0.0347  0.0324  0.0327  0.0326
  0.0445  0.0445  0.0439  0.0433  0.0403  0.0353  0.0337  0.0338  0.0339  0.0325  0.0324  0.0323
  0.0441  0.0441  0.0441  0.0439  0.0431  0.0387  0.0334  0.0334  0.0335  0.0334  0.0323  0.0323
  0.0443  0.0441  0.0445  0.0452  0.0465  0.0431  0.0337  0.0339  0.0335  0.0350  0.0326  0.0326
  0.0450  0.0445  0.0452  0.0471  0.0500  0.0482  0.0343  0.0353  0.0339  0.0373  0.0330  0.0332
  0.0462  0.0453  0.0461  0.0500  0.0539  0.0539  0.0353  0.0375  0.0348  0.0399  0.0337  0.0341
niter,ni,del,rscale     7    3    5.0000    1.2000
parameter  5  0.710202 ->  0.500000 qaram    1.3225
parameter  6  0.662458 ->  0.500000 qaram    1.3225
parameters
    0.1530   21.8088    9.5532   -3.0692   -9.9100  -10.3268
   -0.8181    8.6305    0.4028   12.2674  -10.1597  -15.8932
eta,q 0.97263  8.66478
  0.0342  0.0341  0.0325  0.0348  0.0300  0.0276  0.0294  0.0304  0.0293  0.0322  0.0281  0.0282
  0.0331  0.0331  0.0320  0.0336  0.0297  0.0276  0.0284  0.0289  0.0284  0.0302  0.0276  0.0278
  0.0325  0.0325  0.0319  0.0326  0.0302  0.0281  0.0278  0.0280  0.0279  0.0287  0.0274  0.0275
  0.0323  0.0323  0.0323  0.0319  0.0317  0.0297  0.0277  0.0277  0.0277  0.0277  0.0274  0.0274
  0.0326  0.0326  0.0330  0.0317  0.0340  0.0331  0.0280  0.0280  0.0279  0.0274  0.0275  0.0275
  0.0335  0.0333  0.0340  0.0322  0.0372  0.0382  0.0287  0.0289  0.0284  0.0278  0.0278  0.0279
  0.0348  0.0345  0.0353  0.0335  0.0413  0.0446  0.0297  0.0307  0.0294  0.0291  0.0282  0.0286
niter,ni,del,rscale     7    3    5.0000    1.2000
parameters
    0.1526   22.6677    8.7593    0.0977  -12.7813  -14.4634
   -0.8316    8.7675    0.6530   14.1846   -9.6633  -17.2557
eta,q 0.97405  8.50675
  0.0294  0.0306  0.0275  0.0298  0.0281  0.0267  0.0281  0.0287  0.0279  0.0294  0.0267  0.0266
  0.0283  0.0291  0.0271  0.0287  0.0271  0.0262  0.0270  0.0274  0.0270  0.0278  0.0263  0.0262
  0.0276  0.0281  0.0270  0.0277  0.0265  0.0261  0.0264  0.0265  0.0264  0.0267  0.0261  0.0260
  0.0274  0.0274  0.0271  0.0270  0.0266  0.0264  0.0262  0.0262  0.0262  0.0261  0.0260  0.0260
  0.0276  0.0271  0.0275  0.0266  0.0278  0.0281  0.0264  0.0264  0.0263  0.0260  0.0260  0.0262
  0.0283  0.0273  0.0282  0.0266  0.0301  0.0317  0.0271  0.0271  0.0268  0.0264  0.0262  0.0267
  0.0295  0.0279  0.0292  0.0275  0.0336  0.0375  0.0281  0.0286  0.0277  0.0273  0.0266  0.0273
niter,ni,del,rscale     6    3    5.0000    1.2000
parameter  3  0.652822 ->  0.500000 qaram    1.1500
parameters
    0.0006   23.2415    7.3793   -0.3235  -14.1236  -16.8682
   -0.8032    8.3061    0.4588   15.5996  -10.1254  -18.5977
eta,q 0.97464  8.34870
  0.0277  0.0287  0.0256  0.0271  0.0276  0.0272  0.0273  0.0275  0.0271  0.0283  0.0260  0.0259
  0.0267  0.0274  0.0254  0.0263  0.0267  0.0260  0.0263  0.0264  0.0262  0.0269  0.0257  0.0256
  0.0261  0.0265  0.0255  0.0257  0.0259  0.0255  0.0257  0.0256  0.0256  0.0259  0.0254  0.0254
  0.0259  0.0259  0.0258  0.0254  0.0255  0.0255  0.0255  0.0255  0.0255  0.0255  0.0254  0.0254
  0.0263  0.0259  0.0263  0.0254  0.0259  0.0262  0.0257  0.0258  0.0257  0.0254  0.0255  0.0256
  0.0270  0.0262  0.0270  0.0262  0.0274  0.0282  0.0263  0.0267  0.0263  0.0259  0.0258  0.0260
  0.0282  0.0269  0.0279  0.0280  0.0299  0.0317  0.0272  0.0281  0.0272  0.0269  0.0262  0.0265
niter,ni,del,rscale     6    3    5.0000    1.2000
parameters
   -0.1612   23.8416    6.5956   -0.5457  -15.1750  -18.1992
   -0.7441    8.0782    0.4045   17.1900  -10.4242  -19.2081
eta,q 0.97490  8.26631
  0.0270  0.0281  0.0258  0.0267  0.0272  0.0274  0.0269  0.0273  0.0269  0.0281  0.0258  0.0257
  0.0260  0.0268  0.0253  0.0259  0.0263  0.0262  0.0260  0.0261  0.0260  0.0267  0.0254  0.0254
  0.0255  0.0259  0.0251  0.0253  0.0256  0.0254  0.0254  0.0254  0.0254  0.0257  0.0252  0.0251
  0.0254  0.0254  0.0252  0.0251  0.0251  0.0252  0.0252  0.0252  0.0252  0.0252  0.0251  0.0251
  0.0257  0.0252  0.0256  0.0251  0.0254  0.0256  0.0254  0.0255  0.0254  0.0251  0.0252  0.0252
  0.0264  0.0256  0.0263  0.0257  0.0267  0.0271  0.0260  0.0263  0.0260  0.0256  0.0255  0.0255
  0.0275  0.0263  0.0272  0.0272  0.0290  0.0298  0.0268  0.0276  0.0270  0.0265  0.0259  0.0260
niter,ni,del,rscale     5    3    5.0000    1.2000
parameters
   -0.2620   24.3623    6.0988   -0.6979  -16.0024  -19.0876
   -0.6770    7.9798    0.3999   18.4251  -10.6022  -19.7286
eta,q 0.97497  8.21287
  0.0267  0.0277  0.0258  0.0265  0.0270  0.0275  0.0266  0.0271  0.0268  0.0278  0.0257  0.0257
  0.0258  0.0265  0.0253  0.0257  0.0261  0.0262  0.0258  0.0260  0.0259  0.0265  0.0253  0.0253
  0.0252  0.0256  0.0250  0.0252  0.0255  0.0253  0.0252  0.0253  0.0253  0.0255  0.0251  0.0251
  0.0251  0.0251  0.0250  0.0250  0.0250  0.0251  0.0251  0.0251  0.0251  0.0251  0.0250  0.0250
  0.0253  0.0250  0.0253  0.0250  0.0252  0.0253  0.0252  0.0254  0.0253  0.0251  0.0251  0.0251
  0.0260  0.0254  0.0259  0.0255  0.0263  0.0266  0.0258  0.0261  0.0259  0.0256  0.0254  0.0254
  0.0270  0.0261  0.0268  0.0269  0.0285  0.0291  0.0265  0.0272  0.0268  0.0266  0.0258  0.0259
niter,ni,del,rscale     4    3    5.0000    1.2000
parameters
   -0.3167   24.7522    5.7092   -0.8387  -16.5202  -19.7575
   -0.6666    7.9193    0.4094   19.3801  -10.7302  -20.0944
eta,q 0.97497  8.17845
  0.0267  0.0274  0.0259  0.0264  0.0271  0.0275  0.0265  0.0271  0.0267  0.0276  0.0257  0.0257
  0.0257  0.0262  0.0253  0.0257  0.0261  0.0262  0.0257  0.0260  0.0258  0.0263  0.0253  0.0253
  0.0252  0.0254  0.0250  0.0252  0.0255  0.0253  0.0252  0.0253  0.0252  0.0254  0.0251  0.0251
  0.0250  0.0250  0.0250  0.0250  0.0250  0.0250  0.0250  0.0250  0.0250  0.0250  0.0250  0.0250
  0.0253  0.0250  0.0252  0.0250  0.0251  0.0252  0.0252  0.0254  0.0252  0.0252  0.0251  0.0251
  0.0258  0.0255  0.0258  0.0255  0.0261  0.0264  0.0257  0.0260  0.0258  0.0256  0.0254  0.0254
  0.0268  0.0262  0.0266  0.0268  0.0281  0.0288  0.0265  0.0271  0.0267  0.0266  0.0258  0.0258
niter,ni,del,rscale     3    3    5.0000    1.2000
parameters
   -0.3551   25.0476    5.4026   -0.9524  -16.8897  -20.3014
   -0.6749    7.8768    0.4365   20.1035  -10.8113  -20.3670
eta,q 0.97495  8.15283
  0.0266  0.0271  0.0260  0.0264  0.0271  0.0275  0.0265  0.0271  0.0267  0.0274  0.0258  0.0257
  0.0257  0.0260  0.0254  0.0257  0.0261  0.0263  0.0257  0.0260  0.0258  0.0262  0.0253  0.0253
  0.0252  0.0254  0.0251  0.0252  0.0255  0.0254  0.0252  0.0253  0.0252  0.0254  0.0251  0.0251
  0.0250  0.0250  0.0250  0.0250  0.0250  0.0250  0.0250  0.0250  0.0250  0.0250  0.0250  0.0250
  0.0252  0.0251  0.0252  0.0250  0.0250  0.0252  0.0252  0.0254  0.0252  0.0252  0.0251  0.0251
  0.0258  0.0255  0.0257  0.0255  0.0260  0.0263  0.0257  0.0260  0.0258  0.0257  0.0254  0.0254
  0.0267  0.0263  0.0265  0.0268  0.0280  0.0287  0.0265  0.0271  0.0267  0.0267  0.0258  0.0258
niter,ni,del,rscale     2    3    5.0000    1.2000
parameters
   -0.3756   25.2735    5.1605   -1.0409  -17.1775  -20.7328
   -0.7123    7.8601    0.4682   20.6597  -10.8902  -20.5810
eta,q 0.97493  8.13330
  0.0267  0.0270  0.0260  0.0265  0.0271  0.0275  0.0264  0.0271  0.0267  0.0273  0.0258  0.0257
  0.0258  0.0260  0.0254  0.0257  0.0262  0.0263  0.0257  0.0260  0.0258  0.0261  0.0254  0.0254
  0.0252  0.0253  0.0251  0.0252  0.0255  0.0254  0.0252  0.0253  0.0253  0.0253  0.0251  0.0251
  0.0250  0.0250  0.0250  0.0250  0.0250  0.0250  0.0251  0.0251  0.0251  0.0251  0.0251  0.0251
  0.0253  0.0251  0.0252  0.0251  0.0250  0.0252  0.0252  0.0254  0.0252  0.0252  0.0252  0.0251
  0.0258  0.0256  0.0257  0.0255  0.0260  0.0262  0.0257  0.0260  0.0258  0.0258  0.0254  0.0254
  0.0267  0.0264  0.0265  0.0268  0.0279  0.0285  0.0265  0.0270  0.0267  0.0268  0.0258  0.0258
niter,ni,del,rscale     1    3    5.0000    1.2000
parameters
   -0.3795   25.4526    4.9740   -1.1032  -17.4113  -21.0720
   -0.7782    7.8649    0.4988   21.0975  -10.9609  -20.7472
eta,q 0.97491  8.11879
  0.0267  0.0269  0.0261  0.0265  0.0272  0.0276  0.0264  0.0271  0.0267  0.0273  0.0258  0.0258
  0.0258  0.0259  0.0255  0.0257  0.0262  0.0263  0.0257  0.0260  0.0259  0.0261  0.0254  0.0254
  0.0252  0.0253  0.0251  0.0252  0.0255  0.0254  0.0252  0.0253  0.0253  0.0253  0.0252  0.0252
  0.0251  0.0251  0.0251  0.0250  0.0250  0.0251  0.0251  0.0251  0.0251  0.0251  0.0251  0.0251
  0.0253  0.0252  0.0252  0.0251  0.0251  0.0252  0.0253  0.0254  0.0253  0.0252  0.0252  0.0252
  0.0258  0.0256  0.0257  0.0255  0.0260  0.0262  0.0257  0.0260  0.0258  0.0258  0.0254  0.0254
  0.0267  0.0264  0.0264  0.0268  0.0279  0.0285  0.0265  0.0270  0.0267  0.0268  0.0258  0.0258
registration optimization eta report
parameter search radius
    2.4000    2.4000    2.7600    8.2800    9.5220    9.5220
    7.2000    7.2000    7.2000    8.2800    7.2000    7.2000
100000*second partial in parameter space
       28.       28.       16.        2.        3.        3.
        3.        4.        3.        3.        1.        1.
  0.0267  0.0269  0.0261  0.0265  0.0272  0.0276  0.0264  0.0271  0.0267  0.0273  0.0258  0.0258
  0.0258  0.0259  0.0255  0.0257  0.0262  0.0263  0.0257  0.0260  0.0259  0.0261  0.0254  0.0254
  0.0252  0.0253  0.0251  0.0252  0.0255  0.0254  0.0252  0.0253  0.0253  0.0253  0.0252  0.0252
  0.0251  0.0251  0.0251  0.0250  0.0250  0.0251  0.0251  0.0251  0.0251  0.0251  0.0251  0.0251
  0.0253  0.0252  0.0252  0.0251  0.0251  0.0252  0.0253  0.0254  0.0253  0.0252  0.0252  0.0252
  0.0258  0.0256  0.0257  0.0255  0.0260  0.0262  0.0257  0.0260  0.0258  0.0258  0.0254  0.0254
  0.0267  0.0264  0.0264  0.0268  0.0279  0.0285  0.0265  0.0270  0.0267  0.0268  0.0258  0.0258
   -0.3795   25.4526    4.9740   -1.1032  -17.4113  -21.0720
   -0.7782    7.8649    0.4988   21.0975  -10.9609  -20.7472
eta,q 0.97491  8.11879

---------------------------------------------------------------------
imgreg_4dfp /opt/freesurfer/average/711-2C_as_mni_average_305 /opt/freesurfer/average/711-2B_as_mni_average_305_mask talsrcimg_g11 none talsrcimg_to_711-2C_as_mni_average_305_t4 2311
---------------------------------------------------------------------

freesurfer imgreg_4dfp.c
/opt/freesurfer/average/711-2C_as_mni_average_305.4dfp.img
       256       256       256         1
  1.000000  1.000000  1.000000
orientation T byte_order littleendian
Reading image: /opt/freesurfer/average/711-2C_as_mni_average_305.4dfp.img
dimensions:      256       256       256
mmppix:       1.0000   -1.0000   -1.0000
center:     128.0000 -129.0000 -129.0000
/opt/freesurfer/average/711-2B_as_mni_average_305_mask.4dfp.img
       256       256       256         1
  1.000000  1.000000  1.000000
orientation T byte_order littleendian
Reading mask: /opt/freesurfer/average/711-2B_as_mni_average_305_mask.4dfp.img (2306576 pixels)
talsrcimg_g11.4dfp.img
       256       256       256         1
  1.000000  1.000000  1.000000
orientation T byte_order littleendian
Reading image: talsrcimg_g11.4dfp.img
dimensions:      256       256       256
mmppix:       1.0000   -1.0000   -1.0000
center:     128.0000 -129.0000 -129.0000
fimgreg.f
image alignment mode   2311 decimal      907 hex
parameters
   -0.3795   25.4526    4.9740   -1.1032  -17.4113  -21.0720
   -0.7782    7.8649    0.4988   21.0975  -10.9609  -20.7472
eta,q 0.97491  8.11879
niter,ni,del,rscale     5    3    5.0000    0.8000
parameters
   -0.3842   25.5990    4.8461   -0.5161  -16.2968  -20.0233
   -0.9655    8.0244    0.4043   21.4839  -10.6633  -20.8376
eta,q 0.97502  8.22741
  0.0258  0.0259  0.0254  0.0256  0.0259  0.0258  0.0256  0.0260  0.0258  0.0258  0.0253  0.0253
  0.0254  0.0255  0.0252  0.0253  0.0256  0.0254  0.0252  0.0254  0.0253  0.0254  0.0251  0.0251
  0.0252  0.0252  0.0251  0.0251  0.0253  0.0251  0.0250  0.0251  0.0251  0.0251  0.0250  0.0250
  0.0251  0.0251  0.0251  0.0251  0.0251  0.0250  0.0250  0.0250  0.0250  0.0250  0.0250  0.0250
  0.0252  0.0251  0.0251  0.0251  0.0250  0.0250  0.0251  0.0251  0.0251  0.0250  0.0250  0.0250
  0.0254  0.0253  0.0253  0.0252  0.0251  0.0250  0.0253  0.0254  0.0254  0.0252  0.0251  0.0251
  0.0258  0.0257  0.0255  0.0254  0.0254  0.0253  0.0257  0.0258  0.0258  0.0256  0.0252  0.0253
niter,ni,del,rscale     4    3    5.0000    0.7000
parameters
   -0.4030   25.3909    4.8520   -0.1657  -16.0487  -19.7591
   -0.8489    8.0476    0.3765   21.2861  -10.4686  -20.6287
eta,q 0.97506  8.25336
  0.0255  0.0254  0.0253  0.0253  0.0256  0.0254  0.0255  0.0257  0.0256  0.0254  0.0252  0.0252
  0.0252  0.0251  0.0251  0.0251  0.0253  0.0252  0.0252  0.0253  0.0252  0.0251  0.0251  0.0251
  0.0250  0.0250  0.0250  0.0250  0.0251  0.0250  0.0250  0.0250  0.0250  0.0250  0.0250  0.0250
  0.0250  0.0250  0.0250  0.0250  0.0250  0.0249  0.0249  0.0249  0.0249  0.0249  0.0249  0.0249
  0.0250  0.0251  0.0250  0.0250  0.0250  0.0249  0.0250  0.0250  0.0250  0.0250  0.0250  0.0250
  0.0252  0.0253  0.0251  0.0250  0.0251  0.0250  0.0252  0.0253  0.0252  0.0252  0.0250  0.0250
  0.0256  0.0257  0.0253  0.0252  0.0255  0.0254  0.0254  0.0256  0.0256  0.0255  0.0251  0.0252
niter,ni,del,rscale     3    3    5.0000    0.6000
parameters
   -0.4378   25.2753    4.9165   -0.0055  -15.7600  -19.3801
   -0.7677    8.0439    0.3615   21.1243  -10.2670  -20.4941
eta,q 0.97508  8.28036
  0.0253  0.0253  0.0252  0.0252  0.0254  0.0253  0.0253  0.0255  0.0254  0.0253  0.0251  0.0251
  0.0251  0.0251  0.0251  0.0250  0.0252  0.0251  0.0251  0.0251  0.0251  0.0251  0.0250  0.0250
  0.0250  0.0250  0.0250  0.0250  0.0250  0.0250  0.0250  0.0250  0.0250  0.0249  0.0249  0.0249
  0.0249  0.0249  0.0249  0.0249  0.0249  0.0249  0.0249  0.0249  0.0249  0.0249  0.0249  0.0249
  0.0250  0.0250  0.0250  0.0249  0.0249  0.0249  0.0250  0.0250  0.0250  0.0250  0.0249  0.0249
  0.0251  0.0252  0.0250  0.0250  0.0251  0.0250  0.0251  0.0252  0.0251  0.0251  0.0250  0.0250
  0.0254  0.0255  0.0251  0.0251  0.0253  0.0252  0.0253  0.0254  0.0254  0.0254  0.0251  0.0251
niter,ni,del,rscale     2    3    5.0000    0.5000
parameters
   -0.4639   25.1508    4.9936    0.2306  -15.4791  -18.9497
   -0.6980    8.0432    0.3283   20.9673  -10.0510  -20.3437
eta,q 0.97512  8.31199
  0.0252  0.0252  0.0251  0.0251  0.0253  0.0251  0.0252  0.0253  0.0252  0.0251  0.0250  0.0250
  0.0250  0.0250  0.0250  0.0250  0.0251  0.0250  0.0250  0.0251  0.0250  0.0250  0.0249  0.0250
  0.0249  0.0249  0.0249  0.0249  0.0250  0.0249  0.0249  0.0249  0.0249  0.0249  0.0249  0.0249
  0.0249  0.0249  0.0249  0.0249  0.0249  0.0249  0.0249  0.0249  0.0249  0.0249  0.0249  0.0249
  0.0250  0.0250  0.0249  0.0249  0.0249  0.0249  0.0249  0.0249  0.0249  0.0249  0.0249  0.0249
  0.0251  0.0251  0.0250  0.0250  0.0250  0.0249  0.0250  0.0251  0.0250  0.0250  0.0249  0.0249
  0.0252  0.0253  0.0250  0.0250  0.0252  0.0251  0.0252  0.0253  0.0252  0.0252  0.0250  0.0250
niter,ni,del,rscale     1    3    5.0000    0.4000
parameters
   -0.4783   25.0274    5.0814    0.4285  -15.2182  -18.5357
   -0.6174    8.0754    0.2952   20.7981   -9.8500  -20.1889
eta,q 0.97515  8.34111
  0.0251  0.0250  0.0250  0.0250  0.0251  0.0250  0.0251  0.0251  0.0251  0.0250  0.0249  0.0250
  0.0250  0.0249  0.0249  0.0249  0.0250  0.0250  0.0249  0.0250  0.0249  0.0249  0.0249  0.0249
  0.0249  0.0249  0.0249  0.0249  0.0249  0.0249  0.0249  0.0249  0.0249  0.0249  0.0249  0.0249
  0.0249  0.0249  0.0249  0.0249  0.0249  0.0249  0.0248  0.0248  0.0248  0.0248  0.0248  0.0248
  0.0249  0.0249  0.0249  0.0249  0.0249  0.0248  0.0249  0.0249  0.0249  0.0249  0.0248  0.0249
  0.0250  0.0250  0.0249  0.0249  0.0249  0.0249  0.0249  0.0250  0.0250  0.0249  0.0249  0.0249
  0.0251  0.0251  0.0250  0.0250  0.0251  0.0250  0.0250  0.0251  0.0251  0.0251  0.0249  0.0249
registration optimization eta report
parameter search radius
    0.8000    0.8000    0.8000    2.4000    2.4000    2.4000
    2.4000    2.4000    2.4000    2.4000    2.4000    2.4000
100000*second partial in parameter space
       30.       32.       17.        2.        4.        2.
        3.        4.        4.        4.        1.        2.
  0.0251  0.0250  0.0250  0.0250  0.0251  0.0250  0.0251  0.0251  0.0251  0.0250  0.0249  0.0250
  0.0250  0.0249  0.0249  0.0249  0.0250  0.0250  0.0249  0.0250  0.0249  0.0249  0.0249  0.0249
  0.0249  0.0249  0.0249  0.0249  0.0249  0.0249  0.0249  0.0249  0.0249  0.0249  0.0249  0.0249
  0.0249  0.0249  0.0249  0.0249  0.0249  0.0249  0.0248  0.0248  0.0248  0.0248  0.0248  0.0248
  0.0249  0.0249  0.0249  0.0249  0.0249  0.0248  0.0249  0.0249  0.0249  0.0249  0.0248  0.0249
  0.0250  0.0250  0.0249  0.0249  0.0249  0.0249  0.0249  0.0250  0.0250  0.0249  0.0249  0.0249
  0.0251  0.0251  0.0250  0.0250  0.0251  0.0250  0.0250  0.0251  0.0251  0.0251  0.0249  0.0249
   -0.4783   25.0274    5.0814    0.4285  -15.2182  -18.5357
   -0.6174    8.0754    0.2952   20.7981   -9.8500  -20.1889
eta,q 0.97515  8.34111

---------------------------------------------------------------------
imgreg_4dfp /opt/freesurfer/average/711-2C_as_mni_average_305 /opt/freesurfer/average/711-2B_as_mni_average_305_mask talsrcimg_g11 none talsrcimg_to_711-2C_as_mni_average_305_t4 2311
---------------------------------------------------------------------

freesurfer imgreg_4dfp.c
/opt/freesurfer/average/711-2C_as_mni_average_305.4dfp.img
       256       256       256         1
  1.000000  1.000000  1.000000
orientation T byte_order littleendian
Reading image: /opt/freesurfer/average/711-2C_as_mni_average_305.4dfp.img
dimensions:      256       256       256
mmppix:       1.0000   -1.0000   -1.0000
center:     128.0000 -129.0000 -129.0000
/opt/freesurfer/average/711-2B_as_mni_average_305_mask.4dfp.img
       256       256       256         1
  1.000000  1.000000  1.000000
orientation T byte_order littleendian
Reading mask: /opt/freesurfer/average/711-2B_as_mni_average_305_mask.4dfp.img (2306576 pixels)
talsrcimg_g11.4dfp.img
       256       256       256         1
  1.000000  1.000000  1.000000
orientation T byte_order littleendian
Reading image: talsrcimg_g11.4dfp.img
dimensions:      256       256       256
mmppix:       1.0000   -1.0000   -1.0000
center:     128.0000 -129.0000 -129.0000
fimgreg.f
image alignment mode   2311 decimal      907 hex
parameters
   -0.4783   25.0274    5.0814    0.4285  -15.2182  -18.5357
   -0.6174    8.0754    0.2952   20.7981   -9.8500  -20.1889
eta,q 0.97515  8.34112
niter,ni,del,rscale     5    3    5.0000    0.8000
parameters
   -0.4649   24.9296    5.2267    0.1520  -15.5537  -19.1582
   -0.4841    7.9683    0.2742   20.2420  -10.1621  -20.1700
eta,q 0.97513  8.28595
  0.0256  0.0256  0.0254  0.0253  0.0256  0.0254  0.0257  0.0258  0.0257  0.0255  0.0251  0.0252
  0.0252  0.0251  0.0251  0.0250  0.0253  0.0251  0.0252  0.0253  0.0253  0.0251  0.0250  0.0250
  0.0249  0.0249  0.0249  0.0249  0.0250  0.0249  0.0250  0.0250  0.0250  0.0249  0.0249  0.0249
  0.0248  0.0248  0.0248  0.0248  0.0248  0.0249  0.0249  0.0249  0.0249  0.0249  0.0249  0.0249
  0.0249  0.0250  0.0249  0.0249  0.0249  0.0249  0.0250  0.0250  0.0250  0.0250  0.0249  0.0249
  0.0252  0.0253  0.0250  0.0250  0.0253  0.0253  0.0252  0.0253  0.0253  0.0253  0.0250  0.0250
  0.0256  0.0258  0.0252  0.0255  0.0259  0.0260  0.0256  0.0259  0.0257  0.0258  0.0252  0.0252
niter,ni,del,rscale     4    3    5.0000    0.7000
parameters
   -0.4762   24.9477    5.2520    0.1135  -15.4019  -19.0026
   -0.5424    7.9655    0.2855   20.2691  -10.1291  -20.1594
eta,q 0.97514  8.29702
  0.0254  0.0255  0.0252  0.0252  0.0255  0.0254  0.0254  0.0256  0.0255  0.0254  0.0251  0.0251
  0.0251  0.0252  0.0250  0.0250  0.0252  0.0251  0.0251  0.0252  0.0252  0.0251  0.0250  0.0250
  0.0249  0.0250  0.0249  0.0249  0.0250  0.0249  0.0249  0.0249  0.0249  0.0249  0.0249  0.0249
  0.0249  0.0249  0.0249  0.0249  0.0249  0.0249  0.0249  0.0249  0.0249  0.0249  0.0249  0.0249
  0.0249  0.0249  0.0249  0.0249  0.0249  0.0248  0.0249  0.0249  0.0249  0.0249  0.0249  0.0249
  0.0251  0.0252  0.0250  0.0250  0.0251  0.0250  0.0251  0.0252  0.0252  0.0251  0.0250  0.0250
  0.0255  0.0255  0.0252  0.0252  0.0255  0.0254  0.0254  0.0256  0.0255  0.0254  0.0251  0.0251
niter,ni,del,rscale     3    3    5.0000    0.6000
parameters
   -0.4758   24.9171    5.2599    0.2534  -15.2849  -18.7603
   -0.5558    8.0078    0.2950   20.3096  -10.0014  -20.0900
eta,q 0.97515  8.31584
  0.0253  0.0253  0.0251  0.0251  0.0254  0.0252  0.0253  0.0254  0.0254  0.0253  0.0250  0.0251
  0.0251  0.0251  0.0250  0.0250  0.0251  0.0250  0.0250  0.0251  0.0251  0.0250  0.0249  0.0249
  0.0249  0.0249  0.0249  0.0249  0.0250  0.0249  0.0249  0.0249  0.0249  0.0249  0.0249  0.0249
  0.0249  0.0249  0.0249  0.0249  0.0249  0.0249  0.0248  0.0248  0.0248  0.0249  0.0249  0.0249
  0.0249  0.0249  0.0249  0.0249  0.0249  0.0248  0.0249  0.0249  0.0249  0.0249  0.0249  0.0249
  0.0251  0.0251  0.0250  0.0249  0.0250  0.0249  0.0250  0.0251  0.0251  0.0250  0.0249  0.0249
  0.0253  0.0254  0.0251  0.0251  0.0254  0.0252  0.0253  0.0254  0.0253  0.0253  0.0250  0.0250
niter,ni,del,rscale     2    3    5.0000    0.5000
parameters
   -0.4724   24.8694    5.2747    0.4213  -15.1240  -18.4756
   -0.5543    8.0504    0.2890   20.3072   -9.8681  -20.0201
eta,q 0.97518  8.33856
  0.0251  0.0251  0.0250  0.0250  0.0252  0.0251  0.0251  0.0252  0.0252  0.0251  0.0250  0.0250
  0.0250  0.0250  0.0249  0.0249  0.0251  0.0250  0.0250  0.0250  0.0250  0.0250  0.0249  0.0249
  0.0249  0.0249  0.0249  0.0249  0.0249  0.0249  0.0249  0.0249  0.0249  0.0249  0.0248  0.0248
  0.0249  0.0249  0.0248  0.0248  0.0248  0.0248  0.0248  0.0248  0.0248  0.0248  0.0248  0.0248
  0.0249  0.0249  0.0249  0.0249  0.0249  0.0248  0.0249  0.0249  0.0249  0.0249  0.0248  0.0248
  0.0250  0.0250  0.0249  0.0249  0.0250  0.0249  0.0250  0.0250  0.0250  0.0250  0.0249  0.0249
  0.0251  0.0252  0.0250  0.0250  0.0252  0.0251  0.0251  0.0252  0.0252  0.0251  0.0249  0.0250
niter,ni,del,rscale     1    3    5.0000    0.4000
parameters
   -0.4728   24.8066    5.3035    0.6706  -14.9964  -18.1413
   -0.5392    8.0898    0.2982   20.2820   -9.6637  -19.9201
eta,q 0.97519  8.36430
  0.0250  0.0250  0.0249  0.0249  0.0251  0.0250  0.0250  0.0251  0.0250  0.0250  0.0249  0.0249
  0.0249  0.0249  0.0249  0.0249  0.0250  0.0249  0.0249  0.0249  0.0249  0.0249  0.0249  0.0249
  0.0248  0.0248  0.0248  0.0248  0.0249  0.0249  0.0248  0.0248  0.0248  0.0248  0.0248  0.0248
  0.0248  0.0248  0.0248  0.0248  0.0248  0.0248  0.0248  0.0248  0.0248  0.0248  0.0248  0.0248
  0.0248  0.0249  0.0248  0.0248  0.0248  0.0248  0.0248  0.0248  0.0248  0.0248  0.0248  0.0248
  0.0249  0.0249  0.0249  0.0248  0.0249  0.0248  0.0249  0.0249  0.0249  0.0249  0.0248  0.0248
  0.0250  0.0251  0.0249  0.0249  0.0251  0.0250  0.0250  0.0251  0.0250  0.0250  0.0249  0.0249
registration optimization eta report
parameter search radius
    0.8000    0.8000    0.8000    2.4000    2.4000    2.4000
    2.4000    2.4000    2.4000    2.4000    2.4000    2.4000
100000*second partial in parameter space
       30.       34.       18.        2.        4.        3.
        3.        4.        4.        4.        1.        2.
  0.0250  0.0250  0.0249  0.0249  0.0251  0.0250  0.0250  0.0251  0.0250  0.0250  0.0249  0.0249
  0.0249  0.0249  0.0249  0.0249  0.0250  0.0249  0.0249  0.0249  0.0249  0.0249  0.0249  0.0249
  0.0248  0.0248  0.0248  0.0248  0.0249  0.0249  0.0248  0.0248  0.0248  0.0248  0.0248  0.0248
  0.0248  0.0248  0.0248  0.0248  0.0248  0.0248  0.0248  0.0248  0.0248  0.0248  0.0248  0.0248
  0.0248  0.0249  0.0248  0.0248  0.0248  0.0248  0.0248  0.0248  0.0248  0.0248  0.0248  0.0248
  0.0249  0.0249  0.0249  0.0248  0.0249  0.0248  0.0249  0.0249  0.0249  0.0249  0.0248  0.0248
  0.0250  0.0251  0.0249  0.0249  0.0251  0.0250  0.0250  0.0251  0.0250  0.0250  0.0249  0.0249
   -0.4728   24.8066    5.3035    0.6706  -14.9964  -18.1413
   -0.5392    8.0898    0.2982   20.2820   -9.6637  -19.9201
eta,q 0.97519  8.36430

---------------------------------------------------------------------
compute_vox2vox talsrcimg talsrcimg_to_711-2C_as_mni_average_305_t4 /opt/freesurfer/average/711-2C_as_mni_average_305
---------------------------------------------------------------------

freesurfer compute_vox2vox.c
Reading: talsrcimg.4dfp.ifh
Reading: talsrcimg_to_711-2C_as_mni_average_305_t4
Reading: /opt/freesurfer/average/711-2C_as_mni_average_305.4dfp.ifh
Writing: talsrcimg_to_711-2C_as_mni_average_305_t4_vox2vox.txt

start time Sun Mar 15 08:14:04 CET 2026
end		time Sun Mar 15 08:14:18 CET 2026

mpr2mni305 success

avi2talxfm orig_nu.mgz /opt/freesurfer/average/mni305.cor.mgz talsrcimg_to_711-2C_as_mni_average_305_t4_vox2vox.txt transforms/talairach.auto.xfm
avi2talxfm done
mv -f /out/sourcedata/freesurfer/sub-v2s10x28969_ses-1/mri/talsrcimg_to_711-2C_as_mni_average_305_t4_vox2vox.txt /out/sourcedata/freesurfer/sub-v2s10x28969_ses-1/mri/transforms/talsrcimg_to_711-2C_as_mni_average_305_t4_vox2vox.txt
lta_convert --src orig_nu.mgz --trg /opt/freesurfer/average/mni305.cor.mgz --inxfm transforms/talairach.auto.xfm --outlta transforms/talairach.auto.xfm.lta --subject fsaverage
7.3.2

--src: orig_nu.mgz src image (geometry).
--trg: /opt/freesurfer/average/mni305.cor.mgz trg image (geometry).
--inmni: transforms/talairach.auto.xfm input MNI/XFM transform.
--outlta: transforms/talairach.auto.xfm.lta output LTA.
--s: fsaverage subject name
 LTA read, type : 1
 0.98442  -0.09341  -0.01565   1.86998;
 0.10904   1.14423   0.26884  -5.97540;
-0.02947  -0.27269   1.11233  -8.80209;
 0.00000   0.00000   0.00000   1.00000;
setting subject to fsaverage
Writing  LTA to file transforms/talairach.auto.xfm.lta...
lta_convert successful.
 
 
Started at Sun Mar 15 08:14:04 CET 2026
Ended   at Sun Mar 15 08:14:18 CET 2026
talairach_avi done
