status file for recon-all
Sun Mar 15 08:11:30 CET 2026
#@# MotionCor Sun Mar 15 08:11:32 CET 2026
#@# Talairach Sun Mar 15 08:11:37 CET 2026
#@# Talairach Failure Detection Sun Mar 15 08:14:28 CET 2026
#@# Nu Intensity Correction Sun Mar 15 08:14:28 CET 2026
#@# Intensity Normalization Sun Mar 15 08:17:13 CET 2026
recon-all -s sub-v2s10x28967_ses-1 finished without error at Sun Mar 15 08:18:12 CET 2026



#New# invocation of recon-all 



status file for recon-all
Sun Mar 15 08:23:59 CET 2026
#@# EM Registration Sun Mar 15 08:23:59 CET 2026
recon-all -s sub-v2s10x28967_ses-1 finished without error at Sun Mar 15 08:25:34 CET 2026



#New# invocation of recon-all 



status file for recon-all
Sun Mar 15 08:25:35 CET 2026
#@# CA Normalize Sun Mar 15 08:25:35 CET 2026
#@# CA Reg Sun Mar 15 08:26:29 CET 2026
#@# SubCort Seg Sun Mar 15 09:14:35 CET 2026
#@# CC Seg Sun Mar 15 09:35:38 CET 2026
#@# Merge ASeg Sun Mar 15 09:35:56 CET 2026
#@# Intensity Normalization2 Sun Mar 15 09:35:56 CET 2026
#@# Mask BFS Sun Mar 15 09:37:27 CET 2026
#@# WM Segmentation Sun Mar 15 09:37:28 CET 2026
#@# Fill Sun Mar 15 09:39:06 CET 2026
recon-all -s sub-v2s10x28967_ses-1 finished without error at Sun Mar 15 09:39:44 CET 2026



#New# invocation of recon-all 



status file for recon-all
Sun Mar 15 10:38:34 CET 2026
#@# white curv lh Sun Mar 15 10:38:34 CET 2026
#@# white area lh Sun Mar 15 10:38:34 CET 2026
#@# pial curv lh Sun Mar 15 10:38:34 CET 2026
#@# pial area lh Sun Mar 15 10:38:34 CET 2026
#@# thickness lh Sun Mar 15 10:38:34 CET 2026
#@# area and vertex vol lh Sun Mar 15 10:38:34 CET 2026
#@# white curv rh Sun Mar 15 10:38:34 CET 2026
#@# white area rh Sun Mar 15 10:38:34 CET 2026
#@# pial curv rh Sun Mar 15 10:38:34 CET 2026
#@# pial area rh Sun Mar 15 10:38:34 CET 2026
#@# thickness rh Sun Mar 15 10:38:34 CET 2026
#@# area and vertex vol rh Sun Mar 15 10:38:34 CET 2026
#@# Cortical ribbon mask Sun Mar 15 10:38:34 CET 2026
recon-all -s sub-v2s10x28967_ses-1 finished without error at Sun Mar 15 10:42:13 CET 2026



#New# invocation of recon-all 



status file for recon-all
Sun Mar 15 10:47:20 CET 2026
#@# white curv lh Sun Mar 15 10:47:20 CET 2026
#@# white area lh Sun Mar 15 10:47:20 CET 2026
#@# pial curv lh Sun Mar 15 10:47:20 CET 2026
#@# pial area lh Sun Mar 15 10:47:20 CET 2026
#@# thickness lh Sun Mar 15 10:47:20 CET 2026
#@# area and vertex vol lh Sun Mar 15 10:47:20 CET 2026
#@# white curv rh Sun Mar 15 10:47:20 CET 2026
#@# white area rh Sun Mar 15 10:47:20 CET 2026
#@# pial curv rh Sun Mar 15 10:47:20 CET 2026
#@# pial area rh Sun Mar 15 10:47:20 CET 2026
#@# thickness rh Sun Mar 15 10:47:20 CET 2026
#@# area and vertex vol rh Sun Mar 15 10:47:20 CET 2026
#@# Curvature Stats lh Sun Mar 15 10:47:20 CET 2026
#@# Curvature Stats rh Sun Mar 15 10:47:22 CET 2026
#@# Relabel Hypointensities Sun Mar 15 10:47:24 CET 2026
#@# APas-to-ASeg Sun Mar 15 10:47:34 CET 2026
#@# AParc-to-ASeg aparc Sun Mar 15 10:47:41 CET 2026
#@# AParc-to-ASeg aparc.a2009s Sun Mar 15 10:48:08 CET 2026
#@# AParc-to-ASeg aparc.DKTatlas Sun Mar 15 10:48:33 CET 2026
#@# WMParc Sun Mar 15 10:48:56 CET 2026
#@# ASeg Stats Sun Mar 15 10:50:44 CET 2026
recon-all -s sub-v2s10x28967_ses-1 finished without error at Sun Mar 15 10:51:05 CET 2026
