status file for recon-all
Sun Mar 15 09:39:48 CET 2026
#@# Tessellate lh Sun Mar 15 09:39:48 CET 2026
#@# Smooth1 lh Sun Mar 15 09:39:51 CET 2026
#@# Inflation1 lh Sun Mar 15 09:39:53 CET 2026
#@# QSphere lh Sun Mar 15 09:40:05 CET 2026
#@# Fix Topology lh Sun Mar 15 09:42:04 CET 2026
#@# Smooth2 lh Sun Mar 15 09:47:56 CET 2026
#@# Inflation2 lh Sun Mar 15 09:47:59 CET 2026
#@# Curv .H and .K lh Sun Mar 15 09:48:11 CET 2026
#@# Sphere lh Sun Mar 15 09:48:47 CET 2026
#@# Surf Reg lh Sun Mar 15 09:54:58 CET 2026
#@# Jacobian white lh Sun Mar 15 09:58:35 CET 2026
#@# AvgCurv lh Sun Mar 15 09:58:36 CET 2026
#@# Cortical Parc lh Sun Mar 15 09:58:36 CET 2026
#@# white curv lh Sun Mar 15 10:04:30 CET 2026
#@# white area lh Sun Mar 15 10:04:31 CET 2026
#@# pial curv lh Sun Mar 15 10:04:32 CET 2026
#@# pial area lh Sun Mar 15 10:04:33 CET 2026
#@# thickness lh Sun Mar 15 10:04:33 CET 2026
#@# area and vertex vol lh Sun Mar 15 10:04:51 CET 2026
#@# Curvature Stats lh Sun Mar 15 10:04:53 CET 2026
#@# Cortical Parc 2 lh Sun Mar 15 10:04:54 CET 2026
#@# Cortical Parc 3 lh Sun Mar 15 10:05:04 CET 2026
#@# WM/GM Contrast lh Sun Mar 15 10:05:12 CET 2026
recon-all -s sub-v2s10x28967_ses-1 finished without error at Sun Mar 15 10:05:14 CET 2026



#New# invocation of recon-all 



status file for recon-all
Sun Mar 15 10:42:16 CET 2026
#@# white curv lh Sun Mar 15 10:42:16 CET 2026
#@# white area lh Sun Mar 15 10:42:16 CET 2026
#@# pial curv lh Sun Mar 15 10:42:16 CET 2026
#@# pial area lh Sun Mar 15 10:42:16 CET 2026
#@# thickness lh Sun Mar 15 10:42:16 CET 2026
#@# area and vertex vol lh Sun Mar 15 10:42:16 CET 2026
#@# Parcellation Stats lh Sun Mar 15 10:42:16 CET 2026
#@# Parcellation Stats 2 lh Sun Mar 15 10:42:31 CET 2026
#@# Parcellation Stats 3 lh Sun Mar 15 10:42:38 CET 2026
#@# BA_exvivo Labels lh Sun Mar 15 10:42:45 CET 2026
recon-all -s sub-v2s10x28967_ses-1 finished without error at Sun Mar 15 10:44:45 CET 2026
