status file for recon-all
Sun Mar 15 10:05:16 CET 2026
#@# Tessellate rh Sun Mar 15 10:05:16 CET 2026
#@# Smooth1 rh Sun Mar 15 10:05:18 CET 2026
#@# Inflation1 rh Sun Mar 15 10:05:20 CET 2026
#@# QSphere rh Sun Mar 15 10:05:33 CET 2026
#@# Fix Topology rh Sun Mar 15 10:06:34 CET 2026
#@# Smooth2 rh Sun Mar 15 10:11:31 CET 2026
#@# Inflation2 rh Sun Mar 15 10:11:33 CET 2026
#@# Curv .H and .K rh Sun Mar 15 10:11:47 CET 2026
#@# Sphere rh Sun Mar 15 10:12:22 CET 2026
#@# Surf Reg rh Sun Mar 15 10:16:21 CET 2026
#@# Jacobian white rh Sun Mar 15 10:31:37 CET 2026
#@# AvgCurv rh Sun Mar 15 10:31:38 CET 2026
#@# Cortical Parc rh Sun Mar 15 10:31:39 CET 2026
#@# white curv rh Sun Mar 15 10:37:46 CET 2026
#@# white area rh Sun Mar 15 10:37:48 CET 2026
#@# pial curv rh Sun Mar 15 10:37:48 CET 2026
#@# pial area rh Sun Mar 15 10:37:49 CET 2026
#@# thickness rh Sun Mar 15 10:37:50 CET 2026
#@# area and vertex vol rh Sun Mar 15 10:38:07 CET 2026
#@# Curvature Stats rh Sun Mar 15 10:38:09 CET 2026
#@# Cortical Parc 2 rh Sun Mar 15 10:38:10 CET 2026
#@# Cortical Parc 3 rh Sun Mar 15 10:38:20 CET 2026
#@# WM/GM Contrast rh Sun Mar 15 10:38:27 CET 2026
recon-all -s sub-v2s10x28967_ses-1 finished without error at Sun Mar 15 10:38:30 CET 2026



#New# invocation of recon-all 



status file for recon-all
Sun Mar 15 10:44:46 CET 2026
#@# white curv rh Sun Mar 15 10:44:46 CET 2026
#@# white area rh Sun Mar 15 10:44:46 CET 2026
#@# pial curv rh Sun Mar 15 10:44:47 CET 2026
#@# pial area rh Sun Mar 15 10:44:47 CET 2026
#@# thickness rh Sun Mar 15 10:44:47 CET 2026
#@# area and vertex vol rh Sun Mar 15 10:44:47 CET 2026
#@# Parcellation Stats rh Sun Mar 15 10:44:47 CET 2026
#@# Parcellation Stats 2 rh Sun Mar 15 10:45:01 CET 2026
#@# Parcellation Stats 3 rh Sun Mar 15 10:45:08 CET 2026
#@# BA_exvivo Labels rh Sun Mar 15 10:45:15 CET 2026
recon-all -s sub-v2s10x28967_ses-1 finished without error at Sun Mar 15 10:47:15 CET 2026
