status file for recon-all
Sun Mar 15 09:22:08 CET 2026
#@# Tessellate lh Sun Mar 15 09:22:08 CET 2026
#@# Smooth1 lh Sun Mar 15 09:22:10 CET 2026
#@# Inflation1 lh Sun Mar 15 09:22:12 CET 2026
#@# QSphere lh Sun Mar 15 09:22:20 CET 2026
#@# Fix Topology lh Sun Mar 15 09:23:06 CET 2026
#@# Smooth2 lh Sun Mar 15 09:27:22 CET 2026
#@# Inflation2 lh Sun Mar 15 09:27:24 CET 2026
#@# Curv .H and .K lh Sun Mar 15 09:27:33 CET 2026
#@# Sphere lh Sun Mar 15 09:28:10 CET 2026
#@# Surf Reg lh Sun Mar 15 09:30:32 CET 2026
#@# Jacobian white lh Sun Mar 15 09:33:08 CET 2026
#@# AvgCurv lh Sun Mar 15 09:33:09 CET 2026
#@# Cortical Parc lh Sun Mar 15 09:33:10 CET 2026
#@# white curv lh Sun Mar 15 09:38:18 CET 2026
#@# white area lh Sun Mar 15 09:38:19 CET 2026
#@# pial curv lh Sun Mar 15 09:38:20 CET 2026
#@# pial area lh Sun Mar 15 09:38:21 CET 2026
#@# thickness lh Sun Mar 15 09:38:22 CET 2026
#@# area and vertex vol lh Sun Mar 15 09:38:41 CET 2026
#@# Curvature Stats lh Sun Mar 15 09:38:42 CET 2026
#@# Cortical Parc 2 lh Sun Mar 15 09:38:44 CET 2026
#@# Cortical Parc 3 lh Sun Mar 15 09:38:54 CET 2026
#@# WM/GM Contrast lh Sun Mar 15 09:39:01 CET 2026
recon-all -s sub-v2s10x28961_ses-1 finished without error at Sun Mar 15 09:39:03 CET 2026



#New# invocation of recon-all 



status file for recon-all
Sun Mar 15 09:59:10 CET 2026
#@# white curv lh Sun Mar 15 09:59:10 CET 2026
#@# white area lh Sun Mar 15 09:59:10 CET 2026
#@# pial curv lh Sun Mar 15 09:59:10 CET 2026
#@# pial area lh Sun Mar 15 09:59:10 CET 2026
#@# thickness lh Sun Mar 15 09:59:10 CET 2026
#@# area and vertex vol lh Sun Mar 15 09:59:10 CET 2026
#@# Parcellation Stats lh Sun Mar 15 09:59:10 CET 2026
#@# Parcellation Stats 2 lh Sun Mar 15 09:59:25 CET 2026
#@# Parcellation Stats 3 lh Sun Mar 15 09:59:33 CET 2026
#@# BA_exvivo Labels lh Sun Mar 15 09:59:41 CET 2026
recon-all -s sub-v2s10x28961_ses-1 finished without error at Sun Mar 15 10:01:30 CET 2026
