status file for recon-all
Sun Mar 15 08:11:53 CET 2026
#@# MotionCor Sun Mar 15 08:11:54 CET 2026
#@# Talairach Sun Mar 15 08:12:00 CET 2026
#@# Talairach Failure Detection Sun Mar 15 08:14:50 CET 2026
#@# Nu Intensity Correction Sun Mar 15 08:14:50 CET 2026
#@# Intensity Normalization Sun Mar 15 08:17:35 CET 2026
recon-all -s sub-v2s10x28927_ses-1 finished without error at Sun Mar 15 08:18:42 CET 2026



#New# invocation of recon-all 



status file for recon-all
Sun Mar 15 08:24:28 CET 2026
#@# EM Registration Sun Mar 15 08:24:28 CET 2026
recon-all -s sub-v2s10x28927_ses-1 finished without error at Sun Mar 15 08:26:05 CET 2026



#New# invocation of recon-all 



status file for recon-all
Sun Mar 15 08:26:06 CET 2026
#@# CA Normalize Sun Mar 15 08:26:06 CET 2026
#@# CA Reg Sun Mar 15 08:26:59 CET 2026
#@# SubCort Seg Sun Mar 15 09:11:11 CET 2026
#@# CC Seg Sun Mar 15 09:33:46 CET 2026
#@# Merge ASeg Sun Mar 15 09:34:09 CET 2026
#@# Intensity Normalization2 Sun Mar 15 09:34:09 CET 2026
#@# Mask BFS Sun Mar 15 09:35:39 CET 2026
#@# WM Segmentation Sun Mar 15 09:35:39 CET 2026
#@# Fill Sun Mar 15 09:37:20 CET 2026
recon-all -s sub-v2s10x28927_ses-1 finished without error at Sun Mar 15 09:37:56 CET 2026



#New# invocation of recon-all 



status file for recon-all
Sun Mar 15 10:21:38 CET 2026
#@# white curv lh Sun Mar 15 10:21:38 CET 2026
#@# white area lh Sun Mar 15 10:21:38 CET 2026
#@# pial curv lh Sun Mar 15 10:21:38 CET 2026
#@# pial area lh Sun Mar 15 10:21:38 CET 2026
#@# thickness lh Sun Mar 15 10:21:38 CET 2026
#@# area and vertex vol lh Sun Mar 15 10:21:38 CET 2026
#@# white curv rh Sun Mar 15 10:21:38 CET 2026
#@# white area rh Sun Mar 15 10:21:38 CET 2026
#@# pial curv rh Sun Mar 15 10:21:38 CET 2026
#@# pial area rh Sun Mar 15 10:21:38 CET 2026
#@# thickness rh Sun Mar 15 10:21:38 CET 2026
#@# area and vertex vol rh Sun Mar 15 10:21:38 CET 2026
#@# Cortical ribbon mask Sun Mar 15 10:21:38 CET 2026
recon-all -s sub-v2s10x28927_ses-1 finished without error at Sun Mar 15 10:25:27 CET 2026



#New# invocation of recon-all 



status file for recon-all
Sun Mar 15 10:30:56 CET 2026
#@# white curv lh Sun Mar 15 10:30:56 CET 2026
#@# white area lh Sun Mar 15 10:30:56 CET 2026
#@# pial curv lh Sun Mar 15 10:30:56 CET 2026
#@# pial area lh Sun Mar 15 10:30:56 CET 2026
#@# thickness lh Sun Mar 15 10:30:56 CET 2026
#@# area and vertex vol lh Sun Mar 15 10:30:56 CET 2026
#@# white curv rh Sun Mar 15 10:30:56 CET 2026
#@# white area rh Sun Mar 15 10:30:57 CET 2026
#@# pial curv rh Sun Mar 15 10:30:57 CET 2026
#@# pial area rh Sun Mar 15 10:30:57 CET 2026
#@# thickness rh Sun Mar 15 10:30:57 CET 2026
#@# area and vertex vol rh Sun Mar 15 10:30:57 CET 2026
#@# Curvature Stats lh Sun Mar 15 10:30:57 CET 2026
#@# Curvature Stats rh Sun Mar 15 10:30:58 CET 2026
#@# Relabel Hypointensities Sun Mar 15 10:31:00 CET 2026
#@# APas-to-ASeg Sun Mar 15 10:31:12 CET 2026
#@# AParc-to-ASeg aparc Sun Mar 15 10:31:18 CET 2026
#@# AParc-to-ASeg aparc.a2009s Sun Mar 15 10:31:46 CET 2026
#@# AParc-to-ASeg aparc.DKTatlas Sun Mar 15 10:32:14 CET 2026
#@# WMParc Sun Mar 15 10:32:42 CET 2026
#@# ASeg Stats Sun Mar 15 10:34:58 CET 2026
recon-all -s sub-v2s10x28927_ses-1 finished without error at Sun Mar 15 10:35:18 CET 2026
