status file for recon-all
Sun Mar 15 09:58:10 CET 2026
#@# Tessellate rh Sun Mar 15 09:58:10 CET 2026
#@# Smooth1 rh Sun Mar 15 09:58:13 CET 2026
#@# Inflation1 rh Sun Mar 15 09:58:15 CET 2026
#@# QSphere rh Sun Mar 15 09:58:30 CET 2026
#@# Fix Topology rh Sun Mar 15 09:59:32 CET 2026
#@# Smooth2 rh Sun Mar 15 10:04:21 CET 2026
#@# Inflation2 rh Sun Mar 15 10:04:23 CET 2026
#@# Curv .H and .K rh Sun Mar 15 10:04:38 CET 2026
#@# Sphere rh Sun Mar 15 10:05:19 CET 2026
#@# Surf Reg rh Sun Mar 15 10:09:25 CET 2026
#@# Jacobian white rh Sun Mar 15 10:13:35 CET 2026
#@# AvgCurv rh Sun Mar 15 10:13:36 CET 2026
#@# Cortical Parc rh Sun Mar 15 10:13:37 CET 2026
#@# white curv rh Sun Mar 15 10:20:45 CET 2026
#@# white area rh Sun Mar 15 10:20:46 CET 2026
#@# pial curv rh Sun Mar 15 10:20:47 CET 2026
#@# pial area rh Sun Mar 15 10:20:48 CET 2026
#@# thickness rh Sun Mar 15 10:20:49 CET 2026
#@# area and vertex vol rh Sun Mar 15 10:21:11 CET 2026
#@# Curvature Stats rh Sun Mar 15 10:21:12 CET 2026
#@# Cortical Parc 2 rh Sun Mar 15 10:21:14 CET 2026
#@# Cortical Parc 3 rh Sun Mar 15 10:21:25 CET 2026
#@# WM/GM Contrast rh Sun Mar 15 10:21:32 CET 2026
recon-all -s sub-v2s10x28927_ses-1 finished without error at Sun Mar 15 10:21:35 CET 2026



#New# invocation of recon-all 



status file for recon-all
Sun Mar 15 10:28:10 CET 2026
#@# white curv rh Sun Mar 15 10:28:10 CET 2026
#@# white area rh Sun Mar 15 10:28:10 CET 2026
#@# pial curv rh Sun Mar 15 10:28:10 CET 2026
#@# pial area rh Sun Mar 15 10:28:10 CET 2026
#@# thickness rh Sun Mar 15 10:28:10 CET 2026
#@# area and vertex vol rh Sun Mar 15 10:28:10 CET 2026
#@# Parcellation Stats rh Sun Mar 15 10:28:10 CET 2026
#@# Parcellation Stats 2 rh Sun Mar 15 10:28:28 CET 2026
#@# Parcellation Stats 3 rh Sun Mar 15 10:28:37 CET 2026
#@# BA_exvivo Labels rh Sun Mar 15 10:28:45 CET 2026
recon-all -s sub-v2s10x28927_ses-1 finished without error at Sun Mar 15 10:30:51 CET 2026
