status file for recon-all
Sun Mar 15 10:13:38 CET 2026
#@# Tessellate rh Sun Mar 15 10:13:38 CET 2026
#@# Smooth1 rh Sun Mar 15 10:13:42 CET 2026
#@# Inflation1 rh Sun Mar 15 10:13:45 CET 2026
#@# QSphere rh Sun Mar 15 10:13:58 CET 2026
#@# Fix Topology rh Sun Mar 15 10:15:17 CET 2026
#@# Smooth2 rh Sun Mar 15 10:21:44 CET 2026
#@# Inflation2 rh Sun Mar 15 10:21:47 CET 2026
#@# Curv .H and .K rh Sun Mar 15 10:22:02 CET 2026
#@# Sphere rh Sun Mar 15 10:22:54 CET 2026
#@# Surf Reg rh Sun Mar 15 10:27:02 CET 2026
#@# Jacobian white rh Sun Mar 15 10:32:03 CET 2026
#@# AvgCurv rh Sun Mar 15 10:32:04 CET 2026
#@# Cortical Parc rh Sun Mar 15 10:32:05 CET 2026
#@# white curv rh Sun Mar 15 10:39:17 CET 2026
#@# white area rh Sun Mar 15 10:39:19 CET 2026
#@# pial curv rh Sun Mar 15 10:39:19 CET 2026
#@# pial area rh Sun Mar 15 10:39:22 CET 2026
#@# thickness rh Sun Mar 15 10:39:22 CET 2026
#@# area and vertex vol rh Sun Mar 15 10:39:55 CET 2026
#@# Curvature Stats rh Sun Mar 15 10:39:57 CET 2026
#@# Cortical Parc 2 rh Sun Mar 15 10:39:59 CET 2026
#@# Cortical Parc 3 rh Sun Mar 15 10:40:14 CET 2026
#@# WM/GM Contrast rh Sun Mar 15 10:40:25 CET 2026
recon-all -s sub-v2s10x28978_ses-1 finished without error at Sun Mar 15 10:40:28 CET 2026



#New# invocation of recon-all 



status file for recon-all
Sun Mar 15 10:50:12 CET 2026
#@# white curv rh Sun Mar 15 10:50:12 CET 2026
#@# white area rh Sun Mar 15 10:50:12 CET 2026
#@# pial curv rh Sun Mar 15 10:50:12 CET 2026
#@# pial area rh Sun Mar 15 10:50:12 CET 2026
#@# thickness rh Sun Mar 15 10:50:12 CET 2026
#@# area and vertex vol rh Sun Mar 15 10:50:12 CET 2026
#@# Parcellation Stats rh Sun Mar 15 10:50:12 CET 2026
#@# Parcellation Stats 2 rh Sun Mar 15 10:50:38 CET 2026
#@# Parcellation Stats 3 rh Sun Mar 15 10:50:49 CET 2026
#@# BA_exvivo Labels rh Sun Mar 15 10:50:59 CET 2026
recon-all -s sub-v2s10x28978_ses-1 finished without error at Sun Mar 15 10:53:44 CET 2026
