status file for recon-all
Sun Mar 15 08:12:14 CET 2026
#@# MotionCor Sun Mar 15 08:12:16 CET 2026
#@# Talairach Sun Mar 15 08:12:23 CET 2026
#@# Talairach Failure Detection Sun Mar 15 08:16:46 CET 2026
#@# Nu Intensity Correction Sun Mar 15 08:16:46 CET 2026
#@# Intensity Normalization Sun Mar 15 08:19:58 CET 2026
recon-all -s sub-v2s10x28988_ses-1 finished without error at Sun Mar 15 08:21:27 CET 2026



#New# invocation of recon-all 



status file for recon-all
Sun Mar 15 08:27:59 CET 2026
#@# EM Registration Sun Mar 15 08:27:59 CET 2026
recon-all -s sub-v2s10x28988_ses-1 finished without error at Sun Mar 15 08:29:27 CET 2026



#New# invocation of recon-all 



status file for recon-all
Sun Mar 15 08:29:29 CET 2026
#@# CA Normalize Sun Mar 15 08:29:29 CET 2026
#@# CA Reg Sun Mar 15 08:30:53 CET 2026
#@# SubCort Seg Sun Mar 15 09:07:53 CET 2026
#@# CC Seg Sun Mar 15 09:34:26 CET 2026
#@# Merge ASeg Sun Mar 15 09:34:57 CET 2026
#@# Intensity Normalization2 Sun Mar 15 09:34:57 CET 2026
#@# Mask BFS Sun Mar 15 09:37:14 CET 2026
#@# WM Segmentation Sun Mar 15 09:37:14 CET 2026
#@# Fill Sun Mar 15 09:39:06 CET 2026
recon-all -s sub-v2s10x28988_ses-1 finished without error at Sun Mar 15 09:40:07 CET 2026



#New# invocation of recon-all 



status file for recon-all
Sun Mar 15 10:13:01 CET 2026
#@# white curv lh Sun Mar 15 10:13:01 CET 2026
#@# white area lh Sun Mar 15 10:13:01 CET 2026
#@# pial curv lh Sun Mar 15 10:13:01 CET 2026
#@# pial area lh Sun Mar 15 10:13:01 CET 2026
#@# thickness lh Sun Mar 15 10:13:01 CET 2026
#@# area and vertex vol lh Sun Mar 15 10:13:01 CET 2026
#@# white curv rh Sun Mar 15 10:13:01 CET 2026
#@# white area rh Sun Mar 15 10:13:01 CET 2026
#@# pial curv rh Sun Mar 15 10:13:01 CET 2026
#@# pial area rh Sun Mar 15 10:13:01 CET 2026
#@# thickness rh Sun Mar 15 10:13:01 CET 2026
#@# area and vertex vol rh Sun Mar 15 10:13:01 CET 2026
#@# Cortical ribbon mask Sun Mar 15 10:13:02 CET 2026
recon-all -s sub-v2s10x28988_ses-1 finished without error at Sun Mar 15 10:16:47 CET 2026



#New# invocation of recon-all 



status file for recon-all
Sun Mar 15 10:22:09 CET 2026
#@# white curv lh Sun Mar 15 10:22:09 CET 2026
#@# white area lh Sun Mar 15 10:22:09 CET 2026
#@# pial curv lh Sun Mar 15 10:22:09 CET 2026
#@# pial area lh Sun Mar 15 10:22:09 CET 2026
#@# thickness lh Sun Mar 15 10:22:09 CET 2026
#@# area and vertex vol lh Sun Mar 15 10:22:09 CET 2026
#@# white curv rh Sun Mar 15 10:22:09 CET 2026
#@# white area rh Sun Mar 15 10:22:09 CET 2026
#@# pial curv rh Sun Mar 15 10:22:09 CET 2026
#@# pial area rh Sun Mar 15 10:22:09 CET 2026
#@# thickness rh Sun Mar 15 10:22:09 CET 2026
#@# area and vertex vol rh Sun Mar 15 10:22:09 CET 2026
#@# Curvature Stats lh Sun Mar 15 10:22:09 CET 2026
#@# Curvature Stats rh Sun Mar 15 10:22:11 CET 2026
#@# Relabel Hypointensities Sun Mar 15 10:22:13 CET 2026
#@# APas-to-ASeg Sun Mar 15 10:22:27 CET 2026
#@# AParc-to-ASeg aparc Sun Mar 15 10:22:33 CET 2026
#@# AParc-to-ASeg aparc.a2009s Sun Mar 15 10:23:00 CET 2026
#@# AParc-to-ASeg aparc.DKTatlas Sun Mar 15 10:23:31 CET 2026
#@# WMParc Sun Mar 15 10:23:58 CET 2026
#@# ASeg Stats Sun Mar 15 10:27:18 CET 2026
recon-all -s sub-v2s10x28988_ses-1 finished without error at Sun Mar 15 10:27:47 CET 2026
