status file for recon-all
Sun Mar 15 09:23:00 CET 2026
#@# Tessellate lh Sun Mar 15 09:23:00 CET 2026
#@# Smooth1 lh Sun Mar 15 09:23:02 CET 2026
#@# Inflation1 lh Sun Mar 15 09:23:04 CET 2026
#@# QSphere lh Sun Mar 15 09:23:12 CET 2026
#@# Fix Topology lh Sun Mar 15 09:23:57 CET 2026
#@# Smooth2 lh Sun Mar 15 09:28:03 CET 2026
#@# Inflation2 lh Sun Mar 15 09:28:05 CET 2026
#@# Curv .H and .K lh Sun Mar 15 09:28:13 CET 2026
#@# Sphere lh Sun Mar 15 09:28:52 CET 2026
#@# Surf Reg lh Sun Mar 15 09:31:00 CET 2026
#@# Jacobian white lh Sun Mar 15 09:33:34 CET 2026
#@# AvgCurv lh Sun Mar 15 09:33:34 CET 2026
#@# Cortical Parc lh Sun Mar 15 09:33:35 CET 2026
#@# white curv lh Sun Mar 15 09:39:18 CET 2026
#@# white area lh Sun Mar 15 09:39:19 CET 2026
#@# pial curv lh Sun Mar 15 09:39:20 CET 2026
#@# pial area lh Sun Mar 15 09:39:21 CET 2026
#@# thickness lh Sun Mar 15 09:39:21 CET 2026
#@# area and vertex vol lh Sun Mar 15 09:39:42 CET 2026
#@# Curvature Stats lh Sun Mar 15 09:39:43 CET 2026
#@# Cortical Parc 2 lh Sun Mar 15 09:39:45 CET 2026
#@# Cortical Parc 3 lh Sun Mar 15 09:39:55 CET 2026
#@# WM/GM Contrast lh Sun Mar 15 09:40:02 CET 2026
recon-all -s sub-v2s10x28930_ses-1 finished without error at Sun Mar 15 09:40:05 CET 2026



#New# invocation of recon-all 



status file for recon-all
Sun Mar 15 10:02:02 CET 2026
#@# white curv lh Sun Mar 15 10:02:02 CET 2026
#@# white area lh Sun Mar 15 10:02:02 CET 2026
#@# pial curv lh Sun Mar 15 10:02:02 CET 2026
#@# pial area lh Sun Mar 15 10:02:02 CET 2026
#@# thickness lh Sun Mar 15 10:02:02 CET 2026
#@# area and vertex vol lh Sun Mar 15 10:02:02 CET 2026
#@# Parcellation Stats lh Sun Mar 15 10:02:02 CET 2026
#@# Parcellation Stats 2 lh Sun Mar 15 10:02:18 CET 2026
#@# Parcellation Stats 3 lh Sun Mar 15 10:02:26 CET 2026
#@# BA_exvivo Labels lh Sun Mar 15 10:02:34 CET 2026
recon-all -s sub-v2s10x28930_ses-1 finished without error at Sun Mar 15 10:04:28 CET 2026
