status file for recon-all
Sun Mar 15 09:24:24 CET 2026
#@# Tessellate lh Sun Mar 15 09:24:24 CET 2026
#@# Smooth1 lh Sun Mar 15 09:24:27 CET 2026
#@# Inflation1 lh Sun Mar 15 09:24:29 CET 2026
#@# QSphere lh Sun Mar 15 09:24:38 CET 2026
#@# Fix Topology lh Sun Mar 15 09:25:18 CET 2026
#@# Smooth2 lh Sun Mar 15 09:30:21 CET 2026
#@# Inflation2 lh Sun Mar 15 09:30:23 CET 2026
#@# Curv .H and .K lh Sun Mar 15 09:30:33 CET 2026
#@# Sphere lh Sun Mar 15 09:31:14 CET 2026
#@# Surf Reg lh Sun Mar 15 09:35:24 CET 2026
#@# Jacobian white lh Sun Mar 15 09:39:49 CET 2026
#@# AvgCurv lh Sun Mar 15 09:39:49 CET 2026
#@# Cortical Parc lh Sun Mar 15 09:39:50 CET 2026
#@# white curv lh Sun Mar 15 09:45:56 CET 2026
#@# white area lh Sun Mar 15 09:45:58 CET 2026
#@# pial curv lh Sun Mar 15 09:45:58 CET 2026
#@# pial area lh Sun Mar 15 09:45:59 CET 2026
#@# thickness lh Sun Mar 15 09:46:00 CET 2026
#@# area and vertex vol lh Sun Mar 15 09:46:22 CET 2026
#@# Curvature Stats lh Sun Mar 15 09:46:23 CET 2026
#@# Cortical Parc 2 lh Sun Mar 15 09:46:25 CET 2026
#@# Cortical Parc 3 lh Sun Mar 15 09:46:36 CET 2026
#@# WM/GM Contrast lh Sun Mar 15 09:46:43 CET 2026
recon-all -s sub-v2s10x28960_ses-1 finished without error at Sun Mar 15 09:46:45 CET 2026



#New# invocation of recon-all 



status file for recon-all
Sun Mar 15 10:11:26 CET 2026
#@# white curv lh Sun Mar 15 10:11:26 CET 2026
#@# white area lh Sun Mar 15 10:11:26 CET 2026
#@# pial curv lh Sun Mar 15 10:11:26 CET 2026
#@# pial area lh Sun Mar 15 10:11:26 CET 2026
#@# thickness lh Sun Mar 15 10:11:26 CET 2026
#@# area and vertex vol lh Sun Mar 15 10:11:26 CET 2026
#@# Parcellation Stats lh Sun Mar 15 10:11:26 CET 2026
#@# Parcellation Stats 2 lh Sun Mar 15 10:11:44 CET 2026
#@# Parcellation Stats 3 lh Sun Mar 15 10:11:53 CET 2026
#@# BA_exvivo Labels lh Sun Mar 15 10:12:02 CET 2026
recon-all -s sub-v2s10x28960_ses-1 finished without error at Sun Mar 15 10:14:00 CET 2026
