status file for recon-all
Sun Mar 15 08:11:11 CET 2026
#@# MotionCor Sun Mar 15 08:11:13 CET 2026
#@# Talairach Sun Mar 15 08:11:18 CET 2026
#@# Talairach Failure Detection Sun Mar 15 08:14:07 CET 2026
#@# Nu Intensity Correction Sun Mar 15 08:14:08 CET 2026
#@# Intensity Normalization Sun Mar 15 08:16:51 CET 2026
recon-all -s sub-v2s10x28948_ses-1 finished without error at Sun Mar 15 08:17:52 CET 2026



#New# invocation of recon-all 



status file for recon-all
Sun Mar 15 08:23:24 CET 2026
#@# EM Registration Sun Mar 15 08:23:24 CET 2026
recon-all -s sub-v2s10x28948_ses-1 finished without error at Sun Mar 15 08:24:28 CET 2026



#New# invocation of recon-all 



status file for recon-all
Sun Mar 15 08:24:30 CET 2026
#@# CA Normalize Sun Mar 15 08:24:30 CET 2026
#@# CA Reg Sun Mar 15 08:25:22 CET 2026
#@# SubCort Seg Sun Mar 15 08:58:52 CET 2026
#@# CC Seg Sun Mar 15 09:20:17 CET 2026
#@# Merge ASeg Sun Mar 15 09:20:40 CET 2026
#@# Intensity Normalization2 Sun Mar 15 09:20:40 CET 2026
#@# Mask BFS Sun Mar 15 09:22:04 CET 2026
#@# WM Segmentation Sun Mar 15 09:22:05 CET 2026
#@# Fill Sun Mar 15 09:23:40 CET 2026
recon-all -s sub-v2s10x28948_ses-1 finished without error at Sun Mar 15 09:24:17 CET 2026



#New# invocation of recon-all 



status file for recon-all
Sun Mar 15 09:58:06 CET 2026
#@# white curv lh Sun Mar 15 09:58:06 CET 2026
#@# white area lh Sun Mar 15 09:58:06 CET 2026
#@# pial curv lh Sun Mar 15 09:58:06 CET 2026
#@# pial area lh Sun Mar 15 09:58:06 CET 2026
#@# thickness lh Sun Mar 15 09:58:06 CET 2026
#@# area and vertex vol lh Sun Mar 15 09:58:06 CET 2026
#@# white curv rh Sun Mar 15 09:58:06 CET 2026
#@# white area rh Sun Mar 15 09:58:06 CET 2026
#@# pial curv rh Sun Mar 15 09:58:06 CET 2026
#@# pial area rh Sun Mar 15 09:58:06 CET 2026
#@# thickness rh Sun Mar 15 09:58:06 CET 2026
#@# area and vertex vol rh Sun Mar 15 09:58:06 CET 2026
#@# Cortical ribbon mask Sun Mar 15 09:58:06 CET 2026
recon-all -s sub-v2s10x28948_ses-1 finished without error at Sun Mar 15 10:02:28 CET 2026



#New# invocation of recon-all 



status file for recon-all
Sun Mar 15 10:07:22 CET 2026
#@# white curv lh Sun Mar 15 10:07:22 CET 2026
#@# white area lh Sun Mar 15 10:07:22 CET 2026
#@# pial curv lh Sun Mar 15 10:07:22 CET 2026
#@# pial area lh Sun Mar 15 10:07:22 CET 2026
#@# thickness lh Sun Mar 15 10:07:22 CET 2026
#@# area and vertex vol lh Sun Mar 15 10:07:22 CET 2026
#@# white curv rh Sun Mar 15 10:07:22 CET 2026
#@# white area rh Sun Mar 15 10:07:22 CET 2026
#@# pial curv rh Sun Mar 15 10:07:22 CET 2026
#@# pial area rh Sun Mar 15 10:07:22 CET 2026
#@# thickness rh Sun Mar 15 10:07:22 CET 2026
#@# area and vertex vol rh Sun Mar 15 10:07:22 CET 2026
#@# Curvature Stats lh Sun Mar 15 10:07:22 CET 2026
#@# Curvature Stats rh Sun Mar 15 10:07:24 CET 2026
#@# Relabel Hypointensities Sun Mar 15 10:07:25 CET 2026
#@# APas-to-ASeg Sun Mar 15 10:07:36 CET 2026
#@# AParc-to-ASeg aparc Sun Mar 15 10:07:42 CET 2026
#@# AParc-to-ASeg aparc.a2009s Sun Mar 15 10:08:08 CET 2026
#@# AParc-to-ASeg aparc.DKTatlas Sun Mar 15 10:08:34 CET 2026
#@# WMParc Sun Mar 15 10:08:59 CET 2026
#@# ASeg Stats Sun Mar 15 10:10:39 CET 2026
recon-all -s sub-v2s10x28948_ses-1 finished without error at Sun Mar 15 10:10:55 CET 2026
