status file for recon-all
Sun Mar 15 11:29:29 CET 2026
#@# MotionCor Sun Mar 15 11:29:30 CET 2026
#@# Talairach Sun Mar 15 11:29:36 CET 2026
#@# Talairach Failure Detection Sun Mar 15 11:32:26 CET 2026
#@# Nu Intensity Correction Sun Mar 15 11:32:26 CET 2026
#@# Intensity Normalization Sun Mar 15 11:35:13 CET 2026
recon-all -s sub-v2s10x30166_ses-1 finished without error at Sun Mar 15 11:36:06 CET 2026



#New# invocation of recon-all 



status file for recon-all
Sun Mar 15 11:42:01 CET 2026
#@# EM Registration Sun Mar 15 11:42:01 CET 2026
recon-all -s sub-v2s10x30166_ses-1 finished without error at Sun Mar 15 11:55:01 CET 2026



#New# invocation of recon-all 



status file for recon-all
Sun Mar 15 11:55:04 CET 2026
#@# CA Normalize Sun Mar 15 11:55:04 CET 2026
#@# CA Reg Sun Mar 15 11:55:56 CET 2026
#@# SubCort Seg Sun Mar 15 12:38:44 CET 2026
#@# CC Seg Sun Mar 15 12:57:23 CET 2026
#@# Merge ASeg Sun Mar 15 12:57:49 CET 2026
#@# Intensity Normalization2 Sun Mar 15 12:57:49 CET 2026
#@# Mask BFS Sun Mar 15 12:59:12 CET 2026
#@# WM Segmentation Sun Mar 15 12:59:13 CET 2026
#@# Fill Sun Mar 15 13:00:40 CET 2026
recon-all -s sub-v2s10x30166_ses-1 finished without error at Sun Mar 15 13:01:20 CET 2026



#New# invocation of recon-all 



status file for recon-all
Sun Mar 15 13:44:06 CET 2026
#@# white curv lh Sun Mar 15 13:44:06 CET 2026
#@# white area lh Sun Mar 15 13:44:06 CET 2026
#@# pial curv lh Sun Mar 15 13:44:06 CET 2026
#@# pial area lh Sun Mar 15 13:44:06 CET 2026
#@# thickness lh Sun Mar 15 13:44:06 CET 2026
#@# area and vertex vol lh Sun Mar 15 13:44:06 CET 2026
#@# white curv rh Sun Mar 15 13:44:06 CET 2026
#@# white area rh Sun Mar 15 13:44:06 CET 2026
#@# pial curv rh Sun Mar 15 13:44:06 CET 2026
#@# pial area rh Sun Mar 15 13:44:06 CET 2026
#@# thickness rh Sun Mar 15 13:44:06 CET 2026
#@# area and vertex vol rh Sun Mar 15 13:44:06 CET 2026
#@# Cortical ribbon mask Sun Mar 15 13:44:06 CET 2026
recon-all -s sub-v2s10x30166_ses-1 finished without error at Sun Mar 15 13:47:01 CET 2026



#New# invocation of recon-all 



status file for recon-all
Sun Mar 15 13:52:26 CET 2026
#@# white curv lh Sun Mar 15 13:52:26 CET 2026
#@# white area lh Sun Mar 15 13:52:26 CET 2026
#@# pial curv lh Sun Mar 15 13:52:26 CET 2026
#@# pial area lh Sun Mar 15 13:52:26 CET 2026
#@# thickness lh Sun Mar 15 13:52:26 CET 2026
#@# area and vertex vol lh Sun Mar 15 13:52:26 CET 2026
#@# white curv rh Sun Mar 15 13:52:26 CET 2026
#@# white area rh Sun Mar 15 13:52:26 CET 2026
#@# pial curv rh Sun Mar 15 13:52:26 CET 2026
#@# pial area rh Sun Mar 15 13:52:26 CET 2026
#@# thickness rh Sun Mar 15 13:52:26 CET 2026
#@# area and vertex vol rh Sun Mar 15 13:52:26 CET 2026
#@# Curvature Stats lh Sun Mar 15 13:52:26 CET 2026
#@# Curvature Stats rh Sun Mar 15 13:52:28 CET 2026
#@# Relabel Hypointensities Sun Mar 15 13:52:30 CET 2026
#@# APas-to-ASeg Sun Mar 15 13:52:40 CET 2026
#@# AParc-to-ASeg aparc Sun Mar 15 13:52:47 CET 2026
#@# AParc-to-ASeg aparc.a2009s Sun Mar 15 13:53:13 CET 2026
#@# AParc-to-ASeg aparc.DKTatlas Sun Mar 15 13:53:36 CET 2026
#@# WMParc Sun Mar 15 13:54:01 CET 2026
#@# ASeg Stats Sun Mar 15 13:56:00 CET 2026
recon-all -s sub-v2s10x30166_ses-1 finished without error at Sun Mar 15 13:56:31 CET 2026
