status file for recon-all
Sun Mar 15 08:11:29 CET 2026
#@# MotionCor Sun Mar 15 08:11:30 CET 2026
#@# Talairach Sun Mar 15 08:11:35 CET 2026
#@# Talairach Failure Detection Sun Mar 15 08:14:25 CET 2026
#@# Nu Intensity Correction Sun Mar 15 08:14:25 CET 2026
#@# Intensity Normalization Sun Mar 15 08:17:09 CET 2026
recon-all -s sub-v2s10x28940_ses-1 finished without error at Sun Mar 15 08:18:11 CET 2026



#New# invocation of recon-all 



status file for recon-all
Sun Mar 15 08:23:41 CET 2026
#@# EM Registration Sun Mar 15 08:23:41 CET 2026
recon-all -s sub-v2s10x28940_ses-1 finished without error at Sun Mar 15 08:25:02 CET 2026



#New# invocation of recon-all 



status file for recon-all
Sun Mar 15 08:25:03 CET 2026
#@# CA Normalize Sun Mar 15 08:25:03 CET 2026
#@# CA Reg Sun Mar 15 08:25:57 CET 2026
#@# SubCort Seg Sun Mar 15 08:58:41 CET 2026
#@# CC Seg Sun Mar 15 09:18:19 CET 2026
#@# Merge ASeg Sun Mar 15 09:18:44 CET 2026
#@# Intensity Normalization2 Sun Mar 15 09:18:44 CET 2026
#@# Mask BFS Sun Mar 15 09:20:18 CET 2026
#@# WM Segmentation Sun Mar 15 09:20:18 CET 2026
#@# Fill Sun Mar 15 09:21:44 CET 2026
recon-all -s sub-v2s10x28940_ses-1 finished without error at Sun Mar 15 09:22:23 CET 2026



#New# invocation of recon-all 



status file for recon-all
Sun Mar 15 09:55:41 CET 2026
#@# white curv lh Sun Mar 15 09:55:41 CET 2026
#@# white area lh Sun Mar 15 09:55:41 CET 2026
#@# pial curv lh Sun Mar 15 09:55:41 CET 2026
#@# pial area lh Sun Mar 15 09:55:41 CET 2026
#@# thickness lh Sun Mar 15 09:55:41 CET 2026
#@# area and vertex vol lh Sun Mar 15 09:55:41 CET 2026
#@# white curv rh Sun Mar 15 09:55:41 CET 2026
#@# white area rh Sun Mar 15 09:55:41 CET 2026
#@# pial curv rh Sun Mar 15 09:55:41 CET 2026
#@# pial area rh Sun Mar 15 09:55:41 CET 2026
#@# thickness rh Sun Mar 15 09:55:41 CET 2026
#@# area and vertex vol rh Sun Mar 15 09:55:41 CET 2026
#@# Cortical ribbon mask Sun Mar 15 09:55:41 CET 2026
recon-all -s sub-v2s10x28940_ses-1 finished without error at Sun Mar 15 09:59:44 CET 2026



#New# invocation of recon-all 



status file for recon-all
Sun Mar 15 10:04:33 CET 2026
#@# white curv lh Sun Mar 15 10:04:33 CET 2026
#@# white area lh Sun Mar 15 10:04:33 CET 2026
#@# pial curv lh Sun Mar 15 10:04:33 CET 2026
#@# pial area lh Sun Mar 15 10:04:33 CET 2026
#@# thickness lh Sun Mar 15 10:04:33 CET 2026
#@# area and vertex vol lh Sun Mar 15 10:04:33 CET 2026
#@# white curv rh Sun Mar 15 10:04:33 CET 2026
#@# white area rh Sun Mar 15 10:04:33 CET 2026
#@# pial curv rh Sun Mar 15 10:04:33 CET 2026
#@# pial area rh Sun Mar 15 10:04:33 CET 2026
#@# thickness rh Sun Mar 15 10:04:33 CET 2026
#@# area and vertex vol rh Sun Mar 15 10:04:33 CET 2026
#@# Curvature Stats lh Sun Mar 15 10:04:33 CET 2026
#@# Curvature Stats rh Sun Mar 15 10:04:35 CET 2026
#@# Relabel Hypointensities Sun Mar 15 10:04:36 CET 2026
#@# APas-to-ASeg Sun Mar 15 10:04:47 CET 2026
#@# AParc-to-ASeg aparc Sun Mar 15 10:04:52 CET 2026
#@# AParc-to-ASeg aparc.a2009s Sun Mar 15 10:05:19 CET 2026
#@# AParc-to-ASeg aparc.DKTatlas Sun Mar 15 10:05:43 CET 2026
#@# WMParc Sun Mar 15 10:06:08 CET 2026
#@# ASeg Stats Sun Mar 15 10:08:05 CET 2026
recon-all -s sub-v2s10x28940_ses-1 finished without error at Sun Mar 15 10:08:22 CET 2026
