/out/sourcedata/freesurfer/sub-v2s10x28991_ses-1/mri
/opt/freesurfer/bin/talairach_avi
--i orig_nu.mgz --xfm transforms/talairach.auto.xfm
talairach_avi 7.3.2
Linux dna059 5.14.0-427.37.1.el9_4.x86_64 #1 SMP PREEMPT_DYNAMIC Fri Sep 13 12:41:50 EDT 2024 x86_64 x86_64 x86_64 GNU/Linux
Sun Mar 15 08:15:02 CET 2026
mri_convert orig_nu.mgz talsrcimg.img 
reading from orig_nu.mgz...
TR=0.00, TE=0.00, TI=0.00, flip angle=0.00
i_ras = (-1, -4.38013e-09, -3.72529e-09)
j_ras = (0, 0, -1)
k_ras = (-3.0268e-09, 1, 0)
writing to talsrcimg.img...
Analyze Output Matrix
-1.00000   0.00000  -0.00000   129.19168;
-0.00000   0.00000   1.00000  -123.58591;
-0.00000  -1.00000   0.00000   101.73449;
 0.00000   0.00000   0.00000   1.00000;
--------------------
INFO: set hdr.hist.orient to -1
mpr2mni305 talsrcimg
Sun Mar 15 08:15:02 CET 2026
/opt/freesurfer/bin/mpr2mni305 talsrcimg
mpr2mni305 7.3.2
target=711-2C_as_mni_average_305

---------------------------------------------------------------------
analyzeto4dfp talsrcimg -O0 -y
---------------------------------------------------------------------

freesurfer ifh2hdr.c
Sun Mar 15 08:15:02 2026
Writing: talsrcimg.4dfp.hdr
freesurfer analyzeto4dfp.c
Reading: talsrcimg.hdr
header size 348 bytes
hdr.dime.datatype	offset=70	value=2
hdr.dime.bitpix		offset=72	value=8
hdr.hist.orient		offset=252	value=-1
dimensionality     4
dimensions       256       256       256         1
Reading: talsrcimg.img
Writing: talsrcimg.4dfp.img
Writing: talsrcimg.4dfp.ifh
ifh2hdr talsrcimg -r0to205
ori=2

---------------------------------------------------------------------
gauss_4dfp talsrcimg 1.1
---------------------------------------------------------------------

freesurfer gauss_4dfp.c
Reading: talsrcimg.4dfp.img
Writing: talsrcimg_g11.4dfp.img
image dimensions 256 256 256 padded to 288 288 288
processing volume 1freesurfer ifh2hdr.c
Sun Mar 15 08:15:04 2026
Writing: talsrcimg_g11.4dfp.hdr

Writing: talsrcimg_g11.4dfp.ifh
including: talsrcimg.4dfp.img.rec in talsrcimg_g11.4dfp.img.rec

---------------------------------------------------------------------
imgreg_4dfp /opt/freesurfer/average/711-2C_as_mni_average_305 none talsrcimg_g11 none talsrcimg_to_711-2C_as_mni_average_305_t4 4355
---------------------------------------------------------------------

freesurfer imgreg_4dfp.c
/opt/freesurfer/average/711-2C_as_mni_average_305.4dfp.img
       256       256       256         1
  1.000000  1.000000  1.000000
orientation T byte_order littleendian
Reading image: /opt/freesurfer/average/711-2C_as_mni_average_305.4dfp.img
dimensions:      256       256       256
mmppix:       1.0000   -1.0000   -1.0000
center:     128.0000 -129.0000 -129.0000
talsrcimg_g11.4dfp.img
       256       256       256         1
  1.000000  1.000000  1.000000
orientation T byte_order littleendian
Reading image: talsrcimg_g11.4dfp.img
dimensions:      256       256       256
mmppix:       1.0000   -1.0000   -1.0000
center:     128.0000 -129.0000 -129.0000
t4_read: open error in t4_sub.f l:  41 t4_file(1:l)talsrcimg_to_711-2C_as_mni_average_305_t4 
t4_read: transform initialized to I4
rotation matrix determinant  1.000000
image alignment mode   4355 decimal     1103 hex
   -7.5000  -45.0000  -45.0000 6460.0972   16.8851
    0.0000  -45.0000  -45.0000 6738.8091   16.9330
    7.5000  -45.0000  -45.0000 6454.5293   16.9380
   -7.5000  -37.5000  -45.0000 7085.6196   16.6152
    0.0000  -37.5000  -45.0000 7380.9224   16.6618
    7.5000  -37.5000  -45.0000 7082.6489   16.6617
   -7.5000  -30.0000  -45.0000 8020.4487   16.4930
    0.0000  -30.0000  -45.0000 8341.3311   16.5384
    7.5000  -30.0000  -45.0000 8013.1333   16.5335
   -7.5000  -22.5000  -45.0000 8990.0469   16.4241
    0.0000  -22.5000  -45.0000 9346.9082   16.4684
    7.5000  -22.5000  -45.0000 8975.0322   16.4630
   -7.5000  -15.0000  -45.0000 9936.5811   16.3616
    0.0000  -15.0000  -45.000010343.6357   16.4048
    7.5000  -15.0000  -45.0000 9918.2021   16.4050
   -7.5000   -7.5000  -45.000010835.5459   16.3262
    0.0000   -7.5000  -45.000011291.1377   16.3696
    7.5000   -7.5000  -45.000010828.3311   16.3749
   -7.5000    0.0000  -45.000011629.4678   16.3257
    0.0000    0.0000  -45.000012116.6328   16.3702
    7.5000    0.0000  -45.000011631.7236   16.3748
   -7.5000    7.5000  -45.000011503.6240   16.3371
    0.0000    7.5000  -45.000012002.0518   16.3819
    7.5000    7.5000  -45.000011519.1377   16.3820
   -7.5000   15.0000  -45.000011284.9941   16.3452
    0.0000   15.0000  -45.000011768.5283   16.3896
    7.5000   15.0000  -45.000011284.6270   16.3850
   -7.5000   22.5000  -45.000010955.3994   16.3367
    0.0000   22.5000  -45.000011435.6943   16.3804
    7.5000   22.5000  -45.000010972.2715   16.3752
   -7.5000   30.0000  -45.000010500.1738   16.1084
    0.0000   30.0000  -45.000010955.5059   16.1507
    7.5000   30.0000  -45.000010532.1182   16.1510
   -7.5000   37.5000  -45.000010414.4385   16.1011
    0.0000   37.5000  -45.000010849.5137   16.1439
    7.5000   37.5000  -45.000010401.3145   16.1491
   -7.5000   45.0000  -45.0000 9911.1016   15.6991
    0.0000   45.0000  -45.000010298.2852   15.7419
    7.5000   45.0000  -45.0000 9861.9639   15.7463
   -7.5000  -45.0000  -37.5000 6804.7017   16.8798
    0.0000  -45.0000  -37.5000 7098.7148   16.9323
    7.5000  -45.0000  -37.5000 6809.0483   16.9440
   -7.5000  -37.5000  -37.5000 7471.6367   16.6094
    0.0000  -37.5000  -37.5000 7787.9697   16.6593
    7.5000  -37.5000  -37.5000 7475.7588   16.6659
   -7.5000  -30.0000  -37.5000 8491.9141   16.4883
    0.0000  -30.0000  -37.5000 8851.1836   16.5379
    7.5000  -30.0000  -37.5000 8489.5986   16.5418
   -7.5000  -22.5000  -37.5000 9519.3691   16.4200
    0.0000  -22.5000  -37.5000 9924.8926   16.4711
    7.5000  -22.5000  -37.5000 9506.1055   16.4765
   -7.5000  -15.0000  -37.500010496.8027   16.3588
    0.0000  -15.0000  -37.500010940.1602   16.4101
    7.5000  -15.0000  -37.500010471.7441   16.4209
   -7.5000   -7.5000  -37.500011438.9277   16.3229
    0.0000   -7.5000  -37.500011937.0332   16.3731
    7.5000   -7.5000  -37.500011411.5908   16.3865
   -7.5000    0.0000  -37.500012246.2900   16.3205
    0.0000    0.0000  -37.500012775.2852   16.3692
    7.5000    0.0000  -37.500012243.7783   16.3800
   -7.5000    7.5000  -37.500012108.8369   16.3317
    0.0000    7.5000  -37.500012663.6396   16.3794
    7.5000    7.5000  -37.500012119.9424   16.3862
   -7.5000   15.0000  -37.500011846.9668   16.3405
    0.0000   15.0000  -37.500012391.1240   16.3891
    7.5000   15.0000  -37.500011855.3848   16.3930
   -7.5000   22.5000  -37.500011509.8174   16.3326
    0.0000   22.5000  -37.500012036.1123   16.3830
    7.5000   22.5000  -37.500011518.4766   16.3884
   -7.5000   30.0000  -37.500011016.5449   16.1057
    0.0000   30.0000  -37.500011527.5342   16.1560
    7.5000   30.0000  -37.500011040.0664   16.1666
   -7.5000   37.5000  -37.500010901.8604   16.0978
    0.0000   37.5000  -37.500011379.0498   16.1473
    7.5000   37.5000  -37.500010883.5928   16.1605
   -7.5000   45.0000  -37.500010358.9121   15.6941
    0.0000   45.0000  -37.500010789.3809   15.7409
    7.5000   45.0000  -37.500010315.0898   15.7513
   -7.5000  -45.0000  -30.0000 7279.3184   17.5817
    0.0000  -45.0000  -30.0000 7588.0137   17.6359
    7.5000  -45.0000  -30.0000 7284.1665   17.6473
   -7.5000  -37.5000  -30.0000 8015.8599   17.2957
    0.0000  -37.5000  -30.0000 8363.2764   17.3431
    7.5000  -37.5000  -30.0000 8029.0757   17.3497
   -7.5000  -30.0000  -30.0000 9104.3701   17.1713
    0.0000  -30.0000  -30.0000 9503.5146   17.2181
    7.5000  -30.0000  -30.0000 9126.3750   17.2231
   -7.5000  -22.5000  -30.000010201.9365   17.1077
    0.0000  -22.5000  -30.000010650.7607   17.1598
    7.5000  -22.5000  -30.000010211.3848   17.1671
   -7.5000  -15.0000  -30.000011212.7646   17.0504
    0.0000  -15.0000  -30.000011708.8975   17.1068
    7.5000  -15.0000  -30.000011220.0674   17.1190
   -7.5000   -7.5000  -30.000012188.4375   17.0097
    0.0000   -7.5000  -30.000012740.8994   17.0650
    7.5000   -7.5000  -30.000012179.7939   17.0787
   -7.5000    0.0000  -30.000013021.3643   16.9993
    0.0000    0.0000  -30.000013618.3359   17.0494
    7.5000    0.0000  -30.000013038.1787   17.0600
   -7.5000    7.5000  -30.000012859.7871   17.0069
    0.0000    7.5000  -30.000013468.5059   17.0523
    7.5000    7.5000  -30.000012875.5127   17.0590
   -7.5000   15.0000  -30.000012578.5547   17.0176
    0.0000   15.0000  -30.000013179.1758   17.0634
    7.5000   15.0000  -30.000012601.1406   17.0684
   -7.5000   22.5000  -30.000012213.4893   17.0149
    0.0000   22.5000  -30.000012813.6182   17.0662
    7.5000   22.5000  -30.000012241.9932   17.0735
   -7.5000   30.0000  -30.000011678.0840   16.7880
    0.0000   30.0000  -30.000012254.4531   16.8433
    7.5000   30.0000  -30.000011723.2637   16.8553
   -7.5000   37.5000  -30.000011517.0361   16.7768
    0.0000   37.5000  -30.000012069.7920   16.8313
    7.5000   37.5000  -30.000011541.0605   16.8449
   -7.5000   45.0000  -30.000010918.2188   16.3588
    0.0000   45.0000  -30.000011413.4531   16.4071
    7.5000   45.0000  -30.000010915.2393   16.4173
   -7.5000  -45.0000  -22.5000 7759.2949   18.1802
    0.0000  -45.0000  -22.5000 8089.4663   18.2305
    7.5000  -45.0000  -22.5000 7764.2998   18.2324
   -7.5000  -37.5000  -22.5000 8554.9424   17.8817
    0.0000  -37.5000  -22.5000 8927.9756   17.9224
    7.5000  -37.5000  -22.5000 8561.6064   17.9198
   -7.5000  -30.0000  -22.5000 9736.9688   17.7546
    0.0000  -30.0000  -22.500010160.0127   17.7924
    7.5000  -30.0000  -22.5000 9739.6602   17.7873
   -7.5000  -22.5000  -22.500010882.4609   17.6951
    0.0000  -22.5000  -22.500011367.8164   17.7390
    7.5000  -22.5000  -22.500010897.4424   17.7346
   -7.5000  -15.0000  -22.500011916.6055   17.6399
    0.0000  -15.0000  -22.500012462.4834   17.6910
    7.5000  -15.0000  -22.500011940.9561   17.6912
   -7.5000   -7.5000  -22.500012915.7959   17.5947
    0.0000   -7.5000  -22.500013521.4883   17.6468
    7.5000   -7.5000  -22.500012930.3672   17.6502
   -7.5000    0.0000  -22.500013742.7246   17.5783
    0.0000    0.0000  -22.500014410.2891   17.6250
    7.5000    0.0000  -22.500013808.3711   17.6266
   -7.5000    7.5000  -22.500013558.2305   17.5833
    0.0000    7.5000  -22.500014223.5781   17.6223
    7.5000    7.5000  -22.500013623.1211   17.6201
   -7.5000   15.0000  -22.500013271.9531   17.5959
    0.0000   15.0000  -22.500013926.0723   17.6328
    7.5000   15.0000  -22.500013338.2979   17.6280
   -7.5000   22.5000  -22.500012894.9902   17.5980
    0.0000   22.5000  -22.500013538.6328   17.6412
    7.5000   22.5000  -22.500012951.6045   17.6369
   -7.5000   30.0000  -22.500012324.2822   17.3711
    0.0000   30.0000  -22.500012947.1973   17.4212
    7.5000   30.0000  -22.500012382.6377   17.4213
   -7.5000   37.5000  -22.500012131.5820   17.3566
    0.0000   37.5000  -22.500012719.9561   17.4079
    7.5000   37.5000  -22.500012172.5869   17.4113
   -7.5000   45.0000  -22.500011450.6768   16.9287
    0.0000   45.0000  -22.500011966.9883   16.9737
    7.5000   45.0000  -22.500011448.4287   16.9753
   -7.5000  -45.0000  -15.0000 8207.8018   18.6157
    0.0000  -45.0000  -15.0000 8567.9268   18.6617
    7.5000  -45.0000  -15.0000 8240.7314   18.6558
   -7.5000  -37.5000  -15.0000 9076.8906   18.3124
    0.0000  -37.5000  -15.0000 9476.3877   18.3502
    7.5000  -37.5000  -15.0000 9082.4590   18.3394
   -7.5000  -30.0000  -15.000010323.0039   18.1828
    0.0000  -30.0000  -15.000010776.3730   18.2158
    7.5000  -30.0000  -15.000010323.0557   18.2003
   -7.5000  -22.5000  -15.000011528.9023   18.1204
    0.0000  -22.5000  -15.000012044.0186   18.1567
    7.5000  -22.5000  -15.000011536.7061   18.1397
   -7.5000  -15.0000  -15.000012626.0625   18.0610
    0.0000  -15.0000  -15.000013212.9717   18.1035
    7.5000  -15.0000  -15.000012640.2705   18.0914
   -7.5000   -7.5000  -15.000013645.0176   18.0142
    0.0000   -7.5000  -15.000014293.7578   18.0595
    7.5000   -7.5000  -15.000013657.6807   18.0536
   -7.5000    0.0000  -15.000014488.3809   17.9997
    0.0000    0.0000  -15.000015178.3457   18.0425
    7.5000    0.0000  -15.000014540.4561   18.0369
   -7.5000    7.5000  -15.000014236.0039   18.0068
    0.0000    7.5000  -15.000014898.8203   18.0429
    7.5000    7.5000  -15.000014307.9375   18.0328
   -7.5000   15.0000  -15.000013928.8301   18.0203
    0.0000   15.0000  -15.000014573.2754   18.0525
    7.5000   15.0000  -15.000013992.2354   18.0374
   -7.5000   22.5000  -15.000013549.8018   18.0202
    0.0000   22.5000  -15.000014202.9346   18.0559
    7.5000   22.5000  -15.000013603.5986   18.0392
   -7.5000   30.0000  -15.000012985.7822   17.7883
    0.0000   30.0000  -15.000013606.1699   17.8299
    7.5000   30.0000  -15.000013037.3896   17.8180
   -7.5000   37.5000  -15.000012757.3623   17.7729
    0.0000   37.5000  -15.000013337.1064   17.8175
    7.5000   37.5000  -15.000012771.5664   17.8118
   -7.5000   45.0000  -15.000011988.3184   17.3451
    0.0000   45.0000  -15.000012518.4297   17.3863
    7.5000   45.0000  -15.000011967.5986   17.3809
   -7.5000  -45.0000   -7.5000 8686.7568   18.8408
    0.0000  -45.0000   -7.5000 9057.1533   18.8882
    7.5000  -45.0000   -7.5000 8692.3262   18.8849
   -7.5000  -37.5000   -7.5000 9590.5127   18.5373
    0.0000  -37.5000   -7.500010002.6123   18.5807
    7.5000  -37.5000   -7.5000 9591.2646   18.5720
   -7.5000  -30.0000   -7.500010901.8320   18.4038
    0.0000  -30.0000   -7.500011372.8086   18.4435
    7.5000  -30.0000   -7.500010902.0557   18.4287
   -7.5000  -22.5000   -7.500012178.7217   18.3336
    0.0000  -22.5000   -7.500012711.4961   18.3733
    7.5000  -22.5000   -7.500012188.4316   18.3565
   -7.5000  -15.0000   -7.500013354.4229   18.2679
    0.0000  -15.0000   -7.500013969.0527   18.3094
    7.5000  -15.0000   -7.500013357.6729   18.2984
   -7.5000   -7.5000   -7.500014400.4902   18.2242
    0.0000   -7.5000   -7.500015049.6719   18.2678
    7.5000   -7.5000   -7.500014403.9404   18.2641
   -7.5000    0.0000   -7.500015300.1475   18.2172
    0.0000    0.0000   -7.500015951.2031   18.2613
    7.5000    0.0000   -7.500015310.6143   18.2583
   -7.5000    7.5000   -7.500014972.9922   18.2275
    0.0000    7.5000   -7.500015602.3066   18.2692
    7.5000    7.5000   -7.500015035.9062   18.2609
   -7.5000   15.0000   -7.500014633.8086   18.2391
    0.0000   15.0000   -7.500015229.1758   18.2779
    7.5000   15.0000   -7.500014693.7764   18.2635
   -7.5000   22.5000   -7.500014282.7734   18.2303
    0.0000   22.5000   -7.500014870.3301   18.2694
    7.5000   22.5000   -7.500014313.7578   18.2528
   -7.5000   30.0000   -7.500013700.1855   17.9917
    0.0000   30.0000   -7.500014286.2363   18.0324
    7.5000   30.0000   -7.500013742.2998   18.0215
   -7.5000   37.5000   -7.500013413.4121   17.9795
    0.0000   37.5000   -7.500013958.8350   18.0225
    7.5000   37.5000   -7.500013430.7568   18.0189
   -7.5000   45.0000   -7.500012538.7998   17.5579
    0.0000   45.0000   -7.500013090.9170   17.6005
    7.5000   45.0000   -7.500012553.7588   17.5976
   -7.5000  -45.0000    0.0000 9097.3027   18.8888
    0.0000  -45.0000    0.0000 9471.8203   18.9425
    7.5000  -45.0000    0.0000 9083.7617   18.9481
   -7.5000  -37.5000    0.000010033.6035   18.5869
    0.0000  -37.5000    0.000010457.1826   18.6392
    7.5000  -37.5000    0.000010037.7266   18.6392
   -7.5000  -30.0000    0.000011405.8936   18.4506
    0.0000  -30.0000    0.000011891.1602   18.5015
    7.5000  -30.0000    0.000011408.7500   18.4961
   -7.5000  -22.5000    0.000012745.1807   18.3737
    0.0000  -22.5000    0.000013288.7383   18.4234
    7.5000  -22.5000    0.000012759.9824   18.4175
   -7.5000  -15.0000    0.000013966.1738   18.3039
    0.0000  -15.0000    0.000014557.1865   18.3523
    7.5000  -15.0000    0.000013954.7451   18.3526
   -7.5000   -7.5000    0.000015038.0078   18.2640
    0.0000   -7.5000    0.000015648.5527   18.3127
    7.5000   -7.5000    0.000015028.2324   18.3187
   -7.5000    0.0000    0.000016001.1699   18.2631
    0.0000    0.0000    0.000016602.0684   18.3131
    7.5000    0.0000    0.000015976.8818   18.3183
   -7.5000    7.5000    0.000015665.9238   18.2760
    0.0000    7.5000    0.000016245.5781   18.3261
    7.5000    7.5000    0.000015707.6299   18.3264
   -7.5000   15.0000    0.000015262.9678   18.2853
    0.0000   15.0000    0.000015778.6719   18.3351
    7.5000   15.0000    0.000015303.5166   18.3299
   -7.5000   22.5000    0.000014852.0918   18.2702
    0.0000   22.5000    0.000015355.2119   18.3191
    7.5000   22.5000    0.000014868.2754   18.3133
   -7.5000   30.0000    0.000014221.1299   18.0277
    0.0000   30.0000    0.000014738.6025   18.0751
    7.5000   30.0000    0.000014277.8330   18.0755
   -7.5000   37.5000    0.000013907.8535   18.0192
    0.0000   37.5000    0.000014404.7666   18.0672
    7.5000   37.5000    0.000013968.1328   18.0732
   -7.5000   45.0000    0.000012996.6865   17.6035
    0.0000   45.0000    0.000013497.3984   17.6517
    7.5000   45.0000    0.000013053.5938   17.6567
   -7.5000  -45.0000    7.5000 8816.5146   18.8889
    0.0000  -45.0000    7.5000 9171.2148   18.9476
    7.5000  -45.0000    7.5000 8814.4980   18.9607
   -7.5000  -37.5000    7.5000 9710.3936   18.5864
    0.0000  -37.5000    7.500010130.7266   18.6421
    7.5000  -37.5000    7.5000 9726.1699   18.6495
   -7.5000  -30.0000    7.500011017.8711   18.4508
    0.0000  -30.0000    7.500011477.5205   18.5063
    7.5000  -30.0000    7.500011009.0332   18.5106
   -7.5000  -22.5000    7.500012302.4189   18.3744
    0.0000  -22.5000    7.500012795.4326   18.4316
    7.5000  -22.5000    7.500012290.2910   18.4376
   -7.5000  -15.0000    7.500013480.1699   18.3059
    0.0000  -15.0000    7.500014019.5488   18.3633
    7.5000  -15.0000    7.500013437.2070   18.3754
   -7.5000   -7.5000    7.500014532.0234   18.2657
    0.0000   -7.5000    7.500015073.1855   18.3219
    7.5000   -7.5000    7.500014491.8389   18.3368
   -7.5000    0.0000    7.500015461.9785   18.2630
    0.0000    0.0000    7.500016034.7646   18.3175
    7.5000    0.0000    7.500015415.3174   18.3296
   -7.5000    7.5000    7.500015209.9863   18.2755
    0.0000    7.5000    7.500015682.1484   18.3290
    7.5000    7.5000    7.500015168.0098   18.3365
   -7.5000   15.0000    7.500014775.8330   18.2855
    0.0000   15.0000    7.500015210.4951   18.3398
    7.5000   15.0000    7.500014822.1562   18.3442
   -7.5000   22.5000    7.500014337.3037   18.2707
    0.0000   22.5000    7.500014784.5527   18.3271
    7.5000   22.5000    7.500014430.2285   18.3331
   -7.5000   30.0000    7.500013710.1172   18.0297
    0.0000   30.0000    7.500014172.7402   18.0860
    7.5000   30.0000    7.500013822.7021   18.0978
   -7.5000   37.5000    7.500013413.3877   18.0209
    0.0000   37.5000    7.500013884.3389   18.0763
    7.5000   37.5000    7.500013496.6719   18.0911
   -7.5000   45.0000    7.500012532.2051   17.6034
    0.0000   45.0000    7.500012985.7500   17.6560
    7.5000   45.0000    7.500012570.6104   17.6676
   -7.5000  -45.0000   15.0000 8427.2412   18.8983
    0.0000  -45.0000   15.0000 8763.4551   18.9567
    7.5000  -45.0000   15.0000 8411.5361   18.9688
   -7.5000  -37.5000   15.0000 9287.0625   18.5904
    0.0000  -37.5000   15.0000 9676.3975   18.6415
    7.5000  -37.5000   15.0000 9301.1387   18.6485
   -7.5000  -30.0000   15.000010519.0352   18.4564
    0.0000  -30.0000   15.000010955.8809   18.5069
    7.5000  -30.0000   15.000010522.6377   18.5122
   -7.5000  -22.5000   15.000011708.4668   18.3882
    0.0000  -22.5000   15.000012211.6055   18.4445
    7.5000  -22.5000   15.000011721.5449   18.4522
   -7.5000  -15.0000   15.000012816.8496   18.3269
    0.0000  -15.0000   15.000013360.0771   18.3877
    7.5000  -15.0000   15.000012816.8242   18.4008
   -7.5000   -7.5000   15.000013840.5752   18.2831
    0.0000   -7.5000   15.000014398.7041   18.3427
    7.5000   -7.5000   15.000013821.6191   18.3573
   -7.5000    0.0000   15.000014728.4873   18.2717
    0.0000    0.0000   15.000015286.5000   18.3258
    7.5000    0.0000   15.000014711.5713   18.3370
   -7.5000    7.5000   15.000014525.0859   18.2797
    0.0000    7.5000   15.000015013.3496   18.3286
    7.5000    7.5000   15.000014481.0889   18.3357
   -7.5000   15.0000   15.000014231.0508   18.2911
    0.0000   15.0000   15.000014713.4717   18.3405
    7.5000   15.0000   15.000014203.2500   18.3458
   -7.5000   22.5000   15.000013887.6201   18.2843
    0.0000   22.5000   15.000014364.2148   18.3398
    7.5000   22.5000   15.000013862.5488   18.3475
   -7.5000   30.0000   15.000013266.7695   18.0502
    0.0000   30.0000   15.000013694.2871   18.1098
    7.5000   30.0000   15.000013231.8555   18.1226
   -7.5000   37.5000   15.000012945.6104   18.0381
    0.0000   37.5000   15.000013368.3906   18.0969
    7.5000   37.5000   15.000012922.8096   18.1114
   -7.5000   45.0000   15.000012041.6553   17.6118
    0.0000   45.0000   15.000012434.7549   17.6640
    7.5000   45.0000   15.000012032.3135   17.6747
   -7.5000  -45.0000   22.5000 7921.8955   18.9333
    0.0000  -45.0000   22.5000 8244.3086   18.9860
    7.5000  -45.0000   22.5000 7904.3262   18.9874
   -7.5000  -37.5000   22.5000 8742.0176   18.6219
    0.0000  -37.5000   22.5000 9113.5078   18.6646
    7.5000  -37.5000   22.5000 8746.5498   18.6614
   -7.5000  -30.0000   22.5000 9898.8486   18.4896
    0.0000  -30.0000   22.500010317.0371   18.5292
    7.5000  -30.0000   22.5000 9896.9355   18.5234
   -7.5000  -22.5000   22.500011022.2998   18.4279
    0.0000  -22.5000   22.500011501.4932   18.4738
    7.5000  -22.5000   22.500011038.1865   18.4687
   -7.5000  -15.0000   22.500012050.6035   18.3702
    0.0000  -15.0000   22.500012584.8154   18.4237
    7.5000  -15.0000   22.500012092.3584   18.4233
   -7.5000   -7.5000   22.500013037.7471   18.3225
    0.0000   -7.5000   22.500013578.5459   18.3770
    7.5000   -7.5000   22.500013079.9023   18.3801
   -7.5000    0.0000   22.500013935.2100   18.3049
    0.0000    0.0000   22.500014487.4053   18.3538
    7.5000    0.0000   22.500013944.5840   18.3550
   -7.5000    7.5000   22.500013796.4053   18.3102
    0.0000    7.5000   22.500014298.7930   18.3511
    7.5000    7.5000   22.500013766.4072   18.3483
   -7.5000   15.0000   22.500013525.5215   18.3238
    0.0000   15.0000   22.500014017.1074   18.3625
    7.5000   15.0000   22.500013489.7979   18.3569
   -7.5000   22.5000   22.500013202.5273   18.3237
    0.0000   22.5000   22.500013685.5977   18.3689
    7.5000   22.5000   22.500013144.2871   18.3639
   -7.5000   30.0000   22.500012629.2441   18.0927
    0.0000   30.0000   22.500013084.5137   18.1451
    7.5000   30.0000   22.500012564.9990   18.1447
   -7.5000   37.5000   22.500012331.2998   18.0771
    0.0000   37.5000   22.500012790.5293   18.1307
    7.5000   37.5000   22.500012291.1289   18.1339
   -7.5000   45.0000   22.500011442.3037   17.6438
    0.0000   45.0000   22.500011874.1572   17.6909
    7.5000   45.0000   22.500011430.9512   17.6921
   -7.5000  -45.0000   30.0000 7313.8003   18.9894
    0.0000  -45.0000   30.0000 7606.2393   19.0363
    7.5000  -45.0000   30.0000 7320.6826   19.0290
   -7.5000  -37.5000   30.0000 8069.3799   18.6811
    0.0000  -37.5000   30.0000 8428.4551   18.7195
    7.5000  -37.5000   30.0000 8108.4883   18.7074
   -7.5000  -30.0000   30.0000 9148.1553   18.5485
    0.0000  -30.0000   30.0000 9561.9297   18.5820
    7.5000  -30.0000   30.0000 9178.7793   18.5650
   -7.5000  -22.5000   30.000010227.0166   18.4842
    0.0000  -22.5000   30.000010686.9443   18.5211
    7.5000  -22.5000   30.000010258.5400   18.5027
   -7.5000  -15.0000   30.000011225.7881   18.4228
    0.0000  -15.0000   30.000011726.3203   18.4660
    7.5000  -15.0000   30.000011250.6924   18.4526
   -7.5000   -7.5000   30.000012190.5801   18.3745
    0.0000   -7.5000   30.000012736.4893   18.4205
    7.5000   -7.5000   30.000012206.2451   18.4134
   -7.5000    0.0000   30.000013041.0791   18.3596
    0.0000    0.0000   30.000013586.0967   18.4032
    7.5000    0.0000   30.000013033.5518   18.3964
   -7.5000    7.5000   30.000012924.1172   18.3674
    0.0000    7.5000   30.000013434.1777   18.4042
    7.5000    7.5000   30.000012879.5586   18.3927
   -7.5000   15.0000   30.000012680.0732   18.3817
    0.0000   15.0000   30.000013156.9551   18.4143
    7.5000   15.0000   30.000012617.5039   18.3978
   -7.5000   22.5000   30.000012331.5820   18.3795
    0.0000   22.5000   30.000012787.3311   18.4158
    7.5000   22.5000   30.000012278.6201   18.3975
   -7.5000   30.0000   30.000011794.7393   18.1444
    0.0000   30.0000   30.000012220.1289   18.1867
    7.5000   30.0000   30.000011742.1416   18.1735
   -7.5000   37.5000   30.000011567.9277   18.1283
    0.0000   37.5000   30.000011979.2207   18.1737
    7.5000   37.5000   30.000011516.4521   18.1667
   -7.5000   45.0000   30.000010752.1709   17.6966
    0.0000   45.0000   30.000011141.6270   17.7386
    7.5000   45.0000   30.000010714.1152   17.7320
   -7.5000  -45.0000   37.5000 6931.3135   19.1536
    0.0000  -45.0000   37.5000 7233.3384   19.2017
    7.5000  -45.0000   37.5000 6969.5127   19.1966
   -7.5000  -37.5000   37.5000 7671.3584   18.8468
    0.0000  -37.5000   37.5000 8019.1289   18.8908
    7.5000  -37.5000   37.5000 7725.3955   18.8803
   -7.5000  -30.0000   37.5000 8735.3896   18.7089
    0.0000  -30.0000   37.5000 9128.0059   18.7490
    7.5000  -30.0000   37.5000 8776.1621   18.7324
   -7.5000  -22.5000   37.5000 9788.0635   18.6367
    0.0000  -22.5000   37.500010238.6572   18.6766
    7.5000  -22.5000   37.5000 9834.3721   18.6578
   -7.5000  -15.0000   37.500010775.1162   18.5692
    0.0000  -15.0000   37.500011277.3623   18.6109
    7.5000  -15.0000   37.500010821.5781   18.5981
   -7.5000   -7.5000   37.500011702.9434   18.5244
    0.0000   -7.5000   37.500012242.6865   18.5683
    7.5000   -7.5000   37.500011749.8330   18.5629
   -7.5000    0.0000   37.500012550.9795   18.5170
    0.0000    0.0000   37.500013084.0107   18.5617
    7.5000    0.0000   37.500012557.1729   18.5570
   -7.5000    7.5000   37.500012438.0078   18.5273
    0.0000    7.5000   37.500012943.7451   18.5695
    7.5000    7.5000   37.500012402.2314   18.5595
   -7.5000   15.0000   37.500012174.6318   18.5390
    0.0000   15.0000   37.500012651.7510   18.5783
    7.5000   15.0000   37.500012130.8994   18.5621
   -7.5000   22.5000   37.500011806.0137   18.5303
    0.0000   22.5000   37.500012278.1328   18.5696
    7.5000   22.5000   37.500011768.5938   18.5510
   -7.5000   30.0000   37.500011334.0449   18.2884
    0.0000   30.0000   37.500011754.8643   18.3293
    7.5000   30.0000   37.500011278.1396   18.3166
   -7.5000   37.5000   37.500011135.4590   18.2760
    0.0000   37.5000   37.500011560.7754   18.3193
    7.5000   37.5000   37.500011092.8193   18.3141
   -7.5000   45.0000   37.500010371.3018   17.8482
    0.0000   45.0000   37.500010783.0996   17.8913
    7.5000   45.0000   37.500010353.0264   17.8868
   -7.5000  -45.0000   45.0000 6264.3320   19.3218
    0.0000  -45.0000   45.0000 6554.4502   19.3771
    7.5000  -45.0000   45.0000 6315.7368   19.3817
   -7.5000  -37.5000   45.0000 6955.0122   19.0151
    0.0000  -37.5000   45.0000 7273.2158   19.0688
    7.5000  -37.5000   45.0000 7008.3975   19.0675
   -7.5000  -30.0000   45.0000 7944.2822   18.8731
    0.0000  -30.0000   45.0000 8300.7637   18.9254
    7.5000  -30.0000   45.0000 7987.0474   18.9186
   -7.5000  -22.5000   45.0000 8890.0947   18.7933
    0.0000  -22.5000   45.0000 9296.8408   18.8446
    7.5000  -22.5000   45.0000 8936.7256   18.8374
   -7.5000  -15.0000   45.0000 9767.0713   18.7199
    0.0000  -15.0000   45.000010219.4971   18.7699
    7.5000  -15.0000   45.0000 9835.0732   18.7693
   -7.5000   -7.5000   45.000010637.0781   18.6765
    0.0000   -7.5000   45.000011110.1377   18.7268
    7.5000   -7.5000   45.000010696.2188   18.7320
   -7.5000    0.0000   45.000011416.5723   18.6744
    0.0000    0.0000   45.000011909.1650   18.7257
    7.5000    0.0000   45.000011458.9150   18.7300
   -7.5000    7.5000   45.000011309.7578   18.6880
    0.0000    7.5000   45.000011784.5488   18.7394
    7.5000    7.5000   45.000011321.7578   18.7385
   -7.5000   15.0000   45.000011079.1729   18.6990
    0.0000   15.0000   45.000011523.2754   18.7501
    7.5000   15.0000   45.000011074.2217   18.7437
   -7.5000   22.5000   45.000010758.2891   18.6845
    0.0000   22.5000   45.000011172.8145   18.7350
    7.5000   22.5000   45.000010727.7676   18.7279
   -7.5000   30.0000   45.000010331.7783   18.4346
    0.0000   30.0000   45.000010723.8691   18.4837
    7.5000   30.0000   45.000010295.7891   18.4831
   -7.5000   37.5000   45.000010165.9209   18.4243
    0.0000   37.5000   45.000010563.9189   18.4739
    7.5000   37.5000   45.000010148.1016   18.4790
   -7.5000   45.0000   45.0000 9507.3193   18.0081
    0.0000   45.0000   45.0000 9891.3623   18.0576
    7.5000   45.0000   45.0000 9509.9033   18.0617

---------------------------------------------------------------------
imgreg_4dfp /opt/freesurfer/average/711-2C_as_mni_average_305 /opt/freesurfer/average/711-2B_as_mni_average_305_mask talsrcimg_g11 none talsrcimg_to_711-2C_as_mni_average_305_t4 4355
---------------------------------------------------------------------

freesurfer imgreg_4dfp.c
/opt/freesurfer/average/711-2C_as_mni_average_305.4dfp.img
       256       256       256         1
  1.000000  1.000000  1.000000
orientation T byte_order littleendian
Reading image: /opt/freesurfer/average/711-2C_as_mni_average_305.4dfp.img
dimensions:      256       256       256
mmppix:       1.0000   -1.0000   -1.0000
center:     128.0000 -129.0000 -129.0000
/opt/freesurfer/average/711-2B_as_mni_average_305_mask.4dfp.img
       256       256       256         1
  1.000000  1.000000  1.000000
orientation T byte_order littleendian
Reading mask: /opt/freesurfer/average/711-2B_as_mni_average_305_mask.4dfp.img (2306576 pixels)
talsrcimg_g11.4dfp.img
       256       256       256         1
  1.000000  1.000000  1.000000
orientation T byte_order littleendian
Reading image: talsrcimg_g11.4dfp.img
dimensions:      256       256       256
mmppix:       1.0000   -1.0000   -1.0000
center:     128.0000 -129.0000 -129.0000
rotation matrix determinant  1.000000
image alignment mode   4355 decimal     1103 hex
   -7.5000  -45.0000  -45.0000 1778.9426   23.4843
    0.0000  -45.0000  -45.0000 1779.7986   23.4398
    7.5000  -45.0000  -45.0000 1764.2506   23.7126
   -7.5000  -37.5000  -45.0000 1887.3268   20.6542
    0.0000  -37.5000  -45.0000 1893.0002   20.5337
    7.5000  -37.5000  -45.0000 1878.8773   20.8215
   -7.5000  -30.0000  -45.0000 1992.1292   18.4540
    0.0000  -30.0000  -45.0000 1993.8407   18.3080
    7.5000  -30.0000  -45.0000 1980.5656   18.5597
   -7.5000  -22.5000  -45.0000 2097.0505   16.6867
    0.0000  -22.5000  -45.0000 2101.8682   16.5786
    7.5000  -22.5000  -45.0000 2082.3098   16.8311
   -7.5000  -15.0000  -45.0000 2183.9221   15.3053
    0.0000  -15.0000  -45.0000 2190.3967   15.2036
    7.5000  -15.0000  -45.0000 2169.5830   15.4467
   -7.5000   -7.5000  -45.0000 2246.9888   14.3127
    0.0000   -7.5000  -45.0000 2252.6926   14.2335
    7.5000   -7.5000  -45.0000 2230.8530   14.4109
   -7.5000    0.0000  -45.0000 2280.5427   13.7331
    0.0000    0.0000  -45.0000 2289.2048   13.6548
    7.5000    0.0000  -45.0000 2265.6560   13.8299
   -7.5000    7.5000  -45.0000 2294.9121   13.4728
    0.0000    7.5000  -45.0000 2305.8398   13.3902
    7.5000    7.5000  -45.0000 2288.1748   13.5846
   -7.5000   15.0000  -45.0000 2299.8081   13.4622
    0.0000   15.0000  -45.0000 2312.5393   13.3777
    7.5000   15.0000  -45.0000 2292.2197   13.5714
   -7.5000   22.5000  -45.0000 2295.5000   13.6440
    0.0000   22.5000  -45.0000 2304.8860   13.5574
    7.5000   22.5000  -45.0000 2285.3215   13.7652
   -7.5000   30.0000  -45.0000 2260.0459   14.1558
    0.0000   30.0000  -45.0000 2276.4631   14.0429
    7.5000   30.0000  -45.0000 2256.2581   14.2569
   -7.5000   37.5000  -45.0000 2208.0337   14.9407
    0.0000   37.5000  -45.0000 2226.9763   14.8115
    7.5000   37.5000  -45.0000 2201.9094   15.0249
   -7.5000   45.0000  -45.0000 2133.4004   15.9802
    0.0000   45.0000  -45.0000 2149.0195   15.8338
    7.5000   45.0000  -45.0000 2127.8521   16.0655
   -7.5000  -45.0000  -37.5000 1827.4633   21.9582
    0.0000  -45.0000  -37.5000 1830.6464   21.8495
    7.5000  -45.0000  -37.5000 1816.9711   22.2293
   -7.5000  -37.5000  -37.5000 1945.1792   19.3296
    0.0000  -37.5000  -37.5000 1952.8020   19.2068
    7.5000  -37.5000  -37.5000 1938.5085   19.5037
   -7.5000  -30.0000  -37.5000 2066.6455   17.2809
    0.0000  -30.0000  -37.5000 2072.1699   17.1407
    7.5000  -30.0000  -37.5000 2053.4150   17.3966
   -7.5000  -22.5000  -37.5000 2174.8235   15.5954
    0.0000  -22.5000  -37.5000 2186.4893   15.5122
    7.5000  -22.5000  -37.5000 2162.6377   15.7237
   -7.5000  -15.0000  -37.5000 2267.4480   14.2471
    0.0000  -15.0000  -37.5000 2276.4829   14.1886
    7.5000  -15.0000  -37.5000 2249.6931   14.3868
   -7.5000   -7.5000  -37.5000 2339.9470   13.2831
    0.0000   -7.5000  -37.5000 2350.1658   13.2035
    7.5000   -7.5000  -37.5000 2320.6187   13.3727
   -7.5000    0.0000  -37.5000 2375.6104   12.7611
    0.0000    0.0000  -37.5000 2386.5168   12.6856
    7.5000    0.0000  -37.5000 2361.4370   12.8247
   -7.5000    7.5000  -37.5000 2400.2175   12.4982
    0.0000    7.5000  -37.5000 2411.2947   12.4476
    7.5000    7.5000  -37.5000 2389.5591   12.5832
   -7.5000   15.0000  -37.5000 2399.4846   12.4932
    0.0000   15.0000  -37.5000 2414.0869   12.4266
    7.5000   15.0000  -37.5000 2390.3416   12.5841
   -7.5000   22.5000  -37.5000 2393.1350   12.6627
    0.0000   22.5000  -37.5000 2408.1650   12.5950
    7.5000   22.5000  -37.5000 2383.2646   12.7539
   -7.5000   30.0000  -37.5000 2361.9502   13.1253
    0.0000   30.0000  -37.5000 2379.9790   13.0550
    7.5000   30.0000  -37.5000 2353.1121   13.2041
   -7.5000   37.5000  -37.5000 2307.1965   13.8169
    0.0000   37.5000  -37.5000 2326.6772   13.7351
    7.5000   37.5000  -37.5000 2302.2244   13.8990
   -7.5000   45.0000  -37.5000 2224.2185   14.7804
    0.0000   45.0000  -37.5000 2240.9150   14.6511
    7.5000   45.0000  -37.5000 2220.7283   14.8291
   -7.5000  -45.0000  -30.0000 1912.4851   21.3762
    0.0000  -45.0000  -30.0000 1919.6125   21.2251
    7.5000  -45.0000  -30.0000 1903.1306   21.5763
   -7.5000  -37.5000  -30.0000 2045.0919   18.7953
    0.0000  -37.5000  -30.0000 2053.6062   18.6692
    7.5000  -37.5000  -30.0000 2034.3984   18.9390
   -7.5000  -30.0000  -30.0000 2167.4875   16.7843
    0.0000  -30.0000  -30.0000 2179.3760   16.6784
    7.5000  -30.0000  -30.0000 2159.8821   16.8953
   -7.5000  -22.5000  -30.0000 2286.7678   15.1446
    0.0000  -22.5000  -30.0000 2299.1523   15.0797
    7.5000  -22.5000  -30.0000 2275.3921   15.2667
   -7.5000  -15.0000  -30.0000 2385.4326   13.8105
    0.0000  -15.0000  -30.0000 2392.6743   13.7638
    7.5000  -15.0000  -30.0000 2368.9951   13.9342
   -7.5000   -7.5000  -30.0000 2468.5625   12.8328
    0.0000   -7.5000  -30.0000 2477.2522   12.7853
    7.5000   -7.5000  -30.0000 2450.1531   12.9150
   -7.5000    0.0000  -30.0000 2516.7905   12.2586
    0.0000    0.0000  -30.0000 2528.8679   12.2030
    7.5000    0.0000  -30.0000 2504.7249   12.3139
   -7.5000    7.5000  -30.0000 2546.1069   11.9818
    0.0000    7.5000  -30.0000 2561.7129   11.9341
    7.5000    7.5000  -30.0000 2538.2148   12.0325
   -7.5000   15.0000  -30.0000 2549.4951   12.0148
    0.0000   15.0000  -30.0000 2569.3132   11.9559
    7.5000   15.0000  -30.0000 2542.6606   12.0516
   -7.5000   22.5000  -30.0000 2539.4229   12.2298
    0.0000   22.5000  -30.0000 2564.0889   12.1799
    7.5000   22.5000  -30.0000 2533.2642   12.2776
   -7.5000   30.0000  -30.0000 2509.8132   12.6706
    0.0000   30.0000  -30.0000 2532.1187   12.6067
    7.5000   30.0000  -30.0000 2505.8447   12.7239
   -7.5000   37.5000  -30.0000 2446.8691   13.3107
    0.0000   37.5000  -30.0000 2471.7827   13.2457
    7.5000   37.5000  -30.0000 2447.8357   13.3537
   -7.5000   45.0000  -30.0000 2360.7830   14.1976
    0.0000   45.0000  -30.0000 2383.6604   14.1015
    7.5000   45.0000  -30.0000 2363.0461   14.2341
   -7.5000  -45.0000  -22.5000 1973.2839   20.7424
    0.0000  -45.0000  -22.5000 1985.0134   20.6286
    7.5000  -45.0000  -22.5000 1963.0658   20.9568
   -7.5000  -37.5000  -22.5000 2110.8862   18.2539
    0.0000  -37.5000  -22.5000 2122.3040   18.1188
    7.5000  -37.5000  -22.5000 2103.0212   18.3801
   -7.5000  -30.0000  -22.5000 2247.1697   16.2653
    0.0000  -30.0000  -22.5000 2260.7864   16.1651
    7.5000  -30.0000  -22.5000 2237.6069   16.3525
   -7.5000  -22.5000  -22.5000 2368.0315   14.6313
    0.0000  -22.5000  -22.5000 2382.5752   14.5734
    7.5000  -22.5000  -22.5000 2357.2998   14.7269
   -7.5000  -15.0000  -22.5000 2469.8494   13.3039
    0.0000  -15.0000  -22.5000 2480.3220   13.2622
    7.5000  -15.0000  -22.5000 2459.1101   13.3985
   -7.5000   -7.5000  -22.5000 2562.5723   12.3437
    0.0000   -7.5000  -22.5000 2575.3662   12.3029
    7.5000   -7.5000  -22.5000 2551.4956   12.4025
   -7.5000    0.0000  -22.5000 2620.9407   11.7085
    0.0000    0.0000  -22.5000 2638.2686   11.6521
    7.5000    0.0000  -22.5000 2618.5178   11.7618
   -7.5000    7.5000  -22.5000 2665.5789   11.4151
    0.0000    7.5000  -22.5000 2687.3008   11.3592
    7.5000    7.5000  -22.5000 2660.2056   11.4582
   -7.5000   15.0000  -22.5000 2675.9104   11.4638
    0.0000   15.0000  -22.5000 2701.7017   11.4029
    7.5000   15.0000  -22.5000 2672.5681   11.4877
   -7.5000   22.5000  -22.5000 2665.4792   11.7132
    0.0000   22.5000  -22.5000 2695.7966   11.6508
    7.5000   22.5000  -22.5000 2663.0039   11.7469
   -7.5000   30.0000  -22.5000 2632.5974   12.1502
    0.0000   30.0000  -22.5000 2663.2532   12.0881
    7.5000   30.0000  -22.5000 2633.5081   12.1828
   -7.5000   37.5000  -22.5000 2567.8284   12.7508
    0.0000   37.5000  -22.5000 2594.1221   12.6824
    7.5000   37.5000  -22.5000 2570.2839   12.7676
   -7.5000   45.0000  -22.5000 2472.1167   13.5789
    0.0000   45.0000  -22.5000 2498.4580   13.4693
    7.5000   45.0000  -22.5000 2475.3638   13.5645
   -7.5000  -45.0000  -15.0000 2002.4741   20.2701
    0.0000  -45.0000  -15.0000 2013.3353   20.1119
    7.5000  -45.0000  -15.0000 1999.0376   20.4441
   -7.5000  -37.5000  -15.0000 2147.0940   17.7776
    0.0000  -37.5000  -15.0000 2161.5508   17.6514
    7.5000  -37.5000  -15.0000 2140.0562   17.8903
   -7.5000  -30.0000  -15.0000 2287.9087   15.7974
    0.0000  -30.0000  -15.0000 2302.3516   15.6765
    7.5000  -30.0000  -15.0000 2276.8569   15.8604
   -7.5000  -22.5000  -15.0000 2414.9319   14.1826
    0.0000  -22.5000  -15.0000 2428.1887   14.0761
    7.5000  -22.5000  -15.0000 2403.3950   14.2474
   -7.5000  -15.0000  -15.0000 2526.6809   12.8873
    0.0000  -15.0000  -15.0000 2539.2549   12.8118
    7.5000  -15.0000  -15.0000 2514.7483   12.9526
   -7.5000   -7.5000  -15.0000 2623.4341   11.9060
    0.0000   -7.5000  -15.0000 2638.9695   11.8402
    7.5000   -7.5000  -15.0000 2613.5566   11.9573
   -7.5000    0.0000  -15.0000 2701.6812   11.2373
    0.0000    0.0000  -15.0000 2720.7156   11.1723
    7.5000    0.0000  -15.0000 2697.0510   11.2928
   -7.5000    7.5000  -15.0000 2751.0925   10.9162
    0.0000    7.5000  -15.0000 2775.4551   10.8380
    7.5000    7.5000  -15.0000 2747.2668   10.9711
   -7.5000   15.0000  -15.0000 2768.9202   10.9476
    0.0000   15.0000  -15.0000 2797.6289   10.8562
    7.5000   15.0000  -15.0000 2766.9026   10.9665
   -7.5000   22.5000  -15.0000 2762.8940   11.2241
    0.0000   22.5000  -15.0000 2800.6270   11.1409
    7.5000   22.5000  -15.0000 2763.8518   11.2413
   -7.5000   30.0000  -15.0000 2727.4749   11.6458
    0.0000   30.0000  -15.0000 2764.9985   11.5747
    7.5000   30.0000  -15.0000 2731.2361   11.6579
   -7.5000   37.5000  -15.0000 2653.9209   12.2341
    0.0000   37.5000  -15.0000 2685.7458   12.1571
    7.5000   37.5000  -15.0000 2657.7764   12.2420
   -7.5000   45.0000  -15.0000 2556.5901   12.9952
    0.0000   45.0000  -15.0000 2583.7039   12.9016
    7.5000   45.0000  -15.0000 2558.0205   12.9866
   -7.5000  -45.0000   -7.5000 2021.5005   19.9125
    0.0000  -45.0000   -7.5000 2033.0374   19.7107
    7.5000  -45.0000   -7.5000 2012.5852   20.0992
   -7.5000  -37.5000   -7.5000 2166.3179   17.4129
    0.0000  -37.5000   -7.5000 2176.3691   17.2295
    7.5000  -37.5000   -7.5000 2155.2383   17.5122
   -7.5000  -30.0000   -7.5000 2306.3611   15.4096
    0.0000  -30.0000   -7.5000 2314.7493   15.2634
    7.5000  -30.0000   -7.5000 2292.0781   15.4857
   -7.5000  -22.5000   -7.5000 2437.6851   13.8052
    0.0000  -22.5000   -7.5000 2445.6013   13.6775
    7.5000  -22.5000   -7.5000 2424.7197   13.8875
   -7.5000  -15.0000   -7.5000 2557.0808   12.5414
    0.0000  -15.0000   -7.5000 2569.4419   12.4301
    7.5000  -15.0000   -7.5000 2542.6355   12.5921
   -7.5000   -7.5000   -7.5000 2660.5139   11.5619
    0.0000   -7.5000   -7.5000 2675.1855   11.4542
    7.5000   -7.5000   -7.5000 2648.6882   11.6070
   -7.5000    0.0000   -7.5000 2752.4666   10.8893
    0.0000    0.0000   -7.5000 2769.6887   10.7857
    7.5000    0.0000   -7.5000 2742.0439   10.9448
   -7.5000    7.5000   -7.5000 2809.8037   10.5468
    0.0000    7.5000   -7.5000 2838.4504   10.4341
    7.5000    7.5000   -7.5000 2803.7996   10.6060
   -7.5000   15.0000   -7.5000 2843.0857   10.5008
    0.0000   15.0000   -7.5000 2873.9805   10.3840
    7.5000   15.0000   -7.5000 2842.0894   10.5545
   -7.5000   22.5000   -7.5000 2837.5444   10.7851
    0.0000   22.5000   -7.5000 2874.4685   10.6831
    7.5000   22.5000   -7.5000 2844.0901   10.8061
   -7.5000   30.0000   -7.5000 2795.6606   11.2006
    0.0000   30.0000   -7.5000 2837.3730   11.1224
    7.5000   30.0000   -7.5000 2807.2998   11.2137
   -7.5000   37.5000   -7.5000 2716.3750   11.7716
    0.0000   37.5000   -7.5000 2746.2434   11.6934
    7.5000   37.5000   -7.5000 2722.6182   11.7998
   -7.5000   45.0000   -7.5000 2605.5962   12.5262
    0.0000   45.0000   -7.5000 2634.8613   12.4443
    7.5000   45.0000   -7.5000 2608.8220   12.5554
   -7.5000  -45.0000    0.0000 2026.3101   19.7637
    0.0000  -45.0000    0.0000 2033.1405   19.5080
    7.5000  -45.0000    0.0000 2015.2085   19.8833
   -7.5000  -37.5000    0.0000 2169.5835   17.2534
    0.0000  -37.5000    0.0000 2173.7319   17.0454
    7.5000  -37.5000    0.0000 2158.0571   17.3211
   -7.5000  -30.0000    0.0000 2308.7595   15.2404
    0.0000  -30.0000    0.0000 2313.3149   15.0628
    7.5000  -30.0000    0.0000 2294.6809   15.3066
   -7.5000  -22.5000    0.0000 2442.6018   13.6251
    0.0000  -22.5000    0.0000 2447.9385   13.4627
    7.5000  -22.5000    0.0000 2427.8193   13.6921
   -7.5000  -15.0000    0.0000 2565.1838   12.3626
    0.0000  -15.0000    0.0000 2574.7278   12.2028
    7.5000  -15.0000    0.0000 2549.9229   12.4080
   -7.5000   -7.5000    0.0000 2672.7146   11.3858
    0.0000   -7.5000    0.0000 2687.7029   11.2258
    7.5000   -7.5000    0.0000 2661.9724   11.4172
   -7.5000    0.0000    0.0000 2773.8875   10.7054
    0.0000    0.0000    0.0000 2792.0994   10.5560
    7.5000    0.0000    0.0000 2763.7690   10.7630
   -7.5000    7.5000    0.0000 2846.1926   10.3501
    0.0000    7.5000    0.0000 2878.9814   10.2088
    7.5000    7.5000    0.0000 2838.0786   10.4038
   -7.5000   15.0000    0.0000 2892.5083   10.2431
    0.0000   15.0000    0.0000 2928.5652   10.0979
    7.5000   15.0000    0.0000 2888.2952   10.3388
   -7.5000   22.5000    0.0000 2888.2417   10.4593
    0.0000   22.5000    0.0000 2924.4189   10.3409
    7.5000   22.5000    0.0000 2893.0071   10.5190
   -7.5000   30.0000    0.0000 2830.9766   10.8797
    0.0000   30.0000    0.0000 2872.5100   10.7606
    7.5000   30.0000    0.0000 2847.2556   10.9277
   -7.5000   37.5000    0.0000 2747.9104   11.4616
    0.0000   37.5000    0.0000 2777.0662   11.3822
    7.5000   37.5000    0.0000 2758.7053   11.5421
   -7.5000   45.0000    0.0000 2632.3613   12.2132
    0.0000   45.0000    0.0000 2657.1909   12.1417
    7.5000   45.0000    0.0000 2637.1875   12.3118
   -7.5000  -45.0000    7.5000 2023.5125   19.8192
    0.0000  -45.0000    7.5000 2029.7349   19.5468
    7.5000  -45.0000    7.5000 2011.7720   19.9484
   -7.5000  -37.5000    7.5000 2159.5701   17.2839
    0.0000  -37.5000    7.5000 2169.5759   17.0491
    7.5000  -37.5000    7.5000 2154.2566   17.3614
   -7.5000  -30.0000    7.5000 2293.4011   15.2619
    0.0000  -30.0000    7.5000 2301.8059   15.0317
    7.5000  -30.0000    7.5000 2283.5745   15.2748
   -7.5000  -22.5000    7.5000 2426.8025   13.6372
    0.0000  -22.5000    7.5000 2435.0686   13.4116
    7.5000  -22.5000    7.5000 2415.8064   13.6408
   -7.5000  -15.0000    7.5000 2552.1123   12.3671
    0.0000  -15.0000    7.5000 2564.7068   12.1553
    7.5000  -15.0000    7.5000 2538.9211   12.3525
   -7.5000   -7.5000    7.5000 2664.4285   11.3880
    0.0000   -7.5000    7.5000 2682.1018   11.1886
    7.5000   -7.5000    7.5000 2657.0479   11.3885
   -7.5000    0.0000    7.5000 2770.1404   10.7056
    0.0000    0.0000    7.5000 2793.3315   10.5148
    7.5000    0.0000    7.5000 2762.5127   10.7180
   -7.5000    7.5000    7.5000 2856.5542   10.2962
    0.0000    7.5000    7.5000 2889.2268   10.1320
    7.5000    7.5000    7.5000 2853.6116   10.3328
   -7.5000   15.0000    7.5000 2901.2883   10.1987
    0.0000   15.0000    7.5000 2941.6960   10.0216
    7.5000   15.0000    7.5000 2906.7671   10.2686
   -7.5000   22.5000    7.5000 2901.3572   10.3608
    0.0000   22.5000    7.5000 2941.1592   10.2102
    7.5000   22.5000    7.5000 2909.2812   10.4482
   -7.5000   30.0000    7.5000 2843.5461   10.7469
    0.0000   30.0000    7.5000 2879.7131   10.6213
    7.5000   30.0000    7.5000 2852.5730   10.8390
   -7.5000   37.5000    7.5000 2749.5076   11.3233
    0.0000   37.5000    7.5000 2782.6990   11.2269
    7.5000   37.5000    7.5000 2760.6436   11.3997
   -7.5000   45.0000    7.5000 2629.8420   12.1280
    0.0000   45.0000    7.5000 2656.4434   12.0301
    7.5000   45.0000    7.5000 2637.7256   12.1883
   -7.5000  -45.0000   15.0000 2006.4237   20.2492
    0.0000  -45.0000   15.0000 2015.8955   19.9147
    7.5000  -45.0000   15.0000 1995.5310   20.3436
   -7.5000  -37.5000   15.0000 2140.9617   17.6178
    0.0000  -37.5000   15.0000 2152.5959   17.3452
    7.5000  -37.5000   15.0000 2136.6921   17.6356
   -7.5000  -30.0000   15.0000 2267.0405   15.5149
    0.0000  -30.0000   15.0000 2278.5332   15.2628
    7.5000  -30.0000   15.0000 2257.0684   15.4999
   -7.5000  -22.5000   15.0000 2393.5352   13.8367
    0.0000  -22.5000   15.0000 2411.5684   13.6126
    7.5000  -22.5000   15.0000 2387.4724   13.8294
   -7.5000  -15.0000   15.0000 2515.5132   12.5399
    0.0000  -15.0000   15.0000 2535.4177   12.3242
    7.5000  -15.0000   15.0000 2511.6035   12.5155
   -7.5000   -7.5000   15.0000 2629.9558   11.5417
    0.0000   -7.5000   15.0000 2655.3562   11.3479
    7.5000   -7.5000   15.0000 2627.2930   11.5382
   -7.5000    0.0000   15.0000 2731.1172   10.8487
    0.0000    0.0000   15.0000 2763.1482   10.6469
    7.5000    0.0000   15.0000 2735.2861   10.8387
   -7.5000    7.5000   15.0000 2823.7224   10.4447
    0.0000    7.5000   15.0000 2861.8728   10.2594
    7.5000    7.5000   15.0000 2827.5757   10.4553
   -7.5000   15.0000   15.0000 2871.0227   10.3734
    0.0000   15.0000   15.0000 2911.9805   10.1911
    7.5000   15.0000   15.0000 2877.4468   10.3906
   -7.5000   22.5000   15.0000 2874.7310   10.5238
    0.0000   22.5000   15.0000 2915.7190   10.3923
    7.5000   22.5000   15.0000 2884.3774   10.5534
   -7.5000   30.0000   15.0000 2815.2644   10.8423
    0.0000   30.0000   15.0000 2850.7510   10.7258
    7.5000   30.0000   15.0000 2825.8674   10.8942
   -7.5000   37.5000   15.0000 2720.2598   11.3854
    0.0000   37.5000   15.0000 2756.6418   11.2603
    7.5000   37.5000   15.0000 2735.2603   11.4385
   -7.5000   45.0000   15.0000 2607.6770   12.1725
    0.0000   45.0000   15.0000 2635.4966   12.0484
    7.5000   45.0000   15.0000 2620.7644   12.2061
   -7.5000  -45.0000   22.5000 1973.4259   20.9861
    0.0000  -45.0000   22.5000 1982.9987   20.6767
    7.5000  -45.0000   22.5000 1962.0513   21.0910
   -7.5000  -37.5000   22.5000 2105.8425   18.1728
    0.0000  -37.5000   22.5000 2121.1780   17.8971
    7.5000  -37.5000   22.5000 2100.2893   18.2105
   -7.5000  -30.0000   22.5000 2226.4402   15.9904
    0.0000  -30.0000   22.5000 2243.7358   15.7245
    7.5000  -30.0000   22.5000 2221.1792   15.9581
   -7.5000  -22.5000   22.5000 2350.3701   14.2857
    0.0000  -22.5000   22.5000 2372.3354   14.0453
    7.5000  -22.5000   22.5000 2351.9443   14.2438
   -7.5000  -15.0000   22.5000 2464.8320   12.9308
    0.0000  -15.0000   22.5000 2490.8042   12.7278
    7.5000  -15.0000   22.5000 2470.6479   12.9230
   -7.5000   -7.5000   22.5000 2573.4387   11.9360
    0.0000   -7.5000   22.5000 2601.6938   11.7514
    7.5000   -7.5000   22.5000 2583.3035   11.9444
   -7.5000    0.0000   22.5000 2672.3516   11.2594
    0.0000    0.0000   22.5000 2703.7490   11.0657
    7.5000    0.0000   22.5000 2683.2183   11.2439
   -7.5000    7.5000   22.5000 2758.9375   10.8711
    0.0000    7.5000   22.5000 2797.2839   10.6834
    7.5000    7.5000   22.5000 2769.9072   10.8646
   -7.5000   15.0000   22.5000 2805.0256   10.7244
    0.0000   15.0000   22.5000 2842.7451   10.5619
    7.5000   15.0000   22.5000 2816.0164   10.7241
   -7.5000   22.5000   22.5000 2809.2715   10.8626
    0.0000   22.5000   22.5000 2846.1541   10.7477
    7.5000   22.5000   22.5000 2817.9204   10.8753
   -7.5000   30.0000   22.5000 2752.6135   11.1996
    0.0000   30.0000   22.5000 2785.1943   11.0927
    7.5000   30.0000   22.5000 2764.0544   11.2249
   -7.5000   37.5000   22.5000 2664.4910   11.7286
    0.0000   37.5000   22.5000 2694.9673   11.6312
    7.5000   37.5000   22.5000 2676.3794   11.7703
   -7.5000   45.0000   22.5000 2556.0439   12.4792
    0.0000   45.0000   22.5000 2581.9224   12.3721
    7.5000   45.0000   22.5000 2568.5596   12.5104
   -7.5000  -45.0000   30.0000 1921.5808   22.0599
    0.0000  -45.0000   30.0000 1928.8705   21.6610
    7.5000  -45.0000   30.0000 1910.6078   22.1409
   -7.5000  -37.5000   30.0000 2047.8655   19.0584
    0.0000  -37.5000   30.0000 2067.0806   18.7588
    7.5000  -37.5000   30.0000 2051.0942   19.0978
   -7.5000  -30.0000   30.0000 2169.2410   16.7423
    0.0000  -30.0000   30.0000 2192.0330   16.4798
    7.5000  -30.0000   30.0000 2173.3909   16.7147
   -7.5000  -22.5000   30.0000 2295.6570   14.9674
    0.0000  -22.5000   30.0000 2318.6204   14.7368
    7.5000  -22.5000   30.0000 2303.8354   14.9579
   -7.5000  -15.0000   30.0000 2405.1094   13.6261
    0.0000  -15.0000   30.0000 2434.6030   13.4221
    7.5000  -15.0000   30.0000 2417.9294   13.5925
   -7.5000   -7.5000   30.0000 2506.0916   12.6269
    0.0000   -7.5000   30.0000 2539.6572   12.4370
    7.5000   -7.5000   30.0000 2523.9861   12.5955
   -7.5000    0.0000   30.0000 2598.3206   11.9031
    0.0000    0.0000   30.0000 2632.3486   11.7280
    7.5000    0.0000   30.0000 2617.7383   11.8818
   -7.5000    7.5000   30.0000 2674.5557   11.4817
    0.0000    7.5000   30.0000 2712.9939   11.3018
    7.5000    7.5000   30.0000 2692.9150   11.4575
   -7.5000   15.0000   30.0000 2717.3948   11.2982
    0.0000   15.0000   30.0000 2750.7285   11.1433
    7.5000   15.0000   30.0000 2729.7803   11.2923
   -7.5000   22.5000   30.0000 2713.0332   11.4208
    0.0000   22.5000   30.0000 2745.1770   11.2986
    7.5000   22.5000   30.0000 2725.8201   11.4321
   -7.5000   30.0000   30.0000 2667.0566   11.7439
    0.0000   30.0000   30.0000 2694.6704   11.6413
    7.5000   30.0000   30.0000 2678.7527   11.7664
   -7.5000   37.5000   30.0000 2590.2905   12.2770
    0.0000   37.5000   30.0000 2615.3159   12.1660
    7.5000   37.5000   30.0000 2600.7917   12.3059
   -7.5000   45.0000   30.0000 2488.5923   13.0271
    0.0000   45.0000   30.0000 2511.8330   12.9094
    7.5000   45.0000   30.0000 2500.2034   13.0381
   -7.5000  -45.0000   37.5000 1851.7401   23.4916
    0.0000  -45.0000   37.5000 1863.2150   23.0507
    7.5000  -45.0000   37.5000 1849.0386   23.5408
   -7.5000  -37.5000   37.5000 1981.3054   20.3038
    0.0000  -37.5000   37.5000 2000.3866   19.9508
    7.5000  -37.5000   37.5000 1989.1719   20.2994
   -7.5000  -30.0000   37.5000 2109.1157   17.8566
    0.0000  -30.0000   37.5000 2131.2590   17.6040
    7.5000  -30.0000   37.5000 2116.0303   17.8668
   -7.5000  -22.5000   37.5000 2228.6165   16.0285
    0.0000  -22.5000   37.5000 2255.5823   15.8014
    7.5000  -22.5000   37.5000 2241.8215   15.9994
   -7.5000  -15.0000   37.5000 2334.1638   14.5912
    0.0000  -15.0000   37.5000 2368.0195   14.4019
    7.5000  -15.0000   37.5000 2352.3596   14.5628
   -7.5000   -7.5000   37.5000 2433.2852   13.5127
    0.0000   -7.5000   37.5000 2469.1245   13.3387
    7.5000   -7.5000   37.5000 2456.0220   13.4866
   -7.5000    0.0000   37.5000 2519.4915   12.7799
    0.0000    0.0000   37.5000 2555.2266   12.5919
    7.5000    0.0000   37.5000 2541.9988   12.7231
   -7.5000    7.5000   37.5000 2589.0093   12.3156
    0.0000    7.5000   37.5000 2623.1389   12.1292
    7.5000    7.5000   37.5000 2607.7380   12.2554
   -7.5000   15.0000   37.5000 2618.7061   12.1231
    0.0000   15.0000   37.5000 2648.3967   11.9459
    7.5000   15.0000   37.5000 2634.2981   12.0643
   -7.5000   22.5000   37.5000 2605.9888   12.1957
    0.0000   22.5000   37.5000 2637.2957   12.0656
    7.5000   22.5000   37.5000 2622.6936   12.1671
   -7.5000   30.0000   37.5000 2565.9902   12.5111
    0.0000   30.0000   37.5000 2586.9045   12.4001
    7.5000   30.0000   37.5000 2576.4446   12.5120
   -7.5000   37.5000   37.5000 2498.3667   13.0578
    0.0000   37.5000   37.5000 2520.2734   12.9359
    7.5000   37.5000   37.5000 2510.3015   13.0547
   -7.5000   45.0000   37.5000 2407.8491   13.7931
    0.0000   45.0000   37.5000 2430.7339   13.6693
    7.5000   45.0000   37.5000 2421.1462   13.7726
   -7.5000  -45.0000   45.0000 1772.9824   25.4783
    0.0000  -45.0000   45.0000 1789.2472   25.0191
    7.5000  -45.0000   45.0000 1781.4091   25.5096
   -7.5000  -37.5000   45.0000 1910.4344   21.9873
    0.0000  -37.5000   45.0000 1928.4900   21.6198
    7.5000  -37.5000   45.0000 1920.1295   22.0042
   -7.5000  -30.0000   45.0000 2039.3423   19.4132
    0.0000  -30.0000   45.0000 2057.8003   19.1163
    7.5000  -30.0000   45.0000 2047.1416   19.3470
   -7.5000  -22.5000   45.0000 2151.0823   17.3538
    0.0000  -22.5000   45.0000 2177.2837   17.1223
    7.5000  -22.5000   45.0000 2167.1582   17.3390
   -7.5000  -15.0000   45.0000 2250.6836   15.7866
    0.0000  -15.0000   45.0000 2282.8171   15.5890
    7.5000  -15.0000   45.0000 2275.2122   15.7616
   -7.5000   -7.5000   45.0000 2349.0469   14.6433
    0.0000   -7.5000   45.0000 2379.7256   14.4506
    7.5000   -7.5000   45.0000 2375.4089   14.6098
   -7.5000    0.0000   45.0000 2429.1780   13.8686
    0.0000    0.0000   45.0000 2463.0383   13.6626
    7.5000    0.0000   45.0000 2456.3242   13.8055
   -7.5000    7.5000   45.0000 2490.7029   13.3452
    0.0000    7.5000   45.0000 2519.2576   13.1574
    7.5000    7.5000   45.0000 2511.4509   13.2790
   -7.5000   15.0000   45.0000 2511.2307   13.1396
    0.0000   15.0000   45.0000 2538.4875   12.9577
    7.5000   15.0000   45.0000 2529.8982   13.0716
   -7.5000   22.5000   45.0000 2499.1277   13.1596
    0.0000   22.5000   45.0000 2523.9912   13.0037
    7.5000   22.5000   45.0000 2515.6118   13.1263
   -7.5000   30.0000   45.0000 2459.8899   13.4745
    0.0000   30.0000   45.0000 2479.0205   13.3451
    7.5000   30.0000   45.0000 2472.0486   13.4554
   -7.5000   37.5000   45.0000 2399.2554   14.0155
    0.0000   37.5000   45.0000 2418.9939   13.8839
    7.5000   37.5000   45.0000 2412.6106   14.0082
   -7.5000   45.0000   45.0000 2317.5874   14.7870
    0.0000   45.0000   45.0000 2338.1582   14.6460
    7.5000   45.0000   45.0000 2331.0830   14.7310

---------------------------------------------------------------------
imgreg_4dfp /opt/freesurfer/average/711-2C_as_mni_average_305 /opt/freesurfer/average/711-2B_as_mni_average_305_mask talsrcimg_g11 none talsrcimg_to_711-2C_as_mni_average_305_t4 1283
---------------------------------------------------------------------

freesurfer imgreg_4dfp.c
/opt/freesurfer/average/711-2C_as_mni_average_305.4dfp.img
       256       256       256         1
  1.000000  1.000000  1.000000
orientation T byte_order littleendian
Reading image: /opt/freesurfer/average/711-2C_as_mni_average_305.4dfp.img
dimensions:      256       256       256
mmppix:       1.0000   -1.0000   -1.0000
center:     128.0000 -129.0000 -129.0000
/opt/freesurfer/average/711-2B_as_mni_average_305_mask.4dfp.img
       256       256       256         1
  1.000000  1.000000  1.000000
orientation T byte_order littleendian
Reading mask: /opt/freesurfer/average/711-2B_as_mni_average_305_mask.4dfp.img (2306576 pixels)
talsrcimg_g11.4dfp.img
       256       256       256         1
  1.000000  1.000000  1.000000
orientation T byte_order littleendian
Reading image: talsrcimg_g11.4dfp.img
dimensions:      256       256       256
mmppix:       1.0000   -1.0000   -1.0000
center:     128.0000 -129.0000 -129.0000
rotation matrix determinant  1.000000
fimgreg.f
image alignment mode   1283 decimal      503 hex
parameters
    0.0000   15.0000    7.5000    0.0000    0.0000    0.0000
eta,q 0.92510  9.95487
niter,ni,del,rscale     5    3   12.0000    1.2000
parameter  2 -0.615448 -> -0.500000 qaram    1.1500
parameter  4111.160255 ->  0.500000 qaram    1.1500
parameters
    0.5161   18.4500    5.0074   -3.4500   -2.8960   -1.1997
eta,q 0.93367  9.90880
  0.0881  0.0890  0.0737  0.0645  0.0677  0.0705
  0.0836  0.0831  0.0721  0.0667  0.0667  0.0679
  0.0786  0.0786  0.0723  0.0694  0.0669  0.0664
  0.0758  0.0754  0.0730  0.0724  0.0674  0.0667
  0.0769  0.0739  0.0743  0.0753  0.0688  0.0686
  0.0803  0.0731  0.0762  0.0778  0.0703  0.0714
  0.0852  0.0741  0.0787  0.0803  0.0722  0.0746
niter,ni,del,rscale     6    3   12.0000    1.2000
parameter  4  1.275925 ->  0.500000 qaram    1.3225
parameters
    1.6625   18.9481    5.8063   -7.4175   -3.8336   -1.0482
eta,q 0.93759  9.88705
  0.0784  0.0813  0.0726  0.0611  0.0645  0.0665
  0.0726  0.0753  0.0685  0.0620  0.0627  0.0647
  0.0685  0.0691  0.0669  0.0641  0.0623  0.0631
  0.0663  0.0663  0.0662  0.0663  0.0625  0.0624
  0.0664  0.0674  0.0665  0.0693  0.0630  0.0626
  0.0679  0.0721  0.0672  0.0738  0.0641  0.0640
  0.0719  0.0781  0.0695  0.0782  0.0661  0.0664
niter,ni,del,rscale     6    3   12.0000    1.2000
parameters
    1.7559   19.7371    5.2466  -11.1576   -3.4229   -1.9679
eta,q 0.93984  9.81997
  0.0701  0.0793  0.0666  0.0633  0.0633  0.0620
  0.0653  0.0705  0.0638  0.0600  0.0617  0.0608
  0.0627  0.0644  0.0628  0.0605  0.0606  0.0602
  0.0624  0.0624  0.0628  0.0628  0.0601  0.0601
  0.0627  0.0645  0.0633  0.0651  0.0601  0.0602
  0.0648  0.0677  0.0653  0.0679  0.0609  0.0618
  0.0696  0.0720  0.0682  0.0725  0.0628  0.0643
niter,ni,del,rscale     5    3   12.0000    1.2000
parameters
    1.4309   21.0320    4.4256  -12.8362   -3.4600   -2.2866
eta,q 0.94143  9.82084
  0.0674  0.0776  0.0646  0.0645  0.0622  0.0617
  0.0630  0.0683  0.0617  0.0609  0.0604  0.0600
  0.0607  0.0625  0.0599  0.0583  0.0591  0.0589
  0.0602  0.0602  0.0600  0.0597  0.0585  0.0585
  0.0605  0.0606  0.0616  0.0631  0.0590  0.0587
  0.0636  0.0633  0.0642  0.0659  0.0601  0.0602
  0.0701  0.0673  0.0675  0.0680  0.0626  0.0629
niter,ni,del,rscale     4    3   12.0000    1.2000
parameters
    1.4805   21.6912    4.1673  -14.0233   -3.7976   -2.1711
eta,q 0.94210  9.83828
  0.0671  0.0733  0.0650  0.0642  0.0621  0.0622
  0.0628  0.0659  0.0617  0.0621  0.0600  0.0603
  0.0602  0.0609  0.0597  0.0581  0.0584  0.0587
  0.0586  0.0585  0.0586  0.0586  0.0580  0.0579
  0.0586  0.0597  0.0597  0.0614  0.0590  0.0579
  0.0615  0.0630  0.0625  0.0652  0.0605  0.0595
  0.0681  0.0684  0.0664  0.0678  0.0631  0.0624
niter,ni,del,rscale     3    3   12.0000    1.2000
parameters
    1.6291   22.2394    4.0212  -14.9658   -3.9628   -2.0183
eta,q 0.94257  9.85956
  0.0671  0.0721  0.0646  0.0640  0.0621  0.0625
  0.0628  0.0660  0.0613  0.0625  0.0600  0.0603
  0.0599  0.0603  0.0594  0.0583  0.0581  0.0584
  0.0579  0.0578  0.0579  0.0579  0.0575  0.0575
  0.0580  0.0591  0.0585  0.0604  0.0585  0.0575
  0.0612  0.0627  0.0615  0.0642  0.0602  0.0595
  0.0674  0.0686  0.0660  0.0677  0.0627  0.0625
niter,ni,del,rscale     2    3   12.0000    1.2000
parameters
    1.6966   22.6946    3.8485  -15.7250   -4.0069   -1.8940
eta,q 0.94284  9.87873
  0.0667  0.0711  0.0644  0.0638  0.0621  0.0626
  0.0623  0.0659  0.0609  0.0623  0.0599  0.0604
  0.0594  0.0602  0.0590  0.0587  0.0579  0.0583
  0.0574  0.0574  0.0575  0.0575  0.0572  0.0572
  0.0577  0.0589  0.0581  0.0598  0.0580  0.0575
  0.0612  0.0628  0.0611  0.0633  0.0598  0.0596
  0.0672  0.0687  0.0660  0.0672  0.0623  0.0627
niter,ni,del,rscale     1    3   12.0000    1.2000
parameters
    1.6726   23.0501    3.6145  -16.3336   -3.9924   -1.8067
eta,q 0.94293  9.89641
  0.0662  0.0703  0.0644  0.0637  0.0619  0.0627
  0.0616  0.0656  0.0606  0.0622  0.0598  0.0604
  0.0589  0.0602  0.0585  0.0590  0.0579  0.0582
  0.0572  0.0572  0.0572  0.0573  0.0571  0.0571
  0.0577  0.0588  0.0580  0.0594  0.0577  0.0575
  0.0612  0.0630  0.0609  0.0627  0.0595  0.0598
  0.0671  0.0687  0.0662  0.0667  0.0621  0.0629
registration optimization eta report
parameter search radius
    6.0000    6.9000    6.0000    7.9350    6.0000    6.0000
100000*second partial in parameter space
       26.       25.       22.       12.       13.       16.
  0.0662  0.0703  0.0644  0.0637  0.0619  0.0627
  0.0616  0.0656  0.0606  0.0622  0.0598  0.0604
  0.0589  0.0602  0.0585  0.0590  0.0579  0.0582
  0.0572  0.0572  0.0572  0.0573  0.0571  0.0571
  0.0577  0.0588  0.0580  0.0594  0.0577  0.0575
  0.0612  0.0630  0.0609  0.0627  0.0595  0.0598
  0.0671  0.0687  0.0662  0.0667  0.0621  0.0629
    1.6726   23.0501    3.6145  -16.3336   -3.9924   -1.8067
eta,q 0.94293  9.89641

---------------------------------------------------------------------
imgreg_4dfp /opt/freesurfer/average/711-2C_as_mni_average_305 /opt/freesurfer/average/711-2B_as_mni_average_305_mask talsrcimg_g11 none talsrcimg_to_711-2C_as_mni_average_305_t4 3335
---------------------------------------------------------------------

freesurfer imgreg_4dfp.c
/opt/freesurfer/average/711-2C_as_mni_average_305.4dfp.img
       256       256       256         1
  1.000000  1.000000  1.000000
orientation T byte_order littleendian
Reading image: /opt/freesurfer/average/711-2C_as_mni_average_305.4dfp.img
dimensions:      256       256       256
mmppix:       1.0000   -1.0000   -1.0000
center:     128.0000 -129.0000 -129.0000
/opt/freesurfer/average/711-2B_as_mni_average_305_mask.4dfp.img
       256       256       256         1
  1.000000  1.000000  1.000000
orientation T byte_order littleendian
Reading mask: /opt/freesurfer/average/711-2B_as_mni_average_305_mask.4dfp.img (2306576 pixels)
talsrcimg_g11.4dfp.img
       256       256       256         1
  1.000000  1.000000  1.000000
orientation T byte_order littleendian
Reading image: talsrcimg_g11.4dfp.img
dimensions:      256       256       256
mmppix:       1.0000   -1.0000   -1.0000
center:     128.0000 -129.0000 -129.0000
fimgreg.f
image alignment mode   3335 decimal      D07 hex
parameters
    1.6726   23.0501    3.6145   -0.2923   -4.0219   -4.2688
    1.0685    7.5648   -3.1451   27.8983   -6.9624  -28.0546
eta,q 0.94448  9.88540
niter,ni,del,rscale     5    3    5.0000    1.2000
parameter  4  3.007528 ->  0.500000 qaram    1.1500
parameter  5  2.630512 ->  0.500000 qaram    1.1500
parameter  6  1.913280 ->  0.500000 qaram    1.1500
parameter 10  1.179214 ->  0.500000 qaram    1.1500
parameters
    1.4302   23.5282    3.6958   -4.4323   -8.1619   -8.4088
   -0.3859    7.7000   -1.7690   23.7583   -4.8802  -26.4418
eta,q 0.96555  9.15950
  0.0572  0.0575  0.0570  0.0453  0.0410  0.0348  0.0392  0.0419  0.0395  0.0343  0.0373  0.0373
  0.0561  0.0565  0.0562  0.0479  0.0432  0.0368  0.0381  0.0394  0.0385  0.0344  0.0360  0.0359
  0.0556  0.0558  0.0557  0.0515  0.0460  0.0400  0.0376  0.0380  0.0379  0.0355  0.0351  0.0350
  0.0555  0.0555  0.0555  0.0555  0.0488  0.0440  0.0376  0.0375  0.0375  0.0375  0.0346  0.0345
  0.0559  0.0555  0.0556  0.0597  0.0520  0.0487  0.0383  0.0380  0.0375  0.0398  0.0345  0.0345
  0.0567  0.0558  0.0560  0.0646  0.0560  0.0541  0.0395  0.0393  0.0378  0.0423  0.0347  0.0349
  0.0580  0.0563  0.0568  0.0696  0.0603  0.0598  0.0412  0.0415  0.0384  0.0454  0.0353  0.0355
niter,ni,del,rscale     7    3    5.0000    1.2000
parameter  4  1.033863 ->  0.500000 qaram    1.3225
parameter  5  1.005758 ->  0.500000 qaram    1.3225
parameter  6  0.634114 ->  0.500000 qaram    1.3225
parameters
    1.6511   24.5457    3.4111   -9.1933  -12.9229  -13.1698
    0.8551    7.5357   -2.2941   24.1741   -5.8515  -26.1684
eta,q 0.97470  8.70573
  0.0379  0.0383  0.0357  0.0292  0.0265  0.0254  0.0285  0.0293  0.0272  0.0291  0.0262  0.0266
  0.0362  0.0366  0.0347  0.0296  0.0268  0.0254  0.0271  0.0274  0.0261  0.0273  0.0256  0.0260
  0.0350  0.0353  0.0341  0.0311  0.0280  0.0256  0.0260  0.0260  0.0255  0.0261  0.0253  0.0255
  0.0344  0.0344  0.0340  0.0340  0.0299  0.0270  0.0255  0.0254  0.0254  0.0254  0.0253  0.0253
  0.0346  0.0340  0.0345  0.0382  0.0326  0.0306  0.0255  0.0259  0.0257  0.0255  0.0256  0.0254
  0.0354  0.0342  0.0354  0.0429  0.0361  0.0356  0.0260  0.0274  0.0265  0.0265  0.0261  0.0258
  0.0369  0.0348  0.0367  0.0484  0.0401  0.0418  0.0270  0.0299  0.0277  0.0288  0.0267  0.0265
niter,ni,del,rscale     7    3    5.0000    1.2000
parameter  3  0.618828 ->  0.500000 qaram    1.1500
parameters
    1.7178   25.0902    2.0311  -12.1993  -15.9396  -16.7529
    1.0053    7.6028   -2.3477   25.0131   -6.3960  -28.5949
eta,q 0.97667  8.36806
  0.0285  0.0286  0.0248  0.0265  0.0260  0.0248  0.0258  0.0269  0.0255  0.0272  0.0243  0.0240
  0.0268  0.0271  0.0246  0.0252  0.0248  0.0237  0.0246  0.0251  0.0244  0.0254  0.0238  0.0235
  0.0257  0.0260  0.0247  0.0245  0.0241  0.0236  0.0238  0.0239  0.0238  0.0241  0.0236  0.0233
  0.0253  0.0253  0.0252  0.0246  0.0244  0.0241  0.0235  0.0235  0.0235  0.0235  0.0235  0.0235
  0.0256  0.0252  0.0258  0.0261  0.0259  0.0252  0.0238  0.0238  0.0238  0.0237  0.0236  0.0240
  0.0266  0.0256  0.0268  0.0295  0.0282  0.0285  0.0245  0.0249  0.0245  0.0245  0.0240  0.0247
  0.0282  0.0266  0.0281  0.0342  0.0315  0.0338  0.0256  0.0269  0.0256  0.0260  0.0246  0.0256
niter,ni,del,rscale     7    3    5.0000    1.2000
parameters
    1.8545   25.3632    1.4556  -12.6786  -16.8215  -17.7645
    0.7499    7.6696   -2.3278   25.6863   -6.9148  -29.4774
eta,q 0.97683  8.29353
  0.0263  0.0263  0.0244  0.0264  0.0263  0.0261  0.0252  0.0265  0.0251  0.0266  0.0240  0.0241
  0.0248  0.0248  0.0237  0.0249  0.0249  0.0245  0.0241  0.0247  0.0241  0.0249  0.0235  0.0236
  0.0238  0.0238  0.0233  0.0239  0.0238  0.0234  0.0234  0.0236  0.0234  0.0237  0.0233  0.0232
  0.0233  0.0233  0.0233  0.0232  0.0233  0.0233  0.0232  0.0232  0.0232  0.0232  0.0232  0.0232
  0.0235  0.0234  0.0238  0.0234  0.0239  0.0239  0.0236  0.0235  0.0235  0.0234  0.0233  0.0234
  0.0243  0.0241  0.0247  0.0248  0.0255  0.0250  0.0243  0.0246  0.0241  0.0243  0.0237  0.0240
  0.0258  0.0252  0.0260  0.0279  0.0281  0.0283  0.0255  0.0264  0.0251  0.0256  0.0242  0.0247
niter,ni,del,rscale     6    3    5.0000    1.2000
parameters
    1.8547   25.5449    1.2186  -12.7418  -17.1941  -18.0240
    0.6550    7.7036   -2.2161   26.1357   -7.1410  -29.8660
eta,q 0.97683  8.27807
  0.0258  0.0258  0.0247  0.0264  0.0264  0.0265  0.0252  0.0264  0.0251  0.0262  0.0240  0.0242
  0.0244  0.0244  0.0239  0.0249  0.0249  0.0248  0.0241  0.0246  0.0241  0.0247  0.0235  0.0237
  0.0235  0.0235  0.0233  0.0238  0.0238  0.0236  0.0234  0.0235  0.0234  0.0236  0.0233  0.0233
  0.0232  0.0232  0.0232  0.0232  0.0232  0.0232  0.0232  0.0232  0.0232  0.0232  0.0232  0.0232
  0.0235  0.0233  0.0235  0.0232  0.0235  0.0237  0.0235  0.0235  0.0234  0.0234  0.0233  0.0233
  0.0244  0.0240  0.0242  0.0243  0.0249  0.0244  0.0242  0.0246  0.0240  0.0243  0.0236  0.0238
  0.0259  0.0251  0.0254  0.0271  0.0274  0.0273  0.0253  0.0263  0.0250  0.0256  0.0241  0.0245
niter,ni,del,rscale     5    3    5.0000    1.2000
parameters
    1.8564   25.6499    1.1094  -12.7812  -17.3975  -18.1553
    0.5891    7.7159   -2.1411   26.3908   -7.2520  -30.0469
eta,q 0.97681  8.26963
  0.0258  0.0256  0.0248  0.0264  0.0264  0.0265  0.0252  0.0264  0.0251  0.0260  0.0240  0.0243
  0.0244  0.0243  0.0240  0.0249  0.0250  0.0248  0.0241  0.0246  0.0240  0.0246  0.0236  0.0237
  0.0235  0.0235  0.0234  0.0238  0.0239  0.0236  0.0234  0.0235  0.0234  0.0236  0.0233  0.0233
  0.0232  0.0232  0.0232  0.0232  0.0232  0.0232  0.0232  0.0232  0.0232  0.0232  0.0232  0.0232
  0.0235  0.0234  0.0234  0.0232  0.0234  0.0237  0.0235  0.0236  0.0234  0.0235  0.0233  0.0233
  0.0244  0.0241  0.0241  0.0243  0.0248  0.0243  0.0242  0.0246  0.0240  0.0244  0.0236  0.0238
  0.0258  0.0252  0.0252  0.0270  0.0272  0.0271  0.0253  0.0263  0.0250  0.0257  0.0241  0.0244
niter,ni,del,rscale     4    3    5.0000    1.2000
parameters
    1.8576   25.7094    1.0474  -12.8037  -17.5227  -18.2480
    0.5470    7.7205   -2.1045   26.5353   -7.3226  -30.1292
eta,q 0.97679  8.26352
  0.0258  0.0255  0.0249  0.0264  0.0264  0.0265  0.0252  0.0263  0.0250  0.0259  0.0240  0.0243
  0.0244  0.0242  0.0240  0.0249  0.0250  0.0249  0.0241  0.0246  0.0240  0.0245  0.0236  0.0237
  0.0235  0.0235  0.0234  0.0239  0.0239  0.0236  0.0234  0.0235  0.0234  0.0236  0.0233  0.0233
  0.0232  0.0232  0.0232  0.0232  0.0232  0.0232  0.0232  0.0232  0.0232  0.0232  0.0232  0.0232
  0.0235  0.0234  0.0234  0.0232  0.0234  0.0236  0.0235  0.0236  0.0234  0.0235  0.0233  0.0233
  0.0244  0.0241  0.0241  0.0243  0.0247  0.0243  0.0242  0.0246  0.0240  0.0244  0.0236  0.0237
  0.0258  0.0252  0.0251  0.0270  0.0271  0.0271  0.0252  0.0263  0.0250  0.0258  0.0241  0.0244
niter,ni,del,rscale     3    3    5.0000    1.2000
parameters
    1.8578   25.7462    1.0075  -12.8247  -17.6011  -18.3138
    0.5260    7.7258   -2.0730   26.6269   -7.3713  -30.1877
eta,q 0.97678  8.25922
  0.0258  0.0254  0.0249  0.0264  0.0264  0.0265  0.0252  0.0264  0.0250  0.0259  0.0240  0.0243
  0.0244  0.0242  0.0241  0.0249  0.0250  0.0249  0.0241  0.0246  0.0240  0.0245  0.0236  0.0237
  0.0235  0.0234  0.0234  0.0239  0.0239  0.0236  0.0234  0.0235  0.0234  0.0236  0.0233  0.0234
  0.0232  0.0232  0.0232  0.0232  0.0232  0.0232  0.0232  0.0232  0.0232  0.0232  0.0232  0.0232
  0.0235  0.0235  0.0234  0.0232  0.0234  0.0237  0.0235  0.0236  0.0234  0.0235  0.0233  0.0233
  0.0244  0.0242  0.0241  0.0243  0.0247  0.0243  0.0242  0.0246  0.0240  0.0244  0.0236  0.0237
  0.0258  0.0253  0.0251  0.0270  0.0270  0.0270  0.0252  0.0263  0.0250  0.0258  0.0241  0.0244
niter,ni,del,rscale     2    3    5.0000    1.2000
parameters
    1.8570   25.7722    0.9825  -12.8306  -17.6510  -18.3552
    0.5077    7.7287   -2.0546   26.6877   -7.3879  -30.2153
eta,q 0.97677  8.25672
  0.0258  0.0254  0.0249  0.0264  0.0264  0.0265  0.0252  0.0263  0.0250  0.0259  0.0240  0.0243
  0.0244  0.0242  0.0241  0.0249  0.0250  0.0249  0.0241  0.0246  0.0240  0.0245  0.0236  0.0237
  0.0235  0.0235  0.0235  0.0239  0.0239  0.0236  0.0234  0.0235  0.0234  0.0236  0.0233  0.0234
  0.0232  0.0232  0.0232  0.0232  0.0232  0.0232  0.0232  0.0232  0.0232  0.0232  0.0232  0.0232
  0.0235  0.0235  0.0234  0.0232  0.0234  0.0236  0.0235  0.0236  0.0234  0.0235  0.0233  0.0233
  0.0244  0.0242  0.0240  0.0243  0.0247  0.0243  0.0242  0.0246  0.0240  0.0244  0.0236  0.0237
  0.0258  0.0253  0.0251  0.0270  0.0270  0.0270  0.0252  0.0263  0.0250  0.0258  0.0241  0.0243
niter,ni,del,rscale     1    3    5.0000    1.2000
parameters
    1.8587   25.7864    0.9669  -12.8419  -17.6854  -18.3774
    0.4968    7.7330   -2.0466   26.7238   -7.4159  -30.2353
eta,q 0.97677  8.25491
  0.0258  0.0254  0.0250  0.0264  0.0265  0.0265  0.0253  0.0263  0.0250  0.0258  0.0240  0.0243
  0.0244  0.0242  0.0241  0.0249  0.0251  0.0249  0.0242  0.0246  0.0240  0.0244  0.0236  0.0238
  0.0235  0.0234  0.0235  0.0239  0.0240  0.0237  0.0234  0.0235  0.0234  0.0236  0.0233  0.0234
  0.0232  0.0232  0.0232  0.0232  0.0232  0.0232  0.0232  0.0232  0.0232  0.0232  0.0232  0.0232
  0.0235  0.0235  0.0234  0.0233  0.0234  0.0237  0.0235  0.0236  0.0234  0.0235  0.0233  0.0233
  0.0244  0.0242  0.0240  0.0243  0.0247  0.0243  0.0242  0.0246  0.0240  0.0244  0.0236  0.0237
  0.0258  0.0253  0.0251  0.0270  0.0270  0.0270  0.0252  0.0263  0.0250  0.0258  0.0241  0.0243
registration optimization eta report
parameter search radius
    2.4000    2.4000    2.7600    9.5220    9.5220    9.5220
    7.2000    7.2000    7.2000    8.2800    7.2000    7.2000
100000*second partial in parameter space
       45.       37.       23.        4.        4.        4.
        4.        6.        3.        4.        2.        2.
  0.0258  0.0254  0.0250  0.0264  0.0265  0.0265  0.0253  0.0263  0.0250  0.0258  0.0240  0.0243
  0.0244  0.0242  0.0241  0.0249  0.0251  0.0249  0.0242  0.0246  0.0240  0.0244  0.0236  0.0238
  0.0235  0.0234  0.0235  0.0239  0.0240  0.0237  0.0234  0.0235  0.0234  0.0236  0.0233  0.0234
  0.0232  0.0232  0.0232  0.0232  0.0232  0.0232  0.0232  0.0232  0.0232  0.0232  0.0232  0.0232
  0.0235  0.0235  0.0234  0.0233  0.0234  0.0237  0.0235  0.0236  0.0234  0.0235  0.0233  0.0233
  0.0244  0.0242  0.0240  0.0243  0.0247  0.0243  0.0242  0.0246  0.0240  0.0244  0.0236  0.0237
  0.0258  0.0253  0.0251  0.0270  0.0270  0.0270  0.0252  0.0263  0.0250  0.0258  0.0241  0.0243
    1.8587   25.7864    0.9669  -12.8419  -17.6854  -18.3774
    0.4968    7.7330   -2.0466   26.7238   -7.4159  -30.2353
eta,q 0.97677  8.25491

---------------------------------------------------------------------
imgreg_4dfp /opt/freesurfer/average/711-2C_as_mni_average_305 /opt/freesurfer/average/711-2B_as_mni_average_305_mask talsrcimg_g11 none talsrcimg_to_711-2C_as_mni_average_305_t4 2311
---------------------------------------------------------------------

freesurfer imgreg_4dfp.c
/opt/freesurfer/average/711-2C_as_mni_average_305.4dfp.img
       256       256       256         1
  1.000000  1.000000  1.000000
orientation T byte_order littleendian
Reading image: /opt/freesurfer/average/711-2C_as_mni_average_305.4dfp.img
dimensions:      256       256       256
mmppix:       1.0000   -1.0000   -1.0000
center:     128.0000 -129.0000 -129.0000
/opt/freesurfer/average/711-2B_as_mni_average_305_mask.4dfp.img
       256       256       256         1
  1.000000  1.000000  1.000000
orientation T byte_order littleendian
Reading mask: /opt/freesurfer/average/711-2B_as_mni_average_305_mask.4dfp.img (2306576 pixels)
talsrcimg_g11.4dfp.img
       256       256       256         1
  1.000000  1.000000  1.000000
orientation T byte_order littleendian
Reading image: talsrcimg_g11.4dfp.img
dimensions:      256       256       256
mmppix:       1.0000   -1.0000   -1.0000
center:     128.0000 -129.0000 -129.0000
fimgreg.f
image alignment mode   2311 decimal      907 hex
parameters
    1.8587   25.7864    0.9669  -12.8419  -17.6854  -18.3774
    0.4968    7.7330   -2.0466   26.7238   -7.4159  -30.2353
eta,q 0.97677  8.25491
niter,ni,del,rscale     5    3    5.0000    0.8000
parameters
    1.8767   25.7667    1.0219  -11.6220  -16.9114  -17.6173
    0.6423    7.8507   -1.9691   26.5411   -7.0873  -30.0089
eta,q 0.97690  8.35728
  0.0244  0.0242  0.0239  0.0244  0.0244  0.0242  0.0242  0.0247  0.0240  0.0240  0.0236  0.0237
  0.0238  0.0236  0.0236  0.0239  0.0239  0.0236  0.0236  0.0238  0.0235  0.0235  0.0233  0.0234
  0.0234  0.0233  0.0233  0.0235  0.0234  0.0232  0.0232  0.0233  0.0232  0.0232  0.0232  0.0232
  0.0232  0.0232  0.0232  0.0232  0.0231  0.0231  0.0231  0.0231  0.0231  0.0231  0.0231  0.0231
  0.0233  0.0234  0.0233  0.0231  0.0231  0.0232  0.0232  0.0233  0.0232  0.0232  0.0231  0.0231
  0.0237  0.0237  0.0235  0.0233  0.0233  0.0234  0.0235  0.0237  0.0235  0.0236  0.0233  0.0233
  0.0244  0.0242  0.0238  0.0237  0.0239  0.0236  0.0241  0.0245  0.0239  0.0241  0.0235  0.0236
niter,ni,del,rscale     4    3    5.0000    0.7000
parameters
    1.8785   25.6344    1.1461  -11.5367  -16.6901  -17.3675
    0.6729    7.8511   -2.0332   26.3018   -6.9816  -29.8125
eta,q 0.97691  8.37328
  0.0241  0.0237  0.0237  0.0238  0.0240  0.0237  0.0239  0.0243  0.0238  0.0238  0.0234  0.0235
  0.0235  0.0234  0.0234  0.0235  0.0236  0.0233  0.0235  0.0236  0.0234  0.0234  0.0232  0.0233
  0.0232  0.0231  0.0232  0.0232  0.0233  0.0231  0.0232  0.0232  0.0232  0.0232  0.0231  0.0232
  0.0231  0.0231  0.0231  0.0231  0.0231  0.0231  0.0231  0.0231  0.0231  0.0231  0.0231  0.0231
  0.0232  0.0232  0.0231  0.0231  0.0231  0.0232  0.0232  0.0232  0.0232  0.0232  0.0231  0.0231
  0.0235  0.0236  0.0232  0.0234  0.0234  0.0234  0.0234  0.0236  0.0234  0.0235  0.0232  0.0232
  0.0241  0.0240  0.0235  0.0239  0.0239  0.0235  0.0239  0.0243  0.0238  0.0239  0.0234  0.0235
niter,ni,del,rscale     3    3    5.0000    0.6000
parameters
    1.8813   25.5689    1.2283  -11.4175  -16.5245  -17.4805
    0.6784    7.8534   -2.0879   26.0574   -6.8723  -29.6309
eta,q 0.97694  8.37301
  0.0238  0.0236  0.0235  0.0237  0.0238  0.0235  0.0237  0.0239  0.0236  0.0236  0.0233  0.0234
  0.0234  0.0233  0.0233  0.0234  0.0235  0.0232  0.0233  0.0234  0.0233  0.0233  0.0232  0.0232
  0.0232  0.0231  0.0232  0.0232  0.0232  0.0230  0.0231  0.0232  0.0231  0.0231  0.0231  0.0231
  0.0231  0.0231  0.0231  0.0231  0.0231  0.0231  0.0231  0.0231  0.0231  0.0231  0.0231  0.0231
  0.0232  0.0232  0.0231  0.0231  0.0231  0.0232  0.0231  0.0232  0.0231  0.0232  0.0231  0.0231
  0.0234  0.0234  0.0232  0.0233  0.0233  0.0233  0.0233  0.0234  0.0233  0.0234  0.0232  0.0232
  0.0238  0.0237  0.0234  0.0237  0.0237  0.0234  0.0236  0.0239  0.0236  0.0237  0.0233  0.0233
niter,ni,del,rscale     2    3    5.0000    0.5000
parameters
    1.8858   25.5311    1.2423  -11.3365  -16.3856  -17.7641
    0.6588    7.8268   -2.1334   25.8544   -6.8042  -29.5590
eta,q 0.97697  8.36508
  0.0236  0.0235  0.0233  0.0235  0.0236  0.0234  0.0234  0.0236  0.0234  0.0234  0.0232  0.0233
  0.0233  0.0232  0.0232  0.0233  0.0233  0.0231  0.0232  0.0233  0.0232  0.0232  0.0231  0.0231
  0.0231  0.0231  0.0231  0.0231  0.0232  0.0230  0.0231  0.0231  0.0231  0.0231  0.0231  0.0231
  0.0231  0.0231  0.0231  0.0231  0.0231  0.0231  0.0230  0.0230  0.0230  0.0230  0.0230  0.0230
  0.0231  0.0231  0.0231  0.0231  0.0231  0.0232  0.0231  0.0231  0.0231  0.0231  0.0231  0.0230
  0.0233  0.0233  0.0232  0.0232  0.0233  0.0233  0.0232  0.0233  0.0232  0.0233  0.0231  0.0231
  0.0236  0.0235  0.0233  0.0235  0.0235  0.0234  0.0234  0.0236  0.0234  0.0235  0.0232  0.0232
niter,ni,del,rscale     1    3    5.0000    0.4000
parameters
    1.8882   25.5153    1.2018  -11.2997  -16.2787  -18.0287
    0.6395    7.8158   -2.1540   25.7538   -6.7897  -29.5486
eta,q 0.97699  8.35765
  0.0234  0.0233  0.0232  0.0233  0.0234  0.0233  0.0233  0.0234  0.0232  0.0233  0.0231  0.0232
  0.0232  0.0231  0.0231  0.0232  0.0232  0.0231  0.0231  0.0232  0.0231  0.0231  0.0231  0.0231
  0.0231  0.0231  0.0230  0.0231  0.0231  0.0230  0.0230  0.0231  0.0230  0.0230  0.0230  0.0230
  0.0230  0.0230  0.0230  0.0230  0.0230  0.0230  0.0230  0.0230  0.0230  0.0230  0.0230  0.0230
  0.0231  0.0231  0.0231  0.0231  0.0230  0.0231  0.0230  0.0230  0.0230  0.0231  0.0230  0.0230
  0.0232  0.0232  0.0231  0.0231  0.0232  0.0232  0.0231  0.0232  0.0231  0.0232  0.0231  0.0231
  0.0234  0.0233  0.0232  0.0233  0.0233  0.0233  0.0233  0.0234  0.0233  0.0233  0.0231  0.0232
registration optimization eta report
parameter search radius
    0.8000    0.8000    0.8000    2.4000    2.4000    2.4000
    2.4000    2.4000    2.4000    2.4000    2.4000    2.4000
100000*second partial in parameter space
       51.       43.       27.        5.        6.        5.
        5.        7.        4.        5.        2.        3.
  0.0234  0.0233  0.0232  0.0233  0.0234  0.0233  0.0233  0.0234  0.0232  0.0233  0.0231  0.0232
  0.0232  0.0231  0.0231  0.0232  0.0232  0.0231  0.0231  0.0232  0.0231  0.0231  0.0231  0.0231
  0.0231  0.0231  0.0230  0.0231  0.0231  0.0230  0.0230  0.0231  0.0230  0.0230  0.0230  0.0230
  0.0230  0.0230  0.0230  0.0230  0.0230  0.0230  0.0230  0.0230  0.0230  0.0230  0.0230  0.0230
  0.0231  0.0231  0.0231  0.0231  0.0230  0.0231  0.0230  0.0230  0.0230  0.0231  0.0230  0.0230
  0.0232  0.0232  0.0231  0.0231  0.0232  0.0232  0.0231  0.0232  0.0231  0.0232  0.0231  0.0231
  0.0234  0.0233  0.0232  0.0233  0.0233  0.0233  0.0233  0.0234  0.0233  0.0233  0.0231  0.0232
    1.8882   25.5153    1.2018  -11.2997  -16.2787  -18.0287
    0.6395    7.8158   -2.1540   25.7538   -6.7897  -29.5486
eta,q 0.97699  8.35765

---------------------------------------------------------------------
imgreg_4dfp /opt/freesurfer/average/711-2C_as_mni_average_305 /opt/freesurfer/average/711-2B_as_mni_average_305_mask talsrcimg_g11 none talsrcimg_to_711-2C_as_mni_average_305_t4 2311
---------------------------------------------------------------------

freesurfer imgreg_4dfp.c
/opt/freesurfer/average/711-2C_as_mni_average_305.4dfp.img
       256       256       256         1
  1.000000  1.000000  1.000000
orientation T byte_order littleendian
Reading image: /opt/freesurfer/average/711-2C_as_mni_average_305.4dfp.img
dimensions:      256       256       256
mmppix:       1.0000   -1.0000   -1.0000
center:     128.0000 -129.0000 -129.0000
/opt/freesurfer/average/711-2B_as_mni_average_305_mask.4dfp.img
       256       256       256         1
  1.000000  1.000000  1.000000
orientation T byte_order littleendian
Reading mask: /opt/freesurfer/average/711-2B_as_mni_average_305_mask.4dfp.img (2306576 pixels)
talsrcimg_g11.4dfp.img
       256       256       256         1
  1.000000  1.000000  1.000000
orientation T byte_order littleendian
Reading image: talsrcimg_g11.4dfp.img
dimensions:      256       256       256
mmppix:       1.0000   -1.0000   -1.0000
center:     128.0000 -129.0000 -129.0000
fimgreg.f
image alignment mode   2311 decimal      907 hex
parameters
    1.8882   25.5153    1.2018  -11.2997  -16.2787  -18.0287
    0.6395    7.8158   -2.1540   25.7538   -6.7897  -29.5486
eta,q 0.97699  8.35765
niter,ni,del,rscale     5    3    5.0000    0.8000
parameters
    1.8665   25.5268    1.1218  -11.6317  -16.4455  -17.4593
    0.7264    7.7935   -2.1355   26.0538   -6.8858  -29.7175
eta,q 0.97693  8.36970
  0.0242  0.0241  0.0236  0.0238  0.0241  0.0241  0.0241  0.0246  0.0240  0.0242  0.0235  0.0236
  0.0236  0.0235  0.0233  0.0234  0.0236  0.0235  0.0236  0.0237  0.0235  0.0236  0.0232  0.0233
  0.0232  0.0231  0.0231  0.0231  0.0232  0.0231  0.0232  0.0232  0.0232  0.0232  0.0231  0.0231
  0.0230  0.0230  0.0230  0.0230  0.0230  0.0230  0.0231  0.0231  0.0231  0.0231  0.0231  0.0231
  0.0232  0.0231  0.0231  0.0231  0.0232  0.0232  0.0232  0.0232  0.0232  0.0232  0.0231  0.0231
  0.0236  0.0235  0.0234  0.0235  0.0236  0.0234  0.0235  0.0238  0.0235  0.0235  0.0233  0.0233
  0.0243  0.0241  0.0238  0.0242  0.0243  0.0236  0.0241  0.0246  0.0240  0.0240  0.0235  0.0237
niter,ni,del,rscale     4    3    5.0000    0.7000
parameters
    1.8679   25.5369    1.2237  -11.5103  -16.4785  -17.3435
    0.7205    7.8337   -2.1114   26.0608   -6.8614  -29.6483
eta,q 0.97693  8.37735
  0.0241  0.0239  0.0236  0.0238  0.0239  0.0237  0.0239  0.0243  0.0238  0.0239  0.0234  0.0235
  0.0235  0.0234  0.0234  0.0235  0.0235  0.0233  0.0234  0.0236  0.0234  0.0234  0.0232  0.0233
  0.0232  0.0232  0.0232  0.0232  0.0232  0.0230  0.0232  0.0232  0.0232  0.0232  0.0231  0.0231
  0.0231  0.0231  0.0231  0.0231  0.0231  0.0231  0.0231  0.0231  0.0231  0.0231  0.0231  0.0231
  0.0232  0.0232  0.0231  0.0231  0.0232  0.0232  0.0232  0.0232  0.0231  0.0232  0.0231  0.0231
  0.0235  0.0234  0.0232  0.0233  0.0235  0.0234  0.0234  0.0236  0.0234  0.0234  0.0232  0.0233
  0.0241  0.0239  0.0235  0.0238  0.0240  0.0235  0.0239  0.0242  0.0238  0.0239  0.0234  0.0235
niter,ni,del,rscale     3    3    5.0000    0.6000
parameters
    1.8789   25.5271    1.2580  -11.4024  -16.4228  -17.4984
    0.6902    7.8457   -2.1344   25.9519   -6.8111  -29.5668
eta,q 0.97695  8.37421
  0.0238  0.0237  0.0235  0.0237  0.0238  0.0235  0.0236  0.0239  0.0236  0.0236  0.0233  0.0234
  0.0234  0.0233  0.0233  0.0234  0.0234  0.0232  0.0233  0.0234  0.0233  0.0233  0.0232  0.0232
  0.0232  0.0231  0.0231  0.0232  0.0232  0.0230  0.0231  0.0231  0.0231  0.0231  0.0231  0.0231
  0.0231  0.0231  0.0231  0.0231  0.0231  0.0231  0.0231  0.0231  0.0230  0.0231  0.0230  0.0230
  0.0231  0.0231  0.0231  0.0231  0.0231  0.0232  0.0231  0.0231  0.0231  0.0231  0.0231  0.0231
  0.0234  0.0234  0.0232  0.0233  0.0234  0.0233  0.0233  0.0234  0.0233  0.0234  0.0232  0.0232
  0.0238  0.0237  0.0234  0.0236  0.0238  0.0234  0.0236  0.0239  0.0236  0.0237  0.0233  0.0234
niter,ni,del,rscale     2    3    5.0000    0.5000
parameters
    1.8865   25.5150    1.2461  -11.3369  -16.3422  -17.7666
    0.6768    7.8348   -2.1566   25.8202   -6.7811  -29.5303
eta,q 0.97698  8.36572
  0.0236  0.0235  0.0233  0.0235  0.0236  0.0234  0.0234  0.0236  0.0234  0.0234  0.0232  0.0233
  0.0233  0.0232  0.0232  0.0233  0.0233  0.0231  0.0232  0.0233  0.0232  0.0232  0.0231  0.0231
  0.0231  0.0231  0.0231  0.0231  0.0231  0.0230  0.0231  0.0231  0.0231  0.0231  0.0231  0.0231
  0.0230  0.0231  0.0230  0.0231  0.0231  0.0230  0.0230  0.0230  0.0230  0.0230  0.0230  0.0230
  0.0231  0.0231  0.0231  0.0231  0.0231  0.0232  0.0231  0.0231  0.0231  0.0231  0.0230  0.0230
  0.0233  0.0233  0.0232  0.0232  0.0233  0.0233  0.0232  0.0233  0.0232  0.0233  0.0231  0.0231
  0.0236  0.0235  0.0233  0.0235  0.0236  0.0234  0.0234  0.0236  0.0234  0.0235  0.0232  0.0233
niter,ni,del,rscale     1    3    5.0000    0.4000
parameters
    1.8854   25.5087    1.2051  -11.2854  -16.2699  -18.0326
    0.6545    7.8138   -2.1628   25.7481   -6.7509  -29.5245
eta,q 0.97699  8.35787
  0.0234  0.0233  0.0232  0.0233  0.0234  0.0233  0.0233  0.0234  0.0232  0.0233  0.0231  0.0232
  0.0232  0.0231  0.0231  0.0232  0.0232  0.0231  0.0231  0.0232  0.0231  0.0231  0.0231  0.0231
  0.0231  0.0231  0.0230  0.0231  0.0231  0.0230  0.0230  0.0231  0.0230  0.0230  0.0230  0.0230
  0.0230  0.0230  0.0230  0.0230  0.0230  0.0230  0.0230  0.0230  0.0230  0.0230  0.0230  0.0230
  0.0231  0.0231  0.0231  0.0230  0.0231  0.0231  0.0230  0.0231  0.0230  0.0231  0.0230  0.0230
  0.0232  0.0232  0.0231  0.0231  0.0232  0.0232  0.0231  0.0232  0.0231  0.0232  0.0231  0.0231
  0.0234  0.0233  0.0232  0.0233  0.0234  0.0233  0.0233  0.0234  0.0232  0.0233  0.0231  0.0232
registration optimization eta report
parameter search radius
    0.8000    0.8000    0.8000    2.4000    2.4000    2.4000
    2.4000    2.4000    2.4000    2.4000    2.4000    2.4000
100000*second partial in parameter space
       52.       43.       27.        5.        6.        5.
        5.        7.        4.        5.        2.        3.
  0.0234  0.0233  0.0232  0.0233  0.0234  0.0233  0.0233  0.0234  0.0232  0.0233  0.0231  0.0232
  0.0232  0.0231  0.0231  0.0232  0.0232  0.0231  0.0231  0.0232  0.0231  0.0231  0.0231  0.0231
  0.0231  0.0231  0.0230  0.0231  0.0231  0.0230  0.0230  0.0231  0.0230  0.0230  0.0230  0.0230
  0.0230  0.0230  0.0230  0.0230  0.0230  0.0230  0.0230  0.0230  0.0230  0.0230  0.0230  0.0230
  0.0231  0.0231  0.0231  0.0230  0.0231  0.0231  0.0230  0.0231  0.0230  0.0231  0.0230  0.0230
  0.0232  0.0232  0.0231  0.0231  0.0232  0.0232  0.0231  0.0232  0.0231  0.0232  0.0231  0.0231
  0.0234  0.0233  0.0232  0.0233  0.0234  0.0233  0.0233  0.0234  0.0232  0.0233  0.0231  0.0232
    1.8854   25.5087    1.2051  -11.2854  -16.2699  -18.0326
    0.6545    7.8138   -2.1628   25.7481   -6.7509  -29.5245
eta,q 0.97699  8.35787

---------------------------------------------------------------------
compute_vox2vox talsrcimg talsrcimg_to_711-2C_as_mni_average_305_t4 /opt/freesurfer/average/711-2C_as_mni_average_305
---------------------------------------------------------------------

freesurfer compute_vox2vox.c
Reading: talsrcimg.4dfp.ifh
Reading: talsrcimg_to_711-2C_as_mni_average_305_t4
Reading: /opt/freesurfer/average/711-2C_as_mni_average_305.4dfp.ifh
Writing: talsrcimg_to_711-2C_as_mni_average_305_t4_vox2vox.txt

start time Sun Mar 15 08:15:02 CET 2026
end		time Sun Mar 15 08:16:28 CET 2026

mpr2mni305 success

avi2talxfm orig_nu.mgz /opt/freesurfer/average/mni305.cor.mgz talsrcimg_to_711-2C_as_mni_average_305_t4_vox2vox.txt transforms/talairach.auto.xfm
avi2talxfm done
mv -f /out/sourcedata/freesurfer/sub-v2s10x28991_ses-1/mri/talsrcimg_to_711-2C_as_mni_average_305_t4_vox2vox.txt /out/sourcedata/freesurfer/sub-v2s10x28991_ses-1/mri/transforms/talsrcimg_to_711-2C_as_mni_average_305_t4_vox2vox.txt
lta_convert --src orig_nu.mgz --trg /opt/freesurfer/average/mni305.cor.mgz --inxfm transforms/talairach.auto.xfm --outlta transforms/talairach.auto.xfm.lta --subject fsaverage
7.3.2

--src: orig_nu.mgz src image (geometry).
--trg: /opt/freesurfer/average/mni305.cor.mgz trg image (geometry).
--inmni: transforms/talairach.auto.xfm input MNI/XFM transform.
--outlta: transforms/talairach.auto.xfm.lta output LTA.
--s: fsaverage subject name
 LTA read, type : 1
 1.11907  -0.09357  -0.04174  -1.87195;
 0.09235   1.09062   0.38385  -6.64590;
 0.00051  -0.33780   1.07520   3.78595;
 0.00000   0.00000   0.00000   1.00000;
setting subject to fsaverage
Writing  LTA to file transforms/talairach.auto.xfm.lta...
lta_convert successful.
 
 
Started at Sun Mar 15 08:15:02 CET 2026
Ended   at Sun Mar 15 08:16:28 CET 2026
talairach_avi done
