status file for recon-all
Sun Mar 15 09:48:13 CET 2026
#@# Tessellate lh Sun Mar 15 09:48:13 CET 2026
#@# Smooth1 lh Sun Mar 15 09:48:17 CET 2026
#@# Inflation1 lh Sun Mar 15 09:48:19 CET 2026
#@# QSphere lh Sun Mar 15 09:48:28 CET 2026
#@# Fix Topology lh Sun Mar 15 09:49:26 CET 2026
#@# Smooth2 lh Sun Mar 15 09:56:17 CET 2026
#@# Inflation2 lh Sun Mar 15 09:56:19 CET 2026
#@# Curv .H and .K lh Sun Mar 15 09:56:29 CET 2026
#@# Sphere lh Sun Mar 15 09:57:13 CET 2026
#@# Surf Reg lh Sun Mar 15 09:59:48 CET 2026
#@# Jacobian white lh Sun Mar 15 10:02:16 CET 2026
#@# AvgCurv lh Sun Mar 15 10:02:16 CET 2026
#@# Cortical Parc lh Sun Mar 15 10:02:17 CET 2026
#@# white curv lh Sun Mar 15 10:07:24 CET 2026
#@# white area lh Sun Mar 15 10:07:26 CET 2026
#@# pial curv lh Sun Mar 15 10:07:26 CET 2026
#@# pial area lh Sun Mar 15 10:07:28 CET 2026
#@# thickness lh Sun Mar 15 10:07:28 CET 2026
#@# area and vertex vol lh Sun Mar 15 10:07:56 CET 2026
#@# Curvature Stats lh Sun Mar 15 10:07:57 CET 2026
#@# Cortical Parc 2 lh Sun Mar 15 10:07:59 CET 2026
#@# Cortical Parc 3 lh Sun Mar 15 10:08:11 CET 2026
#@# WM/GM Contrast lh Sun Mar 15 10:08:21 CET 2026
recon-all -s sub-v2s10x28976_ses-1 finished without error at Sun Mar 15 10:08:23 CET 2026



#New# invocation of recon-all 



status file for recon-all
Sun Mar 15 10:31:42 CET 2026
#@# white curv lh Sun Mar 15 10:31:42 CET 2026
#@# white area lh Sun Mar 15 10:31:42 CET 2026
#@# pial curv lh Sun Mar 15 10:31:42 CET 2026
#@# pial area lh Sun Mar 15 10:31:42 CET 2026
#@# thickness lh Sun Mar 15 10:31:42 CET 2026
#@# area and vertex vol lh Sun Mar 15 10:31:42 CET 2026
#@# Parcellation Stats lh Sun Mar 15 10:31:42 CET 2026
#@# Parcellation Stats 2 lh Sun Mar 15 10:31:58 CET 2026
#@# Parcellation Stats 3 lh Sun Mar 15 10:32:06 CET 2026
#@# BA_exvivo Labels lh Sun Mar 15 10:32:14 CET 2026
recon-all -s sub-v2s10x28976_ses-1 finished without error at Sun Mar 15 10:34:25 CET 2026
