/out/sourcedata/freesurfer/sub-v2s10x30156_ses-1/mri
/opt/freesurfer/bin/talairach_avi
--i orig_nu.mgz --xfm transforms/talairach.auto.xfm
talairach_avi 7.3.2
Linux dna085 5.14.0-427.37.1.el9_4.x86_64 #1 SMP PREEMPT_DYNAMIC Fri Sep 13 12:41:50 EDT 2024 x86_64 x86_64 x86_64 GNU/Linux
Sun Mar 15 11:22:20 CET 2026
mri_convert orig_nu.mgz talsrcimg.img 
reading from orig_nu.mgz...
TR=0.00, TE=0.00, TI=0.00, flip angle=0.00
i_ras = (-1, -1.234e-08, -3.72529e-09)
j_ras = (-3.72529e-09, 9.31323e-10, -1)
k_ras = (1.22818e-08, 1, 0)
writing to talsrcimg.img...
Analyze Output Matrix
-1.00000  -0.00000   0.00000   125.77058;
-0.00000   0.00000   1.00000  -119.64190;
-0.00000  -1.00000   0.00000   111.85687;
 0.00000   0.00000   0.00000   1.00000;
--------------------
INFO: set hdr.hist.orient to -1
mpr2mni305 talsrcimg
Sun Mar 15 11:22:20 CET 2026
/opt/freesurfer/bin/mpr2mni305 talsrcimg
mpr2mni305 7.3.2
target=711-2C_as_mni_average_305

---------------------------------------------------------------------
analyzeto4dfp talsrcimg -O0 -y
---------------------------------------------------------------------

freesurfer ifh2hdr.c
Sun Mar 15 11:22:20 2026
Writing: talsrcimg.4dfp.hdr
freesurfer analyzeto4dfp.c
Reading: talsrcimg.hdr
header size 348 bytes
hdr.dime.datatype	offset=70	value=2
hdr.dime.bitpix		offset=72	value=8
hdr.hist.orient		offset=252	value=-1
dimensionality     4
dimensions       256       256       256         1
Reading: talsrcimg.img
Writing: talsrcimg.4dfp.img
Writing: talsrcimg.4dfp.ifh
ifh2hdr talsrcimg -r0to205
ori=2

---------------------------------------------------------------------
gauss_4dfp talsrcimg 1.1
---------------------------------------------------------------------

freesurfer gauss_4dfp.c
Reading: talsrcimg.4dfp.img
Writing: talsrcimg_g11.4dfp.img
image dimensions 256 256 256 padded to 288 288 288
processing volume 1freesurfer ifh2hdr.c
Sun Mar 15 11:22:22 2026
Writing: talsrcimg_g11.4dfp.hdr

Writing: talsrcimg_g11.4dfp.ifh
including: talsrcimg.4dfp.img.rec in talsrcimg_g11.4dfp.img.rec

---------------------------------------------------------------------
imgreg_4dfp /opt/freesurfer/average/711-2C_as_mni_average_305 none talsrcimg_g11 none talsrcimg_to_711-2C_as_mni_average_305_t4 4355
---------------------------------------------------------------------

freesurfer imgreg_4dfp.c
/opt/freesurfer/average/711-2C_as_mni_average_305.4dfp.img
       256       256       256         1
  1.000000  1.000000  1.000000
orientation T byte_order littleendian
Reading image: /opt/freesurfer/average/711-2C_as_mni_average_305.4dfp.img
dimensions:      256       256       256
mmppix:       1.0000   -1.0000   -1.0000
center:     128.0000 -129.0000 -129.0000
talsrcimg_g11.4dfp.img
       256       256       256         1
  1.000000  1.000000  1.000000
orientation T byte_order littleendian
Reading image: talsrcimg_g11.4dfp.img
dimensions:      256       256       256
mmppix:       1.0000   -1.0000   -1.0000
center:     128.0000 -129.0000 -129.0000
t4_read: open error in t4_sub.f l:  41 t4_file(1:l)talsrcimg_to_711-2C_as_mni_average_305_t4 
t4_read: transform initialized to I4
rotation matrix determinant  1.000000
image alignment mode   4355 decimal     1103 hex
   -7.5000  -45.0000  -45.0000 8539.4375   12.7160
    0.0000  -45.0000  -45.0000 8872.9375   12.7053
    7.5000  -45.0000  -45.0000 8512.4502   12.6871
   -7.5000  -37.5000  -45.0000 8884.3867   12.7124
    0.0000  -37.5000  -45.0000 9242.5176   12.7041
    7.5000  -37.5000  -45.0000 8866.0039   12.6865
   -7.5000  -30.0000  -45.0000 9565.6973   12.5527
    0.0000  -30.0000  -45.0000 9948.7617   12.5465
    7.5000  -30.0000  -45.0000 9556.7217   12.5314
   -7.5000  -22.5000  -45.000010268.7930   12.4472
    0.0000  -22.5000  -45.000010696.5996   12.4435
    7.5000  -22.5000  -45.000010295.0830   12.4315
   -7.5000  -15.0000  -45.000010954.8955   12.3448
    0.0000  -15.0000  -45.000011420.6777   12.3401
    7.5000  -15.0000  -45.000011000.3311   12.3286
   -7.5000   -7.5000  -45.000011599.1836   12.2546
    0.0000   -7.5000  -45.000012097.2773   12.2465
    7.5000   -7.5000  -45.000011668.5879   12.2324
   -7.5000    0.0000  -45.000012158.7734   12.2250
    0.0000    0.0000  -45.000012691.9004   12.2148
    7.5000    0.0000  -45.000012256.8154   12.1977
   -7.5000    7.5000  -45.000011714.1592   12.3845
    0.0000    7.5000  -45.000012238.0400   12.3762
    7.5000    7.5000  -45.000011823.0361   12.3594
   -7.5000   15.0000  -45.000011266.5078   12.6219
    0.0000   15.0000  -45.000011778.9473   12.6172
    7.5000   15.0000  -45.000011376.4639   12.6040
   -7.5000   22.5000  -45.000010758.7246   12.8440
    0.0000   22.5000  -45.000011240.6738   12.8437
    7.5000   22.5000  -45.000010859.9531   12.8336
   -7.5000   30.0000  -45.000010194.6396   12.8769
    0.0000   30.0000  -45.000010652.4346   12.8765
    7.5000   30.0000  -45.000010276.1152   12.8658
   -7.5000   37.5000  -45.0000 9963.3496   13.0397
    0.0000   37.5000  -45.000010444.3398   13.0331
    7.5000   37.5000  -45.000010055.0557   13.0165
   -7.5000   45.0000  -45.0000 9343.7607   12.8755
    0.0000   45.0000  -45.0000 9818.9512   12.8654
    7.5000   45.0000  -45.0000 9443.0713   12.8444
   -7.5000  -45.0000  -37.5000 8898.9395   12.6776
    0.0000  -45.0000  -37.5000 9253.7617   12.6726
    7.5000  -45.0000  -37.5000 8885.0391   12.6600
   -7.5000  -37.5000  -37.5000 9265.4893   12.6737
    0.0000  -37.5000  -37.5000 9656.2988   12.6705
    7.5000  -37.5000  -37.5000 9276.3398   12.6574
   -7.5000  -30.0000  -37.500010002.0645   12.5099
    0.0000  -30.0000  -37.500010435.1592   12.5076
    7.5000  -30.0000  -37.500010018.6445   12.4961
   -7.5000  -22.5000  -37.500010782.0703   12.3983
    0.0000  -22.5000  -37.500011238.2637   12.3977
    7.5000  -22.5000  -37.500010811.1074   12.3893
   -7.5000  -15.0000  -37.500011528.1318   12.2928
    0.0000  -15.0000  -37.500012021.5928   12.2912
    7.5000  -15.0000  -37.500011554.6006   12.2840
   -7.5000   -7.5000  -37.500012217.8135   12.2043
    0.0000   -7.5000  -37.500012746.7236   12.2009
    7.5000   -7.5000  -37.500012252.2822   12.1918
   -7.5000    0.0000  -37.500012818.8340   12.1786
    0.0000    0.0000  -37.500013346.7734   12.1738
    7.5000    0.0000  -37.500012827.5293   12.1618
   -7.5000    7.5000  -37.500012335.5996   12.3388
    0.0000    7.5000  -37.500012850.1592   12.3354
    7.5000    7.5000  -37.500012360.6455   12.3229
   -7.5000   15.0000  -37.500011854.2490   12.5700
    0.0000   15.0000  -37.500012372.2891   12.5689
    7.5000   15.0000  -37.500011908.1084   12.5585
   -7.5000   22.5000  -37.500011342.1338   12.7857
    0.0000   22.5000  -37.500011824.1328   12.7872
    7.5000   22.5000  -37.500011363.8857   12.7791
   -7.5000   30.0000  -37.500010741.5352   12.8157
    0.0000   30.0000  -37.500011219.3730   12.8172
    7.5000   30.0000  -37.500010773.7559   12.8097
   -7.5000   37.5000  -37.500010511.2734   12.9826
    0.0000   37.5000  -37.500011021.1836   12.9804
    7.5000   37.5000  -37.500010571.0361   12.9683
   -7.5000   45.0000  -37.5000 9849.9033   12.8257
    0.0000   45.0000  -37.500010346.8721   12.8206
    7.5000   45.0000  -37.5000 9930.6328   12.8044
   -7.5000  -45.0000  -30.0000 9404.3447   13.1846
    0.0000  -45.0000  -30.0000 9805.8115   13.1892
    7.5000  -45.0000  -30.0000 9396.3789   13.1778
   -7.5000  -37.5000  -30.0000 9826.8926   13.1798
    0.0000  -37.5000  -30.000010260.0146   13.1846
    7.5000  -37.5000  -30.0000 9835.4014   13.1736
   -7.5000  -30.0000  -30.000010650.0781   13.0025
    0.0000  -30.0000  -30.000011123.3613   13.0059
    7.5000  -30.0000  -30.000010651.3281   12.9969
   -7.5000  -22.5000  -30.000011496.2275   12.8795
    0.0000  -22.5000  -30.000012010.2393   12.8831
    7.5000  -22.5000  -30.000011497.9541   12.8767
   -7.5000  -15.0000  -30.000012296.8643   12.7670
    0.0000  -15.0000  -30.000012849.9961   12.7704
    7.5000  -15.0000  -30.000012297.9854   12.7643
   -7.5000   -7.5000  -30.000013026.9922   12.6776
    0.0000   -7.5000  -30.000013605.1201   12.6815
    7.5000   -7.5000  -30.000013029.8359   12.6729
   -7.5000    0.0000  -30.000013650.1846   12.6543
    0.0000    0.0000  -30.000014211.3398   12.6583
    7.5000    0.0000  -30.000013619.3643   12.6474
   -7.5000    7.5000  -30.000013167.8799   12.8219
    0.0000    7.5000  -30.000013720.4160   12.8261
    7.5000    7.5000  -30.000013161.4414   12.8156
   -7.5000   15.0000  -30.000012663.2959   13.0594
    0.0000   15.0000  -30.000013222.2080   13.0632
    7.5000   15.0000  -30.000012674.8330   13.0545
   -7.5000   22.5000  -30.000012122.2871   13.2768
    0.0000   22.5000  -30.000012654.0527   13.2808
    7.5000   22.5000  -30.000012102.4424   13.2738
   -7.5000   30.0000  -30.000011480.9307   13.3088
    0.0000   30.0000  -30.000011988.3721   13.3133
    7.5000   30.0000  -30.000011467.6191   13.3069
   -7.5000   37.5000  -30.000011226.5146   13.4867
    0.0000   37.5000  -30.000011761.3896   13.4912
    7.5000   37.5000  -30.000011258.2344   13.4803
   -7.5000   45.0000  -30.000010510.5342   13.3395
    0.0000   45.0000  -30.000011046.1230   13.3431
    7.5000   45.0000  -30.000010566.7695   13.3291
   -7.5000  -45.0000  -22.5000 9918.0352   13.5940
    0.0000  -45.0000  -22.500010366.6592   13.6023
    7.5000  -45.0000  -22.5000 9929.0986   13.5862
   -7.5000  -37.5000  -22.500010390.3779   13.5877
    0.0000  -37.5000  -22.500010871.2334   13.5954
    7.5000  -37.5000  -22.500010416.3008   13.5812
   -7.5000  -30.0000  -22.500011303.0176   13.4037
    0.0000  -30.0000  -22.500011803.4404   13.4090
    7.5000  -30.0000  -22.500011296.2607   13.3981
   -7.5000  -22.5000  -22.500012209.4971   13.2756
    0.0000  -22.5000  -22.500012761.7334   13.2804
    7.5000  -22.5000  -22.500012197.7822   13.2723
   -7.5000  -15.0000  -22.500013051.1865   13.1582
    0.0000  -15.0000  -22.500013638.9150   13.1630
    7.5000  -15.0000  -22.500013026.6055   13.1537
   -7.5000   -7.5000  -22.500013822.3115   13.0633
    0.0000   -7.5000  -22.500014445.6895   13.0696
    7.5000   -7.5000  -22.500013798.5488   13.0566
   -7.5000    0.0000  -22.500014455.7412   13.0369
    0.0000    0.0000  -22.500015087.7988   13.0444
    7.5000    0.0000  -22.500014412.8877   13.0291
   -7.5000    7.5000  -22.500013970.8477   13.2100
    0.0000    7.5000  -22.500014589.6855   13.2170
    7.5000    7.5000  -22.500013951.2803   13.2034
   -7.5000   15.0000  -22.500013449.6738   13.4580
    0.0000   15.0000  -22.500014073.3604   13.4632
    7.5000   15.0000  -22.500013427.3789   13.4528
   -7.5000   22.5000  -22.500012883.4082   13.6815
    0.0000   22.5000  -22.500013463.0449   13.6861
    7.5000   22.5000  -22.500012813.0459   13.6781
   -7.5000   30.0000  -22.500012190.5830   13.7168
    0.0000   30.0000  -22.500012743.7178   13.7222
    7.5000   30.0000  -22.500012129.0225   13.7138
   -7.5000   37.5000  -22.500011904.2461   13.8961
    0.0000   37.5000  -22.500012468.2607   13.9028
    7.5000   37.5000  -22.500011878.4932   13.8885
   -7.5000   45.0000  -22.500011134.1191   13.7515
    0.0000   45.0000  -22.500011676.9307   13.7583
    7.5000   45.0000  -22.500011140.2246   13.7417
   -7.5000  -45.0000  -15.000010429.3076   13.8756
    0.0000  -45.0000  -15.000010908.2529   13.8799
    7.5000  -45.0000  -15.000010464.4199   13.8584
   -7.5000  -37.5000  -15.000010951.1621   13.8669
    0.0000  -37.5000  -15.000011455.4189   13.8710
    7.5000  -37.5000  -15.000010982.1533   13.8521
   -7.5000  -30.0000  -15.000011943.8906   13.6829
    0.0000  -30.0000  -15.000012489.6660   13.6852
    7.5000  -30.0000  -15.000011941.1768   13.6704
   -7.5000  -22.5000  -15.000012915.8115   13.5558
    0.0000  -22.5000  -15.000013514.0381   13.5580
    7.5000  -22.5000  -15.000012899.8945   13.5463
   -7.5000  -15.0000  -15.000013797.3369   13.4354
    0.0000  -15.0000  -15.000014429.1846   13.4375
    7.5000  -15.0000  -15.000013772.3955   13.4242
   -7.5000   -7.5000  -15.000014622.3740   13.3322
    0.0000   -7.5000  -15.000015294.6104   13.3348
    7.5000   -7.5000  -15.000014583.0820   13.3172
   -7.5000    0.0000  -15.000015295.4385   13.2994
    0.0000    0.0000  -15.000015976.9199   13.3031
    7.5000    0.0000  -15.000015222.7588   13.2828
   -7.5000    7.5000  -15.000014774.3359   13.4749
    0.0000    7.5000  -15.000015445.9697   13.4785
    7.5000    7.5000  -15.000014724.2334   13.4604
   -7.5000   15.0000  -15.000014231.2490   13.7338
    0.0000   15.0000  -15.000014906.6865   13.7361
    7.5000   15.0000  -15.000014172.2412   13.7225
   -7.5000   22.5000  -15.000013632.1816   13.9664
    0.0000   22.5000  -15.000014263.1270   13.9694
    7.5000   22.5000  -15.000013532.6553   13.9593
   -7.5000   30.0000  -15.000012897.6016   14.0060
    0.0000   30.0000  -15.000013498.8105   14.0098
    7.5000   30.0000  -15.000012802.3203   13.9984
   -7.5000   37.5000  -15.000012583.1006   14.1803
    0.0000   37.5000  -15.000013170.3516   14.1837
    7.5000   37.5000  -15.000012510.3916   14.1652
   -7.5000   45.0000  -15.000011755.8545   14.0309
    0.0000   45.0000  -15.000012314.6123   14.0340
    7.5000   45.0000  -15.000011714.5078   14.0126
   -7.5000  -45.0000   -7.500010992.7803   14.0056
    0.0000  -45.0000   -7.500011489.0430   14.0002
    7.5000  -45.0000   -7.500011065.4658   13.9777
   -7.5000  -37.5000   -7.500011552.0107   13.9931
    0.0000  -37.5000   -7.500012081.8896   13.9891
    7.5000  -37.5000   -7.500011625.3594   13.9685
   -7.5000  -30.0000   -7.500012593.9258   13.8102
    0.0000  -30.0000   -7.500013195.4336   13.8068
    7.5000  -30.0000   -7.500012638.2354   13.7898
   -7.5000  -22.5000   -7.500013625.9375   13.6859
    0.0000  -22.5000   -7.500014272.5068   13.6838
    7.5000  -22.5000   -7.500013639.5850   13.6700
   -7.5000  -15.0000   -7.500014570.3936   13.5647
    0.0000  -15.0000   -7.500015252.8965   13.5620
    7.5000  -15.0000   -7.500014577.2236   13.5475
   -7.5000   -7.5000   -7.500015463.2510   13.4564
    0.0000   -7.5000   -7.500016163.4170   13.4518
    7.5000   -7.5000   -7.500015427.1309   13.4338
   -7.5000    0.0000   -7.500016207.5430   13.4198
    0.0000    0.0000   -7.500016893.0781   13.4146
    7.5000    0.0000   -7.500016096.5811   13.3935
   -7.5000    7.5000   -7.500015646.2324   13.5942
    0.0000    7.5000   -7.500016304.5391   13.5902
    7.5000    7.5000   -7.500015553.1172   13.5704
   -7.5000   15.0000   -7.500015053.2998   13.8563
    0.0000   15.0000   -7.500015694.6904   13.8538
    7.5000   15.0000   -7.500014954.1562   13.8387
   -7.5000   22.5000   -7.500014429.7949   14.0940
    0.0000   22.5000   -7.500015033.5010   14.0947
    7.5000   22.5000   -7.500014313.7578   14.0832
   -7.5000   30.0000   -7.500013636.5293   14.1375
    0.0000   30.0000   -7.500014221.2197   14.1385
    7.5000   30.0000   -7.500013509.3389   14.1256
   -7.5000   37.5000   -7.500013287.8848   14.3093
    0.0000   37.5000   -7.500013867.9365   14.3063
    7.5000   37.5000   -7.500013177.6611   14.2863
   -7.5000   45.0000   -7.500012395.9277   14.1543
    0.0000   45.0000   -7.500012941.1133   14.1489
    7.5000   45.0000   -7.500012329.0879   14.1253
   -7.5000  -45.0000    0.000011473.0781   14.0256
    0.0000  -45.0000    0.000011997.1309   14.0147
    7.5000  -45.0000    0.000011573.8652   13.9959
   -7.5000  -37.5000    0.000012120.1309   14.0116
    0.0000  -37.5000    0.000012654.7490   14.0033
    7.5000  -37.5000    0.000012193.6318   13.9849
   -7.5000  -30.0000    0.000013220.9062   13.8279
    0.0000  -30.0000    0.000013802.0576   13.8219
    7.5000  -30.0000    0.000013271.8896   13.8061
   -7.5000  -22.5000    0.000014270.9961   13.7028
    0.0000  -22.5000    0.000014906.6768   13.6994
    7.5000  -22.5000    0.000014322.1279   13.6870
   -7.5000  -15.0000    0.000015245.7236   13.5809
    0.0000  -15.0000    0.000015919.3281   13.5765
    7.5000  -15.0000    0.000015280.8066   13.5648
   -7.5000   -7.5000    0.000016156.6533   13.4729
    0.0000   -7.5000    0.000016845.2715   13.4648
    7.5000   -7.5000    0.000016177.6543   13.4506
   -7.5000    0.0000    0.000016957.3066   13.4374
    0.0000    0.0000    0.000017656.6797   13.4272
    7.5000    0.0000    0.000016950.8418   13.4098
   -7.5000    7.5000    0.000016427.9941   13.6111
    0.0000    7.5000    0.000017055.8262   13.6030
    7.5000    7.5000    0.000016383.6377   13.5855
   -7.5000   15.0000    0.000015796.0469   13.8703
    0.0000   15.0000    0.000016336.5400   13.8661
    7.5000   15.0000    0.000015686.4678   13.8522
   -7.5000   22.5000    0.000015141.2539   14.1082
    0.0000   22.5000    0.000015652.7861   14.1087
    7.5000   22.5000    0.000014990.6016   14.0981
   -7.5000   30.0000    0.000014306.8203   14.1529
    0.0000   30.0000    0.000014791.5205   14.1532
    7.5000   30.0000    0.000014134.5000   14.1421
   -7.5000   37.5000    0.000013943.7656   14.3279
    0.0000   37.5000    0.000014442.2354   14.3216
    7.5000   37.5000    0.000013768.7451   14.3043
   -7.5000   45.0000    0.000012996.3857   14.1734
    0.0000   45.0000    0.000013498.0488   14.1632
    7.5000   45.0000    0.000012872.3037   14.1412
   -7.5000  -45.0000    7.500011074.3799   14.0444
    0.0000  -45.0000    7.500011592.2959   14.0393
    7.5000  -45.0000    7.500011186.2148   14.0262
   -7.5000  -37.5000    7.500011711.5986   14.0316
    0.0000  -37.5000    7.500012237.5400   14.0285
    7.5000  -37.5000    7.500011787.9072   14.0148
   -7.5000  -30.0000    7.500012773.2236   13.8436
    0.0000  -30.0000    7.500013346.0410   13.8415
    7.5000  -30.0000    7.500012848.7002   13.8295
   -7.5000  -22.5000    7.500013812.8789   13.7133
    0.0000  -22.5000    7.500014438.6113   13.7129
    7.5000  -22.5000    7.500013892.3936   13.7044
   -7.5000  -15.0000    7.500014729.9219   13.5901
    0.0000  -15.0000    7.500015374.8896   13.5889
    7.5000  -15.0000    7.500014788.0576   13.5815
   -7.5000   -7.5000    7.500015585.1426   13.4863
    0.0000   -7.5000    7.500016211.2734   13.4829
    7.5000   -7.5000    7.500015633.7119   13.4736
   -7.5000    0.0000    7.500016320.8164   13.4559
    0.0000    0.0000    7.500017027.4355   13.4512
    7.5000    0.0000    7.500016401.9238   13.4388
   -7.5000    7.5000    7.500015915.3184   13.6310
    0.0000    7.5000    7.500016566.3750   13.6278
    7.5000    7.5000    7.500015961.5820   13.6147
   -7.5000   15.0000    7.500015397.6475   13.8844
    0.0000   15.0000    7.500015850.6387   13.8838
    7.5000   15.0000    7.500015310.3154   13.8729
   -7.5000   22.5000    7.500014745.3867   14.1168
    0.0000   22.5000    7.500015134.1318   14.1190
    7.5000   22.5000    7.500014586.9160   14.1107
   -7.5000   30.0000    7.500013933.9053   14.1594
    0.0000   30.0000    7.500014338.9355   14.1618
    7.5000   30.0000    7.500013758.3906   14.1541
   -7.5000   37.5000    7.500013537.8857   14.3419
    0.0000   37.5000    7.500013994.6318   14.3402
    7.5000   37.5000    7.500013388.9033   14.3275
   -7.5000   45.0000    7.500012586.5957   14.1953
    0.0000   45.0000    7.500013070.2676   14.1904
    7.5000   45.0000    7.500012494.6982   14.1732
   -7.5000  -45.0000   15.000010632.1719   14.0988
    0.0000  -45.0000   15.000011121.2617   14.1037
    7.5000  -45.0000   15.000010710.0820   14.0923
   -7.5000  -37.5000   15.000011217.5254   14.0855
    0.0000  -37.5000   15.000011720.2715   14.0906
    7.5000  -37.5000   15.000011281.0029   14.0796
   -7.5000  -30.0000   15.000012211.8145   13.8936
    0.0000  -30.0000   15.000012769.7363   13.8972
    7.5000  -30.0000   15.000012294.9209   13.8883
   -7.5000  -22.5000   15.000013208.5645   13.7595
    0.0000  -22.5000   15.000013821.2598   13.7633
    7.5000  -22.5000   15.000013295.2744   13.7572
   -7.5000  -15.0000   15.000014096.3584   13.6365
    0.0000  -15.0000   15.000014706.5273   13.6402
    7.5000  -15.0000   15.000014156.6172   13.6343
   -7.5000   -7.5000   15.000014906.6895   13.5373
    0.0000   -7.5000   15.000015506.9473   13.5415
    7.5000   -7.5000   15.000014966.2471   13.5331
   -7.5000    0.0000   15.000015582.1992   13.5107
    0.0000    0.0000   15.000016247.6621   13.5153
    7.5000    0.0000   15.000015670.5957   13.5044
   -7.5000    7.5000   15.000015159.8301   13.6857
    0.0000    7.5000   15.000015815.3975   13.6904
    7.5000    7.5000   15.000015292.9912   13.6798
   -7.5000   15.0000   15.000014672.7139   13.9333
    0.0000   15.0000   15.000015274.5049   13.9376
    7.5000   15.0000   15.000014794.1797   13.9291
   -7.5000   22.5000   15.000014091.1729   14.1592
    0.0000   22.5000   15.000014639.5674   14.1637
    7.5000   22.5000   15.000014134.6250   14.1570
   -7.5000   30.0000   15.000013311.2920   14.1990
    0.0000   30.0000   15.000013820.5889   14.2042
    7.5000   30.0000   15.000013271.4248   14.1979
   -7.5000   37.5000   15.000012915.7119   14.3867
    0.0000   37.5000   15.000013390.2783   14.3919
    7.5000   37.5000   15.000012836.6250   14.3809
   -7.5000   45.0000   15.000012026.5928   14.2466
    0.0000   45.0000   15.000012481.4453   14.2509
    7.5000   45.0000   15.000011958.5889   14.2367
   -7.5000  -45.0000   22.500010078.6055   14.1854
    0.0000  -45.0000   22.500010530.8916   14.1940
    7.5000  -45.0000   22.500010122.6621   14.1778
   -7.5000  -37.5000   22.500010633.4814   14.1690
    0.0000  -37.5000   22.500011131.1221   14.1770
    7.5000  -37.5000   22.500010706.6299   14.1627
   -7.5000  -30.0000   22.500011577.9541   13.9792
    0.0000  -30.0000   22.500012126.7637   13.9847
    7.5000  -30.0000   22.500011674.3623   13.9740
   -7.5000  -22.5000   22.500012522.0215   13.8479
    0.0000  -22.5000   22.500013110.7559   13.8528
    7.5000  -22.5000   22.500012602.9492   13.8450
   -7.5000  -15.0000   22.500013347.2598   13.7269
    0.0000  -15.0000   22.500013951.4766   13.7319
    7.5000  -15.0000   22.500013445.0078   13.7229
   -7.5000   -7.5000   22.500014137.5225   13.6274
    0.0000   -7.5000   22.500014748.9551   13.6341
    7.5000   -7.5000   22.500014250.0596   13.6211
   -7.5000    0.0000   22.500014823.5977   13.5991
    0.0000    0.0000   22.500015481.3877   13.6071
    7.5000    0.0000   22.500014964.9043   13.5917
   -7.5000    7.5000   22.500014452.7285   13.7716
    0.0000    7.5000   22.500015077.1426   13.7791
    7.5000    7.5000   22.500014571.8965   13.7654
   -7.5000   15.0000   22.500013976.0654   14.0182
    0.0000   15.0000   22.500014565.5010   14.0239
    7.5000   15.0000   22.500014042.3076   14.0138
   -7.5000   22.5000   22.500013376.1572   14.2418
    0.0000   22.5000   22.500013937.2627   14.2471
    7.5000   22.5000   22.500013402.5029   14.2395
   -7.5000   30.0000   22.500012628.9395   14.2786
    0.0000   30.0000   22.500013126.1992   14.2847
    7.5000   30.0000   22.500012598.4668   14.2767
   -7.5000   37.5000   22.500012278.3213   14.4623
    0.0000   37.5000   22.500012719.4941   14.4698
    7.5000   37.5000   22.500012220.0928   14.4556
   -7.5000   45.0000   22.500011419.8662   14.3187
    0.0000   45.0000   22.500011834.0752   14.3263
    7.5000   45.0000   22.500011381.0957   14.3097
   -7.5000  -45.0000   30.0000 9416.1533   14.2843
    0.0000  -45.0000   30.0000 9831.9590   14.2884
    7.5000  -45.0000   30.0000 9457.3721   14.2664
   -7.5000  -37.5000   30.0000 9954.4961   14.2621
    0.0000  -37.5000   30.000010418.1650   14.2661
    7.5000  -37.5000   30.000010036.5850   14.2468
   -7.5000  -30.0000   30.000010845.0889   14.0798
    0.0000  -30.0000   30.000011362.9980   14.0819
    7.5000  -30.0000   30.000010946.2432   14.0670
   -7.5000  -22.5000   30.000011736.2998   13.9567
    0.0000  -22.5000   30.000012296.4463   13.9587
    7.5000  -22.5000   30.000011828.7432   13.9470
   -7.5000  -15.0000   30.000012550.8516   13.8391
    0.0000  -15.0000   30.000013137.0498   13.8410
    7.5000  -15.0000   30.000012668.9795   13.8277
   -7.5000   -7.5000   30.000013326.3311   13.7358
    0.0000   -7.5000   30.000013936.8193   13.7384
    7.5000   -7.5000   30.000013462.0791   13.7205
   -7.5000    0.0000   30.000013993.5186   13.7017
    0.0000    0.0000   30.000014609.0752   13.7055
    7.5000    0.0000   30.000014102.3145   13.6849
   -7.5000    7.5000   30.000013609.6846   13.8690
    0.0000    7.5000   30.000014182.9922   13.8727
    7.5000    7.5000   30.000013661.3184   13.8543
   -7.5000   15.0000   30.000013142.4561   14.1158
    0.0000   15.0000   30.000013658.1084   14.1183
    7.5000   15.0000   30.000013143.0938   14.1048
   -7.5000   22.5000   30.000012529.1592   14.3413
    0.0000   22.5000   30.000013024.3945   14.3446
    7.5000   22.5000   30.000012537.7021   14.3347
   -7.5000   30.0000   30.000011825.2393   14.3762
    0.0000   30.0000   30.000012280.3203   14.3803
    7.5000   30.0000   30.000011820.0801   14.3690
   -7.5000   37.5000   30.000011521.8262   14.5507
    0.0000   37.5000   30.000011947.0117   14.5544
    7.5000   37.5000   30.000011496.3867   14.5356
   -7.5000   45.0000   30.000010727.5977   14.3959
    0.0000   45.0000   30.000011141.9199   14.3994
    7.5000   45.0000   30.000010717.7803   14.3776
   -7.5000  -45.0000   37.5000 9077.0000   14.4480
    0.0000  -45.0000   37.5000 9476.2744   14.4417
    7.5000  -45.0000   37.5000 9129.3682   14.4181
   -7.5000  -37.5000   37.5000 9632.1035   14.4157
    0.0000  -37.5000   37.500010073.9316   14.4110
    7.5000  -37.5000   37.5000 9735.4990   14.3895
   -7.5000  -30.0000   37.500010539.5332   14.2381
    0.0000  -30.0000   37.500011039.4258   14.2339
    7.5000  -30.0000   37.500010656.9170   14.2164
   -7.5000  -22.5000   37.500011418.5430   14.1221
    0.0000  -22.5000   37.500011965.6016   14.1194
    7.5000  -22.5000   37.500011538.3398   14.1051
   -7.5000  -15.0000   37.500012224.1787   14.0075
    0.0000  -15.0000   37.500012788.6855   14.0040
    7.5000  -15.0000   37.500012325.8828   13.9890
   -7.5000   -7.5000   37.500012992.1641   13.9012
    0.0000   -7.5000   37.500013586.2539   13.8959
    7.5000   -7.5000   37.500013083.8037   13.8770
   -7.5000    0.0000   37.500013589.4551   13.8628
    0.0000    0.0000   37.500014192.0947   13.8570
    7.5000    0.0000   37.500013662.8105   13.8351
   -7.5000    7.5000   37.500013177.2500   14.0230
    0.0000    7.5000   37.500013745.6855   14.0185
    7.5000    7.5000   37.500013207.6035   13.9981
   -7.5000   15.0000   37.500012687.5039   14.2659
    0.0000   15.0000   37.500013214.5234   14.2631
    7.5000   15.0000   37.500012706.5391   14.2478
   -7.5000   22.5000   37.500012103.1377   14.4941
    0.0000   22.5000   37.500012594.8047   14.4949
    7.5000   22.5000   37.500012120.5635   14.4833
   -7.5000   30.0000   37.500011423.6299   14.5293
    0.0000   30.0000   37.500011881.2900   14.5304
    7.5000   30.0000   37.500011445.1719   14.5171
   -7.5000   37.5000   37.500011130.5137   14.6997
    0.0000   37.5000   37.500011586.8945   14.6965
    7.5000   37.5000   37.500011158.4639   14.6756
   -7.5000   45.0000   37.500010385.4053   14.5341
    0.0000   45.0000   37.500010827.0811   14.5285
    7.5000   45.0000   37.500010392.5605   14.5038
   -7.5000  -45.0000   45.0000 8421.2695   14.6056
    0.0000  -45.0000   45.0000 8785.5312   14.5940
    7.5000  -45.0000   45.0000 8454.5146   14.5747
   -7.5000  -37.5000   45.0000 8944.3018   14.5646
    0.0000  -37.5000   45.0000 9341.5947   14.5558
    7.5000  -37.5000   45.0000 8996.0371   14.5370
   -7.5000  -30.0000   45.0000 9780.4404   14.3865
    0.0000  -30.0000   45.000010232.9688   14.3798
    7.5000  -30.0000   45.0000 9842.4971   14.3637
   -7.5000  -22.5000   45.000010579.9521   14.2709
    0.0000  -22.5000   45.000011062.0303   14.2667
    7.5000  -22.5000   45.000010626.8564   14.2541
   -7.5000  -15.0000   45.000011314.3525   14.1569
    0.0000  -15.0000   45.000011834.6484   14.1517
    7.5000  -15.0000   45.000011352.5820   14.1397
   -7.5000   -7.5000   45.000012001.4883   14.0527
    0.0000   -7.5000   45.000012562.8223   14.0440
    7.5000   -7.5000   45.000012058.4219   14.0294
   -7.5000    0.0000   45.000012521.5400   14.0165
    0.0000    0.0000   45.000013094.0938   14.0058
    7.5000    0.0000   45.000012589.0840   13.9880
   -7.5000    7.5000   45.000012128.4463   14.1716
    0.0000    7.5000   45.000012663.9990   14.1632
    7.5000    7.5000   45.000012152.7197   14.1453
   -7.5000   15.0000   45.000011657.0732   14.4055
    0.0000   15.0000   45.000012164.1035   14.4012
    7.5000   15.0000   45.000011686.9277   14.3873
   -7.5000   22.5000   45.000011111.3848   14.6301
    0.0000   22.5000   45.000011584.3379   14.6307
    7.5000   22.5000   45.000011140.3711   14.6202
   -7.5000   30.0000   45.000010503.6191   14.6619
    0.0000   30.0000   45.000010951.0342   14.6624
    7.5000   30.0000   45.000010547.5244   14.6513
   -7.5000   37.5000   45.000010254.8320   14.8364
    0.0000   37.5000   45.000010704.3896   14.8302
    7.5000   37.5000   45.000010300.4062   14.8123
   -7.5000   45.0000   45.0000 9571.1914   14.6776
    0.0000   45.0000   45.0000 9990.3330   14.6676
    7.5000   45.0000   45.0000 9594.6992   14.6448

---------------------------------------------------------------------
imgreg_4dfp /opt/freesurfer/average/711-2C_as_mni_average_305 /opt/freesurfer/average/711-2B_as_mni_average_305_mask talsrcimg_g11 none talsrcimg_to_711-2C_as_mni_average_305_t4 4355
---------------------------------------------------------------------

freesurfer imgreg_4dfp.c
/opt/freesurfer/average/711-2C_as_mni_average_305.4dfp.img
       256       256       256         1
  1.000000  1.000000  1.000000
orientation T byte_order littleendian
Reading image: /opt/freesurfer/average/711-2C_as_mni_average_305.4dfp.img
dimensions:      256       256       256
mmppix:       1.0000   -1.0000   -1.0000
center:     128.0000 -129.0000 -129.0000
/opt/freesurfer/average/711-2B_as_mni_average_305_mask.4dfp.img
       256       256       256         1
  1.000000  1.000000  1.000000
orientation T byte_order littleendian
Reading mask: /opt/freesurfer/average/711-2B_as_mni_average_305_mask.4dfp.img (2306576 pixels)
talsrcimg_g11.4dfp.img
       256       256       256         1
  1.000000  1.000000  1.000000
orientation T byte_order littleendian
Reading image: talsrcimg_g11.4dfp.img
dimensions:      256       256       256
mmppix:       1.0000   -1.0000   -1.0000
center:     128.0000 -129.0000 -129.0000
rotation matrix determinant  1.000000
image alignment mode   4355 decimal     1103 hex
   -7.5000  -45.0000  -45.0000 2171.1350   17.2322
    0.0000  -45.0000  -45.0000 2196.7952   16.9282
    7.5000  -45.0000  -45.0000 2197.5764   16.9194
   -7.5000  -37.5000  -45.0000 2197.9617   16.4723
    0.0000  -37.5000  -45.0000 2221.7163   16.1529
    7.5000  -37.5000  -45.0000 2222.5808   16.1261
   -7.5000  -30.0000  -45.0000 2224.9648   15.7504
    0.0000  -30.0000  -45.0000 2248.1545   15.4190
    7.5000  -30.0000  -45.0000 2250.3145   15.4236
   -7.5000  -22.5000  -45.0000 2258.2437   15.1058
    0.0000  -22.5000  -45.0000 2282.4446   14.8350
    7.5000  -22.5000  -45.0000 2287.7766   14.8422
   -7.5000  -15.0000  -45.0000 2295.7585   14.6351
    0.0000  -15.0000  -45.0000 2316.8923   14.3976
    7.5000  -15.0000  -45.0000 2316.9661   14.4392
   -7.5000   -7.5000  -45.0000 2314.1609   14.2915
    0.0000   -7.5000  -45.0000 2337.0493   14.0759
    7.5000   -7.5000  -45.0000 2339.0852   14.0977
   -7.5000    0.0000  -45.0000 2320.1343   14.0686
    0.0000    0.0000  -45.0000 2342.5530   13.8397
    7.5000    0.0000  -45.0000 2345.8833   13.8655
   -7.5000    7.5000  -45.0000 2316.7300   13.9772
    0.0000    7.5000  -45.0000 2340.4124   13.7238
    7.5000    7.5000  -45.0000 2346.1643   13.7306
   -7.5000   15.0000  -45.0000 2301.5732   14.0998
    0.0000   15.0000  -45.0000 2330.9424   13.8034
    7.5000   15.0000  -45.0000 2335.8904   13.8013
   -7.5000   22.5000  -45.0000 2286.9434   14.3586
    0.0000   22.5000  -45.0000 2313.8948   14.0628
    7.5000   22.5000  -45.0000 2321.4717   14.0489
   -7.5000   30.0000  -45.0000 2254.3423   14.9327
    0.0000   30.0000  -45.0000 2282.4807   14.5895
    7.5000   30.0000  -45.0000 2286.8604   14.5846
   -7.5000   37.5000  -45.0000 2207.6287   15.7055
    0.0000   37.5000  -45.0000 2238.8296   15.3787
    7.5000   37.5000  -45.0000 2241.0166   15.3728
   -7.5000   45.0000  -45.0000 2143.5408   16.7986
    0.0000   45.0000  -45.0000 2174.9282   16.4539
    7.5000   45.0000  -45.0000 2176.7139   16.4567
   -7.5000  -45.0000  -37.5000 2237.6526   16.0615
    0.0000  -45.0000  -37.5000 2261.5278   15.8171
    7.5000  -45.0000  -37.5000 2262.4934   15.7968
   -7.5000  -37.5000  -37.5000 2274.0488   15.2758
    0.0000  -37.5000  -37.5000 2297.0161   15.0380
    7.5000  -37.5000  -37.5000 2303.0063   15.0198
   -7.5000  -30.0000  -37.5000 2307.6833   14.5677
    0.0000  -30.0000  -37.5000 2334.9634   14.3153
    7.5000  -30.0000  -37.5000 2338.4338   14.2837
   -7.5000  -22.5000  -37.5000 2353.1545   13.9523
    0.0000  -22.5000  -37.5000 2380.3472   13.7002
    7.5000  -22.5000  -37.5000 2387.8267   13.7062
   -7.5000  -15.0000  -37.5000 2395.9946   13.4850
    0.0000  -15.0000  -37.5000 2422.6902   13.2456
    7.5000  -15.0000  -37.5000 2422.3003   13.2736
   -7.5000   -7.5000  -37.5000 2415.6370   13.1766
    0.0000   -7.5000  -37.5000 2442.3091   12.9750
    7.5000   -7.5000  -37.5000 2439.8369   12.9925
   -7.5000    0.0000  -37.5000 2417.2366   12.9849
    0.0000    0.0000  -37.5000 2443.3367   12.7913
    7.5000    0.0000  -37.5000 2445.4885   12.8222
   -7.5000    7.5000  -37.5000 2409.7400   12.9214
    0.0000    7.5000  -37.5000 2437.8777   12.7126
    7.5000    7.5000  -37.5000 2441.2668   12.7179
   -7.5000   15.0000  -37.5000 2399.6565   13.0131
    0.0000   15.0000  -37.5000 2428.7234   12.7547
    7.5000   15.0000  -37.5000 2433.5239   12.7540
   -7.5000   22.5000  -37.5000 2381.2119   13.2638
    0.0000   22.5000  -37.5000 2412.5059   12.9772
    7.5000   22.5000  -37.5000 2416.4309   12.9858
   -7.5000   30.0000  -37.5000 2345.8264   13.7628
    0.0000   30.0000  -37.5000 2379.9302   13.4737
    7.5000   30.0000  -37.5000 2382.2563   13.4941
   -7.5000   37.5000  -37.5000 2299.2246   14.5128
    0.0000   37.5000  -37.5000 2335.3447   14.2100
    7.5000   37.5000  -37.5000 2334.2346   14.2169
   -7.5000   45.0000  -37.5000 2227.0139   15.5233
    0.0000   45.0000  -37.5000 2261.1365   15.2110
    7.5000   45.0000  -37.5000 2264.4626   15.2254
   -7.5000  -45.0000  -30.0000 2327.7725   15.6602
    0.0000  -45.0000  -30.0000 2354.8296   15.4164
    7.5000  -45.0000  -30.0000 2361.8813   15.3689
   -7.5000  -37.5000  -30.0000 2377.7109   14.7800
    0.0000  -37.5000  -30.0000 2407.7957   14.5666
    7.5000  -37.5000  -30.0000 2413.0955   14.5279
   -7.5000  -30.0000  -30.0000 2430.6377   14.0186
    0.0000  -30.0000  -30.0000 2456.2935   13.7984
    7.5000  -30.0000  -30.0000 2460.1426   13.7787
   -7.5000  -22.5000  -30.0000 2486.2554   13.4156
    0.0000  -22.5000  -30.0000 2511.5659   13.1893
    7.5000  -22.5000  -30.0000 2516.3513   13.1896
   -7.5000  -15.0000  -30.0000 2526.1416   12.9306
    0.0000  -15.0000  -30.0000 2558.1621   12.7149
    7.5000  -15.0000  -30.0000 2556.9136   12.7315
   -7.5000   -7.5000  -30.0000 2548.9441   12.6003
    0.0000   -7.5000  -30.0000 2580.1736   12.3792
    7.5000   -7.5000  -30.0000 2578.2598   12.3989
   -7.5000    0.0000  -30.0000 2558.6594   12.4253
    0.0000    0.0000  -30.0000 2588.6199   12.2110
    7.5000    0.0000  -30.0000 2588.6797   12.2209
   -7.5000    7.5000  -30.0000 2556.3250   12.3577
    0.0000    7.5000  -30.0000 2587.9226   12.1551
    7.5000    7.5000  -30.0000 2590.6323   12.1832
   -7.5000   15.0000  -30.0000 2548.3259   12.4788
    0.0000   15.0000  -30.0000 2579.8694   12.2602
    7.5000   15.0000  -30.0000 2581.8008   12.2792
   -7.5000   22.5000  -30.0000 2524.1968   12.7104
    0.0000   22.5000  -30.0000 2561.5066   12.4889
    7.5000   22.5000  -30.0000 2562.9629   12.5055
   -7.5000   30.0000  -30.0000 2487.2214   13.1969
    0.0000   30.0000  -30.0000 2523.3174   12.9586
    7.5000   30.0000  -30.0000 2526.1667   12.9826
   -7.5000   37.5000  -30.0000 2431.7231   13.8984
    0.0000   37.5000  -30.0000 2467.7444   13.6473
    7.5000   37.5000  -30.0000 2471.3083   13.6863
   -7.5000   45.0000  -30.0000 2356.1194   14.8860
    0.0000   45.0000  -30.0000 2391.3513   14.6263
    7.5000   45.0000  -30.0000 2392.0767   14.6605
   -7.5000  -45.0000  -22.5000 2388.6382   15.2400
    0.0000  -45.0000  -22.5000 2419.6624   14.9997
    7.5000  -45.0000  -22.5000 2426.6240   14.9507
   -7.5000  -37.5000  -22.5000 2453.0820   14.2995
    0.0000  -37.5000  -22.5000 2483.5718   14.0658
    7.5000  -37.5000  -22.5000 2490.0884   14.0688
   -7.5000  -30.0000  -22.5000 2514.9546   13.4939
    0.0000  -30.0000  -22.5000 2542.4856   13.2669
    7.5000  -30.0000  -22.5000 2545.4202   13.2533
   -7.5000  -22.5000  -22.5000 2573.7065   12.8312
    0.0000  -22.5000  -22.5000 2602.4978   12.6257
    7.5000  -22.5000  -22.5000 2606.4370   12.6151
   -7.5000  -15.0000  -22.5000 2619.4854   12.3222
    0.0000  -15.0000  -22.5000 2649.6406   12.0975
    7.5000  -15.0000  -22.5000 2649.3552   12.0978
   -7.5000   -7.5000  -22.5000 2651.8044   11.9794
    0.0000   -7.5000  -22.5000 2678.9343   11.7498
    7.5000   -7.5000  -22.5000 2681.6152   11.7397
   -7.5000    0.0000  -22.5000 2665.5010   11.7883
    0.0000    0.0000  -22.5000 2697.4312   11.5698
    7.5000    0.0000  -22.5000 2701.4592   11.5649
   -7.5000    7.5000  -22.5000 2673.2678   11.7346
    0.0000    7.5000  -22.5000 2709.5579   11.5295
    7.5000    7.5000  -22.5000 2710.5593   11.5344
   -7.5000   15.0000  -22.5000 2668.2209   11.8424
    0.0000   15.0000  -22.5000 2705.0093   11.6594
    7.5000   15.0000  -22.5000 2704.7458   11.6805
   -7.5000   22.5000  -22.5000 2647.0752   12.1041
    0.0000   22.5000  -22.5000 2684.9287   11.9225
    7.5000   22.5000  -22.5000 2683.2385   11.9395
   -7.5000   30.0000  -22.5000 2605.5317   12.5598
    0.0000   30.0000  -22.5000 2646.1003   12.3847
    7.5000   30.0000  -22.5000 2642.2732   12.4122
   -7.5000   37.5000  -22.5000 2544.9832   13.2401
    0.0000   37.5000  -22.5000 2582.2808   13.0282
    7.5000   37.5000  -22.5000 2581.2869   13.0544
   -7.5000   45.0000  -22.5000 2459.8386   14.1756
    0.0000   45.0000  -22.5000 2495.2429   13.9232
    7.5000   45.0000  -22.5000 2492.8462   13.9543
   -7.5000  -45.0000  -15.0000 2422.5562   14.8003
    0.0000  -45.0000  -15.0000 2450.6108   14.5402
    7.5000  -45.0000  -15.0000 2460.1123   14.5419
   -7.5000  -37.5000  -15.0000 2493.2153   13.8088
    0.0000  -37.5000  -15.0000 2520.8579   13.5707
    7.5000  -37.5000  -15.0000 2528.6345   13.5818
   -7.5000  -30.0000  -15.0000 2563.2173   12.9768
    0.0000  -30.0000  -15.0000 2592.0537   12.7545
    7.5000  -30.0000  -15.0000 2592.9231   12.7467
   -7.5000  -22.5000  -15.0000 2626.7473   12.2900
    0.0000  -22.5000  -15.0000 2656.5244   12.0800
    7.5000  -22.5000  -15.0000 2658.8938   12.0643
   -7.5000  -15.0000  -15.0000 2676.6438   11.7524
    0.0000  -15.0000  -15.0000 2704.9429   11.5405
    7.5000  -15.0000  -15.0000 2708.7000   11.5212
   -7.5000   -7.5000  -15.0000 2717.0200   11.3745
    0.0000   -7.5000  -15.0000 2747.0986   11.1661
    7.5000   -7.5000  -15.0000 2750.9004   11.1535
   -7.5000    0.0000  -15.0000 2740.8418   11.1637
    0.0000    0.0000  -15.0000 2775.8643   10.9520
    7.5000    0.0000  -15.0000 2781.4231   10.9512
   -7.5000    7.5000  -15.0000 2756.3604   11.1003
    0.0000    7.5000  -15.0000 2799.5127   10.9063
    7.5000    7.5000  -15.0000 2800.6223   10.9227
   -7.5000   15.0000  -15.0000 2758.7803   11.2097
    0.0000   15.0000  -15.0000 2804.2817   11.0335
    7.5000   15.0000  -15.0000 2801.6245   11.0499
   -7.5000   22.5000  -15.0000 2743.5957   11.5081
    0.0000   22.5000  -15.0000 2789.4248   11.3315
    7.5000   22.5000  -15.0000 2781.4905   11.3490
   -7.5000   30.0000  -15.0000 2698.9453   11.9588
    0.0000   30.0000  -15.0000 2745.4456   11.7828
    7.5000   30.0000  -15.0000 2735.3259   11.8026
   -7.5000   37.5000  -15.0000 2632.5183   12.5970
    0.0000   37.5000  -15.0000 2674.4070   12.3953
    7.5000   37.5000  -15.0000 2666.6499   12.4158
   -7.5000   45.0000  -15.0000 2538.9841   13.4664
    0.0000   45.0000  -15.0000 2573.9204   13.2380
    7.5000   45.0000  -15.0000 2567.5200   13.2636
   -7.5000  -45.0000   -7.5000 2446.9963   14.4281
    0.0000  -45.0000   -7.5000 2475.2266   14.1646
    7.5000  -45.0000   -7.5000 2485.5376   14.2031
   -7.5000  -37.5000   -7.5000 2516.5979   13.4060
    0.0000  -37.5000   -7.5000 2545.4436   13.1393
    7.5000  -37.5000   -7.5000 2552.3708   13.1952
   -7.5000  -30.0000   -7.5000 2586.5361   12.5325
    0.0000  -30.0000   -7.5000 2619.5312   12.3025
    7.5000  -30.0000   -7.5000 2619.8894   12.3392
   -7.5000  -22.5000   -7.5000 2653.2690   11.8074
    0.0000  -22.5000   -7.5000 2685.9807   11.5892
    7.5000  -22.5000   -7.5000 2686.0415   11.6158
   -7.5000  -15.0000   -7.5000 2709.4148   11.2561
    0.0000  -15.0000   -7.5000 2743.2192   11.0493
    7.5000  -15.0000   -7.5000 2746.2710   11.0566
   -7.5000   -7.5000   -7.5000 2761.3252   10.8753
    0.0000   -7.5000   -7.5000 2795.3262   10.6540
    7.5000   -7.5000   -7.5000 2797.8364   10.6622
   -7.5000    0.0000   -7.5000 2798.6687   10.6538
    0.0000    0.0000   -7.5000 2838.2192   10.4205
    7.5000    0.0000   -7.5000 2843.7822   10.4389
   -7.5000    7.5000   -7.5000 2823.9785   10.5684
    0.0000    7.5000   -7.5000 2872.5161   10.3376
    7.5000    7.5000   -7.5000 2874.6057   10.3695
   -7.5000   15.0000   -7.5000 2834.9773   10.6450
    0.0000   15.0000   -7.5000 2884.4304   10.4286
    7.5000   15.0000   -7.5000 2878.6470   10.4690
   -7.5000   22.5000   -7.5000 2823.1550   10.9553
    0.0000   22.5000   -7.5000 2870.9929   10.7552
    7.5000   22.5000   -7.5000 2861.4243   10.7935
   -7.5000   30.0000   -7.5000 2772.9707   11.3842
    0.0000   30.0000   -7.5000 2821.7896   11.1904
    7.5000   30.0000   -7.5000 2808.0442   11.2217
   -7.5000   37.5000   -7.5000 2697.5583   11.9748
    0.0000   37.5000   -7.5000 2741.8286   11.7756
    7.5000   37.5000   -7.5000 2728.7998   11.8116
   -7.5000   45.0000   -7.5000 2593.9348   12.8239
    0.0000   45.0000   -7.5000 2628.2881   12.5941
    7.5000   45.0000   -7.5000 2622.8447   12.6433
   -7.5000  -45.0000    0.0000 2459.9792   14.1999
    0.0000  -45.0000    0.0000 2490.9585   13.9643
    7.5000  -45.0000    0.0000 2496.8608   14.0804
   -7.5000  -37.5000    0.0000 2527.6699   13.1617
    0.0000  -37.5000    0.0000 2557.8694   12.9230
    7.5000  -37.5000    0.0000 2564.4707   13.0350
   -7.5000  -30.0000    0.0000 2594.3796   12.2925
    0.0000  -30.0000    0.0000 2625.2471   12.0425
    7.5000  -30.0000    0.0000 2632.6038   12.1285
   -7.5000  -22.5000    0.0000 2661.2747   11.5389
    0.0000  -22.5000    0.0000 2691.6746   11.2894
    7.5000  -22.5000    0.0000 2693.0505   11.3656
   -7.5000  -15.0000    0.0000 2724.6577   10.9475
    0.0000  -15.0000    0.0000 2756.5984   10.7009
    7.5000  -15.0000    0.0000 2757.1821   10.7741
   -7.5000   -7.5000    0.0000 2785.8484   10.5147
    0.0000   -7.5000    0.0000 2818.5474   10.2702
    7.5000   -7.5000    0.0000 2820.6816   10.3388
   -7.5000    0.0000    0.0000 2840.5461   10.2853
    0.0000    0.0000    0.0000 2878.4360   10.0504
    7.5000    0.0000    0.0000 2880.1099   10.0976
   -7.5000    7.5000    0.0000 2879.3484   10.2065
    0.0000    7.5000    0.0000 2930.5322    9.9575
    7.5000    7.5000    0.0000 2932.6709   10.0225
   -7.5000   15.0000    0.0000 2901.0095   10.2826
    0.0000   15.0000    0.0000 2958.5750    9.9894
    7.5000   15.0000    0.0000 2947.5391   10.0811
   -7.5000   22.5000    0.0000 2890.4055   10.5768
    0.0000   22.5000    0.0000 2937.3333   10.3107
    7.5000   22.5000    0.0000 2923.1770   10.3885
   -7.5000   30.0000    0.0000 2830.3108   10.9990
    0.0000   30.0000    0.0000 2872.3584   10.7630
    7.5000   30.0000    0.0000 2857.0217   10.8283
   -7.5000   37.5000    0.0000 2741.5244   11.5906
    0.0000   37.5000    0.0000 2785.1665   11.3380
    7.5000   37.5000    0.0000 2771.1836   11.3960
   -7.5000   45.0000    0.0000 2628.2651   12.4073
    0.0000   45.0000    0.0000 2666.5972   12.1517
    7.5000   45.0000    0.0000 2657.9446   12.2225
   -7.5000  -45.0000    7.5000 2465.5068   14.1256
    0.0000  -45.0000    7.5000 2494.8423   13.9054
    7.5000  -45.0000    7.5000 2498.3684   14.0664
   -7.5000  -37.5000    7.5000 2531.7458   13.0727
    0.0000  -37.5000    7.5000 2556.8733   12.8366
    7.5000  -37.5000    7.5000 2558.1501   12.9632
   -7.5000  -30.0000    7.5000 2593.8552   12.1848
    0.0000  -30.0000    7.5000 2618.7754   11.9442
    7.5000  -30.0000    7.5000 2621.3726   12.0618
   -7.5000  -22.5000    7.5000 2658.3960   11.4252
    0.0000  -22.5000    7.5000 2684.0549   11.1792
    7.5000  -22.5000    7.5000 2685.0828   11.2873
   -7.5000  -15.0000    7.5000 2722.5298   10.7925
    0.0000  -15.0000    7.5000 2752.6023   10.5520
    7.5000  -15.0000    7.5000 2749.7090   10.6648
   -7.5000   -7.5000    7.5000 2791.1736   10.3265
    0.0000   -7.5000    7.5000 2827.0808   10.0941
    7.5000   -7.5000    7.5000 2826.4082   10.1916
   -7.5000    0.0000    7.5000 2857.7271   10.0675
    0.0000    0.0000    7.5000 2901.7610    9.8141
    7.5000    0.0000    7.5000 2898.7493    9.9094
   -7.5000    7.5000    7.5000 2909.8088   10.0247
    0.0000    7.5000    7.5000 2963.8230    9.7812
    7.5000    7.5000    7.5000 2964.5483    9.8646
   -7.5000   15.0000    7.5000 2943.7361   10.1310
    0.0000   15.0000    7.5000 3001.7917    9.8315
    7.5000   15.0000    7.5000 2992.5142    9.9396
   -7.5000   22.5000    7.5000 2934.8127   10.3750
    0.0000   22.5000    7.5000 2981.9070   10.1002
    7.5000   22.5000    7.5000 2963.9419   10.1973
   -7.5000   30.0000    7.5000 2869.4639   10.7851
    0.0000   30.0000    7.5000 2905.8838   10.5576
    7.5000   30.0000    7.5000 2885.6284   10.6465
   -7.5000   37.5000    7.5000 2768.5889   11.3765
    0.0000   37.5000    7.5000 2805.2930   11.1498
    7.5000   37.5000    7.5000 2787.9678   11.2188
   -7.5000   45.0000    7.5000 2645.2998   12.1956
    0.0000   45.0000    7.5000 2682.4573   11.9567
    7.5000   45.0000    7.5000 2672.1448   12.0115
   -7.5000  -45.0000   15.0000 2462.5251   14.1935
    0.0000  -45.0000   15.0000 2487.7019   14.0052
    7.5000  -45.0000   15.0000 2485.1113   14.1598
   -7.5000  -37.5000   15.0000 2526.6455   13.1037
    0.0000  -37.5000   15.0000 2547.5405   12.8946
    7.5000  -37.5000   15.0000 2541.2827   13.0536
   -7.5000  -30.0000   15.0000 2584.3591   12.1806
    0.0000  -30.0000   15.0000 2606.6130   11.9558
    7.5000  -30.0000   15.0000 2600.8584   12.1250
   -7.5000  -22.5000   15.0000 2647.5063   11.4160
    0.0000  -22.5000   15.0000 2671.4463   11.1920
    7.5000  -22.5000   15.0000 2665.1008   11.3335
   -7.5000  -15.0000   15.0000 2711.6150   10.7934
    0.0000  -15.0000   15.0000 2736.6028   10.5529
    7.5000  -15.0000   15.0000 2729.8438   10.6888
   -7.5000   -7.5000   15.0000 2781.0459   10.3277
    0.0000   -7.5000   15.0000 2813.1729   10.0815
    7.5000   -7.5000   15.0000 2807.9253   10.2185
   -7.5000    0.0000   15.0000 2851.7839   10.0924
    0.0000    0.0000   15.0000 2891.7600    9.8175
    7.5000    0.0000   15.0000 2885.0476    9.9443
   -7.5000    7.5000   15.0000 2911.1877   10.0342
    0.0000    7.5000   15.0000 2964.8760    9.7957
    7.5000    7.5000   15.0000 2954.2285    9.9227
   -7.5000   15.0000   15.0000 2949.9944   10.1238
    0.0000   15.0000   15.0000 3005.6384    9.8850
    7.5000   15.0000   15.0000 2986.3706   10.0354
   -7.5000   22.5000   15.0000 2934.2644   10.3597
    0.0000   22.5000   15.0000 2979.5398   10.1539
    7.5000   22.5000   15.0000 2962.1836   10.2861
   -7.5000   30.0000   15.0000 2865.2681   10.7626
    0.0000   30.0000   15.0000 2899.9460   10.5700
    7.5000   30.0000   15.0000 2881.1609   10.6618
   -7.5000   37.5000   15.0000 2761.1777   11.3636
    0.0000   37.5000   15.0000 2792.7715   11.1502
    7.5000   37.5000   15.0000 2779.1777   11.2146
   -7.5000   45.0000   15.0000 2641.2029   12.2147
    0.0000   45.0000   15.0000 2674.4558   11.9587
    7.5000   45.0000   15.0000 2662.2654   12.0114
   -7.5000  -45.0000   22.5000 2436.5015   14.4110
    0.0000  -45.0000   22.5000 2456.9365   14.2608
    7.5000  -45.0000   22.5000 2448.8462   14.4138
   -7.5000  -37.5000   22.5000 2502.4248   13.2527
    0.0000  -37.5000   22.5000 2527.7007   13.0934
    7.5000  -37.5000   22.5000 2515.5117   13.2545
   -7.5000  -30.0000   22.5000 2564.2886   12.3047
    0.0000  -30.0000   22.5000 2588.9109   12.1165
    7.5000  -30.0000   22.5000 2576.7773   12.3077
   -7.5000  -22.5000   22.5000 2631.0581   11.5543
    0.0000  -22.5000   22.5000 2655.4089   11.3387
    7.5000  -22.5000   22.5000 2638.7917   11.5107
   -7.5000  -15.0000   22.5000 2691.4690   10.9715
    0.0000  -15.0000   22.5000 2714.5483   10.7330
    7.5000  -15.0000   22.5000 2702.0886   10.8837
   -7.5000   -7.5000   22.5000 2757.6587   10.5450
    0.0000   -7.5000   22.5000 2785.3257   10.2982
    7.5000   -7.5000   22.5000 2775.8132   10.4487
   -7.5000    0.0000   22.5000 2824.7261   10.3360
    0.0000    0.0000   22.5000 2857.9417   10.0824
    7.5000    0.0000   22.5000 2849.5200   10.2215
   -7.5000    7.5000   22.5000 2885.8997   10.2699
    0.0000    7.5000   22.5000 2929.2546   10.0503
    7.5000    7.5000   22.5000 2912.2156   10.1812
   -7.5000   15.0000   22.5000 2916.8704   10.3361
    0.0000   15.0000   22.5000 2959.8523   10.1135
    7.5000   15.0000   22.5000 2940.2690   10.2492
   -7.5000   22.5000   22.5000 2893.6230   10.5719
    0.0000   22.5000   22.5000 2932.1721   10.3799
    7.5000   22.5000   22.5000 2919.9370   10.4896
   -7.5000   30.0000   22.5000 2825.1965   10.9863
    0.0000   30.0000   22.5000 2859.6597   10.7817
    7.5000   30.0000   22.5000 2842.5425   10.8580
   -7.5000   37.5000   22.5000 2731.0869   11.5907
    0.0000   37.5000   22.5000 2758.6423   11.3766
    7.5000   37.5000   22.5000 2745.6079   11.4287
   -7.5000   45.0000   22.5000 2616.9023   12.4127
    0.0000   45.0000   22.5000 2640.9622   12.1564
    7.5000   45.0000   22.5000 2630.6335   12.2208
   -7.5000  -45.0000   30.0000 2380.3464   14.8331
    0.0000  -45.0000   30.0000 2404.2278   14.6762
    7.5000  -45.0000   30.0000 2390.3628   14.8374
   -7.5000  -37.5000   30.0000 2454.0657   13.6315
    0.0000  -37.5000   30.0000 2477.6882   13.4622
    7.5000  -37.5000   30.0000 2470.4966   13.6636
   -7.5000  -30.0000   30.0000 2525.3330   12.6640
    0.0000  -30.0000   30.0000 2546.5649   12.4901
    7.5000  -30.0000   30.0000 2534.8501   12.6817
   -7.5000  -22.5000   30.0000 2594.1438   11.9059
    0.0000  -22.5000   30.0000 2614.7859   11.7221
    7.5000  -22.5000   30.0000 2593.2605   11.9029
   -7.5000  -15.0000   30.0000 2656.0098   11.3483
    0.0000  -15.0000   30.0000 2679.3506   11.1387
    7.5000  -15.0000   30.0000 2658.5479   11.3007
   -7.5000   -7.5000   30.0000 2717.3069   10.9519
    0.0000   -7.5000   30.0000 2741.7593   10.7112
    7.5000   -7.5000   30.0000 2727.5349   10.8707
   -7.5000    0.0000   30.0000 2783.3713   10.7682
    0.0000    0.0000   30.0000 2806.6030   10.5281
    7.5000    0.0000   30.0000 2795.3489   10.6383
   -7.5000    7.5000   30.0000 2830.5571   10.6916
    0.0000    7.5000   30.0000 2864.3062   10.4377
    7.5000    7.5000   30.0000 2844.8149   10.5585
   -7.5000   15.0000   30.0000 2851.1982   10.7510
    0.0000   15.0000   30.0000 2880.0554   10.5116
    7.5000   15.0000   30.0000 2866.6919   10.6252
   -7.5000   22.5000   30.0000 2821.6594   10.9970
    0.0000   22.5000   30.0000 2855.7817   10.7613
    7.5000   22.5000   30.0000 2847.6763   10.8675
   -7.5000   30.0000   30.0000 2763.1062   11.4011
    0.0000   30.0000   30.0000 2792.2351   11.1810
    7.5000   30.0000   30.0000 2779.2717   11.2753
   -7.5000   37.5000   30.0000 2680.0283   11.9792
    0.0000   37.5000   30.0000 2705.2822   11.7491
    7.5000   37.5000   30.0000 2692.9944   11.8283
   -7.5000   45.0000   30.0000 2571.1646   12.7677
    0.0000   45.0000   30.0000 2595.8162   12.5243
    7.5000   45.0000   30.0000 2587.3188   12.5878
   -7.5000  -45.0000   37.5000 2300.9478   15.5467
    0.0000  -45.0000   37.5000 2322.4976   15.3456
    7.5000  -45.0000   37.5000 2312.2471   15.5487
   -7.5000  -37.5000   37.5000 2383.6404   14.3282
    0.0000  -37.5000   37.5000 2404.2502   14.1410
    7.5000  -37.5000   37.5000 2399.5312   14.3623
   -7.5000  -30.0000   37.5000 2464.5913   13.3520
    0.0000  -30.0000   37.5000 2485.6116   13.1706
    7.5000  -30.0000   37.5000 2472.2637   13.3623
   -7.5000  -22.5000   37.5000 2539.0957   12.5508
    0.0000  -22.5000   37.5000 2560.3401   12.3618
    7.5000  -22.5000   37.5000 2541.1821   12.5214
   -7.5000  -15.0000   37.5000 2604.0098   11.9375
    0.0000  -15.0000   37.5000 2629.2861   11.7353
    7.5000  -15.0000   37.5000 2606.9661   11.8744
   -7.5000   -7.5000   37.5000 2667.5190   11.5395
    0.0000   -7.5000   37.5000 2693.4644   11.2998
    7.5000   -7.5000   37.5000 2672.7681   11.4123
   -7.5000    0.0000   37.5000 2723.8289   11.3203
    0.0000    0.0000   37.5000 2750.8286   11.0691
    7.5000    0.0000   37.5000 2731.4070   11.1567
   -7.5000    7.5000   37.5000 2763.8386   11.2367
    0.0000    7.5000   37.5000 2792.1709   10.9810
    7.5000    7.5000   37.5000 2768.0061   11.0568
   -7.5000   15.0000   37.5000 2772.9287   11.2945
    0.0000   15.0000   37.5000 2794.1506   11.0693
    7.5000   15.0000   37.5000 2780.5454   11.1415
   -7.5000   22.5000   37.5000 2742.9529   11.5563
    0.0000   22.5000   37.5000 2768.3015   11.3219
    7.5000   22.5000   37.5000 2758.6021   11.4047
   -7.5000   30.0000   37.5000 2687.7334   11.9612
    0.0000   30.0000   37.5000 2708.0557   11.7386
    7.5000   30.0000   37.5000 2700.9287   11.8128
   -7.5000   37.5000   37.5000 2611.7769   12.5209
    0.0000   37.5000   37.5000 2632.6421   12.3091
    7.5000   37.5000   37.5000 2622.7139   12.3872
   -7.5000   45.0000   37.5000 2514.6248   13.2817
    0.0000   45.0000   37.5000 2535.6094   13.0727
    7.5000   45.0000   37.5000 2524.2710   13.1218
   -7.5000  -45.0000   45.0000 2213.9431   16.6701
    0.0000  -45.0000   45.0000 2233.4951   16.4951
    7.5000  -45.0000   45.0000 2218.5532   16.7664
   -7.5000  -37.5000   45.0000 2302.7646   15.3698
    0.0000  -37.5000   45.0000 2319.4722   15.1976
    7.5000  -37.5000   45.0000 2309.6780   15.4319
   -7.5000  -30.0000   45.0000 2390.3213   14.3003
    0.0000  -30.0000   45.0000 2409.7217   14.1198
    7.5000  -30.0000   45.0000 2396.4004   14.2983
   -7.5000  -22.5000   45.0000 2468.1262   13.4037
    0.0000  -22.5000   45.0000 2490.3325   13.2176
    7.5000  -22.5000   45.0000 2472.4651   13.3571
   -7.5000  -15.0000   45.0000 2539.1548   12.7451
    0.0000  -15.0000   45.0000 2564.0256   12.5534
    7.5000  -15.0000   45.0000 2541.8059   12.6507
   -7.5000   -7.5000   45.0000 2602.2466   12.3186
    0.0000   -7.5000   45.0000 2630.3264   12.1125
    7.5000   -7.5000   45.0000 2607.1736   12.1742
   -7.5000    0.0000   45.0000 2649.3647   12.0708
    0.0000    0.0000   45.0000 2678.6567   11.8471
    7.5000    0.0000   45.0000 2659.0691   11.8988
   -7.5000    7.5000   45.0000 2682.5547   11.9667
    0.0000    7.5000   45.0000 2705.0935   11.7471
    7.5000    7.5000   45.0000 2684.4373   11.7780
   -7.5000   15.0000   45.0000 2683.6169   12.0285
    0.0000   15.0000   45.0000 2703.1338   11.8132
    7.5000   15.0000   45.0000 2689.2651   11.8577
   -7.5000   22.5000   45.0000 2652.5723   12.2717
    0.0000   22.5000   45.0000 2671.3408   12.0593
    7.5000   22.5000   45.0000 2663.7117   12.1185
   -7.5000   30.0000   45.0000 2601.6809   12.6780
    0.0000   30.0000   45.0000 2617.6172   12.4860
    7.5000   30.0000   45.0000 2612.7959   12.5363
   -7.5000   37.5000   45.0000 2534.2915   13.2399
    0.0000   37.5000   45.0000 2555.3086   13.0346
    7.5000   37.5000   45.0000 2546.0566   13.0967
   -7.5000   45.0000   45.0000 2449.2732   13.9439
    0.0000   45.0000   45.0000 2467.8579   13.7313
    7.5000   45.0000   45.0000 2456.1328   13.7792

---------------------------------------------------------------------
imgreg_4dfp /opt/freesurfer/average/711-2C_as_mni_average_305 /opt/freesurfer/average/711-2B_as_mni_average_305_mask talsrcimg_g11 none talsrcimg_to_711-2C_as_mni_average_305_t4 1283
---------------------------------------------------------------------

freesurfer imgreg_4dfp.c
/opt/freesurfer/average/711-2C_as_mni_average_305.4dfp.img
       256       256       256         1
  1.000000  1.000000  1.000000
orientation T byte_order littleendian
Reading image: /opt/freesurfer/average/711-2C_as_mni_average_305.4dfp.img
dimensions:      256       256       256
mmppix:       1.0000   -1.0000   -1.0000
center:     128.0000 -129.0000 -129.0000
/opt/freesurfer/average/711-2B_as_mni_average_305_mask.4dfp.img
       256       256       256         1
  1.000000  1.000000  1.000000
orientation T byte_order littleendian
Reading mask: /opt/freesurfer/average/711-2B_as_mni_average_305_mask.4dfp.img (2306576 pixels)
talsrcimg_g11.4dfp.img
       256       256       256         1
  1.000000  1.000000  1.000000
orientation T byte_order littleendian
Reading image: talsrcimg_g11.4dfp.img
dimensions:      256       256       256
mmppix:       1.0000   -1.0000   -1.0000
center:     128.0000 -129.0000 -129.0000
rotation matrix determinant  1.000000
fimgreg.f
image alignment mode   1283 decimal      503 hex
parameters
    0.0000   15.0000   15.0000    0.0000    0.0000    0.0000
eta,q 0.94462  9.86787
niter,ni,del,rscale     5    3   12.0000    1.2000
parameter  3  0.515212 ->  0.500000 qaram    1.1500
parameter  4  1.061231 ->  0.500000 qaram    1.1500
parameter  5 -0.761837 -> -0.500000 qaram    1.1500
parameters
    1.9942   16.0291   11.5500   -3.4500    3.4500   -0.6981
eta,q 0.95227  9.74489
  0.0738  0.0658  0.0542  0.0500  0.0609  0.0513
  0.0686  0.0605  0.0531  0.0499  0.0569  0.0493
  0.0626  0.0561  0.0529  0.0510  0.0529  0.0480
  0.0569  0.0540  0.0541  0.0527  0.0501  0.0479
  0.0540  0.0548  0.0572  0.0544  0.0485  0.0491
  0.0564  0.0567  0.0618  0.0565  0.0477  0.0508
  0.0621  0.0597  0.0666  0.0596  0.0481  0.0529
niter,ni,del,rscale     7    3   12.0000    1.2000
parameter  4  0.543317 ->  0.500000 qaram    1.3225
parameters
    1.1081   17.6677   10.7363   -7.4175    5.4173   -1.8468
eta,q 0.95529  9.76351
  0.0554  0.0588  0.0555  0.0472  0.0549  0.0466
  0.0523  0.0545  0.0495  0.0463  0.0511  0.0458
  0.0489  0.0507  0.0472  0.0459  0.0485  0.0449
  0.0477  0.0479  0.0476  0.0474  0.0461  0.0448
  0.0502  0.0478  0.0494  0.0497  0.0447  0.0456
  0.0553  0.0492  0.0537  0.0526  0.0463  0.0471
  0.0635  0.0515  0.0594  0.0560  0.0489  0.0490
niter,ni,del,rscale     7    3   12.0000    1.2000
parameter  6  0.617840 ->  0.500000 qaram    1.1500
parameters
    0.2106   19.2502   10.0968   -9.5192    6.8256   -5.2968
eta,q 0.95683  9.78710
  0.0525  0.0550  0.0533  0.0467  0.0535  0.0438
  0.0486  0.0501  0.0479  0.0452  0.0504  0.0431
  0.0453  0.0465  0.0452  0.0449  0.0476  0.0434
  0.0447  0.0445  0.0447  0.0446  0.0448  0.0442
  0.0480  0.0449  0.0460  0.0457  0.0444  0.0455
  0.0523  0.0459  0.0507  0.0483  0.0463  0.0470
  0.0590  0.0476  0.0574  0.0519  0.0493  0.0490
niter,ni,del,rscale     7    3   12.0000    1.2000
parameters
   -0.5061   19.8441    9.5718   -9.8887    7.6940   -5.0924
eta,q 0.95811  9.76933
  0.0538  0.0509  0.0525  0.0474  0.0550  0.0471
  0.0466  0.0463  0.0463  0.0439  0.0499  0.0441
  0.0423  0.0432  0.0424  0.0420  0.0447  0.0423
  0.0432  0.0423  0.0424  0.0421  0.0420  0.0419
  0.0475  0.0429  0.0445  0.0435  0.0427  0.0426
  0.0518  0.0443  0.0488  0.0452  0.0458  0.0442
  0.0578  0.0480  0.0559  0.0476  0.0503  0.0461
niter,ni,del,rscale     6    3   12.0000    1.2000
parameters
   -0.6480   19.8458    9.3998   -9.8764    7.8640   -5.0695
eta,q 0.95825  9.76333
  0.0562  0.0491  0.0534  0.0479  0.0533  0.0467
  0.0483  0.0451  0.0470  0.0441  0.0479  0.0438
  0.0427  0.0424  0.0425  0.0418  0.0432  0.0421
  0.0419  0.0418  0.0418  0.0417  0.0417  0.0417
  0.0456  0.0425  0.0436  0.0431  0.0435  0.0426
  0.0503  0.0446  0.0477  0.0448  0.0472  0.0441
  0.0559  0.0494  0.0544  0.0470  0.0521  0.0462
niter,ni,del,rscale     5    3   12.0000    1.2000
parameters
   -0.6708   19.8360    9.3692   -9.8613    7.9012   -5.0643
eta,q 0.95826  9.76206
  0.0567  0.0490  0.0539  0.0480  0.0530  0.0467
  0.0487  0.0450  0.0474  0.0441  0.0475  0.0438
  0.0428  0.0423  0.0427  0.0418  0.0429  0.0420
  0.0417  0.0417  0.0417  0.0417  0.0417  0.0417
  0.0453  0.0424  0.0434  0.0431  0.0437  0.0426
  0.0499  0.0446  0.0474  0.0448  0.0475  0.0441
  0.0554  0.0494  0.0540  0.0471  0.0524  0.0462
registration optimization eta report
parameter search radius
    6.0000    6.0000    6.9000    7.9350    6.9000    6.9000
100000*second partial in parameter space
       38.       21.       26.        9.       23.       10.
  0.0567  0.0490  0.0539  0.0480  0.0530  0.0467
  0.0487  0.0450  0.0474  0.0441  0.0475  0.0438
  0.0428  0.0423  0.0427  0.0418  0.0429  0.0420
  0.0417  0.0417  0.0417  0.0417  0.0417  0.0417
  0.0453  0.0424  0.0434  0.0431  0.0437  0.0426
  0.0499  0.0446  0.0474  0.0448  0.0475  0.0441
  0.0554  0.0494  0.0540  0.0471  0.0524  0.0462
   -0.6708   19.8360    9.3692   -9.8613    7.9012   -5.0643
eta,q 0.95826  9.76206

---------------------------------------------------------------------
imgreg_4dfp /opt/freesurfer/average/711-2C_as_mni_average_305 /opt/freesurfer/average/711-2B_as_mni_average_305_mask talsrcimg_g11 none talsrcimg_to_711-2C_as_mni_average_305_t4 3335
---------------------------------------------------------------------

freesurfer imgreg_4dfp.c
/opt/freesurfer/average/711-2C_as_mni_average_305.4dfp.img
       256       256       256         1
  1.000000  1.000000  1.000000
orientation T byte_order littleendian
Reading image: /opt/freesurfer/average/711-2C_as_mni_average_305.4dfp.img
dimensions:      256       256       256
mmppix:       1.0000   -1.0000   -1.0000
center:     128.0000 -129.0000 -129.0000
/opt/freesurfer/average/711-2B_as_mni_average_305_mask.4dfp.img
       256       256       256         1
  1.000000  1.000000  1.000000
orientation T byte_order littleendian
Reading mask: /opt/freesurfer/average/711-2B_as_mni_average_305_mask.4dfp.img (2306576 pixels)
talsrcimg_g11.4dfp.img
       256       256       256         1
  1.000000  1.000000  1.000000
orientation T byte_order littleendian
Reading image: talsrcimg_g11.4dfp.img
dimensions:      256       256       256
mmppix:       1.0000   -1.0000   -1.0000
center:     128.0000 -129.0000 -129.0000
fimgreg.f
image alignment mode   3335 decimal      D07 hex
parameters
   -0.6708   19.8360    9.3692   -1.3360   -2.0699   -2.4128
   11.0420  -11.9787   -8.7435   18.2551   13.7465  -16.9638
eta,q 0.95917  9.77878
niter,ni,del,rscale     5    3    5.0000    1.2000
parameter  4  1.764867 ->  0.500000 qaram    1.1500
parameter  5  2.314762 ->  0.500000 qaram    1.1500
parameter  6  0.635326 ->  0.500000 qaram    1.1500
parameter  9 -0.618248 -> -0.500000 qaram    1.1500
parameter 10  0.637371 ->  0.500000 qaram    1.1500
parameter 11  0.673111 ->  0.500000 qaram    1.1500
parameters
   -0.6551   20.0024    9.5382   -5.4760   -6.2099   -6.5528
    8.0366  -10.5735   -4.6035   14.1151    9.6065  -13.6543
eta,q 0.97056  9.28586
  0.0429  0.0424  0.0424  0.0349  0.0315  0.0322  0.0322  0.0366  0.0343  0.0304  0.0298  0.0316
  0.0417  0.0416  0.0416  0.0361  0.0327  0.0319  0.0317  0.0343  0.0331  0.0301  0.0296  0.0308
  0.0411  0.0411  0.0411  0.0381  0.0345  0.0321  0.0316  0.0325  0.0321  0.0303  0.0298  0.0301
  0.0408  0.0408  0.0408  0.0408  0.0365  0.0332  0.0319  0.0316  0.0314  0.0309  0.0302  0.0297
  0.0410  0.0409  0.0409  0.0438  0.0390  0.0352  0.0327  0.0315  0.0310  0.0319  0.0308  0.0295
  0.0417  0.0413  0.0413  0.0474  0.0417  0.0380  0.0339  0.0323  0.0309  0.0334  0.0317  0.0295
  0.0429  0.0420  0.0421  0.0513  0.0445  0.0414  0.0354  0.0339  0.0311  0.0350  0.0328  0.0298
niter,ni,del,rscale     7    3    5.0000    1.2000
parameter  4  0.533330 ->  0.500000 qaram    1.3225
parameter  5  1.114498 ->  0.500000 qaram    1.3225
parameters
   -0.5299   20.6954    9.5850  -10.2370  -10.9709   -7.8194
    7.3474  -10.1037   -4.4050   13.9631    9.6629  -14.3810
eta,q 0.97406  8.91662
  0.0327  0.0323  0.0307  0.0291  0.0255  0.0277  0.0278  0.0297  0.0285  0.0291  0.0271  0.0270
  0.0310  0.0310  0.0299  0.0284  0.0258  0.0266  0.0267  0.0277  0.0272  0.0272  0.0265  0.0264
  0.0299  0.0300  0.0295  0.0283  0.0267  0.0261  0.0261  0.0265  0.0263  0.0261  0.0261  0.0260
  0.0294  0.0294  0.0293  0.0293  0.0283  0.0260  0.0260  0.0260  0.0260  0.0260  0.0260  0.0260
  0.0297  0.0293  0.0294  0.0312  0.0303  0.0263  0.0265  0.0262  0.0262  0.0266  0.0261  0.0262
  0.0306  0.0295  0.0298  0.0339  0.0327  0.0274  0.0274  0.0271  0.0270  0.0276  0.0264  0.0267
  0.0321  0.0302  0.0306  0.0373  0.0356  0.0299  0.0286  0.0288  0.0283  0.0291  0.0271  0.0275
niter,ni,del,rscale     7    3    5.0000    1.2000
parameters
   -0.3583   20.9400    9.6763   -9.8968  -14.5096   -7.5301
    7.2340  -10.0291   -4.6473   14.5861    9.6039  -14.5279
eta,q 0.97464  8.79888
  0.0293  0.0286  0.0274  0.0300  0.0268  0.0279  0.0276  0.0287  0.0277  0.0290  0.0265  0.0266
  0.0275  0.0272  0.0266  0.0281  0.0258  0.0266  0.0264  0.0268  0.0264  0.0271  0.0259  0.0260
  0.0264  0.0263  0.0261  0.0267  0.0254  0.0258  0.0256  0.0257  0.0256  0.0258  0.0255  0.0255
  0.0259  0.0259  0.0259  0.0259  0.0259  0.0254  0.0254  0.0254  0.0254  0.0253  0.0254  0.0254
  0.0261  0.0260  0.0260  0.0260  0.0272  0.0254  0.0257  0.0257  0.0257  0.0257  0.0255  0.0255
  0.0270  0.0266  0.0265  0.0274  0.0293  0.0260  0.0265  0.0268  0.0266  0.0266  0.0259  0.0260
  0.0284  0.0277  0.0272  0.0298  0.0319  0.0278  0.0277  0.0285  0.0280  0.0279  0.0265  0.0268
niter,ni,del,rscale     6    3    5.0000    1.2000
parameters
   -0.4002   21.1033    9.8859   -9.5133  -15.1300   -7.2716
    7.2668  -10.0459   -4.7024   14.8661    9.5329  -14.5708
eta,q 0.97468  8.80200
  0.0282  0.0280  0.0270  0.0294  0.0281  0.0279  0.0276  0.0286  0.0277  0.0286  0.0264  0.0266
  0.0266  0.0266  0.0261  0.0276  0.0267  0.0266  0.0264  0.0267  0.0264  0.0268  0.0259  0.0260
  0.0257  0.0257  0.0256  0.0261  0.0258  0.0258  0.0256  0.0256  0.0256  0.0256  0.0255  0.0255
  0.0254  0.0254  0.0254  0.0253  0.0253  0.0253  0.0253  0.0253  0.0253  0.0253  0.0253  0.0253
  0.0257  0.0256  0.0254  0.0255  0.0258  0.0253  0.0256  0.0257  0.0256  0.0257  0.0254  0.0255
  0.0268  0.0263  0.0258  0.0269  0.0271  0.0260  0.0264  0.0268  0.0265  0.0267  0.0258  0.0259
  0.0284  0.0273  0.0265  0.0291  0.0291  0.0279  0.0276  0.0286  0.0278  0.0280  0.0265  0.0267
niter,ni,del,rscale     5    3    5.0000    1.2000
parameters
   -0.4271   21.1730    9.9402   -9.4406  -15.2792   -7.2202
    7.2821  -10.0607   -4.7051   14.9716    9.4977  -14.5976
eta,q 0.97467  8.80239
  0.0282  0.0278  0.0268  0.0292  0.0283  0.0278  0.0276  0.0286  0.0277  0.0284  0.0264  0.0266
  0.0266  0.0264  0.0260  0.0274  0.0269  0.0266  0.0264  0.0268  0.0265  0.0267  0.0259  0.0260
  0.0256  0.0256  0.0255  0.0260  0.0259  0.0257  0.0256  0.0257  0.0256  0.0256  0.0255  0.0255
  0.0253  0.0253  0.0253  0.0253  0.0253  0.0253  0.0253  0.0253  0.0253  0.0253  0.0253  0.0253
  0.0257  0.0256  0.0255  0.0256  0.0256  0.0253  0.0256  0.0257  0.0256  0.0258  0.0254  0.0255
  0.0267  0.0263  0.0259  0.0271  0.0268  0.0261  0.0264  0.0268  0.0265  0.0267  0.0258  0.0259
  0.0283  0.0274  0.0266  0.0294  0.0287  0.0281  0.0276  0.0286  0.0277  0.0280  0.0265  0.0267
niter,ni,del,rscale     4    3    5.0000    1.2000
parameters
   -0.4346   21.1970    9.9492   -9.4257  -15.3225   -7.2092
    7.2948  -10.0681   -4.7007   15.0091    9.4843  -14.6123
eta,q 0.97467  8.80225
  0.0283  0.0277  0.0267  0.0292  0.0283  0.0278  0.0276  0.0286  0.0277  0.0283  0.0264  0.0266
  0.0266  0.0264  0.0260  0.0274  0.0269  0.0265  0.0264  0.0268  0.0265  0.0266  0.0259  0.0260
  0.0256  0.0256  0.0255  0.0260  0.0259  0.0257  0.0256  0.0257  0.0256  0.0256  0.0255  0.0255
  0.0253  0.0253  0.0253  0.0253  0.0253  0.0253  0.0253  0.0253  0.0253  0.0253  0.0253  0.0253
  0.0257  0.0256  0.0255  0.0256  0.0256  0.0253  0.0256  0.0257  0.0256  0.0258  0.0254  0.0255
  0.0267  0.0264  0.0259  0.0271  0.0267  0.0261  0.0264  0.0268  0.0265  0.0268  0.0258  0.0259
  0.0283  0.0275  0.0267  0.0294  0.0287  0.0282  0.0276  0.0286  0.0277  0.0281  0.0265  0.0267
niter,ni,del,rscale     3    3    5.0000    1.2000
parameters
   -0.4357   21.2064    9.9499   -9.4223  -15.3374   -7.2040
    7.2940  -10.0667   -4.6970   15.0267    9.4910  -14.6153
eta,q 0.97467  8.80225
  0.0283  0.0276  0.0267  0.0292  0.0283  0.0278  0.0276  0.0286  0.0277  0.0283  0.0264  0.0266
  0.0266  0.0263  0.0260  0.0274  0.0270  0.0265  0.0264  0.0268  0.0265  0.0266  0.0259  0.0260
  0.0257  0.0256  0.0255  0.0260  0.0259  0.0257  0.0256  0.0257  0.0256  0.0256  0.0255  0.0255
  0.0253  0.0253  0.0253  0.0253  0.0253  0.0253  0.0253  0.0253  0.0253  0.0253  0.0253  0.0253
  0.0257  0.0256  0.0255  0.0256  0.0256  0.0253  0.0256  0.0257  0.0256  0.0258  0.0254  0.0255
  0.0267  0.0264  0.0260  0.0271  0.0267  0.0261  0.0264  0.0268  0.0265  0.0268  0.0258  0.0259
  0.0283  0.0275  0.0267  0.0294  0.0286  0.0282  0.0276  0.0286  0.0277  0.0281  0.0265  0.0267
registration optimization eta report
parameter search radius
    2.4000    2.4000    2.4000    9.5220    9.5220    8.2800
    7.2000    7.2000    8.2800    8.2800    8.2800    7.2000
100000*second partial in parameter space
       51.       39.       24.        4.        3.        4.
        4.        6.        3.        4.        2.        3.
  0.0283  0.0276  0.0267  0.0292  0.0283  0.0278  0.0276  0.0286  0.0277  0.0283  0.0264  0.0266
  0.0266  0.0263  0.0260  0.0274  0.0270  0.0265  0.0264  0.0268  0.0265  0.0266  0.0259  0.0260
  0.0257  0.0256  0.0255  0.0260  0.0259  0.0257  0.0256  0.0257  0.0256  0.0256  0.0255  0.0255
  0.0253  0.0253  0.0253  0.0253  0.0253  0.0253  0.0253  0.0253  0.0253  0.0253  0.0253  0.0253
  0.0257  0.0256  0.0255  0.0256  0.0256  0.0253  0.0256  0.0257  0.0256  0.0258  0.0254  0.0255
  0.0267  0.0264  0.0260  0.0271  0.0267  0.0261  0.0264  0.0268  0.0265  0.0268  0.0258  0.0259
  0.0283  0.0275  0.0267  0.0294  0.0286  0.0282  0.0276  0.0286  0.0277  0.0281  0.0265  0.0267
   -0.4357   21.2064    9.9499   -9.4223  -15.3374   -7.2040
    7.2940  -10.0667   -4.6970   15.0267    9.4910  -14.6153
eta,q 0.97467  8.80225

---------------------------------------------------------------------
imgreg_4dfp /opt/freesurfer/average/711-2C_as_mni_average_305 /opt/freesurfer/average/711-2B_as_mni_average_305_mask talsrcimg_g11 none talsrcimg_to_711-2C_as_mni_average_305_t4 2311
---------------------------------------------------------------------

freesurfer imgreg_4dfp.c
/opt/freesurfer/average/711-2C_as_mni_average_305.4dfp.img
       256       256       256         1
  1.000000  1.000000  1.000000
orientation T byte_order littleendian
Reading image: /opt/freesurfer/average/711-2C_as_mni_average_305.4dfp.img
dimensions:      256       256       256
mmppix:       1.0000   -1.0000   -1.0000
center:     128.0000 -129.0000 -129.0000
/opt/freesurfer/average/711-2B_as_mni_average_305_mask.4dfp.img
       256       256       256         1
  1.000000  1.000000  1.000000
orientation T byte_order littleendian
Reading mask: /opt/freesurfer/average/711-2B_as_mni_average_305_mask.4dfp.img (2306576 pixels)
talsrcimg_g11.4dfp.img
       256       256       256         1
  1.000000  1.000000  1.000000
orientation T byte_order littleendian
Reading image: talsrcimg_g11.4dfp.img
dimensions:      256       256       256
mmppix:       1.0000   -1.0000   -1.0000
center:     128.0000 -129.0000 -129.0000
fimgreg.f
image alignment mode   2311 decimal      907 hex
parameters
   -0.4357   21.2064    9.9499   -9.4223  -15.3374   -7.2040
    7.2940  -10.0667   -4.6970   15.0267    9.4910  -14.6153
eta,q 0.97467  8.80224
niter,ni,del,rscale     5    3    5.0000    0.8000
parameters
   -0.4415   21.1683    9.9590   -8.9098  -14.8172   -6.1147
    7.2507  -10.1579   -4.5548   14.7757    9.5256  -14.5116
eta,q 0.97479  8.88880
  0.0266  0.0263  0.0260  0.0267  0.0264  0.0263  0.0263  0.0268  0.0262  0.0263  0.0257  0.0259
  0.0259  0.0258  0.0256  0.0260  0.0259  0.0258  0.0257  0.0259  0.0257  0.0256  0.0254  0.0255
  0.0255  0.0254  0.0254  0.0256  0.0255  0.0255  0.0253  0.0254  0.0253  0.0253  0.0253  0.0253
  0.0253  0.0253  0.0253  0.0253  0.0253  0.0253  0.0252  0.0252  0.0252  0.0252  0.0252  0.0252
  0.0255  0.0255  0.0254  0.0253  0.0253  0.0252  0.0254  0.0254  0.0253  0.0254  0.0253  0.0253
  0.0259  0.0259  0.0256  0.0256  0.0256  0.0253  0.0258  0.0260  0.0256  0.0258  0.0254  0.0255
  0.0267  0.0264  0.0259  0.0263  0.0261  0.0257  0.0263  0.0269  0.0261  0.0264  0.0257  0.0258
niter,ni,del,rscale     4    3    5.0000    0.7000
parameters
   -0.4482   21.0924   10.1673   -8.7828  -14.7936   -5.8590
    7.1613  -10.1907   -4.5687   14.6207    9.4965  -14.2483
eta,q 0.97483  8.90089
  0.0263  0.0260  0.0258  0.0262  0.0260  0.0259  0.0260  0.0264  0.0259  0.0260  0.0255  0.0257
  0.0257  0.0255  0.0255  0.0257  0.0256  0.0255  0.0255  0.0257  0.0255  0.0255  0.0253  0.0254
  0.0253  0.0253  0.0253  0.0254  0.0253  0.0253  0.0253  0.0253  0.0253  0.0252  0.0252  0.0252
  0.0252  0.0252  0.0252  0.0252  0.0252  0.0252  0.0252  0.0252  0.0252  0.0252  0.0252  0.0252
  0.0253  0.0253  0.0252  0.0252  0.0253  0.0252  0.0253  0.0253  0.0253  0.0253  0.0252  0.0252
  0.0257  0.0257  0.0253  0.0255  0.0256  0.0254  0.0256  0.0257  0.0255  0.0257  0.0253  0.0254
  0.0263  0.0261  0.0256  0.0261  0.0260  0.0258  0.0261  0.0265  0.0259  0.0261  0.0255  0.0256
niter,ni,del,rscale     3    3    5.0000    0.6000
parameters
   -0.4740   21.0549   10.2485   -8.6952  -14.7768   -5.6840
    7.1093  -10.2113   -4.5830   14.5004    9.5107  -14.0998
eta,q 0.97485  8.90987
  0.0259  0.0258  0.0256  0.0259  0.0258  0.0257  0.0258  0.0261  0.0257  0.0258  0.0254  0.0256
  0.0255  0.0254  0.0254  0.0255  0.0255  0.0254  0.0254  0.0256  0.0254  0.0254  0.0253  0.0253
  0.0252  0.0252  0.0252  0.0253  0.0253  0.0252  0.0252  0.0253  0.0252  0.0252  0.0252  0.0252
  0.0252  0.0252  0.0252  0.0252  0.0252  0.0252  0.0252  0.0252  0.0252  0.0252  0.0252  0.0252
  0.0253  0.0253  0.0252  0.0252  0.0252  0.0252  0.0252  0.0253  0.0252  0.0253  0.0252  0.0252
  0.0255  0.0255  0.0253  0.0254  0.0254  0.0253  0.0255  0.0256  0.0254  0.0255  0.0253  0.0253
  0.0260  0.0258  0.0255  0.0259  0.0258  0.0256  0.0258  0.0261  0.0257  0.0259  0.0254  0.0255
niter,ni,del,rscale     2    3    5.0000    0.5000
parameters
   -0.4855   21.0289   10.3031   -8.6260  -14.7602   -5.5481
    7.0755  -10.2225   -4.5917   14.4256    9.5144  -14.0186
eta,q 0.97485  8.91740
  0.0257  0.0256  0.0254  0.0257  0.0256  0.0255  0.0256  0.0258  0.0255  0.0256  0.0253  0.0254
  0.0254  0.0253  0.0253  0.0254  0.0254  0.0253  0.0254  0.0254  0.0253  0.0253  0.0252  0.0253
  0.0252  0.0252  0.0252  0.0252  0.0252  0.0252  0.0252  0.0252  0.0252  0.0252  0.0252  0.0252
  0.0252  0.0252  0.0252  0.0252  0.0252  0.0252  0.0252  0.0251  0.0251  0.0251  0.0251  0.0251
  0.0252  0.0252  0.0252  0.0252  0.0252  0.0252  0.0252  0.0252  0.0252  0.0252  0.0252  0.0252
  0.0254  0.0254  0.0252  0.0253  0.0254  0.0253  0.0254  0.0254  0.0253  0.0254  0.0252  0.0253
  0.0257  0.0256  0.0254  0.0257  0.0256  0.0255  0.0256  0.0258  0.0255  0.0257  0.0253  0.0254
niter,ni,del,rscale     1    3    5.0000    0.4000
parameters
   -0.4937   21.0164   10.3439   -8.5507  -14.7482   -5.4263
    7.0575  -10.2312   -4.6159   14.3831    9.5282  -13.9446
eta,q 0.97486  8.92487
  0.0255  0.0254  0.0253  0.0255  0.0254  0.0254  0.0254  0.0256  0.0254  0.0255  0.0253  0.0253
  0.0253  0.0253  0.0252  0.0253  0.0253  0.0253  0.0253  0.0253  0.0252  0.0253  0.0252  0.0252
  0.0252  0.0252  0.0252  0.0252  0.0252  0.0252  0.0252  0.0252  0.0252  0.0252  0.0252  0.0252
  0.0252  0.0251  0.0251  0.0251  0.0251  0.0251  0.0251  0.0251  0.0251  0.0251  0.0251  0.0251
  0.0252  0.0252  0.0252  0.0252  0.0252  0.0252  0.0252  0.0252  0.0252  0.0252  0.0252  0.0252
  0.0253  0.0253  0.0252  0.0253  0.0253  0.0252  0.0253  0.0253  0.0253  0.0253  0.0252  0.0252
  0.0255  0.0255  0.0253  0.0255  0.0254  0.0253  0.0254  0.0256  0.0254  0.0255  0.0253  0.0253
registration optimization eta report
parameter search radius
    0.8000    0.8000    0.8000    2.4000    2.4000    2.4000
    2.4000    2.4000    2.4000    2.4000    2.4000    2.4000
100000*second partial in parameter space
       56.       46.       27.        6.        5.        4.
        5.        8.        4.        6.        2.        3.
  0.0255  0.0254  0.0253  0.0255  0.0254  0.0254  0.0254  0.0256  0.0254  0.0255  0.0253  0.0253
  0.0253  0.0253  0.0252  0.0253  0.0253  0.0253  0.0253  0.0253  0.0252  0.0253  0.0252  0.0252
  0.0252  0.0252  0.0252  0.0252  0.0252  0.0252  0.0252  0.0252  0.0252  0.0252  0.0252  0.0252
  0.0252  0.0251  0.0251  0.0251  0.0251  0.0251  0.0251  0.0251  0.0251  0.0251  0.0251  0.0251
  0.0252  0.0252  0.0252  0.0252  0.0252  0.0252  0.0252  0.0252  0.0252  0.0252  0.0252  0.0252
  0.0253  0.0253  0.0252  0.0253  0.0253  0.0252  0.0253  0.0253  0.0253  0.0253  0.0252  0.0252
  0.0255  0.0255  0.0253  0.0255  0.0254  0.0253  0.0254  0.0256  0.0254  0.0255  0.0253  0.0253
   -0.4937   21.0164   10.3439   -8.5507  -14.7482   -5.4263
    7.0575  -10.2312   -4.6159   14.3831    9.5282  -13.9446
eta,q 0.97486  8.92487

---------------------------------------------------------------------
imgreg_4dfp /opt/freesurfer/average/711-2C_as_mni_average_305 /opt/freesurfer/average/711-2B_as_mni_average_305_mask talsrcimg_g11 none talsrcimg_to_711-2C_as_mni_average_305_t4 2311
---------------------------------------------------------------------

freesurfer imgreg_4dfp.c
/opt/freesurfer/average/711-2C_as_mni_average_305.4dfp.img
       256       256       256         1
  1.000000  1.000000  1.000000
orientation T byte_order littleendian
Reading image: /opt/freesurfer/average/711-2C_as_mni_average_305.4dfp.img
dimensions:      256       256       256
mmppix:       1.0000   -1.0000   -1.0000
center:     128.0000 -129.0000 -129.0000
/opt/freesurfer/average/711-2B_as_mni_average_305_mask.4dfp.img
       256       256       256         1
  1.000000  1.000000  1.000000
orientation T byte_order littleendian
Reading mask: /opt/freesurfer/average/711-2B_as_mni_average_305_mask.4dfp.img (2306576 pixels)
talsrcimg_g11.4dfp.img
       256       256       256         1
  1.000000  1.000000  1.000000
orientation T byte_order littleendian
Reading image: talsrcimg_g11.4dfp.img
dimensions:      256       256       256
mmppix:       1.0000   -1.0000   -1.0000
center:     128.0000 -129.0000 -129.0000
fimgreg.f
image alignment mode   2311 decimal      907 hex
parameters
   -0.4937   21.0164   10.3439   -8.5507  -14.7482   -5.4263
    7.0575  -10.2312   -4.6159   14.3831    9.5282  -13.9446
eta,q 0.97486  8.92487
niter,ni,del,rscale     5    3    5.0000    0.8000
parameters
   -0.4922   21.0267   10.3556   -8.8230  -14.8670   -5.9313
    7.0839  -10.1852   -4.6415   14.4593    9.5698  -13.9738
eta,q 0.97484  8.88928
  0.0266  0.0263  0.0258  0.0263  0.0261  0.0259  0.0263  0.0269  0.0261  0.0264  0.0256  0.0258
  0.0258  0.0257  0.0255  0.0257  0.0256  0.0255  0.0257  0.0259  0.0256  0.0257  0.0254  0.0255
  0.0253  0.0253  0.0252  0.0253  0.0253  0.0252  0.0253  0.0254  0.0253  0.0253  0.0252  0.0252
  0.0251  0.0251  0.0251  0.0251  0.0251  0.0252  0.0252  0.0252  0.0252  0.0252  0.0252  0.0252
  0.0253  0.0253  0.0252  0.0253  0.0253  0.0252  0.0253  0.0253  0.0253  0.0253  0.0252  0.0252
  0.0258  0.0257  0.0254  0.0258  0.0257  0.0256  0.0257  0.0259  0.0256  0.0257  0.0254  0.0255
  0.0266  0.0262  0.0258  0.0267  0.0262  0.0265  0.0263  0.0268  0.0261  0.0263  0.0256  0.0258
niter,ni,del,rscale     4    3    5.0000    0.7000
parameters
   -0.4964   21.0350   10.2768   -8.7779  -14.7981   -5.8594
    7.0883  -10.1981   -4.6119   14.4443    9.5755  -14.0241
eta,q 0.97484  8.89758
  0.0262  0.0261  0.0256  0.0261  0.0260  0.0258  0.0260  0.0264  0.0259  0.0261  0.0255  0.0257
  0.0256  0.0256  0.0254  0.0256  0.0256  0.0255  0.0256  0.0257  0.0255  0.0256  0.0253  0.0254
  0.0253  0.0253  0.0252  0.0253  0.0253  0.0253  0.0253  0.0253  0.0252  0.0252  0.0252  0.0252
  0.0252  0.0252  0.0252  0.0252  0.0252  0.0252  0.0252  0.0252  0.0252  0.0252  0.0252  0.0252
  0.0253  0.0253  0.0252  0.0252  0.0252  0.0252  0.0253  0.0253  0.0252  0.0253  0.0252  0.0252
  0.0257  0.0256  0.0254  0.0255  0.0255  0.0254  0.0256  0.0257  0.0255  0.0256  0.0253  0.0254
  0.0262  0.0260  0.0257  0.0262  0.0260  0.0259  0.0260  0.0265  0.0259  0.0261  0.0255  0.0257
niter,ni,del,rscale     3    3    5.0000    0.6000
parameters
   -0.4892   21.0257   10.2835   -8.7139  -14.7586   -5.7007
    7.0800  -10.2155   -4.6063   14.4258    9.5549  -14.0165
eta,q 0.97485  8.90797
  0.0260  0.0258  0.0255  0.0259  0.0258  0.0257  0.0258  0.0261  0.0257  0.0259  0.0254  0.0255
  0.0255  0.0254  0.0253  0.0255  0.0255  0.0254  0.0254  0.0256  0.0254  0.0254  0.0253  0.0253
  0.0252  0.0252  0.0252  0.0253  0.0253  0.0252  0.0252  0.0253  0.0252  0.0252  0.0252  0.0252
  0.0252  0.0252  0.0252  0.0252  0.0252  0.0252  0.0252  0.0252  0.0251  0.0251  0.0251  0.0252
  0.0252  0.0252  0.0252  0.0252  0.0252  0.0252  0.0252  0.0253  0.0252  0.0252  0.0252  0.0252
  0.0255  0.0255  0.0253  0.0254  0.0254  0.0253  0.0255  0.0256  0.0254  0.0255  0.0253  0.0253
  0.0259  0.0258  0.0255  0.0259  0.0258  0.0256  0.0258  0.0261  0.0257  0.0259  0.0254  0.0255
niter,ni,del,rscale     2    3    5.0000    0.5000
parameters
   -0.4891   21.0192   10.3129   -8.6286  -14.7566   -5.5526
    7.0681  -10.2240   -4.6128   14.3972    9.5315  -13.9913
eta,q 0.97486  8.91684
  0.0257  0.0256  0.0254  0.0257  0.0256  0.0255  0.0256  0.0258  0.0255  0.0256  0.0253  0.0254
  0.0254  0.0253  0.0253  0.0254  0.0254  0.0253  0.0254  0.0254  0.0253  0.0254  0.0252  0.0253
  0.0252  0.0252  0.0252  0.0252  0.0252  0.0252  0.0252  0.0252  0.0252  0.0252  0.0252  0.0252
  0.0251  0.0252  0.0252  0.0252  0.0252  0.0251  0.0251  0.0251  0.0251  0.0251  0.0251  0.0251
  0.0252  0.0252  0.0252  0.0252  0.0252  0.0252  0.0252  0.0252  0.0252  0.0252  0.0252  0.0252
  0.0254  0.0254  0.0253  0.0253  0.0254  0.0253  0.0254  0.0255  0.0253  0.0254  0.0252  0.0253
  0.0257  0.0256  0.0254  0.0256  0.0256  0.0255  0.0256  0.0258  0.0255  0.0256  0.0253  0.0254
niter,ni,del,rscale     1    3    5.0000    0.4000
parameters
   -0.4925   21.0088   10.3488   -8.5537  -14.7480   -5.4332
    7.0530  -10.2334   -4.6095   14.3671    9.5001  -13.9511
eta,q 0.97486  8.92411
  0.0255  0.0254  0.0253  0.0255  0.0254  0.0254  0.0254  0.0256  0.0254  0.0255  0.0253  0.0253
  0.0253  0.0253  0.0252  0.0253  0.0253  0.0253  0.0253  0.0253  0.0253  0.0253  0.0252  0.0252
  0.0252  0.0252  0.0252  0.0252  0.0252  0.0252  0.0252  0.0252  0.0252  0.0252  0.0252  0.0252
  0.0251  0.0251  0.0251  0.0251  0.0251  0.0251  0.0251  0.0251  0.0251  0.0251  0.0251  0.0251
  0.0252  0.0252  0.0252  0.0252  0.0252  0.0252  0.0252  0.0252  0.0252  0.0252  0.0252  0.0252
  0.0253  0.0253  0.0252  0.0253  0.0253  0.0252  0.0253  0.0253  0.0252  0.0253  0.0252  0.0252
  0.0255  0.0254  0.0253  0.0255  0.0254  0.0253  0.0254  0.0256  0.0254  0.0255  0.0253  0.0253
registration optimization eta report
parameter search radius
    0.8000    0.8000    0.8000    2.4000    2.4000    2.4000
    2.4000    2.4000    2.4000    2.4000    2.4000    2.4000
100000*second partial in parameter space
       57.       46.       26.        6.        5.        4.
        5.        8.        4.        6.        2.        3.
  0.0255  0.0254  0.0253  0.0255  0.0254  0.0254  0.0254  0.0256  0.0254  0.0255  0.0253  0.0253
  0.0253  0.0253  0.0252  0.0253  0.0253  0.0253  0.0253  0.0253  0.0253  0.0253  0.0252  0.0252
  0.0252  0.0252  0.0252  0.0252  0.0252  0.0252  0.0252  0.0252  0.0252  0.0252  0.0252  0.0252
  0.0251  0.0251  0.0251  0.0251  0.0251  0.0251  0.0251  0.0251  0.0251  0.0251  0.0251  0.0251
  0.0252  0.0252  0.0252  0.0252  0.0252  0.0252  0.0252  0.0252  0.0252  0.0252  0.0252  0.0252
  0.0253  0.0253  0.0252  0.0253  0.0253  0.0252  0.0253  0.0253  0.0252  0.0253  0.0252  0.0252
  0.0255  0.0254  0.0253  0.0255  0.0254  0.0253  0.0254  0.0256  0.0254  0.0255  0.0253  0.0253
   -0.4925   21.0088   10.3488   -8.5537  -14.7480   -5.4332
    7.0530  -10.2334   -4.6095   14.3671    9.5001  -13.9511
eta,q 0.97486  8.92411

---------------------------------------------------------------------
compute_vox2vox talsrcimg talsrcimg_to_711-2C_as_mni_average_305_t4 /opt/freesurfer/average/711-2C_as_mni_average_305
---------------------------------------------------------------------

freesurfer compute_vox2vox.c
Reading: talsrcimg.4dfp.ifh
Reading: talsrcimg_to_711-2C_as_mni_average_305_t4
Reading: /opt/freesurfer/average/711-2C_as_mni_average_305.4dfp.ifh
Writing: talsrcimg_to_711-2C_as_mni_average_305_t4_vox2vox.txt

start time Sun Mar 15 11:22:20 CET 2026
end		time Sun Mar 15 11:22:34 CET 2026

mpr2mni305 success

avi2talxfm orig_nu.mgz /opt/freesurfer/average/mni305.cor.mgz talsrcimg_to_711-2C_as_mni_average_305_t4_vox2vox.txt transforms/talairach.auto.xfm
avi2talxfm done
mv -f /out/sourcedata/freesurfer/sub-v2s10x30156_ses-1/mri/talsrcimg_to_711-2C_as_mni_average_305_t4_vox2vox.txt /out/sourcedata/freesurfer/sub-v2s10x30156_ses-1/mri/transforms/talsrcimg_to_711-2C_as_mni_average_305_t4_vox2vox.txt
lta_convert --src orig_nu.mgz --trg /opt/freesurfer/average/mni305.cor.mgz --inxfm transforms/talairach.auto.xfm --outlta transforms/talairach.auto.xfm.lta --subject fsaverage
7.3.2

--src: orig_nu.mgz src image (geometry).
--trg: /opt/freesurfer/average/mni305.cor.mgz trg image (geometry).
--inmni: transforms/talairach.auto.xfm input MNI/XFM transform.
--outlta: transforms/talairach.auto.xfm.lta output LTA.
--s: fsaverage subject name
 LTA read, type : 1
 1.07691   0.12692  -0.06832   1.89812;
-0.09718   1.02035   0.17502  -21.12582;
 0.07461  -0.16509   1.13980  -1.04007;
 0.00000   0.00000   0.00000   1.00000;
setting subject to fsaverage
Writing  LTA to file transforms/talairach.auto.xfm.lta...
lta_convert successful.
 
 
Started at Sun Mar 15 11:22:20 CET 2026
Ended   at Sun Mar 15 11:22:34 CET 2026
talairach_avi done
