status file for recon-all
Sun Mar 15 09:32:27 CET 2026
#@# Tessellate rh Sun Mar 15 09:32:27 CET 2026
#@# Smooth1 rh Sun Mar 15 09:32:29 CET 2026
#@# Inflation1 rh Sun Mar 15 09:32:31 CET 2026
#@# QSphere rh Sun Mar 15 09:32:36 CET 2026
#@# Fix Topology rh Sun Mar 15 09:33:08 CET 2026
#@# Smooth2 rh Sun Mar 15 09:36:13 CET 2026
#@# Inflation2 rh Sun Mar 15 09:36:15 CET 2026
#@# Curv .H and .K rh Sun Mar 15 09:36:21 CET 2026
#@# Sphere rh Sun Mar 15 09:36:51 CET 2026
#@# Surf Reg rh Sun Mar 15 09:38:09 CET 2026
#@# Jacobian white rh Sun Mar 15 09:39:57 CET 2026
#@# AvgCurv rh Sun Mar 15 09:39:58 CET 2026
#@# Cortical Parc rh Sun Mar 15 09:39:58 CET 2026
#@# white curv rh Sun Mar 15 09:44:13 CET 2026
#@# white area rh Sun Mar 15 09:44:14 CET 2026
#@# pial curv rh Sun Mar 15 09:44:14 CET 2026
#@# pial area rh Sun Mar 15 09:44:15 CET 2026
#@# thickness rh Sun Mar 15 09:44:15 CET 2026
#@# area and vertex vol rh Sun Mar 15 09:44:31 CET 2026
#@# Curvature Stats rh Sun Mar 15 09:44:31 CET 2026
#@# Cortical Parc 2 rh Sun Mar 15 09:44:33 CET 2026
#@# Cortical Parc 3 rh Sun Mar 15 09:44:41 CET 2026
#@# WM/GM Contrast rh Sun Mar 15 09:44:47 CET 2026
recon-all -s sub-v2s10x28953_ses-1 finished without error at Sun Mar 15 09:44:49 CET 2026



#New# invocation of recon-all 



status file for recon-all
Sun Mar 15 09:49:53 CET 2026
#@# white curv rh Sun Mar 15 09:49:53 CET 2026
#@# white area rh Sun Mar 15 09:49:53 CET 2026
#@# pial curv rh Sun Mar 15 09:49:53 CET 2026
#@# pial area rh Sun Mar 15 09:49:53 CET 2026
#@# thickness rh Sun Mar 15 09:49:54 CET 2026
#@# area and vertex vol rh Sun Mar 15 09:49:54 CET 2026
#@# Parcellation Stats rh Sun Mar 15 09:49:54 CET 2026
#@# Parcellation Stats 2 rh Sun Mar 15 09:50:04 CET 2026
#@# Parcellation Stats 3 rh Sun Mar 15 09:50:09 CET 2026
#@# BA_exvivo Labels rh Sun Mar 15 09:50:14 CET 2026
recon-all -s sub-v2s10x28953_ses-1 finished without error at Sun Mar 15 09:51:46 CET 2026
