/out/sourcedata/freesurfer/sub-v2s10x28958_ses-1/mri
/opt/freesurfer/bin/talairach_avi
--i orig_nu.mgz --xfm transforms/talairach.auto.xfm
talairach_avi 7.3.2
Linux dna081 5.14.0-427.37.1.el9_4.x86_64 #1 SMP PREEMPT_DYNAMIC Fri Sep 13 12:41:50 EDT 2024 x86_64 x86_64 x86_64 GNU/Linux
Sun Mar 15 08:14:16 CET 2026
mri_convert orig_nu.mgz talsrcimg.img 
reading from orig_nu.mgz...
TR=0.00, TE=0.00, TI=0.00, flip angle=0.00
i_ras = (-1, 0, 0)
j_ras = (0, 0, -1)
k_ras = (0, 1, 0)
writing to talsrcimg.img...
Analyze Output Matrix
-1.00000   0.00000   0.00000   125.13951;
 0.00000   0.00000   1.00000  -103.07711;
 0.00000  -1.00000   0.00000   106.99794;
 0.00000   0.00000   0.00000   1.00000;
--------------------
INFO: set hdr.hist.orient to -1
mpr2mni305 talsrcimg
Sun Mar 15 08:14:16 CET 2026
/opt/freesurfer/bin/mpr2mni305 talsrcimg
mpr2mni305 7.3.2
target=711-2C_as_mni_average_305

---------------------------------------------------------------------
analyzeto4dfp talsrcimg -O0 -y
---------------------------------------------------------------------

freesurfer ifh2hdr.c
Sun Mar 15 08:14:16 2026
Writing: talsrcimg.4dfp.hdr
freesurfer analyzeto4dfp.c
Reading: talsrcimg.hdr
header size 348 bytes
hdr.dime.datatype	offset=70	value=2
hdr.dime.bitpix		offset=72	value=8
hdr.hist.orient		offset=252	value=-1
dimensionality     4
dimensions       256       256       256         1
Reading: talsrcimg.img
Writing: talsrcimg.4dfp.img
Writing: talsrcimg.4dfp.ifh
ifh2hdr talsrcimg -r0to229
ori=2

---------------------------------------------------------------------
gauss_4dfp talsrcimg 1.1
---------------------------------------------------------------------

freesurfer gauss_4dfp.c
Reading: talsrcimg.4dfp.img
Writing: talsrcimg_g11.4dfp.img
image dimensions 256 256 256 padded to 288 288 288
processing volume 1freesurfer ifh2hdr.c
Sun Mar 15 08:14:18 2026
Writing: talsrcimg_g11.4dfp.hdr

Writing: talsrcimg_g11.4dfp.ifh
including: talsrcimg.4dfp.img.rec in talsrcimg_g11.4dfp.img.rec

---------------------------------------------------------------------
imgreg_4dfp /opt/freesurfer/average/711-2C_as_mni_average_305 none talsrcimg_g11 none talsrcimg_to_711-2C_as_mni_average_305_t4 4355
---------------------------------------------------------------------

freesurfer imgreg_4dfp.c
/opt/freesurfer/average/711-2C_as_mni_average_305.4dfp.img
       256       256       256         1
  1.000000  1.000000  1.000000
orientation T byte_order littleendian
Reading image: /opt/freesurfer/average/711-2C_as_mni_average_305.4dfp.img
dimensions:      256       256       256
mmppix:       1.0000   -1.0000   -1.0000
center:     128.0000 -129.0000 -129.0000
talsrcimg_g11.4dfp.img
       256       256       256         1
  1.000000  1.000000  1.000000
orientation T byte_order littleendian
Reading image: talsrcimg_g11.4dfp.img
dimensions:      256       256       256
mmppix:       1.0000   -1.0000   -1.0000
center:     128.0000 -129.0000 -129.0000
t4_read: open error in t4_sub.f l:  41 t4_file(1:l)talsrcimg_to_711-2C_as_mni_average_305_t4 
t4_read: transform initialized to I4
rotation matrix determinant  1.000000
image alignment mode   4355 decimal     1103 hex
   -7.5000  -45.0000  -45.0000 6785.7964   11.3519
    0.0000  -45.0000  -45.0000 7110.1294   11.3711
    7.5000  -45.0000  -45.0000 6761.7114   11.3658
   -7.5000  -37.5000  -45.0000 7397.0361   11.0154
    0.0000  -37.5000  -45.0000 7750.7363   11.0325
    7.5000  -37.5000  -45.0000 7362.6040   11.0263
   -7.5000  -30.0000  -45.0000 8338.8945   10.7749
    0.0000  -30.0000  -45.0000 8709.6641   10.7932
    7.5000  -30.0000  -45.0000 8296.8213   10.7859
   -7.5000  -22.5000  -45.0000 9319.6484   10.6045
    0.0000  -22.5000  -45.0000 9706.9404   10.6259
    7.5000  -22.5000  -45.0000 9275.3779   10.6190
   -7.5000  -15.0000  -45.000010335.3027   10.5427
    0.0000  -15.0000  -45.000010751.7754   10.5659
    7.5000  -15.0000  -45.000010307.9893   10.5603
   -7.5000   -7.5000  -45.000011359.2627   10.5200
    0.0000   -7.5000  -45.000011838.2520   10.5417
    7.5000   -7.5000  -45.000011336.3096   10.5368
   -7.5000    0.0000  -45.000012350.6377   10.5154
    0.0000    0.0000  -45.000012876.5967   10.5340
    7.5000    0.0000  -45.000012300.1826   10.5297
   -7.5000    7.5000  -45.000012414.8486   10.5095
    0.0000    7.5000  -45.000012948.4551   10.5263
    7.5000    7.5000  -45.000012346.6865   10.5211
   -7.5000   15.0000  -45.000012268.8896   10.5007
    0.0000   15.0000  -45.000012801.0430   10.5191
    7.5000   15.0000  -45.000012216.1836   10.5120
   -7.5000   22.5000  -45.000011945.7979   10.4953
    0.0000   22.5000  -45.000012476.3320   10.5170
    7.5000   22.5000  -45.000011907.8027   10.5101
   -7.5000   30.0000  -45.000011579.4004   10.3630
    0.0000   30.0000  -45.000012057.9941   10.3860
    7.5000   30.0000  -45.000011509.2422   10.3804
   -7.5000   37.5000  -45.000011541.4961   10.3710
    0.0000   37.5000  -45.000012016.2881   10.3925
    7.5000   37.5000  -45.000011485.3184   10.3876
   -7.5000   45.0000  -45.000011032.7988   10.1118
    0.0000   45.0000  -45.000011505.6768   10.1297
    7.5000   45.0000  -45.000010995.7051   10.1256
   -7.5000  -45.0000  -37.5000 7108.4048   11.3086
    0.0000  -45.0000  -37.5000 7450.2197   11.3265
    7.5000  -45.0000  -37.5000 7090.4082   11.3187
   -7.5000  -37.5000  -37.5000 7778.3369   10.9778
    0.0000  -37.5000  -37.5000 8134.5229   10.9926
    7.5000  -37.5000  -37.5000 7751.0156   10.9846
   -7.5000  -30.0000  -37.5000 8779.5771   10.7382
    0.0000  -30.0000  -37.5000 9155.1592   10.7534
    7.5000  -30.0000  -37.5000 8746.4629   10.7454
   -7.5000  -22.5000  -37.5000 9842.9121   10.5652
    0.0000  -22.5000  -37.500010245.8867   10.5835
    7.5000  -22.5000  -37.5000 9797.3125   10.5759
   -7.5000  -15.0000  -37.500010898.0879   10.5021
    0.0000  -15.0000  -37.500011342.3564   10.5229
    7.5000  -15.0000  -37.500010855.6543   10.5159
   -7.5000   -7.5000  -37.500011976.1621   10.4816
    0.0000   -7.5000  -37.500012495.5596   10.5020
    7.5000   -7.5000  -37.500011953.1396   10.4952
   -7.5000    0.0000  -37.500013028.0566   10.4801
    0.0000    0.0000  -37.500013599.7793   10.4975
    7.5000    0.0000  -37.500012986.9844   10.4911
   -7.5000    7.5000  -37.500013099.7969   10.4758
    0.0000    7.5000  -37.500013663.6904   10.4906
    7.5000    7.5000  -37.500013042.9316   10.4838
   -7.5000   15.0000  -37.500012947.8037   10.4659
    0.0000   15.0000  -37.500013517.0918   10.4814
    7.5000   15.0000  -37.500012882.0244   10.4736
   -7.5000   22.5000  -37.500012598.4189   10.4571
    0.0000   22.5000  -37.500013151.8652   10.4757
    7.5000   22.5000  -37.500012539.3848   10.4681
   -7.5000   30.0000  -37.500012166.7998   10.3235
    0.0000   30.0000  -37.500012672.9443   10.3442
    7.5000   30.0000  -37.500012095.7920   10.3372
   -7.5000   37.5000  -37.500012113.0234   10.3331
    0.0000   37.5000  -37.500012621.9697   10.3534
    7.5000   37.5000  -37.500012053.2617   10.3466
   -7.5000   45.0000  -37.500011587.3262   10.0778
    0.0000   45.0000  -37.500012081.0078   10.0946
    7.5000   45.0000  -37.500011543.7734   10.0884
   -7.5000  -45.0000  -30.0000 7563.3047   11.7843
    0.0000  -45.0000  -30.0000 7910.9419   11.8026
    7.5000  -45.0000  -30.0000 7534.0308   11.7953
   -7.5000  -37.5000  -30.0000 8287.9443   11.4402
    0.0000  -37.5000  -30.0000 8648.0498   11.4556
    7.5000  -37.5000  -30.0000 8249.8770   11.4490
   -7.5000  -30.0000  -30.0000 9370.6855   11.1919
    0.0000  -30.0000  -30.0000 9755.2461   11.2069
    7.5000  -30.0000  -30.0000 9324.1016   11.2004
   -7.5000  -22.5000  -30.000010501.5479   11.0132
    0.0000  -22.5000  -30.000010935.6963   11.0300
    7.5000  -22.5000  -30.000010451.2920   11.0226
   -7.5000  -15.0000  -30.000011623.5693   10.9472
    0.0000  -15.0000  -30.000012111.1650   10.9665
    7.5000  -15.0000  -30.000011579.8223   10.9590
   -7.5000   -7.5000  -30.000012788.1641   10.9247
    0.0000   -7.5000  -30.000013336.4082   10.9445
    7.5000   -7.5000  -30.000012759.8828   10.9373
   -7.5000    0.0000  -30.000013918.7676   10.9214
    0.0000    0.0000  -30.000014521.1104   10.9393
    7.5000    0.0000  -30.000013861.3291   10.9335
   -7.5000    7.5000  -30.000013968.3281   10.9170
    0.0000    7.5000  -30.000014580.7900   10.9325
    7.5000    7.5000  -30.000013908.8594   10.9271
   -7.5000   15.0000  -30.000013810.7373   10.9083
    0.0000   15.0000  -30.000014431.1387   10.9235
    7.5000   15.0000  -30.000013736.4492   10.9169
   -7.5000   22.5000  -30.000013461.8350   10.8994
    0.0000   22.5000  -30.000014018.9121   10.9166
    7.5000   22.5000  -30.000013379.7207   10.9092
   -7.5000   30.0000  -30.000012953.7432   10.7623
    0.0000   30.0000  -30.000013498.3350   10.7815
    7.5000   30.0000  -30.000012884.1699   10.7740
   -7.5000   37.5000  -30.000012881.5205   10.7711
    0.0000   37.5000  -30.000013435.8037   10.7907
    7.5000   37.5000  -30.000012820.2139   10.7836
   -7.5000   45.0000  -30.000012313.5049   10.5100
    0.0000   45.0000  -30.000012821.0049   10.5272
    7.5000   45.0000  -30.000012247.0977   10.5216
   -7.5000  -45.0000  -22.5000 7977.8789   12.2023
    0.0000  -45.0000  -22.5000 8330.9395   12.2229
    7.5000  -45.0000  -22.5000 7944.6797   12.2192
   -7.5000  -37.5000  -22.5000 8747.1084   11.8433
    0.0000  -37.5000  -22.5000 9122.3916   11.8625
    7.5000  -37.5000  -22.5000 8717.9277   11.8595
   -7.5000  -30.0000  -22.5000 9917.8096   11.5888
    0.0000  -30.0000  -22.500010340.3398   11.6075
    7.5000  -30.0000  -22.5000 9880.6777   11.6031
   -7.5000  -22.5000  -22.500011129.4219   11.4093
    0.0000  -22.5000  -22.500011614.2939   11.4282
    7.5000  -22.5000  -22.500011094.4854   11.4217
   -7.5000  -15.0000  -22.500012350.5635   11.3425
    0.0000  -15.0000  -22.500012895.9658   11.3625
    7.5000  -15.0000  -22.500012310.9531   11.3559
   -7.5000   -7.5000  -22.500013569.1055   11.3149
    0.0000   -7.5000  -22.500014136.6963   11.3354
    7.5000   -7.5000  -22.500013520.4775   11.3304
   -7.5000    0.0000  -22.500014732.8730   11.3064
    0.0000    0.0000  -22.500015373.0078   11.3264
    7.5000    0.0000  -22.500014674.1318   11.3239
   -7.5000    7.5000  -22.500014816.3711   11.3005
    0.0000    7.5000  -22.500015480.1123   11.3196
    7.5000    7.5000  -22.500014727.4219   11.3176
   -7.5000   15.0000  -22.500014636.9902   11.2948
    0.0000   15.0000  -22.500015305.0391   11.3136
    7.5000   15.0000  -22.500014533.7207   11.3091
   -7.5000   22.5000  -22.500014269.1904   11.2901
    0.0000   22.5000  -22.500014879.6094   11.3095
    7.5000   22.5000  -22.500014175.5977   11.3030
   -7.5000   30.0000  -22.500013736.4590   11.1525
    0.0000   30.0000  -22.500014343.7969   11.1725
    7.5000   30.0000  -22.500013665.4766   11.1659
   -7.5000   37.5000  -22.500013632.8369   11.1576
    0.0000   37.5000  -22.500014249.2734   11.1779
    7.5000   37.5000  -22.500013582.6855   11.1729
   -7.5000   45.0000  -22.500012971.7080   10.8886
    0.0000   45.0000  -22.500013521.8252   10.9079
    7.5000   45.0000  -22.500012913.1113   10.9055
   -7.5000  -45.0000  -15.0000 8391.2461   12.5041
    0.0000  -45.0000  -15.0000 8754.4248   12.5266
    7.5000  -45.0000  -15.0000 8350.0332   12.5253
   -7.5000  -37.5000  -15.0000 9203.6953   12.1327
    0.0000  -37.5000  -15.0000 9587.8750   12.1550
    7.5000  -37.5000  -15.0000 9169.3867   12.1534
   -7.5000  -30.0000  -15.000010467.9414   11.8725
    0.0000  -30.0000  -15.000010914.6895   11.8952
    7.5000  -30.0000  -15.000010427.3076   11.8911
   -7.5000  -22.5000  -15.000011773.5205   11.6927
    0.0000  -22.5000  -15.000012285.0771   11.7154
    7.5000  -22.5000  -15.000011737.0850   11.7093
   -7.5000  -15.0000  -15.000013088.9375   11.6262
    0.0000  -15.0000  -15.000013662.3945   11.6490
    7.5000  -15.0000  -15.000013044.4648   11.6438
   -7.5000   -7.5000  -15.000014332.8379   11.5955
    0.0000   -7.5000  -15.000014926.8604   11.6178
    7.5000   -7.5000  -15.000014267.7041   11.6147
   -7.5000    0.0000  -15.000015529.7979   11.5833
    0.0000    0.0000  -15.000016220.9727   11.6052
    7.5000    0.0000  -15.000015459.1191   11.6048
   -7.5000    7.5000  -15.000015613.7471   11.5757
    0.0000    7.5000  -15.000016351.0410   11.5977
    7.5000    7.5000  -15.000015522.8643   11.5970
   -7.5000   15.0000  -15.000015449.8184   11.5711
    0.0000   15.0000  -15.000016192.6670   11.5938
    7.5000   15.0000  -15.000015325.3252   11.5897
   -7.5000   22.5000  -15.000015037.5928   11.5696
    0.0000   22.5000  -15.000015746.8330   11.5928
    7.5000   22.5000  -15.000014927.7207   11.5866
   -7.5000   30.0000  -15.000014500.3096   11.4328
    0.0000   30.0000  -15.000015208.9600   11.4555
    7.5000   30.0000  -15.000014416.5156   11.4502
   -7.5000   37.5000  -15.000014353.3652   11.4359
    0.0000   37.5000  -15.000015065.3906   11.4580
    7.5000   37.5000  -15.000014298.4023   11.4549
   -7.5000   45.0000  -15.000013626.1797   11.1621
    0.0000   45.0000  -15.000014262.4912   11.1831
    7.5000   45.0000  -15.000013553.3262   11.1827
   -7.5000  -45.0000   -7.5000 8812.5703   12.6450
    0.0000  -45.0000   -7.5000 9184.1641   12.6672
    7.5000  -45.0000   -7.5000 8769.6211   12.6644
   -7.5000  -37.5000   -7.5000 9686.4258   12.2685
    0.0000  -37.5000   -7.500010084.1113   12.2900
    7.5000  -37.5000   -7.5000 9647.7910   12.2862
   -7.5000  -30.0000   -7.500011035.8086   12.0034
    0.0000  -30.0000   -7.500011504.3174   12.0261
    7.5000  -30.0000   -7.500010989.1064   12.0200
   -7.5000  -22.5000   -7.500012434.7607   11.8195
    0.0000  -22.5000   -7.500012970.1240   11.8441
    7.5000  -22.5000   -7.500012387.6357   11.8374
   -7.5000  -15.0000   -7.500013817.8389   11.7527
    0.0000  -15.0000   -7.500014415.6816   11.7780
    7.5000  -15.0000   -7.500013768.8271   11.7728
   -7.5000   -7.5000   -7.500015107.6465   11.7239
    0.0000   -7.5000   -7.500015753.5605   11.7476
    7.5000   -7.5000   -7.500015056.6143   11.7440
   -7.5000    0.0000   -7.500016337.5723   11.7139
    0.0000    0.0000   -7.500017085.9883   11.7354
    7.5000    0.0000   -7.500016281.7568   11.7336
   -7.5000    7.5000   -7.500016407.2930   11.7057
    0.0000    7.5000   -7.500017181.9551   11.7267
    7.5000    7.5000   -7.500016340.6777   11.7240
   -7.5000   15.0000   -7.500016293.4863   11.6986
    0.0000   15.0000   -7.500017133.5117   11.7215
    7.5000   15.0000   -7.500016164.3057   11.7155
   -7.5000   22.5000   -7.500015883.2568   11.6939
    0.0000   22.5000   -7.500016726.6152   11.7189
    7.5000   22.5000   -7.500015749.3105   11.7122
   -7.5000   30.0000   -7.500015267.0479   11.5566
    0.0000   30.0000   -7.500016102.5215   11.5818
    7.5000   30.0000   -7.500015156.3193   11.5765
   -7.5000   37.5000   -7.500015107.4531   11.5621
    0.0000   37.5000   -7.500015924.6143   11.5856
    7.5000   37.5000   -7.500015003.7607   11.5821
   -7.5000   45.0000   -7.500014329.5850   11.2900
    0.0000   45.0000   -7.500015054.2402   11.3107
    7.5000   45.0000   -7.500014205.3213   11.3090
   -7.5000  -45.0000    0.0000 9141.5830   12.6559
    0.0000  -45.0000    0.0000 9517.9902   12.6770
    7.5000  -45.0000    0.0000 9106.5645   12.6709
   -7.5000  -37.5000    0.000010050.4121   12.2821
    0.0000  -37.5000    0.000010468.7939   12.3010
    7.5000  -37.5000    0.000010022.2764   12.2938
   -7.5000  -30.0000    0.000011484.2930   12.0148
    0.0000  -30.0000    0.000011967.0791   12.0350
    7.5000  -30.0000    0.000011443.6016   12.0266
   -7.5000  -22.5000    0.000012957.9014   11.8253
    0.0000  -22.5000    0.000013515.9150   11.8490
    7.5000  -22.5000    0.000012929.8037   11.8410
   -7.5000  -15.0000    0.000014396.0107   11.7567
    0.0000  -15.0000    0.000015024.2812   11.7822
    7.5000  -15.0000    0.000014390.2266   11.7758
   -7.5000   -7.5000    0.000015782.2930   11.7315
    0.0000   -7.5000    0.000016501.3262   11.7555
    7.5000   -7.5000    0.000015772.8418   11.7498
   -7.5000    0.0000    0.000017054.8652   11.7265
    0.0000    0.0000    0.000017860.6973   11.7470
    7.5000    0.0000    0.000017058.9336   11.7421
   -7.5000    7.5000    0.000017098.1621   11.7200
    0.0000    7.5000    0.000017902.6016   11.7385
    7.5000    7.5000    0.000017050.6992   11.7325
   -7.5000   15.0000    0.000017011.4180   11.7101
    0.0000   15.0000    0.000017895.3398   11.7304
    7.5000   15.0000    0.000016864.8457   11.7223
   -7.5000   22.5000    0.000016676.0449   11.7002
    0.0000   22.5000    0.000017646.5332   11.7242
    7.5000   22.5000    0.000016469.9824   11.7162
   -7.5000   30.0000    0.000016040.8467   11.5609
    0.0000   30.0000    0.000017049.1270   11.5863
    7.5000   30.0000    0.000015837.0137   11.5799
   -7.5000   37.5000    0.000015831.8906   11.5699
    0.0000   37.5000    0.000016817.3184   11.5936
    7.5000   37.5000    0.000015667.0205   11.5880
   -7.5000   45.0000    0.000014983.7578   11.3030
    0.0000   45.0000    0.000015841.2871   11.3228
    7.5000   45.0000    0.000014833.5488   11.3180
   -7.5000  -45.0000    7.5000 8731.4951   12.6484
    0.0000  -45.0000    7.5000 9105.1455   12.6685
    7.5000  -45.0000    7.5000 8719.1553   12.6597
   -7.5000  -37.5000    7.5000 9622.6348   12.2786
    0.0000  -37.5000    7.500010037.7510   12.2952
    7.5000  -37.5000    7.5000 9616.4170   12.2862
   -7.5000  -30.0000    7.500011009.2061   12.0109
    0.0000  -30.0000    7.500011503.1025   12.0280
    7.5000  -30.0000    7.500011018.4932   12.0190
   -7.5000  -22.5000    7.500012434.7910   11.8177
    0.0000  -22.5000    7.500012990.6816   11.8381
    7.5000  -22.5000    7.500012450.5264   11.8296
   -7.5000  -15.0000    7.500013829.5879   11.7471
    0.0000  -15.0000    7.500014441.2031   11.7704
    7.5000  -15.0000    7.500013849.0625   11.7625
   -7.5000   -7.5000    7.500015194.4785   11.7240
    0.0000   -7.5000    7.500015905.5107   11.7469
    7.5000   -7.5000    7.500015211.8916   11.7392
   -7.5000    0.0000    7.500016443.1426   11.7222
    0.0000    0.0000    7.500017247.6191   11.7416
    7.5000    0.0000    7.500016443.8418   11.7345
   -7.5000    7.5000    7.500016508.0430   11.7175
    0.0000    7.5000    7.500017312.8379   11.7340
    7.5000    7.5000    7.500016441.5801   11.7263
   -7.5000   15.0000    7.500016459.0312   11.7065
    0.0000   15.0000    7.500017361.3711   11.7238
    7.5000   15.0000    7.500016312.5537   11.7150
   -7.5000   22.5000    7.500016125.1133   11.6930
    0.0000   22.5000    7.500017131.6758   11.7138
    7.5000   22.5000    7.500015971.3828   11.7053
   -7.5000   30.0000    7.500015511.2314   11.5518
    0.0000   30.0000    7.500016511.5898   11.5750
    7.5000   30.0000    7.500015393.0049   11.5671
   -7.5000   37.5000    7.500015324.7188   11.5625
    0.0000   37.5000    7.500016255.7334   11.5852
    7.5000   37.5000    7.500015248.6377   11.5775
   -7.5000   45.0000    7.500014469.0830   11.2988
    0.0000   45.0000    7.500015281.0049   11.3176
    7.5000   45.0000    7.500014396.2666   11.3107
   -7.5000  -45.0000   15.0000 8228.4346   12.6738
    0.0000  -45.0000   15.0000 8602.7227   12.6934
    7.5000  -45.0000   15.0000 8243.8613   12.6854
   -7.5000  -37.5000   15.0000 9117.2871   12.3041
    0.0000  -37.5000   15.0000 9532.4326   12.3205
    7.5000  -37.5000   15.0000 9130.2080   12.3133
   -7.5000  -30.0000   15.000010448.9297   12.0367
    0.0000  -30.0000   15.000010933.9150   12.0528
    7.5000  -30.0000   15.000010472.7236   12.0456
   -7.5000  -22.5000   15.000011789.0957   11.8447
    0.0000  -22.5000   15.000012329.8691   11.8627
    7.5000  -22.5000   15.000011817.6553   11.8547
   -7.5000  -15.0000   15.000013145.5039   11.7739
    0.0000  -15.0000   15.000013744.2588   11.7947
    7.5000  -15.0000   15.000013152.6982   11.7864
   -7.5000   -7.5000   15.000014458.3965   11.7495
    0.0000   -7.5000   15.000015159.4736   11.7707
    7.5000   -7.5000   15.000014447.5010   11.7629
   -7.5000    0.0000   15.000015699.8047   11.7456
    0.0000    0.0000   15.000016484.6367   11.7648
    7.5000    0.0000   15.000015666.1738   11.7584
   -7.5000    7.5000   15.000015777.2471   11.7406
    0.0000    7.5000   15.000016578.2031   11.7571
    7.5000    7.5000   15.000015713.5293   11.7512
   -7.5000   15.0000   15.000015668.5264   11.7313
    0.0000   15.0000   15.000016575.7852   11.7475
    7.5000   15.0000   15.000015590.3750   11.7403
   -7.5000   22.5000   15.000015319.7812   11.7195
    0.0000   22.5000   15.000016272.9854   11.7380
    7.5000   22.5000   15.000015240.7871   11.7300
   -7.5000   30.0000   15.000014749.7480   11.5783
    0.0000   30.0000   15.000015663.4912   11.5991
    7.5000   30.0000   15.000014707.3730   11.5908
   -7.5000   37.5000   15.000014570.7344   11.5877
    0.0000   37.5000   15.000015416.6836   11.6087
    7.5000   37.5000   15.000014549.8271   11.6010
   -7.5000   45.0000   15.000013752.1494   11.3214
    0.0000   45.0000   15.000014498.4873   11.3399
    7.5000   45.0000   15.000013708.9971   11.3337
   -7.5000  -45.0000   22.5000 7668.4546   12.7556
    0.0000  -45.0000   22.5000 8036.0664   12.7767
    7.5000  -45.0000   22.5000 7678.9863   12.7723
   -7.5000  -37.5000   22.5000 8540.3926   12.3811
    0.0000  -37.5000   22.5000 8947.1260   12.4008
    7.5000  -37.5000   22.5000 8543.9160   12.3972
   -7.5000  -30.0000   22.5000 9816.3887   12.1142
    0.0000  -30.0000   22.500010280.2129   12.1333
    7.5000  -30.0000   22.5000 9828.6416   12.1283
   -7.5000  -22.5000   22.500011073.5879   11.9258
    0.0000  -22.5000   22.500011591.4365   11.9451
    7.5000  -22.5000   22.500011094.3623   11.9379
   -7.5000  -15.0000   22.500012352.5254   11.8555
    0.0000  -15.0000   22.500012909.3613   11.8761
    7.5000  -15.0000   22.500012337.2236   11.8687
   -7.5000   -7.5000   22.500013596.0146   11.8261
    0.0000   -7.5000   22.500014250.4668   11.8472
    7.5000   -7.5000   22.500013585.2285   11.8414
   -7.5000    0.0000   22.500014757.0303   11.8167
    0.0000    0.0000   22.500015474.8242   11.8372
    7.5000    0.0000   22.500014735.8203   11.8342
   -7.5000    7.5000   22.500014830.1123   11.8104
    0.0000    7.5000   22.500015536.0537   11.8300
    7.5000    7.5000   22.500014775.7910   11.8275
   -7.5000   15.0000   22.500014708.2773   11.8048
    0.0000   15.0000   22.500015506.8535   11.8241
    7.5000   15.0000   22.500014664.5605   11.8190
   -7.5000   22.5000   22.500014382.2754   11.7986
    0.0000   22.5000   22.500015175.5049   11.8184
    7.5000   22.5000   22.500014339.0088   11.8111
   -7.5000   30.0000   22.500013883.0059   11.6583
    0.0000   30.0000   22.500014643.2549   11.6788
    7.5000   30.0000   22.500013850.5146   11.6714
   -7.5000   37.5000   22.500013769.9453   11.6633
    0.0000   37.5000   22.500014509.8154   11.6842
    7.5000   37.5000   22.500013752.3350   11.6784
   -7.5000   45.0000   22.500012982.8682   11.3899
    0.0000   45.0000   22.500013658.5879   11.4097
    7.5000   45.0000   22.500012943.8984   11.4068
   -7.5000  -45.0000   30.0000 7095.7842   12.8984
    0.0000  -45.0000   30.0000 7439.0762   12.9213
    7.5000  -45.0000   30.0000 7081.6714   12.9193
   -7.5000  -37.5000   30.0000 7901.2783   12.5150
    0.0000  -37.5000   30.0000 8277.5518   12.5378
    7.5000  -37.5000   30.0000 7890.8706   12.5355
   -7.5000  -30.0000   30.0000 9096.0254   12.2451
    0.0000  -30.0000   30.0000 9519.6826   12.2683
    7.5000  -30.0000   30.0000 9095.3779   12.2634
   -7.5000  -22.5000   30.000010275.2646   12.0565
    0.0000  -22.5000   30.000010748.4082   12.0797
    7.5000  -22.5000   30.000010281.3789   12.0727
   -7.5000  -15.0000   30.000011483.9502   11.9866
    0.0000  -15.0000   30.000011968.4385   12.0099
    7.5000  -15.0000   30.000011444.0039   12.0037
   -7.5000   -7.5000   30.000012625.3438   11.9539
    0.0000   -7.5000   30.000013175.1016   11.9767
    7.5000   -7.5000   30.000012601.5293   11.9728
   -7.5000    0.0000   30.000013666.7598   11.9412
    0.0000    0.0000   30.000014276.9023   11.9634
    7.5000    0.0000   30.000013651.1270   11.9624
   -7.5000    7.5000   30.000013714.3789   11.9334
    0.0000    7.5000   30.000014325.5791   11.9559
    7.5000    7.5000   30.000013706.0098   11.9546
   -7.5000   15.0000   30.000013594.0195   11.9290
    0.0000   15.0000   30.000014275.4805   11.9522
    7.5000   15.0000   30.000013600.3252   11.9473
   -7.5000   22.5000   30.000013303.2773   11.9262
    0.0000   22.5000   30.000013947.0273   11.9499
    7.5000   22.5000   30.000013297.7207   11.9429
   -7.5000   30.0000   30.000012841.5205   11.7863
    0.0000   30.0000   30.000013472.8887   11.8096
    7.5000   30.0000   30.000012837.4521   11.8034
   -7.5000   37.5000   30.000012774.5811   11.7893
    0.0000   37.5000   30.000013405.4463   11.8118
    7.5000   37.5000   30.000012774.0205   11.8079
   -7.5000   45.0000   30.000012053.3164   11.5099
    0.0000   45.0000   30.000012648.3906   11.5314
    7.5000   45.0000   30.000012037.5547   11.5304
   -7.5000  -45.0000   37.5000 6778.8921   13.1492
    0.0000  -45.0000   37.5000 7114.8374   13.1716
    7.5000  -45.0000   37.5000 6771.5747   13.1659
   -7.5000  -37.5000   37.5000 7536.8936   12.7527
    0.0000  -37.5000   37.5000 7904.2178   12.7748
    7.5000  -37.5000   37.5000 7536.3252   12.7685
   -7.5000  -30.0000   37.5000 8678.0020   12.4721
    0.0000  -30.0000   37.5000 9095.5312   12.4959
    7.5000  -30.0000   37.5000 8684.3379   12.4876
   -7.5000  -22.5000   37.5000 9817.2852   12.2736
    0.0000  -22.5000   37.500010275.2471   12.2992
    7.5000  -22.5000   37.5000 9817.3389   12.2905
   -7.5000  -15.0000   37.500010970.9795   12.2020
    0.0000  -15.0000   37.500011433.8369   12.2279
    7.5000  -15.0000   37.500010940.8896   12.2206
   -7.5000   -7.5000   37.500012046.8311   12.1717
    0.0000   -7.5000   37.500012565.5967   12.1957
    7.5000   -7.5000   37.500012040.6660   12.1897
   -7.5000    0.0000   37.500013071.3037   12.1616
    0.0000    0.0000   37.500013630.9092   12.1833
    7.5000    0.0000   37.500013064.4990   12.1789
   -7.5000    7.5000   37.500013113.2383   12.1525
    0.0000    7.5000   37.500013682.0811   12.1741
    7.5000    7.5000   37.500013126.0527   12.1691
   -7.5000   15.0000   37.500012991.4004   12.1442
    0.0000   15.0000   37.500013589.2842   12.1680
    7.5000   15.0000   37.500013005.2070   12.1599
   -7.5000   22.5000   37.500012694.5156   12.1388
    0.0000   22.5000   37.500013253.3096   12.1647
    7.5000   22.5000   37.500012695.1660   12.1561
   -7.5000   30.0000   37.500012262.4805   11.9970
    0.0000   30.0000   37.500012807.1504   12.0229
    7.5000   30.0000   37.500012250.9971   12.0156
   -7.5000   37.5000   37.500012200.9053   12.0038
    0.0000   37.5000   37.500012753.5322   12.0275
    7.5000   37.5000   37.500012188.7178   12.0216
   -7.5000   45.0000   37.500011538.6445   11.7224
    0.0000   45.0000   37.500012072.7803   11.7433
    7.5000   45.0000   37.500011528.5605   11.7391
   -7.5000  -45.0000   45.0000 6171.7437   13.4385
    0.0000  -45.0000   45.0000 6477.0381   13.4605
    7.5000  -45.0000   45.0000 6183.2798   13.4503
   -7.5000  -37.5000   45.0000 6859.3921   13.0314
    0.0000  -37.5000   45.0000 7189.9282   13.0509
    7.5000  -37.5000   45.0000 6874.2056   13.0398
   -7.5000  -30.0000   45.0000 7885.2432   12.7353
    0.0000  -30.0000   45.0000 8264.9463   12.7562
    7.5000  -30.0000   45.0000 7901.7451   12.7443
   -7.5000  -22.5000   45.0000 8920.9092   12.5214
    0.0000  -22.5000   45.0000 9333.8594   12.5459
    7.5000  -22.5000   45.0000 8929.1777   12.5352
   -7.5000  -15.0000   45.0000 9970.6670   12.4451
    0.0000  -15.0000   45.000010399.3896   12.4718
    7.5000  -15.0000   45.0000 9961.2158   12.4627
   -7.5000   -7.5000   45.000010990.3066   12.4191
    0.0000   -7.5000   45.000011452.2754   12.4441
    7.5000   -7.5000   45.000010998.9199   12.4353
   -7.5000    0.0000   45.000011960.4258   12.4145
    0.0000    0.0000   45.000012454.3447   12.4358
    7.5000    0.0000   45.000011956.6367   12.4272
   -7.5000    7.5000   45.000011982.8623   12.4057
    0.0000    7.5000   45.000012499.4727   12.4248
    7.5000    7.5000   45.000012003.1650   12.4152
   -7.5000   15.0000   45.000011850.5557   12.3922
    0.0000   15.0000   45.000012374.6250   12.4132
    7.5000   15.0000   45.000011859.5146   12.4018
   -7.5000   22.5000   45.000011579.2871   12.3806
    0.0000   22.5000   45.000012069.5674   12.4055
    7.5000   22.5000   45.000011572.5381   12.3948
   -7.5000   30.0000   45.000011177.2217   12.2338
    0.0000   30.0000   45.000011657.1895   12.2603
    7.5000   30.0000   45.000011177.8252   12.2513
   -7.5000   37.5000   45.000011130.4043   12.2462
    0.0000   37.5000   45.000011624.1006   12.2710
    7.5000   37.5000   45.000011143.8232   12.2623
   -7.5000   45.0000   45.000010568.2021   11.9716
    0.0000   45.0000   45.000011026.4199   11.9921
    7.5000   45.0000   45.000010570.3193   11.9839

---------------------------------------------------------------------
imgreg_4dfp /opt/freesurfer/average/711-2C_as_mni_average_305 /opt/freesurfer/average/711-2B_as_mni_average_305_mask talsrcimg_g11 none talsrcimg_to_711-2C_as_mni_average_305_t4 4355
---------------------------------------------------------------------

freesurfer imgreg_4dfp.c
/opt/freesurfer/average/711-2C_as_mni_average_305.4dfp.img
       256       256       256         1
  1.000000  1.000000  1.000000
orientation T byte_order littleendian
Reading image: /opt/freesurfer/average/711-2C_as_mni_average_305.4dfp.img
dimensions:      256       256       256
mmppix:       1.0000   -1.0000   -1.0000
center:     128.0000 -129.0000 -129.0000
/opt/freesurfer/average/711-2B_as_mni_average_305_mask.4dfp.img
       256       256       256         1
  1.000000  1.000000  1.000000
orientation T byte_order littleendian
Reading mask: /opt/freesurfer/average/711-2B_as_mni_average_305_mask.4dfp.img (2306576 pixels)
talsrcimg_g11.4dfp.img
       256       256       256         1
  1.000000  1.000000  1.000000
orientation T byte_order littleendian
Reading image: talsrcimg_g11.4dfp.img
dimensions:      256       256       256
mmppix:       1.0000   -1.0000   -1.0000
center:     128.0000 -129.0000 -129.0000
rotation matrix determinant  1.000000
image alignment mode   4355 decimal     1103 hex
   -7.5000  -37.5000  -45.0000 2067.9382   15.7889
    0.0000  -37.5000  -45.0000 2076.8081   15.8257
    7.5000  -37.5000  -45.0000 2054.2710   15.9256
   -7.5000  -30.0000  -45.0000 2175.8572   14.0634
    0.0000  -30.0000  -45.0000 2179.3420   14.0571
    7.5000  -30.0000  -45.0000 2160.5688   14.1460
   -7.5000  -22.5000  -45.0000 2273.3096   12.6971
    0.0000  -22.5000  -45.0000 2274.9512   12.6746
    7.5000  -22.5000  -45.0000 2261.2476   12.7630
   -7.5000  -15.0000  -45.0000 2357.5083   11.6968
    0.0000  -15.0000  -45.0000 2362.8501   11.6457
    7.5000  -15.0000  -45.0000 2353.4148   11.7473
   -7.5000   -7.5000  -45.0000 2420.2878   11.0055
    0.0000   -7.5000  -45.0000 2427.6365   10.9550
    7.5000   -7.5000  -45.0000 2414.1787   11.0687
   -7.5000    0.0000  -45.0000 2461.8269   10.5651
    0.0000    0.0000  -45.0000 2474.8970   10.4980
    7.5000    0.0000  -45.0000 2453.9050   10.6166
   -7.5000    7.5000  -45.0000 2484.8689   10.2969
    0.0000    7.5000  -45.0000 2499.1426   10.2290
    7.5000    7.5000  -45.0000 2476.8521   10.3659
   -7.5000   15.0000  -45.0000 2493.2781   10.1230
    0.0000   15.0000  -45.0000 2506.2581   10.0538
    7.5000   15.0000  -45.0000 2485.7302   10.1735
   -7.5000   22.5000  -45.0000 2491.9397   10.1367
    0.0000   22.5000  -45.0000 2502.5413   10.0717
    7.5000   22.5000  -45.0000 2483.1328   10.1835
   -7.5000   30.0000  -45.0000 2479.7954   10.3616
    0.0000   30.0000  -45.0000 2491.3618   10.2867
    7.5000   30.0000  -45.0000 2471.1985   10.4065
   -7.5000   37.5000  -45.0000 2443.1196   10.7523
    0.0000   37.5000  -45.0000 2455.7622   10.6730
    7.5000   37.5000  -45.0000 2439.9988   10.7902
   -7.5000   45.0000  -45.0000 2388.8137   11.2898
    0.0000   45.0000  -45.0000 2408.6240   11.1846
    7.5000   45.0000  -45.0000 2390.4006   11.3177
   -7.5000   52.5000  -45.0000 2299.0376   11.9112
    0.0000   52.5000  -45.0000 2314.6179   11.7972
    7.5000   52.5000  -45.0000 2297.7634   11.9400
   -7.5000  -37.5000  -37.5000 2118.8169   14.9064
    0.0000  -37.5000  -37.5000 2123.4644   14.9179
    7.5000  -37.5000  -37.5000 2107.8521   15.0578
   -7.5000  -30.0000  -37.5000 2234.2803   13.2660
    0.0000  -30.0000  -37.5000 2237.7888   13.2397
    7.5000  -30.0000  -37.5000 2222.6699   13.3716
   -7.5000  -22.5000  -37.5000 2343.3728   11.9744
    0.0000  -22.5000  -37.5000 2347.8401   11.9248
    7.5000  -22.5000  -37.5000 2329.3127   12.0456
   -7.5000  -15.0000  -37.5000 2431.0920   10.9914
    0.0000  -15.0000  -37.5000 2438.7339   10.9285
    7.5000  -15.0000  -37.5000 2420.4766   11.0405
   -7.5000   -7.5000  -37.5000 2505.2361   10.2874
    0.0000   -7.5000  -37.5000 2516.7195   10.2285
    7.5000   -7.5000  -37.5000 2501.1501   10.3373
   -7.5000    0.0000  -37.5000 2547.2620    9.8554
    0.0000    0.0000  -37.5000 2561.6096    9.7979
    7.5000    0.0000  -37.5000 2544.2974    9.8970
   -7.5000    7.5000  -37.5000 2578.1960    9.5781
    0.0000    7.5000  -37.5000 2592.0120    9.5054
    7.5000    7.5000  -37.5000 2576.4182    9.6006
   -7.5000   15.0000  -37.5000 2589.2505    9.4105
    0.0000   15.0000  -37.5000 2602.8411    9.3378
    7.5000   15.0000  -37.5000 2583.1812    9.4499
   -7.5000   22.5000  -37.5000 2588.6750    9.3915
    0.0000   22.5000  -37.5000 2600.4939    9.3295
    7.5000   22.5000  -37.5000 2580.1025    9.4436
   -7.5000   30.0000  -37.5000 2571.2537    9.5883
    0.0000   30.0000  -37.5000 2585.0840    9.5156
    7.5000   30.0000  -37.5000 2565.6409    9.6148
   -7.5000   37.5000  -37.5000 2540.8271    9.9210
    0.0000   37.5000  -37.5000 2551.6228    9.8495
    7.5000   37.5000  -37.5000 2533.7974    9.9522
   -7.5000   45.0000  -37.5000 2485.1284   10.3849
    0.0000   45.0000  -37.5000 2501.7319   10.2988
    7.5000   45.0000  -37.5000 2484.2502   10.4187
   -7.5000   52.5000  -37.5000 2387.8965   10.9603
    0.0000   52.5000  -37.5000 2402.8943   10.8541
    7.5000   52.5000  -37.5000 2386.7632   10.9922
   -7.5000  -37.5000  -30.0000 2201.5527   14.7183
    0.0000  -37.5000  -30.0000 2206.1519   14.6861
    7.5000  -37.5000  -30.0000 2190.5317   14.8132
   -7.5000  -30.0000  -30.0000 2324.4729   13.0487
    0.0000  -30.0000  -30.0000 2330.4670   12.9763
    7.5000  -30.0000  -30.0000 2314.6292   13.1301
   -7.5000  -22.5000  -30.0000 2443.0923   11.7609
    0.0000  -22.5000  -30.0000 2451.6414   11.6979
    7.5000  -22.5000  -30.0000 2430.3979   11.8205
   -7.5000  -15.0000  -30.0000 2537.4839   10.7432
    0.0000  -15.0000  -30.0000 2547.9951   10.6893
    7.5000  -15.0000  -30.0000 2530.3213   10.7912
   -7.5000   -7.5000  -30.0000 2629.4414   10.0084
    0.0000   -7.5000  -30.0000 2639.3235    9.9520
    7.5000   -7.5000  -30.0000 2622.4282   10.0446
   -7.5000    0.0000  -30.0000 2681.2827    9.5369
    0.0000    0.0000  -30.0000 2693.0518    9.4788
    7.5000    0.0000  -30.0000 2677.3989    9.5631
   -7.5000    7.5000  -30.0000 2714.5266    9.2446
    0.0000    7.5000  -30.0000 2727.3652    9.1757
    7.5000    7.5000  -30.0000 2713.3123    9.2495
   -7.5000   15.0000  -30.0000 2728.5083    9.0894
    0.0000   15.0000  -30.0000 2744.9243    9.0098
    7.5000   15.0000  -30.0000 2726.8276    9.0920
   -7.5000   22.5000  -30.0000 2730.3442    9.0598
    0.0000   22.5000  -30.0000 2744.5085    8.9864
    7.5000   22.5000  -30.0000 2720.9797    9.0947
   -7.5000   30.0000  -30.0000 2713.1174    9.2335
    0.0000   30.0000  -30.0000 2728.8762    9.1614
    7.5000   30.0000  -30.0000 2708.4695    9.2640
   -7.5000   37.5000  -30.0000 2683.8030    9.5239
    0.0000   37.5000  -30.0000 2700.8298    9.4552
    7.5000   37.5000  -30.0000 2680.9734    9.5578
   -7.5000   45.0000  -30.0000 2626.5344    9.9726
    0.0000   45.0000  -30.0000 2643.2480    9.8806
    7.5000   45.0000  -30.0000 2623.4170    9.9926
   -7.5000   52.5000  -30.0000 2523.6123   10.5158
    0.0000   52.5000  -30.0000 2540.3113   10.4097
    7.5000   52.5000  -30.0000 2521.4590   10.5351
   -7.5000  -37.5000  -22.5000 2252.6516   14.4370
    0.0000  -37.5000  -22.5000 2258.5588   14.3808
    7.5000  -37.5000  -22.5000 2244.6389   14.5191
   -7.5000  -30.0000  -22.5000 2382.2224   12.7876
    0.0000  -30.0000  -22.5000 2390.5972   12.7081
    7.5000  -30.0000  -22.5000 2376.4495   12.8609
   -7.5000  -22.5000  -22.5000 2508.8264   11.5088
    0.0000  -22.5000  -22.5000 2521.2593   11.4547
    7.5000  -22.5000  -22.5000 2501.3484   11.5640
   -7.5000  -15.0000  -22.5000 2615.1262   10.4715
    0.0000  -15.0000  -22.5000 2627.8579   10.4332
    7.5000  -15.0000  -22.5000 2608.6936   10.5161
   -7.5000   -7.5000  -22.5000 2711.0007    9.7101
    0.0000   -7.5000  -22.5000 2718.3127    9.6648
    7.5000   -7.5000  -22.5000 2704.6201    9.7393
   -7.5000    0.0000  -22.5000 2773.8186    9.1794
    0.0000    0.0000  -22.5000 2783.1416    9.1269
    7.5000    0.0000  -22.5000 2772.8435    9.1841
   -7.5000    7.5000  -22.5000 2813.3142    8.8693
    0.0000    7.5000  -22.5000 2825.3755    8.8054
    7.5000    7.5000  -22.5000 2811.3362    8.8548
   -7.5000   15.0000  -22.5000 2832.1489    8.7079
    0.0000   15.0000  -22.5000 2849.8074    8.6420
    7.5000   15.0000  -22.5000 2827.5286    8.6921
   -7.5000   22.5000  -22.5000 2840.8259    8.6799
    0.0000   22.5000  -22.5000 2858.4744    8.6012
    7.5000   22.5000  -22.5000 2831.4805    8.7100
   -7.5000   30.0000  -22.5000 2826.7209    8.8439
    0.0000   30.0000  -22.5000 2847.2993    8.7602
    7.5000   30.0000  -22.5000 2822.3921    8.8727
   -7.5000   37.5000  -22.5000 2795.8721    9.1204
    0.0000   37.5000  -22.5000 2819.6423    9.0298
    7.5000   37.5000  -22.5000 2794.6384    9.1377
   -7.5000   45.0000  -22.5000 2735.9124    9.5318
    0.0000   45.0000  -22.5000 2758.1213    9.4345
    7.5000   45.0000  -22.5000 2734.7117    9.5414
   -7.5000   52.5000  -22.5000 2627.5513   10.0376
    0.0000   52.5000  -22.5000 2650.2454    9.9443
    7.5000   52.5000  -22.5000 2627.6650   10.0627
   -7.5000  -37.5000  -15.0000 2276.3879   14.2151
    0.0000  -37.5000  -15.0000 2282.4919   14.1508
    7.5000  -37.5000  -15.0000 2270.8145   14.3039
   -7.5000  -30.0000  -15.0000 2411.5691   12.5800
    0.0000  -30.0000  -15.0000 2421.8123   12.5133
    7.5000  -30.0000  -15.0000 2405.0808   12.6447
   -7.5000  -22.5000  -15.0000 2544.7815   11.2894
    0.0000  -22.5000  -15.0000 2554.8298   11.2429
    7.5000  -22.5000  -15.0000 2536.8215   11.3517
   -7.5000  -15.0000  -15.0000 2656.8325   10.2529
    0.0000  -15.0000  -15.0000 2669.2158   10.2135
    7.5000  -15.0000  -15.0000 2650.0444   10.3012
   -7.5000   -7.5000  -15.0000 2747.2053    9.4549
    0.0000   -7.5000  -15.0000 2756.4548    9.4073
    7.5000   -7.5000  -15.0000 2741.0132    9.4806
   -7.5000    0.0000  -15.0000 2821.8716    8.8624
    0.0000    0.0000  -15.0000 2832.8037    8.8052
    7.5000    0.0000  -15.0000 2817.2627    8.8720
   -7.5000    7.5000  -15.0000 2868.8689    8.5053
    0.0000    7.5000  -15.0000 2888.3694    8.4547
    7.5000    7.5000  -15.0000 2867.7156    8.5167
   -7.5000   15.0000  -15.0000 2896.6165    8.3499
    0.0000   15.0000  -15.0000 2915.1514    8.2952
    7.5000   15.0000  -15.0000 2895.9270    8.3425
   -7.5000   22.5000  -15.0000 2914.2969    8.3139
    0.0000   22.5000  -15.0000 2932.5232    8.2415
    7.5000   22.5000  -15.0000 2905.3425    8.3274
   -7.5000   30.0000  -15.0000 2909.4875    8.4624
    0.0000   30.0000  -15.0000 2931.2749    8.3857
    7.5000   30.0000  -15.0000 2901.2646    8.4758
   -7.5000   37.5000  -15.0000 2873.4102    8.7310
    0.0000   37.5000  -15.0000 2903.4414    8.6491
    7.5000   37.5000  -15.0000 2869.9929    8.7492
   -7.5000   45.0000  -15.0000 2813.8005    9.1298
    0.0000   45.0000  -15.0000 2841.3210    9.0406
    7.5000   45.0000  -15.0000 2810.1304    9.1357
   -7.5000   52.5000  -15.0000 2700.1313    9.6228
    0.0000   52.5000  -15.0000 2725.1118    9.5425
    7.5000   52.5000  -15.0000 2699.6187    9.6448
   -7.5000  -37.5000   -7.5000 2281.5752   14.0824
    0.0000  -37.5000   -7.5000 2289.3455   14.0079
    7.5000  -37.5000   -7.5000 2275.1416   14.1850
   -7.5000  -30.0000   -7.5000 2418.6570   12.4468
    0.0000  -30.0000   -7.5000 2430.3862   12.3740
    7.5000  -30.0000   -7.5000 2413.2302   12.5284
   -7.5000  -22.5000   -7.5000 2553.8638   11.1282
    0.0000  -22.5000   -7.5000 2567.3130   11.0676
    7.5000  -22.5000   -7.5000 2548.8813   11.1839
   -7.5000  -15.0000   -7.5000 2666.8193   10.0683
    0.0000  -15.0000   -7.5000 2676.5513   10.0158
    7.5000  -15.0000   -7.5000 2658.6123   10.1069
   -7.5000   -7.5000   -7.5000 2757.3806    9.2362
    0.0000   -7.5000   -7.5000 2765.1404    9.1866
    7.5000   -7.5000   -7.5000 2753.1902    9.2676
   -7.5000    0.0000   -7.5000 2841.3325    8.5961
    0.0000    0.0000   -7.5000 2855.8521    8.5634
    7.5000    0.0000   -7.5000 2839.8271    8.6292
   -7.5000    7.5000   -7.5000 2902.7561    8.1992
    0.0000    7.5000   -7.5000 2919.0146    8.1739
    7.5000    7.5000   -7.5000 2900.1570    8.2304
   -7.5000   15.0000   -7.5000 2942.3264    8.0422
    0.0000   15.0000   -7.5000 2957.5259    8.0017
    7.5000   15.0000   -7.5000 2941.1741    8.0424
   -7.5000   22.5000   -7.5000 2961.0398    8.0238
    0.0000   22.5000   -7.5000 2984.4963    7.9756
    7.5000   22.5000   -7.5000 2957.8140    8.0199
   -7.5000   30.0000   -7.5000 2961.9075    8.1105
    0.0000   30.0000   -7.5000 2990.4668    8.0766
    7.5000   30.0000   -7.5000 2954.6218    8.1351
   -7.5000   37.5000   -7.5000 2927.5859    8.3794
    0.0000   37.5000   -7.5000 2959.3701    8.3365
    7.5000   37.5000   -7.5000 2923.2542    8.3966
   -7.5000   45.0000   -7.5000 2864.1890    8.7788
    0.0000   45.0000   -7.5000 2893.2109    8.7205
    7.5000   45.0000   -7.5000 2863.0493    8.7822
   -7.5000   52.5000   -7.5000 2744.1897    9.2911
    0.0000   52.5000   -7.5000 2771.3677    9.2201
    7.5000   52.5000   -7.5000 2748.1445    9.2967
   -7.5000  -37.5000    0.0000 2271.5881   14.1426
    0.0000  -37.5000    0.0000 2280.8369   14.0533
    7.5000  -37.5000    0.0000 2270.8420   14.2005
   -7.5000  -30.0000    0.0000 2410.3179   12.4739
    0.0000  -30.0000    0.0000 2419.4956   12.3962
    7.5000  -30.0000    0.0000 2404.6902   12.5210
   -7.5000  -22.5000    0.0000 2542.8579   11.1188
    0.0000  -22.5000    0.0000 2551.3486   11.0524
    7.5000  -22.5000    0.0000 2537.3591   11.1786
   -7.5000  -15.0000    0.0000 2650.3665   10.0251
    0.0000  -15.0000    0.0000 2658.6389    9.9598
    7.5000  -15.0000    0.0000 2646.5134   10.0837
   -7.5000   -7.5000    0.0000 2744.2686    9.1487
    0.0000   -7.5000    0.0000 2754.8062    9.1079
    7.5000   -7.5000    0.0000 2744.6528    9.2053
   -7.5000    0.0000    0.0000 2831.6284    8.5001
    0.0000    0.0000    0.0000 2847.4692    8.4656
    7.5000    0.0000    0.0000 2837.8157    8.5429
   -7.5000    7.5000    0.0000 2909.7002    8.0575
    0.0000    7.5000    0.0000 2924.1890    8.0150
    7.5000    7.5000    0.0000 2913.9243    8.0894
   -7.5000   15.0000    0.0000 2961.0068    7.8726
    0.0000   15.0000    0.0000 2979.2937    7.8468
    7.5000   15.0000    0.0000 2961.7832    7.8787
   -7.5000   22.5000    0.0000 2990.0886    7.8595
    0.0000   22.5000    0.0000 3016.5930    7.8422
    7.5000   22.5000    0.0000 2988.0010    7.8323
   -7.5000   30.0000    0.0000 2986.3884    7.9563
    0.0000   30.0000    0.0000 3023.6167    7.9426
    7.5000   30.0000    0.0000 2983.9944    7.9428
   -7.5000   37.5000    0.0000 2953.6047    8.1889
    0.0000   37.5000    0.0000 2994.5762    8.1623
    7.5000   37.5000    0.0000 2958.2197    8.1909
   -7.5000   45.0000    0.0000 2891.0618    8.5814
    0.0000   45.0000    0.0000 2923.7593    8.5464
    7.5000   45.0000    0.0000 2895.5120    8.6075
   -7.5000   52.5000    0.0000 2768.5222    9.1182
    0.0000   52.5000    0.0000 2795.2783    9.0410
    7.5000   52.5000    0.0000 2777.5068    9.1290
   -7.5000  -37.5000    7.5000 2254.1045   14.3266
    0.0000  -37.5000    7.5000 2262.2944   14.2567
    7.5000  -37.5000    7.5000 2250.6492   14.4333
   -7.5000  -30.0000    7.5000 2387.5452   12.6425
    0.0000  -30.0000    7.5000 2399.4004   12.5582
    7.5000  -30.0000    7.5000 2385.2061   12.7218
   -7.5000  -22.5000    7.5000 2513.8501   11.2381
    0.0000  -22.5000    7.5000 2524.0938   11.1702
    7.5000  -22.5000    7.5000 2511.6914   11.3217
   -7.5000  -15.0000    7.5000 2617.8538   10.1137
    0.0000  -15.0000    7.5000 2625.0586   10.0463
    7.5000  -15.0000    7.5000 2617.9624   10.1656
   -7.5000   -7.5000    7.5000 2718.9475    9.2138
    0.0000   -7.5000    7.5000 2727.5532    9.1734
    7.5000   -7.5000    7.5000 2721.7700    9.2553
   -7.5000    0.0000    7.5000 2810.2166    8.5488
    0.0000    0.0000    7.5000 2822.4248    8.5206
    7.5000    0.0000    7.5000 2816.1431    8.5882
   -7.5000    7.5000    7.5000 2893.4900    8.0886
    0.0000    7.5000    7.5000 2908.2993    8.0691
    7.5000    7.5000    7.5000 2897.1440    8.1094
   -7.5000   15.0000    7.5000 2952.4900    7.8867
    0.0000   15.0000    7.5000 2971.7520    7.8668
    7.5000   15.0000    7.5000 2952.2993    7.8897
   -7.5000   22.5000    7.5000 2992.2043    7.8160
    0.0000   22.5000    7.5000 3023.4412    7.8183
    7.5000   22.5000    7.5000 2994.3955    7.8057
   -7.5000   30.0000    7.5000 2989.7520    7.8955
    0.0000   30.0000    7.5000 3034.9480    7.8957
    7.5000   30.0000    7.5000 2993.7661    7.9156
   -7.5000   37.5000    7.5000 2952.5459    8.1686
    0.0000   37.5000    7.5000 2990.7886    8.1523
    7.5000   37.5000    7.5000 2959.9756    8.2035
   -7.5000   45.0000    7.5000 2883.1282    8.6107
    0.0000   45.0000    7.5000 2913.6077    8.5492
    7.5000   45.0000    7.5000 2891.8057    8.6376
   -7.5000   52.5000    7.5000 2764.0647    9.1474
    0.0000   52.5000    7.5000 2784.9448    9.0738
    7.5000   52.5000    7.5000 2773.3621    9.1632
   -7.5000  -37.5000   15.0000 2226.0881   14.6906
    0.0000  -37.5000   15.0000 2238.7825   14.6067
    7.5000  -37.5000   15.0000 2221.7458   14.8356
   -7.5000  -30.0000   15.0000 2354.5432   12.9802
    0.0000  -30.0000   15.0000 2369.4329   12.8846
    7.5000  -30.0000   15.0000 2354.6372   13.0796
   -7.5000  -22.5000   15.0000 2469.3960   11.5245
    0.0000  -22.5000   15.0000 2480.4238   11.4424
    7.5000  -22.5000   15.0000 2468.5769   11.5912
   -7.5000  -15.0000   15.0000 2574.4800   10.3626
    0.0000  -15.0000   15.0000 2581.7778   10.2942
    7.5000  -15.0000   15.0000 2573.2466   10.4004
   -7.5000   -7.5000   15.0000 2674.3733    9.4536
    0.0000   -7.5000   15.0000 2682.8120    9.3998
    7.5000   -7.5000   15.0000 2676.4202    9.4814
   -7.5000    0.0000   15.0000 2768.9219    8.7672
    0.0000    0.0000   15.0000 2780.4019    8.7372
    7.5000    0.0000   15.0000 2771.2175    8.7967
   -7.5000    7.5000   15.0000 2861.0588    8.2855
    0.0000    7.5000   15.0000 2874.9626    8.2514
    7.5000    7.5000   15.0000 2863.2458    8.3013
   -7.5000   15.0000   15.0000 2926.2634    8.0072
    0.0000   15.0000   15.0000 2944.5962    8.0005
    7.5000   15.0000   15.0000 2929.1970    8.0258
   -7.5000   22.5000   15.0000 2973.4807    7.8913
    0.0000   22.5000   15.0000 3007.3335    7.8974
    7.5000   22.5000   15.0000 2977.4473    7.9134
   -7.5000   30.0000   15.0000 2976.0015    7.9721
    0.0000   30.0000   15.0000 3020.7734    7.9583
    7.5000   30.0000   15.0000 2980.9766    8.0178
   -7.5000   37.5000   15.0000 2931.9568    8.2669
    0.0000   37.5000   15.0000 2969.1040    8.2251
    7.5000   37.5000   15.0000 2940.3894    8.3049
   -7.5000   45.0000   15.0000 2859.9587    8.7154
    0.0000   45.0000   15.0000 2886.7979    8.6657
    7.5000   45.0000   15.0000 2869.8694    8.7423
   -7.5000   52.5000   15.0000 2736.0012    9.2778
    0.0000   52.5000   15.0000 2757.4128    9.2148
    7.5000   52.5000   15.0000 2747.1887    9.2870
   -7.5000  -37.5000   22.5000 2184.0652   15.2682
    0.0000  -37.5000   22.5000 2196.3018   15.1974
    7.5000  -37.5000   22.5000 2178.1438   15.4322
   -7.5000  -30.0000   22.5000 2312.1250   13.5358
    0.0000  -30.0000   22.5000 2325.0471   13.4470
    7.5000  -30.0000   22.5000 2307.3594   13.6468
   -7.5000  -22.5000   22.5000 2423.6599   11.9904
    0.0000  -22.5000   22.5000 2432.9714   11.9209
    7.5000  -22.5000   22.5000 2420.2590   12.0831
   -7.5000  -15.0000   22.5000 2523.7698   10.7965
    0.0000  -15.0000   22.5000 2529.4697   10.7153
    7.5000  -15.0000   22.5000 2518.7007   10.8221
   -7.5000   -7.5000   22.5000 2622.8813    9.8530
    0.0000   -7.5000   22.5000 2631.7031    9.7900
    7.5000   -7.5000   22.5000 2623.3713    9.8792
   -7.5000    0.0000   22.5000 2720.7610    9.1166
    0.0000    0.0000   22.5000 2730.5273    9.0687
    7.5000    0.0000   22.5000 2726.4490    9.1419
   -7.5000    7.5000   22.5000 2813.0974    8.6158
    0.0000    7.5000   22.5000 2824.4270    8.5733
    7.5000    7.5000   22.5000 2817.1907    8.6150
   -7.5000   15.0000   22.5000 2879.5872    8.3130
    0.0000   15.0000   22.5000 2897.7834    8.2815
    7.5000   15.0000   22.5000 2886.2019    8.3090
   -7.5000   22.5000   22.5000 2926.1443    8.2054
    0.0000   22.5000   22.5000 2957.1587    8.1869
    7.5000   22.5000   22.5000 2930.3735    8.2217
   -7.5000   30.0000   22.5000 2933.8232    8.2742
    0.0000   30.0000   22.5000 2971.3035    8.2284
    7.5000   30.0000   22.5000 2940.0486    8.3009
   -7.5000   37.5000   22.5000 2891.8088    8.5791
    0.0000   37.5000   22.5000 2922.5959    8.5299
    7.5000   37.5000   22.5000 2900.7688    8.5987
   -7.5000   45.0000   22.5000 2820.2043    9.0239
    0.0000   45.0000   22.5000 2843.7546    8.9744
    7.5000   45.0000   22.5000 2830.7544    9.0327
   -7.5000   52.5000   22.5000 2697.0129    9.5531
    0.0000   52.5000   22.5000 2717.8354    9.5028
    7.5000   52.5000   22.5000 2709.0525    9.5564
   -7.5000  -37.5000   30.0000 2126.4475   16.0888
    0.0000  -37.5000   30.0000 2133.5398   16.0290
    7.5000  -37.5000   30.0000 2115.9329   16.2247
   -7.5000  -30.0000   30.0000 2256.2563   14.2865
    0.0000  -30.0000   30.0000 2263.5371   14.1836
    7.5000  -30.0000   30.0000 2246.2529   14.3724
   -7.5000  -22.5000   30.0000 2366.4832   12.6862
    0.0000  -22.5000   30.0000 2375.9714   12.5821
    7.5000  -22.5000   30.0000 2361.0356   12.7553
   -7.5000  -15.0000   30.0000 2470.5200   11.4116
    0.0000  -15.0000   30.0000 2476.4900   11.2910
    7.5000  -15.0000   30.0000 2463.9639   11.4259
   -7.5000   -7.5000   30.0000 2572.9810   10.3988
    0.0000   -7.5000   30.0000 2578.6943   10.2970
    7.5000   -7.5000   30.0000 2572.4629   10.4131
   -7.5000    0.0000   30.0000 2664.8716    9.6214
    0.0000    0.0000   30.0000 2673.9128    9.5461
    7.5000    0.0000   30.0000 2670.9397    9.6296
   -7.5000    7.5000   30.0000 2750.4478    9.0993
    0.0000    7.5000   30.0000 2760.3469    9.0309
    7.5000    7.5000   30.0000 2758.0728    9.1088
   -7.5000   15.0000   30.0000 2819.1116    8.7692
    0.0000   15.0000   30.0000 2834.9436    8.7163
    7.5000   15.0000   30.0000 2824.9829    8.7794
   -7.5000   22.5000   30.0000 2859.7009    8.6624
    0.0000   22.5000   30.0000 2885.4983    8.6069
    7.5000   22.5000   30.0000 2864.5498    8.6644
   -7.5000   30.0000   30.0000 2865.5220    8.7339
    0.0000   30.0000   30.0000 2891.1853    8.6770
    7.5000   30.0000   30.0000 2869.8330    8.7500
   -7.5000   37.5000   30.0000 2828.5830    9.0365
    0.0000   37.5000   30.0000 2852.1133    8.9891
    7.5000   37.5000   30.0000 2839.0325    9.0458
   -7.5000   45.0000   30.0000 2761.8528    9.4838
    0.0000   45.0000   30.0000 2781.1714    9.4350
    7.5000   45.0000   30.0000 2768.9612    9.4910
   -7.5000   52.5000   30.0000 2645.3909    9.9914
    0.0000   52.5000   30.0000 2666.6621    9.9237
    7.5000   52.5000   30.0000 2655.4373    9.9917
   -7.5000  -37.5000   37.5000 2053.8262   17.2222
    0.0000  -37.5000   37.5000 2062.9639   17.0946
    7.5000  -37.5000   37.5000 2047.7855   17.2962
   -7.5000  -30.0000   37.5000 2184.7397   15.2496
    0.0000  -30.0000   37.5000 2195.9937   15.0783
    7.5000  -30.0000   37.5000 2180.1677   15.2680
   -7.5000  -22.5000   37.5000 2296.7849   13.5544
    0.0000  -22.5000   37.5000 2312.3352   13.3952
    7.5000  -22.5000   37.5000 2297.8906   13.5789
   -7.5000  -15.0000   37.5000 2407.3369   12.1836
    0.0000  -15.0000   37.5000 2414.7195   12.0067
    7.5000  -15.0000   37.5000 2404.4214   12.1571
   -7.5000   -7.5000   37.5000 2507.3154   11.0847
    0.0000   -7.5000   37.5000 2518.1558   10.9382
    7.5000   -7.5000   37.5000 2513.6313   11.0728
   -7.5000    0.0000   37.5000 2602.9470   10.2931
    0.0000    0.0000   37.5000 2614.3450   10.1727
    7.5000    0.0000   37.5000 2610.0928   10.2851
   -7.5000    7.5000   37.5000 2685.2329    9.7170
    0.0000    7.5000   37.5000 2697.7976    9.6152
    7.5000    7.5000   37.5000 2693.8447    9.7261
   -7.5000   15.0000   37.5000 2749.4104    9.3575
    0.0000   15.0000   37.5000 2764.0601    9.2798
    7.5000   15.0000   37.5000 2755.8342    9.3717
   -7.5000   22.5000   37.5000 2779.4077    9.2326
    0.0000   22.5000   37.5000 2800.5381    9.1357
    7.5000   22.5000   37.5000 2784.8567    9.2400
   -7.5000   30.0000   37.5000 2780.6572    9.3240
    0.0000   30.0000   37.5000 2797.0610    9.2459
    7.5000   30.0000   37.5000 2783.5659    9.3246
   -7.5000   37.5000   37.5000 2750.0664    9.6048
    0.0000   37.5000   37.5000 2767.5610    9.5480
    7.5000   37.5000   37.5000 2756.4365    9.6034
   -7.5000   45.0000   37.5000 2685.7007   10.0472
    0.0000   45.0000   37.5000 2703.0161    9.9904
    7.5000   45.0000   37.5000 2695.3237   10.0574
   -7.5000   52.5000   37.5000 2580.0518   10.5688
    0.0000   52.5000   37.5000 2601.6353   10.4770
    7.5000   52.5000   37.5000 2588.4822   10.5569
   -7.5000  -37.5000   45.0000 1970.4010   18.6245
    0.0000  -37.5000   45.0000 1979.0259   18.4780
    7.5000  -37.5000   45.0000 1974.0842   18.6654
   -7.5000  -30.0000   45.0000 2103.9761   16.3866
    0.0000  -30.0000   45.0000 2116.0945   16.1885
    7.5000  -30.0000   45.0000 2106.2747   16.3937
   -7.5000  -22.5000   45.0000 2220.7170   14.5573
    0.0000  -22.5000   45.0000 2234.3159   14.3602
    7.5000  -22.5000   45.0000 2224.0759   14.5543
   -7.5000  -15.0000   45.0000 2333.9082   13.1093
    0.0000  -15.0000   45.0000 2344.6533   12.8859
    7.5000  -15.0000   45.0000 2334.2048   13.0641
   -7.5000   -7.5000   45.0000 2439.3840   11.9452
    0.0000   -7.5000   45.0000 2452.9607   11.7474
    7.5000   -7.5000   45.0000 2445.8914   11.9286
   -7.5000    0.0000   45.0000 2535.9543   11.1149
    0.0000    0.0000   45.0000 2548.1426   10.9495
    7.5000    0.0000   45.0000 2539.2441   11.1007
   -7.5000    7.5000   45.0000 2609.6873   10.4827
    0.0000    7.5000   45.0000 2626.5930   10.3437
    7.5000    7.5000   45.0000 2619.3833   10.4757
   -7.5000   15.0000   45.0000 2664.4751   10.0998
    0.0000   15.0000   45.0000 2682.7014    9.9884
    7.5000   15.0000   45.0000 2671.7878   10.1034
   -7.5000   22.5000   45.0000 2692.4797    9.9305
    0.0000   22.5000   45.0000 2711.8552    9.8223
    7.5000   22.5000   45.0000 2696.7617    9.9331
   -7.5000   30.0000   45.0000 2684.9456    9.9981
    0.0000   30.0000   45.0000 2700.1943    9.9070
    7.5000   30.0000   45.0000 2688.3730    9.9970
   -7.5000   37.5000   45.0000 2655.3232   10.2872
    0.0000   37.5000   45.0000 2674.0586   10.2037
    7.5000   37.5000   45.0000 2664.7200   10.2880
   -7.5000   45.0000   45.0000 2604.0178   10.7309
    0.0000   45.0000   45.0000 2618.2815   10.6433
    7.5000   45.0000   45.0000 2612.7715   10.7437
   -7.5000   52.5000   45.0000 2505.0542   11.2129
    0.0000   52.5000   45.0000 2522.6855   11.1152
    7.5000   52.5000   45.0000 2513.9458   11.2072

---------------------------------------------------------------------
imgreg_4dfp /opt/freesurfer/average/711-2C_as_mni_average_305 /opt/freesurfer/average/711-2B_as_mni_average_305_mask talsrcimg_g11 none talsrcimg_to_711-2C_as_mni_average_305_t4 1283
---------------------------------------------------------------------

freesurfer imgreg_4dfp.c
/opt/freesurfer/average/711-2C_as_mni_average_305.4dfp.img
       256       256       256         1
  1.000000  1.000000  1.000000
orientation T byte_order littleendian
Reading image: /opt/freesurfer/average/711-2C_as_mni_average_305.4dfp.img
dimensions:      256       256       256
mmppix:       1.0000   -1.0000   -1.0000
center:     128.0000 -129.0000 -129.0000
/opt/freesurfer/average/711-2B_as_mni_average_305_mask.4dfp.img
       256       256       256         1
  1.000000  1.000000  1.000000
orientation T byte_order littleendian
Reading mask: /opt/freesurfer/average/711-2B_as_mni_average_305_mask.4dfp.img (2306576 pixels)
talsrcimg_g11.4dfp.img
       256       256       256         1
  1.000000  1.000000  1.000000
orientation T byte_order littleendian
Reading image: talsrcimg_g11.4dfp.img
dimensions:      256       256       256
mmppix:       1.0000   -1.0000   -1.0000
center:     128.0000 -129.0000 -129.0000
rotation matrix determinant  1.000000
fimgreg.f
image alignment mode   1283 decimal      503 hex
parameters
    0.0000   30.0000    7.5000    0.0000    0.0000    0.0000
eta,q 0.95177  7.88668
niter,ni,del,rscale     5    3   12.0000    1.2000
parameter  4  2.379995 ->  0.500000 qaram    1.1500
parameters
    0.4453   27.2108    7.7743   -3.4500   -1.2634   -0.1743
eta,q 0.95852  7.80633
  0.0600  0.0489  0.0486  0.0389  0.0442  0.0460
  0.0549  0.0465  0.0480  0.0409  0.0427  0.0436
  0.0507  0.0464  0.0471  0.0435  0.0417  0.0419
  0.0485  0.0482  0.0460  0.0459  0.0416  0.0415
  0.0489  0.0508  0.0454  0.0487  0.0426  0.0424
  0.0520  0.0545  0.0464  0.0527  0.0449  0.0442
  0.0578  0.0588  0.0493  0.0566  0.0486  0.0463
niter,ni,del,rscale     5    3   12.0000    1.2000
parameter  4  2.502699 ->  0.500000 qaram    1.3225
parameters
    1.0237   27.9365    6.7414   -7.4175   -1.3642   -0.7821
eta,q 0.96243  7.79582
  0.0538  0.0520  0.0440  0.0349  0.0413  0.0416
  0.0484  0.0459  0.0425  0.0371  0.0394  0.0394
  0.0439  0.0424  0.0416  0.0389  0.0383  0.0380
  0.0415  0.0412  0.0413  0.0414  0.0375  0.0376
  0.0414  0.0422  0.0421  0.0446  0.0378  0.0386
  0.0444  0.0445  0.0443  0.0476  0.0393  0.0408
  0.0508  0.0469  0.0472  0.0513  0.0419  0.0435
niter,ni,del,rscale     5    3   12.0000    1.2000
parameter  4  1.775690 ->  0.500000 qaram    1.5209
parameters
    0.7049   29.6713    6.9675  -11.9801   -1.5279   -0.2763
eta,q 0.96764  7.82781
  0.0476  0.0476  0.0419  0.0310  0.0377  0.0385
  0.0429  0.0426  0.0394  0.0317  0.0353  0.0353
  0.0393  0.0394  0.0378  0.0344  0.0335  0.0334
  0.0376  0.0377  0.0369  0.0369  0.0324  0.0324
  0.0390  0.0369  0.0371  0.0407  0.0330  0.0326
  0.0440  0.0375  0.0386  0.0449  0.0353  0.0340
  0.0508  0.0402  0.0416  0.0484  0.0388  0.0369
niter,ni,del,rscale     5    3   12.0000    1.2000
parameters
    0.5334   30.8151    5.3214  -16.0612   -1.5840   -0.5432
eta,q 0.97090  7.82124
  0.0446  0.0442  0.0347  0.0329  0.0345  0.0336
  0.0387  0.0383  0.0326  0.0299  0.0319  0.0311
  0.0344  0.0340  0.0318  0.0293  0.0299  0.0297
  0.0324  0.0324  0.0323  0.0318  0.0291  0.0291
  0.0337  0.0324  0.0339  0.0354  0.0294  0.0297
  0.0392  0.0339  0.0365  0.0400  0.0315  0.0317
  0.0469  0.0376  0.0405  0.0461  0.0353  0.0347
niter,ni,del,rscale     4    3   12.0000    1.2000
parameters
    0.3278   31.6339    4.6869  -16.7240   -1.3745   -0.6656
eta,q 0.97120  7.82146
  0.0418  0.0410  0.0343  0.0366  0.0345  0.0336
  0.0347  0.0353  0.0311  0.0326  0.0319  0.0309
  0.0304  0.0312  0.0294  0.0298  0.0297  0.0294
  0.0291  0.0291  0.0290  0.0290  0.0288  0.0288
  0.0308  0.0296  0.0303  0.0310  0.0289  0.0292
  0.0361  0.0318  0.0330  0.0345  0.0307  0.0312
  0.0436  0.0360  0.0370  0.0388  0.0344  0.0341
niter,ni,del,rscale     3    3   12.0000    1.2000
parameters
    0.2467   31.7597    4.4849  -16.9544   -1.3047   -0.6787
eta,q 0.97121  7.82149
  0.0423  0.0386  0.0351  0.0372  0.0344  0.0338
  0.0349  0.0334  0.0316  0.0330  0.0318  0.0310
  0.0302  0.0299  0.0295  0.0300  0.0296  0.0295
  0.0288  0.0288  0.0288  0.0288  0.0288  0.0288
  0.0303  0.0301  0.0298  0.0305  0.0290  0.0292
  0.0355  0.0328  0.0321  0.0338  0.0309  0.0311
  0.0431  0.0377  0.0360  0.0379  0.0347  0.0340
niter,ni,del,rscale     2    3   12.0000    1.2000
parameters
    0.2219   31.8122    4.4105  -17.0510   -1.2941   -0.6766
eta,q 0.97121  7.82172
  0.0426  0.0383  0.0354  0.0374  0.0343  0.0338
  0.0351  0.0331  0.0317  0.0330  0.0317  0.0311
  0.0303  0.0298  0.0295  0.0301  0.0296  0.0295
  0.0288  0.0288  0.0288  0.0288  0.0288  0.0288
  0.0302  0.0302  0.0297  0.0303  0.0290  0.0292
  0.0354  0.0330  0.0319  0.0335  0.0310  0.0311
  0.0428  0.0378  0.0357  0.0376  0.0349  0.0339
niter,ni,del,rscale     1    3   12.0000    1.2000
parameters
    0.2176   31.8373    4.3809  -17.0935   -1.2952   -0.6745
eta,q 0.97120  7.82182
  0.0427  0.0382  0.0355  0.0375  0.0343  0.0338
  0.0352  0.0330  0.0318  0.0331  0.0317  0.0311
  0.0304  0.0297  0.0295  0.0302  0.0295  0.0295
  0.0288  0.0288  0.0288  0.0288  0.0288  0.0288
  0.0302  0.0302  0.0297  0.0303  0.0290  0.0292
  0.0353  0.0330  0.0318  0.0334  0.0310  0.0311
  0.0427  0.0378  0.0356  0.0375  0.0349  0.0339
registration optimization eta report
parameter search radius
    6.0000    6.0000    6.0000    9.1253    6.0000    6.0000
100000*second partial in parameter space
       39.       25.       19.       10.       16.       14.
  0.0427  0.0382  0.0355  0.0375  0.0343  0.0338
  0.0352  0.0330  0.0318  0.0331  0.0317  0.0311
  0.0304  0.0297  0.0295  0.0302  0.0295  0.0295
  0.0288  0.0288  0.0288  0.0288  0.0288  0.0288
  0.0302  0.0302  0.0297  0.0303  0.0290  0.0292
  0.0353  0.0330  0.0318  0.0334  0.0310  0.0311
  0.0427  0.0378  0.0356  0.0375  0.0349  0.0339
    0.2176   31.8373    4.3809  -17.0935   -1.2952   -0.6745
eta,q 0.97120  7.82182

---------------------------------------------------------------------
imgreg_4dfp /opt/freesurfer/average/711-2C_as_mni_average_305 /opt/freesurfer/average/711-2B_as_mni_average_305_mask talsrcimg_g11 none talsrcimg_to_711-2C_as_mni_average_305_t4 3335
---------------------------------------------------------------------

freesurfer imgreg_4dfp.c
/opt/freesurfer/average/711-2C_as_mni_average_305.4dfp.img
       256       256       256         1
  1.000000  1.000000  1.000000
orientation T byte_order littleendian
Reading image: /opt/freesurfer/average/711-2C_as_mni_average_305.4dfp.img
dimensions:      256       256       256
mmppix:       1.0000   -1.0000   -1.0000
center:     128.0000 -129.0000 -129.0000
/opt/freesurfer/average/711-2B_as_mni_average_305_mask.4dfp.img
       256       256       256         1
  1.000000  1.000000  1.000000
orientation T byte_order littleendian
Reading mask: /opt/freesurfer/average/711-2B_as_mni_average_305_mask.4dfp.img (2306576 pixels)
talsrcimg_g11.4dfp.img
       256       256       256         1
  1.000000  1.000000  1.000000
orientation T byte_order littleendian
Reading image: talsrcimg_g11.4dfp.img
dimensions:      256       256       256
mmppix:       1.0000   -1.0000   -1.0000
center:     128.0000 -129.0000 -129.0000
fimgreg.f
image alignment mode   3335 decimal      D07 hex
parameters
    0.2176   31.8373    4.3809   -0.0325   -4.4162   -4.4418
    0.4609    2.5063   -1.1770   29.3657   -2.2603  -29.3856
eta,q 0.97222  7.82089
niter,ni,del,rscale     5    3    5.0000    1.2000
parameter  4 -0.603662 -> -0.500000 qaram    1.1500
parameter  5  0.678563 ->  0.500000 qaram    1.1500
parameters
    0.2017   32.2876    4.3029    4.1075   -8.5562   -6.2309
    1.3402    3.0504    0.5108   29.7269   -2.4638  -28.0866
eta,q 0.97435  7.74494
  0.0302  0.0303  0.0288  0.0309  0.0262  0.0270  0.0282  0.0295  0.0283  0.0277  0.0265  0.0270
  0.0288  0.0291  0.0282  0.0296  0.0260  0.0262  0.0270  0.0277  0.0271  0.0266  0.0260  0.0264
  0.0280  0.0282  0.0278  0.0285  0.0262  0.0258  0.0262  0.0264  0.0263  0.0259  0.0258  0.0259
  0.0278  0.0278  0.0277  0.0277  0.0270  0.0260  0.0258  0.0258  0.0258  0.0257  0.0257  0.0257
  0.0281  0.0277  0.0279  0.0271  0.0280  0.0265  0.0259  0.0260  0.0257  0.0259  0.0258  0.0257
  0.0289  0.0281  0.0283  0.0270  0.0294  0.0274  0.0264  0.0269  0.0260  0.0264  0.0261  0.0259
  0.0302  0.0289  0.0289  0.0275  0.0315  0.0293  0.0273  0.0286  0.0267  0.0273  0.0266  0.0263
niter,ni,del,rscale     6    3    5.0000    1.2000
parameters
    0.2971   32.7699    3.7167    3.6058   -9.7265   -7.5970
    0.9573    2.9882    0.6615   30.7663   -2.8294  -28.8047
eta,q 0.97465  7.66593
  0.0286  0.0285  0.0262  0.0280  0.0273  0.0266  0.0271  0.0284  0.0272  0.0276  0.0261  0.0262
  0.0270  0.0271  0.0257  0.0269  0.0262  0.0259  0.0261  0.0268  0.0262  0.0265  0.0257  0.0257
  0.0260  0.0262  0.0255  0.0260  0.0256  0.0254  0.0255  0.0257  0.0256  0.0257  0.0254  0.0254
  0.0256  0.0256  0.0256  0.0255  0.0255  0.0255  0.0254  0.0254  0.0254  0.0254  0.0254  0.0254
  0.0259  0.0256  0.0259  0.0257  0.0261  0.0260  0.0257  0.0258  0.0256  0.0255  0.0255  0.0255
  0.0267  0.0260  0.0266  0.0270  0.0272  0.0267  0.0264  0.0268  0.0261  0.0258  0.0258  0.0259
  0.0282  0.0269  0.0275  0.0292  0.0287  0.0281  0.0275  0.0285  0.0270  0.0266  0.0263  0.0265
niter,ni,del,rscale     5    3    5.0000    1.2000
parameters
    0.3180   33.0857    3.2282    3.6391  -10.5813   -8.2263
    0.8970    3.0158    0.7009   31.8546   -2.8317  -29.4534
eta,q 0.97479  7.63749
  0.0280  0.0279  0.0261  0.0279  0.0271  0.0268  0.0271  0.0283  0.0270  0.0274  0.0260  0.0260
  0.0266  0.0266  0.0256  0.0268  0.0261  0.0259  0.0261  0.0266  0.0260  0.0263  0.0256  0.0255
  0.0257  0.0258  0.0253  0.0259  0.0254  0.0253  0.0254  0.0256  0.0254  0.0255  0.0253  0.0253
  0.0253  0.0254  0.0253  0.0253  0.0253  0.0252  0.0252  0.0252  0.0252  0.0252  0.0252  0.0252
  0.0256  0.0254  0.0256  0.0253  0.0257  0.0256  0.0255  0.0256  0.0254  0.0253  0.0253  0.0254
  0.0265  0.0259  0.0263  0.0263  0.0267  0.0263  0.0261  0.0266  0.0260  0.0257  0.0256  0.0258
  0.0279  0.0269  0.0272  0.0283  0.0282  0.0275  0.0271  0.0282  0.0269  0.0263  0.0260  0.0264
niter,ni,del,rscale     4    3    5.0000    1.2000
parameters
    0.3115   33.3423    2.8848    3.6705  -11.3069   -8.5938
    0.8988    3.0291    0.7198   32.7862   -2.7772  -29.9385
eta,q 0.97486  7.61960
  0.0278  0.0277  0.0261  0.0277  0.0271  0.0268  0.0270  0.0281  0.0269  0.0272  0.0260  0.0260
  0.0264  0.0264  0.0255  0.0266  0.0260  0.0259  0.0260  0.0265  0.0259  0.0261  0.0255  0.0255
  0.0255  0.0256  0.0252  0.0258  0.0253  0.0253  0.0254  0.0255  0.0253  0.0254  0.0252  0.0252
  0.0252  0.0252  0.0252  0.0252  0.0252  0.0252  0.0251  0.0251  0.0251  0.0251  0.0251  0.0251
  0.0255  0.0253  0.0255  0.0252  0.0255  0.0255  0.0254  0.0255  0.0254  0.0252  0.0253  0.0253
  0.0264  0.0258  0.0260  0.0262  0.0265  0.0260  0.0260  0.0265  0.0259  0.0256  0.0255  0.0257
  0.0278  0.0268  0.0269  0.0282  0.0279  0.0272  0.0270  0.0281  0.0268  0.0263  0.0259  0.0262
niter,ni,del,rscale     3    3    5.0000    1.2000
parameters
    0.3061   33.5654    2.6359    3.6701  -11.8867   -8.8887
    0.9010    3.0558    0.7106   33.5064   -2.7234  -30.2899
eta,q 0.97489  7.60412
  0.0277  0.0275  0.0261  0.0276  0.0271  0.0268  0.0270  0.0281  0.0268  0.0270  0.0259  0.0260
  0.0263  0.0263  0.0255  0.0265  0.0260  0.0258  0.0260  0.0265  0.0259  0.0260  0.0255  0.0255
  0.0254  0.0255  0.0252  0.0257  0.0253  0.0252  0.0253  0.0255  0.0253  0.0253  0.0252  0.0252
  0.0251  0.0251  0.0251  0.0251  0.0251  0.0251  0.0251  0.0251  0.0251  0.0251  0.0251  0.0251
  0.0254  0.0253  0.0254  0.0251  0.0254  0.0254  0.0253  0.0254  0.0253  0.0252  0.0252  0.0253
  0.0263  0.0258  0.0259  0.0261  0.0264  0.0259  0.0260  0.0264  0.0259  0.0256  0.0255  0.0256
  0.0277  0.0268  0.0267  0.0281  0.0278  0.0271  0.0270  0.0281  0.0268  0.0263  0.0259  0.0261
niter,ni,del,rscale     2    3    5.0000    1.2000
parameters
    0.3084   33.7473    2.4271    3.6658  -12.3241   -9.1517
    0.8955    3.0931    0.6878   34.0552   -2.6814  -30.5460
eta,q 0.97490  7.59134
  0.0276  0.0274  0.0261  0.0276  0.0271  0.0267  0.0269  0.0281  0.0268  0.0269  0.0259  0.0260
  0.0262  0.0262  0.0255  0.0265  0.0260  0.0258  0.0260  0.0265  0.0258  0.0259  0.0255  0.0255
  0.0254  0.0254  0.0252  0.0257  0.0253  0.0252  0.0253  0.0255  0.0253  0.0253  0.0252  0.0252
  0.0251  0.0251  0.0251  0.0251  0.0251  0.0251  0.0251  0.0251  0.0251  0.0251  0.0251  0.0251
  0.0254  0.0252  0.0253  0.0251  0.0254  0.0253  0.0253  0.0254  0.0253  0.0252  0.0252  0.0253
  0.0262  0.0258  0.0258  0.0261  0.0263  0.0259  0.0260  0.0264  0.0259  0.0256  0.0255  0.0256
  0.0276  0.0268  0.0266  0.0281  0.0277  0.0270  0.0269  0.0281  0.0267  0.0264  0.0259  0.0261
niter,ni,del,rscale     1    3    5.0000    1.2000
parameters
    0.3170   33.8836    2.2663    3.6652  -12.6346   -9.3485
    0.8763    3.1342    0.6769   34.4307   -2.6492  -30.7362
eta,q 0.97491  7.58188
  0.0276  0.0273  0.0261  0.0275  0.0272  0.0267  0.0269  0.0281  0.0268  0.0268  0.0259  0.0260
  0.0262  0.0261  0.0255  0.0265  0.0261  0.0258  0.0259  0.0265  0.0258  0.0259  0.0255  0.0255
  0.0254  0.0254  0.0252  0.0257  0.0253  0.0252  0.0253  0.0255  0.0253  0.0253  0.0252  0.0252
  0.0251  0.0251  0.0251  0.0251  0.0251  0.0251  0.0251  0.0251  0.0251  0.0251  0.0251  0.0251
  0.0254  0.0252  0.0253  0.0251  0.0253  0.0253  0.0253  0.0254  0.0253  0.0253  0.0252  0.0252
  0.0262  0.0258  0.0257  0.0260  0.0262  0.0258  0.0260  0.0264  0.0259  0.0257  0.0255  0.0256
  0.0276  0.0269  0.0265  0.0280  0.0276  0.0270  0.0269  0.0280  0.0267  0.0265  0.0259  0.0261
registration optimization eta report
parameter search radius
    2.4000    2.4000    2.4000    8.2800    8.2800    7.2000
    7.2000    7.2000    7.2000    7.2000    7.2000    7.2000
100000*second partial in parameter space
       43.       34.       21.        4.        3.        3.
        3.        6.        3.        3.        2.        2.
  0.0276  0.0273  0.0261  0.0275  0.0272  0.0267  0.0269  0.0281  0.0268  0.0268  0.0259  0.0260
  0.0262  0.0261  0.0255  0.0265  0.0261  0.0258  0.0259  0.0265  0.0258  0.0259  0.0255  0.0255
  0.0254  0.0254  0.0252  0.0257  0.0253  0.0252  0.0253  0.0255  0.0253  0.0253  0.0252  0.0252
  0.0251  0.0251  0.0251  0.0251  0.0251  0.0251  0.0251  0.0251  0.0251  0.0251  0.0251  0.0251
  0.0254  0.0252  0.0253  0.0251  0.0253  0.0253  0.0253  0.0254  0.0253  0.0253  0.0252  0.0252
  0.0262  0.0258  0.0257  0.0260  0.0262  0.0258  0.0260  0.0264  0.0259  0.0257  0.0255  0.0256
  0.0276  0.0269  0.0265  0.0280  0.0276  0.0270  0.0269  0.0280  0.0267  0.0265  0.0259  0.0261
    0.3170   33.8836    2.2663    3.6652  -12.6346   -9.3485
    0.8763    3.1342    0.6769   34.4307   -2.6492  -30.7362
eta,q 0.97491  7.58188

---------------------------------------------------------------------
imgreg_4dfp /opt/freesurfer/average/711-2C_as_mni_average_305 /opt/freesurfer/average/711-2B_as_mni_average_305_mask talsrcimg_g11 none talsrcimg_to_711-2C_as_mni_average_305_t4 2311
---------------------------------------------------------------------

freesurfer imgreg_4dfp.c
/opt/freesurfer/average/711-2C_as_mni_average_305.4dfp.img
       256       256       256         1
  1.000000  1.000000  1.000000
orientation T byte_order littleendian
Reading image: /opt/freesurfer/average/711-2C_as_mni_average_305.4dfp.img
dimensions:      256       256       256
mmppix:       1.0000   -1.0000   -1.0000
center:     128.0000 -129.0000 -129.0000
/opt/freesurfer/average/711-2B_as_mni_average_305_mask.4dfp.img
       256       256       256         1
  1.000000  1.000000  1.000000
orientation T byte_order littleendian
Reading mask: /opt/freesurfer/average/711-2B_as_mni_average_305_mask.4dfp.img (2306576 pixels)
talsrcimg_g11.4dfp.img
       256       256       256         1
  1.000000  1.000000  1.000000
orientation T byte_order littleendian
Reading image: talsrcimg_g11.4dfp.img
dimensions:      256       256       256
mmppix:       1.0000   -1.0000   -1.0000
center:     128.0000 -129.0000 -129.0000
fimgreg.f
image alignment mode   2311 decimal      907 hex
parameters
    0.3170   33.8836    2.2663    3.6652  -12.6346   -9.3485
    0.8763    3.1342    0.6769   34.4307   -2.6492  -30.7362
eta,q 0.97491  7.58187
niter,ni,del,rscale     5    3    5.0000    0.8000
parameters
    0.3256   33.9801    2.1718    4.6699  -12.6995   -9.3121
    0.8328    3.2892    0.6223   34.5593   -2.6212  -30.7342
eta,q 0.97500  7.61095
  0.0262  0.0261  0.0256  0.0262  0.0258  0.0257  0.0259  0.0265  0.0258  0.0257  0.0254  0.0255
  0.0256  0.0256  0.0253  0.0258  0.0253  0.0253  0.0254  0.0257  0.0253  0.0253  0.0252  0.0252
  0.0252  0.0252  0.0251  0.0254  0.0251  0.0250  0.0251  0.0252  0.0251  0.0250  0.0250  0.0251
  0.0251  0.0251  0.0251  0.0251  0.0250  0.0250  0.0250  0.0250  0.0250  0.0250  0.0250  0.0250
  0.0252  0.0252  0.0252  0.0250  0.0251  0.0251  0.0251  0.0251  0.0251  0.0251  0.0250  0.0250
  0.0256  0.0254  0.0254  0.0252  0.0253  0.0253  0.0254  0.0256  0.0254  0.0253  0.0252  0.0252
  0.0262  0.0259  0.0257  0.0257  0.0258  0.0257  0.0259  0.0263  0.0258  0.0256  0.0254  0.0254
niter,ni,del,rscale     4    3    5.0000    0.7000
parameters
    0.3183   33.9936    2.1337    4.7308  -12.6916   -9.3526
    0.8214    3.3139    0.6063   34.5392   -2.6374  -30.7453
eta,q 0.97501  7.61125
  0.0259  0.0257  0.0254  0.0258  0.0256  0.0255  0.0257  0.0261  0.0256  0.0255  0.0253  0.0253
  0.0254  0.0253  0.0252  0.0254  0.0253  0.0252  0.0253  0.0255  0.0253  0.0252  0.0251  0.0252
  0.0251  0.0251  0.0250  0.0251  0.0251  0.0250  0.0251  0.0251  0.0251  0.0250  0.0250  0.0250
  0.0250  0.0250  0.0250  0.0250  0.0250  0.0250  0.0250  0.0250  0.0250  0.0250  0.0250  0.0250
  0.0251  0.0251  0.0250  0.0250  0.0250  0.0251  0.0251  0.0251  0.0251  0.0251  0.0250  0.0250
  0.0254  0.0253  0.0252  0.0253  0.0252  0.0252  0.0253  0.0255  0.0253  0.0252  0.0251  0.0252
  0.0259  0.0257  0.0254  0.0258  0.0256  0.0255  0.0257  0.0261  0.0256  0.0255  0.0253  0.0253
niter,ni,del,rscale     3    3    5.0000    0.6000
parameters
    0.3204   33.9906    2.1276    4.8536  -12.6844   -9.4208
    0.8110    3.3253    0.5955   34.4295   -2.6791  -30.6861
eta,q 0.97502  7.61026
  0.0257  0.0255  0.0253  0.0256  0.0254  0.0254  0.0255  0.0258  0.0254  0.0253  0.0252  0.0253
  0.0253  0.0252  0.0251  0.0253  0.0252  0.0251  0.0252  0.0254  0.0252  0.0251  0.0251  0.0251
  0.0251  0.0251  0.0250  0.0251  0.0250  0.0250  0.0250  0.0251  0.0250  0.0250  0.0250  0.0250
  0.0250  0.0250  0.0250  0.0250  0.0250  0.0250  0.0250  0.0250  0.0250  0.0250  0.0250  0.0250
  0.0251  0.0250  0.0250  0.0250  0.0250  0.0251  0.0250  0.0251  0.0250  0.0251  0.0250  0.0250
  0.0253  0.0252  0.0251  0.0252  0.0252  0.0252  0.0252  0.0254  0.0252  0.0252  0.0251  0.0251
  0.0256  0.0255  0.0253  0.0256  0.0254  0.0254  0.0255  0.0258  0.0254  0.0254  0.0252  0.0252
niter,ni,del,rscale     2    3    5.0000    0.5000
parameters
    0.3206   33.9796    2.1320    4.9514  -12.6723   -9.5335
    0.8092    3.3205    0.5706   34.2728   -2.7285  -30.5873
eta,q 0.97503  7.60625
  0.0254  0.0253  0.0252  0.0254  0.0253  0.0252  0.0253  0.0256  0.0253  0.0252  0.0251  0.0252
  0.0252  0.0251  0.0251  0.0252  0.0251  0.0251  0.0251  0.0252  0.0251  0.0251  0.0250  0.0251
  0.0250  0.0250  0.0250  0.0251  0.0250  0.0250  0.0250  0.0250  0.0250  0.0250  0.0250  0.0250
  0.0250  0.0250  0.0250  0.0250  0.0250  0.0250  0.0250  0.0250  0.0250  0.0250  0.0250  0.0250
  0.0250  0.0250  0.0250  0.0250  0.0250  0.0250  0.0250  0.0250  0.0250  0.0250  0.0250  0.0250
  0.0252  0.0251  0.0251  0.0251  0.0251  0.0251  0.0251  0.0252  0.0251  0.0251  0.0250  0.0251
  0.0254  0.0253  0.0252  0.0254  0.0253  0.0253  0.0253  0.0256  0.0253  0.0253  0.0251  0.0252
niter,ni,del,rscale     1    3    5.0000    0.4000
parameters
    0.3209   33.9669    2.1314    5.0494  -12.6337   -9.6973
    0.8201    3.3044    0.5529   34.1033   -2.7724  -30.4631
eta,q 0.97503  7.60098
  0.0253  0.0252  0.0251  0.0253  0.0252  0.0251  0.0252  0.0253  0.0252  0.0251  0.0251  0.0251
  0.0251  0.0251  0.0250  0.0251  0.0251  0.0250  0.0251  0.0251  0.0251  0.0250  0.0250  0.0250
  0.0250  0.0250  0.0250  0.0250  0.0250  0.0250  0.0250  0.0250  0.0250  0.0250  0.0250  0.0250
  0.0250  0.0250  0.0250  0.0250  0.0250  0.0250  0.0250  0.0250  0.0250  0.0250  0.0250  0.0250
  0.0250  0.0250  0.0250  0.0250  0.0250  0.0250  0.0250  0.0250  0.0250  0.0250  0.0250  0.0250
  0.0251  0.0251  0.0250  0.0251  0.0251  0.0251  0.0251  0.0251  0.0251  0.0251  0.0250  0.0250
  0.0253  0.0252  0.0251  0.0252  0.0252  0.0252  0.0252  0.0254  0.0252  0.0252  0.0251  0.0251
registration optimization eta report
parameter search radius
    0.8000    0.8000    0.8000    2.4000    2.4000    2.4000
    2.4000    2.4000    2.4000    2.4000    2.4000    2.4000
100000*second partial in parameter space
       46.       35.       22.        5.        3.        3.
        4.        6.        4.        3.        2.        2.
  0.0253  0.0252  0.0251  0.0253  0.0252  0.0251  0.0252  0.0253  0.0252  0.0251  0.0251  0.0251
  0.0251  0.0251  0.0250  0.0251  0.0251  0.0250  0.0251  0.0251  0.0251  0.0250  0.0250  0.0250
  0.0250  0.0250  0.0250  0.0250  0.0250  0.0250  0.0250  0.0250  0.0250  0.0250  0.0250  0.0250
  0.0250  0.0250  0.0250  0.0250  0.0250  0.0250  0.0250  0.0250  0.0250  0.0250  0.0250  0.0250
  0.0250  0.0250  0.0250  0.0250  0.0250  0.0250  0.0250  0.0250  0.0250  0.0250  0.0250  0.0250
  0.0251  0.0251  0.0250  0.0251  0.0251  0.0251  0.0251  0.0251  0.0251  0.0251  0.0250  0.0250
  0.0253  0.0252  0.0251  0.0252  0.0252  0.0252  0.0252  0.0254  0.0252  0.0252  0.0251  0.0251
    0.3209   33.9669    2.1314    5.0494  -12.6337   -9.6973
    0.8201    3.3044    0.5529   34.1033   -2.7724  -30.4631
eta,q 0.97503  7.60098

---------------------------------------------------------------------
imgreg_4dfp /opt/freesurfer/average/711-2C_as_mni_average_305 /opt/freesurfer/average/711-2B_as_mni_average_305_mask talsrcimg_g11 none talsrcimg_to_711-2C_as_mni_average_305_t4 2311
---------------------------------------------------------------------

freesurfer imgreg_4dfp.c
/opt/freesurfer/average/711-2C_as_mni_average_305.4dfp.img
       256       256       256         1
  1.000000  1.000000  1.000000
orientation T byte_order littleendian
Reading image: /opt/freesurfer/average/711-2C_as_mni_average_305.4dfp.img
dimensions:      256       256       256
mmppix:       1.0000   -1.0000   -1.0000
center:     128.0000 -129.0000 -129.0000
/opt/freesurfer/average/711-2B_as_mni_average_305_mask.4dfp.img
       256       256       256         1
  1.000000  1.000000  1.000000
orientation T byte_order littleendian
Reading mask: /opt/freesurfer/average/711-2B_as_mni_average_305_mask.4dfp.img (2306576 pixels)
talsrcimg_g11.4dfp.img
       256       256       256         1
  1.000000  1.000000  1.000000
orientation T byte_order littleendian
Reading image: talsrcimg_g11.4dfp.img
dimensions:      256       256       256
mmppix:       1.0000   -1.0000   -1.0000
center:     128.0000 -129.0000 -129.0000
fimgreg.f
image alignment mode   2311 decimal      907 hex
parameters
    0.3209   33.9669    2.1314    5.0494  -12.6337   -9.6973
    0.8201    3.3044    0.5529   34.1033   -2.7724  -30.4631
eta,q 0.97503  7.60098
niter,ni,del,rscale     5    3    5.0000    0.8000
parameters
    0.3363   33.9473    2.1099    4.6372  -12.6221   -9.5419
    0.8022    3.2990    0.6187   34.4080   -2.6400  -30.6726
eta,q 0.97501  7.60190
  0.0262  0.0258  0.0255  0.0258  0.0258  0.0258  0.0259  0.0264  0.0258  0.0258  0.0254  0.0254
  0.0255  0.0254  0.0252  0.0254  0.0253  0.0253  0.0254  0.0256  0.0254  0.0253  0.0252  0.0252
  0.0251  0.0251  0.0250  0.0251  0.0251  0.0250  0.0251  0.0251  0.0251  0.0251  0.0250  0.0250
  0.0250  0.0250  0.0250  0.0250  0.0250  0.0250  0.0250  0.0250  0.0250  0.0250  0.0250  0.0250
  0.0251  0.0251  0.0250  0.0251  0.0251  0.0251  0.0251  0.0252  0.0251  0.0251  0.0250  0.0251
  0.0255  0.0254  0.0252  0.0255  0.0253  0.0253  0.0254  0.0256  0.0253  0.0253  0.0252  0.0252
  0.0261  0.0259  0.0256  0.0263  0.0258  0.0257  0.0259  0.0264  0.0257  0.0256  0.0254  0.0255
niter,ni,del,rscale     4    3    5.0000    0.7000
parameters
    0.3301   33.9778    2.1061    4.7384  -12.6686   -9.4542
    0.8088    3.3221    0.6034   34.4773   -2.6338  -30.7173
eta,q 0.97502  7.60749
  0.0259  0.0257  0.0254  0.0258  0.0256  0.0256  0.0257  0.0261  0.0256  0.0255  0.0253  0.0253
  0.0254  0.0253  0.0252  0.0254  0.0252  0.0252  0.0253  0.0255  0.0253  0.0252  0.0251  0.0251
  0.0251  0.0251  0.0250  0.0251  0.0250  0.0250  0.0251  0.0251  0.0251  0.0250  0.0250  0.0250
  0.0250  0.0250  0.0250  0.0250  0.0250  0.0250  0.0250  0.0250  0.0250  0.0250  0.0250  0.0250
  0.0251  0.0251  0.0250  0.0250  0.0251  0.0251  0.0251  0.0251  0.0251  0.0251  0.0250  0.0250
  0.0254  0.0253  0.0252  0.0253  0.0253  0.0252  0.0253  0.0255  0.0253  0.0252  0.0251  0.0252
  0.0259  0.0257  0.0254  0.0258  0.0256  0.0255  0.0257  0.0261  0.0256  0.0255  0.0253  0.0253
niter,ni,del,rscale     3    3    5.0000    0.6000
parameters
    0.3252   33.9852    2.1151    4.8561  -12.6829   -9.4672
    0.8070    3.3254    0.5986   34.4090   -2.6795  -30.6838
eta,q 0.97502  7.60845
  0.0256  0.0255  0.0253  0.0256  0.0254  0.0254  0.0255  0.0258  0.0254  0.0254  0.0252  0.0253
  0.0253  0.0252  0.0251  0.0253  0.0252  0.0251  0.0252  0.0254  0.0252  0.0251  0.0251  0.0251
  0.0251  0.0251  0.0250  0.0251  0.0250  0.0250  0.0250  0.0251  0.0250  0.0250  0.0250  0.0250
  0.0250  0.0250  0.0250  0.0250  0.0250  0.0250  0.0250  0.0250  0.0250  0.0250  0.0250  0.0250
  0.0251  0.0250  0.0250  0.0250  0.0250  0.0250  0.0250  0.0251  0.0250  0.0251  0.0250  0.0250
  0.0253  0.0252  0.0251  0.0252  0.0252  0.0252  0.0252  0.0254  0.0252  0.0252  0.0251  0.0251
  0.0256  0.0255  0.0253  0.0256  0.0254  0.0254  0.0255  0.0258  0.0254  0.0254  0.0252  0.0252
niter,ni,del,rscale     2    3    5.0000    0.5000
parameters
    0.3208   33.9832    2.1270    4.9532  -12.6682   -9.5630
    0.8126    3.3163    0.5586   34.2596   -2.7141  -30.5708
eta,q 0.97503  7.60513
  0.0254  0.0253  0.0252  0.0254  0.0253  0.0253  0.0253  0.0256  0.0253  0.0252  0.0251  0.0252
  0.0252  0.0251  0.0251  0.0252  0.0251  0.0251  0.0251  0.0252  0.0251  0.0251  0.0250  0.0251
  0.0250  0.0250  0.0250  0.0251  0.0250  0.0250  0.0250  0.0250  0.0250  0.0250  0.0250  0.0250
  0.0250  0.0250  0.0250  0.0250  0.0250  0.0250  0.0250  0.0250  0.0250  0.0250  0.0250  0.0250
  0.0250  0.0250  0.0250  0.0250  0.0250  0.0250  0.0250  0.0250  0.0250  0.0250  0.0250  0.0250
  0.0252  0.0251  0.0251  0.0251  0.0251  0.0251  0.0251  0.0252  0.0251  0.0251  0.0251  0.0250
  0.0254  0.0253  0.0252  0.0254  0.0253  0.0253  0.0253  0.0256  0.0253  0.0253  0.0251  0.0251
niter,ni,del,rscale     1    3    5.0000    0.4000
parameters
    0.3190   33.9642    2.1319    5.0506  -12.6371   -9.7042
    0.7995    3.3025    0.5524   34.1006   -2.7843  -30.4703
eta,q 0.97503  7.60075
  0.0253  0.0252  0.0251  0.0253  0.0252  0.0251  0.0252  0.0253  0.0252  0.0251  0.0251  0.0251
  0.0251  0.0251  0.0250  0.0251  0.0251  0.0250  0.0251  0.0251  0.0251  0.0250  0.0250  0.0250
  0.0250  0.0250  0.0250  0.0250  0.0250  0.0250  0.0250  0.0250  0.0250  0.0250  0.0250  0.0250
  0.0250  0.0250  0.0250  0.0250  0.0250  0.0250  0.0250  0.0250  0.0250  0.0250  0.0250  0.0250
  0.0250  0.0250  0.0250  0.0250  0.0250  0.0250  0.0250  0.0250  0.0250  0.0250  0.0250  0.0250
  0.0251  0.0251  0.0250  0.0251  0.0251  0.0251  0.0251  0.0251  0.0251  0.0251  0.0250  0.0250
  0.0253  0.0252  0.0251  0.0252  0.0252  0.0252  0.0252  0.0253  0.0252  0.0252  0.0251  0.0251
registration optimization eta report
parameter search radius
    0.8000    0.8000    0.8000    2.4000    2.4000    2.4000
    2.4000    2.4000    2.4000    2.4000    2.4000    2.4000
100000*second partial in parameter space
       46.       35.       22.        5.        3.        3.
        4.        7.        4.        3.        2.        2.
  0.0253  0.0252  0.0251  0.0253  0.0252  0.0251  0.0252  0.0253  0.0252  0.0251  0.0251  0.0251
  0.0251  0.0251  0.0250  0.0251  0.0251  0.0250  0.0251  0.0251  0.0251  0.0250  0.0250  0.0250
  0.0250  0.0250  0.0250  0.0250  0.0250  0.0250  0.0250  0.0250  0.0250  0.0250  0.0250  0.0250
  0.0250  0.0250  0.0250  0.0250  0.0250  0.0250  0.0250  0.0250  0.0250  0.0250  0.0250  0.0250
  0.0250  0.0250  0.0250  0.0250  0.0250  0.0250  0.0250  0.0250  0.0250  0.0250  0.0250  0.0250
  0.0251  0.0251  0.0250  0.0251  0.0251  0.0251  0.0251  0.0251  0.0251  0.0251  0.0250  0.0250
  0.0253  0.0252  0.0251  0.0252  0.0252  0.0252  0.0252  0.0253  0.0252  0.0252  0.0251  0.0251
    0.3190   33.9642    2.1319    5.0506  -12.6371   -9.7042
    0.7995    3.3025    0.5524   34.1006   -2.7843  -30.4703
eta,q 0.97503  7.60075

---------------------------------------------------------------------
compute_vox2vox talsrcimg talsrcimg_to_711-2C_as_mni_average_305_t4 /opt/freesurfer/average/711-2C_as_mni_average_305
---------------------------------------------------------------------

freesurfer compute_vox2vox.c
Reading: talsrcimg.4dfp.ifh
Reading: talsrcimg_to_711-2C_as_mni_average_305_t4
Reading: /opt/freesurfer/average/711-2C_as_mni_average_305.4dfp.ifh
Writing: talsrcimg_to_711-2C_as_mni_average_305_t4_vox2vox.txt

start time Sun Mar 15 08:14:16 CET 2026
end		time Sun Mar 15 08:14:30 CET 2026

mpr2mni305 success

avi2talxfm orig_nu.mgz /opt/freesurfer/average/mni305.cor.mgz talsrcimg_to_711-2C_as_mni_average_305_t4_vox2vox.txt transforms/talairach.auto.xfm
avi2talxfm done
mv -f /out/sourcedata/freesurfer/sub-v2s10x28958_ses-1/mri/talsrcimg_to_711-2C_as_mni_average_305_t4_vox2vox.txt /out/sourcedata/freesurfer/sub-v2s10x28958_ses-1/mri/transforms/talsrcimg_to_711-2C_as_mni_average_305_t4_vox2vox.txt
lta_convert --src orig_nu.mgz --trg /opt/freesurfer/average/mni305.cor.mgz --inxfm transforms/talairach.auto.xfm --outlta transforms/talairach.auto.xfm.lta --subject fsaverage
7.3.2

--src: orig_nu.mgz src image (geometry).
--trg: /opt/freesurfer/average/mni305.cor.mgz trg image (geometry).
--inmni: transforms/talairach.auto.xfm input MNI/XFM transform.
--outlta: transforms/talairach.auto.xfm.lta output LTA.
--s: fsaverage subject name
 LTA read, type : 1
 0.95128  -0.02784  -0.01842   4.34233;
 0.02413   0.97787   0.34084  -31.44781;
-0.01543  -0.38152   1.01173  -1.83513;
 0.00000   0.00000   0.00000   1.00000;
setting subject to fsaverage
Writing  LTA to file transforms/talairach.auto.xfm.lta...
lta_convert successful.
 
 
Started at Sun Mar 15 08:14:16 CET 2026
Ended   at Sun Mar 15 08:14:30 CET 2026
talairach_avi done
