/out/sourcedata/freesurfer/sub-v2s10x28946_ses-1/mri
/opt/freesurfer/bin/talairach_avi
--i orig_nu.mgz --xfm transforms/talairach.auto.xfm
talairach_avi 7.3.2
Linux dna076 5.14.0-427.37.1.el9_4.x86_64 #1 SMP PREEMPT_DYNAMIC Fri Sep 13 12:41:50 EDT 2024 x86_64 x86_64 x86_64 GNU/Linux
Sun Mar 15 08:14:04 CET 2026
mri_convert orig_nu.mgz talsrcimg.img 
reading from orig_nu.mgz...
TR=0.00, TE=0.00, TI=0.00, flip angle=0.00
i_ras = (-1, 0, 0)
j_ras = (0, 0, -1)
k_ras = (0, 1, 0)
writing to talsrcimg.img...
Analyze Output Matrix
-1.00000   0.00000   0.00000   120.16772;
 0.00000   0.00000   1.00000  -120.22318;
 0.00000  -1.00000   0.00000   117.95862;
 0.00000   0.00000   0.00000   1.00000;
--------------------
INFO: set hdr.hist.orient to -1
mpr2mni305 talsrcimg
Sun Mar 15 08:14:04 CET 2026
/opt/freesurfer/bin/mpr2mni305 talsrcimg
mpr2mni305 7.3.2
target=711-2C_as_mni_average_305

---------------------------------------------------------------------
analyzeto4dfp talsrcimg -O0 -y
---------------------------------------------------------------------

freesurfer ifh2hdr.c
Sun Mar 15 08:14:04 2026
Writing: talsrcimg.4dfp.hdr
freesurfer analyzeto4dfp.c
Reading: talsrcimg.hdr
header size 348 bytes
hdr.dime.datatype	offset=70	value=2
hdr.dime.bitpix		offset=72	value=8
hdr.hist.orient		offset=252	value=-1
dimensionality     4
dimensions       256       256       256         1
Reading: talsrcimg.img
Writing: talsrcimg.4dfp.img
Writing: talsrcimg.4dfp.ifh
ifh2hdr talsrcimg -r0to199
ori=2

---------------------------------------------------------------------
gauss_4dfp talsrcimg 1.1
---------------------------------------------------------------------

freesurfer gauss_4dfp.c
Reading: talsrcimg.4dfp.img
Writing: talsrcimg_g11.4dfp.img
image dimensions 256 256 256 padded to 288 288 288
processing volume 1freesurfer ifh2hdr.c
Sun Mar 15 08:14:06 2026
Writing: talsrcimg_g11.4dfp.hdr

Writing: talsrcimg_g11.4dfp.ifh
including: talsrcimg.4dfp.img.rec in talsrcimg_g11.4dfp.img.rec

---------------------------------------------------------------------
imgreg_4dfp /opt/freesurfer/average/711-2C_as_mni_average_305 none talsrcimg_g11 none talsrcimg_to_711-2C_as_mni_average_305_t4 4355
---------------------------------------------------------------------

freesurfer imgreg_4dfp.c
/opt/freesurfer/average/711-2C_as_mni_average_305.4dfp.img
       256       256       256         1
  1.000000  1.000000  1.000000
orientation T byte_order littleendian
Reading image: /opt/freesurfer/average/711-2C_as_mni_average_305.4dfp.img
dimensions:      256       256       256
mmppix:       1.0000   -1.0000   -1.0000
center:     128.0000 -129.0000 -129.0000
talsrcimg_g11.4dfp.img
       256       256       256         1
  1.000000  1.000000  1.000000
orientation T byte_order littleendian
Reading image: talsrcimg_g11.4dfp.img
dimensions:      256       256       256
mmppix:       1.0000   -1.0000   -1.0000
center:     128.0000 -129.0000 -129.0000
t4_read: open error in t4_sub.f l:  41 t4_file(1:l)talsrcimg_to_711-2C_as_mni_average_305_t4 
t4_read: transform initialized to I4
rotation matrix determinant  1.000000
image alignment mode   4355 decimal     1103 hex
   -7.5000  -45.0000  -45.0000 5624.1328   20.2855
    0.0000  -45.0000  -45.0000 5917.1655   20.3451
    7.5000  -45.0000  -45.0000 5733.1089   20.3844
   -7.5000  -37.5000  -45.0000 6221.2686   19.7284
    0.0000  -37.5000  -45.0000 6534.9370   19.7871
    7.5000  -37.5000  -45.0000 6323.4341   19.8282
   -7.5000  -30.0000  -45.0000 7100.4834   19.3326
    0.0000  -30.0000  -45.0000 7456.0596   19.3948
    7.5000  -30.0000  -45.0000 7203.1133   19.4330
   -7.5000  -22.5000  -45.0000 8006.9385   19.2621
    0.0000  -22.5000  -45.0000 8428.9346   19.3287
    7.5000  -22.5000  -45.0000 8139.1338   19.3631
   -7.5000  -15.0000  -45.0000 8920.2686   19.3021
    0.0000  -15.0000  -45.0000 9381.2637   19.3683
    7.5000  -15.0000  -45.0000 9060.9844   19.3988
   -7.5000   -7.5000  -45.0000 9867.5088   19.3308
    0.0000   -7.5000  -45.000010362.7812   19.3917
    7.5000   -7.5000  -45.000010010.0762   19.4230
   -7.5000    0.0000  -45.000010713.0674   19.2934
    0.0000    0.0000  -45.000011226.6309   19.3487
    7.5000    0.0000  -45.000010819.8682   19.3847
   -7.5000    7.5000  -45.000010638.5830   19.2229
    0.0000    7.5000  -45.000011123.5625   19.2785
    7.5000    7.5000  -45.000010702.8652   19.3171
   -7.5000   15.0000  -45.000010473.3555   19.1849
    0.0000   15.0000  -45.000010964.0547   19.2462
    7.5000   15.0000  -45.000010539.5781   19.2839
   -7.5000   22.5000  -45.000010298.5684   19.2238
    0.0000   22.5000  -45.000010777.2334   19.2901
    7.5000   22.5000  -45.000010350.8398   19.3244
   -7.5000   30.0000  -45.000010037.2305   19.0448
    0.0000   30.0000  -45.000010498.7363   19.1101
    7.5000   30.0000  -45.000010093.1465   19.1402
   -7.5000   37.5000  -45.000010068.1230   19.0732
    0.0000   37.5000  -45.000010538.9717   19.1333
    7.5000   37.5000  -45.000010119.5186   19.1642
   -7.5000   45.0000  -45.0000 9690.6338   18.5529
    0.0000   45.0000  -45.000010133.8623   18.6061
    7.5000   45.0000  -45.0000 9700.7695   18.6407
   -7.5000  -45.0000  -37.5000 6015.4150   20.2264
    0.0000  -45.0000  -37.5000 6318.9609   20.2765
    7.5000  -45.0000  -37.5000 6124.9258   20.3100
   -7.5000  -37.5000  -37.5000 6644.6675   19.6713
    0.0000  -37.5000  -37.5000 6981.2295   19.7220
    7.5000  -37.5000  -37.5000 6753.5371   19.7561
   -7.5000  -30.0000  -37.5000 7564.2559   19.2719
    0.0000  -30.0000  -37.5000 7964.5850   19.3269
    7.5000  -30.0000  -37.5000 7703.2422   19.3587
   -7.5000  -22.5000  -37.5000 8574.7266   19.1976
    0.0000  -22.5000  -37.5000 9021.7549   19.2556
    7.5000  -22.5000  -37.5000 8714.4092   19.2845
   -7.5000  -15.0000  -37.5000 9569.9043   19.2375
    0.0000  -15.0000  -37.500010050.2549   19.2943
    7.5000  -15.0000  -37.5000 9699.9180   19.3203
   -7.5000   -7.5000  -37.500010555.7148   19.2714
    0.0000   -7.5000  -37.500011075.8506   19.3231
    7.5000   -7.5000  -37.500010672.4668   19.3500
   -7.5000    0.0000  -37.500011450.9102   19.2386
    0.0000    0.0000  -37.500011971.0586   19.2851
    7.5000    0.0000  -37.500011503.5186   19.3155
   -7.5000    7.5000  -37.500011346.8701   19.1668
    0.0000    7.5000  -37.500011840.1660   19.2148
    7.5000    7.5000  -37.500011389.9717   19.2469
   -7.5000   15.0000  -37.500011135.7871   19.1242
    0.0000   15.0000  -37.500011634.7871   19.1783
    7.5000   15.0000  -37.500011190.2090   19.2098
   -7.5000   22.5000  -37.500010935.0098   19.1591
    0.0000   22.5000  -37.500011414.5508   19.2170
    7.5000   22.5000  -37.500010959.5664   19.2458
   -7.5000   30.0000  -37.500010656.9883   18.9810
    0.0000   30.0000  -37.500011116.4961   19.0371
    7.5000   30.0000  -37.500010667.8926   19.0627
   -7.5000   37.5000  -37.500010679.8350   19.0146
    0.0000   37.5000  -37.500011161.2754   19.0656
    7.5000   37.5000  -37.500010686.4971   19.0921
   -7.5000   45.0000  -37.500010268.6465   18.5002
    0.0000   45.0000  -37.500010727.9941   18.5449
    7.5000   45.0000  -37.500010221.5615   18.5742
   -7.5000  -45.0000  -30.0000 6498.7910   21.0487
    0.0000  -45.0000  -30.0000 6821.8770   21.0981
    7.5000  -45.0000  -30.0000 6612.5073   21.1298
   -7.5000  -37.5000  -30.0000 7188.1602   20.4746
    0.0000  -37.5000  -30.0000 7548.7031   20.5244
    7.5000  -37.5000  -30.0000 7300.3804   20.5547
   -7.5000  -30.0000  -30.0000 8208.4551   20.0546
    0.0000  -30.0000  -30.0000 8635.3408   20.1073
    7.5000  -30.0000  -30.0000 8335.9326   20.1356
   -7.5000  -22.5000  -30.0000 9316.4492   19.9697
    0.0000  -22.5000  -30.0000 9787.8027   20.0251
    7.5000  -22.5000  -30.0000 9436.3848   20.0520
   -7.5000  -15.0000  -30.000010377.6152   20.0072
    0.0000  -15.0000  -30.000010881.2432   20.0627
    7.5000  -15.0000  -30.000010482.0010   20.0887
   -7.5000   -7.5000  -30.000011396.1611   20.0488
    0.0000   -7.5000  -30.000011954.5088   20.0999
    7.5000   -7.5000  -30.000011510.0029   20.1272
   -7.5000    0.0000  -30.000012322.2285   20.0227
    0.0000    0.0000  -30.000012892.7812   20.0688
    7.5000    0.0000  -30.000012397.0615   20.0976
   -7.5000    7.5000  -30.000012215.6611   19.9493
    0.0000    7.5000  -30.000012746.3672   19.9963
    7.5000    7.5000  -30.000012270.9365   20.0252
   -7.5000   15.0000  -30.000012007.2588   19.9009
    0.0000   15.0000  -30.000012540.6035   19.9528
    7.5000   15.0000  -30.000012041.2441   19.9808
   -7.5000   22.5000  -30.000011772.9385   19.9277
    0.0000   22.5000  -30.000012262.5381   19.9830
    7.5000   22.5000  -30.000011752.6074   20.0098
   -7.5000   30.0000  -30.000011430.6660   19.7423
    0.0000   30.0000  -30.000011925.0986   19.7971
    7.5000   30.0000  -30.000011412.1162   19.8228
   -7.5000   37.5000  -30.000011446.2002   19.7835
    0.0000   37.5000  -30.000011959.6387   19.8340
    7.5000   37.5000  -30.000011428.3320   19.8609
   -7.5000   45.0000  -30.000010960.0225   19.2684
    0.0000   45.0000  -30.000011430.3838   19.3127
    7.5000   45.0000  -30.000010907.8086   19.3404
   -7.5000  -45.0000  -22.5000 7001.8149   21.7681
    0.0000  -45.0000  -22.5000 7353.8848   21.8277
    7.5000  -45.0000  -22.5000 7111.4424   21.8638
   -7.5000  -37.5000  -22.5000 7765.8394   21.1810
    0.0000  -37.5000  -22.5000 8163.2124   21.2374
    7.5000  -37.5000  -22.5000 7885.1465   21.2710
   -7.5000  -30.0000  -22.5000 8879.6758   20.7498
    0.0000  -30.0000  -22.5000 9330.9404   20.8064
    7.5000  -30.0000  -22.5000 9001.6436   20.8377
   -7.5000  -22.5000  -22.500010054.6602   20.6577
    0.0000  -22.5000  -22.500010544.4990   20.7192
    7.5000  -22.5000  -22.500010168.7910   20.7501
   -7.5000  -15.0000  -22.500011147.3906   20.6891
    0.0000  -15.0000  -22.500011692.9102   20.7541
    7.5000  -15.0000  -22.500011270.2510   20.7856
   -7.5000   -7.5000  -22.500012217.4873   20.7301
    0.0000   -7.5000  -22.500012796.3574   20.7918
    7.5000   -7.5000  -22.500012324.8740   20.8248
   -7.5000    0.0000  -22.500013185.7031   20.7069
    0.0000    0.0000  -22.500013794.8613   20.7623
    7.5000    0.0000  -22.500013246.5176   20.7956
   -7.5000    7.5000  -22.500013059.5518   20.6370
    0.0000    7.5000  -22.500013652.4951   20.6903
    7.5000    7.5000  -22.500013112.8574   20.7224
   -7.5000   15.0000  -22.500012829.6328   20.5907
    0.0000   15.0000  -22.500013430.4053   20.6465
    7.5000   15.0000  -22.500012860.7998   20.6776
   -7.5000   22.5000  -22.500012563.1104   20.6129
    0.0000   22.5000  -22.500013149.0127   20.6742
    7.5000   22.5000  -22.500012537.9639   20.7051
   -7.5000   30.0000  -22.500012182.0986   20.4183
    0.0000   30.0000  -22.500012737.7588   20.4825
    7.5000   30.0000  -22.500012136.8760   20.5136
   -7.5000   37.5000  -22.500012159.9092   20.4590
    0.0000   37.5000  -22.500012728.0986   20.5198
    7.5000   37.5000  -22.500012123.3662   20.5524
   -7.5000   45.0000  -22.500011602.1426   19.9418
    0.0000   45.0000  -22.500012133.8975   19.9951
    7.5000   45.0000  -22.500011525.7402   20.0272
   -7.5000  -45.0000  -15.0000 7516.8477   22.3045
    0.0000  -45.0000  -15.0000 7896.7642   22.3760
    7.5000  -45.0000  -15.0000 7625.9189   22.4183
   -7.5000  -37.5000  -15.0000 8347.0000   21.7063
    0.0000  -37.5000  -15.0000 8756.2236   21.7722
    7.5000  -37.5000  -15.0000 8448.4023   21.8127
   -7.5000  -30.0000  -15.0000 9547.4639   21.2731
    0.0000  -30.0000  -15.000010009.8545   21.3376
    7.5000  -30.0000  -15.0000 9650.6582   21.3748
   -7.5000  -22.5000  -15.000010780.3555   21.1824
    0.0000  -22.5000  -15.000011296.9365   21.2532
    7.5000  -22.5000  -15.000010881.1484   21.2897
   -7.5000  -15.0000  -15.000011910.5166   21.2107
    0.0000  -15.0000  -15.000012480.6855   21.2870
    7.5000  -15.0000  -15.000012018.0566   21.3239
   -7.5000   -7.5000  -15.000013040.3076   21.2439
    0.0000   -7.5000  -15.000013646.9639   21.3173
    7.5000   -7.5000  -15.000013111.8447   21.3556
   -7.5000    0.0000  -15.000014047.9268   21.2154
    0.0000    0.0000  -15.000014687.1172   21.2818
    7.5000    0.0000  -15.000014067.4932   21.3212
   -7.5000    7.5000  -15.000013917.6680   21.1488
    0.0000    7.5000  -15.000014568.0586   21.2111
    7.5000    7.5000  -15.000013938.7373   21.2497
   -7.5000   15.0000  -15.000013673.3154   21.1100
    0.0000   15.0000  -15.000014293.6709   21.1735
    7.5000   15.0000  -15.000013613.3467   21.2105
   -7.5000   22.5000  -15.000013349.0684   21.1355
    0.0000   22.5000  -15.000013977.8984   21.2061
    7.5000   22.5000  -15.000013254.9922   21.2425
   -7.5000   30.0000  -15.000012934.6973   20.9361
    0.0000   30.0000  -15.000013545.1445   21.0113
    7.5000   30.0000  -15.000012841.1719   21.0478
   -7.5000   37.5000  -15.000012914.3496   20.9690
    0.0000   37.5000  -15.000013511.2588   21.0414
    7.5000   37.5000  -15.000012815.7061   21.0793
   -7.5000   45.0000  -15.000012264.4971   20.4438
    0.0000   45.0000  -15.000012826.1406   20.5078
    7.5000   45.0000  -15.000012134.0996   20.5458
   -7.5000  -45.0000   -7.5000 8069.4683   22.5868
    0.0000  -45.0000   -7.5000 8483.5557   22.6600
    7.5000  -45.0000   -7.5000 8173.6499   22.7056
   -7.5000  -37.5000   -7.5000 8972.2793   21.9745
    0.0000  -37.5000   -7.5000 9409.4180   22.0438
    7.5000  -37.5000   -7.5000 9054.3574   22.0902
   -7.5000  -30.0000   -7.500010246.4297   21.5388
    0.0000  -30.0000   -7.500010725.2725   21.6088
    7.5000  -30.0000   -7.500010313.8174   21.6514
   -7.5000  -22.5000   -7.500011532.7803   21.4562
    0.0000  -22.5000   -7.500012068.8633   21.5320
    7.5000  -22.5000   -7.500011598.0127   21.5716
   -7.5000  -15.0000   -7.500012715.3418   21.4919
    0.0000  -15.0000   -7.500013316.7725   21.5707
    7.5000  -15.0000   -7.500012791.4492   21.6079
   -7.5000   -7.5000   -7.500013898.3350   21.5205
    0.0000   -7.5000   -7.500014541.2539   21.5950
    7.5000   -7.5000   -7.500013944.6768   21.6335
   -7.5000    0.0000   -7.500014968.0439   21.4821
    0.0000    0.0000   -7.500015639.8242   21.5500
    7.5000    0.0000   -7.500014990.6387   21.5924
   -7.5000    7.5000   -7.500014829.5254   21.4107
    0.0000    7.5000   -7.500015538.6543   21.4762
    7.5000    7.5000   -7.500014839.3281   21.5201
   -7.5000   15.0000   -7.500014547.4336   21.3737
    0.0000   15.0000   -7.500015175.0498   21.4426
    7.5000   15.0000   -7.500014424.1465   21.4848
   -7.5000   22.5000   -7.500014193.1211   21.4063
    0.0000   22.5000   -7.500014773.1953   21.4819
    7.5000   22.5000   -7.500014038.7617   21.5214
   -7.5000   30.0000   -7.500013759.6709   21.2130
    0.0000   30.0000   -7.500014312.4619   21.2908
    7.5000   30.0000   -7.500013597.5771   21.3275
   -7.5000   37.5000   -7.500013727.5137   21.2415
    0.0000   37.5000   -7.500014286.1953   21.3149
    7.5000   37.5000   -7.500013552.7773   21.3530
   -7.5000   45.0000   -7.500012976.9482   20.7047
    0.0000   45.0000   -7.500013517.2441   20.7701
    7.5000   45.0000   -7.500012784.0566   20.8110
   -7.5000  -45.0000    0.0000 8572.3223   22.6406
    0.0000  -45.0000    0.0000 8999.9375   22.7057
    7.5000  -45.0000    0.0000 8670.6152   22.7490
   -7.5000  -37.5000    0.0000 9519.5439   22.0197
    0.0000  -37.5000    0.0000 9983.2314   22.0839
    7.5000  -37.5000    0.0000 9612.2139   22.1293
   -7.5000  -30.0000    0.000010830.6650   21.5792
    0.0000  -30.0000    0.000011320.0049   21.6474
    7.5000  -30.0000    0.000010900.3203   21.6897
   -7.5000  -22.5000    0.000012178.3389   21.5006
    0.0000  -22.5000    0.000012702.5303   21.5737
    7.5000  -22.5000    0.000012214.4531   21.6117
   -7.5000  -15.0000    0.000013417.0986   21.5445
    0.0000  -15.0000    0.000014025.2109   21.6171
    7.5000  -15.0000    0.000013455.6055   21.6506
   -7.5000   -7.5000    0.000014618.4609   21.5755
    0.0000   -7.5000    0.000015270.6035   21.6421
    7.5000   -7.5000    0.000014656.5332   21.6766
   -7.5000    0.0000    0.000015809.1660   21.5333
    0.0000    0.0000    0.000016501.4258   21.5937
    7.5000    0.0000    0.000015838.7500   21.6334
   -7.5000    7.5000    0.000015775.2012   21.4553
    0.0000    7.5000    0.000016501.2656   21.5160
    7.5000    7.5000    0.000015706.9434   21.5587
   -7.5000   15.0000    0.000015464.6172   21.4139
    0.0000   15.0000    0.000016020.4658   21.4810
    7.5000   15.0000    0.000015226.9404   21.5228
   -7.5000   22.5000    0.000015010.5039   21.4506
    0.0000   22.5000    0.000015509.1797   21.5234
    7.5000   22.5000    0.000014772.7119   21.5613
   -7.5000   30.0000    0.000014527.7256   21.2655
    0.0000   30.0000    0.000015015.8320   21.3372
    7.5000   30.0000    0.000014313.9258   21.3703
   -7.5000   37.5000    0.000014494.2812   21.2962
    0.0000   37.5000    0.000014993.2324   21.3620
    7.5000   37.5000    0.000014261.0986   21.3960
   -7.5000   45.0000    0.000013651.3818   20.7556
    0.0000   45.0000    0.000014147.5059   20.8138
    7.5000   45.0000    0.000013409.7363   20.8521
   -7.5000  -45.0000    7.5000 8401.9189   22.6243
    0.0000  -45.0000    7.5000 8798.9111   22.6799
    7.5000  -45.0000    7.5000 8487.8984   22.7170
   -7.5000  -37.5000    7.5000 9338.9668   22.0038
    0.0000  -37.5000    7.5000 9769.9678   22.0601
    7.5000  -37.5000    7.5000 9419.1602   22.0980
   -7.5000  -30.0000    7.500010625.5371   21.5573
    0.0000  -30.0000    7.500011084.2559   21.6184
    7.5000  -30.0000    7.500010663.8496   21.6537
   -7.5000  -22.5000    7.500011893.0771   21.4740
    0.0000  -22.5000    7.500012429.0342   21.5385
    7.5000  -22.5000    7.500011924.9932   21.5705
   -7.5000  -15.0000    7.500013021.9863   21.5184
    0.0000  -15.0000    7.500013631.0273   21.5815
    7.5000  -15.0000    7.500013077.5889   21.6103
   -7.5000   -7.5000    7.500014167.1182   21.5564
    0.0000   -7.5000    7.500014802.5850   21.6138
    7.5000   -7.5000    7.500014230.2197   21.6435
   -7.5000    0.0000    7.500015394.7207   21.5199
    0.0000    0.0000    7.500016126.5303   21.5714
    7.5000    0.0000    7.500015433.3467   21.6051
   -7.5000    7.5000    7.500015426.4248   21.4398
    0.0000    7.5000    7.500016179.9023   21.4930
    7.5000    7.5000    7.500015424.4199   21.5287
   -7.5000   15.0000    7.500015016.7617   21.3921
    0.0000   15.0000    7.500015562.6943   21.4523
    7.5000   15.0000    7.500014942.1260   21.4871
   -7.5000   22.5000    7.500014527.3467   21.4240
    0.0000   22.5000    7.500014974.7422   21.4883
    7.5000   22.5000    7.500014446.3379   21.5203
   -7.5000   30.0000    7.500014099.2588   21.2398
    0.0000   30.0000    7.500014519.0566   21.3021
    7.5000   30.0000    7.500013971.7764   21.3305
   -7.5000   37.5000    7.500014061.2783   21.2774
    0.0000   37.5000    7.500014515.7471   21.3340
    7.5000   37.5000    7.500013898.2031   21.3634
   -7.5000   45.0000    7.500013211.6455   20.7427
    0.0000   45.0000    7.500013698.8320   20.7924
    7.5000   45.0000    7.500013044.2793   20.8249
   -7.5000  -45.0000   15.0000 8096.8467   22.6029
    0.0000  -45.0000   15.0000 8485.5967   22.6560
    7.5000  -45.0000   15.0000 8167.8638   22.6901
   -7.5000  -37.5000   15.0000 8985.5996   21.9865
    0.0000  -37.5000   15.0000 9444.9111   22.0399
    7.5000  -37.5000   15.0000 9075.2725   22.0725
   -7.5000  -30.0000   15.000010224.0010   21.5354
    0.0000  -30.0000   15.000010721.0977   21.5920
    7.5000  -30.0000   15.000010282.6846   21.6224
   -7.5000  -22.5000   15.000011450.4277   21.4442
    0.0000  -22.5000   15.000011994.2676   21.5038
    7.5000  -22.5000   15.000011522.3896   21.5326
   -7.5000  -15.0000   15.000012539.5088   21.4845
    0.0000  -15.0000   15.000013129.2871   21.5441
    7.5000  -15.0000   15.000012605.1680   21.5720
   -7.5000   -7.5000   15.000013636.1260   21.5292
    0.0000   -7.5000   15.000014201.6348   21.5841
    7.5000   -7.5000   15.000013675.3262   21.6134
   -7.5000    0.0000   15.000014736.7354   21.5012
    0.0000    0.0000   15.000015415.7246   21.5507
    7.5000    0.0000   15.000014811.7383   21.5816
   -7.5000    7.5000   15.000014688.0752   21.4224
    0.0000    7.5000   15.000015472.1729   21.4728
    7.5000    7.5000   15.000014900.2314   21.5038
   -7.5000   15.0000   15.000014371.3398   21.3703
    0.0000   15.0000   15.000014964.6162   21.4261
    7.5000   15.0000   15.000014534.9297   21.4562
   -7.5000   22.5000   15.000013975.8643   21.3944
    0.0000   22.5000   15.000014471.6064   21.4538
    7.5000   22.5000   15.000014046.0547   21.4826
   -7.5000   30.0000   15.000013546.4141   21.2063
    0.0000   30.0000   15.000014034.5986   21.2651
    7.5000   30.0000   15.000013571.6553   21.2927
   -7.5000   37.5000   15.000013475.1230   21.2505
    0.0000   37.5000   15.000014016.0518   21.3048
    7.5000   37.5000   15.000013482.0293   21.3337
   -7.5000   45.0000   15.000012635.0576   20.7247
    0.0000   45.0000   15.000013162.8770   20.7724
    7.5000   45.0000   15.000012611.6426   20.8022
   -7.5000  -45.0000   22.5000 7672.8887   22.6066
    0.0000  -45.0000   22.5000 8043.9175   22.6689
    7.5000  -45.0000   22.5000 7751.2354   22.7065
   -7.5000  -37.5000   22.5000 8541.6621   21.9967
    0.0000  -37.5000   22.5000 8979.9053   22.0556
    7.5000  -37.5000   22.5000 8641.8789   22.0906
   -7.5000  -30.0000   22.5000 9738.5449   21.5487
    0.0000  -30.0000   22.500010227.2402   21.6078
    7.5000  -30.0000   22.5000 9808.2422   21.6405
   -7.5000  -22.5000   22.500010884.0713   21.4530
    0.0000  -22.5000   22.500011445.1641   21.5172
    7.5000  -22.5000   22.500010989.7412   21.5494
   -7.5000  -15.0000   22.500011922.9033   21.4855
    0.0000  -15.0000   22.500012523.4111   21.5534
    7.5000  -15.0000   22.500012027.0615   21.5863
   -7.5000   -7.5000   22.500012984.2061   21.5282
    0.0000   -7.5000   22.500013574.2910   21.5925
    7.5000   -7.5000   22.500013045.5244   21.6270
   -7.5000    0.0000   22.500013992.3594   21.5041
    0.0000    0.0000   22.500014648.8379   21.5620
    7.5000    0.0000   22.500014104.1182   21.5967
   -7.5000    7.5000   22.500013901.8418   21.4315
    0.0000    7.5000   22.500014587.3877   21.4871
    7.5000    7.5000   22.500014161.8506   21.5207
   -7.5000   15.0000   22.500013654.6973   21.3834
    0.0000   15.0000   22.500014341.8037   21.4417
    7.5000   15.0000   22.500013952.6826   21.4741
   -7.5000   22.5000   22.500013370.7402   21.4032
    0.0000   22.5000   22.500014054.7451   21.4672
    7.5000   22.5000   22.500013624.2617   21.4994
   -7.5000   30.0000   22.500012957.5625   21.2074
    0.0000   30.0000   22.500013570.6328   21.2744
    7.5000   30.0000   22.500013119.8916   21.3068
   -7.5000   37.5000   22.500012860.0693   21.2496
    0.0000   37.5000   22.500013433.8594   21.3131
    7.5000   37.5000   22.500012956.8174   21.3471
   -7.5000   45.0000   22.500012029.5996   20.7275
    0.0000   45.0000   22.500012523.9512   20.7832
    7.5000   45.0000   22.500012060.7100   20.8167
   -7.5000  -45.0000   30.0000 7160.6968   22.6579
    0.0000  -45.0000   30.0000 7479.4673   22.7314
    7.5000  -45.0000   30.0000 7222.7886   22.7749
   -7.5000  -37.5000   30.0000 7998.7144   22.0499
    0.0000  -37.5000   30.0000 8380.2627   22.1177
    7.5000  -37.5000   30.0000 8077.7549   22.1594
   -7.5000  -30.0000   30.0000 9124.0400   21.6095
    0.0000  -30.0000   30.0000 9580.3916   21.6758
    7.5000  -30.0000   30.0000 9211.7373   21.7142
   -7.5000  -22.5000   30.000010212.3936   21.5171
    0.0000  -22.5000   30.000010741.7002   21.5898
    7.5000  -22.5000   30.000010326.4629   21.6274
   -7.5000  -15.0000   30.000011226.6924   21.5458
    0.0000  -15.0000   30.000011808.0117   21.6241
    7.5000  -15.0000   30.000011347.7461   21.6622
   -7.5000   -7.5000   30.000012226.8262   21.5797
    0.0000   -7.5000   30.000012859.3154   21.6550
    7.5000   -7.5000   30.000012358.8906   21.6946
   -7.5000    0.0000   30.000013189.3887   21.5508
    0.0000    0.0000   30.000013918.9287   21.6190
    7.5000    0.0000   30.000013380.8115   21.6597
   -7.5000    7.5000   30.000013134.9209   21.4831
    0.0000    7.5000   30.000013838.6104   21.5471
    7.5000    7.5000   30.000013368.5195   21.5869
   -7.5000   15.0000   30.000012881.2402   21.4435
    0.0000   15.0000   30.000013526.7031   21.5088
    7.5000   15.0000   30.000013052.7578   21.5469
   -7.5000   22.5000   30.000012564.7764   21.4671
    0.0000   22.5000   30.000013188.2100   21.5396
    7.5000   22.5000   30.000012699.6074   21.5771
   -7.5000   30.0000   30.000012172.9941   21.2668
    0.0000   30.0000   30.000012743.5469   21.3441
    7.5000   30.0000   30.000012283.4785   21.3817
   -7.5000   37.5000   30.000012141.1113   21.3004
    0.0000   37.5000   30.000012670.3789   21.3748
    7.5000   37.5000   30.000012206.1367   21.4138
   -7.5000   45.0000   30.000011371.3486   20.7725
    0.0000   45.0000   30.000011859.6777   20.8382
    7.5000   45.0000   30.000011402.6953   20.8774
   -7.5000  -45.0000   37.5000 6862.9766   22.7604
    0.0000  -45.0000   37.5000 7162.8545   22.8352
    7.5000  -45.0000   37.5000 6902.7271   22.8823
   -7.5000  -37.5000   37.5000 7669.2856   22.1431
    0.0000  -37.5000   37.5000 8051.4004   22.2139
    7.5000  -37.5000   37.5000 7742.6406   22.2617
   -7.5000  -30.0000   37.5000 8771.5928   21.7038
    0.0000  -30.0000   37.5000 9219.0762   21.7752
    7.5000  -30.0000   37.5000 8856.6553   21.8192
   -7.5000  -22.5000   37.5000 9863.5361   21.6197
    0.0000  -22.5000   37.500010367.5635   21.6972
    7.5000  -22.5000   37.5000 9960.7207   21.7381
   -7.5000  -15.0000   37.500010878.3174   21.6560
    0.0000  -15.0000   37.500011446.5293   21.7365
    7.5000  -15.0000   37.500010974.3066   21.7751
   -7.5000   -7.5000   37.500011870.2451   21.6857
    0.0000   -7.5000   37.500012486.0732   21.7617
    7.5000   -7.5000   37.500011968.6416   21.8018
   -7.5000    0.0000   37.500012803.0068   21.6473
    0.0000    0.0000   37.500013458.1230   21.7167
    7.5000    0.0000   37.500012921.8418   21.7606
   -7.5000    7.5000   37.500012710.2715   21.5746
    0.0000    7.5000   37.500013332.2217   21.6415
    7.5000    7.5000   37.500012852.3994   21.6868
   -7.5000   15.0000   37.500012446.5596   21.5365
    0.0000   15.0000   37.500013019.3594   21.6069
    7.5000   15.0000   37.500012566.9326   21.6504
   -7.5000   22.5000   37.500012119.9482   21.5693
    0.0000   22.5000   37.500012671.4189   21.6465
    7.5000   22.5000   37.500012217.2520   21.6873
   -7.5000   30.0000   37.500011708.3984   21.3757
    0.0000   30.0000   37.500012218.5215   21.4550
    7.5000   30.0000   37.500011802.8057   21.4931
   -7.5000   37.5000   37.500011735.0527   21.4051
    0.0000   37.5000   37.500012233.9844   21.4801
    7.5000   37.5000   37.500011806.1045   21.5196
   -7.5000   45.0000   37.500011051.6816   20.8655
    0.0000   45.0000   37.500011546.5430   20.9324
    7.5000   45.0000   37.500011092.1904   20.9747
   -7.5000  -45.0000   45.0000 6244.3384   22.8741
    0.0000  -45.0000   45.0000 6528.3169   22.9417
    7.5000  -45.0000   45.0000 6284.3315   22.9884
   -7.5000  -37.5000   45.0000 6990.9932   22.2432
    0.0000  -37.5000   45.0000 7350.1421   22.3098
    7.5000  -37.5000   45.0000 7067.7827   22.3585
   -7.5000  -30.0000   45.0000 8019.8921   21.7958
    0.0000  -30.0000   45.0000 8419.2461   21.8664
    7.5000  -30.0000   45.0000 8081.8296   21.9115
   -7.5000  -22.5000   45.0000 9041.6152   21.7140
    0.0000  -22.5000   45.0000 9480.9990   21.7896
    7.5000  -22.5000   45.0000 9093.7832   21.8303
   -7.5000  -15.0000   45.0000 9986.9688   21.7595
    0.0000  -15.0000   45.000010468.7236   21.8347
    7.5000  -15.0000   45.000010021.1016   21.8711
   -7.5000   -7.5000   45.000010905.8340   21.7934
    0.0000   -7.5000   45.000011421.9746   21.8625
    7.5000   -7.5000   45.000010924.1768   21.9000
   -7.5000    0.0000   45.000011727.5381   21.7514
    0.0000    0.0000   45.000012306.1641   21.8141
    7.5000    0.0000   45.000011774.6699   21.8571
   -7.5000    7.5000   45.000011633.3438   21.6704
    0.0000    7.5000   45.000012199.2480   21.7334
    7.5000    7.5000   45.000011725.8389   21.7792
   -7.5000   15.0000   45.000011397.3574   21.6261
    0.0000   15.0000   45.000011935.1680   21.6956
    7.5000   15.0000   45.000011504.5918   21.7401
   -7.5000   22.5000   45.000011072.1982   21.6628
    0.0000   22.5000   45.000011603.9092   21.7381
    7.5000   22.5000   45.000011190.4092   21.7787
   -7.5000   30.0000   45.000010712.6436   21.4759
    0.0000   30.0000   45.000011214.0576   21.5501
    7.5000   30.0000   45.000010826.3857   21.5860
   -7.5000   37.5000   45.000010777.4434   21.5094
    0.0000   37.5000   45.000011265.4912   21.5776
    7.5000   37.5000   45.000010846.2559   21.6147
   -7.5000   45.0000   45.000010192.1670   20.9753
    0.0000   45.0000   45.000010662.8340   21.0358
    7.5000   45.0000   45.000010233.1523   21.0773

---------------------------------------------------------------------
imgreg_4dfp /opt/freesurfer/average/711-2C_as_mni_average_305 /opt/freesurfer/average/711-2B_as_mni_average_305_mask talsrcimg_g11 none talsrcimg_to_711-2C_as_mni_average_305_t4 4355
---------------------------------------------------------------------

freesurfer imgreg_4dfp.c
/opt/freesurfer/average/711-2C_as_mni_average_305.4dfp.img
       256       256       256         1
  1.000000  1.000000  1.000000
orientation T byte_order littleendian
Reading image: /opt/freesurfer/average/711-2C_as_mni_average_305.4dfp.img
dimensions:      256       256       256
mmppix:       1.0000   -1.0000   -1.0000
center:     128.0000 -129.0000 -129.0000
/opt/freesurfer/average/711-2B_as_mni_average_305_mask.4dfp.img
       256       256       256         1
  1.000000  1.000000  1.000000
orientation T byte_order littleendian
Reading mask: /opt/freesurfer/average/711-2B_as_mni_average_305_mask.4dfp.img (2306576 pixels)
talsrcimg_g11.4dfp.img
       256       256       256         1
  1.000000  1.000000  1.000000
orientation T byte_order littleendian
Reading image: talsrcimg_g11.4dfp.img
dimensions:      256       256       256
mmppix:       1.0000   -1.0000   -1.0000
center:     128.0000 -129.0000 -129.0000
rotation matrix determinant  1.000000
image alignment mode   4355 decimal     1103 hex
   -7.5000  -45.0000  -45.0000 1561.9326   34.4877
    0.0000  -45.0000  -45.0000 1589.5327   33.9424
    7.5000  -45.0000  -45.0000 1595.6885   33.9462
   -7.5000  -37.5000  -45.0000 1686.9171   29.6558
    0.0000  -37.5000  -45.0000 1708.9028   29.2152
    7.5000  -37.5000  -45.0000 1715.7522   29.1713
   -7.5000  -30.0000  -45.0000 1811.7902   26.0708
    0.0000  -30.0000  -45.0000 1830.3253   25.6284
    7.5000  -30.0000  -45.0000 1837.6243   25.5814
   -7.5000  -22.5000  -45.0000 1914.9543   23.3106
    0.0000  -22.5000  -45.0000 1942.1255   22.9148
    7.5000  -22.5000  -45.0000 1949.6849   22.8737
   -7.5000  -15.0000  -45.0000 2014.2853   21.2804
    0.0000  -15.0000  -45.0000 2038.6769   20.9508
    7.5000  -15.0000  -45.0000 2047.2275   20.9119
   -7.5000   -7.5000  -45.0000 2101.5164   19.7380
    0.0000   -7.5000  -45.0000 2123.7749   19.4272
    7.5000   -7.5000  -45.0000 2133.7415   19.3912
   -7.5000    0.0000  -45.0000 2151.8416   18.5161
    0.0000    0.0000  -45.0000 2173.6626   18.2375
    7.5000    0.0000  -45.0000 2180.5044   18.2306
   -7.5000    7.5000  -45.0000 2181.6814   17.7616
    0.0000    7.5000  -45.0000 2201.7852   17.4200
    7.5000    7.5000  -45.0000 2207.3052   17.4249
   -7.5000   15.0000  -45.0000 2194.7688   17.5131
    0.0000   15.0000  -45.0000 2213.0237   17.1192
    7.5000   15.0000  -45.0000 2218.2400   17.1290
   -7.5000   22.5000  -45.0000 2188.7446   17.6547
    0.0000   22.5000  -45.0000 2211.4744   17.3281
    7.5000   22.5000  -45.0000 2212.8652   17.2976
   -7.5000   30.0000  -45.0000 2167.2424   18.1983
    0.0000   30.0000  -45.0000 2195.5457   17.8561
    7.5000   30.0000  -45.0000 2197.9480   17.8042
   -7.5000   37.5000  -45.0000 2128.1030   19.0435
    0.0000   37.5000  -45.0000 2158.8274   18.6858
    7.5000   37.5000  -45.0000 2159.5969   18.6450
   -7.5000   45.0000  -45.0000 2072.1497   20.2320
    0.0000   45.0000  -45.0000 2104.7302   19.8400
    7.5000   45.0000  -45.0000 2104.2944   19.8122
   -7.5000  -45.0000  -37.5000 1628.4535   31.8011
    0.0000  -45.0000  -37.5000 1648.5778   31.1970
    7.5000  -45.0000  -37.5000 1655.0781   31.1769
   -7.5000  -37.5000  -37.5000 1757.5300   27.2923
    0.0000  -37.5000  -37.5000 1774.8953   26.8586
    7.5000  -37.5000  -37.5000 1782.3237   26.8814
   -7.5000  -30.0000  -37.5000 1879.5605   23.9039
    0.0000  -30.0000  -37.5000 1904.7052   23.5428
    7.5000  -30.0000  -37.5000 1911.7469   23.5127
   -7.5000  -22.5000  -37.5000 2004.3578   21.3911
    0.0000  -22.5000  -37.5000 2032.3248   21.0914
    7.5000  -22.5000  -37.5000 2038.6738   21.0489
   -7.5000  -15.0000  -37.5000 2110.2966   19.5390
    0.0000  -15.0000  -37.5000 2138.0623   19.2342
    7.5000  -15.0000  -37.5000 2146.6301   19.2299
   -7.5000   -7.5000  -37.5000 2197.1121   18.1174
    0.0000   -7.5000  -37.5000 2225.8916   17.8487
    7.5000   -7.5000  -37.5000 2233.1963   17.8156
   -7.5000    0.0000  -37.5000 2254.0320   17.0513
    0.0000    0.0000  -37.5000 2278.9500   16.7591
    7.5000    0.0000  -37.5000 2280.9712   16.7492
   -7.5000    7.5000  -37.5000 2284.6516   16.2961
    0.0000    7.5000  -37.5000 2306.0103   16.0044
    7.5000    7.5000  -37.5000 2311.7073   16.0287
   -7.5000   15.0000  -37.5000 2295.7629   16.0787
    0.0000   15.0000  -37.5000 2319.6233   15.7723
    7.5000   15.0000  -37.5000 2322.7229   15.7918
   -7.5000   22.5000  -37.5000 2290.0466   16.1283
    0.0000   22.5000  -37.5000 2316.8042   15.8711
    7.5000   22.5000  -37.5000 2319.9963   15.8751
   -7.5000   30.0000  -37.5000 2268.6328   16.5901
    0.0000   30.0000  -37.5000 2299.1772   16.2819
    7.5000   30.0000  -37.5000 2298.8962   16.2742
   -7.5000   37.5000  -37.5000 2232.5823   17.3521
    0.0000   37.5000  -37.5000 2266.1057   17.0309
    7.5000   37.5000  -37.5000 2263.0623   17.0117
   -7.5000   45.0000  -37.5000 2177.1404   18.4993
    0.0000   45.0000  -37.5000 2207.9407   18.1547
    7.5000   45.0000  -37.5000 2205.2832   18.1619
   -7.5000  -45.0000  -30.0000 1718.6904   30.3393
    0.0000  -45.0000  -30.0000 1731.4760   29.8544
    7.5000  -45.0000  -30.0000 1738.4138   29.8432
   -7.5000  -37.5000  -30.0000 1855.1826   26.1158
    0.0000  -37.5000  -30.0000 1872.9011   25.6948
    7.5000  -37.5000  -30.0000 1878.1122   25.6696
   -7.5000  -30.0000  -30.0000 1992.5922   22.9417
    0.0000  -30.0000  -30.0000 2018.2632   22.5397
    7.5000  -30.0000  -30.0000 2023.1068   22.5279
   -7.5000  -22.5000  -30.0000 2127.3882   20.5165
    0.0000  -22.5000  -30.0000 2156.6284   20.2000
    7.5000  -22.5000  -30.0000 2161.3472   20.1786
   -7.5000  -15.0000  -30.0000 2238.3169   18.6784
    0.0000  -15.0000  -30.0000 2269.8958   18.4035
    7.5000  -15.0000  -30.0000 2275.8638   18.4006
   -7.5000   -7.5000  -30.0000 2328.8887   17.2611
    0.0000   -7.5000  -30.0000 2362.6389   16.9948
    7.5000   -7.5000  -30.0000 2364.6641   16.9784
   -7.5000    0.0000  -30.0000 2390.9863   16.2416
    0.0000    0.0000  -30.0000 2419.0549   15.9693
    7.5000    0.0000  -30.0000 2424.6277   15.9901
   -7.5000    7.5000  -30.0000 2423.8572   15.5769
    0.0000    7.5000  -30.0000 2448.6707   15.3106
    7.5000    7.5000  -30.0000 2458.7903   15.3438
   -7.5000   15.0000  -30.0000 2445.2407   15.3139
    0.0000   15.0000  -30.0000 2473.3628   15.0564
    7.5000   15.0000  -30.0000 2475.0225   15.0793
   -7.5000   22.5000  -30.0000 2445.7170   15.3603
    0.0000   22.5000  -30.0000 2471.6658   15.0989
    7.5000   22.5000  -30.0000 2474.5374   15.1213
   -7.5000   30.0000  -30.0000 2422.8589   15.7708
    0.0000   30.0000  -30.0000 2453.6260   15.4830
    7.5000   30.0000  -30.0000 2453.4263   15.5039
   -7.5000   37.5000  -30.0000 2384.8047   16.4950
    0.0000   37.5000  -30.0000 2418.0781   16.2191
    7.5000   37.5000  -30.0000 2415.0662   16.2435
   -7.5000   45.0000  -30.0000 2321.1926   17.5893
    0.0000   45.0000  -30.0000 2349.3997   17.2990
    7.5000   45.0000  -30.0000 2349.0735   17.3154
   -7.5000  -45.0000  -22.5000 1785.7336   29.0529
    0.0000  -45.0000  -22.5000 1797.8607   28.6288
    7.5000  -45.0000  -22.5000 1804.3442   28.6052
   -7.5000  -37.5000  -22.5000 1929.6882   24.9657
    0.0000  -37.5000  -22.5000 1952.5397   24.5430
    7.5000  -37.5000  -22.5000 1956.6210   24.5002
   -7.5000  -30.0000  -22.5000 2080.6030   21.8808
    0.0000  -30.0000  -22.5000 2105.5051   21.4790
    7.5000  -30.0000  -22.5000 2111.6658   21.4931
   -7.5000  -22.5000  -22.5000 2222.8621   19.5546
    0.0000  -22.5000  -22.5000 2253.2527   19.2367
    7.5000  -22.5000  -22.5000 2254.7798   19.2481
   -7.5000  -15.0000  -22.5000 2330.9988   17.8081
    0.0000  -15.0000  -22.5000 2366.6155   17.5450
    7.5000  -15.0000  -22.5000 2370.8352   17.5450
   -7.5000   -7.5000  -22.5000 2425.2520   16.4310
    0.0000   -7.5000  -22.5000 2459.6985   16.1666
    7.5000   -7.5000  -22.5000 2465.0913   16.1959
   -7.5000    0.0000  -22.5000 2497.7163   15.4188
    0.0000    0.0000  -22.5000 2530.9326   15.1652
    7.5000    0.0000  -22.5000 2534.6035   15.1862
   -7.5000    7.5000  -22.5000 2543.4458   14.8226
    0.0000    7.5000  -22.5000 2571.9177   14.5309
    7.5000    7.5000  -22.5000 2577.0457   14.5615
   -7.5000   15.0000  -22.5000 2573.4844   14.5178
    0.0000   15.0000  -22.5000 2603.1799   14.2729
    7.5000   15.0000  -22.5000 2604.6860   14.2746
   -7.5000   22.5000  -22.5000 2580.4543   14.5300
    0.0000   22.5000  -22.5000 2616.1992   14.3285
    7.5000   22.5000  -22.5000 2614.3567   14.3658
   -7.5000   30.0000  -22.5000 2552.3843   14.9274
    0.0000   30.0000  -22.5000 2590.6792   14.7189
    7.5000   30.0000  -22.5000 2587.2002   14.7708
   -7.5000   37.5000  -22.5000 2507.3325   15.6261
    0.0000   37.5000  -22.5000 2543.4258   15.4233
    7.5000   37.5000  -22.5000 2539.6284   15.4714
   -7.5000   45.0000  -22.5000 2440.0564   16.6604
    0.0000   45.0000  -22.5000 2470.9417   16.4451
    7.5000   45.0000  -22.5000 2463.7449   16.5027
   -7.5000  -45.0000  -15.0000 1826.5010   27.9620
    0.0000  -45.0000  -15.0000 1841.9844   27.4554
    7.5000  -45.0000  -15.0000 1847.6229   27.4697
   -7.5000  -37.5000  -15.0000 1976.9052   23.9017
    0.0000  -37.5000  -15.0000 1997.4315   23.4424
    7.5000  -37.5000  -15.0000 2004.9229   23.4959
   -7.5000  -30.0000  -15.0000 2134.1052   20.9168
    0.0000  -30.0000  -15.0000 2162.8096   20.5007
    7.5000  -30.0000  -15.0000 2167.6208   20.5635
   -7.5000  -22.5000  -15.0000 2278.7974   18.7175
    0.0000  -22.5000  -15.0000 2311.5432   18.3295
    7.5000  -22.5000  -15.0000 2316.6516   18.3918
   -7.5000  -15.0000  -15.0000 2391.5100   16.9900
    0.0000  -15.0000  -15.0000 2425.5112   16.6993
    7.5000  -15.0000  -15.0000 2434.5200   16.7439
   -7.5000   -7.5000  -15.0000 2493.2805   15.6839
    0.0000   -7.5000  -15.0000 2528.8938   15.4563
    7.5000   -7.5000  -15.0000 2535.4775   15.4662
   -7.5000    0.0000  -15.0000 2577.8101   14.7006
    0.0000    0.0000  -15.0000 2610.7898   14.4683
    7.5000    0.0000  -15.0000 2616.7385   14.4654
   -7.5000    7.5000  -15.0000 2636.6965   14.0753
    0.0000    7.5000  -15.0000 2670.5317   13.8521
    7.5000    7.5000  -15.0000 2671.2500   13.8542
   -7.5000   15.0000  -15.0000 2675.4456   13.7448
    0.0000   15.0000  -15.0000 2706.4333   13.5418
    7.5000   15.0000  -15.0000 2703.1924   13.5754
   -7.5000   22.5000  -15.0000 2687.4202   13.7556
    0.0000   22.5000  -15.0000 2725.6326   13.5935
    7.5000   22.5000  -15.0000 2716.8848   13.6363
   -7.5000   30.0000  -15.0000 2659.9519   14.1800
    0.0000   30.0000  -15.0000 2701.9343   14.0275
    7.5000   30.0000  -15.0000 2693.6414   14.0720
   -7.5000   37.5000  -15.0000 2611.3533   14.8395
    0.0000   37.5000  -15.0000 2649.0996   14.6763
    7.5000   37.5000  -15.0000 2639.3464   14.7470
   -7.5000   45.0000  -15.0000 2528.8647   15.8241
    0.0000   45.0000  -15.0000 2558.7781   15.6094
    7.5000   45.0000  -15.0000 2551.2185   15.7034
   -7.5000  -45.0000   -7.5000 1853.3879   26.9867
    0.0000  -45.0000   -7.5000 1872.6698   26.4804
    7.5000  -45.0000   -7.5000 1877.7295   26.4984
   -7.5000  -37.5000   -7.5000 2011.0359   23.0314
    0.0000  -37.5000   -7.5000 2034.5625   22.5567
    7.5000  -37.5000   -7.5000 2038.6543   22.6884
   -7.5000  -30.0000   -7.5000 2170.9128   20.1115
    0.0000  -30.0000   -7.5000 2197.2637   19.6865
    7.5000  -30.0000   -7.5000 2201.4299   19.8244
   -7.5000  -22.5000   -7.5000 2313.8606   17.9351
    0.0000  -22.5000   -7.5000 2344.3562   17.5778
    7.5000  -22.5000   -7.5000 2349.3542   17.6956
   -7.5000  -15.0000   -7.5000 2433.3257   16.2809
    0.0000  -15.0000   -7.5000 2469.5425   16.0105
    7.5000  -15.0000   -7.5000 2476.6707   16.0809
   -7.5000   -7.5000   -7.5000 2543.7471   15.0184
    0.0000   -7.5000   -7.5000 2583.3884   14.7812
    7.5000   -7.5000   -7.5000 2590.5342   14.8521
   -7.5000    0.0000   -7.5000 2642.5952   14.0707
    0.0000    0.0000   -7.5000 2681.3855   13.8469
    7.5000    0.0000   -7.5000 2684.4902   13.8901
   -7.5000    7.5000   -7.5000 2710.7307   13.4313
    0.0000    7.5000   -7.5000 2755.3245   13.2423
    7.5000    7.5000   -7.5000 2753.0234   13.2652
   -7.5000   15.0000   -7.5000 2757.4026   13.0773
    0.0000   15.0000   -7.5000 2795.5508   12.8869
    7.5000   15.0000   -7.5000 2786.7520   12.9390
   -7.5000   22.5000   -7.5000 2778.2234   13.1042
    0.0000   22.5000   -7.5000 2816.2056   12.9330
    7.5000   22.5000   -7.5000 2802.1443   12.9746
   -7.5000   30.0000   -7.5000 2750.0410   13.5143
    0.0000   30.0000   -7.5000 2788.6943   13.3485
    7.5000   30.0000   -7.5000 2772.5500   13.4122
   -7.5000   37.5000   -7.5000 2692.6204   14.1415
    0.0000   37.5000   -7.5000 2726.7146   13.9665
    7.5000   37.5000   -7.5000 2711.4536   14.0656
   -7.5000   45.0000   -7.5000 2601.7734   15.0188
    0.0000   45.0000   -7.5000 2630.2068   14.8449
    7.5000   45.0000   -7.5000 2616.5154   14.9804
   -7.5000  -45.0000    0.0000 1869.7399   26.3705
    0.0000  -45.0000    0.0000 1891.0929   25.8506
    7.5000  -45.0000    0.0000 1894.6946   25.9966
   -7.5000  -37.5000    0.0000 2027.5479   22.4611
    0.0000  -37.5000    0.0000 2053.4817   22.0397
    7.5000  -37.5000    0.0000 2061.7205   22.2030
   -7.5000  -30.0000    0.0000 2181.7859   19.5337
    0.0000  -30.0000    0.0000 2209.0061   19.1523
    7.5000  -30.0000    0.0000 2217.4397   19.3382
   -7.5000  -22.5000    0.0000 2328.0525   17.3940
    0.0000  -22.5000    0.0000 2356.1836   17.0583
    7.5000  -22.5000    0.0000 2363.5054   17.2450
   -7.5000  -15.0000    0.0000 2452.3252   15.8113
    0.0000  -15.0000    0.0000 2489.8567   15.5178
    7.5000  -15.0000    0.0000 2495.8801   15.6571
   -7.5000   -7.5000    0.0000 2573.7368   14.5716
    0.0000   -7.5000    0.0000 2613.8684   14.3097
    7.5000   -7.5000    0.0000 2617.6909   14.4307
   -7.5000    0.0000    0.0000 2688.5071   13.6464
    0.0000    0.0000    0.0000 2725.9749   13.3985
    7.5000    0.0000    0.0000 2725.1414   13.5238
   -7.5000    7.5000    0.0000 2773.8508   13.0167
    0.0000    7.5000    0.0000 2820.2793   12.8277
    7.5000    7.5000    0.0000 2815.0068   12.9023
   -7.5000   15.0000    0.0000 2829.3245   12.6481
    0.0000   15.0000    0.0000 2874.7209   12.4169
    7.5000   15.0000    0.0000 2861.3040   12.4808
   -7.5000   22.5000    0.0000 2856.6770   12.6524
    0.0000   22.5000    0.0000 2896.9785   12.4043
    7.5000   22.5000    0.0000 2875.8035   12.4684
   -7.5000   30.0000    0.0000 2824.4155   13.0099
    0.0000   30.0000    0.0000 2854.8044   12.8240
    7.5000   30.0000    0.0000 2838.0398   12.8956
   -7.5000   37.5000    0.0000 2751.6560   13.6170
    0.0000   37.5000    0.0000 2778.7153   13.4284
    7.5000   37.5000    0.0000 2764.7844   13.5240
   -7.5000   45.0000    0.0000 2647.1489   14.5085
    0.0000   45.0000    0.0000 2671.0991   14.3090
    7.5000   45.0000    0.0000 2659.6899   14.4142
   -7.5000  -45.0000    7.5000 1873.7638   26.2138
    0.0000  -45.0000    7.5000 1896.0171   25.6703
    7.5000  -45.0000    7.5000 1901.8870   25.9186
   -7.5000  -37.5000    7.5000 2036.7974   22.2930
    0.0000  -37.5000    7.5000 2059.4636   21.8412
    7.5000  -37.5000    7.5000 2066.9973   22.0573
   -7.5000  -30.0000    7.5000 2193.3560   19.3029
    0.0000  -30.0000    7.5000 2210.9661   18.9178
    7.5000  -30.0000    7.5000 2219.6021   19.1413
   -7.5000  -22.5000    7.5000 2339.7424   17.1573
    0.0000  -22.5000    7.5000 2362.4429   16.8412
    7.5000  -22.5000    7.5000 2367.5986   17.0189
   -7.5000  -15.0000    7.5000 2462.7830   15.5261
    0.0000  -15.0000    7.5000 2494.4341   15.2576
    7.5000  -15.0000    7.5000 2497.6470   15.4154
   -7.5000   -7.5000    7.5000 2585.7183   14.3063
    0.0000   -7.5000    7.5000 2621.3713   14.0552
    7.5000   -7.5000    7.5000 2624.2571   14.2088
   -7.5000    0.0000    7.5000 2709.3657   13.4054
    0.0000    0.0000    7.5000 2741.4165   13.1636
    7.5000    0.0000    7.5000 2741.2393   13.3087
   -7.5000    7.5000    7.5000 2811.5269   12.8022
    0.0000    7.5000    7.5000 2852.6318   12.6551
    7.5000    7.5000    7.5000 2850.1128   12.7146
   -7.5000   15.0000    7.5000 2882.5222   12.3514
    0.0000   15.0000    7.5000 2930.4268   12.1103
    7.5000   15.0000    7.5000 2913.8904   12.2130
   -7.5000   22.5000    7.5000 2907.0422   12.2632
    0.0000   22.5000    7.5000 2952.2454   12.0109
    7.5000   22.5000    7.5000 2931.4741   12.1590
   -7.5000   30.0000    7.5000 2868.8838   12.6627
    0.0000   30.0000    7.5000 2895.6807   12.4668
    7.5000   30.0000    7.5000 2881.0803   12.5887
   -7.5000   37.5000    7.5000 2781.5867   13.3453
    0.0000   37.5000    7.5000 2807.5879   13.1349
    7.5000   37.5000    7.5000 2794.2405   13.2162
   -7.5000   45.0000    7.5000 2669.3252   14.2007
    0.0000   45.0000    7.5000 2698.9395   13.9811
    7.5000   45.0000    7.5000 2682.7402   14.0560
   -7.5000  -45.0000   15.0000 1867.9398   26.4829
    0.0000  -45.0000   15.0000 1885.1262   25.9794
    7.5000  -45.0000   15.0000 1891.5491   26.1294
   -7.5000  -37.5000   15.0000 2033.1982   22.2972
    0.0000  -37.5000   15.0000 2053.0376   21.9673
    7.5000  -37.5000   15.0000 2059.7422   22.1458
   -7.5000  -30.0000   15.0000 2189.1653   19.2734
    0.0000  -30.0000   15.0000 2206.0615   19.0066
    7.5000  -30.0000   15.0000 2207.5146   19.2249
   -7.5000  -22.5000   15.0000 2331.5610   17.1196
    0.0000  -22.5000   15.0000 2351.6660   16.8839
    7.5000  -22.5000   15.0000 2352.0132   17.0965
   -7.5000  -15.0000   15.0000 2455.0674   15.5083
    0.0000  -15.0000   15.0000 2479.3967   15.2691
    7.5000  -15.0000   15.0000 2478.3064   15.4770
   -7.5000   -7.5000   15.0000 2579.1421   14.2914
    0.0000   -7.5000   15.0000 2609.0027   14.0277
    7.5000   -7.5000   15.0000 2606.7017   14.2292
   -7.5000    0.0000   15.0000 2705.0532   13.3589
    0.0000    0.0000   15.0000 2730.8921   13.0970
    7.5000    0.0000   15.0000 2727.8184   13.3082
   -7.5000    7.5000   15.0000 2810.8767   12.7447
    0.0000    7.5000   15.0000 2846.8472   12.5651
    7.5000    7.5000   15.0000 2839.7419   12.6834
   -7.5000   15.0000   15.0000 2882.6567   12.2810
    0.0000   15.0000   15.0000 2926.9382   12.0714
    7.5000   15.0000   15.0000 2915.2307   12.2538
   -7.5000   22.5000   15.0000 2907.9194   12.2505
    0.0000   22.5000   15.0000 2958.8103   12.0083
    7.5000   22.5000   15.0000 2938.7483   12.2207
   -7.5000   30.0000   15.0000 2870.6199   12.5934
    0.0000   30.0000   15.0000 2908.7134   12.4041
    7.5000   30.0000   15.0000 2892.3008   12.5689
   -7.5000   37.5000   15.0000 2777.8140   13.2519
    0.0000   37.5000   15.0000 2810.2410   13.0382
    7.5000   37.5000   15.0000 2796.3599   13.1264
   -7.5000   45.0000   15.0000 2664.7380   14.1170
    0.0000   45.0000   15.0000 2689.1128   13.8736
    7.5000   45.0000   15.0000 2679.3179   13.9269
   -7.5000  -45.0000   22.5000 1844.2224   26.9169
    0.0000  -45.0000   22.5000 1858.0831   26.5544
    7.5000  -45.0000   22.5000 1861.7216   26.8106
   -7.5000  -37.5000   22.5000 2011.9661   22.6876
    0.0000  -37.5000   22.5000 2030.8251   22.4192
    7.5000  -37.5000   22.5000 2031.9043   22.7128
   -7.5000  -30.0000   22.5000 2173.6958   19.5661
    0.0000  -30.0000   22.5000 2191.4519   19.3711
    7.5000  -30.0000   22.5000 2187.1025   19.6141
   -7.5000  -22.5000   22.5000 2316.9536   17.3520
    0.0000  -22.5000   22.5000 2336.6184   17.1628
    7.5000  -22.5000   22.5000 2331.8425   17.3847
   -7.5000  -15.0000   22.5000 2440.6575   15.7358
    0.0000  -15.0000   22.5000 2459.3123   15.5284
    7.5000  -15.0000   22.5000 2454.4963   15.7392
   -7.5000   -7.5000   22.5000 2562.9329   14.5234
    0.0000   -7.5000   22.5000 2580.8176   14.2719
    7.5000   -7.5000   22.5000 2572.3257   14.4935
   -7.5000    0.0000   22.5000 2681.7371   13.6126
    0.0000    0.0000   22.5000 2699.5637   13.3605
    7.5000    0.0000   22.5000 2691.3188   13.5892
   -7.5000    7.5000   22.5000 2784.5535   12.9196
    0.0000    7.5000   22.5000 2812.0466   12.7152
    7.5000    7.5000   22.5000 2799.1599   12.9697
   -7.5000   15.0000   22.5000 2854.2856   12.5308
    0.0000   15.0000   22.5000 2894.2703   12.3095
    7.5000   15.0000   22.5000 2871.2610   12.6304
   -7.5000   22.5000   22.5000 2877.1829   12.5868
    0.0000   22.5000   22.5000 2916.9202   12.4056
    7.5000   22.5000   22.5000 2896.8477   12.6048
   -7.5000   30.0000   22.5000 2839.5481   12.8488
    0.0000   30.0000   22.5000 2870.4961   12.6796
    7.5000   30.0000   22.5000 2855.9414   12.8553
   -7.5000   37.5000   22.5000 2751.5295   13.4049
    0.0000   37.5000   22.5000 2779.3809   13.1936
    7.5000   37.5000   22.5000 2769.1313   13.3239
   -7.5000   45.0000   22.5000 2637.2080   14.2883
    0.0000   45.0000   22.5000 2659.3494   14.0149
    7.5000   45.0000   22.5000 2648.6252   14.1176
   -7.5000  -45.0000   30.0000 1804.8116   27.8219
    0.0000  -45.0000   30.0000 1809.9288   27.4833
    7.5000  -45.0000   30.0000 1812.0199   27.7846
   -7.5000  -37.5000   30.0000 1979.4314   23.4437
    0.0000  -37.5000   30.0000 1993.6884   23.1939
    7.5000  -37.5000   30.0000 1992.5139   23.4896
   -7.5000  -30.0000   30.0000 2147.8821   20.2003
    0.0000  -30.0000   30.0000 2162.0708   19.9775
    7.5000  -30.0000   30.0000 2157.8943   20.2313
   -7.5000  -22.5000   30.0000 2290.6514   17.9490
    0.0000  -22.5000   30.0000 2307.0046   17.7576
    7.5000  -22.5000   30.0000 2299.4900   18.0042
   -7.5000  -15.0000   30.0000 2413.9731   16.3360
    0.0000  -15.0000   30.0000 2429.7273   16.1331
    7.5000  -15.0000   30.0000 2416.9402   16.3584
   -7.5000   -7.5000   30.0000 2527.8481   15.1043
    0.0000   -7.5000   30.0000 2546.8696   14.9344
    7.5000   -7.5000   30.0000 2529.9016   15.1612
   -7.5000    0.0000   30.0000 2641.7168   14.1524
    0.0000    0.0000   30.0000 2659.8831   14.0088
    7.5000    0.0000   30.0000 2643.8081   14.2380
   -7.5000    7.5000   30.0000 2736.7998   13.4343
    0.0000    7.5000   30.0000 2759.4189   13.2577
    7.5000    7.5000   30.0000 2739.9822   13.5657
   -7.5000   15.0000   30.0000 2793.2551   13.0647
    0.0000   15.0000   30.0000 2817.4397   12.8546
    7.5000   15.0000   30.0000 2795.5107   13.0984
   -7.5000   22.5000   30.0000 2809.2227   13.0576
    0.0000   22.5000   30.0000 2835.4963   12.8840
    7.5000   22.5000   30.0000 2817.7454   13.0368
   -7.5000   30.0000   30.0000 2774.9561   13.3180
    0.0000   30.0000   30.0000 2796.7764   13.1385
    7.5000   30.0000   30.0000 2783.3579   13.2876
   -7.5000   37.5000   30.0000 2698.6624   13.8920
    0.0000   37.5000   30.0000 2714.9465   13.7100
    7.5000   37.5000   30.0000 2704.5969   13.8185
   -7.5000   45.0000   30.0000 2588.2244   14.7158
    0.0000   45.0000   30.0000 2607.2886   14.5243
    7.5000   45.0000   30.0000 2599.3364   14.6215
   -7.5000  -45.0000   37.5000 1762.1025   29.0768
    0.0000  -45.0000   37.5000 1765.0280   28.7472
    7.5000  -45.0000   37.5000 1761.1071   29.1486
   -7.5000  -37.5000   37.5000 1938.3868   24.4941
    0.0000  -37.5000   37.5000 1949.9333   24.3042
    7.5000  -37.5000   37.5000 1940.7329   24.5584
   -7.5000  -30.0000   37.5000 2109.1873   21.2460
    0.0000  -30.0000   37.5000 2119.5354   21.0602
    7.5000  -30.0000   37.5000 2109.9424   21.2803
   -7.5000  -22.5000   37.5000 2256.4348   18.9020
    0.0000  -22.5000   37.5000 2266.4036   18.7455
    7.5000  -22.5000   37.5000 2252.0251   18.9913
   -7.5000  -15.0000   37.5000 2377.4990   17.2611
    0.0000  -15.0000   37.5000 2391.0884   17.1242
    7.5000  -15.0000   37.5000 2367.3147   17.3416
   -7.5000   -7.5000   37.5000 2483.8992   15.9987
    0.0000   -7.5000   37.5000 2498.3096   15.8565
    7.5000   -7.5000   37.5000 2471.8745   16.0733
   -7.5000    0.0000   37.5000 2585.5991   14.9831
    0.0000    0.0000   37.5000 2601.8828   14.8081
    7.5000    0.0000   37.5000 2579.6572   15.0563
   -7.5000    7.5000   37.5000 2666.0381   14.2211
    0.0000    7.5000   37.5000 2690.0754   14.0104
    7.5000    7.5000   37.5000 2664.2339   14.2810
   -7.5000   15.0000   37.5000 2711.1768   13.8345
    0.0000   15.0000   37.5000 2730.2424   13.5958
    7.5000   15.0000   37.5000 2709.9631   13.8165
   -7.5000   22.5000   37.5000 2716.4944   13.8045
    0.0000   22.5000   37.5000 2737.3354   13.5833
    7.5000   22.5000   37.5000 2719.2583   13.7341
   -7.5000   30.0000   37.5000 2685.2639   14.0269
    0.0000   30.0000   37.5000 2702.8132   13.8096
    7.5000   30.0000   37.5000 2688.8857   13.9636
   -7.5000   37.5000   37.5000 2621.5244   14.5917
    0.0000   37.5000   37.5000 2632.5635   14.3839
    7.5000   37.5000   37.5000 2622.5266   14.4975
   -7.5000   45.0000   37.5000 2523.9443   15.4076
    0.0000   45.0000   37.5000 2541.0552   15.2231
    7.5000   45.0000   37.5000 2526.8894   15.3123
   -7.5000  -45.0000   45.0000 1710.6394   30.9724
    0.0000  -45.0000   45.0000 1715.3999   30.6805
    7.5000  -45.0000   45.0000 1703.3333   31.1072
   -7.5000  -37.5000   45.0000 1888.6339   26.1151
    0.0000  -37.5000   45.0000 1901.0492   25.9565
    7.5000  -37.5000   45.0000 1884.5037   26.2390
   -7.5000  -30.0000   45.0000 2057.6670   22.6607
    0.0000  -30.0000   45.0000 2065.7183   22.5218
    7.5000  -30.0000   45.0000 2049.5918   22.7652
   -7.5000  -22.5000   45.0000 2202.9731   20.2139
    0.0000  -22.5000   45.0000 2210.9312   20.0733
    7.5000  -22.5000   45.0000 2190.3965   20.2922
   -7.5000  -15.0000   45.0000 2321.5854   18.4777
    0.0000  -15.0000   45.0000 2330.9412   18.3239
    7.5000  -15.0000   45.0000 2304.8186   18.4912
   -7.5000   -7.5000   45.0000 2423.9192   17.0969
    0.0000   -7.5000   45.0000 2433.4878   16.9287
    7.5000   -7.5000   45.0000 2401.7410   17.1037
   -7.5000    0.0000   45.0000 2512.3477   15.9987
    0.0000    0.0000   45.0000 2528.5481   15.7969
    7.5000    0.0000   45.0000 2498.2808   16.0420
   -7.5000    7.5000   45.0000 2579.8892   15.1921
    0.0000    7.5000   45.0000 2598.7622   15.0077
    7.5000    7.5000   45.0000 2571.6206   15.2314
   -7.5000   15.0000   45.0000 2618.2178   14.7924
    0.0000   15.0000   45.0000 2634.3445   14.5918
    7.5000   15.0000   45.0000 2613.0117   14.7838
   -7.5000   22.5000   45.0000 2612.6821   14.7240
    0.0000   22.5000   45.0000 2635.4746   14.5201
    7.5000   22.5000   45.0000 2617.2571   14.6678
   -7.5000   30.0000   45.0000 2584.4495   14.9342
    0.0000   30.0000   45.0000 2599.8481   14.7282
    7.5000   30.0000   45.0000 2590.5625   14.8762
   -7.5000   37.5000   45.0000 2533.2273   15.4943
    0.0000   37.5000   45.0000 2542.5706   15.2813
    7.5000   37.5000   45.0000 2529.9702   15.3859
   -7.5000   45.0000   45.0000 2447.6702   16.2905
    0.0000   45.0000   45.0000 2461.3872   16.0893
    7.5000   45.0000   45.0000 2446.5989   16.1741

---------------------------------------------------------------------
imgreg_4dfp /opt/freesurfer/average/711-2C_as_mni_average_305 /opt/freesurfer/average/711-2B_as_mni_average_305_mask talsrcimg_g11 none talsrcimg_to_711-2C_as_mni_average_305_t4 1283
---------------------------------------------------------------------

freesurfer imgreg_4dfp.c
/opt/freesurfer/average/711-2C_as_mni_average_305.4dfp.img
       256       256       256         1
  1.000000  1.000000  1.000000
orientation T byte_order littleendian
Reading image: /opt/freesurfer/average/711-2C_as_mni_average_305.4dfp.img
dimensions:      256       256       256
mmppix:       1.0000   -1.0000   -1.0000
center:     128.0000 -129.0000 -129.0000
/opt/freesurfer/average/711-2B_as_mni_average_305_mask.4dfp.img
       256       256       256         1
  1.000000  1.000000  1.000000
orientation T byte_order littleendian
Reading mask: /opt/freesurfer/average/711-2B_as_mni_average_305_mask.4dfp.img (2306576 pixels)
talsrcimg_g11.4dfp.img
       256       256       256         1
  1.000000  1.000000  1.000000
orientation T byte_order littleendian
Reading image: talsrcimg_g11.4dfp.img
dimensions:      256       256       256
mmppix:       1.0000   -1.0000   -1.0000
center:     128.0000 -129.0000 -129.0000
rotation matrix determinant  1.000000
fimgreg.f
image alignment mode   1283 decimal      503 hex
parameters
    0.0000   22.5000   15.0000    0.0000    0.0000    0.0000
eta,q 0.92870 11.98727
niter,ni,del,rscale     5    3   12.0000    1.2000
parameter  5 -1.071631 -> -0.500000 qaram    1.1500
parameters
    2.8037   21.2420   12.9149   -1.4372    3.4500    0.7798
eta,q 0.93243 11.82882
  0.0851  0.0763  0.0714  0.0732  0.0790  0.0724
  0.0823  0.0720  0.0712  0.0716  0.0758  0.0705
  0.0780  0.0706  0.0711  0.0703  0.0726  0.0683
  0.0735  0.0713  0.0708  0.0709  0.0704  0.0675
  0.0716  0.0737  0.0713  0.0724  0.0686  0.0680
  0.0722  0.0773  0.0742  0.0744  0.0672  0.0690
  0.0754  0.0823  0.0790  0.0769  0.0672  0.0705
niter,ni,del,rscale     5    3   12.0000    1.2000
parameters
    1.5542   21.5132   11.7713   -3.1033    5.5129    1.1545
eta,q 0.93396 11.79038
  0.0744  0.0754  0.0691  0.0692  0.0758  0.0705
  0.0697  0.0709  0.0680  0.0684  0.0714  0.0687
  0.0676  0.0679  0.0674  0.0672  0.0688  0.0669
  0.0676  0.0675  0.0676  0.0674  0.0670  0.0660
  0.0703  0.0684  0.0681  0.0690  0.0660  0.0666
  0.0766  0.0704  0.0690  0.0710  0.0666  0.0679
  0.0834  0.0736  0.0717  0.0732  0.0693  0.0696
niter,ni,del,rscale     4    3   12.0000    1.2000
parameters
    0.6824   21.6698   11.1781   -3.9658    6.6252    0.8091
eta,q 0.93407 11.79220
  0.0742  0.0714  0.0699  0.0685  0.0727  0.0691
  0.0695  0.0687  0.0684  0.0678  0.0698  0.0677
  0.0671  0.0672  0.0665  0.0670  0.0679  0.0665
  0.0660  0.0665  0.0665  0.0663  0.0664  0.0659
  0.0682  0.0669  0.0677  0.0670  0.0658  0.0666
  0.0745  0.0683  0.0690  0.0687  0.0674  0.0682
  0.0808  0.0711  0.0718  0.0708  0.0700  0.0700
niter,ni,del,rscale     3    3   12.0000    1.2000
parameters
    0.0054   21.9477   10.7134   -4.2951    7.5874    0.0709
eta,q 0.93460 11.80555
  0.0746  0.0699  0.0694  0.0685  0.0720  0.0684
  0.0697  0.0679  0.0687  0.0679  0.0695  0.0669
  0.0665  0.0673  0.0664  0.0670  0.0678  0.0659
  0.0659  0.0660  0.0659  0.0658  0.0660  0.0654
  0.0676  0.0658  0.0672  0.0663  0.0653  0.0664
  0.0734  0.0670  0.0685  0.0678  0.0673  0.0682
  0.0797  0.0699  0.0713  0.0699  0.0699  0.0703
niter,ni,del,rscale     2    3   12.0000    1.2000
parameters
   -0.6020   21.9571   10.2297   -4.2992    8.3454   -0.5715
eta,q 0.93500 11.81271
  0.0743  0.0684  0.0684  0.0681  0.0717  0.0684
  0.0697  0.0672  0.0680  0.0678  0.0697  0.0667
  0.0657  0.0669  0.0664  0.0669  0.0676  0.0655
  0.0654  0.0652  0.0652  0.0653  0.0653  0.0649
  0.0676  0.0647  0.0664  0.0652  0.0651  0.0659
  0.0727  0.0664  0.0679  0.0671  0.0678  0.0679
  0.0787  0.0697  0.0703  0.0691  0.0702  0.0702
niter,ni,del,rscale     1    3   12.0000    1.2000
parameters
   -1.0718   21.7689    9.9043   -4.0228    8.8408   -1.1698
eta,q 0.93515 11.80627
  0.0745  0.0676  0.0682  0.0678  0.0716  0.0682
  0.0704  0.0669  0.0677  0.0676  0.0697  0.0667
  0.0661  0.0666  0.0665  0.0667  0.0671  0.0654
  0.0650  0.0649  0.0651  0.0652  0.0649  0.0647
  0.0676  0.0642  0.0658  0.0644  0.0655  0.0655
  0.0725  0.0661  0.0677  0.0664  0.0686  0.0678
  0.0778  0.0697  0.0696  0.0686  0.0704  0.0701
registration optimization eta report
parameter search radius
    6.0000    6.0000    6.0000    6.0000    6.9000    6.0000
100000*second partial in parameter space
       30.       10.        9.        8.       12.       12.
  0.0745  0.0676  0.0682  0.0678  0.0716  0.0682
  0.0704  0.0669  0.0677  0.0676  0.0697  0.0667
  0.0661  0.0666  0.0665  0.0667  0.0671  0.0654
  0.0650  0.0649  0.0651  0.0652  0.0649  0.0647
  0.0676  0.0642  0.0658  0.0644  0.0655  0.0655
  0.0725  0.0661  0.0677  0.0664  0.0686  0.0678
  0.0778  0.0697  0.0696  0.0686  0.0704  0.0701
   -1.0718   21.7689    9.9043   -4.0228    8.8408   -1.1698
eta,q 0.93515 11.80627

---------------------------------------------------------------------
imgreg_4dfp /opt/freesurfer/average/711-2C_as_mni_average_305 /opt/freesurfer/average/711-2B_as_mni_average_305_mask talsrcimg_g11 none talsrcimg_to_711-2C_as_mni_average_305_t4 3335
---------------------------------------------------------------------

freesurfer imgreg_4dfp.c
/opt/freesurfer/average/711-2C_as_mni_average_305.4dfp.img
       256       256       256         1
  1.000000  1.000000  1.000000
orientation T byte_order littleendian
Reading image: /opt/freesurfer/average/711-2C_as_mni_average_305.4dfp.img
dimensions:      256       256       256
mmppix:       1.0000   -1.0000   -1.0000
center:     128.0000 -129.0000 -129.0000
/opt/freesurfer/average/711-2B_as_mni_average_305_mask.4dfp.img
       256       256       256         1
  1.000000  1.000000  1.000000
orientation T byte_order littleendian
Reading mask: /opt/freesurfer/average/711-2B_as_mni_average_305_mask.4dfp.img (2306576 pixels)
talsrcimg_g11.4dfp.img
       256       256       256         1
  1.000000  1.000000  1.000000
orientation T byte_order littleendian
Reading image: talsrcimg_g11.4dfp.img
dimensions:      256       256       256
mmppix:       1.0000   -1.0000   -1.0000
center:     128.0000 -129.0000 -129.0000
fimgreg.f
image alignment mode   3335 decimal      D07 hex
parameters
   -1.0718   21.7689    9.9043   -1.2087   -0.2892   -1.4315
    3.1145  -15.1847   -2.0173    7.3269   15.3690   -6.9320
eta,q 0.93623 11.81594
niter,ni,del,rscale     5    3    5.0000    1.2000
parameter  4  4.277792 ->  0.500000 qaram    1.1500
parameter  5********** ->  0.500000 qaram    1.1500
parameter  6  3.379841 ->  0.500000 qaram    1.1500
parameter 10  0.653074 ->  0.500000 qaram    1.1500
parameter 11  0.692204 ->  0.500000 qaram    1.1500
parameter 12  0.697706 ->  0.500000 qaram    1.1500
parameters
   -1.4050   22.5173   10.3852   -5.3487   -4.4292   -5.5715
    2.8203  -14.7037   -2.1387    3.1869   11.2290  -11.0720
eta,q 0.95971 11.32161
  0.0649  0.0650  0.0646  0.0546  0.0465  0.0392  0.0450  0.0486  0.0449  0.0423  0.0413  0.0404
  0.0642  0.0645  0.0640  0.0570  0.0506  0.0420  0.0440  0.0461  0.0439  0.0420  0.0409  0.0403
  0.0638  0.0641  0.0637  0.0599  0.0541  0.0465  0.0433  0.0441  0.0433  0.0422  0.0412  0.0405
  0.0638  0.0638  0.0636  0.0636  0.0577  0.0516  0.0431  0.0431  0.0430  0.0430  0.0420  0.0409
  0.0641  0.0636  0.0636  0.0674  0.0617  0.0567  0.0434  0.0434  0.0433  0.0448  0.0433  0.0417
  0.0647  0.0637  0.0637  0.0708  0.0654  0.0621  0.0442  0.0451  0.0440  0.0473  0.0449  0.0428
  0.0658  0.0642  0.0639  0.0748  0.0691  0.0680  0.0454  0.0475  0.0451  0.0497  0.0468  0.0441
niter,ni,del,rscale     7    3    5.0000    1.2000
parameter  4  0.655538 ->  0.500000 qaram    1.3225
parameter  5  3.259287 ->  0.500000 qaram    1.3225
parameter  6  0.592825 ->  0.500000 qaram    1.3225
parameters
   -1.5074   22.3089   10.5262  -10.1097   -9.1902  -10.3325
    3.6991  -14.5126   -1.4109    6.8397    7.3614  -11.1166
eta,q 0.96958 10.87413
  0.0435  0.0414  0.0431  0.0387  0.0294  0.0307  0.0339  0.0346  0.0338  0.0382  0.0307  0.0318
  0.0416  0.0407  0.0416  0.0385  0.0313  0.0313  0.0327  0.0325  0.0326  0.0354  0.0304  0.0310
  0.0405  0.0404  0.0407  0.0388  0.0346  0.0315  0.0319  0.0315  0.0318  0.0330  0.0305  0.0306
  0.0403  0.0403  0.0403  0.0403  0.0385  0.0321  0.0314  0.0314  0.0314  0.0314  0.0307  0.0304
  0.0409  0.0404  0.0405  0.0435  0.0419  0.0353  0.0314  0.0317  0.0314  0.0306  0.0309  0.0306
  0.0421  0.0409  0.0413  0.0483  0.0459  0.0407  0.0320  0.0325  0.0320  0.0309  0.0312  0.0311
  0.0440  0.0419  0.0425  0.0532  0.0503  0.0472  0.0330  0.0340  0.0331  0.0319  0.0318  0.0319
niter,ni,del,rscale     7    3    5.0000    1.2000
parameter  3  0.555479 ->  0.500000 qaram    1.1500
parameter  5  0.854869 ->  0.500000 qaram    1.5209
parameters
   -0.8203   22.6664    9.1462  -11.9828  -14.6654  -13.9948
    3.4198  -13.6978   -0.5830    6.3677    8.4298  -12.2958
eta,q 0.97384 10.27558
  0.0346  0.0337  0.0299  0.0318  0.0270  0.0274  0.0280  0.0305  0.0284  0.0297  0.0274  0.0270
  0.0328  0.0320  0.0297  0.0306  0.0269  0.0263  0.0270  0.0283  0.0273  0.0276  0.0268  0.0265
  0.0313  0.0308  0.0297  0.0299  0.0274  0.0264  0.0264  0.0270  0.0266  0.0265  0.0264  0.0262
  0.0304  0.0301  0.0300  0.0297  0.0298  0.0269  0.0263  0.0263  0.0262  0.0262  0.0262  0.0262
  0.0301  0.0301  0.0306  0.0303  0.0338  0.0277  0.0266  0.0263  0.0263  0.0267  0.0262  0.0264
  0.0305  0.0308  0.0315  0.0321  0.0376  0.0307  0.0272  0.0272  0.0267  0.0283  0.0265  0.0269
  0.0317  0.0321  0.0326  0.0356  0.0419  0.0358  0.0282  0.0290  0.0276  0.0306  0.0269  0.0277
niter,ni,del,rscale     7    3    5.0000    1.2000
parameters
   -0.6464   23.0666    8.5746  -10.6500  -17.8076  -15.2847
    3.2581  -13.5228   -0.2517    7.7412    8.2622  -12.3081
eta,q 0.97459 10.10006
  0.0291  0.0294  0.0271  0.0287  0.0281  0.0284  0.0273  0.0291  0.0273  0.0302  0.0264  0.0267
  0.0275  0.0278  0.0264  0.0273  0.0266  0.0266  0.0263  0.0272  0.0264  0.0279  0.0259  0.0261
  0.0266  0.0267  0.0260  0.0264  0.0258  0.0255  0.0257  0.0260  0.0258  0.0263  0.0255  0.0256
  0.0262  0.0262  0.0261  0.0260  0.0259  0.0258  0.0255  0.0255  0.0255  0.0255  0.0254  0.0254
  0.0263  0.0261  0.0266  0.0258  0.0271  0.0268  0.0258  0.0258  0.0256  0.0255  0.0256  0.0256
  0.0271  0.0267  0.0274  0.0262  0.0310  0.0276  0.0264  0.0270  0.0262  0.0263  0.0259  0.0260
  0.0283  0.0278  0.0285  0.0277  0.0353  0.0303  0.0274  0.0288  0.0270  0.0279  0.0265  0.0268
niter,ni,del,rscale     6    3    5.0000    1.2000
parameters
   -0.5874   23.5055    8.1752  -11.1553  -18.8779  -16.1363
    2.9128  -13.2801   -0.2205    8.8689    8.4382  -12.1717
eta,q 0.97487  9.97058
  0.0281  0.0285  0.0267  0.0273  0.0288  0.0285  0.0269  0.0288  0.0268  0.0295  0.0263  0.0266
  0.0266  0.0270  0.0258  0.0261  0.0270  0.0266  0.0259  0.0270  0.0259  0.0274  0.0257  0.0259
  0.0257  0.0259  0.0253  0.0254  0.0258  0.0254  0.0254  0.0258  0.0254  0.0259  0.0253  0.0253
  0.0254  0.0254  0.0253  0.0253  0.0253  0.0253  0.0252  0.0252  0.0252  0.0252  0.0251  0.0251
  0.0257  0.0254  0.0258  0.0254  0.0257  0.0265  0.0255  0.0255  0.0254  0.0253  0.0253  0.0253
  0.0265  0.0259  0.0266  0.0261  0.0274  0.0275  0.0262  0.0266  0.0259  0.0261  0.0256  0.0258
  0.0278  0.0268  0.0278  0.0281  0.0316  0.0296  0.0272  0.0284  0.0268  0.0277  0.0263  0.0266
niter,ni,del,rscale     5    3    5.0000    1.2000
parameters
   -0.5540   23.8998    7.7968  -11.3517  -19.6610  -17.0438
    2.7063  -13.0887   -0.4504    9.9507    8.8430  -12.0553
eta,q 0.97511  9.87535
  0.0277  0.0281  0.0266  0.0271  0.0285  0.0283  0.0267  0.0284  0.0265  0.0290  0.0262  0.0265
  0.0263  0.0266  0.0256  0.0258  0.0267  0.0265  0.0257  0.0267  0.0256  0.0270  0.0256  0.0256
  0.0254  0.0256  0.0251  0.0251  0.0255  0.0252  0.0251  0.0255  0.0251  0.0256  0.0251  0.0251
  0.0251  0.0251  0.0251  0.0250  0.0250  0.0251  0.0250  0.0250  0.0249  0.0249  0.0249  0.0249
  0.0254  0.0252  0.0255  0.0252  0.0254  0.0262  0.0252  0.0252  0.0252  0.0250  0.0250  0.0251
  0.0262  0.0257  0.0264  0.0258  0.0268  0.0275  0.0259  0.0264  0.0258  0.0259  0.0254  0.0256
  0.0276  0.0266  0.0276  0.0274  0.0306  0.0295  0.0269  0.0282  0.0266  0.0274  0.0260  0.0264
niter,ni,del,rscale     4    3    5.0000    1.2000
parameters
   -0.4804   24.3535    7.3340  -11.6431  -20.6035  -18.1375
    2.5116  -12.8502   -0.9476   11.2939    9.4321  -11.9571
eta,q 0.97544  9.76251
  0.0275  0.0279  0.0262  0.0268  0.0280  0.0280  0.0264  0.0281  0.0261  0.0288  0.0260  0.0262
  0.0261  0.0264  0.0253  0.0255  0.0262  0.0262  0.0255  0.0264  0.0253  0.0268  0.0253  0.0253
  0.0252  0.0254  0.0248  0.0248  0.0251  0.0250  0.0249  0.0252  0.0248  0.0254  0.0248  0.0248
  0.0249  0.0249  0.0248  0.0248  0.0247  0.0248  0.0247  0.0247  0.0247  0.0247  0.0246  0.0246
  0.0251  0.0249  0.0253  0.0250  0.0252  0.0259  0.0249  0.0249  0.0249  0.0247  0.0247  0.0248
  0.0259  0.0254  0.0262  0.0256  0.0265  0.0275  0.0256  0.0261  0.0256  0.0254  0.0250  0.0253
  0.0272  0.0262  0.0275  0.0272  0.0302  0.0295  0.0266  0.0278  0.0265  0.0268  0.0257  0.0261
niter,ni,del,rscale     3    3    5.0000    1.2000
parameters
   -0.3516   24.9438    6.7440  -12.0746  -21.7329  -19.3757
    2.2673  -12.5288   -1.5515   12.7446    9.8078  -12.0400
eta,q 0.97595  9.62929
  0.0273  0.0278  0.0256  0.0264  0.0275  0.0274  0.0259  0.0277  0.0257  0.0285  0.0255  0.0257
  0.0258  0.0263  0.0247  0.0251  0.0256  0.0257  0.0250  0.0260  0.0248  0.0265  0.0248  0.0248
  0.0249  0.0252  0.0243  0.0243  0.0245  0.0245  0.0244  0.0248  0.0243  0.0250  0.0243  0.0242
  0.0246  0.0246  0.0244  0.0243  0.0243  0.0243  0.0242  0.0242  0.0242  0.0242  0.0240  0.0240
  0.0248  0.0244  0.0250  0.0246  0.0249  0.0254  0.0245  0.0244  0.0245  0.0241  0.0242  0.0243
  0.0255  0.0248  0.0260  0.0254  0.0263  0.0272  0.0252  0.0255  0.0253  0.0248  0.0246  0.0249
  0.0267  0.0257  0.0273  0.0268  0.0297  0.0294  0.0262  0.0272  0.0263  0.0263  0.0253  0.0257
niter,ni,del,rscale     2    3    5.0000    1.2000
parameters
   -0.1897   25.4886    6.1779  -12.3646  -22.4613  -20.3041
    2.2045  -12.2780   -1.7753   13.8393    9.7916  -12.4387
eta,q 0.97629  9.54338
  0.0268  0.0274  0.0251  0.0262  0.0275  0.0271  0.0256  0.0272  0.0257  0.0280  0.0251  0.0252
  0.0254  0.0258  0.0243  0.0247  0.0255  0.0253  0.0246  0.0255  0.0246  0.0259  0.0244  0.0244
  0.0244  0.0247  0.0238  0.0239  0.0242  0.0241  0.0240  0.0243  0.0239  0.0245  0.0239  0.0238
  0.0240  0.0240  0.0239  0.0238  0.0238  0.0238  0.0238  0.0238  0.0238  0.0238  0.0237  0.0237
  0.0242  0.0239  0.0244  0.0242  0.0244  0.0247  0.0240  0.0240  0.0241  0.0239  0.0239  0.0240
  0.0249  0.0244  0.0254  0.0250  0.0258  0.0264  0.0247  0.0251  0.0248  0.0247  0.0244  0.0246
  0.0262  0.0253  0.0267  0.0264  0.0290  0.0286  0.0257  0.0268  0.0259  0.0262  0.0251  0.0255
niter,ni,del,rscale     1    3    5.0000    1.2000
parameters
   -0.0889   25.8229    5.7974  -12.3944  -22.7849  -20.8580
    2.2443  -12.1345   -1.7538   14.5369    9.7032  -12.7559
eta,q 0.97638  9.50965
  0.0264  0.0267  0.0251  0.0262  0.0277  0.0271  0.0256  0.0269  0.0257  0.0275  0.0250  0.0252
  0.0249  0.0252  0.0242  0.0247  0.0256  0.0253  0.0245  0.0253  0.0246  0.0255  0.0243  0.0243
  0.0240  0.0242  0.0237  0.0238  0.0241  0.0241  0.0239  0.0241  0.0239  0.0241  0.0238  0.0238
  0.0237  0.0237  0.0237  0.0236  0.0236  0.0236  0.0236  0.0236  0.0236  0.0236  0.0236  0.0236
  0.0239  0.0238  0.0241  0.0240  0.0241  0.0243  0.0239  0.0239  0.0239  0.0239  0.0238  0.0239
  0.0247  0.0243  0.0249  0.0248  0.0255  0.0259  0.0245  0.0250  0.0246  0.0248  0.0243  0.0245
  0.0259  0.0254  0.0261  0.0261  0.0286  0.0280  0.0255  0.0267  0.0257  0.0264  0.0251  0.0254
registration optimization eta report
parameter search radius
    2.4000    2.4000    2.7600    9.5220   10.9503    9.5220
    7.2000    7.2000    7.2000    8.2800    8.2800    8.2800
100000*second partial in parameter space
       43.       41.       25.        3.        4.        4.
        4.        6.        4.        5.        2.        2.
  0.0264  0.0267  0.0251  0.0262  0.0277  0.0271  0.0256  0.0269  0.0257  0.0275  0.0250  0.0252
  0.0249  0.0252  0.0242  0.0247  0.0256  0.0253  0.0245  0.0253  0.0246  0.0255  0.0243  0.0243
  0.0240  0.0242  0.0237  0.0238  0.0241  0.0241  0.0239  0.0241  0.0239  0.0241  0.0238  0.0238
  0.0237  0.0237  0.0237  0.0236  0.0236  0.0236  0.0236  0.0236  0.0236  0.0236  0.0236  0.0236
  0.0239  0.0238  0.0241  0.0240  0.0241  0.0243  0.0239  0.0239  0.0239  0.0239  0.0238  0.0239
  0.0247  0.0243  0.0249  0.0248  0.0255  0.0259  0.0245  0.0250  0.0246  0.0248  0.0243  0.0245
  0.0259  0.0254  0.0261  0.0261  0.0286  0.0280  0.0255  0.0267  0.0257  0.0264  0.0251  0.0254
   -0.0889   25.8229    5.7974  -12.3944  -22.7849  -20.8580
    2.2443  -12.1345   -1.7538   14.5369    9.7032  -12.7559
eta,q 0.97638  9.50965

---------------------------------------------------------------------
imgreg_4dfp /opt/freesurfer/average/711-2C_as_mni_average_305 /opt/freesurfer/average/711-2B_as_mni_average_305_mask talsrcimg_g11 none talsrcimg_to_711-2C_as_mni_average_305_t4 2311
---------------------------------------------------------------------

freesurfer imgreg_4dfp.c
/opt/freesurfer/average/711-2C_as_mni_average_305.4dfp.img
       256       256       256         1
  1.000000  1.000000  1.000000
orientation T byte_order littleendian
Reading image: /opt/freesurfer/average/711-2C_as_mni_average_305.4dfp.img
dimensions:      256       256       256
mmppix:       1.0000   -1.0000   -1.0000
center:     128.0000 -129.0000 -129.0000
/opt/freesurfer/average/711-2B_as_mni_average_305_mask.4dfp.img
       256       256       256         1
  1.000000  1.000000  1.000000
orientation T byte_order littleendian
Reading mask: /opt/freesurfer/average/711-2B_as_mni_average_305_mask.4dfp.img (2306576 pixels)
talsrcimg_g11.4dfp.img
       256       256       256         1
  1.000000  1.000000  1.000000
orientation T byte_order littleendian
Reading image: talsrcimg_g11.4dfp.img
dimensions:      256       256       256
mmppix:       1.0000   -1.0000   -1.0000
center:     128.0000 -129.0000 -129.0000
fimgreg.f
image alignment mode   2311 decimal      907 hex
parameters
   -0.0889   25.8229    5.7974  -12.3944  -22.7849  -20.8580
    2.2443  -12.1345   -1.7538   14.5369    9.7032  -12.7559
eta,q 0.97639  9.50965
niter,ni,del,rscale     5    3    5.0000    0.8000
parameters
   -0.0527   26.0003    5.5523  -12.8555  -22.4691  -21.1151
    2.2603  -11.9676   -1.7109   14.8086    9.7036  -13.0530
eta,q 0.97645  9.49813
  0.0248  0.0249  0.0241  0.0242  0.0245  0.0246  0.0245  0.0252  0.0246  0.0248  0.0241  0.0241
  0.0241  0.0242  0.0238  0.0238  0.0240  0.0240  0.0240  0.0244  0.0240  0.0241  0.0238  0.0238
  0.0237  0.0238  0.0236  0.0236  0.0237  0.0237  0.0237  0.0238  0.0237  0.0237  0.0236  0.0236
  0.0236  0.0236  0.0236  0.0236  0.0236  0.0236  0.0236  0.0236  0.0236  0.0235  0.0236  0.0236
  0.0237  0.0237  0.0237  0.0237  0.0236  0.0237  0.0237  0.0237  0.0237  0.0237  0.0236  0.0237
  0.0241  0.0239  0.0240  0.0240  0.0239  0.0242  0.0240  0.0242  0.0240  0.0240  0.0238  0.0239
  0.0247  0.0244  0.0245  0.0243  0.0243  0.0249  0.0245  0.0250  0.0245  0.0245  0.0241  0.0242
niter,ni,del,rscale     4    3    5.0000    0.7000
parameters
   -0.0168   26.0534    5.4320  -12.9356  -22.5076  -21.2762
    2.2554  -11.8793   -1.6916   14.9332    9.7254  -13.1248
eta,q 0.97645  9.48741
  0.0245  0.0244  0.0240  0.0241  0.0242  0.0244  0.0243  0.0248  0.0243  0.0245  0.0240  0.0240
  0.0240  0.0239  0.0237  0.0237  0.0238  0.0239  0.0239  0.0242  0.0239  0.0239  0.0237  0.0237
  0.0237  0.0237  0.0236  0.0236  0.0236  0.0236  0.0236  0.0237  0.0236  0.0236  0.0236  0.0236
  0.0236  0.0236  0.0235  0.0235  0.0235  0.0235  0.0235  0.0235  0.0235  0.0235  0.0235  0.0235
  0.0236  0.0236  0.0236  0.0237  0.0236  0.0237  0.0236  0.0236  0.0236  0.0236  0.0236  0.0236
  0.0239  0.0239  0.0238  0.0238  0.0238  0.0240  0.0239  0.0240  0.0239  0.0239  0.0237  0.0238
  0.0244  0.0243  0.0241  0.0241  0.0242  0.0245  0.0243  0.0247  0.0243  0.0243  0.0239  0.0240
niter,ni,del,rscale     3    3    5.0000    0.6000
parameters
    0.0047   26.0907    5.3674  -13.0385  -22.5249  -21.3564
    2.2465  -11.8209   -1.6949   14.9849    9.7205  -13.1702
eta,q 0.97646  9.47890
  0.0242  0.0242  0.0239  0.0240  0.0240  0.0242  0.0241  0.0245  0.0241  0.0242  0.0238  0.0239
  0.0238  0.0238  0.0237  0.0237  0.0237  0.0238  0.0238  0.0240  0.0238  0.0238  0.0237  0.0237
  0.0236  0.0236  0.0236  0.0236  0.0236  0.0236  0.0236  0.0237  0.0236  0.0236  0.0236  0.0236
  0.0235  0.0235  0.0235  0.0235  0.0235  0.0235  0.0235  0.0235  0.0235  0.0235  0.0235  0.0235
  0.0236  0.0236  0.0236  0.0236  0.0236  0.0236  0.0236  0.0236  0.0236  0.0236  0.0236  0.0236
  0.0238  0.0238  0.0237  0.0238  0.0237  0.0239  0.0238  0.0239  0.0238  0.0238  0.0237  0.0237
  0.0242  0.0241  0.0240  0.0240  0.0240  0.0243  0.0241  0.0244  0.0241  0.0241  0.0238  0.0239
niter,ni,del,rscale     2    3    5.0000    0.5000
parameters
    0.0155   26.1062    5.3319  -13.1316  -22.5336  -21.3771
    2.2524  -11.7847   -1.6943   14.9807    9.7421  -13.1869
eta,q 0.97646  9.47302
  0.0240  0.0240  0.0238  0.0238  0.0239  0.0240  0.0239  0.0242  0.0239  0.0240  0.0238  0.0238
  0.0237  0.0237  0.0236  0.0237  0.0237  0.0238  0.0237  0.0238  0.0237  0.0237  0.0236  0.0236
  0.0236  0.0236  0.0236  0.0236  0.0236  0.0236  0.0236  0.0236  0.0236  0.0236  0.0236  0.0236
  0.0235  0.0235  0.0235  0.0235  0.0235  0.0235  0.0235  0.0235  0.0235  0.0235  0.0235  0.0235
  0.0236  0.0236  0.0236  0.0236  0.0236  0.0236  0.0236  0.0236  0.0236  0.0236  0.0236  0.0236
  0.0237  0.0237  0.0237  0.0237  0.0237  0.0237  0.0237  0.0238  0.0237  0.0237  0.0236  0.0237
  0.0240  0.0239  0.0238  0.0238  0.0239  0.0240  0.0239  0.0242  0.0239  0.0240  0.0237  0.0238
niter,ni,del,rscale     1    3    5.0000    0.4000
parameters
    0.0226   26.1088    5.3270  -13.2366  -22.5073  -21.3426
    2.2536  -11.7605   -1.7024   14.9475    9.7530  -13.2231
eta,q 0.97646  9.47042
  0.0238  0.0238  0.0237  0.0237  0.0237  0.0238  0.0238  0.0240  0.0238  0.0238  0.0237  0.0237
  0.0237  0.0237  0.0236  0.0236  0.0236  0.0237  0.0236  0.0237  0.0236  0.0236  0.0236  0.0236
  0.0236  0.0236  0.0236  0.0236  0.0236  0.0236  0.0236  0.0236  0.0236  0.0236  0.0235  0.0236
  0.0235  0.0235  0.0235  0.0235  0.0235  0.0235  0.0235  0.0235  0.0235  0.0235  0.0235  0.0235
  0.0236  0.0236  0.0236  0.0236  0.0236  0.0236  0.0236  0.0236  0.0236  0.0236  0.0235  0.0236
  0.0237  0.0237  0.0236  0.0237  0.0236  0.0237  0.0236  0.0237  0.0237  0.0237  0.0236  0.0236
  0.0238  0.0238  0.0237  0.0238  0.0237  0.0238  0.0238  0.0239  0.0238  0.0238  0.0237  0.0237
registration optimization eta report
parameter search radius
    0.8000    0.8000    0.8000    2.4000    2.4000    2.4000
    2.4000    2.4000    2.4000    2.4000    2.4000    2.4000
100000*second partial in parameter space
       45.       41.       26.        3.        4.        5.
        4.        7.        4.        5.        2.        3.
  0.0238  0.0238  0.0237  0.0237  0.0237  0.0238  0.0238  0.0240  0.0238  0.0238  0.0237  0.0237
  0.0237  0.0237  0.0236  0.0236  0.0236  0.0237  0.0236  0.0237  0.0236  0.0236  0.0236  0.0236
  0.0236  0.0236  0.0236  0.0236  0.0236  0.0236  0.0236  0.0236  0.0236  0.0236  0.0235  0.0236
  0.0235  0.0235  0.0235  0.0235  0.0235  0.0235  0.0235  0.0235  0.0235  0.0235  0.0235  0.0235
  0.0236  0.0236  0.0236  0.0236  0.0236  0.0236  0.0236  0.0236  0.0236  0.0236  0.0235  0.0236
  0.0237  0.0237  0.0236  0.0237  0.0236  0.0237  0.0236  0.0237  0.0237  0.0237  0.0236  0.0236
  0.0238  0.0238  0.0237  0.0238  0.0237  0.0238  0.0238  0.0239  0.0238  0.0238  0.0237  0.0237
    0.0226   26.1088    5.3270  -13.2366  -22.5073  -21.3426
    2.2536  -11.7605   -1.7024   14.9475    9.7530  -13.2231
eta,q 0.97646  9.47042

---------------------------------------------------------------------
imgreg_4dfp /opt/freesurfer/average/711-2C_as_mni_average_305 /opt/freesurfer/average/711-2B_as_mni_average_305_mask talsrcimg_g11 none talsrcimg_to_711-2C_as_mni_average_305_t4 2311
---------------------------------------------------------------------

freesurfer imgreg_4dfp.c
/opt/freesurfer/average/711-2C_as_mni_average_305.4dfp.img
       256       256       256         1
  1.000000  1.000000  1.000000
orientation T byte_order littleendian
Reading image: /opt/freesurfer/average/711-2C_as_mni_average_305.4dfp.img
dimensions:      256       256       256
mmppix:       1.0000   -1.0000   -1.0000
center:     128.0000 -129.0000 -129.0000
/opt/freesurfer/average/711-2B_as_mni_average_305_mask.4dfp.img
       256       256       256         1
  1.000000  1.000000  1.000000
orientation T byte_order littleendian
Reading mask: /opt/freesurfer/average/711-2B_as_mni_average_305_mask.4dfp.img (2306576 pixels)
talsrcimg_g11.4dfp.img
       256       256       256         1
  1.000000  1.000000  1.000000
orientation T byte_order littleendian
Reading image: talsrcimg_g11.4dfp.img
dimensions:      256       256       256
mmppix:       1.0000   -1.0000   -1.0000
center:     128.0000 -129.0000 -129.0000
fimgreg.f
image alignment mode   2311 decimal      907 hex
parameters
    0.0226   26.1088    5.3270  -13.2366  -22.5073  -21.3426
    2.2536  -11.7605   -1.7024   14.9475    9.7530  -13.2231
eta,q 0.97646  9.47042
niter,ni,del,rscale     5    3    5.0000    0.8000
parameters
    0.0411   26.1167    5.3402  -12.8660  -22.5653  -21.4664
    2.2218  -11.8376   -1.6791   15.1278    9.6992  -13.1848
eta,q 0.97645  9.48334
  0.0247  0.0246  0.0242  0.0244  0.0244  0.0246  0.0245  0.0250  0.0245  0.0247  0.0241  0.0242
  0.0241  0.0240  0.0238  0.0239  0.0239  0.0241  0.0240  0.0243  0.0240  0.0241  0.0238  0.0238
  0.0237  0.0237  0.0236  0.0236  0.0236  0.0237  0.0237  0.0237  0.0237  0.0237  0.0236  0.0236
  0.0235  0.0235  0.0235  0.0235  0.0235  0.0235  0.0235  0.0235  0.0235  0.0235  0.0236  0.0236
  0.0237  0.0237  0.0236  0.0236  0.0236  0.0237  0.0237  0.0237  0.0237  0.0237  0.0236  0.0236
  0.0240  0.0240  0.0238  0.0239  0.0239  0.0241  0.0240  0.0243  0.0240  0.0240  0.0238  0.0238
  0.0246  0.0246  0.0242  0.0241  0.0244  0.0248  0.0245  0.0252  0.0245  0.0245  0.0241  0.0242
niter,ni,del,rscale     4    3    5.0000    0.7000
parameters
    0.0297   26.1452    5.2903  -12.9208  -22.5666  -21.5326
    2.2535  -11.8161   -1.6645   15.1508    9.7118  -13.2053
eta,q 0.97645  9.47823
  0.0244  0.0244  0.0240  0.0241  0.0242  0.0244  0.0243  0.0247  0.0243  0.0244  0.0240  0.0240
  0.0239  0.0239  0.0237  0.0238  0.0238  0.0240  0.0239  0.0241  0.0239  0.0239  0.0237  0.0238
  0.0236  0.0237  0.0236  0.0236  0.0236  0.0237  0.0236  0.0237  0.0236  0.0236  0.0236  0.0236
  0.0236  0.0236  0.0235  0.0235  0.0235  0.0235  0.0236  0.0236  0.0236  0.0236  0.0236  0.0236
  0.0237  0.0236  0.0236  0.0237  0.0236  0.0236  0.0236  0.0237  0.0236  0.0237  0.0236  0.0236
  0.0239  0.0239  0.0238  0.0238  0.0238  0.0240  0.0239  0.0241  0.0239  0.0239  0.0237  0.0238
  0.0244  0.0243  0.0241  0.0241  0.0242  0.0245  0.0243  0.0248  0.0243  0.0243  0.0240  0.0240
niter,ni,del,rscale     3    3    5.0000    0.6000
parameters
    0.0313   26.1520    5.2613  -13.0219  -22.5619  -21.5399
    2.2465  -11.7759   -1.6770   15.1362    9.7272  -13.2179
eta,q 0.97645  9.47289
  0.0242  0.0241  0.0239  0.0240  0.0240  0.0242  0.0241  0.0245  0.0241  0.0242  0.0238  0.0239
  0.0238  0.0238  0.0237  0.0237  0.0238  0.0239  0.0238  0.0240  0.0238  0.0238  0.0237  0.0237
  0.0236  0.0236  0.0236  0.0236  0.0236  0.0236  0.0236  0.0237  0.0236  0.0236  0.0236  0.0236
  0.0235  0.0235  0.0235  0.0236  0.0236  0.0235  0.0235  0.0235  0.0235  0.0235  0.0235  0.0235
  0.0236  0.0236  0.0236  0.0236  0.0236  0.0236  0.0236  0.0236  0.0236  0.0236  0.0236  0.0236
  0.0238  0.0238  0.0237  0.0238  0.0237  0.0238  0.0238  0.0239  0.0238  0.0238  0.0237  0.0237
  0.0242  0.0241  0.0239  0.0240  0.0240  0.0242  0.0241  0.0244  0.0241  0.0241  0.0238  0.0239
niter,ni,del,rscale     2    3    5.0000    0.5000
parameters
    0.0335   26.1557    5.2615  -13.1354  -22.5485  -21.5060
    2.2626  -11.7584   -1.6895   15.0880    9.7386  -13.2375
eta,q 0.97646  9.46885
  0.0240  0.0240  0.0238  0.0238  0.0239  0.0240  0.0239  0.0242  0.0239  0.0240  0.0238  0.0238
  0.0237  0.0237  0.0237  0.0237  0.0237  0.0238  0.0237  0.0238  0.0237  0.0237  0.0236  0.0236
  0.0236  0.0236  0.0236  0.0236  0.0236  0.0236  0.0236  0.0236  0.0236  0.0236  0.0236  0.0236
  0.0235  0.0235  0.0236  0.0236  0.0235  0.0235  0.0235  0.0235  0.0235  0.0235  0.0235  0.0235
  0.0236  0.0236  0.0236  0.0236  0.0236  0.0236  0.0236  0.0236  0.0236  0.0236  0.0236  0.0236
  0.0237  0.0237  0.0237  0.0237  0.0237  0.0237  0.0237  0.0238  0.0237  0.0237  0.0236  0.0237
  0.0240  0.0239  0.0238  0.0239  0.0239  0.0240  0.0239  0.0242  0.0239  0.0240  0.0238  0.0238
niter,ni,del,rscale     1    3    5.0000    0.4000
parameters
    0.0270   26.1417    5.2745  -13.2218  -22.5287  -21.4203
    2.2767  -11.7474   -1.7023   15.0334    9.7492  -13.2308
eta,q 0.97646  9.46813
  0.0238  0.0238  0.0237  0.0237  0.0238  0.0239  0.0238  0.0240  0.0238  0.0238  0.0237  0.0237
  0.0237  0.0237  0.0236  0.0236  0.0236  0.0237  0.0236  0.0237  0.0236  0.0236  0.0236  0.0236
  0.0236  0.0236  0.0236  0.0236  0.0236  0.0236  0.0236  0.0236  0.0236  0.0236  0.0236  0.0236
  0.0235  0.0235  0.0235  0.0235  0.0235  0.0235  0.0235  0.0235  0.0235  0.0235  0.0235  0.0235
  0.0236  0.0236  0.0236  0.0236  0.0236  0.0236  0.0236  0.0236  0.0236  0.0236  0.0236  0.0236
  0.0237  0.0237  0.0236  0.0237  0.0236  0.0237  0.0236  0.0237  0.0237  0.0237  0.0236  0.0236
  0.0238  0.0238  0.0237  0.0238  0.0238  0.0238  0.0238  0.0239  0.0238  0.0238  0.0237  0.0237
registration optimization eta report
parameter search radius
    0.8000    0.8000    0.8000    2.4000    2.4000    2.4000
    2.4000    2.4000    2.4000    2.4000    2.4000    2.4000
100000*second partial in parameter space
       45.       40.       26.        4.        4.        5.
        4.        7.        4.        5.        2.        3.
  0.0238  0.0238  0.0237  0.0237  0.0238  0.0239  0.0238  0.0240  0.0238  0.0238  0.0237  0.0237
  0.0237  0.0237  0.0236  0.0236  0.0236  0.0237  0.0236  0.0237  0.0236  0.0236  0.0236  0.0236
  0.0236  0.0236  0.0236  0.0236  0.0236  0.0236  0.0236  0.0236  0.0236  0.0236  0.0236  0.0236
  0.0235  0.0235  0.0235  0.0235  0.0235  0.0235  0.0235  0.0235  0.0235  0.0235  0.0235  0.0235
  0.0236  0.0236  0.0236  0.0236  0.0236  0.0236  0.0236  0.0236  0.0236  0.0236  0.0236  0.0236
  0.0237  0.0237  0.0236  0.0237  0.0236  0.0237  0.0236  0.0237  0.0237  0.0237  0.0236  0.0236
  0.0238  0.0238  0.0237  0.0238  0.0238  0.0238  0.0238  0.0239  0.0238  0.0238  0.0237  0.0237
    0.0270   26.1417    5.2745  -13.2218  -22.5287  -21.4203
    2.2767  -11.7474   -1.7023   15.0334    9.7492  -13.2308
eta,q 0.97646  9.46813

---------------------------------------------------------------------
compute_vox2vox talsrcimg talsrcimg_to_711-2C_as_mni_average_305_t4 /opt/freesurfer/average/711-2C_as_mni_average_305
---------------------------------------------------------------------

freesurfer compute_vox2vox.c
Reading: talsrcimg.4dfp.ifh
Reading: talsrcimg_to_711-2C_as_mni_average_305_t4
Reading: /opt/freesurfer/average/711-2C_as_mni_average_305.4dfp.ifh
Writing: talsrcimg_to_711-2C_as_mni_average_305_t4_vox2vox.txt

start time Sun Mar 15 08:14:04 CET 2026
end		time Sun Mar 15 08:14:18 CET 2026

mpr2mni305 success

avi2talxfm orig_nu.mgz /opt/freesurfer/average/mni305.cor.mgz talsrcimg_to_711-2C_as_mni_average_305_t4_vox2vox.txt transforms/talairach.auto.xfm
avi2talxfm done
mv -f /out/sourcedata/freesurfer/sub-v2s10x28946_ses-1/mri/talsrcimg_to_711-2C_as_mni_average_305_t4_vox2vox.txt /out/sourcedata/freesurfer/sub-v2s10x28946_ses-1/mri/transforms/talsrcimg_to_711-2C_as_mni_average_305_t4_vox2vox.txt
lta_convert --src orig_nu.mgz --trg /opt/freesurfer/average/mni305.cor.mgz --inxfm transforms/talairach.auto.xfm --outlta transforms/talairach.auto.xfm.lta --subject fsaverage
7.3.2

--src: orig_nu.mgz src image (geometry).
--trg: /opt/freesurfer/average/mni305.cor.mgz trg image (geometry).
--inmni: transforms/talairach.auto.xfm input MNI/XFM transform.
--outlta: transforms/talairach.auto.xfm.lta output LTA.
--s: fsaverage subject name
 LTA read, type : 1
 1.13316   0.17021  -0.00423   7.82013;
-0.13208   1.21249   0.21095  -21.17303;
 0.05053  -0.23155   1.24977  -15.40504;
 0.00000   0.00000   0.00000   1.00000;
setting subject to fsaverage
Writing  LTA to file transforms/talairach.auto.xfm.lta...
lta_convert successful.
 
 
Started at Sun Mar 15 08:14:04 CET 2026
Ended   at Sun Mar 15 08:14:18 CET 2026
talairach_avi done
