/out/sourcedata/freesurfer/sub-v2s10x28939_ses-1/mri
/opt/freesurfer/bin/talairach_avi
--i orig_nu.mgz --xfm transforms/talairach.auto.xfm
talairach_avi 7.3.2
Linux dna072 5.14.0-427.37.1.el9_4.x86_64 #1 SMP PREEMPT_DYNAMIC Fri Sep 13 12:41:50 EDT 2024 x86_64 x86_64 x86_64 GNU/Linux
Sun Mar 15 08:14:15 CET 2026
mri_convert orig_nu.mgz talsrcimg.img 
reading from orig_nu.mgz...
TR=0.00, TE=0.00, TI=0.00, flip angle=0.00
i_ras = (-1, 7.3851e-10, 0)
j_ras = (0, 0, -1)
k_ras = (-7.34872e-10, 1, 0)
writing to talsrcimg.img...
Analyze Output Matrix
-1.00000   0.00000  -0.00000   122.39532;
 0.00000   0.00000   1.00000  -112.08449;
 0.00000  -1.00000   0.00000   101.63533;
 0.00000   0.00000   0.00000   1.00000;
--------------------
INFO: set hdr.hist.orient to -1
mpr2mni305 talsrcimg
Sun Mar 15 08:14:15 CET 2026
/opt/freesurfer/bin/mpr2mni305 talsrcimg
mpr2mni305 7.3.2
target=711-2C_as_mni_average_305

---------------------------------------------------------------------
analyzeto4dfp talsrcimg -O0 -y
---------------------------------------------------------------------

freesurfer ifh2hdr.c
Sun Mar 15 08:14:16 2026
Writing: talsrcimg.4dfp.hdr
freesurfer analyzeto4dfp.c
Reading: talsrcimg.hdr
header size 348 bytes
hdr.dime.datatype	offset=70	value=2
hdr.dime.bitpix		offset=72	value=8
hdr.hist.orient		offset=252	value=-1
dimensionality     4
dimensions       256       256       256         1
Reading: talsrcimg.img
Writing: talsrcimg.4dfp.img
Writing: talsrcimg.4dfp.ifh
ifh2hdr talsrcimg -r0to201
ori=2

---------------------------------------------------------------------
gauss_4dfp talsrcimg 1.1
---------------------------------------------------------------------

freesurfer gauss_4dfp.c
Reading: talsrcimg.4dfp.img
Writing: talsrcimg_g11.4dfp.img
image dimensions 256 256 256 padded to 288 288 288
processing volume 1freesurfer ifh2hdr.c
Sun Mar 15 08:14:17 2026
Writing: talsrcimg_g11.4dfp.hdr

Writing: talsrcimg_g11.4dfp.ifh
including: talsrcimg.4dfp.img.rec in talsrcimg_g11.4dfp.img.rec

---------------------------------------------------------------------
imgreg_4dfp /opt/freesurfer/average/711-2C_as_mni_average_305 none talsrcimg_g11 none talsrcimg_to_711-2C_as_mni_average_305_t4 4355
---------------------------------------------------------------------

freesurfer imgreg_4dfp.c
/opt/freesurfer/average/711-2C_as_mni_average_305.4dfp.img
       256       256       256         1
  1.000000  1.000000  1.000000
orientation T byte_order littleendian
Reading image: /opt/freesurfer/average/711-2C_as_mni_average_305.4dfp.img
dimensions:      256       256       256
mmppix:       1.0000   -1.0000   -1.0000
center:     128.0000 -129.0000 -129.0000
talsrcimg_g11.4dfp.img
       256       256       256         1
  1.000000  1.000000  1.000000
orientation T byte_order littleendian
Reading image: talsrcimg_g11.4dfp.img
dimensions:      256       256       256
mmppix:       1.0000   -1.0000   -1.0000
center:     128.0000 -129.0000 -129.0000
t4_read: open error in t4_sub.f l:  41 t4_file(1:l)talsrcimg_to_711-2C_as_mni_average_305_t4 
t4_read: transform initialized to I4
rotation matrix determinant  1.000000
image alignment mode   4355 decimal     1103 hex
   -7.5000  -45.0000  -45.0000 6478.2603   16.4966
    0.0000  -45.0000  -45.0000 6782.6685   16.4837
    7.5000  -45.0000  -45.0000 6501.6880   16.4518
   -7.5000  -37.5000  -45.0000 7130.0083   16.1849
    0.0000  -37.5000  -45.0000 7475.6597   16.1780
    7.5000  -37.5000  -45.0000 7160.8828   16.1540
   -7.5000  -30.0000  -45.0000 8095.3989   15.9751
    0.0000  -30.0000  -45.0000 8486.8398   15.9695
    7.5000  -30.0000  -45.0000 8141.2310   15.9496
   -7.5000  -22.5000  -45.0000 9109.1387   15.9002
    0.0000  -22.5000  -45.0000 9565.5654   15.8901
    7.5000  -22.5000  -45.0000 9176.7080   15.8649
   -7.5000  -15.0000  -45.000010084.1025   15.8477
    0.0000  -15.0000  -45.000010576.9004   15.8321
    7.5000  -15.0000  -45.000010151.7705   15.8016
   -7.5000   -7.5000  -45.000011059.4326   15.8276
    0.0000   -7.5000  -45.000011591.0059   15.8110
    7.5000   -7.5000  -45.000011107.3574   15.7782
   -7.5000    0.0000  -45.000011930.9736   15.8313
    0.0000    0.0000  -45.000012508.5537   15.8190
    7.5000    0.0000  -45.000011962.8408   15.7876
   -7.5000    7.5000  -45.000011854.4941   15.8289
    0.0000    7.5000  -45.000012419.0205   15.8215
    7.5000    7.5000  -45.000011874.0039   15.7974
   -7.5000   15.0000  -45.000011664.9248   15.8206
    0.0000   15.0000  -45.000012212.7119   15.8142
    7.5000   15.0000  -45.000011662.9531   15.7936
   -7.5000   22.5000  -45.000011401.7148   15.8101
    0.0000   22.5000  -45.000011914.7666   15.7996
    7.5000   22.5000  -45.000011406.3623   15.7740
   -7.5000   30.0000  -45.000010982.6445   15.5999
    0.0000   30.0000  -45.000011482.7178   15.5843
    7.5000   30.0000  -45.000010996.2334   15.5540
   -7.5000   37.5000  -45.000010911.0322   15.6079
    0.0000   37.5000  -45.000011406.8555   15.5915
    7.5000   37.5000  -45.000010897.7080   15.5590
   -7.5000   45.0000  -45.000010417.3848   15.2237
    0.0000   45.0000  -45.000010894.0742   15.2119
    7.5000   45.0000  -45.000010383.6543   15.1817
   -7.5000  -45.0000  -37.5000 6817.1465   16.4896
    0.0000  -45.0000  -37.5000 7154.5537   16.4835
    7.5000  -45.0000  -37.5000 6841.3979   16.4533
   -7.5000  -37.5000  -37.5000 7511.4316   16.1589
    0.0000  -37.5000  -37.5000 7877.1714   16.1580
    7.5000  -37.5000  -37.5000 7550.7100   16.1386
   -7.5000  -30.0000  -37.5000 8554.0352   15.9411
    0.0000  -30.0000  -37.5000 8973.2402   15.9416
    7.5000  -30.0000  -37.5000 8598.4639   15.9287
   -7.5000  -22.5000  -37.5000 9634.9658   15.8791
    0.0000  -22.5000  -37.500010096.2275   15.8754
    7.5000  -22.5000  -37.5000 9678.8213   15.8558
   -7.5000  -15.0000  -37.500010650.1865   15.8465
    0.0000  -15.0000  -37.500011156.5098   15.8373
    7.5000  -15.0000  -37.500010701.7520   15.8094
   -7.5000   -7.5000  -37.500011643.7480   15.8332
    0.0000   -7.5000  -37.500012218.9756   15.8230
    7.5000   -7.5000  -37.500011694.5391   15.7907
   -7.5000    0.0000  -37.500012547.3516   15.8254
    0.0000    0.0000  -37.500013149.9385   15.8192
    7.5000    0.0000  -37.500012577.8545   15.7891
   -7.5000    7.5000  -37.500012454.9150   15.8036
    0.0000    7.5000  -37.500013052.9238   15.8018
    7.5000    7.5000  -37.500012477.3740   15.7821
   -7.5000   15.0000  -37.500012267.8486   15.7872
    0.0000   15.0000  -37.500012830.1152   15.7868
    7.5000   15.0000  -37.500012245.2568   15.7730
   -7.5000   22.5000  -37.500011992.6455   15.7895
    0.0000   22.5000  -37.500012510.4551   15.7853
    7.5000   22.5000  -37.500011979.8662   15.7652
   -7.5000   30.0000  -37.500011548.9326   15.5987
    0.0000   30.0000  -37.500012056.2881   15.5895
    7.5000   30.0000  -37.500011533.5283   15.5616
   -7.5000   37.5000  -37.500011457.2930   15.6132
    0.0000   37.5000  -37.500011966.1143   15.6031
    7.5000   37.5000  -37.500011416.8320   15.5712
   -7.5000   45.0000  -37.500010892.2012   15.2180
    0.0000   45.0000  -37.500011373.6924   15.2120
    7.5000   45.0000  -37.500010843.7979   15.1831
   -7.5000  -45.0000  -30.0000 7250.5483   17.1592
    0.0000  -45.0000  -30.0000 7600.4883   17.1629
    7.5000  -45.0000  -30.0000 7281.9556   17.1416
   -7.5000  -37.5000  -30.0000 8015.9951   16.8047
    0.0000  -37.5000  -30.0000 8406.8896   16.8121
    7.5000  -37.5000  -30.0000 8044.5264   16.8048
   -7.5000  -30.0000  -30.0000 9138.9443   16.5791
    0.0000  -30.0000  -30.0000 9583.2969   16.5871
    7.5000  -30.0000  -30.0000 9169.4326   16.5875
   -7.5000  -22.5000  -30.000010291.6836   16.5255
    0.0000  -22.5000  -30.000010801.4424   16.5302
    7.5000  -22.5000  -30.000010327.1152   16.5220
   -7.5000  -15.0000  -30.000011376.8984   16.5035
    0.0000  -15.0000  -30.000011908.3467   16.5041
    7.5000  -15.0000  -30.000011395.6113   16.4842
   -7.5000   -7.5000  -30.000012403.9443   16.4891
    0.0000   -7.5000  -30.000012995.8535   16.4890
    7.5000   -7.5000  -30.000012415.1230   16.4634
   -7.5000    0.0000  -30.000013344.4531   16.4687
    0.0000    0.0000  -30.000013974.2715   16.4715
    7.5000    0.0000  -30.000013339.0547   16.4497
   -7.5000    7.5000  -30.000013251.9297   16.4359
    0.0000    7.5000  -30.000013857.8408   16.4419
    7.5000    7.5000  -30.000013233.1230   16.4338
   -7.5000   15.0000  -30.000013033.4316   16.4192
    0.0000   15.0000  -30.000013616.0391   16.4262
    7.5000   15.0000  -30.000012996.1621   16.4255
   -7.5000   22.5000  -30.000012734.1025   16.4311
    0.0000   22.5000  -30.000013299.9053   16.4353
    7.5000   22.5000  -30.000012695.8623   16.4264
   -7.5000   30.0000  -30.000012262.7598   16.2474
    0.0000   30.0000  -30.000012818.4004   16.2477
    7.5000   30.0000  -30.000012215.6084   16.2278
   -7.5000   37.5000  -30.000012163.1338   16.2614
    0.0000   37.5000  -30.000012704.8242   16.2613
    7.5000   37.5000  -30.000012104.2090   16.2359
   -7.5000   45.0000  -30.000011499.7969   15.8483
    0.0000   45.0000  -30.000012004.6572   15.8509
    7.5000   45.0000  -30.000011439.9375   15.8300
   -7.5000  -45.0000  -22.5000 7690.0366   17.7320
    0.0000  -45.0000  -22.5000 8071.3613   17.7383
    7.5000  -45.0000  -22.5000 7709.2124   17.7256
   -7.5000  -37.5000  -22.5000 8520.6152   17.3790
    0.0000  -37.5000  -22.5000 8920.2002   17.3880
    7.5000  -37.5000  -22.5000 8537.0723   17.3891
   -7.5000  -30.0000  -22.5000 9724.9541   17.1572
    0.0000  -30.0000  -22.500010181.3564   17.1666
    7.5000  -30.0000  -22.5000 9750.1992   17.1739
   -7.5000  -22.5000  -22.500010944.7314   17.0976
    0.0000  -22.5000  -22.500011471.5020   17.1046
    7.5000  -22.5000  -22.500010973.6865   17.1030
   -7.5000  -15.0000  -22.500012093.9727   17.0622
    0.0000  -15.0000  -22.500012663.4824   17.0667
    7.5000  -15.0000  -22.500012109.1543   17.0538
   -7.5000   -7.5000  -22.500013145.3672   17.0378
    0.0000   -7.5000  -22.500013781.7363   17.0417
    7.5000   -7.5000  -22.500013145.4756   17.0236
   -7.5000    0.0000  -22.500014115.2158   17.0185
    0.0000    0.0000  -22.500014791.0732   17.0238
    7.5000    0.0000  -22.500014085.4023   17.0101
   -7.5000    7.5000  -22.500013993.8564   16.9981
    0.0000    7.5000  -22.500014644.5859   17.0057
    7.5000    7.5000  -22.500013942.7305   17.0054
   -7.5000   15.0000  -22.500013747.6182   16.9916
    0.0000   15.0000  -22.500014381.8154   16.9999
    7.5000   15.0000  -22.500013674.8652   17.0060
   -7.5000   22.5000  -22.500013413.4590   16.9989
    0.0000   22.5000  -22.500014055.4209   17.0053
    7.5000   22.5000  -22.500013329.1533   17.0029
   -7.5000   30.0000  -22.500012927.1738   16.8004
    0.0000   30.0000  -22.500013556.8086   16.8045
    7.5000   30.0000  -22.500012844.1016   16.7915
   -7.5000   37.5000  -22.500012782.3682   16.8053
    0.0000   37.5000  -22.500013392.2441   16.8090
    7.5000   37.5000  -22.500012697.4160   16.7910
   -7.5000   45.0000  -22.500012048.8535   16.3896
    0.0000   45.0000  -22.500012594.0527   16.3948
    7.5000   45.0000  -22.500011971.7295   16.3816
   -7.5000  -45.0000  -15.0000 8136.5366   18.1586
    0.0000  -45.0000  -15.0000 8522.8213   18.1580
    7.5000  -45.0000  -15.0000 8145.0156   18.1451
   -7.5000  -37.5000  -15.0000 9021.1523   17.8202
    0.0000  -37.5000  -15.0000 9444.7842   17.8227
    7.5000  -37.5000  -15.0000 9032.1553   17.8203
   -7.5000  -30.0000  -15.000010285.1143   17.6041
    0.0000  -30.0000  -15.000010776.8057   17.6071
    7.5000  -30.0000  -15.000010300.8623   17.6083
   -7.5000  -22.5000  -15.000011569.0479   17.5295
    0.0000  -22.5000  -15.000012129.2393   17.5299
    7.5000  -22.5000  -15.000011598.5107   17.5235
   -7.5000  -15.0000  -15.000012782.0400   17.4698
    0.0000  -15.0000  -15.000013415.9258   17.4678
    7.5000  -15.0000  -15.000012810.5693   17.4535
   -7.5000   -7.5000  -15.000013879.4268   17.4352
    0.0000   -7.5000  -15.000014577.7744   17.4327
    7.5000   -7.5000  -15.000013890.3506   17.4153
   -7.5000    0.0000  -15.000014894.1797   17.4272
    0.0000    0.0000  -15.000015617.5830   17.4265
    7.5000    0.0000  -15.000014838.4697   17.4128
   -7.5000    7.5000  -15.000014707.4893   17.4296
    0.0000    7.5000  -15.000015411.2305   17.4311
    7.5000    7.5000  -15.000014621.1396   17.4274
   -7.5000   15.0000  -15.000014429.3516   17.4339
    0.0000   15.0000  -15.000015104.6309   17.4360
    7.5000   15.0000  -15.000014305.6152   17.4360
   -7.5000   22.5000  -15.000014098.7158   17.4271
    0.0000   22.5000  -15.000014800.4131   17.4270
    7.5000   22.5000  -15.000013966.1074   17.4199
   -7.5000   30.0000  -15.000013601.0039   17.2043
    0.0000   30.0000  -15.000014288.5869   17.2019
    7.5000   30.0000  -15.000013469.8672   17.1875
   -7.5000   37.5000  -15.000013421.6523   17.1997
    0.0000   37.5000  -15.000014084.6943   17.1973
    7.5000   37.5000  -15.000013279.1953   17.1799
   -7.5000   45.0000  -15.000012639.6367   16.7934
    0.0000   45.0000  -15.000013225.2197   16.7927
    7.5000   45.0000  -15.000012478.9229   16.7795
   -7.5000  -45.0000   -7.5000 8573.6982   18.3969
    0.0000  -45.0000   -7.5000 8971.8506   18.3863
    7.5000  -45.0000   -7.5000 8584.9268   18.3617
   -7.5000  -37.5000   -7.5000 9493.3369   18.0617
    0.0000  -37.5000   -7.5000 9952.3223   18.0562
    7.5000  -37.5000   -7.5000 9528.3369   18.0395
   -7.5000  -30.0000   -7.500010820.4229   17.8400
    0.0000  -30.0000   -7.500011349.9375   17.8352
    7.5000  -30.0000   -7.500010846.7598   17.8215
   -7.5000  -22.5000   -7.500012213.1318   17.7542
    0.0000  -22.5000   -7.500012804.4297   17.7454
    7.5000  -22.5000   -7.500012235.3457   17.7256
   -7.5000  -15.0000   -7.500013510.8115   17.6847
    0.0000  -15.0000   -7.500014165.5879   17.6716
    7.5000  -15.0000   -7.500013512.0791   17.6464
   -7.5000   -7.5000   -7.500014684.5576   17.6519
    0.0000   -7.5000   -7.500015405.3135   17.6383
    7.5000   -7.5000   -7.500014660.0107   17.6113
   -7.5000    0.0000   -7.500015720.5908   17.6551
    0.0000    0.0000   -7.500016478.0664   17.6451
    7.5000    0.0000   -7.500015647.9482   17.6206
   -7.5000    7.5000   -7.500015483.5811   17.6650
    0.0000    7.5000   -7.500016250.5654   17.6590
    7.5000    7.5000   -7.500015382.0195   17.6417
   -7.5000   15.0000   -7.500015160.2334   17.6674
    0.0000   15.0000   -7.500015917.4258   17.6618
    7.5000   15.0000   -7.500015023.3340   17.6471
   -7.5000   22.5000   -7.500014817.2529   17.6481
    0.0000   22.5000   -7.500015585.1152   17.6389
    7.5000   22.5000   -7.500014688.7920   17.6184
   -7.5000   30.0000   -7.500014302.0098   17.4150
    0.0000   30.0000   -7.500015033.6689   17.4017
    7.5000   30.0000   -7.500014152.5518   17.3766
   -7.5000   37.5000   -7.500014111.8721   17.4132
    0.0000   37.5000   -7.500014822.0918   17.3997
    7.5000   37.5000   -7.500013929.7393   17.3730
   -7.5000   45.0000   -7.500013275.6299   17.0162
    0.0000   45.0000   -7.500013920.0957   17.0065
    7.5000   45.0000   -7.500013089.5195   16.9829
   -7.5000  -45.0000    0.0000 8950.2070   18.4595
    0.0000  -45.0000    0.0000 9362.5332   18.4451
    7.5000  -45.0000    0.0000 8947.1445   18.4094
   -7.5000  -37.5000    0.0000 9926.4385   18.1108
    0.0000  -37.5000    0.000010389.5361   18.1032
    7.5000  -37.5000    0.0000 9946.2607   18.0763
   -7.5000  -30.0000    0.000011323.8408   17.8761
    0.0000  -30.0000    0.000011852.8252   17.8698
    7.5000  -30.0000    0.000011345.4268   17.8476
   -7.5000  -22.5000    0.000012759.3701   17.7921
    0.0000  -22.5000    0.000013378.2588   17.7809
    7.5000  -22.5000    0.000012784.1641   17.7527
   -7.5000  -15.0000    0.000014088.6377   17.7333
    0.0000  -15.0000    0.000014783.5801   17.7158
    7.5000  -15.0000    0.000014097.3320   17.6818
   -7.5000   -7.5000    0.000015292.6338   17.7108
    0.0000   -7.5000    0.000016062.6582   17.6923
    7.5000   -7.5000    0.000015291.0742   17.6556
   -7.5000    0.0000    0.000016389.7969   17.7151
    0.0000    0.0000    0.000017239.4023   17.7013
    7.5000    0.0000    0.000016366.2119   17.6662
   -7.5000    7.5000    0.000016224.3779   17.7125
    0.0000    7.5000    0.000017088.5293   17.7043
    7.5000    7.5000    0.000016155.7715   17.6772
   -7.5000   15.0000    0.000015835.9053   17.7032
    0.0000   15.0000    0.000016605.1211   17.6960
    7.5000   15.0000    0.000015706.4258   17.6731
   -7.5000   22.5000    0.000015397.7148   17.6856
    0.0000   22.5000    0.000016113.6670   17.6739
    7.5000   22.5000    0.000015290.2754   17.6452
   -7.5000   30.0000    0.000014855.9014   17.4628
    0.0000   30.0000    0.000015534.1582   17.4454
    7.5000   30.0000    0.000014712.2021   17.4115
   -7.5000   37.5000    0.000014671.4756   17.4717
    0.0000   37.5000    0.000015343.1699   17.4534
    7.5000   37.5000    0.000014465.6924   17.4171
   -7.5000   45.0000    0.000013788.0000   17.0753
    0.0000   45.0000    0.000014443.3174   17.0620
    7.5000   45.0000    0.000013561.8975   17.0282
   -7.5000  -45.0000    7.5000 8607.4043   18.4523
    0.0000  -45.0000    7.5000 9003.2236   18.4455
    7.5000  -45.0000    7.5000 8596.9414   18.4116
   -7.5000  -37.5000    7.5000 9573.5801   18.0822
    0.0000  -37.5000    7.500010037.8848   18.0812
    7.5000  -37.5000    7.5000 9566.2129   18.0596
   -7.5000  -30.0000    7.500010928.3799   17.8385
    0.0000  -30.0000    7.500011470.7607   17.8390
    7.5000  -30.0000    7.500010933.6318   17.8246
   -7.5000  -22.5000    7.500012307.9268   17.7691
    0.0000  -22.5000    7.500012905.9668   17.7650
    7.5000  -22.5000    7.500012316.0312   17.7431
   -7.5000  -15.0000    7.500013581.4795   17.7326
    0.0000  -15.0000    7.500014237.8340   17.7224
    7.5000  -15.0000    7.500013589.6699   17.6911
   -7.5000   -7.5000    7.500014726.4844   17.7178
    0.0000   -7.5000    7.500015419.0957   17.7064
    7.5000   -7.5000    7.500014772.7715   17.6703
   -7.5000    0.0000    7.500015784.0547   17.7090
    0.0000    0.0000    7.500016568.1680   17.7021
    7.5000    0.0000    7.500015843.2471   17.6684
   -7.5000    7.5000    7.500015673.3916   17.6847
    0.0000    7.5000    7.500016476.8105   17.6826
    7.5000    7.5000    7.500015693.1885   17.6606
   -7.5000   15.0000    7.500015283.5146   17.6663
    0.0000   15.0000    7.500016013.0615   17.6658
    7.5000   15.0000    7.500015263.7939   17.6504
   -7.5000   22.5000    7.500014911.9111   17.6631
    0.0000   22.5000    7.500015603.7236   17.6585
    7.5000   22.5000    7.500014863.9170   17.6360
   -7.5000   30.0000    7.500014379.1982   17.4622
    0.0000   30.0000    7.500015037.7432   17.4518
    7.5000   30.0000    7.500014267.3232   17.4206
   -7.5000   37.5000    7.500014203.2295   17.4784
    0.0000   37.5000    7.500014859.5156   17.4671
    7.5000   37.5000    7.500014014.4502   17.4314
   -7.5000   45.0000    7.500013330.3398   17.0695
    0.0000   45.0000    7.500013940.6973   17.0627
    7.5000   45.0000    7.500013116.0039   17.0303
   -7.5000  -45.0000   15.0000 8155.3018   18.4414
    0.0000  -45.0000   15.0000 8545.6328   18.4454
    7.5000  -45.0000   15.0000 8151.6270   18.4224
   -7.5000  -37.5000   15.0000 9109.9014   18.0603
    0.0000  -37.5000   15.0000 9543.8770   18.0682
    7.5000  -37.5000   15.0000 9097.0889   18.0603
   -7.5000  -30.0000   15.000010401.3896   17.8178
    0.0000  -30.0000   15.000010883.5117   17.8264
    7.5000  -30.0000   15.000010403.9619   17.8267
   -7.5000  -22.5000   15.000011678.9258   17.7603
    0.0000  -22.5000   15.000012237.1602   17.7653
    7.5000  -22.5000   15.000011711.0879   17.7563
   -7.5000  -15.0000   15.000012881.9102   17.7366
    0.0000  -15.0000   15.000013526.3652   17.7371
    7.5000  -15.0000   15.000012927.4287   17.7156
   -7.5000   -7.5000   15.000013968.6084   17.7210
    0.0000   -7.5000   15.000014649.9219   17.7209
    7.5000   -7.5000   15.000014052.6357   17.6931
   -7.5000    0.0000   15.000014992.9307   17.6990
    0.0000    0.0000   15.000015740.4404   17.7019
    7.5000    0.0000   15.000015095.1035   17.6783
   -7.5000    7.5000   15.000014877.7646   17.6637
    0.0000    7.5000   15.000015628.4316   17.6701
    7.5000    7.5000   15.000014953.5303   17.6612
   -7.5000   15.0000   15.000014601.5127   17.6459
    0.0000   15.0000   15.000015309.4707   17.6533
    7.5000   15.0000   15.000014619.8252   17.6524
   -7.5000   22.5000   15.000014297.5938   17.6549
    0.0000   22.5000   15.000015003.3193   17.6592
    7.5000   22.5000   15.000014257.9277   17.6495
   -7.5000   30.0000   15.000013809.6396   17.4665
    0.0000   30.0000   15.000014480.3389   17.4667
    7.5000   30.0000   15.000013732.4609   17.4451
   -7.5000   37.5000   15.000013625.3408   17.4814
    0.0000   37.5000   15.000014250.1211   17.4813
    7.5000   37.5000   15.000013499.2861   17.4538
   -7.5000   45.0000   15.000012746.9248   17.0598
    0.0000   45.0000   15.000013310.3145   17.0626
    7.5000   45.0000   15.000012605.5781   17.0399
   -7.5000  -45.0000   22.5000 7636.8716   18.4731
    0.0000  -45.0000   22.5000 7990.2515   18.4794
    7.5000  -45.0000   22.5000 7636.2632   18.4654
   -7.5000  -37.5000   22.5000 8529.9512   18.1052
    0.0000  -37.5000   22.5000 8939.1982   18.1143
    7.5000  -37.5000   22.5000 8530.2061   18.1148
   -7.5000  -30.0000   22.5000 9728.0967   17.8734
    0.0000  -30.0000   22.500010199.3135   17.8830
    7.5000  -30.0000   22.5000 9761.8877   17.8899
   -7.5000  -22.5000   22.500010932.2793   17.8113
    0.0000  -22.5000   22.500011467.6924   17.8183
    7.5000  -22.5000   22.500011004.8320   17.8159
   -7.5000  -15.0000   22.500012055.4482   17.7744
    0.0000  -15.0000   22.500012644.4658   17.7786
    7.5000  -15.0000   22.500012143.8398   17.7646
   -7.5000   -7.5000   22.500013125.3262   17.7487
    0.0000   -7.5000   22.500013747.6318   17.7524
    7.5000   -7.5000   22.500013227.0459   17.7328
   -7.5000    0.0000   22.500014107.1445   17.7283
    0.0000    0.0000   22.500014805.9863   17.7335
    7.5000    0.0000   22.500014243.3447   17.7186
   -7.5000    7.5000   22.500014072.3691   17.7070
    0.0000    7.5000   22.500014727.0127   17.7146
    7.5000    7.5000   22.500014159.4199   17.7137
   -7.5000   15.0000   22.500013859.6924   17.7003
    0.0000   15.0000   22.500014462.0576   17.7087
    7.5000   15.0000   22.500013879.2822   17.7144
   -7.5000   22.5000   22.500013552.5000   17.7054
    0.0000   22.5000   22.500014145.7744   17.7118
    7.5000   22.5000   22.500013538.7656   17.7087
   -7.5000   30.0000   22.500013059.2246   17.5039
    0.0000   30.0000   22.500013609.5723   17.5078
    7.5000   30.0000   22.500013027.0752   17.4936
   -7.5000   37.5000   22.500012874.7617   17.5088
    0.0000   37.5000   22.500013415.0869   17.5124
    7.5000   37.5000   22.500012807.2402   17.4929
   -7.5000   45.0000   22.500012038.2539   17.0880
    0.0000   45.0000   22.500012547.2627   17.0931
    7.5000   45.0000   22.500011967.5977   17.0787
   -7.5000  -45.0000   30.0000 7033.5571   18.5587
    0.0000  -45.0000   30.0000 7374.8809   18.5578
    7.5000  -45.0000   30.0000 7032.2354   18.5433
   -7.5000  -37.5000   30.0000 7852.1821   18.2135
    0.0000  -37.5000   30.0000 8255.2275   18.2158
    7.5000  -37.5000   30.0000 7877.4976   18.2122
   -7.5000  -30.0000   30.0000 8967.1152   17.9913
    0.0000  -30.0000   30.0000 9415.1455   17.9941
    7.5000  -30.0000   30.0000 9023.9492   17.9942
   -7.5000  -22.5000   30.000010094.5088   17.9146
    0.0000  -22.5000   30.000010587.7725   17.9147
    7.5000  -22.5000   30.000010171.3965   17.9069
   -7.5000  -15.0000   30.000011153.7793   17.8530
    0.0000  -15.0000   30.000011701.0068   17.8505
    7.5000  -15.0000   30.000011233.6621   17.8347
   -7.5000   -7.5000   30.000012188.2891   17.8169
    0.0000   -7.5000   30.000012762.0996   17.8140
    7.5000   -7.5000   30.000012277.1396   17.7949
   -7.5000    0.0000   30.000013133.1289   17.8085
    0.0000    0.0000   30.000013758.4150   17.8073
    7.5000    0.0000   30.000013244.5586   17.7922
   -7.5000    7.5000   30.000013090.0615   17.8111
    0.0000    7.5000   30.000013690.2920   17.8124
    7.5000    7.5000   30.000013157.0029   17.8074
   -7.5000   15.0000   30.000012898.4365   17.8160
    0.0000   15.0000   30.000013454.3203   17.8178
    7.5000   15.0000   30.000012912.4590   17.8167
   -7.5000   22.5000   30.000012602.5137   17.8073
    0.0000   22.5000   30.000013133.6729   17.8068
    7.5000   22.5000   30.000012606.1807   17.7984
   -7.5000   30.0000   30.000012104.0107   17.5813
    0.0000   30.0000   30.000012622.8145   17.5785
    7.5000   30.0000   30.000012125.9375   17.5625
   -7.5000   37.5000   30.000011940.9658   17.5762
    0.0000   37.5000   30.000012452.0195   17.5733
    7.5000   37.5000   30.000011922.8457   17.5544
   -7.5000   45.0000   30.000011188.2910   17.1653
    0.0000   45.0000   30.000011677.8848   17.1642
    7.5000   45.0000   30.000011156.8457   17.1496
   -7.5000  -45.0000   37.5000 6672.4727   18.8106
    0.0000  -45.0000   37.5000 6990.0391   18.7989
    7.5000  -45.0000   37.5000 6658.6416   18.7702
   -7.5000  -37.5000   37.5000 7442.7563   18.4673
    0.0000  -37.5000   37.5000 7831.1821   18.4610
    7.5000  -37.5000   37.5000 7467.1963   18.4408
   -7.5000  -30.0000   37.5000 8504.1279   18.2367
    0.0000  -30.0000   37.5000 8943.8867   18.2313
    7.5000  -30.0000   37.5000 8560.7061   18.2142
   -7.5000  -22.5000   37.5000 9595.7178   18.1483
    0.0000  -22.5000   37.500010077.7822   18.1386
    7.5000  -22.5000   37.5000 9659.7617   18.1150
   -7.5000  -15.0000   37.500010633.3047   18.0763
    0.0000  -15.0000   37.500011164.2002   18.0621
    7.5000  -15.0000   37.500010691.3428   18.0328
   -7.5000   -7.5000   37.500011643.8369   18.0417
    0.0000   -7.5000   37.500012204.8105   18.0268
    7.5000   -7.5000   37.500011687.5781   17.9957
   -7.5000    0.0000   37.500012549.0029   18.0441
    0.0000    0.0000   37.500013155.2129   18.0330
    7.5000    0.0000   37.500012598.0176   18.0046
   -7.5000    7.5000   37.500012506.2070   18.0539
    0.0000    7.5000   37.500013078.8018   18.0471
    7.5000    7.5000   37.500012527.2344   18.0263
   -7.5000   15.0000   37.500012302.6504   18.0567
    0.0000   15.0000   37.500012845.3125   18.0504
    7.5000   15.0000   37.500012314.6416   18.0324
   -7.5000   22.5000   37.500012006.8994   18.0378
    0.0000   22.5000   37.500012522.0303   18.0277
    7.5000   22.5000   37.500012016.6162   18.0035
   -7.5000   30.0000   37.500011538.4219   17.8003
    0.0000   30.0000   37.500012029.9092   17.7860
    7.5000   30.0000   37.500011567.4639   17.7567
   -7.5000   37.5000   37.500011401.4316   17.7980
    0.0000   37.5000   37.500011884.7314   17.7833
    7.5000   37.5000   37.500011415.1611   17.7524
   -7.5000   45.0000   37.500010733.6611   17.3924
    0.0000   45.0000   37.500011202.6025   17.3817
    7.5000   45.0000   37.500010715.3438   17.3543
   -7.5000  -45.0000   45.0000 6024.7964   19.1350
    0.0000  -45.0000   45.0000 6315.4722   19.1244
    7.5000  -45.0000   45.0000 6000.2515   19.0861
   -7.5000  -37.5000   45.0000 6740.2871   18.7692
    0.0000  -37.5000   45.0000 7088.2344   18.7657
    7.5000  -37.5000   45.0000 6738.0820   18.7368
   -7.5000  -30.0000   45.0000 7706.6377   18.5168
    0.0000  -30.0000   45.0000 8103.5527   18.5147
    7.5000  -30.0000   45.0000 7721.7466   18.4903
   -7.5000  -22.5000   45.0000 8709.5498   18.4263
    0.0000  -22.5000   45.0000 9152.6875   18.4188
    7.5000  -22.5000   45.0000 8723.0723   18.3873
   -7.5000  -15.0000   45.0000 9641.7207   18.3631
    0.0000  -15.0000   45.000010139.2383   18.3490
    7.5000  -15.0000   45.0000 9652.1777   18.3111
   -7.5000   -7.5000   45.000010562.2852   18.3390
    0.0000   -7.5000   45.000011103.0684   18.3236
    7.5000   -7.5000   45.000010577.8359   18.2834
   -7.5000    0.0000   45.000011399.3350   18.3434
    0.0000    0.0000   45.000011964.1396   18.3330
    7.5000    0.0000   45.000011428.2295   18.2953
   -7.5000    7.5000   45.000011355.5459   18.3403
    0.0000    7.5000   45.000011889.3174   18.3359
    7.5000    7.5000   45.000011383.8633   18.3069
   -7.5000   15.0000   45.000011158.2178   18.3302
    0.0000   15.0000   45.000011664.0322   18.3270
    7.5000   15.0000   45.000011175.9580   18.3018
   -7.5000   22.5000   45.000010878.6787   18.3117
    0.0000   22.5000   45.000011360.9834   18.3036
    7.5000   22.5000   45.000010896.2822   18.2716
   -7.5000   30.0000   45.000010491.1484   18.0796
    0.0000   30.0000   45.000010940.4482   18.0655
    7.5000   30.0000   45.000010510.3760   18.0278
   -7.5000   37.5000   45.000010390.1396   18.0894
    0.0000   37.5000   45.000010838.5039   18.0742
    7.5000   37.5000   45.000010410.6113   18.0344
   -7.5000   45.0000   45.0000 9792.6729   17.6889
    0.0000   45.0000   45.000010223.6797   17.6789
    7.5000   45.0000   45.0000 9795.3623   17.6426

---------------------------------------------------------------------
imgreg_4dfp /opt/freesurfer/average/711-2C_as_mni_average_305 /opt/freesurfer/average/711-2B_as_mni_average_305_mask talsrcimg_g11 none talsrcimg_to_711-2C_as_mni_average_305_t4 4355
---------------------------------------------------------------------

freesurfer imgreg_4dfp.c
/opt/freesurfer/average/711-2C_as_mni_average_305.4dfp.img
       256       256       256         1
  1.000000  1.000000  1.000000
orientation T byte_order littleendian
Reading image: /opt/freesurfer/average/711-2C_as_mni_average_305.4dfp.img
dimensions:      256       256       256
mmppix:       1.0000   -1.0000   -1.0000
center:     128.0000 -129.0000 -129.0000
/opt/freesurfer/average/711-2B_as_mni_average_305_mask.4dfp.img
       256       256       256         1
  1.000000  1.000000  1.000000
orientation T byte_order littleendian
Reading mask: /opt/freesurfer/average/711-2B_as_mni_average_305_mask.4dfp.img (2306576 pixels)
talsrcimg_g11.4dfp.img
       256       256       256         1
  1.000000  1.000000  1.000000
orientation T byte_order littleendian
Reading image: talsrcimg_g11.4dfp.img
dimensions:      256       256       256
mmppix:       1.0000   -1.0000   -1.0000
center:     128.0000 -129.0000 -129.0000
rotation matrix determinant  1.000000
image alignment mode   4355 decimal     1103 hex
   -7.5000  -45.0000  -45.0000 1795.7727   24.3034
    0.0000  -45.0000  -45.0000 1807.2512   24.0940
    7.5000  -45.0000  -45.0000 1796.9827   24.1926
   -7.5000  -37.5000  -45.0000 1916.6313   21.2970
    0.0000  -37.5000  -45.0000 1931.8268   21.1701
    7.5000  -37.5000  -45.0000 1919.9441   21.2389
   -7.5000  -30.0000  -45.0000 2026.5964   18.9081
    0.0000  -30.0000  -45.0000 2043.8572   18.7848
    7.5000  -30.0000  -45.0000 2033.9003   18.8534
   -7.5000  -22.5000  -45.0000 2134.5186   17.0217
    0.0000  -22.5000  -45.0000 2154.2668   16.9097
    7.5000  -22.5000  -45.0000 2147.0286   16.9675
   -7.5000  -15.0000  -45.0000 2222.8086   15.5605
    0.0000  -15.0000  -45.0000 2241.1157   15.4521
    7.5000  -15.0000  -45.0000 2235.7334   15.5370
   -7.5000   -7.5000  -45.0000 2296.5764   14.5297
    0.0000   -7.5000  -45.0000 2314.8828   14.4251
    7.5000   -7.5000  -45.0000 2307.0159   14.4799
   -7.5000    0.0000  -45.0000 2337.1262   13.9040
    0.0000    0.0000  -45.0000 2357.7336   13.7643
    7.5000    0.0000  -45.0000 2343.7014   13.8296
   -7.5000    7.5000  -45.0000 2358.9709   13.5150
    0.0000    7.5000  -45.0000 2379.5068   13.3564
    7.5000    7.5000  -45.0000 2365.6904   13.4531
   -7.5000   15.0000  -45.0000 2359.6902   13.4349
    0.0000   15.0000  -45.0000 2384.2043   13.2731
    7.5000   15.0000  -45.0000 2369.7063   13.3644
   -7.5000   22.5000  -45.0000 2352.6326   13.5239
    0.0000   22.5000  -45.0000 2375.2649   13.3579
    7.5000   22.5000  -45.0000 2366.6292   13.4591
   -7.5000   30.0000  -45.0000 2325.5105   13.9267
    0.0000   30.0000  -45.0000 2350.2896   13.7503
    7.5000   30.0000  -45.0000 2340.3276   13.8364
   -7.5000   37.5000  -45.0000 2281.2771   14.5750
    0.0000   37.5000  -45.0000 2304.0044   14.4132
    7.5000   37.5000  -45.0000 2294.8635   14.4920
   -7.5000   45.0000  -45.0000 2214.6155   15.5135
    0.0000   45.0000  -45.0000 2237.6899   15.3115
    7.5000   45.0000  -45.0000 2227.0908   15.3993
   -7.5000  -45.0000  -37.5000 1849.3483   22.8651
    0.0000  -45.0000  -37.5000 1859.7732   22.7724
    7.5000  -45.0000  -37.5000 1849.6046   22.8127
   -7.5000  -37.5000  -37.5000 1972.0054   19.9910
    0.0000  -37.5000  -37.5000 1987.9119   19.8817
    7.5000  -37.5000  -37.5000 1980.9612   19.9442
   -7.5000  -30.0000  -37.5000 2094.7024   17.7330
    0.0000  -30.0000  -37.5000 2114.8748   17.5919
    7.5000  -30.0000  -37.5000 2105.6033   17.6889
   -7.5000  -22.5000  -37.5000 2210.0369   15.9671
    0.0000  -22.5000  -37.5000 2227.7148   15.8523
    7.5000  -22.5000  -37.5000 2221.3735   15.9113
   -7.5000  -15.0000  -37.5000 2304.5425   14.5744
    0.0000  -15.0000  -37.5000 2323.3713   14.4541
    7.5000  -15.0000  -37.5000 2315.8860   14.5345
   -7.5000   -7.5000  -37.5000 2384.9165   13.5501
    0.0000   -7.5000  -37.5000 2409.3787   13.4253
    7.5000   -7.5000  -37.5000 2396.4917   13.4933
   -7.5000    0.0000  -37.5000 2429.6121   12.9234
    0.0000    0.0000  -37.5000 2452.6719   12.7842
    7.5000    0.0000  -37.5000 2439.3430   12.8685
   -7.5000    7.5000  -37.5000 2452.7966   12.5564
    0.0000    7.5000  -37.5000 2478.5518   12.4193
    7.5000    7.5000  -37.5000 2462.6282   12.5164
   -7.5000   15.0000  -37.5000 2459.2346   12.4616
    0.0000   15.0000  -37.5000 2483.1687   12.3178
    7.5000   15.0000  -37.5000 2473.5325   12.4141
   -7.5000   22.5000  -37.5000 2455.6384   12.5714
    0.0000   22.5000  -37.5000 2477.9570   12.3950
    7.5000   22.5000  -37.5000 2468.8560   12.5124
   -7.5000   30.0000  -37.5000 2431.1536   12.9262
    0.0000   30.0000  -37.5000 2458.7556   12.7455
    7.5000   30.0000  -37.5000 2446.7493   12.8501
   -7.5000   37.5000  -37.5000 2385.3230   13.5141
    0.0000   37.5000  -37.5000 2414.0283   13.3275
    7.5000   37.5000  -37.5000 2402.4429   13.4307
   -7.5000   45.0000  -37.5000 2315.3938   14.3278
    0.0000   45.0000  -37.5000 2341.0845   14.1345
    7.5000   45.0000  -37.5000 2328.3557   14.2499
   -7.5000  -45.0000  -30.0000 1921.5215   22.4008
    0.0000  -45.0000  -30.0000 1935.3474   22.2947
    7.5000  -45.0000  -30.0000 1927.1478   22.3540
   -7.5000  -37.5000  -30.0000 2057.6335   19.5576
    0.0000  -37.5000  -30.0000 2074.2375   19.4089
    7.5000  -37.5000  -30.0000 2067.7896   19.5192
   -7.5000  -30.0000  -30.0000 2190.2488   17.3227
    0.0000  -30.0000  -30.0000 2208.0388   17.1741
    7.5000  -30.0000  -30.0000 2204.3757   17.2903
   -7.5000  -22.5000  -30.0000 2310.6758   15.5741
    0.0000  -22.5000  -30.0000 2335.2954   15.4500
    7.5000  -22.5000  -30.0000 2326.5930   15.5144
   -7.5000  -15.0000  -30.0000 2415.7705   14.1774
    0.0000  -15.0000  -30.0000 2435.1218   14.0584
    7.5000  -15.0000  -30.0000 2425.6729   14.1407
   -7.5000   -7.5000  -30.0000 2502.7278   13.1482
    0.0000   -7.5000  -30.0000 2525.1016   13.0160
    7.5000   -7.5000  -30.0000 2514.5400   13.0869
   -7.5000    0.0000  -30.0000 2561.9502   12.4607
    0.0000    0.0000  -30.0000 2584.8682   12.3316
    7.5000    0.0000  -30.0000 2572.8091   12.4084
   -7.5000    7.5000  -30.0000 2597.6780   12.0811
    0.0000    7.5000  -30.0000 2617.6506   11.9514
    7.5000    7.5000  -30.0000 2605.9072   12.0274
   -7.5000   15.0000  -30.0000 2612.4956   11.9531
    0.0000   15.0000  -30.0000 2634.1890   11.8047
    7.5000   15.0000  -30.0000 2623.7607   11.9125
   -7.5000   22.5000  -30.0000 2608.5261   12.1016
    0.0000   22.5000  -30.0000 2634.5093   11.9329
    7.5000   22.5000  -30.0000 2621.1736   12.0613
   -7.5000   30.0000  -30.0000 2584.4421   12.4619
    0.0000   30.0000  -30.0000 2616.2896   12.2985
    7.5000   30.0000  -30.0000 2598.6008   12.4066
   -7.5000   37.5000  -30.0000 2534.6333   13.0188
    0.0000   37.5000  -30.0000 2567.3203   12.8452
    7.5000   37.5000  -30.0000 2551.0762   12.9635
   -7.5000   45.0000  -30.0000 2456.9695   13.7729
    0.0000   45.0000  -30.0000 2487.5327   13.5878
    7.5000   45.0000  -30.0000 2471.5457   13.7233
   -7.5000  -45.0000  -22.5000 1968.5232   21.9311
    0.0000  -45.0000  -22.5000 1983.0411   21.7954
    7.5000  -45.0000  -22.5000 1976.7563   21.8308
   -7.5000  -37.5000  -22.5000 2112.3909   19.1145
    0.0000  -37.5000  -22.5000 2128.7710   18.9569
    7.5000  -37.5000  -22.5000 2122.5115   19.0641
   -7.5000  -30.0000  -22.5000 2254.6213   16.8968
    0.0000  -30.0000  -22.5000 2274.9558   16.7493
    7.5000  -30.0000  -22.5000 2266.9734   16.8637
   -7.5000  -22.5000  -22.5000 2381.1497   15.1766
    0.0000  -22.5000  -22.5000 2408.3904   15.0208
    7.5000  -22.5000  -22.5000 2397.4607   15.1205
   -7.5000  -15.0000  -22.5000 2491.2493   13.7665
    0.0000  -15.0000  -22.5000 2514.7239   13.6179
    7.5000  -15.0000  -22.5000 2503.0850   13.7107
   -7.5000   -7.5000  -22.5000 2583.8406   12.7026
    0.0000   -7.5000  -22.5000 2610.3767   12.5767
    7.5000   -7.5000  -22.5000 2594.6831   12.6479
   -7.5000    0.0000  -22.5000 2659.3008   11.9699
    0.0000    0.0000  -22.5000 2686.0283   11.8421
    7.5000    0.0000  -22.5000 2671.1099   11.9184
   -7.5000    7.5000  -22.5000 2710.3108   11.5505
    0.0000    7.5000  -22.5000 2733.0989   11.4311
    7.5000    7.5000  -22.5000 2722.5076   11.5092
   -7.5000   15.0000  -22.5000 2733.4827   11.4316
    0.0000   15.0000  -22.5000 2757.4482   11.3050
    7.5000   15.0000  -22.5000 2745.8914   11.3820
   -7.5000   22.5000  -22.5000 2734.2998   11.5735
    0.0000   22.5000  -22.5000 2761.7527   11.4342
    7.5000   22.5000  -22.5000 2744.7910   11.5208
   -7.5000   30.0000  -22.5000 2710.6931   11.9240
    0.0000   30.0000  -22.5000 2745.5088   11.7913
    7.5000   30.0000  -22.5000 2720.5071   11.8872
   -7.5000   37.5000  -22.5000 2654.2991   12.4698
    0.0000   37.5000  -22.5000 2690.8311   12.3144
    7.5000   37.5000  -22.5000 2668.8743   12.4189
   -7.5000   45.0000  -22.5000 2569.7041   13.1860
    0.0000   45.0000  -22.5000 2603.3230   13.0194
    7.5000   45.0000  -22.5000 2584.0469   13.1484
   -7.5000  -45.0000  -15.0000 1989.7288   21.5374
    0.0000  -45.0000  -15.0000 2005.3206   21.3510
    7.5000  -45.0000  -15.0000 2001.7222   21.4484
   -7.5000  -37.5000  -15.0000 2139.5066   18.7553
    0.0000  -37.5000  -15.0000 2159.5579   18.5777
    7.5000  -37.5000  -15.0000 2150.4480   18.6911
   -7.5000  -30.0000  -15.0000 2284.4614   16.5563
    0.0000  -30.0000  -15.0000 2305.7935   16.3560
    7.5000  -30.0000  -15.0000 2295.3428   16.4780
   -7.5000  -22.5000  -15.0000 2415.6106   14.7786
    0.0000  -22.5000  -15.0000 2441.3721   14.6371
    7.5000  -22.5000  -15.0000 2429.4761   14.7386
   -7.5000  -15.0000  -15.0000 2530.3455   13.3654
    0.0000  -15.0000  -15.0000 2557.6765   13.2397
    7.5000  -15.0000  -15.0000 2547.0203   13.3190
   -7.5000   -7.5000  -15.0000 2627.4585   12.3085
    0.0000   -7.5000  -15.0000 2659.7883   12.1944
    7.5000   -7.5000  -15.0000 2646.0000   12.2515
   -7.5000    0.0000  -15.0000 2718.4968   11.5510
    0.0000    0.0000  -15.0000 2750.3494   11.4285
    7.5000    0.0000  -15.0000 2735.5449   11.4948
   -7.5000    7.5000  -15.0000 2778.8945   11.1019
    0.0000    7.5000  -15.0000 2809.6582   10.9940
    7.5000    7.5000  -15.0000 2797.8560   11.0706
   -7.5000   15.0000  -15.0000 2814.8796   10.9406
    0.0000   15.0000  -15.0000 2845.5564   10.8468
    7.5000   15.0000  -15.0000 2830.8154   10.8957
   -7.5000   22.5000  -15.0000 2825.7454   11.0898
    0.0000   22.5000  -15.0000 2859.6594   10.9843
    7.5000   22.5000  -15.0000 2838.9993   11.0521
   -7.5000   30.0000  -15.0000 2805.9783   11.4708
    0.0000   30.0000  -15.0000 2841.8362   11.3153
    7.5000   30.0000  -15.0000 2814.8926   11.4109
   -7.5000   37.5000  -15.0000 2744.1597   11.9857
    0.0000   37.5000  -15.0000 2779.9473   11.8333
    7.5000   37.5000  -15.0000 2754.5967   11.9352
   -7.5000   45.0000  -15.0000 2651.1743   12.6660
    0.0000   45.0000  -15.0000 2685.4075   12.5107
    7.5000   45.0000  -15.0000 2661.1980   12.6310
   -7.5000  -45.0000   -7.5000 1999.3177   21.2407
    0.0000  -45.0000   -7.5000 2015.3577   21.0837
    7.5000  -45.0000   -7.5000 2007.8694   21.1917
   -7.5000  -37.5000   -7.5000 2145.8452   18.4457
    0.0000  -37.5000   -7.5000 2165.6785   18.2867
    7.5000  -37.5000   -7.5000 2158.2615   18.4397
   -7.5000  -30.0000   -7.5000 2286.6533   16.2217
    0.0000  -30.0000   -7.5000 2311.2568   16.0558
    7.5000  -30.0000   -7.5000 2299.6892   16.1910
   -7.5000  -22.5000   -7.5000 2425.3059   14.4463
    0.0000  -22.5000   -7.5000 2453.5291   14.2982
    7.5000  -22.5000   -7.5000 2442.7019   14.4210
   -7.5000  -15.0000   -7.5000 2549.6284   13.0646
    0.0000  -15.0000   -7.5000 2580.2354   12.9284
    7.5000  -15.0000   -7.5000 2567.6021   13.0101
   -7.5000   -7.5000   -7.5000 2656.6055   12.0146
    0.0000   -7.5000   -7.5000 2688.7859   11.8706
    7.5000   -7.5000   -7.5000 2677.5464   11.9407
   -7.5000    0.0000   -7.5000 2753.8347   11.2580
    0.0000    0.0000   -7.5000 2786.1057   11.1213
    7.5000    0.0000   -7.5000 2776.6196   11.1800
   -7.5000    7.5000   -7.5000 2823.2163   10.7720
    0.0000    7.5000   -7.5000 2864.8372   10.6575
    7.5000    7.5000   -7.5000 2850.0632   10.7102
   -7.5000   15.0000   -7.5000 2877.6753   10.5368
    0.0000   15.0000   -7.5000 2920.8560   10.4271
    7.5000   15.0000   -7.5000 2897.1343   10.5058
   -7.5000   22.5000   -7.5000 2894.7942   10.6645
    0.0000   22.5000   -7.5000 2939.2698   10.5515
    7.5000   22.5000   -7.5000 2912.9026   10.6308
   -7.5000   30.0000   -7.5000 2869.9580   11.0324
    0.0000   30.0000   -7.5000 2908.5413   10.9035
    7.5000   30.0000   -7.5000 2880.2668   10.9763
   -7.5000   37.5000   -7.5000 2798.9417   11.5648
    0.0000   37.5000   -7.5000 2840.7720   11.4149
    7.5000   37.5000   -7.5000 2807.0178   11.5057
   -7.5000   45.0000   -7.5000 2700.7854   12.2412
    0.0000   45.0000   -7.5000 2741.4922   12.0752
    7.5000   45.0000   -7.5000 2710.4690   12.2134
   -7.5000  -45.0000    0.0000 1993.0487   21.3361
    0.0000  -45.0000    0.0000 2011.1012   21.1711
    7.5000  -45.0000    0.0000 2002.1539   21.3449
   -7.5000  -37.5000    0.0000 2136.7808   18.4475
    0.0000  -37.5000    0.0000 2157.4036   18.2836
    7.5000  -37.5000    0.0000 2150.8916   18.4616
   -7.5000  -30.0000    0.0000 2273.4268   16.1292
    0.0000  -30.0000    0.0000 2299.3855   15.9609
    7.5000  -30.0000    0.0000 2292.7031   16.1390
   -7.5000  -22.5000    0.0000 2415.7710   14.3184
    0.0000  -22.5000    0.0000 2443.0000   14.1441
    7.5000  -22.5000    0.0000 2434.7454   14.3127
   -7.5000  -15.0000    0.0000 2544.2048   12.9099
    0.0000  -15.0000    0.0000 2574.8015   12.7515
    7.5000  -15.0000    0.0000 2561.9851   12.8837
   -7.5000   -7.5000    0.0000 2656.9275   11.8476
    0.0000   -7.5000    0.0000 2689.4070   11.7138
    7.5000   -7.5000    0.0000 2676.2483   11.8211
   -7.5000    0.0000    0.0000 2762.3237   11.0932
    0.0000    0.0000    0.0000 2796.6658   10.9684
    7.5000    0.0000    0.0000 2781.7146   11.0631
   -7.5000    7.5000    0.0000 2852.1355   10.5740
    0.0000    7.5000    0.0000 2894.1326   10.4722
    7.5000    7.5000    0.0000 2876.3167   10.5401
   -7.5000   15.0000    0.0000 2917.3804   10.2974
    0.0000   15.0000    0.0000 2966.3879   10.1805
    7.5000   15.0000    0.0000 2934.8533   10.2823
   -7.5000   22.5000    0.0000 2936.8755   10.3673
    0.0000   22.5000    0.0000 2989.5754   10.2208
    7.5000   22.5000    0.0000 2954.5103   10.3339
   -7.5000   30.0000    0.0000 2902.9360   10.7215
    0.0000   30.0000    0.0000 2947.3523   10.5800
    7.5000   30.0000    0.0000 2908.5325   10.6812
   -7.5000   37.5000    0.0000 2827.1980   11.2587
    0.0000   37.5000    0.0000 2869.4946   11.1119
    7.5000   37.5000    0.0000 2829.7163   11.2211
   -7.5000   45.0000    0.0000 2714.5476   11.9806
    0.0000   45.0000    0.0000 2755.2236   11.8360
    7.5000   45.0000    0.0000 2725.1887   11.9330
   -7.5000  -45.0000    7.5000 1982.8573   21.7585
    0.0000  -45.0000    7.5000 1997.5535   21.5126
    7.5000  -45.0000    7.5000 1990.0524   21.7459
   -7.5000  -37.5000    7.5000 2122.4473   18.7051
    0.0000  -37.5000    7.5000 2143.3118   18.5555
    7.5000  -37.5000    7.5000 2135.7869   18.7621
   -7.5000  -30.0000    7.5000 2257.1521   16.3109
    0.0000  -30.0000    7.5000 2280.2300   16.1493
    7.5000  -30.0000    7.5000 2268.7375   16.3509
   -7.5000  -22.5000    7.5000 2393.6787   14.4223
    0.0000  -22.5000    7.5000 2418.2234   14.2600
    7.5000  -22.5000    7.5000 2407.0081   14.4809
   -7.5000  -15.0000    7.5000 2520.6689   12.9766
    0.0000  -15.0000    7.5000 2548.3926   12.8024
    7.5000  -15.0000    7.5000 2531.0566   13.0076
   -7.5000   -7.5000    7.5000 2638.7397   11.8801
    0.0000   -7.5000    7.5000 2667.2803   11.7284
    7.5000   -7.5000    7.5000 2651.4634   11.9032
   -7.5000    0.0000    7.5000 2748.3452   11.0838
    0.0000    0.0000    7.5000 2781.1660   10.9305
    7.5000    0.0000    7.5000 2767.0740   11.0974
   -7.5000    7.5000    7.5000 2851.0261   10.5652
    0.0000    7.5000    7.5000 2892.2935   10.4119
    7.5000    7.5000    7.5000 2875.3948   10.5478
   -7.5000   15.0000    7.5000 2919.5781   10.2621
    0.0000   15.0000    7.5000 2969.4802   10.1291
    7.5000   15.0000    7.5000 2935.1580   10.2563
   -7.5000   22.5000    7.5000 2941.4658   10.3124
    0.0000   22.5000    7.5000 2993.0930   10.1767
    7.5000   22.5000    7.5000 2951.5591   10.2975
   -7.5000   30.0000    7.5000 2911.3821   10.6192
    0.0000   30.0000    7.5000 2954.7356   10.4885
    7.5000   30.0000    7.5000 2915.4431   10.5801
   -7.5000   37.5000    7.5000 2832.0437   11.1600
    0.0000   37.5000    7.5000 2867.0354   11.0155
    7.5000   37.5000    7.5000 2835.0022   11.1090
   -7.5000   45.0000    7.5000 2716.0544   11.9181
    0.0000   45.0000    7.5000 2746.4470   11.7581
    7.5000   45.0000    7.5000 2722.6450   11.8698
   -7.5000  -45.0000   15.0000 1957.8104   22.3074
    0.0000  -45.0000   15.0000 1975.1868   22.1606
    7.5000  -45.0000   15.0000 1963.7235   22.4197
   -7.5000  -37.5000   15.0000 2102.3296   19.1706
    0.0000  -37.5000   15.0000 2124.0540   19.0289
    7.5000  -37.5000   15.0000 2107.0476   19.2976
   -7.5000  -30.0000   15.0000 2231.7991   16.6726
    0.0000  -30.0000   15.0000 2252.7307   16.4933
    7.5000  -30.0000   15.0000 2235.9780   16.8019
   -7.5000  -22.5000   15.0000 2358.9519   14.7399
    0.0000  -22.5000   15.0000 2379.9768   14.5583
    7.5000  -22.5000   15.0000 2367.2007   14.8686
   -7.5000  -15.0000   15.0000 2484.2981   13.2683
    0.0000  -15.0000   15.0000 2507.1870   13.0849
    7.5000  -15.0000   15.0000 2490.5125   13.3382
   -7.5000   -7.5000   15.0000 2597.8049   12.1342
    0.0000   -7.5000   15.0000 2621.9924   11.9588
    7.5000   -7.5000   15.0000 2609.4312   12.1853
   -7.5000    0.0000   15.0000 2707.9155   11.2987
    0.0000    0.0000   15.0000 2735.9778   11.1404
    7.5000    0.0000   15.0000 2722.7495   11.3354
   -7.5000    7.5000   15.0000 2810.5510   10.7641
    0.0000    7.5000   15.0000 2841.8840   10.6179
    7.5000    7.5000   15.0000 2827.0620   10.7890
   -7.5000   15.0000   15.0000 2879.4653   10.4919
    0.0000   15.0000   15.0000 2918.0369   10.3530
    7.5000   15.0000   15.0000 2887.3535   10.5237
   -7.5000   22.5000   15.0000 2905.7458   10.5390
    0.0000   22.5000   15.0000 2944.0159   10.4121
    7.5000   22.5000   15.0000 2908.8413   10.5348
   -7.5000   30.0000   15.0000 2876.2791   10.8206
    0.0000   30.0000   15.0000 2907.5969   10.6938
    7.5000   30.0000   15.0000 2879.8176   10.7863
   -7.5000   37.5000   15.0000 2795.9771   11.3398
    0.0000   37.5000   15.0000 2823.4695   11.2060
    7.5000   37.5000   15.0000 2797.8186   11.3098
   -7.5000   45.0000   15.0000 2690.8203   12.0599
    0.0000   45.0000   15.0000 2714.7170   11.9019
    7.5000   45.0000   15.0000 2692.3892   12.0314
   -7.5000  -45.0000   22.5000 1916.8955   23.1718
    0.0000  -45.0000   22.5000 1931.3745   23.0085
    7.5000  -45.0000   22.5000 1922.8231   23.3930
   -7.5000  -37.5000   22.5000 2064.9194   19.8594
    0.0000  -37.5000   22.5000 2083.0032   19.6722
    7.5000  -37.5000   22.5000 2066.7190   20.0759
   -7.5000  -30.0000   22.5000 2189.7910   17.2690
    0.0000  -30.0000   22.5000 2208.0759   17.0825
    7.5000  -30.0000   22.5000 2192.9912   17.4922
   -7.5000  -22.5000   22.5000 2318.4922   15.2751
    0.0000  -22.5000   22.5000 2338.1799   15.0915
    7.5000  -22.5000   22.5000 2324.9626   15.4739
   -7.5000  -15.0000   22.5000 2434.6636   13.7697
    0.0000  -15.0000   22.5000 2455.9033   13.5675
    7.5000  -15.0000   22.5000 2442.1389   13.8871
   -7.5000   -7.5000   22.5000 2546.7380   12.6068
    0.0000   -7.5000   22.5000 2565.3979   12.4220
    7.5000   -7.5000   22.5000 2555.2476   12.6855
   -7.5000    0.0000   22.5000 2649.9556   11.7747
    0.0000    0.0000   22.5000 2672.6230   11.5916
    7.5000    0.0000   22.5000 2664.8203   11.8355
   -7.5000    7.5000   22.5000 2749.6799   11.2694
    0.0000    7.5000   22.5000 2775.5767   11.0908
    7.5000    7.5000   22.5000 2759.9839   11.3016
   -7.5000   15.0000   22.5000 2820.6382   10.9622
    0.0000   15.0000   22.5000 2846.7134   10.7979
    7.5000   15.0000   22.5000 2821.8198   10.9932
   -7.5000   22.5000   22.5000 2836.4231   11.0061
    0.0000   22.5000   22.5000 2863.7791   10.8528
    7.5000   22.5000   22.5000 2840.4312   11.0045
   -7.5000   30.0000   22.5000 2803.1633   11.2856
    0.0000   30.0000   22.5000 2829.7126   11.1104
    7.5000   30.0000   22.5000 2811.0674   11.2378
   -7.5000   37.5000   22.5000 2730.7419   11.7858
    0.0000   37.5000   22.5000 2756.2400   11.6230
    7.5000   37.5000   22.5000 2735.1636   11.7271
   -7.5000   45.0000   22.5000 2631.3486   12.4767
    0.0000   45.0000   22.5000 2653.9336   12.3263
    7.5000   45.0000   22.5000 2635.1348   12.4464
   -7.5000  -45.0000   30.0000 1861.0146   24.3743
    0.0000  -45.0000   30.0000 1871.3829   24.1772
    7.5000  -45.0000   30.0000 1867.7419   24.6400
   -7.5000  -37.5000   30.0000 2006.0797   20.8979
    0.0000  -37.5000   30.0000 2023.6559   20.7642
    7.5000  -37.5000   30.0000 2011.8724   21.1779
   -7.5000  -30.0000   30.0000 2134.9036   18.1774
    0.0000  -30.0000   30.0000 2154.0649   17.9873
    7.5000  -30.0000   30.0000 2142.5708   18.4637
   -7.5000  -22.5000   30.0000 2261.1025   16.1003
    0.0000  -22.5000   30.0000 2280.9050   15.9020
    7.5000  -22.5000   30.0000 2268.1624   16.3217
   -7.5000  -15.0000   30.0000 2376.1533   14.5157
    0.0000  -15.0000   30.0000 2397.6130   14.3232
    7.5000  -15.0000   30.0000 2380.7061   14.6456
   -7.5000   -7.5000   30.0000 2486.5298   13.3385
    0.0000   -7.5000   30.0000 2505.6497   13.1306
    7.5000   -7.5000   30.0000 2492.8464   13.4449
   -7.5000    0.0000   30.0000 2583.8792   12.5108
    0.0000    0.0000   30.0000 2605.2717   12.3057
    7.5000    0.0000   30.0000 2595.3848   12.5954
   -7.5000    7.5000   30.0000 2672.7471   11.9540
    0.0000    7.5000   30.0000 2698.0474   11.7641
    7.5000    7.5000   30.0000 2679.4197   12.0062
   -7.5000   15.0000   30.0000 2734.7490   11.6512
    0.0000   15.0000   30.0000 2759.8862   11.4695
    7.5000   15.0000   30.0000 2734.8884   11.6752
   -7.5000   22.5000   30.0000 2748.0349   11.6693
    0.0000   22.5000   30.0000 2769.5093   11.5115
    7.5000   22.5000   30.0000 2750.7131   11.6747
   -7.5000   30.0000   30.0000 2711.3511   11.9348
    0.0000   30.0000   30.0000 2732.0950   11.7821
    7.5000   30.0000   30.0000 2720.6965   11.9048
   -7.5000   37.5000   30.0000 2646.1982   12.4181
    0.0000   37.5000   30.0000 2669.7737   12.2582
    7.5000   37.5000   30.0000 2650.9460   12.3841
   -7.5000   45.0000   30.0000 2557.1987   13.0943
    0.0000   45.0000   30.0000 2580.3481   12.9402
    7.5000   45.0000   30.0000 2559.0706   13.0717
   -7.5000  -45.0000   37.5000 1791.2344   26.2047
    0.0000  -45.0000   37.5000 1802.4854   26.0277
    7.5000  -45.0000   37.5000 1798.9952   26.5197
   -7.5000  -37.5000   37.5000 1937.4016   22.3278
    0.0000  -37.5000   37.5000 1957.1714   22.2416
    7.5000  -37.5000   37.5000 1947.3928   22.6786
   -7.5000  -30.0000   37.5000 2070.2544   19.4085
    0.0000  -30.0000   37.5000 2090.2083   19.2765
    7.5000  -30.0000   37.5000 2080.3140   19.7420
   -7.5000  -22.5000   37.5000 2192.5852   17.2425
    0.0000  -22.5000   37.5000 2212.8147   17.0777
    7.5000  -22.5000   37.5000 2202.1863   17.4653
   -7.5000  -15.0000   37.5000 2306.2495   15.5964
    0.0000  -15.0000   37.5000 2327.6328   15.4028
    7.5000  -15.0000   37.5000 2309.7644   15.7236
   -7.5000   -7.5000   37.5000 2413.5286   14.3604
    0.0000   -7.5000   37.5000 2435.8364   14.1559
    7.5000   -7.5000   37.5000 2415.9712   14.4585
   -7.5000    0.0000   37.5000 2503.9382   13.4801
    0.0000    0.0000   37.5000 2529.1189   13.2803
    7.5000    0.0000   37.5000 2508.6494   13.5572
   -7.5000    7.5000   37.5000 2588.2075   12.8699
    0.0000    7.5000   37.5000 2611.8049   12.6789
    7.5000    7.5000   37.5000 2586.1309   12.9304
   -7.5000   15.0000   37.5000 2635.7246   12.5522
    0.0000   15.0000   37.5000 2659.7178   12.3606
    7.5000   15.0000   37.5000 2633.7803   12.5767
   -7.5000   22.5000   37.5000 2643.1851   12.5282
    0.0000   22.5000   37.5000 2667.3164   12.3606
    7.5000   22.5000   37.5000 2645.7344   12.5373
   -7.5000   30.0000   37.5000 2607.3381   12.7879
    0.0000   30.0000   37.5000 2630.2673   12.6299
    7.5000   30.0000   37.5000 2619.1746   12.7575
   -7.5000   37.5000   37.5000 2548.4124   13.2714
    0.0000   37.5000   37.5000 2570.1260   13.1062
    7.5000   37.5000   37.5000 2562.0024   13.2375
   -7.5000   45.0000   37.5000 2475.7974   13.9406
    0.0000   45.0000   37.5000 2497.4944   13.7711
    7.5000   45.0000   37.5000 2481.3821   13.9156
   -7.5000  -45.0000   45.0000 1708.8417   28.5904
    0.0000  -45.0000   45.0000 1722.4113   28.5090
    7.5000  -45.0000   45.0000 1713.7770   28.9706
   -7.5000  -37.5000   45.0000 1864.3503   24.2135
    0.0000  -37.5000   45.0000 1879.7660   24.2216
    7.5000  -37.5000   45.0000 1866.4272   24.6236
   -7.5000  -30.0000   45.0000 1996.6740   21.0320
    0.0000  -30.0000   45.0000 2016.1490   20.9522
    7.5000  -30.0000   45.0000 2003.1560   21.3665
   -7.5000  -22.5000   45.0000 2117.7573   18.7365
    0.0000  -22.5000   45.0000 2140.1846   18.5958
    7.5000  -22.5000   45.0000 2122.5059   18.9635
   -7.5000  -15.0000   45.0000 2226.2522   16.9701
    0.0000  -15.0000   45.0000 2249.0027   16.8091
    7.5000  -15.0000   45.0000 2224.6895   17.1061
   -7.5000   -7.5000   45.0000 2329.5051   15.6418
    0.0000   -7.5000   45.0000 2355.7686   15.4775
    7.5000   -7.5000   45.0000 2328.5557   15.7558
   -7.5000    0.0000   45.0000 2417.2808   14.6804
    0.0000    0.0000   45.0000 2446.0371   14.5151
    7.5000    0.0000   45.0000 2417.9880   14.7803
   -7.5000    7.5000   45.0000 2488.6694   14.0273
    0.0000    7.5000   45.0000 2513.2939   13.8664
    7.5000    7.5000   45.0000 2489.7742   14.1092
   -7.5000   15.0000   45.0000 2527.2759   13.6724
    0.0000   15.0000   45.0000 2546.8542   13.5015
    7.5000   15.0000   45.0000 2526.6641   13.7119
   -7.5000   22.5000   45.0000 2534.1890   13.5977
    0.0000   22.5000   45.0000 2555.9844   13.4324
    7.5000   22.5000   45.0000 2537.4314   13.6160
   -7.5000   30.0000   45.0000 2506.1243   13.8569
    0.0000   30.0000   45.0000 2526.7808   13.6931
    7.5000   30.0000   45.0000 2515.9553   13.8273
   -7.5000   37.5000   45.0000 2452.7893   14.3392
    0.0000   37.5000   45.0000 2472.9121   14.1853
    7.5000   37.5000   45.0000 2465.5857   14.3257
   -7.5000   45.0000   45.0000 2382.2126   15.0074
    0.0000   45.0000   45.0000 2401.8455   14.8332
    7.5000   45.0000   45.0000 2391.2949   14.9692

---------------------------------------------------------------------
imgreg_4dfp /opt/freesurfer/average/711-2C_as_mni_average_305 /opt/freesurfer/average/711-2B_as_mni_average_305_mask talsrcimg_g11 none talsrcimg_to_711-2C_as_mni_average_305_t4 1283
---------------------------------------------------------------------

freesurfer imgreg_4dfp.c
/opt/freesurfer/average/711-2C_as_mni_average_305.4dfp.img
       256       256       256         1
  1.000000  1.000000  1.000000
orientation T byte_order littleendian
Reading image: /opt/freesurfer/average/711-2C_as_mni_average_305.4dfp.img
dimensions:      256       256       256
mmppix:       1.0000   -1.0000   -1.0000
center:     128.0000 -129.0000 -129.0000
/opt/freesurfer/average/711-2B_as_mni_average_305_mask.4dfp.img
       256       256       256         1
  1.000000  1.000000  1.000000
orientation T byte_order littleendian
Reading mask: /opt/freesurfer/average/711-2B_as_mni_average_305_mask.4dfp.img (2306576 pixels)
talsrcimg_g11.4dfp.img
       256       256       256         1
  1.000000  1.000000  1.000000
orientation T byte_order littleendian
Reading image: talsrcimg_g11.4dfp.img
dimensions:      256       256       256
mmppix:       1.0000   -1.0000   -1.0000
center:     128.0000 -129.0000 -129.0000
rotation matrix determinant  1.000000
fimgreg.f
image alignment mode   1283 decimal      503 hex
parameters
    0.0000   22.5000    7.5000    0.0000    0.0000    0.0000
eta,q 0.93942 10.17728
niter,ni,del,rscale     5    3   12.0000    1.2000
parameter  3  0.661310 ->  0.500000 qaram    1.1500
parameter  4  1.724599 ->  0.500000 qaram    1.1500
parameters
    0.6129   22.2812    4.0500   -3.4500    0.4812   -0.5751
eta,q 0.94698 10.00266
  0.0697  0.0685  0.0569  0.0505  0.0573  0.0562
  0.0649  0.0640  0.0564  0.0524  0.0546  0.0547
  0.0613  0.0599  0.0568  0.0541  0.0532  0.0534
  0.0587  0.0583  0.0583  0.0566  0.0529  0.0530
  0.0589  0.0601  0.0614  0.0603  0.0535  0.0540
  0.0619  0.0647  0.0654  0.0646  0.0543  0.0557
  0.0667  0.0704  0.0701  0.0684  0.0557  0.0575
niter,ni,del,rscale     6    3   12.0000    1.2000
parameter  4  3.190866 ->  0.500000 qaram    1.3225
parameters
    0.4625   23.0048    3.2283   -7.4175    0.9786   -0.7362
eta,q 0.95156  9.97074
  0.0608  0.0637  0.0580  0.0458  0.0528  0.0510
  0.0567  0.0572  0.0549  0.0478  0.0505  0.0500
  0.0541  0.0536  0.0538  0.0507  0.0491  0.0489
  0.0530  0.0531  0.0532  0.0534  0.0485  0.0484
  0.0534  0.0537  0.0536  0.0552  0.0486  0.0488
  0.0562  0.0554  0.0567  0.0583  0.0498  0.0499
  0.0628  0.0587  0.0621  0.0629  0.0515  0.0515
niter,ni,del,rscale     6    3   12.0000    1.2000
parameter  4  0.941803 ->  0.500000 qaram    1.5209
parameters
    0.0812   24.4464    3.0801  -11.9801    1.0612   -2.3135
eta,q 0.95571  9.96555
  0.0565  0.0595  0.0578  0.0454  0.0496  0.0458
  0.0519  0.0546  0.0530  0.0443  0.0467  0.0447
  0.0494  0.0507  0.0495  0.0452  0.0448  0.0443
  0.0484  0.0485  0.0478  0.0478  0.0444  0.0445
  0.0492  0.0477  0.0491  0.0524  0.0451  0.0452
  0.0529  0.0488  0.0532  0.0558  0.0466  0.0468
  0.0598  0.0528  0.0592  0.0591  0.0491  0.0490
niter,ni,del,rscale     6    3   12.0000    1.2000
parameters
   -0.2498   25.8770    2.4059  -13.4547    1.8424   -2.9318
eta,q 0.95670  9.99217
  0.0537  0.0579  0.0529  0.0512  0.0496  0.0463
  0.0481  0.0505  0.0484  0.0452  0.0468  0.0443
  0.0451  0.0460  0.0451  0.0431  0.0447  0.0434
  0.0443  0.0443  0.0439  0.0439  0.0436  0.0434
  0.0457  0.0439  0.0458  0.0458  0.0433  0.0441
  0.0497  0.0449  0.0509  0.0510  0.0446  0.0455
  0.0561  0.0486  0.0579  0.0571  0.0475  0.0475
niter,ni,del,rscale     5    3   12.0000    1.2000
parameters
   -0.5443   26.4968    1.9423  -14.3997    2.4336   -3.0691
eta,q 0.95766  9.99720
  0.0538  0.0539  0.0524  0.0513  0.0488  0.0464
  0.0472  0.0472  0.0472  0.0459  0.0461  0.0441
  0.0436  0.0440  0.0442  0.0417  0.0440  0.0426
  0.0433  0.0432  0.0430  0.0431  0.0426  0.0423
  0.0452  0.0429  0.0443  0.0447  0.0424  0.0429
  0.0492  0.0451  0.0489  0.0490  0.0441  0.0445
  0.0554  0.0498  0.0559  0.0553  0.0473  0.0467
niter,ni,del,rscale     4    3   12.0000    1.2000
parameters
   -0.6923   26.8983    1.7007  -14.9222    2.7083   -3.1331
eta,q 0.95828  9.99987
  0.0546  0.0530  0.0528  0.0518  0.0481  0.0462
  0.0472  0.0465  0.0468  0.0465  0.0454  0.0439
  0.0428  0.0433  0.0433  0.0412  0.0432  0.0422
  0.0423  0.0422  0.0421  0.0421  0.0418  0.0417
  0.0448  0.0422  0.0435  0.0440  0.0420  0.0423
  0.0489  0.0449  0.0479  0.0477  0.0441  0.0440
  0.0547  0.0503  0.0545  0.0541  0.0476  0.0464
niter,ni,del,rscale     3    3   12.0000    1.2000
parameters
   -0.7391   27.1361    1.5836  -15.2047    2.8060   -3.1722
eta,q 0.95856 10.00301
  0.0551  0.0525  0.0531  0.0522  0.0477  0.0461
  0.0473  0.0462  0.0467  0.0469  0.0450  0.0438
  0.0425  0.0428  0.0428  0.0411  0.0427  0.0420
  0.0417  0.0417  0.0417  0.0417  0.0415  0.0414
  0.0443  0.0420  0.0432  0.0436  0.0418  0.0420
  0.0485  0.0452  0.0475  0.0471  0.0442  0.0438
  0.0543  0.0509  0.0537  0.0535  0.0479  0.0463
niter,ni,del,rscale     2    3   12.0000    1.2000
parameters
   -0.7513   27.2662    1.5307  -15.3509    2.8327   -3.1894
eta,q 0.95870 10.00531
  0.0553  0.0523  0.0533  0.0524  0.0475  0.0461
  0.0474  0.0460  0.0467  0.0472  0.0448  0.0437
  0.0423  0.0425  0.0426  0.0411  0.0425  0.0419
  0.0414  0.0414  0.0414  0.0414  0.0413  0.0413
  0.0440  0.0420  0.0431  0.0434  0.0418  0.0419
  0.0484  0.0455  0.0472  0.0468  0.0442  0.0437
  0.0542  0.0514  0.0533  0.0531  0.0480  0.0462
niter,ni,del,rscale     1    3   12.0000    1.2000
parameters
   -0.7538   27.3311    1.5071  -15.4255    2.8411   -3.1980
eta,q 0.95876 10.00650
  0.0554  0.0522  0.0534  0.0525  0.0475  0.0461
  0.0474  0.0459  0.0467  0.0474  0.0447  0.0437
  0.0423  0.0423  0.0425  0.0412  0.0424  0.0418
  0.0413  0.0413  0.0413  0.0413  0.0412  0.0412
  0.0438  0.0421  0.0430  0.0433  0.0417  0.0418
  0.0483  0.0458  0.0471  0.0467  0.0442  0.0437
  0.0542  0.0516  0.0532  0.0529  0.0480  0.0461
registration optimization eta report
parameter search radius
    6.0000    6.0000    6.9000    9.1253    6.0000    6.0000
100000*second partial in parameter space
       37.       30.       25.       14.       18.       13.
  0.0554  0.0522  0.0534  0.0525  0.0475  0.0461
  0.0474  0.0459  0.0467  0.0474  0.0447  0.0437
  0.0423  0.0423  0.0425  0.0412  0.0424  0.0418
  0.0413  0.0413  0.0413  0.0413  0.0412  0.0412
  0.0438  0.0421  0.0430  0.0433  0.0417  0.0418
  0.0483  0.0458  0.0471  0.0467  0.0442  0.0437
  0.0542  0.0516  0.0532  0.0529  0.0480  0.0461
   -0.7538   27.3311    1.5071  -15.4255    2.8411   -3.1980
eta,q 0.95876 10.00650

---------------------------------------------------------------------
imgreg_4dfp /opt/freesurfer/average/711-2C_as_mni_average_305 /opt/freesurfer/average/711-2B_as_mni_average_305_mask talsrcimg_g11 none talsrcimg_to_711-2C_as_mni_average_305_t4 3335
---------------------------------------------------------------------

freesurfer imgreg_4dfp.c
/opt/freesurfer/average/711-2C_as_mni_average_305.4dfp.img
       256       256       256         1
  1.000000  1.000000  1.000000
orientation T byte_order littleendian
Reading image: /opt/freesurfer/average/711-2C_as_mni_average_305.4dfp.img
dimensions:      256       256       256
mmppix:       1.0000   -1.0000   -1.0000
center:     128.0000 -129.0000 -129.0000
/opt/freesurfer/average/711-2B_as_mni_average_305_mask.4dfp.img
       256       256       256         1
  1.000000  1.000000  1.000000
orientation T byte_order littleendian
Reading mask: /opt/freesurfer/average/711-2B_as_mni_average_305_mask.4dfp.img (2306576 pixels)
talsrcimg_g11.4dfp.img
       256       256       256         1
  1.000000  1.000000  1.000000
orientation T byte_order littleendian
Reading image: talsrcimg_g11.4dfp.img
dimensions:      256       256       256
mmppix:       1.0000   -1.0000   -1.0000
center:     128.0000 -129.0000 -129.0000
fimgreg.f
image alignment mode   3335 decimal      D07 hex
parameters
   -0.7538   27.3311    1.5071   -0.2785   -3.8260   -3.7208
    6.6941   -3.2867   -5.5718   26.8237    4.9566  -26.5659
eta,q 0.95833 10.05325
niter,ni,del,rscale     5    3    5.0000    1.2000
parameter  4  0.824687 ->  0.500000 qaram    1.1500
parameter  5  2.637039 ->  0.500000 qaram    1.1500
parameter  6  1.016762 ->  0.500000 qaram    1.1500
parameters
   -0.5973   27.7859    1.5147   -4.4185   -7.9660   -7.8608
    5.3508   -2.5534   -4.5142   24.3238    1.4487  -24.7354
eta,q 0.97010  9.50646
  0.0444  0.0435  0.0432  0.0396  0.0326  0.0302  0.0321  0.0358  0.0333  0.0319  0.0303  0.0320
  0.0430  0.0427  0.0423  0.0398  0.0346  0.0306  0.0312  0.0335  0.0321  0.0307  0.0300  0.0310
  0.0421  0.0421  0.0417  0.0404  0.0369  0.0320  0.0308  0.0316  0.0312  0.0302  0.0300  0.0303
  0.0417  0.0416  0.0416  0.0416  0.0399  0.0352  0.0308  0.0307  0.0307  0.0306  0.0303  0.0300
  0.0418  0.0416  0.0417  0.0434  0.0434  0.0394  0.0313  0.0309  0.0307  0.0320  0.0308  0.0299
  0.0425  0.0418  0.0423  0.0460  0.0470  0.0445  0.0322  0.0322  0.0312  0.0344  0.0317  0.0301
  0.0438  0.0426  0.0432  0.0493  0.0508  0.0501  0.0334  0.0342  0.0322  0.0373  0.0328  0.0306
niter,ni,del,rscale     7    3    5.0000    1.2000
parameter  5  1.123187 ->  0.500000 qaram    1.3225
parameter  6  0.530797 ->  0.500000 qaram    1.3225
parameters
   -0.5210   27.0844    0.5746   -4.3053  -12.7270  -12.6218
    5.0993   -1.5814   -4.2962   24.2901    1.2192  -24.6216
eta,q 0.97455  9.13472
  0.0327  0.0308  0.0302  0.0320  0.0256  0.0258  0.0275  0.0294  0.0275  0.0282  0.0262  0.0269
  0.0312  0.0300  0.0296  0.0308  0.0261  0.0255  0.0264  0.0276  0.0264  0.0269  0.0258  0.0262
  0.0303  0.0297  0.0294  0.0299  0.0275  0.0258  0.0257  0.0263  0.0257  0.0259  0.0255  0.0257
  0.0299  0.0299  0.0297  0.0294  0.0294  0.0264  0.0256  0.0256  0.0255  0.0254  0.0255  0.0255
  0.0301  0.0305  0.0304  0.0295  0.0318  0.0288  0.0259  0.0255  0.0256  0.0258  0.0255  0.0256
  0.0310  0.0316  0.0315  0.0304  0.0351  0.0331  0.0267  0.0263  0.0262  0.0267  0.0258  0.0261
  0.0323  0.0331  0.0328  0.0322  0.0390  0.0387  0.0278  0.0279  0.0273  0.0284  0.0263  0.0269
niter,ni,del,rscale     7    3    5.0000    1.2000
parameters
   -0.4360   26.9990   -0.1001   -1.6419  -16.9283  -14.6043
    5.0648   -1.5346   -4.3716   24.5047    1.0405  -25.8725
eta,q 0.97582  9.00506
  0.0281  0.0277  0.0260  0.0282  0.0255  0.0265  0.0264  0.0273  0.0260  0.0265  0.0249  0.0251
  0.0267  0.0264  0.0256  0.0271  0.0246  0.0252  0.0252  0.0257  0.0250  0.0253  0.0246  0.0245
  0.0258  0.0257  0.0254  0.0261  0.0243  0.0244  0.0245  0.0246  0.0244  0.0245  0.0243  0.0242
  0.0255  0.0254  0.0255  0.0253  0.0250  0.0243  0.0242  0.0242  0.0242  0.0242  0.0242  0.0242
  0.0257  0.0258  0.0259  0.0250  0.0268  0.0248  0.0245  0.0245  0.0244  0.0243  0.0243  0.0246
  0.0265  0.0267  0.0266  0.0251  0.0292  0.0269  0.0253  0.0255  0.0250  0.0250  0.0246  0.0252
  0.0278  0.0280  0.0276  0.0261  0.0327  0.0314  0.0264  0.0273  0.0260  0.0263  0.0251  0.0260
niter,ni,del,rscale     6    3    5.0000    1.2000
parameters
   -0.3952   27.2202   -0.5210   -1.3339  -17.5768  -15.2058
    5.0476   -1.4815   -4.3441   25.1087    1.0946  -26.3766
eta,q 0.97591  8.97849
  0.0267  0.0268  0.0251  0.0263  0.0270  0.0271  0.0262  0.0271  0.0259  0.0264  0.0248  0.0252
  0.0253  0.0254  0.0245  0.0253  0.0255  0.0256  0.0251  0.0255  0.0249  0.0252  0.0244  0.0246
  0.0245  0.0245  0.0242  0.0246  0.0245  0.0245  0.0244  0.0245  0.0243  0.0244  0.0242  0.0242
  0.0242  0.0242  0.0242  0.0241  0.0241  0.0241  0.0241  0.0241  0.0241  0.0241  0.0241  0.0241
  0.0244  0.0243  0.0245  0.0240  0.0245  0.0244  0.0244  0.0244  0.0243  0.0242  0.0241  0.0243
  0.0252  0.0249  0.0251  0.0247  0.0260  0.0254  0.0251  0.0254  0.0249  0.0247  0.0244  0.0248
  0.0265  0.0260  0.0260  0.0264  0.0281  0.0287  0.0262  0.0271  0.0259  0.0258  0.0248  0.0256
niter,ni,del,rscale     5    3    5.0000    1.2000
parameters
   -0.3743   27.3641   -0.7670   -1.3008  -17.8575  -15.4800
    5.0641   -1.4760   -4.3317   25.5164    1.1386  -26.6075
eta,q 0.97591  8.96505
  0.0265  0.0265  0.0251  0.0262  0.0271  0.0272  0.0262  0.0270  0.0258  0.0261  0.0248  0.0253
  0.0252  0.0252  0.0245  0.0252  0.0256  0.0257  0.0251  0.0254  0.0249  0.0250  0.0244  0.0246
  0.0244  0.0244  0.0242  0.0245  0.0245  0.0246  0.0243  0.0245  0.0243  0.0243  0.0242  0.0242
  0.0241  0.0241  0.0241  0.0241  0.0241  0.0241  0.0241  0.0241  0.0241  0.0241  0.0241  0.0241
  0.0244  0.0243  0.0243  0.0240  0.0244  0.0243  0.0244  0.0244  0.0243  0.0242  0.0241  0.0243
  0.0251  0.0249  0.0249  0.0247  0.0257  0.0252  0.0251  0.0253  0.0249  0.0247  0.0244  0.0247
  0.0264  0.0259  0.0257  0.0266  0.0277  0.0282  0.0261  0.0271  0.0258  0.0258  0.0248  0.0254
niter,ni,del,rscale     4    3    5.0000    1.2000
parameters
   -0.3663   27.4623   -0.9068   -1.2949  -18.0527  -15.6787
    5.0811   -1.4726   -4.3290   25.7971    1.1739  -26.7231
eta,q 0.97590  8.95451
  0.0265  0.0263  0.0252  0.0261  0.0271  0.0271  0.0262  0.0270  0.0258  0.0260  0.0248  0.0253
  0.0251  0.0251  0.0246  0.0252  0.0256  0.0257  0.0251  0.0254  0.0249  0.0249  0.0244  0.0247
  0.0243  0.0243  0.0242  0.0245  0.0246  0.0246  0.0244  0.0244  0.0243  0.0243  0.0242  0.0242
  0.0241  0.0241  0.0241  0.0241  0.0241  0.0241  0.0241  0.0241  0.0241  0.0241  0.0241  0.0241
  0.0244  0.0243  0.0243  0.0240  0.0243  0.0243  0.0244  0.0244  0.0243  0.0242  0.0241  0.0243
  0.0251  0.0249  0.0248  0.0247  0.0256  0.0252  0.0251  0.0253  0.0249  0.0247  0.0244  0.0247
  0.0264  0.0259  0.0255  0.0266  0.0276  0.0280  0.0261  0.0271  0.0258  0.0258  0.0248  0.0254
niter,ni,del,rscale     3    3    5.0000    1.2000
parameters
   -0.3625   27.5388   -1.0115   -1.2949  -18.2067  -15.8609
    5.0911   -1.4756   -4.3193   26.0038    1.1991  -26.7844
eta,q 0.97589  8.94436
  0.0265  0.0263  0.0253  0.0261  0.0271  0.0271  0.0262  0.0270  0.0258  0.0259  0.0248  0.0253
  0.0251  0.0251  0.0246  0.0252  0.0256  0.0257  0.0251  0.0254  0.0249  0.0249  0.0244  0.0247
  0.0244  0.0243  0.0242  0.0245  0.0246  0.0246  0.0244  0.0245  0.0243  0.0243  0.0242  0.0242
  0.0241  0.0241  0.0241  0.0241  0.0241  0.0241  0.0241  0.0241  0.0241  0.0241  0.0241  0.0241
  0.0244  0.0243  0.0243  0.0240  0.0243  0.0243  0.0244  0.0244  0.0243  0.0242  0.0242  0.0243
  0.0251  0.0249  0.0247  0.0247  0.0256  0.0251  0.0251  0.0254  0.0249  0.0247  0.0244  0.0247
  0.0264  0.0259  0.0255  0.0266  0.0275  0.0280  0.0261  0.0271  0.0258  0.0257  0.0248  0.0253
niter,ni,del,rscale     2    3    5.0000    1.2000
parameters
   -0.3578   27.6030   -1.1032   -1.2963  -18.3353  -16.0349
    5.0995   -1.4718   -4.3135   26.1981    1.2154  -26.8203
eta,q 0.97588  8.93520
  0.0265  0.0262  0.0253  0.0261  0.0271  0.0271  0.0262  0.0270  0.0258  0.0258  0.0248  0.0253
  0.0252  0.0250  0.0246  0.0252  0.0256  0.0257  0.0251  0.0254  0.0249  0.0249  0.0244  0.0247
  0.0244  0.0243  0.0242  0.0245  0.0246  0.0246  0.0244  0.0245  0.0243  0.0243  0.0242  0.0242
  0.0241  0.0241  0.0241  0.0241  0.0241  0.0241  0.0241  0.0241  0.0241  0.0241  0.0241  0.0241
  0.0244  0.0243  0.0243  0.0240  0.0243  0.0243  0.0244  0.0244  0.0243  0.0242  0.0242  0.0243
  0.0252  0.0249  0.0247  0.0247  0.0256  0.0251  0.0251  0.0253  0.0249  0.0247  0.0244  0.0247
  0.0264  0.0259  0.0255  0.0266  0.0275  0.0279  0.0261  0.0270  0.0258  0.0257  0.0248  0.0253
niter,ni,del,rscale     1    3    5.0000    1.2000
parameters
   -0.3527   27.6671   -1.1967   -1.3011  -18.4679  -16.2186
    5.0974   -1.4666   -4.3045   26.3985    1.2120  -26.8339
eta,q 0.97587  8.92519
  0.0265  0.0262  0.0253  0.0261  0.0270  0.0270  0.0262  0.0270  0.0258  0.0258  0.0248  0.0253
  0.0252  0.0250  0.0246  0.0252  0.0256  0.0256  0.0251  0.0254  0.0249  0.0248  0.0244  0.0247
  0.0244  0.0243  0.0242  0.0245  0.0246  0.0246  0.0244  0.0245  0.0243  0.0243  0.0242  0.0243
  0.0241  0.0241  0.0241  0.0241  0.0241  0.0241  0.0241  0.0241  0.0241  0.0241  0.0241  0.0241
  0.0244  0.0243  0.0243  0.0240  0.0243  0.0243  0.0244  0.0244  0.0243  0.0242  0.0242  0.0243
  0.0252  0.0249  0.0247  0.0247  0.0255  0.0251  0.0251  0.0254  0.0249  0.0247  0.0244  0.0247
  0.0264  0.0259  0.0255  0.0266  0.0275  0.0278  0.0261  0.0270  0.0258  0.0257  0.0248  0.0253
registration optimization eta report
parameter search radius
    2.4000    2.4000    2.4000    8.2800    9.5220    9.5220
    7.2000    7.2000    7.2000    7.2000    7.2000    7.2000
100000*second partial in parameter space
       40.       34.       21.        3.        3.        4.
        4.        6.        3.        3.        1.        2.
  0.0265  0.0262  0.0253  0.0261  0.0270  0.0270  0.0262  0.0270  0.0258  0.0258  0.0248  0.0253
  0.0252  0.0250  0.0246  0.0252  0.0256  0.0256  0.0251  0.0254  0.0249  0.0248  0.0244  0.0247
  0.0244  0.0243  0.0242  0.0245  0.0246  0.0246  0.0244  0.0245  0.0243  0.0243  0.0242  0.0243
  0.0241  0.0241  0.0241  0.0241  0.0241  0.0241  0.0241  0.0241  0.0241  0.0241  0.0241  0.0241
  0.0244  0.0243  0.0243  0.0240  0.0243  0.0243  0.0244  0.0244  0.0243  0.0242  0.0242  0.0243
  0.0252  0.0249  0.0247  0.0247  0.0255  0.0251  0.0251  0.0254  0.0249  0.0247  0.0244  0.0247
  0.0264  0.0259  0.0255  0.0266  0.0275  0.0278  0.0261  0.0270  0.0258  0.0257  0.0248  0.0253
   -0.3527   27.6671   -1.1967   -1.3011  -18.4679  -16.2186
    5.0974   -1.4666   -4.3045   26.3985    1.2120  -26.8339
eta,q 0.97587  8.92519

---------------------------------------------------------------------
imgreg_4dfp /opt/freesurfer/average/711-2C_as_mni_average_305 /opt/freesurfer/average/711-2B_as_mni_average_305_mask talsrcimg_g11 none talsrcimg_to_711-2C_as_mni_average_305_t4 2311
---------------------------------------------------------------------

freesurfer imgreg_4dfp.c
/opt/freesurfer/average/711-2C_as_mni_average_305.4dfp.img
       256       256       256         1
  1.000000  1.000000  1.000000
orientation T byte_order littleendian
Reading image: /opt/freesurfer/average/711-2C_as_mni_average_305.4dfp.img
dimensions:      256       256       256
mmppix:       1.0000   -1.0000   -1.0000
center:     128.0000 -129.0000 -129.0000
/opt/freesurfer/average/711-2B_as_mni_average_305_mask.4dfp.img
       256       256       256         1
  1.000000  1.000000  1.000000
orientation T byte_order littleendian
Reading mask: /opt/freesurfer/average/711-2B_as_mni_average_305_mask.4dfp.img (2306576 pixels)
talsrcimg_g11.4dfp.img
       256       256       256         1
  1.000000  1.000000  1.000000
orientation T byte_order littleendian
Reading image: talsrcimg_g11.4dfp.img
dimensions:      256       256       256
mmppix:       1.0000   -1.0000   -1.0000
center:     128.0000 -129.0000 -129.0000
fimgreg.f
image alignment mode   2311 decimal      907 hex
parameters
   -0.3527   27.6671   -1.1967   -1.3011  -18.4679  -16.2186
    5.0974   -1.4666   -4.3045   26.3985    1.2120  -26.8339
eta,q 0.97587  8.92519
niter,ni,del,rscale     5    3    5.0000    0.8000
parameters
   -0.3552   27.7113   -1.2769   -0.0808  -18.1451  -15.4129
    5.0454   -1.4097   -4.3877   26.7634    1.2633  -26.8710
eta,q 0.97601  9.02546
  0.0252  0.0250  0.0246  0.0250  0.0250  0.0251  0.0250  0.0255  0.0248  0.0248  0.0244  0.0246
  0.0246  0.0245  0.0243  0.0246  0.0245  0.0246  0.0244  0.0247  0.0243  0.0244  0.0242  0.0242
  0.0242  0.0242  0.0242  0.0243  0.0242  0.0242  0.0241  0.0242  0.0241  0.0241  0.0240  0.0241
  0.0241  0.0241  0.0241  0.0241  0.0240  0.0240  0.0240  0.0240  0.0240  0.0240  0.0240  0.0240
  0.0243  0.0242  0.0242  0.0240  0.0241  0.0240  0.0241  0.0241  0.0241  0.0240  0.0240  0.0241
  0.0246  0.0245  0.0244  0.0241  0.0243  0.0242  0.0245  0.0246  0.0244  0.0242  0.0241  0.0243
  0.0252  0.0249  0.0247  0.0245  0.0248  0.0246  0.0250  0.0255  0.0248  0.0246  0.0243  0.0246
niter,ni,del,rscale     4    3    5.0000    0.7000
parameters
   -0.3511   27.6035   -1.1339   -0.1542  -17.9020  -14.9773
    5.1053   -1.4259   -4.4053   26.5039    1.2932  -26.8510
eta,q 0.97603  9.04718
  0.0248  0.0246  0.0245  0.0245  0.0247  0.0247  0.0248  0.0251  0.0246  0.0245  0.0243  0.0244
  0.0244  0.0242  0.0243  0.0243  0.0244  0.0244  0.0243  0.0245  0.0242  0.0242  0.0241  0.0242
  0.0241  0.0240  0.0241  0.0241  0.0241  0.0241  0.0241  0.0241  0.0240  0.0240  0.0240  0.0240
  0.0240  0.0240  0.0240  0.0240  0.0240  0.0240  0.0240  0.0240  0.0240  0.0240  0.0240  0.0240
  0.0241  0.0241  0.0240  0.0240  0.0240  0.0240  0.0240  0.0241  0.0240  0.0240  0.0240  0.0240
  0.0244  0.0244  0.0241  0.0242  0.0242  0.0242  0.0243  0.0245  0.0243  0.0243  0.0241  0.0242
  0.0248  0.0248  0.0244  0.0247  0.0247  0.0245  0.0247  0.0252  0.0246  0.0247  0.0243  0.0244
niter,ni,del,rscale     3    3    5.0000    0.6000
parameters
   -0.3659   27.4888   -0.9727   -0.0261  -17.6619  -14.6457
    5.1114   -1.4361   -4.4324   26.2794    1.2446  -26.7684
eta,q 0.97605  9.07151
  0.0246  0.0244  0.0244  0.0244  0.0246  0.0245  0.0245  0.0248  0.0244  0.0244  0.0242  0.0243
  0.0242  0.0241  0.0242  0.0242  0.0243  0.0242  0.0242  0.0243  0.0241  0.0241  0.0240  0.0241
  0.0240  0.0240  0.0240  0.0241  0.0241  0.0240  0.0240  0.0240  0.0240  0.0240  0.0240  0.0240
  0.0240  0.0240  0.0240  0.0240  0.0240  0.0239  0.0239  0.0239  0.0239  0.0239  0.0239  0.0239
  0.0240  0.0241  0.0240  0.0240  0.0240  0.0240  0.0240  0.0240  0.0240  0.0240  0.0240  0.0240
  0.0243  0.0243  0.0241  0.0241  0.0241  0.0241  0.0242  0.0243  0.0242  0.0242  0.0240  0.0241
  0.0246  0.0246  0.0242  0.0244  0.0245  0.0243  0.0245  0.0249  0.0244  0.0245  0.0242  0.0243
niter,ni,del,rscale     2    3    5.0000    0.5000
parameters
   -0.3776   27.3942   -0.8541    0.0783  -17.4774  -14.4450
    5.1136   -1.4326   -4.4347   26.1516    1.1989  -26.6645
eta,q 0.97607  9.08829
  0.0244  0.0242  0.0243  0.0243  0.0244  0.0243  0.0243  0.0246  0.0243  0.0242  0.0241  0.0242
  0.0241  0.0241  0.0241  0.0241  0.0242  0.0241  0.0241  0.0242  0.0241  0.0241  0.0240  0.0241
  0.0240  0.0240  0.0240  0.0240  0.0240  0.0240  0.0240  0.0240  0.0240  0.0240  0.0239  0.0240
  0.0239  0.0239  0.0239  0.0239  0.0239  0.0239  0.0239  0.0239  0.0239  0.0239  0.0239  0.0239
  0.0240  0.0240  0.0240  0.0239  0.0239  0.0240  0.0240  0.0240  0.0240  0.0240  0.0239  0.0239
  0.0242  0.0242  0.0240  0.0240  0.0241  0.0241  0.0241  0.0242  0.0241  0.0241  0.0240  0.0240
  0.0244  0.0244  0.0241  0.0243  0.0243  0.0242  0.0243  0.0246  0.0243  0.0243  0.0241  0.0242
niter,ni,del,rscale     1    3    5.0000    0.4000
parameters
   -0.3830   27.3404   -0.7859    0.1710  -17.3619  -14.3681
    5.1045   -1.4223   -4.4392   26.0898    1.1463  -26.5714
eta,q 0.97608  9.09755
  0.0242  0.0241  0.0241  0.0242  0.0242  0.0242  0.0242  0.0243  0.0241  0.0241  0.0240  0.0241
  0.0241  0.0240  0.0240  0.0240  0.0241  0.0240  0.0240  0.0241  0.0240  0.0240  0.0240  0.0240
  0.0240  0.0239  0.0240  0.0240  0.0240  0.0240  0.0239  0.0240  0.0239  0.0239  0.0239  0.0239
  0.0239  0.0239  0.0239  0.0239  0.0239  0.0239  0.0239  0.0239  0.0239  0.0239  0.0239  0.0239
  0.0240  0.0240  0.0239  0.0239  0.0239  0.0239  0.0239  0.0240  0.0239  0.0239  0.0239  0.0239
  0.0241  0.0241  0.0240  0.0240  0.0240  0.0240  0.0240  0.0241  0.0240  0.0240  0.0240  0.0240
  0.0242  0.0242  0.0241  0.0241  0.0242  0.0241  0.0242  0.0243  0.0241  0.0242  0.0240  0.0241
registration optimization eta report
parameter search radius
    0.8000    0.8000    0.8000    2.4000    2.4000    2.4000
    2.4000    2.4000    2.4000    2.4000    2.4000    2.4000
100000*second partial in parameter space
       47.       38.       26.        4.        4.        4.
        5.        7.        4.        4.        2.        3.
  0.0242  0.0241  0.0241  0.0242  0.0242  0.0242  0.0242  0.0243  0.0241  0.0241  0.0240  0.0241
  0.0241  0.0240  0.0240  0.0240  0.0241  0.0240  0.0240  0.0241  0.0240  0.0240  0.0240  0.0240
  0.0240  0.0239  0.0240  0.0240  0.0240  0.0240  0.0239  0.0240  0.0239  0.0239  0.0239  0.0239
  0.0239  0.0239  0.0239  0.0239  0.0239  0.0239  0.0239  0.0239  0.0239  0.0239  0.0239  0.0239
  0.0240  0.0240  0.0239  0.0239  0.0239  0.0239  0.0239  0.0240  0.0239  0.0239  0.0239  0.0239
  0.0241  0.0241  0.0240  0.0240  0.0240  0.0240  0.0240  0.0241  0.0240  0.0240  0.0240  0.0240
  0.0242  0.0242  0.0241  0.0241  0.0242  0.0241  0.0242  0.0243  0.0241  0.0242  0.0240  0.0241
   -0.3830   27.3404   -0.7859    0.1710  -17.3619  -14.3681
    5.1045   -1.4223   -4.4392   26.0898    1.1463  -26.5714
eta,q 0.97608  9.09755

---------------------------------------------------------------------
imgreg_4dfp /opt/freesurfer/average/711-2C_as_mni_average_305 /opt/freesurfer/average/711-2B_as_mni_average_305_mask talsrcimg_g11 none talsrcimg_to_711-2C_as_mni_average_305_t4 2311
---------------------------------------------------------------------

freesurfer imgreg_4dfp.c
/opt/freesurfer/average/711-2C_as_mni_average_305.4dfp.img
       256       256       256         1
  1.000000  1.000000  1.000000
orientation T byte_order littleendian
Reading image: /opt/freesurfer/average/711-2C_as_mni_average_305.4dfp.img
dimensions:      256       256       256
mmppix:       1.0000   -1.0000   -1.0000
center:     128.0000 -129.0000 -129.0000
/opt/freesurfer/average/711-2B_as_mni_average_305_mask.4dfp.img
       256       256       256         1
  1.000000  1.000000  1.000000
orientation T byte_order littleendian
Reading mask: /opt/freesurfer/average/711-2B_as_mni_average_305_mask.4dfp.img (2306576 pixels)
talsrcimg_g11.4dfp.img
       256       256       256         1
  1.000000  1.000000  1.000000
orientation T byte_order littleendian
Reading image: talsrcimg_g11.4dfp.img
dimensions:      256       256       256
mmppix:       1.0000   -1.0000   -1.0000
center:     128.0000 -129.0000 -129.0000
fimgreg.f
image alignment mode   2311 decimal      907 hex
parameters
   -0.3830   27.3404   -0.7859    0.1711  -17.3619  -14.3681
    5.1045   -1.4223   -4.4392   26.0898    1.1463  -26.5714
eta,q 0.97608  9.09755
niter,ni,del,rscale     5    3    5.0000    0.8000
parameters
   -0.3856   27.3453   -0.7427   -0.3900  -17.5455  -14.2875
    5.1264   -1.4598   -4.3922   25.8280    1.2219  -26.6223
eta,q 0.97604  9.06984
  0.0251  0.0249  0.0246  0.0246  0.0249  0.0248  0.0250  0.0255  0.0248  0.0247  0.0244  0.0246
  0.0244  0.0244  0.0242  0.0243  0.0244  0.0244  0.0244  0.0246  0.0243  0.0243  0.0241  0.0242
  0.0240  0.0240  0.0240  0.0240  0.0241  0.0241  0.0241  0.0241  0.0240  0.0241  0.0240  0.0240
  0.0239  0.0239  0.0239  0.0239  0.0239  0.0239  0.0239  0.0239  0.0239  0.0239  0.0240  0.0240
  0.0240  0.0240  0.0240  0.0240  0.0240  0.0240  0.0241  0.0241  0.0240  0.0240  0.0240  0.0240
  0.0245  0.0244  0.0242  0.0244  0.0244  0.0243  0.0244  0.0247  0.0243  0.0244  0.0241  0.0242
  0.0251  0.0249  0.0245  0.0252  0.0251  0.0248  0.0250  0.0256  0.0248  0.0250  0.0243  0.0246
niter,ni,del,rscale     4    3    5.0000    0.7000
parameters
   -0.3848   27.3121   -0.6912   -0.2152  -17.4476  -14.1958
    5.1044   -1.4613   -4.4176   25.8389    1.1975  -26.5596
eta,q 0.97606  9.08376
  0.0248  0.0247  0.0245  0.0246  0.0247  0.0246  0.0247  0.0252  0.0246  0.0246  0.0242  0.0244
  0.0244  0.0243  0.0242  0.0243  0.0243  0.0243  0.0243  0.0245  0.0242  0.0243  0.0241  0.0242
  0.0241  0.0240  0.0240  0.0241  0.0241  0.0240  0.0240  0.0241  0.0240  0.0241  0.0240  0.0240
  0.0240  0.0240  0.0240  0.0240  0.0239  0.0239  0.0239  0.0239  0.0239  0.0239  0.0239  0.0239
  0.0241  0.0241  0.0240  0.0239  0.0240  0.0240  0.0240  0.0241  0.0240  0.0240  0.0240  0.0240
  0.0243  0.0243  0.0241  0.0241  0.0242  0.0242  0.0243  0.0245  0.0242  0.0242  0.0241  0.0241
  0.0248  0.0247  0.0244  0.0246  0.0247  0.0246  0.0247  0.0252  0.0246  0.0247  0.0243  0.0244
niter,ni,del,rscale     3    3    5.0000    0.6000
parameters
   -0.3915   27.2955   -0.6697   -0.1007  -17.3733  -14.1537
    5.1056   -1.4514   -4.4133   25.8571    1.1784  -26.5261
eta,q 0.97607  9.09271
  0.0246  0.0245  0.0243  0.0244  0.0245  0.0244  0.0245  0.0249  0.0244  0.0245  0.0242  0.0243
  0.0242  0.0242  0.0241  0.0242  0.0242  0.0242  0.0242  0.0243  0.0241  0.0242  0.0240  0.0241
  0.0240  0.0240  0.0240  0.0240  0.0240  0.0240  0.0240  0.0240  0.0240  0.0240  0.0240  0.0240
  0.0239  0.0239  0.0239  0.0239  0.0239  0.0239  0.0239  0.0239  0.0239  0.0239  0.0239  0.0239
  0.0240  0.0240  0.0240  0.0239  0.0240  0.0240  0.0240  0.0240  0.0240  0.0240  0.0239  0.0240
  0.0242  0.0242  0.0241  0.0241  0.0241  0.0242  0.0242  0.0243  0.0241  0.0241  0.0240  0.0241
  0.0246  0.0245  0.0243  0.0244  0.0245  0.0244  0.0245  0.0249  0.0244  0.0245  0.0242  0.0243
niter,ni,del,rscale     2    3    5.0000    0.5000
parameters
   -0.3944   27.2836   -0.6632    0.0364  -17.3007  -14.1748
    5.0943   -1.4388   -4.4164   25.8917    1.1433  -26.5024
eta,q 0.97608  9.09984
  0.0244  0.0243  0.0242  0.0243  0.0243  0.0243  0.0243  0.0246  0.0243  0.0243  0.0241  0.0242
  0.0241  0.0241  0.0240  0.0241  0.0241  0.0241  0.0241  0.0242  0.0241  0.0241  0.0240  0.0240
  0.0240  0.0240  0.0240  0.0240  0.0240  0.0240  0.0240  0.0240  0.0240  0.0240  0.0239  0.0240
  0.0239  0.0239  0.0239  0.0239  0.0239  0.0239  0.0239  0.0239  0.0239  0.0239  0.0239  0.0239
  0.0240  0.0240  0.0240  0.0239  0.0239  0.0240  0.0240  0.0240  0.0240  0.0239  0.0239  0.0240
  0.0241  0.0241  0.0240  0.0240  0.0241  0.0241  0.0241  0.0242  0.0241  0.0241  0.0240  0.0240
  0.0244  0.0243  0.0242  0.0243  0.0243  0.0243  0.0243  0.0246  0.0243  0.0243  0.0241  0.0242
niter,ni,del,rscale     1    3    5.0000    0.4000
parameters
   -0.3918   27.2803   -0.6755    0.1529  -17.2513  -14.2271
    5.0891   -1.4182   -4.4315   25.9399    1.1275  -26.4918
eta,q 0.97608  9.10431
  0.0242  0.0242  0.0241  0.0242  0.0242  0.0241  0.0242  0.0244  0.0241  0.0242  0.0240  0.0241
  0.0241  0.0240  0.0240  0.0240  0.0241  0.0240  0.0240  0.0241  0.0240  0.0240  0.0240  0.0240
  0.0240  0.0240  0.0239  0.0240  0.0240  0.0239  0.0240  0.0240  0.0239  0.0240  0.0239  0.0239
  0.0239  0.0239  0.0239  0.0239  0.0239  0.0239  0.0239  0.0239  0.0239  0.0239  0.0239  0.0239
  0.0240  0.0240  0.0239  0.0239  0.0239  0.0240  0.0239  0.0240  0.0239  0.0239  0.0239  0.0239
  0.0241  0.0240  0.0240  0.0240  0.0240  0.0240  0.0240  0.0241  0.0240  0.0240  0.0240  0.0240
  0.0242  0.0242  0.0241  0.0241  0.0242  0.0242  0.0242  0.0243  0.0241  0.0242  0.0240  0.0241
registration optimization eta report
parameter search radius
    0.8000    0.8000    0.8000    2.4000    2.4000    2.4000
    2.4000    2.4000    2.4000    2.4000    2.4000    2.4000
100000*second partial in parameter space
       47.       39.       26.        4.        5.        4.
        5.        7.        4.        4.        2.        3.
  0.0242  0.0242  0.0241  0.0242  0.0242  0.0241  0.0242  0.0244  0.0241  0.0242  0.0240  0.0241
  0.0241  0.0240  0.0240  0.0240  0.0241  0.0240  0.0240  0.0241  0.0240  0.0240  0.0240  0.0240
  0.0240  0.0240  0.0239  0.0240  0.0240  0.0239  0.0240  0.0240  0.0239  0.0240  0.0239  0.0239
  0.0239  0.0239  0.0239  0.0239  0.0239  0.0239  0.0239  0.0239  0.0239  0.0239  0.0239  0.0239
  0.0240  0.0240  0.0239  0.0239  0.0239  0.0240  0.0239  0.0240  0.0239  0.0239  0.0239  0.0239
  0.0241  0.0240  0.0240  0.0240  0.0240  0.0240  0.0240  0.0241  0.0240  0.0240  0.0240  0.0240
  0.0242  0.0242  0.0241  0.0241  0.0242  0.0242  0.0242  0.0243  0.0241  0.0242  0.0240  0.0241
   -0.3918   27.2803   -0.6755    0.1529  -17.2513  -14.2271
    5.0891   -1.4182   -4.4315   25.9399    1.1275  -26.4918
eta,q 0.97608  9.10431

---------------------------------------------------------------------
compute_vox2vox talsrcimg talsrcimg_to_711-2C_as_mni_average_305_t4 /opt/freesurfer/average/711-2C_as_mni_average_305
---------------------------------------------------------------------

freesurfer compute_vox2vox.c
Reading: talsrcimg.4dfp.ifh
Reading: talsrcimg_to_711-2C_as_mni_average_305_t4
Reading: /opt/freesurfer/average/711-2C_as_mni_average_305.4dfp.ifh
Writing: talsrcimg_to_711-2C_as_mni_average_305_t4_vox2vox.txt

start time Sun Mar 15 08:14:15 CET 2026
end		time Sun Mar 15 08:14:29 CET 2026

mpr2mni305 success

avi2talxfm orig_nu.mgz /opt/freesurfer/average/mni305.cor.mgz talsrcimg_to_711-2C_as_mni_average_305_t4_vox2vox.txt transforms/talairach.auto.xfm
avi2talxfm done
mv -f /out/sourcedata/freesurfer/sub-v2s10x28939_ses-1/mri/talsrcimg_to_711-2C_as_mni_average_305_t4_vox2vox.txt /out/sourcedata/freesurfer/sub-v2s10x28939_ses-1/mri/transforms/talsrcimg_to_711-2C_as_mni_average_305_t4_vox2vox.txt
lta_convert --src orig_nu.mgz --trg /opt/freesurfer/average/mni305.cor.mgz --inxfm transforms/talairach.auto.xfm --outlta transforms/talairach.auto.xfm.lta --subject fsaverage
7.3.2

--src: orig_nu.mgz src image (geometry).
--trg: /opt/freesurfer/average/mni305.cor.mgz trg image (geometry).
--inmni: transforms/talairach.auto.xfm input MNI/XFM transform.
--outlta: transforms/talairach.auto.xfm.lta output LTA.
--s: fsaverage subject name
 LTA read, type : 1
 0.99586   0.03190  -0.05103   6.47701;
 0.00308   1.06305   0.34014  -17.15063;
 0.05237  -0.33154   1.09912   5.51177;
 0.00000   0.00000   0.00000   1.00000;
setting subject to fsaverage
Writing  LTA to file transforms/talairach.auto.xfm.lta...
lta_convert successful.
 
 
Started at Sun Mar 15 08:14:15 CET 2026
Ended   at Sun Mar 15 08:14:29 CET 2026
talairach_avi done
