status file for recon-all
Sun Mar 15 09:38:27 CET 2026
#@# Tessellate rh Sun Mar 15 09:38:27 CET 2026
#@# Smooth1 rh Sun Mar 15 09:38:30 CET 2026
#@# Inflation1 rh Sun Mar 15 09:38:31 CET 2026
#@# QSphere rh Sun Mar 15 09:38:38 CET 2026
#@# Fix Topology rh Sun Mar 15 09:39:13 CET 2026
#@# Smooth2 rh Sun Mar 15 09:43:13 CET 2026
#@# Inflation2 rh Sun Mar 15 09:43:15 CET 2026
#@# Curv .H and .K rh Sun Mar 15 09:43:22 CET 2026
#@# Sphere rh Sun Mar 15 09:43:56 CET 2026
#@# Surf Reg rh Sun Mar 15 09:45:50 CET 2026
#@# Jacobian white rh Sun Mar 15 09:48:03 CET 2026
#@# AvgCurv rh Sun Mar 15 09:48:03 CET 2026
#@# Cortical Parc rh Sun Mar 15 09:48:04 CET 2026
#@# white curv rh Sun Mar 15 09:52:30 CET 2026
#@# white area rh Sun Mar 15 09:52:31 CET 2026
#@# pial curv rh Sun Mar 15 09:52:31 CET 2026
#@# pial area rh Sun Mar 15 09:52:32 CET 2026
#@# thickness rh Sun Mar 15 09:52:33 CET 2026
#@# area and vertex vol rh Sun Mar 15 09:52:50 CET 2026
#@# Curvature Stats rh Sun Mar 15 09:52:51 CET 2026
#@# Cortical Parc 2 rh Sun Mar 15 09:52:52 CET 2026
#@# Cortical Parc 3 rh Sun Mar 15 09:53:01 CET 2026
#@# WM/GM Contrast rh Sun Mar 15 09:53:07 CET 2026
recon-all -s sub-v2s10x28951_ses-1 finished without error at Sun Mar 15 09:53:09 CET 2026



#New# invocation of recon-all 



status file for recon-all
Sun Mar 15 09:57:56 CET 2026
#@# white curv rh Sun Mar 15 09:57:56 CET 2026
#@# white area rh Sun Mar 15 09:57:56 CET 2026
#@# pial curv rh Sun Mar 15 09:57:56 CET 2026
#@# pial area rh Sun Mar 15 09:57:56 CET 2026
#@# thickness rh Sun Mar 15 09:57:56 CET 2026
#@# area and vertex vol rh Sun Mar 15 09:57:56 CET 2026
#@# Parcellation Stats rh Sun Mar 15 09:57:56 CET 2026
#@# Parcellation Stats 2 rh Sun Mar 15 09:58:08 CET 2026
#@# Parcellation Stats 3 rh Sun Mar 15 09:58:14 CET 2026
#@# BA_exvivo Labels rh Sun Mar 15 09:58:20 CET 2026
recon-all -s sub-v2s10x28951_ses-1 finished without error at Sun Mar 15 09:59:59 CET 2026
