status file for recon-all
Sun Mar 15 08:12:17 CET 2026
#@# MotionCor Sun Mar 15 08:12:19 CET 2026
#@# Talairach Sun Mar 15 08:12:26 CET 2026
#@# Talairach Failure Detection Sun Mar 15 08:16:51 CET 2026
#@# Nu Intensity Correction Sun Mar 15 08:16:51 CET 2026
#@# Intensity Normalization Sun Mar 15 08:20:07 CET 2026
recon-all -s sub-v2s10x28995_ses-1 finished without error at Sun Mar 15 08:21:46 CET 2026



#New# invocation of recon-all 



status file for recon-all
Sun Mar 15 08:28:56 CET 2026
#@# EM Registration Sun Mar 15 08:28:56 CET 2026
recon-all -s sub-v2s10x28995_ses-1 finished without error at Sun Mar 15 08:30:36 CET 2026



#New# invocation of recon-all 



status file for recon-all
Sun Mar 15 08:30:38 CET 2026
#@# CA Normalize Sun Mar 15 08:30:38 CET 2026
#@# CA Reg Sun Mar 15 08:32:00 CET 2026
#@# SubCort Seg Sun Mar 15 09:19:02 CET 2026
#@# CC Seg Sun Mar 15 09:51:32 CET 2026
#@# Merge ASeg Sun Mar 15 09:52:21 CET 2026
#@# Intensity Normalization2 Sun Mar 15 09:52:21 CET 2026
#@# Mask BFS Sun Mar 15 09:54:48 CET 2026
#@# WM Segmentation Sun Mar 15 09:54:48 CET 2026
#@# Fill Sun Mar 15 09:56:54 CET 2026
recon-all -s sub-v2s10x28995_ses-1 finished without error at Sun Mar 15 09:57:58 CET 2026



#New# invocation of recon-all 



status file for recon-all
Sun Mar 15 10:58:13 CET 2026
#@# white curv lh Sun Mar 15 10:58:13 CET 2026
#@# white area lh Sun Mar 15 10:58:13 CET 2026
#@# pial curv lh Sun Mar 15 10:58:13 CET 2026
#@# pial area lh Sun Mar 15 10:58:13 CET 2026
#@# thickness lh Sun Mar 15 10:58:13 CET 2026
#@# area and vertex vol lh Sun Mar 15 10:58:13 CET 2026
#@# white curv rh Sun Mar 15 10:58:13 CET 2026
#@# white area rh Sun Mar 15 10:58:13 CET 2026
#@# pial curv rh Sun Mar 15 10:58:13 CET 2026
#@# pial area rh Sun Mar 15 10:58:13 CET 2026
#@# thickness rh Sun Mar 15 10:58:13 CET 2026
#@# area and vertex vol rh Sun Mar 15 10:58:13 CET 2026
#@# Cortical ribbon mask Sun Mar 15 10:58:13 CET 2026
recon-all -s sub-v2s10x28995_ses-1 finished without error at Sun Mar 15 11:04:08 CET 2026



#New# invocation of recon-all 



status file for recon-all
Sun Mar 15 11:11:45 CET 2026
#@# white curv lh Sun Mar 15 11:11:45 CET 2026
#@# white area lh Sun Mar 15 11:11:45 CET 2026
#@# pial curv lh Sun Mar 15 11:11:45 CET 2026
#@# pial area lh Sun Mar 15 11:11:45 CET 2026
#@# thickness lh Sun Mar 15 11:11:45 CET 2026
#@# area and vertex vol lh Sun Mar 15 11:11:45 CET 2026
#@# white curv rh Sun Mar 15 11:11:45 CET 2026
#@# white area rh Sun Mar 15 11:11:45 CET 2026
#@# pial curv rh Sun Mar 15 11:11:45 CET 2026
#@# pial area rh Sun Mar 15 11:11:45 CET 2026
#@# thickness rh Sun Mar 15 11:11:45 CET 2026
#@# area and vertex vol rh Sun Mar 15 11:11:45 CET 2026
#@# Curvature Stats lh Sun Mar 15 11:11:45 CET 2026
#@# Curvature Stats rh Sun Mar 15 11:11:48 CET 2026
#@# Relabel Hypointensities Sun Mar 15 11:11:51 CET 2026
#@# APas-to-ASeg Sun Mar 15 11:12:08 CET 2026
#@# AParc-to-ASeg aparc Sun Mar 15 11:12:17 CET 2026
#@# AParc-to-ASeg aparc.a2009s Sun Mar 15 11:13:27 CET 2026
#@# AParc-to-ASeg aparc.DKTatlas Sun Mar 15 11:14:34 CET 2026
#@# WMParc Sun Mar 15 11:15:46 CET 2026
#@# ASeg Stats Sun Mar 15 11:20:47 CET 2026
recon-all -s sub-v2s10x28995_ses-1 finished without error at Sun Mar 15 11:21:29 CET 2026
