/out/sourcedata/freesurfer/sub-v2s10x28986_ses-1/mri
/opt/freesurfer/bin/talairach_avi
--i orig_nu.mgz --xfm transforms/talairach.auto.xfm
talairach_avi 7.3.2
Linux dna057 5.14.0-427.37.1.el9_4.x86_64 #1 SMP PREEMPT_DYNAMIC Fri Sep 13 12:41:50 EDT 2024 x86_64 x86_64 x86_64 GNU/Linux
Sun Mar 15 08:15:03 CET 2026
mri_convert orig_nu.mgz talsrcimg.img 
reading from orig_nu.mgz...
TR=0.00, TE=0.00, TI=0.00, flip angle=0.00
i_ras = (-1, 2.50657e-09, -1.86265e-09)
j_ras = (0, 0, -1)
k_ras = (4.94038e-09, 1, -1.16415e-10)
writing to talsrcimg.img...
Analyze Output Matrix
-1.00000   0.00000   0.00000   131.24136;
 0.00000   0.00000   1.00000  -108.67928;
-0.00000  -1.00000  -0.00000   122.48952;
 0.00000   0.00000   0.00000   1.00000;
--------------------
INFO: set hdr.hist.orient to -1
mpr2mni305 talsrcimg
Sun Mar 15 08:15:04 CET 2026
/opt/freesurfer/bin/mpr2mni305 talsrcimg
mpr2mni305 7.3.2
target=711-2C_as_mni_average_305

---------------------------------------------------------------------
analyzeto4dfp talsrcimg -O0 -y
---------------------------------------------------------------------

freesurfer ifh2hdr.c
Sun Mar 15 08:15:04 2026
Writing: talsrcimg.4dfp.hdr
freesurfer analyzeto4dfp.c
Reading: talsrcimg.hdr
header size 348 bytes
hdr.dime.datatype	offset=70	value=2
hdr.dime.bitpix		offset=72	value=8
hdr.hist.orient		offset=252	value=-1
dimensionality     4
dimensions       256       256       256         1
Reading: talsrcimg.img
Writing: talsrcimg.4dfp.img
Writing: talsrcimg.4dfp.ifh
ifh2hdr talsrcimg -r0to239
ori=2

---------------------------------------------------------------------
gauss_4dfp talsrcimg 1.1
---------------------------------------------------------------------

freesurfer gauss_4dfp.c
Reading: talsrcimg.4dfp.img
Writing: talsrcimg_g11.4dfp.img
image dimensions 256 256 256 padded to 288 288 288
processing volume 1freesurfer ifh2hdr.c
Sun Mar 15 08:15:05 2026
Writing: talsrcimg_g11.4dfp.hdr

Writing: talsrcimg_g11.4dfp.ifh
including: talsrcimg.4dfp.img.rec in talsrcimg_g11.4dfp.img.rec

---------------------------------------------------------------------
imgreg_4dfp /opt/freesurfer/average/711-2C_as_mni_average_305 none talsrcimg_g11 none talsrcimg_to_711-2C_as_mni_average_305_t4 4355
---------------------------------------------------------------------

freesurfer imgreg_4dfp.c
/opt/freesurfer/average/711-2C_as_mni_average_305.4dfp.img
       256       256       256         1
  1.000000  1.000000  1.000000
orientation T byte_order littleendian
Reading image: /opt/freesurfer/average/711-2C_as_mni_average_305.4dfp.img
dimensions:      256       256       256
mmppix:       1.0000   -1.0000   -1.0000
center:     128.0000 -129.0000 -129.0000
talsrcimg_g11.4dfp.img
       256       256       256         1
  1.000000  1.000000  1.000000
orientation T byte_order littleendian
Reading image: talsrcimg_g11.4dfp.img
dimensions:      256       256       256
mmppix:       1.0000   -1.0000   -1.0000
center:     128.0000 -129.0000 -129.0000
t4_read: open error in t4_sub.f l:  41 t4_file(1:l)talsrcimg_to_711-2C_as_mni_average_305_t4 
t4_read: transform initialized to I4
rotation matrix determinant  1.000000
image alignment mode   4355 decimal     1103 hex
   -7.5000  -45.0000  -45.0000 6524.2812   12.3675
    0.0000  -45.0000  -45.0000 6869.9673   12.3939
    7.5000  -45.0000  -45.0000 6643.7310   12.4189
   -7.5000  -37.5000  -45.0000 7153.1030   12.0459
    0.0000  -37.5000  -45.0000 7512.7627   12.0747
    7.5000  -37.5000  -45.0000 7247.6030   12.1027
   -7.5000  -30.0000  -45.0000 8115.5503   11.8287
    0.0000  -30.0000  -45.0000 8515.0527   11.8604
    7.5000  -30.0000  -45.0000 8208.1973   11.8926
   -7.5000  -22.5000  -45.0000 9107.3818   11.6479
    0.0000  -22.5000  -45.0000 9554.8184   11.6777
    7.5000  -22.5000  -45.0000 9210.8965   11.7089
   -7.5000  -15.0000  -45.000010162.0713   11.5663
    0.0000  -15.0000  -45.000010675.5938   11.5916
    7.5000  -15.0000  -45.000010276.2207   11.6174
   -7.5000   -7.5000  -45.000011214.8896   11.5255
    0.0000   -7.5000  -45.000011788.6172   11.5468
    7.5000   -7.5000  -45.000011334.4287   11.5672
   -7.5000    0.0000  -45.000012146.0596   11.5305
    0.0000    0.0000  -45.000012747.0547   11.5524
    7.5000    0.0000  -45.000012248.8760   11.5727
   -7.5000    7.5000  -45.000012123.1123   11.5373
    0.0000    7.5000  -45.000012722.7754   11.5640
    7.5000    7.5000  -45.000012213.9551   11.5895
   -7.5000   15.0000  -45.000011963.0889   11.5328
    0.0000   15.0000  -45.000012542.0107   11.5632
    7.5000   15.0000  -45.000012024.2959   11.5937
   -7.5000   22.5000  -45.000011744.7119   11.5186
    0.0000   22.5000  -45.000012310.8770   11.5479
    7.5000   22.5000  -45.000011793.9912   11.5783
   -7.5000   30.0000  -45.000011433.4346   11.3601
    0.0000   30.0000  -45.000012011.1680   11.3847
    7.5000   30.0000  -45.000011508.7539   11.4099
   -7.5000   37.5000  -45.000011378.3535   11.3638
    0.0000   37.5000  -45.000011969.3799   11.3848
    7.5000   37.5000  -45.000011450.4736   11.4048
   -7.5000   45.0000  -45.000010947.9053   11.0879
    0.0000   45.0000  -45.000011531.2900   11.1090
    7.5000   45.0000  -45.000011002.2070   11.1286
   -7.5000  -45.0000  -37.5000 6883.4321   12.3286
    0.0000  -45.0000  -37.5000 7239.8760   12.3532
    7.5000  -45.0000  -37.5000 6982.7153   12.3838
   -7.5000  -37.5000  -37.5000 7552.4751   12.0086
    0.0000  -37.5000  -37.5000 7920.8267   12.0370
    7.5000  -37.5000  -37.5000 7626.8716   12.0694
   -7.5000  -30.0000  -37.5000 8574.8135   11.7938
    0.0000  -30.0000  -37.5000 8993.8555   11.8261
    7.5000  -30.0000  -37.5000 8654.8848   11.8621
   -7.5000  -22.5000  -37.5000 9628.3760   11.6142
    0.0000  -22.5000  -37.500010117.0273   11.6440
    7.5000  -22.5000  -37.5000 9730.4688   11.6794
   -7.5000  -15.0000  -37.500010735.3232   11.5314
    0.0000  -15.0000  -37.500011304.6523   11.5552
    7.5000  -15.0000  -37.500010862.2217   11.5865
   -7.5000   -7.5000  -37.500011838.2910   11.4867
    0.0000   -7.5000  -37.500012454.0918   11.5059
    7.5000   -7.5000  -37.500011960.6113   11.5323
   -7.5000    0.0000  -37.500012817.1279   11.4898
    0.0000    0.0000  -37.500013463.5410   11.5100
    7.5000    0.0000  -37.500012917.3711   11.5356
   -7.5000    7.5000  -37.500012766.0703   11.4982
    0.0000    7.5000  -37.500013414.0195   11.5246
    7.5000    7.5000  -37.500012859.5654   11.5543
   -7.5000   15.0000  -37.500012591.8916   11.4962
    0.0000   15.0000  -37.500013214.9795   11.5271
    7.5000   15.0000  -37.500012657.2881   11.5613
   -7.5000   22.5000  -37.500012348.4482   11.4836
    0.0000   22.5000  -37.500012959.9111   11.5129
    7.5000   22.5000  -37.500012391.0830   11.5474
   -7.5000   30.0000  -37.500012009.0918   11.3249
    0.0000   30.0000  -37.500012632.7432   11.3482
    7.5000   30.0000  -37.500012082.8662   11.3787
   -7.5000   37.5000  -37.500011932.4941   11.3255
    0.0000   37.5000  -37.500012544.4033   11.3444
    7.5000   37.5000  -37.500011985.8525   11.3704
   -7.5000   45.0000  -37.500011471.6475   11.0488
    0.0000   45.0000  -37.500012049.6328   11.0683
    7.5000   45.0000  -37.500011507.2520   11.0928
   -7.5000  -45.0000  -30.0000 7351.8462   12.8142
    0.0000  -45.0000  -30.0000 7727.9243   12.8406
    7.5000  -45.0000  -30.0000 7429.3999   12.8768
   -7.5000  -37.5000  -30.0000 8073.4209   12.4818
    0.0000  -37.5000  -30.0000 8483.2646   12.5124
    7.5000  -37.5000  -30.0000 8146.9248   12.5490
   -7.5000  -30.0000  -30.0000 9175.9141   12.2618
    0.0000  -30.0000  -30.0000 9627.0312   12.2963
    7.5000  -30.0000  -30.0000 9240.4766   12.3354
   -7.5000  -22.5000  -30.000010306.7236   12.0793
    0.0000  -22.5000  -30.000010838.6406   12.1106
    7.5000  -22.5000  -30.000010408.5674   12.1491
   -7.5000  -15.0000  -30.000011476.7910   11.9934
    0.0000  -15.0000  -30.000012076.2812   12.0182
    7.5000  -15.0000  -30.000011594.6553   12.0535
   -7.5000   -7.5000  -30.000012630.2598   11.9425
    0.0000   -7.5000  -30.000013282.0537   11.9626
    7.5000   -7.5000  -30.000012744.2637   11.9941
   -7.5000    0.0000  -30.000013673.9521   11.9416
    0.0000    0.0000  -30.000014390.8613   11.9633
    7.5000    0.0000  -30.000013795.3232   11.9940
   -7.5000    7.5000  -30.000013600.4395   11.9505
    0.0000    7.5000  -30.000014316.7305   11.9792
    7.5000    7.5000  -30.000013720.3594   12.0131
   -7.5000   15.0000  -30.000013407.9014   11.9521
    0.0000   15.0000  -30.000014108.6250   11.9854
    7.5000   15.0000  -30.000013488.9580   12.0227
   -7.5000   22.5000  -30.000013160.8604   11.9422
    0.0000   22.5000  -30.000013833.9805   11.9729
    7.5000   22.5000  -30.000013195.4434   12.0104
   -7.5000   30.0000  -30.000012805.0391   11.7798
    0.0000   30.0000  -30.000013483.0078   11.8040
    7.5000   30.0000  -30.000012843.4375   11.8384
   -7.5000   37.5000  -30.000012687.1064   11.7760
    0.0000   37.5000  -30.000013358.3320   11.7958
    7.5000   37.5000  -30.000012739.0977   11.8268
   -7.5000   45.0000  -30.000012170.8516   11.4917
    0.0000   45.0000  -30.000012776.6826   11.5126
    7.5000   45.0000  -30.000012173.0439   11.5422
   -7.5000  -45.0000  -22.5000 7788.0303   13.2368
    0.0000  -45.0000  -22.5000 8190.7842   13.2666
    7.5000  -45.0000  -22.5000 7879.4404   13.3021
   -7.5000  -37.5000  -22.5000 8567.7969   12.8921
    0.0000  -37.5000  -22.5000 8988.7227   12.9250
    7.5000  -37.5000  -22.5000 8643.1963   12.9613
   -7.5000  -30.0000  -22.5000 9728.5459   12.6652
    0.0000  -30.0000  -22.500010198.1807   12.7011
    7.5000  -30.0000  -22.5000 9813.9258   12.7392
   -7.5000  -22.5000  -22.500010941.7393   12.4797
    0.0000  -22.5000  -22.500011496.9326   12.5126
    7.5000  -22.5000  -22.500011063.8408   12.5493
   -7.5000  -15.0000  -22.500012166.0479   12.3927
    0.0000  -15.0000  -22.500012791.4580   12.4197
    7.5000  -15.0000  -22.500012307.9160   12.4531
   -7.5000   -7.5000  -22.500013379.6270   12.3397
    0.0000   -7.5000  -22.500014065.4541   12.3626
    7.5000   -7.5000  -22.500013511.4707   12.3928
   -7.5000    0.0000  -22.500014467.2227   12.3366
    0.0000    0.0000  -22.500015235.8652   12.3612
    7.5000    0.0000  -22.500014614.2490   12.3915
   -7.5000    7.5000  -22.500014392.4531   12.3437
    0.0000    7.5000  -22.500015156.6582   12.3745
    7.5000    7.5000  -22.500014527.9141   12.4082
   -7.5000   15.0000  -22.500014202.5664   12.3459
    0.0000   15.0000  -22.500014943.1514   12.3806
    7.5000   15.0000  -22.500014287.7324   12.4170
   -7.5000   22.5000  -22.500013946.7520   12.3373
    0.0000   22.5000  -22.500014662.1416   12.3696
    7.5000   22.5000  -22.500013971.7725   12.4054
   -7.5000   30.0000  -22.500013566.1846   12.1739
    0.0000   30.0000  -22.500014292.4307   12.2003
    7.5000   30.0000  -22.500013594.9512   12.2328
   -7.5000   37.5000  -22.500013425.0928   12.1696
    0.0000   37.5000  -22.500014150.6836   12.1922
    7.5000   37.5000  -22.500013476.1982   12.2219
   -7.5000   45.0000  -22.500012822.5000   11.8807
    0.0000   45.0000  -22.500013475.2109   11.9045
    7.5000   45.0000  -22.500012806.4678   11.9336
   -7.5000  -45.0000  -15.0000 8163.1929   13.5556
    0.0000  -45.0000  -15.0000 8594.8740   13.5884
    7.5000  -45.0000  -15.0000 8280.5029   13.6197
   -7.5000  -37.5000  -15.0000 9014.2412   13.2008
    0.0000  -37.5000  -15.0000 9456.2646   13.2350
    7.5000  -37.5000  -15.0000 9104.2490   13.2683
   -7.5000  -30.0000  -15.000010265.7842   12.9659
    0.0000  -30.0000  -15.000010761.1152   13.0020
    7.5000  -30.0000  -15.000010362.5352   13.0374
   -7.5000  -22.5000  -15.000011582.6289   12.7753
    0.0000  -22.5000  -15.000012150.2354   12.8092
    7.5000  -22.5000  -15.000011683.6934   12.8425
   -7.5000  -15.0000  -15.000012843.3213   12.6879
    0.0000  -15.0000  -15.000013501.0723   12.7173
    7.5000  -15.0000  -15.000012979.0850   12.7461
   -7.5000   -7.5000  -15.000014101.1816   12.6372
    0.0000   -7.5000  -15.000014837.2227   12.6634
    7.5000   -7.5000  -15.000014241.6963   12.6887
   -7.5000    0.0000  -15.000015253.1143   12.6353
    0.0000    0.0000  -15.000016087.7207   12.6625
    7.5000    0.0000  -15.000015412.5068   12.6889
   -7.5000    7.5000  -15.000015193.3574   12.6400
    0.0000    7.5000  -15.000016009.4102   12.6717
    7.5000    7.5000  -15.000015339.6719   12.7027
   -7.5000   15.0000  -15.000015004.1768   12.6394
    0.0000   15.0000  -15.000015765.2354   12.6743
    7.5000   15.0000  -15.000015081.6533   12.7082
   -7.5000   22.5000  -15.000014705.1045   12.6291
    0.0000   22.5000  -15.000015437.6387   12.6624
    7.5000   22.5000  -15.000014710.3652   12.6949
   -7.5000   30.0000  -15.000014307.9980   12.4657
    0.0000   30.0000  -15.000015054.9072   12.4945
    7.5000   30.0000  -15.000014319.6533   12.5225
   -7.5000   37.5000  -15.000014155.6094   12.4647
    0.0000   37.5000  -15.000014911.3633   12.4905
    7.5000   37.5000  -15.000014193.7803   12.5154
   -7.5000   45.0000  -15.000013458.8994   12.1758
    0.0000   45.0000  -15.000014134.5205   12.2020
    7.5000   45.0000  -15.000013447.8447   12.2274
   -7.5000  -45.0000   -7.5000 8558.9893   13.7357
    0.0000  -45.0000   -7.5000 8996.9053   13.7680
    7.5000  -45.0000   -7.5000 8662.7998   13.7956
   -7.5000  -37.5000   -7.5000 9496.1807   13.3766
    0.0000  -37.5000   -7.5000 9954.8623   13.4101
    7.5000  -37.5000   -7.5000 9577.3516   13.4410
   -7.5000  -30.0000   -7.500010850.7471   13.1355
    0.0000  -30.0000   -7.500011373.4824   13.1711
    7.5000  -30.0000   -7.500010947.1260   13.2054
   -7.5000  -22.5000   -7.500012228.4756   12.9376
    0.0000  -22.5000   -7.500012820.8760   12.9715
    7.5000  -22.5000   -7.500012339.1816   13.0039
   -7.5000  -15.0000   -7.500013555.6152   12.8481
    0.0000  -15.0000   -7.500014232.7363   12.8779
    7.5000  -15.0000   -7.500013687.5068   12.9046
   -7.5000   -7.5000   -7.500014856.4570   12.8009
    0.0000   -7.5000   -7.500015610.4053   12.8273
    7.5000   -7.5000   -7.500014994.0283   12.8491
   -7.5000    0.0000   -7.500016053.6152   12.8034
    0.0000    0.0000   -7.500016893.9414   12.8304
    7.5000    0.0000   -7.500016203.3447   12.8531
   -7.5000    7.5000   -7.500016027.1377   12.8087
    0.0000    7.5000   -7.500016865.0371   12.8397
    7.5000    7.5000   -7.500016154.0195   12.8681
   -7.5000   15.0000   -7.500015845.6631   12.8047
    0.0000   15.0000   -7.500016653.8066   12.8389
    7.5000   15.0000   -7.500015941.0674   12.8716
   -7.5000   22.5000   -7.500015556.0215   12.7881
    0.0000   22.5000   -7.500016281.4170   12.8215
    7.5000   22.5000   -7.500015544.4541   12.8530
   -7.5000   30.0000   -7.500015136.5898   12.6227
    0.0000   30.0000   -7.500015855.6172   12.6519
    7.5000   30.0000   -7.500015107.0840   12.6778
   -7.5000   37.5000   -7.500014948.7412   12.6259
    0.0000   37.5000   -7.500015701.0713   12.6518
    7.5000   37.5000   -7.500014956.8613   12.6733
   -7.5000   45.0000   -7.500014126.2793   12.3401
    0.0000   45.0000   -7.500014836.4219   12.3661
    7.5000   45.0000   -7.500014116.2588   12.3880
   -7.5000  -45.0000    0.0000 8868.2314   13.7839
    0.0000  -45.0000    0.0000 9310.0449   13.8131
    7.5000  -45.0000    0.0000 8983.8887   13.8414
   -7.5000  -37.5000    0.0000 9893.9404   13.4248
    0.0000  -37.5000    0.000010374.0049   13.4568
    7.5000  -37.5000    0.0000 9986.3066   13.4885
   -7.5000  -30.0000    0.000011344.2207   13.1817
    0.0000  -30.0000    0.000011885.9434   13.2170
    7.5000  -30.0000    0.000011425.1377   13.2534
   -7.5000  -22.5000    0.000012768.6963   12.9791
    0.0000  -22.5000    0.000013369.0459   13.0123
    7.5000  -22.5000    0.000012845.9932   13.0477
   -7.5000  -15.0000    0.000014172.9658   12.8874
    0.0000  -15.0000    0.000014809.1211   12.9154
    7.5000  -15.0000    0.000014250.0469   12.9448
   -7.5000   -7.5000    0.000015546.2949   12.8414
    0.0000   -7.5000    0.000016232.1035   12.8650
    7.5000   -7.5000    0.000015627.2666   12.8884
   -7.5000    0.0000    0.000016780.5020   12.8471
    0.0000    0.0000    0.000017531.2910   12.8715
    7.5000    0.0000    0.000016863.7520   12.8947
   -7.5000    7.5000    0.000016703.2500   12.8547
    0.0000    7.5000    0.000017467.1055   12.8843
    7.5000    7.5000    0.000016812.2559   12.9133
   -7.5000   15.0000    0.000016555.1680   12.8492
    0.0000   15.0000    0.000017433.0605   12.8831
    7.5000   15.0000    0.000016712.6465   12.9176
   -7.5000   22.5000    0.000016304.9814   12.8290
    0.0000   22.5000    0.000017209.1523   12.8616
    7.5000   22.5000    0.000016431.3027   12.8961
   -7.5000   30.0000    0.000015899.9102   12.6615
    0.0000   30.0000    0.000016790.7969   12.6890
    7.5000   30.0000    0.000015934.8604   12.7176
   -7.5000   37.5000    0.000015632.6260   12.6661
    0.0000   37.5000    0.000016473.8203   12.6894
    7.5000   37.5000    0.000015649.4180   12.7124
   -7.5000   45.0000    0.000014655.3848   12.3831
    0.0000   45.0000    0.000015421.2363   12.4067
    7.5000   45.0000    0.000014674.8604   12.4291
   -7.5000  -45.0000    7.5000 8494.6582   13.7804
    0.0000  -45.0000    7.5000 8921.6807   13.8077
    7.5000  -45.0000    7.5000 8590.2041   13.8421
   -7.5000  -37.5000    7.5000 9507.3613   13.4224
    0.0000  -37.5000    7.5000 9979.4707   13.4540
    7.5000  -37.5000    7.5000 9604.2822   13.4903
   -7.5000  -30.0000    7.500010904.2617   13.1819
    0.0000  -30.0000    7.500011432.1895   13.2178
    7.5000  -30.0000    7.500010984.4854   13.2583
   -7.5000  -22.5000    7.500012238.6963   12.9811
    0.0000  -22.5000    7.500012814.7080   13.0142
    7.5000  -22.5000    7.500012326.6699   13.0540
   -7.5000  -15.0000    7.500013579.4766   12.8887
    0.0000  -15.0000    7.500014213.4014   12.9152
    7.5000  -15.0000    7.500013673.8994   12.9504
   -7.5000   -7.5000    7.500014900.6670   12.8389
    0.0000   -7.5000    7.500015596.9365   12.8603
    7.5000   -7.5000    7.500015016.9004   12.8900
   -7.5000    0.0000    7.500016096.2637   12.8425
    0.0000    0.0000    7.500016860.4766   12.8650
    7.5000    0.0000    7.500016230.1113   12.8938
   -7.5000    7.5000    7.500016057.3447   12.8516
    0.0000    7.5000    7.500016844.4004   12.8811
    7.5000    7.5000    7.500016189.2812   12.9144
   -7.5000   15.0000    7.500015919.6904   12.8491
    0.0000   15.0000    7.500016825.4141   12.8835
    7.5000   15.0000    7.500016071.1758   12.9220
   -7.5000   22.5000    7.500015677.8818   12.8309
    0.0000   22.5000    7.500016581.6074   12.8634
    7.5000   22.5000    7.500015823.9424   12.9022
   -7.5000   30.0000    7.500015316.3789   12.6627
    0.0000   30.0000    7.500016165.7021   12.6887
    7.5000   30.0000    7.500015380.5596   12.7230
   -7.5000   37.5000    7.500015090.7109   12.6637
    0.0000   37.5000    7.500015872.4043   12.6847
    7.5000   37.5000    7.500015123.8906   12.7140
   -7.5000   45.0000    7.500014106.1816   12.3786
    0.0000   45.0000    7.500014801.4121   12.4004
    7.5000   45.0000    7.500014137.1768   12.4281
   -7.5000  -45.0000   15.0000 7998.4556   13.7878
    0.0000  -45.0000   15.0000 8402.0869   13.8162
    7.5000  -45.0000   15.0000 8094.7627   13.8551
   -7.5000  -37.5000   15.0000 8969.4463   13.4307
    0.0000  -37.5000   15.0000 9432.0371   13.4635
    7.5000  -37.5000   15.0000 9070.6719   13.5029
   -7.5000  -30.0000   15.000010284.2432   13.1945
    0.0000  -30.0000   15.000010812.3428   13.2316
    7.5000  -30.0000   15.000010379.4189   13.2737
   -7.5000  -22.5000   15.000011562.0186   12.9987
    0.0000  -22.5000   15.000012149.6660   13.0323
    7.5000  -22.5000   15.000011681.1055   13.0737
   -7.5000  -15.0000   15.000012851.1240   12.9064
    0.0000  -15.0000   15.000013502.6318   12.9329
    7.5000  -15.0000   15.000012981.9297   12.9709
   -7.5000   -7.5000   15.000014103.9863   12.8515
    0.0000   -7.5000   15.000014809.2959   12.8730
    7.5000   -7.5000   15.000014269.1885   12.9070
   -7.5000    0.0000   15.000015258.6484   12.8503
    0.0000    0.0000   15.000015961.8857   12.8736
    7.5000    0.0000   15.000015407.7256   12.9068
   -7.5000    7.5000   15.000015228.3760   12.8598
    0.0000    7.5000   15.000015947.5137   12.8906
    7.5000    7.5000   15.000015360.1758   12.9271
   -7.5000   15.0000   15.000015066.5713   12.8615
    0.0000   15.0000   15.000015818.8086   12.8972
    7.5000   15.0000   15.000015206.1484   12.9374
   -7.5000   22.5000   15.000014829.9375   12.8480
    0.0000   22.5000   15.000015536.3262   12.8810
    7.5000   22.5000   15.000014948.5234   12.9214
   -7.5000   30.0000   15.000014507.9336   12.6801
    0.0000   30.0000   15.000015168.5625   12.7060
    7.5000   30.0000   15.000014564.5254   12.7431
   -7.5000   37.5000   15.000014328.0244   12.6761
    0.0000   37.5000   15.000014979.1465   12.6973
    7.5000   37.5000   15.000014364.6660   12.7307
   -7.5000   45.0000   15.000013393.6670   12.3863
    0.0000   45.0000   15.000014008.6768   12.4087
    7.5000   45.0000   15.000013431.3838   12.4406
   -7.5000  -45.0000   22.5000 7441.4478   13.8893
    0.0000  -45.0000   22.5000 7825.5786   13.9209
    7.5000  -45.0000   22.5000 7534.2290   13.9588
   -7.5000  -37.5000   22.5000 8348.1426   13.5277
    0.0000  -37.5000   22.5000 8802.8291   13.5624
    7.5000  -37.5000   22.5000 8450.7197   13.6011
   -7.5000  -30.0000   22.5000 9596.4395   13.2911
    0.0000  -30.0000   22.500010124.9766   13.3290
    7.5000  -30.0000   22.5000 9722.6436   13.3695
   -7.5000  -22.5000   22.500010815.0918   13.0978
    0.0000  -22.5000   22.500011385.3662   13.1325
    7.5000  -22.5000   22.500010954.9111   13.1715
   -7.5000  -15.0000   22.500012034.0410   13.0065
    0.0000  -15.0000   22.500012660.4785   13.0350
    7.5000  -15.0000   22.500012173.7871   13.0706
   -7.5000   -7.5000   22.500013198.5996   12.9502
    0.0000   -7.5000   22.500013860.2939   12.9744
    7.5000   -7.5000   22.500013361.9961   13.0067
   -7.5000    0.0000   22.500014288.5928   12.9461
    0.0000    0.0000   22.500014948.1230   12.9721
    7.5000    0.0000   22.500014416.8594   13.0045
   -7.5000    7.5000   22.500014246.8193   12.9530
    0.0000    7.5000   22.500014914.2070   12.9855
    7.5000    7.5000   22.500014354.3184   13.0214
   -7.5000   15.0000   22.500014084.3223   12.9555
    0.0000   15.0000   22.500014721.5508   12.9920
    7.5000   15.0000   22.500014177.5664   13.0308
   -7.5000   22.5000   22.500013841.9902   12.9451
    0.0000   22.5000   22.500014447.5430   12.9792
    7.5000   22.5000   22.500013920.9512   13.0172
   -7.5000   30.0000   22.500013531.2979   12.7780
    0.0000   30.0000   22.500014149.5186   12.8059
    7.5000   30.0000   22.500013609.7627   12.8405
   -7.5000   37.5000   22.500013421.5977   12.7733
    0.0000   37.5000   22.500014016.2881   12.7972
    7.5000   37.5000   22.500013462.6143   12.8290
   -7.5000   45.0000   22.500012543.8740   12.4785
    0.0000   45.0000   22.500013106.1826   12.5036
    7.5000   45.0000   22.500012584.7998   12.5348
   -7.5000  -45.0000   30.0000 6876.4683   14.0817
    0.0000  -45.0000   30.0000 7233.4736   14.1156
    7.5000  -45.0000   30.0000 6944.4727   14.1497
   -7.5000  -37.5000   30.0000 7695.8218   13.7124
    0.0000  -37.5000   30.0000 8123.4722   13.7478
    7.5000  -37.5000   30.0000 7783.3027   13.7837
   -7.5000  -30.0000   30.0000 8847.8096   13.4708
    0.0000  -30.0000   30.0000 9347.5635   13.5083
    7.5000  -30.0000   30.0000 8967.3350   13.5462
   -7.5000  -22.5000   30.0000 9980.7500   13.2748
    0.0000  -22.5000   30.000010521.2354   13.3101
    7.5000  -22.5000   30.000010112.0762   13.3457
   -7.5000  -15.0000   30.000011113.5293   13.1836
    0.0000  -15.0000   30.000011700.2314   13.2142
    7.5000  -15.0000   30.000011246.7881   13.2452
   -7.5000   -7.5000   30.000012196.1436   13.1285
    0.0000   -7.5000   30.000012831.5850   13.1555
    7.5000   -7.5000   30.000012350.8848   13.1831
   -7.5000    0.0000   30.000013218.9502   13.1249
    0.0000    0.0000   30.000013873.1006   13.1528
    7.5000    0.0000   30.000013358.0312   13.1818
   -7.5000    7.5000   30.000013198.1455   13.1296
    0.0000    7.5000   30.000013829.5273   13.1624
    7.5000    7.5000   30.000013318.0352   13.1959
   -7.5000   15.0000   30.000013030.9014   13.1300
    0.0000   15.0000   30.000013605.1289   13.1662
    7.5000   15.0000   30.000013119.7783   13.2024
   -7.5000   22.5000   30.000012780.5215   13.1190
    0.0000   22.5000   30.000013335.1182   13.1537
    7.5000   22.5000   30.000012847.4355   13.1884
   -7.5000   30.0000   30.000012497.0430   12.9512
    0.0000   30.0000   30.000013061.3994   12.9811
    7.5000   30.0000   30.000012553.6777   13.0113
   -7.5000   37.5000   30.000012420.5381   12.9490
    0.0000   37.5000   30.000012980.0674   12.9757
    7.5000   37.5000   30.000012476.3359   13.0029
   -7.5000   45.0000   30.000011632.3330   12.6509
    0.0000   45.0000   30.000012167.4834   12.6778
    7.5000   45.0000   30.000011691.1270   12.7057
   -7.5000  -45.0000   37.5000 6580.3325   14.4292
    0.0000  -45.0000   37.5000 6920.3242   14.4643
    7.5000  -45.0000   37.5000 6643.1235   14.4958
   -7.5000  -37.5000   37.5000 7354.3647   14.0453
    0.0000  -37.5000   37.5000 7754.4497   14.0815
    7.5000  -37.5000   37.5000 7438.1719   14.1163
   -7.5000  -30.0000   37.5000 8445.9141   13.7932
    0.0000  -30.0000   37.5000 8909.2803   13.8315
    7.5000  -30.0000   37.5000 8556.1006   13.8695
   -7.5000  -22.5000   37.5000 9551.6328   13.5881
    0.0000  -22.5000   37.500010067.3418   13.6246
    7.5000  -22.5000   37.5000 9652.8447   13.6603
   -7.5000  -15.0000   37.500010653.6387   13.4949
    0.0000  -15.0000   37.500011211.4648   13.5270
    7.5000  -15.0000   37.500010753.6436   13.5568
   -7.5000   -7.5000   37.500011700.8740   13.4406
    0.0000   -7.5000   37.500012293.2441   13.4690
    7.5000   -7.5000   37.500011806.6191   13.4939
   -7.5000    0.0000   37.500012668.4385   13.4393
    0.0000    0.0000   37.500013302.6250   13.4684
    7.5000    0.0000   37.500012790.9580   13.4945
   -7.5000    7.5000   37.500012661.6074   13.4435
    0.0000    7.5000   37.500013275.4141   13.4768
    7.5000    7.5000   37.500012773.3809   13.5089
   -7.5000   15.0000   37.500012498.5791   13.4407
    0.0000   15.0000   37.500013056.3057   13.4774
    7.5000   15.0000   37.500012577.7256   13.5137
   -7.5000   22.5000   37.500012249.0410   13.4269
    0.0000   22.5000   37.500012774.8770   13.4627
    7.5000   22.5000   37.500012323.0762   13.4975
   -7.5000   30.0000   37.500011951.8447   13.2555
    0.0000   30.0000   37.500012492.3789   13.2870
    7.5000   30.0000   37.500012022.0254   13.3160
   -7.5000   37.5000   37.500011909.0928   13.2567
    0.0000   37.5000   37.500012455.9268   13.2847
    7.5000   37.5000   37.500011984.1270   13.3092
   -7.5000   45.0000   37.500011183.8242   12.9540
    0.0000   45.0000   37.500011701.3555   12.9820
    7.5000   45.0000   37.500011238.6904   13.0072
   -7.5000  -45.0000   45.0000 6001.0171   14.8175
    0.0000  -45.0000   45.0000 6307.7354   14.8538
    7.5000  -45.0000   45.0000 6067.2300   14.8897
   -7.5000  -37.5000   45.0000 6711.9854   14.4213
    0.0000  -37.5000   45.0000 7073.7993   14.4599
    7.5000  -37.5000   45.0000 6802.1860   14.4982
   -7.5000  -30.0000   45.0000 7723.2891   14.1585
    0.0000  -30.0000   45.0000 8129.5254   14.2002
    7.5000  -30.0000   45.0000 7822.8965   14.2427
   -7.5000  -22.5000   45.0000 8744.9346   13.9381
    0.0000  -22.5000   45.0000 9205.8428   13.9775
    7.5000  -22.5000   45.0000 8831.3584   14.0191
   -7.5000  -15.0000   45.0000 9766.5049   13.8369
    0.0000  -15.0000   45.000010267.7959   13.8708
    7.5000  -15.0000   45.0000 9843.3037   13.9067
   -7.5000   -7.5000   45.000010719.5557   13.7794
    0.0000   -7.5000   45.000011261.6514   13.8086
    7.5000   -7.5000   45.000010805.5889   13.8385
   -7.5000    0.0000   45.000011602.5205   13.7828
    0.0000    0.0000   45.000012186.3457   13.8129
    7.5000    0.0000   45.000011718.7227   13.8424
   -7.5000    7.5000   45.000011601.1875   13.7929
    0.0000    7.5000   45.000012155.4404   13.8284
    7.5000    7.5000   45.000011694.8896   13.8633
   -7.5000   15.0000   45.000011448.4287   13.7903
    0.0000   15.0000   45.000011973.0078   13.8301
    7.5000   15.0000   45.000011527.4551   13.8705
   -7.5000   22.5000   45.000011205.7217   13.7702
    0.0000   22.5000   45.000011726.0459   13.8088
    7.5000   22.5000   45.000011296.6572   13.8493
   -7.5000   30.0000   45.000010935.9756   13.5881
    0.0000   30.0000   45.000011441.0703   13.6213
    7.5000   30.0000   45.000011011.1572   13.6563
   -7.5000   37.5000   45.000010934.2764   13.5894
    0.0000   37.5000   45.000011437.1768   13.6182
    7.5000   37.5000   45.000011003.8477   13.6476
   -7.5000   45.0000   45.000010282.4238   13.2911
    0.0000   45.0000   45.000010759.7686   13.3201
    7.5000   45.0000   45.000010332.6113   13.3486

---------------------------------------------------------------------
imgreg_4dfp /opt/freesurfer/average/711-2C_as_mni_average_305 /opt/freesurfer/average/711-2B_as_mni_average_305_mask talsrcimg_g11 none talsrcimg_to_711-2C_as_mni_average_305_t4 4355
---------------------------------------------------------------------

freesurfer imgreg_4dfp.c
/opt/freesurfer/average/711-2C_as_mni_average_305.4dfp.img
       256       256       256         1
  1.000000  1.000000  1.000000
orientation T byte_order littleendian
Reading image: /opt/freesurfer/average/711-2C_as_mni_average_305.4dfp.img
dimensions:      256       256       256
mmppix:       1.0000   -1.0000   -1.0000
center:     128.0000 -129.0000 -129.0000
/opt/freesurfer/average/711-2B_as_mni_average_305_mask.4dfp.img
       256       256       256         1
  1.000000  1.000000  1.000000
orientation T byte_order littleendian
Reading mask: /opt/freesurfer/average/711-2B_as_mni_average_305_mask.4dfp.img (2306576 pixels)
talsrcimg_g11.4dfp.img
       256       256       256         1
  1.000000  1.000000  1.000000
orientation T byte_order littleendian
Reading image: talsrcimg_g11.4dfp.img
dimensions:      256       256       256
mmppix:       1.0000   -1.0000   -1.0000
center:     128.0000 -129.0000 -129.0000
rotation matrix determinant  1.000000
image alignment mode   4355 decimal     1103 hex
   -7.5000  -45.0000  -45.0000 1842.8406   19.0854
    0.0000  -45.0000  -45.0000 1866.3142   18.9579
    7.5000  -45.0000  -45.0000 1876.7242   18.9870
   -7.5000  -37.5000  -45.0000 1972.2123   16.6935
    0.0000  -37.5000  -45.0000 1988.3555   16.5438
    7.5000  -37.5000  -45.0000 1994.3577   16.5947
   -7.5000  -30.0000  -45.0000 2087.6973   14.8204
    0.0000  -30.0000  -45.0000 2101.8535   14.6722
    7.5000  -30.0000  -45.0000 2108.0366   14.7160
   -7.5000  -22.5000  -45.0000 2195.7092   13.3071
    0.0000  -22.5000  -45.0000 2213.1768   13.1715
    7.5000  -22.5000  -45.0000 2218.9656   13.2114
   -7.5000  -15.0000  -45.0000 2302.3735   12.1247
    0.0000  -15.0000  -45.0000 2327.0281   11.9983
    7.5000  -15.0000  -45.0000 2328.1516   12.0497
   -7.5000   -7.5000  -45.0000 2388.9451   11.3078
    0.0000   -7.5000  -45.0000 2416.4758   11.1765
    7.5000   -7.5000  -45.0000 2419.2268   11.2232
   -7.5000    0.0000  -45.0000 2439.8843   10.7653
    0.0000    0.0000  -45.0000 2465.7451   10.6202
    7.5000    0.0000  -45.0000 2465.3838   10.6615
   -7.5000    7.5000  -45.0000 2463.9956   10.4209
    0.0000    7.5000  -45.0000 2491.8367   10.2676
    7.5000    7.5000  -45.0000 2489.8511   10.3241
   -7.5000   15.0000  -45.0000 2473.9688   10.2385
    0.0000   15.0000  -45.0000 2496.8337   10.0990
    7.5000   15.0000  -45.0000 2494.3711   10.1319
   -7.5000   22.5000  -45.0000 2465.4827   10.2793
    0.0000   22.5000  -45.0000 2485.7515   10.1236
    7.5000   22.5000  -45.0000 2488.7661   10.1393
   -7.5000   30.0000  -45.0000 2442.7830   10.4708
    0.0000   30.0000  -45.0000 2472.1665   10.2951
    7.5000   30.0000  -45.0000 2474.1433   10.3147
   -7.5000   37.5000  -45.0000 2408.5911   10.8649
    0.0000   37.5000  -45.0000 2438.0806   10.6935
    7.5000   37.5000  -45.0000 2438.9407   10.7042
   -7.5000   45.0000  -45.0000 2359.4595   11.4555
    0.0000   45.0000  -45.0000 2393.4365   11.2745
    7.5000   45.0000  -45.0000 2393.0164   11.3057
   -7.5000  -45.0000  -37.5000 1891.0168   18.0739
    0.0000  -45.0000  -37.5000 1909.6970   17.9251
    7.5000  -45.0000  -37.5000 1918.2290   17.9728
   -7.5000  -37.5000  -37.5000 2023.1820   15.7950
    0.0000  -37.5000  -37.5000 2036.2443   15.6253
    7.5000  -37.5000  -37.5000 2040.1218   15.6680
   -7.5000  -30.0000  -37.5000 2142.6113   13.9767
    0.0000  -30.0000  -37.5000 2159.4258   13.8340
    7.5000  -30.0000  -37.5000 2162.5544   13.8723
   -7.5000  -22.5000  -37.5000 2258.9263   12.5209
    0.0000  -22.5000  -37.5000 2282.9741   12.3959
    7.5000  -22.5000  -37.5000 2285.1362   12.4387
   -7.5000  -15.0000  -37.5000 2371.0813   11.3926
    0.0000  -15.0000  -37.5000 2401.0391   11.2777
    7.5000  -15.0000  -37.5000 2402.3442   11.3284
   -7.5000   -7.5000  -37.5000 2463.1799   10.5765
    0.0000   -7.5000  -37.5000 2490.9695   10.4626
    7.5000   -7.5000  -37.5000 2494.0347   10.5155
   -7.5000    0.0000  -37.5000 2517.6936   10.0309
    0.0000    0.0000  -37.5000 2542.8970    9.8991
    7.5000    0.0000  -37.5000 2544.5046    9.9540
   -7.5000    7.5000  -37.5000 2553.8645    9.6766
    0.0000    7.5000  -37.5000 2581.5898    9.5418
    7.5000    7.5000  -37.5000 2580.8076    9.5882
   -7.5000   15.0000  -37.5000 2570.8799    9.4970
    0.0000   15.0000  -37.5000 2596.1099    9.3649
    7.5000   15.0000  -37.5000 2594.7144    9.4179
   -7.5000   22.5000  -37.5000 2562.3916    9.5320
    0.0000   22.5000  -37.5000 2584.7800    9.3976
    7.5000   22.5000  -37.5000 2585.9119    9.4510
   -7.5000   30.0000  -37.5000 2539.9131    9.7099
    0.0000   30.0000  -37.5000 2569.5737    9.5613
    7.5000   30.0000  -37.5000 2568.9060    9.6125
   -7.5000   37.5000  -37.5000 2505.3696   10.0630
    0.0000   37.5000  -37.5000 2535.7671    9.9094
    7.5000   37.5000  -37.5000 2537.3679    9.9510
   -7.5000   45.0000  -37.5000 2452.7844   10.6096
    0.0000   45.0000  -37.5000 2485.8784   10.4513
    7.5000   45.0000  -37.5000 2488.7014   10.4951
   -7.5000  -45.0000  -30.0000 1966.6638   17.8296
    0.0000  -45.0000  -30.0000 1983.0273   17.6742
    7.5000  -45.0000  -30.0000 1987.0652   17.7354
   -7.5000  -37.5000  -30.0000 2101.9204   15.5108
    0.0000  -37.5000  -30.0000 2117.8850   15.3466
    7.5000  -37.5000  -30.0000 2119.4590   15.4212
   -7.5000  -30.0000  -30.0000 2230.0786   13.6796
    0.0000  -30.0000  -30.0000 2251.3762   13.5616
    7.5000  -30.0000  -30.0000 2251.4192   13.6128
   -7.5000  -22.5000  -30.0000 2358.6501   12.2319
    0.0000  -22.5000  -30.0000 2386.5801   12.1174
    7.5000  -22.5000  -30.0000 2386.5491   12.1697
   -7.5000  -15.0000  -30.0000 2474.9771   11.1118
    0.0000  -15.0000  -30.0000 2505.9829   10.9949
    7.5000  -15.0000  -30.0000 2505.0645   11.0532
   -7.5000   -7.5000  -30.0000 2574.4358   10.2708
    0.0000   -7.5000  -30.0000 2602.9949   10.1481
    7.5000   -7.5000  -30.0000 2604.3130   10.2131
   -7.5000    0.0000  -30.0000 2639.0945    9.6900
    0.0000    0.0000  -30.0000 2666.8967    9.5670
    7.5000    0.0000  -30.0000 2666.1594    9.6143
   -7.5000    7.5000  -30.0000 2683.1194    9.3112
    0.0000    7.5000  -30.0000 2712.5146    9.1841
    7.5000    7.5000  -30.0000 2711.2073    9.2428
   -7.5000   15.0000  -30.0000 2706.5378    9.1487
    0.0000   15.0000  -30.0000 2739.0110    9.0137
    7.5000   15.0000  -30.0000 2735.9478    9.0719
   -7.5000   22.5000  -30.0000 2709.1975    9.1672
    0.0000   22.5000  -30.0000 2736.8613    9.0394
    7.5000   22.5000  -30.0000 2731.1240    9.1069
   -7.5000   30.0000  -30.0000 2687.9961    9.3365
    0.0000   30.0000  -30.0000 2722.9395    9.2050
    7.5000   30.0000  -30.0000 2716.6309    9.2610
   -7.5000   37.5000  -30.0000 2647.9077    9.6869
    0.0000   37.5000  -30.0000 2686.8594    9.5483
    7.5000   37.5000  -30.0000 2683.4519    9.5973
   -7.5000   45.0000  -30.0000 2594.0171   10.1944
    0.0000   45.0000  -30.0000 2632.1267   10.0465
    7.5000   45.0000  -30.0000 2627.3594   10.1104
   -7.5000  -45.0000  -22.5000 2012.8214   17.5847
    0.0000  -45.0000  -22.5000 2030.3541   17.3899
    7.5000  -45.0000  -22.5000 2034.1621   17.4497
   -7.5000  -37.5000  -22.5000 2148.4534   15.2325
    0.0000  -37.5000  -22.5000 2168.7068   15.0436
    7.5000  -37.5000  -22.5000 2169.7861   15.1464
   -7.5000  -30.0000  -22.5000 2280.1282   13.4086
    0.0000  -30.0000  -22.5000 2303.9011   13.2140
    7.5000  -30.0000  -22.5000 2306.2324   13.3116
   -7.5000  -22.5000  -22.5000 2417.6333   11.9403
    0.0000  -22.5000  -22.5000 2446.3235   11.7869
    7.5000  -22.5000  -22.5000 2446.9265   11.8684
   -7.5000  -15.0000  -22.5000 2534.7803   10.7961
    0.0000  -15.0000  -22.5000 2569.4939   10.6590
    7.5000  -15.0000  -22.5000 2572.5164   10.7428
   -7.5000   -7.5000  -22.5000 2642.5771    9.9378
    0.0000   -7.5000  -22.5000 2674.6877    9.8033
    7.5000   -7.5000  -22.5000 2677.5562    9.8602
   -7.5000    0.0000  -22.5000 2717.9204    9.3305
    0.0000    0.0000  -22.5000 2751.2451    9.2078
    7.5000    0.0000  -22.5000 2753.0881    9.2549
   -7.5000    7.5000  -22.5000 2769.9607    8.9405
    0.0000    7.5000  -22.5000 2806.1846    8.8099
    7.5000    7.5000  -22.5000 2807.2585    8.8631
   -7.5000   15.0000  -22.5000 2810.6396    8.7582
    0.0000   15.0000  -22.5000 2846.8879    8.6153
    7.5000   15.0000  -22.5000 2841.8733    8.6696
   -7.5000   22.5000  -22.5000 2822.2795    8.7520
    0.0000   22.5000  -22.5000 2858.7322    8.6086
    7.5000   22.5000  -22.5000 2845.2568    8.6666
   -7.5000   30.0000  -22.5000 2805.3228    8.9213
    0.0000   30.0000  -22.5000 2846.3447    8.7848
    7.5000   30.0000  -22.5000 2834.6733    8.8433
   -7.5000   37.5000  -22.5000 2761.5198    9.2589
    0.0000   37.5000  -22.5000 2809.3577    9.1142
    7.5000   37.5000  -22.5000 2799.1094    9.1840
   -7.5000   45.0000  -22.5000 2700.0413    9.7469
    0.0000   45.0000  -22.5000 2742.8547    9.6086
    7.5000   45.0000  -22.5000 2729.6394    9.6796
   -7.5000  -45.0000  -15.0000 2028.4491   17.3799
    0.0000  -45.0000  -15.0000 2050.0710   17.1167
    7.5000  -45.0000  -15.0000 2054.3162   17.2589
   -7.5000  -37.5000  -15.0000 2169.0750   15.0403
    0.0000  -37.5000  -15.0000 2193.5933   14.8078
    7.5000  -37.5000  -15.0000 2193.9202   14.9510
   -7.5000  -30.0000  -15.0000 2305.7053   13.2015
    0.0000  -30.0000  -15.0000 2329.2249   12.9472
    7.5000  -30.0000  -15.0000 2331.0093   13.0892
   -7.5000  -22.5000  -15.0000 2445.1890   11.7175
    0.0000  -22.5000  -15.0000 2472.5996   11.5234
    7.5000  -22.5000  -15.0000 2473.3889   11.6189
   -7.5000  -15.0000  -15.0000 2559.0667   10.5605
    0.0000  -15.0000  -15.0000 2594.9053   10.3893
    7.5000  -15.0000  -15.0000 2597.9075   10.4618
   -7.5000   -7.5000  -15.0000 2671.5471    9.6874
    0.0000   -7.5000  -15.0000 2707.4570    9.5138
    7.5000   -7.5000  -15.0000 2711.8765    9.5780
   -7.5000    0.0000  -15.0000 2759.2751    9.0411
    0.0000    0.0000  -15.0000 2800.5562    8.9032
    7.5000    0.0000  -15.0000 2802.9033    8.9507
   -7.5000    7.5000  -15.0000 2828.8809    8.6297
    0.0000    7.5000  -15.0000 2868.4172    8.4880
    7.5000    7.5000  -15.0000 2869.6782    8.5434
   -7.5000   15.0000  -15.0000 2878.2407    8.4363
    0.0000   15.0000  -15.0000 2919.4397    8.2684
    7.5000   15.0000  -15.0000 2912.8892    8.3252
   -7.5000   22.5000  -15.0000 2900.8293    8.3859
    0.0000   22.5000  -15.0000 2946.8889    8.2081
    7.5000   22.5000  -15.0000 2932.0437    8.2622
   -7.5000   30.0000  -15.0000 2885.2346    8.5462
    0.0000   30.0000  -15.0000 2930.8623    8.3884
    7.5000   30.0000  -15.0000 2918.3689    8.4418
   -7.5000   37.5000  -15.0000 2838.7395    8.8733
    0.0000   37.5000  -15.0000 2889.4712    8.7079
    7.5000   37.5000  -15.0000 2875.9436    8.7899
   -7.5000   45.0000  -15.0000 2768.6091    9.3704
    0.0000   45.0000  -15.0000 2811.8804    9.2009
    7.5000   45.0000  -15.0000 2799.5247    9.2925
   -7.5000  -45.0000   -7.5000 2028.9863   17.2793
    0.0000  -45.0000   -7.5000 2056.0691   16.9623
    7.5000  -45.0000   -7.5000 2060.4138   17.1419
   -7.5000  -37.5000   -7.5000 2178.9497   14.9604
    0.0000  -37.5000   -7.5000 2205.4529   14.6600
    7.5000  -37.5000   -7.5000 2207.1021   14.8170
   -7.5000  -30.0000   -7.5000 2319.2786   13.0808
    0.0000  -30.0000   -7.5000 2344.0605   12.8137
    7.5000  -30.0000   -7.5000 2345.2834   12.9587
   -7.5000  -22.5000   -7.5000 2449.9495   11.5867
    0.0000  -22.5000   -7.5000 2474.6636   11.3442
    7.5000  -22.5000   -7.5000 2479.6689   11.4748
   -7.5000  -15.0000   -7.5000 2562.0132   10.4058
    0.0000  -15.0000   -7.5000 2591.5286   10.2068
    7.5000  -15.0000   -7.5000 2599.1616   10.2937
   -7.5000   -7.5000   -7.5000 2677.1799    9.4930
    0.0000   -7.5000   -7.5000 2712.0537    9.3164
    7.5000   -7.5000   -7.5000 2716.4060    9.3829
   -7.5000    0.0000   -7.5000 2779.1265    8.8206
    0.0000    0.0000   -7.5000 2818.5854    8.6545
    7.5000    0.0000   -7.5000 2820.5088    8.7203
   -7.5000    7.5000   -7.5000 2864.8611    8.3905
    0.0000    7.5000   -7.5000 2904.0359    8.2303
    7.5000    7.5000   -7.5000 2903.2493    8.2815
   -7.5000   15.0000   -7.5000 2917.8560    8.1883
    0.0000   15.0000   -7.5000 2964.0598    8.0184
    7.5000   15.0000   -7.5000 2960.8962    8.0703
   -7.5000   22.5000   -7.5000 2951.3965    8.1416
    0.0000   22.5000   -7.5000 3009.0354    7.9509
    7.5000   22.5000   -7.5000 2992.3264    8.0120
   -7.5000   30.0000   -7.5000 2943.6030    8.2771
    0.0000   30.0000   -7.5000 2998.1838    8.0810
    7.5000   30.0000   -7.5000 2975.2158    8.1544
   -7.5000   37.5000   -7.5000 2891.9893    8.5729
    0.0000   37.5000   -7.5000 2941.2539    8.4006
    7.5000   37.5000   -7.5000 2922.7739    8.4766
   -7.5000   45.0000   -7.5000 2810.4414    9.0533
    0.0000   45.0000   -7.5000 2852.8381    8.8832
    7.5000   45.0000   -7.5000 2840.4900    8.9690
   -7.5000  -45.0000    0.0000 2021.0387   17.3799
    0.0000  -45.0000    0.0000 2049.4370   16.9937
    7.5000  -45.0000    0.0000 2055.7390   17.1739
   -7.5000  -37.5000    0.0000 2177.2419   15.0300
    0.0000  -37.5000    0.0000 2205.6270   14.6843
    7.5000  -37.5000    0.0000 2209.4553   14.8690
   -7.5000  -30.0000    0.0000 2319.5698   13.1413
    0.0000  -30.0000    0.0000 2341.9915   12.8409
    7.5000  -30.0000    0.0000 2344.9375   12.9942
   -7.5000  -22.5000    0.0000 2440.6755   11.5997
    0.0000  -22.5000    0.0000 2463.3330   11.3353
    7.5000  -22.5000    0.0000 2467.4075   11.4675
   -7.5000  -15.0000    0.0000 2551.6118   10.3828
    0.0000  -15.0000    0.0000 2577.9932   10.1501
    7.5000  -15.0000    0.0000 2580.8687   10.2575
   -7.5000   -7.5000    0.0000 2674.4363    9.4509
    0.0000   -7.5000    0.0000 2701.2554    9.2247
    7.5000   -7.5000    0.0000 2701.7764    9.3221
   -7.5000    0.0000    0.0000 2785.1052    8.7510
    0.0000    0.0000    0.0000 2815.2217    8.5511
    7.5000    0.0000    0.0000 2810.7778    8.6246
   -7.5000    7.5000    0.0000 2874.7749    8.2818
    0.0000    7.5000    0.0000 2911.1655    8.1093
    7.5000    7.5000    0.0000 2907.8491    8.1737
   -7.5000   15.0000    0.0000 2939.7800    8.0726
    0.0000   15.0000    0.0000 2989.0315    7.9313
    7.5000   15.0000    0.0000 2982.0461    7.9882
   -7.5000   22.5000    0.0000 2979.0066    8.0223
    0.0000   22.5000    0.0000 3047.4900    7.9001
    7.5000   22.5000    0.0000 3025.5825    7.9491
   -7.5000   30.0000    0.0000 2972.5527    8.1699
    0.0000   30.0000    0.0000 3036.9961    8.0297
    7.5000   30.0000    0.0000 3003.6038    8.0789
   -7.5000   37.5000    0.0000 2919.8025    8.4286
    0.0000   37.5000    0.0000 2966.2063    8.2720
    7.5000   37.5000    0.0000 2942.8516    8.3275
   -7.5000   45.0000    0.0000 2832.6489    8.9062
    0.0000   45.0000    0.0000 2869.8940    8.7413
    7.5000   45.0000    0.0000 2856.4714    8.8046
   -7.5000  -45.0000    7.5000 1998.7290   17.6750
    0.0000  -45.0000    7.5000 2027.0988   17.2465
    7.5000  -45.0000    7.5000 2032.9709   17.4138
   -7.5000  -37.5000    7.5000 2165.8032   15.2994
    0.0000  -37.5000    7.5000 2194.0754   14.9048
    7.5000  -37.5000    7.5000 2196.0654   15.0678
   -7.5000  -30.0000    7.5000 2308.7715   13.3059
    0.0000  -30.0000    7.5000 2335.2607   12.9869
    7.5000  -30.0000    7.5000 2331.3420   13.1461
   -7.5000  -22.5000    7.5000 2425.4312   11.7210
    0.0000  -22.5000    7.5000 2448.9021   11.4216
    7.5000  -22.5000    7.5000 2446.8523   11.5736
   -7.5000  -15.0000    7.5000 2535.5337   10.4962
    0.0000  -15.0000    7.5000 2557.6648   10.2230
    7.5000  -15.0000    7.5000 2555.2510   10.3607
   -7.5000   -7.5000    7.5000 2657.8381    9.5401
    0.0000   -7.5000    7.5000 2683.1748    9.3056
    7.5000   -7.5000    7.5000 2677.7131    9.4206
   -7.5000    0.0000    7.5000 2765.7769    8.8248
    0.0000    0.0000    7.5000 2795.1885    8.6315
    7.5000    0.0000    7.5000 2787.2927    8.7296
   -7.5000    7.5000    7.5000 2861.3342    8.3452
    0.0000    7.5000    7.5000 2893.0488    8.1918
    7.5000    7.5000    7.5000 2884.4827    8.2817
   -7.5000   15.0000    7.5000 2936.0593    8.1121
    0.0000   15.0000    7.5000 2981.3655    7.9839
    7.5000   15.0000    7.5000 2967.4155    8.0536
   -7.5000   22.5000    7.5000 2989.0769    8.0439
    0.0000   22.5000    7.5000 3055.9043    7.9340
    7.5000   22.5000    7.5000 3026.8792    7.9993
   -7.5000   30.0000    7.5000 2977.6526    8.1933
    0.0000   30.0000    7.5000 3040.0603    8.0598
    7.5000   30.0000    7.5000 3004.5872    8.1339
   -7.5000   37.5000    7.5000 2912.9878    8.4975
    0.0000   37.5000    7.5000 2958.6343    8.3408
    7.5000   37.5000    7.5000 2936.9727    8.4069
   -7.5000   45.0000    7.5000 2824.3987    8.9676
    0.0000   45.0000    7.5000 2862.2720    8.8045
    7.5000   45.0000    7.5000 2847.8394    8.8694
   -7.5000  -45.0000   15.0000 1965.5448   18.0796
    0.0000  -45.0000   15.0000 1986.6849   17.6722
    7.5000  -45.0000   15.0000 1989.5953   17.8699
   -7.5000  -37.5000   15.0000 2136.2188   15.6471
    0.0000  -37.5000   15.0000 2159.8909   15.2916
    7.5000  -37.5000   15.0000 2160.3948   15.4476
   -7.5000  -30.0000   15.0000 2278.5134   13.6188
    0.0000  -30.0000   15.0000 2302.5964   13.3180
    7.5000  -30.0000   15.0000 2297.3210   13.4663
   -7.5000  -22.5000   15.0000 2396.2900   11.9871
    0.0000  -22.5000   15.0000 2418.1201   11.7083
    7.5000  -22.5000   15.0000 2411.7227   11.8542
   -7.5000  -15.0000   15.0000 2512.1450   10.7476
    0.0000  -15.0000   15.0000 2534.1292   10.4791
    7.5000  -15.0000   15.0000 2523.7483   10.6402
   -7.5000   -7.5000   15.0000 2632.7515    9.7810
    0.0000   -7.5000   15.0000 2656.7761    9.5432
    7.5000   -7.5000   15.0000 2644.1484    9.6980
   -7.5000    0.0000   15.0000 2738.1946    9.0545
    0.0000    0.0000   15.0000 2762.3223    8.8488
    7.5000    0.0000   15.0000 2751.3540    8.9868
   -7.5000    7.5000   15.0000 2833.6897    8.5810
    0.0000    7.5000   15.0000 2859.9692    8.3821
    7.5000    7.5000   15.0000 2847.3452    8.5171
   -7.5000   15.0000   15.0000 2909.6379    8.3113
    0.0000   15.0000   15.0000 2950.5073    8.1502
    7.5000   15.0000   15.0000 2931.5447    8.2404
   -7.5000   22.5000   15.0000 2964.8020    8.2228
    0.0000   22.5000   15.0000 3016.0222    8.0634
    7.5000   22.5000   15.0000 2986.1560    8.1748
   -7.5000   30.0000   15.0000 2949.9563    8.3757
    0.0000   30.0000   15.0000 2997.0652    8.2155
    7.5000   30.0000   15.0000 2968.0220    8.3300
   -7.5000   37.5000   15.0000 2885.0178    8.7059
    0.0000   37.5000   15.0000 2926.4893    8.5346
    7.5000   37.5000   15.0000 2905.9946    8.6263
   -7.5000   45.0000   15.0000 2796.7092    9.1813
    0.0000   45.0000   15.0000 2831.9548    9.0042
    7.5000   45.0000   15.0000 2816.1187    9.0886
   -7.5000  -45.0000   22.5000 1921.4771   18.7272
    0.0000  -45.0000   22.5000 1933.4689   18.4118
    7.5000  -45.0000   22.5000 1934.8726   18.5900
   -7.5000  -37.5000   22.5000 2093.0549   16.1756
    0.0000  -37.5000   22.5000 2108.5554   15.9054
    7.5000  -37.5000   22.5000 2103.3030   16.0630
   -7.5000  -30.0000   22.5000 2237.3308   14.0940
    0.0000  -30.0000   22.5000 2258.2883   13.8454
    7.5000  -30.0000   22.5000 2249.6206   13.9866
   -7.5000  -22.5000   22.5000 2362.1333   12.4007
    0.0000  -22.5000   22.5000 2380.3381   12.1444
    7.5000  -22.5000   22.5000 2371.4722   12.3147
   -7.5000  -15.0000   22.5000 2480.2351   11.1226
    0.0000  -15.0000   22.5000 2502.4456   10.8770
    7.5000  -15.0000   22.5000 2486.9800   11.0395
   -7.5000   -7.5000   22.5000 2596.2297   10.1463
    0.0000   -7.5000   22.5000 2621.5002    9.9045
    7.5000   -7.5000   22.5000 2605.5833   10.0749
   -7.5000    0.0000   22.5000 2703.1099    9.4234
    0.0000    0.0000   22.5000 2725.8853    9.1940
    7.5000    0.0000   22.5000 2708.2539    9.3508
   -7.5000    7.5000   22.5000 2795.2559    8.9460
    0.0000    7.5000   22.5000 2821.4380    8.7359
    7.5000    7.5000   22.5000 2801.1787    8.8579
   -7.5000   15.0000   22.5000 2869.1470    8.6444
    0.0000   15.0000   22.5000 2901.5332    8.4794
    7.5000   15.0000   22.5000 2878.1714    8.5672
   -7.5000   22.5000   22.5000 2914.0701    8.5480
    0.0000   22.5000   22.5000 2953.5303    8.3648
    7.5000   22.5000   22.5000 2926.1763    8.4829
   -7.5000   30.0000   22.5000 2892.8882    8.7066
    0.0000   30.0000   22.5000 2934.2427    8.5572
    7.5000   30.0000   22.5000 2910.6609    8.6441
   -7.5000   37.5000   22.5000 2839.5449    9.0299
    0.0000   37.5000   22.5000 2871.9629    8.8791
    7.5000   37.5000   22.5000 2853.5603    8.9585
   -7.5000   45.0000   22.5000 2751.5857    9.5062
    0.0000   45.0000   22.5000 2781.0056    9.3411
    7.5000   45.0000   22.5000 2765.1362    9.4221
   -7.5000  -45.0000   30.0000 1871.9911   19.7040
    0.0000  -45.0000   30.0000 1877.2662   19.4405
    7.5000  -45.0000   30.0000 1870.6934   19.6019
   -7.5000  -37.5000   30.0000 2036.2145   16.9419
    0.0000  -37.5000   30.0000 2050.2180   16.7689
    7.5000  -37.5000   30.0000 2038.8556   16.8584
   -7.5000  -30.0000   30.0000 2181.8853   14.7491
    0.0000  -30.0000   30.0000 2199.7373   14.5440
    7.5000  -30.0000   30.0000 2189.8394   14.6709
   -7.5000  -22.5000   30.0000 2314.1304   12.9829
    0.0000  -22.5000   30.0000 2332.2288   12.7650
    7.5000  -22.5000   30.0000 2318.5129   12.8987
   -7.5000  -15.0000   30.0000 2433.8257   11.6413
    0.0000  -15.0000   30.0000 2456.0679   11.4155
    7.5000  -15.0000   30.0000 2438.4309   11.5665
   -7.5000   -7.5000   30.0000 2548.6448   10.6514
    0.0000   -7.5000   30.0000 2573.7588   10.4235
    7.5000   -7.5000   30.0000 2555.9543   10.5928
   -7.5000    0.0000   30.0000 2654.1484    9.9280
    0.0000    0.0000   30.0000 2680.6743    9.7088
    7.5000    0.0000   30.0000 2661.2292    9.8652
   -7.5000    7.5000   30.0000 2742.6943    9.4321
    0.0000    7.5000   30.0000 2770.5542    9.2261
    7.5000    7.5000   30.0000 2750.7258    9.3502
   -7.5000   15.0000   30.0000 2807.7437    9.1108
    0.0000   15.0000   30.0000 2837.1599    8.9252
    7.5000   15.0000   30.0000 2813.6182    9.0368
   -7.5000   22.5000   30.0000 2840.4756    9.0079
    0.0000   22.5000   30.0000 2868.9861    8.8296
    7.5000   22.5000   30.0000 2847.5901    8.9389
   -7.5000   30.0000   30.0000 2818.9863    9.1661
    0.0000   30.0000   30.0000 2850.3167    9.0133
    7.5000   30.0000   30.0000 2831.5759    9.0807
   -7.5000   37.5000   30.0000 2768.8130    9.4784
    0.0000   37.5000   30.0000 2796.9243    9.3164
    7.5000   37.5000   30.0000 2780.2322    9.3832
   -7.5000   45.0000   30.0000 2687.2146    9.9358
    0.0000   45.0000   30.0000 2715.2708    9.7747
    7.5000   45.0000   30.0000 2702.6240    9.8563
   -7.5000  -45.0000   37.5000 1811.7379   21.0125
    0.0000  -45.0000   37.5000 1825.2363   20.7713
    7.5000  -45.0000   37.5000 1816.8700   20.9168
   -7.5000  -37.5000   37.5000 1977.3312   17.9986
    0.0000  -37.5000   37.5000 1992.5627   17.8037
    7.5000  -37.5000   37.5000 1983.2200   17.9002
   -7.5000  -30.0000   37.5000 2123.1982   15.5898
    0.0000  -30.0000   37.5000 2140.0615   15.4046
    7.5000  -30.0000   37.5000 2130.9866   15.5148
   -7.5000  -22.5000   37.5000 2260.6821   13.7365
    0.0000  -22.5000   37.5000 2279.3423   13.5285
    7.5000  -22.5000   37.5000 2263.5137   13.6411
   -7.5000  -15.0000   37.5000 2381.8765   12.3526
    0.0000  -15.0000   37.5000 2403.5232   12.1364
    7.5000  -15.0000   37.5000 2384.3445   12.2440
   -7.5000   -7.5000   37.5000 2492.9775   11.3349
    0.0000   -7.5000   37.5000 2516.4465   11.1167
    7.5000   -7.5000   37.5000 2497.5344   11.2446
   -7.5000    0.0000   37.5000 2595.5786   10.5805
    0.0000    0.0000   37.5000 2619.6167   10.3780
    7.5000    0.0000   37.5000 2598.2117   10.5046
   -7.5000    7.5000   37.5000 2680.6575   10.0474
    0.0000    7.5000   37.5000 2705.5588    9.8585
    7.5000    7.5000   37.5000 2684.8193    9.9832
   -7.5000   15.0000   37.5000 2734.6963    9.7235
    0.0000   15.0000   37.5000 2761.1113    9.5544
    7.5000   15.0000   37.5000 2741.6294    9.6634
   -7.5000   22.5000   37.5000 2755.9094    9.6218
    0.0000   22.5000   37.5000 2777.5989    9.4584
    7.5000   22.5000   37.5000 2764.5972    9.5555
   -7.5000   30.0000   37.5000 2734.2092    9.7417
    0.0000   30.0000   37.5000 2759.5374    9.5912
    7.5000   30.0000   37.5000 2742.7056    9.6649
   -7.5000   37.5000   37.5000 2687.0193   10.0122
    0.0000   37.5000   37.5000 2709.4124    9.8730
    7.5000   37.5000   37.5000 2697.1086    9.9384
   -7.5000   45.0000   37.5000 2613.5354   10.4828
    0.0000   45.0000   37.5000 2638.1841   10.3250
    7.5000   45.0000   37.5000 2627.5706   10.3930
   -7.5000  -45.0000   45.0000 1749.6724   22.6046
    0.0000  -45.0000   45.0000 1763.5818   22.3727
    7.5000  -45.0000   45.0000 1754.6138   22.5405
   -7.5000  -37.5000   45.0000 1913.6848   19.2902
    0.0000  -37.5000   45.0000 1928.7135   19.1052
    7.5000  -37.5000   45.0000 1919.6331   19.2056
   -7.5000  -30.0000   45.0000 2064.9114   16.6413
    0.0000  -30.0000   45.0000 2077.1560   16.4722
    7.5000  -30.0000   45.0000 2068.9534   16.6059
   -7.5000  -22.5000   45.0000 2200.8271   14.6764
    0.0000  -22.5000   45.0000 2216.8579   14.4953
    7.5000  -22.5000   45.0000 2200.8884   14.5964
   -7.5000  -15.0000   45.0000 2323.6111   13.2277
    0.0000  -15.0000   45.0000 2339.5620   13.0386
    7.5000  -15.0000   45.0000 2318.6396   13.1394
   -7.5000   -7.5000   45.0000 2433.4414   12.1590
    0.0000   -7.5000   45.0000 2450.5535   11.9637
    7.5000   -7.5000   45.0000 2428.1938   12.0704
   -7.5000    0.0000   45.0000 2526.1951   11.3718
    0.0000    0.0000   45.0000 2546.8064   11.1895
    7.5000    0.0000   45.0000 2524.8904   11.2998
   -7.5000    7.5000   45.0000 2606.5623   10.8136
    0.0000    7.5000   45.0000 2625.8213   10.6323
    7.5000    7.5000   45.0000 2605.5076   10.7446
   -7.5000   15.0000   45.0000 2650.3223   10.4804
    0.0000   15.0000   45.0000 2671.4146   10.3147
    7.5000   15.0000   45.0000 2653.3848   10.4161
   -7.5000   22.5000   45.0000 2660.2864   10.3762
    0.0000   22.5000   45.0000 2682.2207   10.2403
    7.5000   22.5000   45.0000 2668.3645   10.3167
   -7.5000   30.0000   45.0000 2640.0684   10.4564
    0.0000   30.0000   45.0000 2659.8721   10.3165
    7.5000   30.0000   45.0000 2648.8945   10.3812
   -7.5000   37.5000   45.0000 2600.4712   10.7077
    0.0000   37.5000   45.0000 2617.4043   10.5832
    7.5000   37.5000   45.0000 2608.3899   10.6418
   -7.5000   45.0000   45.0000 2534.5288   11.1505
    0.0000   45.0000   45.0000 2554.7498   11.0028
    7.5000   45.0000   45.0000 2543.7781   11.0599

---------------------------------------------------------------------
imgreg_4dfp /opt/freesurfer/average/711-2C_as_mni_average_305 /opt/freesurfer/average/711-2B_as_mni_average_305_mask talsrcimg_g11 none talsrcimg_to_711-2C_as_mni_average_305_t4 1283
---------------------------------------------------------------------

freesurfer imgreg_4dfp.c
/opt/freesurfer/average/711-2C_as_mni_average_305.4dfp.img
       256       256       256         1
  1.000000  1.000000  1.000000
orientation T byte_order littleendian
Reading image: /opt/freesurfer/average/711-2C_as_mni_average_305.4dfp.img
dimensions:      256       256       256
mmppix:       1.0000   -1.0000   -1.0000
center:     128.0000 -129.0000 -129.0000
/opt/freesurfer/average/711-2B_as_mni_average_305_mask.4dfp.img
       256       256       256         1
  1.000000  1.000000  1.000000
orientation T byte_order littleendian
Reading mask: /opt/freesurfer/average/711-2B_as_mni_average_305_mask.4dfp.img (2306576 pixels)
talsrcimg_g11.4dfp.img
       256       256       256         1
  1.000000  1.000000  1.000000
orientation T byte_order littleendian
Reading image: talsrcimg_g11.4dfp.img
dimensions:      256       256       256
mmppix:       1.0000   -1.0000   -1.0000
center:     128.0000 -129.0000 -129.0000
rotation matrix determinant  1.000000
fimgreg.f
image alignment mode   1283 decimal      503 hex
parameters
    0.0000   22.5000    7.5000    0.0000    0.0000    0.0000
eta,q 0.95904  7.94049
niter,ni,del,rscale     5    3   12.0000    1.2000
parameter  3  0.739051 ->  0.500000 qaram    1.1500
parameter  4  1.288231 ->  0.500000 qaram    1.1500
parameter  5 -0.552634 -> -0.500000 qaram    1.1500
parameters
    2.2828   25.0089    4.0500   -3.4500    3.4500    1.5252
eta,q 0.96676  7.88793
  0.0617  0.0561  0.0384  0.0356  0.0498  0.0399
  0.0558  0.0494  0.0379  0.0357  0.0445  0.0373
  0.0499  0.0444  0.0387  0.0367  0.0395  0.0351
  0.0443  0.0411  0.0403  0.0381  0.0359  0.0335
  0.0413  0.0401  0.0425  0.0394  0.0338  0.0333
  0.0426  0.0407  0.0453  0.0411  0.0337  0.0343
  0.0482  0.0425  0.0498  0.0434  0.0356  0.0358
niter,ni,del,rscale     7    3   12.0000    1.2000
parameters
    1.1003   26.1009    3.6355   -5.0977    4.4138    0.8324
eta,q 0.96863  7.91522
  0.0445  0.0455  0.0390  0.0343  0.0430  0.0349
  0.0378  0.0390  0.0339  0.0317  0.0375  0.0327
  0.0333  0.0348  0.0320  0.0315  0.0336  0.0315
  0.0332  0.0326  0.0321  0.0320  0.0316  0.0315
  0.0387  0.0321  0.0335  0.0328  0.0321  0.0325
  0.0474  0.0343  0.0361  0.0351  0.0344  0.0342
  0.0571  0.0387  0.0399  0.0384  0.0380  0.0364
niter,ni,del,rscale     6    3   12.0000    1.2000
parameters
    0.4433   26.7170    3.3183   -5.3908    5.2308    0.0211
eta,q 0.96955  7.90974
  0.0455  0.0436  0.0384  0.0359  0.0417  0.0340
  0.0371  0.0365  0.0334  0.0319  0.0371  0.0317
  0.0322  0.0326  0.0311  0.0307  0.0334  0.0305
  0.0314  0.0312  0.0312  0.0311  0.0310  0.0306
  0.0352  0.0317  0.0325  0.0314  0.0309  0.0317
  0.0429  0.0344  0.0349  0.0331  0.0336  0.0336
  0.0523  0.0389  0.0391  0.0363  0.0383  0.0359
niter,ni,del,rscale     5    3   12.0000    1.2000
parameters
    0.0255   26.8343    3.2343   -5.5110    5.7345   -0.3532
eta,q 0.97024  7.89562
  0.0468  0.0410  0.0388  0.0360  0.0413  0.0343
  0.0372  0.0345  0.0332  0.0316  0.0368  0.0317
  0.0312  0.0313  0.0304  0.0301  0.0328  0.0300
  0.0305  0.0302  0.0302  0.0301  0.0301  0.0298
  0.0342  0.0313  0.0317  0.0308  0.0304  0.0310
  0.0417  0.0349  0.0342  0.0325  0.0340  0.0328
  0.0506  0.0395  0.0384  0.0358  0.0394  0.0352
niter,ni,del,rscale     4    3   12.0000    1.2000
parameters
   -0.1921   26.8685    3.2336   -5.5187    6.0139   -0.5327
eta,q 0.97049  7.88866
  0.0480  0.0404  0.0390  0.0361  0.0410  0.0346
  0.0380  0.0341  0.0332  0.0315  0.0366  0.0318
  0.0312  0.0308  0.0300  0.0298  0.0322  0.0300
  0.0298  0.0297  0.0297  0.0296  0.0296  0.0295
  0.0335  0.0310  0.0313  0.0304  0.0306  0.0306
  0.0408  0.0349  0.0338  0.0322  0.0346  0.0324
  0.0495  0.0395  0.0381  0.0355  0.0402  0.0349
niter,ni,del,rscale     3    3   12.0000    1.2000
parameters
   -0.3056   26.8638    3.2469   -5.4907    6.1632   -0.6091
eta,q 0.97058  7.88552
  0.0486  0.0402  0.0391  0.0361  0.0409  0.0347
  0.0384  0.0339  0.0331  0.0315  0.0363  0.0319
  0.0314  0.0307  0.0298  0.0297  0.0319  0.0300
  0.0295  0.0295  0.0295  0.0295  0.0295  0.0294
  0.0331  0.0309  0.0311  0.0302  0.0309  0.0304
  0.0404  0.0349  0.0338  0.0321  0.0350  0.0323
  0.0490  0.0395  0.0381  0.0354  0.0406  0.0347
niter,ni,del,rscale     2    3   12.0000    1.2000
parameters
   -0.3642   26.8491    3.2640   -5.4661    6.2400   -0.6415
eta,q 0.97061  7.88408
  0.0489  0.0402  0.0391  0.0361  0.0408  0.0348
  0.0387  0.0338  0.0331  0.0314  0.0362  0.0319
  0.0315  0.0306  0.0297  0.0297  0.0317  0.0300
  0.0294  0.0294  0.0294  0.0294  0.0294  0.0294
  0.0329  0.0309  0.0311  0.0302  0.0310  0.0303
  0.0401  0.0349  0.0337  0.0321  0.0352  0.0322
  0.0487  0.0395  0.0381  0.0353  0.0409  0.0347
niter,ni,del,rscale     1    3   12.0000    1.2000
parameters
   -0.3940   26.8369    3.2762   -5.4491    6.2775   -0.6576
eta,q 0.97062  7.88348
  0.0491  0.0402  0.0391  0.0360  0.0407  0.0348
  0.0388  0.0339  0.0331  0.0314  0.0361  0.0319
  0.0316  0.0306  0.0297  0.0297  0.0316  0.0300
  0.0294  0.0294  0.0294  0.0294  0.0294  0.0294
  0.0328  0.0308  0.0310  0.0302  0.0311  0.0303
  0.0400  0.0349  0.0337  0.0321  0.0354  0.0322
  0.0485  0.0395  0.0381  0.0353  0.0410  0.0347
registration optimization eta report
parameter search radius
    6.0000    6.0000    6.9000    6.9000    6.9000    6.0000
100000*second partial in parameter space
       53.       29.       19.       13.       23.       15.
  0.0491  0.0402  0.0391  0.0360  0.0407  0.0348
  0.0388  0.0339  0.0331  0.0314  0.0361  0.0319
  0.0316  0.0306  0.0297  0.0297  0.0316  0.0300
  0.0294  0.0294  0.0294  0.0294  0.0294  0.0294
  0.0328  0.0308  0.0310  0.0302  0.0311  0.0303
  0.0400  0.0349  0.0337  0.0321  0.0354  0.0322
  0.0485  0.0395  0.0381  0.0353  0.0410  0.0347
   -0.3940   26.8369    3.2762   -5.4491    6.2775   -0.6576
eta,q 0.97062  7.88348

---------------------------------------------------------------------
imgreg_4dfp /opt/freesurfer/average/711-2C_as_mni_average_305 /opt/freesurfer/average/711-2B_as_mni_average_305_mask talsrcimg_g11 none talsrcimg_to_711-2C_as_mni_average_305_t4 3335
---------------------------------------------------------------------

freesurfer imgreg_4dfp.c
/opt/freesurfer/average/711-2C_as_mni_average_305.4dfp.img
       256       256       256         1
  1.000000  1.000000  1.000000
orientation T byte_order littleendian
Reading image: /opt/freesurfer/average/711-2C_as_mni_average_305.4dfp.img
dimensions:      256       256       256
mmppix:       1.0000   -1.0000   -1.0000
center:     128.0000 -129.0000 -129.0000
/opt/freesurfer/average/711-2B_as_mni_average_305_mask.4dfp.img
       256       256       256         1
  1.000000  1.000000  1.000000
orientation T byte_order littleendian
Reading mask: /opt/freesurfer/average/711-2B_as_mni_average_305_mask.4dfp.img (2306576 pixels)
talsrcimg_g11.4dfp.img
       256       256       256         1
  1.000000  1.000000  1.000000
orientation T byte_order littleendian
Reading image: talsrcimg_g11.4dfp.img
dimensions:      256       256       256
mmppix:       1.0000   -1.0000   -1.0000
center:     128.0000 -129.0000 -129.0000
fimgreg.f
image alignment mode   3335 decimal      D07 hex
parameters
   -0.3940   26.8369    3.2762   -0.6061   -0.4704   -1.0488
    2.1808  -10.7752   -1.1408    9.6204   10.9344   -9.4391
eta,q 0.97117  7.94241
niter,ni,del,rscale     5    3    5.0000    1.2000
parameter  4  0.537006 ->  0.500000 qaram    1.1500
parameter  5  0.977949 ->  0.500000 qaram    1.1500
parameters
   -0.4439   27.4255    3.6465   -4.7461   -4.6104   -0.4755
    2.1091  -10.0892    0.7438   10.1729   11.1323   -8.1379
eta,q 0.97413  7.69453
  0.0318  0.0320  0.0303  0.0284  0.0256  0.0275  0.0283  0.0300  0.0284  0.0284  0.0266  0.0272
  0.0302  0.0305  0.0295  0.0279  0.0259  0.0267  0.0270  0.0279  0.0273  0.0271  0.0262  0.0265
  0.0292  0.0294  0.0290  0.0280  0.0267  0.0263  0.0263  0.0266  0.0265  0.0262  0.0260  0.0261
  0.0288  0.0288  0.0287  0.0287  0.0279  0.0260  0.0260  0.0260  0.0260  0.0259  0.0259  0.0259
  0.0292  0.0288  0.0287  0.0303  0.0297  0.0260  0.0263  0.0262  0.0259  0.0261  0.0260  0.0259
  0.0303  0.0291  0.0290  0.0330  0.0323  0.0262  0.0271  0.0271  0.0262  0.0266  0.0262  0.0261
  0.0321  0.0299  0.0295  0.0362  0.0351  0.0273  0.0284  0.0287  0.0268  0.0277  0.0266  0.0265
niter,ni,del,rscale     6    3    5.0000    1.2000
parameters
   -0.1958   27.8592    3.8819   -5.1520   -8.0856   -1.1354
    1.5249  -10.0481    0.6326   11.8044   11.1316   -8.3503
eta,q 0.97485  7.54043
  0.0293  0.0285  0.0271  0.0282  0.0262  0.0263  0.0271  0.0284  0.0267  0.0278  0.0258  0.0260
  0.0276  0.0272  0.0264  0.0271  0.0256  0.0257  0.0261  0.0267  0.0259  0.0266  0.0254  0.0255
  0.0264  0.0263  0.0259  0.0263  0.0253  0.0254  0.0254  0.0256  0.0254  0.0258  0.0252  0.0252
  0.0259  0.0258  0.0257  0.0257  0.0258  0.0253  0.0253  0.0253  0.0253  0.0253  0.0252  0.0252
  0.0260  0.0258  0.0258  0.0259  0.0270  0.0254  0.0257  0.0257  0.0255  0.0252  0.0252  0.0253
  0.0268  0.0262  0.0261  0.0269  0.0288  0.0257  0.0266  0.0267  0.0260  0.0255  0.0254  0.0256
  0.0282  0.0271  0.0266  0.0294  0.0315  0.0271  0.0278  0.0283  0.0268  0.0263  0.0258  0.0261
niter,ni,del,rscale     5    3    5.0000    1.2000
parameters
   -0.1316   28.4411    3.6548   -5.3346   -9.6765   -1.9375
    1.5569  -10.0085    0.5189   13.7200   11.2199   -8.7208
eta,q 0.97514  7.45847
  0.0280  0.0282  0.0260  0.0272  0.0264  0.0260  0.0272  0.0281  0.0264  0.0274  0.0255  0.0257
  0.0265  0.0267  0.0254  0.0262  0.0258  0.0255  0.0261  0.0264  0.0256  0.0263  0.0252  0.0252
  0.0255  0.0257  0.0251  0.0255  0.0253  0.0252  0.0253  0.0254  0.0252  0.0256  0.0249  0.0249
  0.0252  0.0252  0.0251  0.0250  0.0251  0.0251  0.0251  0.0251  0.0251  0.0251  0.0249  0.0249
  0.0254  0.0251  0.0253  0.0251  0.0255  0.0253  0.0253  0.0255  0.0253  0.0249  0.0249  0.0250
  0.0263  0.0254  0.0257  0.0259  0.0267  0.0256  0.0260  0.0264  0.0257  0.0251  0.0251  0.0253
  0.0278  0.0262  0.0264  0.0280  0.0285  0.0269  0.0271  0.0280  0.0264  0.0259  0.0255  0.0259
niter,ni,del,rscale     4    3    5.0000    1.2000
parameters
   -0.0907   29.1079    3.2265   -5.7511  -11.0370   -2.9629
    1.6480  -10.0015    0.5188   15.4383   11.1159   -9.1762
eta,q 0.97545  7.36868
  0.0276  0.0279  0.0255  0.0266  0.0261  0.0257  0.0268  0.0277  0.0260  0.0270  0.0252  0.0254
  0.0262  0.0265  0.0250  0.0257  0.0254  0.0251  0.0257  0.0260  0.0253  0.0260  0.0248  0.0249
  0.0252  0.0255  0.0247  0.0251  0.0249  0.0248  0.0250  0.0250  0.0249  0.0253  0.0246  0.0246
  0.0249  0.0249  0.0247  0.0247  0.0247  0.0248  0.0247  0.0247  0.0247  0.0247  0.0246  0.0246
  0.0251  0.0247  0.0250  0.0248  0.0250  0.0250  0.0250  0.0251  0.0249  0.0246  0.0246  0.0247
  0.0260  0.0250  0.0255  0.0255  0.0261  0.0254  0.0256  0.0261  0.0253  0.0249  0.0249  0.0250
  0.0275  0.0257  0.0263  0.0275  0.0278  0.0266  0.0267  0.0276  0.0260  0.0257  0.0253  0.0256
niter,ni,del,rscale     3    3    5.0000    1.2000
parameters
   -0.0349   29.6771    2.8593   -6.0773  -12.0067   -3.5539
    1.6249   -9.9091    0.5914   16.5629   10.9284   -9.6761
eta,q 0.97559  7.30912
  0.0273  0.0275  0.0253  0.0262  0.0259  0.0255  0.0264  0.0275  0.0259  0.0266  0.0251  0.0252
  0.0258  0.0261  0.0247  0.0253  0.0252  0.0249  0.0254  0.0258  0.0251  0.0256  0.0247  0.0248
  0.0249  0.0251  0.0245  0.0248  0.0247  0.0246  0.0247  0.0248  0.0246  0.0249  0.0245  0.0245
  0.0246  0.0245  0.0244  0.0244  0.0244  0.0245  0.0245  0.0245  0.0245  0.0245  0.0244  0.0244
  0.0248  0.0245  0.0247  0.0245  0.0246  0.0247  0.0247  0.0248  0.0246  0.0244  0.0245  0.0246
  0.0257  0.0248  0.0252  0.0252  0.0256  0.0251  0.0254  0.0258  0.0251  0.0248  0.0247  0.0249
  0.0270  0.0256  0.0260  0.0269  0.0272  0.0260  0.0264  0.0273  0.0258  0.0257  0.0251  0.0255
niter,ni,del,rscale     2    3    5.0000    1.2000
parameters
    0.0306   30.0441    2.6425   -6.2238  -12.5450   -3.8214
    1.5544   -9.8027    0.6597   17.1769   10.6956  -10.0330
eta,q 0.97563  7.28017
  0.0271  0.0269  0.0253  0.0261  0.0259  0.0256  0.0263  0.0274  0.0258  0.0263  0.0250  0.0252
  0.0257  0.0257  0.0248  0.0252  0.0252  0.0249  0.0253  0.0257  0.0250  0.0253  0.0246  0.0248
  0.0248  0.0248  0.0244  0.0247  0.0247  0.0245  0.0246  0.0247  0.0246  0.0247  0.0244  0.0244
  0.0244  0.0244  0.0244  0.0244  0.0244  0.0244  0.0244  0.0244  0.0244  0.0244  0.0244  0.0244
  0.0246  0.0244  0.0246  0.0244  0.0245  0.0246  0.0246  0.0248  0.0246  0.0244  0.0245  0.0245
  0.0255  0.0249  0.0250  0.0250  0.0252  0.0249  0.0253  0.0257  0.0250  0.0249  0.0247  0.0249
  0.0268  0.0257  0.0257  0.0266  0.0268  0.0258  0.0263  0.0272  0.0257  0.0258  0.0251  0.0254
niter,ni,del,rscale     1    3    5.0000    1.2000
parameters
    0.0824   30.2330    2.5375   -6.2833  -12.7876   -3.9444
    1.4722   -9.7243    0.7138   17.4599   10.5426  -10.2148
eta,q 0.97563  7.26753
  0.0270  0.0265  0.0254  0.0261  0.0260  0.0256  0.0262  0.0273  0.0258  0.0261  0.0251  0.0253
  0.0256  0.0254  0.0248  0.0252  0.0252  0.0249  0.0252  0.0257  0.0250  0.0252  0.0247  0.0248
  0.0247  0.0247  0.0245  0.0247  0.0247  0.0245  0.0246  0.0247  0.0246  0.0246  0.0244  0.0245
  0.0244  0.0244  0.0244  0.0244  0.0244  0.0244  0.0244  0.0244  0.0244  0.0244  0.0244  0.0244
  0.0246  0.0245  0.0245  0.0244  0.0244  0.0246  0.0246  0.0247  0.0245  0.0245  0.0245  0.0245
  0.0254  0.0250  0.0250  0.0250  0.0251  0.0249  0.0253  0.0257  0.0250  0.0250  0.0247  0.0249
  0.0268  0.0259  0.0256  0.0264  0.0265  0.0257  0.0263  0.0271  0.0257  0.0259  0.0251  0.0253
registration optimization eta report
parameter search radius
    2.4000    2.4000    2.4000    8.2800    8.2800    7.2000
    7.2000    7.2000    7.2000    7.2000    7.2000    7.2000
100000*second partial in parameter space
       43.       32.       20.        3.        3.        2.
        4.        6.        3.        3.        1.        2.
  0.0270  0.0265  0.0254  0.0261  0.0260  0.0256  0.0262  0.0273  0.0258  0.0261  0.0251  0.0253
  0.0256  0.0254  0.0248  0.0252  0.0252  0.0249  0.0252  0.0257  0.0250  0.0252  0.0247  0.0248
  0.0247  0.0247  0.0245  0.0247  0.0247  0.0245  0.0246  0.0247  0.0246  0.0246  0.0244  0.0245
  0.0244  0.0244  0.0244  0.0244  0.0244  0.0244  0.0244  0.0244  0.0244  0.0244  0.0244  0.0244
  0.0246  0.0245  0.0245  0.0244  0.0244  0.0246  0.0246  0.0247  0.0245  0.0245  0.0245  0.0245
  0.0254  0.0250  0.0250  0.0250  0.0251  0.0249  0.0253  0.0257  0.0250  0.0250  0.0247  0.0249
  0.0268  0.0259  0.0256  0.0264  0.0265  0.0257  0.0263  0.0271  0.0257  0.0259  0.0251  0.0253
    0.0824   30.2330    2.5375   -6.2833  -12.7876   -3.9444
    1.4722   -9.7243    0.7138   17.4599   10.5426  -10.2148
eta,q 0.97563  7.26753

---------------------------------------------------------------------
imgreg_4dfp /opt/freesurfer/average/711-2C_as_mni_average_305 /opt/freesurfer/average/711-2B_as_mni_average_305_mask talsrcimg_g11 none talsrcimg_to_711-2C_as_mni_average_305_t4 2311
---------------------------------------------------------------------

freesurfer imgreg_4dfp.c
/opt/freesurfer/average/711-2C_as_mni_average_305.4dfp.img
       256       256       256         1
  1.000000  1.000000  1.000000
orientation T byte_order littleendian
Reading image: /opt/freesurfer/average/711-2C_as_mni_average_305.4dfp.img
dimensions:      256       256       256
mmppix:       1.0000   -1.0000   -1.0000
center:     128.0000 -129.0000 -129.0000
/opt/freesurfer/average/711-2B_as_mni_average_305_mask.4dfp.img
       256       256       256         1
  1.000000  1.000000  1.000000
orientation T byte_order littleendian
Reading mask: /opt/freesurfer/average/711-2B_as_mni_average_305_mask.4dfp.img (2306576 pixels)
talsrcimg_g11.4dfp.img
       256       256       256         1
  1.000000  1.000000  1.000000
orientation T byte_order littleendian
Reading image: talsrcimg_g11.4dfp.img
dimensions:      256       256       256
mmppix:       1.0000   -1.0000   -1.0000
center:     128.0000 -129.0000 -129.0000
fimgreg.f
image alignment mode   2311 decimal      907 hex
parameters
    0.0824   30.2330    2.5375   -6.2833  -12.7876   -3.9444
    1.4722   -9.7243    0.7138   17.4599   10.5426  -10.2148
eta,q 0.97563  7.26753
niter,ni,del,rscale     5    3    5.0000    0.8000
parameters
    0.1238   30.3139    2.5002   -5.5330  -11.9417   -3.6804
    1.4777   -9.6864    0.7471   17.7933   10.4732  -10.3840
eta,q 0.97574  7.33623
  0.0256  0.0253  0.0249  0.0250  0.0251  0.0249  0.0252  0.0256  0.0249  0.0251  0.0246  0.0247
  0.0249  0.0248  0.0246  0.0247  0.0248  0.0245  0.0247  0.0249  0.0246  0.0247  0.0244  0.0245
  0.0245  0.0245  0.0244  0.0245  0.0245  0.0243  0.0244  0.0244  0.0243  0.0244  0.0243  0.0243
  0.0244  0.0244  0.0244  0.0244  0.0243  0.0243  0.0243  0.0243  0.0243  0.0243  0.0243  0.0243
  0.0245  0.0244  0.0244  0.0243  0.0243  0.0243  0.0244  0.0244  0.0243  0.0243  0.0243  0.0243
  0.0248  0.0247  0.0246  0.0245  0.0244  0.0245  0.0247  0.0249  0.0246  0.0245  0.0244  0.0245
  0.0254  0.0251  0.0249  0.0248  0.0248  0.0247  0.0252  0.0256  0.0249  0.0250  0.0246  0.0248
niter,ni,del,rscale     4    3    5.0000    0.7000
parameters
    0.1115   30.2368    2.4562   -5.2503  -11.7528   -3.5474
    1.5127   -9.6628    0.7896   17.8162   10.5154  -10.3725
eta,q 0.97575  7.35687
  0.0251  0.0249  0.0246  0.0248  0.0248  0.0247  0.0250  0.0253  0.0248  0.0249  0.0245  0.0246
  0.0246  0.0245  0.0244  0.0245  0.0246  0.0244  0.0246  0.0247  0.0245  0.0246  0.0243  0.0244
  0.0244  0.0243  0.0243  0.0244  0.0244  0.0243  0.0243  0.0244  0.0243  0.0243  0.0243  0.0243
  0.0243  0.0243  0.0243  0.0243  0.0243  0.0242  0.0242  0.0242  0.0242  0.0242  0.0242  0.0242
  0.0244  0.0244  0.0243  0.0243  0.0243  0.0243  0.0243  0.0244  0.0243  0.0243  0.0243  0.0243
  0.0247  0.0246  0.0245  0.0244  0.0244  0.0244  0.0246  0.0247  0.0245  0.0245  0.0243  0.0244
  0.0252  0.0250  0.0247  0.0247  0.0248  0.0246  0.0250  0.0253  0.0247  0.0249  0.0245  0.0246
niter,ni,del,rscale     3    3    5.0000    0.6000
parameters
    0.0954   30.2113    2.4569   -5.0901  -11.5979   -3.4865
    1.5341   -9.6634    0.7913   17.8368   10.5773  -10.3593
eta,q 0.97576  7.37046
  0.0249  0.0247  0.0245  0.0246  0.0247  0.0245  0.0248  0.0250  0.0246  0.0247  0.0244  0.0245
  0.0245  0.0245  0.0244  0.0245  0.0245  0.0244  0.0245  0.0246  0.0244  0.0245  0.0243  0.0244
  0.0243  0.0243  0.0243  0.0243  0.0243  0.0243  0.0243  0.0243  0.0243  0.0243  0.0243  0.0243
  0.0242  0.0242  0.0242  0.0242  0.0242  0.0242  0.0242  0.0242  0.0242  0.0242  0.0242  0.0242
  0.0243  0.0243  0.0243  0.0243  0.0243  0.0243  0.0243  0.0243  0.0243  0.0243  0.0243  0.0243
  0.0246  0.0245  0.0244  0.0244  0.0244  0.0244  0.0245  0.0246  0.0244  0.0244  0.0243  0.0244
  0.0249  0.0248  0.0245  0.0246  0.0247  0.0245  0.0248  0.0250  0.0246  0.0247  0.0244  0.0245
niter,ni,del,rscale     2    3    5.0000    0.5000
parameters
    0.0826   30.1877    2.4531   -4.9600  -11.4678   -3.4635
    1.5500   -9.6715    0.7730   17.8633   10.6428  -10.3358
eta,q 0.97576  7.38089
  0.0247  0.0246  0.0244  0.0245  0.0246  0.0244  0.0246  0.0248  0.0245  0.0246  0.0244  0.0244
  0.0244  0.0244  0.0243  0.0244  0.0244  0.0243  0.0244  0.0245  0.0244  0.0244  0.0243  0.0243
  0.0243  0.0243  0.0243  0.0243  0.0243  0.0242  0.0243  0.0243  0.0243  0.0243  0.0242  0.0243
  0.0242  0.0242  0.0242  0.0242  0.0242  0.0242  0.0242  0.0242  0.0242  0.0242  0.0242  0.0242
  0.0243  0.0243  0.0243  0.0243  0.0243  0.0243  0.0243  0.0243  0.0243  0.0243  0.0242  0.0243
  0.0245  0.0244  0.0243  0.0243  0.0244  0.0243  0.0244  0.0245  0.0244  0.0244  0.0243  0.0243
  0.0247  0.0246  0.0245  0.0245  0.0246  0.0244  0.0246  0.0248  0.0245  0.0246  0.0243  0.0244
niter,ni,del,rscale     1    3    5.0000    0.4000
parameters
    0.0709   30.1720    2.4430   -4.8899  -11.3722   -3.4536
    1.5511   -9.6853    0.7519   17.8744   10.6678  -10.3291
eta,q 0.97577  7.38728
  0.0245  0.0245  0.0244  0.0244  0.0245  0.0244  0.0245  0.0246  0.0244  0.0245  0.0243  0.0244
  0.0244  0.0243  0.0243  0.0243  0.0244  0.0243  0.0243  0.0244  0.0243  0.0243  0.0243  0.0243
  0.0243  0.0243  0.0242  0.0243  0.0243  0.0242  0.0243  0.0243  0.0243  0.0243  0.0242  0.0243
  0.0242  0.0242  0.0242  0.0242  0.0242  0.0242  0.0242  0.0242  0.0242  0.0242  0.0242  0.0242
  0.0243  0.0243  0.0242  0.0242  0.0242  0.0242  0.0243  0.0243  0.0242  0.0242  0.0242  0.0242
  0.0244  0.0243  0.0243  0.0243  0.0243  0.0243  0.0243  0.0244  0.0243  0.0243  0.0243  0.0243
  0.0245  0.0245  0.0244  0.0244  0.0244  0.0243  0.0245  0.0246  0.0244  0.0245  0.0243  0.0244
registration optimization eta report
parameter search radius
    0.8000    0.8000    0.8000    2.4000    2.4000    2.4000
    2.4000    2.4000    2.4000    2.4000    2.4000    2.4000
100000*second partial in parameter space
       46.       36.       21.        3.        4.        2.
        4.        6.        3.        4.        1.        2.
  0.0245  0.0245  0.0244  0.0244  0.0245  0.0244  0.0245  0.0246  0.0244  0.0245  0.0243  0.0244
  0.0244  0.0243  0.0243  0.0243  0.0244  0.0243  0.0243  0.0244  0.0243  0.0243  0.0243  0.0243
  0.0243  0.0243  0.0242  0.0243  0.0243  0.0242  0.0243  0.0243  0.0243  0.0243  0.0242  0.0243
  0.0242  0.0242  0.0242  0.0242  0.0242  0.0242  0.0242  0.0242  0.0242  0.0242  0.0242  0.0242
  0.0243  0.0243  0.0242  0.0242  0.0242  0.0242  0.0243  0.0243  0.0242  0.0242  0.0242  0.0242
  0.0244  0.0243  0.0243  0.0243  0.0243  0.0243  0.0243  0.0244  0.0243  0.0243  0.0243  0.0243
  0.0245  0.0245  0.0244  0.0244  0.0244  0.0243  0.0245  0.0246  0.0244  0.0245  0.0243  0.0244
    0.0709   30.1720    2.4430   -4.8899  -11.3722   -3.4536
    1.5511   -9.6853    0.7519   17.8744   10.6678  -10.3291
eta,q 0.97577  7.38728

---------------------------------------------------------------------
imgreg_4dfp /opt/freesurfer/average/711-2C_as_mni_average_305 /opt/freesurfer/average/711-2B_as_mni_average_305_mask talsrcimg_g11 none talsrcimg_to_711-2C_as_mni_average_305_t4 2311
---------------------------------------------------------------------

freesurfer imgreg_4dfp.c
/opt/freesurfer/average/711-2C_as_mni_average_305.4dfp.img
       256       256       256         1
  1.000000  1.000000  1.000000
orientation T byte_order littleendian
Reading image: /opt/freesurfer/average/711-2C_as_mni_average_305.4dfp.img
dimensions:      256       256       256
mmppix:       1.0000   -1.0000   -1.0000
center:     128.0000 -129.0000 -129.0000
/opt/freesurfer/average/711-2B_as_mni_average_305_mask.4dfp.img
       256       256       256         1
  1.000000  1.000000  1.000000
orientation T byte_order littleendian
Reading mask: /opt/freesurfer/average/711-2B_as_mni_average_305_mask.4dfp.img (2306576 pixels)
talsrcimg_g11.4dfp.img
       256       256       256         1
  1.000000  1.000000  1.000000
orientation T byte_order littleendian
Reading image: talsrcimg_g11.4dfp.img
dimensions:      256       256       256
mmppix:       1.0000   -1.0000   -1.0000
center:     128.0000 -129.0000 -129.0000
fimgreg.f
image alignment mode   2311 decimal      907 hex
parameters
    0.0709   30.1720    2.4430   -4.8899  -11.3722   -3.4536
    1.5511   -9.6853    0.7519   17.8744   10.6678  -10.3291
eta,q 0.97577  7.38728
niter,ni,del,rscale     5    3    5.0000    0.8000
parameters
    0.0670   30.1664    2.4344   -5.2427  -11.7716   -3.4521
    1.5790   -9.6819    0.7999   17.7135   10.6124  -10.3358
eta,q 0.97575  7.35848
  0.0254  0.0251  0.0248  0.0248  0.0249  0.0248  0.0252  0.0256  0.0249  0.0250  0.0245  0.0247
  0.0248  0.0246  0.0245  0.0245  0.0246  0.0245  0.0247  0.0248  0.0245  0.0246  0.0244  0.0245
  0.0244  0.0243  0.0243  0.0243  0.0243  0.0243  0.0244  0.0244  0.0243  0.0243  0.0243  0.0243
  0.0242  0.0242  0.0242  0.0242  0.0242  0.0242  0.0242  0.0242  0.0242  0.0242  0.0242  0.0242
  0.0244  0.0243  0.0243  0.0243  0.0243  0.0243  0.0244  0.0244  0.0243  0.0243  0.0243  0.0243
  0.0248  0.0246  0.0245  0.0246  0.0247  0.0245  0.0247  0.0249  0.0245  0.0246  0.0244  0.0245
  0.0254  0.0252  0.0248  0.0251  0.0253  0.0247  0.0252  0.0256  0.0249  0.0252  0.0246  0.0247
niter,ni,del,rscale     4    3    5.0000    0.7000
parameters
    0.0811   30.1869    2.4772   -5.1673  -11.6696   -3.4217
    1.5453   -9.6812    0.7845   17.7597   10.6132  -10.3423
eta,q 0.97576  7.36661
  0.0252  0.0250  0.0247  0.0247  0.0248  0.0246  0.0250  0.0253  0.0248  0.0249  0.0245  0.0246
  0.0247  0.0246  0.0244  0.0245  0.0246  0.0244  0.0246  0.0247  0.0245  0.0246  0.0243  0.0244
  0.0244  0.0243  0.0243  0.0243  0.0244  0.0243  0.0243  0.0243  0.0243  0.0243  0.0243  0.0243
  0.0242  0.0242  0.0242  0.0242  0.0242  0.0242  0.0242  0.0242  0.0242  0.0242  0.0242  0.0242
  0.0243  0.0243  0.0243  0.0243  0.0243  0.0243  0.0243  0.0244  0.0243  0.0243  0.0243  0.0243
  0.0246  0.0245  0.0244  0.0244  0.0245  0.0244  0.0246  0.0247  0.0245  0.0245  0.0243  0.0244
  0.0251  0.0249  0.0246  0.0247  0.0249  0.0246  0.0250  0.0253  0.0248  0.0249  0.0245  0.0246
niter,ni,del,rscale     3    3    5.0000    0.6000
parameters
    0.0792   30.1808    2.4799   -5.0535  -11.5461   -3.4100
    1.5514   -9.6735    0.7785   17.8063   10.6416  -10.3363
eta,q 0.97577  7.37599
  0.0249  0.0247  0.0245  0.0246  0.0247  0.0245  0.0248  0.0250  0.0246  0.0247  0.0244  0.0245
  0.0245  0.0245  0.0244  0.0245  0.0245  0.0244  0.0245  0.0246  0.0244  0.0245  0.0243  0.0244
  0.0243  0.0243  0.0243  0.0243  0.0243  0.0243  0.0243  0.0243  0.0243  0.0243  0.0243  0.0243
  0.0242  0.0242  0.0242  0.0242  0.0242  0.0242  0.0242  0.0242  0.0242  0.0242  0.0242  0.0242
  0.0243  0.0243  0.0243  0.0243  0.0243  0.0243  0.0243  0.0243  0.0243  0.0243  0.0243  0.0243
  0.0245  0.0245  0.0244  0.0244  0.0244  0.0244  0.0245  0.0246  0.0244  0.0244  0.0243  0.0244
  0.0249  0.0248  0.0245  0.0246  0.0247  0.0245  0.0248  0.0250  0.0246  0.0247  0.0244  0.0245
niter,ni,del,rscale     2    3    5.0000    0.5000
parameters
    0.0741   30.1693    2.4619   -4.9425  -11.4369   -3.4202
    1.5583   -9.6707    0.7683   17.8364   10.6675  -10.3239
eta,q 0.97577  7.38379
  0.0247  0.0246  0.0244  0.0245  0.0246  0.0244  0.0246  0.0248  0.0245  0.0246  0.0244  0.0244
  0.0244  0.0244  0.0243  0.0244  0.0244  0.0243  0.0244  0.0245  0.0244  0.0244  0.0243  0.0243
  0.0243  0.0243  0.0243  0.0243  0.0243  0.0243  0.0243  0.0243  0.0243  0.0243  0.0242  0.0243
  0.0242  0.0242  0.0242  0.0242  0.0242  0.0242  0.0242  0.0242  0.0242  0.0242  0.0242  0.0242
  0.0243  0.0243  0.0243  0.0243  0.0243  0.0243  0.0243  0.0243  0.0243  0.0243  0.0242  0.0243
  0.0244  0.0244  0.0243  0.0243  0.0244  0.0243  0.0244  0.0245  0.0244  0.0244  0.0243  0.0243
  0.0247  0.0246  0.0245  0.0245  0.0246  0.0244  0.0246  0.0248  0.0245  0.0246  0.0243  0.0244
niter,ni,del,rscale     1    3    5.0000    0.4000
parameters
    0.0678   30.1607    2.4530   -4.8889  -11.3475   -3.4351
    1.5540   -9.6854    0.7410   17.8622   10.6954  -10.3241
eta,q 0.97577  7.38878
  0.0245  0.0245  0.0244  0.0244  0.0245  0.0244  0.0245  0.0246  0.0244  0.0245  0.0243  0.0244
  0.0244  0.0243  0.0243  0.0243  0.0244  0.0243  0.0243  0.0244  0.0243  0.0243  0.0243  0.0243
  0.0243  0.0243  0.0243  0.0243  0.0243  0.0242  0.0243  0.0243  0.0243  0.0243  0.0242  0.0243
  0.0242  0.0242  0.0242  0.0242  0.0242  0.0242  0.0242  0.0242  0.0242  0.0242  0.0242  0.0242
  0.0243  0.0243  0.0243  0.0242  0.0242  0.0242  0.0243  0.0243  0.0242  0.0243  0.0242  0.0242
  0.0244  0.0243  0.0243  0.0243  0.0243  0.0243  0.0243  0.0244  0.0243  0.0243  0.0243  0.0243
  0.0245  0.0245  0.0244  0.0244  0.0245  0.0243  0.0245  0.0246  0.0244  0.0245  0.0243  0.0244
registration optimization eta report
parameter search radius
    0.8000    0.8000    0.8000    2.4000    2.4000    2.4000
    2.4000    2.4000    2.4000    2.4000    2.4000    2.4000
100000*second partial in parameter space
       46.       36.       21.        3.        4.        2.
        4.        6.        3.        4.        1.        2.
  0.0245  0.0245  0.0244  0.0244  0.0245  0.0244  0.0245  0.0246  0.0244  0.0245  0.0243  0.0244
  0.0244  0.0243  0.0243  0.0243  0.0244  0.0243  0.0243  0.0244  0.0243  0.0243  0.0243  0.0243
  0.0243  0.0243  0.0243  0.0243  0.0243  0.0242  0.0243  0.0243  0.0243  0.0243  0.0242  0.0243
  0.0242  0.0242  0.0242  0.0242  0.0242  0.0242  0.0242  0.0242  0.0242  0.0242  0.0242  0.0242
  0.0243  0.0243  0.0243  0.0242  0.0242  0.0242  0.0243  0.0243  0.0242  0.0243  0.0242  0.0242
  0.0244  0.0243  0.0243  0.0243  0.0243  0.0243  0.0243  0.0244  0.0243  0.0243  0.0243  0.0243
  0.0245  0.0245  0.0244  0.0244  0.0245  0.0243  0.0245  0.0246  0.0244  0.0245  0.0243  0.0244
    0.0678   30.1607    2.4530   -4.8889  -11.3475   -3.4351
    1.5540   -9.6854    0.7410   17.8622   10.6954  -10.3241
eta,q 0.97577  7.38878

---------------------------------------------------------------------
compute_vox2vox talsrcimg talsrcimg_to_711-2C_as_mni_average_305_t4 /opt/freesurfer/average/711-2C_as_mni_average_305
---------------------------------------------------------------------

freesurfer compute_vox2vox.c
Reading: talsrcimg.4dfp.ifh
Reading: talsrcimg_to_711-2C_as_mni_average_305_t4
Reading: /opt/freesurfer/average/711-2C_as_mni_average_305.4dfp.ifh
Writing: talsrcimg_to_711-2C_as_mni_average_305_t4_vox2vox.txt

start time Sun Mar 15 08:15:04 CET 2026
end		time Sun Mar 15 08:16:29 CET 2026

mpr2mni305 success

avi2talxfm orig_nu.mgz /opt/freesurfer/average/mni305.cor.mgz talsrcimg_to_711-2C_as_mni_average_305_t4_vox2vox.txt transforms/talairach.auto.xfm
avi2talxfm done
mv -f /out/sourcedata/freesurfer/sub-v2s10x28986_ses-1/mri/talsrcimg_to_711-2C_as_mni_average_305_t4_vox2vox.txt /out/sourcedata/freesurfer/sub-v2s10x28986_ses-1/mri/transforms/talsrcimg_to_711-2C_as_mni_average_305_t4_vox2vox.txt
lta_convert --src orig_nu.mgz --trg /opt/freesurfer/average/mni305.cor.mgz --inxfm transforms/talairach.auto.xfm --outlta transforms/talairach.auto.xfm.lta --subject fsaverage
7.3.2

--src: orig_nu.mgz src image (geometry).
--trg: /opt/freesurfer/average/mni305.cor.mgz trg image (geometry).
--inmni: transforms/talairach.auto.xfm input MNI/XFM transform.
--outlta: transforms/talairach.auto.xfm.lta output LTA.
--s: fsaverage subject name
 LTA read, type : 1
 1.03960   0.10537  -0.00595  -4.55419;
-0.11363   1.00222   0.11871  -25.36701;
 0.01421  -0.20281   1.10413  -21.72978;
 0.00000   0.00000   0.00000   1.00000;
setting subject to fsaverage
Writing  LTA to file transforms/talairach.auto.xfm.lta...
lta_convert successful.
 
 
Started at Sun Mar 15 08:15:03 CET 2026
Ended   at Sun Mar 15 08:16:30 CET 2026
talairach_avi done
