/out/sourcedata/freesurfer/sub-v2s10x28966_ses-1/mri
/opt/freesurfer/bin/talairach_avi
--i orig_nu.mgz --xfm transforms/talairach.auto.xfm
talairach_avi 7.3.2
Linux dna085 5.14.0-427.37.1.el9_4.x86_64 #1 SMP PREEMPT_DYNAMIC Fri Sep 13 12:41:50 EDT 2024 x86_64 x86_64 x86_64 GNU/Linux
Sun Mar 15 08:13:59 CET 2026
mri_convert orig_nu.mgz talsrcimg.img 
reading from orig_nu.mgz...
TR=0.00, TE=0.00, TI=0.00, flip angle=0.00
i_ras = (-1, 5.70708e-11, 0)
j_ras = (3.72529e-09, 7.27596e-12, -1)
k_ras = (-5.72982e-11, 1, 0)
writing to talsrcimg.img...
Analyze Output Matrix
-1.00000   0.00000  -0.00000   131.21164;
 0.00000   0.00000   1.00000  -110.46655;
 0.00000  -1.00000   0.00000   108.08659;
 0.00000   0.00000   0.00000   1.00000;
--------------------
INFO: set hdr.hist.orient to -1
mpr2mni305 talsrcimg
Sun Mar 15 08:14:00 CET 2026
/opt/freesurfer/bin/mpr2mni305 talsrcimg
mpr2mni305 7.3.2
target=711-2C_as_mni_average_305

---------------------------------------------------------------------
analyzeto4dfp talsrcimg -O0 -y
---------------------------------------------------------------------

freesurfer ifh2hdr.c
Sun Mar 15 08:14:00 2026
Writing: talsrcimg.4dfp.hdr
freesurfer analyzeto4dfp.c
Reading: talsrcimg.hdr
header size 348 bytes
hdr.dime.datatype	offset=70	value=2
hdr.dime.bitpix		offset=72	value=8
hdr.hist.orient		offset=252	value=-1
dimensionality     4
dimensions       256       256       256         1
Reading: talsrcimg.img
Writing: talsrcimg.4dfp.img
Writing: talsrcimg.4dfp.ifh
ifh2hdr talsrcimg -r0to216
ori=2

---------------------------------------------------------------------
gauss_4dfp talsrcimg 1.1
---------------------------------------------------------------------

freesurfer gauss_4dfp.c
Reading: talsrcimg.4dfp.img
Writing: talsrcimg_g11.4dfp.img
image dimensions 256 256 256 padded to 288 288 288
processing volume 1freesurfer ifh2hdr.c
Sun Mar 15 08:14:01 2026
Writing: talsrcimg_g11.4dfp.hdr

Writing: talsrcimg_g11.4dfp.ifh
including: talsrcimg.4dfp.img.rec in talsrcimg_g11.4dfp.img.rec

---------------------------------------------------------------------
imgreg_4dfp /opt/freesurfer/average/711-2C_as_mni_average_305 none talsrcimg_g11 none talsrcimg_to_711-2C_as_mni_average_305_t4 4355
---------------------------------------------------------------------

freesurfer imgreg_4dfp.c
/opt/freesurfer/average/711-2C_as_mni_average_305.4dfp.img
       256       256       256         1
  1.000000  1.000000  1.000000
orientation T byte_order littleendian
Reading image: /opt/freesurfer/average/711-2C_as_mni_average_305.4dfp.img
dimensions:      256       256       256
mmppix:       1.0000   -1.0000   -1.0000
center:     128.0000 -129.0000 -129.0000
talsrcimg_g11.4dfp.img
       256       256       256         1
  1.000000  1.000000  1.000000
orientation T byte_order littleendian
Reading image: talsrcimg_g11.4dfp.img
dimensions:      256       256       256
mmppix:       1.0000   -1.0000   -1.0000
center:     128.0000 -129.0000 -129.0000
t4_read: open error in t4_sub.f l:  41 t4_file(1:l)talsrcimg_to_711-2C_as_mni_average_305_t4 
t4_read: transform initialized to I4
rotation matrix determinant  1.000000
image alignment mode   4355 decimal     1103 hex
   -7.5000  -45.0000  -45.0000 5224.4473   16.6076
    0.0000  -45.0000  -45.0000 5470.0757   16.6538
    7.5000  -45.0000  -45.0000 5220.1743   16.6638
   -7.5000  -37.5000  -45.0000 5873.0254   15.9857
    0.0000  -37.5000  -45.0000 6119.4956   16.0253
    7.5000  -37.5000  -45.0000 5851.9990   16.0358
   -7.5000  -30.0000  -45.0000 6809.3682   15.5645
    0.0000  -30.0000  -45.0000 7061.3569   15.6071
    7.5000  -30.0000  -45.0000 6746.6543   15.6203
   -7.5000  -22.5000  -45.0000 7781.0737   15.2698
    0.0000  -22.5000  -45.0000 8075.2988   15.3134
    7.5000  -22.5000  -45.0000 7720.9937   15.3252
   -7.5000  -15.0000  -45.0000 8801.5361   15.1522
    0.0000  -15.0000  -45.0000 9148.9316   15.1946
    7.5000  -15.0000  -45.0000 8748.0566   15.2017
   -7.5000   -7.5000  -45.0000 9858.4150   15.0989
    0.0000   -7.5000  -45.000010256.9814   15.1379
    7.5000   -7.5000  -45.0000 9791.2285   15.1411
   -7.5000    0.0000  -45.000010871.9258   15.0860
    0.0000    0.0000  -45.000011309.3027   15.1221
    7.5000    0.0000  -45.000010785.5664   15.1258
   -7.5000    7.5000  -45.000011048.5107   15.0855
    0.0000    7.5000  -45.000011509.7715   15.1239
    7.5000    7.5000  -45.000010960.3350   15.1318
   -7.5000   15.0000  -45.000011027.4971   15.0802
    0.0000   15.0000  -45.000011473.2725   15.1225
    7.5000   15.0000  -45.000010922.2314   15.1342
   -7.5000   22.5000  -45.000010834.1699   15.0717
    0.0000   22.5000  -45.000011264.5811   15.1155
    7.5000   22.5000  -45.000010728.6094   15.1266
   -7.5000   30.0000  -45.000010576.6348   14.8784
    0.0000   30.0000  -45.000011017.0752   14.9204
    7.5000   30.0000  -45.000010496.6787   14.9272
   -7.5000   37.5000  -45.000010683.8066   14.8797
    0.0000   37.5000  -45.000011135.1123   14.9183
    7.5000   37.5000  -45.000010628.1465   14.9214
   -7.5000   45.0000  -45.000010356.4287   14.5070
    0.0000   45.0000  -45.000010783.5176   14.5417
    7.5000   45.0000  -45.000010304.0029   14.5453
   -7.5000  -45.0000  -37.5000 5536.4092   16.5972
    0.0000  -45.0000  -37.5000 5782.6880   16.6481
    7.5000  -45.0000  -37.5000 5536.1177   16.6535
   -7.5000  -37.5000  -37.5000 6217.2144   15.9700
    0.0000  -37.5000  -37.5000 6463.8564   16.0117
    7.5000  -37.5000  -37.5000 6201.7827   16.0160
   -7.5000  -30.0000  -37.5000 7184.9399   15.5499
    0.0000  -30.0000  -37.5000 7457.1729   15.5890
    7.5000  -30.0000  -37.5000 7133.1064   15.5944
   -7.5000  -22.5000  -37.5000 8217.3652   15.2646
    0.0000  -22.5000  -37.5000 8558.1348   15.3033
    7.5000  -22.5000  -37.5000 8174.2935   15.3074
   -7.5000  -15.0000  -37.5000 9310.8369   15.1514
    0.0000  -15.0000  -37.5000 9709.2539   15.1917
    7.5000  -15.0000  -37.5000 9274.8799   15.1936
   -7.5000   -7.5000  -37.500010444.5684   15.0945
    0.0000   -7.5000  -37.500010870.6250   15.1362
    7.5000   -7.5000  -37.500010381.9189   15.1363
   -7.5000    0.0000  -37.500011495.1074   15.0750
    0.0000    0.0000  -37.500011965.6924   15.1158
    7.5000    0.0000  -37.500011421.1211   15.1161
   -7.5000    7.5000  -37.500011647.3975   15.0701
    0.0000    7.5000  -37.500012138.6816   15.1096
    7.5000    7.5000  -37.500011564.4326   15.1117
   -7.5000   15.0000  -37.500011588.2100   15.0675
    0.0000   15.0000  -37.500012085.7832   15.1064
    7.5000   15.0000  -37.500011503.1904   15.1103
   -7.5000   22.5000  -37.500011372.3877   15.0672
    0.0000   22.5000  -37.500011848.3379   15.1061
    7.5000   22.5000  -37.500011288.6113   15.1098
   -7.5000   30.0000  -37.500011114.1270   14.8778
    0.0000   30.0000  -37.500011573.7471   14.9177
    7.5000   30.0000  -37.500011024.7812   14.9195
   -7.5000   37.5000  -37.500011225.8457   14.8754
    0.0000   37.5000  -37.500011703.0127   14.9167
    7.5000   37.5000  -37.500011147.0840   14.9168
   -7.5000   45.0000  -37.500010875.5098   14.4964
    0.0000   45.0000  -37.500011330.2285   14.5356
    7.5000   45.0000  -37.500010795.9580   14.5359
   -7.5000  -45.0000  -30.0000 5942.8452   17.2899
    0.0000  -45.0000  -30.0000 6188.6753   17.3446
    7.5000  -45.0000  -30.0000 5941.8535   17.3488
   -7.5000  -37.5000  -30.0000 6662.9990   16.6318
    0.0000  -37.5000  -30.0000 6925.9312   16.6746
    7.5000  -37.5000  -30.0000 6642.1982   16.6763
   -7.5000  -30.0000  -30.0000 7694.1040   16.1939
    0.0000  -30.0000  -30.0000 7994.6060   16.2296
    7.5000  -30.0000  -30.0000 7642.3857   16.2291
   -7.5000  -22.5000  -30.0000 8809.0811   15.9034
    0.0000  -22.5000  -30.0000 9169.7949   15.9387
    7.5000  -22.5000  -30.0000 8778.1660   15.9350
   -7.5000  -15.0000  -30.0000 9995.7939   15.7885
    0.0000  -15.0000  -30.000010409.6074   15.8299
    7.5000  -15.0000  -30.0000 9965.7236   15.8257
   -7.5000   -7.5000  -30.000011185.5654   15.7272
    0.0000   -7.5000  -30.000011632.2295   15.7739
    7.5000   -7.5000  -30.000011119.7266   15.7717
   -7.5000    0.0000  -30.000012273.0957   15.7025
    0.0000    0.0000  -30.000012782.5381   15.7483
    7.5000    0.0000  -30.000012205.1934   15.7480
   -7.5000    7.5000  -30.000012403.2012   15.6942
    0.0000    7.5000  -30.000012940.8984   15.7343
    7.5000    7.5000  -30.000012334.7695   15.7342
   -7.5000   15.0000  -30.000012325.9971   15.6934
    0.0000   15.0000  -30.000012863.8477   15.7288
    7.5000   15.0000  -30.000012249.8721   15.7269
   -7.5000   22.5000  -30.000012080.5771   15.6970
    0.0000   22.5000  -30.000012596.7969   15.7328
    7.5000   22.5000  -30.000011982.3994   15.7287
   -7.5000   30.0000  -30.000011810.8789   15.5052
    0.0000   30.0000  -30.000012303.1396   15.5463
    7.5000   30.0000  -30.000011706.0195   15.5420
   -7.5000   37.5000  -30.000011921.4678   15.5006
    0.0000   37.5000  -30.000012438.8984   15.5468
    7.5000   37.5000  -30.000011821.3633   15.5446
   -7.5000   45.0000  -30.000011535.4854   15.1109
    0.0000   45.0000  -30.000012034.4189   15.1550
    7.5000   45.0000  -30.000011437.7168   15.1547
   -7.5000  -45.0000  -22.5000 6332.6323   17.8894
    0.0000  -45.0000  -22.5000 6603.8716   17.9425
    7.5000  -45.0000  -22.5000 6341.8701   17.9505
   -7.5000  -37.5000  -22.5000 7107.8076   17.2099
    0.0000  -37.5000  -22.5000 7386.1582   17.2510
    7.5000  -37.5000  -22.5000 7074.3350   17.2574
   -7.5000  -30.0000  -22.5000 8192.2480   16.7576
    0.0000  -30.0000  -22.5000 8504.9248   16.7928
    7.5000  -30.0000  -22.5000 8143.9014   16.7954
   -7.5000  -22.5000  -22.5000 9374.9395   16.4543
    0.0000  -22.5000  -22.5000 9755.7207   16.4913
    7.5000  -22.5000  -22.5000 9328.8154   16.4881
   -7.5000  -15.0000  -22.500010641.8750   16.3338
    0.0000  -15.0000  -22.500011062.2139   16.3784
    7.5000  -15.0000  -22.500010575.7510   16.3735
   -7.5000   -7.5000  -22.500011880.8652   16.2711
    0.0000   -7.5000  -22.500012355.1240   16.3198
    7.5000   -7.5000  -22.500011798.7090   16.3186
   -7.5000    0.0000  -22.500012995.3027   16.2471
    0.0000    0.0000  -22.500013547.4082   16.2928
    7.5000    0.0000  -22.500012932.6846   16.2958
   -7.5000    7.5000  -22.500013116.7051   16.2403
    0.0000    7.5000  -22.500013668.6748   16.2796
    7.5000    7.5000  -22.500013027.4102   16.2838
   -7.5000   15.0000  -22.500013011.9062   16.2397
    0.0000   15.0000  -22.500013548.6074   16.2748
    7.5000   15.0000  -22.500012910.4043   16.2760
   -7.5000   22.5000  -22.500012715.0488   16.2399
    0.0000   22.5000  -22.500013235.1152   16.2775
    7.5000   22.5000  -22.500012623.5811   16.2738
   -7.5000   30.0000  -22.500012407.8389   16.0434
    0.0000   30.0000  -22.500012931.0957   16.0877
    7.5000   30.0000  -22.500012316.1484   16.0827
   -7.5000   37.5000  -22.500012553.9229   16.0393
    0.0000   37.5000  -22.500013086.6123   16.0874
    7.5000   37.5000  -22.500012422.4814   16.0861
   -7.5000   45.0000  -22.500012130.3467   15.6467
    0.0000   45.0000  -22.500012673.5078   15.6907
    7.5000   45.0000  -22.500012032.3545   15.6937
   -7.5000  -45.0000  -15.0000 6698.3198   18.3292
    0.0000  -45.0000  -15.0000 6983.5225   18.3785
    7.5000  -45.0000  -15.0000 6696.5000   18.3919
   -7.5000  -37.5000  -15.0000 7525.6665   17.6386
    0.0000  -37.5000  -15.0000 7819.2832   17.6784
    7.5000  -37.5000  -15.0000 7468.8154   17.6916
   -7.5000  -30.0000  -15.0000 8697.5684   17.1752
    0.0000  -30.0000  -15.0000 9030.4678   17.2146
    7.5000  -30.0000  -15.0000 8630.4014   17.2253
   -7.5000  -22.5000  -15.0000 9949.7441   16.8556
    0.0000  -22.5000  -15.000010349.3721   16.8983
    7.5000  -22.5000  -15.0000 9893.8965   16.9025
   -7.5000  -15.0000  -15.000011284.2646   16.7278
    0.0000  -15.0000  -15.000011728.2627   16.7754
    7.5000  -15.0000  -15.000011202.6191   16.7754
   -7.5000   -7.5000  -15.000012553.3682   16.6669
    0.0000   -7.5000  -15.000013066.4443   16.7137
    7.5000   -7.5000  -15.000012484.6934   16.7159
   -7.5000    0.0000  -15.000013715.5039   16.6481
    0.0000    0.0000  -15.000014293.0879   16.6901
    7.5000    0.0000  -15.000013638.0371   16.6972
   -7.5000    7.5000  -15.000013816.6367   16.6456
    0.0000    7.5000  -15.000014387.0557   16.6848
    7.5000    7.5000  -15.000013720.2490   16.6952
   -7.5000   15.0000  -15.000013678.8701   16.6430
    0.0000   15.0000  -15.000014220.5449   16.6824
    7.5000   15.0000  -15.000013575.9980   16.6915
   -7.5000   22.5000  -15.000013339.6318   16.6347
    0.0000   22.5000  -15.000013865.9854   16.6779
    7.5000   22.5000  -15.000013269.2998   16.6814
   -7.5000   30.0000  -15.000012999.2227   16.4326
    0.0000   30.0000  -15.000013499.0723   16.4799
    7.5000   30.0000  -15.000012906.3652   16.4797
   -7.5000   37.5000  -15.000013130.6582   16.4316
    0.0000   37.5000  -15.000013679.6650   16.4780
    7.5000   37.5000  -15.000013028.7959   16.4800
   -7.5000   45.0000  -15.000012698.0527   16.0426
    0.0000   45.0000  -15.000013247.1553   16.0831
    7.5000   45.0000  -15.000012626.3311   16.0900
   -7.5000  -45.0000   -7.5000 7051.3140   18.5496
    0.0000  -45.0000   -7.5000 7360.9834   18.5979
    7.5000  -45.0000   -7.5000 7042.2495   18.6130
   -7.5000  -37.5000   -7.5000 7938.1011   17.8556
    0.0000  -37.5000   -7.5000 8237.5049   17.8967
    7.5000  -37.5000   -7.5000 7875.5054   17.9126
   -7.5000  -30.0000   -7.5000 9219.4912   17.3851
    0.0000  -30.0000   -7.5000 9573.5420   17.4305
    7.5000  -30.0000   -7.5000 9152.7881   17.4471
   -7.5000  -22.5000   -7.500010560.3740   17.0540
    0.0000  -22.5000   -7.500010972.7246   17.1023
    7.5000  -22.5000   -7.500010491.2705   17.1145
   -7.5000  -15.0000   -7.500011923.5420   16.9216
    0.0000  -15.0000   -7.500012388.5088   16.9703
    7.5000  -15.0000   -7.500011838.4902   16.9768
   -7.5000   -7.5000   -7.500013222.3564   16.8631
    0.0000   -7.5000   -7.500013761.8330   16.9072
    7.5000   -7.5000   -7.500013148.7656   16.9118
   -7.5000    0.0000   -7.500014430.7461   16.8500
    0.0000    0.0000   -7.500015007.3340   16.8891
    7.5000    0.0000   -7.500014341.5156   16.8968
   -7.5000    7.5000   -7.500014514.2891   16.8506
    0.0000    7.5000   -7.500015070.7061   16.8913
    7.5000    7.5000   -7.500014399.1387   16.9039
   -7.5000   15.0000   -7.500014412.5195   16.8446
    0.0000   15.0000   -7.500014951.7666   16.8899
    7.5000   15.0000   -7.500014282.4492   16.9048
   -7.5000   22.5000   -7.500014050.5498   16.8277
    0.0000   22.5000   -7.500014603.8203   16.8763
    7.5000   22.5000   -7.500013986.9961   16.8878
   -7.5000   30.0000   -7.500013674.3984   16.6222
    0.0000   30.0000   -7.500014206.2666   16.6705
    7.5000   30.0000   -7.500013617.8330   16.6767
   -7.5000   37.5000   -7.500013808.6465   16.6245
    0.0000   37.5000   -7.500014359.9619   16.6681
    7.5000   37.5000   -7.500013759.8301   16.6725
   -7.5000   45.0000   -7.500013340.6758   16.2402
    0.0000   45.0000   -7.500013879.5625   16.2780
    7.5000   45.0000   -7.500013307.2354   16.2853
   -7.5000  -45.0000    0.0000 7332.9438   18.5833
    0.0000  -45.0000    0.0000 7635.2183   18.6349
    7.5000  -45.0000    0.0000 7307.2363   18.6462
   -7.5000  -37.5000    0.0000 8285.5107   17.8874
    0.0000  -37.5000    0.0000 8599.5645   17.9317
    7.5000  -37.5000    0.0000 8233.9639   17.9435
   -7.5000  -30.0000    0.0000 9661.6836   17.4161
    0.0000  -30.0000    0.000010045.0078   17.4637
    7.5000  -30.0000    0.0000 9614.3359   17.4786
   -7.5000  -22.5000    0.000011070.4209   17.0864
    0.0000  -22.5000    0.000011513.7998   17.1351
    7.5000  -22.5000    0.000011010.7773   17.1484
   -7.5000  -15.0000    0.000012475.4199   16.9548
    0.0000  -15.0000    0.000012972.2744   17.0023
    7.5000  -15.0000    0.000012397.4541   17.0102
   -7.5000   -7.5000    0.000013818.0361   16.8952
    0.0000   -7.5000    0.000014359.4580   16.9389
    7.5000   -7.5000    0.000013721.4990   16.9424
   -7.5000    0.0000    0.000015014.1348   16.8807
    0.0000    0.0000    0.000015605.7568   16.9211
    7.5000    0.0000    0.000014916.7471   16.9253
   -7.5000    7.5000    0.000015093.7441   16.8802
    0.0000    7.5000    0.000015638.7012   16.9231
    7.5000    7.5000    0.000014968.8320   16.9320
   -7.5000   15.0000    0.000014989.0195   16.8742
    0.0000   15.0000    0.000015575.5723   16.9216
    7.5000   15.0000    0.000014864.0811   16.9346
   -7.5000   22.5000    0.000014639.1064   16.8593
    0.0000   22.5000    0.000015205.1641   16.9083
    7.5000   22.5000    0.000014605.2979   16.9207
   -7.5000   30.0000    0.000014177.2061   16.6550
    0.0000   30.0000    0.000014737.0205   16.7020
    7.5000   30.0000    0.000014226.0752   16.7096
   -7.5000   37.5000    0.000014306.9131   16.6564
    0.0000   37.5000    0.000014865.2881   16.6996
    7.5000   37.5000    0.000014371.8936   16.7031
   -7.5000   45.0000    0.000013842.0361   16.2711
    0.0000   45.0000    0.000014354.8496   16.3100
    7.5000   45.0000    0.000013877.9375   16.3141
   -7.5000  -45.0000    7.5000 7009.3037   18.5727
    0.0000  -45.0000    7.5000 7294.6948   18.6297
    7.5000  -45.0000    7.5000 6987.2534   18.6357
   -7.5000  -37.5000    7.5000 7962.7510   17.8709
    0.0000  -37.5000    7.5000 8260.8564   17.9176
    7.5000  -37.5000    7.5000 7909.1289   17.9223
   -7.5000  -30.0000    7.5000 9320.8320   17.4007
    0.0000  -30.0000    7.5000 9680.9746   17.4445
    7.5000  -30.0000    7.5000 9263.8477   17.4505
   -7.5000  -22.5000    7.500010690.3730   17.0815
    0.0000  -22.5000    7.500011126.4775   17.1248
    7.5000  -22.5000    7.500010638.8320   17.1294
   -7.5000  -15.0000    7.500012057.3379   16.9549
    0.0000  -15.0000    7.500012544.4883   16.9999
    7.5000  -15.0000    7.500011966.6641   17.0021
   -7.5000   -7.5000    7.500013337.1602   16.8911
    0.0000   -7.5000    7.500013890.2461   16.9378
    7.5000   -7.5000    7.500013250.0146   16.9380
   -7.5000    0.0000    7.500014454.9707   16.8693
    0.0000    0.0000    7.500015020.8750   16.9150
    7.5000    0.0000    7.500014365.9424   16.9153
   -7.5000    7.5000    7.500014501.6025   16.8639
    0.0000    7.5000    7.500015031.7266   16.9080
    7.5000    7.5000    7.500014385.3799   16.9104
   -7.5000   15.0000    7.500014404.8428   16.8610
    0.0000   15.0000    7.500014946.5430   16.9044
    7.5000   15.0000    7.500014296.8604   16.9088
   -7.5000   22.5000    7.500014118.7334   16.8551
    0.0000   22.5000    7.500014628.0127   16.8987
    7.5000   22.5000    7.500014067.9004   16.9028
   -7.5000   30.0000    7.500013709.6846   16.6551
    0.0000   30.0000    7.500014216.5605   16.6998
    7.5000   30.0000    7.500013758.6055   16.7018
   -7.5000   37.5000    7.500013829.6953   16.6525
    0.0000   37.5000    7.500014330.0615   16.6987
    7.5000   37.5000    7.500013897.0830   16.6988
   -7.5000   45.0000    7.500013366.1797   16.2601
    0.0000   45.0000    7.500013859.3008   16.3041
    7.5000   45.0000    7.500013403.1338   16.3044
   -7.5000  -45.0000   15.0000 6610.1177   18.5722
    0.0000  -45.0000   15.0000 6862.1348   18.6310
    7.5000  -45.0000   15.0000 6587.4419   18.6356
   -7.5000  -37.5000   15.0000 7530.8657   17.8650
    0.0000  -37.5000   15.0000 7815.8501   17.9110
    7.5000  -37.5000   15.0000 7489.4609   17.9130
   -7.5000  -30.0000   15.0000 8815.8799   17.3945
    0.0000  -30.0000   15.0000 9183.7568   17.4329
    7.5000  -30.0000   15.0000 8779.2861   17.4325
   -7.5000  -22.5000   15.000010150.5137   17.0824
    0.0000  -22.5000   15.000010569.2598   17.1203
    7.5000  -22.5000   15.000010083.5713   17.1164
   -7.5000  -15.0000   15.000011460.9648   16.9589
    0.0000  -15.0000   15.000011926.4170   17.0035
    7.5000  -15.0000   15.000011373.9570   16.9989
   -7.5000   -7.5000   15.000012694.4072   16.8931
    0.0000   -7.5000   15.000013217.1807   16.9433
    7.5000   -7.5000   15.000012602.4902   16.9410
   -7.5000    0.0000   15.000013789.6865   16.8666
    0.0000    0.0000   15.000014313.8359   16.9158
    7.5000    0.0000   15.000013674.5117   16.9155
   -7.5000    7.5000   15.000013845.5615   16.8576
    0.0000    7.5000   15.000014363.8574   16.9008
    7.5000    7.5000   15.000013725.6338   16.9007
   -7.5000   15.0000   15.000013733.1621   16.8567
    0.0000   15.0000   15.000014224.9502   16.8948
    7.5000   15.0000   15.000013630.8945   16.8929
   -7.5000   22.5000   15.000013494.5449   16.8569
    0.0000   22.5000   15.000013949.5010   16.8954
    7.5000   22.5000   15.000013400.0664   16.8911
   -7.5000   30.0000   15.000013199.3398   16.6595
    0.0000   30.0000   15.000013646.4404   16.7037
    7.5000   30.0000   15.000013109.5166   16.6991
   -7.5000   37.5000   15.000013320.6221   16.6545
    0.0000   37.5000   15.000013771.9385   16.7042
    7.5000   37.5000   15.000013227.6992   16.7019
   -7.5000   45.0000   15.000012848.5195   16.2574
    0.0000   45.0000   15.000013298.7197   16.3049
    7.5000   45.0000   15.000012784.5352   16.3046
   -7.5000  -45.0000   22.5000 6165.1021   18.6378
    0.0000  -45.0000   22.5000 6406.0225   18.6935
    7.5000  -45.0000   22.5000 6147.5996   18.7024
   -7.5000  -37.5000   22.5000 7034.2695   17.9307
    0.0000  -37.5000   22.5000 7286.0996   17.9738
    7.5000  -37.5000   22.5000 6992.7012   17.9810
   -7.5000  -30.0000   22.5000 8243.0322   17.4593
    0.0000  -30.0000   22.5000 8553.4668   17.4962
    7.5000  -30.0000   22.5000 8204.2793   17.4994
   -7.5000  -22.5000   22.5000 9492.2705   17.1427
    0.0000  -22.5000   22.5000 9864.5273   17.1814
    7.5000  -22.5000   22.5000 9430.8721   17.1785
   -7.5000  -15.0000   22.500010741.8955   17.0167
    0.0000  -15.0000   22.500011182.6602   17.0634
    7.5000  -15.0000   22.500010679.7295   17.0587
   -7.5000   -7.5000   22.500011932.4580   16.9511
    0.0000   -7.5000   22.500012436.4648   17.0021
    7.5000   -7.5000   22.500011854.5303   17.0013
   -7.5000    0.0000   22.500013002.6416   16.9260
    0.0000    0.0000   22.500013531.7461   16.9739
    7.5000    0.0000   22.500012882.6357   16.9775
   -7.5000    7.5000   22.500013118.9160   16.9189
    0.0000    7.5000   22.500013651.2832   16.9601
    7.5000    7.5000   22.500012971.3340   16.9649
   -7.5000   15.0000   22.500013057.7295   16.9183
    0.0000   15.0000   22.500013551.6035   16.9551
    7.5000   15.0000   22.500012919.9863   16.9568
   -7.5000   22.5000   22.500012814.1475   16.9160
    0.0000   22.5000   22.500013269.6885   16.9553
    7.5000   22.5000   22.500012697.0439   16.9519
   -7.5000   30.0000   22.500012490.3623   16.7162
    0.0000   30.0000   22.500012930.1211   16.7626
    7.5000   30.0000   22.500012374.9141   16.7578
   -7.5000   37.5000   22.500012582.3799   16.7118
    0.0000   37.5000   22.500013013.3828   16.7623
    7.5000   37.5000   22.500012460.2529   16.7614
   -7.5000   45.0000   22.500012184.4014   16.3147
    0.0000   45.0000   22.500012601.5586   16.3608
    7.5000   45.0000   22.500012079.0459   16.3644
   -7.5000  -45.0000   30.0000 5680.7388   18.7612
    0.0000  -45.0000   30.0000 5910.4526   18.8123
    7.5000  -45.0000   30.0000 5672.6616   18.8271
   -7.5000  -37.5000   30.0000 6467.9492   18.0548
    0.0000  -37.5000   30.0000 6715.5898   18.0959
    7.5000  -37.5000   30.0000 6445.3838   18.1105
   -7.5000  -30.0000   30.0000 7586.1694   17.5814
    0.0000  -30.0000   30.0000 7872.4429   17.6220
    7.5000  -30.0000   30.0000 7562.3555   17.6340
   -7.5000  -22.5000   30.0000 8762.0068   17.2554
    0.0000  -22.5000   30.0000 9091.8418   17.2996
    7.5000  -22.5000   30.0000 8713.1006   17.3047
   -7.5000  -15.0000   30.0000 9939.5791   17.1246
    0.0000  -15.0000   30.000010334.6055   17.1738
    7.5000  -15.0000   30.0000 9876.4072   17.1745
   -7.5000   -7.5000   30.000011073.5459   17.0616
    0.0000   -7.5000   30.000011523.7354   17.1101
    7.5000   -7.5000   30.000010988.6484   17.1130
   -7.5000    0.0000   30.000012122.3691   17.0420
    0.0000    0.0000   30.000012618.3955   17.0854
    7.5000    0.0000   30.000012009.3418   17.0935
   -7.5000    7.5000   30.000012229.1348   17.0392
    0.0000    7.5000   30.000012757.0791   17.0796
    7.5000    7.5000   30.000012118.4775   17.0911
   -7.5000   15.0000   30.000012193.0977   17.0363
    0.0000   15.0000   30.000012689.4297   17.0770
    7.5000   15.0000   30.000012078.9600   17.0872
   -7.5000   22.5000   30.000011973.0127   17.0263
    0.0000   22.5000   30.000012430.4512   17.0709
    7.5000   22.5000   30.000011848.5078   17.0753
   -7.5000   30.0000   30.000011659.5850   16.8216
    0.0000   30.0000   30.000012090.8936   16.8705
    7.5000   30.0000   30.000011530.1943   16.8709
   -7.5000   37.5000   30.000011713.0527   16.8206
    0.0000   37.5000   30.000012149.4180   16.8686
    7.5000   37.5000   30.000011590.0059   16.8713
   -7.5000   45.0000   30.000011348.9170   16.4266
    0.0000   45.0000   30.000011760.2949   16.4684
    7.5000   45.0000   30.000011248.2070   16.4762
   -7.5000  -45.0000   37.5000 5352.0771   18.9653
    0.0000  -45.0000   37.5000 5598.6851   19.0153
    7.5000  -45.0000   37.5000 5363.8574   19.0334
   -7.5000  -37.5000   37.5000 6111.0391   18.2541
    0.0000  -37.5000   37.5000 6386.6006   18.2964
    7.5000  -37.5000   37.5000 6115.3940   18.3149
   -7.5000  -30.0000   37.5000 7185.2852   17.7747
    0.0000  -30.0000   37.5000 7491.4531   17.8216
    7.5000  -30.0000   37.5000 7185.3755   17.8407
   -7.5000  -22.5000   37.5000 8309.1562   17.4391
    0.0000  -22.5000   37.5000 8654.0557   17.4892
    7.5000  -22.5000   37.5000 8310.1084   17.5038
   -7.5000  -15.0000   37.5000 9440.4990   17.3037
    0.0000  -15.0000   37.5000 9838.8398   17.3542
    7.5000  -15.0000   37.5000 9427.7412   17.3628
   -7.5000   -7.5000   37.500010541.2939   17.2420
    0.0000   -7.5000   37.500010990.6650   17.2875
    7.5000   -7.5000   37.500010501.3311   17.2940
   -7.5000    0.0000   37.500011539.9238   17.2274
    0.0000    0.0000   37.500012036.4668   17.2675
    7.5000    0.0000   37.500011470.7148   17.2772
   -7.5000    7.5000   37.500011672.5215   17.2278
    0.0000    7.5000   37.500012170.2764   17.2695
    7.5000    7.5000   37.500011568.4443   17.2843
   -7.5000   15.0000   37.500011649.1748   17.2221
    0.0000   15.0000   37.500012142.4648   17.2688
    7.5000   15.0000   37.500011534.9717   17.2859
   -7.5000   22.5000   37.500011442.1035   17.2056
    0.0000   22.5000   37.500011931.1904   17.2560
    7.5000   22.5000   37.500011336.0312   17.2696
   -7.5000   30.0000   37.500011148.1074   16.9963
    0.0000   30.0000   37.500011600.3447   17.0464
    7.5000   30.0000   37.500011032.5000   17.0546
   -7.5000   37.5000   37.500011197.4980   16.9980
    0.0000   37.5000   37.500011637.9258   17.0430
    7.5000   37.5000   37.500011088.0967   17.0494
   -7.5000   45.0000   37.500010864.7354   16.6052
    0.0000   45.0000   37.500011275.9590   16.6438
    7.5000   45.0000   37.500010781.6562   16.6532
   -7.5000  -45.0000   45.0000 4801.0737   19.2399
    0.0000  -45.0000   45.0000 5032.1172   19.2924
    7.5000  -45.0000   45.0000 4822.3223   19.3060
   -7.5000  -37.5000   45.0000 5495.3931   18.5056
    0.0000  -37.5000   45.0000 5760.6548   18.5494
    7.5000  -37.5000   45.0000 5517.9126   18.5634
   -7.5000  -30.0000   45.0000 6479.6919   18.0141
    0.0000  -30.0000   45.0000 6782.6250   18.0611
    7.5000  -30.0000   45.0000 6506.3921   18.0792
   -7.5000  -22.5000   45.0000 7505.4824   17.6760
    0.0000  -22.5000   45.0000 7829.2046   17.7246
    7.5000  -22.5000   45.0000 7528.2974   17.7416
   -7.5000  -15.0000   45.0000 8526.3252   17.5417
    0.0000  -15.0000   45.0000 8901.0791   17.5896
    7.5000  -15.0000   45.0000 8543.9590   17.6007
   -7.5000   -7.5000   45.0000 9547.1787   17.4778
    0.0000   -7.5000   45.0000 9939.1914   17.5218
    7.5000   -7.5000   45.0000 9515.7578   17.5273
   -7.5000    0.0000   45.000010459.2607   17.4599
    0.0000    0.0000   45.000010899.6396   17.5002
    7.5000    0.0000   45.000010424.5059   17.5056
   -7.5000    7.5000   45.000010580.6914   17.4564
    0.0000    7.5000   45.000011042.8750   17.4988
    7.5000    7.5000   45.000010525.7412   17.5094
   -7.5000   15.0000   45.000010581.6709   17.4494
    0.0000   15.0000   45.000011024.8145   17.4961
    7.5000   15.0000   45.000010501.7920   17.5120
   -7.5000   22.5000   45.000010415.4688   17.4362
    0.0000   22.5000   45.000010847.4648   17.4850
    7.5000   22.5000   45.000010323.6924   17.5010
   -7.5000   30.0000   45.000010149.9561   17.2265
    0.0000   30.0000   45.000010551.2754   17.2740
    7.5000   30.0000   45.000010050.2627   17.2847
   -7.5000   37.5000   45.000010216.3447   17.2284
    0.0000   37.5000   45.000010615.0342   17.2720
    7.5000   37.5000   45.000010118.6348   17.2773
   -7.5000   45.0000   45.0000 9924.5547   16.8370
    0.0000   45.0000   45.000010297.3955   16.8758
    7.5000   45.0000   45.0000 9843.9092   16.8810

---------------------------------------------------------------------
imgreg_4dfp /opt/freesurfer/average/711-2C_as_mni_average_305 /opt/freesurfer/average/711-2B_as_mni_average_305_mask talsrcimg_g11 none talsrcimg_to_711-2C_as_mni_average_305_t4 4355
---------------------------------------------------------------------

freesurfer imgreg_4dfp.c
/opt/freesurfer/average/711-2C_as_mni_average_305.4dfp.img
       256       256       256         1
  1.000000  1.000000  1.000000
orientation T byte_order littleendian
Reading image: /opt/freesurfer/average/711-2C_as_mni_average_305.4dfp.img
dimensions:      256       256       256
mmppix:       1.0000   -1.0000   -1.0000
center:     128.0000 -129.0000 -129.0000
/opt/freesurfer/average/711-2B_as_mni_average_305_mask.4dfp.img
       256       256       256         1
  1.000000  1.000000  1.000000
orientation T byte_order littleendian
Reading mask: /opt/freesurfer/average/711-2B_as_mni_average_305_mask.4dfp.img (2306576 pixels)
talsrcimg_g11.4dfp.img
       256       256       256         1
  1.000000  1.000000  1.000000
orientation T byte_order littleendian
Reading image: talsrcimg_g11.4dfp.img
dimensions:      256       256       256
mmppix:       1.0000   -1.0000   -1.0000
center:     128.0000 -129.0000 -129.0000
rotation matrix determinant  1.000000
image alignment mode   4355 decimal     1103 hex
   -7.5000  -37.5000  -45.0000 1612.3010   24.8035
    0.0000  -37.5000  -45.0000 1627.3228   24.9508
    7.5000  -37.5000  -45.0000 1609.6138   25.4800
   -7.5000  -30.0000  -45.0000 1747.8010   21.4850
    0.0000  -30.0000  -45.0000 1754.0352   21.4424
    7.5000  -30.0000  -45.0000 1732.2043   21.8755
   -7.5000  -22.5000  -45.0000 1870.9131   18.7653
    0.0000  -22.5000  -45.0000 1876.7354   18.7122
    7.5000  -22.5000  -45.0000 1855.5544   19.0622
   -7.5000  -15.0000  -45.0000 1988.3114   16.6564
    0.0000  -15.0000  -45.0000 1998.9882   16.6201
    7.5000  -15.0000  -45.0000 1975.4209   16.9197
   -7.5000   -7.5000  -45.0000 2100.4622   15.0622
    0.0000   -7.5000  -45.0000 2112.6682   15.0279
    7.5000   -7.5000  -45.0000 2085.2544   15.3022
   -7.5000    0.0000  -45.0000 2192.8201   13.8726
    0.0000    0.0000  -45.0000 2203.3604   13.8332
    7.5000    0.0000  -45.0000 2177.4419   14.0735
   -7.5000    7.5000  -45.0000 2267.9529   12.9608
    0.0000    7.5000  -45.0000 2282.2122   12.9555
    7.5000    7.5000  -45.0000 2252.2241   13.1496
   -7.5000   15.0000  -45.0000 2306.3430   12.3669
    0.0000   15.0000  -45.0000 2318.6062   12.3351
    7.5000   15.0000  -45.0000 2288.7520   12.5282
   -7.5000   22.5000  -45.0000 2321.8115   12.0242
    0.0000   22.5000  -45.0000 2330.8511   12.0093
    7.5000   22.5000  -45.0000 2301.7334   12.2165
   -7.5000   30.0000  -45.0000 2320.3718   11.9625
    0.0000   30.0000  -45.0000 2332.0610   11.9266
    7.5000   30.0000  -45.0000 2302.9702   12.1488
   -7.5000   37.5000  -45.0000 2306.5496   12.1545
    0.0000   37.5000  -45.0000 2313.8743   12.1299
    7.5000   37.5000  -45.0000 2287.6106   12.3480
   -7.5000   45.0000  -45.0000 2271.9258   12.6527
    0.0000   45.0000  -45.0000 2282.9995   12.6097
    7.5000   45.0000  -45.0000 2251.7515   12.8627
   -7.5000   52.5000  -45.0000 2201.8220   13.3146
    0.0000   52.5000  -45.0000 2212.2158   13.2881
    7.5000   52.5000  -45.0000 2181.5413   13.5606
   -7.5000  -37.5000  -37.5000 1668.0568   23.2207
    0.0000  -37.5000  -37.5000 1678.0082   23.2017
    7.5000  -37.5000  -37.5000 1663.6755   23.6879
   -7.5000  -30.0000  -37.5000 1802.4890   19.9933
    0.0000  -30.0000  -37.5000 1805.6168   19.9200
    7.5000  -30.0000  -37.5000 1788.2456   20.3233
   -7.5000  -22.5000  -37.5000 1933.4932   17.4953
    0.0000  -22.5000  -37.5000 1941.9946   17.4699
    7.5000  -22.5000  -37.5000 1919.1453   17.7849
   -7.5000  -15.0000  -37.5000 2060.1516   15.5512
    0.0000  -15.0000  -37.5000 2072.7644   15.5383
    7.5000  -15.0000  -37.5000 2046.2495   15.8156
   -7.5000   -7.5000  -37.5000 2184.1902   14.0634
    0.0000   -7.5000  -37.5000 2195.7722   14.0702
    7.5000   -7.5000  -37.5000 2165.8003   14.2861
   -7.5000    0.0000  -37.5000 2279.5610   12.8979
    0.0000    0.0000  -37.5000 2291.5059   12.8942
    7.5000    0.0000  -37.5000 2265.4038   13.1025
   -7.5000    7.5000  -37.5000 2354.2708   12.0054
    0.0000    7.5000  -37.5000 2367.6536   11.9996
    7.5000    7.5000  -37.5000 2337.2871   12.1850
   -7.5000   15.0000  -37.5000 2400.2493   11.4469
    0.0000   15.0000  -37.5000 2413.7461   11.4335
    7.5000   15.0000  -37.5000 2378.1567   11.6025
   -7.5000   22.5000  -37.5000 2423.4648   11.1373
    0.0000   22.5000  -37.5000 2434.1748   11.1331
    7.5000   22.5000  -37.5000 2401.1909   11.3184
   -7.5000   30.0000  -37.5000 2429.8286   11.0871
    0.0000   30.0000  -37.5000 2440.8462   11.0738
    7.5000   30.0000  -37.5000 2409.5483   11.2476
   -7.5000   37.5000  -37.5000 2413.4187   11.2870
    0.0000   37.5000  -37.5000 2421.0837   11.2855
    7.5000   37.5000  -37.5000 2392.1125   11.4560
   -7.5000   45.0000  -37.5000 2376.2952   11.7359
    0.0000   45.0000  -37.5000 2387.0122   11.7055
    7.5000   45.0000  -37.5000 2354.9097   11.9083
   -7.5000   52.5000  -37.5000 2299.7090   12.3328
    0.0000   52.5000  -37.5000 2310.3137   12.3013
    7.5000   52.5000  -37.5000 2278.4419   12.5200
   -7.5000  -37.5000  -30.0000 1746.1261   22.6791
    0.0000  -37.5000  -30.0000 1750.5299   22.6426
    7.5000  -37.5000  -30.0000 1735.6318   23.1436
   -7.5000  -30.0000  -30.0000 1882.9575   19.4562
    0.0000  -30.0000  -30.0000 1889.5900   19.3875
    7.5000  -30.0000  -30.0000 1867.6245   19.7632
   -7.5000  -22.5000  -30.0000 2023.7065   17.0159
    0.0000  -22.5000  -30.0000 2034.8131   16.9875
    7.5000  -22.5000  -30.0000 2011.0796   17.2917
   -7.5000  -15.0000  -30.0000 2162.6079   15.1328
    0.0000  -15.0000  -30.0000 2177.0400   15.0900
    7.5000  -15.0000  -30.0000 2152.1118   15.3664
   -7.5000   -7.5000  -30.0000 2295.8713   13.6594
    0.0000   -7.5000  -30.0000 2305.6721   13.6389
    7.5000   -7.5000  -30.0000 2277.7988   13.8646
   -7.5000    0.0000  -30.0000 2395.5391   12.4858
    0.0000    0.0000  -30.0000 2406.2896   12.4787
    7.5000    0.0000  -30.0000 2379.9871   12.6817
   -7.5000    7.5000  -30.0000 2480.5056   11.5911
    0.0000    7.5000  -30.0000 2491.6799   11.5929
    7.5000    7.5000  -30.0000 2460.4709   11.7574
   -7.5000   15.0000  -30.0000 2538.4331   11.0136
    0.0000   15.0000  -30.0000 2548.3225   11.0151
    7.5000   15.0000  -30.0000 2515.5405   11.1621
   -7.5000   22.5000  -30.0000 2572.2124   10.7084
    0.0000   22.5000  -30.0000 2580.2798   10.7177
    7.5000   22.5000  -30.0000 2542.4260   10.8675
   -7.5000   30.0000  -30.0000 2589.3125   10.6712
    0.0000   30.0000  -30.0000 2598.0139   10.6673
    7.5000   30.0000  -30.0000 2558.5154   10.8105
   -7.5000   37.5000  -30.0000 2569.8982   10.8836
    0.0000   37.5000  -30.0000 2582.8225   10.8996
    7.5000   37.5000  -30.0000 2546.4243   11.0481
   -7.5000   45.0000  -30.0000 2528.6243   11.3267
    0.0000   45.0000  -30.0000 2542.6814   11.3175
    7.5000   45.0000  -30.0000 2504.8979   11.4663
   -7.5000   52.5000  -30.0000 2441.2312   11.9001
    0.0000   52.5000  -30.0000 2455.7292   11.8883
    7.5000   52.5000  -30.0000 2417.5466   12.0655
   -7.5000  -37.5000  -22.5000 1796.7150   22.1463
    0.0000  -37.5000  -22.5000 1799.4659   22.1212
    7.5000  -37.5000  -22.5000 1783.0813   22.6107
   -7.5000  -30.0000  -22.5000 1937.4895   18.9384
    0.0000  -30.0000  -22.5000 1943.3693   18.8466
    7.5000  -30.0000  -22.5000 1920.8409   19.2316
   -7.5000  -22.5000  -22.5000 2086.7454   16.5307
    0.0000  -22.5000  -22.5000 2096.9463   16.4427
    7.5000  -22.5000  -22.5000 2071.9741   16.7732
   -7.5000  -15.0000  -22.5000 2233.9436   14.6635
    0.0000  -15.0000  -22.5000 2244.2104   14.5943
    7.5000  -15.0000  -22.5000 2217.8596   14.8610
   -7.5000   -7.5000  -22.5000 2368.7905   13.1769
    0.0000   -7.5000  -22.5000 2376.4126   13.1440
    7.5000   -7.5000  -22.5000 2350.2715   13.3815
   -7.5000    0.0000  -22.5000 2476.1140   12.0356
    0.0000    0.0000  -22.5000 2488.8918   12.0154
    7.5000    0.0000  -22.5000 2459.9758   12.2211
   -7.5000    7.5000  -22.5000 2574.1494   11.1685
    0.0000    7.5000  -22.5000 2582.5264   11.1708
    7.5000    7.5000  -22.5000 2549.5039   11.3398
   -7.5000   15.0000  -22.5000 2647.3027   10.5725
    0.0000   15.0000  -22.5000 2652.0503   10.5634
    7.5000   15.0000  -22.5000 2616.9392   10.7241
   -7.5000   22.5000  -22.5000 2692.3892   10.2554
    0.0000   22.5000  -22.5000 2696.3611   10.2408
    7.5000   22.5000  -22.5000 2657.1118   10.3983
   -7.5000   30.0000  -22.5000 2712.0117   10.1968
    0.0000   30.0000  -22.5000 2724.5159   10.1961
    7.5000   30.0000  -22.5000 2680.2512   10.3539
   -7.5000   37.5000  -22.5000 2697.8176   10.4465
    0.0000   37.5000  -22.5000 2716.2646   10.4465
    7.5000   37.5000  -22.5000 2667.8459   10.5696
   -7.5000   45.0000  -22.5000 2652.9878   10.8809
    0.0000   45.0000  -22.5000 2672.7659   10.8951
    7.5000   45.0000  -22.5000 2627.7761   11.0101
   -7.5000   52.5000  -22.5000 2556.5840   11.4306
    0.0000   52.5000  -22.5000 2572.6777   11.4479
    7.5000   52.5000  -22.5000 2530.3416   11.5927
   -7.5000  -37.5000  -15.0000 1822.2924   21.7270
    0.0000  -37.5000  -15.0000 1826.9879   21.6322
    7.5000  -37.5000  -15.0000 1805.7671   22.0710
   -7.5000  -30.0000  -15.0000 1967.0577   18.5215
    0.0000  -30.0000  -15.0000 1975.1757   18.3983
    7.5000  -30.0000  -15.0000 1951.4540   18.7903
   -7.5000  -22.5000  -15.0000 2120.0642   16.0828
    0.0000  -22.5000  -15.0000 2129.5938   16.0041
    7.5000  -22.5000  -15.0000 2106.9468   16.3143
   -7.5000  -15.0000  -15.0000 2270.8447   14.2188
    0.0000  -15.0000  -15.0000 2280.4709   14.1543
    7.5000  -15.0000  -15.0000 2253.9236   14.4110
   -7.5000   -7.5000  -15.0000 2408.2200   12.7657
    0.0000   -7.5000  -15.0000 2415.2793   12.7206
    7.5000   -7.5000  -15.0000 2388.8386   12.9662
   -7.5000    0.0000  -15.0000 2524.7681   11.6523
    0.0000    0.0000  -15.0000 2536.2791   11.6186
    7.5000    0.0000  -15.0000 2504.1240   11.8472
   -7.5000    7.5000  -15.0000 2635.5488   10.8056
    0.0000    7.5000  -15.0000 2644.0073   10.7854
    7.5000    7.5000  -15.0000 2607.1624   10.9800
   -7.5000   15.0000  -15.0000 2724.2476   10.2150
    0.0000   15.0000  -15.0000 2729.4863   10.1959
    7.5000   15.0000  -15.0000 2689.1506   10.3733
   -7.5000   22.5000  -15.0000 2780.8489    9.8755
    0.0000   22.5000  -15.0000 2790.9385    9.8502
    7.5000   22.5000  -15.0000 2744.0952   10.0255
   -7.5000   30.0000  -15.0000 2807.8501    9.8098
    0.0000   30.0000  -15.0000 2822.7009    9.7890
    7.5000   30.0000  -15.0000 2771.2974    9.9546
   -7.5000   37.5000  -15.0000 2794.2903   10.0382
    0.0000   37.5000  -15.0000 2819.4941   10.0181
    7.5000   37.5000  -15.0000 2762.5811   10.1592
   -7.5000   45.0000  -15.0000 2741.2949   10.4732
    0.0000   45.0000  -15.0000 2764.8867   10.4740
    7.5000   45.0000  -15.0000 2715.8423   10.5939
   -7.5000   52.5000  -15.0000 2637.2849   10.9845
    0.0000   52.5000  -15.0000 2650.5657   11.0025
    7.5000   52.5000  -15.0000 2609.7637   11.1537
   -7.5000  -37.5000   -7.5000 1833.4944   21.4215
    0.0000  -37.5000   -7.5000 1837.3964   21.2442
    7.5000  -37.5000   -7.5000 1814.8649   21.6916
   -7.5000  -30.0000   -7.5000 1985.0111   18.2135
    0.0000  -30.0000   -7.5000 1993.8617   18.0741
    7.5000  -30.0000   -7.5000 1972.7233   18.4578
   -7.5000  -22.5000   -7.5000 2137.1128   15.7736
    0.0000  -22.5000   -7.5000 2145.3608   15.6777
    7.5000  -22.5000   -7.5000 2126.2058   15.9655
   -7.5000  -15.0000   -7.5000 2284.3545   13.8633
    0.0000  -15.0000   -7.5000 2293.0813   13.7949
    7.5000  -15.0000   -7.5000 2267.9685   14.0592
   -7.5000   -7.5000   -7.5000 2420.9917   12.4124
    0.0000   -7.5000   -7.5000 2430.9133   12.3524
    7.5000   -7.5000   -7.5000 2403.5212   12.6082
   -7.5000    0.0000   -7.5000 2547.5479   11.3279
    0.0000    0.0000   -7.5000 2558.3250   11.2693
    7.5000    0.0000   -7.5000 2525.8560   11.5119
   -7.5000    7.5000   -7.5000 2669.2939   10.4912
    0.0000    7.5000   -7.5000 2677.7688   10.4383
    7.5000    7.5000   -7.5000 2637.6631   10.6690
   -7.5000   15.0000   -7.5000 2775.5610    9.9233
    0.0000   15.0000   -7.5000 2784.4172    9.8745
    7.5000   15.0000   -7.5000 2736.6245   10.0865
   -7.5000   22.5000   -7.5000 2850.2266    9.5697
    0.0000   22.5000   -7.5000 2866.9866    9.5341
    7.5000   22.5000   -7.5000 2811.2261    9.7295
   -7.5000   30.0000   -7.5000 2886.6306    9.4799
    0.0000   30.0000   -7.5000 2909.5571    9.4448
    7.5000   30.0000   -7.5000 2849.1560    9.6408
   -7.5000   37.5000   -7.5000 2871.5630    9.7074
    0.0000   37.5000   -7.5000 2898.5334    9.6639
    7.5000   37.5000   -7.5000 2841.6685    9.8308
   -7.5000   45.0000   -7.5000 2804.8584   10.1161
    0.0000   45.0000   -7.5000 2828.4265   10.0866
    7.5000   45.0000   -7.5000 2778.5713   10.2323
   -7.5000   52.5000   -7.5000 2684.3406   10.6021
    0.0000   52.5000   -7.5000 2701.2815   10.5940
    7.5000   52.5000   -7.5000 2656.9211   10.7659
   -7.5000  -37.5000    0.0000 1832.6471   21.3774
    0.0000  -37.5000    0.0000 1836.3655   21.1653
    7.5000  -37.5000    0.0000 1818.6981   21.6310
   -7.5000  -30.0000    0.0000 1989.9363   18.1560
    0.0000  -30.0000    0.0000 1999.9199   18.0138
    7.5000  -30.0000    0.0000 1978.9458   18.3574
   -7.5000  -22.5000    0.0000 2137.4402   15.6944
    0.0000  -22.5000    0.0000 2150.4734   15.5536
    7.5000  -22.5000    0.0000 2127.4021   15.8505
   -7.5000  -15.0000    0.0000 2278.2234   13.7395
    0.0000  -15.0000    0.0000 2294.8667   13.6230
    7.5000  -15.0000    0.0000 2267.5742   13.9162
   -7.5000   -7.5000    0.0000 2417.8157   12.2637
    0.0000   -7.5000    0.0000 2431.0525   12.1653
    7.5000   -7.5000    0.0000 2403.6541   12.4357
   -7.5000    0.0000    0.0000 2548.6079   11.1578
    0.0000    0.0000    0.0000 2563.0601   11.0708
    7.5000    0.0000    0.0000 2527.5344   11.3258
   -7.5000    7.5000    0.0000 2680.4790   10.3167
    0.0000    7.5000    0.0000 2691.9600   10.2473
    7.5000    7.5000    0.0000 2649.5044   10.4871
   -7.5000   15.0000    0.0000 2795.0703    9.7465
    0.0000   15.0000    0.0000 2812.6892    9.6759
    7.5000   15.0000    0.0000 2760.4724    9.9114
   -7.5000   22.5000    0.0000 2889.9216    9.3894
    0.0000   22.5000    0.0000 2917.7466    9.3403
    7.5000   22.5000    0.0000 2852.8391    9.5607
   -7.5000   30.0000    0.0000 2940.2024    9.2456
    0.0000   30.0000    0.0000 2974.6267    9.1868
    7.5000   30.0000    0.0000 2902.1858    9.4447
   -7.5000   37.5000    0.0000 2922.9683    9.4316
    0.0000   37.5000    0.0000 2955.4585    9.3579
    7.5000   37.5000    0.0000 2892.0601    9.5995
   -7.5000   45.0000    0.0000 2841.1558    9.8605
    0.0000   45.0000    0.0000 2864.9136    9.8091
    7.5000   45.0000    0.0000 2809.2781   10.0163
   -7.5000   52.5000    0.0000 2705.1392   10.3488
    0.0000   52.5000    0.0000 2721.2842   10.3191
    7.5000   52.5000    0.0000 2678.2898   10.5133
   -7.5000  -37.5000    7.5000 1816.7311   21.6073
    0.0000  -37.5000    7.5000 1824.0446   21.3781
    7.5000  -37.5000    7.5000 1806.5107   21.8175
   -7.5000  -30.0000    7.5000 1981.5516   18.3699
    0.0000  -30.0000    7.5000 1995.4019   18.1412
    7.5000  -30.0000    7.5000 1974.9519   18.4972
   -7.5000  -22.5000    7.5000 2129.4309   15.8184
    0.0000  -22.5000    7.5000 2148.8110   15.6580
    7.5000  -22.5000    7.5000 2126.2122   15.9267
   -7.5000  -15.0000    7.5000 2267.9478   13.8420
    0.0000  -15.0000    7.5000 2288.4849   13.7176
    7.5000  -15.0000    7.5000 2260.9563   13.9741
   -7.5000   -7.5000    7.5000 2401.8176   12.3300
    0.0000   -7.5000    7.5000 2423.8679   12.2447
    7.5000   -7.5000    7.5000 2391.2610   12.4813
   -7.5000    0.0000    7.5000 2530.1428   11.1725
    0.0000    0.0000    7.5000 2549.2151   11.0948
    7.5000    0.0000    7.5000 2511.8750   11.3523
   -7.5000    7.5000    7.5000 2665.2002   10.3185
    0.0000    7.5000    7.5000 2681.8137   10.2335
    7.5000    7.5000    7.5000 2632.9658   10.4877
   -7.5000   15.0000    7.5000 2783.2334    9.7349
    0.0000   15.0000    7.5000 2805.0574    9.6370
    7.5000   15.0000    7.5000 2754.5823    9.8953
   -7.5000   22.5000    7.5000 2883.1833    9.3852
    0.0000   22.5000    7.5000 2917.0967    9.3001
    7.5000   22.5000    7.5000 2852.7092    9.5442
   -7.5000   30.0000    7.5000 2940.5969    9.2674
    0.0000   30.0000    7.5000 2976.8621    9.1792
    7.5000   30.0000    7.5000 2908.3906    9.4544
   -7.5000   37.5000    7.5000 2931.9258    9.3938
    0.0000   37.5000    7.5000 2962.4609    9.3259
    7.5000   37.5000    7.5000 2899.6282    9.5888
   -7.5000   45.0000    7.5000 2844.8953    9.7623
    0.0000   45.0000    7.5000 2872.4360    9.7076
    7.5000   45.0000    7.5000 2814.7170    9.9411
   -7.5000   52.5000    7.5000 2702.9673   10.2754
    0.0000   52.5000    7.5000 2719.4219   10.2159
    7.5000   52.5000    7.5000 2679.6072   10.4325
   -7.5000  -37.5000   15.0000 1788.5723   22.1963
    0.0000  -37.5000   15.0000 1792.6206   21.8657
    7.5000  -37.5000   15.0000 1780.7158   22.2937
   -7.5000  -30.0000   15.0000 1953.1918   18.8164
    0.0000  -30.0000   15.0000 1969.5481   18.5969
    7.5000  -30.0000   15.0000 1949.4547   18.9072
   -7.5000  -22.5000   15.0000 2108.6287   16.1850
    0.0000  -22.5000   15.0000 2127.5232   16.0022
    7.5000  -22.5000   15.0000 2102.6318   16.2609
   -7.5000  -15.0000   15.0000 2248.9048   14.1503
    0.0000  -15.0000   15.0000 2270.7654   14.0011
    7.5000  -15.0000   15.0000 2243.3174   14.2335
   -7.5000   -7.5000   15.0000 2381.0767   12.5857
    0.0000   -7.5000   15.0000 2403.2373   12.4981
    7.5000   -7.5000   15.0000 2372.7021   12.7298
   -7.5000    0.0000   15.0000 2502.9419   11.3974
    0.0000    0.0000   15.0000 2519.9856   11.3185
    7.5000    0.0000   15.0000 2486.1475   11.5730
   -7.5000    7.5000   15.0000 2629.6809   10.5354
    0.0000    7.5000   15.0000 2649.1155   10.4540
    7.5000    7.5000   15.0000 2605.6406   10.7024
   -7.5000   15.0000   15.0000 2745.4177    9.9473
    0.0000   15.0000   15.0000 2764.0842    9.8649
    7.5000   15.0000   15.0000 2721.2034   10.0920
   -7.5000   22.5000   15.0000 2837.3669    9.5784
    0.0000   22.5000   15.0000 2865.9272    9.4856
    7.5000   22.5000   15.0000 2809.8760    9.7390
   -7.5000   30.0000   15.0000 2887.9116    9.4770
    0.0000   30.0000   15.0000 2913.4189    9.3982
    7.5000   30.0000   15.0000 2859.8030    9.6476
   -7.5000   37.5000   15.0000 2878.9790    9.5841
    0.0000   37.5000   15.0000 2902.3054    9.5358
    7.5000   37.5000   15.0000 2855.2761    9.7510
   -7.5000   45.0000   15.0000 2804.4924    9.9281
    0.0000   45.0000   15.0000 2826.0918    9.8748
    7.5000   45.0000   15.0000 2780.5757   10.0971
   -7.5000   52.5000   15.0000 2677.0752   10.4001
    0.0000   52.5000   15.0000 2691.6121   10.3593
    7.5000   52.5000   15.0000 2652.2944   10.5857
   -7.5000  -37.5000   22.5000 1741.6417   23.1311
    0.0000  -37.5000   22.5000 1748.0287   22.7775
    7.5000  -37.5000   22.5000 1736.2258   23.2071
   -7.5000  -30.0000   22.5000 1909.5804   19.5479
    0.0000  -30.0000   22.5000 1924.2356   19.2379
    7.5000  -30.0000   22.5000 1904.7762   19.5779
   -7.5000  -22.5000   22.5000 2071.1353   16.7650
    0.0000  -22.5000   22.5000 2088.1206   16.5288
    7.5000  -22.5000   22.5000 2064.6807   16.8029
   -7.5000  -15.0000   22.5000 2216.0408   14.6653
    0.0000  -15.0000   22.5000 2235.7598   14.5049
    7.5000  -15.0000   22.5000 2212.7698   14.7355
   -7.5000   -7.5000   22.5000 2349.5210   13.0616
    0.0000   -7.5000   22.5000 2372.0183   12.9695
    7.5000   -7.5000   22.5000 2343.6199   13.1830
   -7.5000    0.0000   22.5000 2467.7739   11.8792
    0.0000    0.0000   22.5000 2486.9097   11.7933
    7.5000    0.0000   22.5000 2451.5383   11.9980
   -7.5000    7.5000   22.5000 2584.2659   11.0252
    0.0000    7.5000   22.5000 2606.1440   10.9339
    7.5000    7.5000   22.5000 2563.2444   11.1307
   -7.5000   15.0000   22.5000 2687.8811   10.4150
    0.0000   15.0000   22.5000 2710.1436   10.3274
    7.5000   15.0000   22.5000 2671.3040   10.5062
   -7.5000   22.5000   22.5000 2767.3972   10.0036
    0.0000   22.5000   22.5000 2791.2556    9.9036
    7.5000   22.5000   22.5000 2748.2485   10.1410
   -7.5000   30.0000   22.5000 2807.1550    9.8671
    0.0000   30.0000   22.5000 2825.1697    9.7965
    7.5000   30.0000   22.5000 2783.3665   10.0067
   -7.5000   37.5000   22.5000 2797.1675    9.9373
    0.0000   37.5000   22.5000 2814.9165    9.8946
    7.5000   37.5000   22.5000 2776.5488   10.0864
   -7.5000   45.0000   22.5000 2731.5706   10.2992
    0.0000   45.0000   22.5000 2749.4106   10.2401
    7.5000   45.0000   22.5000 2713.4021   10.4491
   -7.5000   52.5000   22.5000 2614.5151   10.7851
    0.0000   52.5000   22.5000 2633.2861   10.7256
    7.5000   52.5000   22.5000 2595.9402   10.9324
   -7.5000  -37.5000   30.0000 1688.7990   24.4215
    0.0000  -37.5000   30.0000 1693.4138   24.0162
    7.5000  -37.5000   30.0000 1682.4720   24.4217
   -7.5000  -30.0000   30.0000 1855.8915   20.5464
    0.0000  -30.0000   30.0000 1865.3962   20.1809
    7.5000  -30.0000   30.0000 1851.7068   20.5323
   -7.5000  -22.5000   30.0000 2018.0659   17.6453
    0.0000  -22.5000   30.0000 2031.0393   17.3638
    7.5000  -22.5000   30.0000 2014.4463   17.6235
   -7.5000  -15.0000   30.0000 2166.9429   15.4452
    0.0000  -15.0000   30.0000 2183.4290   15.2386
    7.5000  -15.0000   30.0000 2163.1692   15.4626
   -7.5000   -7.5000   30.0000 2300.1978   13.8090
    0.0000   -7.5000   30.0000 2320.2043   13.6864
    7.5000   -7.5000   30.0000 2294.5356   13.8905
   -7.5000    0.0000   30.0000 2415.4136   12.6128
    0.0000    0.0000   30.0000 2435.0889   12.5216
    7.5000    0.0000   30.0000 2400.7163   12.6957
   -7.5000    7.5000   30.0000 2521.7490   11.6992
    0.0000    7.5000   30.0000 2548.2097   11.6258
    7.5000    7.5000   30.0000 2507.6462   11.8019
   -7.5000   15.0000   30.0000 2616.9187   11.0521
    0.0000   15.0000   30.0000 2644.9280   10.9618
    7.5000   15.0000   30.0000 2605.5593   11.1415
   -7.5000   22.5000   30.0000 2683.7791   10.6199
    0.0000   22.5000   30.0000 2705.1980   10.5332
    7.5000   22.5000   30.0000 2665.1812   10.7356
   -7.5000   30.0000   30.0000 2707.9338   10.4522
    0.0000   30.0000   30.0000 2726.5576   10.3868
    7.5000   30.0000   30.0000 2691.5151   10.5678
   -7.5000   37.5000   30.0000 2695.7168   10.4937
    0.0000   37.5000   30.0000 2713.8293   10.4464
    7.5000   37.5000   30.0000 2679.9602   10.6220
   -7.5000   45.0000   30.0000 2642.1213   10.8291
    0.0000   45.0000   30.0000 2656.6809   10.7679
    7.5000   45.0000   30.0000 2626.9490   10.9557
   -7.5000   52.5000   30.0000 2538.7720   11.2920
    0.0000   52.5000   30.0000 2552.3279   11.2287
    7.5000   52.5000   30.0000 2520.0828   11.4113
   -7.5000  -37.5000   37.5000 1627.6688   26.1519
    0.0000  -37.5000   37.5000 1638.0813   25.7719
    7.5000  -37.5000   37.5000 1624.9746   26.1465
   -7.5000  -30.0000   37.5000 1796.1588   21.9388
    0.0000  -30.0000   37.5000 1806.9874   21.6406
    7.5000  -30.0000   37.5000 1790.5813   21.9457
   -7.5000  -22.5000   37.5000 1960.0142   18.8062
    0.0000  -22.5000   37.5000 1970.8558   18.5411
    7.5000  -22.5000   37.5000 1955.1793   18.8064
   -7.5000  -15.0000   37.5000 2105.8059   16.4998
    0.0000  -15.0000   37.5000 2122.7698   16.3066
    7.5000  -15.0000   37.5000 2104.2681   16.5210
   -7.5000   -7.5000   37.5000 2237.3647   14.8113
    0.0000   -7.5000   37.5000 2257.7258   14.6625
    7.5000   -7.5000   37.5000 2234.1309   14.8577
   -7.5000    0.0000   37.5000 2348.0112   13.5360
    0.0000    0.0000   37.5000 2368.5793   13.4376
    7.5000    0.0000   37.5000 2336.1428   13.6074
   -7.5000    7.5000   37.5000 2448.3599   12.5878
    0.0000    7.5000   37.5000 2470.0989   12.5031
    7.5000    7.5000   37.5000 2434.5217   12.6451
   -7.5000   15.0000   37.5000 2534.4023   11.9054
    0.0000   15.0000   37.5000 2558.4644   11.8073
    7.5000   15.0000   37.5000 2519.1013   11.9718
   -7.5000   22.5000   37.5000 2589.6892   11.4263
    0.0000   22.5000   37.5000 2611.5864   11.3665
    7.5000   22.5000   37.5000 2575.2515   11.5245
   -7.5000   30.0000   37.5000 2607.5459   11.2111
    0.0000   30.0000   37.5000 2627.7285   11.1664
    7.5000   30.0000   37.5000 2595.3118   11.3203
   -7.5000   37.5000   37.5000 2591.0330   11.2302
    0.0000   37.5000   37.5000 2607.6660   11.1911
    7.5000   37.5000   37.5000 2580.2905   11.3595
   -7.5000   45.0000   37.5000 2543.4180   11.5497
    0.0000   45.0000   37.5000 2554.0251   11.4787
    7.5000   45.0000   37.5000 2536.4756   11.6526
   -7.5000   52.5000   37.5000 2457.5652   11.9642
    0.0000   52.5000   37.5000 2469.1279   11.9066
    7.5000   52.5000   37.5000 2445.4177   12.0741
   -7.5000  -37.5000   45.0000 1562.4368   28.4415
    0.0000  -37.5000   45.0000 1572.7358   28.1149
    7.5000  -37.5000   45.0000 1558.2378   28.5352
   -7.5000  -30.0000   45.0000 1729.9561   23.7749
    0.0000  -30.0000   45.0000 1740.1553   23.5078
    7.5000  -30.0000   45.0000 1721.0621   23.8683
   -7.5000  -22.5000   45.0000 1892.0654   20.3437
    0.0000  -22.5000   45.0000 1900.7885   20.1087
    7.5000  -22.5000   45.0000 1885.2056   20.3946
   -7.5000  -15.0000   45.0000 2033.6030   17.8802
    0.0000  -15.0000   45.0000 2046.7513   17.6823
    7.5000  -15.0000   45.0000 2029.4229   17.9078
   -7.5000   -7.5000   45.0000 2162.1462   16.0576
    0.0000   -7.5000   45.0000 2176.4624   15.9013
    7.5000   -7.5000   45.0000 2157.2778   16.0790
   -7.5000    0.0000   45.0000 2268.2759   14.6765
    0.0000    0.0000   45.0000 2284.3149   14.5759
    7.5000    0.0000   45.0000 2259.0659   14.7300
   -7.5000    7.5000   45.0000 2363.4861   13.6702
    0.0000    7.5000   45.0000 2381.6226   13.5760
    7.5000    7.5000   45.0000 2353.0559   13.7272
   -7.5000   15.0000   45.0000 2442.3982   12.9399
    0.0000   15.0000   45.0000 2458.4077   12.8554
    7.5000   15.0000   45.0000 2427.6721   12.9960
   -7.5000   22.5000   45.0000 2488.8179   12.4400
    0.0000   22.5000   45.0000 2503.8613   12.3687
    7.5000   22.5000   45.0000 2473.9827   12.4993
   -7.5000   30.0000   45.0000 2498.6365   12.1814
    0.0000   30.0000   45.0000 2514.9688   12.1029
    7.5000   30.0000   45.0000 2488.4202   12.2580
   -7.5000   37.5000   45.0000 2485.7156   12.1843
    0.0000   37.5000   45.0000 2498.0054   12.1203
    7.5000   37.5000   45.0000 2474.9114   12.2872
   -7.5000   45.0000   45.0000 2442.3262   12.4551
    0.0000   45.0000   45.0000 2452.0381   12.4003
    7.5000   45.0000   45.0000 2438.7075   12.5562
   -7.5000   52.5000   45.0000 2364.8638   12.8404
    0.0000   52.5000   45.0000 2375.9443   12.7893
    7.5000   52.5000   45.0000 2358.5933   12.9520

---------------------------------------------------------------------
imgreg_4dfp /opt/freesurfer/average/711-2C_as_mni_average_305 /opt/freesurfer/average/711-2B_as_mni_average_305_mask talsrcimg_g11 none talsrcimg_to_711-2C_as_mni_average_305_t4 1283
---------------------------------------------------------------------

freesurfer imgreg_4dfp.c
/opt/freesurfer/average/711-2C_as_mni_average_305.4dfp.img
       256       256       256         1
  1.000000  1.000000  1.000000
orientation T byte_order littleendian
Reading image: /opt/freesurfer/average/711-2C_as_mni_average_305.4dfp.img
dimensions:      256       256       256
mmppix:       1.0000   -1.0000   -1.0000
center:     128.0000 -129.0000 -129.0000
/opt/freesurfer/average/711-2B_as_mni_average_305_mask.4dfp.img
       256       256       256         1
  1.000000  1.000000  1.000000
orientation T byte_order littleendian
Reading mask: /opt/freesurfer/average/711-2B_as_mni_average_305_mask.4dfp.img (2306576 pixels)
talsrcimg_g11.4dfp.img
       256       256       256         1
  1.000000  1.000000  1.000000
orientation T byte_order littleendian
Reading image: talsrcimg_g11.4dfp.img
dimensions:      256       256       256
mmppix:       1.0000   -1.0000   -1.0000
center:     128.0000 -129.0000 -129.0000
rotation matrix determinant  1.000000
fimgreg.f
image alignment mode   1283 decimal      503 hex
parameters
    0.0000   30.0000    7.5000    0.0000    0.0000    0.0000
eta,q 0.93506  9.13635
niter,ni,del,rscale     5    3   12.0000    1.2000
parameter  3  0.681148 ->  0.500000 qaram    1.1500
parameter  4  0.505812 ->  0.500000 qaram    1.1500
parameter  6 -0.529153 -> -0.500000 qaram    1.1500
parameters
   -1.1261   31.8045    4.0500   -3.4500   -0.8719    3.4500
eta,q 0.94250  9.07923
  0.0710  0.0812  0.0625  0.0603  0.0628  0.0654
  0.0678  0.0736  0.0602  0.0591  0.0601  0.0630
  0.0657  0.0680  0.0607  0.0590  0.0590  0.0607
  0.0651  0.0650  0.0638  0.0602  0.0591  0.0589
  0.0670  0.0639  0.0684  0.0623  0.0602  0.0577
  0.0720  0.0653  0.0728  0.0655  0.0626  0.0576
  0.0799  0.0690  0.0775  0.0691  0.0654  0.0590
niter,ni,del,rscale     7    3   12.0000    1.2000
parameters
   -0.7200   32.9928    3.3759   -4.2099   -0.5038    2.8118
eta,q 0.94316  9.08370
  0.0694  0.0710  0.0661  0.0620  0.0630  0.0623
  0.0646  0.0653  0.0621  0.0610  0.0600  0.0595
  0.0605  0.0606  0.0581  0.0583  0.0580  0.0576
  0.0575  0.0573  0.0567  0.0567  0.0568  0.0567
  0.0580  0.0570  0.0592  0.0582  0.0569  0.0581
  0.0619  0.0594  0.0649  0.0618  0.0587  0.0612
  0.0675  0.0639  0.0708  0.0663  0.0620  0.0648
niter,ni,del,rscale     6    3   12.0000    1.2000
parameters
   -0.7801   33.3580    3.0104   -4.9753   -0.4127    2.5899
eta,q 0.94287  9.09469
  0.0677  0.0674  0.0667  0.0615  0.0631  0.0629
  0.0633  0.0629  0.0625  0.0610  0.0602  0.0601
  0.0591  0.0590  0.0585  0.0589  0.0582  0.0582
  0.0568  0.0569  0.0567  0.0568  0.0571  0.0571
  0.0582  0.0574  0.0585  0.0578  0.0574  0.0577
  0.0626  0.0605  0.0635  0.0614  0.0596  0.0606
  0.0691  0.0659  0.0698  0.0660  0.0632  0.0640
niter,ni,del,rscale     5    3   12.0000    1.2000
parameters
   -0.8314   33.7686    2.7248   -5.7215   -0.3075    2.4202
eta,q 0.94255  9.10789
  0.0683  0.0667  0.0670  0.0611  0.0638  0.0631
  0.0637  0.0626  0.0626  0.0609  0.0610  0.0603
  0.0593  0.0594  0.0586  0.0593  0.0586  0.0584
  0.0571  0.0571  0.0570  0.0569  0.0574  0.0574
  0.0587  0.0572  0.0587  0.0576  0.0580  0.0580
  0.0631  0.0600  0.0632  0.0609  0.0602  0.0607
  0.0695  0.0654  0.0695  0.0656  0.0639  0.0639
niter,ni,del,rscale     4    3   12.0000    1.2000
parameters
   -0.8952   34.1849    2.4406   -6.4253   -0.1805    2.2749
eta,q 0.94217  9.12250
  0.0688  0.0660  0.0672  0.0610  0.0646  0.0632
  0.0641  0.0625  0.0625  0.0607  0.0616  0.0606
  0.0597  0.0598  0.0587  0.0597  0.0589  0.0587
  0.0575  0.0575  0.0572  0.0572  0.0578  0.0578
  0.0592  0.0570  0.0590  0.0575  0.0586  0.0584
  0.0636  0.0597  0.0632  0.0606  0.0608  0.0608
  0.0700  0.0652  0.0694  0.0653  0.0644  0.0639
niter,ni,del,rscale     3    3   12.0000    1.2000
parameters
   -0.9617   34.5694    2.2108   -6.9720   -0.0865    2.1699
eta,q 0.94198  9.13406
  0.0692  0.0653  0.0677  0.0612  0.0649  0.0634
  0.0645  0.0624  0.0625  0.0607  0.0617  0.0608
  0.0601  0.0601  0.0588  0.0598  0.0589  0.0589
  0.0578  0.0578  0.0575  0.0574  0.0580  0.0580
  0.0596  0.0569  0.0592  0.0574  0.0590  0.0586
  0.0641  0.0596  0.0632  0.0603  0.0611  0.0610
  0.0705  0.0652  0.0693  0.0649  0.0646  0.0640
niter,ni,del,rscale     2    3   12.0000    1.2000
parameters
   -1.0155   34.8256    2.0447   -7.3342   -0.0253    2.1080
eta,q 0.94183  9.14247
  0.0694  0.0648  0.0681  0.0615  0.0650  0.0635
  0.0648  0.0623  0.0627  0.0608  0.0617  0.0610
  0.0604  0.0603  0.0591  0.0599  0.0588  0.0591
  0.0580  0.0580  0.0578  0.0578  0.0581  0.0582
  0.0596  0.0569  0.0594  0.0572  0.0592  0.0587
  0.0641  0.0597  0.0633  0.0600  0.0613  0.0610
  0.0707  0.0657  0.0692  0.0646  0.0648  0.0640
niter,ni,del,rscale     1    3   12.0000    1.2000
parameters
   -1.0621   34.9754    1.9528   -7.4913    0.0150    2.0822
eta,q 0.94181  9.14535
  0.0694  0.0645  0.0685  0.0617  0.0650  0.0636
  0.0648  0.0623  0.0629  0.0609  0.0617  0.0611
  0.0605  0.0604  0.0593  0.0600  0.0587  0.0592
  0.0582  0.0582  0.0580  0.0580  0.0582  0.0582
  0.0597  0.0570  0.0595  0.0572  0.0593  0.0587
  0.0641  0.0598  0.0632  0.0597  0.0613  0.0610
  0.0708  0.0662  0.0691  0.0641  0.0647  0.0639
registration optimization eta report
parameter search radius
    6.0000    6.0000    6.9000    6.9000    6.0000    6.9000
100000*second partial in parameter space
       32.       20.       22.       10.       18.       12.
  0.0694  0.0645  0.0685  0.0617  0.0650  0.0636
  0.0648  0.0623  0.0629  0.0609  0.0617  0.0611
  0.0605  0.0604  0.0593  0.0600  0.0587  0.0592
  0.0582  0.0582  0.0580  0.0580  0.0582  0.0582
  0.0597  0.0570  0.0595  0.0572  0.0593  0.0587
  0.0641  0.0598  0.0632  0.0597  0.0613  0.0610
  0.0708  0.0662  0.0691  0.0641  0.0647  0.0639
   -1.0621   34.9754    1.9528   -7.4913    0.0150    2.0822
eta,q 0.94181  9.14535

---------------------------------------------------------------------
imgreg_4dfp /opt/freesurfer/average/711-2C_as_mni_average_305 /opt/freesurfer/average/711-2B_as_mni_average_305_mask talsrcimg_g11 none talsrcimg_to_711-2C_as_mni_average_305_t4 3335
---------------------------------------------------------------------

freesurfer imgreg_4dfp.c
/opt/freesurfer/average/711-2C_as_mni_average_305.4dfp.img
       256       256       256         1
  1.000000  1.000000  1.000000
orientation T byte_order littleendian
Reading image: /opt/freesurfer/average/711-2C_as_mni_average_305.4dfp.img
dimensions:      256       256       256
mmppix:       1.0000   -1.0000   -1.0000
center:     128.0000 -129.0000 -129.0000
/opt/freesurfer/average/711-2B_as_mni_average_305_mask.4dfp.img
       256       256       256         1
  1.000000  1.000000  1.000000
orientation T byte_order littleendian
Reading mask: /opt/freesurfer/average/711-2B_as_mni_average_305_mask.4dfp.img (2306576 pixels)
talsrcimg_g11.4dfp.img
       256       256       256         1
  1.000000  1.000000  1.000000
orientation T byte_order littleendian
Reading image: talsrcimg_g11.4dfp.img
dimensions:      256       256       256
mmppix:       1.0000   -1.0000   -1.0000
center:     128.0000 -129.0000 -129.0000
fimgreg.f
image alignment mode   3335 decimal      D07 hex
parameters
   -1.0621   34.9754    1.9528   -0.0660   -0.9189   -0.8535
   -3.5989   -0.4997    3.6333   13.0280    0.0262  -13.0376
eta,q 0.94390  9.13403
niter,ni,del,rscale     5    3    5.0000    1.2000
parameter  4  2.293637 ->  0.500000 qaram    1.1500
parameter  5  3.324543 ->  0.500000 qaram    1.1500
parameter  6  1.541752 ->  0.500000 qaram    1.1500
parameter 10  0.506848 ->  0.500000 qaram    1.1500
parameters
   -1.2622   35.1882    2.6058   -4.2060   -5.0589   -4.9935
   -4.5812    0.7896    4.4679    8.8880    1.9952  -10.4477
eta,q 0.96397  8.46400
  0.0579  0.0578  0.0583  0.0468  0.0402  0.0355  0.0391  0.0442  0.0392  0.0371  0.0392  0.0389
  0.0568  0.0569  0.0572  0.0489  0.0430  0.0368  0.0380  0.0411  0.0382  0.0364  0.0379  0.0377
  0.0562  0.0564  0.0565  0.0522  0.0460  0.0396  0.0374  0.0387  0.0374  0.0365  0.0369  0.0368
  0.0561  0.0561  0.0561  0.0560  0.0497  0.0438  0.0374  0.0373  0.0371  0.0371  0.0364  0.0362
  0.0564  0.0561  0.0560  0.0602  0.0539  0.0488  0.0379  0.0372  0.0371  0.0385  0.0362  0.0360
  0.0573  0.0565  0.0562  0.0652  0.0583  0.0544  0.0389  0.0385  0.0376  0.0407  0.0365  0.0362
  0.0587  0.0573  0.0567  0.0703  0.0628  0.0603  0.0402  0.0407  0.0384  0.0432  0.0372  0.0367
niter,ni,del,rscale     7    3    5.0000    1.2000
parameter  4  0.795865 ->  0.500000 qaram    1.3225
parameter  5  1.341637 ->  0.500000 qaram    1.3225
parameter  6  0.684998 ->  0.500000 qaram    1.3225
parameters
   -1.1668   35.6714    2.2153   -8.9670   -9.8199   -9.7545
   -3.5706    0.1683    5.5856   10.0967    1.0669  -10.3114
eta,q 0.97305  7.94444
  0.0396  0.0385  0.0374  0.0329  0.0277  0.0266  0.0300  0.0303  0.0299  0.0321  0.0276  0.0281
  0.0377  0.0374  0.0364  0.0328  0.0285  0.0270  0.0287  0.0284  0.0286  0.0299  0.0272  0.0275
  0.0365  0.0365  0.0359  0.0337  0.0303  0.0279  0.0278  0.0275  0.0277  0.0282  0.0270  0.0271
  0.0360  0.0360  0.0359  0.0358  0.0329  0.0289  0.0273  0.0273  0.0272  0.0272  0.0270  0.0270
  0.0363  0.0359  0.0364  0.0395  0.0364  0.0320  0.0273  0.0278  0.0272  0.0270  0.0271  0.0270
  0.0374  0.0363  0.0374  0.0439  0.0403  0.0372  0.0279  0.0293  0.0277  0.0281  0.0275  0.0274
  0.0391  0.0372  0.0389  0.0493  0.0447  0.0435  0.0289  0.0315  0.0287  0.0301  0.0281  0.0280
niter,ni,del,rscale     7    3    5.0000    1.2000
parameter  5  0.547674 ->  0.500000 qaram    1.5209
parameters
   -1.0743   36.1506    1.4239  -11.4677  -15.2951  -13.8367
   -3.8874    0.1775    5.6673   10.0231    1.5102  -12.1776
eta,q 0.97590  7.47956
  0.0300  0.0305  0.0273  0.0287  0.0263  0.0255  0.0262  0.0278  0.0261  0.0281  0.0253  0.0248
  0.0284  0.0288  0.0268  0.0276  0.0255  0.0244  0.0251  0.0259  0.0251  0.0260  0.0247  0.0243
  0.0274  0.0276  0.0267  0.0267  0.0255  0.0243  0.0244  0.0246  0.0244  0.0246  0.0244  0.0241
  0.0270  0.0269  0.0268  0.0267  0.0266  0.0253  0.0242  0.0242  0.0242  0.0242  0.0242  0.0242
  0.0272  0.0269  0.0273  0.0277  0.0289  0.0266  0.0245  0.0247  0.0244  0.0247  0.0242  0.0245
  0.0281  0.0274  0.0280  0.0305  0.0324  0.0290  0.0254  0.0259  0.0250  0.0261  0.0246  0.0252
  0.0296  0.0285  0.0291  0.0345  0.0363  0.0338  0.0265  0.0278  0.0260  0.0282  0.0251  0.0260
niter,ni,del,rscale     7    3    5.0000    1.2000
parameters
   -1.0610   36.3730    1.1827  -11.7953  -16.0227  -14.3384
   -3.9350    0.1067    5.6376   10.4524    1.3902  -12.6933
eta,q 0.97590  7.42653
  0.0270  0.0271  0.0254  0.0271  0.0282  0.0277  0.0262  0.0276  0.0259  0.0283  0.0251  0.0251
  0.0255  0.0256  0.0246  0.0257  0.0263  0.0258  0.0251  0.0258  0.0249  0.0261  0.0246  0.0246
  0.0245  0.0246  0.0241  0.0246  0.0248  0.0245  0.0243  0.0246  0.0243  0.0247  0.0242  0.0242
  0.0241  0.0241  0.0241  0.0241  0.0241  0.0241  0.0241  0.0241  0.0241  0.0241  0.0241  0.0241
  0.0244  0.0242  0.0244  0.0243  0.0246  0.0251  0.0244  0.0246  0.0243  0.0245  0.0242  0.0243
  0.0254  0.0249  0.0250  0.0254  0.0266  0.0264  0.0251  0.0259  0.0250  0.0257  0.0246  0.0247
  0.0270  0.0262  0.0259  0.0281  0.0302  0.0283  0.0263  0.0278  0.0259  0.0275  0.0252  0.0255
niter,ni,del,rscale     6    3    5.0000    1.2000
parameters
   -1.0739   36.4708    1.0640  -11.7747  -16.0957  -14.3497
   -3.9496    0.0958    5.6350   10.6573    1.3434  -12.8738
eta,q 0.97590  7.42607
  0.0269  0.0267  0.0255  0.0272  0.0286  0.0280  0.0262  0.0277  0.0259  0.0281  0.0251  0.0252
  0.0254  0.0253  0.0247  0.0258  0.0266  0.0261  0.0251  0.0258  0.0249  0.0260  0.0246  0.0246
  0.0244  0.0244  0.0242  0.0247  0.0251  0.0247  0.0243  0.0246  0.0243  0.0246  0.0242  0.0242
  0.0241  0.0241  0.0241  0.0241  0.0241  0.0241  0.0241  0.0241  0.0241  0.0241  0.0241  0.0241
  0.0245  0.0243  0.0244  0.0243  0.0244  0.0249  0.0244  0.0246  0.0243  0.0246  0.0242  0.0242
  0.0254  0.0251  0.0249  0.0252  0.0260  0.0262  0.0251  0.0258  0.0249  0.0258  0.0246  0.0247
  0.0270  0.0263  0.0258  0.0277  0.0294  0.0278  0.0262  0.0277  0.0259  0.0276  0.0251  0.0253
niter,ni,del,rscale     5    3    5.0000    1.2000
parameters
   -1.0743   36.5038    1.0382  -11.7603  -16.1246  -14.3167
   -3.9573    0.1013    5.6409   10.7361    1.3368  -12.9312
eta,q 0.97589  7.42742
  0.0270  0.0266  0.0257  0.0272  0.0286  0.0280  0.0262  0.0277  0.0259  0.0279  0.0251  0.0252
  0.0254  0.0252  0.0248  0.0258  0.0266  0.0261  0.0251  0.0259  0.0249  0.0259  0.0246  0.0246
  0.0244  0.0244  0.0243  0.0248  0.0251  0.0247  0.0243  0.0246  0.0243  0.0246  0.0242  0.0243
  0.0241  0.0241  0.0241  0.0241  0.0241  0.0241  0.0241  0.0241  0.0241  0.0241  0.0241  0.0241
  0.0244  0.0244  0.0243  0.0243  0.0244  0.0249  0.0244  0.0246  0.0243  0.0246  0.0242  0.0242
  0.0254  0.0252  0.0249  0.0252  0.0260  0.0261  0.0251  0.0258  0.0249  0.0259  0.0246  0.0246
  0.0270  0.0264  0.0257  0.0278  0.0293  0.0278  0.0262  0.0277  0.0259  0.0277  0.0251  0.0253
niter,ni,del,rscale     4    3    5.0000    1.2000
parameters
   -1.0729   36.5162    1.0392  -11.7537  -16.1413  -14.2987
   -3.9563    0.1041    5.6364   10.7589    1.3410  -12.9480
eta,q 0.97589  7.42795
  0.0270  0.0265  0.0257  0.0272  0.0286  0.0280  0.0262  0.0277  0.0259  0.0279  0.0251  0.0252
  0.0254  0.0252  0.0248  0.0258  0.0266  0.0261  0.0251  0.0259  0.0249  0.0258  0.0246  0.0247
  0.0244  0.0244  0.0243  0.0248  0.0251  0.0247  0.0244  0.0246  0.0243  0.0246  0.0242  0.0243
  0.0241  0.0241  0.0241  0.0241  0.0241  0.0241  0.0241  0.0241  0.0241  0.0241  0.0241  0.0241
  0.0244  0.0244  0.0243  0.0243  0.0244  0.0249  0.0244  0.0246  0.0243  0.0246  0.0242  0.0242
  0.0254  0.0252  0.0248  0.0252  0.0260  0.0261  0.0251  0.0258  0.0249  0.0259  0.0246  0.0246
  0.0270  0.0264  0.0257  0.0278  0.0293  0.0278  0.0262  0.0277  0.0259  0.0278  0.0251  0.0253
registration optimization eta report
parameter search radius
    2.4000    2.4000    2.4000    9.5220   10.9503    9.5220
    7.2000    7.2000    7.2000    8.2800    7.2000    7.2000
100000*second partial in parameter space
       49.       41.       27.        4.        4.        4.
        4.        7.        3.        5.        2.        2.
  0.0270  0.0265  0.0257  0.0272  0.0286  0.0280  0.0262  0.0277  0.0259  0.0279  0.0251  0.0252
  0.0254  0.0252  0.0248  0.0258  0.0266  0.0261  0.0251  0.0259  0.0249  0.0258  0.0246  0.0247
  0.0244  0.0244  0.0243  0.0248  0.0251  0.0247  0.0244  0.0246  0.0243  0.0246  0.0242  0.0243
  0.0241  0.0241  0.0241  0.0241  0.0241  0.0241  0.0241  0.0241  0.0241  0.0241  0.0241  0.0241
  0.0244  0.0244  0.0243  0.0243  0.0244  0.0249  0.0244  0.0246  0.0243  0.0246  0.0242  0.0242
  0.0254  0.0252  0.0248  0.0252  0.0260  0.0261  0.0251  0.0258  0.0249  0.0259  0.0246  0.0246
  0.0270  0.0264  0.0257  0.0278  0.0293  0.0278  0.0262  0.0277  0.0259  0.0278  0.0251  0.0253
   -1.0729   36.5162    1.0392  -11.7537  -16.1413  -14.2987
   -3.9563    0.1041    5.6364   10.7589    1.3410  -12.9480
eta,q 0.97589  7.42795

---------------------------------------------------------------------
imgreg_4dfp /opt/freesurfer/average/711-2C_as_mni_average_305 /opt/freesurfer/average/711-2B_as_mni_average_305_mask talsrcimg_g11 none talsrcimg_to_711-2C_as_mni_average_305_t4 2311
---------------------------------------------------------------------

freesurfer imgreg_4dfp.c
/opt/freesurfer/average/711-2C_as_mni_average_305.4dfp.img
       256       256       256         1
  1.000000  1.000000  1.000000
orientation T byte_order littleendian
Reading image: /opt/freesurfer/average/711-2C_as_mni_average_305.4dfp.img
dimensions:      256       256       256
mmppix:       1.0000   -1.0000   -1.0000
center:     128.0000 -129.0000 -129.0000
/opt/freesurfer/average/711-2B_as_mni_average_305_mask.4dfp.img
       256       256       256         1
  1.000000  1.000000  1.000000
orientation T byte_order littleendian
Reading mask: /opt/freesurfer/average/711-2B_as_mni_average_305_mask.4dfp.img (2306576 pixels)
talsrcimg_g11.4dfp.img
       256       256       256         1
  1.000000  1.000000  1.000000
orientation T byte_order littleendian
Reading image: talsrcimg_g11.4dfp.img
dimensions:      256       256       256
mmppix:       1.0000   -1.0000   -1.0000
center:     128.0000 -129.0000 -129.0000
fimgreg.f
image alignment mode   2311 decimal      907 hex
parameters
   -1.0729   36.5162    1.0392  -11.7537  -16.1413  -14.2987
   -3.9563    0.1041    5.6364   10.7589    1.3410  -12.9480
eta,q 0.97589  7.42796
niter,ni,del,rscale     5    3    5.0000    0.8000
parameters
   -1.0723   36.5041    1.0239  -10.7667  -15.0696  -14.4659
   -3.9423    0.1285    5.6032   10.5663    1.2823  -12.6570
eta,q 0.97602  7.49852
  0.0254  0.0252  0.0248  0.0253  0.0255  0.0252  0.0250  0.0257  0.0249  0.0253  0.0244  0.0246
  0.0247  0.0246  0.0244  0.0248  0.0249  0.0246  0.0245  0.0248  0.0244  0.0246  0.0242  0.0243
  0.0243  0.0242  0.0242  0.0244  0.0244  0.0241  0.0241  0.0242  0.0241  0.0241  0.0240  0.0241
  0.0241  0.0241  0.0241  0.0241  0.0241  0.0240  0.0240  0.0240  0.0240  0.0240  0.0240  0.0240
  0.0243  0.0242  0.0242  0.0241  0.0240  0.0242  0.0241  0.0242  0.0241  0.0242  0.0240  0.0240
  0.0247  0.0246  0.0245  0.0243  0.0242  0.0247  0.0244  0.0248  0.0244  0.0247  0.0242  0.0242
  0.0254  0.0252  0.0248  0.0246  0.0247  0.0253  0.0250  0.0257  0.0249  0.0255  0.0245  0.0245
niter,ni,del,rscale     4    3    5.0000    0.7000
parameters
   -1.0648   36.4661    0.9122  -10.7761  -14.9805  -14.6460
   -3.9562    0.1241    5.6146   10.4853    1.2429  -12.5899
eta,q 0.97602  7.49321
  0.0250  0.0248  0.0245  0.0247  0.0249  0.0250  0.0248  0.0253  0.0247  0.0250  0.0243  0.0244
  0.0244  0.0243  0.0242  0.0243  0.0244  0.0244  0.0243  0.0246  0.0243  0.0245  0.0241  0.0242
  0.0241  0.0241  0.0240  0.0241  0.0241  0.0241  0.0241  0.0241  0.0241  0.0241  0.0240  0.0240
  0.0240  0.0240  0.0240  0.0240  0.0240  0.0240  0.0240  0.0240  0.0240  0.0240  0.0240  0.0240
  0.0241  0.0241  0.0241  0.0241  0.0241  0.0241  0.0241  0.0241  0.0241  0.0241  0.0240  0.0240
  0.0244  0.0244  0.0243  0.0243  0.0244  0.0246  0.0243  0.0246  0.0243  0.0245  0.0241  0.0242
  0.0250  0.0249  0.0246  0.0247  0.0248  0.0251  0.0248  0.0253  0.0247  0.0251  0.0244  0.0244
niter,ni,del,rscale     3    3    5.0000    0.6000
parameters
   -1.0664   36.4611    0.8711  -10.7763  -14.9243  -14.7188
   -3.9661    0.1121    5.6185   10.4677    1.2570  -12.5521
eta,q 0.97603  7.49218
  0.0247  0.0246  0.0244  0.0245  0.0247  0.0248  0.0246  0.0250  0.0245  0.0248  0.0242  0.0243
  0.0243  0.0243  0.0241  0.0242  0.0243  0.0243  0.0242  0.0244  0.0242  0.0243  0.0241  0.0241
  0.0241  0.0241  0.0240  0.0240  0.0241  0.0241  0.0240  0.0241  0.0240  0.0241  0.0240  0.0240
  0.0240  0.0240  0.0240  0.0240  0.0240  0.0240  0.0240  0.0240  0.0240  0.0240  0.0240  0.0240
  0.0241  0.0240  0.0240  0.0241  0.0240  0.0241  0.0240  0.0241  0.0240  0.0241  0.0240  0.0240
  0.0243  0.0243  0.0242  0.0242  0.0243  0.0244  0.0242  0.0244  0.0242  0.0244  0.0241  0.0241
  0.0247  0.0246  0.0244  0.0245  0.0246  0.0248  0.0246  0.0250  0.0245  0.0248  0.0242  0.0243
niter,ni,del,rscale     2    3    5.0000    0.5000
parameters
   -1.0732   36.4604    0.8541  -10.8026  -14.8931  -14.7336
   -3.9771    0.1078    5.6028   10.4601    1.2692  -12.5406
eta,q 0.97603  7.49156
  0.0245  0.0244  0.0243  0.0244  0.0245  0.0246  0.0244  0.0247  0.0243  0.0246  0.0242  0.0242
  0.0242  0.0242  0.0241  0.0241  0.0242  0.0243  0.0242  0.0243  0.0241  0.0242  0.0241  0.0241
  0.0240  0.0240  0.0240  0.0240  0.0240  0.0241  0.0240  0.0241  0.0240  0.0240  0.0240  0.0240
  0.0240  0.0240  0.0240  0.0240  0.0240  0.0240  0.0240  0.0240  0.0240  0.0240  0.0240  0.0240
  0.0240  0.0240  0.0240  0.0240  0.0240  0.0240  0.0240  0.0241  0.0240  0.0240  0.0240  0.0240
  0.0242  0.0242  0.0241  0.0242  0.0242  0.0242  0.0242  0.0243  0.0241  0.0242  0.0241  0.0241
  0.0245  0.0244  0.0243  0.0244  0.0244  0.0246  0.0244  0.0247  0.0243  0.0246  0.0242  0.0242
niter,ni,del,rscale     1    3    5.0000    0.4000
parameters
   -1.0711   36.4588    0.8478  -10.8294  -14.8763  -14.7125
   -3.9840    0.1057    5.6055   10.4627    1.2612  -12.5090
eta,q 0.97603  7.49177
  0.0243  0.0243  0.0242  0.0242  0.0243  0.0244  0.0242  0.0244  0.0242  0.0244  0.0241  0.0241
  0.0241  0.0241  0.0241  0.0241  0.0241  0.0242  0.0241  0.0242  0.0241  0.0241  0.0240  0.0240
  0.0240  0.0240  0.0240  0.0240  0.0240  0.0240  0.0240  0.0240  0.0240  0.0240  0.0240  0.0240
  0.0240  0.0240  0.0240  0.0240  0.0240  0.0240  0.0240  0.0240  0.0240  0.0240  0.0240  0.0240
  0.0240  0.0240  0.0240  0.0240  0.0240  0.0240  0.0240  0.0240  0.0240  0.0240  0.0240  0.0240
  0.0241  0.0241  0.0241  0.0241  0.0241  0.0241  0.0241  0.0242  0.0241  0.0241  0.0240  0.0240
  0.0243  0.0243  0.0242  0.0242  0.0243  0.0244  0.0242  0.0244  0.0242  0.0244  0.0241  0.0241
registration optimization eta report
parameter search radius
    0.8000    0.8000    0.8000    2.4000    2.4000    2.4000
    2.4000    2.4000    2.4000    2.4000    2.4000    2.4000
100000*second partial in parameter space
       53.       46.       29.        4.        6.        7.
        4.        8.        4.        7.        2.        3.
  0.0243  0.0243  0.0242  0.0242  0.0243  0.0244  0.0242  0.0244  0.0242  0.0244  0.0241  0.0241
  0.0241  0.0241  0.0241  0.0241  0.0241  0.0242  0.0241  0.0242  0.0241  0.0241  0.0240  0.0240
  0.0240  0.0240  0.0240  0.0240  0.0240  0.0240  0.0240  0.0240  0.0240  0.0240  0.0240  0.0240
  0.0240  0.0240  0.0240  0.0240  0.0240  0.0240  0.0240  0.0240  0.0240  0.0240  0.0240  0.0240
  0.0240  0.0240  0.0240  0.0240  0.0240  0.0240  0.0240  0.0240  0.0240  0.0240  0.0240  0.0240
  0.0241  0.0241  0.0241  0.0241  0.0241  0.0241  0.0241  0.0242  0.0241  0.0241  0.0240  0.0240
  0.0243  0.0243  0.0242  0.0242  0.0243  0.0244  0.0242  0.0244  0.0242  0.0244  0.0241  0.0241
   -1.0711   36.4588    0.8478  -10.8294  -14.8763  -14.7125
   -3.9840    0.1057    5.6055   10.4627    1.2612  -12.5090
eta,q 0.97603  7.49177

---------------------------------------------------------------------
imgreg_4dfp /opt/freesurfer/average/711-2C_as_mni_average_305 /opt/freesurfer/average/711-2B_as_mni_average_305_mask talsrcimg_g11 none talsrcimg_to_711-2C_as_mni_average_305_t4 2311
---------------------------------------------------------------------

freesurfer imgreg_4dfp.c
/opt/freesurfer/average/711-2C_as_mni_average_305.4dfp.img
       256       256       256         1
  1.000000  1.000000  1.000000
orientation T byte_order littleendian
Reading image: /opt/freesurfer/average/711-2C_as_mni_average_305.4dfp.img
dimensions:      256       256       256
mmppix:       1.0000   -1.0000   -1.0000
center:     128.0000 -129.0000 -129.0000
/opt/freesurfer/average/711-2B_as_mni_average_305_mask.4dfp.img
       256       256       256         1
  1.000000  1.000000  1.000000
orientation T byte_order littleendian
Reading mask: /opt/freesurfer/average/711-2B_as_mni_average_305_mask.4dfp.img (2306576 pixels)
talsrcimg_g11.4dfp.img
       256       256       256         1
  1.000000  1.000000  1.000000
orientation T byte_order littleendian
Reading image: talsrcimg_g11.4dfp.img
dimensions:      256       256       256
mmppix:       1.0000   -1.0000   -1.0000
center:     128.0000 -129.0000 -129.0000
fimgreg.f
image alignment mode   2311 decimal      907 hex
parameters
   -1.0711   36.4588    0.8478  -10.8294  -14.8763  -14.7125
   -3.9840    0.1057    5.6055   10.4627    1.2612  -12.5090
eta,q 0.97603  7.49177
niter,ni,del,rscale     5    3    5.0000    0.8000
parameters
   -1.0709   36.4618    0.8621  -10.8203  -14.9836  -14.7302
   -3.9728    0.1156    5.6193   10.4708    1.2549  -12.6311
eta,q 0.97603  7.48815
  0.0253  0.0251  0.0247  0.0249  0.0250  0.0253  0.0250  0.0257  0.0249  0.0254  0.0244  0.0245
  0.0246  0.0245  0.0243  0.0244  0.0245  0.0246  0.0244  0.0248  0.0244  0.0246  0.0242  0.0242
  0.0241  0.0241  0.0241  0.0241  0.0241  0.0242  0.0241  0.0242  0.0241  0.0241  0.0240  0.0240
  0.0240  0.0240  0.0240  0.0240  0.0240  0.0240  0.0240  0.0240  0.0240  0.0240  0.0240  0.0240
  0.0241  0.0241  0.0241  0.0241  0.0241  0.0241  0.0241  0.0242  0.0241  0.0241  0.0240  0.0240
  0.0246  0.0245  0.0243  0.0244  0.0245  0.0247  0.0244  0.0248  0.0244  0.0246  0.0242  0.0242
  0.0253  0.0251  0.0247  0.0249  0.0252  0.0253  0.0250  0.0257  0.0248  0.0254  0.0245  0.0245
niter,ni,del,rscale     4    3    5.0000    0.7000
parameters
   -1.0709   36.4684    0.8585  -10.7909  -14.9474  -14.7411
   -3.9668    0.1140    5.6189   10.4776    1.2396  -12.6048
eta,q 0.97603  7.49021
  0.0250  0.0249  0.0245  0.0247  0.0249  0.0250  0.0248  0.0253  0.0247  0.0251  0.0243  0.0244
  0.0244  0.0244  0.0242  0.0243  0.0244  0.0245  0.0243  0.0246  0.0243  0.0245  0.0241  0.0242
  0.0241  0.0241  0.0240  0.0241  0.0241  0.0241  0.0241  0.0241  0.0241  0.0241  0.0240  0.0240
  0.0240  0.0240  0.0240  0.0240  0.0240  0.0240  0.0240  0.0240  0.0240  0.0240  0.0240  0.0240
  0.0241  0.0241  0.0240  0.0241  0.0241  0.0241  0.0241  0.0241  0.0241  0.0241  0.0240  0.0240
  0.0244  0.0244  0.0242  0.0243  0.0244  0.0245  0.0243  0.0246  0.0243  0.0245  0.0241  0.0242
  0.0250  0.0248  0.0245  0.0247  0.0249  0.0251  0.0248  0.0253  0.0247  0.0251  0.0243  0.0244
registration optimization eta report
parameter search radius
    1.4000    1.4000    1.4000    4.2000    4.2000    4.2000
    4.2000    4.2000    4.2000    4.2000    4.2000    4.2000
100000*second partial in parameter space
       52.       45.       29.        4.        5.        6.
        4.        8.        4.        6.        2.        2.
  0.0250  0.0249  0.0245  0.0247  0.0249  0.0250  0.0248  0.0253  0.0247  0.0251  0.0243  0.0244
  0.0244  0.0244  0.0242  0.0243  0.0244  0.0245  0.0243  0.0246  0.0243  0.0245  0.0241  0.0242
  0.0241  0.0241  0.0240  0.0241  0.0241  0.0241  0.0241  0.0241  0.0241  0.0241  0.0240  0.0240
  0.0240  0.0240  0.0240  0.0240  0.0240  0.0240  0.0240  0.0240  0.0240  0.0240  0.0240  0.0240
  0.0241  0.0241  0.0240  0.0241  0.0241  0.0241  0.0241  0.0241  0.0241  0.0241  0.0240  0.0240
  0.0244  0.0244  0.0242  0.0243  0.0244  0.0245  0.0243  0.0246  0.0243  0.0245  0.0241  0.0242
  0.0250  0.0248  0.0245  0.0247  0.0249  0.0251  0.0248  0.0253  0.0247  0.0251  0.0243  0.0244
   -1.0709   36.4684    0.8585  -10.7909  -14.9474  -14.7411
   -3.9668    0.1140    5.6189   10.4776    1.2396  -12.6048
eta,q 0.97603  7.49021

---------------------------------------------------------------------
compute_vox2vox talsrcimg talsrcimg_to_711-2C_as_mni_average_305_t4 /opt/freesurfer/average/711-2C_as_mni_average_305
---------------------------------------------------------------------

freesurfer compute_vox2vox.c
Reading: talsrcimg.4dfp.ifh
Reading: talsrcimg_to_711-2C_as_mni_average_305_t4
Reading: /opt/freesurfer/average/711-2C_as_mni_average_305.4dfp.ifh
Writing: talsrcimg_to_711-2C_as_mni_average_305_t4_vox2vox.txt

start time Sun Mar 15 08:14:00 CET 2026
end		time Sun Mar 15 08:14:13 CET 2026

mpr2mni305 success

avi2talxfm orig_nu.mgz /opt/freesurfer/average/mni305.cor.mgz talsrcimg_to_711-2C_as_mni_average_305_t4_vox2vox.txt transforms/talairach.auto.xfm
avi2talxfm done
mv -f /out/sourcedata/freesurfer/sub-v2s10x28966_ses-1/mri/talsrcimg_to_711-2C_as_mni_average_305_t4_vox2vox.txt /out/sourcedata/freesurfer/sub-v2s10x28966_ses-1/mri/transforms/talsrcimg_to_711-2C_as_mni_average_305_t4_vox2vox.txt
lta_convert --src orig_nu.mgz --trg /opt/freesurfer/average/mni305.cor.mgz --inxfm transforms/talairach.auto.xfm --outlta transforms/talairach.auto.xfm.lta --subject fsaverage
7.3.2

--src: orig_nu.mgz src image (geometry).
--trg: /opt/freesurfer/average/mni305.cor.mgz trg image (geometry).
--inmni: transforms/talairach.auto.xfm input MNI/XFM transform.
--outlta: transforms/talairach.auto.xfm.lta output LTA.
--s: fsaverage subject name
 LTA read, type : 1
 1.11786  -0.00776   0.05099  -1.92560;
-0.02668   1.15210   0.16950  -24.79549;
-0.07056  -0.14141   1.15149  -15.23015;
 0.00000   0.00000   0.00000   1.00000;
setting subject to fsaverage
Writing  LTA to file transforms/talairach.auto.xfm.lta...
lta_convert successful.
 
 
Started at Sun Mar 15 08:13:59 CET 2026
Ended   at Sun Mar 15 08:14:13 CET 2026
talairach_avi done
