/out/sourcedata/freesurfer/sub-v2s10x28953_ses-1/mri
/opt/freesurfer/bin/talairach_avi
--i orig_nu.mgz --xfm transforms/talairach.auto.xfm
talairach_avi 7.3.2
Linux dna079 5.14.0-427.37.1.el9_4.x86_64 #1 SMP PREEMPT_DYNAMIC Fri Sep 13 12:41:50 EDT 2024 x86_64 x86_64 x86_64 GNU/Linux
Sun Mar 15 08:14:08 CET 2026
mri_convert orig_nu.mgz talsrcimg.img 
reading from orig_nu.mgz...
TR=0.00, TE=0.00, TI=0.00, flip angle=0.00
i_ras = (-1, 0, 0)
j_ras = (0, 0, -1)
k_ras = (0, 1, 0)
writing to talsrcimg.img...
Analyze Output Matrix
-1.00000   0.00000   0.00000   129.10739;
 0.00000   0.00000   1.00000  -118.95918;
 0.00000  -1.00000   0.00000   87.59718;
 0.00000   0.00000   0.00000   1.00000;
--------------------
INFO: set hdr.hist.orient to -1
mpr2mni305 talsrcimg
Sun Mar 15 08:14:09 CET 2026
/opt/freesurfer/bin/mpr2mni305 talsrcimg
mpr2mni305 7.3.2
target=711-2C_as_mni_average_305

---------------------------------------------------------------------
analyzeto4dfp talsrcimg -O0 -y
---------------------------------------------------------------------

freesurfer ifh2hdr.c
Sun Mar 15 08:14:09 2026
Writing: talsrcimg.4dfp.hdr
freesurfer analyzeto4dfp.c
Reading: talsrcimg.hdr
header size 348 bytes
hdr.dime.datatype	offset=70	value=2
hdr.dime.bitpix		offset=72	value=8
hdr.hist.orient		offset=252	value=-1
dimensionality     4
dimensions       256       256       256         1
Reading: talsrcimg.img
Writing: talsrcimg.4dfp.img
Writing: talsrcimg.4dfp.ifh
ifh2hdr talsrcimg -r0to204
ori=2

---------------------------------------------------------------------
gauss_4dfp talsrcimg 1.1
---------------------------------------------------------------------

freesurfer gauss_4dfp.c
Reading: talsrcimg.4dfp.img
Writing: talsrcimg_g11.4dfp.img
image dimensions 256 256 256 padded to 288 288 288
processing volume 1freesurfer ifh2hdr.c
Sun Mar 15 08:14:10 2026
Writing: talsrcimg_g11.4dfp.hdr

Writing: talsrcimg_g11.4dfp.ifh
including: talsrcimg.4dfp.img.rec in talsrcimg_g11.4dfp.img.rec

---------------------------------------------------------------------
imgreg_4dfp /opt/freesurfer/average/711-2C_as_mni_average_305 none talsrcimg_g11 none talsrcimg_to_711-2C_as_mni_average_305_t4 4355
---------------------------------------------------------------------

freesurfer imgreg_4dfp.c
/opt/freesurfer/average/711-2C_as_mni_average_305.4dfp.img
       256       256       256         1
  1.000000  1.000000  1.000000
orientation T byte_order littleendian
Reading image: /opt/freesurfer/average/711-2C_as_mni_average_305.4dfp.img
dimensions:      256       256       256
mmppix:       1.0000   -1.0000   -1.0000
center:     128.0000 -129.0000 -129.0000
talsrcimg_g11.4dfp.img
       256       256       256         1
  1.000000  1.000000  1.000000
orientation T byte_order littleendian
Reading image: talsrcimg_g11.4dfp.img
dimensions:      256       256       256
mmppix:       1.0000   -1.0000   -1.0000
center:     128.0000 -129.0000 -129.0000
t4_read: open error in t4_sub.f l:  41 t4_file(1:l)talsrcimg_to_711-2C_as_mni_average_305_t4 
t4_read: transform initialized to I4
rotation matrix determinant  1.000000
image alignment mode   4355 decimal     1103 hex
   -7.5000  -45.0000  -45.0000 5383.0928   21.1029
    0.0000  -45.0000  -45.0000 5563.2725   21.1031
    7.5000  -45.0000  -45.0000 5302.6519   21.0789
   -7.5000  -37.5000  -45.0000 5993.6465   20.4435
    0.0000  -37.5000  -45.0000 6192.8882   20.4409
    7.5000  -37.5000  -45.0000 5912.7798   20.4149
   -7.5000  -30.0000  -45.0000 6849.6377   20.0005
    0.0000  -30.0000  -45.0000 7085.9106   19.9912
    7.5000  -30.0000  -45.0000 6764.5942   19.9620
   -7.5000  -22.5000  -45.0000 7767.0381   19.7025
    0.0000  -22.5000  -45.0000 8045.2749   19.6957
    7.5000  -22.5000  -45.0000 7671.9932   19.6690
   -7.5000  -15.0000  -45.0000 8738.5918   19.6175
    0.0000  -15.0000  -45.0000 9070.8936   19.6151
    7.5000  -15.0000  -45.0000 8643.3008   19.5911
   -7.5000   -7.5000  -45.0000 9708.7900   19.5711
    0.0000   -7.5000  -45.000010061.6846   19.5702
    7.5000   -7.5000  -45.0000 9596.1621   19.5465
   -7.5000    0.0000  -45.000010665.1494   19.5656
    0.0000    0.0000  -45.000011037.7451   19.5649
    7.5000    0.0000  -45.000010539.8770   19.5402
   -7.5000    7.5000  -45.000010799.4424   19.5742
    0.0000    7.5000  -45.000011211.8828   19.5706
    7.5000    7.5000  -45.000010673.1914   19.5436
   -7.5000   15.0000  -45.000010775.9512   19.5733
    0.0000   15.0000  -45.000011202.7393   19.5656
    7.5000   15.0000  -45.000010612.2627   19.5369
   -7.5000   22.5000  -45.000010647.3271   19.5587
    0.0000   22.5000  -45.000011074.8594   19.5527
    7.5000   22.5000  -45.000010503.4580   19.5261
   -7.5000   30.0000  -45.000010423.3408   19.2973
    0.0000   30.0000  -45.000010824.2305   19.2953
    7.5000   30.0000  -45.000010282.2412   19.2715
   -7.5000   37.5000  -45.000010476.0479   19.2980
    0.0000   37.5000  -45.000010859.5332   19.2972
    7.5000   37.5000  -45.000010314.2754   19.2739
   -7.5000   45.0000  -45.000010038.3047   18.8146
    0.0000   45.0000  -45.000010402.2295   18.8140
    7.5000   45.0000  -45.0000 9865.8545   18.7902
   -7.5000  -45.0000  -37.5000 5700.2710   21.0310
    0.0000  -45.0000  -37.5000 5900.1714   21.0204
    7.5000  -45.0000  -37.5000 5621.4175   20.9924
   -7.5000  -37.5000  -37.5000 6342.5747   20.3729
    0.0000  -37.5000  -37.5000 6573.1606   20.3637
    7.5000  -37.5000  -37.5000 6276.8164   20.3339
   -7.5000  -30.0000  -37.5000 7258.3696   19.9282
    0.0000  -30.0000  -37.5000 7524.3950   19.9152
    7.5000  -30.0000  -37.5000 7188.0410   19.8799
   -7.5000  -22.5000  -37.5000 8235.4141   19.6330
    0.0000  -22.5000  -37.5000 8537.7490   19.6213
    7.5000  -22.5000  -37.5000 8146.4858   19.5867
   -7.5000  -15.0000  -37.5000 9257.5527   19.5555
    0.0000  -15.0000  -37.5000 9604.8613   19.5451
    7.5000  -15.0000  -37.5000 9152.0244   19.5129
   -7.5000   -7.5000  -37.500010284.4268   19.5111
    0.0000   -7.5000  -37.500010648.0713   19.5000
    7.5000   -7.5000  -37.500010139.8135   19.4708
   -7.5000    0.0000  -37.500011273.5371   19.5027
    0.0000    0.0000  -37.500011670.1934   19.4929
    7.5000    0.0000  -37.500011099.2363   19.4654
   -7.5000    7.5000  -37.500011409.2109   19.5081
    0.0000    7.5000  -37.500011842.7021   19.4987
    7.5000    7.5000  -37.500011240.1006   19.4684
   -7.5000   15.0000  -37.500011324.7705   19.5037
    0.0000   15.0000  -37.500011761.7080   19.4923
    7.5000   15.0000  -37.500011170.7354   19.4579
   -7.5000   22.5000  -37.500011194.6680   19.4904
    0.0000   22.5000  -37.500011624.1436   19.4796
    7.5000   22.5000  -37.500011040.6182   19.4451
   -7.5000   30.0000  -37.500010975.6982   19.2359
    0.0000   30.0000  -37.500011386.8691   19.2260
    7.5000   30.0000  -37.500010812.6562   19.1943
   -7.5000   37.5000  -37.500010996.5215   19.2387
    0.0000   37.5000  -37.500011411.7451   19.2279
    7.5000   37.5000  -37.500010826.4697   19.1990
   -7.5000   45.0000  -37.500010533.7930   18.7542
    0.0000   45.0000  -37.500010923.0479   18.7448
    7.5000   45.0000  -37.500010348.2324   18.7184
   -7.5000  -45.0000  -30.0000 6109.0415   21.9170
    0.0000  -45.0000  -30.0000 6338.0034   21.8964
    7.5000  -45.0000  -30.0000 6023.1133   21.8587
   -7.5000  -37.5000  -30.0000 6774.8223   21.2309
    0.0000  -37.5000  -30.0000 7032.0542   21.2167
    7.5000  -37.5000  -30.0000 6710.2729   21.1778
   -7.5000  -30.0000  -30.0000 7762.4941   20.7593
    0.0000  -30.0000  -30.0000 8052.6670   20.7464
    7.5000  -30.0000  -30.0000 7684.7964   20.7035
   -7.5000  -22.5000  -30.0000 8829.3398   20.4423
    0.0000  -22.5000  -30.0000 9172.3643   20.4312
    7.5000  -22.5000  -30.0000 8740.3730   20.3902
   -7.5000  -15.0000  -30.0000 9941.1816   20.3619
    0.0000  -15.0000  -30.000010339.6406   20.3487
    7.5000  -15.0000  -30.0000 9830.3320   20.3101
   -7.5000   -7.5000  -30.000011018.1211   20.3240
    0.0000   -7.5000  -30.000011445.7412   20.3059
    7.5000   -7.5000  -30.000010884.3672   20.2695
   -7.5000    0.0000  -30.000012037.0918   20.3219
    0.0000    0.0000  -30.000012482.8203   20.3039
    7.5000    0.0000  -30.000011874.4102   20.2687
   -7.5000    7.5000  -30.000012107.4463   20.3273
    0.0000    7.5000  -30.000012573.4492   20.3136
    7.5000    7.5000  -30.000011945.2695   20.2753
   -7.5000   15.0000  -30.000012021.4668   20.3163
    0.0000   15.0000  -30.000012479.8057   20.3050
    7.5000   15.0000  -30.000011851.4268   20.2632
   -7.5000   22.5000  -30.000011850.0830   20.2924
    0.0000   22.5000  -30.000012305.9453   20.2822
    7.5000   22.5000  -30.000011678.3496   20.2415
   -7.5000   30.0000  -30.000011643.4209   20.0313
    0.0000   30.0000  -30.000012063.5840   20.0186
    7.5000   30.0000  -30.000011439.4434   19.9806
   -7.5000   37.5000  -30.000011670.6875   20.0420
    0.0000   37.5000  -30.000012112.6182   20.0242
    7.5000   37.5000  -30.000011447.8896   19.9882
   -7.5000   45.0000  -30.000011195.3848   19.5563
    0.0000   45.0000  -30.000011617.9072   19.5390
    7.5000   45.0000  -30.000010961.4795   19.5051
   -7.5000  -45.0000  -22.5000 6470.5220   22.7616
    0.0000  -45.0000  -22.5000 6725.4961   22.7430
    7.5000  -45.0000  -22.5000 6392.3979   22.7000
   -7.5000  -37.5000  -22.5000 7191.9478   22.0475
    0.0000  -37.5000  -22.5000 7481.2861   22.0364
    7.5000  -37.5000  -22.5000 7121.0483   21.9935
   -7.5000  -30.0000  -22.5000 8286.7227   21.5526
    0.0000  -30.0000  -22.5000 8604.2500   21.5458
    7.5000  -30.0000  -22.5000 8183.4551   21.5034
   -7.5000  -22.5000  -22.5000 9430.5527   21.2140
    0.0000  -22.5000  -22.5000 9794.1758   21.2110
    7.5000  -22.5000  -22.5000 9327.6816   21.1738
   -7.5000  -15.0000  -22.500010604.8711   21.1244
    0.0000  -15.0000  -22.500010995.2314   21.1186
    7.5000  -15.0000  -22.500010477.8184   21.0840
   -7.5000   -7.5000  -22.500011728.0020   21.0913
    0.0000   -7.5000  -22.500012153.7021   21.0779
    7.5000   -7.5000  -22.500011579.7549   21.0411
   -7.5000    0.0000  -22.500012770.9600   21.0975
    0.0000    0.0000  -22.500013244.2383   21.0817
    7.5000    0.0000  -22.500012580.3555   21.0420
   -7.5000    7.5000  -22.500012778.0244   21.1048
    0.0000    7.5000  -22.500013271.8438   21.0939
    7.5000    7.5000  -22.500012575.2852   21.0519
   -7.5000   15.0000  -22.500012664.5244   21.0905
    0.0000   15.0000  -22.500013185.0186   21.0850
    7.5000   15.0000  -22.500012472.6348   21.0435
   -7.5000   22.5000  -22.500012473.2969   21.0570
    0.0000   22.5000  -22.500012971.4893   21.0548
    7.5000   22.5000  -22.500012271.6426   21.0178
   -7.5000   30.0000  -22.500012218.9160   20.7852
    0.0000   30.0000  -22.500012700.8740   20.7799
    7.5000   30.0000  -22.500011985.8770   20.7457
   -7.5000   37.5000  -22.500012284.7129   20.8018
    0.0000   37.5000  -22.500012773.8789   20.7887
    7.5000   37.5000  -22.500012006.1602   20.7523
   -7.5000   45.0000  -22.500011758.6182   20.3179
    0.0000   45.0000  -22.500012257.5342   20.3027
    7.5000   45.0000  -22.500011486.2139   20.2644
   -7.5000  -45.0000  -15.0000 6822.0698   23.3900
    0.0000  -45.0000  -15.0000 7090.3423   23.3820
    7.5000  -45.0000  -15.0000 6754.2524   23.3421
   -7.5000  -37.5000  -15.0000 7614.6846   22.6567
    0.0000  -37.5000  -15.0000 7904.8599   22.6525
    7.5000  -37.5000  -15.0000 7521.6567   22.6125
   -7.5000  -30.0000  -15.0000 8783.0859   22.1508
    0.0000  -30.0000  -15.0000 9098.3662   22.1490
    7.5000  -30.0000  -15.0000 8668.6680   22.1125
   -7.5000  -22.5000  -15.0000 9992.6270   21.8004
    0.0000  -22.5000  -15.000010365.0605   21.8038
    7.5000  -22.5000  -15.0000 9887.0449   21.7757
   -7.5000  -15.0000  -15.000011242.5771   21.7000
    0.0000  -15.0000  -15.000011653.2510   21.7033
    7.5000  -15.0000  -15.000011097.4609   21.6786
   -7.5000   -7.5000  -15.000012444.2402   21.6649
    0.0000   -7.5000  -15.000012899.3838   21.6617
    7.5000   -7.5000  -15.000012255.9424   21.6312
   -7.5000    0.0000  -15.000013523.6621   21.6749
    0.0000    0.0000  -15.000014038.8887   21.6681
    7.5000    0.0000  -15.000013297.2959   21.6304
   -7.5000    7.5000  -15.000013461.3652   21.6858
    0.0000    7.5000  -15.000014002.6982   21.6811
    7.5000    7.5000  -15.000013244.1846   21.6414
   -7.5000   15.0000  -15.000013299.2217   21.6744
    0.0000   15.0000  -15.000013856.8242   21.6739
    7.5000   15.0000  -15.000013082.7383   21.6379
   -7.5000   22.5000  -15.000013091.1641   21.6373
    0.0000   22.5000  -15.000013684.0312   21.6415
    7.5000   22.5000  -15.000012880.0527   21.6133
   -7.5000   30.0000  -15.000012831.2314   21.3551
    0.0000   30.0000  -15.000013446.0244   21.3587
    7.5000   30.0000  -15.000012574.5742   21.3343
   -7.5000   37.5000  -15.000012884.6904   21.3707
    0.0000   37.5000  -15.000013535.8701   21.3677
    7.5000   37.5000  -15.000012599.0225   21.3375
   -7.5000   45.0000  -15.000012316.8154   20.8866
    0.0000   45.0000  -15.000012943.1934   20.8801
    7.5000   45.0000  -15.000012045.3379   20.8437
   -7.5000  -45.0000   -7.5000 7225.4404   23.6508
    0.0000  -45.0000   -7.5000 7504.0635   23.6517
    7.5000  -45.0000   -7.5000 7148.6030   23.6198
   -7.5000  -37.5000   -7.5000 8053.8125   22.9117
    0.0000  -37.5000   -7.5000 8345.0898   22.9111
    7.5000  -37.5000   -7.5000 7975.5020   22.8778
   -7.5000  -30.0000   -7.5000 9308.4336   22.4092
    0.0000  -30.0000   -7.5000 9649.4346   22.4047
    7.5000  -30.0000   -7.5000 9198.4102   22.3724
   -7.5000  -22.5000   -7.500010608.2686   22.0626
    0.0000  -22.5000   -7.500011010.9961   22.0628
    7.5000  -22.5000   -7.500010479.5107   22.0376
   -7.5000  -15.0000   -7.500011940.9766   21.9595
    0.0000  -15.0000   -7.500012405.8516   21.9635
    7.5000  -15.0000   -7.500011774.6338   21.9421
   -7.5000   -7.5000   -7.500013199.7734   21.9153
    0.0000   -7.5000   -7.500013724.7881   21.9178
    7.5000   -7.5000   -7.500013010.6260   21.8924
   -7.5000    0.0000   -7.500014318.5420   21.9200
    0.0000    0.0000   -7.500014908.7168   21.9204
    7.5000    0.0000   -7.500014097.3252   21.8887
   -7.5000    7.5000   -7.500014236.6055   21.9328
    0.0000    7.5000   -7.500014833.2109   21.9311
    7.5000    7.5000   -7.500014008.2432   21.8971
   -7.5000   15.0000   -7.500014002.0166   21.9282
    0.0000   15.0000   -7.500014634.9668   21.9252
    7.5000   15.0000   -7.500013793.3135   21.8934
   -7.5000   22.5000   -7.500013708.8721   21.8945
    0.0000   22.5000   -7.500014432.3984   21.8955
    7.5000   22.5000   -7.500013516.5176   21.8703
   -7.5000   30.0000   -7.500013382.9668   21.6097
    0.0000   30.0000   -7.500014095.8252   21.6139
    7.5000   30.0000   -7.500013195.2393   21.5928
   -7.5000   37.5000   -7.500013471.6211   21.6174
    0.0000   37.5000   -7.500014158.1211   21.6199
    7.5000   37.5000   -7.500013234.1943   21.5947
   -7.5000   45.0000   -7.500012879.8730   21.1268
    0.0000   45.0000   -7.500013525.9043   21.1271
    7.5000   45.0000   -7.500012653.9707   21.0965
   -7.5000  -45.0000    0.0000 7598.3960   23.6147
    0.0000  -45.0000    0.0000 7887.1450   23.6149
    7.5000  -45.0000    0.0000 7511.7524   23.5878
   -7.5000  -37.5000    0.0000 8476.0869   22.8768
    0.0000  -37.5000    0.0000 8795.4268   22.8739
    7.5000  -37.5000    0.0000 8380.2295   22.8448
   -7.5000  -30.0000    0.0000 9782.9785   22.3811
    0.0000  -30.0000    0.000010175.4824   22.3707
    7.5000  -30.0000    0.0000 9682.1582   22.3380
   -7.5000  -22.5000    0.000011147.8428   22.0476
    0.0000  -22.5000    0.000011610.3926   22.0401
    7.5000  -22.5000    0.000011028.4023   22.0101
   -7.5000  -15.0000    0.000012538.2090   21.9526
    0.0000  -15.0000    0.000013043.8945   21.9499
    7.5000  -15.0000    0.000012401.5703   21.9230
   -7.5000   -7.5000    0.000013865.2578   21.9006
    0.0000   -7.5000    0.000014418.4766   21.8996
    7.5000   -7.5000    0.000013691.8398   21.8731
   -7.5000    0.0000    0.000015023.0225   21.8944
    0.0000    0.0000    0.000015631.0918   21.8937
    7.5000    0.0000    0.000014823.9512   21.8660
   -7.5000    7.5000    0.000014992.4355   21.9040
    0.0000    7.5000    0.000015584.2217   21.9001
    7.5000    7.5000    0.000014743.5137   21.8698
   -7.5000   15.0000    0.000014686.3516   21.9031
    0.0000   15.0000    0.000015323.8252   21.8944
    7.5000   15.0000    0.000014459.0713   21.8623
   -7.5000   22.5000    0.000014246.2061   21.8797
    0.0000   22.5000    0.000014909.9580   21.8730
    7.5000   22.5000    0.000014104.0635   21.8432
   -7.5000   30.0000    0.000013855.0127   21.6027
    0.0000   30.0000    0.000014521.2559   21.6003
    7.5000   30.0000    0.000013736.9336   21.5738
   -7.5000   37.5000    0.000013944.9629   21.6034
    0.0000   37.5000    0.000014601.5469   21.6025
    7.5000   37.5000    0.000013793.3955   21.5764
   -7.5000   45.0000    0.000013349.6729   21.1037
    0.0000   45.0000    0.000013977.8662   21.1030
    7.5000   45.0000    0.000013180.3496   21.0763
   -7.5000  -45.0000    7.5000 7405.5513   23.5342
    0.0000  -45.0000    7.5000 7692.8164   23.5224
    7.5000  -45.0000    7.5000 7312.3140   23.4910
   -7.5000  -37.5000    7.5000 8259.7090   22.7978
    0.0000  -37.5000    7.5000 8582.6377   22.7876
    7.5000  -37.5000    7.5000 8172.7905   22.7542
   -7.5000  -30.0000    7.5000 9528.5918   22.3002
    0.0000  -30.0000    7.5000 9918.5020   22.2856
    7.5000  -30.0000    7.5000 9438.6006   22.2461
   -7.5000  -22.5000    7.500010842.0586   21.9699
    0.0000  -22.5000    7.500011300.1338   21.9568
    7.5000  -22.5000    7.500010741.0479   21.9181
   -7.5000  -15.0000    7.500012152.6426   21.8831
    0.0000  -15.0000    7.500012669.5410   21.8715
    7.5000  -15.0000    7.500012044.4150   21.8355
   -7.5000   -7.5000    7.500013416.1201   21.8334
    0.0000   -7.5000    7.500013984.0283   21.8211
    7.5000   -7.5000    7.500013264.3994   21.7883
   -7.5000    0.0000    7.500014493.7373   21.8240
    0.0000    0.0000    7.500015094.4473   21.8131
    7.5000    0.0000    7.500014348.8008   21.7824
   -7.5000    7.5000    7.500014564.4717   21.8300
    0.0000    7.5000    7.500015061.3818   21.8196
    7.5000    7.5000    7.500014316.0078   21.7857
   -7.5000   15.0000    7.500014355.6318   21.8252
    0.0000   15.0000    7.500014856.1416   21.8124
    7.5000   15.0000    7.500014085.1963   21.7739
   -7.5000   22.5000    7.500013835.3418   21.8032
    0.0000   22.5000    7.500014349.9600   21.7911
    7.5000   22.5000    7.500013714.0762   21.7526
   -7.5000   30.0000    7.500013401.2461   21.5339
    0.0000   30.0000    7.500013945.5322   21.5228
    7.5000   30.0000    7.500013338.5771   21.4873
   -7.5000   37.5000    7.500013454.7070   21.5370
    0.0000   37.5000    7.500014032.5000   21.5249
    7.5000   37.5000    7.500013364.2070   21.4926
   -7.5000   45.0000    7.500012891.7393   21.0358
    0.0000   45.0000    7.500013470.4258   21.0253
    7.5000   45.0000    7.500012774.3379   20.9957
   -7.5000  -45.0000   15.0000 7051.1484   23.5353
    0.0000  -45.0000   15.0000 7336.5747   23.5131
    7.5000  -45.0000   15.0000 7002.9785   23.4726
   -7.5000  -37.5000   15.0000 7897.9678   22.7984
    0.0000  -37.5000   15.0000 8236.6367   22.7832
    7.5000  -37.5000   15.0000 7843.2534   22.7415
   -7.5000  -30.0000   15.0000 9123.9766   22.2920
    0.0000  -30.0000   15.0000 9529.7539   22.2782
    7.5000  -30.0000   15.0000 9053.5264   22.2322
   -7.5000  -22.5000   15.000010393.1436   21.9517
    0.0000  -22.5000   15.000010818.9209   21.9398
    7.5000  -22.5000   15.000010277.2598   21.8957
   -7.5000  -15.0000   15.000011645.0107   21.8653
    0.0000  -15.0000   15.000012101.0186   21.8512
    7.5000  -15.0000   15.000011512.7920   21.8097
   -7.5000   -7.5000   15.000012834.1611   21.8247
    0.0000   -7.5000   15.000013320.4570   21.8052
    7.5000   -7.5000   15.000012674.8018   21.7661
   -7.5000    0.0000   15.000013878.0195   21.8224
    0.0000    0.0000   15.000014351.7832   21.8031
    7.5000    0.0000   15.000013737.2520   21.7653
   -7.5000    7.5000   15.000013880.8975   21.8282
    0.0000    7.5000   15.000014369.0332   21.8135
    7.5000    7.5000   15.000013720.3945   21.7723
   -7.5000   15.0000   15.000013785.3389   21.8164
    0.0000   15.0000   15.000014226.0400   21.8042
    7.5000   15.0000   15.000013540.4775   21.7593
   -7.5000   22.5000   15.000013371.2930   21.7859
    0.0000   22.5000   15.000013793.5703   21.7750
    7.5000   22.5000   15.000013198.9355   21.7312
   -7.5000   30.0000   15.000012936.2061   21.5166
    0.0000   30.0000   15.000013404.4951   21.5030
    7.5000   30.0000   15.000012823.8789   21.4622
   -7.5000   37.5000   15.000012936.9023   21.5281
    0.0000   37.5000   15.000013430.7822   21.5090
    7.5000   37.5000   15.000012818.2412   21.4704
   -7.5000   45.0000   15.000012392.4375   21.0343
    0.0000   45.0000   15.000012844.5820   21.0157
    7.5000   45.0000   15.000012232.0820   20.9792
   -7.5000  -45.0000   22.5000 6668.2476   23.6286
    0.0000  -45.0000   22.5000 6928.7051   23.6093
    7.5000  -45.0000   22.5000 6614.2896   23.5647
   -7.5000  -37.5000   22.5000 7493.1650   22.8874
    0.0000  -37.5000   22.5000 7790.9727   22.8758
    7.5000  -37.5000   22.5000 7428.3447   22.8313
   -7.5000  -30.0000   22.5000 8653.4150   22.3735
    0.0000  -30.0000   22.5000 9032.5928   22.3665
    7.5000  -30.0000   22.5000 8602.4326   22.3225
   -7.5000  -22.5000   22.5000 9832.7422   22.0221
    0.0000  -22.5000   22.500010253.1875   22.0190
    7.5000  -22.5000   22.5000 9743.5742   21.9804
   -7.5000  -15.0000   22.500010982.2109   21.9291
    0.0000  -15.0000   22.500011456.5918   21.9231
    7.5000  -15.0000   22.500010892.6611   21.8872
   -7.5000   -7.5000   22.500012104.4697   21.8948
    0.0000   -7.5000   22.500012581.6572   21.8808
    7.5000   -7.5000   22.500011969.3662   21.8426
   -7.5000    0.0000   22.500013143.0791   21.9012
    0.0000    0.0000   22.500013583.3877   21.8848
    7.5000    0.0000   22.500012986.3047   21.8435
   -7.5000    7.5000   22.500013161.1504   21.9087
    0.0000    7.5000   22.500013612.0781   21.8974
    7.5000    7.5000   22.500013025.7871   21.8538
   -7.5000   15.0000   22.500013024.5166   21.8938
    0.0000   15.0000   22.500013452.5547   21.8882
    7.5000   15.0000   22.500012883.0947   21.8451
   -7.5000   22.5000   22.500012820.4766   21.8558
    0.0000   22.5000   22.500013160.7256   21.8535
    7.5000   22.5000   22.500012611.7900   21.8151
   -7.5000   30.0000   22.500012576.1787   21.5800
    0.0000   30.0000   22.500012865.1719   21.5745
    7.5000   30.0000   22.500012265.9102   21.5390
   -7.5000   37.5000   22.500012566.2031   21.5973
    0.0000   37.5000   22.500012828.7637   21.5836
    7.5000   37.5000   22.500012193.4697   21.5458
   -7.5000   45.0000   22.500011956.5381   21.1102
    0.0000   45.0000   22.500012220.7949   21.0944
    7.5000   45.0000   22.500011598.4238   21.0546
   -7.5000  -45.0000   30.0000 6182.1147   23.7629
    0.0000  -45.0000   30.0000 6431.6509   23.7546
    7.5000  -45.0000   30.0000 6140.8237   23.7142
   -7.5000  -37.5000   30.0000 6954.7056   23.0159
    0.0000  -37.5000   30.0000 7246.0171   23.0114
    7.5000  -37.5000   30.0000 6899.6621   22.9708
   -7.5000  -30.0000   30.0000 8069.1982   22.5011
    0.0000  -30.0000   30.0000 8444.6387   22.4991
    7.5000  -30.0000   30.0000 8031.7407   22.4620
   -7.5000  -22.5000   30.0000 9170.1650   22.1452
    0.0000  -22.5000   30.0000 9587.1572   22.1486
    7.5000  -22.5000   30.0000 9124.3535   22.1200
   -7.5000  -15.0000   30.000010256.8701   22.0436
    0.0000  -15.0000   30.000010677.1455   22.0468
    7.5000  -15.0000   30.000010215.5635   22.0219
   -7.5000   -7.5000   30.000011337.4619   22.0075
    0.0000   -7.5000   30.000011742.5293   22.0042
    7.5000   -7.5000   30.000011229.6270   21.9733
   -7.5000    0.0000   30.000012341.0908   22.0171
    0.0000    0.0000   30.000012729.9619   22.0101
    7.5000    0.0000   30.000012192.1973   21.9718
   -7.5000    7.5000   30.000012407.9209   22.0276
    0.0000    7.5000   30.000012806.8027   22.0227
    7.5000    7.5000   30.000012233.5244   21.9824
   -7.5000   15.0000   30.000012346.9619   22.0162
    0.0000   15.0000   30.000012701.3115   22.0155
    7.5000   15.0000   30.000012110.2344   21.9790
   -7.5000   22.5000   30.000012152.0137   21.9769
    0.0000   22.5000   30.000012470.9141   21.9809
    7.5000   22.5000   30.000011871.2461   21.9524
   -7.5000   30.0000   30.000011834.2559   21.6931
    0.0000   30.0000   30.000012196.9326   21.6966
    7.5000   30.0000   30.000011571.0596   21.6719
   -7.5000   37.5000   30.000011764.5781   21.7087
    0.0000   37.5000   30.000012171.9268   21.7055
    7.5000   37.5000   30.000011516.1377   21.6749
   -7.5000   45.0000   30.000011164.0303   21.2219
    0.0000   45.0000   30.000011558.9922   21.2152
    7.5000   45.0000   30.000010937.3838   21.1783
   -7.5000  -45.0000   37.5000 5874.5029   23.8263
    0.0000  -45.0000   37.5000 6119.7090   23.8272
    7.5000  -45.0000   37.5000 5843.2246   23.7954
   -7.5000  -37.5000   37.5000 6609.1797   23.0812
    0.0000  -37.5000   37.5000 6887.4756   23.0805
    7.5000  -37.5000   37.5000 6576.4272   23.0472
   -7.5000  -30.0000   37.5000 7686.6577   22.5726
    0.0000  -30.0000   37.5000 8028.1870   22.5680
    7.5000  -30.0000   37.5000 7652.7759   22.5357
   -7.5000  -22.5000   37.5000 8777.1943   22.2219
    0.0000  -22.5000   37.5000 9171.9424   22.2220
    7.5000  -22.5000   37.5000 8736.0654   22.1969
   -7.5000  -15.0000   37.5000 9859.2607   22.1174
    0.0000  -15.0000   37.500010263.7979   22.1213
    7.5000  -15.0000   37.5000 9785.0068   22.1002
   -7.5000   -7.5000   37.500010910.6426   22.0722
    0.0000   -7.5000   37.500011338.1924   22.0747
    7.5000   -7.5000   37.500010778.1455   22.0494
   -7.5000    0.0000   37.500011959.5986   22.0768
    0.0000    0.0000   37.500012402.8096   22.0771
    7.5000    0.0000   37.500011782.5449   22.0454
   -7.5000    7.5000   37.500012074.4355   22.0900
    0.0000    7.5000   37.500012527.1240   22.0882
    7.5000    7.5000   37.500011884.1309   22.0541
   -7.5000   15.0000   37.500011982.8076   22.0856
    0.0000   15.0000   37.500012434.1328   22.0826
    7.5000   15.0000   37.500011790.5381   22.0507
   -7.5000   22.5000   37.500011738.7842   22.0518
    0.0000   22.5000   37.500012155.4922   22.0527
    7.5000   22.5000   37.500011555.2080   22.0276
   -7.5000   30.0000   37.500011388.9668   21.7653
    0.0000   30.0000   37.500011803.7100   21.7695
    7.5000   30.0000   37.500011241.6826   21.7486
   -7.5000   37.5000   37.500011306.1445   21.7726
    0.0000   37.5000   37.500011714.5234   21.7752
    7.5000   37.5000   37.500011186.9316   21.7501
   -7.5000   45.0000   37.500010759.3311   21.2795
    0.0000   45.0000   37.500011126.6006   21.2797
    7.5000   45.0000   37.500010638.3730   21.2492
   -7.5000  -45.0000   45.0000 5256.4878   23.6869
    0.0000  -45.0000   45.0000 5475.4092   23.6872
    7.5000  -45.0000   45.0000 5231.0303   23.6606
   -7.5000  -37.5000   45.0000 5932.1206   22.9498
    0.0000  -37.5000   45.0000 6191.7109   22.9469
    7.5000  -37.5000   45.0000 5905.9629   22.9180
   -7.5000  -30.0000   45.0000 6904.2524   22.4471
    0.0000  -30.0000   45.0000 7219.0928   22.4366
    7.5000  -30.0000   45.0000 6875.5630   22.4041
   -7.5000  -22.5000   45.0000 7937.3799   22.1091
    0.0000  -22.5000   45.0000 8295.8379   22.1015
    7.5000  -22.5000   45.0000 7884.0972   22.0719
   -7.5000  -15.0000   45.0000 8944.5117   22.0131
    0.0000  -15.0000   45.0000 9335.7539   22.0104
    7.5000  -15.0000   45.0000 8851.9844   21.9840
   -7.5000   -7.5000   45.0000 9935.9141   21.9611
    0.0000   -7.5000   45.000010352.9951   21.9601
    7.5000   -7.5000   45.0000 9787.5117   21.9341
   -7.5000    0.0000   45.000010866.8574   21.9552
    0.0000    0.0000   45.000011342.9492   21.9546
    7.5000    0.0000   45.000010716.9180   21.9272
   -7.5000    7.5000   45.000010929.1113   21.9647
    0.0000    7.5000   45.000011413.4336   21.9608
    7.5000    7.5000   45.000010796.6680   21.9307
   -7.5000   15.0000   45.000010874.8643   21.9632
    0.0000   15.0000   45.000011322.4492   21.9544
    7.5000   15.0000   45.000010722.3633   21.9225
   -7.5000   22.5000   45.000010675.1631   21.9391
    0.0000   22.5000   45.000011090.4414   21.9324
    7.5000   22.5000   45.000010533.3965   21.9029
   -7.5000   30.0000   45.000010358.2725   21.6597
    0.0000   30.0000   45.000010742.9639   21.6574
    7.5000   30.0000   45.000010239.6240   21.6313
   -7.5000   37.5000   45.000010298.0146   21.6611
    0.0000   37.5000   45.000010669.5762   21.6603
    7.5000   37.5000   45.000010182.7412   21.6346
   -7.5000   45.0000   45.0000 9818.7061   21.1719
    0.0000   45.0000   45.000010178.3223   21.1713
    7.5000   45.0000   45.0000 9706.3018   21.1449

---------------------------------------------------------------------
imgreg_4dfp /opt/freesurfer/average/711-2C_as_mni_average_305 /opt/freesurfer/average/711-2B_as_mni_average_305_mask talsrcimg_g11 none talsrcimg_to_711-2C_as_mni_average_305_t4 4355
---------------------------------------------------------------------

freesurfer imgreg_4dfp.c
/opt/freesurfer/average/711-2C_as_mni_average_305.4dfp.img
       256       256       256         1
  1.000000  1.000000  1.000000
orientation T byte_order littleendian
Reading image: /opt/freesurfer/average/711-2C_as_mni_average_305.4dfp.img
dimensions:      256       256       256
mmppix:       1.0000   -1.0000   -1.0000
center:     128.0000 -129.0000 -129.0000
/opt/freesurfer/average/711-2B_as_mni_average_305_mask.4dfp.img
       256       256       256         1
  1.000000  1.000000  1.000000
orientation T byte_order littleendian
Reading mask: /opt/freesurfer/average/711-2B_as_mni_average_305_mask.4dfp.img (2306576 pixels)
talsrcimg_g11.4dfp.img
       256       256       256         1
  1.000000  1.000000  1.000000
orientation T byte_order littleendian
Reading image: talsrcimg_g11.4dfp.img
dimensions:      256       256       256
mmppix:       1.0000   -1.0000   -1.0000
center:     128.0000 -129.0000 -129.0000
rotation matrix determinant  1.000000
image alignment mode   4355 decimal     1103 hex
   -7.5000  -45.0000  -45.0000 1523.4113   36.2250
    0.0000  -45.0000  -45.0000 1516.4282   36.4460
    7.5000  -45.0000  -45.0000 1493.9274   37.1121
   -7.5000  -37.5000  -45.0000 1641.0498   31.2920
    0.0000  -37.5000  -45.0000 1633.5853   31.4217
    7.5000  -37.5000  -45.0000 1613.8685   32.0203
   -7.5000  -30.0000  -45.0000 1750.5051   27.2404
    0.0000  -30.0000  -45.0000 1741.8297   27.3852
    7.5000  -30.0000  -45.0000 1725.2058   27.9590
   -7.5000  -22.5000  -45.0000 1858.6693   23.9819
    0.0000  -22.5000  -45.0000 1853.5308   24.1285
    7.5000  -22.5000  -45.0000 1835.5535   24.5868
   -7.5000  -15.0000  -45.0000 1965.9227   21.5004
    0.0000  -15.0000  -45.0000 1958.3446   21.6265
    7.5000  -15.0000  -45.0000 1938.9283   21.9917
   -7.5000   -7.5000  -45.0000 2056.6580   19.6063
    0.0000   -7.5000  -45.0000 2049.2490   19.6887
    7.5000   -7.5000  -45.0000 2029.9044   19.9511
   -7.5000    0.0000  -45.0000 2133.4521   18.1050
    0.0000    0.0000  -45.0000 2127.7268   18.1417
    7.5000    0.0000  -45.0000 2111.9304   18.4254
   -7.5000    7.5000  -45.0000 2190.1655   17.1293
    0.0000    7.5000  -45.0000 2184.6511   17.1763
    7.5000    7.5000  -45.0000 2164.1812   17.4355
   -7.5000   15.0000  -45.0000 2225.5195   16.5548
    0.0000   15.0000  -45.0000 2222.6313   16.5642
    7.5000   15.0000  -45.0000 2194.4814   16.8749
   -7.5000   22.5000  -45.0000 2236.0168   16.4693
    0.0000   22.5000  -45.0000 2233.8357   16.4864
    7.5000   22.5000  -45.0000 2204.8755   16.8279
   -7.5000   30.0000  -45.0000 2229.7085   16.7089
    0.0000   30.0000  -45.0000 2225.3206   16.7341
    7.5000   30.0000  -45.0000 2198.0632   17.0677
   -7.5000   37.5000  -45.0000 2209.6465   17.2991
    0.0000   37.5000  -45.0000 2202.6738   17.2818
    7.5000   37.5000  -45.0000 2170.1143   17.6077
   -7.5000   45.0000  -45.0000 2159.4526   18.2042
    0.0000   45.0000  -45.0000 2156.1772   18.1584
    7.5000   45.0000  -45.0000 2123.8445   18.4918
   -7.5000  -45.0000  -37.5000 1574.5757   33.6094
    0.0000  -45.0000  -37.5000 1569.3568   33.7751
    7.5000  -45.0000  -37.5000 1548.4502   34.3920
   -7.5000  -37.5000  -37.5000 1697.6726   28.8885
    0.0000  -37.5000  -37.5000 1693.7311   29.0326
    7.5000  -37.5000  -37.5000 1679.1187   29.6259
   -7.5000  -30.0000  -37.5000 1818.0984   25.2033
    0.0000  -30.0000  -37.5000 1813.5978   25.3093
    7.5000  -30.0000  -37.5000 1800.2976   25.7644
   -7.5000  -22.5000  -37.5000 1937.2748   22.2842
    0.0000  -22.5000  -37.5000 1931.6898   22.3553
    7.5000  -22.5000  -37.5000 1911.5642   22.7156
   -7.5000  -15.0000  -37.5000 2047.2770   19.9680
    0.0000  -15.0000  -37.5000 2038.5172   20.0359
    7.5000  -15.0000  -37.5000 2017.3085   20.3410
   -7.5000   -7.5000  -37.5000 2148.1853   18.1146
    0.0000   -7.5000  -37.5000 2138.4580   18.1937
    7.5000   -7.5000  -37.5000 2115.5754   18.4293
   -7.5000    0.0000  -37.5000 2229.8699   16.7326
    0.0000    0.0000  -37.5000 2223.8323   16.7509
    7.5000    0.0000  -37.5000 2199.4094   16.9863
   -7.5000    7.5000  -37.5000 2297.5889   15.8000
    0.0000    7.5000  -37.5000 2295.2764   15.8164
    7.5000    7.5000  -37.5000 2267.9700   16.0414
   -7.5000   15.0000  -37.5000 2325.6140   15.2564
    0.0000   15.0000  -37.5000 2323.0898   15.2842
    7.5000   15.0000  -37.5000 2297.3777   15.5135
   -7.5000   22.5000  -37.5000 2339.6545   15.1539
    0.0000   22.5000  -37.5000 2339.6411   15.1492
    7.5000   22.5000  -37.5000 2311.2183   15.4109
   -7.5000   30.0000  -37.5000 2338.6052   15.3349
    0.0000   30.0000  -37.5000 2339.3140   15.3295
    7.5000   30.0000  -37.5000 2308.4712   15.6181
   -7.5000   37.5000  -37.5000 2315.6638   15.8358
    0.0000   37.5000  -37.5000 2316.2844   15.8133
    7.5000   37.5000  -37.5000 2283.7451   16.0864
   -7.5000   45.0000  -37.5000 2266.3931   16.6105
    0.0000   45.0000  -37.5000 2266.6902   16.5729
    7.5000   45.0000  -37.5000 2232.8589   16.8636
   -7.5000  -45.0000  -30.0000 1655.2427   32.7367
    0.0000  -45.0000  -30.0000 1652.6179   32.8889
    7.5000  -45.0000  -30.0000 1631.5446   33.4637
   -7.5000  -37.5000  -30.0000 1782.4490   28.0891
    0.0000  -37.5000  -30.0000 1779.4021   28.2146
    7.5000  -37.5000  -30.0000 1762.9788   28.6933
   -7.5000  -30.0000  -30.0000 1908.3455   24.3983
    0.0000  -30.0000  -30.0000 1903.5577   24.5364
    7.5000  -30.0000  -30.0000 1889.3324   24.9333
   -7.5000  -22.5000  -30.0000 2037.8723   21.5964
    0.0000  -22.5000  -30.0000 2035.4788   21.7061
    7.5000  -22.5000  -30.0000 2014.2744   22.0067
   -7.5000  -15.0000  -30.0000 2158.5659   19.3607
    0.0000  -15.0000  -30.0000 2157.8386   19.4084
    7.5000  -15.0000  -30.0000 2132.3564   19.6833
   -7.5000   -7.5000  -30.0000 2265.3342   17.5344
    0.0000   -7.5000  -30.0000 2265.0657   17.6006
    7.5000   -7.5000  -30.0000 2238.1753   17.8253
   -7.5000    0.0000  -30.0000 2357.0596   16.1522
    0.0000    0.0000  -30.0000 2351.8823   16.1633
    7.5000    0.0000  -30.0000 2328.3816   16.3900
   -7.5000    7.5000  -30.0000 2430.7327   15.1804
    0.0000    7.5000  -30.0000 2428.7026   15.1954
    7.5000    7.5000  -30.0000 2402.0469   15.4060
   -7.5000   15.0000  -30.0000 2473.0374   14.6756
    0.0000   15.0000  -30.0000 2466.0264   14.6884
    7.5000   15.0000  -30.0000 2439.7705   14.9017
   -7.5000   22.5000  -30.0000 2490.6509   14.5008
    0.0000   22.5000  -30.0000 2485.5454   14.5018
    7.5000   22.5000  -30.0000 2460.3347   14.7120
   -7.5000   30.0000  -30.0000 2487.4666   14.6650
    0.0000   30.0000  -30.0000 2486.8123   14.6574
    7.5000   30.0000  -30.0000 2453.0063   14.8887
   -7.5000   37.5000  -30.0000 2466.1616   15.1507
    0.0000   37.5000  -30.0000 2466.8052   15.1389
    7.5000   37.5000  -30.0000 2430.1968   15.3708
   -7.5000   45.0000  -30.0000 2417.9597   15.8947
    0.0000   45.0000  -30.0000 2421.5769   15.8932
    7.5000   45.0000  -30.0000 2384.5652   16.1155
   -7.5000  -45.0000  -22.5000 1703.0715   31.7547
    0.0000  -45.0000  -22.5000 1703.6042   31.8696
    7.5000  -45.0000  -22.5000 1683.8307   32.3656
   -7.5000  -37.5000  -22.5000 1836.9142   27.2180
    0.0000  -37.5000  -22.5000 1836.4032   27.3888
    7.5000  -37.5000  -22.5000 1821.1310   27.8083
   -7.5000  -30.0000  -22.5000 1972.6626   23.7218
    0.0000  -30.0000  -22.5000 1970.4303   23.8494
    7.5000  -30.0000  -22.5000 1952.0778   24.1987
   -7.5000  -22.5000  -22.5000 2110.3728   20.9165
    0.0000  -22.5000  -22.5000 2109.9365   21.0238
    7.5000  -22.5000  -22.5000 2088.7385   21.3399
   -7.5000  -15.0000  -22.5000 2239.5603   18.7264
    0.0000  -15.0000  -22.5000 2238.2471   18.7602
    7.5000  -15.0000  -22.5000 2216.0513   19.0380
   -7.5000   -7.5000  -22.5000 2349.9517   16.9770
    0.0000   -7.5000  -22.5000 2348.9341   17.0016
    7.5000   -7.5000  -22.5000 2325.3926   17.2574
   -7.5000    0.0000  -22.5000 2443.2192   15.6287
    0.0000    0.0000  -22.5000 2441.2722   15.6347
    7.5000    0.0000  -22.5000 2416.2395   15.8540
   -7.5000    7.5000  -22.5000 2528.0669   14.6309
    0.0000    7.5000  -22.5000 2525.8721   14.6455
    7.5000    7.5000  -22.5000 2494.0940   14.8434
   -7.5000   15.0000  -22.5000 2587.3154   14.0421
    0.0000   15.0000  -22.5000 2585.7371   14.0743
    7.5000   15.0000  -22.5000 2552.0159   14.2680
   -7.5000   22.5000  -22.5000 2615.9414   13.8500
    0.0000   22.5000  -22.5000 2610.5732   13.8914
    7.5000   22.5000  -22.5000 2579.6719   14.0632
   -7.5000   30.0000  -22.5000 2614.9604   14.0221
    0.0000   30.0000  -22.5000 2613.1025   14.0522
    7.5000   30.0000  -22.5000 2582.4253   14.2292
   -7.5000   37.5000  -22.5000 2595.1145   14.5207
    0.0000   37.5000  -22.5000 2596.3618   14.5256
    7.5000   37.5000  -22.5000 2558.1792   14.6976
   -7.5000   45.0000  -22.5000 2542.8667   15.2287
    0.0000   45.0000  -22.5000 2549.4019   15.2187
    7.5000   45.0000  -22.5000 2508.5757   15.3847
   -7.5000  -45.0000  -15.0000 1728.3174   30.8441
    0.0000  -45.0000  -15.0000 1727.8490   31.0638
    7.5000  -45.0000  -15.0000 1715.3553   31.5624
   -7.5000  -37.5000  -15.0000 1870.3369   26.4860
    0.0000  -37.5000  -15.0000 1869.2430   26.6861
    7.5000  -37.5000  -15.0000 1852.9738   27.0825
   -7.5000  -30.0000  -15.0000 2010.2106   23.1228
    0.0000  -30.0000  -15.0000 2007.9821   23.2372
    7.5000  -30.0000  -15.0000 1990.8062   23.5703
   -7.5000  -22.5000  -15.0000 2152.2400   20.3405
    0.0000  -22.5000  -15.0000 2152.0049   20.4231
    7.5000  -22.5000  -15.0000 2134.4360   20.7438
   -7.5000  -15.0000  -15.0000 2287.1748   18.1622
    0.0000  -15.0000  -15.0000 2282.4751   18.1721
    7.5000  -15.0000  -15.0000 2260.9675   18.4472
   -7.5000   -7.5000  -15.0000 2405.4778   16.4317
    0.0000   -7.5000  -15.0000 2402.1289   16.4878
    7.5000   -7.5000  -15.0000 2375.5181   16.7322
   -7.5000    0.0000  -15.0000 2503.1753   15.1174
    0.0000    0.0000  -15.0000 2501.2996   15.1947
    7.5000    0.0000  -15.0000 2470.4275   15.3793
   -7.5000    7.5000  -15.0000 2588.2979   14.1632
    0.0000    7.5000  -15.0000 2589.2122   14.1980
    7.5000    7.5000  -15.0000 2557.0562   14.3980
   -7.5000   15.0000  -15.0000 2660.3774   13.5385
    0.0000   15.0000  -15.0000 2662.6770   13.5779
    7.5000   15.0000  -15.0000 2625.2483   13.7743
   -7.5000   22.5000  -15.0000 2704.5996   13.3015
    0.0000   22.5000  -15.0000 2701.9128   13.3762
    7.5000   22.5000  -15.0000 2669.7000   13.5386
   -7.5000   30.0000  -15.0000 2717.1440   13.4616
    0.0000   30.0000  -15.0000 2718.6643   13.5084
    7.5000   30.0000  -15.0000 2680.0305   13.6424
   -7.5000   37.5000  -15.0000 2695.7634   13.9494
    0.0000   37.5000  -15.0000 2703.3101   13.9648
    7.5000   37.5000  -15.0000 2661.6462   14.0730
   -7.5000   45.0000  -15.0000 2641.0078   14.6303
    0.0000   45.0000  -15.0000 2652.1372   14.6648
    7.5000   45.0000  -15.0000 2609.6689   14.7992
   -7.5000  -45.0000   -7.5000 1745.7667   30.0216
    0.0000  -45.0000   -7.5000 1742.9955   30.2055
    7.5000  -45.0000   -7.5000 1734.5659   30.7353
   -7.5000  -37.5000   -7.5000 1886.4955   25.7559
    0.0000  -37.5000   -7.5000 1886.7697   25.9154
    7.5000  -37.5000   -7.5000 1875.2881   26.3446
   -7.5000  -30.0000   -7.5000 2035.6627   22.4614
    0.0000  -30.0000   -7.5000 2034.1444   22.5450
    7.5000  -30.0000   -7.5000 2015.7714   22.9547
   -7.5000  -22.5000   -7.5000 2182.2917   19.7979
    0.0000  -22.5000   -7.5000 2180.4368   19.8240
    7.5000  -22.5000   -7.5000 2159.1162   20.1592
   -7.5000  -15.0000   -7.5000 2318.8562   17.6105
    0.0000  -15.0000   -7.5000 2321.1194   17.6397
    7.5000  -15.0000   -7.5000 2294.2883   17.9213
   -7.5000   -7.5000   -7.5000 2442.7563   15.9218
    0.0000   -7.5000   -7.5000 2444.1594   15.9740
    7.5000   -7.5000   -7.5000 2415.6877   16.2253
   -7.5000    0.0000   -7.5000 2544.6953   14.6399
    0.0000    0.0000   -7.5000 2547.1165   14.6954
    7.5000    0.0000   -7.5000 2514.7678   14.9358
   -7.5000    7.5000   -7.5000 2633.6875   13.7091
    0.0000    7.5000   -7.5000 2635.9614   13.7771
    7.5000    7.5000   -7.5000 2602.7727   13.9852
   -7.5000   15.0000   -7.5000 2713.3718   13.0601
    0.0000   15.0000   -7.5000 2713.9443   13.0986
    7.5000   15.0000   -7.5000 2674.5830   13.3148
   -7.5000   22.5000   -7.5000 2762.8186   12.7471
    0.0000   22.5000   -7.5000 2769.3120   12.8449
    7.5000   22.5000   -7.5000 2723.6738   13.0033
   -7.5000   30.0000   -7.5000 2786.6982   12.8679
    0.0000   30.0000   -7.5000 2795.8521   12.9632
    7.5000   30.0000   -7.5000 2748.1252   13.1079
   -7.5000   37.5000   -7.5000 2774.2207   13.3034
    0.0000   37.5000   -7.5000 2783.0420   13.3718
    7.5000   37.5000   -7.5000 2729.9023   13.5246
   -7.5000   45.0000   -7.5000 2711.7732   13.9813
    0.0000   45.0000   -7.5000 2722.0447   14.0155
    7.5000   45.0000   -7.5000 2675.8281   14.2185
   -7.5000  -45.0000    0.0000 1749.0253   29.6186
    0.0000  -45.0000    0.0000 1748.0477   29.8002
    7.5000  -45.0000    0.0000 1739.0457   30.3170
   -7.5000  -37.5000    0.0000 1894.6196   25.3656
    0.0000  -37.5000    0.0000 1893.7373   25.4518
    7.5000  -37.5000    0.0000 1880.3378   25.9394
   -7.5000  -30.0000    0.0000 2043.3923   22.0586
    0.0000  -30.0000    0.0000 2045.1520   22.1209
    7.5000  -30.0000    0.0000 2028.7902   22.5362
   -7.5000  -22.5000    0.0000 2185.3723   19.3584
    0.0000  -22.5000    0.0000 2193.6868   19.4286
    7.5000  -22.5000    0.0000 2171.7217   19.7521
   -7.5000  -15.0000    0.0000 2324.9404   17.2222
    0.0000  -15.0000    0.0000 2331.5054   17.2257
    7.5000  -15.0000    0.0000 2306.3308   17.5463
   -7.5000   -7.5000    0.0000 2457.9536   15.5698
    0.0000   -7.5000    0.0000 2457.6008   15.5564
    7.5000   -7.5000    0.0000 2429.9248   15.8853
   -7.5000    0.0000    0.0000 2567.7920   14.2858
    0.0000    0.0000    0.0000 2567.1716   14.3054
    7.5000    0.0000    0.0000 2538.7109   14.6361
   -7.5000    7.5000    0.0000 2664.4192   13.3621
    0.0000    7.5000    0.0000 2666.0735   13.3759
    7.5000    7.5000    0.0000 2636.7332   13.6735
   -7.5000   15.0000    0.0000 2746.4353   12.7245
    0.0000   15.0000    0.0000 2747.7195   12.7596
    7.5000   15.0000    0.0000 2709.7634   12.9858
   -7.5000   22.5000    0.0000 2810.3330   12.3018
    0.0000   22.5000    0.0000 2815.8237   12.4051
    7.5000   22.5000    0.0000 2767.4138   12.6332
   -7.5000   30.0000    0.0000 2832.5518   12.3721
    0.0000   30.0000    0.0000 2842.2368   12.4599
    7.5000   30.0000    0.0000 2789.6680   12.7059
   -7.5000   37.5000    0.0000 2818.9106   12.8196
    0.0000   37.5000    0.0000 2826.4624   12.8549
    7.5000   37.5000    0.0000 2777.2595   13.1084
   -7.5000   45.0000    0.0000 2754.8787   13.4891
    0.0000   45.0000    0.0000 2759.4717   13.5136
    7.5000   45.0000    0.0000 2716.3721   13.7399
   -7.5000  -45.0000    7.5000 1753.4250   29.8100
    0.0000  -45.0000    7.5000 1751.2943   29.9618
    7.5000  -45.0000    7.5000 1739.8185   30.4504
   -7.5000  -37.5000    7.5000 1893.4296   25.4180
    0.0000  -37.5000    7.5000 1898.3317   25.3971
    7.5000  -37.5000    7.5000 1886.0060   25.9194
   -7.5000  -30.0000    7.5000 2036.0906   21.9817
    0.0000  -30.0000    7.5000 2045.4445   21.9785
    7.5000  -30.0000    7.5000 2029.6631   22.4185
   -7.5000  -22.5000    7.5000 2177.2644   19.2574
    0.0000  -22.5000    7.5000 2184.8352   19.2352
    7.5000  -22.5000    7.5000 2169.0024   19.6499
   -7.5000  -15.0000    7.5000 2312.5527   17.0712
    0.0000  -15.0000    7.5000 2316.7446   17.0506
    7.5000  -15.0000    7.5000 2297.8682   17.4663
   -7.5000   -7.5000    7.5000 2448.1150   15.4087
    0.0000   -7.5000    7.5000 2450.2065   15.3809
    7.5000   -7.5000    7.5000 2425.1172   15.7573
   -7.5000    0.0000    7.5000 2563.6702   14.1264
    0.0000    0.0000    7.5000 2566.6670   14.0951
    7.5000    0.0000    7.5000 2538.6482   14.4549
   -7.5000    7.5000    7.5000 2670.5430   13.1823
    0.0000    7.5000    7.5000 2672.0168   13.1404
    7.5000    7.5000    7.5000 2642.9133   13.4878
   -7.5000   15.0000    7.5000 2762.1704   12.6215
    0.0000   15.0000    7.5000 2765.3445   12.5620
    7.5000   15.0000    7.5000 2729.7751   12.8475
   -7.5000   22.5000    7.5000 2832.4592   12.1447
    0.0000   22.5000    7.5000 2840.6394   12.1414
    7.5000   22.5000    7.5000 2790.7266   12.4763
   -7.5000   30.0000    7.5000 2857.3342   12.1455
    0.0000   30.0000    7.5000 2864.4829   12.1485
    7.5000   30.0000    7.5000 2812.5828   12.5177
   -7.5000   37.5000    7.5000 2839.3376   12.5468
    0.0000   37.5000    7.5000 2846.4712   12.5615
    7.5000   37.5000    7.5000 2799.3652   12.8433
   -7.5000   45.0000    7.5000 2772.3298   13.2188
    0.0000   45.0000    7.5000 2777.1265   13.2433
    7.5000   45.0000    7.5000 2734.4351   13.4846
   -7.5000  -45.0000   15.0000 1727.4219   30.4527
    0.0000  -45.0000   15.0000 1728.6439   30.4467
    7.5000  -45.0000   15.0000 1722.7427   31.0777
   -7.5000  -37.5000   15.0000 1873.3235   25.8368
    0.0000  -37.5000   15.0000 1880.5729   25.8478
    7.5000  -37.5000   15.0000 1869.2516   26.3697
   -7.5000  -30.0000   15.0000 2013.5258   22.3305
    0.0000  -30.0000   15.0000 2026.7659   22.3549
    7.5000  -30.0000   15.0000 2009.0018   22.7736
   -7.5000  -22.5000   15.0000 2150.7163   19.5126
    0.0000  -22.5000   15.0000 2159.5078   19.4622
    7.5000  -22.5000   15.0000 2142.2893   19.8436
   -7.5000  -15.0000   15.0000 2280.7656   17.2988
    0.0000  -15.0000   15.0000 2287.5027   17.1767
    7.5000  -15.0000   15.0000 2269.8633   17.6445
   -7.5000   -7.5000   15.0000 2413.6831   15.6116
    0.0000   -7.5000   15.0000 2420.2317   15.4567
    7.5000   -7.5000   15.0000 2395.9302   15.9040
   -7.5000    0.0000   15.0000 2534.6130   14.2969
    0.0000    0.0000   15.0000 2534.7070   14.1347
    7.5000    0.0000   15.0000 2514.6550   14.5862
   -7.5000    7.5000   15.0000 2642.9485   13.3253
    0.0000    7.5000   15.0000 2640.9182   13.1987
    7.5000    7.5000   15.0000 2617.7820   13.6226
   -7.5000   15.0000   15.0000 2737.9385   12.7288
    0.0000   15.0000   15.0000 2739.2209   12.6317
    7.5000   15.0000   15.0000 2711.8728   12.9913
   -7.5000   22.5000   15.0000 2806.8586   12.2805
    0.0000   22.5000   15.0000 2814.1951   12.1729
    7.5000   22.5000   15.0000 2775.7205   12.5689
   -7.5000   30.0000   15.0000 2834.5144   12.2494
    0.0000   30.0000   15.0000 2842.5103   12.2163
    7.5000   30.0000   15.0000 2794.7883   12.5953
   -7.5000   37.5000   15.0000 2818.0681   12.5752
    0.0000   37.5000   15.0000 2823.0759   12.5974
    7.5000   37.5000   15.0000 2779.3213   12.8824
   -7.5000   45.0000   15.0000 2747.5391   13.2118
    0.0000   45.0000   15.0000 2751.4573   13.1890
    7.5000   45.0000   15.0000 2715.6897   13.4444
   -7.5000  -45.0000   22.5000 1686.0660   31.6797
    0.0000  -45.0000   22.5000 1690.2288   31.6859
    7.5000  -45.0000   22.5000 1682.4601   32.4656
   -7.5000  -37.5000   22.5000 1836.0811   26.8352
    0.0000  -37.5000   22.5000 1842.5634   26.7203
    7.5000  -37.5000   22.5000 1834.5310   27.3294
   -7.5000  -30.0000   22.5000 1980.3906   23.1490
    0.0000  -30.0000   22.5000 1989.0792   23.0430
    7.5000  -30.0000   22.5000 1975.9717   23.5104
   -7.5000  -22.5000   22.5000 2112.0725   20.1218
    0.0000  -22.5000   22.5000 2120.3716   19.9891
    7.5000  -22.5000   22.5000 2102.3149   20.4232
   -7.5000  -15.0000   22.5000 2235.5063   17.8098
    0.0000  -15.0000   22.5000 2246.1833   17.6532
    7.5000  -15.0000   22.5000 2226.5037   18.0942
   -7.5000   -7.5000   22.5000 2362.9045   16.0654
    0.0000   -7.5000   22.5000 2371.0825   15.8916
    7.5000   -7.5000   22.5000 2347.4536   16.3152
   -7.5000    0.0000   22.5000 2480.9670   14.7307
    0.0000    0.0000   22.5000 2483.9204   14.5458
    7.5000    0.0000   22.5000 2464.7146   14.9883
   -7.5000    7.5000   22.5000 2589.0010   13.7692
    0.0000    7.5000   22.5000 2589.6428   13.5932
    7.5000    7.5000   22.5000 2572.5068   14.0391
   -7.5000   15.0000   22.5000 2675.5840   13.1256
    0.0000   15.0000   22.5000 2680.0095   12.9890
    7.5000   15.0000   22.5000 2661.1814   13.3971
   -7.5000   22.5000   22.5000 2755.6941   12.7647
    0.0000   22.5000   22.5000 2758.1746   12.6171
    7.5000   22.5000   22.5000 2728.7366   13.0252
   -7.5000   30.0000   22.5000 2788.9011   12.8040
    0.0000   30.0000   22.5000 2790.0229   12.6931
    7.5000   30.0000   22.5000 2753.1570   12.9874
   -7.5000   37.5000   22.5000 2762.7849   13.0939
    0.0000   37.5000   22.5000 2763.3220   12.9832
    7.5000   37.5000   22.5000 2726.7861   13.2180
   -7.5000   45.0000   22.5000 2691.7849   13.5855
    0.0000   45.0000   22.5000 2696.1846   13.4984
    7.5000   45.0000   22.5000 2662.2803   13.7194
   -7.5000  -45.0000   30.0000 1622.8726   33.9259
    0.0000  -45.0000   30.0000 1627.4634   33.7505
    7.5000  -45.0000   30.0000 1624.3419   34.3993
   -7.5000  -37.5000   30.0000 1774.3964   28.5115
    0.0000  -37.5000   30.0000 1776.9794   28.4255
    7.5000  -37.5000   30.0000 1773.8193   28.9308
   -7.5000  -30.0000   30.0000 1923.8538   24.4336
    0.0000  -30.0000   30.0000 1930.9877   24.3588
    7.5000  -30.0000   30.0000 1918.7059   24.8222
   -7.5000  -22.5000   30.0000 2053.5608   21.1511
    0.0000  -22.5000   30.0000 2067.9143   21.0039
    7.5000  -22.5000   30.0000 2049.1570   21.5015
   -7.5000  -15.0000   30.0000 2176.4119   18.6447
    0.0000  -15.0000   30.0000 2188.5195   18.4293
    7.5000  -15.0000   30.0000 2173.0923   18.9522
   -7.5000   -7.5000   30.0000 2300.6895   16.8278
    0.0000   -7.5000   30.0000 2309.2197   16.5825
    7.5000   -7.5000   30.0000 2290.4929   17.0744
   -7.5000    0.0000   30.0000 2413.3550   15.4506
    0.0000    0.0000   30.0000 2416.6621   15.2309
    7.5000    0.0000   30.0000 2403.3655   15.6818
   -7.5000    7.5000   30.0000 2520.4399   14.5441
    0.0000    7.5000   30.0000 2518.2263   14.3379
    7.5000    7.5000   30.0000 2507.9031   14.7197
   -7.5000   15.0000   30.0000 2605.6812   13.9498
    0.0000   15.0000   30.0000 2605.1736   13.7229
    7.5000   15.0000   30.0000 2588.2944   14.0788
   -7.5000   22.5000   30.0000 2677.6333   13.5378
    0.0000   22.5000   30.0000 2677.0400   13.3733
    7.5000   22.5000   30.0000 2650.9580   13.6694
   -7.5000   30.0000   30.0000 2701.3550   13.4402
    0.0000   30.0000   30.0000 2706.7395   13.3468
    7.5000   30.0000   30.0000 2675.9158   13.5897
   -7.5000   37.5000   30.0000 2670.7029   13.7211
    0.0000   37.5000   30.0000 2676.7292   13.6688
    7.5000   37.5000   30.0000 2651.2192   13.8727
   -7.5000   45.0000   30.0000 2602.8550   14.2563
    0.0000   45.0000   30.0000 2606.2329   14.1946
    7.5000   45.0000   30.0000 2588.1577   14.3951
   -7.5000  -45.0000   37.5000 1549.2416   36.8986
    0.0000  -45.0000   37.5000 1550.1727   36.7878
    7.5000  -45.0000   37.5000 1548.7827   37.3434
   -7.5000  -37.5000   37.5000 1702.6094   30.7191
    0.0000  -37.5000   37.5000 1704.2258   30.6203
    7.5000  -37.5000   37.5000 1704.7180   31.2365
   -7.5000  -30.0000   37.5000 1851.7017   26.1114
    0.0000  -30.0000   37.5000 1859.5400   25.9841
    7.5000  -30.0000   37.5000 1853.0660   26.5023
   -7.5000  -22.5000   37.5000 1985.1416   22.5992
    0.0000  -22.5000   37.5000 2001.0719   22.3765
    7.5000  -22.5000   37.5000 1991.7386   22.9026
   -7.5000  -15.0000   37.5000 2110.4604   19.9500
    0.0000  -15.0000   37.5000 2121.6111   19.7108
    7.5000  -15.0000   37.5000 2110.2795   20.2360
   -7.5000   -7.5000   37.5000 2229.5981   18.0776
    0.0000   -7.5000   37.5000 2238.6013   17.8196
    7.5000   -7.5000   37.5000 2219.5867   18.2335
   -7.5000    0.0000   37.5000 2335.8933   16.6798
    0.0000    0.0000   37.5000 2344.6765   16.4953
    7.5000    0.0000   37.5000 2325.5215   16.8310
   -7.5000    7.5000   37.5000 2436.2659   15.6707
    0.0000    7.5000   37.5000 2446.8433   15.5314
    7.5000    7.5000   37.5000 2424.5286   15.8340
   -7.5000   15.0000   37.5000 2518.7561   14.9266
    0.0000   15.0000   37.5000 2531.0283   14.7647
    7.5000   15.0000   37.5000 2504.7166   15.1045
   -7.5000   22.5000   37.5000 2577.0417   14.4486
    0.0000   22.5000   37.5000 2581.1663   14.3174
    7.5000   22.5000   37.5000 2558.9980   14.6239
   -7.5000   30.0000   37.5000 2594.8804   14.3003
    0.0000   30.0000   37.5000 2601.8069   14.1880
    7.5000   30.0000   37.5000 2581.8445   14.4810
   -7.5000   37.5000   37.5000 2570.4075   14.5433
    0.0000   37.5000   37.5000 2575.6228   14.4593
    7.5000   37.5000   37.5000 2559.4473   14.7140
   -7.5000   45.0000   37.5000 2510.0142   15.1115
    0.0000   45.0000   37.5000 2513.1501   15.0246
    7.5000   45.0000   37.5000 2499.6409   15.2648
   -7.5000  -45.0000   45.0000 1457.5942   40.6535
    0.0000  -45.0000   45.0000 1456.4480   40.5212
    7.5000  -45.0000   45.0000 1457.8268   41.3029
   -7.5000  -37.5000   45.0000 1615.1871   33.5920
    0.0000  -37.5000   45.0000 1617.7318   33.3576
    7.5000  -37.5000   45.0000 1621.6917   33.9764
   -7.5000  -30.0000   45.0000 1761.2732   28.4416
    0.0000  -30.0000   45.0000 1772.0187   28.2918
    7.5000  -30.0000   45.0000 1769.6348   28.7519
   -7.5000  -22.5000   45.0000 1907.7817   24.6266
    0.0000  -22.5000   45.0000 1922.8378   24.4178
    7.5000  -22.5000   45.0000 1912.8162   24.8272
   -7.5000  -15.0000   45.0000 2033.8528   21.8510
    0.0000  -15.0000   45.0000 2048.3650   21.6102
    7.5000  -15.0000   45.0000 2026.3051   21.9747
   -7.5000   -7.5000   45.0000 2146.4553   19.7708
    0.0000   -7.5000   45.0000 2162.9536   19.5928
    7.5000   -7.5000   45.0000 2136.1379   19.8951
   -7.5000    0.0000   45.0000 2241.8909   18.2025
    0.0000    0.0000   45.0000 2264.2615   18.1014
    7.5000    0.0000   45.0000 2235.1099   18.3667
   -7.5000    7.5000   45.0000 2336.8953   17.0056
    0.0000    7.5000   45.0000 2356.7285   16.8786
    7.5000    7.5000   45.0000 2330.2449   17.1769
   -7.5000   15.0000   45.0000 2413.0425   16.2093
    0.0000   15.0000   45.0000 2431.9722   16.0777
    7.5000   15.0000   45.0000 2403.5911   16.3761
   -7.5000   22.5000   45.0000 2464.8311   15.6675
    0.0000   22.5000   45.0000 2474.1143   15.5598
    7.5000   22.5000   45.0000 2453.4890   15.8308
   -7.5000   30.0000   45.0000 2476.2405   15.5132
    0.0000   30.0000   45.0000 2485.2375   15.3976
    7.5000   30.0000   45.0000 2471.7178   15.6928
   -7.5000   37.5000   45.0000 2457.5017   15.6557
    0.0000   37.5000   45.0000 2464.2146   15.5618
    7.5000   37.5000   45.0000 2452.2629   15.8155
   -7.5000   45.0000   45.0000 2404.8250   16.2091
    0.0000   45.0000   45.0000 2413.4407   16.1386
    7.5000   45.0000   45.0000 2399.3704   16.3556

---------------------------------------------------------------------
imgreg_4dfp /opt/freesurfer/average/711-2C_as_mni_average_305 /opt/freesurfer/average/711-2B_as_mni_average_305_mask talsrcimg_g11 none talsrcimg_to_711-2C_as_mni_average_305_t4 1283
---------------------------------------------------------------------

freesurfer imgreg_4dfp.c
/opt/freesurfer/average/711-2C_as_mni_average_305.4dfp.img
       256       256       256         1
  1.000000  1.000000  1.000000
orientation T byte_order littleendian
Reading image: /opt/freesurfer/average/711-2C_as_mni_average_305.4dfp.img
dimensions:      256       256       256
mmppix:       1.0000   -1.0000   -1.0000
center:     128.0000 -129.0000 -129.0000
/opt/freesurfer/average/711-2B_as_mni_average_305_mask.4dfp.img
       256       256       256         1
  1.000000  1.000000  1.000000
orientation T byte_order littleendian
Reading mask: /opt/freesurfer/average/711-2B_as_mni_average_305_mask.4dfp.img (2306576 pixels)
talsrcimg_g11.4dfp.img
       256       256       256         1
  1.000000  1.000000  1.000000
orientation T byte_order littleendian
Reading image: talsrcimg_g11.4dfp.img
dimensions:      256       256       256
mmppix:       1.0000   -1.0000   -1.0000
center:     128.0000 -129.0000 -129.0000
rotation matrix determinant  1.000000
fimgreg.f
image alignment mode   1283 decimal      503 hex
parameters
    0.0000   30.0000    7.5000    0.0000    0.0000    0.0000
eta,q 0.89795 12.16805
niter,ni,del,rscale     5    3   12.0000    1.2000
parameter  1  0.553439 ->  0.500000 qaram    1.1500
parameter  4 25.699087 ->  0.500000 qaram    1.1500
parameters
   -3.4500   30.1958    5.1017   -3.4500   -1.0484    0.2634
eta,q 0.90288 11.86580
  0.1029  0.1082  0.0994  0.0938  0.0996  0.1005
  0.1004  0.1037  0.0979  0.0964  0.0984  0.0985
  0.1001  0.1016  0.0995  0.0981  0.0973  0.0972
  0.1026  0.0998  0.0995  0.0996  0.0970  0.0970
  0.1080  0.1001  0.0987  0.1009  0.0983  0.0977
  0.1142  0.1032  0.1000  0.1028  0.1002  0.0985
  0.1193  0.1074  0.1016  0.1055  0.1019  0.0995
niter,ni,del,rscale     6    3   12.0000    1.2000
parameter  3 -0.553158 -> -0.500000 qaram    1.1500
parameter  4  2.612411 ->  0.500000 qaram    1.3225
parameters
   -3.1270   30.7904    8.5517   -7.4175   -3.7373    0.3750
eta,q 0.91064 11.75702
  0.1109  0.1046  0.1007  0.0885  0.0909  0.0939
  0.1046  0.1007  0.0971  0.0898  0.0899  0.0919
  0.0995  0.0984  0.0960  0.0920  0.0893  0.0900
  0.0971  0.0971  0.0968  0.0943  0.0903  0.0893
  0.0986  0.0972  0.0954  0.0971  0.0919  0.0905
  0.1028  0.0989  0.0942  0.1004  0.0933  0.0922
  0.1088  0.1023  0.0956  0.1031  0.0950  0.0931
niter,ni,del,rscale     7    3   12.0000    1.2000
parameter  4  1.138448 ->  0.500000 qaram    1.5209
parameters
   -1.4207   32.7589    8.1773  -11.9801   -4.8937    0.6195
eta,q 0.91609 11.68135
  0.1063  0.1036  0.0915  0.0830  0.0869  0.0874
  0.1006  0.0976  0.0911  0.0837  0.0851  0.0853
  0.0938  0.0918  0.0896  0.0851  0.0841  0.0842
  0.0894  0.0882  0.0875  0.0877  0.0841  0.0839
  0.0883  0.0875  0.0870  0.0917  0.0853  0.0842
  0.0909  0.0894  0.0893  0.0959  0.0875  0.0852
  0.0965  0.0917  0.0956  0.1006  0.0899  0.0867
niter,ni,del,rscale     7    3   12.0000    1.2000
parameter  4  0.663482 ->  0.500000 qaram    1.7490
parameters
   -0.8771   35.6799    8.5360  -17.2272   -4.3196    0.4579
eta,q 0.92153 11.79121
  0.0978  0.0981  0.0904  0.0796  0.0846  0.0836
  0.0897  0.0909  0.0897  0.0791  0.0821  0.0806
  0.0854  0.0867  0.0858  0.0786  0.0798  0.0788
  0.0839  0.0839  0.0808  0.0805  0.0786  0.0785
  0.0852  0.0814  0.0806  0.0871  0.0789  0.0795
  0.0884  0.0812  0.0844  0.0932  0.0807  0.0816
  0.0931  0.0838  0.0925  0.0981  0.0828  0.0836
niter,ni,del,rscale     7    3   12.0000    1.2000
parameters
   -1.4734   38.4548    7.7213  -20.9548   -4.1400    0.5408
eta,q 0.92284 11.81505
  0.0901  0.0927  0.0875  0.0795  0.0828  0.0808
  0.0830  0.0866  0.0826  0.0779  0.0802  0.0785
  0.0789  0.0815  0.0780  0.0770  0.0780  0.0774
  0.0785  0.0781  0.0755  0.0759  0.0771  0.0772
  0.0821  0.0759  0.0789  0.0799  0.0782  0.0775
  0.0872  0.0759  0.0869  0.0884  0.0799  0.0786
  0.0933  0.0789  0.0956  0.0964  0.0820  0.0804
niter,ni,del,rscale     6    3   12.0000    1.2000
parameters
   -1.7006   39.3695    6.2479  -22.8542   -3.7246    0.2399
eta,q 0.92229 11.82071
  0.0924  0.0838  0.0847  0.0830  0.0833  0.0808
  0.0851  0.0803  0.0789  0.0803  0.0809  0.0788
  0.0797  0.0788  0.0772  0.0781  0.0789  0.0780
  0.0772  0.0771  0.0763  0.0768  0.0777  0.0777
  0.0804  0.0756  0.0799  0.0782  0.0784  0.0781
  0.0871  0.0767  0.0880  0.0839  0.0800  0.0794
  0.0940  0.0816  0.0954  0.0932  0.0820  0.0814
niter,ni,del,rscale     5    3   12.0000    1.2000
parameters
   -1.9339   39.9097    5.4953  -24.3339   -3.1858   -0.1276
eta,q 0.92168 11.84345
  0.0924  0.0825  0.0864  0.0839  0.0837  0.0812
  0.0844  0.0797  0.0811  0.0801  0.0816  0.0795
  0.0794  0.0785  0.0784  0.0797  0.0796  0.0786
  0.0777  0.0777  0.0775  0.0778  0.0784  0.0783
  0.0808  0.0768  0.0784  0.0774  0.0788  0.0789
  0.0869  0.0775  0.0847  0.0830  0.0804  0.0801
  0.0934  0.0818  0.0922  0.0916  0.0823  0.0819
niter,ni,del,rscale     4    3   12.0000    1.2000
parameters
   -2.2233   40.2913    5.2415  -24.8902   -2.6898   -0.1878
eta,q 0.92126 11.85639
  0.0923  0.0822  0.0878  0.0854  0.0840  0.0817
  0.0840  0.0797  0.0836  0.0805  0.0818  0.0799
  0.0791  0.0783  0.0797  0.0805  0.0798  0.0791
  0.0783  0.0782  0.0784  0.0785  0.0787  0.0787
  0.0817  0.0783  0.0787  0.0765  0.0792  0.0791
  0.0871  0.0784  0.0836  0.0812  0.0806  0.0802
  0.0930  0.0816  0.0906  0.0895  0.0827  0.0817
niter,ni,del,rscale     3    3   12.0000    1.2000
parameters
   -2.4232   40.2341    5.2554  -24.8089   -2.4862   -0.0673
eta,q 0.92147 11.84805
  0.0930  0.0818  0.0885  0.0864  0.0835  0.0817
  0.0848  0.0793  0.0843  0.0811  0.0814  0.0799
  0.0796  0.0783  0.0800  0.0803  0.0794  0.0790
  0.0787  0.0786  0.0786  0.0786  0.0785  0.0785
  0.0822  0.0790  0.0788  0.0764  0.0792  0.0789
  0.0874  0.0790  0.0829  0.0801  0.0809  0.0799
  0.0929  0.0820  0.0897  0.0880  0.0830  0.0814
niter,ni,del,rscale     2    3   12.0000    1.2000
parameters
   -2.4931   40.2834    5.2286  -24.8863   -2.4190   -0.0545
eta,q 0.92144 11.84787
  0.0935  0.0820  0.0883  0.0861  0.0834  0.0816
  0.0852  0.0795  0.0842  0.0809  0.0813  0.0799
  0.0796  0.0783  0.0800  0.0803  0.0794  0.0790
  0.0785  0.0785  0.0785  0.0785  0.0786  0.0786
  0.0819  0.0788  0.0788  0.0764  0.0793  0.0790
  0.0870  0.0789  0.0829  0.0803  0.0811  0.0801
  0.0925  0.0820  0.0898  0.0883  0.0833  0.0814
niter,ni,del,rscale     1    3   12.0000    1.2000
parameters
   -2.5287   40.2646    5.2318  -24.8622   -2.3921   -0.0305
eta,q 0.92148 11.84588
  0.0937  0.0819  0.0884  0.0863  0.0834  0.0816
  0.0854  0.0794  0.0843  0.0810  0.0813  0.0799
  0.0798  0.0783  0.0800  0.0803  0.0793  0.0789
  0.0786  0.0785  0.0785  0.0785  0.0785  0.0785
  0.0819  0.0789  0.0789  0.0764  0.0793  0.0789
  0.0870  0.0790  0.0829  0.0801  0.0811  0.0800
  0.0924  0.0821  0.0897  0.0881  0.0833  0.0814
registration optimization eta report
parameter search radius
    6.9000    6.0000    6.9000   10.4940    6.0000    6.0000
100000*second partial in parameter space
       30.       10.       22.        9.       13.        8.
  0.0937  0.0819  0.0884  0.0863  0.0834  0.0816
  0.0854  0.0794  0.0843  0.0810  0.0813  0.0799
  0.0798  0.0783  0.0800  0.0803  0.0793  0.0789
  0.0786  0.0785  0.0785  0.0785  0.0785  0.0785
  0.0819  0.0789  0.0789  0.0764  0.0793  0.0789
  0.0870  0.0790  0.0829  0.0801  0.0811  0.0800
  0.0924  0.0821  0.0897  0.0881  0.0833  0.0814
   -2.5287   40.2646    5.2318  -24.8622   -2.3921   -0.0305
eta,q 0.92148 11.84588

---------------------------------------------------------------------
imgreg_4dfp /opt/freesurfer/average/711-2C_as_mni_average_305 /opt/freesurfer/average/711-2B_as_mni_average_305_mask talsrcimg_g11 none talsrcimg_to_711-2C_as_mni_average_305_t4 3335
---------------------------------------------------------------------

freesurfer imgreg_4dfp.c
/opt/freesurfer/average/711-2C_as_mni_average_305.4dfp.img
       256       256       256         1
  1.000000  1.000000  1.000000
orientation T byte_order littleendian
Reading image: /opt/freesurfer/average/711-2C_as_mni_average_305.4dfp.img
dimensions:      256       256       256
mmppix:       1.0000   -1.0000   -1.0000
center:     128.0000 -129.0000 -129.0000
/opt/freesurfer/average/711-2B_as_mni_average_305_mask.4dfp.img
       256       256       256         1
  1.000000  1.000000  1.000000
orientation T byte_order littleendian
Reading mask: /opt/freesurfer/average/711-2B_as_mni_average_305_mask.4dfp.img (2306576 pixels)
talsrcimg_g11.4dfp.img
       256       256       256         1
  1.000000  1.000000  1.000000
orientation T byte_order littleendian
Reading image: talsrcimg_g11.4dfp.img
dimensions:      256       256       256
mmppix:       1.0000   -1.0000   -1.0000
center:     128.0000 -129.0000 -129.0000
fimgreg.f
image alignment mode   3335 decimal      D07 hex
parameters
   -2.5287   40.2646    5.2318   -0.0871   -9.2670   -9.3469
   -1.7064    3.8093   -0.0533   42.0418   -4.1737  -42.0072
eta,q 0.92026 11.98238
niter,ni,del,rscale     5    3    5.0000    1.2000
parameter  4  1.682888 ->  0.500000 qaram    1.1500
parameter  5  3.163850 ->  0.500000 qaram    1.1500
parameter  6  4.989713 ->  0.500000 qaram    1.1500
parameter 10  1.771325 ->  0.500000 qaram    1.1500
parameter 11 -0.546546 -> -0.500000 qaram    1.1500
parameter 12 -2.200523 -> -0.500000 qaram    1.1500
parameters
   -1.9660   39.5782    5.1130   -4.2271  -13.4070  -13.4869
   -4.2175    6.2059    0.2494   37.9018   -0.0337  -37.8672
eta,q 0.94635 11.08944
  0.0821  0.0803  0.0803  0.0741  0.0663  0.0563  0.0623  0.0662  0.0632  0.0552  0.0602  0.0635
  0.0810  0.0797  0.0798  0.0751  0.0694  0.0605  0.0617  0.0642  0.0620  0.0565  0.0588  0.0611
  0.0802  0.0794  0.0795  0.0769  0.0724  0.0650  0.0615  0.0626  0.0613  0.0586  0.0577  0.0587
  0.0797  0.0796  0.0794  0.0794  0.0755  0.0702  0.0617  0.0614  0.0609  0.0609  0.0570  0.0566
  0.0796  0.0802  0.0796  0.0825  0.0794  0.0755  0.0623  0.0609  0.0611  0.0639  0.0567  0.0548
  0.0799  0.0809  0.0799  0.0859  0.0839  0.0812  0.0635  0.0614  0.0617  0.0675  0.0566  0.0533
  0.0806  0.0817  0.0805  0.0895  0.0884  0.0870  0.0649  0.0626  0.0629  0.0712  0.0569  0.0523
niter,ni,del,rscale     7    3    5.0000    1.2000
parameter  5  3.017512 ->  0.500000 qaram    1.3225
parameter  6  2.192994 ->  0.500000 qaram    1.3225
parameter 10  0.863299 ->  0.500000 qaram    1.3225
parameter 12 -1.006814 -> -0.500000 qaram    1.3225
parameters
   -1.6728   39.1762    4.2743   -8.3090  -18.1680  -18.2479
   -2.9728    5.7722    1.2919   33.1408   -0.8175  -33.1062
eta,q 0.96366 10.34466
  0.0568  0.0548  0.0540  0.0534  0.0453  0.0370  0.0431  0.0436  0.0434  0.0379  0.0395  0.0443
  0.0553  0.0541  0.0535  0.0529  0.0476  0.0398  0.0420  0.0420  0.0421  0.0379  0.0386  0.0420
  0.0542  0.0537  0.0534  0.0528  0.0501  0.0435  0.0412  0.0409  0.0411  0.0390  0.0382  0.0398
  0.0536  0.0536  0.0536  0.0534  0.0528  0.0483  0.0407  0.0407  0.0406  0.0406  0.0381  0.0381
  0.0537  0.0540  0.0541  0.0552  0.0560  0.0537  0.0407  0.0411  0.0407  0.0429  0.0385  0.0369
  0.0544  0.0549  0.0548  0.0583  0.0596  0.0600  0.0411  0.0424  0.0412  0.0463  0.0391  0.0362
  0.0556  0.0562  0.0558  0.0622  0.0634  0.0663  0.0419  0.0445  0.0422  0.0504  0.0400  0.0360
niter,ni,del,rscale     7    3    5.0000    1.2000
parameter  2  0.937177 ->  0.500000 qaram    1.1500
parameter  3  0.637748 ->  0.500000 qaram    1.1500
parameter  5  0.742423 ->  0.500000 qaram    1.5209
parameter  6  0.729957 ->  0.500000 qaram    1.5209
parameters
   -1.8957   37.7962    2.8943   -6.3295  -23.6432  -23.7231
   -2.8504    5.4913    1.6940   31.3250   -0.2919  -30.8899
eta,q 0.97319  9.95563
  0.0383  0.0346  0.0342  0.0372  0.0321  0.0276  0.0290  0.0302  0.0290  0.0300  0.0286  0.0299
  0.0371  0.0346  0.0340  0.0359  0.0315  0.0269  0.0279  0.0285  0.0279  0.0282  0.0278  0.0284
  0.0365  0.0352  0.0342  0.0348  0.0317  0.0280  0.0272  0.0273  0.0272  0.0272  0.0272  0.0275
  0.0363  0.0363  0.0347  0.0340  0.0336  0.0314  0.0270  0.0270  0.0270  0.0270  0.0270  0.0270
  0.0368  0.0379  0.0356  0.0335  0.0369  0.0362  0.0272  0.0274  0.0271  0.0279  0.0271  0.0268
  0.0377  0.0399  0.0369  0.0338  0.0401  0.0433  0.0278  0.0287  0.0277  0.0306  0.0275  0.0272
  0.0391  0.0422  0.0386  0.0355  0.0437  0.0514  0.0289  0.0309  0.0286  0.0347  0.0282  0.0280
niter,ni,del,rscale     7    3    5.0000    1.2000
parameters
   -1.8494   37.1587    1.9040   -4.1559  -24.0001  -27.7784
   -2.8715    5.0043    1.5956   30.7947   -0.0787  -31.1769
eta,q 0.97419  9.82290
  0.0295  0.0285  0.0274  0.0295  0.0307  0.0281  0.0277  0.0287  0.0274  0.0291  0.0270  0.0273
  0.0280  0.0273  0.0266  0.0283  0.0284  0.0264  0.0267  0.0270  0.0265  0.0272  0.0263  0.0265
  0.0271  0.0267  0.0263  0.0272  0.0267  0.0258  0.0261  0.0260  0.0260  0.0260  0.0259  0.0260
  0.0268  0.0268  0.0267  0.0263  0.0259  0.0260  0.0259  0.0259  0.0258  0.0258  0.0258  0.0258
  0.0271  0.0276  0.0276  0.0259  0.0261  0.0292  0.0261  0.0264  0.0260  0.0263  0.0259  0.0260
  0.0279  0.0292  0.0290  0.0263  0.0284  0.0341  0.0267  0.0276  0.0266  0.0276  0.0263  0.0266
  0.0293  0.0313  0.0308  0.0276  0.0319  0.0416  0.0278  0.0296  0.0275  0.0301  0.0269  0.0276
niter,ni,del,rscale     6    3    5.0000    1.2000
parameter  3  0.640096 ->  0.500000 qaram    1.3225
parameters
   -1.7987   37.2562    0.3170   -3.3382  -24.2229  -30.3738
   -2.9000    4.8272    1.7288   31.4761   -0.2460  -31.1038
eta,q 0.97495  9.72385
  0.0285  0.0288  0.0254  0.0278  0.0294  0.0285  0.0268  0.0281  0.0265  0.0290  0.0261  0.0268
  0.0270  0.0272  0.0250  0.0267  0.0273  0.0262  0.0259  0.0263  0.0257  0.0269  0.0255  0.0259
  0.0261  0.0262  0.0252  0.0257  0.0257  0.0251  0.0253  0.0253  0.0252  0.0255  0.0251  0.0253
  0.0258  0.0258  0.0258  0.0250  0.0249  0.0249  0.0250  0.0250  0.0250  0.0250  0.0250  0.0250
  0.0261  0.0261  0.0268  0.0249  0.0250  0.0264  0.0252  0.0255  0.0252  0.0253  0.0252  0.0253
  0.0269  0.0269  0.0280  0.0256  0.0271  0.0305  0.0259  0.0266  0.0257  0.0262  0.0256  0.0258
  0.0283  0.0284  0.0296  0.0273  0.0304  0.0359  0.0269  0.0283  0.0265  0.0280  0.0262  0.0267
niter,ni,del,rscale     6    3    5.0000    1.2000
parameters
   -1.8842   37.5968   -0.5142   -3.1863  -25.1064  -32.0494
   -2.9190    4.5765    1.9098   32.5652   -0.2832  -30.6980
eta,q 0.97518  9.62077
  0.0274  0.0283  0.0261  0.0272  0.0286  0.0290  0.0266  0.0277  0.0263  0.0288  0.0259  0.0268
  0.0261  0.0267  0.0252  0.0262  0.0267  0.0265  0.0257  0.0260  0.0255  0.0268  0.0253  0.0258
  0.0253  0.0256  0.0249  0.0254  0.0254  0.0250  0.0251  0.0251  0.0250  0.0254  0.0249  0.0251
  0.0250  0.0250  0.0250  0.0248  0.0248  0.0249  0.0248  0.0248  0.0248  0.0248  0.0248  0.0248
  0.0254  0.0251  0.0257  0.0249  0.0251  0.0255  0.0250  0.0253  0.0250  0.0250  0.0250  0.0250
  0.0263  0.0258  0.0268  0.0256  0.0274  0.0288  0.0256  0.0264  0.0254  0.0258  0.0253  0.0256
  0.0277  0.0270  0.0284  0.0275  0.0306  0.0335  0.0267  0.0280  0.0262  0.0273  0.0259  0.0265
niter,ni,del,rscale     5    3    5.0000    1.2000
parameters
   -1.9849   38.0688   -1.1654   -3.3351  -26.2305  -33.5419
   -2.9117    4.2951    1.9152   33.8469   -0.1937  -30.5345
eta,q 0.97547  9.51472
  0.0271  0.0282  0.0261  0.0267  0.0282  0.0289  0.0263  0.0272  0.0261  0.0287  0.0258  0.0266
  0.0258  0.0266  0.0252  0.0258  0.0263  0.0264  0.0254  0.0256  0.0253  0.0267  0.0250  0.0255
  0.0250  0.0254  0.0247  0.0251  0.0251  0.0248  0.0248  0.0248  0.0247  0.0253  0.0247  0.0248
  0.0248  0.0248  0.0247  0.0246  0.0246  0.0247  0.0246  0.0246  0.0246  0.0246  0.0245  0.0245
  0.0252  0.0248  0.0253  0.0247  0.0251  0.0253  0.0248  0.0250  0.0247  0.0247  0.0247  0.0248
  0.0261  0.0253  0.0264  0.0254  0.0272  0.0282  0.0254  0.0260  0.0252  0.0255  0.0251  0.0255
  0.0274  0.0265  0.0280  0.0273  0.0305  0.0330  0.0263  0.0276  0.0261  0.0270  0.0257  0.0264
niter,ni,del,rscale     4    3    5.0000    1.2000
parameters
   -2.0930   38.5182   -1.7338   -3.5709  -27.2504  -34.7563
   -2.9040    4.0854    1.8206   34.8009   -0.0834  -30.7635
eta,q 0.97569  9.42708
  0.0267  0.0280  0.0260  0.0262  0.0280  0.0289  0.0260  0.0269  0.0260  0.0285  0.0256  0.0264
  0.0254  0.0263  0.0250  0.0254  0.0261  0.0264  0.0251  0.0254  0.0251  0.0265  0.0249  0.0252
  0.0247  0.0251  0.0245  0.0248  0.0248  0.0247  0.0246  0.0246  0.0245  0.0250  0.0245  0.0245
  0.0245  0.0245  0.0244  0.0244  0.0244  0.0244  0.0244  0.0244  0.0243  0.0243  0.0243  0.0243
  0.0249  0.0245  0.0250  0.0245  0.0249  0.0251  0.0245  0.0247  0.0246  0.0246  0.0245  0.0247
  0.0257  0.0251  0.0262  0.0252  0.0269  0.0276  0.0251  0.0257  0.0251  0.0255  0.0249  0.0255
  0.0270  0.0263  0.0278  0.0269  0.0302  0.0325  0.0260  0.0272  0.0260  0.0271  0.0255  0.0265
niter,ni,del,rscale     3    3    5.0000    1.2000
parameters
   -2.1822   38.7901   -2.1083   -3.7520  -27.8716  -35.4598
   -2.9095    3.9705    1.7653   35.3148    0.0222  -31.0802
eta,q 0.97574  9.37799
  0.0264  0.0276  0.0262  0.0260  0.0283  0.0293  0.0259  0.0268  0.0260  0.0282  0.0256  0.0264
  0.0252  0.0260  0.0251  0.0252  0.0262  0.0268  0.0250  0.0254  0.0251  0.0262  0.0249  0.0252
  0.0245  0.0248  0.0244  0.0246  0.0248  0.0249  0.0245  0.0245  0.0245  0.0248  0.0244  0.0244
  0.0243  0.0243  0.0243  0.0243  0.0243  0.0243  0.0243  0.0243  0.0243  0.0243  0.0243  0.0243
  0.0246  0.0244  0.0248  0.0244  0.0247  0.0249  0.0245  0.0246  0.0245  0.0247  0.0244  0.0247
  0.0254  0.0252  0.0258  0.0250  0.0266  0.0270  0.0250  0.0255  0.0251  0.0257  0.0248  0.0255
  0.0267  0.0266  0.0274  0.0265  0.0297  0.0317  0.0259  0.0270  0.0260  0.0274  0.0255  0.0265
niter,ni,del,rscale     2    3    5.0000    1.2000
parameters
   -2.2410   38.9196   -2.3053   -3.8329  -28.2050  -35.7917
   -2.8908    3.9078    1.7482   35.5804    0.1002  -31.2826
eta,q 0.97572  9.35541
  0.0263  0.0273  0.0265  0.0260  0.0285  0.0297  0.0259  0.0269  0.0260  0.0281  0.0256  0.0265
  0.0252  0.0257  0.0253  0.0252  0.0264  0.0270  0.0251  0.0254  0.0251  0.0261  0.0249  0.0252
  0.0245  0.0247  0.0245  0.0246  0.0249  0.0250  0.0245  0.0245  0.0245  0.0247  0.0244  0.0245
  0.0243  0.0243  0.0243  0.0243  0.0243  0.0243  0.0243  0.0243  0.0243  0.0243  0.0243  0.0243
  0.0246  0.0245  0.0246  0.0244  0.0246  0.0248  0.0245  0.0246  0.0245  0.0247  0.0244  0.0247
  0.0253  0.0254  0.0256  0.0249  0.0264  0.0266  0.0250  0.0255  0.0251  0.0259  0.0248  0.0255
  0.0265  0.0268  0.0272  0.0264  0.0295  0.0312  0.0259  0.0269  0.0260  0.0276  0.0255  0.0265
niter,ni,del,rscale     1    3    5.0000    1.2000
parameters
   -2.2757   38.9830   -2.3978   -3.8674  -28.3728  -35.9371
   -2.8855    3.8696    1.7505   35.7083    0.1398  -31.3896
eta,q 0.97571  9.34559
  0.0264  0.0272  0.0266  0.0260  0.0286  0.0298  0.0259  0.0269  0.0260  0.0280  0.0256  0.0265
  0.0252  0.0256  0.0254  0.0252  0.0265  0.0272  0.0251  0.0254  0.0251  0.0260  0.0249  0.0253
  0.0245  0.0246  0.0246  0.0246  0.0250  0.0251  0.0245  0.0245  0.0245  0.0247  0.0245  0.0245
  0.0243  0.0243  0.0243  0.0243  0.0243  0.0243  0.0243  0.0243  0.0243  0.0243  0.0243  0.0243
  0.0245  0.0246  0.0246  0.0244  0.0245  0.0248  0.0245  0.0246  0.0245  0.0248  0.0244  0.0247
  0.0253  0.0255  0.0255  0.0249  0.0263  0.0264  0.0250  0.0255  0.0251  0.0259  0.0249  0.0255
  0.0265  0.0270  0.0270  0.0263  0.0293  0.0309  0.0259  0.0269  0.0260  0.0277  0.0255  0.0265
registration optimization eta report
parameter search radius
    2.4000    2.7600    3.1740    8.2800   10.9503   10.9503
    7.2000    7.2000    7.2000    9.5220    8.2800    9.5220
100000*second partial in parameter space
       37.       37.       25.        3.        4.        5.
        3.        5.        3.        4.        2.        2.
  0.0264  0.0272  0.0266  0.0260  0.0286  0.0298  0.0259  0.0269  0.0260  0.0280  0.0256  0.0265
  0.0252  0.0256  0.0254  0.0252  0.0265  0.0272  0.0251  0.0254  0.0251  0.0260  0.0249  0.0253
  0.0245  0.0246  0.0246  0.0246  0.0250  0.0251  0.0245  0.0245  0.0245  0.0247  0.0245  0.0245
  0.0243  0.0243  0.0243  0.0243  0.0243  0.0243  0.0243  0.0243  0.0243  0.0243  0.0243  0.0243
  0.0245  0.0246  0.0246  0.0244  0.0245  0.0248  0.0245  0.0246  0.0245  0.0248  0.0244  0.0247
  0.0253  0.0255  0.0255  0.0249  0.0263  0.0264  0.0250  0.0255  0.0251  0.0259  0.0249  0.0255
  0.0265  0.0270  0.0270  0.0263  0.0293  0.0309  0.0259  0.0269  0.0260  0.0277  0.0255  0.0265
   -2.2757   38.9830   -2.3978   -3.8674  -28.3728  -35.9371
   -2.8855    3.8696    1.7505   35.7083    0.1398  -31.3896
eta,q 0.97571  9.34559

---------------------------------------------------------------------
imgreg_4dfp /opt/freesurfer/average/711-2C_as_mni_average_305 /opt/freesurfer/average/711-2B_as_mni_average_305_mask talsrcimg_g11 none talsrcimg_to_711-2C_as_mni_average_305_t4 2311
---------------------------------------------------------------------

freesurfer imgreg_4dfp.c
/opt/freesurfer/average/711-2C_as_mni_average_305.4dfp.img
       256       256       256         1
  1.000000  1.000000  1.000000
orientation T byte_order littleendian
Reading image: /opt/freesurfer/average/711-2C_as_mni_average_305.4dfp.img
dimensions:      256       256       256
mmppix:       1.0000   -1.0000   -1.0000
center:     128.0000 -129.0000 -129.0000
/opt/freesurfer/average/711-2B_as_mni_average_305_mask.4dfp.img
       256       256       256         1
  1.000000  1.000000  1.000000
orientation T byte_order littleendian
Reading mask: /opt/freesurfer/average/711-2B_as_mni_average_305_mask.4dfp.img (2306576 pixels)
talsrcimg_g11.4dfp.img
       256       256       256         1
  1.000000  1.000000  1.000000
orientation T byte_order littleendian
Reading image: talsrcimg_g11.4dfp.img
dimensions:      256       256       256
mmppix:       1.0000   -1.0000   -1.0000
center:     128.0000 -129.0000 -129.0000
fimgreg.f
image alignment mode   2311 decimal      907 hex
parameters
   -2.2757   38.9830   -2.3978   -3.8674  -28.3728  -35.9371
   -2.8855    3.8696    1.7505   35.7083    0.1398  -31.3896
eta,q 0.97571  9.34559
niter,ni,del,rscale     5    3    5.0000    0.8000
parameters
   -2.3046   38.9998   -2.3763   -3.3129  -27.5287  -35.0055
   -2.5944    3.8916    1.9509   35.6324    0.1844  -31.4261
eta,q 0.97576  9.45048
  0.0252  0.0253  0.0250  0.0250  0.0254  0.0257  0.0251  0.0254  0.0251  0.0251  0.0247  0.0249
  0.0247  0.0247  0.0246  0.0247  0.0249  0.0250  0.0247  0.0247  0.0247  0.0246  0.0244  0.0245
  0.0244  0.0244  0.0244  0.0244  0.0245  0.0245  0.0244  0.0244  0.0244  0.0243  0.0243  0.0243
  0.0243  0.0243  0.0243  0.0243  0.0243  0.0242  0.0243  0.0242  0.0242  0.0242  0.0242  0.0242
  0.0244  0.0244  0.0244  0.0243  0.0242  0.0243  0.0243  0.0244  0.0243  0.0244  0.0243  0.0243
  0.0247  0.0247  0.0246  0.0245  0.0244  0.0245  0.0245  0.0247  0.0246  0.0247  0.0244  0.0246
  0.0253  0.0252  0.0250  0.0248  0.0249  0.0248  0.0249  0.0254  0.0250  0.0252  0.0247  0.0249
niter,ni,del,rscale     4    3    5.0000    0.7000
parameters
   -2.3120   38.9174   -2.2048   -2.9855  -27.2976  -34.6635
   -2.4776    3.8722    2.0200   35.4987    0.2199  -31.3112
eta,q 0.97577  9.48524
  0.0250  0.0249  0.0249  0.0248  0.0250  0.0251  0.0249  0.0251  0.0249  0.0249  0.0246  0.0248
  0.0246  0.0245  0.0246  0.0245  0.0246  0.0246  0.0245  0.0246  0.0245  0.0245  0.0244  0.0245
  0.0243  0.0243  0.0244  0.0243  0.0243  0.0243  0.0243  0.0243  0.0243  0.0243  0.0243  0.0243
  0.0242  0.0242  0.0242  0.0242  0.0242  0.0242  0.0242  0.0242  0.0242  0.0242  0.0242  0.0242
  0.0243  0.0244  0.0243  0.0243  0.0243  0.0243  0.0243  0.0243  0.0243  0.0243  0.0243  0.0243
  0.0246  0.0246  0.0244  0.0244  0.0244  0.0245  0.0245  0.0246  0.0245  0.0246  0.0244  0.0245
  0.0250  0.0251  0.0246  0.0247  0.0249  0.0248  0.0248  0.0251  0.0248  0.0249  0.0245  0.0247
niter,ni,del,rscale     3    3    5.0000    0.6000
parameters
   -2.3004   38.8720   -2.1343   -2.8273  -27.1036  -34.6167
   -2.4317    3.8626    2.0480   35.3571    0.1831  -31.2511
eta,q 0.97578  9.49870
  0.0248  0.0247  0.0247  0.0247  0.0248  0.0248  0.0247  0.0249  0.0247  0.0247  0.0245  0.0246
  0.0245  0.0244  0.0244  0.0245  0.0245  0.0244  0.0244  0.0245  0.0244  0.0244  0.0243  0.0244
  0.0243  0.0243  0.0243  0.0243  0.0243  0.0242  0.0243  0.0243  0.0243  0.0243  0.0242  0.0243
  0.0242  0.0242  0.0242  0.0242  0.0242  0.0242  0.0242  0.0242  0.0242  0.0242  0.0242  0.0242
  0.0243  0.0243  0.0243  0.0243  0.0242  0.0243  0.0243  0.0243  0.0243  0.0243  0.0242  0.0243
  0.0245  0.0245  0.0244  0.0244  0.0244  0.0245  0.0244  0.0245  0.0244  0.0245  0.0243  0.0244
  0.0248  0.0248  0.0246  0.0246  0.0247  0.0247  0.0247  0.0249  0.0247  0.0248  0.0245  0.0246
niter,ni,del,rscale     2    3    5.0000    0.5000
parameters
   -2.2924   38.8535   -2.1177   -2.7590  -26.9915  -34.7337
   -2.4052    3.8151    2.0683   35.2329    0.1452  -31.2622
eta,q 0.97579  9.49903
  0.0246  0.0246  0.0245  0.0245  0.0246  0.0246  0.0245  0.0246  0.0245  0.0245  0.0244  0.0245
  0.0244  0.0244  0.0243  0.0244  0.0244  0.0243  0.0243  0.0244  0.0244  0.0244  0.0243  0.0243
  0.0243  0.0243  0.0243  0.0243  0.0243  0.0242  0.0242  0.0242  0.0242  0.0242  0.0242  0.0242
  0.0242  0.0242  0.0242  0.0242  0.0242  0.0242  0.0242  0.0242  0.0242  0.0242  0.0242  0.0242
  0.0243  0.0243  0.0242  0.0242  0.0242  0.0243  0.0242  0.0243  0.0242  0.0243  0.0242  0.0242
  0.0244  0.0244  0.0243  0.0243  0.0243  0.0244  0.0243  0.0244  0.0244  0.0244  0.0243  0.0243
  0.0246  0.0246  0.0245  0.0245  0.0245  0.0246  0.0245  0.0247  0.0245  0.0246  0.0244  0.0245
niter,ni,del,rscale     1    3    5.0000    0.4000
parameters
   -2.2937   38.8484   -2.1290   -2.7485  -26.9473  -34.9370
   -2.3902    3.7689    2.0806   35.1184    0.1638  -31.2891
eta,q 0.97580  9.49021
  0.0245  0.0245  0.0244  0.0244  0.0244  0.0244  0.0244  0.0245  0.0244  0.0244  0.0243  0.0244
  0.0243  0.0243  0.0243  0.0243  0.0243  0.0243  0.0243  0.0243  0.0243  0.0243  0.0243  0.0243
  0.0242  0.0242  0.0242  0.0242  0.0242  0.0242  0.0242  0.0242  0.0242  0.0242  0.0242  0.0242
  0.0242  0.0242  0.0242  0.0242  0.0242  0.0242  0.0242  0.0242  0.0242  0.0242  0.0242  0.0242
  0.0242  0.0242  0.0242  0.0242  0.0242  0.0243  0.0242  0.0242  0.0242  0.0242  0.0242  0.0242
  0.0243  0.0243  0.0243  0.0243  0.0243  0.0244  0.0243  0.0243  0.0243  0.0243  0.0243  0.0243
  0.0245  0.0245  0.0244  0.0244  0.0244  0.0245  0.0244  0.0245  0.0244  0.0245  0.0243  0.0244
registration optimization eta report
parameter search radius
    0.8000    0.8000    0.8000    2.4000    2.4000    2.4000
    2.4000    2.4000    2.4000    2.4000    2.4000    2.4000
100000*second partial in parameter space
       39.       39.       27.        3.        4.        4.
        3.        5.        4.        4.        2.        3.
  0.0245  0.0245  0.0244  0.0244  0.0244  0.0244  0.0244  0.0245  0.0244  0.0244  0.0243  0.0244
  0.0243  0.0243  0.0243  0.0243  0.0243  0.0243  0.0243  0.0243  0.0243  0.0243  0.0243  0.0243
  0.0242  0.0242  0.0242  0.0242  0.0242  0.0242  0.0242  0.0242  0.0242  0.0242  0.0242  0.0242
  0.0242  0.0242  0.0242  0.0242  0.0242  0.0242  0.0242  0.0242  0.0242  0.0242  0.0242  0.0242
  0.0242  0.0242  0.0242  0.0242  0.0242  0.0243  0.0242  0.0242  0.0242  0.0242  0.0242  0.0242
  0.0243  0.0243  0.0243  0.0243  0.0243  0.0244  0.0243  0.0243  0.0243  0.0243  0.0243  0.0243
  0.0245  0.0245  0.0244  0.0244  0.0244  0.0245  0.0244  0.0245  0.0244  0.0245  0.0243  0.0244
   -2.2937   38.8484   -2.1290   -2.7485  -26.9473  -34.9370
   -2.3902    3.7689    2.0806   35.1184    0.1638  -31.2891
eta,q 0.97580  9.49021

---------------------------------------------------------------------
imgreg_4dfp /opt/freesurfer/average/711-2C_as_mni_average_305 /opt/freesurfer/average/711-2B_as_mni_average_305_mask talsrcimg_g11 none talsrcimg_to_711-2C_as_mni_average_305_t4 2311
---------------------------------------------------------------------

freesurfer imgreg_4dfp.c
/opt/freesurfer/average/711-2C_as_mni_average_305.4dfp.img
       256       256       256         1
  1.000000  1.000000  1.000000
orientation T byte_order littleendian
Reading image: /opt/freesurfer/average/711-2C_as_mni_average_305.4dfp.img
dimensions:      256       256       256
mmppix:       1.0000   -1.0000   -1.0000
center:     128.0000 -129.0000 -129.0000
/opt/freesurfer/average/711-2B_as_mni_average_305_mask.4dfp.img
       256       256       256         1
  1.000000  1.000000  1.000000
orientation T byte_order littleendian
Reading mask: /opt/freesurfer/average/711-2B_as_mni_average_305_mask.4dfp.img (2306576 pixels)
talsrcimg_g11.4dfp.img
       256       256       256         1
  1.000000  1.000000  1.000000
orientation T byte_order littleendian
Reading image: talsrcimg_g11.4dfp.img
dimensions:      256       256       256
mmppix:       1.0000   -1.0000   -1.0000
center:     128.0000 -129.0000 -129.0000
fimgreg.f
image alignment mode   2311 decimal      907 hex
parameters
   -2.2937   38.8484   -2.1290   -2.7485  -26.9473  -34.9370
   -2.3902    3.7689    2.0806   35.1184    0.1638  -31.2891
eta,q 0.97580  9.49021
niter,ni,del,rscale     5    3    5.0000    0.8000
parameters
   -2.2885   38.8474   -2.1837   -2.9285  -27.1956  -34.6610
   -2.5026    3.8889    2.0164   35.4397    0.1935  -31.2137
eta,q 0.97578  9.48862
  0.0252  0.0252  0.0248  0.0248  0.0250  0.0254  0.0250  0.0255  0.0250  0.0253  0.0247  0.0249
  0.0246  0.0246  0.0245  0.0245  0.0246  0.0247  0.0246  0.0248  0.0246  0.0247  0.0244  0.0245
  0.0243  0.0243  0.0243  0.0243  0.0243  0.0243  0.0243  0.0244  0.0243  0.0243  0.0243  0.0243
  0.0242  0.0242  0.0242  0.0242  0.0242  0.0242  0.0242  0.0242  0.0242  0.0242  0.0242  0.0242
  0.0243  0.0243  0.0243  0.0243  0.0243  0.0244  0.0243  0.0243  0.0243  0.0243  0.0243  0.0243
  0.0247  0.0246  0.0245  0.0246  0.0246  0.0246  0.0246  0.0247  0.0246  0.0246  0.0244  0.0245
  0.0252  0.0252  0.0249  0.0250  0.0253  0.0250  0.0250  0.0253  0.0250  0.0250  0.0246  0.0249
niter,ni,del,rscale     4    3    5.0000    0.7000
parameters
   -2.2872   38.8572   -2.1401   -2.8482  -27.1473  -34.5429
   -2.4588    3.8997    2.0284   35.4221    0.2061  -31.2135
eta,q 0.97577  9.49949
  0.0250  0.0250  0.0248  0.0248  0.0249  0.0250  0.0248  0.0251  0.0248  0.0249  0.0246  0.0247
  0.0246  0.0246  0.0245  0.0245  0.0246  0.0245  0.0245  0.0246  0.0245  0.0245  0.0244  0.0245
  0.0243  0.0243  0.0243  0.0243  0.0243  0.0242  0.0243  0.0243  0.0243  0.0243  0.0243  0.0243
  0.0242  0.0242  0.0242  0.0242  0.0242  0.0242  0.0242  0.0242  0.0242  0.0242  0.0242  0.0242
  0.0243  0.0243  0.0243  0.0243  0.0243  0.0243  0.0243  0.0243  0.0243  0.0243  0.0243  0.0243
  0.0246  0.0245  0.0244  0.0245  0.0245  0.0245  0.0245  0.0246  0.0245  0.0245  0.0244  0.0245
  0.0250  0.0250  0.0247  0.0248  0.0249  0.0248  0.0248  0.0251  0.0248  0.0249  0.0245  0.0247
niter,ni,del,rscale     3    3    5.0000    0.6000
parameters
   -2.2861   38.8492   -2.1096   -2.7771  -27.0575  -34.5643
   -2.4292    3.8817    2.0514   35.3345    0.2059  -31.2221
eta,q 0.97578  9.50405
  0.0248  0.0248  0.0246  0.0246  0.0247  0.0247  0.0247  0.0249  0.0247  0.0247  0.0245  0.0246
  0.0245  0.0245  0.0244  0.0244  0.0245  0.0244  0.0244  0.0245  0.0244  0.0244  0.0243  0.0244
  0.0243  0.0243  0.0243  0.0243  0.0243  0.0242  0.0243  0.0243  0.0243  0.0243  0.0242  0.0243
  0.0242  0.0242  0.0242  0.0242  0.0242  0.0242  0.0242  0.0242  0.0242  0.0242  0.0242  0.0242
  0.0243  0.0243  0.0243  0.0243  0.0243  0.0243  0.0243  0.0243  0.0243  0.0243  0.0242  0.0243
  0.0245  0.0245  0.0244  0.0244  0.0244  0.0245  0.0244  0.0245  0.0244  0.0245  0.0243  0.0244
  0.0248  0.0248  0.0246  0.0246  0.0247  0.0247  0.0247  0.0249  0.0247  0.0247  0.0245  0.0246
niter,ni,del,rscale     2    3    5.0000    0.5000
parameters
   -2.2853   38.8434   -2.1109   -2.7339  -26.9742  -34.7094
   -2.3978    3.8279    2.0676   35.2245    0.1746  -31.2515
eta,q 0.97579  9.50140
  0.0246  0.0246  0.0245  0.0245  0.0246  0.0246  0.0245  0.0246  0.0245  0.0246  0.0244  0.0245
  0.0244  0.0244  0.0243  0.0244  0.0244  0.0243  0.0244  0.0244  0.0244  0.0244  0.0243  0.0243
  0.0243  0.0243  0.0243  0.0243  0.0243  0.0242  0.0243  0.0242  0.0243  0.0242  0.0242  0.0242
  0.0242  0.0242  0.0242  0.0242  0.0242  0.0242  0.0242  0.0242  0.0242  0.0242  0.0242  0.0242
  0.0243  0.0243  0.0242  0.0243  0.0242  0.0243  0.0242  0.0243  0.0242  0.0243  0.0242  0.0242
  0.0244  0.0244  0.0243  0.0244  0.0243  0.0244  0.0243  0.0244  0.0244  0.0244  0.0243  0.0243
  0.0246  0.0246  0.0245  0.0245  0.0246  0.0246  0.0245  0.0247  0.0245  0.0246  0.0244  0.0245
niter,ni,del,rscale     1    3    5.0000    0.4000
parameters
   -2.2918   38.8420   -2.1273   -2.7360  -26.9459  -34.9154
   -2.3912    3.7770    2.0690   35.1237    0.1401  -31.2941
eta,q 0.97580  9.49199
  0.0245  0.0245  0.0244  0.0244  0.0244  0.0244  0.0244  0.0245  0.0244  0.0244  0.0243  0.0244
  0.0243  0.0243  0.0243  0.0243  0.0243  0.0243  0.0243  0.0243  0.0243  0.0243  0.0243  0.0243
  0.0242  0.0242  0.0242  0.0242  0.0242  0.0242  0.0242  0.0242  0.0242  0.0242  0.0242  0.0242
  0.0242  0.0242  0.0242  0.0242  0.0242  0.0242  0.0242  0.0242  0.0242  0.0242  0.0242  0.0242
  0.0242  0.0242  0.0242  0.0242  0.0242  0.0243  0.0242  0.0242  0.0242  0.0242  0.0242  0.0242
  0.0243  0.0243  0.0243  0.0243  0.0243  0.0244  0.0243  0.0243  0.0243  0.0243  0.0243  0.0243
  0.0245  0.0245  0.0244  0.0244  0.0244  0.0245  0.0244  0.0245  0.0244  0.0245  0.0243  0.0244
registration optimization eta report
parameter search radius
    0.8000    0.8000    0.8000    2.4000    2.4000    2.4000
    2.4000    2.4000    2.4000    2.4000    2.4000    2.4000
100000*second partial in parameter space
       40.       39.       28.        3.        4.        4.
        3.        5.        3.        4.        2.        3.
  0.0245  0.0245  0.0244  0.0244  0.0244  0.0244  0.0244  0.0245  0.0244  0.0244  0.0243  0.0244
  0.0243  0.0243  0.0243  0.0243  0.0243  0.0243  0.0243  0.0243  0.0243  0.0243  0.0243  0.0243
  0.0242  0.0242  0.0242  0.0242  0.0242  0.0242  0.0242  0.0242  0.0242  0.0242  0.0242  0.0242
  0.0242  0.0242  0.0242  0.0242  0.0242  0.0242  0.0242  0.0242  0.0242  0.0242  0.0242  0.0242
  0.0242  0.0242  0.0242  0.0242  0.0242  0.0243  0.0242  0.0242  0.0242  0.0242  0.0242  0.0242
  0.0243  0.0243  0.0243  0.0243  0.0243  0.0244  0.0243  0.0243  0.0243  0.0243  0.0243  0.0243
  0.0245  0.0245  0.0244  0.0244  0.0244  0.0245  0.0244  0.0245  0.0244  0.0245  0.0243  0.0244
   -2.2918   38.8420   -2.1273   -2.7360  -26.9459  -34.9154
   -2.3912    3.7770    2.0690   35.1237    0.1401  -31.2941
eta,q 0.97580  9.49199

---------------------------------------------------------------------
compute_vox2vox talsrcimg talsrcimg_to_711-2C_as_mni_average_305_t4 /opt/freesurfer/average/711-2C_as_mni_average_305
---------------------------------------------------------------------

freesurfer compute_vox2vox.c
Reading: talsrcimg.4dfp.ifh
Reading: talsrcimg_to_711-2C_as_mni_average_305_t4
Reading: /opt/freesurfer/average/711-2C_as_mni_average_305.4dfp.ifh
Writing: talsrcimg_to_711-2C_as_mni_average_305_t4_vox2vox.txt

start time Sun Mar 15 08:14:09 CET 2026
end		time Sun Mar 15 08:14:22 CET 2026

mpr2mni305 success

avi2talxfm orig_nu.mgz /opt/freesurfer/average/mni305.cor.mgz talsrcimg_to_711-2C_as_mni_average_305_t4_vox2vox.txt transforms/talairach.auto.xfm
avi2talxfm done
mv -f /out/sourcedata/freesurfer/sub-v2s10x28953_ses-1/mri/talsrcimg_to_711-2C_as_mni_average_305_t4_vox2vox.txt /out/sourcedata/freesurfer/sub-v2s10x28953_ses-1/mri/transforms/talsrcimg_to_711-2C_as_mni_average_305_t4_vox2vox.txt
lta_convert --src orig_nu.mgz --trg /opt/freesurfer/average/mni305.cor.mgz --inxfm transforms/talairach.auto.xfm --outlta transforms/talairach.auto.xfm.lta --subject fsaverage
7.3.2

--src: orig_nu.mgz src image (geometry).
--trg: /opt/freesurfer/average/mni305.cor.mgz trg image (geometry).
--inmni: transforms/talairach.auto.xfm input MNI/XFM transform.
--outlta: transforms/talairach.auto.xfm.lta output LTA.
--s: fsaverage subject name
 LTA read, type : 1
 1.02808  -0.06321   0.00657   2.69954;
-0.01317   1.24877   0.53451  -8.29341;
-0.02279  -0.59861   1.11168   6.93545;
 0.00000   0.00000   0.00000   1.00000;
setting subject to fsaverage
Writing  LTA to file transforms/talairach.auto.xfm.lta...
lta_convert successful.
 
 
Started at Sun Mar 15 08:14:08 CET 2026
Ended   at Sun Mar 15 08:14:23 CET 2026
talairach_avi done
