status file for recon-all
Sun Mar 15 09:30:08 CET 2026
#@# Tessellate rh Sun Mar 15 09:30:08 CET 2026
#@# Smooth1 rh Sun Mar 15 09:30:11 CET 2026
#@# Inflation1 rh Sun Mar 15 09:30:12 CET 2026
#@# QSphere rh Sun Mar 15 09:30:19 CET 2026
#@# Fix Topology rh Sun Mar 15 09:31:02 CET 2026
#@# Smooth2 rh Sun Mar 15 09:34:20 CET 2026
#@# Inflation2 rh Sun Mar 15 09:34:22 CET 2026
#@# Curv .H and .K rh Sun Mar 15 09:34:29 CET 2026
#@# Sphere rh Sun Mar 15 09:35:01 CET 2026
#@# Surf Reg rh Sun Mar 15 09:36:15 CET 2026
#@# Jacobian white rh Sun Mar 15 09:38:22 CET 2026
#@# AvgCurv rh Sun Mar 15 09:38:23 CET 2026
#@# Cortical Parc rh Sun Mar 15 09:38:23 CET 2026
#@# white curv rh Sun Mar 15 09:42:50 CET 2026
#@# white area rh Sun Mar 15 09:42:51 CET 2026
#@# pial curv rh Sun Mar 15 09:42:52 CET 2026
#@# pial area rh Sun Mar 15 09:42:53 CET 2026
#@# thickness rh Sun Mar 15 09:42:53 CET 2026
#@# area and vertex vol rh Sun Mar 15 09:43:10 CET 2026
#@# Curvature Stats rh Sun Mar 15 09:43:11 CET 2026
#@# Cortical Parc 2 rh Sun Mar 15 09:43:12 CET 2026
#@# Cortical Parc 3 rh Sun Mar 15 09:43:21 CET 2026
#@# WM/GM Contrast rh Sun Mar 15 09:43:27 CET 2026
recon-all -s sub-v2s10x28970_ses-1 finished without error at Sun Mar 15 09:43:29 CET 2026



#New# invocation of recon-all 



status file for recon-all
Sun Mar 15 09:47:55 CET 2026
#@# white curv rh Sun Mar 15 09:47:55 CET 2026
#@# white area rh Sun Mar 15 09:47:55 CET 2026
#@# pial curv rh Sun Mar 15 09:47:55 CET 2026
#@# pial area rh Sun Mar 15 09:47:55 CET 2026
#@# thickness rh Sun Mar 15 09:47:55 CET 2026
#@# area and vertex vol rh Sun Mar 15 09:47:55 CET 2026
#@# Parcellation Stats rh Sun Mar 15 09:47:55 CET 2026
#@# Parcellation Stats 2 rh Sun Mar 15 09:48:06 CET 2026
#@# Parcellation Stats 3 rh Sun Mar 15 09:48:12 CET 2026
#@# BA_exvivo Labels rh Sun Mar 15 09:48:18 CET 2026
recon-all -s sub-v2s10x28970_ses-1 finished without error at Sun Mar 15 09:49:55 CET 2026
