status file for recon-all
Sun Mar 15 09:16:56 CET 2026
#@# Tessellate lh Sun Mar 15 09:16:57 CET 2026
#@# Smooth1 lh Sun Mar 15 09:16:59 CET 2026
#@# Inflation1 lh Sun Mar 15 09:17:00 CET 2026
#@# QSphere lh Sun Mar 15 09:17:07 CET 2026
#@# Fix Topology lh Sun Mar 15 09:17:44 CET 2026
#@# Smooth2 lh Sun Mar 15 09:21:07 CET 2026
#@# Inflation2 lh Sun Mar 15 09:21:09 CET 2026
#@# Curv .H and .K lh Sun Mar 15 09:21:17 CET 2026
#@# Sphere lh Sun Mar 15 09:21:49 CET 2026
#@# Surf Reg lh Sun Mar 15 09:22:59 CET 2026
#@# Jacobian white lh Sun Mar 15 09:24:53 CET 2026
#@# AvgCurv lh Sun Mar 15 09:24:53 CET 2026
#@# Cortical Parc lh Sun Mar 15 09:24:54 CET 2026
#@# white curv lh Sun Mar 15 09:29:29 CET 2026
#@# white area lh Sun Mar 15 09:29:30 CET 2026
#@# pial curv lh Sun Mar 15 09:29:30 CET 2026
#@# pial area lh Sun Mar 15 09:29:31 CET 2026
#@# thickness lh Sun Mar 15 09:29:32 CET 2026
#@# area and vertex vol lh Sun Mar 15 09:29:48 CET 2026
#@# Curvature Stats lh Sun Mar 15 09:29:49 CET 2026
#@# Cortical Parc 2 lh Sun Mar 15 09:29:50 CET 2026
#@# Cortical Parc 3 lh Sun Mar 15 09:29:59 CET 2026
#@# WM/GM Contrast lh Sun Mar 15 09:30:05 CET 2026
recon-all -s sub-v2s10x28970_ses-1 finished without error at Sun Mar 15 09:30:07 CET 2026



#New# invocation of recon-all 



status file for recon-all
Sun Mar 15 09:45:53 CET 2026
#@# white curv lh Sun Mar 15 09:45:53 CET 2026
#@# white area lh Sun Mar 15 09:45:53 CET 2026
#@# pial curv lh Sun Mar 15 09:45:53 CET 2026
#@# pial area lh Sun Mar 15 09:45:53 CET 2026
#@# thickness lh Sun Mar 15 09:45:53 CET 2026
#@# area and vertex vol lh Sun Mar 15 09:45:53 CET 2026
#@# Parcellation Stats lh Sun Mar 15 09:45:53 CET 2026
#@# Parcellation Stats 2 lh Sun Mar 15 09:46:05 CET 2026
#@# Parcellation Stats 3 lh Sun Mar 15 09:46:11 CET 2026
#@# BA_exvivo Labels lh Sun Mar 15 09:46:17 CET 2026
recon-all -s sub-v2s10x28970_ses-1 finished without error at Sun Mar 15 09:47:52 CET 2026
