status file for recon-all
Sun Mar 15 08:11:22 CET 2026
#@# MotionCor Sun Mar 15 08:11:23 CET 2026
#@# Talairach Sun Mar 15 08:11:29 CET 2026
#@# Talairach Failure Detection Sun Mar 15 08:14:19 CET 2026
#@# Nu Intensity Correction Sun Mar 15 08:14:19 CET 2026
#@# Intensity Normalization Sun Mar 15 08:17:03 CET 2026
recon-all -s sub-v2s10x28970_ses-1 finished without error at Sun Mar 15 08:17:58 CET 2026



#New# invocation of recon-all 



status file for recon-all
Sun Mar 15 08:23:26 CET 2026
#@# EM Registration Sun Mar 15 08:23:26 CET 2026
recon-all -s sub-v2s10x28970_ses-1 finished without error at Sun Mar 15 08:24:30 CET 2026



#New# invocation of recon-all 



status file for recon-all
Sun Mar 15 08:24:32 CET 2026
#@# CA Normalize Sun Mar 15 08:24:32 CET 2026
#@# CA Reg Sun Mar 15 08:25:26 CET 2026
#@# SubCort Seg Sun Mar 15 08:54:38 CET 2026
#@# CC Seg Sun Mar 15 09:13:04 CET 2026
#@# Merge ASeg Sun Mar 15 09:13:22 CET 2026
#@# Intensity Normalization2 Sun Mar 15 09:13:22 CET 2026
#@# Mask BFS Sun Mar 15 09:14:46 CET 2026
#@# WM Segmentation Sun Mar 15 09:14:46 CET 2026
#@# Fill Sun Mar 15 09:16:17 CET 2026
recon-all -s sub-v2s10x28970_ses-1 finished without error at Sun Mar 15 09:16:53 CET 2026



#New# invocation of recon-all 



status file for recon-all
Sun Mar 15 09:43:33 CET 2026
#@# white curv lh Sun Mar 15 09:43:33 CET 2026
#@# white area lh Sun Mar 15 09:43:33 CET 2026
#@# pial curv lh Sun Mar 15 09:43:33 CET 2026
#@# pial area lh Sun Mar 15 09:43:33 CET 2026
#@# thickness lh Sun Mar 15 09:43:33 CET 2026
#@# area and vertex vol lh Sun Mar 15 09:43:33 CET 2026
#@# white curv rh Sun Mar 15 09:43:33 CET 2026
#@# white area rh Sun Mar 15 09:43:33 CET 2026
#@# pial curv rh Sun Mar 15 09:43:33 CET 2026
#@# pial area rh Sun Mar 15 09:43:33 CET 2026
#@# thickness rh Sun Mar 15 09:43:33 CET 2026
#@# area and vertex vol rh Sun Mar 15 09:43:33 CET 2026
#@# Cortical ribbon mask Sun Mar 15 09:43:33 CET 2026
recon-all -s sub-v2s10x28970_ses-1 finished without error at Sun Mar 15 09:45:49 CET 2026



#New# invocation of recon-all 



status file for recon-all
Sun Mar 15 09:49:59 CET 2026
#@# white curv lh Sun Mar 15 09:49:59 CET 2026
#@# white area lh Sun Mar 15 09:49:59 CET 2026
#@# pial curv lh Sun Mar 15 09:49:59 CET 2026
#@# pial area lh Sun Mar 15 09:49:59 CET 2026
#@# thickness lh Sun Mar 15 09:49:59 CET 2026
#@# area and vertex vol lh Sun Mar 15 09:49:59 CET 2026
#@# white curv rh Sun Mar 15 09:49:59 CET 2026
#@# white area rh Sun Mar 15 09:49:59 CET 2026
#@# pial curv rh Sun Mar 15 09:49:59 CET 2026
#@# pial area rh Sun Mar 15 09:49:59 CET 2026
#@# thickness rh Sun Mar 15 09:49:59 CET 2026
#@# area and vertex vol rh Sun Mar 15 09:49:59 CET 2026
#@# Curvature Stats lh Sun Mar 15 09:49:59 CET 2026
#@# Curvature Stats rh Sun Mar 15 09:50:00 CET 2026
#@# Relabel Hypointensities Sun Mar 15 09:50:02 CET 2026
#@# APas-to-ASeg Sun Mar 15 09:50:12 CET 2026
#@# AParc-to-ASeg aparc Sun Mar 15 09:50:17 CET 2026
#@# AParc-to-ASeg aparc.a2009s Sun Mar 15 09:50:34 CET 2026
#@# AParc-to-ASeg aparc.DKTatlas Sun Mar 15 09:50:55 CET 2026
#@# WMParc Sun Mar 15 09:51:14 CET 2026
#@# ASeg Stats Sun Mar 15 09:52:49 CET 2026
recon-all -s sub-v2s10x28970_ses-1 finished without error at Sun Mar 15 09:53:05 CET 2026
