/out/sourcedata/freesurfer/sub-v2s10x28980_ses-1/mri
/opt/freesurfer/bin/talairach_avi
--i orig_nu.mgz --xfm transforms/talairach.auto.xfm
talairach_avi 7.3.2
Linux dna054 5.14.0-427.37.1.el9_4.x86_64 #1 SMP PREEMPT_DYNAMIC Fri Sep 13 12:41:50 EDT 2024 x86_64 x86_64 x86_64 GNU/Linux
Sun Mar 15 08:15:23 CET 2026
mri_convert orig_nu.mgz talsrcimg.img 
reading from orig_nu.mgz...
TR=0.00, TE=0.00, TI=0.00, flip angle=0.00
i_ras = (-1, 0, 0)
j_ras = (0, 0, -1)
k_ras = (0, 1, 0)
writing to talsrcimg.img...
Analyze Output Matrix
-1.00000   0.00000   0.00000   126.95859;
 0.00000   0.00000   1.00000  -118.21801;
 0.00000  -1.00000   0.00000   117.28392;
 0.00000   0.00000   0.00000   1.00000;
--------------------
INFO: set hdr.hist.orient to -1
mpr2mni305 talsrcimg
Sun Mar 15 08:15:23 CET 2026
/opt/freesurfer/bin/mpr2mni305 talsrcimg
mpr2mni305 7.3.2
target=711-2C_as_mni_average_305

---------------------------------------------------------------------
analyzeto4dfp talsrcimg -O0 -y
---------------------------------------------------------------------

freesurfer ifh2hdr.c
Sun Mar 15 08:15:23 2026
Writing: talsrcimg.4dfp.hdr
freesurfer analyzeto4dfp.c
Reading: talsrcimg.hdr
header size 348 bytes
hdr.dime.datatype	offset=70	value=2
hdr.dime.bitpix		offset=72	value=8
hdr.hist.orient		offset=252	value=-1
dimensionality     4
dimensions       256       256       256         1
Reading: talsrcimg.img
Writing: talsrcimg.4dfp.img
Writing: talsrcimg.4dfp.ifh
ifh2hdr talsrcimg -r0to206
ori=2

---------------------------------------------------------------------
gauss_4dfp talsrcimg 1.1
---------------------------------------------------------------------

freesurfer gauss_4dfp.c
Reading: talsrcimg.4dfp.img
Writing: talsrcimg_g11.4dfp.img
image dimensions 256 256 256 padded to 288 288 288
processing volume 1freesurfer ifh2hdr.c
Sun Mar 15 08:15:25 2026
Writing: talsrcimg_g11.4dfp.hdr

Writing: talsrcimg_g11.4dfp.ifh
including: talsrcimg.4dfp.img.rec in talsrcimg_g11.4dfp.img.rec

---------------------------------------------------------------------
imgreg_4dfp /opt/freesurfer/average/711-2C_as_mni_average_305 none talsrcimg_g11 none talsrcimg_to_711-2C_as_mni_average_305_t4 4355
---------------------------------------------------------------------

freesurfer imgreg_4dfp.c
/opt/freesurfer/average/711-2C_as_mni_average_305.4dfp.img
       256       256       256         1
  1.000000  1.000000  1.000000
orientation T byte_order littleendian
Reading image: /opt/freesurfer/average/711-2C_as_mni_average_305.4dfp.img
dimensions:      256       256       256
mmppix:       1.0000   -1.0000   -1.0000
center:     128.0000 -129.0000 -129.0000
talsrcimg_g11.4dfp.img
       256       256       256         1
  1.000000  1.000000  1.000000
orientation T byte_order littleendian
Reading image: talsrcimg_g11.4dfp.img
dimensions:      256       256       256
mmppix:       1.0000   -1.0000   -1.0000
center:     128.0000 -129.0000 -129.0000
t4_read: open error in t4_sub.f l:  41 t4_file(1:l)talsrcimg_to_711-2C_as_mni_average_305_t4 
t4_read: transform initialized to I4
rotation matrix determinant  1.000000
image alignment mode   4355 decimal     1103 hex
   -7.5000  -45.0000  -45.0000 5285.8325   20.3030
    0.0000  -45.0000  -45.0000 5546.0664   20.2571
    7.5000  -45.0000  -45.0000 5347.1138   20.2807
   -7.5000  -37.5000  -45.0000 5948.4014   19.7887
    0.0000  -37.5000  -45.0000 6220.0000   19.7539
    7.5000  -37.5000  -45.0000 6000.6191   19.7851
   -7.5000  -30.0000  -45.0000 6858.6431   19.4878
    0.0000  -30.0000  -45.0000 7172.4741   19.4586
    7.5000  -30.0000  -45.0000 6926.4966   19.4921
   -7.5000  -22.5000  -45.0000 7794.7017   19.3822
    0.0000  -22.5000  -45.0000 8173.8853   19.3549
    7.5000  -22.5000  -45.0000 7892.5649   19.3852
   -7.5000  -15.0000  -45.0000 8717.0977   19.3126
    0.0000  -15.0000  -45.0000 9162.2158   19.2809
    7.5000  -15.0000  -45.0000 8838.6523   19.3053
   -7.5000   -7.5000  -45.0000 9671.0762   19.2897
    0.0000   -7.5000  -45.000010166.6230   19.2515
    7.5000   -7.5000  -45.0000 9781.2256   19.2732
   -7.5000    0.0000  -45.000010624.8311   19.2452
    0.0000    0.0000  -45.000011169.1611   19.2071
    7.5000    0.0000  -45.000010739.9219   19.2311
   -7.5000    7.5000  -45.000010660.6045   19.2212
    0.0000    7.5000  -45.000011194.6309   19.1878
    7.5000    7.5000  -45.000010775.1777   19.2174
   -7.5000   15.0000  -45.000010547.8887   19.2356
    0.0000   15.0000  -45.000011054.4551   19.2067
    7.5000   15.0000  -45.000010631.5059   19.2392
   -7.5000   22.5000  -45.000010317.1885   19.2731
    0.0000   22.5000  -45.000010806.7021   19.2460
    7.5000   22.5000  -45.000010385.0830   19.2759
   -7.5000   30.0000  -45.000010008.6719   19.0486
    0.0000   30.0000  -45.000010499.0635   19.0173
    7.5000   30.0000  -45.000010076.3730   19.0415
   -7.5000   37.5000  -45.000010040.2451   19.0326
    0.0000   37.5000  -45.000010540.0459   18.9949
    7.5000   37.5000  -45.000010122.4092   19.0164
   -7.5000   45.0000  -45.0000 9775.1729   18.5066
    0.0000   45.0000  -45.000010262.4160   18.4699
    7.5000   45.0000  -45.0000 9870.9072   18.4930
   -7.5000  -45.0000  -37.5000 5647.3862   20.3464
    0.0000  -45.0000  -37.5000 5919.4214   20.2949
    7.5000  -45.0000  -37.5000 5724.8208   20.3082
   -7.5000  -37.5000  -37.5000 6342.8418   19.8310
    0.0000  -37.5000  -37.5000 6639.3208   19.7919
    7.5000  -37.5000  -37.5000 6414.1982   19.8131
   -7.5000  -30.0000  -37.5000 7321.4907   19.5315
    0.0000  -30.0000  -37.5000 7666.6206   19.4962
    7.5000  -30.0000  -37.5000 7389.5000   19.5204
   -7.5000  -22.5000  -37.5000 8321.7891   19.4319
    0.0000  -22.5000  -37.5000 8738.3115   19.3960
    7.5000  -22.5000  -37.5000 8421.2305   19.4173
   -7.5000  -15.0000  -37.5000 9329.9902   19.3645
    0.0000  -15.0000  -37.5000 9805.9922   19.3237
    7.5000  -15.0000  -37.5000 9445.3691   19.3395
   -7.5000   -7.5000  -37.500010303.2451   19.3374
    0.0000   -7.5000  -37.500010838.1240   19.2919
    7.5000   -7.5000  -37.500010428.9395   19.3043
   -7.5000    0.0000  -37.500011259.8623   19.2874
    0.0000    0.0000  -37.500011858.0889   19.2444
    7.5000    0.0000  -37.500011399.8555   19.2583
   -7.5000    7.5000  -37.500011314.8398   19.2612
    0.0000    7.5000  -37.500011896.4541   19.2235
    7.5000    7.5000  -37.500011435.2051   19.2434
   -7.5000   15.0000  -37.500011149.8691   19.2783
    0.0000   15.0000  -37.500011700.3555   19.2433
    7.5000   15.0000  -37.500011253.1816   19.2667
   -7.5000   22.5000  -37.500010880.3184   19.3223
    0.0000   22.5000  -37.500011404.4717   19.2867
    7.5000   22.5000  -37.500010963.9092   19.3076
   -7.5000   30.0000  -37.500010561.2705   19.0998
    0.0000   30.0000  -37.500011070.0908   19.0596
    7.5000   30.0000  -37.500010638.9971   19.0751
   -7.5000   37.5000  -37.500010598.7900   19.0797
    0.0000   37.5000  -37.500011119.1328   19.0349
    7.5000   37.5000  -37.500010675.8652   19.0470
   -7.5000   45.0000  -37.500010313.7080   18.5472
    0.0000   45.0000  -37.500010800.6006   18.5058
    7.5000   45.0000  -37.500010386.0107   18.5192
   -7.5000  -45.0000  -30.0000 6112.8501   21.2722
    0.0000  -45.0000  -30.0000 6423.8643   21.2152
    7.5000  -45.0000  -30.0000 6200.7886   21.2108
   -7.5000  -37.5000  -30.0000 6856.5537   20.7395
    0.0000  -37.5000  -30.0000 7187.1851   20.6972
    7.5000  -37.5000  -30.0000 6929.7451   20.7026
   -7.5000  -30.0000  -30.0000 7892.0679   20.4255
    0.0000  -30.0000  -30.0000 8289.1445   20.3869
    7.5000  -30.0000  -30.0000 7989.6274   20.3991
   -7.5000  -22.5000  -30.0000 8982.0400   20.3159
    0.0000  -22.5000  -30.0000 9437.7852   20.2756
    7.5000  -22.5000  -30.0000 9094.8154   20.2882
   -7.5000  -15.0000  -30.000010062.5674   20.2406
    0.0000  -15.0000  -30.000010574.6592   20.1937
    7.5000  -15.0000  -30.000010180.6475   20.2002
   -7.5000   -7.5000  -30.000011078.0850   20.2120
    0.0000   -7.5000  -30.000011667.0762   20.1602
    7.5000   -7.5000  -30.000011224.3398   20.1593
   -7.5000    0.0000  -30.000012072.0381   20.1638
    0.0000    0.0000  -30.000012729.8760   20.1160
    7.5000    0.0000  -30.000012226.7275   20.1140
   -7.5000    7.5000  -30.000012071.9717   20.1413
    0.0000    7.5000  -30.000012719.7520   20.1003
    7.5000    7.5000  -30.000012222.0625   20.1050
   -7.5000   15.0000  -30.000011873.7305   20.1597
    0.0000   15.0000  -30.000012484.7285   20.1215
    7.5000   15.0000  -30.000011994.5938   20.1331
   -7.5000   22.5000  -30.000011590.4121   20.1988
    0.0000   22.5000  -30.000012176.3564   20.1589
    7.5000   22.5000  -30.000011680.0635   20.1712
   -7.5000   30.0000  -30.000011277.0361   19.9658
    0.0000   30.0000  -30.000011864.6191   19.9195
    7.5000   30.0000  -30.000011349.2363   19.9260
   -7.5000   37.5000  -30.000011304.1875   19.9446
    0.0000   37.5000  -30.000011904.7510   19.8934
    7.5000   37.5000  -30.000011384.5225   19.8926
   -7.5000   45.0000  -30.000010957.6768   19.4041
    0.0000   45.0000  -30.000011504.9219   19.3581
    7.5000   45.0000  -30.000011026.1602   19.3563
   -7.5000  -45.0000  -22.5000 6582.1372   22.0260
    0.0000  -45.0000  -22.5000 6908.3350   21.9694
    7.5000  -45.0000  -22.5000 6653.8643   21.9568
   -7.5000  -37.5000  -22.5000 7365.8467   21.4811
    0.0000  -37.5000  -22.5000 7723.8237   21.4407
    7.5000  -37.5000  -22.5000 7432.9014   21.4396
   -7.5000  -30.0000  -22.5000 8476.9424   21.1512
    0.0000  -30.0000  -22.5000 8885.4238   21.1164
    7.5000  -30.0000  -22.5000 8572.3486   21.1256
   -7.5000  -22.5000  -22.5000 9638.0371   21.0228
    0.0000  -22.5000  -22.500010123.0498   20.9877
    7.5000  -22.5000  -22.5000 9760.5830   21.0009
   -7.5000  -15.0000  -22.500010772.6758   20.9358
    0.0000  -15.0000  -22.500011329.8301   20.8928
    7.5000  -15.0000  -22.500010921.4453   20.8991
   -7.5000   -7.5000  -22.500011818.9912   20.9124
    0.0000   -7.5000  -22.500012467.0723   20.8620
    7.5000   -7.5000  -22.500011995.9561   20.8572
   -7.5000    0.0000  -22.500012822.2959   20.8753
    0.0000    0.0000  -22.500013532.8008   20.8284
    7.5000    0.0000  -22.500013011.2012   20.8199
   -7.5000    7.5000  -22.500012789.3955   20.8605
    0.0000    7.5000  -22.500013460.8896   20.8212
    7.5000    7.5000  -22.500012962.7949   20.8198
   -7.5000   15.0000  -22.500012555.3320   20.8756
    0.0000   15.0000  -22.500013210.9600   20.8411
    7.5000   15.0000  -22.500012706.1582   20.8498
   -7.5000   22.5000  -22.500012262.2021   20.9001
    0.0000   22.5000  -22.500012885.8047   20.8652
    7.5000   22.5000  -22.500012366.1074   20.8781
   -7.5000   30.0000  -22.500011938.6328   20.6547
    0.0000   30.0000  -22.500012593.1299   20.6123
    7.5000   30.0000  -22.500012025.5381   20.6186
   -7.5000   37.5000  -22.500011943.6445   20.6389
    0.0000   37.5000  -22.500012602.0000   20.5892
    7.5000   37.5000  -22.500012050.4062   20.5844
   -7.5000   45.0000  -22.500011553.5869   20.1040
    0.0000   45.0000  -22.500012151.0420   20.0588
    7.5000   45.0000  -22.500011621.9160   20.0506
   -7.5000  -45.0000  -15.0000 7030.8892   22.5076
    0.0000  -45.0000  -15.0000 7371.5005   22.4561
    7.5000  -45.0000  -15.0000 7098.0547   22.4534
   -7.5000  -37.5000  -15.0000 7869.1343   21.9519
    0.0000  -37.5000  -15.0000 8247.2139   21.9159
    7.5000  -37.5000  -15.0000 7951.3652   21.9243
   -7.5000  -30.0000  -15.0000 9064.9326   21.6112
    0.0000  -30.0000  -15.0000 9506.1895   21.5829
    7.5000  -30.0000  -15.0000 9157.3945   21.6013
   -7.5000  -22.5000  -15.000010299.6621   21.4705
    0.0000  -22.5000  -15.000010816.1865   21.4445
    7.5000  -22.5000  -15.000010422.0264   21.4676
   -7.5000  -15.0000  -15.000011484.4512   21.3773
    0.0000  -15.0000  -15.000012070.0234   21.3437
    7.5000  -15.0000  -15.000011627.7773   21.3602
   -7.5000   -7.5000  -15.000012551.6338   21.3596
    0.0000   -7.5000  -15.000013194.3447   21.3163
    7.5000   -7.5000  -15.000012728.7900   21.3215
   -7.5000    0.0000  -15.000013559.3730   21.3303
    0.0000    0.0000  -15.000014228.0703   21.2881
    7.5000    0.0000  -15.000013746.2949   21.2894
   -7.5000    7.5000  -15.000013520.5244   21.3188
    0.0000    7.5000  -15.000014136.2480   21.2839
    7.5000    7.5000  -15.000013661.6494   21.2916
   -7.5000   15.0000  -15.000013250.6865   21.3301
    0.0000   15.0000  -15.000013861.9668   21.3019
    7.5000   15.0000  -15.000013384.5977   21.3197
   -7.5000   22.5000  -15.000012928.3398   21.3444
    0.0000   22.5000  -15.000013533.0625   21.3186
    7.5000   22.5000  -15.000013048.7549   21.3413
   -7.5000   30.0000  -15.000012568.7861   21.0933
    0.0000   30.0000  -15.000013196.0850   21.0601
    7.5000   30.0000  -15.000012663.6143   21.0764
   -7.5000   37.5000  -15.000012598.4336   21.0832
    0.0000   37.5000  -15.000013208.6211   21.0404
    7.5000   37.5000  -15.000012675.0410   21.0456
   -7.5000   45.0000  -15.000012159.5146   20.5545
    0.0000   45.0000  -15.000012749.5146   20.5138
    7.5000   45.0000  -15.000012213.0498   20.5151
   -7.5000  -45.0000   -7.5000 7487.3262   22.6975
    0.0000  -45.0000   -7.5000 7846.5298   22.6493
    7.5000  -45.0000   -7.5000 7560.1309   22.6664
   -7.5000  -37.5000   -7.5000 8400.1865   22.1300
    0.0000  -37.5000   -7.5000 8790.8271   22.0952
    7.5000  -37.5000   -7.5000 8487.6914   22.1218
   -7.5000  -30.0000   -7.5000 9670.0371   21.7889
    0.0000  -30.0000   -7.500010137.1104   21.7620
    7.5000  -30.0000   -7.5000 9779.2168   21.7947
   -7.5000  -22.5000   -7.500010958.9131   21.6557
    0.0000  -22.5000   -7.500011497.5742   21.6323
    7.5000  -22.5000   -7.500011090.7773   21.6656
   -7.5000  -15.0000   -7.500012179.6182   21.5684
    0.0000  -15.0000   -7.500012772.1875   21.5389
    7.5000  -15.0000   -7.500012321.7354   21.5658
   -7.5000   -7.5000   -7.500013288.1982   21.5487
    0.0000   -7.5000   -7.500013921.5615   21.5100
    7.5000   -7.5000   -7.500013441.4775   21.5296
   -7.5000    0.0000   -7.500014330.0645   21.5120
    0.0000    0.0000   -7.500014961.9355   21.4726
    7.5000    0.0000   -7.500014493.3828   21.4917
   -7.5000    7.5000   -7.500014281.3369   21.4941
    0.0000    7.5000   -7.500014876.7510   21.4606
    7.5000    7.5000   -7.500014401.2383   21.4857
   -7.5000   15.0000   -7.500014041.5352   21.5065
    0.0000   15.0000   -7.500014606.5342   21.4797
    7.5000   15.0000   -7.500014129.0537   21.5114
   -7.5000   22.5000   -7.500013683.7285   21.5265
    0.0000   22.5000   -7.500014255.9102   21.5033
    7.5000   22.5000   -7.500013783.2471   21.5362
   -7.5000   30.0000   -7.500013278.4287   21.2812
    0.0000   30.0000   -7.500013873.2334   21.2522
    7.5000   30.0000   -7.500013365.1904   21.2788
   -7.5000   37.5000   -7.500013294.7969   21.2693
    0.0000   37.5000   -7.500013874.6602   21.2310
    7.5000   37.5000   -7.500013358.4658   21.2504
   -7.5000   45.0000   -7.500012802.3203   20.7335
    0.0000   45.0000   -7.500013374.1074   20.6955
    7.5000   45.0000   -7.500012849.4814   20.7140
   -7.5000  -45.0000    0.0000 7888.5508   22.7168
    0.0000  -45.0000    0.0000 8259.9756   22.6656
    7.5000  -45.0000    0.0000 7960.5342   22.6920
   -7.5000  -37.5000    0.0000 8876.8330   22.1413
    0.0000  -37.5000    0.0000 9304.9023   22.1026
    7.5000  -37.5000    0.0000 8971.4180   22.1375
   -7.5000  -30.0000    0.000010220.4365   21.8046
    0.0000  -30.0000    0.000010731.0234   21.7721
    7.5000  -30.0000    0.000010337.8135   21.8096
   -7.5000  -22.5000    0.000011546.9238   21.6864
    0.0000  -22.5000    0.000012103.7285   21.6561
    7.5000  -22.5000    0.000011674.2979   21.6900
   -7.5000  -15.0000    0.000012786.5283   21.6086
    0.0000  -15.0000    0.000013393.9824   21.5733
    7.5000  -15.0000    0.000012927.4297   21.6007
   -7.5000   -7.5000    0.000013916.1406   21.5830
    0.0000   -7.5000    0.000014573.4639   21.5405
    7.5000   -7.5000    0.000014065.5576   21.5647
   -7.5000    0.0000    0.000014967.3857   21.5332
    0.0000    0.0000    0.000015642.0410   21.4908
    7.5000    0.0000    0.000015140.2607   21.5176
   -7.5000    7.5000    0.000014893.2451   21.5064
    0.0000    7.5000    0.000015519.7979   21.4691
    7.5000    7.5000    0.000015028.7568   21.5022
   -7.5000   15.0000    0.000014589.7197   21.5224
    0.0000   15.0000    0.000015132.5869   21.4902
    7.5000   15.0000    0.000014703.4629   21.5266
   -7.5000   22.5000    0.000014224.9756   21.5574
    0.0000   22.5000    0.000014772.6895   21.5272
    7.5000   22.5000    0.000014338.6113   21.5606
   -7.5000   30.0000    0.000013804.0967   21.3215
    0.0000   30.0000    0.000014379.3613   21.2867
    7.5000   30.0000    0.000013910.0654   21.3137
   -7.5000   37.5000    0.000013818.3428   21.3037
    0.0000   37.5000    0.000014367.6523   21.2617
    7.5000   37.5000    0.000013873.3799   21.2856
   -7.5000   45.0000    0.000013275.8779   20.7556
    0.0000   45.0000    0.000013814.5508   20.7146
    7.5000   45.0000    0.000013327.8828   20.7405
   -7.5000  -45.0000    7.5000 7642.9336   22.7681
    0.0000  -45.0000    7.5000 8009.5654   22.7106
    7.5000  -45.0000    7.5000 7743.0332   22.7254
   -7.5000  -37.5000    7.5000 8628.4092   22.1914
    0.0000  -37.5000    7.5000 9051.9082   22.1476
    7.5000  -37.5000    7.5000 8728.7471   22.1714
   -7.5000  -30.0000    7.5000 9947.1338   21.8563
    0.0000  -30.0000    7.500010453.0742   21.8168
    7.5000  -30.0000    7.500010053.9668   21.8439
   -7.5000  -22.5000    7.500011239.5752   21.7448
    0.0000  -22.5000    7.500011783.8135   21.7046
    7.5000  -22.5000    7.500011343.6426   21.7285
   -7.5000  -15.0000    7.500012430.3594   21.6694
    0.0000  -15.0000    7.500013030.5430   21.6238
    7.5000  -15.0000    7.500012560.0566   21.6414
   -7.5000   -7.5000    7.500013510.8799   21.6390
    0.0000   -7.5000    7.500014136.6631   21.5882
    7.5000   -7.5000    7.500013651.0879   21.6020
   -7.5000    0.0000    7.500014505.8750   21.5832
    0.0000    0.0000    7.500015180.0312   21.5350
    7.5000    0.0000    7.500014678.3428   21.5506
   -7.5000    7.5000    7.500014390.5674   21.5538
    0.0000    7.5000    7.500015009.4863   21.5116
    7.5000    7.5000    7.500014525.2236   21.5338
   -7.5000   15.0000    7.500014067.3281   21.5729
    0.0000   15.0000    7.500014588.7031   21.5338
    7.5000   15.0000    7.500014140.8623   21.5600
   -7.5000   22.5000    7.500013710.9561   21.6152
    0.0000   22.5000    7.500014233.2764   21.5753
    7.5000   22.5000    7.500013801.1406   21.5987
   -7.5000   30.0000    7.500013318.9355   21.3816
    0.0000   30.0000    7.500013874.9697   21.3365
    7.5000   30.0000    7.500013405.9902   21.3539
   -7.5000   37.5000    7.500013323.9629   21.3590
    0.0000   37.5000    7.500013857.6416   21.3088
    7.5000   37.5000    7.500013400.4482   21.3224
   -7.5000   45.0000    7.500012796.8623   20.8037
    0.0000   45.0000    7.500013292.7266   20.7572
    7.5000   45.0000    7.500012860.6260   20.7723
   -7.5000  -45.0000   15.0000 7313.8960   22.8429
    0.0000  -45.0000   15.0000 7664.6416   22.7816
    7.5000  -45.0000   15.0000 7402.7427   22.7769
   -7.5000  -37.5000   15.0000 8266.6318   22.2708
    0.0000  -37.5000   15.0000 8647.5469   22.2253
    7.5000  -37.5000   15.0000 8344.4902   22.2312
   -7.5000  -30.0000   15.0000 9523.3584   21.9336
    0.0000  -30.0000   15.0000 9994.1318   21.8922
    7.5000  -30.0000   15.0000 9635.5723   21.9053
   -7.5000  -22.5000   15.000010789.8418   21.8159
    0.0000  -22.5000   15.000011316.0273   21.7726
    7.5000  -22.5000   15.000010909.1777   21.7862
   -7.5000  -15.0000   15.000011941.3506   21.7351
    0.0000  -15.0000   15.000012538.2295   21.6847
    7.5000  -15.0000   15.000012057.7246   21.6917
   -7.5000   -7.5000   15.000012988.8213   21.7044
    0.0000   -7.5000   15.000013609.0361   21.6487
    7.5000   -7.5000   15.000013109.1064   21.6478
   -7.5000    0.0000   15.000013929.0371   21.6526
    0.0000    0.0000   15.000014601.2227   21.6013
    7.5000    0.0000   15.000014086.3066   21.5992
   -7.5000    7.5000   15.000013802.0078   21.6285
    0.0000    7.5000   15.000014433.5986   21.5844
    7.5000    7.5000   15.000013926.3193   21.5895
   -7.5000   15.0000   15.000013534.5479   21.6482
    0.0000   15.0000   15.000014042.8486   21.6072
    7.5000   15.0000   15.000013581.7354   21.6197
   -7.5000   22.5000   15.000013184.3887   21.6854
    0.0000   22.5000   15.000013603.3096   21.6425
    7.5000   22.5000   15.000013218.3408   21.6557
   -7.5000   30.0000   15.000012777.9785   21.4463
    0.0000   30.0000   15.000013187.8770   21.3966
    7.5000   30.0000   15.000012827.4834   21.4035
   -7.5000   37.5000   15.000012806.5898   21.4235
    0.0000   37.5000   15.000013228.2617   21.3685
    7.5000   37.5000   15.000012853.4375   21.3677
   -7.5000   45.0000   15.000012320.0605   20.8706
    0.0000   45.0000   15.000012751.5859   20.8211
    7.5000   45.0000   15.000012355.2520   20.8191
   -7.5000  -45.0000   22.5000 6895.7285   22.8740
    0.0000  -45.0000   22.5000 7219.0630   22.8152
    7.5000  -45.0000   22.5000 6973.6274   22.8018
   -7.5000  -37.5000   22.5000 7798.9404   22.3077
    0.0000  -37.5000   22.5000 8155.6333   22.2657
    7.5000  -37.5000   22.5000 7855.8037   22.2644
   -7.5000  -30.0000   22.5000 8989.6270   21.9650
    0.0000  -30.0000   22.5000 9455.2520   21.9288
    7.5000  -30.0000   22.5000 9090.5791   21.9382
   -7.5000  -22.5000   22.500010208.5283   21.8317
    0.0000  -22.5000   22.500010723.1904   21.7952
    7.5000  -22.5000   22.500010319.3887   21.8087
   -7.5000  -15.0000   22.500011332.7627   21.7414
    0.0000  -15.0000   22.500011910.1748   21.6968
    7.5000  -15.0000   22.500011442.2480   21.7031
   -7.5000   -7.5000   22.500012374.8232   21.7171
    0.0000   -7.5000   22.500012959.9775   21.6648
    7.5000   -7.5000   22.500012479.1592   21.6596
   -7.5000    0.0000   22.500013302.5732   21.6786
    0.0000    0.0000   22.500013914.4609   21.6298
    7.5000    0.0000   22.500013427.7676   21.6208
   -7.5000    7.5000   22.500013202.3906   21.6630
    0.0000    7.5000   22.500013764.8682   21.6222
    7.5000    7.5000   22.500013318.0684   21.6205
   -7.5000   15.0000   22.500012967.3330   21.6787
    0.0000   15.0000   22.500013467.8564   21.6428
    7.5000   15.0000   22.500013026.6904   21.6517
   -7.5000   22.5000   22.500012621.1562   21.7009
    0.0000   22.5000   22.500013083.8379   21.6647
    7.5000   22.5000   22.500012673.6123   21.6778
   -7.5000   30.0000   22.500012199.2295   21.4525
    0.0000   30.0000   22.500012651.8389   21.4084
    7.5000   30.0000   22.500012257.5938   21.4147
   -7.5000   37.5000   22.500012182.2988   21.4361
    0.0000   37.5000   22.500012663.6865   21.3845
    7.5000   37.5000   22.500012261.7637   21.3793
   -7.5000   45.0000   22.500011721.1484   20.8956
    0.0000   45.0000   22.500012189.3281   20.8486
    7.5000   45.0000   22.500011781.9824   20.8399
   -7.5000  -45.0000   30.0000 6424.2935   22.8804
    0.0000  -45.0000   30.0000 6737.5308   22.8280
    7.5000  -45.0000   30.0000 6498.9170   22.8249
   -7.5000  -37.5000   30.0000 7257.1318   22.3138
    0.0000  -37.5000   30.0000 7581.0327   22.2772
    7.5000  -37.5000   30.0000 7331.9824   22.2854
   -7.5000  -30.0000   30.0000 8390.1426   21.9664
    0.0000  -30.0000   30.0000 8778.6895   21.9377
    7.5000  -30.0000   30.0000 8472.7246   21.9561
   -7.5000  -22.5000   30.0000 9527.7725   21.8235
    0.0000  -22.5000   30.0000 9985.1533   21.7971
    7.5000  -22.5000   30.0000 9615.2178   21.8203
   -7.5000  -15.0000   30.000010601.2197   21.7291
    0.0000  -15.0000   30.000011125.0273   21.6949
    7.5000  -15.0000   30.000010693.0352   21.7114
   -7.5000   -7.5000   30.000011610.2217   21.7114
    0.0000   -7.5000   30.000012194.6826   21.6673
    7.5000   -7.5000   30.000011706.7617   21.6722
   -7.5000    0.0000   30.000012518.1445   21.6812
    0.0000    0.0000   30.000013171.0000   21.6382
    7.5000    0.0000   30.000012627.6572   21.6391
   -7.5000    7.5000   30.000012490.2109   21.6687
    0.0000    7.5000   30.000013132.8428   21.6332
    7.5000    7.5000   30.000012578.8760   21.6407
   -7.5000   15.0000   30.000012288.9229   21.6800
    0.0000   15.0000   30.000012872.6680   21.6514
    7.5000   15.0000   30.000012350.0479   21.6691
   -7.5000   22.5000   30.000011938.6543   21.6927
    0.0000   22.5000   30.000012469.6318   21.6665
    7.5000   22.5000   30.000012000.8994   21.6893
   -7.5000   30.0000   30.000011495.5967   21.4404
    0.0000   30.0000   30.000011979.1543   21.4067
    7.5000   30.0000   30.000011552.6836   21.4229
   -7.5000   37.5000   30.000011475.5371   21.4304
    0.0000   37.5000   30.000011964.5371   21.3869
    7.5000   37.5000   30.000011549.5928   21.3917
   -7.5000   45.0000   30.000011075.4727   20.8981
    0.0000   45.0000   30.000011550.0713   20.8567
    7.5000   45.0000   30.000011148.4746   20.8576
   -7.5000  -45.0000   37.5000 6125.4375   22.9120
    0.0000  -45.0000   37.5000 6402.1865   22.8633
    7.5000  -45.0000   37.5000 6190.7993   22.8801
   -7.5000  -37.5000   37.5000 6920.3906   22.3368
    0.0000  -37.5000   37.5000 7237.6753   22.3017
    7.5000  -37.5000   37.5000 6987.3237   22.3281
   -7.5000  -30.0000   37.5000 8005.6162   21.9917
    0.0000  -30.0000   37.5000 8392.2861   21.9647
    7.5000  -30.0000   37.5000 8090.7681   21.9973
   -7.5000  -22.5000   37.5000 9111.3330   21.8588
    0.0000  -22.5000   37.5000 9571.7686   21.8354
    7.5000  -22.5000   37.5000 9197.3779   21.8686
   -7.5000  -15.0000   37.500010159.5225   21.7720
    0.0000  -15.0000   37.500010683.4102   21.7422
    7.5000  -15.0000   37.500010254.8242   21.7689
   -7.5000   -7.5000   37.500011175.9482   21.7529
    0.0000   -7.5000   37.500011775.5107   21.7136
    7.5000   -7.5000   37.500011289.2373   21.7328
   -7.5000    0.0000   37.500012080.8564   21.7146
    0.0000    0.0000   37.500012721.7500   21.6746
    7.5000    0.0000   37.500012191.6230   21.6933
   -7.5000    7.5000   37.500012060.5635   21.6944
    0.0000    7.5000   37.500012675.3994   21.6605
    7.5000    7.5000   37.500012165.5078   21.6854
   -7.5000   15.0000   37.500011880.8047   21.7061
    0.0000   15.0000   37.500012466.4453   21.6792
    7.5000   15.0000   37.500011968.4307   21.7109
   -7.5000   22.5000   37.500011543.2988   21.7278
    0.0000   22.5000   37.500012103.1875   21.7045
    7.5000   22.5000   37.500011639.8652   21.7372
   -7.5000   30.0000   37.500011119.1357   21.4827
    0.0000   30.0000   37.500011632.7607   21.4533
    7.5000   30.0000   37.500011206.1230   21.4797
   -7.5000   37.5000   37.500011119.4102   21.4714
    0.0000   37.5000   37.500011617.7402   21.4326
    7.5000   37.5000   37.500011211.9062   21.4516
   -7.5000   45.0000   37.500010771.3496   20.9304
    0.0000   45.0000   37.500011251.3389   20.8918
    7.5000   45.0000   37.500010846.6865   20.9099
   -7.5000  -45.0000   45.0000 5524.0039   22.9742
    0.0000  -45.0000   45.0000 5779.2241   22.9223
    7.5000  -45.0000   45.0000 5579.5039   22.9478
   -7.5000  -37.5000   45.0000 6250.3550   22.3880
    0.0000  -37.5000   45.0000 6542.8872   22.3492
    7.5000  -37.5000   45.0000 6308.6802   22.3837
   -7.5000  -30.0000   45.0000 7240.6948   22.0478
    0.0000  -30.0000   45.0000 7591.3887   22.0156
    7.5000  -30.0000   45.0000 7326.2163   22.0530
   -7.5000  -22.5000   45.0000 8242.5283   21.9339
    0.0000  -22.5000   45.0000 8666.2920   21.9038
    7.5000  -22.5000   45.0000 8336.8594   21.9375
   -7.5000  -15.0000   45.0000 9228.2676   21.8579
    0.0000  -15.0000   45.0000 9698.0820   21.8225
    7.5000  -15.0000   45.0000 9319.2744   21.8492
   -7.5000   -7.5000   45.000010162.7607   21.8333
    0.0000   -7.5000   45.000010684.8164   21.7901
    7.5000   -7.5000   45.000010254.1836   21.8133
   -7.5000    0.0000   45.000011013.0176   21.7802
    0.0000    0.0000   45.000011576.6318   21.7371
    7.5000    0.0000   45.000011101.9258   21.7628
   -7.5000    7.5000   45.000011002.5332   21.7487
    0.0000    7.5000   45.000011550.7471   21.7113
    7.5000    7.5000   45.000011097.6191   21.7438
   -7.5000   15.0000   45.000010843.5703   21.7634
    0.0000   15.0000   45.000011367.7617   21.7315
    7.5000   15.0000   45.000010929.1084   21.7678
   -7.5000   22.5000   45.000010548.5088   21.8017
    0.0000   22.5000   45.000011054.1562   21.7719
    7.5000   22.5000   45.000010642.7207   21.8050
   -7.5000   30.0000   45.000010166.4648   21.5655
    0.0000   30.0000   45.000010654.8008   21.5306
    7.5000   30.0000   45.000010272.7617   21.5570
   -7.5000   37.5000   45.000010186.0752   21.5489
    0.0000   37.5000   45.000010668.0332   21.5062
    7.5000   37.5000   45.000010287.6719   21.5291
   -7.5000   45.0000   45.0000 9898.1289   21.0031
    0.0000   45.0000   45.000010373.3857   20.9615
    7.5000   45.0000   45.0000 9994.1621   20.9863

---------------------------------------------------------------------
imgreg_4dfp /opt/freesurfer/average/711-2C_as_mni_average_305 /opt/freesurfer/average/711-2B_as_mni_average_305_mask talsrcimg_g11 none talsrcimg_to_711-2C_as_mni_average_305_t4 4355
---------------------------------------------------------------------

freesurfer imgreg_4dfp.c
/opt/freesurfer/average/711-2C_as_mni_average_305.4dfp.img
       256       256       256         1
  1.000000  1.000000  1.000000
orientation T byte_order littleendian
Reading image: /opt/freesurfer/average/711-2C_as_mni_average_305.4dfp.img
dimensions:      256       256       256
mmppix:       1.0000   -1.0000   -1.0000
center:     128.0000 -129.0000 -129.0000
/opt/freesurfer/average/711-2B_as_mni_average_305_mask.4dfp.img
       256       256       256         1
  1.000000  1.000000  1.000000
orientation T byte_order littleendian
Reading mask: /opt/freesurfer/average/711-2B_as_mni_average_305_mask.4dfp.img (2306576 pixels)
talsrcimg_g11.4dfp.img
       256       256       256         1
  1.000000  1.000000  1.000000
orientation T byte_order littleendian
Reading image: talsrcimg_g11.4dfp.img
dimensions:      256       256       256
mmppix:       1.0000   -1.0000   -1.0000
center:     128.0000 -129.0000 -129.0000
rotation matrix determinant  1.000000
image alignment mode   4355 decimal     1103 hex
   -7.5000  -45.0000  -45.0000 1465.2843   35.3608
    0.0000  -45.0000  -45.0000 1485.8933   35.0640
    7.5000  -45.0000  -45.0000 1481.0530   35.1785
   -7.5000  -37.5000  -45.0000 1605.3824   29.8671
    0.0000  -37.5000  -45.0000 1619.1444   29.5438
    7.5000  -37.5000  -45.0000 1617.7262   29.6406
   -7.5000  -30.0000  -45.0000 1731.5017   25.8615
    0.0000  -30.0000  -45.0000 1741.7267   25.5114
    7.5000  -30.0000  -45.0000 1743.8191   25.6454
   -7.5000  -22.5000  -45.0000 1842.3885   22.8844
    0.0000  -22.5000  -45.0000 1857.5493   22.5861
    7.5000  -22.5000  -45.0000 1858.8582   22.6654
   -7.5000  -15.0000  -45.0000 1941.7598   20.5374
    0.0000  -15.0000  -45.0000 1962.0787   20.2622
    7.5000  -15.0000  -45.0000 1958.7755   20.3583
   -7.5000   -7.5000  -45.0000 2037.3135   18.7718
    0.0000   -7.5000  -45.0000 2060.3147   18.4898
    7.5000   -7.5000  -45.0000 2053.3987   18.5776
   -7.5000    0.0000  -45.0000 2120.1501   17.4602
    0.0000    0.0000  -45.0000 2145.2031   17.1971
    7.5000    0.0000  -45.0000 2133.5913   17.2394
   -7.5000    7.5000  -45.0000 2159.8254   16.5772
    0.0000    7.5000  -45.0000 2183.0681   16.2977
    7.5000    7.5000  -45.0000 2178.3228   16.3754
   -7.5000   15.0000  -45.0000 2185.2244   16.1131
    0.0000   15.0000  -45.0000 2210.0149   15.7664
    7.5000   15.0000  -45.0000 2202.9331   15.8358
   -7.5000   22.5000  -45.0000 2190.9368   16.0244
    0.0000   22.5000  -45.0000 2219.0107   15.6842
    7.5000   22.5000  -45.0000 2209.0220   15.7678
   -7.5000   30.0000  -45.0000 2169.2563   16.3087
    0.0000   30.0000  -45.0000 2197.0969   15.9744
    7.5000   30.0000  -45.0000 2189.1934   16.0448
   -7.5000   37.5000  -45.0000 2134.8630   16.8968
    0.0000   37.5000  -45.0000 2163.7097   16.5664
    7.5000   37.5000  -45.0000 2158.2476   16.6391
   -7.5000   45.0000  -45.0000 2090.0398   17.8213
    0.0000   45.0000  -45.0000 2119.8335   17.4993
    7.5000   45.0000  -45.0000 2111.4260   17.5809
   -7.5000  -45.0000  -37.5000 1526.5424   32.5383
    0.0000  -45.0000  -37.5000 1544.7975   32.1470
    7.5000  -45.0000  -37.5000 1545.1377   32.2875
   -7.5000  -37.5000  -37.5000 1668.1039   27.5671
    0.0000  -37.5000  -37.5000 1679.6108   27.1614
    7.5000  -37.5000  -37.5000 1684.5907   27.2723
   -7.5000  -30.0000  -37.5000 1795.6857   23.9000
    0.0000  -30.0000  -37.5000 1812.7030   23.5462
    7.5000  -30.0000  -37.5000 1814.9375   23.6195
   -7.5000  -22.5000  -37.5000 1917.0941   21.1517
    0.0000  -22.5000  -37.5000 1935.9440   20.8491
    7.5000  -22.5000  -37.5000 1938.6758   20.9064
   -7.5000  -15.0000  -37.5000 2030.2715   18.9738
    0.0000  -15.0000  -37.5000 2052.7883   18.7018
    7.5000  -15.0000  -37.5000 2050.4167   18.7830
   -7.5000   -7.5000  -37.5000 2123.7568   17.3223
    0.0000   -7.5000  -37.5000 2150.6655   17.0388
    7.5000   -7.5000  -37.5000 2143.6396   17.0932
   -7.5000    0.0000  -37.5000 2204.6912   16.0736
    0.0000    0.0000  -37.5000 2232.1841   15.8336
    7.5000    0.0000  -37.5000 2225.4177   15.8688
   -7.5000    7.5000  -37.5000 2259.1899   15.2328
    0.0000    7.5000  -37.5000 2282.6523   14.9850
    7.5000    7.5000  -37.5000 2279.5427   15.0204
   -7.5000   15.0000  -37.5000 2289.6204   14.8078
    0.0000   15.0000  -37.5000 2314.5857   14.5130
    7.5000   15.0000  -37.5000 2312.0356   14.5582
   -7.5000   22.5000  -37.5000 2293.9309   14.7564
    0.0000   22.5000  -37.5000 2323.4019   14.4592
    7.5000   22.5000  -37.5000 2317.2859   14.5127
   -7.5000   30.0000  -37.5000 2275.9353   15.0210
    0.0000   30.0000  -37.5000 2302.7942   14.7102
    7.5000   30.0000  -37.5000 2296.3213   14.7920
   -7.5000   37.5000  -37.5000 2238.7761   15.5510
    0.0000   37.5000  -37.5000 2269.6057   15.2326
    7.5000   37.5000  -37.5000 2264.6353   15.3200
   -7.5000   45.0000  -37.5000 2188.9832   16.4127
    0.0000   45.0000  -37.5000 2217.6838   16.1179
    7.5000   45.0000  -37.5000 2211.6382   16.1913
   -7.5000  -45.0000  -30.0000 1612.9264   31.2037
    0.0000  -45.0000  -30.0000 1630.0024   30.8433
    7.5000  -45.0000  -30.0000 1632.6570   30.9553
   -7.5000  -37.5000  -30.0000 1759.3135   26.4516
    0.0000  -37.5000  -30.0000 1771.8645   26.0785
    7.5000  -37.5000  -30.0000 1771.2496   26.1777
   -7.5000  -30.0000  -30.0000 1889.1410   22.9447
    0.0000  -30.0000  -30.0000 1911.1343   22.6589
    7.5000  -30.0000  -30.0000 1912.4745   22.7313
   -7.5000  -22.5000  -30.0000 2021.1932   20.3383
    0.0000  -22.5000  -30.0000 2042.6591   20.0512
    7.5000  -22.5000  -30.0000 2043.0216   20.1370
   -7.5000  -15.0000  -30.0000 2141.9329   18.2517
    0.0000  -15.0000  -30.0000 2165.3840   17.9682
    7.5000  -15.0000  -30.0000 2161.3787   18.0861
   -7.5000   -7.5000  -30.0000 2244.0071   16.6229
    0.0000   -7.5000  -30.0000 2272.3835   16.3265
    7.5000   -7.5000  -30.0000 2266.8708   16.3978
   -7.5000    0.0000  -30.0000 2335.2795   15.3902
    0.0000    0.0000  -30.0000 2364.5503   15.1607
    7.5000    0.0000  -30.0000 2358.9797   15.1773
   -7.5000    7.5000  -30.0000 2392.2800   14.5805
    0.0000    7.5000  -30.0000 2420.9365   14.3681
    7.5000    7.5000  -30.0000 2419.3254   14.3798
   -7.5000   15.0000  -30.0000 2430.2317   14.1562
    0.0000   15.0000  -30.0000 2456.4031   13.9206
    7.5000   15.0000  -30.0000 2457.1152   13.9353
   -7.5000   22.5000  -30.0000 2444.1370   14.1430
    0.0000   22.5000  -30.0000 2473.6631   13.8386
    7.5000   22.5000  -30.0000 2470.2898   13.8694
   -7.5000   30.0000  -30.0000 2431.7380   14.3864
    0.0000   30.0000  -30.0000 2467.3760   14.0906
    7.5000   30.0000  -30.0000 2456.7817   14.1647
   -7.5000   37.5000  -30.0000 2392.4341   14.9238
    0.0000   37.5000  -30.0000 2427.6731   14.6411
    7.5000   37.5000  -30.0000 2418.3618   14.7031
   -7.5000   45.0000  -30.0000 2331.2017   15.7915
    0.0000   45.0000  -30.0000 2366.4871   15.5188
    7.5000   45.0000  -30.0000 2356.8477   15.5671
   -7.5000  -45.0000  -22.5000 1678.3448   29.8225
    0.0000  -45.0000  -22.5000 1694.0223   29.4502
    7.5000  -45.0000  -22.5000 1694.1006   29.6418
   -7.5000  -37.5000  -22.5000 1822.7604   25.2839
    0.0000  -37.5000  -22.5000 1843.0833   24.9838
    7.5000  -37.5000  -22.5000 1838.4650   25.1241
   -7.5000  -30.0000  -22.5000 1963.0150   21.9721
    0.0000  -30.0000  -22.5000 1980.2612   21.6522
    7.5000  -30.0000  -22.5000 1982.2756   21.8062
   -7.5000  -22.5000  -22.5000 2100.6184   19.4324
    0.0000  -22.5000  -22.5000 2120.6855   19.1470
    7.5000  -22.5000  -22.5000 2120.7900   19.2968
   -7.5000  -15.0000  -22.5000 2226.1372   17.4043
    0.0000  -15.0000  -22.5000 2249.7910   17.1471
    7.5000  -15.0000  -22.5000 2248.6665   17.2898
   -7.5000   -7.5000  -22.5000 2332.9668   15.8391
    0.0000   -7.5000  -22.5000 2365.0645   15.5816
    7.5000   -7.5000  -22.5000 2362.4805   15.6900
   -7.5000    0.0000  -22.5000 2432.3962   14.6714
    0.0000    0.0000  -22.5000 2468.1980   14.4459
    7.5000    0.0000  -22.5000 2464.6338   14.4865
   -7.5000    7.5000  -22.5000 2503.6943   13.8687
    0.0000    7.5000  -22.5000 2534.9626   13.6757
    7.5000    7.5000  -22.5000 2535.2070   13.7315
   -7.5000   15.0000  -22.5000 2548.4841   13.4602
    0.0000   15.0000  -22.5000 2580.1179   13.2610
    7.5000   15.0000  -22.5000 2580.2876   13.3021
   -7.5000   22.5000  -22.5000 2573.4521   13.4391
    0.0000   22.5000  -22.5000 2606.8735   13.1620
    7.5000   22.5000  -22.5000 2599.1541   13.2229
   -7.5000   30.0000  -22.5000 2565.2463   13.6797
    0.0000   30.0000  -22.5000 2609.3430   13.4010
    7.5000   30.0000  -22.5000 2592.9502   13.4672
   -7.5000   37.5000  -22.5000 2521.3030   14.2513
    0.0000   37.5000  -22.5000 2563.6611   13.9715
    7.5000   37.5000  -22.5000 2552.8999   14.0115
   -7.5000   45.0000  -22.5000 2451.9138   15.0992
    0.0000   45.0000  -22.5000 2489.7349   14.8351
    7.5000   45.0000  -22.5000 2478.5540   14.8943
   -7.5000  -45.0000  -15.0000 1716.8032   28.4945
    0.0000  -45.0000  -15.0000 1732.5830   28.1631
    7.5000  -45.0000  -15.0000 1732.9576   28.3625
   -7.5000  -37.5000  -15.0000 1862.7760   24.1923
    0.0000  -37.5000  -15.0000 1885.6724   23.8920
    7.5000  -37.5000  -15.0000 1886.6608   24.1058
   -7.5000  -30.0000  -15.0000 2011.6504   21.0255
    0.0000  -30.0000  -15.0000 2030.3944   20.6974
    7.5000  -30.0000  -15.0000 2031.1849   20.9488
   -7.5000  -22.5000  -15.0000 2154.7073   18.6008
    0.0000  -22.5000  -15.0000 2175.5654   18.2877
    7.5000  -22.5000  -15.0000 2172.7122   18.5155
   -7.5000  -15.0000  -15.0000 2284.1912   16.6623
    0.0000  -15.0000  -15.0000 2307.2334   16.3446
    7.5000  -15.0000  -15.0000 2304.9380   16.5638
   -7.5000   -7.5000  -15.0000 2397.5615   15.1488
    0.0000   -7.5000  -15.0000 2424.7307   14.8538
    7.5000   -7.5000  -15.0000 2422.6582   15.0102
   -7.5000    0.0000  -15.0000 2504.4180   14.0008
    0.0000    0.0000  -15.0000 2534.0740   13.7502
    7.5000    0.0000  -15.0000 2534.1868   13.8737
   -7.5000    7.5000  -15.0000 2592.1960   13.2469
    0.0000    7.5000  -15.0000 2626.2712   12.9960
    7.5000    7.5000  -15.0000 2622.5610   13.1123
   -7.5000   15.0000  -15.0000 2647.1167   12.8361
    0.0000   15.0000  -15.0000 2685.6616   12.6233
    7.5000   15.0000  -15.0000 2678.6602   12.7063
   -7.5000   22.5000  -15.0000 2681.1331   12.7940
    0.0000   22.5000  -15.0000 2721.3042   12.5539
    7.5000   22.5000  -15.0000 2706.6287   12.6387
   -7.5000   30.0000  -15.0000 2675.0876   13.0224
    0.0000   30.0000  -15.0000 2723.5273   12.7782
    7.5000   30.0000  -15.0000 2698.3174   12.8527
   -7.5000   37.5000  -15.0000 2627.3120   13.5567
    0.0000   37.5000  -15.0000 2672.7119   13.3033
    7.5000   37.5000  -15.0000 2652.9287   13.3741
   -7.5000   45.0000  -15.0000 2545.9502   14.3567
    0.0000   45.0000  -15.0000 2587.5986   14.0877
    7.5000   45.0000  -15.0000 2570.2148   14.1801
   -7.5000  -45.0000   -7.5000 1736.6637   27.5980
    0.0000  -45.0000   -7.5000 1758.9849   27.2033
    7.5000  -45.0000   -7.5000 1755.3618   27.5567
   -7.5000  -37.5000   -7.5000 1897.1532   23.3861
    0.0000  -37.5000   -7.5000 1912.5416   22.9863
    7.5000  -37.5000   -7.5000 1912.8219   23.3521
   -7.5000  -30.0000   -7.5000 2050.2654   20.2455
    0.0000  -30.0000   -7.5000 2066.1458   19.9526
    7.5000  -30.0000   -7.5000 2065.0850   20.2601
   -7.5000  -22.5000   -7.5000 2189.3625   17.8547
    0.0000  -22.5000   -7.5000 2210.6301   17.5703
    7.5000  -22.5000   -7.5000 2204.9861   17.8420
   -7.5000  -15.0000   -7.5000 2318.3027   16.0110
    0.0000  -15.0000   -7.5000 2342.9343   15.6860
    7.5000  -15.0000   -7.5000 2335.4424   15.9393
   -7.5000   -7.5000   -7.5000 2437.7678   14.5650
    0.0000   -7.5000   -7.5000 2464.1472   14.2167
    7.5000   -7.5000   -7.5000 2457.1687   14.4247
   -7.5000    0.0000   -7.5000 2556.8958   13.4310
    0.0000    0.0000   -7.5000 2583.2192   13.1248
    7.5000    0.0000   -7.5000 2579.2859   13.3094
   -7.5000    7.5000   -7.5000 2662.4331   12.6814
    0.0000    7.5000   -7.5000 2695.1072   12.4099
    7.5000    7.5000   -7.5000 2688.7815   12.5592
   -7.5000   15.0000   -7.5000 2732.5645   12.2888
    0.0000   15.0000   -7.5000 2776.2385   12.0294
    7.5000   15.0000   -7.5000 2766.0354   12.1648
   -7.5000   22.5000   -7.5000 2773.0486   12.2198
    0.0000   22.5000   -7.5000 2825.4980   12.0077
    7.5000   22.5000   -7.5000 2802.2424   12.1067
   -7.5000   30.0000   -7.5000 2768.6367   12.4358
    0.0000   30.0000   -7.5000 2824.8979   12.2233
    7.5000   30.0000   -7.5000 2793.7595   12.3269
   -7.5000   37.5000   -7.5000 2709.4934   12.9628
    0.0000   37.5000   -7.5000 2753.3279   12.7368
    7.5000   37.5000   -7.5000 2727.8577   12.8293
   -7.5000   45.0000   -7.5000 2614.6062   13.6744
    0.0000   45.0000   -7.5000 2652.5635   13.4452
    7.5000   45.0000   -7.5000 2635.8157   13.5373
   -7.5000  -45.0000    0.0000 1747.2626   27.1974
    0.0000  -45.0000    0.0000 1765.9304   26.7949
    7.5000  -45.0000    0.0000 1763.5093   27.1303
   -7.5000  -37.5000    0.0000 1914.0941   23.0356
    0.0000  -37.5000    0.0000 1934.7135   22.6140
    7.5000  -37.5000    0.0000 1932.9880   22.9341
   -7.5000  -30.0000    0.0000 2067.5085   19.8977
    0.0000  -30.0000    0.0000 2091.1040   19.5591
    7.5000  -30.0000    0.0000 2084.9717   19.8126
   -7.5000  -22.5000    0.0000 2205.8933   17.4901
    0.0000  -22.5000    0.0000 2228.0154   17.1541
    7.5000  -22.5000    0.0000 2220.1687   17.4179
   -7.5000  -15.0000    0.0000 2334.2202   15.6265
    0.0000  -15.0000    0.0000 2358.1270   15.2747
    7.5000  -15.0000    0.0000 2349.0803   15.5345
   -7.5000   -7.5000    0.0000 2459.3372   14.1671
    0.0000   -7.5000    0.0000 2488.9534   13.8298
    7.5000   -7.5000    0.0000 2474.5120   14.0461
   -7.5000    0.0000    0.0000 2580.6887   13.0584
    0.0000    0.0000    0.0000 2615.8193   12.7495
    7.5000    0.0000    0.0000 2606.2507   12.9548
   -7.5000    7.5000    0.0000 2699.3191   12.3365
    0.0000    7.5000    0.0000 2738.1211   12.0354
    7.5000    7.5000    0.0000 2728.2480   12.2247
   -7.5000   15.0000    0.0000 2790.6685   11.9070
    0.0000   15.0000    0.0000 2847.2900   11.6293
    7.5000   15.0000    0.0000 2829.6514   11.7903
   -7.5000   22.5000    0.0000 2842.6475   11.7986
    0.0000   22.5000    0.0000 2905.0957   11.5516
    7.5000   22.5000    0.0000 2876.8069   11.7061
   -7.5000   30.0000    0.0000 2835.3567   12.0370
    0.0000   30.0000    0.0000 2897.5093   11.8097
    7.5000   30.0000    0.0000 2870.0430   11.9338
   -7.5000   37.5000    0.0000 2761.4839   12.5238
    0.0000   37.5000    0.0000 2809.3057   12.3236
    7.5000   37.5000    0.0000 2784.6360   12.4180
   -7.5000   45.0000    0.0000 2654.4558   13.2287
    0.0000   45.0000    0.0000 2693.6135   12.9922
    7.5000   45.0000    0.0000 2677.4729   13.0658
   -7.5000  -45.0000    7.5000 1747.1469   27.1721
    0.0000  -45.0000    7.5000 1763.7845   26.7038
    7.5000  -45.0000    7.5000 1761.5795   27.1087
   -7.5000  -37.5000    7.5000 1919.0901   22.9311
    0.0000  -37.5000    7.5000 1940.4985   22.5720
    7.5000  -37.5000    7.5000 1934.0824   22.8613
   -7.5000  -30.0000    7.5000 2074.9993   19.7946
    0.0000  -30.0000    7.5000 2100.6960   19.4514
    7.5000  -30.0000    7.5000 2089.4822   19.7252
   -7.5000  -22.5000    7.5000 2214.1877   17.3839
    0.0000  -22.5000    7.5000 2238.6318   17.0380
    7.5000  -22.5000    7.5000 2223.8699   17.3105
   -7.5000  -15.0000    7.5000 2341.6296   15.5222
    0.0000  -15.0000    7.5000 2370.1143   15.1908
    7.5000  -15.0000    7.5000 2353.5500   15.4036
   -7.5000   -7.5000    7.5000 2463.3088   14.0739
    0.0000   -7.5000    7.5000 2495.9143   13.7493
    7.5000   -7.5000    7.5000 2481.1531   13.9483
   -7.5000    0.0000    7.5000 2586.9910   12.9889
    0.0000    0.0000    7.5000 2627.8291   12.6551
    7.5000    0.0000    7.5000 2615.7041   12.8505
   -7.5000    7.5000    7.5000 2712.8728   12.2456
    0.0000    7.5000    7.5000 2757.7126   11.9333
    7.5000    7.5000    7.5000 2741.7788   12.1054
   -7.5000   15.0000    7.5000 2807.3982   11.7955
    0.0000   15.0000    7.5000 2871.7856   11.4763
    7.5000   15.0000    7.5000 2847.1501   11.6445
   -7.5000   22.5000    7.5000 2865.5464   11.6802
    0.0000   22.5000    7.5000 2932.0361   11.3616
    7.5000   22.5000    7.5000 2908.0115   11.5240
   -7.5000   30.0000    7.5000 2861.0330   11.8893
    0.0000   30.0000    7.5000 2925.2166   11.6476
    7.5000   30.0000    7.5000 2901.9045   11.7360
   -7.5000   37.5000    7.5000 2781.4714   12.3736
    0.0000   37.5000    7.5000 2835.7468   12.1577
    7.5000   37.5000    7.5000 2813.7783   12.2366
   -7.5000   45.0000    7.5000 2669.9785   13.0783
    0.0000   45.0000    7.5000 2713.5657   12.8195
    7.5000   45.0000    7.5000 2695.0674   12.8935
   -7.5000  -45.0000   15.0000 1727.7588   27.4650
    0.0000  -45.0000   15.0000 1746.5549   26.9815
    7.5000  -45.0000   15.0000 1739.8474   27.4893
   -7.5000  -37.5000   15.0000 1903.7140   23.1853
    0.0000  -37.5000   15.0000 1922.1420   22.7856
    7.5000  -37.5000   15.0000 1912.2184   23.1311
   -7.5000  -30.0000   15.0000 2061.3037   19.9962
    0.0000  -30.0000   15.0000 2086.3516   19.6346
    7.5000  -30.0000   15.0000 2075.4783   19.9490
   -7.5000  -22.5000   15.0000 2209.0764   17.5571
    0.0000  -22.5000   15.0000 2233.8843   17.2372
    7.5000  -22.5000   15.0000 2219.2603   17.4985
   -7.5000  -15.0000   15.0000 2335.6436   15.6712
    0.0000  -15.0000   15.0000 2367.6301   15.3781
    7.5000  -15.0000   15.0000 2346.1155   15.5613
   -7.5000   -7.5000   15.0000 2456.7075   14.2314
    0.0000   -7.5000   15.0000 2489.5266   13.9132
    7.5000   -7.5000   15.0000 2472.1470   14.0781
   -7.5000    0.0000   15.0000 2578.6157   13.1303
    0.0000    0.0000   15.0000 2619.4004   12.8200
    7.5000    0.0000   15.0000 2602.4590   12.9656
   -7.5000    7.5000   15.0000 2696.2288   12.3738
    0.0000    7.5000   15.0000 2743.1011   12.0772
    7.5000    7.5000   15.0000 2724.4221   12.2116
   -7.5000   15.0000   15.0000 2788.4375   11.9312
    0.0000   15.0000   15.0000 2845.7842   11.5834
    7.5000   15.0000   15.0000 2822.8887   11.7475
   -7.5000   22.5000   15.0000 2841.0833   11.8058
    0.0000   22.5000   15.0000 2897.3682   11.4526
    7.5000   22.5000   15.0000 2881.1560   11.6175
   -7.5000   30.0000   15.0000 2837.4924   11.9861
    0.0000   30.0000   15.0000 2893.0403   11.6694
    7.5000   30.0000   15.0000 2875.7241   11.8102
   -7.5000   37.5000   15.0000 2762.9995   12.4459
    0.0000   37.5000   15.0000 2813.7847   12.1812
    7.5000   37.5000   15.0000 2794.6436   12.3085
   -7.5000   45.0000   15.0000 2650.4441   13.1639
    0.0000   45.0000   15.0000 2696.9666   12.8969
    7.5000   45.0000   15.0000 2677.3076   12.9864
   -7.5000  -45.0000   22.5000 1699.1730   28.1318
    0.0000  -45.0000   22.5000 1713.8262   27.6645
    7.5000  -45.0000   22.5000 1705.7208   28.1592
   -7.5000  -37.5000   22.5000 1872.7325   23.7059
    0.0000  -37.5000   22.5000 1886.3212   23.3287
    7.5000  -37.5000   22.5000 1879.2625   23.6812
   -7.5000  -30.0000   22.5000 2031.6104   20.4812
    0.0000  -30.0000   22.5000 2056.6519   20.1729
    7.5000  -30.0000   22.5000 2045.3655   20.4301
   -7.5000  -22.5000   22.5000 2183.4004   17.9813
    0.0000  -22.5000   22.5000 2211.0657   17.7022
    7.5000  -22.5000   22.5000 2195.8857   17.9183
   -7.5000  -15.0000   22.5000 2314.6902   16.0600
    0.0000  -15.0000   22.5000 2345.6479   15.7700
    7.5000  -15.0000   22.5000 2324.1016   15.9426
   -7.5000   -7.5000   22.5000 2437.1636   14.5994
    0.0000   -7.5000   22.5000 2469.3416   14.2929
    7.5000   -7.5000   22.5000 2451.4597   14.4283
   -7.5000    0.0000   22.5000 2552.9878   13.5035
    0.0000    0.0000   22.5000 2590.4014   13.1868
    7.5000    0.0000   22.5000 2573.1240   13.3024
   -7.5000    7.5000   22.5000 2660.1047   12.7487
    0.0000    7.5000   22.5000 2703.6804   12.4111
    7.5000    7.5000   22.5000 2688.8884   12.5587
   -7.5000   15.0000   22.5000 2741.4624   12.2957
    0.0000   15.0000   22.5000 2787.4495   11.9616
    7.5000   15.0000   22.5000 2769.0354   12.0899
   -7.5000   22.5000   22.5000 2780.3704   12.1575
    0.0000   22.5000   22.5000 2823.6272   11.8283
    7.5000   22.5000   22.5000 2810.7097   11.9567
   -7.5000   30.0000   22.5000 2767.0122   12.2811
    0.0000   30.0000   22.5000 2811.0352   11.9860
    7.5000   30.0000   22.5000 2798.9856   12.0912
   -7.5000   37.5000   22.5000 2705.2192   12.6920
    0.0000   37.5000   22.5000 2752.0027   12.4174
    7.5000   37.5000   22.5000 2738.4514   12.5235
   -7.5000   45.0000   22.5000 2603.9441   13.4059
    0.0000   45.0000   22.5000 2646.4963   13.1369
    7.5000   45.0000   22.5000 2632.0188   13.2136
   -7.5000  -45.0000   30.0000 1655.3879   29.4217
    0.0000  -45.0000   30.0000 1669.9495   29.0198
    7.5000  -45.0000   30.0000 1659.3550   29.5050
   -7.5000  -37.5000   30.0000 1833.5116   24.7650
    0.0000  -37.5000   30.0000 1845.7576   24.3510
    7.5000  -37.5000   30.0000 1837.3939   24.7188
   -7.5000  -30.0000   30.0000 1992.1591   21.2922
    0.0000  -30.0000   30.0000 2012.4520   20.9492
    7.5000  -30.0000   30.0000 2002.0304   21.2265
   -7.5000  -22.5000   30.0000 2143.5935   18.7316
    0.0000  -22.5000   30.0000 2167.0208   18.3866
    7.5000  -22.5000   30.0000 2154.0496   18.5837
   -7.5000  -15.0000   30.0000 2276.8979   16.7522
    0.0000  -15.0000   30.0000 2302.4441   16.4420
    7.5000  -15.0000   30.0000 2284.9470   16.5802
   -7.5000   -7.5000   30.0000 2396.2124   15.2504
    0.0000   -7.5000   30.0000 2427.4990   14.9678
    7.5000   -7.5000   30.0000 2408.1387   15.0560
   -7.5000    0.0000   30.0000 2503.4417   14.1313
    0.0000    0.0000   30.0000 2540.9937   13.8509
    7.5000    0.0000   30.0000 2518.5305   13.9384
   -7.5000    7.5000   30.0000 2600.7700   13.3435
    0.0000    7.5000   30.0000 2642.8726   13.0845
    7.5000    7.5000   30.0000 2621.1475   13.1626
   -7.5000   15.0000   30.0000 2666.9539   12.8806
    0.0000   15.0000   30.0000 2705.5002   12.6057
    7.5000   15.0000   30.0000 2689.1863   12.6872
   -7.5000   22.5000   30.0000 2694.6968   12.7142
    0.0000   22.5000   30.0000 2730.0359   12.4167
    7.5000   22.5000   30.0000 2720.7747   12.5190
   -7.5000   30.0000   30.0000 2674.3914   12.7821
    0.0000   30.0000   30.0000 2709.6250   12.4899
    7.5000   30.0000   30.0000 2701.3589   12.5808
   -7.5000   37.5000   30.0000 2622.9863   13.1409
    0.0000   37.5000   30.0000 2656.5259   12.8455
    7.5000   37.5000   30.0000 2649.4666   12.9526
   -7.5000   45.0000   30.0000 2537.2854   13.8281
    0.0000   45.0000   30.0000 2570.5566   13.5458
    7.5000   45.0000   30.0000 2562.2888   13.6489
   -7.5000  -45.0000   37.5000 1607.9067   31.2966
    0.0000  -45.0000   37.5000 1620.3766   30.8104
    7.5000  -45.0000   37.5000 1606.3901   31.3127
   -7.5000  -37.5000   37.5000 1784.8508   26.2347
    0.0000  -37.5000   37.5000 1796.7295   25.7608
    7.5000  -37.5000   37.5000 1784.2504   26.1229
   -7.5000  -30.0000   37.5000 1944.0671   22.5744
    0.0000  -30.0000   37.5000 1959.4786   22.1844
    7.5000  -30.0000   37.5000 1949.9050   22.4513
   -7.5000  -22.5000   37.5000 2091.3176   19.8664
    0.0000  -22.5000   37.5000 2111.3223   19.5406
    7.5000  -22.5000   37.5000 2096.6118   19.7138
   -7.5000  -15.0000   37.5000 2224.1465   17.8032
    0.0000  -15.0000   37.5000 2246.3572   17.5087
    7.5000  -15.0000   37.5000 2226.2395   17.6207
   -7.5000   -7.5000   37.5000 2339.7410   16.2614
    0.0000   -7.5000   37.5000 2369.6011   15.9614
    7.5000   -7.5000   37.5000 2348.5562   16.0460
   -7.5000    0.0000   37.5000 2437.1565   15.0761
    0.0000    0.0000   37.5000 2474.4551   14.7834
    7.5000    0.0000   37.5000 2451.1826   14.8690
   -7.5000    7.5000   37.5000 2524.3879   14.2372
    0.0000    7.5000   37.5000 2561.1377   13.9558
    7.5000    7.5000   37.5000 2542.6746   14.0358
   -7.5000   15.0000   37.5000 2580.1521   13.7434
    0.0000   15.0000   37.5000 2613.0320   13.4800
    7.5000   15.0000   37.5000 2599.1660   13.5590
   -7.5000   22.5000   37.5000 2595.4402   13.5471
    0.0000   22.5000   37.5000 2627.8843   13.2753
    7.5000   22.5000   37.5000 2621.7327   13.3646
   -7.5000   30.0000   37.5000 2572.7917   13.5708
    0.0000   30.0000   37.5000 2604.0007   13.2954
    7.5000   30.0000   37.5000 2597.8545   13.3874
   -7.5000   37.5000   37.5000 2530.2327   13.8630
    0.0000   37.5000   37.5000 2554.6421   13.5861
    7.5000   37.5000   37.5000 2552.4041   13.6822
   -7.5000   45.0000   37.5000 2461.8718   14.5260
    0.0000   45.0000   37.5000 2485.1482   14.2393
    7.5000   45.0000   37.5000 2479.6462   14.3066
   -7.5000  -45.0000   45.0000 1550.2797   33.8972
    0.0000  -45.0000   45.0000 1560.8646   33.2917
    7.5000  -45.0000   45.0000 1548.0269   33.8777
   -7.5000  -37.5000   45.0000 1725.6738   28.3076
    0.0000  -37.5000   45.0000 1737.3811   27.8179
    7.5000  -37.5000   45.0000 1721.9661   28.1685
   -7.5000  -30.0000   45.0000 1883.9169   24.3691
    0.0000  -30.0000   45.0000 1896.0214   23.9755
    7.5000  -30.0000   45.0000 1887.8181   24.2405
   -7.5000  -22.5000   45.0000 2023.3334   21.4327
    0.0000  -22.5000   45.0000 2043.5662   21.1035
    7.5000  -22.5000   45.0000 2029.3777   21.2807
   -7.5000  -15.0000   45.0000 2152.0515   19.2625
    0.0000  -15.0000   45.0000 2174.0046   18.9319
    7.5000  -15.0000   45.0000 2155.4287   19.0314
   -7.5000   -7.5000   45.0000 2267.5837   17.5641
    0.0000   -7.5000   45.0000 2293.0134   17.2565
    7.5000   -7.5000   45.0000 2270.4517   17.3329
   -7.5000    0.0000   45.0000 2362.7346   16.3003
    0.0000    0.0000   45.0000 2390.0032   15.9909
    7.5000    0.0000   45.0000 2367.9800   16.0757
   -7.5000    7.5000   45.0000 2440.9187   15.4125
    0.0000    7.5000   45.0000 2466.2515   15.1208
    7.5000    7.5000   45.0000 2449.7957   15.2001
   -7.5000   15.0000   45.0000 2481.1265   14.8963
    0.0000   15.0000   45.0000 2506.4011   14.6166
    7.5000   15.0000   45.0000 2494.8843   14.6889
   -7.5000   22.5000   45.0000 2488.8479   14.6577
    0.0000   22.5000   45.0000 2514.8999   14.3636
    7.5000   22.5000   45.0000 2507.8572   14.4305
   -7.5000   30.0000   45.0000 2466.6641   14.6334
    0.0000   30.0000   45.0000 2492.1904   14.3616
    7.5000   30.0000   45.0000 2486.7480   14.4395
   -7.5000   37.5000   45.0000 2430.4060   14.8690
    0.0000   37.5000   45.0000 2449.7344   14.5865
    7.5000   37.5000   45.0000 2448.7769   14.6729
   -7.5000   45.0000   45.0000 2372.1025   15.4873
    0.0000   45.0000   45.0000 2394.6128   15.2216
    7.5000   45.0000   45.0000 2388.5161   15.2885

---------------------------------------------------------------------
imgreg_4dfp /opt/freesurfer/average/711-2C_as_mni_average_305 /opt/freesurfer/average/711-2B_as_mni_average_305_mask talsrcimg_g11 none talsrcimg_to_711-2C_as_mni_average_305_t4 1283
---------------------------------------------------------------------

freesurfer imgreg_4dfp.c
/opt/freesurfer/average/711-2C_as_mni_average_305.4dfp.img
       256       256       256         1
  1.000000  1.000000  1.000000
orientation T byte_order littleendian
Reading image: /opt/freesurfer/average/711-2C_as_mni_average_305.4dfp.img
dimensions:      256       256       256
mmppix:       1.0000   -1.0000   -1.0000
center:     128.0000 -129.0000 -129.0000
/opt/freesurfer/average/711-2B_as_mni_average_305_mask.4dfp.img
       256       256       256         1
  1.000000  1.000000  1.000000
orientation T byte_order littleendian
Reading mask: /opt/freesurfer/average/711-2B_as_mni_average_305_mask.4dfp.img (2306576 pixels)
talsrcimg_g11.4dfp.img
       256       256       256         1
  1.000000  1.000000  1.000000
orientation T byte_order littleendian
Reading image: talsrcimg_g11.4dfp.img
dimensions:      256       256       256
mmppix:       1.0000   -1.0000   -1.0000
center:     128.0000 -129.0000 -129.0000
rotation matrix determinant  1.000000
fimgreg.f
image alignment mode   1283 decimal      503 hex
parameters
    0.0000   22.5000    7.5000    0.0000    0.0000    0.0000
eta,q 0.92086 11.36029
niter,ni,del,rscale     5    3   12.0000    1.2000
parameter  5 -1.007468 -> -0.500000 qaram    1.1500
parameters
    2.4215   25.3318    6.7799    0.3180    3.4500   -1.4444
eta,q 0.92571 11.39431
  0.0949  0.0944  0.0827  0.0802  0.0837  0.0772
  0.0875  0.0862  0.0789  0.0807  0.0812  0.0760
  0.0839  0.0816  0.0770  0.0798  0.0789  0.0745
  0.0818  0.0802  0.0775  0.0772  0.0769  0.0745
  0.0807  0.0783  0.0791  0.0764  0.0754  0.0762
  0.0804  0.0771  0.0816  0.0785  0.0743  0.0788
  0.0827  0.0797  0.0851  0.0817  0.0748  0.0821
niter,ni,del,rscale     5    3   12.0000    1.2000
parameters
    0.6423   25.1686    6.5304    0.3108    5.1766   -1.6949
eta,q 0.92715 11.38198
  0.0782  0.0817  0.0807  0.0769  0.0814  0.0764
  0.0753  0.0795  0.0763  0.0771  0.0785  0.0753
  0.0736  0.0769  0.0734  0.0760  0.0759  0.0739
  0.0743  0.0735  0.0737  0.0735  0.0735  0.0728
  0.0774  0.0741  0.0757  0.0731  0.0728  0.0734
  0.0826  0.0789  0.0778  0.0756  0.0740  0.0751
  0.0913  0.0845  0.0807  0.0789  0.0769  0.0778
niter,ni,del,rscale     4    3   12.0000    1.2000
parameters
   -0.1481   25.1054    6.5886    0.8338    5.6872   -1.7512
eta,q 0.92745 11.37288
  0.0804  0.0815  0.0812  0.0776  0.0791  0.0766
  0.0766  0.0788  0.0766  0.0772  0.0763  0.0750
  0.0741  0.0763  0.0734  0.0758  0.0739  0.0736
  0.0729  0.0731  0.0731  0.0732  0.0726  0.0725
  0.0746  0.0735  0.0748  0.0724  0.0728  0.0731
  0.0795  0.0781  0.0769  0.0747  0.0744  0.0747
  0.0869  0.0835  0.0801  0.0781  0.0780  0.0771
niter,ni,del,rscale     3    3   12.0000    1.2000
parameters
   -0.3791   24.9074    6.7461    1.1984    5.9179   -1.8366
eta,q 0.92737 11.36111
  0.0817  0.0819  0.0810  0.0780  0.0784  0.0766
  0.0769  0.0788  0.0765  0.0773  0.0759  0.0749
  0.0743  0.0759  0.0732  0.0756  0.0737  0.0735
  0.0725  0.0727  0.0729  0.0730  0.0726  0.0726
  0.0733  0.0739  0.0745  0.0727  0.0728  0.0732
  0.0773  0.0791  0.0763  0.0751  0.0746  0.0748
  0.0842  0.0845  0.0795  0.0785  0.0783  0.0772
niter,ni,del,rscale     2    3   12.0000    1.2000
parameters
   -0.4944   24.7665    6.8410    1.4424    6.0340   -1.8987
eta,q 0.92734 11.35361
  0.0820  0.0827  0.0806  0.0781  0.0781  0.0767
  0.0769  0.0792  0.0761  0.0772  0.0757  0.0749
  0.0743  0.0760  0.0730  0.0754  0.0736  0.0735
  0.0726  0.0727  0.0728  0.0729  0.0727  0.0726
  0.0731  0.0740  0.0744  0.0729  0.0728  0.0732
  0.0769  0.0793  0.0761  0.0755  0.0747  0.0748
  0.0837  0.0848  0.0794  0.0788  0.0785  0.0771
niter,ni,del,rscale     1    3   12.0000    1.2000
parameters
   -0.5584   24.6723    6.8926    1.5958    6.0988   -1.9372
eta,q 0.92732 11.34861
  0.0822  0.0832  0.0803  0.0782  0.0780  0.0768
  0.0770  0.0794  0.0759  0.0771  0.0757  0.0749
  0.0743  0.0760  0.0729  0.0752  0.0736  0.0735
  0.0727  0.0727  0.0728  0.0728  0.0727  0.0727
  0.0731  0.0741  0.0743  0.0730  0.0729  0.0732
  0.0767  0.0794  0.0761  0.0757  0.0748  0.0748
  0.0835  0.0849  0.0794  0.0790  0.0786  0.0771
registration optimization eta report
parameter search radius
    6.0000    6.0000    6.0000    6.0000    6.9000    6.0000
100000*second partial in parameter space
       28.       30.       20.       15.       12.       12.
  0.0822  0.0832  0.0803  0.0782  0.0780  0.0768
  0.0770  0.0794  0.0759  0.0771  0.0757  0.0749
  0.0743  0.0760  0.0729  0.0752  0.0736  0.0735
  0.0727  0.0727  0.0728  0.0728  0.0727  0.0727
  0.0731  0.0741  0.0743  0.0730  0.0729  0.0732
  0.0767  0.0794  0.0761  0.0757  0.0748  0.0748
  0.0835  0.0849  0.0794  0.0790  0.0786  0.0771
   -0.5584   24.6723    6.8926    1.5958    6.0988   -1.9372
eta,q 0.92732 11.34861

---------------------------------------------------------------------
imgreg_4dfp /opt/freesurfer/average/711-2C_as_mni_average_305 /opt/freesurfer/average/711-2B_as_mni_average_305_mask talsrcimg_g11 none talsrcimg_to_711-2C_as_mni_average_305_t4 3335
---------------------------------------------------------------------

freesurfer imgreg_4dfp.c
/opt/freesurfer/average/711-2C_as_mni_average_305.4dfp.img
       256       256       256         1
  1.000000  1.000000  1.000000
orientation T byte_order littleendian
Reading image: /opt/freesurfer/average/711-2C_as_mni_average_305.4dfp.img
dimensions:      256       256       256
mmppix:       1.0000   -1.0000   -1.0000
center:     128.0000 -129.0000 -129.0000
/opt/freesurfer/average/711-2B_as_mni_average_305_mask.4dfp.img
       256       256       256         1
  1.000000  1.000000  1.000000
orientation T byte_order littleendian
Reading mask: /opt/freesurfer/average/711-2B_as_mni_average_305_mask.4dfp.img (2306576 pixels)
talsrcimg_g11.4dfp.img
       256       256       256         1
  1.000000  1.000000  1.000000
orientation T byte_order littleendian
Reading image: talsrcimg_g11.4dfp.img
dimensions:      256       256       256
mmppix:       1.0000   -1.0000   -1.0000
center:     128.0000 -129.0000 -129.0000
fimgreg.f
image alignment mode   3335 decimal      D07 hex
parameters
   -0.5584   24.6723    6.8926   -0.6228   -0.0859   -0.6046
    3.0834  -10.7083   -3.3613   -2.4242   10.6243    2.7690
eta,q 0.92520 11.43085
niter,ni,del,rscale     5    3    5.0000    1.2000
parameter  4  3.614790 ->  0.500000 qaram    1.1500
parameter  5  3.888953 ->  0.500000 qaram    1.1500
parameter  6  2.598751 ->  0.500000 qaram    1.1500
parameter 11  0.581482 ->  0.500000 qaram    1.1500
parameters
   -0.9984   25.1885    8.0568   -4.7628   -4.2259   -4.7446
    2.5869   -8.8576   -1.4219   -2.2224    6.4843    0.7222
eta,q 0.94821 10.35467
  0.0758  0.0765  0.0768  0.0639  0.0558  0.0479  0.0544  0.0581  0.0551  0.0552  0.0521  0.0524
  0.0751  0.0757  0.0759  0.0666  0.0592  0.0516  0.0534  0.0554  0.0539  0.0535  0.0519  0.0519
  0.0748  0.0751  0.0751  0.0702  0.0631  0.0555  0.0528  0.0535  0.0530  0.0525  0.0520  0.0518
  0.0748  0.0747  0.0746  0.0744  0.0675  0.0602  0.0526  0.0526  0.0524  0.0523  0.0523  0.0519
  0.0752  0.0746  0.0744  0.0788  0.0724  0.0659  0.0530  0.0524  0.0523  0.0524  0.0529  0.0523
  0.0759  0.0749  0.0744  0.0833  0.0775  0.0721  0.0538  0.0531  0.0526  0.0532  0.0537  0.0529
  0.0771  0.0755  0.0747  0.0882  0.0828  0.0786  0.0550  0.0543  0.0533  0.0549  0.0547  0.0539
niter,ni,del,rscale     7    3    5.0000    1.2000
parameter  3  0.884237 ->  0.500000 qaram    1.1500
parameter  4  1.083151 ->  0.500000 qaram    1.3225
parameter  5  1.658642 ->  0.500000 qaram    1.3225
parameter  6  1.431990 ->  0.500000 qaram    1.3225
parameters
   -0.4006   25.8362    6.6768   -9.5238   -8.9869   -9.5056
    3.2887   -7.2632   -1.4571   -2.2575    7.3848   -0.7247
eta,q 0.96649  9.63065
  0.0554  0.0543  0.0507  0.0458  0.0387  0.0322  0.0366  0.0402  0.0356  0.0370  0.0365  0.0345
  0.0537  0.0530  0.0507  0.0463  0.0404  0.0333  0.0353  0.0374  0.0345  0.0351  0.0350  0.0339
  0.0525  0.0521  0.0510  0.0479  0.0430  0.0364  0.0344  0.0352  0.0338  0.0340  0.0341  0.0335
  0.0518  0.0516  0.0515  0.0508  0.0466  0.0410  0.0339  0.0339  0.0336  0.0336  0.0336  0.0336
  0.0516  0.0515  0.0522  0.0550  0.0508  0.0464  0.0340  0.0337  0.0338  0.0342  0.0337  0.0340
  0.0520  0.0518  0.0532  0.0599  0.0557  0.0524  0.0346  0.0346  0.0345  0.0354  0.0343  0.0347
  0.0530  0.0524  0.0544  0.0651  0.0614  0.0594  0.0357  0.0365  0.0357  0.0368  0.0355  0.0356
niter,ni,del,rscale     7    3    5.0000    1.2000
parameter  3  0.526852 ->  0.500000 qaram    1.3225
parameter  5  0.718748 ->  0.500000 qaram    1.5209
parameter  6  0.554962 ->  0.500000 qaram    1.5209
parameter 10 -0.586981 -> -0.500000 qaram    1.1500
parameters
   -0.1067   26.7473    5.0898  -12.5314  -14.4621  -14.9808
    3.1957   -7.6531   -1.6146    1.8825    8.4322    0.9951
eta,q 0.97242  9.09980
  0.0372  0.0373  0.0331  0.0343  0.0303  0.0290  0.0304  0.0313  0.0300  0.0329  0.0291  0.0290
  0.0353  0.0356  0.0325  0.0330  0.0298  0.0287  0.0294  0.0296  0.0292  0.0310  0.0284  0.0284
  0.0341  0.0343  0.0325  0.0323  0.0306  0.0283  0.0287  0.0287  0.0286  0.0296  0.0279  0.0280
  0.0335  0.0335  0.0332  0.0324  0.0323  0.0299  0.0285  0.0285  0.0285  0.0285  0.0277  0.0277
  0.0336  0.0332  0.0345  0.0340  0.0353  0.0341  0.0288  0.0290  0.0287  0.0279  0.0277  0.0276
  0.0344  0.0334  0.0363  0.0375  0.0396  0.0404  0.0294  0.0301  0.0293  0.0277  0.0280  0.0278
  0.0357  0.0340  0.0387  0.0427  0.0444  0.0477  0.0305  0.0319  0.0301  0.0282  0.0285  0.0282
niter,ni,del,rscale     7    3    5.0000    1.2000
parameter  2 -0.532444 -> -0.500000 qaram    1.1500
parameter  3  0.683216 ->  0.500000 qaram    1.5209
parameters
   -0.0319   28.1273    3.2648  -11.0132  -17.2840  -18.8930
    3.1235   -7.2878   -2.2656    3.7667    8.9292   -0.6138
eta,q 0.97484  8.86672
  0.0300  0.0318  0.0263  0.0299  0.0282  0.0272  0.0272  0.0288  0.0267  0.0298  0.0262  0.0257
  0.0287  0.0300  0.0260  0.0283  0.0267  0.0258  0.0262  0.0271  0.0259  0.0277  0.0257  0.0254
  0.0279  0.0286  0.0263  0.0270  0.0256  0.0254  0.0256  0.0259  0.0255  0.0262  0.0253  0.0252
  0.0276  0.0276  0.0270  0.0260  0.0257  0.0254  0.0254  0.0254  0.0254  0.0254  0.0252  0.0252
  0.0278  0.0271  0.0282  0.0255  0.0271  0.0276  0.0256  0.0256  0.0257  0.0252  0.0252  0.0254
  0.0285  0.0270  0.0297  0.0261  0.0300  0.0321  0.0263  0.0266  0.0263  0.0258  0.0255  0.0259
  0.0298  0.0275  0.0316  0.0285  0.0343  0.0389  0.0273  0.0283  0.0272  0.0271  0.0260  0.0265
niter,ni,del,rscale     7    3    5.0000    1.2000
parameter  3  0.514181 ->  0.500000 qaram    1.7490
parameters
    0.1667   28.8203    1.1660  -10.2193  -17.9478  -21.5689
    3.4085   -7.2968   -2.2145    5.5162    9.4194   -2.4654
eta,q 0.97598  8.74730
  0.0278  0.0292  0.0250  0.0278  0.0280  0.0272  0.0262  0.0274  0.0257  0.0282  0.0253  0.0245
  0.0265  0.0273  0.0243  0.0262  0.0262  0.0254  0.0252  0.0257  0.0249  0.0263  0.0247  0.0242
  0.0256  0.0259  0.0243  0.0251  0.0250  0.0243  0.0245  0.0246  0.0244  0.0249  0.0242  0.0240
  0.0252  0.0251  0.0250  0.0242  0.0241  0.0242  0.0242  0.0242  0.0242  0.0242  0.0241  0.0241
  0.0253  0.0250  0.0261  0.0239  0.0247  0.0254  0.0244  0.0246  0.0244  0.0241  0.0241  0.0243
  0.0259  0.0255  0.0277  0.0247  0.0264  0.0294  0.0250  0.0257  0.0248  0.0246  0.0245  0.0248
  0.0271  0.0265  0.0296  0.0274  0.0298  0.0344  0.0259  0.0275  0.0256  0.0259  0.0251  0.0255
niter,ni,del,rscale     7    3    5.0000    1.2000
parameters
    0.1294   29.7108    0.6602  -10.0774  -18.8728  -22.3628
    3.6855   -7.5021   -1.9781    7.5891    9.5292   -3.6135
eta,q 0.97645  8.69180
  0.0263  0.0282  0.0266  0.0270  0.0273  0.0282  0.0258  0.0268  0.0253  0.0277  0.0248  0.0242
  0.0250  0.0263  0.0248  0.0255  0.0255  0.0260  0.0247  0.0251  0.0245  0.0258  0.0241  0.0238
  0.0243  0.0249  0.0239  0.0245  0.0243  0.0244  0.0241  0.0241  0.0240  0.0246  0.0237  0.0236
  0.0240  0.0240  0.0238  0.0237  0.0237  0.0238  0.0238  0.0238  0.0238  0.0238  0.0236  0.0236
  0.0243  0.0238  0.0245  0.0234  0.0242  0.0239  0.0240  0.0242  0.0239  0.0236  0.0237  0.0238
  0.0251  0.0241  0.0261  0.0246  0.0261  0.0263  0.0246  0.0254  0.0244  0.0240  0.0241  0.0242
  0.0264  0.0249  0.0283  0.0276  0.0293  0.0308  0.0255  0.0272  0.0252  0.0251  0.0248  0.0248
niter,ni,del,rscale     6    3    5.0000    1.2000
parameters
    0.0553   30.3432    0.1470  -10.0757  -19.7082  -22.9584
    4.0207   -7.6711   -1.7080    9.0410    9.6236   -4.5311
eta,q 0.97669  8.64310
  0.0257  0.0272  0.0262  0.0266  0.0271  0.0279  0.0254  0.0264  0.0251  0.0270  0.0246  0.0240
  0.0245  0.0255  0.0245  0.0251  0.0252  0.0258  0.0244  0.0248  0.0243  0.0253  0.0239  0.0236
  0.0238  0.0243  0.0235  0.0241  0.0240  0.0241  0.0237  0.0237  0.0237  0.0241  0.0235  0.0234
  0.0236  0.0236  0.0234  0.0233  0.0233  0.0234  0.0235  0.0235  0.0234  0.0234  0.0233  0.0233
  0.0239  0.0234  0.0242  0.0231  0.0239  0.0235  0.0236  0.0239  0.0236  0.0234  0.0235  0.0235
  0.0247  0.0239  0.0258  0.0243  0.0257  0.0256  0.0242  0.0250  0.0241  0.0239  0.0239  0.0239
  0.0260  0.0250  0.0280  0.0274  0.0290  0.0302  0.0251  0.0267  0.0249  0.0252  0.0246  0.0245
niter,ni,del,rscale     5    3    5.0000    1.2000
parameters
    0.0095   30.7574   -0.2137  -10.0797  -20.2093  -23.3657
    4.1921   -7.7361   -1.6279    9.9183    9.7363   -5.1408
eta,q 0.97673  8.61428
  0.0255  0.0267  0.0263  0.0264  0.0272  0.0279  0.0251  0.0263  0.0250  0.0265  0.0246  0.0241
  0.0243  0.0250  0.0246  0.0249  0.0253  0.0257  0.0242  0.0247  0.0241  0.0249  0.0239  0.0236
  0.0235  0.0239  0.0235  0.0239  0.0240  0.0241  0.0236  0.0236  0.0235  0.0238  0.0235  0.0233
  0.0233  0.0233  0.0232  0.0232  0.0232  0.0233  0.0233  0.0233  0.0233  0.0233  0.0233  0.0233
  0.0236  0.0233  0.0239  0.0230  0.0236  0.0233  0.0235  0.0237  0.0235  0.0234  0.0234  0.0235
  0.0244  0.0240  0.0254  0.0242  0.0254  0.0253  0.0240  0.0247  0.0240  0.0240  0.0239  0.0238
  0.0257  0.0252  0.0276  0.0272  0.0285  0.0298  0.0250  0.0264  0.0250  0.0254  0.0246  0.0244
niter,ni,del,rscale     4    3    5.0000    1.2000
parameters
    0.0030   31.0073   -0.4402  -10.0838  -20.4856  -23.6246
    4.2675   -7.7323   -1.6468   10.4400    9.8198   -5.4976
eta,q 0.97671  8.59821
  0.0255  0.0263  0.0265  0.0264  0.0273  0.0279  0.0250  0.0263  0.0250  0.0262  0.0247  0.0242
  0.0242  0.0247  0.0247  0.0250  0.0254  0.0258  0.0241  0.0247  0.0241  0.0247  0.0240  0.0237
  0.0235  0.0237  0.0236  0.0239  0.0240  0.0241  0.0235  0.0236  0.0235  0.0237  0.0235  0.0234
  0.0233  0.0233  0.0232  0.0232  0.0232  0.0233  0.0233  0.0233  0.0233  0.0233  0.0233  0.0233
  0.0235  0.0234  0.0238  0.0231  0.0235  0.0232  0.0235  0.0237  0.0235  0.0234  0.0234  0.0235
  0.0243  0.0241  0.0253  0.0242  0.0252  0.0251  0.0241  0.0247  0.0241  0.0242  0.0239  0.0238
  0.0255  0.0254  0.0273  0.0272  0.0283  0.0295  0.0250  0.0263  0.0250  0.0256  0.0246  0.0243
niter,ni,del,rscale     3    3    5.0000    1.2000
parameters
    0.0100   31.1508   -0.5792  -10.0864  -20.6386  -23.7945
    4.3075   -7.7100   -1.6777   10.7379    9.8587   -5.6970
eta,q 0.97669  8.58867
  0.0255  0.0261  0.0267  0.0264  0.0274  0.0280  0.0250  0.0263  0.0250  0.0261  0.0247  0.0242
  0.0243  0.0246  0.0249  0.0250  0.0254  0.0258  0.0241  0.0247  0.0241  0.0246  0.0240  0.0237
  0.0235  0.0237  0.0237  0.0239  0.0241  0.0242  0.0235  0.0236  0.0235  0.0237  0.0235  0.0234
  0.0233  0.0233  0.0233  0.0233  0.0233  0.0233  0.0233  0.0233  0.0233  0.0233  0.0233  0.0233
  0.0235  0.0235  0.0238  0.0231  0.0235  0.0232  0.0235  0.0237  0.0235  0.0235  0.0235  0.0235
  0.0243  0.0242  0.0252  0.0243  0.0252  0.0250  0.0241  0.0247  0.0241  0.0243  0.0239  0.0238
  0.0255  0.0255  0.0272  0.0272  0.0282  0.0294  0.0250  0.0263  0.0250  0.0258  0.0247  0.0243
niter,ni,del,rscale     2    3    5.0000    1.2000
parameters
    0.0183   31.2359   -0.6632  -10.0863  -20.7231  -23.8986
    4.3310   -7.6859   -1.6951   10.9148    9.8762   -5.8202
eta,q 0.97667  8.58327
  0.0255  0.0260  0.0268  0.0265  0.0275  0.0280  0.0250  0.0263  0.0250  0.0260  0.0247  0.0243
  0.0243  0.0245  0.0250  0.0250  0.0255  0.0258  0.0241  0.0247  0.0241  0.0245  0.0240  0.0237
  0.0235  0.0236  0.0237  0.0240  0.0241  0.0242  0.0235  0.0237  0.0235  0.0236  0.0235  0.0234
  0.0233  0.0233  0.0233  0.0233  0.0233  0.0233  0.0233  0.0233  0.0233  0.0233  0.0233  0.0233
  0.0236  0.0235  0.0238  0.0231  0.0235  0.0232  0.0235  0.0237  0.0235  0.0235  0.0235  0.0235
  0.0243  0.0243  0.0251  0.0243  0.0252  0.0249  0.0241  0.0247  0.0241  0.0243  0.0240  0.0238
  0.0255  0.0257  0.0271  0.0272  0.0281  0.0293  0.0250  0.0263  0.0250  0.0258  0.0247  0.0243
niter,ni,del,rscale     1    3    5.0000    1.2000
parameters
    0.0250   31.2848   -0.7134  -10.0851  -20.7765  -23.9629
    4.3454   -7.6716   -1.7075   11.0226    9.8877   -5.8806
eta,q 0.97666  8.57990
  0.0255  0.0259  0.0269  0.0265  0.0275  0.0280  0.0250  0.0263  0.0250  0.0260  0.0247  0.0243
  0.0243  0.0245  0.0250  0.0250  0.0255  0.0259  0.0241  0.0247  0.0241  0.0245  0.0240  0.0238
  0.0236  0.0236  0.0238  0.0240  0.0242  0.0242  0.0236  0.0237  0.0235  0.0236  0.0235  0.0235
  0.0233  0.0233  0.0233  0.0233  0.0233  0.0233  0.0233  0.0233  0.0233  0.0233  0.0233  0.0233
  0.0236  0.0236  0.0238  0.0231  0.0235  0.0232  0.0235  0.0237  0.0235  0.0236  0.0235  0.0235
  0.0243  0.0244  0.0251  0.0243  0.0252  0.0249  0.0241  0.0247  0.0241  0.0244  0.0240  0.0238
  0.0255  0.0257  0.0271  0.0272  0.0281  0.0292  0.0250  0.0263  0.0251  0.0259  0.0247  0.0243
registration optimization eta report
parameter search radius
    2.4000    2.7600    4.1976    9.5220   10.9503   10.9503
    7.2000    7.2000    7.2000    8.2800    8.2800    7.2000
100000*second partial in parameter space
       38.       33.       20.        4.        4.        5.
        3.        6.        3.        4.        2.        2.
  0.0255  0.0259  0.0269  0.0265  0.0275  0.0280  0.0250  0.0263  0.0250  0.0260  0.0247  0.0243
  0.0243  0.0245  0.0250  0.0250  0.0255  0.0259  0.0241  0.0247  0.0241  0.0245  0.0240  0.0238
  0.0236  0.0236  0.0238  0.0240  0.0242  0.0242  0.0236  0.0237  0.0235  0.0236  0.0235  0.0235
  0.0233  0.0233  0.0233  0.0233  0.0233  0.0233  0.0233  0.0233  0.0233  0.0233  0.0233  0.0233
  0.0236  0.0236  0.0238  0.0231  0.0235  0.0232  0.0235  0.0237  0.0235  0.0236  0.0235  0.0235
  0.0243  0.0244  0.0251  0.0243  0.0252  0.0249  0.0241  0.0247  0.0241  0.0244  0.0240  0.0238
  0.0255  0.0257  0.0271  0.0272  0.0281  0.0292  0.0250  0.0263  0.0251  0.0259  0.0247  0.0243
    0.0250   31.2848   -0.7134  -10.0851  -20.7765  -23.9629
    4.3454   -7.6716   -1.7075   11.0226    9.8877   -5.8806
eta,q 0.97666  8.57990

---------------------------------------------------------------------
imgreg_4dfp /opt/freesurfer/average/711-2C_as_mni_average_305 /opt/freesurfer/average/711-2B_as_mni_average_305_mask talsrcimg_g11 none talsrcimg_to_711-2C_as_mni_average_305_t4 2311
---------------------------------------------------------------------

freesurfer imgreg_4dfp.c
/opt/freesurfer/average/711-2C_as_mni_average_305.4dfp.img
       256       256       256         1
  1.000000  1.000000  1.000000
orientation T byte_order littleendian
Reading image: /opt/freesurfer/average/711-2C_as_mni_average_305.4dfp.img
dimensions:      256       256       256
mmppix:       1.0000   -1.0000   -1.0000
center:     128.0000 -129.0000 -129.0000
/opt/freesurfer/average/711-2B_as_mni_average_305_mask.4dfp.img
       256       256       256         1
  1.000000  1.000000  1.000000
orientation T byte_order littleendian
Reading mask: /opt/freesurfer/average/711-2B_as_mni_average_305_mask.4dfp.img (2306576 pixels)
talsrcimg_g11.4dfp.img
       256       256       256         1
  1.000000  1.000000  1.000000
orientation T byte_order littleendian
Reading image: talsrcimg_g11.4dfp.img
dimensions:      256       256       256
mmppix:       1.0000   -1.0000   -1.0000
center:     128.0000 -129.0000 -129.0000
fimgreg.f
image alignment mode   2311 decimal      907 hex
parameters
    0.0250   31.2848   -0.7134  -10.0851  -20.7765  -23.9629
    4.3454   -7.6716   -1.7075   11.0226    9.8877   -5.8806
eta,q 0.97666  8.57990
niter,ni,del,rscale     5    3    5.0000    0.8000
parameters
    0.0153   31.3085   -0.6954   -8.1944  -19.7179  -22.2787
    4.1814   -7.6738   -1.8131   11.0705   10.0497   -6.3916
eta,q 0.97707  8.75822
  0.0243  0.0242  0.0239  0.0245  0.0244  0.0244  0.0238  0.0246  0.0238  0.0239  0.0236  0.0234
  0.0238  0.0237  0.0236  0.0240  0.0239  0.0238  0.0233  0.0237  0.0233  0.0234  0.0232  0.0231
  0.0234  0.0234  0.0234  0.0237  0.0234  0.0233  0.0230  0.0231  0.0230  0.0231  0.0230  0.0230
  0.0233  0.0233  0.0233  0.0233  0.0231  0.0230  0.0229  0.0229  0.0229  0.0229  0.0229  0.0229
  0.0235  0.0234  0.0234  0.0231  0.0230  0.0229  0.0231  0.0232  0.0231  0.0230  0.0230  0.0230
  0.0238  0.0237  0.0236  0.0232  0.0232  0.0230  0.0234  0.0237  0.0234  0.0233  0.0232  0.0233
  0.0243  0.0242  0.0239  0.0235  0.0237  0.0233  0.0240  0.0246  0.0239  0.0239  0.0235  0.0236
niter,ni,del,rscale     4    3    5.0000    0.7000
parameters
    0.0468   31.1627   -0.3913   -8.6510  -19.5810  -21.6917
    4.1992   -7.6831   -1.8493   10.9053   10.0911   -6.2529
eta,q 0.97712  8.77005
  0.0239  0.0235  0.0236  0.0236  0.0238  0.0237  0.0236  0.0242  0.0236  0.0236  0.0233  0.0233
  0.0234  0.0232  0.0233  0.0233  0.0234  0.0233  0.0232  0.0235  0.0232  0.0232  0.0231  0.0231
  0.0230  0.0230  0.0231  0.0230  0.0231  0.0230  0.0230  0.0230  0.0230  0.0230  0.0230  0.0230
  0.0229  0.0229  0.0229  0.0229  0.0229  0.0229  0.0229  0.0229  0.0229  0.0229  0.0229  0.0229
  0.0230  0.0231  0.0229  0.0230  0.0229  0.0229  0.0230  0.0230  0.0230  0.0230  0.0229  0.0229
  0.0233  0.0234  0.0230  0.0234  0.0232  0.0230  0.0232  0.0235  0.0232  0.0232  0.0231  0.0231
  0.0238  0.0238  0.0232  0.0241  0.0238  0.0234  0.0236  0.0242  0.0236  0.0237  0.0233  0.0233
niter,ni,del,rscale     3    3    5.0000    0.6000
parameters
    0.0307   31.0489   -0.3141   -8.6096  -19.3874  -21.5208
    4.1897   -7.7238   -1.8619   10.7139   10.1194   -6.1341
eta,q 0.97714  8.78472
  0.0235  0.0233  0.0233  0.0235  0.0236  0.0234  0.0234  0.0238  0.0234  0.0234  0.0232  0.0232
  0.0232  0.0231  0.0231  0.0232  0.0233  0.0231  0.0231  0.0233  0.0231  0.0231  0.0230  0.0230
  0.0229  0.0229  0.0229  0.0230  0.0230  0.0229  0.0229  0.0230  0.0229  0.0229  0.0229  0.0229
  0.0229  0.0229  0.0229  0.0229  0.0229  0.0229  0.0229  0.0229  0.0229  0.0229  0.0229  0.0229
  0.0230  0.0230  0.0229  0.0229  0.0229  0.0228  0.0229  0.0230  0.0229  0.0229  0.0229  0.0229
  0.0232  0.0232  0.0230  0.0231  0.0231  0.0229  0.0231  0.0233  0.0231  0.0231  0.0230  0.0230
  0.0236  0.0235  0.0232  0.0235  0.0235  0.0233  0.0234  0.0239  0.0234  0.0235  0.0232  0.0232
niter,ni,del,rscale     2    3    5.0000    0.5000
parameters
    0.0186   30.9804   -0.2633   -8.4910  -19.2328  -21.3240
    4.1812   -7.7612   -1.8886   10.5957   10.1721   -6.0624
eta,q 0.97716  8.80261
  0.0233  0.0232  0.0231  0.0233  0.0234  0.0232  0.0232  0.0235  0.0232  0.0232  0.0231  0.0231
  0.0231  0.0230  0.0230  0.0231  0.0231  0.0230  0.0230  0.0231  0.0230  0.0230  0.0230  0.0229
  0.0229  0.0229  0.0229  0.0229  0.0229  0.0229  0.0229  0.0229  0.0229  0.0229  0.0229  0.0229
  0.0229  0.0229  0.0229  0.0229  0.0228  0.0228  0.0228  0.0228  0.0228  0.0228  0.0228  0.0228
  0.0229  0.0229  0.0229  0.0229  0.0229  0.0228  0.0229  0.0229  0.0229  0.0229  0.0229  0.0229
  0.0231  0.0231  0.0229  0.0230  0.0230  0.0229  0.0230  0.0232  0.0230  0.0230  0.0229  0.0229
  0.0233  0.0233  0.0231  0.0233  0.0233  0.0231  0.0232  0.0236  0.0232  0.0233  0.0231  0.0231
niter,ni,del,rscale     1    3    5.0000    0.4000
parameters
    0.0130   30.9309   -0.2194   -8.4069  -19.1289  -21.1362
    4.1751   -7.8048   -1.9076   10.5236   10.1933   -6.0291
eta,q 0.97718  8.81724
  0.0231  0.0231  0.0230  0.0231  0.0232  0.0230  0.0231  0.0233  0.0230  0.0231  0.0230  0.0230
  0.0230  0.0229  0.0229  0.0230  0.0230  0.0229  0.0229  0.0230  0.0229  0.0229  0.0229  0.0229
  0.0229  0.0229  0.0229  0.0229  0.0229  0.0229  0.0228  0.0229  0.0228  0.0228  0.0228  0.0228
  0.0228  0.0228  0.0228  0.0228  0.0228  0.0228  0.0228  0.0228  0.0228  0.0228  0.0228  0.0228
  0.0229  0.0229  0.0228  0.0228  0.0228  0.0228  0.0229  0.0229  0.0228  0.0229  0.0228  0.0228
  0.0230  0.0230  0.0229  0.0229  0.0230  0.0229  0.0229  0.0230  0.0229  0.0229  0.0229  0.0229
  0.0231  0.0231  0.0230  0.0231  0.0231  0.0230  0.0231  0.0233  0.0230  0.0231  0.0230  0.0230
registration optimization eta report
parameter search radius
    0.8000    0.8000    0.8000    2.4000    2.4000    2.4000
    2.4000    2.4000    2.4000    2.4000    2.4000    2.4000
100000*second partial in parameter space
       47.       40.       25.        5.        6.        3.
        4.        8.        4.        4.        3.        3.
  0.0231  0.0231  0.0230  0.0231  0.0232  0.0230  0.0231  0.0233  0.0230  0.0231  0.0230  0.0230
  0.0230  0.0229  0.0229  0.0230  0.0230  0.0229  0.0229  0.0230  0.0229  0.0229  0.0229  0.0229
  0.0229  0.0229  0.0229  0.0229  0.0229  0.0229  0.0228  0.0229  0.0228  0.0228  0.0228  0.0228
  0.0228  0.0228  0.0228  0.0228  0.0228  0.0228  0.0228  0.0228  0.0228  0.0228  0.0228  0.0228
  0.0229  0.0229  0.0228  0.0228  0.0228  0.0228  0.0229  0.0229  0.0228  0.0229  0.0228  0.0228
  0.0230  0.0230  0.0229  0.0229  0.0230  0.0229  0.0229  0.0230  0.0229  0.0229  0.0229  0.0229
  0.0231  0.0231  0.0230  0.0231  0.0231  0.0230  0.0231  0.0233  0.0230  0.0231  0.0230  0.0230
    0.0130   30.9309   -0.2194   -8.4069  -19.1289  -21.1362
    4.1751   -7.8048   -1.9076   10.5236   10.1933   -6.0291
eta,q 0.97718  8.81724

---------------------------------------------------------------------
imgreg_4dfp /opt/freesurfer/average/711-2C_as_mni_average_305 /opt/freesurfer/average/711-2B_as_mni_average_305_mask talsrcimg_g11 none talsrcimg_to_711-2C_as_mni_average_305_t4 2311
---------------------------------------------------------------------

freesurfer imgreg_4dfp.c
/opt/freesurfer/average/711-2C_as_mni_average_305.4dfp.img
       256       256       256         1
  1.000000  1.000000  1.000000
orientation T byte_order littleendian
Reading image: /opt/freesurfer/average/711-2C_as_mni_average_305.4dfp.img
dimensions:      256       256       256
mmppix:       1.0000   -1.0000   -1.0000
center:     128.0000 -129.0000 -129.0000
/opt/freesurfer/average/711-2B_as_mni_average_305_mask.4dfp.img
       256       256       256         1
  1.000000  1.000000  1.000000
orientation T byte_order littleendian
Reading mask: /opt/freesurfer/average/711-2B_as_mni_average_305_mask.4dfp.img (2306576 pixels)
talsrcimg_g11.4dfp.img
       256       256       256         1
  1.000000  1.000000  1.000000
orientation T byte_order littleendian
Reading image: talsrcimg_g11.4dfp.img
dimensions:      256       256       256
mmppix:       1.0000   -1.0000   -1.0000
center:     128.0000 -129.0000 -129.0000
fimgreg.f
image alignment mode   2311 decimal      907 hex
parameters
    0.0130   30.9309   -0.2194   -8.4069  -19.1289  -21.1362
    4.1751   -7.8048   -1.9076   10.5236   10.1933   -6.0291
eta,q 0.97718  8.81724
niter,ni,del,rscale     5    3    5.0000    0.8000
parameters
    0.0214   30.9013   -0.1665   -8.9746  -19.4367  -21.5902
    4.2080   -7.7545   -1.8682   10.3901   10.0780   -5.8826
eta,q 0.97712  8.76364
  0.0240  0.0238  0.0235  0.0237  0.0238  0.0237  0.0238  0.0246  0.0237  0.0238  0.0234  0.0234
  0.0234  0.0232  0.0231  0.0233  0.0234  0.0232  0.0233  0.0237  0.0233  0.0233  0.0231  0.0232
  0.0230  0.0229  0.0229  0.0230  0.0230  0.0230  0.0230  0.0231  0.0230  0.0230  0.0229  0.0230
  0.0228  0.0228  0.0228  0.0228  0.0229  0.0229  0.0229  0.0229  0.0229  0.0229  0.0229  0.0229
  0.0230  0.0229  0.0229  0.0229  0.0230  0.0229  0.0230  0.0231  0.0230  0.0230  0.0230  0.0229
  0.0234  0.0233  0.0231  0.0235  0.0235  0.0233  0.0233  0.0236  0.0233  0.0233  0.0232  0.0231
  0.0240  0.0239  0.0234  0.0244  0.0243  0.0243  0.0238  0.0245  0.0237  0.0240  0.0235  0.0234
niter,ni,del,rscale     4    3    5.0000    0.7000
parameters
    0.0071   30.9236   -0.2367   -8.7392  -19.3479  -21.5813
    4.1877   -7.7542   -1.8424   10.4337   10.0963   -5.9251
eta,q 0.97714  8.77636
  0.0237  0.0237  0.0233  0.0237  0.0237  0.0235  0.0236  0.0242  0.0235  0.0236  0.0233  0.0233
  0.0233  0.0232  0.0231  0.0234  0.0234  0.0231  0.0232  0.0235  0.0232  0.0232  0.0231  0.0231
  0.0230  0.0230  0.0229  0.0231  0.0230  0.0229  0.0229  0.0230  0.0229  0.0229  0.0229  0.0229
  0.0229  0.0229  0.0229  0.0229  0.0229  0.0229  0.0229  0.0229  0.0229  0.0229  0.0229  0.0229
  0.0230  0.0230  0.0230  0.0229  0.0229  0.0228  0.0229  0.0230  0.0229  0.0229  0.0229  0.0229
  0.0233  0.0232  0.0231  0.0231  0.0232  0.0230  0.0232  0.0235  0.0231  0.0232  0.0231  0.0231
  0.0238  0.0236  0.0234  0.0237  0.0238  0.0236  0.0236  0.0242  0.0235  0.0236  0.0233  0.0233
niter,ni,del,rscale     3    3    5.0000    0.6000
parameters
    0.0095   30.9297   -0.2281   -8.5960  -19.2640  -21.4358
    4.1656   -7.7631   -1.8536   10.4577   10.1158   -5.9651
eta,q 0.97716  8.79133
  0.0235  0.0234  0.0232  0.0235  0.0235  0.0233  0.0234  0.0238  0.0233  0.0234  0.0232  0.0232
  0.0232  0.0231  0.0230  0.0232  0.0232  0.0231  0.0231  0.0233  0.0231  0.0231  0.0230  0.0230
  0.0229  0.0229  0.0229  0.0230  0.0230  0.0229  0.0229  0.0229  0.0229  0.0229  0.0229  0.0229
  0.0229  0.0229  0.0229  0.0229  0.0228  0.0228  0.0228  0.0228  0.0228  0.0228  0.0228  0.0228
  0.0229  0.0229  0.0229  0.0229  0.0229  0.0228  0.0229  0.0230  0.0229  0.0229  0.0229  0.0229
  0.0232  0.0231  0.0230  0.0231  0.0231  0.0229  0.0231  0.0233  0.0231  0.0231  0.0230  0.0230
  0.0235  0.0234  0.0232  0.0235  0.0235  0.0233  0.0234  0.0238  0.0233  0.0234  0.0232  0.0232
niter,ni,del,rscale     2    3    5.0000    0.5000
parameters
    0.0111   30.9146   -0.2186   -8.4915  -19.1701  -21.2896
    4.1715   -7.7756   -1.8756   10.4624   10.1577   -5.9628
eta,q 0.97717  8.80517
  0.0233  0.0232  0.0231  0.0233  0.0234  0.0231  0.0232  0.0235  0.0232  0.0232  0.0231  0.0231
  0.0230  0.0230  0.0230  0.0231  0.0231  0.0230  0.0230  0.0231  0.0230  0.0230  0.0229  0.0229
  0.0229  0.0229  0.0229  0.0229  0.0229  0.0229  0.0229  0.0229  0.0229  0.0229  0.0229  0.0229
  0.0228  0.0228  0.0228  0.0228  0.0228  0.0228  0.0228  0.0228  0.0228  0.0228  0.0228  0.0228
  0.0229  0.0229  0.0229  0.0228  0.0229  0.0228  0.0229  0.0229  0.0229  0.0229  0.0229  0.0229
  0.0230  0.0230  0.0230  0.0230  0.0230  0.0229  0.0230  0.0232  0.0230  0.0230  0.0229  0.0229
  0.0233  0.0232  0.0231  0.0233  0.0233  0.0231  0.0232  0.0235  0.0232  0.0232  0.0231  0.0231
niter,ni,del,rscale     1    3    5.0000    0.4000
parameters
    0.0074   30.8957   -0.1901   -8.4020  -19.0971  -21.0942
    4.1648   -7.8144   -1.9009   10.4470   10.2016   -5.9650
eta,q 0.97718  8.81976
  0.0231  0.0231  0.0230  0.0231  0.0232  0.0230  0.0231  0.0233  0.0230  0.0231  0.0230  0.0230
  0.0230  0.0229  0.0229  0.0230  0.0230  0.0229  0.0229  0.0230  0.0229  0.0229  0.0229  0.0229
  0.0229  0.0229  0.0229  0.0229  0.0229  0.0229  0.0228  0.0229  0.0228  0.0228  0.0228  0.0228
  0.0228  0.0228  0.0228  0.0228  0.0228  0.0228  0.0228  0.0228  0.0228  0.0228  0.0228  0.0228
  0.0229  0.0229  0.0228  0.0228  0.0228  0.0228  0.0228  0.0229  0.0228  0.0229  0.0228  0.0228
  0.0230  0.0230  0.0229  0.0229  0.0230  0.0228  0.0229  0.0230  0.0229  0.0229  0.0229  0.0229
  0.0231  0.0231  0.0230  0.0231  0.0232  0.0230  0.0231  0.0233  0.0230  0.0231  0.0230  0.0230
registration optimization eta report
parameter search radius
    0.8000    0.8000    0.8000    2.4000    2.4000    2.4000
    2.4000    2.4000    2.4000    2.4000    2.4000    2.4000
100000*second partial in parameter space
       47.       40.       25.        5.        6.        3.
        4.        8.        4.        5.        3.        3.
  0.0231  0.0231  0.0230  0.0231  0.0232  0.0230  0.0231  0.0233  0.0230  0.0231  0.0230  0.0230
  0.0230  0.0229  0.0229  0.0230  0.0230  0.0229  0.0229  0.0230  0.0229  0.0229  0.0229  0.0229
  0.0229  0.0229  0.0229  0.0229  0.0229  0.0229  0.0228  0.0229  0.0228  0.0228  0.0228  0.0228
  0.0228  0.0228  0.0228  0.0228  0.0228  0.0228  0.0228  0.0228  0.0228  0.0228  0.0228  0.0228
  0.0229  0.0229  0.0228  0.0228  0.0228  0.0228  0.0228  0.0229  0.0228  0.0229  0.0228  0.0228
  0.0230  0.0230  0.0229  0.0229  0.0230  0.0228  0.0229  0.0230  0.0229  0.0229  0.0229  0.0229
  0.0231  0.0231  0.0230  0.0231  0.0232  0.0230  0.0231  0.0233  0.0230  0.0231  0.0230  0.0230
    0.0074   30.8957   -0.1901   -8.4020  -19.0971  -21.0942
    4.1648   -7.8144   -1.9009   10.4470   10.2016   -5.9650
eta,q 0.97718  8.81976

---------------------------------------------------------------------
compute_vox2vox talsrcimg talsrcimg_to_711-2C_as_mni_average_305_t4 /opt/freesurfer/average/711-2C_as_mni_average_305
---------------------------------------------------------------------

freesurfer compute_vox2vox.c
Reading: talsrcimg.4dfp.ifh
Reading: talsrcimg_to_711-2C_as_mni_average_305_t4
Reading: /opt/freesurfer/average/711-2C_as_mni_average_305.4dfp.ifh
Writing: talsrcimg_to_711-2C_as_mni_average_305_t4_vox2vox.txt

start time Sun Mar 15 08:15:23 CET 2026
end		time Sun Mar 15 08:16:52 CET 2026

mpr2mni305 success

avi2talxfm orig_nu.mgz /opt/freesurfer/average/mni305.cor.mgz talsrcimg_to_711-2C_as_mni_average_305_t4_vox2vox.txt transforms/talairach.auto.xfm
avi2talxfm done
mv -f /out/sourcedata/freesurfer/sub-v2s10x28980_ses-1/mri/talsrcimg_to_711-2C_as_mni_average_305_t4_vox2vox.txt /out/sourcedata/freesurfer/sub-v2s10x28980_ses-1/mri/transforms/talsrcimg_to_711-2C_as_mni_average_305_t4_vox2vox.txt
lta_convert --src orig_nu.mgz --trg /opt/freesurfer/average/mni305.cor.mgz --inxfm transforms/talairach.auto.xfm --outlta transforms/talairach.auto.xfm.lta --subject fsaverage
7.3.2

--src: orig_nu.mgz src image (geometry).
--trg: /opt/freesurfer/average/mni305.cor.mgz trg image (geometry).
--inmni: transforms/talairach.auto.xfm input MNI/XFM transform.
--outlta: transforms/talairach.auto.xfm.lta output LTA.
--s: fsaverage subject name
 LTA read, type : 1
 1.07816   0.11302  -0.04717   2.01358;
-0.13615   1.24081   0.09849  -15.06775;
 0.04291  -0.15757   1.22222  -21.84314;
 0.00000   0.00000   0.00000   1.00000;
setting subject to fsaverage
Writing  LTA to file transforms/talairach.auto.xfm.lta...
lta_convert successful.
 
 
Started at Sun Mar 15 08:15:23 CET 2026
Ended   at Sun Mar 15 08:16:52 CET 2026
talairach_avi done
