status file for recon-all
Sun Mar 15 12:48:28 CET 2026
#@# Tessellate rh Sun Mar 15 12:48:28 CET 2026
#@# Smooth1 rh Sun Mar 15 12:48:30 CET 2026
#@# Inflation1 rh Sun Mar 15 12:48:32 CET 2026
#@# QSphere rh Sun Mar 15 12:48:39 CET 2026
#@# Fix Topology rh Sun Mar 15 12:49:26 CET 2026
#@# Smooth2 rh Sun Mar 15 12:52:51 CET 2026
#@# Inflation2 rh Sun Mar 15 12:52:53 CET 2026
#@# Curv .H and .K rh Sun Mar 15 12:53:01 CET 2026
#@# Sphere rh Sun Mar 15 12:53:37 CET 2026
#@# Surf Reg rh Sun Mar 15 12:54:57 CET 2026
#@# Jacobian white rh Sun Mar 15 12:57:18 CET 2026
#@# AvgCurv rh Sun Mar 15 12:57:18 CET 2026
#@# Cortical Parc rh Sun Mar 15 12:57:19 CET 2026
#@# white curv rh Sun Mar 15 13:02:04 CET 2026
#@# white area rh Sun Mar 15 13:02:05 CET 2026
#@# pial curv rh Sun Mar 15 13:02:06 CET 2026
#@# pial area rh Sun Mar 15 13:02:07 CET 2026
#@# thickness rh Sun Mar 15 13:02:07 CET 2026
#@# area and vertex vol rh Sun Mar 15 13:02:25 CET 2026
#@# Curvature Stats rh Sun Mar 15 13:02:26 CET 2026
#@# Cortical Parc 2 rh Sun Mar 15 13:02:28 CET 2026
#@# Cortical Parc 3 rh Sun Mar 15 13:02:37 CET 2026
#@# WM/GM Contrast rh Sun Mar 15 13:02:44 CET 2026
recon-all -s sub-v2s10x30156_ses-1 finished without error at Sun Mar 15 13:02:46 CET 2026



#New# invocation of recon-all 



status file for recon-all
Sun Mar 15 13:08:46 CET 2026
#@# white curv rh Sun Mar 15 13:08:46 CET 2026
#@# white area rh Sun Mar 15 13:08:46 CET 2026
#@# pial curv rh Sun Mar 15 13:08:46 CET 2026
#@# pial area rh Sun Mar 15 13:08:46 CET 2026
#@# thickness rh Sun Mar 15 13:08:46 CET 2026
#@# area and vertex vol rh Sun Mar 15 13:08:46 CET 2026
#@# Parcellation Stats rh Sun Mar 15 13:08:46 CET 2026
#@# Parcellation Stats 2 rh Sun Mar 15 13:09:00 CET 2026
#@# Parcellation Stats 3 rh Sun Mar 15 13:09:07 CET 2026
#@# BA_exvivo Labels rh Sun Mar 15 13:09:14 CET 2026
recon-all -s sub-v2s10x30156_ses-1 finished without error at Sun Mar 15 13:11:00 CET 2026
