status file for recon-all
Sun Mar 15 12:32:40 CET 2026
#@# Tessellate lh Sun Mar 15 12:32:40 CET 2026
#@# Smooth1 lh Sun Mar 15 12:32:42 CET 2026
#@# Inflation1 lh Sun Mar 15 12:32:44 CET 2026
#@# QSphere lh Sun Mar 15 12:32:52 CET 2026
#@# Fix Topology lh Sun Mar 15 12:33:31 CET 2026
#@# Smooth2 lh Sun Mar 15 12:37:37 CET 2026
#@# Inflation2 lh Sun Mar 15 12:37:39 CET 2026
#@# Curv .H and .K lh Sun Mar 15 12:37:46 CET 2026
#@# Sphere lh Sun Mar 15 12:38:22 CET 2026
#@# Surf Reg lh Sun Mar 15 12:40:26 CET 2026
#@# Jacobian white lh Sun Mar 15 12:42:53 CET 2026
#@# AvgCurv lh Sun Mar 15 12:42:53 CET 2026
#@# Cortical Parc lh Sun Mar 15 12:42:54 CET 2026
#@# white curv lh Sun Mar 15 12:47:43 CET 2026
#@# white area lh Sun Mar 15 12:47:44 CET 2026
#@# pial curv lh Sun Mar 15 12:47:45 CET 2026
#@# pial area lh Sun Mar 15 12:47:46 CET 2026
#@# thickness lh Sun Mar 15 12:47:46 CET 2026
#@# area and vertex vol lh Sun Mar 15 12:48:04 CET 2026
#@# Curvature Stats lh Sun Mar 15 12:48:05 CET 2026
#@# Cortical Parc 2 lh Sun Mar 15 12:48:07 CET 2026
#@# Cortical Parc 3 lh Sun Mar 15 12:48:16 CET 2026
#@# WM/GM Contrast lh Sun Mar 15 12:48:23 CET 2026
recon-all -s sub-v2s10x30156_ses-1 finished without error at Sun Mar 15 12:48:25 CET 2026



#New# invocation of recon-all 



status file for recon-all
Sun Mar 15 13:06:30 CET 2026
#@# white curv lh Sun Mar 15 13:06:30 CET 2026
#@# white area lh Sun Mar 15 13:06:30 CET 2026
#@# pial curv lh Sun Mar 15 13:06:30 CET 2026
#@# pial area lh Sun Mar 15 13:06:30 CET 2026
#@# thickness lh Sun Mar 15 13:06:30 CET 2026
#@# area and vertex vol lh Sun Mar 15 13:06:30 CET 2026
#@# Parcellation Stats lh Sun Mar 15 13:06:30 CET 2026
#@# Parcellation Stats 2 lh Sun Mar 15 13:06:44 CET 2026
#@# Parcellation Stats 3 lh Sun Mar 15 13:06:51 CET 2026
#@# BA_exvivo Labels lh Sun Mar 15 13:06:58 CET 2026
recon-all -s sub-v2s10x30156_ses-1 finished without error at Sun Mar 15 13:08:44 CET 2026
