/out/sourcedata/freesurfer/sub-v2s10x28957_ses-1/mri
/opt/freesurfer/bin/talairach_avi
--i orig_nu.mgz --xfm transforms/talairach.auto.xfm
talairach_avi 7.3.2
Linux dna081 5.14.0-427.37.1.el9_4.x86_64 #1 SMP PREEMPT_DYNAMIC Fri Sep 13 12:41:50 EDT 2024 x86_64 x86_64 x86_64 GNU/Linux
Sun Mar 15 08:14:11 CET 2026
mri_convert orig_nu.mgz talsrcimg.img 
reading from orig_nu.mgz...
TR=0.00, TE=0.00, TI=0.00, flip angle=0.00
i_ras = (-1, 4.12365e-09, -1.86265e-09)
j_ras = (1.86265e-09, 0, -1)
k_ras = (-4.12365e-09, 1, 5.82077e-11)
writing to talsrcimg.img...
Analyze Output Matrix
-1.00000   0.00000  -0.00000   130.99158;
 0.00000   0.00000   1.00000  -109.87136;
-0.00000  -1.00000   0.00000   95.29961;
 0.00000   0.00000   0.00000   1.00000;
--------------------
INFO: set hdr.hist.orient to -1
mpr2mni305 talsrcimg
Sun Mar 15 08:14:12 CET 2026
/opt/freesurfer/bin/mpr2mni305 talsrcimg
mpr2mni305 7.3.2
target=711-2C_as_mni_average_305

---------------------------------------------------------------------
analyzeto4dfp talsrcimg -O0 -y
---------------------------------------------------------------------

freesurfer ifh2hdr.c
Sun Mar 15 08:14:12 2026
Writing: talsrcimg.4dfp.hdr
freesurfer analyzeto4dfp.c
Reading: talsrcimg.hdr
header size 348 bytes
hdr.dime.datatype	offset=70	value=2
hdr.dime.bitpix		offset=72	value=8
hdr.hist.orient		offset=252	value=-1
dimensionality     4
dimensions       256       256       256         1
Reading: talsrcimg.img
Writing: talsrcimg.4dfp.img
Writing: talsrcimg.4dfp.ifh
ifh2hdr talsrcimg -r0to221
ori=2

---------------------------------------------------------------------
gauss_4dfp talsrcimg 1.1
---------------------------------------------------------------------

freesurfer gauss_4dfp.c
Reading: talsrcimg.4dfp.img
Writing: talsrcimg_g11.4dfp.img
image dimensions 256 256 256 padded to 288 288 288
processing volume 1freesurfer ifh2hdr.c
Sun Mar 15 08:14:13 2026
Writing: talsrcimg_g11.4dfp.hdr

Writing: talsrcimg_g11.4dfp.ifh
including: talsrcimg.4dfp.img.rec in talsrcimg_g11.4dfp.img.rec

---------------------------------------------------------------------
imgreg_4dfp /opt/freesurfer/average/711-2C_as_mni_average_305 none talsrcimg_g11 none talsrcimg_to_711-2C_as_mni_average_305_t4 4355
---------------------------------------------------------------------

freesurfer imgreg_4dfp.c
/opt/freesurfer/average/711-2C_as_mni_average_305.4dfp.img
       256       256       256         1
  1.000000  1.000000  1.000000
orientation T byte_order littleendian
Reading image: /opt/freesurfer/average/711-2C_as_mni_average_305.4dfp.img
dimensions:      256       256       256
mmppix:       1.0000   -1.0000   -1.0000
center:     128.0000 -129.0000 -129.0000
talsrcimg_g11.4dfp.img
       256       256       256         1
  1.000000  1.000000  1.000000
orientation T byte_order littleendian
Reading image: talsrcimg_g11.4dfp.img
dimensions:      256       256       256
mmppix:       1.0000   -1.0000   -1.0000
center:     128.0000 -129.0000 -129.0000
t4_read: open error in t4_sub.f l:  41 t4_file(1:l)talsrcimg_to_711-2C_as_mni_average_305_t4 
t4_read: transform initialized to I4
rotation matrix determinant  1.000000
image alignment mode   4355 decimal     1103 hex
   -7.5000  -45.0000  -45.0000 6650.3149   14.7020
    0.0000  -45.0000  -45.0000 6977.3643   14.6859
    7.5000  -45.0000  -45.0000 6676.9272   14.6754
   -7.5000  -37.5000  -45.0000 7324.8989   14.4510
    0.0000  -37.5000  -45.0000 7696.4609   14.4300
    7.5000  -37.5000  -45.0000 7350.7441   14.4179
   -7.5000  -30.0000  -45.0000 8324.2432   14.2794
    0.0000  -30.0000  -45.0000 8752.5713   14.2570
    7.5000  -30.0000  -45.0000 8356.2959   14.2417
   -7.5000  -22.5000  -45.0000 9352.2285   14.2268
    0.0000  -22.5000  -45.0000 9836.5391   14.2073
    7.5000  -22.5000  -45.0000 9400.2588   14.1901
   -7.5000  -15.0000  -45.000010337.2734   14.1853
    0.0000  -15.0000  -45.000010871.2510   14.1701
    7.5000  -15.0000  -45.000010387.2188   14.1546
   -7.5000   -7.5000  -45.000011274.2881   14.1542
    0.0000   -7.5000  -45.000011861.8623   14.1406
    7.5000   -7.5000  -45.000011312.3584   14.1285
   -7.5000    0.0000  -45.000012159.9121   14.1453
    0.0000    0.0000  -45.000012782.7764   14.1289
    7.5000    0.0000  -45.000012166.2773   14.1187
   -7.5000    7.5000  -45.000012093.2100   14.1451
    0.0000    7.5000  -45.000012709.4189   14.1241
    7.5000    7.5000  -45.000012083.6875   14.1123
   -7.5000   15.0000  -45.000011904.9805   14.1480
    0.0000   15.0000  -45.000012514.5283   14.1255
    7.5000   15.0000  -45.000011878.0947   14.1103
   -7.5000   22.5000  -45.000011632.6670   14.1506
    0.0000   22.5000  -45.000012202.4287   14.1310
    7.5000   22.5000  -45.000011595.2568   14.1139
   -7.5000   30.0000  -45.000011233.2344   13.9657
    0.0000   30.0000  -45.000011789.5869   13.9506
    7.5000   30.0000  -45.000011213.0488   13.9354
   -7.5000   37.5000  -45.000011112.9785   13.9604
    0.0000   37.5000  -45.000011678.7158   13.9470
    7.5000   37.5000  -45.000011079.0361   13.9351
   -7.5000   45.0000  -45.000010556.5273   13.6024
    0.0000   45.0000  -45.000011096.2666   13.5867
    7.5000   45.0000  -45.000010508.3682   13.5768
   -7.5000  -45.0000  -37.5000 6919.5400   14.7004
    0.0000  -45.0000  -37.5000 7271.2734   14.6909
    7.5000  -45.0000  -37.5000 6954.1250   14.6824
   -7.5000  -37.5000  -37.5000 7648.9824   14.4561
    0.0000  -37.5000  -37.5000 8052.5796   14.4411
    7.5000  -37.5000  -37.5000 7681.0864   14.4303
   -7.5000  -30.0000  -37.5000 8717.0566   14.2917
    0.0000  -30.0000  -37.5000 9182.0576   14.2761
    7.5000  -30.0000  -37.5000 8750.9326   14.2597
   -7.5000  -22.5000  -37.5000 9813.6611   14.2398
    0.0000  -22.5000  -37.500010319.1699   14.2286
    7.5000  -22.5000  -37.5000 9850.2578   14.2082
   -7.5000  -15.0000  -37.500010861.3955   14.1929
    0.0000  -15.0000  -37.500011395.4434   14.1867
    7.5000  -15.0000  -37.500010872.3877   14.1681
   -7.5000   -7.5000  -37.500011809.9355   14.1544
    0.0000   -7.5000  -37.500012384.4004   14.1487
    7.5000   -7.5000  -37.500011818.2959   14.1363
   -7.5000    0.0000  -37.500012696.9912   14.1437
    0.0000    0.0000  -37.500013323.7598   14.1336
    7.5000    0.0000  -37.500012697.7236   14.1251
   -7.5000    7.5000  -37.500012638.2510   14.1499
    0.0000    7.5000  -37.500013265.2285   14.1348
    7.5000    7.5000  -37.500012627.3877   14.1243
   -7.5000   15.0000  -37.500012418.9512   14.1602
    0.0000   15.0000  -37.500013021.8457   14.1443
    7.5000   15.0000  -37.500012398.2207   14.1281
   -7.5000   22.5000  -37.500012153.6221   14.1633
    0.0000   22.5000  -37.500012732.2256   14.1519
    7.5000   22.5000  -37.500012103.2363   14.1317
   -7.5000   30.0000  -37.500011735.8184   13.9730
    0.0000   30.0000  -37.500012293.4805   13.9667
    7.5000   30.0000  -37.500011686.9277   13.9485
   -7.5000   37.5000  -37.500011595.4053   13.9607
    0.0000   37.5000  -37.500012170.7500   13.9550
    7.5000   37.5000  -37.500011532.4648   13.9428
   -7.5000   45.0000  -37.500010986.5244   13.6008
    0.0000   45.0000  -37.500011514.0996   13.5912
    7.5000   45.0000  -37.500010896.8447   13.5830
   -7.5000  -45.0000  -30.0000 7320.0635   15.3209
    0.0000  -45.0000  -30.0000 7693.9038   15.3141
    7.5000  -45.0000  -30.0000 7341.4106   15.3043
   -7.5000  -37.5000  -30.0000 8109.4829   15.0726
    0.0000  -37.5000  -30.0000 8529.1797   15.0612
    7.5000  -37.5000  -30.0000 8142.1982   15.0489
   -7.5000  -30.0000  -30.0000 9274.0674   14.9112
    0.0000  -30.0000  -30.0000 9726.4893   14.9006
    7.5000  -30.0000  -30.0000 9298.4326   14.8809
   -7.5000  -22.5000  -30.000010436.7197   14.8603
    0.0000  -22.5000  -30.000010948.7607   14.8548
    7.5000  -22.5000  -30.000010458.8555   14.8291
   -7.5000  -15.0000  -30.000011527.0566   14.8065
    0.0000  -15.0000  -30.000012081.0537   14.8056
    7.5000  -15.0000  -30.000011539.8389   14.7814
   -7.5000   -7.5000  -30.000012522.9570   14.7569
    0.0000   -7.5000  -30.000013123.0186   14.7549
    7.5000   -7.5000  -30.000012537.0088   14.7390
   -7.5000    0.0000  -30.000013432.6953   14.7406
    0.0000    0.0000  -30.000014078.2646   14.7331
    7.5000    0.0000  -30.000013417.5088   14.7231
   -7.5000    7.5000  -30.000013348.4424   14.7531
    0.0000    7.5000  -30.000013982.3721   14.7415
    7.5000    7.5000  -30.000013316.9600   14.7295
   -7.5000   15.0000  -30.000013105.8301   14.7738
    0.0000   15.0000  -30.000013737.2168   14.7629
    7.5000   15.0000  -30.000013057.0010   14.7434
   -7.5000   22.5000  -30.000012808.7314   14.7789
    0.0000   22.5000  -30.000013418.3916   14.7731
    7.5000   22.5000  -30.000012746.5088   14.7476
   -7.5000   30.0000  -30.000012371.7012   14.5783
    0.0000   30.0000  -30.000012977.8115   14.5772
    7.5000   30.0000  -30.000012302.8027   14.5535
   -7.5000   37.5000  -30.000012235.4229   14.5562
    0.0000   37.5000  -30.000012834.4639   14.5543
    7.5000   37.5000  -30.000012148.2422   14.5386
   -7.5000   45.0000  -30.000011557.6553   14.1853
    0.0000   45.0000  -30.000012123.8467   14.1781
    7.5000   45.0000  -30.000011467.7607   14.1685
   -7.5000  -45.0000  -22.5000 7720.8311   15.8533
    0.0000  -45.0000  -22.5000 8104.0234   15.8410
    7.5000  -45.0000  -22.5000 7732.5317   15.8273
   -7.5000  -37.5000  -22.5000 8583.6152   15.5956
    0.0000  -37.5000  -22.5000 9011.3408   15.5807
    7.5000  -37.5000  -22.5000 8589.8887   15.5650
   -7.5000  -30.0000  -22.5000 9792.0566   15.4311
    0.0000  -30.0000  -22.500010269.9551   15.4183
    7.5000  -30.0000  -22.5000 9806.8291   15.3961
   -7.5000  -22.5000  -22.500010989.5928   15.3808
    0.0000  -22.5000  -22.500011525.5107   15.3724
    7.5000  -22.5000  -22.500011024.0234   15.3448
   -7.5000  -15.0000  -22.500012118.8516   15.3260
    0.0000  -15.0000  -22.500012714.4941   15.3204
    7.5000  -15.0000  -22.500012170.6025   15.2944
   -7.5000   -7.5000  -22.500013188.0693   15.2730
    0.0000   -7.5000  -22.500013812.5664   15.2653
    7.5000   -7.5000  -22.500013232.9668   15.2462
   -7.5000    0.0000  -22.500014127.3535   15.2530
    0.0000    0.0000  -22.500014784.0186   15.2402
    7.5000    0.0000  -22.500014124.3340   15.2263
   -7.5000    7.5000  -22.500013983.2266   15.2650
    0.0000    7.5000  -22.500014633.0527   15.2498
    7.5000    7.5000  -22.500013941.2070   15.2345
   -7.5000   15.0000  -22.500013707.0381   15.2887
    0.0000   15.0000  -22.500014357.2305   15.2755
    7.5000   15.0000  -22.500013641.3730   15.2537
   -7.5000   22.5000  -22.500013375.5693   15.2956
    0.0000   22.5000  -22.500014021.7832   15.2868
    7.5000   22.5000  -22.500013311.9746   15.2596
   -7.5000   30.0000  -22.500012950.4541   15.0922
    0.0000   30.0000  -22.500013589.5439   15.0865
    7.5000   30.0000  -22.500012871.0186   15.0609
   -7.5000   37.5000  -22.500012801.8545   15.0676
    0.0000   37.5000  -22.500013445.6367   15.0599
    7.5000   37.5000  -22.500012718.9785   15.0412
   -7.5000   45.0000  -22.500012076.3633   14.6894
    0.0000   45.0000  -22.500012681.0576   14.6770
    7.5000   45.0000  -22.500011995.0176   14.6637
   -7.5000  -45.0000  -15.0000 8095.7705   16.2355
    0.0000  -45.0000  -15.0000 8511.6406   16.2148
    7.5000  -45.0000  -15.0000 8106.3877   16.1983
   -7.5000  -37.5000  -15.0000 9012.3564   15.9650
    0.0000  -37.5000  -15.0000 9467.1797   15.9433
    7.5000  -37.5000  -15.0000 9022.8096   15.9252
   -7.5000  -30.0000  -15.000010255.5967   15.7895
    0.0000  -30.0000  -15.000010744.0713   15.7694
    7.5000  -30.0000  -15.000010283.7881   15.7474
   -7.5000  -22.5000  -15.000011539.9912   15.7372
    0.0000  -22.5000  -15.000012082.1533   15.7197
    7.5000  -22.5000  -15.000011583.0566   15.6946
   -7.5000  -15.0000  -15.000012730.5195   15.6863
    0.0000  -15.0000  -15.000013331.0654   15.6704
    7.5000  -15.0000  -15.000012775.6377   15.6468
   -7.5000   -7.5000  -15.000013841.6006   15.6395
    0.0000   -7.5000  -15.000014490.3018   15.6220
    7.5000   -7.5000  -15.000013871.3174   15.6027
   -7.5000    0.0000  -15.000014837.7373   15.6210
    0.0000    0.0000  -15.000015546.5430   15.6001
    7.5000    0.0000  -15.000014839.7324   15.5837
   -7.5000    7.5000  -15.000014663.7998   15.6268
    0.0000    7.5000  -15.000015367.9990   15.6049
    7.5000    7.5000  -15.000014623.0742   15.5873
   -7.5000   15.0000  -15.000014314.1025   15.6438
    0.0000   15.0000  -15.000015001.7363   15.6234
    7.5000   15.0000  -15.000014241.2705   15.6017
   -7.5000   22.5000  -15.000013969.0674   15.6494
    0.0000   22.5000  -15.000014629.1162   15.6318
    7.5000   22.5000  -15.000013886.4893   15.6069
   -7.5000   30.0000  -15.000013544.1807   15.4493
    0.0000   30.0000  -15.000014206.8066   15.4335
    7.5000   30.0000  -15.000013461.6035   15.4104
   -7.5000   37.5000  -15.000013398.3096   15.4313
    0.0000   37.5000  -15.000014055.8711   15.4139
    7.5000   37.5000  -15.000013308.2998   15.3950
   -7.5000   45.0000  -15.000012622.9893   15.0529
    0.0000   45.0000  -15.000013256.9453   15.0327
    7.5000   45.0000  -15.000012517.1289   15.0169
   -7.5000  -45.0000   -7.5000 8462.2900   16.4215
    0.0000  -45.0000   -7.5000 8886.0371   16.3988
    7.5000  -45.0000   -7.5000 8476.9883   16.3836
   -7.5000  -37.5000   -7.5000 9431.3076   16.1414
    0.0000  -37.5000   -7.5000 9902.5811   16.1159
    7.5000  -37.5000   -7.5000 9448.6699   16.0995
   -7.5000  -30.0000   -7.500010750.1553   15.9534
    0.0000  -30.0000   -7.500011262.1055   15.9275
    7.5000  -30.0000   -7.500010769.4346   15.9083
   -7.5000  -22.5000   -7.500012097.4512   15.8973
    0.0000  -22.5000   -7.500012691.0869   15.8733
    7.5000  -22.5000   -7.500012140.7422   15.8523
   -7.5000  -15.0000   -7.500013327.3320   15.8510
    0.0000  -15.0000   -7.500013987.9346   15.8296
    7.5000  -15.0000   -7.500013364.6162   15.8102
   -7.5000   -7.5000   -7.500014434.4170   15.8135
    0.0000   -7.5000   -7.500015130.2197   15.7928
    7.5000   -7.5000   -7.500014463.4131   15.7764
   -7.5000    0.0000   -7.500015497.5635   15.8000
    0.0000    0.0000   -7.500016289.5957   15.7772
    7.5000    0.0000   -7.500015515.3740   15.7622
   -7.5000    7.5000   -7.500015395.8818   15.7996
    0.0000    7.5000   -7.500016212.2529   15.7741
    7.5000    7.5000   -7.500015392.9463   15.7582
   -7.5000   15.0000   -7.500015089.5234   15.8065
    0.0000   15.0000   -7.500015833.3018   15.7804
    7.5000   15.0000   -7.500015032.2676   15.7614
   -7.5000   22.5000   -7.500014721.7578   15.8071
    0.0000   22.5000   -7.500015390.6426   15.7829
    7.5000   22.5000   -7.500014630.8652   15.7621
   -7.5000   30.0000   -7.500014233.1875   15.6113
    0.0000   30.0000   -7.500014883.3682   15.5901
    7.5000   30.0000   -7.500014134.6387   15.5711
   -7.5000   37.5000   -7.500014090.4111   15.6025
    0.0000   37.5000   -7.500014740.9678   15.5821
    7.5000   37.5000   -7.500013940.8311   15.5659
   -7.5000   45.0000   -7.500013270.0283   15.2282
    0.0000   45.0000   -7.500013921.3242   15.2062
    7.5000   45.0000   -7.500013088.8643   15.1918
   -7.5000  -45.0000    0.0000 8725.0840   16.4515
    0.0000  -45.0000    0.0000 9155.6094   16.4335
    7.5000  -45.0000    0.0000 8739.2471   16.4218
   -7.5000  -37.5000    0.0000 9755.4590   16.1707
    0.0000  -37.5000    0.000010250.3350   16.1472
    7.5000  -37.5000    0.0000 9775.9580   16.1337
   -7.5000  -30.0000    0.000011162.7803   15.9788
    0.0000  -30.0000    0.000011707.9268   15.9537
    7.5000  -30.0000    0.000011177.8711   15.9366
   -7.5000  -22.5000    0.000012587.4512   15.9199
    0.0000  -22.5000    0.000013204.9980   15.8981
    7.5000  -22.5000    0.000012618.0576   15.8789
   -7.5000  -15.0000    0.000013850.7354   15.8735
    0.0000  -15.0000    0.000014529.7461   15.8565
    7.5000  -15.0000    0.000013884.0889   15.8391
   -7.5000   -7.5000    0.000014961.0361   15.8386
    0.0000   -7.5000    0.000015634.0020   15.8234
    7.5000   -7.5000    0.000014981.3232   15.8099
   -7.5000    0.0000    0.000016031.9971   15.8286
    0.0000    0.0000    0.000016803.2910   15.8103
    7.5000    0.0000    0.000016056.8965   15.7988
   -7.5000    7.5000    0.000015964.9668   15.8284
    0.0000    7.5000    0.000016885.0078   15.8049
    7.5000    7.5000    0.000015976.3691   15.7918
   -7.5000   15.0000    0.000015713.9619   15.8318
    0.0000   15.0000    0.000016614.3184   15.8066
    7.5000   15.0000    0.000015690.2744   15.7896
   -7.5000   22.5000    0.000015330.8232   15.8296
    0.0000   22.5000    0.000016140.9727   15.8076
    7.5000   22.5000    0.000015277.7109   15.7885
   -7.5000   30.0000    0.000014784.6035   15.6338
    0.0000   30.0000    0.000015536.8086   15.6170
    7.5000   30.0000    0.000014704.0166   15.5999
   -7.5000   37.5000    0.000014599.9902   15.6278
    0.0000   37.5000    0.000015313.7334   15.6128
    7.5000   37.5000    0.000014442.8340   15.5995
   -7.5000   45.0000    0.000013725.5186   15.2570
    0.0000   45.0000    0.000014394.0195   15.2393
    7.5000   45.0000    0.000013535.0195   15.2282
   -7.5000  -45.0000    7.5000 8320.0498   16.4502
    0.0000  -45.0000    7.5000 8732.2744   16.4395
    7.5000  -45.0000    7.5000 8317.8164   16.4300
   -7.5000  -37.5000    7.5000 9311.5938   16.1768
    0.0000  -37.5000    7.5000 9772.7666   16.1600
    7.5000  -37.5000    7.5000 9310.6963   16.1479
   -7.5000  -30.0000    7.500010671.5518   15.9927
    0.0000  -30.0000    7.500011199.0596   15.9753
    7.5000  -30.0000    7.500010684.2100   15.9570
   -7.5000  -22.5000    7.500012025.4609   15.9347
    0.0000  -22.5000    7.500012629.8125   15.9222
    7.5000  -22.5000    7.500012071.1494   15.8993
   -7.5000  -15.0000    7.500013270.8027   15.8822
    0.0000  -15.0000    7.500013935.7930   15.8753
    7.5000  -15.0000    7.500013296.8164   15.8545
   -7.5000   -7.5000    7.500014362.5156   15.8392
    0.0000   -7.5000    7.500015027.8389   15.8328
    7.5000   -7.5000    7.500014367.4443   15.8189
   -7.5000    0.0000    7.500015389.3096   15.8271
    0.0000    0.0000    7.500016126.4805   15.8159
    7.5000    0.0000    7.500015389.0107   15.8064
   -7.5000    7.5000    7.500015335.3057   15.8341
    0.0000    7.5000    7.500016183.5557   15.8172
    7.5000    7.5000    7.500015303.9951   15.8055
   -7.5000   15.0000    7.500015054.4180   15.8456
    0.0000   15.0000    7.500015867.3223   15.8279
    7.5000   15.0000    7.500015029.4590   15.8098
   -7.5000   22.5000    7.500014664.6924   15.8440
    0.0000   22.5000    7.500015413.7803   15.8312
    7.5000   22.5000    7.500014651.3018   15.8086
   -7.5000   30.0000    7.500014136.1904   15.6422
    0.0000   30.0000    7.500014860.3086   15.6352
    7.5000   30.0000    7.500014115.9727   15.6148
   -7.5000   37.5000    7.500013974.4453   15.6284
    0.0000   37.5000    7.500014655.6680   15.6221
    7.5000   37.5000    7.500013898.6572   15.6084
   -7.5000   45.0000    7.500013142.9102   15.2555
    0.0000   45.0000    7.500013776.3975   15.2447
    7.5000   45.0000    7.500013048.3887   15.2355
   -7.5000  -45.0000   15.0000 7787.0317   16.4729
    0.0000  -45.0000   15.0000 8172.9082   16.4657
    7.5000  -45.0000   15.0000 7786.0098   16.4550
   -7.5000  -37.5000   15.0000 8751.4834   16.2058
    0.0000  -37.5000   15.0000 9193.0068   16.1936
    7.5000  -37.5000   15.0000 8749.0732   16.1801
   -7.5000  -30.0000   15.000010048.1455   16.0321
    0.0000  -30.0000   15.000010574.8467   16.0208
    7.5000  -30.0000   15.000010052.3281   15.9995
   -7.5000  -22.5000   15.000011324.3623   15.9774
    0.0000  -22.5000   15.000011921.8525   15.9715
    7.5000  -22.5000   15.000011364.1064   15.9437
   -7.5000  -15.0000   15.000012503.1875   15.9194
    0.0000  -15.0000   15.000013145.9102   15.9184
    7.5000  -15.0000   15.000012545.7725   15.8922
   -7.5000   -7.5000   15.000013607.2754   15.8658
    0.0000   -7.5000   15.000014237.8896   15.8637
    7.5000   -7.5000   15.000013628.6338   15.8464
   -7.5000    0.0000   15.000014603.1104   15.8483
    0.0000    0.0000   15.000015305.6797   15.8402
    7.5000    0.0000   15.000014647.7539   15.8294
   -7.5000    7.5000   15.000014547.6016   15.8619
    0.0000    7.5000   15.000015266.1729   15.8494
    7.5000    7.5000   15.000014563.4053   15.8363
   -7.5000   15.0000   15.000014291.2725   15.8842
    0.0000   15.0000   15.000014914.3057   15.8725
    7.5000   15.0000   15.000014272.9990   15.8514
   -7.5000   22.5000   15.000013910.1777   15.8862
    0.0000   22.5000   15.000014472.9844   15.8800
    7.5000   22.5000   15.000013894.6592   15.8524
   -7.5000   30.0000   15.000013385.6318   15.6786
    0.0000   30.0000   15.000013942.8359   15.6774
    7.5000   30.0000   15.000013380.7549   15.6517
   -7.5000   37.5000   15.000013191.6123   15.6547
    0.0000   37.5000   15.000013757.3770   15.6526
    7.5000   37.5000   15.000013190.7695   15.6356
   -7.5000   45.0000   15.000012436.9180   15.2759
    0.0000   45.0000   15.000012983.4639   15.2682
    7.5000   45.0000   15.000012413.4180   15.2577
   -7.5000  -45.0000   22.5000 7184.1763   16.6214
    0.0000  -45.0000   22.5000 7548.7363   16.6086
    7.5000  -45.0000   22.5000 7192.3164   16.5937
   -7.5000  -37.5000   22.5000 8113.5342   16.3484
    0.0000  -37.5000   22.5000 8530.4326   16.3328
    7.5000  -37.5000   22.5000 8107.2598   16.3158
   -7.5000  -30.0000   22.5000 9336.2744   16.1741
    0.0000  -30.0000   22.5000 9827.6895   16.1606
    7.5000  -30.0000   22.5000 9341.1123   16.1368
   -7.5000  -22.5000   22.500010530.8457   16.1209
    0.0000  -22.5000   22.500011081.1641   16.1120
    7.5000  -22.5000   22.500010569.9062   16.0826
   -7.5000  -15.0000   22.500011661.3906   16.0630
    0.0000  -15.0000   22.500012256.3486   16.0572
    7.5000  -15.0000   22.500011697.0420   16.0294
   -7.5000   -7.5000   22.500012713.6973   16.0071
    0.0000   -7.5000   22.500013336.5820   15.9991
    7.5000   -7.5000   22.500012755.2490   15.9786
   -7.5000    0.0000   22.500013676.6768   15.9859
    0.0000    0.0000   22.500014377.8174   15.9726
    7.5000    0.0000   22.500013744.0674   15.9576
   -7.5000    7.5000   22.500013620.0117   15.9985
    0.0000    7.5000   22.500014287.5762   15.9826
    7.5000    7.5000   22.500013656.6768   15.9661
   -7.5000   15.0000   22.500013395.8643   16.0234
    0.0000   15.0000   22.500013967.8076   16.0095
    7.5000   15.0000   22.500013380.7559   15.9861
   -7.5000   22.5000   22.500013047.6865   16.0283
    0.0000   22.5000   22.500013572.4316   16.0191
    7.5000   22.5000   22.500013029.9834   15.9900
   -7.5000   30.0000   22.500012528.2188   15.8198
    0.0000   30.0000   22.500013040.5625   15.8140
    7.5000   30.0000   22.500012526.0938   15.7866
   -7.5000   37.5000   22.500012342.9502   15.7939
    0.0000   37.5000   22.500012860.8252   15.7860
    7.5000   37.5000   22.500012355.8291   15.7659
   -7.5000   45.0000   22.500011663.6025   15.4086
    0.0000   45.0000   22.500012143.2754   15.3957
    7.5000   45.0000   22.500011650.9717   15.3813
   -7.5000  -45.0000   30.0000 6558.4863   16.8201
    0.0000  -45.0000   30.0000 6881.5122   16.7997
    7.5000  -45.0000   30.0000 6549.2490   16.7819
   -7.5000  -37.5000   30.0000 7426.1333   16.5334
    0.0000  -37.5000   30.0000 7807.2939   16.5117
    7.5000  -37.5000   30.0000 7419.5386   16.4922
   -7.5000  -30.0000   30.0000 8542.3018   16.3471
    0.0000  -30.0000   30.0000 8993.5049   16.3270
    7.5000  -30.0000   30.0000 8553.0850   16.3031
   -7.5000  -22.5000   30.0000 9653.4434   16.2915
    0.0000  -22.5000   30.000010168.0234   16.2740
    7.5000  -22.5000   30.0000 9686.4551   16.2470
   -7.5000  -15.0000   30.000010701.5244   16.2379
    0.0000  -15.0000   30.000011260.1689   16.2223
    7.5000  -15.0000   30.000010724.0078   16.1971
   -7.5000   -7.5000   30.000011703.1182   16.1892
    0.0000   -7.5000   30.000012294.1543   16.1721
    7.5000   -7.5000   30.000011722.5938   16.1515
   -7.5000    0.0000   30.000012625.7021   16.1700
    0.0000    0.0000   30.000013283.3428   16.1493
    7.5000    0.0000   30.000012661.7920   16.1317
   -7.5000    7.5000   30.000012598.2441   16.1756
    0.0000    7.5000   30.000013219.9199   16.1538
    7.5000    7.5000   30.000012608.4932   16.1348
   -7.5000   15.0000   30.000012381.2412   16.1930
    0.0000   15.0000   30.000012941.9629   16.1726
    7.5000   15.0000   30.000012360.5156   16.1491
   -7.5000   22.5000   30.000012045.2051   16.1971
    0.0000   22.5000   30.000012570.3027   16.1795
    7.5000   22.5000   30.000012039.9570   16.1527
   -7.5000   30.0000   30.000011554.6201   15.9919
    0.0000   30.0000   30.000012047.1299   15.9764
    7.5000   30.0000   30.000011548.8438   15.9516
   -7.5000   37.5000   30.000011401.2852   15.9735
    0.0000   37.5000   30.000011888.0576   15.9566
    7.5000   37.5000   30.000011407.6660   15.9363
   -7.5000   45.0000   30.000010781.4307   15.5860
    0.0000   45.0000   30.000011252.4873   15.5661
    7.5000   45.0000   30.000010780.2246   15.5491
   -7.5000  -45.0000   37.5000 6186.2422   17.1921
    0.0000  -45.0000   37.5000 6485.9985   17.1702
    7.5000  -45.0000   37.5000 6175.0352   17.1515
   -7.5000  -37.5000   37.5000 7012.8936   16.8855
    0.0000  -37.5000   37.5000 7367.4756   16.8607
    7.5000  -37.5000   37.5000 6998.7524   16.8408
   -7.5000  -30.0000   37.5000 8099.3477   16.6796
    0.0000  -30.0000   37.5000 8518.7334   16.6542
    7.5000  -30.0000   37.5000 8091.7012   16.6312
   -7.5000  -22.5000   37.5000 9157.5791   16.6184
    0.0000  -22.5000   37.5000 9648.6299   16.5947
    7.5000  -22.5000   37.5000 9176.7959   16.5697
   -7.5000  -15.0000   37.500010143.9863   16.5685
    0.0000  -15.0000   37.500010677.1924   16.5476
    7.5000  -15.0000   37.500010169.5625   16.5243
   -7.5000   -7.5000   37.500011101.5986   16.5283
    0.0000   -7.5000   37.500011671.7070   16.5083
    7.5000   -7.5000   37.500011127.8076   16.4884
   -7.5000    0.0000   37.500012022.8359   16.5137
    0.0000    0.0000   37.500012649.0459   16.4916
    7.5000    0.0000   37.500012039.6758   16.4734
   -7.5000    7.5000   37.500012009.7549   16.5126
    0.0000    7.5000   37.500012611.1475   16.4877
    7.5000    7.5000   37.500012021.5811   16.4684
   -7.5000   15.0000   37.500011806.4160   16.5194
    0.0000   15.0000   37.500012371.5010   16.4937
    7.5000   15.0000   37.500011802.9531   16.4711
   -7.5000   22.5000   37.500011476.8525   16.5204
    0.0000   22.5000   37.500012006.9541   16.4966
    7.5000   22.5000   37.500011468.5098   16.4717
   -7.5000   30.0000   37.500011016.6504   16.3168
    0.0000   30.0000   37.500011510.8672   16.2961
    7.5000   30.0000   37.500011021.5273   16.2733
   -7.5000   37.5000   37.500010896.2305   16.3080
    0.0000   37.5000   37.500011384.7959   16.2882
    7.5000   37.5000   37.500010918.6006   16.2686
   -7.5000   45.0000   37.500010332.9795   15.9173
    0.0000   45.0000   37.500010795.1992   15.8960
    7.5000   45.0000   37.500010341.1885   15.8785
   -7.5000  -45.0000   45.0000 5560.9746   17.6212
    0.0000  -45.0000   45.0000 5811.4995   17.6066
    7.5000  -45.0000   45.0000 5539.9771   17.5881
   -7.5000  -37.5000   45.0000 6304.2212   17.2989
    0.0000  -37.5000   45.0000 6610.8521   17.2783
    7.5000  -37.5000   45.0000 6293.2549   17.2580
   -7.5000  -30.0000   45.0000 7305.9209   17.0795
    0.0000  -30.0000   45.0000 7662.6089   17.0571
    7.5000  -30.0000   45.0000 7294.1377   17.0331
   -7.5000  -22.5000   45.0000 8271.3232   17.0139
    0.0000  -22.5000   45.0000 8690.9580   16.9945
    7.5000  -22.5000   45.0000 8278.5459   16.9683
   -7.5000  -15.0000   45.0000 9166.4443   16.9612
    0.0000  -15.0000   45.0000 9646.3906   16.9467
    7.5000  -15.0000   45.0000 9180.9102   16.9226
   -7.5000   -7.5000   45.000010041.1318   16.9196
    0.0000   -7.5000   45.000010578.3730   16.9073
    7.5000   -7.5000   45.000010068.0547   16.8874
   -7.5000    0.0000   45.000010901.6768   16.9059
    0.0000    0.0000   45.000011485.8955   16.8906
    7.5000    0.0000   45.000010917.4434   16.8728
   -7.5000    7.5000   45.000010906.0088   16.9051
    0.0000    7.5000   45.000011468.1631   16.8844
    7.5000    7.5000   45.000010917.6865   16.8649
   -7.5000   15.0000   45.000010738.3945   16.9106
    0.0000   15.0000   45.000011275.4414   16.8879
    7.5000   15.0000   45.000010739.2764   16.8643
   -7.5000   22.5000   45.000010447.3906   16.9106
    0.0000   22.5000   45.000010942.5527   16.8910
    7.5000   22.5000   45.000010441.0273   16.8650
   -7.5000   30.0000   45.000010041.7061   16.7009
    0.0000   30.0000   45.000010510.5088   16.6865
    7.5000   30.0000   45.000010058.0352   16.6628
   -7.5000   37.5000   45.0000 9958.8682   16.6925
    0.0000   37.5000   45.000010415.6582   16.6804
    7.5000   37.5000   45.0000 9968.0518   16.6608
   -7.5000   45.0000   45.0000 9464.2793   16.3028
    0.0000   45.0000   45.0000 9902.2930   16.2880
    7.5000   45.0000   45.0000 9465.3887   16.2709

---------------------------------------------------------------------
imgreg_4dfp /opt/freesurfer/average/711-2C_as_mni_average_305 /opt/freesurfer/average/711-2B_as_mni_average_305_mask talsrcimg_g11 none talsrcimg_to_711-2C_as_mni_average_305_t4 4355
---------------------------------------------------------------------

freesurfer imgreg_4dfp.c
/opt/freesurfer/average/711-2C_as_mni_average_305.4dfp.img
       256       256       256         1
  1.000000  1.000000  1.000000
orientation T byte_order littleendian
Reading image: /opt/freesurfer/average/711-2C_as_mni_average_305.4dfp.img
dimensions:      256       256       256
mmppix:       1.0000   -1.0000   -1.0000
center:     128.0000 -129.0000 -129.0000
/opt/freesurfer/average/711-2B_as_mni_average_305_mask.4dfp.img
       256       256       256         1
  1.000000  1.000000  1.000000
orientation T byte_order littleendian
Reading mask: /opt/freesurfer/average/711-2B_as_mni_average_305_mask.4dfp.img (2306576 pixels)
talsrcimg_g11.4dfp.img
       256       256       256         1
  1.000000  1.000000  1.000000
orientation T byte_order littleendian
Reading image: talsrcimg_g11.4dfp.img
dimensions:      256       256       256
mmppix:       1.0000   -1.0000   -1.0000
center:     128.0000 -129.0000 -129.0000
rotation matrix determinant  1.000000
image alignment mode   4355 decimal     1103 hex
   -7.5000  -37.5000  -45.0000 1913.1759   18.4058
    0.0000  -37.5000  -45.0000 1932.6453   18.2820
    7.5000  -37.5000  -45.0000 1925.4757   18.3324
   -7.5000  -30.0000  -45.0000 2041.9166   16.2927
    0.0000  -30.0000  -45.0000 2060.9670   16.1852
    7.5000  -30.0000  -45.0000 2052.8625   16.2248
   -7.5000  -22.5000  -45.0000 2161.7546   14.6671
    0.0000  -22.5000  -45.0000 2183.4587   14.5735
    7.5000  -22.5000  -45.0000 2173.9722   14.6038
   -7.5000  -15.0000  -45.0000 2264.2886   13.3581
    0.0000  -15.0000  -45.0000 2283.6189   13.2648
    7.5000  -15.0000  -45.0000 2276.4419   13.2978
   -7.5000   -7.5000  -45.0000 2345.4424   12.3291
    0.0000   -7.5000  -45.0000 2369.4390   12.2255
    7.5000   -7.5000  -45.0000 2358.0847   12.2701
   -7.5000    0.0000  -45.0000 2405.4565   11.6688
    0.0000    0.0000  -45.0000 2426.1577   11.5678
    7.5000    0.0000  -45.0000 2413.6313   11.6388
   -7.5000    7.5000  -45.0000 2429.6978   11.3736
    0.0000    7.5000  -45.0000 2451.7209   11.2628
    7.5000    7.5000  -45.0000 2439.0376   11.3358
   -7.5000   15.0000  -45.0000 2432.7910   11.3151
    0.0000   15.0000  -45.0000 2455.9600   11.1953
    7.5000   15.0000  -45.0000 2440.5771   11.2795
   -7.5000   22.5000  -45.0000 2412.7727   11.4824
    0.0000   22.5000  -45.0000 2435.2498   11.3518
    7.5000   22.5000  -45.0000 2423.4565   11.4107
   -7.5000   30.0000  -45.0000 2376.2083   11.8308
    0.0000   30.0000  -45.0000 2401.2317   11.6920
    7.5000   30.0000  -45.0000 2390.2871   11.7396
   -7.5000   37.5000  -45.0000 2318.2122   12.3833
    0.0000   37.5000  -45.0000 2344.9927   12.2670
    7.5000   37.5000  -45.0000 2333.4351   12.3046
   -7.5000   45.0000  -45.0000 2240.0540   13.1621
    0.0000   45.0000  -45.0000 2265.0500   13.0448
    7.5000   45.0000  -45.0000 2253.3057   13.0802
   -7.5000   52.5000  -45.0000 2127.8792   14.1415
    0.0000   52.5000  -45.0000 2145.7788   14.0197
    7.5000   52.5000  -45.0000 2136.3076   14.0588
   -7.5000  -37.5000  -37.5000 1952.0875   17.4648
    0.0000  -37.5000  -37.5000 1973.6980   17.3520
    7.5000  -37.5000  -37.5000 1967.6418   17.4238
   -7.5000  -30.0000  -37.5000 2090.4365   15.4475
    0.0000  -30.0000  -37.5000 2113.3645   15.3201
    7.5000  -30.0000  -37.5000 2103.6436   15.3995
   -7.5000  -22.5000  -37.5000 2219.1482   13.8810
    0.0000  -22.5000  -37.5000 2240.6963   13.7547
    7.5000  -22.5000  -37.5000 2232.1157   13.8176
   -7.5000  -15.0000  -37.5000 2327.1077   12.6224
    0.0000  -15.0000  -37.5000 2348.9380   12.5280
    7.5000  -15.0000  -37.5000 2337.0037   12.5635
   -7.5000   -7.5000  -37.5000 2411.6536   11.6375
    0.0000   -7.5000  -37.5000 2431.9033   11.5285
    7.5000   -7.5000  -37.5000 2422.5437   11.5704
   -7.5000    0.0000  -37.5000 2480.4146   10.9786
    0.0000    0.0000  -37.5000 2502.1753   10.8563
    7.5000    0.0000  -37.5000 2494.0193   10.9027
   -7.5000    7.5000  -37.5000 2519.2175   10.6501
    0.0000    7.5000  -37.5000 2544.3337   10.5452
    7.5000    7.5000  -37.5000 2533.7996   10.6066
   -7.5000   15.0000  -37.5000 2530.4976   10.5580
    0.0000   15.0000  -37.5000 2547.3010   10.4459
    7.5000   15.0000  -37.5000 2539.7029   10.5296
   -7.5000   22.5000  -37.5000 2512.9709   10.7209
    0.0000   22.5000  -37.5000 2531.4080   10.5929
    7.5000   22.5000  -37.5000 2520.6860   10.6710
   -7.5000   30.0000  -37.5000 2474.3384   11.0489
    0.0000   30.0000  -37.5000 2493.6714   10.9400
    7.5000   30.0000  -37.5000 2482.3511   10.9998
   -7.5000   37.5000  -37.5000 2414.2749   11.5534
    0.0000   37.5000  -37.5000 2441.3232   11.4275
    7.5000   37.5000  -37.5000 2427.1777   11.4781
   -7.5000   45.0000  -37.5000 2331.3992   12.2422
    0.0000   45.0000  -37.5000 2353.3875   12.1101
    7.5000   45.0000  -37.5000 2341.2354   12.1728
   -7.5000   52.5000  -37.5000 2212.6780   13.1343
    0.0000   52.5000  -37.5000 2231.8140   13.0055
    7.5000   52.5000  -37.5000 2220.2156   13.0452
   -7.5000  -37.5000  -30.0000 2024.7646   17.3007
    0.0000  -37.5000  -30.0000 2043.7651   17.1561
    7.5000  -37.5000  -30.0000 2038.4884   17.2425
   -7.5000  -30.0000  -30.0000 2170.9338   15.2780
    0.0000  -30.0000  -30.0000 2191.6938   15.1404
    7.5000  -30.0000  -30.0000 2186.3848   15.2524
   -7.5000  -22.5000  -30.0000 2308.9260   13.6924
    0.0000  -22.5000  -30.0000 2330.0156   13.5273
    7.5000  -22.5000  -30.0000 2320.4846   13.6276
   -7.5000  -15.0000  -30.0000 2420.9172   12.4113
    0.0000  -15.0000  -30.0000 2444.5591   12.2732
    7.5000  -15.0000  -30.0000 2434.1455   12.3602
   -7.5000   -7.5000  -30.0000 2514.5942   11.4051
    0.0000   -7.5000  -30.0000 2537.3928   11.2874
    7.5000   -7.5000  -30.0000 2529.5706   11.3623
   -7.5000    0.0000  -30.0000 2593.5928   10.7197
    0.0000    0.0000  -30.0000 2619.7959   10.5941
    7.5000    0.0000  -30.0000 2613.3015   10.6558
   -7.5000    7.5000  -30.0000 2649.7500   10.3502
    0.0000    7.5000  -30.0000 2676.6167   10.2202
    7.5000    7.5000  -30.0000 2668.0869   10.2780
   -7.5000   15.0000  -30.0000 2667.8953   10.2398
    0.0000   15.0000  -30.0000 2689.6028   10.1272
    7.5000   15.0000  -30.0000 2680.2524   10.1780
   -7.5000   22.5000  -30.0000 2658.7317   10.3685
    0.0000   22.5000  -30.0000 2678.7795   10.2601
    7.5000   22.5000  -30.0000 2667.8540   10.3087
   -7.5000   30.0000  -30.0000 2622.0300   10.6932
    0.0000   30.0000  -30.0000 2643.9128   10.5982
    7.5000   30.0000  -30.0000 2629.2664   10.6536
   -7.5000   37.5000  -30.0000 2558.9268   11.1880
    0.0000   37.5000  -30.0000 2585.1348   11.0776
    7.5000   37.5000  -30.0000 2568.1536   11.1406
   -7.5000   45.0000  -30.0000 2469.2380   11.8477
    0.0000   45.0000  -30.0000 2493.0278   11.7146
    7.5000   45.0000  -30.0000 2479.9966   11.7876
   -7.5000   52.5000  -30.0000 2338.8284   12.6943
    0.0000   52.5000  -30.0000 2357.5833   12.5650
    7.5000   52.5000  -30.0000 2349.5195   12.6337
   -7.5000  -37.5000  -22.5000 2067.7544   17.0780
    0.0000  -37.5000  -22.5000 2089.5205   16.9052
    7.5000  -37.5000  -22.5000 2082.9043   17.0509
   -7.5000  -30.0000  -22.5000 2215.5417   15.0666
    0.0000  -30.0000  -22.5000 2236.6211   14.8971
    7.5000  -30.0000  -22.5000 2228.7263   15.0302
   -7.5000  -22.5000  -22.5000 2355.2104   13.4335
    0.0000  -22.5000  -22.5000 2377.3787   13.2703
    7.5000  -22.5000  -22.5000 2368.3474   13.3715
   -7.5000  -15.0000  -22.5000 2474.8047   12.1229
    0.0000  -15.0000  -22.5000 2500.9482   11.9693
    7.5000  -15.0000  -22.5000 2492.0061   12.0848
   -7.5000   -7.5000  -22.5000 2579.5322   11.1223
    0.0000   -7.5000  -22.5000 2607.1453   10.9813
    7.5000   -7.5000  -22.5000 2600.3765   11.0949
   -7.5000    0.0000  -22.5000 2668.9985   10.4473
    0.0000    0.0000  -22.5000 2698.4675   10.2849
    7.5000    0.0000  -22.5000 2691.1775   10.3821
   -7.5000    7.5000  -22.5000 2740.0708    9.9991
    0.0000    7.5000  -22.5000 2773.2383    9.8585
    7.5000    7.5000  -22.5000 2758.0671    9.9321
   -7.5000   15.0000  -22.5000 2769.8279    9.8380
    0.0000   15.0000  -22.5000 2797.3889    9.7218
    7.5000   15.0000  -22.5000 2785.5833    9.7652
   -7.5000   22.5000  -22.5000 2768.6174    9.9410
    0.0000   22.5000  -22.5000 2797.3110    9.8443
    7.5000   22.5000  -22.5000 2784.0066    9.8864
   -7.5000   30.0000  -22.5000 2737.8589   10.2814
    0.0000   30.0000  -22.5000 2766.3689   10.1687
    7.5000   30.0000  -22.5000 2750.0632   10.2335
   -7.5000   37.5000  -22.5000 2670.7708   10.7806
    0.0000   37.5000  -22.5000 2702.1912   10.6439
    7.5000   37.5000  -22.5000 2683.7871   10.7134
   -7.5000   45.0000  -22.5000 2573.8223   11.3996
    0.0000   45.0000  -22.5000 2601.0430   11.2634
    7.5000   45.0000  -22.5000 2586.0327   11.3413
   -7.5000   52.5000  -22.5000 2432.6638   12.2162
    0.0000   52.5000  -22.5000 2456.3572   12.0880
    7.5000   52.5000  -22.5000 2445.0713   12.1642
   -7.5000  -37.5000  -15.0000 2083.9802   16.9581
    0.0000  -37.5000  -15.0000 2107.3821   16.7658
    7.5000  -37.5000  -15.0000 2096.4180   16.9054
   -7.5000  -30.0000  -15.0000 2224.0024   14.8484
    0.0000  -30.0000  -15.0000 2247.6289   14.6329
    7.5000  -30.0000  -15.0000 2237.9490   14.8294
   -7.5000  -22.5000  -15.0000 2366.3291   13.1948
    0.0000  -22.5000  -15.0000 2393.9861   12.9937
    7.5000  -22.5000  -15.0000 2385.1172   13.1791
   -7.5000  -15.0000  -15.0000 2498.2446   11.9016
    0.0000  -15.0000  -15.0000 2524.6731   11.7056
    7.5000  -15.0000  -15.0000 2515.4836   11.8466
   -7.5000   -7.5000  -15.0000 2612.9612   10.8960
    0.0000   -7.5000  -15.0000 2640.2085   10.7278
    7.5000   -7.5000  -15.0000 2630.9551   10.8487
   -7.5000    0.0000  -15.0000 2708.4509   10.2129
    0.0000    0.0000  -15.0000 2738.2332   10.0570
    7.5000    0.0000  -15.0000 2730.7261   10.1416
   -7.5000    7.5000  -15.0000 2792.1211    9.7474
    0.0000    7.5000  -15.0000 2833.1062    9.6060
    7.5000    7.5000  -15.0000 2814.9360    9.6788
   -7.5000   15.0000  -15.0000 2836.5925    9.5029
    0.0000   15.0000  -15.0000 2880.9956    9.3661
    7.5000   15.0000  -15.0000 2853.0994    9.4474
   -7.5000   22.5000  -15.0000 2845.4680    9.5756
    0.0000   22.5000  -15.0000 2879.9368    9.4546
    7.5000   22.5000  -15.0000 2862.8555    9.5303
   -7.5000   30.0000  -15.0000 2815.8132    9.9176
    0.0000   30.0000  -15.0000 2851.6321    9.7816
    7.5000   30.0000  -15.0000 2832.3604    9.8613
   -7.5000   37.5000  -15.0000 2744.8611   10.4104
    0.0000   37.5000  -15.0000 2780.1584   10.2599
    7.5000   37.5000  -15.0000 2757.1348   10.3529
   -7.5000   45.0000  -15.0000 2639.1536   11.0100
    0.0000   45.0000  -15.0000 2671.7620   10.8752
    7.5000   45.0000  -15.0000 2650.7375   10.9762
   -7.5000   52.5000  -15.0000 2493.6038   11.8063
    0.0000   52.5000  -15.0000 2519.0022   11.6445
    7.5000   52.5000  -15.0000 2501.6309   11.7597
   -7.5000  -37.5000   -7.5000 2077.1921   16.9146
    0.0000  -37.5000   -7.5000 2104.4380   16.6614
    7.5000  -37.5000   -7.5000 2093.0454   16.8877
   -7.5000  -30.0000   -7.5000 2216.5557   14.7383
    0.0000  -30.0000   -7.5000 2241.3545   14.4897
    7.5000  -30.0000   -7.5000 2233.6731   14.6948
   -7.5000  -22.5000   -7.5000 2359.8723   13.0263
    0.0000  -22.5000   -7.5000 2387.5022   12.8312
    7.5000  -22.5000   -7.5000 2380.3445   13.0004
   -7.5000  -15.0000   -7.5000 2494.1345   11.6953
    0.0000  -15.0000   -7.5000 2522.5752   11.5231
    7.5000  -15.0000   -7.5000 2513.7830   11.6640
   -7.5000   -7.5000   -7.5000 2614.7422   10.6912
    0.0000   -7.5000   -7.5000 2644.1978   10.5317
    7.5000   -7.5000   -7.5000 2633.4209   10.6573
   -7.5000    0.0000   -7.5000 2724.8015   10.0011
    0.0000    0.0000   -7.5000 2758.3459    9.8513
    7.5000    0.0000   -7.5000 2744.2830    9.9528
   -7.5000    7.5000   -7.5000 2817.3018    9.5634
    0.0000    7.5000   -7.5000 2862.2441    9.4400
    7.5000    7.5000   -7.5000 2843.6660    9.4993
   -7.5000   15.0000   -7.5000 2882.1716    9.2971
    0.0000   15.0000   -7.5000 2929.5930    9.1667
    7.5000   15.0000   -7.5000 2901.0735    9.2508
   -7.5000   22.5000   -7.5000 2899.8081    9.3399
    0.0000   22.5000   -7.5000 2942.1343    9.1838
    7.5000   22.5000   -7.5000 2914.8057    9.3001
   -7.5000   30.0000   -7.5000 2862.1450    9.6417
    0.0000   30.0000   -7.5000 2899.5371    9.5041
    7.5000   30.0000   -7.5000 2876.2722    9.5924
   -7.5000   37.5000   -7.5000 2785.4285   10.1108
    0.0000   37.5000   -7.5000 2817.1387    9.9830
    7.5000   37.5000   -7.5000 2789.5398   10.0643
   -7.5000   45.0000   -7.5000 2674.9456   10.7196
    0.0000   45.0000   -7.5000 2706.7717   10.5896
    7.5000   45.0000   -7.5000 2679.5801   10.6853
   -7.5000   52.5000   -7.5000 2522.3403   11.4988
    0.0000   52.5000   -7.5000 2545.9897   11.3630
    7.5000   52.5000   -7.5000 2527.7295   11.4620
   -7.5000  -37.5000    0.0000 2058.7168   17.0629
    0.0000  -37.5000    0.0000 2085.8049   16.8411
    7.5000  -37.5000    0.0000 2073.8547   17.0888
   -7.5000  -30.0000    0.0000 2197.3010   14.8255
    0.0000  -30.0000    0.0000 2221.9805   14.6283
    7.5000  -30.0000    0.0000 2211.7585   14.8403
   -7.5000  -22.5000    0.0000 2339.0566   13.0708
    0.0000  -22.5000    0.0000 2363.5020   12.8639
    7.5000  -22.5000    0.0000 2353.2383   13.0604
   -7.5000  -15.0000    0.0000 2469.4412   11.6881
    0.0000  -15.0000    0.0000 2495.3213   11.5116
    7.5000  -15.0000    0.0000 2484.9531   11.6894
   -7.5000   -7.5000    0.0000 2594.8142   10.6480
    0.0000   -7.5000    0.0000 2622.9031   10.4695
    7.5000   -7.5000    0.0000 2610.9363   10.6325
   -7.5000    0.0000    0.0000 2717.6155    9.9157
    0.0000    0.0000    0.0000 2750.1191    9.7405
    7.5000    0.0000    0.0000 2734.1040    9.9122
   -7.5000    7.5000    0.0000 2821.4507    9.4893
    0.0000    7.5000    0.0000 2861.8381    9.3589
    7.5000    7.5000    0.0000 2842.8401    9.4530
   -7.5000   15.0000    0.0000 2894.6348    9.2561
    0.0000   15.0000    0.0000 2940.6768    9.1616
    7.5000   15.0000    0.0000 2911.1655    9.2266
   -7.5000   22.5000    0.0000 2914.7532    9.2794
    0.0000   22.5000    0.0000 2960.1196    9.1877
    7.5000   22.5000    0.0000 2926.5662    9.2495
   -7.5000   30.0000    0.0000 2879.8206    9.4954
    0.0000   30.0000    0.0000 2920.2031    9.4011
    7.5000   30.0000    0.0000 2889.5708    9.4706
   -7.5000   37.5000    0.0000 2802.6333    9.9161
    0.0000   37.5000    0.0000 2831.3669    9.7927
    7.5000   37.5000    0.0000 2804.1904    9.8965
   -7.5000   45.0000    0.0000 2686.1479   10.5537
    0.0000   45.0000    0.0000 2711.4106   10.4290
    7.5000   45.0000    0.0000 2687.0962   10.5250
   -7.5000   52.5000    0.0000 2527.5530   11.3707
    0.0000   52.5000    0.0000 2546.1770   11.2404
    7.5000   52.5000    0.0000 2530.2446   11.3316
   -7.5000  -37.5000    7.5000 2033.1215   17.4665
    0.0000  -37.5000    7.5000 2058.2485   17.2745
    7.5000  -37.5000    7.5000 2043.1240   17.5552
   -7.5000  -30.0000    7.5000 2171.7991   15.1536
    0.0000  -30.0000    7.5000 2194.5544   14.9397
    7.5000  -30.0000    7.5000 2178.1646   15.1908
   -7.5000  -22.5000    7.5000 2304.1392   13.3078
    0.0000  -22.5000    7.5000 2328.7715   13.1151
    7.5000  -22.5000    7.5000 2316.2163   13.3606
   -7.5000  -15.0000    7.5000 2434.6108   11.9078
    0.0000  -15.0000    7.5000 2458.2424   11.7233
    7.5000  -15.0000    7.5000 2442.6829   11.9210
   -7.5000   -7.5000    7.5000 2559.5374   10.8170
    0.0000   -7.5000    7.5000 2586.9241   10.6517
    7.5000   -7.5000    7.5000 2570.5007   10.8402
   -7.5000    0.0000    7.5000 2681.6101   10.0684
    0.0000    0.0000    7.5000 2713.2380    9.8925
    7.5000    0.0000    7.5000 2691.7883   10.0834
   -7.5000    7.5000    7.5000 2792.3772    9.6336
    0.0000    7.5000    7.5000 2829.9910    9.4797
    7.5000    7.5000    7.5000 2803.0320    9.6233
   -7.5000   15.0000    7.5000 2871.9443    9.3847
    0.0000   15.0000    7.5000 2916.8284    9.2699
    7.5000   15.0000    7.5000 2881.5781    9.3710
   -7.5000   22.5000    7.5000 2892.1738    9.3925
    0.0000   22.5000    7.5000 2935.2239    9.2805
    7.5000   22.5000    7.5000 2903.1082    9.3790
   -7.5000   30.0000    7.5000 2862.6560    9.5783
    0.0000   30.0000    7.5000 2900.5422    9.4695
    7.5000   30.0000    7.5000 2870.4907    9.5686
   -7.5000   37.5000    7.5000 2788.5901    9.9797
    0.0000   37.5000    7.5000 2814.8181    9.8649
    7.5000   37.5000    7.5000 2788.1638    9.9883
   -7.5000   45.0000    7.5000 2671.5964   10.6339
    0.0000   45.0000    7.5000 2694.7087   10.5118
    7.5000   45.0000    7.5000 2673.2339   10.6277
   -7.5000   52.5000    7.5000 2513.0244   11.4514
    0.0000   52.5000    7.5000 2530.8411   11.3000
    7.5000   52.5000    7.5000 2515.0496   11.4152
   -7.5000  -37.5000   15.0000 1995.8412   18.1744
    0.0000  -37.5000   15.0000 2015.1156   17.9911
    7.5000  -37.5000   15.0000 2002.0065   18.2813
   -7.5000  -30.0000   15.0000 2131.3408   15.7273
    0.0000  -30.0000   15.0000 2154.3235   15.5249
    7.5000  -30.0000   15.0000 2134.7256   15.7814
   -7.5000  -22.5000   15.0000 2258.8701   13.8173
    0.0000  -22.5000   15.0000 2282.8848   13.6247
    7.5000  -22.5000   15.0000 2265.0522   13.8714
   -7.5000  -15.0000   15.0000 2385.0000   12.3373
    0.0000  -15.0000   15.0000 2408.4238   12.1464
    7.5000  -15.0000   15.0000 2390.4863   12.3613
   -7.5000   -7.5000   15.0000 2511.6335   11.2266
    0.0000   -7.5000   15.0000 2536.2637   11.0330
    7.5000   -7.5000   15.0000 2518.3892   11.2611
   -7.5000    0.0000   15.0000 2625.9065   10.4456
    0.0000    0.0000   15.0000 2654.5940   10.2536
    7.5000    0.0000   15.0000 2638.0608   10.4714
   -7.5000    7.5000   15.0000 2733.5107    9.9858
    0.0000    7.5000   15.0000 2764.1069    9.8136
    7.5000    7.5000   15.0000 2745.0142    9.9822
   -7.5000   15.0000   15.0000 2815.4138    9.7169
    0.0000   15.0000   15.0000 2854.5127    9.5389
    7.5000   15.0000   15.0000 2819.9009    9.7088
   -7.5000   22.5000   15.0000 2840.4470    9.6881
    0.0000   22.5000   15.0000 2875.1006    9.4934
    7.5000   22.5000   15.0000 2846.8682    9.6771
   -7.5000   30.0000   15.0000 2811.4385    9.8777
    0.0000   30.0000   15.0000 2843.4482    9.6990
    7.5000   30.0000   15.0000 2824.4717    9.8477
   -7.5000   37.5000   15.0000 2738.5928   10.2694
    0.0000   37.5000   15.0000 2766.4575   10.1047
    7.5000   37.5000   15.0000 2751.4890   10.2404
   -7.5000   45.0000   15.0000 2633.2454   10.9060
    0.0000   45.0000   15.0000 2656.1658   10.7564
    7.5000   45.0000   15.0000 2640.3308   10.8882
   -7.5000   52.5000   15.0000 2483.5955   11.6798
    0.0000   52.5000   15.0000 2504.0503   11.5357
    7.5000   52.5000   15.0000 2490.2007   11.6564
   -7.5000  -37.5000   22.5000 1937.2581   19.2207
    0.0000  -37.5000   22.5000 1953.6768   19.0140
    7.5000  -37.5000   22.5000 1946.1785   19.2756
   -7.5000  -30.0000   22.5000 2075.9609   16.5853
    0.0000  -30.0000   22.5000 2096.3772   16.3759
    7.5000  -30.0000   22.5000 2080.1836   16.6168
   -7.5000  -22.5000   22.5000 2202.4888   14.5543
    0.0000  -22.5000   22.5000 2225.4626   14.3306
    7.5000  -22.5000   22.5000 2208.6589   14.5923
   -7.5000  -15.0000   22.5000 2327.4817   13.0091
    0.0000  -15.0000   22.5000 2350.0847   12.7999
    7.5000  -15.0000   22.5000 2333.4460   13.0449
   -7.5000   -7.5000   22.5000 2450.5537   11.8438
    0.0000   -7.5000   22.5000 2477.5232   11.6433
    7.5000   -7.5000   22.5000 2460.5532   11.8719
   -7.5000    0.0000   22.5000 2561.2373   11.0260
    0.0000    0.0000   22.5000 2589.2478   10.8247
    7.5000    0.0000   22.5000 2576.0620   11.0437
   -7.5000    7.5000   22.5000 2663.8252   10.5146
    0.0000    7.5000   22.5000 2690.7329   10.3418
    7.5000    7.5000   22.5000 2675.9797   10.5056
   -7.5000   15.0000   22.5000 2737.8367   10.2323
    0.0000   15.0000   22.5000 2765.4707   10.0260
    7.5000   15.0000   22.5000 2739.7861   10.2243
   -7.5000   22.5000   22.5000 2764.4460   10.1743
    0.0000   22.5000   22.5000 2787.2742    9.9817
    7.5000   22.5000   22.5000 2766.8525   10.1587
   -7.5000   30.0000   22.5000 2735.1006   10.3541
    0.0000   30.0000   22.5000 2757.2031   10.1662
    7.5000   30.0000   22.5000 2742.9915   10.3279
   -7.5000   37.5000   22.5000 2667.3979   10.7526
    0.0000   37.5000   22.5000 2692.4141   10.5632
    7.5000   37.5000   22.5000 2682.7610   10.7042
   -7.5000   45.0000   22.5000 2573.5564   11.3436
    0.0000   45.0000   22.5000 2596.9385   11.1747
    7.5000   45.0000   22.5000 2583.9329   11.3059
   -7.5000   52.5000   22.5000 2436.0085   12.0998
    0.0000   52.5000   22.5000 2457.1804   11.9306
    7.5000   52.5000   22.5000 2444.4028   12.0466
   -7.5000  -37.5000   30.0000 1867.0414   20.6137
    0.0000  -37.5000   30.0000 1883.1555   20.4074
    7.5000  -37.5000   30.0000 1879.3241   20.6065
   -7.5000  -30.0000   30.0000 2008.1708   17.7058
    0.0000  -30.0000   30.0000 2025.8129   17.5044
    7.5000  -30.0000   30.0000 2015.1067   17.7307
   -7.5000  -22.5000   30.0000 2135.2759   15.5353
    0.0000  -22.5000   30.0000 2156.9243   15.3294
    7.5000  -22.5000   30.0000 2146.2412   15.5722
   -7.5000  -15.0000   30.0000 2259.0486   13.8935
    0.0000  -15.0000   30.0000 2282.1633   13.6863
    7.5000  -15.0000   30.0000 2266.2786   13.9091
   -7.5000   -7.5000   30.0000 2381.0852   12.6450
    0.0000   -7.5000   30.0000 2409.6550   12.4509
    7.5000   -7.5000   30.0000 2389.6357   12.6654
   -7.5000    0.0000   30.0000 2491.7795   11.7819
    0.0000    0.0000   30.0000 2519.7119   11.5844
    7.5000    0.0000   30.0000 2500.9841   11.7904
   -7.5000    7.5000   30.0000 2586.4783   11.2393
    0.0000    7.5000   30.0000 2617.0327   11.0402
    7.5000    7.5000   30.0000 2597.1340   11.2239
   -7.5000   15.0000   30.0000 2650.1382   10.9125
    0.0000   15.0000   30.0000 2676.0295   10.7069
    7.5000   15.0000   30.0000 2648.9631   10.8960
   -7.5000   22.5000   30.0000 2674.0156   10.8219
    0.0000   22.5000   30.0000 2694.8660   10.6316
    7.5000   22.5000   30.0000 2676.4653   10.8001
   -7.5000   30.0000   30.0000 2641.2024   10.9873
    0.0000   30.0000   30.0000 2659.5476   10.7984
    7.5000   30.0000   30.0000 2648.2229   10.9528
   -7.5000   37.5000   30.0000 2580.4788   11.3808
    0.0000   37.5000   30.0000 2601.1260   11.1868
    7.5000   37.5000   30.0000 2592.6589   11.3205
   -7.5000   45.0000   30.0000 2499.8848   11.9440
    0.0000   45.0000   30.0000 2522.4387   11.7675
    7.5000   45.0000   30.0000 2509.9072   11.9030
   -7.5000   52.5000   30.0000 2377.0371   12.6401
    0.0000   52.5000   30.0000 2401.0442   12.4868
    7.5000   52.5000   30.0000 2385.0393   12.6044
   -7.5000  -37.5000   37.5000 1794.2640   22.2985
    0.0000  -37.5000   37.5000 1807.3961   22.1150
    7.5000  -37.5000   37.5000 1804.5981   22.3164
   -7.5000  -30.0000   37.5000 1941.7544   19.1173
    0.0000  -30.0000   37.5000 1957.3441   18.9226
    7.5000  -30.0000   37.5000 1948.8127   19.1462
   -7.5000  -22.5000   37.5000 2069.1204   16.7724
    0.0000  -22.5000   37.5000 2090.1758   16.5948
    7.5000  -22.5000   37.5000 2079.8872   16.8009
   -7.5000  -15.0000   37.5000 2187.1479   14.9900
    0.0000  -15.0000   37.5000 2209.9902   14.8124
    7.5000  -15.0000   37.5000 2194.7034   15.0156
   -7.5000   -7.5000   37.5000 2303.4846   13.6676
    0.0000   -7.5000   37.5000 2331.4951   13.4751
    7.5000   -7.5000   37.5000 2311.3093   13.6982
   -7.5000    0.0000   37.5000 2412.4177   12.7487
    0.0000    0.0000   37.5000 2440.7405   12.5558
    7.5000    0.0000   37.5000 2417.0146   12.7468
   -7.5000    7.5000   37.5000 2499.5813   12.1491
    0.0000    7.5000   37.5000 2530.6084   11.9580
    7.5000    7.5000   37.5000 2503.7988   12.1392
   -7.5000   15.0000   37.5000 2556.4399   11.7572
    0.0000   15.0000   37.5000 2583.5593   11.5780
    7.5000   15.0000   37.5000 2555.0193   11.7425
   -7.5000   22.5000   37.5000 2572.6514   11.6370
    0.0000   22.5000   37.5000 2595.7715   11.4661
    7.5000   22.5000   37.5000 2571.9500   11.6093
   -7.5000   30.0000   37.5000 2542.7761   11.7469
    0.0000   30.0000   37.5000 2562.8940   11.5843
    7.5000   30.0000   37.5000 2551.3030   11.7171
   -7.5000   37.5000   37.5000 2489.5886   12.1170
    0.0000   37.5000   37.5000 2509.7908   11.9570
    7.5000   37.5000   37.5000 2505.2036   12.0753
   -7.5000   45.0000   37.5000 2419.1692   12.6751
    0.0000   45.0000   37.5000 2438.4404   12.5209
    7.5000   45.0000   37.5000 2431.0442   12.6521
   -7.5000   52.5000   37.5000 2308.6836   13.3449
    0.0000   52.5000   37.5000 2329.6162   13.1914
    7.5000   52.5000   37.5000 2314.3691   13.3264
   -7.5000  -37.5000   45.0000 1710.9784   24.5513
    0.0000  -37.5000   45.0000 1725.1014   24.3598
    7.5000  -37.5000   45.0000 1713.9783   24.5996
   -7.5000  -30.0000   45.0000 1868.5148   20.9682
    0.0000  -30.0000   45.0000 1882.5234   20.7482
    7.5000  -30.0000   45.0000 1868.2811   20.9794
   -7.5000  -22.5000   45.0000 1996.4420   18.3303
    0.0000  -22.5000   45.0000 2013.1959   18.1355
    7.5000  -22.5000   45.0000 1999.4565   18.3496
   -7.5000  -15.0000   45.0000 2108.8625   16.3860
    0.0000  -15.0000   45.0000 2128.6797   16.2124
    7.5000  -15.0000   45.0000 2110.8059   16.3942
   -7.5000   -7.5000   45.0000 2218.7068   14.9484
    0.0000   -7.5000   45.0000 2242.6301   14.8039
    7.5000   -7.5000   45.0000 2221.1216   14.9865
   -7.5000    0.0000   45.0000 2322.4822   13.9517
    0.0000    0.0000   45.0000 2351.1028   13.7891
    7.5000    0.0000   45.0000 2323.9346   13.9539
   -7.5000    7.5000   45.0000 2402.4365   13.2625
    0.0000    7.5000   45.0000 2432.0471   13.0870
    7.5000    7.5000   45.0000 2405.7668   13.2670
   -7.5000   15.0000   45.0000 2456.9773   12.8110
    0.0000   15.0000   45.0000 2481.0007   12.6745
    7.5000   15.0000   45.0000 2455.6262   12.8001
   -7.5000   22.5000   45.0000 2466.1958   12.6671
    0.0000   22.5000   45.0000 2487.0073   12.5043
    7.5000   22.5000   45.0000 2465.6785   12.6223
   -7.5000   30.0000   45.0000 2444.9211   12.7160
    0.0000   30.0000   45.0000 2462.3340   12.5685
    7.5000   30.0000   45.0000 2451.3882   12.6844
   -7.5000   37.5000   45.0000 2399.5515   13.0492
    0.0000   37.5000   45.0000 2415.2258   12.9146
    7.5000   37.5000   45.0000 2407.1113   13.0186
   -7.5000   45.0000   45.0000 2334.3506   13.6381
    0.0000   45.0000   45.0000 2351.7651   13.5111
    7.5000   45.0000   45.0000 2342.3594   13.5940
   -7.5000   52.5000   45.0000 2230.3047   14.2875
    0.0000   52.5000   45.0000 2248.9771   14.1550
    7.5000   52.5000   45.0000 2236.7898   14.2484

---------------------------------------------------------------------
imgreg_4dfp /opt/freesurfer/average/711-2C_as_mni_average_305 /opt/freesurfer/average/711-2B_as_mni_average_305_mask talsrcimg_g11 none talsrcimg_to_711-2C_as_mni_average_305_t4 1283
---------------------------------------------------------------------

freesurfer imgreg_4dfp.c
/opt/freesurfer/average/711-2C_as_mni_average_305.4dfp.img
       256       256       256         1
  1.000000  1.000000  1.000000
orientation T byte_order littleendian
Reading image: /opt/freesurfer/average/711-2C_as_mni_average_305.4dfp.img
dimensions:      256       256       256
mmppix:       1.0000   -1.0000   -1.0000
center:     128.0000 -129.0000 -129.0000
/opt/freesurfer/average/711-2B_as_mni_average_305_mask.4dfp.img
       256       256       256         1
  1.000000  1.000000  1.000000
orientation T byte_order littleendian
Reading mask: /opt/freesurfer/average/711-2B_as_mni_average_305_mask.4dfp.img (2306576 pixels)
talsrcimg_g11.4dfp.img
       256       256       256         1
  1.000000  1.000000  1.000000
orientation T byte_order littleendian
Reading image: talsrcimg_g11.4dfp.img
dimensions:      256       256       256
mmppix:       1.0000   -1.0000   -1.0000
center:     128.0000 -129.0000 -129.0000
rotation matrix determinant  1.000000
fimgreg.f
image alignment mode   1283 decimal      503 hex
parameters
    0.0000   22.5000    0.0000    0.0000    0.0000    0.0000
eta,q 0.92888  9.19750
niter,ni,del,rscale     5    3   12.0000    1.2000
parameter  4 12.516726 ->  0.500000 qaram    1.1500
parameters
    0.7375   21.0593   -0.0615   -3.4500   -0.6453    0.0235
eta,q 0.93563  9.08126
  0.0836  0.0743  0.0764  0.0616  0.0688  0.0668
  0.0781  0.0708  0.0722  0.0638  0.0660  0.0662
  0.0737  0.0693  0.0696  0.0664  0.0645  0.0652
  0.0711  0.0705  0.0696  0.0695  0.0645  0.0644
  0.0707  0.0728  0.0713  0.0724  0.0660  0.0645
  0.0735  0.0757  0.0734  0.0750  0.0680  0.0657
  0.0796  0.0798  0.0754  0.0780  0.0702  0.0673
niter,ni,del,rscale     5    3   12.0000    1.2000
parameter  4  1.595329 ->  0.500000 qaram    1.3225
parameters
    1.1676   22.8600   -0.6803   -7.4175   -1.1113   -1.0233
eta,q 0.94318  8.99604
  0.0783  0.0769  0.0687  0.0563  0.0611  0.0595
  0.0726  0.0724  0.0655  0.0565  0.0585  0.0581
  0.0676  0.0675  0.0633  0.0585  0.0570  0.0571
  0.0644  0.0641  0.0632  0.0630  0.0568  0.0567
  0.0648  0.0632  0.0652  0.0679  0.0581  0.0575
  0.0691  0.0641  0.0678  0.0724  0.0599  0.0598
  0.0759  0.0684  0.0705  0.0763  0.0620  0.0631
niter,ni,del,rscale     5    3   12.0000    1.2000
parameters
    1.1123   23.7294   -1.1658  -11.1578   -0.1506   -1.8800
eta,q 0.94485  9.04490
  0.0685  0.0724  0.0634  0.0573  0.0610  0.0580
  0.0629  0.0651  0.0601  0.0557  0.0585  0.0562
  0.0587  0.0595  0.0573  0.0554  0.0565  0.0553
  0.0568  0.0568  0.0568  0.0566  0.0554  0.0553
  0.0579  0.0577  0.0589  0.0602  0.0554  0.0561
  0.0624  0.0610  0.0618  0.0659  0.0564  0.0577
  0.0698  0.0651  0.0653  0.0723  0.0585  0.0600
niter,ni,del,rscale     4    3   12.0000    1.2000
parameters
    0.4471   25.2514   -1.6050  -13.4030    0.6118   -2.7309
eta,q 0.94629  9.06417
  0.0648  0.0706  0.0624  0.0570  0.0606  0.0565
  0.0590  0.0629  0.0582  0.0566  0.0575  0.0548
  0.0555  0.0576  0.0549  0.0542  0.0552  0.0539
  0.0551  0.0550  0.0543  0.0541  0.0539  0.0538
  0.0575  0.0543  0.0563  0.0567  0.0540  0.0547
  0.0628  0.0562  0.0602  0.0605  0.0555  0.0564
  0.0701  0.0599  0.0648  0.0655  0.0581  0.0584
niter,ni,del,rscale     3    3   12.0000    1.2000
parameters
    0.1182   26.3211   -2.2345  -15.1985    1.2326   -3.0995
eta,q 0.94587  9.08427
  0.0654  0.0658  0.0607  0.0561  0.0610  0.0563
  0.0590  0.0598  0.0567  0.0560  0.0577  0.0547
  0.0546  0.0562  0.0536  0.0552  0.0555  0.0542
  0.0537  0.0536  0.0532  0.0530  0.0542  0.0541
  0.0560  0.0535  0.0555  0.0547  0.0544  0.0543
  0.0609  0.0556  0.0592  0.0582  0.0560  0.0553
  0.0681  0.0596  0.0643  0.0629  0.0589  0.0569
niter,ni,del,rscale     2    3   12.0000    1.2000
parameters
   -0.1502   27.0759   -3.0957  -16.6249    1.8105   -3.1533
eta,q 0.94528  9.10781
  0.0663  0.0621  0.0599  0.0560  0.0614  0.0564
  0.0595  0.0572  0.0559  0.0552  0.0585  0.0551
  0.0550  0.0557  0.0536  0.0556  0.0562  0.0547
  0.0541  0.0540  0.0534  0.0532  0.0548  0.0547
  0.0566  0.0531  0.0556  0.0537  0.0551  0.0546
  0.0613  0.0552  0.0594  0.0565  0.0567  0.0551
  0.0681  0.0590  0.0649  0.0609  0.0596  0.0566
niter,ni,del,rscale     1    3   12.0000    1.2000
parameters
   -0.3811   27.7037   -3.6797  -17.4597    2.3354   -3.2681
eta,q 0.94525  9.11525
  0.0675  0.0595  0.0609  0.0566  0.0613  0.0565
  0.0605  0.0562  0.0567  0.0551  0.0586  0.0552
  0.0557  0.0556  0.0543  0.0552  0.0562  0.0547
  0.0547  0.0546  0.0541  0.0539  0.0548  0.0548
  0.0572  0.0532  0.0556  0.0532  0.0551  0.0546
  0.0622  0.0545  0.0589  0.0557  0.0568  0.0552
  0.0691  0.0583  0.0642  0.0597  0.0598  0.0568
registration optimization eta report
parameter search radius
    6.0000    6.0000    6.0000    7.9350    6.0000    6.0000
100000*second partial in parameter space
       37.       13.       24.        7.       16.        6.
  0.0675  0.0595  0.0609  0.0566  0.0613  0.0565
  0.0605  0.0562  0.0567  0.0551  0.0586  0.0552
  0.0557  0.0556  0.0543  0.0552  0.0562  0.0547
  0.0547  0.0546  0.0541  0.0539  0.0548  0.0548
  0.0572  0.0532  0.0556  0.0532  0.0551  0.0546
  0.0622  0.0545  0.0589  0.0557  0.0568  0.0552
  0.0691  0.0583  0.0642  0.0597  0.0598  0.0568
   -0.3811   27.7037   -3.6797  -17.4597    2.3354   -3.2681
eta,q 0.94525  9.11525

---------------------------------------------------------------------
imgreg_4dfp /opt/freesurfer/average/711-2C_as_mni_average_305 /opt/freesurfer/average/711-2B_as_mni_average_305_mask talsrcimg_g11 none talsrcimg_to_711-2C_as_mni_average_305_t4 3335
---------------------------------------------------------------------

freesurfer imgreg_4dfp.c
/opt/freesurfer/average/711-2C_as_mni_average_305.4dfp.img
       256       256       256         1
  1.000000  1.000000  1.000000
orientation T byte_order littleendian
Reading image: /opt/freesurfer/average/711-2C_as_mni_average_305.4dfp.img
dimensions:      256       256       256
mmppix:       1.0000   -1.0000   -1.0000
center:     128.0000 -129.0000 -129.0000
/opt/freesurfer/average/711-2B_as_mni_average_305_mask.4dfp.img
       256       256       256         1
  1.000000  1.000000  1.000000
orientation T byte_order littleendian
Reading mask: /opt/freesurfer/average/711-2B_as_mni_average_305_mask.4dfp.img (2306576 pixels)
talsrcimg_g11.4dfp.img
       256       256       256         1
  1.000000  1.000000  1.000000
orientation T byte_order littleendian
Reading image: talsrcimg_g11.4dfp.img
dimensions:      256       256       256
mmppix:       1.0000   -1.0000   -1.0000
center:     128.0000 -129.0000 -129.0000
fimgreg.f
image alignment mode   3335 decimal      D07 hex
parameters
   -0.3811   27.7037   -3.6797   -0.2455   -4.8320   -4.6864
    6.6588   -2.1704   -5.6961   30.1763    4.0749  -29.9786
eta,q 0.94767  9.14996
niter,ni,del,rscale     5    3    5.0000    1.2000
parameter  4  0.777067 ->  0.500000 qaram    1.1500
parameter  5  4.516606 ->  0.500000 qaram    1.1500
parameter  6  1.075930 ->  0.500000 qaram    1.1500
parameter 12 -1.452486 -> -0.500000 qaram    1.1500
parameters
   -0.4887   28.4163   -4.0377   -4.3855   -8.9720   -8.8264
    5.8308   -1.8821   -3.2515   26.9375    3.1516  -25.8386
eta,q 0.96091  8.59906
  0.0546  0.0540  0.0532  0.0507  0.0402  0.0405  0.0428  0.0452  0.0443  0.0414  0.0413  0.0449
  0.0533  0.0532  0.0525  0.0506  0.0433  0.0410  0.0418  0.0433  0.0430  0.0408  0.0409  0.0433
  0.0525  0.0527  0.0522  0.0510  0.0467  0.0422  0.0413  0.0419  0.0419  0.0406  0.0407  0.0418
  0.0523  0.0523  0.0522  0.0521  0.0506  0.0441  0.0413  0.0412  0.0412  0.0410  0.0406  0.0406
  0.0527  0.0522  0.0525  0.0541  0.0548  0.0468  0.0417  0.0416  0.0410  0.0423  0.0408  0.0396
  0.0536  0.0523  0.0531  0.0567  0.0590  0.0502  0.0425  0.0428  0.0412  0.0440  0.0412  0.0389
  0.0550  0.0528  0.0540  0.0595  0.0636  0.0542  0.0436  0.0447  0.0419  0.0460  0.0419  0.0385
niter,ni,del,rscale     7    3    5.0000    1.2000
parameter  5  2.256241 ->  0.500000 qaram    1.3225
parameter  6  0.686174 ->  0.500000 qaram    1.3225
parameter 12 -0.615670 -> -0.500000 qaram    1.3225
parameters
   -0.5964   28.0318   -4.0827   -6.3787  -13.7330  -13.5874
    5.3152   -1.9889   -3.1794   25.6179    1.6960  -21.0776
eta,q 0.96872  8.03540
  0.0415  0.0401  0.0405  0.0402  0.0308  0.0321  0.0337  0.0353  0.0340  0.0340  0.0324  0.0357
  0.0401  0.0394  0.0397  0.0397  0.0328  0.0320  0.0328  0.0335  0.0330  0.0327  0.0321  0.0342
  0.0393  0.0391  0.0392  0.0393  0.0357  0.0325  0.0322  0.0324  0.0324  0.0320  0.0319  0.0329
  0.0391  0.0391  0.0390  0.0390  0.0392  0.0335  0.0321  0.0321  0.0321  0.0321  0.0319  0.0319
  0.0395  0.0394  0.0393  0.0395  0.0428  0.0353  0.0324  0.0325  0.0323  0.0330  0.0322  0.0314
  0.0404  0.0401  0.0398  0.0409  0.0472  0.0380  0.0331  0.0337  0.0329  0.0342  0.0325  0.0313
  0.0419  0.0411  0.0406  0.0435  0.0521  0.0418  0.0342  0.0354  0.0340  0.0359  0.0331  0.0316
niter,ni,del,rscale     7    3    5.0000    1.2000
parameter  5  1.067760 ->  0.500000 qaram    1.5209
parameters
   -0.4664   28.1281   -4.2857   -6.0741  -19.2081  -16.3125
    4.8011   -1.6249   -3.3002   25.9946    2.9153  -21.6041
eta,q 0.97243  7.72398
  0.0338  0.0337  0.0324  0.0327  0.0273  0.0297  0.0292  0.0313  0.0294  0.0306  0.0286  0.0293
  0.0325  0.0324  0.0317  0.0319  0.0278  0.0283  0.0283  0.0294  0.0284  0.0291  0.0281  0.0283
  0.0316  0.0316  0.0313  0.0315  0.0291  0.0277  0.0278  0.0281  0.0279  0.0281  0.0278  0.0277
  0.0313  0.0313  0.0313  0.0313  0.0312  0.0281  0.0277  0.0276  0.0276  0.0276  0.0276  0.0276
  0.0314  0.0315  0.0315  0.0311  0.0343  0.0293  0.0280  0.0279  0.0278  0.0278  0.0276  0.0280
  0.0321  0.0322  0.0320  0.0315  0.0383  0.0311  0.0287  0.0290  0.0285  0.0286  0.0278  0.0287
  0.0333  0.0334  0.0329  0.0328  0.0425  0.0341  0.0297  0.0306  0.0296  0.0301  0.0281  0.0296
niter,ni,del,rscale     7    3    5.0000    1.2000
parameter  5  0.501192 ->  0.500000 qaram    1.7490
parameters
   -0.4324   28.4637   -4.6996   -5.9616  -25.5046  -17.4515
    4.5818   -1.7065   -3.6600   27.7144    3.3129  -23.1135
eta,q 0.97375  7.44656
  0.0299  0.0305  0.0284  0.0288  0.0274  0.0292  0.0282  0.0294  0.0281  0.0297  0.0271  0.0275
  0.0287  0.0291  0.0278  0.0280  0.0266  0.0277  0.0272  0.0278  0.0272  0.0281  0.0267  0.0266
  0.0279  0.0281  0.0275  0.0276  0.0266  0.0267  0.0266  0.0268  0.0266  0.0270  0.0265  0.0263
  0.0276  0.0276  0.0275  0.0275  0.0275  0.0265  0.0264  0.0264  0.0264  0.0264  0.0263  0.0263
  0.0278  0.0276  0.0278  0.0275  0.0294  0.0273  0.0267  0.0269  0.0267  0.0264  0.0264  0.0268
  0.0285  0.0282  0.0285  0.0277  0.0325  0.0289  0.0274  0.0279  0.0274  0.0268  0.0266  0.0274
  0.0298  0.0292  0.0294  0.0289  0.0368  0.0308  0.0283  0.0295  0.0285  0.0275  0.0270  0.0282
niter,ni,del,rscale     7    3    5.0000    1.2000
parameters
   -0.4444   29.4064   -5.3416   -6.8445  -27.0330  -18.8022
    4.6239   -1.7593   -3.7821   29.7868    3.4043  -22.8285
eta,q 0.97450  7.33147
  0.0284  0.0301  0.0265  0.0268  0.0296  0.0284  0.0276  0.0286  0.0276  0.0291  0.0264  0.0273
  0.0273  0.0284  0.0260  0.0261  0.0274  0.0269  0.0266  0.0271  0.0266  0.0275  0.0259  0.0263
  0.0265  0.0271  0.0258  0.0258  0.0260  0.0259  0.0259  0.0260  0.0259  0.0264  0.0256  0.0257
  0.0263  0.0263  0.0259  0.0258  0.0258  0.0257  0.0257  0.0257  0.0257  0.0257  0.0255  0.0255
  0.0265  0.0259  0.0263  0.0260  0.0267  0.0266  0.0259  0.0261  0.0260  0.0255  0.0256  0.0257
  0.0273  0.0261  0.0269  0.0264  0.0289  0.0283  0.0266  0.0272  0.0267  0.0259  0.0259  0.0263
  0.0285  0.0267  0.0278  0.0275  0.0322  0.0303  0.0275  0.0287  0.0278  0.0266  0.0264  0.0270
niter,ni,del,rscale     6    3    5.0000    1.2000
parameters
   -0.4282   30.0309   -6.0207   -6.9912  -28.3343  -20.1193
    4.6450   -1.7275   -3.7539   30.9310    3.5795  -22.9396
eta,q 0.97494  7.25034
  0.0277  0.0289  0.0259  0.0266  0.0294  0.0277  0.0270  0.0280  0.0274  0.0281  0.0261  0.0268
  0.0265  0.0273  0.0254  0.0257  0.0270  0.0263  0.0260  0.0265  0.0262  0.0267  0.0256  0.0258
  0.0258  0.0262  0.0252  0.0252  0.0255  0.0253  0.0253  0.0255  0.0254  0.0257  0.0252  0.0252
  0.0255  0.0255  0.0253  0.0252  0.0252  0.0252  0.0251  0.0251  0.0251  0.0251  0.0251  0.0251
  0.0257  0.0254  0.0257  0.0255  0.0261  0.0260  0.0253  0.0255  0.0254  0.0252  0.0252  0.0253
  0.0265  0.0257  0.0264  0.0258  0.0283  0.0276  0.0260  0.0265  0.0262  0.0257  0.0255  0.0260
  0.0277  0.0266  0.0274  0.0266  0.0317  0.0296  0.0269  0.0279  0.0274  0.0267  0.0260  0.0268
niter,ni,del,rscale     5    3    5.0000    1.2000
parameters
   -0.4027   30.3697   -6.4498   -7.2073  -28.9376  -20.8002
    4.6317   -1.6881   -3.7493   31.4914    3.6177  -23.2223
eta,q 0.97506  7.21055
  0.0273  0.0281  0.0258  0.0264  0.0297  0.0279  0.0268  0.0279  0.0273  0.0277  0.0259  0.0266
  0.0261  0.0266  0.0253  0.0255  0.0273  0.0264  0.0258  0.0263  0.0261  0.0263  0.0254  0.0256
  0.0253  0.0256  0.0250  0.0250  0.0255  0.0253  0.0252  0.0253  0.0252  0.0254  0.0251  0.0251
  0.0251  0.0251  0.0250  0.0250  0.0250  0.0250  0.0250  0.0250  0.0250  0.0250  0.0249  0.0249
  0.0253  0.0251  0.0253  0.0252  0.0257  0.0256  0.0252  0.0253  0.0252  0.0252  0.0251  0.0252
  0.0260  0.0257  0.0259  0.0257  0.0277  0.0270  0.0258  0.0263  0.0261  0.0259  0.0254  0.0259
  0.0272  0.0268  0.0267  0.0265  0.0310  0.0289  0.0268  0.0278  0.0273  0.0269  0.0259  0.0267
niter,ni,del,rscale     4    3    5.0000    1.2000
parameters
   -0.3823   30.5150   -6.6640   -7.3124  -29.1868  -21.0920
    4.6227   -1.6567   -3.7473   31.7641    3.6128  -23.4028
eta,q 0.97508  7.19508
  0.0271  0.0276  0.0259  0.0265  0.0299  0.0280  0.0268  0.0278  0.0273  0.0275  0.0259  0.0267
  0.0259  0.0262  0.0253  0.0255  0.0275  0.0265  0.0258  0.0263  0.0261  0.0262  0.0254  0.0256
  0.0252  0.0253  0.0250  0.0249  0.0256  0.0254  0.0251  0.0253  0.0252  0.0253  0.0250  0.0251
  0.0249  0.0249  0.0249  0.0249  0.0249  0.0249  0.0249  0.0249  0.0249  0.0249  0.0249  0.0249
  0.0252  0.0251  0.0251  0.0252  0.0255  0.0254  0.0251  0.0253  0.0252  0.0252  0.0250  0.0252
  0.0259  0.0258  0.0256  0.0256  0.0274  0.0267  0.0258  0.0263  0.0260  0.0260  0.0254  0.0258
  0.0270  0.0270  0.0264  0.0264  0.0307  0.0285  0.0267  0.0277  0.0273  0.0271  0.0259  0.0267
niter,ni,del,rscale     3    3    5.0000    1.2000
parameters
   -0.3707   30.5787   -6.7596   -7.3651  -29.2988  -21.2173
    4.6120   -1.6386   -3.7463   31.8967    3.6086  -23.4998
eta,q 0.97507  7.18861
  0.0271  0.0274  0.0260  0.0265  0.0300  0.0281  0.0268  0.0278  0.0273  0.0274  0.0259  0.0267
  0.0259  0.0261  0.0254  0.0255  0.0276  0.0266  0.0258  0.0263  0.0261  0.0261  0.0254  0.0257
  0.0252  0.0252  0.0250  0.0250  0.0257  0.0254  0.0251  0.0253  0.0252  0.0252  0.0251  0.0251
  0.0249  0.0249  0.0249  0.0249  0.0249  0.0249  0.0249  0.0249  0.0249  0.0249  0.0249  0.0249
  0.0251  0.0252  0.0251  0.0252  0.0255  0.0254  0.0251  0.0253  0.0252  0.0253  0.0250  0.0252
  0.0259  0.0259  0.0255  0.0256  0.0273  0.0266  0.0258  0.0263  0.0260  0.0261  0.0254  0.0258
  0.0270  0.0271  0.0262  0.0264  0.0306  0.0284  0.0267  0.0278  0.0273  0.0272  0.0259  0.0267
niter,ni,del,rscale     2    3    5.0000    1.2000
parameters
   -0.3651   30.6072   -6.8006   -7.3906  -29.3505  -21.2720
    4.6041   -1.6293   -3.7505   31.9531    3.6109  -23.5457
eta,q 0.97507  7.18561
  0.0270  0.0273  0.0261  0.0265  0.0301  0.0282  0.0268  0.0278  0.0273  0.0274  0.0259  0.0267
  0.0259  0.0260  0.0254  0.0255  0.0276  0.0266  0.0258  0.0263  0.0261  0.0261  0.0254  0.0257
  0.0252  0.0252  0.0250  0.0250  0.0257  0.0254  0.0251  0.0252  0.0252  0.0252  0.0251  0.0251
  0.0249  0.0249  0.0249  0.0249  0.0249  0.0249  0.0249  0.0249  0.0249  0.0249  0.0249  0.0249
  0.0251  0.0252  0.0251  0.0252  0.0255  0.0254  0.0251  0.0253  0.0252  0.0253  0.0250  0.0252
  0.0259  0.0260  0.0255  0.0256  0.0273  0.0266  0.0258  0.0263  0.0260  0.0261  0.0254  0.0258
  0.0270  0.0272  0.0262  0.0264  0.0305  0.0283  0.0268  0.0278  0.0273  0.0272  0.0259  0.0266
niter,ni,del,rscale     1    3    5.0000    1.2000
parameters
   -0.3615   30.6198   -6.8192   -7.4038  -29.3745  -21.2944
    4.6012   -1.6255   -3.7485   31.9840    3.5948  -23.5645
eta,q 0.97507  7.18429
  0.0270  0.0273  0.0261  0.0265  0.0301  0.0282  0.0268  0.0278  0.0273  0.0274  0.0259  0.0267
  0.0259  0.0260  0.0255  0.0255  0.0276  0.0266  0.0258  0.0263  0.0261  0.0260  0.0254  0.0257
  0.0252  0.0252  0.0251  0.0250  0.0257  0.0254  0.0251  0.0252  0.0252  0.0252  0.0250  0.0251
  0.0249  0.0249  0.0249  0.0249  0.0249  0.0249  0.0249  0.0249  0.0249  0.0249  0.0249  0.0249
  0.0252  0.0252  0.0251  0.0252  0.0255  0.0254  0.0251  0.0253  0.0252  0.0253  0.0250  0.0252
  0.0259  0.0260  0.0255  0.0256  0.0273  0.0266  0.0258  0.0263  0.0260  0.0261  0.0254  0.0258
  0.0270  0.0272  0.0261  0.0264  0.0305  0.0283  0.0268  0.0278  0.0273  0.0272  0.0259  0.0266
registration optimization eta report
parameter search radius
    2.4000    2.4000    2.4000    8.2800   12.5928    9.5220
    7.2000    7.2000    7.2000    7.2000    7.2000    9.5220
100000*second partial in parameter space
       37.       40.       21.        2.        3.        4.
        4.        5.        5.        4.        2.        2.
  0.0270  0.0273  0.0261  0.0265  0.0301  0.0282  0.0268  0.0278  0.0273  0.0274  0.0259  0.0267
  0.0259  0.0260  0.0255  0.0255  0.0276  0.0266  0.0258  0.0263  0.0261  0.0260  0.0254  0.0257
  0.0252  0.0252  0.0251  0.0250  0.0257  0.0254  0.0251  0.0252  0.0252  0.0252  0.0250  0.0251
  0.0249  0.0249  0.0249  0.0249  0.0249  0.0249  0.0249  0.0249  0.0249  0.0249  0.0249  0.0249
  0.0252  0.0252  0.0251  0.0252  0.0255  0.0254  0.0251  0.0253  0.0252  0.0253  0.0250  0.0252
  0.0259  0.0260  0.0255  0.0256  0.0273  0.0266  0.0258  0.0263  0.0260  0.0261  0.0254  0.0258
  0.0270  0.0272  0.0261  0.0264  0.0305  0.0283  0.0268  0.0278  0.0273  0.0272  0.0259  0.0266
   -0.3615   30.6198   -6.8192   -7.4038  -29.3745  -21.2944
    4.6012   -1.6255   -3.7485   31.9840    3.5948  -23.5645
eta,q 0.97507  7.18429

---------------------------------------------------------------------
imgreg_4dfp /opt/freesurfer/average/711-2C_as_mni_average_305 /opt/freesurfer/average/711-2B_as_mni_average_305_mask talsrcimg_g11 none talsrcimg_to_711-2C_as_mni_average_305_t4 2311
---------------------------------------------------------------------

freesurfer imgreg_4dfp.c
/opt/freesurfer/average/711-2C_as_mni_average_305.4dfp.img
       256       256       256         1
  1.000000  1.000000  1.000000
orientation T byte_order littleendian
Reading image: /opt/freesurfer/average/711-2C_as_mni_average_305.4dfp.img
dimensions:      256       256       256
mmppix:       1.0000   -1.0000   -1.0000
center:     128.0000 -129.0000 -129.0000
/opt/freesurfer/average/711-2B_as_mni_average_305_mask.4dfp.img
       256       256       256         1
  1.000000  1.000000  1.000000
orientation T byte_order littleendian
Reading mask: /opt/freesurfer/average/711-2B_as_mni_average_305_mask.4dfp.img (2306576 pixels)
talsrcimg_g11.4dfp.img
       256       256       256         1
  1.000000  1.000000  1.000000
orientation T byte_order littleendian
Reading image: talsrcimg_g11.4dfp.img
dimensions:      256       256       256
mmppix:       1.0000   -1.0000   -1.0000
center:     128.0000 -129.0000 -129.0000
fimgreg.f
image alignment mode   2311 decimal      907 hex
parameters
   -0.3615   30.6198   -6.8192   -7.4038  -29.3745  -21.2944
    4.6012   -1.6255   -3.7485   31.9840    3.5948  -23.5645
eta,q 0.97507  7.18429
niter,ni,del,rscale     5    3    5.0000    0.8000
parameters
   -0.3586   30.6100   -6.8157   -8.0055  -28.9522  -21.1571
    4.5082   -1.6081   -3.7494   31.8293    3.5849  -23.9034
eta,q 0.97511  7.18351
  0.0259  0.0260  0.0255  0.0253  0.0259  0.0260  0.0257  0.0263  0.0260  0.0260  0.0253  0.0253
  0.0254  0.0254  0.0252  0.0250  0.0254  0.0254  0.0253  0.0255  0.0254  0.0254  0.0251  0.0251
  0.0250  0.0250  0.0250  0.0249  0.0250  0.0251  0.0250  0.0250  0.0250  0.0250  0.0250  0.0249
  0.0249  0.0249  0.0249  0.0249  0.0249  0.0249  0.0249  0.0249  0.0249  0.0249  0.0249  0.0249
  0.0250  0.0251  0.0250  0.0250  0.0250  0.0250  0.0250  0.0251  0.0250  0.0251  0.0249  0.0250
  0.0253  0.0254  0.0252  0.0252  0.0252  0.0253  0.0253  0.0255  0.0254  0.0255  0.0251  0.0252
  0.0259  0.0260  0.0255  0.0255  0.0256  0.0259  0.0258  0.0263  0.0260  0.0261  0.0254  0.0254
niter,ni,del,rscale     4    3    5.0000    0.7000
parameters
   -0.3759   30.5672   -6.8074   -8.1327  -28.9371  -21.0485
    4.5040   -1.6343   -3.7603   31.8196    3.5889  -23.9579
eta,q 0.97512  7.18215
  0.0256  0.0257  0.0253  0.0253  0.0256  0.0257  0.0256  0.0259  0.0258  0.0258  0.0252  0.0252
  0.0252  0.0252  0.0251  0.0250  0.0252  0.0253  0.0252  0.0253  0.0253  0.0253  0.0250  0.0250
  0.0250  0.0250  0.0249  0.0249  0.0250  0.0250  0.0250  0.0250  0.0250  0.0250  0.0249  0.0249
  0.0249  0.0249  0.0249  0.0249  0.0249  0.0249  0.0249  0.0249  0.0249  0.0249  0.0249  0.0249
  0.0250  0.0250  0.0249  0.0250  0.0250  0.0250  0.0250  0.0250  0.0250  0.0250  0.0249  0.0249
  0.0252  0.0253  0.0251  0.0251  0.0252  0.0252  0.0252  0.0254  0.0253  0.0253  0.0250  0.0251
  0.0256  0.0258  0.0253  0.0253  0.0255  0.0257  0.0256  0.0260  0.0258  0.0258  0.0252  0.0253
niter,ni,del,rscale     3    3    5.0000    0.6000
parameters
   -0.3896   30.5620   -6.7878   -8.2728  -28.9594  -20.9832
    4.4940   -1.6468   -3.7657   31.7913    3.5891  -23.9947
eta,q 0.97512  7.17772
  0.0254  0.0255  0.0252  0.0252  0.0254  0.0255  0.0254  0.0257  0.0255  0.0256  0.0251  0.0251
  0.0251  0.0252  0.0250  0.0250  0.0251  0.0252  0.0251  0.0252  0.0252  0.0252  0.0250  0.0250
  0.0249  0.0249  0.0249  0.0249  0.0249  0.0250  0.0249  0.0250  0.0250  0.0250  0.0249  0.0249
  0.0249  0.0249  0.0249  0.0249  0.0249  0.0249  0.0249  0.0249  0.0249  0.0249  0.0249  0.0249
  0.0250  0.0250  0.0249  0.0249  0.0249  0.0249  0.0249  0.0250  0.0250  0.0250  0.0249  0.0249
  0.0251  0.0252  0.0250  0.0250  0.0251  0.0251  0.0251  0.0252  0.0252  0.0252  0.0250  0.0250
  0.0254  0.0255  0.0252  0.0252  0.0254  0.0255  0.0254  0.0257  0.0255  0.0256  0.0251  0.0252
niter,ni,del,rscale     2    3    5.0000    0.5000
parameters
   -0.4038   30.5627   -6.7744   -8.4000  -28.9913  -20.9234
    4.5014   -1.6576   -3.7699   31.7793    3.5666  -24.0353
eta,q 0.97512  7.17362
  0.0252  0.0253  0.0251  0.0251  0.0252  0.0253  0.0252  0.0254  0.0253  0.0254  0.0251  0.0251
  0.0250  0.0251  0.0250  0.0249  0.0250  0.0251  0.0250  0.0251  0.0251  0.0251  0.0250  0.0250
  0.0249  0.0249  0.0249  0.0249  0.0249  0.0249  0.0249  0.0249  0.0249  0.0249  0.0249  0.0249
  0.0249  0.0249  0.0249  0.0249  0.0249  0.0249  0.0249  0.0249  0.0249  0.0249  0.0249  0.0249
  0.0249  0.0249  0.0249  0.0249  0.0249  0.0249  0.0249  0.0249  0.0249  0.0249  0.0249  0.0249
  0.0251  0.0251  0.0250  0.0250  0.0250  0.0251  0.0250  0.0251  0.0251  0.0251  0.0250  0.0250
  0.0253  0.0253  0.0251  0.0251  0.0252  0.0253  0.0252  0.0254  0.0253  0.0254  0.0251  0.0251
niter,ni,del,rscale     1    3    5.0000    0.4000
parameters
   -0.4146   30.5666   -6.7645   -8.5136  -29.0153  -20.8780
    4.5091   -1.6687   -3.7775   31.7757    3.5775  -24.1006
eta,q 0.97512  7.17043
  0.0251  0.0252  0.0250  0.0250  0.0251  0.0252  0.0251  0.0252  0.0252  0.0252  0.0250  0.0250
  0.0250  0.0250  0.0249  0.0249  0.0250  0.0250  0.0250  0.0250  0.0250  0.0250  0.0249  0.0249
  0.0249  0.0249  0.0249  0.0249  0.0249  0.0249  0.0249  0.0249  0.0249  0.0249  0.0249  0.0249
  0.0249  0.0249  0.0249  0.0249  0.0249  0.0249  0.0249  0.0249  0.0249  0.0249  0.0249  0.0249
  0.0249  0.0249  0.0249  0.0249  0.0249  0.0249  0.0249  0.0249  0.0249  0.0249  0.0249  0.0249
  0.0250  0.0250  0.0249  0.0250  0.0250  0.0250  0.0250  0.0250  0.0250  0.0250  0.0249  0.0249
  0.0251  0.0251  0.0250  0.0250  0.0251  0.0252  0.0251  0.0252  0.0252  0.0252  0.0250  0.0250
registration optimization eta report
parameter search radius
    0.8000    0.8000    0.8000    2.4000    2.4000    2.4000
    2.4000    2.4000    2.4000    2.4000    2.4000    2.4000
100000*second partial in parameter space
       37.       43.       21.        2.        4.        5.
        4.        6.        5.        5.        2.        2.
  0.0251  0.0252  0.0250  0.0250  0.0251  0.0252  0.0251  0.0252  0.0252  0.0252  0.0250  0.0250
  0.0250  0.0250  0.0249  0.0249  0.0250  0.0250  0.0250  0.0250  0.0250  0.0250  0.0249  0.0249
  0.0249  0.0249  0.0249  0.0249  0.0249  0.0249  0.0249  0.0249  0.0249  0.0249  0.0249  0.0249
  0.0249  0.0249  0.0249  0.0249  0.0249  0.0249  0.0249  0.0249  0.0249  0.0249  0.0249  0.0249
  0.0249  0.0249  0.0249  0.0249  0.0249  0.0249  0.0249  0.0249  0.0249  0.0249  0.0249  0.0249
  0.0250  0.0250  0.0249  0.0250  0.0250  0.0250  0.0250  0.0250  0.0250  0.0250  0.0249  0.0249
  0.0251  0.0251  0.0250  0.0250  0.0251  0.0252  0.0251  0.0252  0.0252  0.0252  0.0250  0.0250
   -0.4146   30.5666   -6.7645   -8.5136  -29.0153  -20.8780
    4.5091   -1.6687   -3.7775   31.7757    3.5775  -24.1006
eta,q 0.97512  7.17043

---------------------------------------------------------------------
imgreg_4dfp /opt/freesurfer/average/711-2C_as_mni_average_305 /opt/freesurfer/average/711-2B_as_mni_average_305_mask talsrcimg_g11 none talsrcimg_to_711-2C_as_mni_average_305_t4 2311
---------------------------------------------------------------------

freesurfer imgreg_4dfp.c
/opt/freesurfer/average/711-2C_as_mni_average_305.4dfp.img
       256       256       256         1
  1.000000  1.000000  1.000000
orientation T byte_order littleendian
Reading image: /opt/freesurfer/average/711-2C_as_mni_average_305.4dfp.img
dimensions:      256       256       256
mmppix:       1.0000   -1.0000   -1.0000
center:     128.0000 -129.0000 -129.0000
/opt/freesurfer/average/711-2B_as_mni_average_305_mask.4dfp.img
       256       256       256         1
  1.000000  1.000000  1.000000
orientation T byte_order littleendian
Reading mask: /opt/freesurfer/average/711-2B_as_mni_average_305_mask.4dfp.img (2306576 pixels)
talsrcimg_g11.4dfp.img
       256       256       256         1
  1.000000  1.000000  1.000000
orientation T byte_order littleendian
Reading image: talsrcimg_g11.4dfp.img
dimensions:      256       256       256
mmppix:       1.0000   -1.0000   -1.0000
center:     128.0000 -129.0000 -129.0000
fimgreg.f
image alignment mode   2311 decimal      907 hex
parameters
   -0.4146   30.5666   -6.7645   -8.5136  -29.0153  -20.8780
    4.5091   -1.6687   -3.7775   31.7757    3.5775  -24.1006
eta,q 0.97512  7.17042
niter,ni,del,rscale     5    3    5.0000    0.8000
parameters
   -0.4090   30.5779   -6.7685   -8.0932  -28.9581  -20.9944
    4.5446   -1.6658   -3.7537   31.8575    3.5559  -23.9414
eta,q 0.97512  7.18481
  0.0259  0.0260  0.0254  0.0256  0.0258  0.0259  0.0258  0.0263  0.0260  0.0261  0.0253  0.0254
  0.0253  0.0254  0.0251  0.0252  0.0253  0.0254  0.0253  0.0255  0.0254  0.0254  0.0251  0.0251
  0.0250  0.0250  0.0249  0.0249  0.0250  0.0250  0.0250  0.0250  0.0250  0.0250  0.0249  0.0249
  0.0249  0.0249  0.0249  0.0249  0.0249  0.0249  0.0249  0.0249  0.0249  0.0249  0.0249  0.0249
  0.0250  0.0250  0.0249  0.0249  0.0250  0.0250  0.0250  0.0250  0.0250  0.0250  0.0249  0.0249
  0.0253  0.0254  0.0251  0.0251  0.0253  0.0254  0.0253  0.0255  0.0254  0.0254  0.0251  0.0251
  0.0258  0.0259  0.0254  0.0253  0.0257  0.0260  0.0258  0.0263  0.0260  0.0260  0.0254  0.0253
niter,ni,del,rscale     4    3    5.0000    0.7000
parameters
   -0.3941   30.5697   -6.7764   -8.1506  -28.9516  -21.0056
    4.5092   -1.6447   -3.7564   31.8128    3.5680  -23.9557
eta,q 0.97512  7.18200
  0.0256  0.0257  0.0253  0.0253  0.0256  0.0257  0.0255  0.0260  0.0258  0.0258  0.0252  0.0253
  0.0252  0.0252  0.0251  0.0250  0.0252  0.0253  0.0252  0.0254  0.0253  0.0253  0.0250  0.0250
  0.0250  0.0250  0.0249  0.0249  0.0249  0.0250  0.0250  0.0250  0.0250  0.0250  0.0249  0.0249
  0.0249  0.0249  0.0249  0.0249  0.0249  0.0249  0.0249  0.0249  0.0249  0.0249  0.0249  0.0249
  0.0250  0.0250  0.0249  0.0250  0.0250  0.0250  0.0250  0.0250  0.0250  0.0250  0.0249  0.0249
  0.0252  0.0253  0.0251  0.0251  0.0252  0.0253  0.0252  0.0253  0.0253  0.0253  0.0250  0.0251
  0.0256  0.0257  0.0253  0.0253  0.0255  0.0257  0.0256  0.0259  0.0258  0.0258  0.0252  0.0252
niter,ni,del,rscale     3    3    5.0000    0.6000
parameters
   -0.3936   30.5623   -6.7811   -8.2653  -28.9685  -20.9682
    4.4972   -1.6492   -3.7573   31.7890    3.5723  -23.9831
eta,q 0.97512  7.17783
  0.0254  0.0255  0.0252  0.0252  0.0254  0.0255  0.0254  0.0257  0.0255  0.0256  0.0251  0.0252
  0.0251  0.0252  0.0250  0.0250  0.0251  0.0252  0.0251  0.0252  0.0252  0.0252  0.0250  0.0250
  0.0249  0.0249  0.0249  0.0249  0.0249  0.0250  0.0249  0.0250  0.0250  0.0250  0.0249  0.0249
  0.0249  0.0249  0.0249  0.0249  0.0249  0.0249  0.0249  0.0249  0.0249  0.0249  0.0249  0.0249
  0.0249  0.0250  0.0249  0.0249  0.0249  0.0249  0.0249  0.0250  0.0250  0.0250  0.0249  0.0249
  0.0251  0.0252  0.0250  0.0250  0.0251  0.0251  0.0251  0.0252  0.0252  0.0252  0.0250  0.0250
  0.0254  0.0255  0.0252  0.0252  0.0254  0.0255  0.0254  0.0257  0.0255  0.0256  0.0251  0.0252
niter,ni,del,rscale     2    3    5.0000    0.5000
parameters
   -0.4043   30.5647   -6.7735   -8.3921  -28.9953  -20.9279
    4.4973   -1.6563   -3.7677   31.7792    3.5892  -24.0316
eta,q 0.97513  7.17361
  0.0252  0.0253  0.0251  0.0251  0.0252  0.0253  0.0252  0.0254  0.0253  0.0254  0.0251  0.0251
  0.0250  0.0251  0.0250  0.0249  0.0250  0.0251  0.0250  0.0251  0.0251  0.0251  0.0250  0.0250
  0.0249  0.0249  0.0249  0.0249  0.0249  0.0249  0.0249  0.0249  0.0249  0.0249  0.0249  0.0249
  0.0249  0.0249  0.0249  0.0249  0.0249  0.0249  0.0249  0.0249  0.0249  0.0249  0.0249  0.0249
  0.0249  0.0249  0.0249  0.0249  0.0249  0.0249  0.0249  0.0249  0.0249  0.0249  0.0249  0.0249
  0.0251  0.0251  0.0250  0.0250  0.0250  0.0251  0.0250  0.0251  0.0251  0.0251  0.0250  0.0250
  0.0253  0.0253  0.0251  0.0251  0.0252  0.0253  0.0252  0.0254  0.0253  0.0254  0.0251  0.0251
niter,ni,del,rscale     1    3    5.0000    0.4000
parameters
   -0.4127   30.5644   -6.7673   -8.5031  -29.0183  -20.8784
    4.5013   -1.6681   -3.7735   31.7782    3.5883  -24.0898
eta,q 0.97512  7.17055
  0.0251  0.0252  0.0250  0.0250  0.0251  0.0252  0.0251  0.0252  0.0252  0.0252  0.0250  0.0250
  0.0250  0.0250  0.0249  0.0249  0.0250  0.0250  0.0250  0.0250  0.0250  0.0250  0.0249  0.0249
  0.0249  0.0249  0.0249  0.0249  0.0249  0.0249  0.0249  0.0249  0.0249  0.0249  0.0249  0.0249
  0.0249  0.0249  0.0249  0.0249  0.0249  0.0249  0.0249  0.0249  0.0249  0.0249  0.0249  0.0249
  0.0249  0.0249  0.0249  0.0249  0.0249  0.0249  0.0249  0.0249  0.0249  0.0249  0.0249  0.0249
  0.0250  0.0250  0.0249  0.0249  0.0250  0.0250  0.0250  0.0250  0.0250  0.0250  0.0249  0.0249
  0.0251  0.0251  0.0250  0.0250  0.0251  0.0252  0.0251  0.0252  0.0252  0.0252  0.0250  0.0250
registration optimization eta report
parameter search radius
    0.8000    0.8000    0.8000    2.4000    2.4000    2.4000
    2.4000    2.4000    2.4000    2.4000    2.4000    2.4000
100000*second partial in parameter space
       38.       42.       21.        2.        4.        5.
        4.        6.        5.        5.        2.        2.
  0.0251  0.0252  0.0250  0.0250  0.0251  0.0252  0.0251  0.0252  0.0252  0.0252  0.0250  0.0250
  0.0250  0.0250  0.0249  0.0249  0.0250  0.0250  0.0250  0.0250  0.0250  0.0250  0.0249  0.0249
  0.0249  0.0249  0.0249  0.0249  0.0249  0.0249  0.0249  0.0249  0.0249  0.0249  0.0249  0.0249
  0.0249  0.0249  0.0249  0.0249  0.0249  0.0249  0.0249  0.0249  0.0249  0.0249  0.0249  0.0249
  0.0249  0.0249  0.0249  0.0249  0.0249  0.0249  0.0249  0.0249  0.0249  0.0249  0.0249  0.0249
  0.0250  0.0250  0.0249  0.0249  0.0250  0.0250  0.0250  0.0250  0.0250  0.0250  0.0249  0.0249
  0.0251  0.0251  0.0250  0.0250  0.0251  0.0252  0.0251  0.0252  0.0252  0.0252  0.0250  0.0250
   -0.4127   30.5644   -6.7673   -8.5031  -29.0183  -20.8784
    4.5013   -1.6681   -3.7735   31.7782    3.5883  -24.0898
eta,q 0.97512  7.17055

---------------------------------------------------------------------
compute_vox2vox talsrcimg talsrcimg_to_711-2C_as_mni_average_305_t4 /opt/freesurfer/average/711-2C_as_mni_average_305
---------------------------------------------------------------------

freesurfer compute_vox2vox.c
Reading: talsrcimg.4dfp.ifh
Reading: talsrcimg_to_711-2C_as_mni_average_305_t4
Reading: /opt/freesurfer/average/711-2C_as_mni_average_305.4dfp.ifh
Writing: talsrcimg_to_711-2C_as_mni_average_305_t4_vox2vox.txt

start time Sun Mar 15 08:14:12 CET 2026
end		time Sun Mar 15 08:14:26 CET 2026

mpr2mni305 success

avi2talxfm orig_nu.mgz /opt/freesurfer/average/mni305.cor.mgz talsrcimg_to_711-2C_as_mni_average_305_t4_vox2vox.txt transforms/talairach.auto.xfm
avi2talxfm done
mv -f /out/sourcedata/freesurfer/sub-v2s10x28957_ses-1/mri/talsrcimg_to_711-2C_as_mni_average_305_t4_vox2vox.txt /out/sourcedata/freesurfer/sub-v2s10x28957_ses-1/mri/transforms/talsrcimg_to_711-2C_as_mni_average_305_t4_vox2vox.txt
lta_convert --src orig_nu.mgz --trg /opt/freesurfer/average/mni305.cor.mgz --inxfm transforms/talairach.auto.xfm --outlta transforms/talairach.auto.xfm.lta --subject fsaverage
7.3.2

--src: orig_nu.mgz src image (geometry).
--trg: /opt/freesurfer/average/mni305.cor.mgz trg image (geometry).
--inmni: transforms/talairach.auto.xfm input MNI/XFM transform.
--outlta: transforms/talairach.auto.xfm.lta output LTA.
--s: fsaverage subject name
 LTA read, type : 1
 1.08896   0.04461  -0.05392  -2.39529;
-0.02795   1.11112   0.37887  -12.39152;
 0.07040  -0.49507   1.23633   9.39059;
 0.00000   0.00000   0.00000   1.00000;
setting subject to fsaverage
Writing  LTA to file transforms/talairach.auto.xfm.lta...
lta_convert successful.
 
 
Started at Sun Mar 15 08:14:11 CET 2026
Ended   at Sun Mar 15 08:14:26 CET 2026
talairach_avi done
