status file for recon-all
Sun Mar 15 08:12:03 CET 2026
#@# MotionCor Sun Mar 15 08:12:05 CET 2026
#@# Talairach Sun Mar 15 08:12:13 CET 2026
#@# Talairach Failure Detection Sun Mar 15 08:16:40 CET 2026
#@# Nu Intensity Correction Sun Mar 15 08:16:40 CET 2026
#@# Intensity Normalization Sun Mar 15 08:19:57 CET 2026
recon-all -s sub-v2s10x28977_ses-1 finished without error at Sun Mar 15 08:21:25 CET 2026



#New# invocation of recon-all 



status file for recon-all
Sun Mar 15 08:28:13 CET 2026
#@# EM Registration Sun Mar 15 08:28:13 CET 2026
recon-all -s sub-v2s10x28977_ses-1 finished without error at Sun Mar 15 08:29:42 CET 2026



#New# invocation of recon-all 



status file for recon-all
Sun Mar 15 08:29:46 CET 2026
#@# CA Normalize Sun Mar 15 08:29:46 CET 2026
#@# CA Reg Sun Mar 15 08:31:10 CET 2026
#@# SubCort Seg Sun Mar 15 09:11:54 CET 2026
#@# CC Seg Sun Mar 15 09:41:24 CET 2026
#@# Merge ASeg Sun Mar 15 09:42:05 CET 2026
#@# Intensity Normalization2 Sun Mar 15 09:42:05 CET 2026
#@# Mask BFS Sun Mar 15 09:44:21 CET 2026
#@# WM Segmentation Sun Mar 15 09:44:22 CET 2026
#@# Fill Sun Mar 15 09:46:21 CET 2026
recon-all -s sub-v2s10x28977_ses-1 finished without error at Sun Mar 15 09:47:22 CET 2026



#New# invocation of recon-all 



status file for recon-all
Sun Mar 15 10:27:25 CET 2026
#@# white curv lh Sun Mar 15 10:27:25 CET 2026
#@# white area lh Sun Mar 15 10:27:25 CET 2026
#@# pial curv lh Sun Mar 15 10:27:25 CET 2026
#@# pial area lh Sun Mar 15 10:27:25 CET 2026
#@# thickness lh Sun Mar 15 10:27:25 CET 2026
#@# area and vertex vol lh Sun Mar 15 10:27:25 CET 2026
#@# white curv rh Sun Mar 15 10:27:25 CET 2026
#@# white area rh Sun Mar 15 10:27:25 CET 2026
#@# pial curv rh Sun Mar 15 10:27:25 CET 2026
#@# pial area rh Sun Mar 15 10:27:25 CET 2026
#@# thickness rh Sun Mar 15 10:27:25 CET 2026
#@# area and vertex vol rh Sun Mar 15 10:27:25 CET 2026
#@# Cortical ribbon mask Sun Mar 15 10:27:25 CET 2026
recon-all -s sub-v2s10x28977_ses-1 finished without error at Sun Mar 15 10:33:43 CET 2026



#New# invocation of recon-all 



status file for recon-all
Sun Mar 15 10:39:57 CET 2026
#@# white curv lh Sun Mar 15 10:39:57 CET 2026
#@# white area lh Sun Mar 15 10:39:57 CET 2026
#@# pial curv lh Sun Mar 15 10:39:57 CET 2026
#@# pial area lh Sun Mar 15 10:39:57 CET 2026
#@# thickness lh Sun Mar 15 10:39:57 CET 2026
#@# area and vertex vol lh Sun Mar 15 10:39:57 CET 2026
#@# white curv rh Sun Mar 15 10:39:57 CET 2026
#@# white area rh Sun Mar 15 10:39:57 CET 2026
#@# pial curv rh Sun Mar 15 10:39:57 CET 2026
#@# pial area rh Sun Mar 15 10:39:57 CET 2026
#@# thickness rh Sun Mar 15 10:39:57 CET 2026
#@# area and vertex vol rh Sun Mar 15 10:39:57 CET 2026
#@# Curvature Stats lh Sun Mar 15 10:39:57 CET 2026
#@# Curvature Stats rh Sun Mar 15 10:40:00 CET 2026
#@# Relabel Hypointensities Sun Mar 15 10:40:02 CET 2026
#@# APas-to-ASeg Sun Mar 15 10:40:18 CET 2026
#@# AParc-to-ASeg aparc Sun Mar 15 10:40:25 CET 2026
#@# AParc-to-ASeg aparc.a2009s Sun Mar 15 10:41:02 CET 2026
#@# AParc-to-ASeg aparc.DKTatlas Sun Mar 15 10:41:40 CET 2026
#@# WMParc Sun Mar 15 10:42:18 CET 2026
#@# ASeg Stats Sun Mar 15 10:45:50 CET 2026
recon-all -s sub-v2s10x28977_ses-1 finished without error at Sun Mar 15 10:46:21 CET 2026
