status file for recon-all
Sun Mar 15 09:36:50 CET 2026
#@# Tessellate lh Sun Mar 15 09:36:50 CET 2026
#@# Smooth1 lh Sun Mar 15 09:36:52 CET 2026
#@# Inflation1 lh Sun Mar 15 09:36:54 CET 2026
#@# QSphere lh Sun Mar 15 09:37:04 CET 2026
#@# Fix Topology lh Sun Mar 15 09:37:55 CET 2026
#@# Smooth2 lh Sun Mar 15 09:43:01 CET 2026
#@# Inflation2 lh Sun Mar 15 09:43:03 CET 2026
#@# Curv .H and .K lh Sun Mar 15 09:43:14 CET 2026
#@# Sphere lh Sun Mar 15 09:43:46 CET 2026
#@# Surf Reg lh Sun Mar 15 09:47:04 CET 2026
#@# Jacobian white lh Sun Mar 15 09:50:25 CET 2026
#@# AvgCurv lh Sun Mar 15 09:50:25 CET 2026
#@# Cortical Parc lh Sun Mar 15 09:50:26 CET 2026
#@# white curv lh Sun Mar 15 09:55:46 CET 2026
#@# white area lh Sun Mar 15 09:55:48 CET 2026
#@# pial curv lh Sun Mar 15 09:55:48 CET 2026
#@# pial area lh Sun Mar 15 09:55:49 CET 2026
#@# thickness lh Sun Mar 15 09:55:50 CET 2026
#@# area and vertex vol lh Sun Mar 15 09:56:06 CET 2026
#@# Curvature Stats lh Sun Mar 15 09:56:07 CET 2026
#@# Cortical Parc 2 lh Sun Mar 15 09:56:09 CET 2026
#@# Cortical Parc 3 lh Sun Mar 15 09:56:17 CET 2026
#@# WM/GM Contrast lh Sun Mar 15 09:56:24 CET 2026
recon-all -s sub-v2s10x28965_ses-1 finished without error at Sun Mar 15 09:56:26 CET 2026



#New# invocation of recon-all 



status file for recon-all
Sun Mar 15 10:18:04 CET 2026
#@# white curv lh Sun Mar 15 10:18:04 CET 2026
#@# white area lh Sun Mar 15 10:18:04 CET 2026
#@# pial curv lh Sun Mar 15 10:18:04 CET 2026
#@# pial area lh Sun Mar 15 10:18:04 CET 2026
#@# thickness lh Sun Mar 15 10:18:04 CET 2026
#@# area and vertex vol lh Sun Mar 15 10:18:04 CET 2026
#@# Parcellation Stats lh Sun Mar 15 10:18:04 CET 2026
#@# Parcellation Stats 2 lh Sun Mar 15 10:18:16 CET 2026
#@# Parcellation Stats 3 lh Sun Mar 15 10:18:22 CET 2026
#@# BA_exvivo Labels lh Sun Mar 15 10:18:28 CET 2026
recon-all -s sub-v2s10x28965_ses-1 finished without error at Sun Mar 15 10:20:15 CET 2026
