status file for recon-all
Sun Mar 15 09:58:09 CET 2026
#@# Tessellate rh Sun Mar 15 09:58:09 CET 2026
#@# Smooth1 rh Sun Mar 15 09:58:12 CET 2026
#@# Inflation1 rh Sun Mar 15 09:58:14 CET 2026
#@# QSphere rh Sun Mar 15 09:58:28 CET 2026
#@# Fix Topology rh Sun Mar 15 09:59:52 CET 2026
#@# Smooth2 rh Sun Mar 15 10:04:26 CET 2026
#@# Inflation2 rh Sun Mar 15 10:04:28 CET 2026
#@# Curv .H and .K rh Sun Mar 15 10:04:42 CET 2026
#@# Sphere rh Sun Mar 15 10:05:21 CET 2026
#@# Surf Reg rh Sun Mar 15 10:07:41 CET 2026
#@# Jacobian white rh Sun Mar 15 10:11:52 CET 2026
#@# AvgCurv rh Sun Mar 15 10:11:53 CET 2026
#@# Cortical Parc rh Sun Mar 15 10:11:54 CET 2026
#@# white curv rh Sun Mar 15 10:18:19 CET 2026
#@# white area rh Sun Mar 15 10:18:20 CET 2026
#@# pial curv rh Sun Mar 15 10:18:21 CET 2026
#@# pial area rh Sun Mar 15 10:18:22 CET 2026
#@# thickness rh Sun Mar 15 10:18:23 CET 2026
#@# area and vertex vol rh Sun Mar 15 10:18:43 CET 2026
#@# Curvature Stats rh Sun Mar 15 10:18:45 CET 2026
#@# Cortical Parc 2 rh Sun Mar 15 10:18:47 CET 2026
#@# Cortical Parc 3 rh Sun Mar 15 10:18:58 CET 2026
#@# WM/GM Contrast rh Sun Mar 15 10:19:05 CET 2026
recon-all -s sub-v2s10x28935_ses-1 finished without error at Sun Mar 15 10:19:08 CET 2026



#New# invocation of recon-all 



status file for recon-all
Sun Mar 15 10:25:41 CET 2026
#@# white curv rh Sun Mar 15 10:25:41 CET 2026
#@# white area rh Sun Mar 15 10:25:41 CET 2026
#@# pial curv rh Sun Mar 15 10:25:41 CET 2026
#@# pial area rh Sun Mar 15 10:25:41 CET 2026
#@# thickness rh Sun Mar 15 10:25:41 CET 2026
#@# area and vertex vol rh Sun Mar 15 10:25:41 CET 2026
#@# Parcellation Stats rh Sun Mar 15 10:25:41 CET 2026
#@# Parcellation Stats 2 rh Sun Mar 15 10:25:57 CET 2026
#@# Parcellation Stats 3 rh Sun Mar 15 10:26:05 CET 2026
#@# BA_exvivo Labels rh Sun Mar 15 10:26:13 CET 2026
recon-all -s sub-v2s10x28935_ses-1 finished without error at Sun Mar 15 10:28:22 CET 2026
