status file for recon-all
Sun Mar 15 11:17:53 CET 2026
#@# MotionCor Sun Mar 15 11:17:55 CET 2026
#@# Talairach Sun Mar 15 11:18:00 CET 2026
#@# Talairach Failure Detection Sun Mar 15 11:20:50 CET 2026
#@# Nu Intensity Correction Sun Mar 15 11:20:50 CET 2026
#@# Intensity Normalization Sun Mar 15 11:23:33 CET 2026
recon-all -s sub-v2s10x30155_ses-1 finished without error at Sun Mar 15 11:24:31 CET 2026



#New# invocation of recon-all 



status file for recon-all
Sun Mar 15 11:29:53 CET 2026
#@# EM Registration Sun Mar 15 11:29:53 CET 2026
recon-all -s sub-v2s10x30155_ses-1 finished without error at Sun Mar 15 11:31:07 CET 2026



#New# invocation of recon-all 



status file for recon-all
Sun Mar 15 11:31:10 CET 2026
#@# CA Normalize Sun Mar 15 11:31:10 CET 2026
#@# CA Reg Sun Mar 15 11:32:05 CET 2026
#@# SubCort Seg Sun Mar 15 12:07:09 CET 2026
#@# CC Seg Sun Mar 15 12:24:44 CET 2026
#@# Merge ASeg Sun Mar 15 12:25:16 CET 2026
#@# Intensity Normalization2 Sun Mar 15 12:25:16 CET 2026
#@# Mask BFS Sun Mar 15 12:26:43 CET 2026
#@# WM Segmentation Sun Mar 15 12:26:44 CET 2026
#@# Fill Sun Mar 15 12:28:07 CET 2026
recon-all -s sub-v2s10x30155_ses-1 finished without error at Sun Mar 15 12:28:43 CET 2026



#New# invocation of recon-all 



status file for recon-all
Sun Mar 15 12:54:46 CET 2026
#@# white curv lh Sun Mar 15 12:54:46 CET 2026
#@# white area lh Sun Mar 15 12:54:46 CET 2026
#@# pial curv lh Sun Mar 15 12:54:46 CET 2026
#@# pial area lh Sun Mar 15 12:54:46 CET 2026
#@# thickness lh Sun Mar 15 12:54:46 CET 2026
#@# area and vertex vol lh Sun Mar 15 12:54:46 CET 2026
#@# white curv rh Sun Mar 15 12:54:46 CET 2026
#@# white area rh Sun Mar 15 12:54:46 CET 2026
#@# pial curv rh Sun Mar 15 12:54:46 CET 2026
#@# pial area rh Sun Mar 15 12:54:46 CET 2026
#@# thickness rh Sun Mar 15 12:54:46 CET 2026
#@# area and vertex vol rh Sun Mar 15 12:54:46 CET 2026
#@# Cortical ribbon mask Sun Mar 15 12:54:46 CET 2026
recon-all -s sub-v2s10x30155_ses-1 finished without error at Sun Mar 15 12:58:52 CET 2026



#New# invocation of recon-all 



status file for recon-all
Sun Mar 15 13:02:50 CET 2026
#@# white curv lh Sun Mar 15 13:02:50 CET 2026
#@# white area lh Sun Mar 15 13:02:50 CET 2026
#@# pial curv lh Sun Mar 15 13:02:50 CET 2026
#@# pial area lh Sun Mar 15 13:02:50 CET 2026
#@# thickness lh Sun Mar 15 13:02:50 CET 2026
#@# area and vertex vol lh Sun Mar 15 13:02:50 CET 2026
#@# white curv rh Sun Mar 15 13:02:50 CET 2026
#@# white area rh Sun Mar 15 13:02:50 CET 2026
#@# pial curv rh Sun Mar 15 13:02:50 CET 2026
#@# pial area rh Sun Mar 15 13:02:50 CET 2026
#@# thickness rh Sun Mar 15 13:02:50 CET 2026
#@# area and vertex vol rh Sun Mar 15 13:02:50 CET 2026
#@# Curvature Stats lh Sun Mar 15 13:02:50 CET 2026
#@# Curvature Stats rh Sun Mar 15 13:02:51 CET 2026
#@# Relabel Hypointensities Sun Mar 15 13:02:53 CET 2026
#@# APas-to-ASeg Sun Mar 15 13:03:02 CET 2026
#@# AParc-to-ASeg aparc Sun Mar 15 13:03:07 CET 2026
#@# AParc-to-ASeg aparc.a2009s Sun Mar 15 13:03:21 CET 2026
#@# AParc-to-ASeg aparc.DKTatlas Sun Mar 15 13:03:38 CET 2026
#@# WMParc Sun Mar 15 13:03:56 CET 2026
#@# ASeg Stats Sun Mar 15 13:05:36 CET 2026
recon-all -s sub-v2s10x30155_ses-1 finished without error at Sun Mar 15 13:05:52 CET 2026
