status file for recon-all
Sun Mar 15 09:27:35 CET 2026
#@# Tessellate lh Sun Mar 15 09:27:35 CET 2026
#@# Smooth1 lh Sun Mar 15 09:27:38 CET 2026
#@# Inflation1 lh Sun Mar 15 09:27:40 CET 2026
#@# QSphere lh Sun Mar 15 09:27:53 CET 2026
#@# Fix Topology lh Sun Mar 15 09:29:09 CET 2026
#@# Smooth2 lh Sun Mar 15 09:33:56 CET 2026
#@# Inflation2 lh Sun Mar 15 09:33:59 CET 2026
#@# Curv .H and .K lh Sun Mar 15 09:34:12 CET 2026
#@# Sphere lh Sun Mar 15 09:34:50 CET 2026
#@# Surf Reg lh Sun Mar 15 09:38:27 CET 2026
#@# Jacobian white lh Sun Mar 15 09:43:07 CET 2026
#@# AvgCurv lh Sun Mar 15 09:43:08 CET 2026
#@# Cortical Parc lh Sun Mar 15 09:43:09 CET 2026
#@# white curv lh Sun Mar 15 09:49:17 CET 2026
#@# white area lh Sun Mar 15 09:49:19 CET 2026
#@# pial curv lh Sun Mar 15 09:49:19 CET 2026
#@# pial area lh Sun Mar 15 09:49:21 CET 2026
#@# thickness lh Sun Mar 15 09:49:21 CET 2026
#@# area and vertex vol lh Sun Mar 15 09:49:41 CET 2026
#@# Curvature Stats lh Sun Mar 15 09:49:42 CET 2026
#@# Cortical Parc 2 lh Sun Mar 15 09:49:44 CET 2026
#@# Cortical Parc 3 lh Sun Mar 15 09:49:54 CET 2026
#@# WM/GM Contrast lh Sun Mar 15 09:50:02 CET 2026
recon-all -s sub-v2s10x28920_ses-1 finished without error at Sun Mar 15 09:50:04 CET 2026



#New# invocation of recon-all 



status file for recon-all
Sun Mar 15 10:15:30 CET 2026
#@# white curv lh Sun Mar 15 10:15:30 CET 2026
#@# white area lh Sun Mar 15 10:15:30 CET 2026
#@# pial curv lh Sun Mar 15 10:15:30 CET 2026
#@# pial area lh Sun Mar 15 10:15:30 CET 2026
#@# thickness lh Sun Mar 15 10:15:30 CET 2026
#@# area and vertex vol lh Sun Mar 15 10:15:30 CET 2026
#@# Parcellation Stats lh Sun Mar 15 10:15:30 CET 2026
#@# Parcellation Stats 2 lh Sun Mar 15 10:15:46 CET 2026
#@# Parcellation Stats 3 lh Sun Mar 15 10:15:54 CET 2026
#@# BA_exvivo Labels lh Sun Mar 15 10:16:02 CET 2026
recon-all -s sub-v2s10x28920_ses-1 finished without error at Sun Mar 15 10:18:09 CET 2026
