status file for recon-all
Sun Mar 15 08:11:40 CET 2026
#@# MotionCor Sun Mar 15 08:11:42 CET 2026
#@# Talairach Sun Mar 15 08:11:48 CET 2026
#@# Talairach Failure Detection Sun Mar 15 08:14:38 CET 2026
#@# Nu Intensity Correction Sun Mar 15 08:14:38 CET 2026
#@# Intensity Normalization Sun Mar 15 08:17:25 CET 2026
recon-all -s sub-v2s10x28920_ses-1 finished without error at Sun Mar 15 08:18:28 CET 2026



#New# invocation of recon-all 



status file for recon-all
Sun Mar 15 08:24:13 CET 2026
#@# EM Registration Sun Mar 15 08:24:13 CET 2026
recon-all -s sub-v2s10x28920_ses-1 finished without error at Sun Mar 15 08:26:06 CET 2026



#New# invocation of recon-all 



status file for recon-all
Sun Mar 15 08:26:07 CET 2026
#@# CA Normalize Sun Mar 15 08:26:07 CET 2026
#@# CA Reg Sun Mar 15 08:27:02 CET 2026
#@# SubCort Seg Sun Mar 15 09:01:58 CET 2026
#@# CC Seg Sun Mar 15 09:23:28 CET 2026
#@# Merge ASeg Sun Mar 15 09:23:51 CET 2026
#@# Intensity Normalization2 Sun Mar 15 09:23:51 CET 2026
#@# Mask BFS Sun Mar 15 09:25:22 CET 2026
#@# WM Segmentation Sun Mar 15 09:25:23 CET 2026
#@# Fill Sun Mar 15 09:26:55 CET 2026
recon-all -s sub-v2s10x28920_ses-1 finished without error at Sun Mar 15 09:27:32 CET 2026



#New# invocation of recon-all 



status file for recon-all
Sun Mar 15 10:10:50 CET 2026
#@# white curv lh Sun Mar 15 10:10:50 CET 2026
#@# white area lh Sun Mar 15 10:10:50 CET 2026
#@# pial curv lh Sun Mar 15 10:10:50 CET 2026
#@# pial area lh Sun Mar 15 10:10:50 CET 2026
#@# thickness lh Sun Mar 15 10:10:50 CET 2026
#@# area and vertex vol lh Sun Mar 15 10:10:50 CET 2026
#@# white curv rh Sun Mar 15 10:10:50 CET 2026
#@# white area rh Sun Mar 15 10:10:50 CET 2026
#@# pial curv rh Sun Mar 15 10:10:50 CET 2026
#@# pial area rh Sun Mar 15 10:10:50 CET 2026
#@# thickness rh Sun Mar 15 10:10:50 CET 2026
#@# area and vertex vol rh Sun Mar 15 10:10:50 CET 2026
#@# Cortical ribbon mask Sun Mar 15 10:10:50 CET 2026
recon-all -s sub-v2s10x28920_ses-1 finished without error at Sun Mar 15 10:15:25 CET 2026



#New# invocation of recon-all 



status file for recon-all
Sun Mar 15 10:20:58 CET 2026
#@# white curv lh Sun Mar 15 10:20:58 CET 2026
#@# white area lh Sun Mar 15 10:20:58 CET 2026
#@# pial curv lh Sun Mar 15 10:20:58 CET 2026
#@# pial area lh Sun Mar 15 10:20:58 CET 2026
#@# thickness lh Sun Mar 15 10:20:58 CET 2026
#@# area and vertex vol lh Sun Mar 15 10:20:58 CET 2026
#@# white curv rh Sun Mar 15 10:20:58 CET 2026
#@# white area rh Sun Mar 15 10:20:58 CET 2026
#@# pial curv rh Sun Mar 15 10:20:58 CET 2026
#@# pial area rh Sun Mar 15 10:20:58 CET 2026
#@# thickness rh Sun Mar 15 10:20:58 CET 2026
#@# area and vertex vol rh Sun Mar 15 10:20:58 CET 2026
#@# Curvature Stats lh Sun Mar 15 10:20:58 CET 2026
#@# Curvature Stats rh Sun Mar 15 10:21:00 CET 2026
#@# Relabel Hypointensities Sun Mar 15 10:21:02 CET 2026
#@# APas-to-ASeg Sun Mar 15 10:21:13 CET 2026
#@# AParc-to-ASeg aparc Sun Mar 15 10:21:20 CET 2026
#@# AParc-to-ASeg aparc.a2009s Sun Mar 15 10:21:46 CET 2026
#@# AParc-to-ASeg aparc.DKTatlas Sun Mar 15 10:22:14 CET 2026
#@# WMParc Sun Mar 15 10:22:39 CET 2026
#@# ASeg Stats Sun Mar 15 10:24:50 CET 2026
recon-all -s sub-v2s10x28920_ses-1 finished without error at Sun Mar 15 10:25:10 CET 2026
