status file for recon-all
Sun Mar 15 08:12:10 CET 2026
#@# MotionCor Sun Mar 15 08:12:11 CET 2026
#@# Talairach Sun Mar 15 08:12:19 CET 2026
#@# Talairach Failure Detection Sun Mar 15 08:16:44 CET 2026
#@# Nu Intensity Correction Sun Mar 15 08:16:44 CET 2026
#@# Intensity Normalization Sun Mar 15 08:19:56 CET 2026
recon-all -s sub-v2s10x28979_ses-1 finished without error at Sun Mar 15 08:21:34 CET 2026



#New# invocation of recon-all 



status file for recon-all
Sun Mar 15 08:28:11 CET 2026
#@# EM Registration Sun Mar 15 08:28:11 CET 2026
recon-all -s sub-v2s10x28979_ses-1 finished without error at Sun Mar 15 08:29:41 CET 2026



#New# invocation of recon-all 



status file for recon-all
Sun Mar 15 08:29:43 CET 2026
#@# CA Normalize Sun Mar 15 08:29:43 CET 2026
#@# CA Reg Sun Mar 15 08:31:05 CET 2026
#@# SubCort Seg Sun Mar 15 09:17:45 CET 2026
#@# CC Seg Sun Mar 15 09:44:14 CET 2026
#@# Merge ASeg Sun Mar 15 09:44:55 CET 2026
#@# Intensity Normalization2 Sun Mar 15 09:44:55 CET 2026
#@# Mask BFS Sun Mar 15 09:47:18 CET 2026
#@# WM Segmentation Sun Mar 15 09:47:18 CET 2026
#@# Fill Sun Mar 15 09:49:09 CET 2026
recon-all -s sub-v2s10x28979_ses-1 finished without error at Sun Mar 15 09:50:11 CET 2026



#New# invocation of recon-all 



status file for recon-all
Sun Mar 15 10:25:44 CET 2026
#@# white curv lh Sun Mar 15 10:25:44 CET 2026
#@# white area lh Sun Mar 15 10:25:44 CET 2026
#@# pial curv lh Sun Mar 15 10:25:44 CET 2026
#@# pial area lh Sun Mar 15 10:25:44 CET 2026
#@# thickness lh Sun Mar 15 10:25:44 CET 2026
#@# area and vertex vol lh Sun Mar 15 10:25:44 CET 2026
#@# white curv rh Sun Mar 15 10:25:44 CET 2026
#@# white area rh Sun Mar 15 10:25:44 CET 2026
#@# pial curv rh Sun Mar 15 10:25:44 CET 2026
#@# pial area rh Sun Mar 15 10:25:44 CET 2026
#@# thickness rh Sun Mar 15 10:25:44 CET 2026
#@# area and vertex vol rh Sun Mar 15 10:25:44 CET 2026
#@# Cortical ribbon mask Sun Mar 15 10:25:44 CET 2026
recon-all -s sub-v2s10x28979_ses-1 finished without error at Sun Mar 15 10:28:52 CET 2026



#New# invocation of recon-all 



status file for recon-all
Sun Mar 15 10:34:20 CET 2026
#@# white curv lh Sun Mar 15 10:34:20 CET 2026
#@# white area lh Sun Mar 15 10:34:20 CET 2026
#@# pial curv lh Sun Mar 15 10:34:20 CET 2026
#@# pial area lh Sun Mar 15 10:34:20 CET 2026
#@# thickness lh Sun Mar 15 10:34:20 CET 2026
#@# area and vertex vol lh Sun Mar 15 10:34:20 CET 2026
#@# white curv rh Sun Mar 15 10:34:20 CET 2026
#@# white area rh Sun Mar 15 10:34:20 CET 2026
#@# pial curv rh Sun Mar 15 10:34:20 CET 2026
#@# pial area rh Sun Mar 15 10:34:20 CET 2026
#@# thickness rh Sun Mar 15 10:34:20 CET 2026
#@# area and vertex vol rh Sun Mar 15 10:34:20 CET 2026
#@# Curvature Stats lh Sun Mar 15 10:34:20 CET 2026
#@# Curvature Stats rh Sun Mar 15 10:34:22 CET 2026
#@# Relabel Hypointensities Sun Mar 15 10:34:24 CET 2026
#@# APas-to-ASeg Sun Mar 15 10:34:39 CET 2026
#@# AParc-to-ASeg aparc Sun Mar 15 10:34:45 CET 2026
#@# AParc-to-ASeg aparc.a2009s Sun Mar 15 10:35:14 CET 2026
#@# AParc-to-ASeg aparc.DKTatlas Sun Mar 15 10:35:41 CET 2026
#@# WMParc Sun Mar 15 10:36:07 CET 2026
#@# ASeg Stats Sun Mar 15 10:39:43 CET 2026
recon-all -s sub-v2s10x28979_ses-1 finished without error at Sun Mar 15 10:40:16 CET 2026
