status file for recon-all
Sun Mar 15 09:50:15 CET 2026
#@# Tessellate lh Sun Mar 15 09:50:16 CET 2026
#@# Smooth1 lh Sun Mar 15 09:50:19 CET 2026
#@# Inflation1 lh Sun Mar 15 09:50:21 CET 2026
#@# QSphere lh Sun Mar 15 09:50:30 CET 2026
#@# Fix Topology lh Sun Mar 15 09:51:21 CET 2026
#@# Smooth2 lh Sun Mar 15 09:57:46 CET 2026
#@# Inflation2 lh Sun Mar 15 09:57:48 CET 2026
#@# Curv .H and .K lh Sun Mar 15 09:57:57 CET 2026
#@# Sphere lh Sun Mar 15 09:58:38 CET 2026
#@# Surf Reg lh Sun Mar 15 10:00:02 CET 2026
#@# Jacobian white lh Sun Mar 15 10:02:25 CET 2026
#@# AvgCurv lh Sun Mar 15 10:02:25 CET 2026
#@# Cortical Parc lh Sun Mar 15 10:02:26 CET 2026
#@# white curv lh Sun Mar 15 10:07:35 CET 2026
#@# white area lh Sun Mar 15 10:07:36 CET 2026
#@# pial curv lh Sun Mar 15 10:07:37 CET 2026
#@# pial area lh Sun Mar 15 10:07:38 CET 2026
#@# thickness lh Sun Mar 15 10:07:39 CET 2026
#@# area and vertex vol lh Sun Mar 15 10:08:04 CET 2026
#@# Curvature Stats lh Sun Mar 15 10:08:05 CET 2026
#@# Cortical Parc 2 lh Sun Mar 15 10:08:07 CET 2026
#@# Cortical Parc 3 lh Sun Mar 15 10:08:18 CET 2026
#@# WM/GM Contrast lh Sun Mar 15 10:08:27 CET 2026
recon-all -s sub-v2s10x28979_ses-1 finished without error at Sun Mar 15 10:08:29 CET 2026



#New# invocation of recon-all 



status file for recon-all
Sun Mar 15 10:28:56 CET 2026
#@# white curv lh Sun Mar 15 10:28:56 CET 2026
#@# white area lh Sun Mar 15 10:28:56 CET 2026
#@# pial curv lh Sun Mar 15 10:28:56 CET 2026
#@# pial area lh Sun Mar 15 10:28:56 CET 2026
#@# thickness lh Sun Mar 15 10:28:56 CET 2026
#@# area and vertex vol lh Sun Mar 15 10:28:56 CET 2026
#@# Parcellation Stats lh Sun Mar 15 10:28:56 CET 2026
#@# Parcellation Stats 2 lh Sun Mar 15 10:29:10 CET 2026
#@# Parcellation Stats 3 lh Sun Mar 15 10:29:18 CET 2026
#@# BA_exvivo Labels lh Sun Mar 15 10:29:25 CET 2026
recon-all -s sub-v2s10x28979_ses-1 finished without error at Sun Mar 15 10:31:35 CET 2026
