/out/sourcedata/freesurfer/sub-v2s10x28961_ses-1/mri
/opt/freesurfer/bin/talairach_avi
--i orig_nu.mgz --xfm transforms/talairach.auto.xfm
talairach_avi 7.3.2
Linux dna082 5.14.0-427.37.1.el9_4.x86_64 #1 SMP PREEMPT_DYNAMIC Fri Sep 13 12:41:50 EDT 2024 x86_64 x86_64 x86_64 GNU/Linux
Sun Mar 15 08:14:01 CET 2026
mri_convert orig_nu.mgz talsrcimg.img 
reading from orig_nu.mgz...
TR=0.00, TE=0.00, TI=0.00, flip angle=0.00
i_ras = (-1, -2.03727e-09, 0)
j_ras = (7.45058e-09, 4.65661e-10, -1)
k_ras = (-1.28057e-08, 1, -4.65661e-10)
writing to talsrcimg.img...
Analyze Output Matrix
-1.00000   0.00000  -0.00000   131.58411;
-0.00000   0.00000   1.00000  -107.87603;
 0.00000  -1.00000  -0.00000   111.17908;
 0.00000   0.00000   0.00000   1.00000;
--------------------
INFO: set hdr.hist.orient to -1
mpr2mni305 talsrcimg
Sun Mar 15 08:14:02 CET 2026
/opt/freesurfer/bin/mpr2mni305 talsrcimg
mpr2mni305 7.3.2
target=711-2C_as_mni_average_305

---------------------------------------------------------------------
analyzeto4dfp talsrcimg -O0 -y
---------------------------------------------------------------------

freesurfer ifh2hdr.c
Sun Mar 15 08:14:02 2026
Writing: talsrcimg.4dfp.hdr
freesurfer analyzeto4dfp.c
Reading: talsrcimg.hdr
header size 348 bytes
hdr.dime.datatype	offset=70	value=2
hdr.dime.bitpix		offset=72	value=8
hdr.hist.orient		offset=252	value=-1
dimensionality     4
dimensions       256       256       256         1
Reading: talsrcimg.img
Writing: talsrcimg.4dfp.img
Writing: talsrcimg.4dfp.ifh
ifh2hdr talsrcimg -r0to199
ori=2

---------------------------------------------------------------------
gauss_4dfp talsrcimg 1.1
---------------------------------------------------------------------

freesurfer gauss_4dfp.c
Reading: talsrcimg.4dfp.img
Writing: talsrcimg_g11.4dfp.img
image dimensions 256 256 256 padded to 288 288 288
processing volume 1freesurfer ifh2hdr.c
Sun Mar 15 08:14:03 2026
Writing: talsrcimg_g11.4dfp.hdr

Writing: talsrcimg_g11.4dfp.ifh
including: talsrcimg.4dfp.img.rec in talsrcimg_g11.4dfp.img.rec

---------------------------------------------------------------------
imgreg_4dfp /opt/freesurfer/average/711-2C_as_mni_average_305 none talsrcimg_g11 none talsrcimg_to_711-2C_as_mni_average_305_t4 4355
---------------------------------------------------------------------

freesurfer imgreg_4dfp.c
/opt/freesurfer/average/711-2C_as_mni_average_305.4dfp.img
       256       256       256         1
  1.000000  1.000000  1.000000
orientation T byte_order littleendian
Reading image: /opt/freesurfer/average/711-2C_as_mni_average_305.4dfp.img
dimensions:      256       256       256
mmppix:       1.0000   -1.0000   -1.0000
center:     128.0000 -129.0000 -129.0000
talsrcimg_g11.4dfp.img
       256       256       256         1
  1.000000  1.000000  1.000000
orientation T byte_order littleendian
Reading image: talsrcimg_g11.4dfp.img
dimensions:      256       256       256
mmppix:       1.0000   -1.0000   -1.0000
center:     128.0000 -129.0000 -129.0000
t4_read: open error in t4_sub.f l:  41 t4_file(1:l)talsrcimg_to_711-2C_as_mni_average_305_t4 
t4_read: transform initialized to I4
rotation matrix determinant  1.000000
image alignment mode   4355 decimal     1103 hex
   -7.5000  -45.0000  -45.0000 5771.6343   18.2011
    0.0000  -45.0000  -45.0000 5995.3594   18.1596
    7.5000  -45.0000  -45.0000 5764.7988   18.1391
   -7.5000  -37.5000  -45.0000 6420.3394   17.6547
    0.0000  -37.5000  -45.0000 6653.9927   17.6126
    7.5000  -37.5000  -45.0000 6388.5386   17.5867
   -7.5000  -30.0000  -45.0000 7354.5889   17.2861
    0.0000  -30.0000  -45.0000 7625.3203   17.2502
    7.5000  -30.0000  -45.0000 7303.9214   17.2298
   -7.5000  -22.5000  -45.0000 8354.0215   17.0146
    0.0000  -22.5000  -45.0000 8682.3467   16.9852
    7.5000  -22.5000  -45.0000 8288.5391   16.9758
   -7.5000  -15.0000  -45.0000 9395.3252   16.9171
    0.0000  -15.0000  -45.0000 9773.0254   16.8910
    7.5000  -15.0000  -45.0000 9305.7656   16.8881
   -7.5000   -7.5000  -45.000010425.9922   16.8803
    0.0000   -7.5000  -45.000010855.2900   16.8504
    7.5000   -7.5000  -45.000010341.9648   16.8433
   -7.5000    0.0000  -45.000011414.9121   16.8859
    0.0000    0.0000  -45.000011899.8906   16.8495
    7.5000    0.0000  -45.000011328.7744   16.8325
   -7.5000    7.5000  -45.000011467.2461   16.8988
    0.0000    7.5000  -45.000011951.6787   16.8603
    7.5000    7.5000  -45.000011373.2969   16.8374
   -7.5000   15.0000  -45.000011332.8779   16.8913
    0.0000   15.0000  -45.000011810.4619   16.8565
    7.5000   15.0000  -45.000011217.3037   16.8374
   -7.5000   22.5000  -45.000011141.8623   16.8713
    0.0000   22.5000  -45.000011611.0322   16.8423
    7.5000   22.5000  -45.000011012.8369   16.8333
   -7.5000   30.0000  -45.000010884.9502   16.6418
    0.0000   30.0000  -45.000011319.9805   16.6160
    7.5000   30.0000  -45.000010739.0137   16.6131
   -7.5000   37.5000  -45.000010966.9834   16.6419
    0.0000   37.5000  -45.000011396.5928   16.6125
    7.5000   37.5000  -45.000010813.3457   16.6056
   -7.5000   45.0000  -45.000010561.3047   16.2378
    0.0000   45.0000  -45.000010961.0225   16.2028
    7.5000   45.0000  -45.000010393.9727   16.1865
   -7.5000  -45.0000  -37.5000 6127.1963   18.1804
    0.0000  -45.0000  -37.5000 6366.3765   18.1337
    7.5000  -45.0000  -37.5000 6107.1631   18.1079
   -7.5000  -37.5000  -37.5000 6806.1846   17.6336
    0.0000  -37.5000  -37.5000 7057.1802   17.5890
    7.5000  -37.5000  -37.5000 6748.0234   17.5595
   -7.5000  -30.0000  -37.5000 7815.9565   17.2639
    0.0000  -30.0000  -37.5000 8105.7397   17.2283
    7.5000  -30.0000  -37.5000 7731.6274   17.2058
   -7.5000  -22.5000  -37.5000 8870.9932   16.9918
    0.0000  -22.5000  -37.5000 9235.4805   16.9648
    7.5000  -22.5000  -37.5000 8798.2344   16.9532
   -7.5000  -15.0000  -37.5000 9963.4404   16.8956
    0.0000  -15.0000  -37.500010389.9404   16.8711
    7.5000  -15.0000  -37.5000 9903.8750   16.8657
   -7.5000   -7.5000  -37.500011047.2568   16.8612
    0.0000   -7.5000  -37.500011518.6270   16.8296
    7.5000   -7.5000  -37.500010969.3418   16.8191
   -7.5000    0.0000  -37.500012087.9385   16.8680
    0.0000    0.0000  -37.500012600.2227   16.8273
    7.5000    0.0000  -37.500011987.4336   16.8065
   -7.5000    7.5000  -37.500012112.3389   16.8795
    0.0000    7.5000  -37.500012621.5791   16.8381
    7.5000    7.5000  -37.500011998.3223   16.8123
   -7.5000   15.0000  -37.500011974.8672   16.8698
    0.0000   15.0000  -37.500012460.1006   16.8353
    7.5000   15.0000  -37.500011837.0801   16.8142
   -7.5000   22.5000  -37.500011767.5459   16.8489
    0.0000   22.5000  -37.500012262.4482   16.8223
    7.5000   22.5000  -37.500011619.7529   16.8112
   -7.5000   30.0000  -37.500011483.5684   16.6207
    0.0000   30.0000  -37.500011952.7734   16.5965
    7.5000   30.0000  -37.500011314.4111   16.5912
   -7.5000   37.5000  -37.500011528.3379   16.6230
    0.0000   37.5000  -37.500012000.8652   16.5920
    7.5000   37.5000  -37.500011370.4980   16.5817
   -7.5000   45.0000  -37.500011064.2686   16.2206
    0.0000   45.0000  -37.500011501.0781   16.1815
    7.5000   45.0000  -37.500010895.8477   16.1614
   -7.5000  -45.0000  -30.0000 6582.1743   18.9577
    0.0000  -45.0000  -30.0000 6857.4136   18.9052
    7.5000  -45.0000  -30.0000 6563.6772   18.8725
   -7.5000  -37.5000  -30.0000 7307.6768   18.3785
    0.0000  -37.5000  -30.0000 7588.6582   18.3291
    7.5000  -37.5000  -30.0000 7247.9199   18.2957
   -7.5000  -30.0000  -30.0000 8394.5029   17.9955
    0.0000  -30.0000  -30.0000 8723.5469   17.9533
    7.5000  -30.0000  -30.0000 8312.2871   17.9258
   -7.5000  -22.5000  -30.0000 9529.5391   17.7212
    0.0000  -22.5000  -30.0000 9947.9814   17.6867
    7.5000  -22.5000  -30.0000 9466.8945   17.6679
   -7.5000  -15.0000  -30.000010711.3750   17.6287
    0.0000  -15.0000  -30.000011177.8271   17.5977
    7.5000  -15.0000  -30.000010627.4951   17.5834
   -7.5000   -7.5000  -30.000011848.9443   17.5905
    0.0000   -7.5000  -30.000012348.1084   17.5542
    7.5000   -7.5000  -30.000011738.3027   17.5358
   -7.5000    0.0000  -30.000012923.5293   17.5880
    0.0000    0.0000  -30.000013468.9814   17.5436
    7.5000    0.0000  -30.000012806.9248   17.5174
   -7.5000    7.5000  -30.000012929.1650   17.5928
    0.0000    7.5000  -30.000013479.0459   17.5469
    7.5000    7.5000  -30.000012817.5850   17.5175
   -7.5000   15.0000  -30.000012771.3066   17.5844
    0.0000   15.0000  -30.000013300.0732   17.5437
    7.5000   15.0000  -30.000012633.0137   17.5180
   -7.5000   22.5000  -30.000012554.4609   17.5702
    0.0000   22.5000  -30.000013088.7402   17.5363
    7.5000   22.5000  -30.000012379.0010   17.5181
   -7.5000   30.0000  -30.000012259.0508   17.3434
    0.0000   30.0000  -30.000012761.8584   17.3129
    7.5000   30.0000  -30.000012045.7676   17.2988
   -7.5000   37.5000  -30.000012294.8369   17.3438
    0.0000   37.5000  -30.000012815.0928   17.3080
    7.5000   37.5000  -30.000012098.7705   17.2899
   -7.5000   45.0000  -30.000011736.6426   16.9254
    0.0000   45.0000  -30.000012228.5078   16.8826
    7.5000   45.0000  -30.000011555.7119   16.8575
   -7.5000  -45.0000  -22.5000 7011.8394   19.6378
    0.0000  -45.0000  -22.5000 7311.2915   19.5849
    7.5000  -45.0000  -22.5000 6985.5776   19.5515
   -7.5000  -37.5000  -22.5000 7770.0493   19.0297
    0.0000  -37.5000  -22.5000 8099.3120   18.9778
    7.5000  -37.5000  -22.5000 7723.9580   18.9444
   -7.5000  -30.0000  -22.5000 8942.5410   18.6386
    0.0000  -30.0000  -22.5000 9319.2314   18.5884
    7.5000  -30.0000  -22.5000 8873.5713   18.5588
   -7.5000  -22.5000  -22.500010154.7900   18.3671
    0.0000  -22.5000  -22.500010611.0625   18.3219
    7.5000  -22.5000  -22.500010091.0098   18.2981
   -7.5000  -15.0000  -22.500011390.5635   18.2790
    0.0000  -15.0000  -22.500011881.7949   18.2388
    7.5000  -15.0000  -22.500011309.5645   18.2184
   -7.5000   -7.5000  -22.500012572.3828   18.2331
    0.0000   -7.5000  -22.500013126.2500   18.1932
    7.5000   -7.5000  -22.500012491.9492   18.1707
   -7.5000    0.0000  -22.500013697.6758   18.2171
    0.0000    0.0000  -22.500014280.9883   18.1733
    7.5000    0.0000  -22.500013583.4297   18.1463
   -7.5000    7.5000  -22.500013687.9014   18.2157
    0.0000    7.5000  -22.500014278.4521   18.1680
    7.5000    7.5000  -22.500013566.9453   18.1384
   -7.5000   15.0000  -22.500013487.6992   18.2127
    0.0000   15.0000  -22.500014071.1299   18.1644
    7.5000   15.0000  -22.500013357.3984   18.1368
   -7.5000   22.5000  -22.500013254.6602   18.2091
    0.0000   22.5000  -22.500013819.6875   18.1645
    7.5000   22.5000  -22.500013047.6084   18.1415
   -7.5000   30.0000  -22.500012935.0400   17.9857
    0.0000   30.0000  -22.500013489.6055   17.9463
    7.5000   30.0000  -22.500012714.5918   17.9262
   -7.5000   37.5000  -22.500013007.4326   17.9802
    0.0000   37.5000  -22.500013571.5400   17.9409
    7.5000   37.5000  -22.500012773.3408   17.9187
   -7.5000   45.0000  -22.500012401.9463   17.5440
    0.0000   45.0000  -22.500012934.5439   17.5018
    7.5000   45.0000  -22.500012173.6719   17.4758
   -7.5000  -45.0000  -15.0000 7401.1475   20.1222
    0.0000  -45.0000  -15.0000 7719.1436   20.0736
    7.5000  -45.0000  -15.0000 7369.4985   20.0457
   -7.5000  -37.5000  -15.0000 8239.6416   19.5000
    0.0000  -37.5000  -15.0000 8604.6592   19.4489
    7.5000  -37.5000  -15.0000 8190.7534   19.4186
   -7.5000  -30.0000  -15.0000 9508.2656   19.1029
    0.0000  -30.0000  -15.0000 9909.6846   19.0499
    7.5000  -30.0000  -15.0000 9429.7080   19.0217
   -7.5000  -22.5000  -15.000010806.1475   18.8282
    0.0000  -22.5000  -15.000011258.3135   18.7783
    7.5000  -22.5000  -15.000010700.9717   18.7557
   -7.5000  -15.0000  -15.000012096.0381   18.7374
    0.0000  -15.0000  -15.000012602.9775   18.6938
    7.5000  -15.0000  -15.000011993.3262   18.6753
   -7.5000   -7.5000  -15.000013319.4541   18.6862
    0.0000   -7.5000  -15.000013889.0391   18.6470
    7.5000   -7.5000  -15.000013209.6182   18.6277
   -7.5000    0.0000  -15.000014485.8828   18.6662
    0.0000    0.0000  -15.000015102.0586   18.6257
    7.5000    0.0000  -15.000014333.7891   18.6026
   -7.5000    7.5000  -15.000014451.4521   18.6655
    0.0000    7.5000  -15.000015078.8838   18.6191
    7.5000    7.5000  -15.000014316.2197   18.5921
   -7.5000   15.0000  -15.000014212.5195   18.6665
    0.0000   15.0000  -15.000014834.2891   18.6155
    7.5000   15.0000  -15.000014058.8594   18.5890
   -7.5000   22.5000  -15.000013934.2480   18.6652
    0.0000   22.5000  -15.000014506.6357   18.6160
    7.5000   22.5000  -15.000013692.8408   18.5942
   -7.5000   30.0000  -15.000013605.1084   18.4393
    0.0000   30.0000  -15.000014152.7900   18.3965
    7.5000   30.0000  -15.000013335.3867   18.3782
   -7.5000   37.5000  -15.000013675.3330   18.4297
    0.0000   37.5000  -15.000014247.1475   18.3911
    7.5000   37.5000  -15.000013413.4004   18.3720
   -7.5000   45.0000  -15.000013012.3584   17.9873
    0.0000   45.0000  -15.000013562.5039   17.9483
    7.5000   45.0000  -15.000012768.7109   17.9261
   -7.5000  -45.0000   -7.5000 7821.4321   20.3428
    0.0000  -45.0000   -7.5000 8140.4604   20.2980
    7.5000  -45.0000   -7.5000 7759.1514   20.2756
   -7.5000  -37.5000   -7.5000 8741.4277   19.7238
    0.0000  -37.5000   -7.5000 9112.0371   19.6758
    7.5000  -37.5000   -7.5000 8674.3926   19.6480
   -7.5000  -30.0000   -7.500010080.1689   19.3181
    0.0000  -30.0000   -7.500010511.2207   19.2709
    7.5000  -30.0000   -7.5000 9996.1309   19.2463
   -7.5000  -22.5000   -7.500011457.7686   19.0283
    0.0000  -22.5000   -7.500011921.5400   18.9851
    7.5000  -22.5000   -7.500011323.3418   18.9693
   -7.5000  -15.0000   -7.500012798.2920   18.9272
    0.0000  -15.0000   -7.500013294.8213   18.8898
    7.5000  -15.0000   -7.500012670.6270   18.8798
   -7.5000   -7.5000   -7.500014075.1055   18.8795
    0.0000   -7.5000   -7.500014618.5322   18.8442
    7.5000   -7.5000   -7.500013928.1836   18.8321
   -7.5000    0.0000   -7.500015284.6924   18.8719
    0.0000    0.0000   -7.500015836.6436   18.8335
    7.5000    0.0000   -7.500015085.7822   18.8146
   -7.5000    7.5000   -7.500015257.4893   18.8794
    0.0000    7.5000   -7.500015838.2588   18.8360
    7.5000    7.5000   -7.500015083.5908   18.8112
   -7.5000   15.0000   -7.500015045.7920   18.8770
    0.0000   15.0000   -7.500015624.0996   18.8313
    7.5000   15.0000   -7.500014848.2646   18.8084
   -7.5000   22.5000   -7.500014681.2520   18.8616
    0.0000   22.5000   -7.500015227.2598   18.8191
    7.5000   22.5000   -7.500014447.6875   18.8039
   -7.5000   30.0000   -7.500014305.8770   18.6257
    0.0000   30.0000   -7.500014856.2793   18.5890
    7.5000   30.0000   -7.500014061.7959   18.5790
   -7.5000   37.5000   -7.500014378.4766   18.6198
    0.0000   37.5000   -7.500014946.6631   18.5850
    7.5000   37.5000   -7.500014110.2490   18.5731
   -7.5000   45.0000   -7.500013690.9834   18.1889
    0.0000   45.0000   -7.500014228.2734   18.1520
    7.5000   45.0000   -7.500013403.9385   18.1337
   -7.5000  -45.0000    0.0000 8160.3940   20.3574
    0.0000  -45.0000    0.0000 8501.3486   20.3111
    7.5000  -45.0000    0.0000 8082.1313   20.2884
   -7.5000  -37.5000    0.0000 9169.8662   19.7466
    0.0000  -37.5000    0.0000 9562.1934   19.6997
    7.5000  -37.5000    0.0000 9091.7812   19.6709
   -7.5000  -30.0000    0.000010586.9863   19.3345
    0.0000  -30.0000    0.000011029.6055   19.2945
    7.5000  -30.0000    0.000010489.0176   19.2718
   -7.5000  -22.5000    0.000012034.7773   19.0309
    0.0000  -22.5000    0.000012480.5195   18.9982
    7.5000  -22.5000    0.000011872.0244   18.9877
   -7.5000  -15.0000    0.000013406.6230   18.9218
    0.0000  -15.0000    0.000013878.7021   18.8927
    7.5000  -15.0000    0.000013250.1201   18.8896
   -7.5000   -7.5000    0.000014696.6992   18.8806
    0.0000   -7.5000    0.000015223.0420   18.8474
    7.5000   -7.5000    0.000014530.0693   18.8396
   -7.5000    0.0000    0.000015895.4199   18.8870
    0.0000    0.0000    0.000016413.4863   18.8464
    7.5000    0.0000    0.000015697.8604   18.8276
   -7.5000    7.5000    0.000015900.8066   18.9015
    0.0000    7.5000    0.000016435.7949   18.8586
    7.5000    7.5000    0.000015709.7256   18.8331
   -7.5000   15.0000    0.000015737.9404   18.8931
    0.0000   15.0000    0.000016284.1172   18.8543
    7.5000   15.0000    0.000015548.2705   18.8331
   -7.5000   22.5000    0.000015243.1426   18.8645
    0.0000   22.5000    0.000015819.7725   18.8323
    7.5000   22.5000    0.000015174.3428   18.8224
   -7.5000   30.0000    0.000014822.1006   18.6211
    0.0000   30.0000    0.000015401.2090   18.5924
    7.5000   30.0000    0.000014747.0205   18.5893
   -7.5000   37.5000    0.000014937.4189   18.6213
    0.0000   37.5000    0.000015486.2178   18.5886
    7.5000   37.5000    0.000014757.6123   18.5809
   -7.5000   45.0000    0.000014206.5088   18.2049
    0.0000   45.0000    0.000014722.5703   18.1658
    7.5000   45.0000    0.000013981.5869   18.1476
   -7.5000  -45.0000    7.5000 7871.1958   20.3442
    0.0000  -45.0000    7.5000 8165.1353   20.2919
    7.5000  -45.0000    7.5000 7777.7085   20.2630
   -7.5000  -37.5000    7.5000 8851.9883   19.7323
    0.0000  -37.5000    7.5000 9221.9404   19.6824
    7.5000  -37.5000    7.5000 8769.2334   19.6495
   -7.5000  -30.0000    7.500010218.0459   19.3187
    0.0000  -30.0000    7.500010653.3457   19.2789
    7.5000  -30.0000    7.500010110.0479   19.2536
   -7.5000  -22.5000    7.500011580.8184   19.0142
    0.0000  -22.5000    7.500012054.1309   18.9839
    7.5000  -22.5000    7.500011449.7285   18.9709
   -7.5000  -15.0000    7.500012909.2734   18.9065
    0.0000  -15.0000    7.500013422.8857   18.8790
    7.5000  -15.0000    7.500012776.1221   18.8731
   -7.5000   -7.5000    7.500014165.8682   18.8679
    0.0000   -7.5000    7.500014691.3809   18.8326
    7.5000   -7.5000    7.500014019.4893   18.8209
   -7.5000    0.0000    7.500015303.4795   18.8755
    0.0000    0.0000    7.500015807.1270   18.8301
    7.5000    0.0000    7.500015156.5791   18.8067
   -7.5000    7.5000    7.500015268.1230   18.8884
    0.0000    7.5000    7.500015766.2314   18.8422
    7.5000    7.5000    7.500015142.8213   18.8133
   -7.5000   15.0000    7.500015086.1562   18.8777
    0.0000   15.0000    7.500015600.1133   18.8390
    7.5000   15.0000    7.500015005.0879   18.8154
   -7.5000   22.5000    7.500014670.7305   18.8482
    0.0000   22.5000    7.500015192.9648   18.8184
    7.5000   22.5000    7.500014690.5791   18.8059
   -7.5000   30.0000    7.500014301.4072   18.6060
    0.0000   30.0000    7.500014833.3389   18.5790
    7.5000   30.0000    7.500014289.4404   18.5731
   -7.5000   37.5000    7.500014422.5098   18.6087
    0.0000   37.5000    7.500014938.8936   18.5739
    7.5000   37.5000    7.500014285.3496   18.5624
   -7.5000   45.0000    7.500013702.1377   18.1939
    0.0000   45.0000    7.500014167.0732   18.1500
    7.5000   45.0000    7.500013508.4238   18.1275
   -7.5000  -45.0000   15.0000 7460.3638   20.3768
    0.0000  -45.0000   15.0000 7726.5068   20.3203
    7.5000  -45.0000   15.0000 7372.1675   20.2851
   -7.5000  -37.5000   15.0000 8398.5029   19.7540
    0.0000  -37.5000   15.0000 8734.4990   19.7009
    7.5000  -37.5000   15.0000 8318.6689   19.6648
   -7.5000  -30.0000   15.0000 9725.9902   19.3419
    0.0000  -30.0000   15.000010112.9014   19.2966
    7.5000  -30.0000   15.0000 9619.5986   19.2670
   -7.5000  -22.5000   15.000011019.7363   19.0468
    0.0000  -22.5000   15.000011459.4912   19.0097
    7.5000  -22.5000   15.000010898.7490   18.9894
   -7.5000  -15.0000   15.000012270.2715   18.9473
    0.0000  -15.0000   15.000012770.5625   18.9140
    7.5000  -15.0000   15.000012172.0166   18.8984
   -7.5000   -7.5000   15.000013439.4365   18.9062
    0.0000   -7.5000   15.000013965.0225   18.8671
    7.5000   -7.5000   15.000013338.2451   18.8473
   -7.5000    0.0000   15.000014558.1904   18.9036
    0.0000    0.0000   15.000015082.4014   18.8558
    7.5000    0.0000   15.000014433.7529   18.8276
   -7.5000    7.5000   15.000014540.0752   18.9088
    0.0000    7.5000   15.000015060.2178   18.8595
    7.5000    7.5000   15.000014441.1465   18.8277
   -7.5000   15.0000   15.000014347.4795   18.8997
    0.0000   15.0000   15.000014858.4463   18.8560
    7.5000   15.0000   15.000014286.4590   18.8283
   -7.5000   22.5000   15.000014014.4043   18.8802
    0.0000   22.5000   15.000014526.7588   18.8438
    7.5000   22.5000   15.000013969.7344   18.8241
   -7.5000   30.0000   15.000013717.4873   18.6460
    0.0000   30.0000   15.000014225.1309   18.6133
    7.5000   30.0000   15.000013611.3418   18.5980
   -7.5000   37.5000   15.000013825.9023   18.6465
    0.0000   37.5000   15.000014329.5264   18.6080
    7.5000   37.5000   15.000013656.3740   18.5885
   -7.5000   45.0000   15.000013137.5430   18.2209
    0.0000   45.0000   15.000013604.5684   18.1748
    7.5000   45.0000   15.000012948.6553   18.1477
   -7.5000  -45.0000   22.5000 7013.9966   20.4673
    0.0000  -45.0000   22.5000 7228.6587   20.4121
    7.5000  -45.0000   22.5000 6911.8706   20.3769
   -7.5000  -37.5000   22.5000 7859.9814   19.8344
    0.0000  -37.5000   22.5000 8164.2290   19.7802
    7.5000  -37.5000   22.5000 7782.2305   19.7450
   -7.5000  -30.0000   22.5000 9096.6318   19.4273
    0.0000  -30.0000   22.5000 9467.2285   19.3748
    7.5000  -30.0000   22.5000 8995.2568   19.3437
   -7.5000  -22.5000   22.500010310.5059   19.1437
    0.0000  -22.5000   22.500010752.5020   19.0964
    7.5000  -22.5000   22.500010229.6367   19.0713
   -7.5000  -15.0000   22.500011516.6875   19.0514
    0.0000  -15.0000   22.500012007.9102   19.0095
    7.5000  -15.0000   22.500011433.1367   18.9879
   -7.5000   -7.5000   22.500012661.9189   19.0035
    0.0000   -7.5000   22.500013165.5410   18.9618
    7.5000   -7.5000   22.500012552.6455   18.9380
   -7.5000    0.0000   22.500013744.8477   18.9869
    0.0000    0.0000   22.500014247.2715   18.9411
    7.5000    0.0000   22.500013595.8740   18.9126
   -7.5000    7.5000   22.500013765.2236   18.9854
    0.0000    7.5000   22.500014267.6211   18.9356
    7.5000    7.5000   22.500013657.8467   18.9044
   -7.5000   15.0000   22.500013604.3447   18.9822
    0.0000   15.0000   22.500014074.2188   18.9317
    7.5000   15.0000   22.500013522.5537   18.9026
   -7.5000   22.5000   22.500013285.6504   18.9754
    0.0000   22.5000   22.500013741.3506   18.9289
    7.5000   22.5000   22.500013191.7031   18.9046
   -7.5000   30.0000   22.500012961.2949   18.7481
    0.0000   30.0000   22.500013397.2881   18.7070
    7.5000   30.0000   22.500012824.8730   18.6857
   -7.5000   37.5000   22.500013063.0469   18.7424
    0.0000   37.5000   22.500013512.9824   18.7014
    7.5000   37.5000   22.500012893.2305   18.6780
   -7.5000   45.0000   22.500012440.1318   18.3011
    0.0000   45.0000   22.500012867.1689   18.2570
    7.5000   45.0000   22.500012255.0371   18.2296
   -7.5000  -45.0000   30.0000 6493.0649   20.5883
    0.0000  -45.0000   30.0000 6693.0703   20.5381
    7.5000  -45.0000   30.0000 6386.2485   20.5087
   -7.5000  -37.5000   30.0000 7267.1035   19.9538
    0.0000  -37.5000   30.0000 7547.4858   19.9011
    7.5000  -37.5000   30.0000 7167.5850   19.8692
   -7.5000  -30.0000   30.0000 8399.0215   19.5501
    0.0000  -30.0000   30.0000 8739.3789   19.4955
    7.5000  -30.0000   30.0000 8287.3213   19.4658
   -7.5000  -22.5000   30.0000 9536.7578   19.2699
    0.0000  -22.5000   30.0000 9941.1768   19.2184
    7.5000  -22.5000   30.0000 9454.9082   19.1945
   -7.5000  -15.0000   30.000010693.3770   19.1771
    0.0000  -15.0000   30.000011132.4033   19.1320
    7.5000  -15.0000   30.000010593.7979   19.1125
   -7.5000   -7.5000   30.000011765.7354   19.1244
    0.0000   -7.5000   30.000012262.0732   19.0839
    7.5000   -7.5000   30.000011640.4268   19.0635
   -7.5000    0.0000   30.000012804.2080   19.1038
    0.0000    0.0000   30.000013313.3242   19.0619
    7.5000    0.0000   30.000012633.5498   19.0376
   -7.5000    7.5000   30.000012822.3047   19.1028
    0.0000    7.5000   30.000013332.1680   19.0549
    7.5000    7.5000   30.000012695.9902   19.0265
   -7.5000   15.0000   30.000012651.3369   19.1036
    0.0000   15.0000   30.000013151.9375   19.0510
    7.5000   15.0000   30.000012553.9336   19.0231
   -7.5000   22.5000   30.000012364.3916   19.1003
    0.0000   22.5000   30.000012829.0820   19.0495
    7.5000   22.5000   30.000012266.3955   19.0265
   -7.5000   30.0000   30.000012034.4902   18.8714
    0.0000   30.0000   30.000012465.3535   18.8272
    7.5000   30.0000   30.000011913.1123   18.8079
   -7.5000   37.5000   30.000012114.7324   18.8617
    0.0000   37.5000   30.000012539.3740   18.8218
    7.5000   37.5000   30.000011975.2227   18.8018
   -7.5000   45.0000   30.000011574.8486   18.4138
    0.0000   45.0000   30.000011973.8740   18.3735
    7.5000   45.0000   30.000011423.9463   18.3501
   -7.5000  -45.0000   37.5000 6170.3472   20.8023
    0.0000  -45.0000   37.5000 6374.0703   20.7570
    7.5000  -45.0000   37.5000 6074.0337   20.7339
   -7.5000  -37.5000   37.5000 6925.2051   20.1705
    0.0000  -37.5000   37.5000 7193.4243   20.1218
    7.5000  -37.5000   37.5000 6832.2471   20.0930
   -7.5000  -30.0000   37.5000 7998.5054   19.7590
    0.0000  -30.0000   37.5000 8335.8633   19.7110
    7.5000  -30.0000   37.5000 7918.9219   19.6855
   -7.5000  -22.5000   37.5000 9099.5684   19.4635
    0.0000  -22.5000   37.5000 9492.5205   19.4198
    7.5000  -22.5000   37.5000 9014.9170   19.4036
   -7.5000  -15.0000   37.500010206.1924   19.3597
    0.0000  -15.0000   37.500010648.3691   19.3219
    7.5000  -15.0000   37.500010085.4883   19.3120
   -7.5000   -7.5000   37.500011246.6152   19.3098
    0.0000   -7.5000   37.500011735.6074   19.2740
    7.5000   -7.5000   37.500011104.4131   19.2619
   -7.5000    0.0000   37.500012234.0498   19.3020
    0.0000    0.0000   37.500012752.0684   19.2630
    7.5000    0.0000   37.500012079.9717   19.2436
   -7.5000    7.5000   37.500012259.7832   19.3103
    0.0000    7.5000   37.500012781.6230   19.2661
    7.5000    7.5000   37.500012136.4961   19.2403
   -7.5000   15.0000   37.500012109.2637   19.3081
    0.0000   15.0000   37.500012594.3037   19.2616
    7.5000   15.0000   37.500012004.8828   19.2377
   -7.5000   22.5000   37.500011830.8623   19.2919
    0.0000   22.5000   37.500012271.8447   19.2488
    7.5000   22.5000   37.500011738.8154   19.2332
   -7.5000   30.0000   37.500011500.0957   19.0507
    0.0000   30.0000   37.500011909.1777   19.0135
    7.5000   30.0000   37.500011399.5986   19.0037
   -7.5000   37.5000   37.500011586.1504   19.0444
    0.0000   37.5000   37.500011998.0869   19.0091
    7.5000   37.5000   37.500011467.8125   18.9972
   -7.5000   45.0000   37.500011094.3223   18.6049
    0.0000   45.0000   37.500011476.4805   18.5673
    7.5000   45.0000   37.500010955.5361   18.5486
   -7.5000  -45.0000   45.0000 5579.2271   21.0878
    0.0000  -45.0000   45.0000 5763.7744   21.0373
    7.5000  -45.0000   45.0000 5503.1123   21.0110
   -7.5000  -37.5000   45.0000 6276.7656   20.4461
    0.0000  -37.5000   45.0000 6509.1255   20.3951
    7.5000  -37.5000   45.0000 6196.2207   20.3627
   -7.5000  -30.0000   45.0000 7261.6807   20.0194
    0.0000  -30.0000   45.0000 7551.2236   19.9753
    7.5000  -30.0000   45.0000 7193.0713   19.9494
   -7.5000  -22.5000   45.0000 8268.2578   19.7069
    0.0000  -22.5000   45.0000 8598.4268   19.6699
    7.5000  -22.5000   45.0000 8196.7812   19.6569
   -7.5000  -15.0000   45.0000 9287.1582   19.5953
    0.0000  -15.0000   45.0000 9647.1357   19.5618
    7.5000  -15.0000   45.0000 9170.2471   19.5565
   -7.5000   -7.5000   45.000010240.8359   19.5498
    0.0000   -7.5000   45.000010648.4512   19.5122
    7.5000   -7.5000   45.000010100.9365   19.5019
   -7.5000    0.0000   45.000011151.2686   19.5535
    0.0000    0.0000   45.000011590.8623   19.5089
    7.5000    0.0000   45.000010993.3857   19.4869
   -7.5000    7.5000   45.000011172.5898   19.5672
    0.0000    7.5000   45.000011605.1309   19.5204
    7.5000    7.5000   45.000011036.8115   19.4915
   -7.5000   15.0000   45.000011032.5361   19.5592
    0.0000   15.0000   45.000011434.0518   19.5164
    7.5000   15.0000   45.000010908.0186   19.4920
   -7.5000   22.5000   45.000010781.2012   19.5318
    0.0000   22.5000   45.000011168.7695   19.4953
    7.5000   22.5000   45.000010683.5811   19.4828
   -7.5000   30.0000   45.000010480.9551   19.2798
    0.0000   30.0000   45.000010863.0400   19.2469
    7.5000   30.0000   45.000010386.6387   19.2415
   -7.5000   37.5000   45.000010565.7441   19.2789
    0.0000   37.5000   45.000010955.9277   19.2419
    7.5000   37.5000   45.000010446.5957   19.2318
   -7.5000   45.0000   45.000010135.4766   18.8559
    0.0000   45.0000   45.000010500.0361   18.8128
    7.5000   45.0000   45.000010010.9482   18.7916

---------------------------------------------------------------------
imgreg_4dfp /opt/freesurfer/average/711-2C_as_mni_average_305 /opt/freesurfer/average/711-2B_as_mni_average_305_mask talsrcimg_g11 none talsrcimg_to_711-2C_as_mni_average_305_t4 4355
---------------------------------------------------------------------

freesurfer imgreg_4dfp.c
/opt/freesurfer/average/711-2C_as_mni_average_305.4dfp.img
       256       256       256         1
  1.000000  1.000000  1.000000
orientation T byte_order littleendian
Reading image: /opt/freesurfer/average/711-2C_as_mni_average_305.4dfp.img
dimensions:      256       256       256
mmppix:       1.0000   -1.0000   -1.0000
center:     128.0000 -129.0000 -129.0000
/opt/freesurfer/average/711-2B_as_mni_average_305_mask.4dfp.img
       256       256       256         1
  1.000000  1.000000  1.000000
orientation T byte_order littleendian
Reading mask: /opt/freesurfer/average/711-2B_as_mni_average_305_mask.4dfp.img (2306576 pixels)
talsrcimg_g11.4dfp.img
       256       256       256         1
  1.000000  1.000000  1.000000
orientation T byte_order littleendian
Reading image: talsrcimg_g11.4dfp.img
dimensions:      256       256       256
mmppix:       1.0000   -1.0000   -1.0000
center:     128.0000 -129.0000 -129.0000
rotation matrix determinant  1.000000
image alignment mode   4355 decimal     1103 hex
   -7.5000  -37.5000  -45.0000 1739.3047   26.3094
    0.0000  -37.5000  -45.0000 1742.4651   26.4068
    7.5000  -37.5000  -45.0000 1728.1729   26.9151
   -7.5000  -30.0000  -45.0000 1864.2489   22.9039
    0.0000  -30.0000  -45.0000 1863.2544   22.8995
    7.5000  -30.0000  -45.0000 1846.0637   23.2724
   -7.5000  -22.5000  -45.0000 1988.4275   20.2267
    0.0000  -22.5000  -45.0000 1991.2939   20.2361
    7.5000  -22.5000  -45.0000 1972.6827   20.4957
   -7.5000  -15.0000  -45.0000 2100.7234   18.1421
    0.0000  -15.0000  -45.0000 2106.5352   18.1561
    7.5000  -15.0000  -45.0000 2085.6150   18.3621
   -7.5000   -7.5000  -45.0000 2201.4075   16.5838
    0.0000   -7.5000  -45.0000 2207.8635   16.5783
    7.5000   -7.5000  -45.0000 2188.3601   16.7701
   -7.5000    0.0000  -45.0000 2283.3271   15.4485
    0.0000    0.0000  -45.0000 2290.9124   15.4479
    7.5000    0.0000  -45.0000 2271.8303   15.5997
   -7.5000    7.5000  -45.0000 2330.5261   14.7035
    0.0000    7.5000  -45.0000 2339.5776   14.6878
    7.5000    7.5000  -45.0000 2319.1353   14.8219
   -7.5000   15.0000  -45.0000 2355.1360   14.2797
    0.0000   15.0000  -45.0000 2359.7786   14.2774
    7.5000   15.0000  -45.0000 2337.6594   14.4532
   -7.5000   22.5000  -45.0000 2357.9316   14.2006
    0.0000   22.5000  -45.0000 2363.7551   14.1536
    7.5000   22.5000  -45.0000 2342.6475   14.3412
   -7.5000   30.0000  -45.0000 2342.6746   14.3362
    0.0000   30.0000  -45.0000 2346.0645   14.2522
    7.5000   30.0000  -45.0000 2325.1890   14.4544
   -7.5000   37.5000  -45.0000 2318.1191   14.7529
    0.0000   37.5000  -45.0000 2322.3899   14.6589
    7.5000   37.5000  -45.0000 2295.7957   14.8802
   -7.5000   45.0000  -45.0000 2275.7402   15.4684
    0.0000   45.0000  -45.0000 2278.0742   15.3964
    7.5000   45.0000  -45.0000 2255.5112   15.6331
   -7.5000   52.5000  -45.0000 2191.7029   16.3801
    0.0000   52.5000  -45.0000 2195.9238   16.3282
    7.5000   52.5000  -45.0000 2170.8953   16.6180
   -7.5000  -37.5000  -37.5000 1792.0258   24.5688
    0.0000  -37.5000  -37.5000 1792.0260   24.5757
    7.5000  -37.5000  -37.5000 1777.5394   24.9453
   -7.5000  -30.0000  -37.5000 1926.8909   21.3139
    0.0000  -30.0000  -37.5000 1925.1378   21.3208
    7.5000  -30.0000  -37.5000 1907.4553   21.5396
   -7.5000  -22.5000  -37.5000 2060.0120   18.7767
    0.0000  -22.5000  -37.5000 2065.5613   18.8139
    7.5000  -22.5000  -37.5000 2045.4795   19.0294
   -7.5000  -15.0000  -37.5000 2180.6345   16.8680
    0.0000  -15.0000  -37.5000 2187.8044   16.8871
    7.5000  -15.0000  -37.5000 2169.9443   17.0963
   -7.5000   -7.5000  -37.5000 2286.9685   15.3803
    0.0000   -7.5000  -37.5000 2296.9895   15.4014
    7.5000   -7.5000  -37.5000 2277.9636   15.5878
   -7.5000    0.0000  -37.5000 2375.9741   14.2979
    0.0000    0.0000  -37.5000 2382.9236   14.2805
    7.5000    0.0000  -37.5000 2362.5505   14.4371
   -7.5000    7.5000  -37.5000 2427.4834   13.6172
    0.0000    7.5000  -37.5000 2432.4429   13.5798
    7.5000    7.5000  -37.5000 2411.5288   13.7080
   -7.5000   15.0000  -37.5000 2456.3447   13.2221
    0.0000   15.0000  -37.5000 2458.3718   13.2033
    7.5000   15.0000  -37.5000 2434.2915   13.3678
   -7.5000   22.5000  -37.5000 2465.5881   13.1221
    0.0000   22.5000  -37.5000 2470.1509   13.0725
    7.5000   22.5000  -37.5000 2447.9863   13.2455
   -7.5000   30.0000  -37.5000 2453.1245   13.2562
    0.0000   30.0000  -37.5000 2453.9565   13.2069
    7.5000   30.0000  -37.5000 2431.6323   13.3783
   -7.5000   37.5000  -37.5000 2423.7485   13.6363
    0.0000   37.5000  -37.5000 2427.9639   13.5708
    7.5000   37.5000  -37.5000 2402.4365   13.7826
   -7.5000   45.0000  -37.5000 2379.0239   14.2838
    0.0000   45.0000  -37.5000 2384.1960   14.2378
    7.5000   45.0000  -37.5000 2355.2104   14.4785
   -7.5000   52.5000  -37.5000 2290.6799   15.1600
    0.0000   52.5000  -37.5000 2290.8398   15.1091
    7.5000   52.5000  -37.5000 2266.0310   15.3697
   -7.5000  -37.5000  -30.0000 1875.5281   23.8081
    0.0000  -37.5000  -30.0000 1875.5039   23.8541
    7.5000  -37.5000  -30.0000 1859.2932   24.2072
   -7.5000  -30.0000  -30.0000 2015.5143   20.6426
    0.0000  -30.0000  -30.0000 2017.5720   20.6499
    7.5000  -30.0000  -30.0000 2001.3682   20.9106
   -7.5000  -22.5000  -30.0000 2156.1655   18.1743
    0.0000  -22.5000  -30.0000 2165.9402   18.2104
    7.5000  -22.5000  -30.0000 2150.6204   18.4398
   -7.5000  -15.0000  -30.0000 2291.7244   16.3039
    0.0000  -15.0000  -30.0000 2301.4048   16.3327
    7.5000  -15.0000  -30.0000 2284.7825   16.5257
   -7.5000   -7.5000  -30.0000 2406.3408   14.8958
    0.0000   -7.5000  -30.0000 2415.3647   14.8732
    7.5000   -7.5000  -30.0000 2393.7522   15.0262
   -7.5000    0.0000  -30.0000 2500.9272   13.8150
    0.0000    0.0000  -30.0000 2509.3523   13.7576
    7.5000    0.0000  -30.0000 2487.3931   13.9208
   -7.5000    7.5000  -30.0000 2562.9487   13.0764
    0.0000    7.5000  -30.0000 2570.2839   13.0274
    7.5000    7.5000  -30.0000 2548.3826   13.1834
   -7.5000   15.0000  -30.0000 2598.1809   12.7091
    0.0000   15.0000  -30.0000 2601.1516   12.6675
    7.5000   15.0000  -30.0000 2578.9746   12.8204
   -7.5000   22.5000  -30.0000 2621.9978   12.5758
    0.0000   22.5000  -30.0000 2624.1289   12.5425
    7.5000   22.5000  -30.0000 2597.6851   12.6950
   -7.5000   30.0000  -30.0000 2611.4460   12.7229
    0.0000   30.0000  -30.0000 2615.7144   12.6865
    7.5000   30.0000  -30.0000 2586.6375   12.8538
   -7.5000   37.5000  -30.0000 2581.3804   13.1120
    0.0000   37.5000  -30.0000 2587.1199   13.0732
    7.5000   37.5000  -30.0000 2555.8706   13.2664
   -7.5000   45.0000  -30.0000 2531.1279   13.7561
    0.0000   45.0000  -30.0000 2534.1509   13.7294
    7.5000   45.0000  -30.0000 2500.4827   13.9524
   -7.5000   52.5000  -30.0000 2433.3215   14.5876
    0.0000   52.5000  -30.0000 2432.4260   14.5612
    7.5000   52.5000  -30.0000 2401.0540   14.7970
   -7.5000  -37.5000  -22.5000 1929.8970   23.1037
    0.0000  -37.5000  -22.5000 1932.5054   23.1082
    7.5000  -37.5000  -22.5000 1917.5983   23.4289
   -7.5000  -30.0000  -22.5000 2077.8420   19.9720
    0.0000  -30.0000  -22.5000 2082.4832   19.9714
    7.5000  -30.0000  -22.5000 2066.3303   20.2566
   -7.5000  -22.5000  -22.5000 2227.2354   17.5800
    0.0000  -22.5000  -22.5000 2237.6365   17.5729
    7.5000  -22.5000  -22.5000 2217.5186   17.8477
   -7.5000  -15.0000  -22.5000 2363.8813   15.7557
    0.0000  -15.0000  -22.5000 2373.5417   15.7314
    7.5000  -15.0000  -22.5000 2355.8230   15.9722
   -7.5000   -7.5000  -22.5000 2482.2505   14.3517
    0.0000   -7.5000  -22.5000 2497.6030   14.2956
    7.5000   -7.5000  -22.5000 2478.1677   14.4865
   -7.5000    0.0000  -22.5000 2590.6147   13.2737
    0.0000    0.0000  -22.5000 2600.3752   13.2213
    7.5000    0.0000  -22.5000 2576.8315   13.3851
   -7.5000    7.5000  -22.5000 2669.3818   12.5146
    0.0000    7.5000  -22.5000 2673.9600   12.4784
    7.5000    7.5000  -22.5000 2651.4268   12.6505
   -7.5000   15.0000  -22.5000 2714.0095   12.1315
    0.0000   15.0000  -22.5000 2715.8975   12.0761
    7.5000   15.0000  -22.5000 2693.8384   12.2460
   -7.5000   22.5000  -22.5000 2745.9131   11.9817
    0.0000   22.5000  -22.5000 2746.1699   11.9513
    7.5000   22.5000  -22.5000 2715.4939   12.1036
   -7.5000   30.0000  -22.5000 2740.0049   12.1400
    0.0000   30.0000  -22.5000 2744.3391   12.1079
    7.5000   30.0000  -22.5000 2711.3357   12.2573
   -7.5000   37.5000  -22.5000 2712.9404   12.5482
    0.0000   37.5000  -22.5000 2717.2517   12.5249
    7.5000   37.5000  -22.5000 2682.7495   12.6970
   -7.5000   45.0000  -22.5000 2654.9622   13.1789
    0.0000   45.0000  -22.5000 2657.3694   13.1524
    7.5000   45.0000  -22.5000 2620.6506   13.3652
   -7.5000   52.5000  -22.5000 2540.4419   13.9614
    0.0000   52.5000  -22.5000 2541.7478   13.9348
    7.5000   52.5000  -22.5000 2505.7539   14.1721
   -7.5000  -37.5000  -15.0000 1964.7444   22.4782
    0.0000  -37.5000  -15.0000 1969.3715   22.4745
    7.5000  -37.5000  -15.0000 1951.7983   22.8208
   -7.5000  -30.0000  -15.0000 2117.5344   19.4626
    0.0000  -30.0000  -15.0000 2121.8000   19.4472
    7.5000  -30.0000  -15.0000 2104.2009   19.7462
   -7.5000  -22.5000  -15.0000 2268.9111   17.1060
    0.0000  -22.5000  -15.0000 2274.4282   17.0528
    7.5000  -22.5000  -15.0000 2251.7732   17.3712
   -7.5000  -15.0000  -15.0000 2404.2949   15.2893
    0.0000  -15.0000  -15.0000 2413.2109   15.2119
    7.5000  -15.0000  -15.0000 2392.4565   15.4955
   -7.5000   -7.5000  -15.0000 2528.9961   13.8729
    0.0000   -7.5000  -15.0000 2542.1062   13.8051
    7.5000   -7.5000  -15.0000 2519.3486   14.0427
   -7.5000    0.0000  -15.0000 2646.8674   12.8008
    0.0000    0.0000  -15.0000 2658.6147   12.7326
    7.5000    0.0000  -15.0000 2627.3547   12.9327
   -7.5000    7.5000  -15.0000 2741.8022   12.0441
    0.0000    7.5000  -15.0000 2748.4004   12.0091
    7.5000    7.5000  -15.0000 2719.4758   12.1882
   -7.5000   15.0000  -15.0000 2802.4041   11.6234
    0.0000   15.0000  -15.0000 2807.7810   11.5684
    7.5000   15.0000  -15.0000 2773.7703   11.7528
   -7.5000   22.5000  -15.0000 2844.7388   11.4441
    0.0000   22.5000  -15.0000 2844.8289   11.4080
    7.5000   22.5000  -15.0000 2803.6545   11.5791
   -7.5000   30.0000  -15.0000 2845.1875   11.6132
    0.0000   30.0000  -15.0000 2847.3264   11.5591
    7.5000   30.0000  -15.0000 2804.7285   11.7204
   -7.5000   37.5000  -15.0000 2811.8931   12.0042
    0.0000   37.5000  -15.0000 2813.6047   11.9684
    7.5000   37.5000  -15.0000 2773.3611   12.1389
   -7.5000   45.0000  -15.0000 2741.2317   12.6117
    0.0000   45.0000  -15.0000 2740.3833   12.5680
    7.5000   45.0000  -15.0000 2702.3042   12.7913
   -7.5000   52.5000  -15.0000 2616.6416   13.3650
    0.0000   52.5000  -15.0000 2615.8071   13.3387
    7.5000   52.5000  -15.0000 2578.0557   13.5653
   -7.5000  -37.5000   -7.5000 1988.4709   22.0653
    0.0000  -37.5000   -7.5000 1992.3676   21.9830
    7.5000  -37.5000   -7.5000 1973.3562   22.3932
   -7.5000  -30.0000   -7.5000 2138.7488   19.0948
    0.0000  -30.0000   -7.5000 2146.4795   18.9794
    7.5000  -30.0000   -7.5000 2126.9097   19.3605
   -7.5000  -22.5000   -7.5000 2289.0334   16.7168
    0.0000  -22.5000   -7.5000 2292.9578   16.6281
    7.5000  -22.5000   -7.5000 2272.1370   16.9811
   -7.5000  -15.0000   -7.5000 2423.2288   14.8781
    0.0000  -15.0000   -7.5000 2427.7681   14.7631
    7.5000  -15.0000   -7.5000 2409.7039   15.1154
   -7.5000   -7.5000   -7.5000 2552.6787   13.4540
    0.0000   -7.5000   -7.5000 2561.6138   13.3562
    7.5000   -7.5000   -7.5000 2538.1304   13.6599
   -7.5000    0.0000   -7.5000 2679.5305   12.3876
    0.0000    0.0000   -7.5000 2684.1484   12.2910
    7.5000    0.0000   -7.5000 2652.9824   12.5714
   -7.5000    7.5000   -7.5000 2787.0833   11.6472
    0.0000    7.5000   -7.5000 2793.7839   11.5748
    7.5000    7.5000   -7.5000 2756.4124   11.8274
   -7.5000   15.0000   -7.5000 2873.2732   11.2124
    0.0000   15.0000   -7.5000 2880.5325   11.1487
    7.5000   15.0000   -7.5000 2829.8669   11.3796
   -7.5000   22.5000   -7.5000 2923.6560   10.9972
    0.0000   22.5000   -7.5000 2930.1946   10.9383
    7.5000   22.5000   -7.5000 2872.5723   11.1686
   -7.5000   30.0000   -7.5000 2929.6580   11.1515
    0.0000   30.0000   -7.5000 2932.3501   11.0824
    7.5000   30.0000   -7.5000 2879.9014   11.2679
   -7.5000   37.5000   -7.5000 2885.8083   11.5345
    0.0000   37.5000   -7.5000 2886.3372   11.4797
    7.5000   37.5000   -7.5000 2836.1707   11.6676
   -7.5000   45.0000   -7.5000 2805.0007   12.1061
    0.0000   45.0000   -7.5000 2802.7900   12.0522
    7.5000   45.0000   -7.5000 2756.9634   12.2771
   -7.5000   52.5000   -7.5000 2663.7283   12.8907
    0.0000   52.5000   -7.5000 2662.3157   12.8249
    7.5000   52.5000   -7.5000 2623.5432   13.0636
   -7.5000  -37.5000    0.0000 1999.0114   21.9345
    0.0000  -37.5000    0.0000 2004.9381   21.7942
    7.5000  -37.5000    0.0000 1985.9969   22.2354
   -7.5000  -30.0000    0.0000 2147.3716   18.9616
    0.0000  -30.0000    0.0000 2157.6206   18.7993
    7.5000  -30.0000    0.0000 2137.3083   19.2293
   -7.5000  -22.5000    0.0000 2295.0154   16.5733
    0.0000  -22.5000    0.0000 2299.8892   16.3770
    7.5000  -22.5000    0.0000 2276.2710   16.8312
   -7.5000  -15.0000    0.0000 2427.2554   14.6935
    0.0000  -15.0000    0.0000 2430.7688   14.5046
    7.5000  -15.0000    0.0000 2410.4922   14.9395
   -7.5000   -7.5000    0.0000 2558.4902   13.2458
    0.0000   -7.5000    0.0000 2565.0586   13.0856
    7.5000   -7.5000    0.0000 2539.8704   13.4997
   -7.5000    0.0000    0.0000 2685.2190   12.1676
    0.0000    0.0000    0.0000 2688.6704   12.0322
    7.5000    0.0000    0.0000 2655.9207   12.3943
   -7.5000    7.5000    0.0000 2800.8232   11.4122
    0.0000    7.5000    0.0000 2809.3123   11.3017
    7.5000    7.5000    0.0000 2767.8242   11.6288
   -7.5000   15.0000    0.0000 2905.6475   10.9766
    0.0000   15.0000    0.0000 2919.7129   10.8887
    7.5000   15.0000    0.0000 2860.6631   11.1594
   -7.5000   22.5000    0.0000 2976.9353   10.7040
    0.0000   22.5000    0.0000 2994.5244   10.6316
    7.5000   22.5000    0.0000 2925.7285   10.9231
   -7.5000   30.0000    0.0000 2986.5850   10.7738
    0.0000   30.0000    0.0000 2998.1396   10.7261
    7.5000   30.0000    0.0000 2931.8484   11.0039
   -7.5000   37.5000    0.0000 2928.3274   11.2222
    0.0000   37.5000    0.0000 2930.2075   11.1599
    7.5000   37.5000    0.0000 2871.4629   11.3934
   -7.5000   45.0000    0.0000 2829.3013   11.8483
    0.0000   45.0000    0.0000 2831.1196   11.7451
    7.5000   45.0000    0.0000 2780.8342   11.9727
   -7.5000   52.5000    0.0000 2683.3418   12.5852
    0.0000   52.5000    0.0000 2685.7048   12.4904
    7.5000   52.5000    0.0000 2646.3535   12.7136
   -7.5000  -37.5000    7.5000 1994.1118   22.1262
    0.0000  -37.5000    7.5000 2000.0071   21.9537
    7.5000  -37.5000    7.5000 1983.8038   22.4163
   -7.5000  -30.0000    7.5000 2149.0332   19.0271
    0.0000  -30.0000    7.5000 2156.5579   18.8695
    7.5000  -30.0000    7.5000 2136.4551   19.2866
   -7.5000  -22.5000    7.5000 2289.7104   16.5923
    0.0000  -22.5000    7.5000 2297.4221   16.4560
    7.5000  -22.5000    7.5000 2273.6611   16.8623
   -7.5000  -15.0000    7.5000 2417.8582   14.7069
    0.0000  -15.0000    7.5000 2426.8142   14.5454
    7.5000  -15.0000    7.5000 2404.0952   14.9824
   -7.5000   -7.5000    7.5000 2549.6660   13.2761
    0.0000   -7.5000    7.5000 2553.1240   13.1206
    7.5000   -7.5000    7.5000 2528.5898   13.5294
   -7.5000    0.0000    7.5000 2675.9451   12.1963
    0.0000    0.0000    7.5000 2677.0969   12.0417
    7.5000    0.0000    7.5000 2646.3677   12.4283
   -7.5000    7.5000    7.5000 2794.7703   11.3815
    0.0000    7.5000    7.5000 2799.0400   11.2485
    7.5000    7.5000    7.5000 2760.0054   11.6371
   -7.5000   15.0000    7.5000 2900.4304   10.9052
    0.0000   15.0000    7.5000 2913.2268   10.7922
    7.5000   15.0000    7.5000 2859.7837   11.1344
   -7.5000   22.5000    7.5000 2974.0571   10.6399
    0.0000   22.5000    7.5000 2994.1248   10.5721
    7.5000   22.5000    7.5000 2928.1223   10.9080
   -7.5000   30.0000    7.5000 2987.9631   10.7104
    0.0000   30.0000    7.5000 3009.9189   10.6569
    7.5000   30.0000    7.5000 2939.9004   10.9682
   -7.5000   37.5000    7.5000 2931.6868   11.1378
    0.0000   37.5000    7.5000 2943.9988   11.0740
    7.5000   37.5000    7.5000 2882.6145   11.3050
   -7.5000   45.0000    7.5000 2822.9485   11.7698
    0.0000   45.0000    7.5000 2829.1348   11.6629
    7.5000   45.0000    7.5000 2786.4326   11.8587
   -7.5000   52.5000    7.5000 2677.0269   12.5118
    0.0000   52.5000    7.5000 2677.8708   12.4027
    7.5000   52.5000    7.5000 2645.9832   12.6171
   -7.5000  -37.5000   15.0000 1970.6514   22.5287
    0.0000  -37.5000   15.0000 1973.5850   22.3731
    7.5000  -37.5000   15.0000 1960.3921   22.8802
   -7.5000  -30.0000   15.0000 2129.5222   19.3556
    0.0000  -30.0000   15.0000 2133.5256   19.2392
    7.5000  -30.0000   15.0000 2110.7830   19.6742
   -7.5000  -22.5000   15.0000 2272.2104   16.8873
    0.0000  -22.5000   15.0000 2278.9932   16.7379
    7.5000  -22.5000   15.0000 2254.2104   17.1840
   -7.5000  -15.0000   15.0000 2402.9868   14.9608
    0.0000  -15.0000   15.0000 2410.7261   14.8109
    7.5000  -15.0000   15.0000 2387.0657   15.2573
   -7.5000   -7.5000   15.0000 2529.7495   13.5093
    0.0000   -7.5000   15.0000 2530.0808   13.3656
    7.5000   -7.5000   15.0000 2504.1855   13.7839
   -7.5000    0.0000   15.0000 2652.7417   12.4163
    0.0000    0.0000   15.0000 2650.7942   12.2726
    7.5000    0.0000   15.0000 2619.2034   12.6870
   -7.5000    7.5000   15.0000 2766.4712   11.6208
    0.0000    7.5000   15.0000 2764.8586   11.4884
    7.5000    7.5000   15.0000 2731.3452   11.8723
   -7.5000   15.0000   15.0000 2863.3406   11.1159
    0.0000   15.0000   15.0000 2863.4736   11.0243
    7.5000   15.0000   15.0000 2821.1841   11.3798
   -7.5000   22.5000   15.0000 2927.0781   10.8692
    0.0000   22.5000   15.0000 2932.6929   10.8152
    7.5000   22.5000   15.0000 2879.8403   11.1397
   -7.5000   30.0000   15.0000 2937.2678   10.9677
    0.0000   30.0000   15.0000 2948.7778   10.9026
    7.5000   30.0000   15.0000 2894.4211   11.1556
   -7.5000   37.5000   15.0000 2888.4683   11.3590
    0.0000   37.5000   15.0000 2893.0183   11.3012
    7.5000   37.5000   15.0000 2845.3806   11.4988
   -7.5000   45.0000   15.0000 2789.3530   11.9748
    0.0000   45.0000   15.0000 2795.8943   11.8667
    7.5000   45.0000   15.0000 2753.6760   12.0648
   -7.5000   52.5000   15.0000 2647.8784   12.7231
    0.0000   52.5000   15.0000 2649.3333   12.6008
    7.5000   52.5000   15.0000 2619.1714   12.8067
   -7.5000  -37.5000   22.5000 1931.4519   23.2619
    0.0000  -37.5000   22.5000 1928.7550   23.0837
    7.5000  -37.5000   22.5000 1914.0308   23.6165
   -7.5000  -30.0000   22.5000 2092.3333   19.9170
    0.0000  -30.0000   22.5000 2094.8645   19.8323
    7.5000  -30.0000   22.5000 2071.0159   20.2792
   -7.5000  -22.5000   22.5000 2241.8677   17.3665
    0.0000  -22.5000   22.5000 2247.6030   17.2690
    7.5000  -22.5000   22.5000 2224.6301   17.6984
   -7.5000  -15.0000   22.5000 2377.7930   15.4561
    0.0000  -15.0000   22.5000 2382.0234   15.3415
    7.5000  -15.0000   22.5000 2356.7563   15.7530
   -7.5000   -7.5000   22.5000 2502.1895   14.0094
    0.0000   -7.5000   22.5000 2501.6831   13.8811
    7.5000   -7.5000   22.5000 2470.3071   14.2849
   -7.5000    0.0000   22.5000 2616.5830   12.9296
    0.0000    0.0000   22.5000 2613.1836   12.7931
    7.5000    0.0000   22.5000 2577.2590   13.1738
   -7.5000    7.5000   22.5000 2718.8728   12.1356
    0.0000    7.5000   22.5000 2716.5662   12.0052
    7.5000    7.5000   22.5000 2683.9243   12.3843
   -7.5000   15.0000   22.5000 2801.2166   11.6280
    0.0000   15.0000   22.5000 2798.0647   11.5070
    7.5000   15.0000   22.5000 2760.1096   11.8927
   -7.5000   22.5000   22.5000 2852.2009   11.3846
    0.0000   22.5000   22.5000 2849.4136   11.2932
    7.5000   22.5000   22.5000 2808.1787   11.6088
   -7.5000   30.0000   22.5000 2857.2102   11.4426
    0.0000   30.0000   22.5000 2858.5786   11.3622
    7.5000   30.0000   22.5000 2818.7725   11.5946
   -7.5000   37.5000   22.5000 2813.0376   11.8170
    0.0000   37.5000   22.5000 2813.6091   11.7356
    7.5000   37.5000   22.5000 2774.2329   11.9292
   -7.5000   45.0000   22.5000 2731.6777   12.4126
    0.0000   45.0000   22.5000 2729.4529   12.3098
    7.5000   45.0000   22.5000 2692.4214   12.5032
   -7.5000   52.5000   22.5000 2594.6982   13.1408
    0.0000   52.5000   22.5000 2599.1299   13.0482
    7.5000   52.5000   22.5000 2570.8870   13.2386
   -7.5000  -37.5000   30.0000 1882.5969   24.3296
    0.0000  -37.5000   30.0000 1879.1190   24.1870
    7.5000  -37.5000   30.0000 1862.8911   24.6757
   -7.5000  -30.0000   30.0000 2043.0331   20.8129
    0.0000  -30.0000   30.0000 2044.2881   20.7663
    7.5000  -30.0000   30.0000 2018.6873   21.1566
   -7.5000  -22.5000   30.0000 2194.1345   18.1684
    0.0000  -22.5000   30.0000 2197.7693   18.1081
    7.5000  -22.5000   30.0000 2174.2336   18.5201
   -7.5000  -15.0000   30.0000 2334.4839   16.2227
    0.0000  -15.0000   30.0000 2332.7571   16.1451
    7.5000  -15.0000   30.0000 2306.7986   16.5274
   -7.5000   -7.5000   30.0000 2451.6851   14.7831
    0.0000   -7.5000   30.0000 2453.1606   14.6908
    7.5000   -7.5000   30.0000 2416.9219   15.0334
   -7.5000    0.0000   30.0000 2561.3352   13.6692
    0.0000    0.0000   30.0000 2561.2905   13.5762
    7.5000    0.0000   30.0000 2519.4197   13.9024
   -7.5000    7.5000   30.0000 2656.7649   12.8421
    0.0000    7.5000   30.0000 2656.9727   12.7485
    7.5000    7.5000   30.0000 2618.3772   13.0951
   -7.5000   15.0000   30.0000 2723.4895   12.3236
    0.0000   15.0000   30.0000 2723.5051   12.2308
    7.5000   15.0000   30.0000 2683.1450   12.5756
   -7.5000   22.5000   30.0000 2760.5212   12.0878
    0.0000   22.5000   30.0000 2755.5034   12.0024
    7.5000   22.5000   30.0000 2723.7500   12.2860
   -7.5000   30.0000   30.0000 2760.7073   12.1066
    0.0000   30.0000   30.0000 2757.0237   12.0212
    7.5000   30.0000   30.0000 2723.4792   12.2565
   -7.5000   37.5000   30.0000 2719.4602   12.4422
    0.0000   37.5000   30.0000 2716.6128   12.3500
    7.5000   37.5000   30.0000 2681.9724   12.5624
   -7.5000   45.0000   30.0000 2649.8030   13.0316
    0.0000   45.0000   30.0000 2645.6865   12.9192
    7.5000   45.0000   30.0000 2612.8152   13.1200
   -7.5000   52.5000   30.0000 2525.3704   13.7378
    0.0000   52.5000   30.0000 2526.8823   13.6588
    7.5000   52.5000   30.0000 2500.7705   13.8506
   -7.5000  -37.5000   37.5000 1828.5397   25.8778
    0.0000  -37.5000   37.5000 1825.6583   25.7679
    7.5000  -37.5000   37.5000 1805.3464   26.2599
   -7.5000  -30.0000   37.5000 1987.6086   22.0832
    0.0000  -30.0000   37.5000 1990.5498   22.0603
    7.5000  -30.0000   37.5000 1967.0549   22.4871
   -7.5000  -22.5000   37.5000 2139.6846   19.3074
    0.0000  -22.5000   37.5000 2141.4761   19.2837
    7.5000  -22.5000   37.5000 2117.5439   19.7015
   -7.5000  -15.0000   37.5000 2277.1230   17.2714
    0.0000  -15.0000   37.5000 2277.5344   17.2493
    7.5000  -15.0000   37.5000 2245.1995   17.5914
   -7.5000   -7.5000   37.5000 2391.2004   15.7577
    0.0000   -7.5000   37.5000 2394.3625   15.7268
    7.5000   -7.5000   37.5000 2353.5483   16.0348
   -7.5000    0.0000   37.5000 2492.7832   14.6096
    0.0000    0.0000   37.5000 2493.3926   14.5653
    7.5000    0.0000   37.5000 2451.8684   14.8889
   -7.5000    7.5000   37.5000 2578.2214   13.7758
    0.0000    7.5000   37.5000 2579.8635   13.7104
    7.5000    7.5000   37.5000 2539.7607   14.0444
   -7.5000   15.0000   37.5000 2637.2930   13.2270
    0.0000   15.0000   37.5000 2634.4011   13.1553
    7.5000   15.0000   37.5000 2598.3262   13.4891
   -7.5000   22.5000   37.5000 2664.2522   12.9344
    0.0000   22.5000   37.5000 2659.5115   12.8710
    7.5000   22.5000   37.5000 2632.7839   13.1562
   -7.5000   30.0000   37.5000 2657.9822   12.9382
    0.0000   30.0000   37.5000 2653.8201   12.8626
    7.5000   30.0000   37.5000 2628.5034   13.1152
   -7.5000   37.5000   37.5000 2619.5950   13.2563
    0.0000   37.5000   37.5000 2618.6519   13.1610
    7.5000   37.5000   37.5000 2589.5024   13.3897
   -7.5000   45.0000   37.5000 2563.1345   13.7965
    0.0000   45.0000   37.5000 2556.2527   13.6930
    7.5000   45.0000   37.5000 2528.1118   13.9083
   -7.5000   52.5000   37.5000 2453.0510   14.4977
    0.0000   52.5000   37.5000 2453.4424   14.4013
    7.5000   52.5000   37.5000 2427.5342   14.6193
   -7.5000  -37.5000   45.0000 1763.2874   27.8652
    0.0000  -37.5000   45.0000 1758.4674   27.7875
    7.5000  -37.5000   45.0000 1737.8331   28.3939
   -7.5000  -30.0000   45.0000 1924.5380   23.7683
    0.0000  -30.0000   45.0000 1924.8721   23.7831
    7.5000  -30.0000   45.0000 1903.1598   24.3096
   -7.5000  -22.5000   45.0000 2073.0132   20.7684
    0.0000  -22.5000   45.0000 2073.5979   20.7742
    7.5000  -22.5000   45.0000 2051.8794   21.2473
   -7.5000  -15.0000   45.0000 2208.1602   18.5908
    0.0000  -15.0000   45.0000 2208.9651   18.5640
    7.5000  -15.0000   45.0000 2178.5515   18.9698
   -7.5000   -7.5000   45.0000 2321.4285   16.9791
    0.0000   -7.5000   45.0000 2319.4666   16.9513
    7.5000   -7.5000   45.0000 2278.5898   17.3190
   -7.5000    0.0000   45.0000 2417.6721   15.8045
    0.0000    0.0000   45.0000 2413.2151   15.7754
    7.5000    0.0000   45.0000 2369.6892   16.1309
   -7.5000    7.5000   45.0000 2494.6470   14.9495
    0.0000    7.5000   45.0000 2488.6504   14.8895
    7.5000    7.5000   45.0000 2449.9370   15.2427
   -7.5000   15.0000   45.0000 2542.0005   14.3283
    0.0000   15.0000   45.0000 2531.7322   14.2780
    7.5000   15.0000   45.0000 2501.2351   14.6132
   -7.5000   22.5000   45.0000 2563.0112   13.9860
    0.0000   22.5000   45.0000 2553.7959   13.9296
    7.5000   22.5000   45.0000 2529.7524   14.2386
   -7.5000   30.0000   45.0000 2552.5813   13.9678
    0.0000   30.0000   45.0000 2547.1592   13.9091
    7.5000   30.0000   45.0000 2522.3921   14.1705
   -7.5000   37.5000   45.0000 2517.6802   14.2539
    0.0000   37.5000   45.0000 2517.2163   14.1863
    7.5000   37.5000   45.0000 2489.6858   14.3862
   -7.5000   45.0000   45.0000 2466.7412   14.8047
    0.0000   45.0000   45.0000 2463.6008   14.7186
    7.5000   45.0000   45.0000 2438.7939   14.9225
   -7.5000   52.5000   45.0000 2370.5630   15.4471
    0.0000   52.5000   45.0000 2370.7000   15.3695
    7.5000   52.5000   45.0000 2348.1606   15.5869

---------------------------------------------------------------------
imgreg_4dfp /opt/freesurfer/average/711-2C_as_mni_average_305 /opt/freesurfer/average/711-2B_as_mni_average_305_mask talsrcimg_g11 none talsrcimg_to_711-2C_as_mni_average_305_t4 1283
---------------------------------------------------------------------

freesurfer imgreg_4dfp.c
/opt/freesurfer/average/711-2C_as_mni_average_305.4dfp.img
       256       256       256         1
  1.000000  1.000000  1.000000
orientation T byte_order littleendian
Reading image: /opt/freesurfer/average/711-2C_as_mni_average_305.4dfp.img
dimensions:      256       256       256
mmppix:       1.0000   -1.0000   -1.0000
center:     128.0000 -129.0000 -129.0000
/opt/freesurfer/average/711-2B_as_mni_average_305_mask.4dfp.img
       256       256       256         1
  1.000000  1.000000  1.000000
orientation T byte_order littleendian
Reading mask: /opt/freesurfer/average/711-2B_as_mni_average_305_mask.4dfp.img (2306576 pixels)
talsrcimg_g11.4dfp.img
       256       256       256         1
  1.000000  1.000000  1.000000
orientation T byte_order littleendian
Reading image: talsrcimg_g11.4dfp.img
dimensions:      256       256       256
mmppix:       1.0000   -1.0000   -1.0000
center:     128.0000 -129.0000 -129.0000
rotation matrix determinant  1.000000
fimgreg.f
image alignment mode   1283 decimal      503 hex
parameters
    0.0000   30.0000    7.5000    0.0000    0.0000    0.0000
eta,q 0.94377 10.68527
niter,ni,del,rscale     5    3   12.0000    1.2000
parameter  2  0.516660 ->  0.500000 qaram    1.1500
parameter  3  0.584450 ->  0.500000 qaram    1.1500
parameter  5 -0.735944 -> -0.500000 qaram    1.1500
parameter  6 -0.830865 -> -0.500000 qaram    1.1500
parameters
   -2.6024   26.5500    4.0500   -2.3342    3.4500    3.4500
eta,q 0.95371 10.41803
  0.0615  0.0570  0.0546  0.0539  0.0618  0.0574
  0.0581  0.0558  0.0522  0.0520  0.0582  0.0544
  0.0576  0.0558  0.0527  0.0513  0.0545  0.0512
  0.0592  0.0573  0.0555  0.0522  0.0513  0.0484
  0.0639  0.0602  0.0590  0.0547  0.0490  0.0468
  0.0695  0.0648  0.0640  0.0575  0.0485  0.0462
  0.0744  0.0709  0.0697  0.0596  0.0497  0.0465
niter,ni,del,rscale     7    3   12.0000    1.2000
parameters
   -3.5374   27.4712    3.6129   -3.1417    4.5584    4.6184
eta,q 0.95495 10.43202
  0.0559  0.0609  0.0559  0.0505  0.0550  0.0515
  0.0502  0.0544  0.0508  0.0471  0.0508  0.0486
  0.0465  0.0490  0.0470  0.0451  0.0476  0.0461
  0.0463  0.0459  0.0458  0.0458  0.0454  0.0450
  0.0501  0.0466  0.0479  0.0473  0.0451  0.0453
  0.0564  0.0495  0.0527  0.0499  0.0470  0.0463
  0.0630  0.0552  0.0587  0.0531  0.0509  0.0483
niter,ni,del,rscale     6    3   12.0000    1.2000
parameters
   -3.9503   27.8188    3.3676   -3.4953    4.8901    4.7126
eta,q 0.95512 10.43158
  0.0569  0.0580  0.0558  0.0508  0.0531  0.0497
  0.0510  0.0526  0.0503  0.0474  0.0495  0.0470
  0.0466  0.0471  0.0465  0.0445  0.0465  0.0451
  0.0451  0.0451  0.0451  0.0451  0.0449  0.0449
  0.0475  0.0463  0.0468  0.0465  0.0453  0.0455
  0.0537  0.0499  0.0513  0.0484  0.0479  0.0469
  0.0605  0.0563  0.0575  0.0518  0.0522  0.0493
niter,ni,del,rscale     5    3   12.0000    1.2000
parameters
   -4.1137   28.0107    3.2589   -3.7439    5.0303    4.7325
eta,q 0.95518 10.43289
  0.0576  0.0573  0.0560  0.0509  0.0528  0.0494
  0.0516  0.0520  0.0505  0.0476  0.0491  0.0468
  0.0470  0.0464  0.0465  0.0443  0.0462  0.0450
  0.0449  0.0449  0.0450  0.0450  0.0448  0.0448
  0.0466  0.0462  0.0464  0.0464  0.0453  0.0454
  0.0525  0.0502  0.0507  0.0482  0.0482  0.0468
  0.0595  0.0565  0.0570  0.0514  0.0526  0.0492
niter,ni,del,rscale     4    3   12.0000    1.2000
parameters
   -4.1833   28.1404    3.1890   -3.9124    5.0947    4.7408
eta,q 0.95523 10.43462
  0.0579  0.0571  0.0561  0.0509  0.0526  0.0493
  0.0518  0.0517  0.0504  0.0478  0.0489  0.0467
  0.0471  0.0462  0.0464  0.0443  0.0460  0.0450
  0.0448  0.0448  0.0449  0.0449  0.0448  0.0448
  0.0462  0.0461  0.0463  0.0463  0.0454  0.0453
  0.0519  0.0504  0.0505  0.0480  0.0483  0.0468
  0.0591  0.0566  0.0568  0.0512  0.0528  0.0492
niter,ni,del,rscale     3    3   12.0000    1.2000
parameters
   -4.2177   28.2249    3.1414   -4.0252    5.1280    4.7471
eta,q 0.95528 10.43564
  0.0580  0.0569  0.0561  0.0510  0.0526  0.0493
  0.0518  0.0516  0.0504  0.0479  0.0488  0.0467
  0.0471  0.0461  0.0464  0.0443  0.0459  0.0449
  0.0448  0.0448  0.0448  0.0448  0.0447  0.0447
  0.0461  0.0461  0.0461  0.0463  0.0454  0.0453
  0.0517  0.0505  0.0504  0.0479  0.0483  0.0467
  0.0589  0.0567  0.0567  0.0510  0.0528  0.0491
niter,ni,del,rscale     2    3   12.0000    1.2000
parameters
   -4.2347   28.2823    3.1080   -4.1036    5.1454    4.7508
eta,q 0.95531 10.43635
  0.0580  0.0568  0.0561  0.0510  0.0525  0.0493
  0.0518  0.0515  0.0504  0.0480  0.0488  0.0467
  0.0471  0.0460  0.0464  0.0443  0.0459  0.0449
  0.0447  0.0447  0.0447  0.0447  0.0447  0.0447
  0.0460  0.0461  0.0461  0.0462  0.0454  0.0453
  0.0516  0.0506  0.0503  0.0479  0.0483  0.0467
  0.0587  0.0568  0.0566  0.0509  0.0529  0.0491
niter,ni,del,rscale     1    3   12.0000    1.2000
parameters
   -4.2433   28.3224    3.0850   -4.1582    5.1550    4.7508
eta,q 0.95534 10.43707
  0.0580  0.0568  0.0562  0.0510  0.0525  0.0492
  0.0518  0.0514  0.0503  0.0481  0.0487  0.0466
  0.0470  0.0460  0.0463  0.0443  0.0459  0.0449
  0.0447  0.0447  0.0447  0.0447  0.0447  0.0447
  0.0460  0.0461  0.0460  0.0462  0.0453  0.0453
  0.0515  0.0506  0.0502  0.0479  0.0483  0.0467
  0.0587  0.0568  0.0566  0.0509  0.0529  0.0491
registration optimization eta report
parameter search radius
    6.0000    6.9000    6.9000    6.0000    6.9000    6.9000
100000*second partial in parameter space
       37.       25.       24.       18.       17.       10.
  0.0580  0.0568  0.0562  0.0510  0.0525  0.0492
  0.0518  0.0514  0.0503  0.0481  0.0487  0.0466
  0.0470  0.0460  0.0463  0.0443  0.0459  0.0449
  0.0447  0.0447  0.0447  0.0447  0.0447  0.0447
  0.0460  0.0461  0.0460  0.0462  0.0453  0.0453
  0.0515  0.0506  0.0502  0.0479  0.0483  0.0467
  0.0587  0.0568  0.0566  0.0509  0.0529  0.0491
   -4.2433   28.3224    3.0850   -4.1582    5.1550    4.7508
eta,q 0.95534 10.43707

---------------------------------------------------------------------
imgreg_4dfp /opt/freesurfer/average/711-2C_as_mni_average_305 /opt/freesurfer/average/711-2B_as_mni_average_305_mask talsrcimg_g11 none talsrcimg_to_711-2C_as_mni_average_305_t4 3335
---------------------------------------------------------------------

freesurfer imgreg_4dfp.c
/opt/freesurfer/average/711-2C_as_mni_average_305.4dfp.img
       256       256       256         1
  1.000000  1.000000  1.000000
orientation T byte_order littleendian
Reading image: /opt/freesurfer/average/711-2C_as_mni_average_305.4dfp.img
dimensions:      256       256       256
mmppix:       1.0000   -1.0000   -1.0000
center:     128.0000 -129.0000 -129.0000
/opt/freesurfer/average/711-2B_as_mni_average_305_mask.4dfp.img
       256       256       256         1
  1.000000  1.000000  1.000000
orientation T byte_order littleendian
Reading mask: /opt/freesurfer/average/711-2B_as_mni_average_305_mask.4dfp.img (2306576 pixels)
talsrcimg_g11.4dfp.img
       256       256       256         1
  1.000000  1.000000  1.000000
orientation T byte_order littleendian
Reading image: talsrcimg_g11.4dfp.img
dimensions:      256       256       256
mmppix:       1.0000   -1.0000   -1.0000
center:     128.0000 -129.0000 -129.0000
fimgreg.f
image alignment mode   3335 decimal      D07 hex
parameters
   -4.2433   28.3224    3.0850   -0.7467   -0.5519   -0.6666
   -7.6112   -9.5312    8.2487    6.4840    8.9851   -7.2218
eta,q 0.95622 10.50820
niter,ni,del,rscale     5    3    5.0000    1.2000
parameter  4  1.228546 ->  0.500000 qaram    1.1500
parameter  5  2.537830 ->  0.500000 qaram    1.1500
parameter  6  1.114881 ->  0.500000 qaram    1.1500
parameters
   -4.1122   28.6247    2.9935   -4.8867   -4.6919   -4.8066
   -6.8323   -8.5662    7.8988    4.8458    7.7788   -8.5206
eta,q 0.97000  9.94864
  0.0467  0.0457  0.0450  0.0388  0.0320  0.0297  0.0332  0.0365  0.0319  0.0320  0.0311  0.0307
  0.0452  0.0445  0.0443  0.0396  0.0343  0.0301  0.0318  0.0338  0.0310  0.0307  0.0305  0.0303
  0.0442  0.0439  0.0439  0.0412  0.0370  0.0320  0.0309  0.0316  0.0305  0.0301  0.0301  0.0300
  0.0438  0.0438  0.0438  0.0438  0.0400  0.0350  0.0305  0.0304  0.0303  0.0303  0.0301  0.0301
  0.0439  0.0439  0.0440  0.0472  0.0432  0.0390  0.0306  0.0306  0.0306  0.0313  0.0304  0.0303
  0.0448  0.0442  0.0445  0.0514  0.0471  0.0437  0.0312  0.0319  0.0312  0.0326  0.0311  0.0308
  0.0462  0.0447  0.0452  0.0558  0.0516  0.0492  0.0322  0.0341  0.0323  0.0344  0.0322  0.0315
niter,ni,del,rscale     7    3    5.0000    1.2000
parameter  5  1.172049 ->  0.500000 qaram    1.3225
parameters
   -4.2171   29.6563    2.5144   -8.1097   -9.4529   -8.5733
   -6.8538   -8.6067    8.7413    8.2840    7.8833  -10.0264
eta,q 0.97474  9.53311
  0.0328  0.0334  0.0307  0.0303  0.0254  0.0265  0.0281  0.0293  0.0285  0.0311  0.0259  0.0257
  0.0312  0.0320  0.0299  0.0296  0.0259  0.0263  0.0270  0.0274  0.0273  0.0291  0.0256  0.0254
  0.0302  0.0308  0.0295  0.0292  0.0274  0.0260  0.0263  0.0263  0.0265  0.0273  0.0254  0.0253
  0.0300  0.0300  0.0296  0.0295  0.0292  0.0263  0.0261  0.0261  0.0261  0.0261  0.0253  0.0253
  0.0305  0.0296  0.0300  0.0310  0.0319  0.0283  0.0263  0.0265  0.0261  0.0254  0.0253  0.0255
  0.0316  0.0297  0.0310  0.0340  0.0355  0.0321  0.0270  0.0276  0.0267  0.0254  0.0255  0.0258
  0.0333  0.0303  0.0322  0.0382  0.0391  0.0371  0.0281  0.0292  0.0276  0.0263  0.0259  0.0263
niter,ni,del,rscale     7    3    5.0000    1.2000
parameter  3  0.506079 ->  0.500000 qaram    1.1500
parameters
   -4.0319   30.0929    1.1344   -6.8362  -13.8403  -10.5246
   -6.8910   -8.5213    9.3429    9.3691    8.1573  -10.9347
eta,q 0.97628  9.33883
  0.0281  0.0287  0.0252  0.0276  0.0250  0.0252  0.0258  0.0272  0.0260  0.0272  0.0243  0.0243
  0.0266  0.0269  0.0249  0.0265  0.0240  0.0244  0.0247  0.0253  0.0249  0.0256  0.0240  0.0239
  0.0257  0.0258  0.0249  0.0256  0.0236  0.0240  0.0240  0.0241  0.0242  0.0245  0.0238  0.0238
  0.0253  0.0252  0.0252  0.0249  0.0246  0.0236  0.0238  0.0238  0.0238  0.0238  0.0237  0.0237
  0.0254  0.0252  0.0257  0.0245  0.0266  0.0241  0.0241  0.0242  0.0239  0.0238  0.0237  0.0238
  0.0261  0.0258  0.0264  0.0249  0.0296  0.0261  0.0248  0.0252  0.0245  0.0245  0.0239  0.0242
  0.0273  0.0268  0.0274  0.0267  0.0331  0.0295  0.0258  0.0270  0.0254  0.0257  0.0242  0.0247
niter,ni,del,rscale     7    3    5.0000    1.2000
parameters
   -3.8785   30.4782    0.5929   -6.0274  -15.0375  -11.4199
   -6.9731   -8.4595    9.5156   10.4426    7.7771  -11.1764
eta,q 0.97638  9.28817
  0.0264  0.0269  0.0245  0.0259  0.0261  0.0256  0.0256  0.0270  0.0254  0.0266  0.0241  0.0244
  0.0250  0.0254  0.0238  0.0249  0.0250  0.0245  0.0246  0.0252  0.0245  0.0252  0.0238  0.0240
  0.0241  0.0243  0.0235  0.0242  0.0241  0.0240  0.0239  0.0241  0.0239  0.0243  0.0237  0.0237
  0.0237  0.0237  0.0236  0.0235  0.0234  0.0235  0.0237  0.0237  0.0237  0.0237  0.0236  0.0236
  0.0239  0.0237  0.0240  0.0232  0.0240  0.0236  0.0240  0.0241  0.0239  0.0237  0.0237  0.0237
  0.0246  0.0243  0.0246  0.0237  0.0258  0.0249  0.0247  0.0251  0.0244  0.0242  0.0239  0.0240
  0.0259  0.0254  0.0255  0.0256  0.0285  0.0276  0.0257  0.0269  0.0253  0.0253  0.0243  0.0245
niter,ni,del,rscale     6    3    5.0000    1.2000
parameters
   -3.8496   30.8440    0.1839   -6.0678  -15.7635  -12.2631
   -6.9158   -8.5124    9.7585   11.5274    7.5008  -11.1203
eta,q 0.97630  9.22435
  0.0261  0.0265  0.0246  0.0256  0.0261  0.0256  0.0257  0.0269  0.0253  0.0262  0.0242  0.0246
  0.0248  0.0251  0.0239  0.0247  0.0251  0.0245  0.0247  0.0251  0.0245  0.0250  0.0239  0.0241
  0.0239  0.0241  0.0235  0.0241  0.0243  0.0240  0.0240  0.0241  0.0240  0.0243  0.0238  0.0238
  0.0236  0.0236  0.0236  0.0235  0.0235  0.0237  0.0238  0.0238  0.0238  0.0238  0.0237  0.0237
  0.0239  0.0237  0.0239  0.0233  0.0238  0.0237  0.0240  0.0242  0.0239  0.0237  0.0237  0.0238
  0.0247  0.0242  0.0245  0.0242  0.0253  0.0249  0.0247  0.0252  0.0244  0.0242  0.0239  0.0240
  0.0261  0.0251  0.0253  0.0263  0.0277  0.0274  0.0257  0.0269  0.0252  0.0252  0.0243  0.0246
niter,ni,del,rscale     5    3    5.0000    1.2000
parameters
   -3.8455   31.2493   -0.2417   -6.1152  -16.5548  -13.3001
   -6.8273   -8.6359    9.8604   12.8409    7.4932  -10.9265
eta,q 0.97635  9.15080
  0.0261  0.0263  0.0246  0.0255  0.0260  0.0255  0.0257  0.0267  0.0253  0.0260  0.0242  0.0246
  0.0248  0.0250  0.0239  0.0247  0.0249  0.0244  0.0247  0.0250  0.0245  0.0250  0.0239  0.0241
  0.0240  0.0241  0.0236  0.0241  0.0242  0.0240  0.0241  0.0241  0.0240  0.0243  0.0237  0.0238
  0.0237  0.0237  0.0236  0.0236  0.0236  0.0237  0.0238  0.0238  0.0238  0.0238  0.0237  0.0237
  0.0239  0.0237  0.0240  0.0234  0.0237  0.0238  0.0240  0.0242  0.0239  0.0236  0.0237  0.0237
  0.0247  0.0241  0.0246  0.0242  0.0252  0.0250  0.0246  0.0252  0.0244  0.0240  0.0239  0.0240
  0.0261  0.0250  0.0254  0.0262  0.0276  0.0274  0.0256  0.0268  0.0252  0.0250  0.0243  0.0246
niter,ni,del,rscale     4    3    5.0000    1.2000
parameters
   -3.8649   31.7147   -0.6708   -6.1835  -17.4076  -14.3570
   -6.6874   -8.7693    9.7617   14.0881    7.5942  -11.0136
eta,q 0.97645  9.07511
  0.0259  0.0264  0.0246  0.0254  0.0259  0.0254  0.0255  0.0264  0.0252  0.0260  0.0242  0.0245
  0.0247  0.0251  0.0239  0.0245  0.0248  0.0243  0.0246  0.0249  0.0244  0.0250  0.0238  0.0240
  0.0239  0.0241  0.0235  0.0240  0.0240  0.0238  0.0240  0.0239  0.0239  0.0242  0.0236  0.0237
  0.0237  0.0237  0.0236  0.0235  0.0235  0.0236  0.0237  0.0237  0.0237  0.0237  0.0236  0.0235
  0.0239  0.0236  0.0239  0.0234  0.0237  0.0237  0.0239  0.0241  0.0239  0.0235  0.0236  0.0237
  0.0247  0.0240  0.0245  0.0241  0.0252  0.0249  0.0245  0.0251  0.0244  0.0240  0.0238  0.0240
  0.0260  0.0249  0.0254  0.0260  0.0276  0.0273  0.0254  0.0266  0.0253  0.0250  0.0242  0.0246
niter,ni,del,rscale     3    3    5.0000    1.2000
parameters
   -3.8712   32.0884   -0.9696   -6.2470  -18.0505  -15.0174
   -6.5708   -8.8282    9.6521   14.8636    7.5414  -11.3508
eta,q 0.97649  9.02385
  0.0257  0.0262  0.0246  0.0253  0.0260  0.0255  0.0254  0.0263  0.0252  0.0258  0.0242  0.0245
  0.0246  0.0249  0.0239  0.0244  0.0248  0.0243  0.0244  0.0247  0.0243  0.0248  0.0238  0.0239
  0.0238  0.0240  0.0235  0.0239  0.0240  0.0237  0.0238  0.0238  0.0238  0.0241  0.0236  0.0236
  0.0235  0.0235  0.0235  0.0235  0.0235  0.0235  0.0236  0.0236  0.0236  0.0236  0.0235  0.0235
  0.0238  0.0236  0.0238  0.0233  0.0236  0.0235  0.0238  0.0239  0.0238  0.0235  0.0236  0.0237
  0.0245  0.0241  0.0243  0.0240  0.0250  0.0245  0.0244  0.0249  0.0244  0.0241  0.0238  0.0241
  0.0258  0.0250  0.0252  0.0259  0.0274  0.0268  0.0253  0.0263  0.0254  0.0252  0.0242  0.0247
niter,ni,del,rscale     2    3    5.0000    1.2000
parameters
   -3.8531   32.3092   -1.1376   -6.3168  -18.4063  -15.3060
   -6.5200   -8.8295    9.6099   15.3012    7.4271  -11.6367
eta,q 0.97648  8.99780
  0.0257  0.0260  0.0248  0.0252  0.0262  0.0256  0.0253  0.0263  0.0253  0.0256  0.0242  0.0245
  0.0245  0.0247  0.0240  0.0244  0.0249  0.0244  0.0244  0.0247  0.0244  0.0246  0.0238  0.0240
  0.0238  0.0239  0.0236  0.0238  0.0240  0.0237  0.0238  0.0238  0.0238  0.0240  0.0236  0.0236
  0.0235  0.0235  0.0235  0.0235  0.0235  0.0235  0.0235  0.0236  0.0236  0.0236  0.0235  0.0235
  0.0237  0.0236  0.0237  0.0234  0.0236  0.0234  0.0237  0.0239  0.0238  0.0236  0.0236  0.0237
  0.0244  0.0242  0.0242  0.0240  0.0248  0.0242  0.0243  0.0248  0.0244  0.0242  0.0238  0.0241
  0.0257  0.0252  0.0251  0.0258  0.0271  0.0264  0.0252  0.0262  0.0253  0.0253  0.0242  0.0247
niter,ni,del,rscale     1    3    5.0000    1.2000
parameters
   -3.8278   32.4258   -1.2245   -6.3575  -18.5876  -15.4293
   -6.5156   -8.8039    9.6060   15.5252    7.3513  -11.8013
eta,q 0.97647  8.98546
  0.0257  0.0258  0.0249  0.0252  0.0263  0.0256  0.0252  0.0262  0.0253  0.0255  0.0242  0.0245
  0.0245  0.0246  0.0241  0.0244  0.0250  0.0245  0.0243  0.0247  0.0244  0.0245  0.0238  0.0240
  0.0238  0.0238  0.0236  0.0238  0.0241  0.0238  0.0238  0.0238  0.0238  0.0239  0.0236  0.0236
  0.0235  0.0235  0.0235  0.0235  0.0235  0.0235  0.0235  0.0235  0.0235  0.0235  0.0235  0.0235
  0.0237  0.0237  0.0237  0.0234  0.0236  0.0234  0.0237  0.0239  0.0237  0.0236  0.0236  0.0237
  0.0244  0.0244  0.0242  0.0240  0.0247  0.0242  0.0243  0.0248  0.0244  0.0242  0.0238  0.0241
  0.0256  0.0254  0.0250  0.0257  0.0270  0.0262  0.0252  0.0261  0.0253  0.0254  0.0242  0.0246
registration optimization eta report
parameter search radius
    2.4000    2.4000    2.7600    8.2800    9.5220    8.2800
    7.2000    7.2000    7.2000    7.2000    7.2000    7.2000
100000*second partial in parameter space
       37.       36.       19.        3.        3.        4.
        3.        5.        3.        4.        1.        2.
  0.0257  0.0258  0.0249  0.0252  0.0263  0.0256  0.0252  0.0262  0.0253  0.0255  0.0242  0.0245
  0.0245  0.0246  0.0241  0.0244  0.0250  0.0245  0.0243  0.0247  0.0244  0.0245  0.0238  0.0240
  0.0238  0.0238  0.0236  0.0238  0.0241  0.0238  0.0238  0.0238  0.0238  0.0239  0.0236  0.0236
  0.0235  0.0235  0.0235  0.0235  0.0235  0.0235  0.0235  0.0235  0.0235  0.0235  0.0235  0.0235
  0.0237  0.0237  0.0237  0.0234  0.0236  0.0234  0.0237  0.0239  0.0237  0.0236  0.0236  0.0237
  0.0244  0.0244  0.0242  0.0240  0.0247  0.0242  0.0243  0.0248  0.0244  0.0242  0.0238  0.0241
  0.0256  0.0254  0.0250  0.0257  0.0270  0.0262  0.0252  0.0261  0.0253  0.0254  0.0242  0.0246
   -3.8278   32.4258   -1.2245   -6.3575  -18.5876  -15.4293
   -6.5156   -8.8039    9.6060   15.5252    7.3513  -11.8013
eta,q 0.97647  8.98546

---------------------------------------------------------------------
imgreg_4dfp /opt/freesurfer/average/711-2C_as_mni_average_305 /opt/freesurfer/average/711-2B_as_mni_average_305_mask talsrcimg_g11 none talsrcimg_to_711-2C_as_mni_average_305_t4 2311
---------------------------------------------------------------------

freesurfer imgreg_4dfp.c
/opt/freesurfer/average/711-2C_as_mni_average_305.4dfp.img
       256       256       256         1
  1.000000  1.000000  1.000000
orientation T byte_order littleendian
Reading image: /opt/freesurfer/average/711-2C_as_mni_average_305.4dfp.img
dimensions:      256       256       256
mmppix:       1.0000   -1.0000   -1.0000
center:     128.0000 -129.0000 -129.0000
/opt/freesurfer/average/711-2B_as_mni_average_305_mask.4dfp.img
       256       256       256         1
  1.000000  1.000000  1.000000
orientation T byte_order littleendian
Reading mask: /opt/freesurfer/average/711-2B_as_mni_average_305_mask.4dfp.img (2306576 pixels)
talsrcimg_g11.4dfp.img
       256       256       256         1
  1.000000  1.000000  1.000000
orientation T byte_order littleendian
Reading image: talsrcimg_g11.4dfp.img
dimensions:      256       256       256
mmppix:       1.0000   -1.0000   -1.0000
center:     128.0000 -129.0000 -129.0000
fimgreg.f
image alignment mode   2311 decimal      907 hex
parameters
   -3.8278   32.4258   -1.2245   -6.3575  -18.5876  -15.4293
   -6.5156   -8.8039    9.6060   15.5252    7.3513  -11.8013
eta,q 0.97647  8.98546
niter,ni,del,rscale     5    3    5.0000    0.8000
parameters
   -3.7750   32.4546   -1.2651   -4.8617  -17.5012  -13.7541
   -6.4766   -8.4457    9.8467   15.8321    8.0248  -12.1485
eta,q 0.97691  9.16893
  0.0245  0.0245  0.0240  0.0242  0.0245  0.0242  0.0241  0.0248  0.0241  0.0243  0.0236  0.0236
  0.0240  0.0240  0.0237  0.0239  0.0240  0.0238  0.0236  0.0239  0.0236  0.0238  0.0233  0.0233
  0.0237  0.0236  0.0236  0.0237  0.0237  0.0235  0.0233  0.0234  0.0233  0.0234  0.0232  0.0231
  0.0235  0.0235  0.0235  0.0235  0.0234  0.0233  0.0231  0.0231  0.0231  0.0231  0.0231  0.0231
  0.0236  0.0236  0.0236  0.0234  0.0233  0.0231  0.0232  0.0232  0.0232  0.0232  0.0231  0.0232
  0.0239  0.0239  0.0238  0.0234  0.0234  0.0231  0.0235  0.0236  0.0235  0.0235  0.0232  0.0234
  0.0244  0.0244  0.0240  0.0237  0.0239  0.0235  0.0240  0.0244  0.0239  0.0241  0.0234  0.0237
niter,ni,del,rscale     4    3    5.0000    0.7000
parameters
   -3.8784   32.4385   -1.2818   -4.6603  -17.3423  -13.8943
   -6.4275   -8.6017    9.7203   15.8774    8.0839  -12.0746
eta,q 0.97692  9.17921
  0.0238  0.0239  0.0235  0.0237  0.0239  0.0237  0.0238  0.0241  0.0237  0.0240  0.0234  0.0235
  0.0234  0.0234  0.0233  0.0235  0.0235  0.0234  0.0234  0.0235  0.0234  0.0235  0.0232  0.0233
  0.0231  0.0232  0.0231  0.0233  0.0232  0.0232  0.0232  0.0232  0.0231  0.0232  0.0231  0.0231
  0.0231  0.0231  0.0231  0.0231  0.0231  0.0231  0.0231  0.0231  0.0231  0.0231  0.0231  0.0231
  0.0232  0.0232  0.0231  0.0231  0.0231  0.0230  0.0231  0.0232  0.0232  0.0232  0.0231  0.0231
  0.0236  0.0235  0.0233  0.0233  0.0233  0.0233  0.0234  0.0236  0.0234  0.0235  0.0232  0.0233
  0.0241  0.0239  0.0235  0.0238  0.0238  0.0240  0.0238  0.0243  0.0238  0.0240  0.0234  0.0235
niter,ni,del,rscale     3    3    5.0000    0.6000
parameters
   -3.9322   32.4510   -1.3205   -4.4606  -17.2583  -13.6977
   -6.3293   -8.6253    9.6851   15.9144    8.1832  -12.1515
eta,q 0.97697  9.19922
  0.0237  0.0237  0.0234  0.0236  0.0237  0.0236  0.0236  0.0239  0.0236  0.0237  0.0233  0.0233
  0.0233  0.0233  0.0232  0.0234  0.0234  0.0234  0.0233  0.0234  0.0233  0.0234  0.0231  0.0232
  0.0231  0.0231  0.0231  0.0232  0.0232  0.0232  0.0231  0.0231  0.0231  0.0231  0.0231  0.0231
  0.0231  0.0231  0.0231  0.0231  0.0231  0.0231  0.0230  0.0230  0.0230  0.0230  0.0230  0.0230
  0.0232  0.0231  0.0231  0.0231  0.0231  0.0230  0.0231  0.0231  0.0231  0.0231  0.0231  0.0231
  0.0234  0.0233  0.0232  0.0232  0.0233  0.0232  0.0233  0.0234  0.0233  0.0233  0.0231  0.0232
  0.0238  0.0237  0.0234  0.0236  0.0237  0.0236  0.0236  0.0239  0.0236  0.0238  0.0233  0.0234
niter,ni,del,rscale     2    3    5.0000    0.5000
parameters
   -3.9630   32.4633   -1.2995   -4.2916  -17.1755  -13.3993
   -6.2686   -8.6505    9.6415   15.9148    8.1811  -12.2582
eta,q 0.97700  9.22219
  0.0235  0.0235  0.0233  0.0234  0.0235  0.0234  0.0234  0.0236  0.0234  0.0235  0.0232  0.0232
  0.0232  0.0232  0.0231  0.0233  0.0233  0.0233  0.0232  0.0233  0.0232  0.0232  0.0231  0.0231
  0.0231  0.0231  0.0231  0.0231  0.0231  0.0232  0.0230  0.0231  0.0230  0.0231  0.0230  0.0230
  0.0230  0.0230  0.0230  0.0230  0.0230  0.0230  0.0230  0.0230  0.0230  0.0230  0.0230  0.0230
  0.0231  0.0231  0.0231  0.0230  0.0230  0.0230  0.0230  0.0231  0.0230  0.0230  0.0230  0.0230
  0.0233  0.0232  0.0231  0.0232  0.0232  0.0231  0.0232  0.0233  0.0232  0.0232  0.0231  0.0231
  0.0235  0.0234  0.0233  0.0234  0.0235  0.0234  0.0234  0.0237  0.0234  0.0235  0.0232  0.0232
niter,ni,del,rscale     1    3    5.0000    0.4000
parameters
   -3.9910   32.4663   -1.2356   -4.1373  -17.1027  -13.0794
   -6.2315   -8.6785    9.6086   15.8762    8.1768  -12.3170
eta,q 0.97703  9.24481
  0.0233  0.0233  0.0232  0.0233  0.0233  0.0233  0.0232  0.0234  0.0232  0.0233  0.0231  0.0231
  0.0231  0.0231  0.0231  0.0232  0.0231  0.0232  0.0231  0.0232  0.0231  0.0231  0.0230  0.0230
  0.0230  0.0230  0.0230  0.0231  0.0230  0.0231  0.0230  0.0230  0.0230  0.0230  0.0230  0.0230
  0.0230  0.0230  0.0230  0.0230  0.0230  0.0230  0.0230  0.0230  0.0230  0.0230  0.0230  0.0230
  0.0230  0.0230  0.0230  0.0230  0.0230  0.0230  0.0230  0.0230  0.0230  0.0230  0.0230  0.0230
  0.0231  0.0231  0.0231  0.0231  0.0231  0.0230  0.0231  0.0232  0.0231  0.0231  0.0230  0.0230
  0.0233  0.0233  0.0231  0.0233  0.0233  0.0232  0.0232  0.0234  0.0232  0.0233  0.0231  0.0231
registration optimization eta report
parameter search radius
    0.8000    0.8000    0.8000    2.4000    2.4000    2.4000
    2.4000    2.4000    2.4000    2.4000    2.4000    2.4000
100000*second partial in parameter space
       46.       43.       24.        5.        5.        5.
        5.        8.        4.        6.        2.        2.
  0.0233  0.0233  0.0232  0.0233  0.0233  0.0233  0.0232  0.0234  0.0232  0.0233  0.0231  0.0231
  0.0231  0.0231  0.0231  0.0232  0.0231  0.0232  0.0231  0.0232  0.0231  0.0231  0.0230  0.0230
  0.0230  0.0230  0.0230  0.0231  0.0230  0.0231  0.0230  0.0230  0.0230  0.0230  0.0230  0.0230
  0.0230  0.0230  0.0230  0.0230  0.0230  0.0230  0.0230  0.0230  0.0230  0.0230  0.0230  0.0230
  0.0230  0.0230  0.0230  0.0230  0.0230  0.0230  0.0230  0.0230  0.0230  0.0230  0.0230  0.0230
  0.0231  0.0231  0.0231  0.0231  0.0231  0.0230  0.0231  0.0232  0.0231  0.0231  0.0230  0.0230
  0.0233  0.0233  0.0231  0.0233  0.0233  0.0232  0.0232  0.0234  0.0232  0.0233  0.0231  0.0231
   -3.9910   32.4663   -1.2356   -4.1373  -17.1027  -13.0794
   -6.2315   -8.6785    9.6086   15.8762    8.1768  -12.3170
eta,q 0.97703  9.24481

---------------------------------------------------------------------
imgreg_4dfp /opt/freesurfer/average/711-2C_as_mni_average_305 /opt/freesurfer/average/711-2B_as_mni_average_305_mask talsrcimg_g11 none talsrcimg_to_711-2C_as_mni_average_305_t4 2311
---------------------------------------------------------------------

freesurfer imgreg_4dfp.c
/opt/freesurfer/average/711-2C_as_mni_average_305.4dfp.img
       256       256       256         1
  1.000000  1.000000  1.000000
orientation T byte_order littleendian
Reading image: /opt/freesurfer/average/711-2C_as_mni_average_305.4dfp.img
dimensions:      256       256       256
mmppix:       1.0000   -1.0000   -1.0000
center:     128.0000 -129.0000 -129.0000
/opt/freesurfer/average/711-2B_as_mni_average_305_mask.4dfp.img
       256       256       256         1
  1.000000  1.000000  1.000000
orientation T byte_order littleendian
Reading mask: /opt/freesurfer/average/711-2B_as_mni_average_305_mask.4dfp.img (2306576 pixels)
talsrcimg_g11.4dfp.img
       256       256       256         1
  1.000000  1.000000  1.000000
orientation T byte_order littleendian
Reading image: talsrcimg_g11.4dfp.img
dimensions:      256       256       256
mmppix:       1.0000   -1.0000   -1.0000
center:     128.0000 -129.0000 -129.0000
fimgreg.f
image alignment mode   2311 decimal      907 hex
parameters
   -3.9910   32.4663   -1.2356   -4.1373  -17.1027  -13.0794
   -6.2315   -8.6785    9.6086   15.8762    8.1768  -12.3170
eta,q 0.97703  9.24480
niter,ni,del,rscale     5    3    5.0000    0.8000
parameters
   -4.0186   32.4556   -1.1231   -4.8081  -17.4282  -13.8015
   -6.2351   -8.8458    9.6462   15.8544    8.1187  -12.0037
eta,q 0.97691  9.17408
  0.0241  0.0240  0.0237  0.0237  0.0239  0.0237  0.0240  0.0244  0.0240  0.0242  0.0234  0.0237
  0.0235  0.0234  0.0233  0.0234  0.0235  0.0234  0.0235  0.0237  0.0235  0.0237  0.0233  0.0234
  0.0231  0.0231  0.0231  0.0231  0.0232  0.0232  0.0232  0.0232  0.0232  0.0233  0.0231  0.0232
  0.0230  0.0230  0.0230  0.0230  0.0230  0.0230  0.0231  0.0231  0.0231  0.0231  0.0231  0.0231
  0.0231  0.0231  0.0230  0.0231  0.0231  0.0231  0.0232  0.0233  0.0232  0.0232  0.0231  0.0231
  0.0235  0.0235  0.0232  0.0236  0.0235  0.0237  0.0235  0.0238  0.0235  0.0236  0.0232  0.0233
  0.0242  0.0240  0.0235  0.0245  0.0243  0.0247  0.0240  0.0246  0.0240  0.0243  0.0235  0.0236
niter,ni,del,rscale     4    3    5.0000    0.7000
parameters
   -3.9884   32.4201   -1.2697   -4.6558  -17.3684  -13.8987
   -6.2260   -8.7544    9.6748   15.8690    8.1948  -12.0227
eta,q 0.97693  9.17786
  0.0240  0.0238  0.0234  0.0237  0.0238  0.0237  0.0238  0.0243  0.0238  0.0240  0.0234  0.0235
  0.0235  0.0234  0.0232  0.0235  0.0235  0.0234  0.0234  0.0236  0.0234  0.0235  0.0232  0.0233
  0.0232  0.0232  0.0231  0.0232  0.0232  0.0233  0.0232  0.0232  0.0232  0.0232  0.0231  0.0231
  0.0231  0.0231  0.0231  0.0231  0.0231  0.0231  0.0231  0.0231  0.0231  0.0231  0.0231  0.0231
  0.0232  0.0232  0.0232  0.0230  0.0231  0.0230  0.0232  0.0232  0.0232  0.0232  0.0231  0.0231
  0.0234  0.0235  0.0233  0.0233  0.0234  0.0233  0.0234  0.0235  0.0234  0.0235  0.0232  0.0233
  0.0239  0.0239  0.0236  0.0238  0.0239  0.0240  0.0238  0.0242  0.0238  0.0240  0.0234  0.0235
niter,ni,del,rscale     3    3    5.0000    0.6000
parameters
   -3.9761   32.4389   -1.3097   -4.4507  -17.2658  -13.6705
   -6.2447   -8.7008    9.6524   15.8975    8.2266  -12.1302
eta,q 0.97697  9.20017
  0.0237  0.0237  0.0234  0.0236  0.0237  0.0236  0.0236  0.0239  0.0236  0.0237  0.0233  0.0233
  0.0234  0.0234  0.0232  0.0234  0.0234  0.0234  0.0233  0.0234  0.0233  0.0234  0.0231  0.0232
  0.0231  0.0231  0.0231  0.0232  0.0232  0.0232  0.0231  0.0231  0.0231  0.0231  0.0231  0.0231
  0.0231  0.0231  0.0231  0.0231  0.0231  0.0231  0.0230  0.0230  0.0230  0.0230  0.0230  0.0230
  0.0231  0.0231  0.0231  0.0231  0.0231  0.0230  0.0231  0.0231  0.0231  0.0231  0.0231  0.0231
  0.0233  0.0233  0.0232  0.0232  0.0233  0.0232  0.0233  0.0234  0.0233  0.0233  0.0231  0.0232
  0.0237  0.0237  0.0234  0.0236  0.0237  0.0236  0.0236  0.0239  0.0236  0.0238  0.0233  0.0234
niter,ni,del,rscale     2    3    5.0000    0.5000
parameters
   -3.9870   32.4585   -1.2891   -4.2763  -17.1813  -13.3875
   -6.2285   -8.6957    9.6251   15.9200    8.2155  -12.2368
eta,q 0.97701  9.22309
  0.0235  0.0235  0.0233  0.0234  0.0235  0.0234  0.0234  0.0236  0.0234  0.0235  0.0232  0.0232
  0.0232  0.0232  0.0231  0.0233  0.0233  0.0233  0.0232  0.0233  0.0232  0.0232  0.0231  0.0231
  0.0231  0.0231  0.0231  0.0231  0.0231  0.0232  0.0230  0.0231  0.0230  0.0231  0.0230  0.0230
  0.0230  0.0230  0.0230  0.0230  0.0230  0.0230  0.0230  0.0230  0.0230  0.0230  0.0230  0.0230
  0.0231  0.0231  0.0231  0.0230  0.0230  0.0230  0.0230  0.0231  0.0230  0.0230  0.0230  0.0230
  0.0232  0.0232  0.0231  0.0231  0.0232  0.0231  0.0232  0.0233  0.0232  0.0232  0.0231  0.0231
  0.0235  0.0234  0.0233  0.0234  0.0235  0.0234  0.0234  0.0236  0.0234  0.0235  0.0232  0.0232
niter,ni,del,rscale     1    3    5.0000    0.4000
parameters
   -4.0084   32.4688   -1.2349   -4.1381  -17.0998  -13.0806
   -6.2087   -8.7051    9.5989   15.8792    8.2036  -12.3377
eta,q 0.97703  9.24516
  0.0233  0.0233  0.0232  0.0233  0.0233  0.0233  0.0232  0.0234  0.0232  0.0233  0.0231  0.0231
  0.0231  0.0231  0.0231  0.0232  0.0231  0.0232  0.0231  0.0232  0.0231  0.0231  0.0230  0.0230
  0.0230  0.0230  0.0230  0.0231  0.0230  0.0231  0.0230  0.0230  0.0230  0.0230  0.0230  0.0230
  0.0230  0.0230  0.0230  0.0230  0.0230  0.0230  0.0230  0.0230  0.0230  0.0230  0.0230  0.0230
  0.0230  0.0230  0.0230  0.0230  0.0230  0.0230  0.0230  0.0230  0.0230  0.0230  0.0230  0.0230
  0.0231  0.0231  0.0231  0.0231  0.0231  0.0230  0.0231  0.0232  0.0231  0.0231  0.0230  0.0230
  0.0233  0.0233  0.0231  0.0233  0.0233  0.0232  0.0232  0.0234  0.0232  0.0233  0.0231  0.0231
registration optimization eta report
parameter search radius
    0.8000    0.8000    0.8000    2.4000    2.4000    2.4000
    2.4000    2.4000    2.4000    2.4000    2.4000    2.4000
100000*second partial in parameter space
       47.       42.       25.        5.        5.        5.
        5.        8.        4.        6.        2.        2.
  0.0233  0.0233  0.0232  0.0233  0.0233  0.0233  0.0232  0.0234  0.0232  0.0233  0.0231  0.0231
  0.0231  0.0231  0.0231  0.0232  0.0231  0.0232  0.0231  0.0232  0.0231  0.0231  0.0230  0.0230
  0.0230  0.0230  0.0230  0.0231  0.0230  0.0231  0.0230  0.0230  0.0230  0.0230  0.0230  0.0230
  0.0230  0.0230  0.0230  0.0230  0.0230  0.0230  0.0230  0.0230  0.0230  0.0230  0.0230  0.0230
  0.0230  0.0230  0.0230  0.0230  0.0230  0.0230  0.0230  0.0230  0.0230  0.0230  0.0230  0.0230
  0.0231  0.0231  0.0231  0.0231  0.0231  0.0230  0.0231  0.0232  0.0231  0.0231  0.0230  0.0230
  0.0233  0.0233  0.0231  0.0233  0.0233  0.0232  0.0232  0.0234  0.0232  0.0233  0.0231  0.0231
   -4.0084   32.4688   -1.2349   -4.1381  -17.0998  -13.0806
   -6.2087   -8.7051    9.5989   15.8792    8.2036  -12.3377
eta,q 0.97703  9.24516

---------------------------------------------------------------------
compute_vox2vox talsrcimg talsrcimg_to_711-2C_as_mni_average_305_t4 /opt/freesurfer/average/711-2C_as_mni_average_305
---------------------------------------------------------------------

freesurfer compute_vox2vox.c
Reading: talsrcimg.4dfp.ifh
Reading: talsrcimg_to_711-2C_as_mni_average_305_t4
Reading: /opt/freesurfer/average/711-2C_as_mni_average_305.4dfp.ifh
Writing: talsrcimg_to_711-2C_as_mni_average_305_t4_vox2vox.txt

start time Sun Mar 15 08:14:02 CET 2026
end		time Sun Mar 15 08:14:16 CET 2026

mpr2mni305 success

avi2talxfm orig_nu.mgz /opt/freesurfer/average/mni305.cor.mgz talsrcimg_to_711-2C_as_mni_average_305_t4_vox2vox.txt transforms/talairach.auto.xfm
avi2talxfm done
mv -f /out/sourcedata/freesurfer/sub-v2s10x28961_ses-1/mri/talsrcimg_to_711-2C_as_mni_average_305_t4_vox2vox.txt /out/sourcedata/freesurfer/sub-v2s10x28961_ses-1/mri/transforms/talsrcimg_to_711-2C_as_mni_average_305_t4_vox2vox.txt
lta_convert --src orig_nu.mgz --trg /opt/freesurfer/average/mni305.cor.mgz --inxfm transforms/talairach.auto.xfm --outlta transforms/talairach.auto.xfm.lta --subject fsaverage
7.3.2

--src: orig_nu.mgz src image (geometry).
--trg: /opt/freesurfer/average/mni305.cor.mgz trg image (geometry).
--inmni: transforms/talairach.auto.xfm input MNI/XFM transform.
--outlta: transforms/talairach.auto.xfm.lta output LTA.
--s: fsaverage subject name
 LTA read, type : 1
 1.02678   0.08643   0.08976  -1.48509;
-0.11077   1.11071   0.15701  -24.43793;
-0.09767  -0.22276   1.16580  -13.00792;
 0.00000   0.00000   0.00000   1.00000;
setting subject to fsaverage
Writing  LTA to file transforms/talairach.auto.xfm.lta...
lta_convert successful.
 
 
Started at Sun Mar 15 08:14:01 CET 2026
Ended   at Sun Mar 15 08:14:16 CET 2026
talairach_avi done
