/out/sourcedata/freesurfer/sub-v2s10x30162_ses-1/mri
/opt/freesurfer/bin/talairach_avi
--i orig_nu.mgz --xfm transforms/talairach.auto.xfm
talairach_avi 7.3.2
Linux dna088 5.14.0-427.37.1.el9_4.x86_64 #1 SMP PREEMPT_DYNAMIC Fri Sep 13 12:41:50 EDT 2024 x86_64 x86_64 x86_64 GNU/Linux
Sun Mar 15 11:25:32 CET 2026
mri_convert orig_nu.mgz talsrcimg.img 
reading from orig_nu.mgz...
TR=0.00, TE=0.00, TI=0.00, flip angle=0.00
i_ras = (-1, 0, 0)
j_ras = (0, 0, -1)
k_ras = (0, 1, 0)
writing to talsrcimg.img...
Analyze Output Matrix
-1.00000   0.00000   0.00000   123.84353;
 0.00000   0.00000   1.00000  -102.12509;
 0.00000  -1.00000   0.00000   118.98618;
 0.00000   0.00000   0.00000   1.00000;
--------------------
INFO: set hdr.hist.orient to -1
mpr2mni305 talsrcimg
Sun Mar 15 11:25:32 CET 2026
/opt/freesurfer/bin/mpr2mni305 talsrcimg
mpr2mni305 7.3.2
target=711-2C_as_mni_average_305

---------------------------------------------------------------------
analyzeto4dfp talsrcimg -O0 -y
---------------------------------------------------------------------

freesurfer ifh2hdr.c
Sun Mar 15 11:25:32 2026
Writing: talsrcimg.4dfp.hdr
freesurfer analyzeto4dfp.c
Reading: talsrcimg.hdr
header size 348 bytes
hdr.dime.datatype	offset=70	value=2
hdr.dime.bitpix		offset=72	value=8
hdr.hist.orient		offset=252	value=-1
dimensionality     4
dimensions       256       256       256         1
Reading: talsrcimg.img
Writing: talsrcimg.4dfp.img
Writing: talsrcimg.4dfp.ifh
ifh2hdr talsrcimg -r0to211
ori=2

---------------------------------------------------------------------
gauss_4dfp talsrcimg 1.1
---------------------------------------------------------------------

freesurfer gauss_4dfp.c
Reading: talsrcimg.4dfp.img
Writing: talsrcimg_g11.4dfp.img
image dimensions 256 256 256 padded to 288 288 288
processing volume 1freesurfer ifh2hdr.c
Sun Mar 15 11:25:33 2026
Writing: talsrcimg_g11.4dfp.hdr

Writing: talsrcimg_g11.4dfp.ifh
including: talsrcimg.4dfp.img.rec in talsrcimg_g11.4dfp.img.rec

---------------------------------------------------------------------
imgreg_4dfp /opt/freesurfer/average/711-2C_as_mni_average_305 none talsrcimg_g11 none talsrcimg_to_711-2C_as_mni_average_305_t4 4355
---------------------------------------------------------------------

freesurfer imgreg_4dfp.c
/opt/freesurfer/average/711-2C_as_mni_average_305.4dfp.img
       256       256       256         1
  1.000000  1.000000  1.000000
orientation T byte_order littleendian
Reading image: /opt/freesurfer/average/711-2C_as_mni_average_305.4dfp.img
dimensions:      256       256       256
mmppix:       1.0000   -1.0000   -1.0000
center:     128.0000 -129.0000 -129.0000
talsrcimg_g11.4dfp.img
       256       256       256         1
  1.000000  1.000000  1.000000
orientation T byte_order littleendian
Reading image: talsrcimg_g11.4dfp.img
dimensions:      256       256       256
mmppix:       1.0000   -1.0000   -1.0000
center:     128.0000 -129.0000 -129.0000
t4_read: open error in t4_sub.f l:  41 t4_file(1:l)talsrcimg_to_711-2C_as_mni_average_305_t4 
t4_read: transform initialized to I4
rotation matrix determinant  1.000000
image alignment mode   4355 decimal     1103 hex
   -7.5000  -45.0000  -45.0000 6106.4956   16.6652
    0.0000  -45.0000  -45.0000 6370.7085   16.6223
    7.5000  -45.0000  -45.0000 6119.3257   16.6233
   -7.5000  -37.5000  -45.0000 6738.8135   16.1971
    0.0000  -37.5000  -45.0000 6995.1851   16.1588
    7.5000  -37.5000  -45.0000 6716.9478   16.1612
   -7.5000  -30.0000  -45.0000 7660.7549   15.8830
    0.0000  -30.0000  -45.0000 7948.0957   15.8410
    7.5000  -30.0000  -45.0000 7617.0718   15.8381
   -7.5000  -22.5000  -45.0000 8581.5068   15.6795
    0.0000  -22.5000  -45.0000 8929.1426   15.6289
    7.5000  -22.5000  -45.0000 8549.4385   15.6152
   -7.5000  -15.0000  -45.0000 9558.1494   15.5941
    0.0000  -15.0000  -45.0000 9959.6201   15.5398
    7.5000  -15.0000  -45.0000 9515.5996   15.5209
   -7.5000   -7.5000  -45.000010586.9385   15.5491
    0.0000   -7.5000  -45.000011022.9863   15.5010
    7.5000   -7.5000  -45.000010506.3369   15.4869
   -7.5000    0.0000  -45.000011526.7402   15.5349
    0.0000    0.0000  -45.000012003.4531   15.4955
    7.5000    0.0000  -45.000011441.3125   15.4906
   -7.5000    7.5000  -45.000011498.7471   15.5438
    0.0000    7.5000  -45.000011992.1709   15.5077
    7.5000    7.5000  -45.000011442.5088   15.5071
   -7.5000   15.0000  -45.000011342.0361   15.5587
    0.0000   15.0000  -45.000011832.6191   15.5179
    7.5000   15.0000  -45.000011252.9072   15.5127
   -7.5000   22.5000  -45.000011100.2031   15.5634
    0.0000   22.5000  -45.000011584.8828   15.5135
    7.5000   22.5000  -45.000011003.5537   15.4987
   -7.5000   30.0000  -45.000010834.5820   15.3535
    0.0000   30.0000  -45.000011271.8086   15.3001
    7.5000   30.0000  -45.000010748.0742   15.2810
   -7.5000   37.5000  -45.000010866.6006   15.3360
    0.0000   37.5000  -45.000011276.8525   15.2886
    7.5000   37.5000  -45.000010749.9756   15.2745
   -7.5000   45.0000  -45.000010471.2305   14.9387
    0.0000   45.0000  -45.000010866.1758   14.9008
    7.5000   45.0000  -45.000010341.8203   14.8961
   -7.5000  -45.0000  -37.5000 6475.5791   16.6405
    0.0000  -45.0000  -37.5000 6741.4585   16.5992
    7.5000  -45.0000  -37.5000 6482.2256   16.6032
   -7.5000  -37.5000  -37.5000 7134.7852   16.1753
    0.0000  -37.5000  -37.5000 7405.0532   16.1388
    7.5000  -37.5000  -37.5000 7102.5625   16.1438
   -7.5000  -30.0000  -37.5000 8093.1904   15.8687
    0.0000  -30.0000  -37.5000 8397.5156   15.8298
    7.5000  -30.0000  -37.5000 8046.6738   15.8299
   -7.5000  -22.5000  -37.5000 9094.2324   15.6702
    0.0000  -22.5000  -37.5000 9467.0947   15.6235
    7.5000  -22.5000  -37.5000 9065.3027   15.6133
   -7.5000  -15.0000  -37.500010148.5264   15.5851
    0.0000  -15.0000  -37.500010576.9180   15.5341
    7.5000  -15.0000  -37.500010101.3301   15.5187
   -7.5000   -7.5000  -37.500011229.5947   15.5335
    0.0000   -7.5000  -37.500011702.2246   15.4869
    7.5000   -7.5000  -37.500011137.7666   15.4755
   -7.5000    0.0000  -37.500012208.2061   15.5133
    0.0000    0.0000  -37.500012717.7627   15.4749
    7.5000    0.0000  -37.500012107.9326   15.4722
   -7.5000    7.5000  -37.500012169.7979   15.5234
    0.0000    7.5000  -37.500012686.7510   15.4889
    7.5000    7.5000  -37.500012081.0420   15.4908
   -7.5000   15.0000  -37.500011999.2383   15.5446
    0.0000   15.0000  -37.500012501.2432   15.5067
    7.5000   15.0000  -37.500011878.6367   15.5043
   -7.5000   22.5000  -37.500011726.8818   15.5545
    0.0000   22.5000  -37.500012230.4824   15.5083
    7.5000   22.5000  -37.500011620.5654   15.4971
   -7.5000   30.0000  -37.500011421.1641   15.3443
    0.0000   30.0000  -37.500011906.6328   15.2942
    7.5000   30.0000  -37.500011337.0479   15.2786
   -7.5000   37.5000  -37.500011435.5332   15.3207
    0.0000   37.5000  -37.500011917.5352   15.2748
    7.5000   37.5000  -37.500011337.1465   15.2634
   -7.5000   45.0000  -37.500011002.6309   14.9179
    0.0000   45.0000  -37.500011455.4355   14.8810
    7.5000   45.0000  -37.500010871.9092   14.8784
   -7.5000  -45.0000  -30.0000 6948.7207   17.3381
    0.0000  -45.0000  -30.0000 7212.2715   17.3005
    7.5000  -45.0000  -30.0000 6929.5679   17.3088
   -7.5000  -37.5000  -30.0000 7646.7241   16.8595
    0.0000  -37.5000  -30.0000 7924.7637   16.8270
    7.5000  -37.5000  -30.0000 7600.8159   16.8367
   -7.5000  -30.0000  -30.0000 8694.7041   16.5389
    0.0000  -30.0000  -30.0000 9022.1162   16.5049
    7.5000  -30.0000  -30.0000 8631.6250   16.5099
   -7.5000  -22.5000  -30.0000 9792.3145   16.3254
    0.0000  -22.5000  -30.000010186.6943   16.2845
    7.5000  -22.5000  -30.0000 9746.3975   16.2787
   -7.5000  -15.0000  -30.000010938.2734   16.2325
    0.0000  -15.0000  -30.000011375.9473   16.1870
    7.5000  -15.0000  -30.000010870.0830   16.1749
   -7.5000   -7.5000  -30.000012060.6328   16.1799
    0.0000   -7.5000  -30.000012543.5176   16.1371
    7.5000   -7.5000  -30.000011964.5557   16.1285
   -7.5000    0.0000  -30.000013100.1377   16.1647
    0.0000    0.0000  -30.000013634.5352   16.1295
    7.5000    0.0000  -30.000013001.2266   16.1303
   -7.5000    7.5000  -30.000013049.5137   16.1795
    0.0000    7.5000  -30.000013575.5098   16.1487
    7.5000    7.5000  -30.000012949.2207   16.1548
   -7.5000   15.0000  -30.000012840.0723   16.2004
    0.0000   15.0000  -30.000013375.9141   16.1672
    7.5000   15.0000  -30.000012729.2725   16.1695
   -7.5000   22.5000  -30.000012540.4531   16.2030
    0.0000   22.5000  -30.000013083.6553   16.1627
    7.5000   22.5000  -30.000012454.2510   16.1557
   -7.5000   30.0000  -30.000012197.7100   15.9827
    0.0000   30.0000  -30.000012737.4521   15.9379
    7.5000   30.0000  -30.000012125.2383   15.9255
   -7.5000   37.5000  -30.000012187.8027   15.9599
    0.0000   37.5000  -30.000012735.4678   15.9178
    7.5000   37.5000  -30.000012105.4268   15.9091
   -7.5000   45.0000  -30.000011678.6699   15.5557
    0.0000   45.0000  -30.000012170.0830   15.5218
    7.5000   45.0000  -30.000011534.2305   15.5226
   -7.5000  -45.0000  -22.5000 7404.5513   17.9479
    0.0000  -45.0000  -22.5000 7684.7905   17.9138
    7.5000  -45.0000  -22.5000 7383.0107   17.9241
   -7.5000  -37.5000  -22.5000 8159.8647   17.4556
    0.0000  -37.5000  -22.5000 8463.8223   17.4266
    7.5000  -37.5000  -22.5000 8112.8604   17.4389
   -7.5000  -30.0000  -22.5000 9275.8320   17.1133
    0.0000  -30.0000  -22.5000 9648.8721   17.0820
    7.5000  -30.0000  -22.5000 9229.2207   17.0889
   -7.5000  -22.5000  -22.500010458.4160   16.8800
    0.0000  -22.5000  -22.500010904.3350   16.8416
    7.5000  -22.5000  -22.500010414.9600   16.8366
   -7.5000  -15.0000  -22.500011681.4697   16.7805
    0.0000  -15.0000  -22.500012188.6143   16.7377
    7.5000  -15.0000  -22.500011602.0391   16.7257
   -7.5000   -7.5000  -22.500012847.0205   16.7356
    0.0000   -7.5000  -22.500013385.8994   16.6965
    7.5000   -7.5000  -22.500012758.3145   16.6890
   -7.5000    0.0000  -22.500013921.4346   16.7335
    0.0000    0.0000  -22.500014517.9355   16.7019
    7.5000    0.0000  -22.500013848.7383   16.7050
   -7.5000    7.5000  -22.500013844.0820   16.7510
    0.0000    7.5000  -22.500014432.3135   16.7232
    7.5000    7.5000  -22.500013754.0752   16.7317
   -7.5000   15.0000  -22.500013603.8086   16.7628
    0.0000   15.0000  -22.500014208.2969   16.7323
    7.5000   15.0000  -22.500013505.8623   16.7364
   -7.5000   22.5000  -22.500013305.5244   16.7520
    0.0000   22.5000  -22.500013917.0791   16.7142
    7.5000   22.5000  -22.500013207.9512   16.7079
   -7.5000   30.0000  -22.500012966.7119   16.5244
    0.0000   30.0000  -22.500013562.4961   16.4823
    7.5000   30.0000  -22.500012884.6816   16.4700
   -7.5000   37.5000  -22.500012971.2900   16.5107
    0.0000   37.5000  -22.500013602.2529   16.4721
    7.5000   37.5000  -22.500012895.5205   16.4645
   -7.5000   45.0000  -22.500012374.3340   16.1152
    0.0000   45.0000  -22.500012911.6162   16.0847
    7.5000   45.0000  -22.500012224.5742   16.0877
   -7.5000  -45.0000  -15.0000 7832.7832   18.3931
    0.0000  -45.0000  -15.0000 8142.0615   18.3576
    7.5000  -45.0000  -15.0000 7811.1099   18.3652
   -7.5000  -37.5000  -15.0000 8652.4443   17.8873
    0.0000  -37.5000  -15.0000 8990.9990   17.8568
    7.5000  -37.5000  -15.0000 8595.7979   17.8670
   -7.5000  -30.0000  -15.0000 9857.7764   17.5287
    0.0000  -30.0000  -15.000010260.0713   17.4943
    7.5000  -30.0000  -15.0000 9796.3867   17.4983
   -7.5000  -22.5000  -15.000011105.7188   17.2841
    0.0000  -22.5000  -15.000011577.2490   17.2412
    7.5000  -22.5000  -15.000011047.9277   17.2320
   -7.5000  -15.0000  -15.000012362.5781   17.1811
    0.0000  -15.0000  -15.000012911.5986   17.1344
    7.5000  -15.0000  -15.000012302.8545   17.1181
   -7.5000   -7.5000  -15.000013586.8525   17.1425
    0.0000   -7.5000  -15.000014187.7197   17.1017
    7.5000   -7.5000  -15.000013514.4365   17.0913
   -7.5000    0.0000  -15.000014701.4658   17.1477
    0.0000    0.0000  -15.000015375.0195   17.1154
    7.5000    0.0000  -15.000014649.4229   17.1165
   -7.5000    7.5000  -15.000014609.4453   17.1651
    0.0000    7.5000  -15.000015282.9443   17.1358
    7.5000    7.5000  -15.000014535.7256   17.1423
   -7.5000   15.0000  -15.000014334.7568   17.1701
    0.0000   15.0000  -15.000015016.7412   17.1367
    7.5000   15.0000  -15.000014248.1387   17.1379
   -7.5000   22.5000  -15.000014034.8643   17.1519
    0.0000   22.5000  -15.000014701.4111   17.1097
    7.5000   22.5000  -15.000013944.3760   17.0992
   -7.5000   30.0000  -15.000013709.0283   16.9215
    0.0000   30.0000  -15.000014388.6924   16.8756
    7.5000   30.0000  -15.000013655.8174   16.8590
   -7.5000   37.5000  -15.000013716.3076   16.9143
    0.0000   37.5000  -15.000014406.0410   16.8742
    7.5000   37.5000  -15.000013668.7031   16.8637
   -7.5000   45.0000  -15.000013040.6650   16.5241
    0.0000   45.0000  -15.000013621.3652   16.4929
    7.5000   45.0000  -15.000012900.7793   16.4940
   -7.5000  -45.0000   -7.5000 8298.7891   18.6094
    0.0000  -45.0000   -7.5000 8621.9980   18.5669
    7.5000  -45.0000   -7.5000 8277.1025   18.5694
   -7.5000  -37.5000   -7.5000 9178.8926   18.0926
    0.0000  -37.5000   -7.5000 9541.4336   18.0552
    7.5000  -37.5000   -7.5000 9127.9062   18.0601
   -7.5000  -30.0000   -7.500010446.7754   17.7330
    0.0000  -30.0000   -7.500010894.0215   17.6911
    7.5000  -30.0000   -7.500010397.6572   17.6899
   -7.5000  -22.5000   -7.500011759.2900   17.4930
    0.0000  -22.5000   -7.500012278.3418   17.4415
    7.5000  -22.5000   -7.500011711.4590   17.4272
   -7.5000  -15.0000   -7.500013063.2090   17.3921
    0.0000  -15.0000   -7.500013659.1260   17.3370
    7.5000  -15.0000   -7.500013007.2666   17.3160
   -7.5000   -7.5000   -7.500014348.5801   17.3502
    0.0000   -7.5000   -7.500015004.8848   17.3022
    7.5000   -7.5000   -7.500014277.0850   17.2873
   -7.5000    0.0000   -7.500015559.7393   17.3484
    0.0000    0.0000   -7.500016288.5459   17.3097
    7.5000    0.0000   -7.500015496.8770   17.3061
   -7.5000    7.5000   -7.500015480.9717   17.3626
    0.0000    7.5000   -7.500016220.0059   17.3270
    7.5000    7.5000   -7.500015419.4463   17.3285
   -7.5000   15.0000   -7.500015173.9570   17.3709
    0.0000   15.0000   -7.500015909.9180   17.3302
    7.5000   15.0000   -7.500015103.6875   17.3263
   -7.5000   22.5000   -7.500014802.9453   17.3575
    0.0000   22.5000   -7.500015525.4648   17.3069
    7.5000   22.5000   -7.500014783.7158   17.2912
   -7.5000   30.0000   -7.500014434.6582   17.1295
    0.0000   30.0000   -7.500015167.4814   17.0753
    7.5000   30.0000   -7.500014459.2832   17.0541
   -7.5000   37.5000   -7.500014443.5791   17.1187
    0.0000   37.5000   -7.500015181.9707   17.0714
    7.5000   37.5000   -7.500014445.3164   17.0565
   -7.5000   45.0000   -7.500013687.6348   16.7206
    0.0000   45.0000   -7.500014347.3779   16.6833
    7.5000   45.0000   -7.500013621.9854   16.6798
   -7.5000  -45.0000    0.0000 8671.3633   18.6357
    0.0000  -45.0000    0.0000 9012.5801   18.5879
    7.5000  -45.0000    0.0000 8643.7451   18.5890
   -7.5000  -37.5000    0.0000 9620.8779   18.1128
    0.0000  -37.5000    0.000010019.9990   18.0703
    7.5000  -37.5000    0.0000 9587.0127   18.0729
   -7.5000  -30.0000    0.000010976.8877   17.7619
    0.0000  -30.0000    0.000011464.2393   17.7152
    7.5000  -30.0000    0.000010940.9141   17.7121
   -7.5000  -22.5000    0.000012369.7295   17.5344
    0.0000  -22.5000    0.000012904.7598   17.4780
    7.5000  -22.5000    0.000012295.8252   17.4628
   -7.5000  -15.0000    0.000013707.4287   17.4387
    0.0000  -15.0000    0.000014284.2275   17.3783
    7.5000  -15.0000    0.000013601.8535   17.3571
   -7.5000   -7.5000    0.000015021.8027   17.3882
    0.0000   -7.5000    0.000015658.1934   17.3347
    7.5000   -7.5000    0.000014909.8672   17.3190
   -7.5000    0.0000    0.000016321.2881   17.3726
    0.0000    0.0000    0.000016963.4375   17.3286
    7.5000    0.0000    0.000016173.1914   17.3232
   -7.5000    7.5000    0.000016365.4131   17.3828
    0.0000    7.5000    0.000017052.3555   17.3425
    7.5000    7.5000    0.000016195.8516   17.3419
   -7.5000   15.0000    0.000016034.8389   17.3996
    0.0000   15.0000    0.000016764.5820   17.3541
    7.5000   15.0000    0.000016002.0820   17.3484
   -7.5000   22.5000    0.000015543.0439   17.3990
    0.0000   22.5000    0.000016296.8418   17.3435
    7.5000   22.5000    0.000015695.3926   17.3270
   -7.5000   30.0000    0.000015173.7344   17.1763
    0.0000   30.0000    0.000015932.1445   17.1169
    7.5000   30.0000    0.000015304.3945   17.0955
   -7.5000   37.5000    0.000015186.3496   17.1566
    0.0000   37.5000    0.000015977.7881   17.1038
    7.5000   37.5000    0.000015254.0371   17.0882
   -7.5000   45.0000    0.000014365.9805   16.7451
    0.0000   45.0000    0.000015100.5078   16.7028
    7.5000   45.0000    0.000014343.1875   16.6976
   -7.5000  -45.0000    7.5000 8361.0801   18.6211
    0.0000  -45.0000    7.5000 8720.1123   18.5750
    7.5000  -45.0000    7.5000 8344.6982   18.5794
   -7.5000  -37.5000    7.5000 9291.9180   18.1006
    0.0000  -37.5000    7.5000 9716.9521   18.0597
    7.5000  -37.5000    7.5000 9277.5645   18.0653
   -7.5000  -30.0000    7.500010611.3066   17.7575
    0.0000  -30.0000    7.500011117.7539   17.7140
    7.5000  -30.0000    7.500010578.5615   17.7141
   -7.5000  -22.5000    7.500011960.6221   17.5354
    0.0000  -22.5000    7.500012492.6689   17.4831
    7.5000  -22.5000    7.500011883.9473   17.4717
   -7.5000  -15.0000    7.500013258.9932   17.4401
    0.0000  -15.0000    7.500013810.3076   17.3831
    7.5000  -15.0000    7.500013144.9844   17.3659
   -7.5000   -7.5000    7.500014536.0000   17.3824
    0.0000   -7.5000    7.500015093.0186   17.3303
    7.5000   -7.5000    7.500014411.8457   17.3175
   -7.5000    0.0000    7.500015796.5762   17.3598
    0.0000    0.0000    7.500016362.9404   17.3169
    7.5000    0.0000    7.500015600.1104   17.3139
   -7.5000    7.5000    7.500015950.8975   17.3711
    0.0000    7.5000    7.500016504.7930   17.3325
    7.5000    7.5000    7.500015637.6943   17.3346
   -7.5000   15.0000    7.500015710.0898   17.3949
    0.0000   15.0000    7.500016295.3096   17.3524
    7.5000   15.0000    7.500015614.1367   17.3497
   -7.5000   22.5000    7.500015256.2793   17.4002
    0.0000   22.5000    7.500015927.2715   17.3486
    7.5000   22.5000    7.500015371.8232   17.3360
   -7.5000   30.0000    7.500014909.7842   17.1774
    0.0000   30.0000    7.500015625.6338   17.1213
    7.5000   30.0000    7.500014988.2998   17.1038
   -7.5000   37.5000    7.500014891.0918   17.1510
    0.0000   37.5000    7.500015664.5088   17.0996
    7.5000   37.5000    7.500014884.3838   17.0868
   -7.5000   45.0000    7.500013981.9385   16.7329
    0.0000   45.0000    7.500014682.6768   16.6915
    7.5000   45.0000    7.500013937.2441   16.6886
   -7.5000  -45.0000   15.0000 7927.8867   18.6186
    0.0000  -45.0000   15.0000 8268.3535   18.5782
    7.5000  -45.0000   15.0000 7917.8916   18.5871
   -7.5000  -37.5000   15.0000 8867.3525   18.1047
    0.0000  -37.5000   15.0000 9266.5117   18.0698
    7.5000  -37.5000   15.0000 8852.6514   18.0802
   -7.5000  -30.0000   15.000010162.3096   17.7604
    0.0000  -30.0000   15.000010625.4336   17.7239
    7.5000  -30.0000   15.000010127.5840   17.7293
   -7.5000  -22.5000   15.000011419.0342   17.5311
    0.0000  -22.5000   15.000011935.7861   17.4872
    7.5000  -22.5000   15.000011366.2021   17.4809
   -7.5000  -15.0000   15.000012645.2178   17.4313
    0.0000  -15.0000   15.000013201.8271   17.3825
    7.5000  -15.0000   15.000012573.8359   17.3695
   -7.5000   -7.5000   15.000013874.0488   17.3748
    0.0000   -7.5000   15.000014445.0332   17.3290
    7.5000   -7.5000   15.000013750.9277   17.3197
   -7.5000    0.0000   15.000015096.9004   17.3586
    0.0000    0.0000   15.000015676.0762   17.3207
    7.5000    0.0000   15.000014877.4727   17.3216
   -7.5000    7.5000   15.000015152.6211   17.3745
    0.0000    7.5000   15.000015683.4180   17.3414
    7.5000    7.5000   15.000014872.0098   17.3480
   -7.5000   15.0000   15.000014959.0947   17.3969
    0.0000   15.0000   15.000015516.6416   17.3612
    7.5000   15.0000   15.000014777.0996   17.3637
   -7.5000   22.5000   15.000014672.5869   17.3958
    0.0000   22.5000   15.000015283.3066   17.3526
    7.5000   22.5000   15.000014610.1436   17.3450
   -7.5000   30.0000   15.000014326.6250   17.1681
    0.0000   30.0000   15.000014995.8896   17.1201
    7.5000   30.0000   15.000014274.0391   17.1067
   -7.5000   37.5000   15.000014261.6426   17.1436
    0.0000   37.5000   15.000014964.7822   17.0984
    7.5000   37.5000   15.000014218.7744   17.0891
   -7.5000   45.0000   15.000013331.3213   16.7316
    0.0000   45.0000   15.000013963.2041   16.6952
    7.5000   45.0000   15.000013291.7812   16.6960
   -7.5000  -45.0000   22.5000 7447.1279   18.6664
    0.0000  -45.0000   22.5000 7752.3062   18.6310
    7.5000  -45.0000   22.5000 7441.1841   18.6416
   -7.5000  -37.5000   22.5000 8324.1406   18.1535
    0.0000  -37.5000   22.5000 8699.6533   18.1233
    7.5000  -37.5000   22.5000 8302.4561   18.1361
   -7.5000  -30.0000   22.5000 9523.0703   17.7968
    0.0000  -30.0000   22.5000 9988.8252   17.7643
    7.5000  -30.0000   22.5000 9503.9746   17.7714
   -7.5000  -22.5000   22.500010717.8193   17.5538
    0.0000  -22.5000   22.500011235.5752   17.5138
    7.5000  -22.5000   22.500010675.8906   17.5085
   -7.5000  -15.0000   22.500011899.1650   17.4501
    0.0000  -15.0000   22.500012446.1230   17.4057
    7.5000  -15.0000   22.500011835.0605   17.3930
   -7.5000   -7.5000   22.500013088.0547   17.4034
    0.0000   -7.5000   22.500013646.1455   17.3628
    7.5000   -7.5000   22.500012981.0508   17.3548
   -7.5000    0.0000   22.500014251.3564   17.4012
    0.0000    0.0000   22.500014813.5938   17.3683
    7.5000    0.0000   22.500014083.4326   17.3715
   -7.5000    7.5000   22.500014247.1631   17.4194
    0.0000    7.5000   22.500014755.8174   17.3905
    7.5000    7.5000   22.500014055.4297   17.3993
   -7.5000   15.0000   22.500013990.1523   17.4317
    0.0000   15.0000   22.500014510.7227   17.4000
    7.5000   15.0000   22.500013905.4688   17.4041
   -7.5000   22.5000   22.500013709.2188   17.4177
    0.0000   22.5000   22.500014248.9736   17.3785
    7.5000   22.5000   22.500013648.5303   17.3718
   -7.5000   30.0000   22.500013412.8467   17.1862
    0.0000   30.0000   22.500013949.6387   17.1424
    7.5000   30.0000   22.500013327.0664   17.1294
   -7.5000   37.5000   22.500013389.3203   17.1719
    0.0000   37.5000   22.500013965.0811   17.1318
    7.5000   37.5000   22.500013330.9570   17.1238
   -7.5000   45.0000   22.500012564.1338   16.7727
    0.0000   45.0000   22.500013097.9561   16.7411
    7.5000   45.0000   22.500012496.9268   16.7441
   -7.5000  -45.0000   30.0000 6863.8291   18.8023
    0.0000  -45.0000   30.0000 7151.5508   18.7661
    7.5000  -45.0000   30.0000 6864.1274   18.7737
   -7.5000  -37.5000   30.0000 7681.8115   18.2857
    0.0000  -37.5000   30.0000 8025.9961   18.2546
    7.5000  -37.5000   30.0000 7661.2363   18.2649
   -7.5000  -30.0000   30.0000 8816.7666   17.9191
    0.0000  -30.0000   30.0000 9228.2031   17.8841
    7.5000  -30.0000   30.0000 8793.8564   17.8881
   -7.5000  -22.5000   30.0000 9957.5674   17.6678
    0.0000  -22.5000   30.000010407.9473   17.6241
    7.5000  -22.5000   30.0000 9916.6943   17.6147
   -7.5000  -15.0000   30.000011086.1094   17.5619
    0.0000  -15.0000   30.000011551.9014   17.5142
    7.5000  -15.0000   30.000011011.7148   17.4974
   -7.5000   -7.5000   30.000012162.2666   17.5223
    0.0000   -7.5000   30.000012640.3291   17.4807
    7.5000   -7.5000   30.000012062.7197   17.4699
   -7.5000    0.0000   30.000013198.1494   17.5279
    0.0000    0.0000   30.000013672.4502   17.4949
    7.5000    0.0000   30.000013054.0908   17.4960
   -7.5000    7.5000   30.000013166.3594   17.5457
    0.0000    7.5000   30.000013603.7227   17.5159
    7.5000    7.5000   30.000013045.0625   17.5224
   -7.5000   15.0000   30.000012938.1982   17.5506
    0.0000   15.0000   30.000013397.0527   17.5166
    7.5000   15.0000   30.000012863.7588   17.5178
   -7.5000   22.5000   30.000012664.6914   17.5298
    0.0000   22.5000   30.000013111.7520   17.4868
    7.5000   22.5000   30.000012589.3428   17.4761
   -7.5000   30.0000   30.000012379.6260   17.2962
    0.0000   30.0000   30.000012818.7520   17.2493
    7.5000   30.0000   30.000012291.1113   17.2322
   -7.5000   37.5000   30.000012422.6934   17.2890
    0.0000   37.5000   30.000012903.4092   17.2481
    7.5000   37.5000   30.000012325.8447   17.2373
   -7.5000   45.0000   30.000011720.2373   16.8949
    0.0000   45.0000   30.000012168.4258   16.8631
    7.5000   45.0000   30.000011614.8691   16.8642
   -7.5000  -45.0000   37.5000 6552.6919   19.1015
    0.0000  -45.0000   37.5000 6829.0752   19.0578
    7.5000  -45.0000   37.5000 6542.8311   19.0595
   -7.5000  -37.5000   37.5000 7333.4976   18.5694
    0.0000  -37.5000   37.5000 7660.2729   18.5308
    7.5000  -37.5000   37.5000 7322.2329   18.5352
   -7.5000  -30.0000   37.5000 8430.7236   18.1994
    0.0000  -30.0000   37.5000 8796.2920   18.1562
    7.5000  -30.0000   37.5000 8393.7354   18.1544
   -7.5000  -22.5000   37.5000 9530.1621   17.9505
    0.0000  -22.5000   37.5000 9946.5361   17.8974
    7.5000  -22.5000   37.5000 9469.6807   17.8819
   -7.5000  -15.0000   37.500010604.4277   17.8439
    0.0000  -15.0000   37.500011060.8887   17.7873
    7.5000  -15.0000   37.500010521.0488   17.7647
   -7.5000   -7.5000   37.500011639.5635   17.7993
    0.0000   -7.5000   37.500012098.9033   17.7501
    7.5000   -7.5000   37.500011512.7393   17.7339
   -7.5000    0.0000   37.500012609.6562   17.7981
    0.0000    0.0000   37.500013073.3975   17.7584
    7.5000    0.0000   37.500012460.8340   17.7540
   -7.5000    7.5000   37.500012586.3301   17.8143
    0.0000    7.5000   37.500013042.7646   17.7777
    7.5000    7.5000   37.500012455.4707   17.7787
   -7.5000   15.0000   37.500012389.8604   17.8236
    0.0000   15.0000   37.500012847.2383   17.7817
    7.5000   15.0000   37.500012298.5674   17.7771
   -7.5000   22.5000   37.500012140.7520   17.8091
    0.0000   22.5000   37.500012575.2061   17.7569
    7.5000   22.5000   37.500012032.9111   17.7401
   -7.5000   30.0000   37.500011825.0752   17.5741
    0.0000   30.0000   37.500012250.8086   17.5184
    7.5000   30.0000   37.500011716.3252   17.4956
   -7.5000   37.5000   37.500011872.8633   17.5621
    0.0000   37.5000   37.500012320.4072   17.5137
    7.5000   37.5000   37.500011746.6045   17.4975
   -7.5000   45.0000   37.500011259.3311   17.1553
    0.0000   45.0000   37.500011674.0908   17.1170
    7.5000   45.0000   37.500011114.4980   17.1128
   -7.5000  -45.0000   45.0000 5976.3242   19.4957
    0.0000  -45.0000   45.0000 6229.1636   19.4479
    7.5000  -45.0000   45.0000 5968.1777   19.4486
   -7.5000  -37.5000   45.0000 6679.9014   18.9381
    0.0000  -37.5000   45.0000 6986.5093   18.8953
    7.5000  -37.5000   45.0000 6678.5522   18.8975
   -7.5000  -30.0000   45.0000 7685.5820   18.5650
    0.0000  -30.0000   45.0000 8020.9990   18.5169
    7.5000  -30.0000   45.0000 7648.4316   18.5128
   -7.5000  -22.5000   45.0000 8706.1719   18.3208
    0.0000  -22.5000   45.0000 9083.8037   18.2621
    7.5000  -22.5000   45.0000 8640.0244   18.2448
   -7.5000  -15.0000   45.0000 9693.4668   18.2146
    0.0000  -15.0000   45.000010122.6416   18.1520
    7.5000  -15.0000   45.0000 9625.6670   18.1286
   -7.5000   -7.5000   45.000010640.3398   18.1586
    0.0000   -7.5000   45.000011078.3467   18.1041
    7.5000   -7.5000   45.000010538.2539   18.0868
   -7.5000    0.0000   45.000011536.9092   18.1433
    0.0000    0.0000   45.000011981.4502   18.0995
    7.5000    0.0000   45.000011397.2930   18.0935
   -7.5000    7.5000   45.000011540.8516   18.1573
    0.0000    7.5000   45.000011976.4375   18.1169
    7.5000    7.5000   45.000011405.7207   18.1159
   -7.5000   15.0000   45.000011364.6621   18.1766
    0.0000   15.0000   45.000011801.8838   18.1299
    7.5000   15.0000   45.000011246.6201   18.1231
   -7.5000   22.5000   45.000011119.5693   18.1742
    0.0000   22.5000   45.000011535.2949   18.1164
    7.5000   22.5000   45.000010994.3633   18.0980
   -7.5000   30.0000   45.000010812.2676   17.9370
    0.0000   30.0000   45.000011206.7588   17.8755
    7.5000   30.0000   45.000010687.0020   17.8519
   -7.5000   37.5000   45.000010884.7334   17.9148
    0.0000   37.5000   45.000011290.7959   17.8611
    7.5000   37.5000   45.000010750.8223   17.8439
   -7.5000   45.0000   45.000010346.7939   17.4960
    0.0000   45.0000   45.000010730.4961   17.4538
    7.5000   45.0000   45.000010209.6162   17.4479

---------------------------------------------------------------------
imgreg_4dfp /opt/freesurfer/average/711-2C_as_mni_average_305 /opt/freesurfer/average/711-2B_as_mni_average_305_mask talsrcimg_g11 none talsrcimg_to_711-2C_as_mni_average_305_t4 4355
---------------------------------------------------------------------

freesurfer imgreg_4dfp.c
/opt/freesurfer/average/711-2C_as_mni_average_305.4dfp.img
       256       256       256         1
  1.000000  1.000000  1.000000
orientation T byte_order littleendian
Reading image: /opt/freesurfer/average/711-2C_as_mni_average_305.4dfp.img
dimensions:      256       256       256
mmppix:       1.0000   -1.0000   -1.0000
center:     128.0000 -129.0000 -129.0000
/opt/freesurfer/average/711-2B_as_mni_average_305_mask.4dfp.img
       256       256       256         1
  1.000000  1.000000  1.000000
orientation T byte_order littleendian
Reading mask: /opt/freesurfer/average/711-2B_as_mni_average_305_mask.4dfp.img (2306576 pixels)
talsrcimg_g11.4dfp.img
       256       256       256         1
  1.000000  1.000000  1.000000
orientation T byte_order littleendian
Reading image: talsrcimg_g11.4dfp.img
dimensions:      256       256       256
mmppix:       1.0000   -1.0000   -1.0000
center:     128.0000 -129.0000 -129.0000
rotation matrix determinant  1.000000
image alignment mode   4355 decimal     1103 hex
   -7.5000  -37.5000  -45.0000 1850.0442   23.2037
    0.0000  -37.5000  -45.0000 1865.7997   23.1995
    7.5000  -37.5000  -45.0000 1857.2705   23.5858
   -7.5000  -30.0000  -45.0000 1973.0126   20.5196
    0.0000  -30.0000  -45.0000 1983.9761   20.4377
    7.5000  -30.0000  -45.0000 1969.5081   20.7532
   -7.5000  -22.5000  -45.0000 2082.0994   18.3163
    0.0000  -22.5000  -45.0000 2093.9006   18.2777
    7.5000  -22.5000  -45.0000 2077.3958   18.6087
   -7.5000  -15.0000  -45.0000 2185.5664   16.6433
    0.0000  -15.0000  -45.0000 2198.5769   16.6227
    7.5000  -15.0000  -45.0000 2179.0120   16.9004
   -7.5000   -7.5000  -45.0000 2283.6011   15.4050
    0.0000   -7.5000  -45.0000 2292.6743   15.4143
    7.5000   -7.5000  -45.0000 2267.7612   15.6066
   -7.5000    0.0000  -45.0000 2341.2292   14.4857
    0.0000    0.0000  -45.0000 2348.3345   14.5001
    7.5000    0.0000  -45.0000 2328.6455   14.6995
   -7.5000    7.5000  -45.0000 2366.5637   13.9569
    0.0000    7.5000  -45.0000 2377.3127   13.9311
    7.5000    7.5000  -45.0000 2358.3806   14.0718
   -7.5000   15.0000  -45.0000 2379.9495   13.6884
    0.0000   15.0000  -45.0000 2387.0300   13.6497
    7.5000   15.0000  -45.0000 2365.4741   13.8310
   -7.5000   22.5000  -45.0000 2378.0820   13.7077
    0.0000   22.5000  -45.0000 2382.4790   13.6613
    7.5000   22.5000  -45.0000 2356.3477   13.8402
   -7.5000   30.0000  -45.0000 2367.4441   13.9531
    0.0000   30.0000  -45.0000 2365.7498   13.8678
    7.5000   30.0000  -45.0000 2343.6672   14.0728
   -7.5000   37.5000  -45.0000 2343.8784   14.4735
    0.0000   37.5000  -45.0000 2342.3792   14.3836
    7.5000   37.5000  -45.0000 2312.3999   14.6196
   -7.5000   45.0000  -45.0000 2296.8408   15.2480
    0.0000   45.0000  -45.0000 2296.7051   15.1857
    7.5000   45.0000  -45.0000 2271.8320   15.4669
   -7.5000   52.5000  -45.0000 2213.4570   16.2526
    0.0000   52.5000  -45.0000 2211.7759   16.1993
    7.5000   52.5000  -45.0000 2182.4739   16.5182
   -7.5000  -37.5000  -37.5000 1909.4176   21.7024
    0.0000  -37.5000  -37.5000 1920.6511   21.6718
    7.5000  -37.5000  -37.5000 1912.2354   22.0622
   -7.5000  -30.0000  -37.5000 2035.1378   19.1678
    0.0000  -30.0000  -37.5000 2045.5149   19.1342
    7.5000  -30.0000  -37.5000 2029.6466   19.4416
   -7.5000  -22.5000  -37.5000 2152.1770   17.1547
    0.0000  -22.5000  -37.5000 2165.8960   17.1559
    7.5000  -22.5000  -37.5000 2151.0774   17.3943
   -7.5000  -15.0000  -37.5000 2269.6257   15.5547
    0.0000  -15.0000  -37.5000 2282.6741   15.5612
    7.5000  -15.0000  -37.5000 2261.4299   15.7628
   -7.5000   -7.5000  -37.5000 2369.8718   14.3490
    0.0000   -7.5000  -37.5000 2381.6594   14.3487
    7.5000   -7.5000  -37.5000 2354.5913   14.5140
   -7.5000    0.0000  -37.5000 2433.1311   13.4700
    0.0000    0.0000  -37.5000 2442.1301   13.4685
    7.5000    0.0000  -37.5000 2417.7549   13.6039
   -7.5000    7.5000  -37.5000 2465.6067   12.9161
    0.0000    7.5000  -37.5000 2474.9543   12.8827
    7.5000    7.5000  -37.5000 2450.8225   13.0413
   -7.5000   15.0000  -37.5000 2484.8665   12.6542
    0.0000   15.0000  -37.5000 2489.8108   12.6140
    7.5000   15.0000  -37.5000 2464.2800   12.7685
   -7.5000   22.5000  -37.5000 2490.5518   12.6738
    0.0000   22.5000  -37.5000 2493.7407   12.6195
    7.5000   22.5000  -37.5000 2465.5159   12.7569
   -7.5000   30.0000  -37.5000 2476.4045   12.8846
    0.0000   30.0000  -37.5000 2477.2058   12.8442
    7.5000   30.0000  -37.5000 2448.1775   13.0216
   -7.5000   37.5000  -37.5000 2447.4714   13.3624
    0.0000   37.5000  -37.5000 2449.5417   13.3228
    7.5000   37.5000  -37.5000 2415.7498   13.5232
   -7.5000   45.0000  -37.5000 2399.2188   14.0892
    0.0000   45.0000  -37.5000 2402.1389   14.0678
    7.5000   45.0000  -37.5000 2367.2368   14.2894
   -7.5000   52.5000  -37.5000 2308.1733   15.0144
    0.0000   52.5000  -37.5000 2308.2629   15.0072
    7.5000   52.5000  -37.5000 2274.0042   15.2732
   -7.5000  -37.5000  -30.0000 1993.0931   21.2145
    0.0000  -37.5000  -30.0000 1999.9327   21.1875
    7.5000  -37.5000  -30.0000 1990.7147   21.5529
   -7.5000  -30.0000  -30.0000 2127.0012   18.6856
    0.0000  -30.0000  -30.0000 2136.7952   18.6760
    7.5000  -30.0000  -30.0000 2119.3000   18.9694
   -7.5000  -22.5000  -30.0000 2257.3743   16.6869
    0.0000  -22.5000  -30.0000 2271.8335   16.7030
    7.5000  -22.5000  -30.0000 2254.5532   16.9553
   -7.5000  -15.0000  -30.0000 2383.4290   15.1382
    0.0000  -15.0000  -30.0000 2396.6636   15.1417
    7.5000  -15.0000  -30.0000 2374.0059   15.3247
   -7.5000   -7.5000  -30.0000 2486.8870   13.8924
    0.0000   -7.5000  -30.0000 2499.5115   13.9129
    7.5000   -7.5000  -30.0000 2473.5400   14.0551
   -7.5000    0.0000  -30.0000 2560.2693   13.0063
    0.0000    0.0000  -30.0000 2569.8164   12.9887
    7.5000    0.0000  -30.0000 2545.8254   13.1267
   -7.5000    7.5000  -30.0000 2605.9475   12.4548
    0.0000    7.5000  -30.0000 2610.5771   12.4103
    7.5000    7.5000  -30.0000 2585.6948   12.5587
   -7.5000   15.0000  -30.0000 2635.3257   12.1498
    0.0000   15.0000  -30.0000 2640.1787   12.1263
    7.5000   15.0000  -30.0000 2609.2166   12.2781
   -7.5000   22.5000  -30.0000 2644.4204   12.1269
    0.0000   22.5000  -30.0000 2652.0007   12.0928
    7.5000   22.5000  -30.0000 2618.1809   12.2538
   -7.5000   30.0000  -30.0000 2631.8704   12.3643
    0.0000   30.0000  -30.0000 2635.0930   12.3375
    7.5000   30.0000  -30.0000 2602.4829   12.5072
   -7.5000   37.5000  -30.0000 2598.1719   12.8332
    0.0000   37.5000  -30.0000 2602.2566   12.8123
    7.5000   37.5000  -30.0000 2565.1553   12.9984
   -7.5000   45.0000  -30.0000 2544.0271   13.5537
    0.0000   45.0000  -30.0000 2546.7529   13.5246
    7.5000   45.0000  -30.0000 2509.2937   13.7453
   -7.5000   52.5000  -30.0000 2447.3010   14.4400
    0.0000   52.5000  -30.0000 2443.3298   14.4349
    7.5000   52.5000  -30.0000 2406.4199   14.6977
   -7.5000  -37.5000  -22.5000 2046.0685   20.6518
    0.0000  -37.5000  -22.5000 2058.7927   20.6032
    7.5000  -37.5000  -22.5000 2046.2766   20.9169
   -7.5000  -30.0000  -22.5000 2185.2207   18.1318
    0.0000  -30.0000  -22.5000 2201.4900   18.1083
    7.5000  -30.0000  -22.5000 2185.8545   18.3891
   -7.5000  -22.5000  -22.5000 2326.2031   16.1417
    0.0000  -22.5000  -22.5000 2346.5752   16.1334
    7.5000  -22.5000  -22.5000 2328.9961   16.4011
   -7.5000  -15.0000  -22.5000 2456.8208   14.5985
    0.0000  -15.0000  -22.5000 2475.8369   14.5945
    7.5000  -15.0000  -22.5000 2452.0071   14.7949
   -7.5000   -7.5000  -22.5000 2565.7959   13.3801
    0.0000   -7.5000  -22.5000 2580.4829   13.3801
    7.5000   -7.5000  -22.5000 2556.1736   13.5345
   -7.5000    0.0000  -22.5000 2649.2273   12.4629
    0.0000    0.0000  -22.5000 2663.0789   12.4649
    7.5000    0.0000  -22.5000 2639.5566   12.6049
   -7.5000    7.5000  -22.5000 2706.2231   11.8792
    0.0000    7.5000  -22.5000 2712.0740   11.8743
    7.5000    7.5000  -22.5000 2685.7581   12.0176
   -7.5000   15.0000  -22.5000 2745.0708   11.5904
    0.0000   15.0000  -22.5000 2748.6304   11.5713
    7.5000   15.0000  -22.5000 2720.8960   11.7114
   -7.5000   22.5000  -22.5000 2763.3362   11.5309
    0.0000   22.5000  -22.5000 2770.9260   11.5157
    7.5000   22.5000  -22.5000 2735.7729   11.6582
   -7.5000   30.0000  -22.5000 2754.1587   11.7827
    0.0000   30.0000  -22.5000 2761.4814   11.7665
    7.5000   30.0000  -22.5000 2720.1511   11.9171
   -7.5000   37.5000  -22.5000 2720.5583   12.2574
    0.0000   37.5000  -22.5000 2730.3655   12.2394
    7.5000   37.5000  -22.5000 2688.7949   12.3923
   -7.5000   45.0000  -22.5000 2663.1526   12.9517
    0.0000   45.0000  -22.5000 2665.4597   12.9297
    7.5000   45.0000  -22.5000 2625.5530   13.1402
   -7.5000   52.5000  -22.5000 2557.2166   13.8021
    0.0000   52.5000  -22.5000 2555.5146   13.7996
    7.5000   52.5000  -22.5000 2513.9912   14.0287
   -7.5000  -37.5000  -15.0000 2075.2217   20.0979
    0.0000  -37.5000  -15.0000 2088.0479   20.0532
    7.5000  -37.5000  -15.0000 2073.5327   20.3231
   -7.5000  -30.0000  -15.0000 2215.8000   17.6050
    0.0000  -30.0000  -15.0000 2234.6248   17.5757
    7.5000  -30.0000  -15.0000 2218.9363   17.7977
   -7.5000  -22.5000  -15.0000 2356.9324   15.6642
    0.0000  -22.5000  -15.0000 2378.5098   15.6022
    7.5000  -22.5000  -15.0000 2362.3521   15.8234
   -7.5000  -15.0000  -15.0000 2485.0667   14.1145
    0.0000  -15.0000  -15.0000 2508.3701   14.0652
    7.5000  -15.0000  -15.0000 2489.0530   14.2692
   -7.5000   -7.5000  -15.0000 2601.8545   12.8933
    0.0000   -7.5000  -15.0000 2620.4336   12.8847
    7.5000   -7.5000  -15.0000 2598.9451   13.0619
   -7.5000    0.0000  -15.0000 2700.0559   11.9743
    0.0000    0.0000  -15.0000 2717.1416   11.9766
    7.5000    0.0000  -15.0000 2691.3237   12.1649
   -7.5000    7.5000  -15.0000 2772.9897   11.3644
    0.0000    7.5000  -15.0000 2782.6274   11.3748
    7.5000    7.5000  -15.0000 2752.1367   11.5374
   -7.5000   15.0000  -15.0000 2820.0259   11.0400
    0.0000   15.0000  -15.0000 2830.5115   11.0490
    7.5000   15.0000  -15.0000 2794.3540   11.1925
   -7.5000   22.5000  -15.0000 2849.1877   10.9730
    0.0000   22.5000  -15.0000 2857.6716   10.9596
    7.5000   22.5000  -15.0000 2818.1741   11.0932
   -7.5000   30.0000  -15.0000 2844.4177   11.2648
    0.0000   30.0000  -15.0000 2853.7178   11.2195
    7.5000   30.0000  -15.0000 2810.8982   11.3554
   -7.5000   37.5000  -15.0000 2812.3728   11.7108
    0.0000   37.5000  -15.0000 2821.6931   11.6816
    7.5000   37.5000  -15.0000 2779.0938   11.8262
   -7.5000   45.0000  -15.0000 2746.0713   12.3715
    0.0000   45.0000  -15.0000 2750.6599   12.3454
    7.5000   45.0000  -15.0000 2708.9734   12.5484
   -7.5000   52.5000  -15.0000 2628.5271   13.2188
    0.0000   52.5000  -15.0000 2628.6765   13.1894
    7.5000   52.5000  -15.0000 2587.3098   13.4134
   -7.5000  -37.5000   -7.5000 2087.9009   19.7071
    0.0000  -37.5000   -7.5000 2104.1074   19.5904
    7.5000  -37.5000   -7.5000 2092.1248   19.8950
   -7.5000  -30.0000   -7.5000 2229.7058   17.2261
    0.0000  -30.0000   -7.5000 2248.4873   17.1113
    7.5000  -30.0000   -7.5000 2232.1860   17.3030
   -7.5000  -22.5000   -7.5000 2371.3218   15.2553
    0.0000  -22.5000   -7.5000 2391.8391   15.1540
    7.5000  -22.5000   -7.5000 2376.1753   15.3553
   -7.5000  -15.0000   -7.5000 2494.9448   13.7049
    0.0000  -15.0000   -7.5000 2517.7759   13.6367
    7.5000  -15.0000   -7.5000 2502.0000   13.8252
   -7.5000   -7.5000   -7.5000 2617.5737   12.5219
    0.0000   -7.5000   -7.5000 2637.0261   12.4749
    7.5000   -7.5000   -7.5000 2616.2727   12.6469
   -7.5000    0.0000   -7.5000 2731.8420   11.6126
    0.0000    0.0000   -7.5000 2749.0188   11.5786
    7.5000    0.0000   -7.5000 2721.2007   11.7726
   -7.5000    7.5000   -7.5000 2821.3677   10.9746
    0.0000    7.5000   -7.5000 2839.5315   10.9599
    7.5000    7.5000   -7.5000 2801.3848   11.1372
   -7.5000   15.0000   -7.5000 2883.1460   10.6068
    0.0000   15.0000   -7.5000 2894.8662   10.5974
    7.5000   15.0000   -7.5000 2851.7332   10.7723
   -7.5000   22.5000   -7.5000 2923.3845   10.5152
    0.0000   22.5000   -7.5000 2930.5386   10.4811
    7.5000   22.5000   -7.5000 2887.2581   10.6593
   -7.5000   30.0000   -7.5000 2914.9185   10.7891
    0.0000   30.0000   -7.5000 2928.7578   10.7299
    7.5000   30.0000   -7.5000 2884.1687   10.8912
   -7.5000   37.5000   -7.5000 2875.5249   11.2336
    0.0000   37.5000   -7.5000 2884.5979   11.1767
    7.5000   37.5000   -7.5000 2844.5242   11.3552
   -7.5000   45.0000   -7.5000 2800.0872   11.8731
    0.0000   45.0000   -7.5000 2806.3511   11.8089
    7.5000   45.0000   -7.5000 2766.4822   12.0424
   -7.5000   52.5000   -7.5000 2671.8579   12.7282
    0.0000   52.5000   -7.5000 2673.0840   12.6704
    7.5000   52.5000   -7.5000 2634.4775   12.9402
   -7.5000  -37.5000    0.0000 2087.4709   19.6781
    0.0000  -37.5000    0.0000 2102.9736   19.4646
    7.5000  -37.5000    0.0000 2091.5503   19.7017
   -7.5000  -30.0000    0.0000 2234.0825   17.1651
    0.0000  -30.0000    0.0000 2248.9890   16.9439
    7.5000  -30.0000    0.0000 2237.4841   17.1680
   -7.5000  -22.5000    0.0000 2373.8765   15.1366
    0.0000  -22.5000    0.0000 2389.6074   14.9419
    7.5000  -22.5000    0.0000 2376.3687   15.1493
   -7.5000  -15.0000    0.0000 2498.6306   13.5553
    0.0000  -15.0000    0.0000 2513.7231   13.3874
    7.5000  -15.0000    0.0000 2498.5752   13.6087
   -7.5000   -7.5000    0.0000 2623.7461   12.3396
    0.0000   -7.5000    0.0000 2638.2156   12.2032
    7.5000   -7.5000    0.0000 2618.4587   12.4130
   -7.5000    0.0000    0.0000 2743.1108   11.4221
    0.0000    0.0000    0.0000 2757.2644   11.3099
    7.5000    0.0000    0.0000 2730.9827   11.5105
   -7.5000    7.5000    0.0000 2846.6980   10.7940
    0.0000    7.5000    0.0000 2863.6394   10.6968
    7.5000    7.5000    0.0000 2825.7773   10.8966
   -7.5000   15.0000    0.0000 2926.6182   10.3996
    0.0000   15.0000    0.0000 2937.7571   10.3352
    7.5000   15.0000    0.0000 2893.3728   10.5623
   -7.5000   22.5000    0.0000 2975.7075   10.2637
    0.0000   22.5000    0.0000 2985.5449   10.1885
    7.5000   22.5000    0.0000 2938.3601   10.4563
   -7.5000   30.0000    0.0000 2971.1533   10.5097
    0.0000   30.0000    0.0000 2984.0986   10.4162
    7.5000   30.0000    0.0000 2931.2412   10.6691
   -7.5000   37.5000    0.0000 2917.1289   10.9718
    0.0000   37.5000    0.0000 2924.8416   10.8803
    7.5000   37.5000    0.0000 2881.4829   11.0860
   -7.5000   45.0000    0.0000 2832.8726   11.5992
    0.0000   45.0000    0.0000 2837.0232   11.5083
    7.5000   45.0000    0.0000 2793.4221   11.7467
   -7.5000   52.5000    0.0000 2698.5156   12.4382
    0.0000   52.5000    0.0000 2699.0410   12.3548
    7.5000   52.5000    0.0000 2659.6724   12.5883
   -7.5000  -37.5000    7.5000 2080.9607   19.8356
    0.0000  -37.5000    7.5000 2097.7400   19.5664
    7.5000  -37.5000    7.5000 2084.0986   19.7808
   -7.5000  -30.0000    7.5000 2226.3120   17.2580
    0.0000  -30.0000    7.5000 2246.0393   17.0391
    7.5000  -30.0000    7.5000 2231.0027   17.1750
   -7.5000  -22.5000    7.5000 2359.9570   15.1934
    0.0000  -22.5000    7.5000 2378.4167   14.9611
    7.5000  -22.5000    7.5000 2367.0562   15.1271
   -7.5000  -15.0000    7.5000 2484.4436   13.6010
    0.0000  -15.0000    7.5000 2497.4319   13.3743
    7.5000  -15.0000    7.5000 2480.7446   13.5886
   -7.5000   -7.5000    7.5000 2612.6667   12.3659
    0.0000   -7.5000    7.5000 2624.5374   12.1563
    7.5000   -7.5000    7.5000 2601.9099   12.3890
   -7.5000    0.0000    7.5000 2739.1250   11.4302
    0.0000    0.0000    7.5000 2746.7607   11.2369
    7.5000    0.0000    7.5000 2716.6802   11.4992
   -7.5000    7.5000    7.5000 2846.4607   10.7927
    0.0000    7.5000    7.5000 2856.6243   10.6368
    7.5000    7.5000    7.5000 2822.4680   10.8944
   -7.5000   15.0000    7.5000 2936.9832   10.4656
    0.0000   15.0000    7.5000 2953.3740   10.3687
    7.5000   15.0000    7.5000 2908.0769   10.5695
   -7.5000   22.5000    7.5000 2999.1543   10.2894
    0.0000   22.5000    7.5000 3025.2241   10.2188
    7.5000   22.5000    7.5000 2962.4973   10.5090
   -7.5000   30.0000    7.5000 3000.7273   10.4935
    0.0000   30.0000    7.5000 3027.1267   10.3995
    7.5000   30.0000    7.5000 2957.4124   10.6793
   -7.5000   37.5000    7.5000 2933.9177   10.9132
    0.0000   37.5000    7.5000 2949.5002   10.8466
    7.5000   37.5000    7.5000 2894.0940   11.0485
   -7.5000   45.0000    7.5000 2836.9150   11.5058
    0.0000   45.0000    7.5000 2842.2625   11.4226
    7.5000   45.0000    7.5000 2802.1975   11.6444
   -7.5000   52.5000    7.5000 2700.4741   12.3064
    0.0000   52.5000    7.5000 2700.6750   12.2456
    7.5000   52.5000    7.5000 2666.8259   12.4481
   -7.5000  -37.5000   15.0000 2055.3535   20.2511
    0.0000  -37.5000   15.0000 2067.1245   19.9824
    7.5000  -37.5000   15.0000 2056.4668   20.1897
   -7.5000  -30.0000   15.0000 2203.1462   17.5865
    0.0000  -30.0000   15.0000 2220.3455   17.3579
    7.5000  -30.0000   15.0000 2207.7393   17.5280
   -7.5000  -22.5000   15.0000 2339.1289   15.4488
    0.0000  -22.5000   15.0000 2355.5701   15.1870
    7.5000  -22.5000   15.0000 2342.5298   15.3919
   -7.5000  -15.0000   15.0000 2465.7563   13.7827
    0.0000  -15.0000   15.0000 2478.6155   13.5384
    7.5000  -15.0000   15.0000 2463.4104   13.7597
   -7.5000   -7.5000   15.0000 2594.7107   12.5502
    0.0000   -7.5000   15.0000 2603.4763   12.3298
    7.5000   -7.5000   15.0000 2580.9849   12.5681
   -7.5000    0.0000   15.0000 2719.0542   11.6569
    0.0000    0.0000   15.0000 2727.2031   11.4588
    7.5000    0.0000   15.0000 2693.3706   11.6831
   -7.5000    7.5000   15.0000 2822.7678   11.0253
    0.0000    7.5000   15.0000 2835.5928   10.8658
    7.5000    7.5000   15.0000 2792.3933   11.1070
   -7.5000   15.0000   15.0000 2910.0488   10.6503
    0.0000   15.0000   15.0000 2927.5444   10.5357
    7.5000   15.0000   15.0000 2877.3948   10.7848
   -7.5000   22.5000   15.0000 2970.9512   10.5253
    0.0000   22.5000   15.0000 2992.4927   10.4380
    7.5000   22.5000   15.0000 2940.7161   10.7069
   -7.5000   30.0000   15.0000 2970.2258   10.6917
    0.0000   30.0000   15.0000 2995.9001   10.6358
    7.5000   30.0000   15.0000 2937.9470   10.8514
   -7.5000   37.5000   15.0000 2905.6934   11.0896
    0.0000   37.5000   15.0000 2921.8235   11.0500
    7.5000   37.5000   15.0000 2874.2729   11.2348
   -7.5000   45.0000   15.0000 2810.9622   11.6944
    0.0000   45.0000   15.0000 2815.8716   11.6074
    7.5000   45.0000   15.0000 2780.1096   11.8305
   -7.5000   52.5000   15.0000 2672.7117   12.4576
    0.0000   52.5000   15.0000 2675.8706   12.3946
    7.5000   52.5000   15.0000 2642.3357   12.6143
   -7.5000  -37.5000   22.5000 2016.2457   20.8852
    0.0000  -37.5000   22.5000 2023.8330   20.6078
    7.5000  -37.5000   22.5000 2011.2528   20.8129
   -7.5000  -30.0000   22.5000 2169.9795   18.0861
    0.0000  -30.0000   22.5000 2183.0234   17.8182
    7.5000  -30.0000   22.5000 2170.4546   17.9860
   -7.5000  -22.5000   22.5000 2308.0046   15.8866
    0.0000  -22.5000   22.5000 2325.0542   15.6216
    7.5000  -22.5000   22.5000 2310.3696   15.7915
   -7.5000  -15.0000   22.5000 2433.7236   14.2049
    0.0000  -15.0000   22.5000 2451.3000   13.9720
    7.5000  -15.0000   22.5000 2429.9609   14.1909
   -7.5000   -7.5000   22.5000 2562.4468   13.0054
    0.0000   -7.5000   22.5000 2573.6846   12.7718
    7.5000   -7.5000   22.5000 2546.5833   13.0329
   -7.5000    0.0000   22.5000 2685.5903   12.1018
    0.0000    0.0000   22.5000 2694.0322   11.8933
    7.5000    0.0000   22.5000 2659.7017   12.1649
   -7.5000    7.5000   22.5000 2785.9307   11.4552
    0.0000    7.5000   22.5000 2794.1184   11.2638
    7.5000    7.5000   22.5000 2752.8979   11.5443
   -7.5000   15.0000   22.5000 2862.8140   11.0207
    0.0000   15.0000   22.5000 2872.7915   10.8562
    7.5000   15.0000   22.5000 2833.1899   11.1727
   -7.5000   22.5000   22.5000 2915.6448   10.8602
    0.0000   22.5000   22.5000 2926.9219   10.7596
    7.5000   22.5000   22.5000 2883.7737   11.0262
   -7.5000   30.0000   22.5000 2911.7241   11.0181
    0.0000   30.0000   22.5000 2927.3232   10.9258
    7.5000   30.0000   22.5000 2881.7231   11.1402
   -7.5000   37.5000   22.5000 2852.8147   11.4093
    0.0000   37.5000   22.5000 2868.1001   11.3557
    7.5000   37.5000   22.5000 2826.2166   11.5471
   -7.5000   45.0000   22.5000 2760.5393   12.0530
    0.0000   45.0000   22.5000 2768.6970   11.9800
    7.5000   45.0000   22.5000 2734.5471   12.1832
   -7.5000   52.5000   22.5000 2629.4211   12.7943
    0.0000   52.5000   22.5000 2634.1343   12.7327
    7.5000   52.5000   22.5000 2602.3767   12.9667
   -7.5000  -37.5000   30.0000 1971.4889   21.8301
    0.0000  -37.5000   30.0000 1972.1071   21.4882
    7.5000  -37.5000   30.0000 1957.0582   21.7110
   -7.5000  -30.0000   30.0000 2123.3000   18.9008
    0.0000  -30.0000   30.0000 2133.0984   18.6055
    7.5000  -30.0000   30.0000 2118.5444   18.7962
   -7.5000  -22.5000   30.0000 2267.3169   16.6082
    0.0000  -22.5000   30.0000 2282.1863   16.3558
    7.5000  -22.5000   30.0000 2265.2290   16.5373
   -7.5000  -15.0000   30.0000 2396.4434   14.9104
    0.0000  -15.0000   30.0000 2412.6167   14.6385
    7.5000  -15.0000   30.0000 2389.3411   14.8804
   -7.5000   -7.5000   30.0000 2518.7834   13.6446
    0.0000   -7.5000   30.0000 2532.9136   13.3842
    7.5000   -7.5000   30.0000 2503.2490   13.6648
   -7.5000    0.0000   30.0000 2635.7869   12.7164
    0.0000    0.0000   30.0000 2642.2375   12.4776
    7.5000    0.0000   30.0000 2609.6021   12.7564
   -7.5000    7.5000   30.0000 2729.0955   12.0299
    0.0000    7.5000   30.0000 2737.5732   11.7754
    7.5000    7.5000   30.0000 2702.9282   12.1149
   -7.5000   15.0000   30.0000 2794.9075   11.5661
    0.0000   15.0000   30.0000 2805.2493   11.3826
    7.5000   15.0000   30.0000 2769.4673   11.6952
   -7.5000   22.5000   30.0000 2832.6584   11.4081
    0.0000   22.5000   30.0000 2836.7583   11.2672
    7.5000   22.5000   30.0000 2803.1296   11.5445
   -7.5000   30.0000   30.0000 2827.4602   11.5457
    0.0000   30.0000   30.0000 2832.8428   11.4199
    7.5000   30.0000   30.0000 2798.9026   11.6566
   -7.5000   37.5000   30.0000 2774.9265   11.9487
    0.0000   37.5000   30.0000 2786.2661   11.8502
    7.5000   37.5000   30.0000 2748.4788   12.0686
   -7.5000   45.0000   30.0000 2690.9502   12.5828
    0.0000   45.0000   30.0000 2697.4260   12.4966
    7.5000   45.0000   30.0000 2667.2024   12.6802
   -7.5000   52.5000   30.0000 2567.4077   13.3061
    0.0000   52.5000   30.0000 2574.8799   13.2528
    7.5000   52.5000   30.0000 2544.0530   13.4600
   -7.5000  -37.5000   37.5000 1918.9261   23.0196
    0.0000  -37.5000   37.5000 1921.0823   22.7607
    7.5000  -37.5000   37.5000 1906.3774   22.9762
   -7.5000  -30.0000   37.5000 2072.2190   19.9641
    0.0000  -30.0000   37.5000 2079.5239   19.6548
    7.5000  -30.0000   37.5000 2063.4475   19.8272
   -7.5000  -22.5000   37.5000 2219.3914   17.5727
    0.0000  -22.5000   37.5000 2233.8782   17.2658
    7.5000  -22.5000   37.5000 2214.9612   17.4728
   -7.5000  -15.0000   37.5000 2346.7732   15.7785
    0.0000  -15.0000   37.5000 2368.2319   15.4913
    7.5000  -15.0000   37.5000 2342.1455   15.7096
   -7.5000   -7.5000   37.5000 2466.7915   14.4543
    0.0000   -7.5000   37.5000 2482.9041   14.1981
    7.5000   -7.5000   37.5000 2451.3718   14.4499
   -7.5000    0.0000   37.5000 2573.0786   13.4912
    0.0000    0.0000   37.5000 2581.6416   13.2377
    7.5000    0.0000   37.5000 2551.0640   13.5162
   -7.5000    7.5000   37.5000 2658.3320   12.7727
    0.0000    7.5000   37.5000 2669.1631   12.5478
    7.5000    7.5000   37.5000 2634.7571   12.8302
   -7.5000   15.0000   37.5000 2711.4788   12.2998
    0.0000   15.0000   37.5000 2723.2712   12.1278
    7.5000   15.0000   37.5000 2692.3867   12.4048
   -7.5000   22.5000   37.5000 2740.5862   12.1598
    0.0000   22.5000   37.5000 2749.7449   11.9997
    7.5000   22.5000   37.5000 2717.2698   12.2550
   -7.5000   30.0000   37.5000 2728.4280   12.2515
    0.0000   30.0000   37.5000 2738.7693   12.1087
    7.5000   30.0000   37.5000 2709.7415   12.3223
   -7.5000   37.5000   37.5000 2684.1584   12.6454
    0.0000   37.5000   37.5000 2691.4238   12.5425
    7.5000   37.5000   37.5000 2656.7280   12.7255
   -7.5000   45.0000   37.5000 2609.2170   13.2581
    0.0000   45.0000   37.5000 2612.5315   13.1639
    7.5000   45.0000   37.5000 2583.0437   13.3415
   -7.5000   52.5000   37.5000 2497.0603   13.9553
    0.0000   52.5000   37.5000 2499.1890   13.8953
    7.5000   52.5000   37.5000 2472.8076   14.1035
   -7.5000  -37.5000   45.0000 1858.7246   24.6117
    0.0000  -37.5000   45.0000 1865.5624   24.3334
    7.5000  -37.5000   45.0000 1851.9333   24.5423
   -7.5000  -30.0000   45.0000 2012.8779   21.3015
    0.0000  -30.0000   45.0000 2024.3217   20.9848
    7.5000  -30.0000   45.0000 2008.4769   21.1305
   -7.5000  -22.5000   45.0000 2160.7976   18.7723
    0.0000  -22.5000   45.0000 2176.4111   18.4882
    7.5000  -22.5000   45.0000 2154.4941   18.6389
   -7.5000  -15.0000   45.0000 2287.4927   16.8771
    0.0000  -15.0000   45.0000 2309.6003   16.6428
    7.5000  -15.0000   45.0000 2282.9456   16.8172
   -7.5000   -7.5000   45.0000 2402.3940   15.4428
    0.0000   -7.5000   45.0000 2421.4070   15.2452
    7.5000   -7.5000   45.0000 2388.9534   15.4622
   -7.5000    0.0000   45.0000 2499.7087   14.4502
    0.0000    0.0000   45.0000 2508.4185   14.2193
    7.5000    0.0000   45.0000 2474.4663   14.4694
   -7.5000    7.5000   45.0000 2578.6812   13.7209
    0.0000    7.5000   45.0000 2587.2190   13.5263
    7.5000    7.5000   45.0000 2551.2312   13.7632
   -7.5000   15.0000   45.0000 2622.5955   13.2482
    0.0000   15.0000   45.0000 2631.0642   13.0814
    7.5000   15.0000   45.0000 2600.8391   13.3253
   -7.5000   22.5000   45.0000 2639.8206   13.0732
    0.0000   22.5000   45.0000 2648.8696   12.9234
    7.5000   22.5000   45.0000 2619.5791   13.1469
   -7.5000   30.0000   45.0000 2623.6748   13.1306
    0.0000   30.0000   45.0000 2632.5811   13.0010
    7.5000   30.0000   45.0000 2605.7915   13.2127
   -7.5000   37.5000   45.0000 2585.1462   13.5006
    0.0000   37.5000   45.0000 2596.9211   13.3895
    7.5000   37.5000   45.0000 2565.5632   13.5784
   -7.5000   45.0000   45.0000 2523.3945   14.0811
    0.0000   45.0000   45.0000 2530.1428   13.9895
    7.5000   45.0000   45.0000 2500.5073   14.1643
   -7.5000   52.5000   45.0000 2418.2695   14.7825
    0.0000   52.5000   45.0000 2421.3521   14.7232
    7.5000   52.5000   45.0000 2397.4773   14.9145

---------------------------------------------------------------------
imgreg_4dfp /opt/freesurfer/average/711-2C_as_mni_average_305 /opt/freesurfer/average/711-2B_as_mni_average_305_mask talsrcimg_g11 none talsrcimg_to_711-2C_as_mni_average_305_t4 1283
---------------------------------------------------------------------

freesurfer imgreg_4dfp.c
/opt/freesurfer/average/711-2C_as_mni_average_305.4dfp.img
       256       256       256         1
  1.000000  1.000000  1.000000
orientation T byte_order littleendian
Reading image: /opt/freesurfer/average/711-2C_as_mni_average_305.4dfp.img
dimensions:      256       256       256
mmppix:       1.0000   -1.0000   -1.0000
center:     128.0000 -129.0000 -129.0000
/opt/freesurfer/average/711-2B_as_mni_average_305_mask.4dfp.img
       256       256       256         1
  1.000000  1.000000  1.000000
orientation T byte_order littleendian
Reading mask: /opt/freesurfer/average/711-2B_as_mni_average_305_mask.4dfp.img (2306576 pixels)
talsrcimg_g11.4dfp.img
       256       256       256         1
  1.000000  1.000000  1.000000
orientation T byte_order littleendian
Reading image: talsrcimg_g11.4dfp.img
dimensions:      256       256       256
mmppix:       1.0000   -1.0000   -1.0000
center:     128.0000 -129.0000 -129.0000
rotation matrix determinant  1.000000
fimgreg.f
image alignment mode   1283 decimal      503 hex
parameters
    0.0000   30.0000    7.5000    0.0000    0.0000    0.0000
eta,q 0.94909 10.39867
niter,ni,del,rscale     5    3   12.0000    1.2000
parameter  2  0.590023 ->  0.500000 qaram    1.1500
parameter  4  0.901879 ->  0.500000 qaram    1.1500
parameter  6 -0.860310 -> -0.500000 qaram    1.1500
parameters
   -1.7813   26.5500    7.9897   -3.4500    0.5152    3.4500
eta,q 0.95779 10.15446
  0.0573  0.0479  0.0570  0.0453  0.0538  0.0537
  0.0518  0.0477  0.0536  0.0447  0.0501  0.0508
  0.0498  0.0479  0.0497  0.0457  0.0464  0.0479
  0.0521  0.0498  0.0474  0.0474  0.0449  0.0450
  0.0560  0.0537  0.0480  0.0495  0.0460  0.0429
  0.0625  0.0602  0.0511  0.0520  0.0483  0.0422
  0.0704  0.0686  0.0550  0.0551  0.0512  0.0430
niter,ni,del,rscale     7    3   12.0000    1.2000
parameters
   -1.7401   26.9484    7.9971   -3.1404    1.0467    4.2586
eta,q 0.95785 10.18056
  0.0574  0.0576  0.0524  0.0518  0.0522  0.0501
  0.0506  0.0504  0.0483  0.0455  0.0480  0.0468
  0.0441  0.0446  0.0439  0.0419  0.0438  0.0438
  0.0422  0.0422  0.0421  0.0421  0.0422  0.0422
  0.0450  0.0427  0.0436  0.0439  0.0431  0.0426
  0.0499  0.0477  0.0475  0.0461  0.0456  0.0443
  0.0569  0.0549  0.0529  0.0485  0.0494  0.0475
niter,ni,del,rscale     6    3   12.0000    1.2000
parameters
   -1.7107   26.9315    8.0478   -3.0622    1.1198    4.3202
eta,q 0.95779 10.18336
  0.0572  0.0561  0.0526  0.0509  0.0510  0.0490
  0.0501  0.0488  0.0482  0.0445  0.0466  0.0457
  0.0440  0.0442  0.0438  0.0419  0.0432  0.0431
  0.0421  0.0422  0.0422  0.0422  0.0422  0.0422
  0.0445  0.0435  0.0439  0.0442  0.0434  0.0431
  0.0496  0.0492  0.0476  0.0460  0.0463  0.0453
  0.0569  0.0563  0.0525  0.0486  0.0505  0.0490
niter,ni,del,rscale     5    3   12.0000    1.2000
parameters
   -1.7104   26.9038    8.0603   -3.0420    1.1295    4.3271
eta,q 0.95777 10.18286
  0.0571  0.0560  0.0525  0.0507  0.0509  0.0490
  0.0500  0.0488  0.0481  0.0444  0.0465  0.0457
  0.0439  0.0443  0.0438  0.0419  0.0431  0.0431
  0.0422  0.0422  0.0422  0.0422  0.0422  0.0422
  0.0446  0.0435  0.0440  0.0443  0.0435  0.0432
  0.0497  0.0492  0.0477  0.0460  0.0464  0.0454
  0.0571  0.0563  0.0526  0.0486  0.0507  0.0491
registration optimization eta report
parameter search radius
    6.0000    6.9000    6.0000    6.9000    6.0000    6.9000
100000*second partial in parameter space
       41.       29.       28.       16.       23.       14.
  0.0571  0.0560  0.0525  0.0507  0.0509  0.0490
  0.0500  0.0488  0.0481  0.0444  0.0465  0.0457
  0.0439  0.0443  0.0438  0.0419  0.0431  0.0431
  0.0422  0.0422  0.0422  0.0422  0.0422  0.0422
  0.0446  0.0435  0.0440  0.0443  0.0435  0.0432
  0.0497  0.0492  0.0477  0.0460  0.0464  0.0454
  0.0571  0.0563  0.0526  0.0486  0.0507  0.0491
   -1.7104   26.9038    8.0603   -3.0420    1.1295    4.3271
eta,q 0.95777 10.18286

---------------------------------------------------------------------
imgreg_4dfp /opt/freesurfer/average/711-2C_as_mni_average_305 /opt/freesurfer/average/711-2B_as_mni_average_305_mask talsrcimg_g11 none talsrcimg_to_711-2C_as_mni_average_305_t4 3335
---------------------------------------------------------------------

freesurfer imgreg_4dfp.c
/opt/freesurfer/average/711-2C_as_mni_average_305.4dfp.img
       256       256       256         1
  1.000000  1.000000  1.000000
orientation T byte_order littleendian
Reading image: /opt/freesurfer/average/711-2C_as_mni_average_305.4dfp.img
dimensions:      256       256       256
mmppix:       1.0000   -1.0000   -1.0000
center:     128.0000 -129.0000 -129.0000
/opt/freesurfer/average/711-2B_as_mni_average_305_mask.4dfp.img
       256       256       256         1
  1.000000  1.000000  1.000000
orientation T byte_order littleendian
Reading mask: /opt/freesurfer/average/711-2B_as_mni_average_305_mask.4dfp.img (2306576 pixels)
talsrcimg_g11.4dfp.img
       256       256       256         1
  1.000000  1.000000  1.000000
orientation T byte_order littleendian
Reading image: talsrcimg_g11.4dfp.img
dimensions:      256       256       256
mmppix:       1.0000   -1.0000   -1.0000
center:     128.0000 -129.0000 -129.0000
fimgreg.f
image alignment mode   3335 decimal      D07 hex
parameters
   -1.7104   26.9038    8.0603   -0.3044   -0.4177   -0.1603
   -7.4302   -2.3633    7.5436    5.1431    1.9713   -5.3057
eta,q 0.95754 10.23422
niter,ni,del,rscale     5    3    5.0000    1.2000
parameter  4  1.994618 ->  0.500000 qaram    1.1500
parameter  5  2.938734 ->  0.500000 qaram    1.1500
parameter  6  0.866788 ->  0.500000 qaram    1.1500
parameters
   -1.7747   27.6135    7.9171   -4.4444   -4.5577   -4.3003
   -8.7030   -0.6718    6.5257    4.6433    3.3759   -6.3245
eta,q 0.96997  9.88300
  0.0446  0.0447  0.0437  0.0353  0.0310  0.0303  0.0321  0.0370  0.0314  0.0330  0.0321  0.0310
  0.0434  0.0438  0.0428  0.0367  0.0328  0.0305  0.0311  0.0343  0.0306  0.0314  0.0312  0.0304
  0.0427  0.0430  0.0424  0.0390  0.0348  0.0312  0.0306  0.0320  0.0302  0.0304  0.0305  0.0301
  0.0425  0.0425  0.0422  0.0422  0.0372  0.0333  0.0306  0.0305  0.0301  0.0301  0.0301  0.0301
  0.0427  0.0422  0.0425  0.0460  0.0401  0.0368  0.0311  0.0302  0.0305  0.0306  0.0301  0.0303
  0.0435  0.0424  0.0431  0.0499  0.0430  0.0411  0.0322  0.0312  0.0313  0.0319  0.0304  0.0309
  0.0449  0.0431  0.0441  0.0539  0.0461  0.0455  0.0336  0.0331  0.0324  0.0340  0.0310  0.0318
niter,ni,del,rscale     7    3    5.0000    1.2000
parameter  4  0.556842 ->  0.500000 qaram    1.3225
parameter  5  1.042191 ->  0.500000 qaram    1.3225
parameters
   -1.6941   27.2726    7.6079   -9.2054   -9.3187   -6.5740
   -8.2762   -1.2252    7.0153    4.2138    2.5238   -7.7283
eta,q 0.97363  9.54061
  0.0335  0.0315  0.0312  0.0294  0.0262  0.0276  0.0293  0.0292  0.0286  0.0293  0.0270  0.0274
  0.0316  0.0305  0.0304  0.0290  0.0261  0.0269  0.0280  0.0276  0.0275  0.0276  0.0267  0.0267
  0.0304  0.0301  0.0300  0.0290  0.0273  0.0266  0.0270  0.0267  0.0268  0.0267  0.0265  0.0264
  0.0300  0.0300  0.0300  0.0300  0.0289  0.0263  0.0265  0.0265  0.0265  0.0265  0.0265  0.0265
  0.0304  0.0305  0.0303  0.0322  0.0310  0.0266  0.0267  0.0271  0.0266  0.0271  0.0266  0.0269
  0.0314  0.0313  0.0310  0.0357  0.0338  0.0290  0.0275  0.0283  0.0272  0.0283  0.0268  0.0275
  0.0330  0.0326  0.0321  0.0399  0.0368  0.0335  0.0288  0.0301  0.0281  0.0298  0.0273  0.0285
niter,ni,del,rscale     7    3    5.0000    1.2000
parameters
   -1.7752   27.5603    7.2610  -10.7896  -11.3917   -7.6881
   -8.2046   -1.5461    7.4573    4.2837    1.4024   -8.5867
eta,q 0.97393  9.36280
  0.0288  0.0294  0.0272  0.0282  0.0290  0.0274  0.0286  0.0287  0.0282  0.0287  0.0266  0.0271
  0.0274  0.0279  0.0267  0.0272  0.0275  0.0264  0.0274  0.0272  0.0271  0.0272  0.0263  0.0265
  0.0266  0.0269  0.0264  0.0267  0.0263  0.0261  0.0265  0.0263  0.0264  0.0264  0.0261  0.0261
  0.0264  0.0264  0.0263  0.0263  0.0265  0.0262  0.0261  0.0261  0.0261  0.0261  0.0261  0.0261
  0.0268  0.0265  0.0266  0.0265  0.0280  0.0261  0.0265  0.0266  0.0263  0.0264  0.0262  0.0263
  0.0277  0.0271  0.0271  0.0281  0.0299  0.0266  0.0273  0.0276  0.0269  0.0273  0.0265  0.0269
  0.0291  0.0282  0.0279  0.0313  0.0326  0.0292  0.0285  0.0291  0.0278  0.0285  0.0269  0.0276
niter,ni,del,rscale     6    3    5.0000    1.2000
parameters
   -1.8683   27.9773    6.9782  -11.1948  -12.1525   -8.4795
   -8.1536   -1.7367    7.9803    4.9502    0.8793   -9.1161
eta,q 0.97411  9.28629
  0.0283  0.0293  0.0269  0.0281  0.0292  0.0274  0.0284  0.0286  0.0281  0.0286  0.0265  0.0269
  0.0270  0.0278  0.0263  0.0270  0.0279  0.0263  0.0271  0.0271  0.0270  0.0271  0.0262  0.0263
  0.0263  0.0267  0.0260  0.0263  0.0266  0.0258  0.0262  0.0262  0.0263  0.0262  0.0259  0.0260
  0.0261  0.0261  0.0260  0.0260  0.0260  0.0260  0.0259  0.0259  0.0259  0.0259  0.0259  0.0259
  0.0264  0.0261  0.0262  0.0259  0.0268  0.0262  0.0262  0.0264  0.0261  0.0260  0.0260  0.0261
  0.0273  0.0266  0.0267  0.0267  0.0285  0.0265  0.0271  0.0274  0.0267  0.0267  0.0263  0.0265
  0.0287  0.0277  0.0274  0.0291  0.0306  0.0283  0.0283  0.0289  0.0275  0.0277  0.0267  0.0273
niter,ni,del,rscale     5    3    5.0000    1.2000
parameters
   -1.9436   28.3070    6.7102  -11.5863  -12.7361   -8.9851
   -8.0493   -1.9798    8.5100    5.7315    0.3267   -9.4663
eta,q 0.97421  9.22910
  0.0282  0.0288  0.0268  0.0279  0.0289  0.0275  0.0282  0.0285  0.0279  0.0284  0.0265  0.0268
  0.0269  0.0274  0.0262  0.0268  0.0277  0.0263  0.0270  0.0270  0.0269  0.0269  0.0261  0.0262
  0.0261  0.0264  0.0259  0.0261  0.0265  0.0258  0.0261  0.0261  0.0261  0.0261  0.0258  0.0259
  0.0259  0.0259  0.0258  0.0258  0.0258  0.0259  0.0258  0.0258  0.0258  0.0258  0.0258  0.0258
  0.0262  0.0260  0.0261  0.0258  0.0265  0.0263  0.0261  0.0263  0.0260  0.0259  0.0259  0.0259
  0.0271  0.0266  0.0266  0.0266  0.0281  0.0265  0.0269  0.0273  0.0265  0.0264  0.0263  0.0264
  0.0285  0.0276  0.0273  0.0288  0.0300  0.0279  0.0281  0.0288  0.0274  0.0273  0.0267  0.0271
niter,ni,del,rscale     4    3    5.0000    1.2000
parameters
   -2.0145   28.6285    6.5080  -11.9916  -13.3934   -9.4706
   -7.9000   -2.2432    9.0753    6.5729   -0.1979   -9.7409
eta,q 0.97430  9.16966
  0.0281  0.0286  0.0268  0.0278  0.0286  0.0275  0.0281  0.0284  0.0277  0.0281  0.0264  0.0267
  0.0268  0.0272  0.0262  0.0266  0.0275  0.0263  0.0269  0.0269  0.0267  0.0267  0.0260  0.0262
  0.0260  0.0262  0.0258  0.0259  0.0264  0.0257  0.0260  0.0260  0.0260  0.0260  0.0258  0.0258
  0.0258  0.0258  0.0258  0.0257  0.0258  0.0258  0.0257  0.0257  0.0257  0.0257  0.0257  0.0257
  0.0261  0.0259  0.0260  0.0258  0.0262  0.0263  0.0260  0.0262  0.0258  0.0258  0.0259  0.0258
  0.0270  0.0264  0.0265  0.0265  0.0278  0.0265  0.0268  0.0273  0.0263  0.0262  0.0262  0.0263
  0.0284  0.0274  0.0272  0.0285  0.0298  0.0278  0.0279  0.0287  0.0272  0.0271  0.0267  0.0269
niter,ni,del,rscale     3    3    5.0000    1.2000
parameters
   -2.0670   28.9914    6.2898  -12.3885  -14.1733  -10.0513
   -7.7979   -2.4230    9.5479    7.5175   -0.5232  -10.0999
eta,q 0.97439  9.10292
  0.0281  0.0284  0.0267  0.0277  0.0282  0.0274  0.0279  0.0284  0.0275  0.0278  0.0264  0.0266
  0.0268  0.0271  0.0261  0.0265  0.0271  0.0262  0.0267  0.0269  0.0266  0.0266  0.0260  0.0260
  0.0260  0.0261  0.0257  0.0258  0.0262  0.0256  0.0259  0.0259  0.0259  0.0259  0.0257  0.0257
  0.0257  0.0257  0.0257  0.0256  0.0256  0.0257  0.0256  0.0256  0.0256  0.0256  0.0256  0.0256
  0.0260  0.0258  0.0259  0.0258  0.0261  0.0262  0.0259  0.0261  0.0257  0.0257  0.0257  0.0258
  0.0269  0.0262  0.0264  0.0265  0.0276  0.0266  0.0266  0.0272  0.0262  0.0261  0.0261  0.0262
  0.0283  0.0271  0.0272  0.0284  0.0295  0.0278  0.0278  0.0286  0.0271  0.0268  0.0266  0.0268
niter,ni,del,rscale     2    3    5.0000    1.2000
parameters
   -2.0644   29.4255    5.9879  -12.7217  -15.0492  -10.7742
   -7.8167   -2.4215    9.7016    8.6187   -0.4497  -10.4867
eta,q 0.97455  9.03023
  0.0281  0.0283  0.0265  0.0276  0.0279  0.0272  0.0276  0.0285  0.0272  0.0276  0.0263  0.0263
  0.0268  0.0270  0.0259  0.0264  0.0268  0.0261  0.0265  0.0269  0.0263  0.0264  0.0259  0.0258
  0.0259  0.0261  0.0256  0.0257  0.0259  0.0255  0.0258  0.0259  0.0257  0.0257  0.0256  0.0255
  0.0256  0.0256  0.0255  0.0255  0.0255  0.0255  0.0255  0.0255  0.0255  0.0255  0.0255  0.0255
  0.0259  0.0256  0.0258  0.0257  0.0259  0.0261  0.0257  0.0259  0.0256  0.0255  0.0256  0.0256
  0.0268  0.0260  0.0264  0.0264  0.0273  0.0266  0.0265  0.0269  0.0262  0.0259  0.0258  0.0260
  0.0281  0.0269  0.0272  0.0281  0.0292  0.0277  0.0277  0.0284  0.0271  0.0265  0.0263  0.0265
niter,ni,del,rscale     1    3    5.0000    1.2000
parameters
   -1.9787   29.9517    5.5852  -12.9370  -16.0621  -11.6802
   -7.9335   -2.2666    9.3793    9.9914    0.1878  -10.6835
eta,q 0.97478  8.94890
  0.0282  0.0282  0.0262  0.0274  0.0275  0.0269  0.0272  0.0284  0.0268  0.0275  0.0262  0.0260
  0.0268  0.0269  0.0257  0.0262  0.0265  0.0259  0.0262  0.0268  0.0260  0.0263  0.0258  0.0256
  0.0258  0.0260  0.0253  0.0255  0.0257  0.0253  0.0255  0.0257  0.0254  0.0255  0.0254  0.0253
  0.0255  0.0255  0.0253  0.0253  0.0253  0.0253  0.0252  0.0252  0.0252  0.0252  0.0252  0.0252
  0.0257  0.0254  0.0257  0.0256  0.0257  0.0259  0.0255  0.0256  0.0255  0.0253  0.0253  0.0253
  0.0265  0.0257  0.0263  0.0262  0.0270  0.0266  0.0263  0.0266  0.0261  0.0256  0.0255  0.0257
  0.0278  0.0266  0.0271  0.0278  0.0290  0.0276  0.0274  0.0281  0.0272  0.0262  0.0260  0.0261
registration optimization eta report
parameter search radius
    2.4000    2.4000    2.4000    9.5220    9.5220    8.2800
    7.2000    7.2000    7.2000    7.2000    7.2000    7.2000
100000*second partial in parameter space
       44.       33.       23.        3.        3.        3.
        4.        6.        3.        3.        2.        2.
  0.0282  0.0282  0.0262  0.0274  0.0275  0.0269  0.0272  0.0284  0.0268  0.0275  0.0262  0.0260
  0.0268  0.0269  0.0257  0.0262  0.0265  0.0259  0.0262  0.0268  0.0260  0.0263  0.0258  0.0256
  0.0258  0.0260  0.0253  0.0255  0.0257  0.0253  0.0255  0.0257  0.0254  0.0255  0.0254  0.0253
  0.0255  0.0255  0.0253  0.0253  0.0253  0.0253  0.0252  0.0252  0.0252  0.0252  0.0252  0.0252
  0.0257  0.0254  0.0257  0.0256  0.0257  0.0259  0.0255  0.0256  0.0255  0.0253  0.0253  0.0253
  0.0265  0.0257  0.0263  0.0262  0.0270  0.0266  0.0263  0.0266  0.0261  0.0256  0.0255  0.0257
  0.0278  0.0266  0.0271  0.0278  0.0290  0.0276  0.0274  0.0281  0.0272  0.0262  0.0260  0.0261
   -1.9787   29.9517    5.5852  -12.9370  -16.0621  -11.6802
   -7.9335   -2.2666    9.3793    9.9914    0.1878  -10.6835
eta,q 0.97478  8.94890

---------------------------------------------------------------------
imgreg_4dfp /opt/freesurfer/average/711-2C_as_mni_average_305 /opt/freesurfer/average/711-2B_as_mni_average_305_mask talsrcimg_g11 none talsrcimg_to_711-2C_as_mni_average_305_t4 2311
---------------------------------------------------------------------

freesurfer imgreg_4dfp.c
/opt/freesurfer/average/711-2C_as_mni_average_305.4dfp.img
       256       256       256         1
  1.000000  1.000000  1.000000
orientation T byte_order littleendian
Reading image: /opt/freesurfer/average/711-2C_as_mni_average_305.4dfp.img
dimensions:      256       256       256
mmppix:       1.0000   -1.0000   -1.0000
center:     128.0000 -129.0000 -129.0000
/opt/freesurfer/average/711-2B_as_mni_average_305_mask.4dfp.img
       256       256       256         1
  1.000000  1.000000  1.000000
orientation T byte_order littleendian
Reading mask: /opt/freesurfer/average/711-2B_as_mni_average_305_mask.4dfp.img (2306576 pixels)
talsrcimg_g11.4dfp.img
       256       256       256         1
  1.000000  1.000000  1.000000
orientation T byte_order littleendian
Reading image: talsrcimg_g11.4dfp.img
dimensions:      256       256       256
mmppix:       1.0000   -1.0000   -1.0000
center:     128.0000 -129.0000 -129.0000
fimgreg.f
image alignment mode   2311 decimal      907 hex
parameters
   -1.9787   29.9517    5.5852  -12.9370  -16.0621  -11.6802
   -7.9335   -2.2666    9.3793    9.9914    0.1878  -10.6835
eta,q 0.97478  8.94890
niter,ni,del,rscale     5    3    5.0000    0.8000
parameters
   -1.8246   30.5884    5.1102  -13.0297  -16.3984  -13.0915
   -8.1258   -2.0806    8.6350   11.1277    1.0547  -10.6662
eta,q 0.97512  8.87809
  0.0266  0.0268  0.0253  0.0256  0.0257  0.0254  0.0258  0.0265  0.0255  0.0260  0.0254  0.0253
  0.0259  0.0261  0.0251  0.0252  0.0254  0.0251  0.0253  0.0257  0.0251  0.0254  0.0252  0.0251
  0.0254  0.0256  0.0250  0.0250  0.0251  0.0249  0.0250  0.0251  0.0249  0.0251  0.0250  0.0249
  0.0252  0.0252  0.0251  0.0250  0.0250  0.0250  0.0249  0.0249  0.0249  0.0249  0.0249  0.0249
  0.0253  0.0251  0.0253  0.0251  0.0251  0.0253  0.0251  0.0250  0.0251  0.0249  0.0249  0.0249
  0.0256  0.0251  0.0256  0.0253  0.0255  0.0257  0.0254  0.0255  0.0255  0.0250  0.0250  0.0251
  0.0262  0.0254  0.0260  0.0255  0.0260  0.0261  0.0260  0.0262  0.0260  0.0253  0.0252  0.0253
niter,ni,del,rscale     4    3    5.0000    0.7000
parameters
   -1.7684   30.9729    4.6535  -13.0814  -16.8233  -13.9378
   -8.0857   -2.0679    8.1317   11.8499    1.5479  -10.8747
eta,q 0.97527  8.82785
  0.0258  0.0260  0.0250  0.0252  0.0253  0.0252  0.0255  0.0258  0.0253  0.0255  0.0251  0.0250
  0.0253  0.0255  0.0248  0.0249  0.0250  0.0249  0.0251  0.0252  0.0250  0.0251  0.0249  0.0249
  0.0250  0.0251  0.0248  0.0248  0.0248  0.0248  0.0248  0.0249  0.0248  0.0248  0.0248  0.0248
  0.0249  0.0249  0.0248  0.0248  0.0248  0.0248  0.0247  0.0248  0.0248  0.0247  0.0247  0.0247
  0.0249  0.0248  0.0250  0.0249  0.0249  0.0249  0.0248  0.0249  0.0249  0.0248  0.0247  0.0248
  0.0252  0.0249  0.0252  0.0250  0.0251  0.0252  0.0251  0.0252  0.0252  0.0249  0.0248  0.0249
  0.0257  0.0252  0.0255  0.0252  0.0256  0.0256  0.0255  0.0258  0.0256  0.0251  0.0250  0.0251
niter,ni,del,rscale     3    3    5.0000    0.6000
parameters
   -1.7629   31.2191    4.4020  -13.1962  -16.9517  -14.3907
   -8.0298   -2.0999    7.9092   12.2178    1.7307  -11.0951
eta,q 0.97532  8.80321
  0.0254  0.0255  0.0249  0.0250  0.0251  0.0250  0.0252  0.0255  0.0251  0.0252  0.0249  0.0249
  0.0250  0.0251  0.0248  0.0248  0.0249  0.0248  0.0249  0.0250  0.0249  0.0249  0.0248  0.0248
  0.0248  0.0249  0.0247  0.0247  0.0248  0.0247  0.0248  0.0248  0.0247  0.0247  0.0247  0.0247
  0.0247  0.0247  0.0247  0.0247  0.0247  0.0247  0.0247  0.0247  0.0247  0.0247  0.0247  0.0247
  0.0248  0.0247  0.0248  0.0248  0.0247  0.0248  0.0247  0.0248  0.0248  0.0247  0.0247  0.0247
  0.0250  0.0248  0.0249  0.0249  0.0249  0.0250  0.0249  0.0250  0.0249  0.0248  0.0248  0.0248
  0.0254  0.0250  0.0252  0.0250  0.0252  0.0253  0.0252  0.0255  0.0253  0.0250  0.0249  0.0249
niter,ni,del,rscale     2    3    5.0000    0.5000
parameters
   -1.7700   31.3276    4.2627  -13.2747  -16.8984  -14.6006
   -8.0020   -2.1257    7.8446   12.3915    1.7874  -11.2241
eta,q 0.97533  8.79554
  0.0251  0.0251  0.0248  0.0249  0.0250  0.0249  0.0250  0.0252  0.0250  0.0250  0.0248  0.0248
  0.0249  0.0249  0.0247  0.0248  0.0248  0.0248  0.0248  0.0249  0.0248  0.0248  0.0247  0.0247
  0.0247  0.0248  0.0247  0.0247  0.0247  0.0247  0.0247  0.0247  0.0247  0.0247  0.0247  0.0247
  0.0247  0.0247  0.0247  0.0247  0.0247  0.0247  0.0247  0.0247  0.0247  0.0247  0.0247  0.0247
  0.0247  0.0247  0.0247  0.0247  0.0247  0.0247  0.0247  0.0247  0.0247  0.0247  0.0247  0.0247
  0.0249  0.0248  0.0248  0.0248  0.0248  0.0248  0.0248  0.0249  0.0248  0.0248  0.0247  0.0248
  0.0251  0.0250  0.0250  0.0249  0.0250  0.0250  0.0250  0.0252  0.0250  0.0249  0.0248  0.0248
niter,ni,del,rscale     1    3    5.0000    0.4000
parameters
   -1.7786   31.3616    4.2006  -13.3791  -16.7933  -14.6582
   -8.0065   -2.1398    7.8444   12.4589    1.7706  -11.2964
eta,q 0.97534  8.79405
  0.0250  0.0249  0.0248  0.0248  0.0249  0.0249  0.0249  0.0250  0.0249  0.0248  0.0248  0.0248
  0.0248  0.0248  0.0247  0.0247  0.0248  0.0248  0.0248  0.0248  0.0248  0.0247  0.0247  0.0247
  0.0247  0.0247  0.0247  0.0247  0.0247  0.0247  0.0247  0.0247  0.0247  0.0247  0.0247  0.0247
  0.0247  0.0247  0.0247  0.0247  0.0247  0.0247  0.0247  0.0247  0.0247  0.0247  0.0247  0.0247
  0.0247  0.0247  0.0247  0.0247  0.0247  0.0247  0.0247  0.0247  0.0247  0.0247  0.0247  0.0247
  0.0248  0.0248  0.0247  0.0248  0.0247  0.0248  0.0248  0.0248  0.0248  0.0247  0.0247  0.0247
  0.0250  0.0249  0.0248  0.0248  0.0249  0.0249  0.0249  0.0250  0.0249  0.0248  0.0248  0.0248
registration optimization eta report
parameter search radius
    0.8000    0.8000    0.8000    2.4000    2.4000    2.4000
    2.4000    2.4000    2.4000    2.4000    2.4000    2.4000
100000*second partial in parameter space
       45.       37.       21.        3.        4.        3.
        4.        6.        4.        3.        2.        2.
  0.0250  0.0249  0.0248  0.0248  0.0249  0.0249  0.0249  0.0250  0.0249  0.0248  0.0248  0.0248
  0.0248  0.0248  0.0247  0.0247  0.0248  0.0248  0.0248  0.0248  0.0248  0.0247  0.0247  0.0247
  0.0247  0.0247  0.0247  0.0247  0.0247  0.0247  0.0247  0.0247  0.0247  0.0247  0.0247  0.0247
  0.0247  0.0247  0.0247  0.0247  0.0247  0.0247  0.0247  0.0247  0.0247  0.0247  0.0247  0.0247
  0.0247  0.0247  0.0247  0.0247  0.0247  0.0247  0.0247  0.0247  0.0247  0.0247  0.0247  0.0247
  0.0248  0.0248  0.0247  0.0248  0.0247  0.0248  0.0248  0.0248  0.0248  0.0247  0.0247  0.0247
  0.0250  0.0249  0.0248  0.0248  0.0249  0.0249  0.0249  0.0250  0.0249  0.0248  0.0248  0.0248
   -1.7786   31.3616    4.2006  -13.3791  -16.7933  -14.6582
   -8.0065   -2.1398    7.8444   12.4589    1.7706  -11.2964
eta,q 0.97534  8.79405

---------------------------------------------------------------------
imgreg_4dfp /opt/freesurfer/average/711-2C_as_mni_average_305 /opt/freesurfer/average/711-2B_as_mni_average_305_mask talsrcimg_g11 none talsrcimg_to_711-2C_as_mni_average_305_t4 2311
---------------------------------------------------------------------

freesurfer imgreg_4dfp.c
/opt/freesurfer/average/711-2C_as_mni_average_305.4dfp.img
       256       256       256         1
  1.000000  1.000000  1.000000
orientation T byte_order littleendian
Reading image: /opt/freesurfer/average/711-2C_as_mni_average_305.4dfp.img
dimensions:      256       256       256
mmppix:       1.0000   -1.0000   -1.0000
center:     128.0000 -129.0000 -129.0000
/opt/freesurfer/average/711-2B_as_mni_average_305_mask.4dfp.img
       256       256       256         1
  1.000000  1.000000  1.000000
orientation T byte_order littleendian
Reading mask: /opt/freesurfer/average/711-2B_as_mni_average_305_mask.4dfp.img (2306576 pixels)
talsrcimg_g11.4dfp.img
       256       256       256         1
  1.000000  1.000000  1.000000
orientation T byte_order littleendian
Reading image: talsrcimg_g11.4dfp.img
dimensions:      256       256       256
mmppix:       1.0000   -1.0000   -1.0000
center:     128.0000 -129.0000 -129.0000
fimgreg.f
image alignment mode   2311 decimal      907 hex
parameters
   -1.7786   31.3616    4.2006  -13.3791  -16.7933  -14.6582
   -8.0065   -2.1398    7.8444   12.4589    1.7706  -11.2964
eta,q 0.97534  8.79405
niter,ni,del,rscale     5    3    5.0000    0.8000
parameters
   -1.7905   31.3614    4.1608  -12.9994  -17.2386  -14.6886
   -7.9791   -2.1576    7.8282   12.6051    1.7542  -11.3698
eta,q 0.97531  8.79160
  0.0258  0.0256  0.0252  0.0253  0.0253  0.0254  0.0256  0.0260  0.0256  0.0255  0.0251  0.0251
  0.0252  0.0251  0.0249  0.0250  0.0250  0.0250  0.0251  0.0253  0.0251  0.0250  0.0249  0.0249
  0.0248  0.0248  0.0247  0.0247  0.0248  0.0248  0.0248  0.0248  0.0248  0.0248  0.0247  0.0247
  0.0247  0.0247  0.0247  0.0247  0.0247  0.0247  0.0247  0.0247  0.0247  0.0247  0.0247  0.0247
  0.0248  0.0248  0.0247  0.0247  0.0248  0.0248  0.0248  0.0248  0.0248  0.0248  0.0247  0.0247
  0.0252  0.0251  0.0249  0.0249  0.0251  0.0251  0.0251  0.0253  0.0251  0.0250  0.0249  0.0249
  0.0258  0.0256  0.0252  0.0251  0.0257  0.0254  0.0256  0.0260  0.0256  0.0254  0.0251  0.0251
niter,ni,del,rscale     4    3    5.0000    0.7000
parameters
   -1.7828   31.4285    4.1370  -13.0600  -17.1801  -14.7472
   -7.9969   -2.1508    7.8310   12.6288    1.7520  -11.4269
eta,q 0.97531  8.78999
  0.0255  0.0255  0.0251  0.0251  0.0253  0.0252  0.0254  0.0257  0.0254  0.0253  0.0250  0.0250
  0.0251  0.0251  0.0249  0.0248  0.0250  0.0249  0.0250  0.0252  0.0250  0.0249  0.0248  0.0248
  0.0248  0.0248  0.0247  0.0247  0.0248  0.0247  0.0248  0.0248  0.0248  0.0247  0.0247  0.0247
  0.0247  0.0247  0.0247  0.0247  0.0247  0.0247  0.0247  0.0247  0.0247  0.0247  0.0247  0.0247
  0.0248  0.0247  0.0247  0.0248  0.0247  0.0248  0.0248  0.0248  0.0247  0.0248  0.0247  0.0247
  0.0251  0.0250  0.0249  0.0249  0.0249  0.0250  0.0250  0.0251  0.0250  0.0249  0.0248  0.0248
  0.0255  0.0253  0.0251  0.0251  0.0253  0.0253  0.0254  0.0257  0.0254  0.0252  0.0250  0.0250
niter,ni,del,rscale     3    3    5.0000    0.6000
parameters
   -1.7823   31.4321    4.1222  -13.1646  -17.0329  -14.7507
   -7.9970   -2.1543    7.8261   12.6023    1.7598  -11.4158
eta,q 0.97532  8.79104
  0.0253  0.0252  0.0250  0.0250  0.0251  0.0251  0.0252  0.0254  0.0252  0.0251  0.0249  0.0249
  0.0250  0.0249  0.0248  0.0248  0.0249  0.0249  0.0249  0.0250  0.0249  0.0248  0.0248  0.0248
  0.0248  0.0248  0.0247  0.0247  0.0248  0.0247  0.0247  0.0248  0.0247  0.0247  0.0247  0.0247
  0.0247  0.0247  0.0247  0.0247  0.0247  0.0247  0.0247  0.0247  0.0247  0.0247  0.0247  0.0247
  0.0248  0.0247  0.0247  0.0247  0.0247  0.0247  0.0247  0.0248  0.0247  0.0247  0.0247  0.0247
  0.0250  0.0249  0.0248  0.0249  0.0248  0.0249  0.0249  0.0250  0.0249  0.0249  0.0248  0.0248
  0.0253  0.0252  0.0250  0.0250  0.0251  0.0251  0.0252  0.0254  0.0252  0.0251  0.0249  0.0249
niter,ni,del,rscale     2    3    5.0000    0.5000
parameters
   -1.7848   31.4203    4.1282  -13.2739  -16.9029  -14.7379
   -7.9920   -2.1589    7.8360   12.5806    1.7733  -11.4093
eta,q 0.97533  8.79207
  0.0251  0.0250  0.0249  0.0249  0.0250  0.0250  0.0250  0.0252  0.0250  0.0249  0.0248  0.0248
  0.0249  0.0248  0.0248  0.0248  0.0249  0.0248  0.0248  0.0249  0.0248  0.0248  0.0247  0.0247
  0.0247  0.0247  0.0247  0.0247  0.0247  0.0247  0.0247  0.0247  0.0247  0.0247  0.0247  0.0247
  0.0247  0.0247  0.0247  0.0247  0.0247  0.0247  0.0247  0.0247  0.0247  0.0247  0.0247  0.0247
  0.0247  0.0247  0.0247  0.0247  0.0247  0.0247  0.0247  0.0247  0.0247  0.0247  0.0247  0.0247
  0.0249  0.0248  0.0248  0.0248  0.0248  0.0248  0.0248  0.0249  0.0248  0.0248  0.0247  0.0247
  0.0251  0.0251  0.0249  0.0249  0.0250  0.0250  0.0250  0.0252  0.0250  0.0249  0.0248  0.0248
niter,ni,del,rscale     1    3    5.0000    0.4000
parameters
   -1.7807   31.4079    4.1328  -13.3766  -16.7875  -14.7171
   -7.9965   -2.1551    7.8336   12.5510    1.7599  -11.3891
eta,q 0.97533  8.79290
  0.0250  0.0249  0.0248  0.0248  0.0249  0.0249  0.0249  0.0250  0.0249  0.0248  0.0248  0.0248
  0.0248  0.0248  0.0247  0.0247  0.0248  0.0248  0.0248  0.0248  0.0248  0.0247  0.0247  0.0247
  0.0247  0.0247  0.0247  0.0247  0.0247  0.0247  0.0247  0.0247  0.0247  0.0247  0.0247  0.0247
  0.0247  0.0247  0.0247  0.0247  0.0247  0.0247  0.0247  0.0247  0.0247  0.0247  0.0247  0.0247
  0.0247  0.0247  0.0247  0.0247  0.0247  0.0247  0.0247  0.0247  0.0247  0.0247  0.0247  0.0247
  0.0248  0.0248  0.0247  0.0248  0.0247  0.0248  0.0248  0.0248  0.0248  0.0247  0.0247  0.0247
  0.0250  0.0249  0.0248  0.0248  0.0249  0.0249  0.0249  0.0250  0.0249  0.0248  0.0248  0.0248
registration optimization eta report
parameter search radius
    0.8000    0.8000    0.8000    2.4000    2.4000    2.4000
    2.4000    2.4000    2.4000    2.4000    2.4000    2.4000
100000*second partial in parameter space
       45.       38.       21.        3.        4.        3.
        4.        6.        4.        3.        2.        2.
  0.0250  0.0249  0.0248  0.0248  0.0249  0.0249  0.0249  0.0250  0.0249  0.0248  0.0248  0.0248
  0.0248  0.0248  0.0247  0.0247  0.0248  0.0248  0.0248  0.0248  0.0248  0.0247  0.0247  0.0247
  0.0247  0.0247  0.0247  0.0247  0.0247  0.0247  0.0247  0.0247  0.0247  0.0247  0.0247  0.0247
  0.0247  0.0247  0.0247  0.0247  0.0247  0.0247  0.0247  0.0247  0.0247  0.0247  0.0247  0.0247
  0.0247  0.0247  0.0247  0.0247  0.0247  0.0247  0.0247  0.0247  0.0247  0.0247  0.0247  0.0247
  0.0248  0.0248  0.0247  0.0248  0.0247  0.0248  0.0248  0.0248  0.0248  0.0247  0.0247  0.0247
  0.0250  0.0249  0.0248  0.0248  0.0249  0.0249  0.0249  0.0250  0.0249  0.0248  0.0248  0.0248
   -1.7807   31.4079    4.1328  -13.3766  -16.7875  -14.7171
   -7.9965   -2.1551    7.8336   12.5510    1.7599  -11.3891
eta,q 0.97533  8.79290

---------------------------------------------------------------------
compute_vox2vox talsrcimg talsrcimg_to_711-2C_as_mni_average_305_t4 /opt/freesurfer/average/711-2C_as_mni_average_305
---------------------------------------------------------------------

freesurfer compute_vox2vox.c
Reading: talsrcimg.4dfp.ifh
Reading: talsrcimg_to_711-2C_as_mni_average_305_t4
Reading: /opt/freesurfer/average/711-2C_as_mni_average_305.4dfp.ifh
Writing: talsrcimg_to_711-2C_as_mni_average_305_t4_vox2vox.txt

start time Sun Mar 15 11:25:32 CET 2026
end		time Sun Mar 15 11:25:46 CET 2026

mpr2mni305 success

avi2talxfm orig_nu.mgz /opt/freesurfer/average/mni305.cor.mgz talsrcimg_to_711-2C_as_mni_average_305_t4_vox2vox.txt transforms/talairach.auto.xfm
avi2talxfm done
mv -f /out/sourcedata/freesurfer/sub-v2s10x30162_ses-1/mri/talsrcimg_to_711-2C_as_mni_average_305_t4_vox2vox.txt /out/sourcedata/freesurfer/sub-v2s10x30162_ses-1/mri/transforms/talsrcimg_to_711-2C_as_mni_average_305_t4_vox2vox.txt
lta_convert --src orig_nu.mgz --trg /opt/freesurfer/average/mni305.cor.mgz --inxfm transforms/talairach.auto.xfm --outlta transforms/talairach.auto.xfm.lta --subject fsaverage
7.3.2

--src: orig_nu.mgz src image (geometry).
--trg: /opt/freesurfer/average/mni305.cor.mgz trg image (geometry).
--inmni: transforms/talairach.auto.xfm input MNI/XFM transform.
--outlta: transforms/talairach.auto.xfm.lta output LTA.
--s: fsaverage subject name
 LTA read, type : 1
 1.14407   0.01248   0.11165   5.17352;
-0.03724   1.14901   0.15368  -39.02536;
-0.10209  -0.17448   1.16805  -20.46175;
 0.00000   0.00000   0.00000   1.00000;
setting subject to fsaverage
Writing  LTA to file transforms/talairach.auto.xfm.lta...
lta_convert successful.
 
 
Started at Sun Mar 15 11:25:32 CET 2026
Ended   at Sun Mar 15 11:25:46 CET 2026
talairach_avi done
