/out/sourcedata/freesurfer/sub-v2s10x28988_ses-1/mri
/opt/freesurfer/bin/talairach_avi
--i orig_nu.mgz --xfm transforms/talairach.auto.xfm
talairach_avi 7.3.2
Linux dna058 5.14.0-427.37.1.el9_4.x86_64 #1 SMP PREEMPT_DYNAMIC Fri Sep 13 12:41:50 EDT 2024 x86_64 x86_64 x86_64 GNU/Linux
Sun Mar 15 08:15:17 CET 2026
mri_convert orig_nu.mgz talsrcimg.img 
reading from orig_nu.mgz...
TR=0.00, TE=0.00, TI=0.00, flip angle=0.00
i_ras = (-1, 0, 0)
j_ras = (0, 0, -1)
k_ras = (9.31323e-10, 1, 0)
writing to talsrcimg.img...
Analyze Output Matrix
-1.00000   0.00000   0.00000   137.67935;
 0.00000   0.00000   1.00000  -116.51284;
 0.00000  -1.00000   0.00000   105.38599;
 0.00000   0.00000   0.00000   1.00000;
--------------------
INFO: set hdr.hist.orient to -1
mpr2mni305 talsrcimg
Sun Mar 15 08:15:18 CET 2026
/opt/freesurfer/bin/mpr2mni305 talsrcimg
mpr2mni305 7.3.2
target=711-2C_as_mni_average_305

---------------------------------------------------------------------
analyzeto4dfp talsrcimg -O0 -y
---------------------------------------------------------------------

freesurfer ifh2hdr.c
Sun Mar 15 08:15:18 2026
Writing: talsrcimg.4dfp.hdr
freesurfer analyzeto4dfp.c
Reading: talsrcimg.hdr
header size 348 bytes
hdr.dime.datatype	offset=70	value=2
hdr.dime.bitpix		offset=72	value=8
hdr.hist.orient		offset=252	value=-1
dimensionality     4
dimensions       256       256       256         1
Reading: talsrcimg.img
Writing: talsrcimg.4dfp.img
Writing: talsrcimg.4dfp.ifh
ifh2hdr talsrcimg -r0to216
ori=2

---------------------------------------------------------------------
gauss_4dfp talsrcimg 1.1
---------------------------------------------------------------------

freesurfer gauss_4dfp.c
Reading: talsrcimg.4dfp.img
Writing: talsrcimg_g11.4dfp.img
image dimensions 256 256 256 padded to 288 288 288
processing volume 1freesurfer ifh2hdr.c
Sun Mar 15 08:15:19 2026
Writing: talsrcimg_g11.4dfp.hdr

Writing: talsrcimg_g11.4dfp.ifh
including: talsrcimg.4dfp.img.rec in talsrcimg_g11.4dfp.img.rec

---------------------------------------------------------------------
imgreg_4dfp /opt/freesurfer/average/711-2C_as_mni_average_305 none talsrcimg_g11 none talsrcimg_to_711-2C_as_mni_average_305_t4 4355
---------------------------------------------------------------------

freesurfer imgreg_4dfp.c
/opt/freesurfer/average/711-2C_as_mni_average_305.4dfp.img
       256       256       256         1
  1.000000  1.000000  1.000000
orientation T byte_order littleendian
Reading image: /opt/freesurfer/average/711-2C_as_mni_average_305.4dfp.img
dimensions:      256       256       256
mmppix:       1.0000   -1.0000   -1.0000
center:     128.0000 -129.0000 -129.0000
talsrcimg_g11.4dfp.img
       256       256       256         1
  1.000000  1.000000  1.000000
orientation T byte_order littleendian
Reading image: talsrcimg_g11.4dfp.img
dimensions:      256       256       256
mmppix:       1.0000   -1.0000   -1.0000
center:     128.0000 -129.0000 -129.0000
t4_read: open error in t4_sub.f l:  41 t4_file(1:l)talsrcimg_to_711-2C_as_mni_average_305_t4 
t4_read: transform initialized to I4
rotation matrix determinant  1.000000
image alignment mode   4355 decimal     1103 hex
   -7.5000  -45.0000  -45.0000 5135.9688   17.4663
    0.0000  -45.0000  -45.0000 5382.0889   17.5020
    7.5000  -45.0000  -45.0000 5131.0132   17.4940
   -7.5000  -37.5000  -45.0000 5738.3110   16.8860
    0.0000  -37.5000  -45.0000 6011.3296   16.9181
    7.5000  -37.5000  -45.0000 5746.4629   16.9091
   -7.5000  -30.0000  -45.0000 6650.0933   16.5152
    0.0000  -30.0000  -45.0000 6937.7148   16.5452
    7.5000  -30.0000  -45.0000 6646.2314   16.5352
   -7.5000  -22.5000  -45.0000 7622.0205   16.2522
    0.0000  -22.5000  -45.0000 7937.1860   16.2805
    7.5000  -22.5000  -45.0000 7617.1606   16.2687
   -7.5000  -15.0000  -45.0000 8593.2070   16.1281
    0.0000  -15.0000  -45.0000 8947.3770   16.1580
    7.5000  -15.0000  -45.0000 8572.3779   16.1477
   -7.5000   -7.5000  -45.0000 9563.3486   16.0605
    0.0000   -7.5000  -45.0000 9971.8838   16.0903
    7.5000   -7.5000  -45.0000 9547.2012   16.0797
   -7.5000    0.0000  -45.000010507.7188   16.0402
    0.0000    0.0000  -45.000010962.5039   16.0691
    7.5000    0.0000  -45.000010481.8770   16.0590
   -7.5000    7.5000  -45.000010660.5811   16.0437
    0.0000    7.5000  -45.000011123.6963   16.0722
    7.5000    7.5000  -45.000010628.0762   16.0635
   -7.5000   15.0000  -45.000010572.5889   16.0599
    0.0000   15.0000  -45.000011028.1582   16.0868
    7.5000   15.0000  -45.000010555.8457   16.0766
   -7.5000   22.5000  -45.000010406.5400   16.0642
    0.0000   22.5000  -45.000010843.2012   16.0911
    7.5000   22.5000  -45.000010388.3047   16.0798
   -7.5000   30.0000  -45.000010185.9053   15.8466
    0.0000   30.0000  -45.000010627.1133   15.8754
    7.5000   30.0000  -45.000010165.6309   15.8653
   -7.5000   37.5000  -45.000010284.3740   15.8344
    0.0000   37.5000  -45.000010744.1475   15.8636
    7.5000   37.5000  -45.000010275.8105   15.8532
   -7.5000   45.0000  -45.0000 9903.9346   15.4246
    0.0000   45.0000  -45.000010337.8193   15.4524
    7.5000   45.0000  -45.0000 9896.9502   15.4427
   -7.5000  -45.0000  -37.5000 5462.1572   17.4653
    0.0000  -45.0000  -37.5000 5718.5103   17.5086
    7.5000  -45.0000  -37.5000 5460.0459   17.4999
   -7.5000  -37.5000  -37.5000 6105.0596   16.8846
    0.0000  -37.5000  -37.5000 6382.8228   16.9195
    7.5000  -37.5000  -37.5000 6104.6821   16.9065
   -7.5000  -30.0000  -37.5000 7052.6338   16.5091
    0.0000  -30.0000  -37.5000 7351.7002   16.5395
    7.5000  -30.0000  -37.5000 7039.2544   16.5274
   -7.5000  -22.5000  -37.5000 8068.1523   16.2466
    0.0000  -22.5000  -37.5000 8413.7480   16.2779
    7.5000  -22.5000  -37.5000 8062.2480   16.2683
   -7.5000  -15.0000  -37.5000 9113.6221   16.1241
    0.0000  -15.0000  -37.5000 9495.9902   16.1616
    7.5000  -15.0000  -37.5000 9098.0361   16.1559
   -7.5000   -7.5000  -37.500010163.7227   16.0596
    0.0000   -7.5000  -37.500010589.9043   16.0983
    7.5000   -7.5000  -37.500010141.3682   16.0899
   -7.5000    0.0000  -37.500011151.0918   16.0412
    0.0000    0.0000  -37.500011626.5430   16.0765
    7.5000    0.0000  -37.500011113.9072   16.0641
   -7.5000    7.5000  -37.500011289.2207   16.0419
    0.0000    7.5000  -37.500011776.9219   16.0729
    7.5000    7.5000  -37.500011257.8213   16.0602
   -7.5000   15.0000  -37.500011207.3584   16.0547
    0.0000   15.0000  -37.500011688.0264   16.0818
    7.5000   15.0000  -37.500011180.8389   16.0697
   -7.5000   22.5000  -37.500011008.6826   16.0583
    0.0000   22.5000  -37.500011477.8516   16.0881
    7.5000   22.5000  -37.500010973.5586   16.0789
   -7.5000   30.0000  -37.500010751.0723   15.8422
    0.0000   30.0000  -37.500011228.8057   15.8784
    7.5000   30.0000  -37.500010707.5791   15.8728
   -7.5000   37.5000  -37.500010847.6543   15.8334
    0.0000   37.5000  -37.500011337.0127   15.8714
    7.5000   37.5000  -37.500010826.3232   15.8631
   -7.5000   45.0000  -37.500010436.0703   15.4255
    0.0000   45.0000  -37.500010898.2764   15.4595
    7.5000   45.0000  -37.500010425.5449   15.4476
   -7.5000  -45.0000  -30.0000 5864.8315   18.1999
    0.0000  -45.0000  -30.0000 6133.3071   18.2435
    7.5000  -45.0000  -30.0000 5851.8867   18.2331
   -7.5000  -37.5000  -30.0000 6552.6602   17.5923
    0.0000  -37.5000  -30.0000 6830.0098   17.6261
    7.5000  -37.5000  -30.0000 6549.9956   17.6092
   -7.5000  -30.0000  -30.0000 7581.2588   17.1988
    0.0000  -30.0000  -30.0000 7895.4761   17.2276
    7.5000  -30.0000  -30.0000 7569.2437   17.2109
   -7.5000  -22.5000  -30.0000 8697.8506   16.9325
    0.0000  -22.5000  -30.0000 9049.7510   16.9628
    7.5000  -22.5000  -30.0000 8681.8613   16.9491
   -7.5000  -15.0000  -30.0000 9827.2178   16.8117
    0.0000  -15.0000  -30.000010225.8008   16.8493
    7.5000  -15.0000  -30.0000 9806.6465   16.8410
   -7.5000   -7.5000  -30.000010942.7666   16.7454
    0.0000   -7.5000  -30.000011391.1328   16.7845
    7.5000   -7.5000  -30.000010925.8770   16.7744
   -7.5000    0.0000  -30.000011973.1465   16.7224
    0.0000    0.0000  -30.000012463.7734   16.7577
    7.5000    0.0000  -30.000011939.8145   16.7426
   -7.5000    7.5000  -30.000012086.3994   16.7166
    0.0000    7.5000  -30.000012609.7314   16.7466
    7.5000    7.5000  -30.000012064.7969   16.7299
   -7.5000   15.0000  -30.000012000.4766   16.7271
    0.0000   15.0000  -30.000012515.6963   16.7527
    7.5000   15.0000  -30.000011956.2070   16.7362
   -7.5000   22.5000  -30.000011757.4121   16.7349
    0.0000   22.5000  -30.000012274.1387   16.7636
    7.5000   22.5000  -30.000011712.9951   16.7504
   -7.5000   30.0000  -30.000011474.0625   16.5193
    0.0000   30.0000  -30.000011979.9629   16.5557
    7.5000   30.0000  -30.000011424.4951   16.5476
   -7.5000   37.5000  -30.000011576.7939   16.5110
    0.0000   37.5000  -30.000012106.3398   16.5494
    7.5000   37.5000  -30.000011538.6914   16.5395
   -7.5000   45.0000  -30.000011128.1211   16.0924
    0.0000   45.0000  -30.000011633.1299   16.1263
    7.5000   45.0000  -30.000011092.9258   16.1118
   -7.5000  -45.0000  -22.5000 6256.5034   18.8051
    0.0000  -45.0000  -22.5000 6531.6880   18.8388
    7.5000  -45.0000  -22.5000 6250.6045   18.8264
   -7.5000  -37.5000  -22.5000 7006.2451   18.1762
    0.0000  -37.5000  -22.5000 7300.7412   18.2049
    7.5000  -37.5000  -22.5000 7005.2798   18.1879
   -7.5000  -30.0000  -22.5000 8119.8394   17.7734
    0.0000  -30.0000  -22.5000 8457.6934   17.7999
    7.5000  -30.0000  -22.5000 8111.0693   17.7807
   -7.5000  -22.5000  -22.5000 9313.1758   17.5051
    0.0000  -22.5000  -22.5000 9688.2373   17.5309
    7.5000  -22.5000  -22.5000 9296.6035   17.5105
   -7.5000  -15.0000  -22.500010527.4160   17.3856
    0.0000  -15.0000  -22.500010959.1230   17.4142
    7.5000  -15.0000  -22.500010511.2764   17.3979
   -7.5000   -7.5000  -22.500011680.9072   17.3147
    0.0000   -7.5000  -22.500012178.8975   17.3431
    7.5000   -7.5000  -22.500011672.3096   17.3282
   -7.5000    0.0000  -22.500012745.6445   17.2851
    0.0000    0.0000  -22.500013290.8389   17.3116
    7.5000    0.0000  -22.500012725.9727   17.2956
   -7.5000    7.5000  -22.500012821.4805   17.2755
    0.0000    7.5000  -22.500013411.6475   17.3008
    7.5000    7.5000  -22.500012815.3506   17.2840
   -7.5000   15.0000  -22.500012702.3916   17.2875
    0.0000   15.0000  -22.500013258.2803   17.3109
    7.5000   15.0000  -22.500012691.2939   17.2918
   -7.5000   22.5000  -22.500012426.7412   17.3008
    0.0000   22.5000  -22.500012981.8545   17.3251
    7.5000   22.5000  -22.500012416.1855   17.3054
   -7.5000   30.0000  -22.500012142.3428   17.0864
    0.0000   30.0000  -22.500012690.0908   17.1140
    7.5000   30.0000  -22.500012116.5752   17.0980
   -7.5000   37.5000  -22.500012261.7314   17.0750
    0.0000   37.5000  -22.500012824.7783   17.1030
    7.5000   37.5000  -22.500012216.5791   17.0882
   -7.5000   45.0000  -22.500011776.6152   16.6464
    0.0000   45.0000  -22.500012333.3867   16.6720
    7.5000   45.0000  -22.500011739.3037   16.6565
   -7.5000  -45.0000  -15.0000 6647.3584   19.2349
    0.0000  -45.0000  -15.0000 6940.4673   19.2601
    7.5000  -45.0000  -15.0000 6662.9702   19.2472
   -7.5000  -37.5000  -15.0000 7460.2412   18.5915
    0.0000  -37.5000  -15.0000 7786.2832   18.6168
    7.5000  -37.5000  -15.0000 7471.1963   18.6034
   -7.5000  -30.0000  -15.0000 8644.3506   18.1837
    0.0000  -30.0000  -15.0000 9007.6943   18.2098
    7.5000  -30.0000  -15.0000 8655.1416   18.1922
   -7.5000  -22.5000  -15.0000 9903.9551   17.9093
    0.0000  -22.5000  -15.000010310.8105   17.9325
    7.5000  -22.5000  -15.0000 9889.3408   17.9088
   -7.5000  -15.0000  -15.000011180.3242   17.7870
    0.0000  -15.0000  -15.000011648.7178   17.8082
    7.5000  -15.0000  -15.000011170.6602   17.7858
   -7.5000   -7.5000  -15.000012403.3057   17.7126
    0.0000   -7.5000  -15.000012939.8340   17.7317
    7.5000   -7.5000  -15.000012404.4697   17.7134
   -7.5000    0.0000  -15.000013502.2891   17.6805
    0.0000    0.0000  -15.000014101.9541   17.6998
    7.5000    0.0000  -15.000013502.3447   17.6851
   -7.5000    7.5000  -15.000013538.7227   17.6719
    0.0000    7.5000  -15.000014148.8203   17.6943
    7.5000    7.5000  -15.000013546.6855   17.6810
   -7.5000   15.0000  -15.000013387.8379   17.6866
    0.0000   15.0000  -15.000013957.6582   17.7098
    7.5000   15.0000  -15.000013397.3096   17.6919
   -7.5000   22.5000  -15.000013074.5586   17.7004
    0.0000   22.5000  -15.000013629.1602   17.7221
    7.5000   22.5000  -15.000013084.6689   17.6992
   -7.5000   30.0000  -15.000012789.5986   17.4840
    0.0000   30.0000  -15.000013336.2246   17.5043
    7.5000   30.0000  -15.000012767.8652   17.4825
   -7.5000   37.5000  -15.000012929.7314   17.4700
    0.0000   37.5000  -15.000013495.6240   17.4888
    7.5000   37.5000  -15.000012878.8398   17.4707
   -7.5000   45.0000  -15.000012424.6094   17.0374
    0.0000   45.0000  -15.000012995.2705   17.0561
    7.5000   45.0000  -15.000012385.1719   17.0419
   -7.5000  -45.0000   -7.5000 7048.6221   19.4610
    0.0000  -45.0000   -7.5000 7356.8037   19.4898
    7.5000  -45.0000   -7.5000 7057.5938   19.4794
   -7.5000  -37.5000   -7.5000 7920.3691   18.8124
    0.0000  -37.5000   -7.5000 8269.9346   18.8416
    7.5000  -37.5000   -7.5000 7928.6411   18.8320
   -7.5000  -30.0000   -7.5000 9193.6045   18.4015
    0.0000  -30.0000   -7.5000 9577.8320   18.4309
    7.5000  -30.0000   -7.5000 9191.2793   18.4176
   -7.5000  -22.5000   -7.500010518.2549   18.1161
    0.0000  -22.5000   -7.500010946.6846   18.1420
    7.5000  -22.5000   -7.500010487.5635   18.1222
   -7.5000  -15.0000   -7.500011864.2041   17.9852
    0.0000  -15.0000   -7.500012365.4404   18.0088
    7.5000  -15.0000   -7.500011848.9814   17.9892
   -7.5000   -7.5000   -7.500013155.7578   17.9094
    0.0000   -7.5000   -7.500013719.3213   17.9312
    7.5000   -7.5000   -7.500013142.1543   17.9149
   -7.5000    0.0000   -7.500014281.8604   17.8811
    0.0000    0.0000   -7.500014910.4834   17.9037
    7.5000    0.0000   -7.500014276.7344   17.8920
   -7.5000    7.5000   -7.500014303.2207   17.8792
    0.0000    7.5000   -7.500014908.3369   17.9051
    7.5000    7.5000   -7.500014300.3760   17.8958
   -7.5000   15.0000   -7.500014119.1064   17.8965
    0.0000   15.0000   -7.500014661.2959   17.9229
    7.5000   15.0000   -7.500014116.6875   17.9092
   -7.5000   22.5000   -7.500013765.4609   17.9023
    0.0000   22.5000   -7.500014289.8916   17.9267
    7.5000   22.5000   -7.500013774.4971   17.9075
   -7.5000   30.0000   -7.500013461.8057   17.6783
    0.0000   30.0000   -7.500013958.5635   17.7010
    7.5000   30.0000   -7.500013432.9502   17.6818
   -7.5000   37.5000   -7.500013600.6592   17.6637
    0.0000   37.5000   -7.500014160.0811   17.6851
    7.5000   37.5000   -7.500013564.5322   17.6691
   -7.5000   45.0000   -7.500013080.2803   17.2340
    0.0000   45.0000   -7.500013636.2764   17.2558
    7.5000   45.0000   -7.500013056.4922   17.2445
   -7.5000  -45.0000    0.0000 7381.4497   19.5230
    0.0000  -45.0000    0.0000 7714.8247   19.5629
    7.5000  -45.0000    0.0000 7391.3774   19.5541
   -7.5000  -37.5000    0.0000 8314.4297   18.8751
    0.0000  -37.5000    0.0000 8672.1357   18.9111
    7.5000  -37.5000    0.0000 8313.6787   18.9011
   -7.5000  -30.0000    0.0000 9690.5176   18.4609
    0.0000  -30.0000    0.000010098.7539   18.4945
    7.5000  -30.0000    0.0000 9677.5049   18.4835
   -7.5000  -22.5000    0.000011088.4199   18.1669
    0.0000  -22.5000    0.000011538.7871   18.1986
    7.5000  -22.5000    0.000011054.4238   18.1855
   -7.5000  -15.0000    0.000012484.6152   18.0283
    0.0000  -15.0000    0.000013003.0322   18.0617
    7.5000  -15.0000    0.000012453.0293   18.0503
   -7.5000   -7.5000    0.000013798.4072   17.9530
    0.0000   -7.5000    0.000014391.6670   17.9863
    7.5000   -7.5000    0.000013779.4639   17.9746
   -7.5000    0.0000    0.000014960.1250   17.9306
    0.0000    0.0000    0.000015586.8740   17.9630
    7.5000    0.0000    0.000014945.4873   17.9518
   -7.5000    7.5000    0.000014966.1914   17.9345
    0.0000    7.5000    0.000015567.2197   17.9665
    7.5000    7.5000    0.000014950.2266   17.9569
   -7.5000   15.0000    0.000014808.6787   17.9524
    0.0000   15.0000    0.000015376.2100   17.9826
    7.5000   15.0000    0.000014782.8398   17.9713
   -7.5000   22.5000    0.000014455.3564   17.9512
    0.0000   22.5000    0.000015013.7471   17.9812
    7.5000   22.5000    0.000014461.9111   17.9688
   -7.5000   30.0000    0.000014091.3955   17.7205
    0.0000   30.0000    0.000014616.4131   17.7528
    7.5000   30.0000    0.000014099.2012   17.7416
   -7.5000   37.5000    0.000014221.8760   17.7072
    0.0000   37.5000    0.000014775.0557   17.7399
    7.5000   37.5000    0.000014227.4053   17.7283
   -7.5000   45.0000    0.000013684.5557   17.2831
    0.0000   45.0000    0.000014228.9873   17.3142
    7.5000   45.0000    0.000013704.9043   17.3035
   -7.5000  -45.0000    7.5000 7134.6611   19.5439
    0.0000  -45.0000    7.5000 7470.4868   19.5925
    7.5000  -45.0000    7.5000 7166.8232   19.5827
   -7.5000  -37.5000    7.5000 8083.3892   18.8942
    0.0000  -37.5000    7.5000 8426.4766   18.9332
    7.5000  -37.5000    7.5000 8088.0039   18.9186
   -7.5000  -30.0000    7.5000 9443.0146   18.4740
    0.0000  -30.0000    7.5000 9836.3828   18.5080
    7.5000  -30.0000    7.5000 9425.6455   18.4944
   -7.5000  -22.5000    7.500010782.3711   18.1803
    0.0000  -22.5000    7.500011229.0283   18.2153
    7.5000  -22.5000    7.500010746.4248   18.2045
   -7.5000  -15.0000    7.500012125.4023   18.0432
    0.0000  -15.0000    7.500012635.9414   18.0851
    7.5000  -15.0000    7.500012087.8193   18.0787
   -7.5000   -7.5000    7.500013376.9736   17.9710
    0.0000   -7.5000    7.500013959.5752   18.0143
    7.5000   -7.5000    7.500013350.2354   18.0048
   -7.5000    0.0000    7.500014474.0605   17.9503
    0.0000    0.0000    7.500015071.7344   17.9899
    7.5000    0.0000    7.500014458.1572   17.9760
   -7.5000    7.5000    7.500014490.6963   17.9512
    0.0000    7.5000    7.500015064.1084   17.9858
    7.5000    7.5000    7.500014461.2070   17.9717
   -7.5000   15.0000    7.500014402.0889   17.9655
    0.0000   15.0000    7.500014972.5078   17.9958
    7.5000   15.0000    7.500014339.3125   17.9823
   -7.5000   22.5000    7.500014052.5625   17.9637
    0.0000   22.5000    7.500014573.0469   17.9970
    7.5000   22.5000    7.500014068.4795   17.9867
   -7.5000   30.0000    7.500013595.7236   17.7346
    0.0000   30.0000    7.500014082.2236   17.7752
    7.5000   30.0000    7.500013675.8105   17.7689
   -7.5000   37.5000    7.500013700.1152   17.7247
    0.0000   37.5000    7.500014193.7646   17.7673
    7.5000   37.5000    7.500013788.3086   17.7580
   -7.5000   45.0000    7.500013193.9277   17.3021
    0.0000   45.0000    7.500013679.2217   17.3402
    7.5000   45.0000    7.500013258.8779   17.3268
   -7.5000  -45.0000   15.0000 6798.6440   19.5439
    0.0000  -45.0000   15.0000 7102.4292   19.5907
    7.5000  -45.0000   15.0000 6825.7729   19.5795
   -7.5000  -37.5000   15.0000 7737.4897   18.8914
    0.0000  -37.5000   15.0000 8063.4971   18.9277
    7.5000  -37.5000   15.0000 7726.6138   18.9095
   -7.5000  -30.0000   15.0000 9048.8672   18.4688
    0.0000  -30.0000   15.0000 9439.4434   18.4998
    7.5000  -30.0000   15.0000 9037.2549   18.4818
   -7.5000  -22.5000   15.000010355.2451   18.1829
    0.0000  -22.5000   15.000010794.2646   18.2154
    7.5000  -22.5000   15.000010334.8223   18.2007
   -7.5000  -15.0000   15.000011633.0488   18.0532
    0.0000  -15.0000   15.000012142.9082   18.0936
    7.5000  -15.0000   15.000011608.5830   18.0847
   -7.5000   -7.5000   15.000012829.2393   17.9820
    0.0000   -7.5000   15.000013423.5762   18.0239
    7.5000   -7.5000   15.000012806.1133   18.0131
   -7.5000    0.0000   15.000013864.0146   17.9573
    0.0000    0.0000   15.000014447.7393   17.9951
    7.5000    0.0000   15.000013858.8994   17.9789
   -7.5000    7.5000   15.000013860.4355   17.9511
    0.0000    7.5000   15.000014417.2100   17.9832
    7.5000    7.5000   15.000013849.4189   17.9653
   -7.5000   15.0000   15.000013759.0771   17.9623
    0.0000   15.0000   15.000014313.1738   17.9899
    7.5000   15.0000   15.000013705.0850   17.9721
   -7.5000   22.5000   15.000013463.3818   17.9667
    0.0000   22.5000   15.000014005.2783   17.9976
    7.5000   22.5000   15.000013436.8604   17.9834
   -7.5000   30.0000   15.000013122.0938   17.7444
    0.0000   30.0000   15.000013629.4492   17.7835
    7.5000   30.0000   15.000013119.4590   17.7748
   -7.5000   37.5000   15.000013239.6934   17.7355
    0.0000   37.5000   15.000013730.9316   17.7767
    7.5000   37.5000   15.000013227.5088   17.7661
   -7.5000   45.0000   15.000012717.7051   17.3087
    0.0000   45.0000   15.000013195.3369   17.3452
    7.5000   45.0000   15.000012696.7148   17.3296
   -7.5000  -45.0000   22.5000 6373.5483   19.5604
    0.0000  -45.0000   22.5000 6654.7427   19.5957
    7.5000  -45.0000   22.5000 6396.2485   19.5829
   -7.5000  -37.5000   22.5000 7278.5518   18.9065
    0.0000  -37.5000   22.5000 7591.0444   18.9365
    7.5000  -37.5000   22.5000 7268.0737   18.9190
   -7.5000  -30.0000   22.5000 8533.2891   18.4873
    0.0000  -30.0000   22.5000 8901.1426   18.5151
    7.5000  -30.0000   22.5000 8529.3672   18.4952
   -7.5000  -22.5000   22.5000 9779.9277   18.2077
    0.0000  -22.5000   22.500010204.2480   18.2348
    7.5000  -22.5000   22.5000 9767.0303   18.2137
   -7.5000  -15.0000   22.500010997.5137   18.0832
    0.0000  -15.0000   22.500011486.7402   18.1132
    7.5000  -15.0000   22.500010986.1699   18.0963
   -7.5000   -7.5000   22.500012141.3359   18.0093
    0.0000   -7.5000   22.500012706.6230   18.0392
    7.5000   -7.5000   22.500012130.0342   18.0237
   -7.5000    0.0000   22.500013154.3428   17.9785
    0.0000    0.0000   22.500013716.5840   18.0064
    7.5000    0.0000   22.500013148.3887   17.9897
   -7.5000    7.5000   22.500013172.6514   17.9685
    0.0000    7.5000   22.500013741.9697   17.9950
    7.5000    7.5000   22.500013167.8486   17.9776
   -7.5000   15.0000   22.500013083.1465   17.9810
    0.0000   15.0000   22.500013611.9717   18.0055
    7.5000   15.0000   22.500013046.6270   17.9857
   -7.5000   22.5000   22.500012807.2246   17.9921
    0.0000   22.5000   22.500013317.4668   18.0176
    7.5000   22.5000   22.500012790.1543   17.9971
   -7.5000   30.0000   22.500012497.8838   17.7743
    0.0000   30.0000   22.500012977.7031   17.8033
    7.5000   30.0000   22.500012478.8398   17.7868
   -7.5000   37.5000   22.500012616.0889   17.7625
    0.0000   37.5000   22.500013086.9990   17.7919
    7.5000   37.5000   22.500012572.0684   17.7766
   -7.5000   45.0000   22.500012135.7705   17.3292
    0.0000   45.0000   22.500012594.7822   17.3561
    7.5000   45.0000   22.500012090.4922   17.3400
   -7.5000  -45.0000   30.0000 5894.7700   19.6038
    0.0000  -45.0000   30.0000 6156.8872   19.6301
    7.5000  -45.0000   30.0000 5909.3726   19.6173
   -7.5000  -37.5000   30.0000 6736.9419   18.9508
    0.0000  -37.5000   30.0000 7008.9160   18.9772
    7.5000  -37.5000   30.0000 6725.8394   18.9638
   -7.5000  -30.0000   30.0000 7915.4019   18.5380
    0.0000  -30.0000   30.0000 8241.8770   18.5652
    7.5000  -30.0000   30.0000 7913.4497   18.5475
   -7.5000  -22.5000   30.0000 9088.7246   18.2579
    0.0000  -22.5000   30.0000 9485.8809   18.2822
    7.5000  -22.5000   30.0000 9090.9707   18.2582
   -7.5000  -15.0000   30.000010254.0303   18.1332
    0.0000  -15.0000   30.000010709.1885   18.1554
    7.5000  -15.0000   30.000010239.9980   18.1328
   -7.5000   -7.5000   30.000011329.7559   18.0572
    0.0000   -7.5000   30.000011840.9414   18.0772
    7.5000   -7.5000   30.000011324.4258   18.0589
   -7.5000    0.0000   30.000012303.5205   18.0240
    0.0000    0.0000   30.000012832.1846   18.0443
    7.5000    0.0000   30.000012308.1777   18.0297
   -7.5000    7.5000   30.000012390.8643   18.0147
    0.0000    7.5000   30.000012952.4277   18.0381
    7.5000    7.5000   30.000012379.8008   18.0248
   -7.5000   15.0000   30.000012334.0947   18.0294
    0.0000   15.0000   30.000012839.3262   18.0535
    7.5000   15.0000   30.000012290.2100   18.0356
   -7.5000   22.5000   30.000012086.7412   18.0419
    0.0000   22.5000   30.000012564.0332   18.0646
    7.5000   22.5000   30.000012037.7627   18.0413
   -7.5000   30.0000   30.000011764.8955   17.8239
    0.0000   30.0000   30.000012203.6992   17.8451
    7.5000   30.0000   30.000011719.4434   17.8231
   -7.5000   37.5000   30.000011845.7256   17.8098
    0.0000   37.5000   30.000012279.9160   17.8295
    7.5000   37.5000   30.000011777.2266   17.8114
   -7.5000   45.0000   30.000011390.9922   17.3731
    0.0000   45.0000   30.000011826.3301   17.3926
    7.5000   45.0000   30.000011344.8398   17.3785
   -7.5000  -45.0000   37.5000 5636.0234   19.8105
    0.0000  -45.0000   37.5000 5885.9131   19.8412
    7.5000  -45.0000   37.5000 5637.9292   19.8317
   -7.5000  -37.5000   37.5000 6424.1904   19.1514
    0.0000  -37.5000   37.5000 6687.4619   19.1823
    7.5000  -37.5000   37.5000 6427.6338   19.1735
   -7.5000  -30.0000   37.5000 7565.1890   18.7365
    0.0000  -30.0000   37.5000 7884.4531   18.7677
    7.5000  -30.0000   37.5000 7573.1519   18.7550
   -7.5000  -22.5000   37.5000 8709.6660   18.4453
    0.0000  -22.5000   37.5000 9077.6299   18.4729
    7.5000  -22.5000   37.5000 8721.7578   18.4536
   -7.5000  -15.0000   37.5000 9842.2988   18.3113
    0.0000  -15.0000   37.500010261.6797   18.3367
    7.5000  -15.0000   37.5000 9843.1582   18.3175
   -7.5000   -7.5000   37.500010900.2119   18.2334
    0.0000   -7.5000   37.500011381.3203   18.2568
    7.5000   -7.5000   37.500010899.2881   18.2412
   -7.5000    0.0000   37.500011880.1885   18.2034
    0.0000    0.0000   37.500012412.8516   18.2277
    7.5000    0.0000   37.500011889.5400   18.2167
   -7.5000    7.5000   37.500011983.0918   18.2001
    0.0000    7.5000   37.500012552.9375   18.2276
    7.5000    7.5000   37.500011981.6016   18.2190
   -7.5000   15.0000   37.500011935.3213   18.2174
    0.0000   15.0000   37.500012453.9971   18.2453
    7.5000   15.0000   37.500011905.9746   18.2322
   -7.5000   22.5000   37.500011707.5146   18.2244
    0.0000   22.5000   37.500012201.6729   18.2503
    7.5000   22.5000   37.500011666.9834   18.2317
   -7.5000   30.0000   37.500011398.7139   17.9981
    0.0000   30.0000   37.500011869.0107   18.0225
    7.5000   30.0000   37.500011345.3252   18.0038
   -7.5000   37.5000   37.500011441.0283   17.9836
    0.0000   37.5000   37.500011895.7900   18.0066
    7.5000   37.5000   37.500011366.8564   17.9911
   -7.5000   45.0000   37.500011027.2598   17.5460
    0.0000   45.0000   37.500011465.6230   17.5694
    7.5000   45.0000   37.500010977.7617   17.5588
   -7.5000  -45.0000   45.0000 5103.0010   19.9587
    0.0000  -45.0000   45.0000 5324.8247   20.0024
    7.5000  -45.0000   45.0000 5105.7593   19.9952
   -7.5000  -37.5000   45.0000 5827.3745   19.2960
    0.0000  -37.5000   45.0000 6086.2842   19.3352
    7.5000  -37.5000   45.0000 5846.2632   19.3263
   -7.5000  -30.0000   45.0000 6878.7290   18.8767
    0.0000  -30.0000   45.0000 7178.6260   18.9129
    7.5000  -30.0000   45.0000 6888.7397   18.9028
   -7.5000  -22.5000   45.0000 7936.4976   18.5755
    0.0000  -22.5000   45.0000 8265.0420   18.6096
    7.5000  -22.5000   45.0000 7942.4004   18.5977
   -7.5000  -15.0000   45.0000 8967.9902   18.4301
    0.0000  -15.0000   45.0000 9354.7939   18.4664
    7.5000  -15.0000   45.0000 8986.7090   18.4565
   -7.5000   -7.5000   45.0000 9940.7158   18.3503
    0.0000   -7.5000   45.000010384.6748   18.3868
    7.5000   -7.5000   45.0000 9957.9453   18.3766
   -7.5000    0.0000   45.000010851.7246   18.3259
    0.0000    0.0000   45.000011339.0039   18.3614
    7.5000    0.0000   45.000010870.7812   18.3516
   -7.5000    7.5000   45.000010947.7607   18.3297
    0.0000    7.5000   45.000011454.9814   18.3645
    7.5000    7.5000   45.000010950.2881   18.3560
   -7.5000   15.0000   45.000010923.1943   18.3490
    0.0000   15.0000   45.000011409.0371   18.3815
    7.5000   15.0000   45.000010906.1533   18.3711
   -7.5000   22.5000   45.000010734.8691   18.3488
    0.0000   22.5000   45.000011209.9639   18.3811
    7.5000   22.5000   45.000010715.4512   18.3698
   -7.5000   30.0000   45.000010449.1611   18.1117
    0.0000   30.0000   45.000010898.0635   18.1467
    7.5000   30.0000   45.000010418.1523   18.1371
   -7.5000   37.5000   45.000010486.8779   18.0971
    0.0000   37.5000   45.000010912.0576   18.1329
    7.5000   37.5000   45.000010447.1299   18.1229
   -7.5000   45.0000   45.000010139.4229   17.6721
    0.0000   45.0000   45.000010534.6699   17.7063
    7.5000   45.0000   45.000010100.1152   17.6968

---------------------------------------------------------------------
imgreg_4dfp /opt/freesurfer/average/711-2C_as_mni_average_305 /opt/freesurfer/average/711-2B_as_mni_average_305_mask talsrcimg_g11 none talsrcimg_to_711-2C_as_mni_average_305_t4 4355
---------------------------------------------------------------------

freesurfer imgreg_4dfp.c
/opt/freesurfer/average/711-2C_as_mni_average_305.4dfp.img
       256       256       256         1
  1.000000  1.000000  1.000000
orientation T byte_order littleendian
Reading image: /opt/freesurfer/average/711-2C_as_mni_average_305.4dfp.img
dimensions:      256       256       256
mmppix:       1.0000   -1.0000   -1.0000
center:     128.0000 -129.0000 -129.0000
/opt/freesurfer/average/711-2B_as_mni_average_305_mask.4dfp.img
       256       256       256         1
  1.000000  1.000000  1.000000
orientation T byte_order littleendian
Reading mask: /opt/freesurfer/average/711-2B_as_mni_average_305_mask.4dfp.img (2306576 pixels)
talsrcimg_g11.4dfp.img
       256       256       256         1
  1.000000  1.000000  1.000000
orientation T byte_order littleendian
Reading image: talsrcimg_g11.4dfp.img
dimensions:      256       256       256
mmppix:       1.0000   -1.0000   -1.0000
center:     128.0000 -129.0000 -129.0000
rotation matrix determinant  1.000000
image alignment mode   4355 decimal     1103 hex
   -7.5000  -45.0000  -45.0000 1462.9839   31.4933
    0.0000  -45.0000  -45.0000 1474.0085   31.6865
    7.5000  -45.0000  -45.0000 1452.3375   31.9910
   -7.5000  -37.5000  -45.0000 1595.5488   26.6439
    0.0000  -37.5000  -45.0000 1608.6229   26.7956
    7.5000  -37.5000  -45.0000 1588.4209   27.0837
   -7.5000  -30.0000  -45.0000 1725.2859   23.0314
    0.0000  -30.0000  -45.0000 1734.0865   23.0261
    7.5000  -30.0000  -45.0000 1718.7590   23.3413
   -7.5000  -22.5000  -45.0000 1856.5984   20.2737
    0.0000  -22.5000  -45.0000 1860.0511   20.1370
    7.5000  -22.5000  -45.0000 1843.3732   20.3808
   -7.5000  -15.0000  -45.0000 1960.2192   18.1065
    0.0000  -15.0000  -45.0000 1967.9260   17.9422
    7.5000  -15.0000  -45.0000 1947.3927   18.2140
   -7.5000   -7.5000  -45.0000 2059.2761   16.3676
    0.0000   -7.5000  -45.0000 2068.6414   16.2582
    7.5000   -7.5000  -45.0000 2048.1550   16.4654
   -7.5000    0.0000  -45.0000 2145.9480   15.0879
    0.0000    0.0000  -45.0000 2158.2170   14.9927
    7.5000    0.0000  -45.0000 2139.1707   15.1642
   -7.5000    7.5000  -45.0000 2214.4109   14.1874
    0.0000    7.5000  -45.0000 2229.2539   14.1047
    7.5000    7.5000  -45.0000 2209.3467   14.2300
   -7.5000   15.0000  -45.0000 2242.7803   13.6130
    0.0000   15.0000  -45.0000 2257.8733   13.5519
    7.5000   15.0000  -45.0000 2239.3418   13.6689
   -7.5000   22.5000  -45.0000 2259.3191   13.3420
    0.0000   22.5000  -45.0000 2272.2131   13.2338
    7.5000   22.5000  -45.0000 2254.1118   13.3998
   -7.5000   30.0000  -45.0000 2254.5718   13.3871
    0.0000   30.0000  -45.0000 2267.5215   13.2877
    7.5000   30.0000  -45.0000 2247.5227   13.4615
   -7.5000   37.5000  -45.0000 2236.6753   13.6812
    0.0000   37.5000  -45.0000 2252.9436   13.5850
    7.5000   37.5000  -45.0000 2229.8096   13.7804
   -7.5000   45.0000  -45.0000 2195.7571   14.3009
    0.0000   45.0000  -45.0000 2214.3513   14.2023
    7.5000   45.0000  -45.0000 2188.3804   14.4022
   -7.5000  -45.0000  -37.5000 1515.2343   29.2846
    0.0000  -45.0000  -37.5000 1521.3082   29.3800
    7.5000  -45.0000  -37.5000 1505.2485   29.7098
   -7.5000  -37.5000  -37.5000 1649.0360   24.7787
    0.0000  -37.5000  -37.5000 1656.6854   24.8187
    7.5000  -37.5000  -37.5000 1642.6906   25.1664
   -7.5000  -30.0000  -37.5000 1782.7192   21.4874
    0.0000  -30.0000  -37.5000 1787.8529   21.3765
    7.5000  -30.0000  -37.5000 1772.8381   21.7053
   -7.5000  -22.5000  -37.5000 1911.2322   18.8677
    0.0000  -22.5000  -37.5000 1922.6281   18.7364
    7.5000  -22.5000  -37.5000 1901.7880   19.0110
   -7.5000  -15.0000  -37.5000 2027.8545   16.8201
    0.0000  -15.0000  -37.5000 2041.6001   16.6724
    7.5000  -15.0000  -37.5000 2019.0865   16.9166
   -7.5000   -7.5000  -37.5000 2140.3103   15.2074
    0.0000   -7.5000  -37.5000 2159.2166   15.1147
    7.5000   -7.5000  -37.5000 2132.6072   15.3283
   -7.5000    0.0000  -37.5000 2234.3909   14.0023
    0.0000    0.0000  -37.5000 2251.5232   13.9136
    7.5000    0.0000  -37.5000 2226.8672   14.0895
   -7.5000    7.5000  -37.5000 2310.2568   13.1540
    0.0000    7.5000  -37.5000 2327.7053   13.0694
    7.5000    7.5000  -37.5000 2303.1509   13.2075
   -7.5000   15.0000  -37.5000 2342.9607   12.6158
    0.0000   15.0000  -37.5000 2359.4905   12.5572
    7.5000   15.0000  -37.5000 2335.7163   12.6681
   -7.5000   22.5000  -37.5000 2359.8596   12.3614
    0.0000   22.5000  -37.5000 2375.4597   12.3041
    7.5000   22.5000  -37.5000 2353.3342   12.4355
   -7.5000   30.0000  -37.5000 2355.1023   12.4058
    0.0000   30.0000  -37.5000 2373.4919   12.3302
    7.5000   30.0000  -37.5000 2346.6206   12.4723
   -7.5000   37.5000  -37.5000 2333.8481   12.6781
    0.0000   37.5000  -37.5000 2349.4602   12.6032
    7.5000   37.5000  -37.5000 2325.9487   12.7454
   -7.5000   45.0000  -37.5000 2291.5249   13.2071
    0.0000   45.0000  -37.5000 2309.5488   13.1339
    7.5000   45.0000  -37.5000 2283.4009   13.3035
   -7.5000  -45.0000  -30.0000 1585.6018   28.4065
    0.0000  -45.0000  -30.0000 1596.9944   28.4639
    7.5000  -45.0000  -30.0000 1579.4045   28.6878
   -7.5000  -37.5000  -30.0000 1726.8723   24.0757
    0.0000  -37.5000  -30.0000 1733.7302   23.9544
    7.5000  -37.5000  -30.0000 1722.0630   24.3417
   -7.5000  -30.0000  -30.0000 1865.1755   20.7805
    0.0000  -30.0000  -30.0000 1875.2546   20.6136
    7.5000  -30.0000  -30.0000 1856.7062   20.9883
   -7.5000  -22.5000  -30.0000 2005.4495   18.2496
    0.0000  -22.5000  -30.0000 2016.7893   18.0983
    7.5000  -22.5000  -30.0000 1995.3737   18.4120
   -7.5000  -15.0000  -30.0000 2134.9253   16.2558
    0.0000  -15.0000  -30.0000 2147.1240   16.1332
    7.5000  -15.0000  -30.0000 2126.5339   16.3933
   -7.5000   -7.5000  -30.0000 2257.9504   14.7079
    0.0000   -7.5000  -30.0000 2275.0388   14.6184
    7.5000   -7.5000  -30.0000 2251.7815   14.8467
   -7.5000    0.0000  -30.0000 2359.4702   13.4870
    0.0000    0.0000  -30.0000 2376.7239   13.4165
    7.5000    0.0000  -30.0000 2352.0386   13.5793
   -7.5000    7.5000  -30.0000 2442.3096   12.6300
    0.0000    7.5000  -30.0000 2455.7751   12.5545
    7.5000    7.5000  -30.0000 2433.1128   12.6904
   -7.5000   15.0000  -30.0000 2483.3616   12.0914
    0.0000   15.0000  -30.0000 2503.1277   12.0235
    7.5000   15.0000  -30.0000 2473.4355   12.1448
   -7.5000   22.5000  -30.0000 2506.7407   11.8565
    0.0000   22.5000  -30.0000 2527.5042   11.8053
    7.5000   22.5000  -30.0000 2495.6863   11.9150
   -7.5000   30.0000  -30.0000 2504.0696   11.9092
    0.0000   30.0000  -30.0000 2526.7983   11.8477
    7.5000   30.0000  -30.0000 2495.0144   11.9468
   -7.5000   37.5000  -30.0000 2481.8613   12.1805
    0.0000   37.5000  -30.0000 2501.2310   12.1384
    7.5000   37.5000  -30.0000 2473.1077   12.2345
   -7.5000   45.0000  -30.0000 2434.5967   12.6806
    0.0000   45.0000  -30.0000 2455.8330   12.6264
    7.5000   45.0000  -30.0000 2428.2988   12.7717
   -7.5000  -45.0000  -22.5000 1637.3558   27.5093
    0.0000  -45.0000  -22.5000 1645.7605   27.4030
    7.5000  -45.0000  -22.5000 1631.4897   27.8010
   -7.5000  -37.5000  -22.5000 1782.7264   23.2733
    0.0000  -37.5000  -22.5000 1795.0278   23.1890
    7.5000  -37.5000  -22.5000 1777.9678   23.5667
   -7.5000  -30.0000  -22.5000 1929.2543   20.0648
    0.0000  -30.0000  -22.5000 1941.7308   19.9159
    7.5000  -30.0000  -22.5000 1921.0981   20.3153
   -7.5000  -22.5000  -22.5000 2076.9426   17.5851
    0.0000  -22.5000  -22.5000 2087.5845   17.4591
    7.5000  -22.5000  -22.5000 2067.1152   17.7809
   -7.5000  -15.0000  -22.5000 2217.4182   15.6327
    0.0000  -15.0000  -22.5000 2231.0566   15.5222
    7.5000  -15.0000  -22.5000 2207.8352   15.7716
   -7.5000   -7.5000  -22.5000 2344.3176   14.1008
    0.0000   -7.5000  -22.5000 2359.4419   13.9950
    7.5000   -7.5000  -22.5000 2337.6746   14.2187
   -7.5000    0.0000  -22.5000 2449.7825   12.9201
    0.0000    0.0000  -22.5000 2465.4028   12.8271
    7.5000    0.0000  -22.5000 2442.5962   12.9934
   -7.5000    7.5000  -22.5000 2537.4436   12.0566
    0.0000    7.5000  -22.5000 2556.4250   11.9850
    7.5000    7.5000  -22.5000 2532.5923   12.1018
   -7.5000   15.0000  -22.5000 2594.2251   11.4995
    0.0000   15.0000  -22.5000 2613.3721   11.4366
    7.5000   15.0000  -22.5000 2585.3049   11.5474
   -7.5000   22.5000  -22.5000 2627.4688   11.2626
    0.0000   22.5000  -22.5000 2648.7205   11.2127
    7.5000   22.5000  -22.5000 2616.2136   11.3221
   -7.5000   30.0000  -22.5000 2633.1665   11.2954
    0.0000   30.0000  -22.5000 2660.4082   11.2583
    7.5000   30.0000  -22.5000 2623.8315   11.3407
   -7.5000   37.5000  -22.5000 2610.5322   11.5877
    0.0000   37.5000  -22.5000 2637.0020   11.5370
    7.5000   37.5000  -22.5000 2601.0967   11.6298
   -7.5000   45.0000  -22.5000 2557.1511   12.0873
    0.0000   45.0000  -22.5000 2584.9187   12.0463
    7.5000   45.0000  -22.5000 2550.3220   12.1339
   -7.5000  -45.0000  -15.0000 1664.3970   26.8936
    0.0000  -45.0000  -15.0000 1674.0372   26.7102
    7.5000  -45.0000  -15.0000 1663.6302   27.2248
   -7.5000  -37.5000  -15.0000 1817.9607   22.7006
    0.0000  -37.5000  -15.0000 1827.2845   22.5217
    7.5000  -37.5000  -15.0000 1813.0593   22.9623
   -7.5000  -30.0000  -15.0000 1965.6339   19.4517
    0.0000  -30.0000  -15.0000 1977.2948   19.3270
    7.5000  -30.0000  -15.0000 1959.0228   19.6705
   -7.5000  -22.5000  -15.0000 2116.3428   16.9780
    0.0000  -22.5000  -15.0000 2128.7437   16.8447
    7.5000  -22.5000  -15.0000 2109.8616   17.1221
   -7.5000  -15.0000  -15.0000 2263.8735   15.0700
    0.0000  -15.0000  -15.0000 2277.3257   14.9181
    7.5000  -15.0000  -15.0000 2256.6331   15.1531
   -7.5000   -7.5000  -15.0000 2396.4119   13.5456
    0.0000   -7.5000  -15.0000 2410.2891   13.4208
    7.5000   -7.5000  -15.0000 2389.5403   13.6516
   -7.5000    0.0000  -15.0000 2507.6377   12.3902
    0.0000    0.0000  -15.0000 2523.5701   12.2785
    7.5000    0.0000  -15.0000 2499.2734   12.4616
   -7.5000    7.5000  -15.0000 2604.4641   11.5191
    0.0000    7.5000  -15.0000 2624.3625   11.4460
    7.5000    7.5000  -15.0000 2598.3970   11.5971
   -7.5000   15.0000  -15.0000 2678.4253   10.9693
    0.0000   15.0000  -15.0000 2695.9309   10.8995
    7.5000   15.0000  -15.0000 2669.7776   11.0313
   -7.5000   22.5000  -15.0000 2720.4011   10.7129
    0.0000   22.5000  -15.0000 2741.9109   10.6468
    7.5000   22.5000  -15.0000 2709.5115   10.7700
   -7.5000   30.0000  -15.0000 2736.0076   10.7451
    0.0000   30.0000  -15.0000 2764.9678   10.6757
    7.5000   30.0000  -15.0000 2723.7839   10.7824
   -7.5000   37.5000  -15.0000 2715.1372   11.0440
    0.0000   37.5000  -15.0000 2747.9419   10.9889
    7.5000   37.5000  -15.0000 2704.5364   11.0730
   -7.5000   45.0000  -15.0000 2658.4866   11.5166
    0.0000   45.0000  -15.0000 2691.9238   11.4765
    7.5000   45.0000  -15.0000 2650.9985   11.5418
   -7.5000  -45.0000   -7.5000 1680.9135   26.3931
    0.0000  -45.0000   -7.5000 1688.2728   26.1801
    7.5000  -45.0000   -7.5000 1675.6289   26.6902
   -7.5000  -37.5000   -7.5000 1836.8119   22.1951
    0.0000  -37.5000   -7.5000 1847.9214   22.0374
    7.5000  -37.5000   -7.5000 1829.6985   22.4571
   -7.5000  -30.0000   -7.5000 1985.2084   18.9622
    0.0000  -30.0000   -7.5000 1997.9911   18.8148
    7.5000  -30.0000   -7.5000 1978.6934   19.2097
   -7.5000  -22.5000   -7.5000 2138.6870   16.5058
    0.0000  -22.5000   -7.5000 2147.1553   16.3433
    7.5000  -22.5000   -7.5000 2126.8215   16.6298
   -7.5000  -15.0000   -7.5000 2286.3672   14.5660
    0.0000  -15.0000   -7.5000 2296.9961   14.4423
    7.5000  -15.0000   -7.5000 2276.9653   14.6789
   -7.5000   -7.5000   -7.5000 2425.2007   13.1027
    0.0000   -7.5000   -7.5000 2435.4136   12.9881
    7.5000   -7.5000   -7.5000 2413.7820   13.1963
   -7.5000    0.0000   -7.5000 2540.3628   11.9760
    0.0000    0.0000   -7.5000 2557.2451   11.8446
    7.5000    0.0000   -7.5000 2530.1113   12.0525
   -7.5000    7.5000   -7.5000 2650.6792   11.1201
    0.0000    7.5000   -7.5000 2670.6833   10.9951
    7.5000    7.5000   -7.5000 2641.6333   11.1959
   -7.5000   15.0000   -7.5000 2740.4817   10.5719
    0.0000   15.0000   -7.5000 2761.6018   10.4640
    7.5000   15.0000   -7.5000 2729.9053   10.6380
   -7.5000   22.5000   -7.5000 2795.6001   10.2851
    0.0000   22.5000   -7.5000 2820.0435   10.1849
    7.5000   22.5000   -7.5000 2781.8433   10.3514
   -7.5000   30.0000   -7.5000 2819.6909   10.2919
    0.0000   30.0000   -7.5000 2847.9402   10.1926
    7.5000   30.0000   -7.5000 2807.6436   10.3223
   -7.5000   37.5000   -7.5000 2798.1758   10.5836
    0.0000   37.5000   -7.5000 2835.6228   10.5024
    7.5000   37.5000   -7.5000 2786.6318   10.5994
   -7.5000   45.0000   -7.5000 2733.8154   11.0351
    0.0000   45.0000   -7.5000 2767.2180   10.9847
    7.5000   45.0000   -7.5000 2723.6316   11.0791
   -7.5000  -45.0000    0.0000 1688.9938   26.0408
    0.0000  -45.0000    0.0000 1695.6168   25.9493
    7.5000  -45.0000    0.0000 1683.1692   26.4756
   -7.5000  -37.5000    0.0000 1844.5177   21.9381
    0.0000  -37.5000    0.0000 1856.3411   21.7682
    7.5000  -37.5000    0.0000 1839.5681   22.1618
   -7.5000  -30.0000    0.0000 1999.8177   18.7712
    0.0000  -30.0000    0.0000 2007.9299   18.5786
    7.5000  -30.0000    0.0000 1990.7622   18.9173
   -7.5000  -22.5000    0.0000 2148.3745   16.2896
    0.0000  -22.5000    0.0000 2155.2847   16.1218
    7.5000  -22.5000    0.0000 2135.0669   16.3829
   -7.5000  -15.0000    0.0000 2295.3574   14.3340
    0.0000  -15.0000    0.0000 2303.0667   14.1989
    7.5000  -15.0000    0.0000 2281.1211   14.4422
   -7.5000   -7.5000    0.0000 2430.2791   12.8546
    0.0000   -7.5000    0.0000 2443.8423   12.7333
    7.5000   -7.5000    0.0000 2419.4236   12.9577
   -7.5000    0.0000    0.0000 2551.7908   11.7393
    0.0000    0.0000    0.0000 2571.6702   11.5993
    7.5000    0.0000    0.0000 2543.3435   11.8083
   -7.5000    7.5000    0.0000 2670.7095   10.8924
    0.0000    7.5000    0.0000 2693.0093   10.7574
    7.5000    7.5000    0.0000 2661.4763   10.9593
   -7.5000   15.0000    0.0000 2776.7373   10.3514
    0.0000   15.0000    0.0000 2804.9417   10.2242
    7.5000   15.0000    0.0000 2766.0251   10.4148
   -7.5000   22.5000    0.0000 2852.9211   10.0382
    0.0000   22.5000    0.0000 2890.4548    9.9036
    7.5000   22.5000    0.0000 2836.5066   10.1088
   -7.5000   30.0000    0.0000 2885.0305    9.9901
    0.0000   30.0000    0.0000 2921.6843    9.8807
    7.5000   30.0000    0.0000 2870.8525   10.0441
   -7.5000   37.5000    0.0000 2858.0537   10.2635
    0.0000   37.5000    0.0000 2896.8921   10.1726
    7.5000   37.5000    0.0000 2847.2407   10.3079
   -7.5000   45.0000    0.0000 2785.0469   10.7111
    0.0000   45.0000    0.0000 2818.0984   10.6374
    7.5000   45.0000    0.0000 2773.5000   10.7803
   -7.5000  -45.0000    7.5000 1684.4791   26.1807
    0.0000  -45.0000    7.5000 1693.4694   25.9967
    7.5000  -45.0000    7.5000 1681.8228   26.4856
   -7.5000  -37.5000    7.5000 1845.5426   21.9700
    0.0000  -37.5000    7.5000 1853.0474   21.7746
    7.5000  -37.5000    7.5000 1840.8501   22.1612
   -7.5000  -30.0000    7.5000 2002.8240   18.8001
    0.0000  -30.0000    7.5000 2014.8679   18.5887
    7.5000  -30.0000    7.5000 1996.4943   18.8780
   -7.5000  -22.5000    7.5000 2145.6990   16.2430
    0.0000  -22.5000    7.5000 2159.0688   16.0295
    7.5000  -22.5000    7.5000 2138.7527   16.2982
   -7.5000  -15.0000    7.5000 2285.5195   14.2713
    0.0000  -15.0000    7.5000 2301.3545   14.1260
    7.5000  -15.0000    7.5000 2278.2959   14.3482
   -7.5000   -7.5000    7.5000 2420.1780   12.7962
    0.0000   -7.5000    7.5000 2440.5347   12.6521
    7.5000   -7.5000    7.5000 2413.7261   12.8582
   -7.5000    0.0000    7.5000 2546.1809   11.6521
    0.0000    0.0000    7.5000 2570.6990   11.5096
    7.5000    0.0000    7.5000 2538.8711   11.7198
   -7.5000    7.5000    7.5000 2673.3044   10.8119
    0.0000    7.5000    7.5000 2699.8955   10.6667
    7.5000    7.5000    7.5000 2665.7708   10.8840
   -7.5000   15.0000    7.5000 2789.1963   10.2684
    0.0000   15.0000    7.5000 2821.9326   10.1205
    7.5000   15.0000    7.5000 2781.8076   10.3066
   -7.5000   22.5000    7.5000 2876.5791    9.9534
    0.0000   22.5000    7.5000 2925.2773    9.8070
    7.5000   22.5000    7.5000 2867.3003    9.9959
   -7.5000   30.0000    7.5000 2920.1091    9.8284
    0.0000   30.0000    7.5000 2967.1948    9.6845
    7.5000   30.0000    7.5000 2907.4631    9.9219
   -7.5000   37.5000    7.5000 2890.8013   10.0749
    0.0000   37.5000    7.5000 2928.9055    9.9344
    7.5000   37.5000    7.5000 2880.8643   10.1570
   -7.5000   45.0000    7.5000 2804.4697   10.5414
    0.0000   45.0000    7.5000 2836.9756   10.4280
    7.5000   45.0000    7.5000 2796.1804   10.5998
   -7.5000  -45.0000   15.0000 1668.1537   26.5472
    0.0000  -45.0000   15.0000 1676.1255   26.3732
    7.5000  -45.0000   15.0000 1663.4811   26.8285
   -7.5000  -37.5000   15.0000 1834.7734   22.3417
    0.0000  -37.5000   15.0000 1843.8031   22.0562
    7.5000  -37.5000   15.0000 1827.8678   22.4034
   -7.5000  -30.0000   15.0000 1990.3807   19.0852
    0.0000  -30.0000   15.0000 2007.1558   18.8554
    7.5000  -30.0000   15.0000 1987.6982   19.1326
   -7.5000  -22.5000   15.0000 2131.6499   16.4373
    0.0000  -22.5000   15.0000 2149.7224   16.2607
    7.5000  -22.5000   15.0000 2129.3340   16.4856
   -7.5000  -15.0000   15.0000 2266.1868   14.4417
    0.0000  -15.0000   15.0000 2287.1694   14.2990
    7.5000  -15.0000   15.0000 2263.1340   14.5034
   -7.5000   -7.5000   15.0000 2398.6082   12.9082
    0.0000   -7.5000   15.0000 2425.7771   12.7770
    7.5000   -7.5000   15.0000 2394.4526   12.9626
   -7.5000    0.0000   15.0000 2523.2058   11.7327
    0.0000    0.0000   15.0000 2550.6033   11.6069
    7.5000    0.0000   15.0000 2519.5242   11.7889
   -7.5000    7.5000   15.0000 2651.3098   10.8772
    0.0000    7.5000   15.0000 2683.4648   10.7323
    7.5000    7.5000   15.0000 2647.4385   10.9278
   -7.5000   15.0000   15.0000 2766.9448   10.3155
    0.0000   15.0000   15.0000 2807.6064   10.1649
    7.5000   15.0000   15.0000 2763.3877   10.3556
   -7.5000   22.5000   15.0000 2855.9839    9.9977
    0.0000   22.5000   15.0000 2905.8987    9.8694
    7.5000   22.5000   15.0000 2850.0371   10.0404
   -7.5000   30.0000   15.0000 2900.8472    9.9470
    0.0000   30.0000   15.0000 2947.5327    9.8074
    7.5000   30.0000   15.0000 2893.7478    9.9976
   -7.5000   37.5000   15.0000 2879.6729   10.1335
    0.0000   37.5000   15.0000 2917.0828   10.0281
    7.5000   37.5000   15.0000 2872.9727   10.1884
   -7.5000   45.0000   15.0000 2795.2302   10.5058
    0.0000   45.0000   15.0000 2833.6008   10.4060
    7.5000   45.0000   15.0000 2791.3933   10.5550
   -7.5000  -45.0000   22.5000 1634.4291   27.4292
    0.0000  -45.0000   22.5000 1642.5872   27.1455
    7.5000  -45.0000   22.5000 1628.9656   27.5700
   -7.5000  -37.5000   22.5000 1801.5004   23.0593
    0.0000  -37.5000   22.5000 1812.7208   22.7175
    7.5000  -37.5000   22.5000 1794.7834   23.0713
   -7.5000  -30.0000   22.5000 1962.3850   19.6691
    0.0000  -30.0000   22.5000 1978.7665   19.3922
    7.5000  -30.0000   22.5000 1961.3285   19.6907
   -7.5000  -22.5000   22.5000 2105.0059   16.8962
    0.0000  -22.5000   22.5000 2127.8013   16.6964
    7.5000  -22.5000   22.5000 2103.0984   16.9239
   -7.5000  -15.0000   22.5000 2240.0918   14.8272
    0.0000  -15.0000   22.5000 2263.9338   14.6503
    7.5000  -15.0000   22.5000 2239.4790   14.8759
   -7.5000   -7.5000   22.5000 2366.5435   13.2386
    0.0000   -7.5000   22.5000 2396.7188   13.1063
    7.5000   -7.5000   22.5000 2366.5435   13.2868
   -7.5000    0.0000   22.5000 2486.2693   12.0427
    0.0000    0.0000   22.5000 2514.9167   11.9133
    7.5000    0.0000   22.5000 2486.2581   12.0897
   -7.5000    7.5000   22.5000 2610.5576   11.1696
    0.0000    7.5000   22.5000 2641.6323   11.0332
    7.5000    7.5000   22.5000 2607.5457   11.2195
   -7.5000   15.0000   22.5000 2718.7305   10.6131
    0.0000   15.0000   22.5000 2753.4236   10.4889
    7.5000   15.0000   22.5000 2714.5776   10.6391
   -7.5000   22.5000   22.5000 2804.2383   10.2807
    0.0000   22.5000   22.5000 2845.4221   10.1416
    7.5000   22.5000   22.5000 2800.0945   10.3230
   -7.5000   30.0000   22.5000 2844.1638   10.2023
    0.0000   30.0000   22.5000 2882.2712   10.0663
    7.5000   30.0000   22.5000 2840.0486   10.2330
   -7.5000   37.5000   22.5000 2823.7593   10.3449
    0.0000   37.5000   22.5000 2858.9861   10.2370
    7.5000   37.5000   22.5000 2821.4958   10.3672
   -7.5000   45.0000   22.5000 2747.4546   10.7266
    0.0000   45.0000   22.5000 2782.5066   10.6289
    7.5000   45.0000   22.5000 2748.4280   10.7613
   -7.5000  -45.0000   30.0000 1581.1799   28.8980
    0.0000  -45.0000   30.0000 1585.9854   28.5170
    7.5000  -45.0000   30.0000 1573.5713   28.9790
   -7.5000  -37.5000   30.0000 1748.5858   24.1557
    0.0000  -37.5000   30.0000 1755.7062   23.7918
    7.5000  -37.5000   30.0000 1741.0868   24.1677
   -7.5000  -30.0000   30.0000 1916.2518   20.4900
    0.0000  -30.0000   30.0000 1926.6514   20.1445
    7.5000  -30.0000   30.0000 1911.5955   20.5042
   -7.5000  -22.5000   30.0000 2064.6321   17.5862
    0.0000  -22.5000   30.0000 2083.1238   17.3425
    7.5000  -22.5000   30.0000 2062.9519   17.5911
   -7.5000  -15.0000   30.0000 2202.3254   15.4359
    0.0000  -15.0000   30.0000 2224.7966   15.2488
    7.5000  -15.0000   30.0000 2201.9644   15.4411
   -7.5000   -7.5000   30.0000 2327.6479   13.8044
    0.0000   -7.5000   30.0000 2354.5061   13.6440
    7.5000   -7.5000   30.0000 2327.2798   13.8251
   -7.5000    0.0000   30.0000 2438.7971   12.5890
    0.0000    0.0000   30.0000 2466.5706   12.4448
    7.5000    0.0000   30.0000 2441.6777   12.6349
   -7.5000    7.5000   30.0000 2552.1309   11.7433
    0.0000    7.5000   30.0000 2585.4385   11.6127
    7.5000    7.5000   30.0000 2555.3008   11.7584
   -7.5000   15.0000   30.0000 2651.5020   11.1365
    0.0000   15.0000   30.0000 2686.3667   11.0092
    7.5000   15.0000   30.0000 2655.3147   11.1506
   -7.5000   22.5000   30.0000 2725.7109   10.7634
    0.0000   22.5000   30.0000 2759.0828   10.6298
    7.5000   22.5000   30.0000 2725.0835   10.7814
   -7.5000   30.0000   30.0000 2751.1963   10.6688
    0.0000   30.0000   30.0000 2781.1514   10.5291
    7.5000   30.0000   30.0000 2752.7607   10.6662
   -7.5000   37.5000   30.0000 2739.6123   10.7688
    0.0000   37.5000   30.0000 2768.2786   10.6566
    7.5000   37.5000   30.0000 2737.4744   10.7720
   -7.5000   45.0000   30.0000 2669.6003   11.1564
    0.0000   45.0000   30.0000 2702.5649   11.0338
    7.5000   45.0000   30.0000 2674.2817   11.1663
   -7.5000  -45.0000   37.5000 1519.8998   31.0372
    0.0000  -45.0000   37.5000 1523.9608   30.5626
    7.5000  -45.0000   37.5000 1509.1155   31.0275
   -7.5000  -37.5000   37.5000 1689.7860   25.6138
    0.0000  -37.5000   37.5000 1698.1035   25.1891
    7.5000  -37.5000   37.5000 1682.2241   25.5910
   -7.5000  -30.0000   37.5000 1855.1138   21.6256
    0.0000  -30.0000   37.5000 1867.4613   21.2598
    7.5000  -30.0000   37.5000 1851.7983   21.5696
   -7.5000  -22.5000   37.5000 2009.4254   18.6109
    0.0000  -22.5000   37.5000 2023.7264   18.3038
    7.5000  -22.5000   37.5000 2008.5621   18.5525
   -7.5000  -15.0000   37.5000 2149.9651   16.3380
    0.0000  -15.0000   37.5000 2168.4202   16.1013
    7.5000  -15.0000   37.5000 2151.3540   16.3159
   -7.5000   -7.5000   37.5000 2269.1172   14.6640
    0.0000   -7.5000   37.5000 2293.1829   14.4777
    7.5000   -7.5000   37.5000 2272.8232   14.6628
   -7.5000    0.0000   37.5000 2376.7441   13.4294
    0.0000    0.0000   37.5000 2407.7563   13.2884
    7.5000    0.0000   37.5000 2382.5532   13.4438
   -7.5000    7.5000   37.5000 2483.6311   12.5128
    0.0000    7.5000   37.5000 2520.3684   12.3846
    7.5000    7.5000   37.5000 2491.9678   12.5287
   -7.5000   15.0000   37.5000 2576.2170   11.8614
    0.0000   15.0000   37.5000 2614.5095   11.7245
    7.5000   15.0000   37.5000 2583.7354   11.8593
   -7.5000   22.5000   37.5000 2638.0151   11.4600
    0.0000   22.5000   37.5000 2668.2896   11.3354
    7.5000   22.5000   37.5000 2638.6677   11.4569
   -7.5000   30.0000   37.5000 2654.4028   11.3359
    0.0000   30.0000   37.5000 2682.1196   11.2056
    7.5000   30.0000   37.5000 2656.5159   11.3152
   -7.5000   37.5000   37.5000 2637.7302   11.4113
    0.0000   37.5000   37.5000 2661.0837   11.2992
    7.5000   37.5000   37.5000 2636.3232   11.4016
   -7.5000   45.0000   37.5000 2577.5168   11.7679
    0.0000   45.0000   37.5000 2602.3606   11.6533
    7.5000   45.0000   37.5000 2582.8645   11.7746
   -7.5000  -45.0000   45.0000 1450.2581   33.7850
    0.0000  -45.0000   45.0000 1455.5056   33.2564
    7.5000  -45.0000   45.0000 1440.1012   33.7252
   -7.5000  -37.5000   45.0000 1621.0745   27.6626
    0.0000  -37.5000   45.0000 1634.1334   27.1348
    7.5000  -37.5000   45.0000 1617.9937   27.6252
   -7.5000  -30.0000   45.0000 1790.4138   23.2332
    0.0000  -30.0000   45.0000 1803.5065   22.8385
    7.5000  -30.0000   45.0000 1785.1686   23.1671
   -7.5000  -22.5000   45.0000 1947.0488   19.9563
    0.0000  -22.5000   45.0000 1957.2716   19.6167
    7.5000  -22.5000   45.0000 1942.5425   19.8964
   -7.5000  -15.0000   45.0000 2084.4075   17.5563
    0.0000  -15.0000   45.0000 2100.5098   17.3010
    7.5000  -15.0000   45.0000 2086.4644   17.5157
   -7.5000   -7.5000   45.0000 2200.5579   15.7874
    0.0000   -7.5000   45.0000 2221.9827   15.6055
    7.5000   -7.5000   45.0000 2204.7688   15.7723
   -7.5000    0.0000   45.0000 2305.2932   14.4709
    0.0000    0.0000   45.0000 2334.1978   14.3188
    7.5000    0.0000   45.0000 2313.0522   14.4619
   -7.5000    7.5000   45.0000 2404.1831   13.4906
    0.0000    7.5000   45.0000 2435.2751   13.3531
    7.5000    7.5000   45.0000 2412.5454   13.4794
   -7.5000   15.0000   45.0000 2491.1599   12.8133
    0.0000   15.0000   45.0000 2521.9922   12.6648
    7.5000   15.0000   45.0000 2495.6780   12.7892
   -7.5000   22.5000   45.0000 2543.9392   12.3680
    0.0000   22.5000   45.0000 2568.5415   12.2482
    7.5000   22.5000   45.0000 2545.7217   12.3557
   -7.5000   30.0000   45.0000 2554.9470   12.1991
    0.0000   30.0000   45.0000 2578.2703   12.0648
    7.5000   30.0000   45.0000 2556.9058   12.1733
   -7.5000   37.5000   45.0000 2535.4319   12.2592
    0.0000   37.5000   45.0000 2553.5874   12.1440
    7.5000   37.5000   45.0000 2536.7720   12.2394
   -7.5000   45.0000   45.0000 2483.7627   12.5966
    0.0000   45.0000   45.0000 2499.2642   12.4736
    7.5000   45.0000   45.0000 2486.7935   12.5807

---------------------------------------------------------------------
imgreg_4dfp /opt/freesurfer/average/711-2C_as_mni_average_305 /opt/freesurfer/average/711-2B_as_mni_average_305_mask talsrcimg_g11 none talsrcimg_to_711-2C_as_mni_average_305_t4 1283
---------------------------------------------------------------------

freesurfer imgreg_4dfp.c
/opt/freesurfer/average/711-2C_as_mni_average_305.4dfp.img
       256       256       256         1
  1.000000  1.000000  1.000000
orientation T byte_order littleendian
Reading image: /opt/freesurfer/average/711-2C_as_mni_average_305.4dfp.img
dimensions:      256       256       256
mmppix:       1.0000   -1.0000   -1.0000
center:     128.0000 -129.0000 -129.0000
/opt/freesurfer/average/711-2B_as_mni_average_305_mask.4dfp.img
       256       256       256         1
  1.000000  1.000000  1.000000
orientation T byte_order littleendian
Reading mask: /opt/freesurfer/average/711-2B_as_mni_average_305_mask.4dfp.img (2306576 pixels)
talsrcimg_g11.4dfp.img
       256       256       256         1
  1.000000  1.000000  1.000000
orientation T byte_order littleendian
Reading image: talsrcimg_g11.4dfp.img
dimensions:      256       256       256
mmppix:       1.0000   -1.0000   -1.0000
center:     128.0000 -129.0000 -129.0000
rotation matrix determinant  1.000000
fimgreg.f
image alignment mode   1283 decimal      503 hex
parameters
    0.0000   30.0000    7.5000    0.0000    0.0000    0.0000
eta,q 0.93269  9.62246
niter,ni,del,rscale     5    3   12.0000    1.2000
parameter  4  0.652092 ->  0.500000 qaram    1.1500
parameters
   -0.3922   29.9006    8.7149   -3.4500    0.7391    0.5147
eta,q 0.93669  9.56088
  0.0764  0.0789  0.0744  0.0638  0.0683  0.0683
  0.0706  0.0715  0.0716  0.0634  0.0664  0.0663
  0.0670  0.0672  0.0691  0.0639  0.0646  0.0645
  0.0667  0.0662  0.0661  0.0652  0.0635  0.0635
  0.0692  0.0689  0.0651  0.0679  0.0635  0.0635
  0.0731  0.0734  0.0669  0.0719  0.0645  0.0650
  0.0783  0.0783  0.0708  0.0767  0.0668  0.0672
niter,ni,del,rscale     5    3   12.0000    1.2000
parameters
   -0.6920   31.2645    8.2633   -6.3560    1.0411    0.6449
eta,q 0.93833  9.56365
  0.0735  0.0796  0.0694  0.0635  0.0677  0.0660
  0.0676  0.0720  0.0667  0.0626  0.0655  0.0642
  0.0638  0.0664  0.0638  0.0617  0.0629  0.0627
  0.0633  0.0632  0.0626  0.0626  0.0617  0.0617
  0.0654  0.0627  0.0640  0.0649  0.0620  0.0620
  0.0694  0.0650  0.0676  0.0684  0.0639  0.0637
  0.0752  0.0695  0.0725  0.0723  0.0672  0.0660
niter,ni,del,rscale     4    3   12.0000    1.2000
parameters
   -0.7685   32.3239    7.8209   -7.8414    0.8852    0.2941
eta,q 0.93815  9.59685
  0.0730  0.0757  0.0681  0.0640  0.0681  0.0653
  0.0669  0.0688  0.0659  0.0640  0.0651  0.0636
  0.0627  0.0643  0.0627  0.0627  0.0624  0.0624
  0.0617  0.0616  0.0611  0.0611  0.0619  0.0619
  0.0636  0.0612  0.0626  0.0624  0.0632  0.0626
  0.0674  0.0639  0.0662  0.0658  0.0656  0.0643
  0.0733  0.0685  0.0719  0.0701  0.0685  0.0662
niter,ni,del,rscale     3    3   12.0000    1.2000
parameters
   -0.7102   32.8861    7.4431   -9.5410    0.5898   -0.7590
eta,q 0.93687  9.66208
  0.0738  0.0717  0.0682  0.0628  0.0692  0.0654
  0.0680  0.0661  0.0665  0.0637  0.0662  0.0641
  0.0636  0.0634  0.0639  0.0638  0.0638  0.0632
  0.0618  0.0619  0.0616  0.0618  0.0634  0.0634
  0.0633  0.0617  0.0625  0.0616  0.0649  0.0644
  0.0673  0.0641  0.0662  0.0644  0.0673  0.0657
  0.0737  0.0686  0.0721  0.0689  0.0699  0.0669
niter,ni,del,rscale     2    3   12.0000    1.2000
parameters
   -0.6094   33.5743    7.1836  -12.0309    0.0583   -1.0554
eta,q 0.93663  9.70557
  0.0753  0.0706  0.0692  0.0623  0.0690  0.0661
  0.0695  0.0657  0.0673  0.0627  0.0658  0.0649
  0.0652  0.0635  0.0652  0.0637  0.0636  0.0637
  0.0631  0.0631  0.0629  0.0631  0.0636  0.0634
  0.0645  0.0628  0.0631  0.0619  0.0654  0.0639
  0.0684  0.0636  0.0667  0.0629  0.0678  0.0652
  0.0750  0.0676  0.0724  0.0669  0.0703  0.0668
niter,ni,del,rscale     1    3   12.0000    1.2000
parameters
   -0.3500   34.0546    7.1775  -10.7458    0.2122   -0.8894
eta,q 0.93649  9.70603
  0.0775  0.0701  0.0710  0.0660  0.0699  0.0665
  0.0705  0.0653  0.0682  0.0622  0.0668  0.0652
  0.0656  0.0636  0.0658  0.0624  0.0643  0.0640
  0.0634  0.0633  0.0634  0.0634  0.0635  0.0635
  0.0647  0.0639  0.0634  0.0631  0.0646  0.0639
  0.0689  0.0647  0.0669  0.0622  0.0664  0.0650
  0.0754  0.0676  0.0726  0.0636  0.0691  0.0662
registration optimization eta report
parameter search radius
    6.0000    6.0000    6.0000    6.9000    6.0000    6.0000
100000*second partial in parameter space
       36.       16.       23.        4.       16.        8.
  0.0775  0.0701  0.0710  0.0660  0.0699  0.0665
  0.0705  0.0653  0.0682  0.0622  0.0668  0.0652
  0.0656  0.0636  0.0658  0.0624  0.0643  0.0640
  0.0634  0.0633  0.0634  0.0634  0.0635  0.0635
  0.0647  0.0639  0.0634  0.0631  0.0646  0.0639
  0.0689  0.0647  0.0669  0.0622  0.0664  0.0650
  0.0754  0.0676  0.0726  0.0636  0.0691  0.0662
   -0.3500   34.0546    7.1775  -10.7458    0.2122   -0.8894
eta,q 0.93649  9.70603

---------------------------------------------------------------------
imgreg_4dfp /opt/freesurfer/average/711-2C_as_mni_average_305 /opt/freesurfer/average/711-2B_as_mni_average_305_mask talsrcimg_g11 none talsrcimg_to_711-2C_as_mni_average_305_t4 3335
---------------------------------------------------------------------

freesurfer imgreg_4dfp.c
/opt/freesurfer/average/711-2C_as_mni_average_305.4dfp.img
       256       256       256         1
  1.000000  1.000000  1.000000
orientation T byte_order littleendian
Reading image: /opt/freesurfer/average/711-2C_as_mni_average_305.4dfp.img
dimensions:      256       256       256
mmppix:       1.0000   -1.0000   -1.0000
center:     128.0000 -129.0000 -129.0000
/opt/freesurfer/average/711-2B_as_mni_average_305_mask.4dfp.img
       256       256       256         1
  1.000000  1.000000  1.000000
orientation T byte_order littleendian
Reading mask: /opt/freesurfer/average/711-2B_as_mni_average_305_mask.4dfp.img (2306576 pixels)
talsrcimg_g11.4dfp.img
       256       256       256         1
  1.000000  1.000000  1.000000
orientation T byte_order littleendian
Reading image: talsrcimg_g11.4dfp.img
dimensions:      256       256       256
mmppix:       1.0000   -1.0000   -1.0000
center:     128.0000 -129.0000 -129.0000
fimgreg.f
image alignment mode   3335 decimal      D07 hex
parameters
   -0.3500   34.0546    7.1775   -0.0127   -1.7665   -1.7543
    1.5940   -0.0743   -1.5522   18.6485    0.3703  -18.6450
eta,q 0.93973  9.64685
niter,ni,del,rscale     5    3    5.0000    1.2000
parameter  4  2.809990 ->  0.500000 qaram    1.1500
parameter  5  3.022857 ->  0.500000 qaram    1.1500
parameter  6  1.368828 ->  0.500000 qaram    1.1500
parameter 10  0.718868 ->  0.500000 qaram    1.1500
parameters
   -0.5857   33.9566    7.3758   -4.1527   -5.9065   -5.8943
   -1.4699    0.2500    1.0963   14.5085    1.5934  -15.4115
eta,q 0.95997  8.92022
  0.0620  0.0616  0.0618  0.0502  0.0441  0.0406  0.0428  0.0469  0.0449  0.0405  0.0422  0.0427
  0.0610  0.0608  0.0609  0.0528  0.0467  0.0418  0.0420  0.0443  0.0435  0.0403  0.0413  0.0416
  0.0604  0.0603  0.0604  0.0562  0.0500  0.0441  0.0419  0.0425  0.0424  0.0405  0.0406  0.0407
  0.0603  0.0603  0.0602  0.0602  0.0536  0.0475  0.0423  0.0418  0.0418  0.0416  0.0403  0.0402
  0.0607  0.0605  0.0603  0.0647  0.0576  0.0517  0.0434  0.0422  0.0416  0.0432  0.0403  0.0400
  0.0615  0.0610  0.0607  0.0696  0.0621  0.0567  0.0448  0.0437  0.0417  0.0450  0.0406  0.0401
  0.0629  0.0618  0.0613  0.0746  0.0670  0.0625  0.0464  0.0461  0.0423  0.0476  0.0412  0.0404
niter,ni,del,rscale     7    3    5.0000    1.2000
parameter  4  0.993189 ->  0.500000 qaram    1.3225
parameter  5  1.473200 ->  0.500000 qaram    1.3225
parameter  6  0.871928 ->  0.500000 qaram    1.3225
parameters
   -0.3766   34.4595    7.2687   -8.9137  -10.6675  -10.6553
   -0.7295    0.3364    2.5354   14.2046    0.8632  -15.0115
eta,q 0.97068  8.35070
  0.0437  0.0428  0.0416  0.0354  0.0301  0.0284  0.0320  0.0331  0.0318  0.0330  0.0301  0.0307
  0.0418  0.0413  0.0407  0.0360  0.0313  0.0292  0.0307  0.0311  0.0307  0.0310  0.0296  0.0300
  0.0406  0.0404  0.0401  0.0374  0.0335  0.0304  0.0299  0.0299  0.0299  0.0296  0.0294  0.0295
  0.0400  0.0400  0.0400  0.0400  0.0363  0.0318  0.0295  0.0294  0.0294  0.0294  0.0293  0.0293
  0.0402  0.0400  0.0402  0.0438  0.0395  0.0343  0.0295  0.0298  0.0294  0.0302  0.0295  0.0294
  0.0411  0.0404  0.0409  0.0486  0.0437  0.0384  0.0301  0.0310  0.0297  0.0314  0.0299  0.0298
  0.0426  0.0410  0.0419  0.0541  0.0485  0.0436  0.0312  0.0330  0.0305  0.0334  0.0304  0.0304
niter,ni,del,rscale     7    3    5.0000    1.2000
parameter  4  0.502497 ->  0.500000 qaram    1.5209
parameter  5  0.670606 ->  0.500000 qaram    1.5209
parameters
   -0.2413   35.2238    7.1806  -14.3889  -16.1427  -15.1811
   -1.1056    0.2583    2.1520   14.9520    0.0111  -16.4418
eta,q 0.97509  7.74073
  0.0326  0.0333  0.0303  0.0288  0.0267  0.0262  0.0272  0.0286  0.0269  0.0295  0.0258  0.0257
  0.0309  0.0316  0.0296  0.0281  0.0262  0.0253  0.0260  0.0268  0.0259  0.0273  0.0253  0.0251
  0.0298  0.0302  0.0292  0.0281  0.0266  0.0252  0.0253  0.0255  0.0253  0.0258  0.0250  0.0249
  0.0293  0.0293  0.0290  0.0290  0.0280  0.0262  0.0251  0.0251  0.0251  0.0251  0.0250  0.0250
  0.0295  0.0290  0.0292  0.0310  0.0308  0.0278  0.0255  0.0255  0.0254  0.0251  0.0252  0.0253
  0.0304  0.0294  0.0297  0.0344  0.0343  0.0299  0.0264  0.0268  0.0262  0.0262  0.0256  0.0258
  0.0320  0.0303  0.0305  0.0390  0.0383  0.0337  0.0277  0.0288  0.0274  0.0283  0.0263  0.0265
niter,ni,del,rscale     7    3    5.0000    1.2000
parameters
   -0.1760   35.5888    6.2703  -13.8485  -17.9207  -16.1243
   -1.1689    0.2865    2.2373   16.1865   -0.0634  -17.6192
eta,q 0.97557  7.66368
  0.0282  0.0282  0.0252  0.0295  0.0277  0.0279  0.0268  0.0282  0.0266  0.0290  0.0254  0.0252
  0.0264  0.0266  0.0248  0.0272  0.0261  0.0261  0.0256  0.0263  0.0255  0.0268  0.0249  0.0247
  0.0253  0.0254  0.0246  0.0255  0.0250  0.0249  0.0248  0.0251  0.0248  0.0253  0.0246  0.0244
  0.0249  0.0249  0.0249  0.0246  0.0246  0.0246  0.0246  0.0246  0.0246  0.0246  0.0245  0.0245
  0.0252  0.0249  0.0254  0.0248  0.0253  0.0256  0.0249  0.0250  0.0248  0.0246  0.0246  0.0248
  0.0262  0.0255  0.0264  0.0261  0.0277  0.0273  0.0257  0.0262  0.0255  0.0254  0.0249  0.0252
  0.0278  0.0267  0.0276  0.0290  0.0314  0.0292  0.0269  0.0282  0.0265  0.0270  0.0255  0.0258
niter,ni,del,rscale     6    3    5.0000    1.2000
parameters
   -0.1742   35.8534    5.9849  -13.8156  -18.4431  -16.3367
   -1.1799    0.2693    2.3540   16.8970   -0.1384  -18.0156
eta,q 0.97561  7.64407
  0.0275  0.0273  0.0256  0.0288  0.0282  0.0282  0.0267  0.0280  0.0264  0.0283  0.0253  0.0254
  0.0258  0.0259  0.0249  0.0267  0.0264  0.0264  0.0255  0.0261  0.0253  0.0263  0.0248  0.0248
  0.0248  0.0249  0.0245  0.0251  0.0251  0.0250  0.0247  0.0249  0.0247  0.0250  0.0245  0.0245
  0.0244  0.0244  0.0244  0.0244  0.0244  0.0244  0.0244  0.0244  0.0244  0.0244  0.0244  0.0244
  0.0248  0.0245  0.0247  0.0247  0.0247  0.0251  0.0248  0.0249  0.0246  0.0246  0.0245  0.0246
  0.0258  0.0252  0.0253  0.0261  0.0264  0.0267  0.0255  0.0261  0.0253  0.0254  0.0248  0.0250
  0.0275  0.0263  0.0263  0.0292  0.0296  0.0285  0.0267  0.0280  0.0262  0.0272  0.0254  0.0256
niter,ni,del,rscale     5    3    5.0000    1.2000
parameters
   -0.1864   36.0032    5.8657  -13.8482  -18.7354  -16.4729
   -1.1837    0.2436    2.4408   17.2887   -0.2179  -18.1895
eta,q 0.97559  7.63095
  0.0273  0.0270  0.0258  0.0287  0.0282  0.0283  0.0267  0.0279  0.0263  0.0279  0.0253  0.0255
  0.0257  0.0256  0.0250  0.0266  0.0264  0.0264  0.0255  0.0261  0.0253  0.0260  0.0248  0.0249
  0.0247  0.0247  0.0245  0.0251  0.0252  0.0250  0.0247  0.0249  0.0246  0.0249  0.0245  0.0245
  0.0244  0.0244  0.0244  0.0244  0.0244  0.0244  0.0244  0.0244  0.0244  0.0244  0.0244  0.0244
  0.0247  0.0246  0.0246  0.0247  0.0246  0.0250  0.0247  0.0248  0.0246  0.0246  0.0245  0.0246
  0.0258  0.0253  0.0252  0.0262  0.0262  0.0266  0.0255  0.0261  0.0252  0.0255  0.0248  0.0250
  0.0274  0.0264  0.0261  0.0292  0.0293  0.0285  0.0267  0.0280  0.0262  0.0273  0.0254  0.0255
niter,ni,del,rscale     4    3    5.0000    1.2000
parameters
   -0.1969   36.0980    5.7903  -13.8756  -18.9218  -16.5971
   -1.1883    0.2204    2.4877   17.5390   -0.2814  -18.2884
eta,q 0.97557  7.62112
  0.0273  0.0268  0.0258  0.0287  0.0282  0.0283  0.0267  0.0279  0.0262  0.0277  0.0253  0.0255
  0.0257  0.0255  0.0250  0.0266  0.0264  0.0264  0.0255  0.0261  0.0253  0.0259  0.0248  0.0249
  0.0248  0.0247  0.0246  0.0251  0.0252  0.0250  0.0247  0.0249  0.0246  0.0249  0.0245  0.0245
  0.0244  0.0244  0.0244  0.0244  0.0244  0.0244  0.0244  0.0244  0.0244  0.0244  0.0244  0.0244
  0.0248  0.0246  0.0246  0.0247  0.0245  0.0250  0.0247  0.0249  0.0246  0.0246  0.0245  0.0246
  0.0258  0.0253  0.0251  0.0261  0.0261  0.0266  0.0255  0.0261  0.0252  0.0256  0.0248  0.0250
  0.0274  0.0264  0.0260  0.0292  0.0291  0.0284  0.0267  0.0280  0.0262  0.0274  0.0254  0.0255
niter,ni,del,rscale     3    3    5.0000    1.2000
parameters
   -0.2035   36.1665    5.7333  -13.8995  -19.0566  -16.7069
   -1.1884    0.2043    2.5209   17.7317   -0.3270  -18.3504
eta,q 0.97556  7.61330
  0.0273  0.0268  0.0258  0.0286  0.0282  0.0283  0.0267  0.0279  0.0262  0.0276  0.0253  0.0256
  0.0258  0.0255  0.0251  0.0266  0.0265  0.0264  0.0255  0.0261  0.0253  0.0259  0.0248  0.0249
  0.0248  0.0247  0.0246  0.0251  0.0252  0.0250  0.0247  0.0249  0.0247  0.0249  0.0245  0.0245
  0.0244  0.0244  0.0244  0.0244  0.0244  0.0244  0.0244  0.0244  0.0244  0.0244  0.0244  0.0244
  0.0248  0.0247  0.0246  0.0247  0.0245  0.0250  0.0248  0.0249  0.0247  0.0247  0.0245  0.0246
  0.0258  0.0254  0.0251  0.0261  0.0261  0.0266  0.0255  0.0261  0.0252  0.0256  0.0248  0.0250
  0.0274  0.0264  0.0260  0.0292  0.0290  0.0284  0.0267  0.0279  0.0262  0.0274  0.0253  0.0255
niter,ni,del,rscale     2    3    5.0000    1.2000
parameters
   -0.2074   36.2220    5.6845  -13.9172  -19.1722  -16.8071
   -1.1916    0.1888    2.5446   17.8836   -0.3744  -18.3883
eta,q 0.97554  7.60624
  0.0274  0.0267  0.0259  0.0286  0.0282  0.0283  0.0267  0.0279  0.0262  0.0275  0.0253  0.0256
  0.0258  0.0254  0.0251  0.0266  0.0265  0.0264  0.0255  0.0261  0.0253  0.0258  0.0249  0.0249
  0.0248  0.0247  0.0246  0.0252  0.0253  0.0251  0.0247  0.0249  0.0247  0.0249  0.0246  0.0246
  0.0244  0.0244  0.0244  0.0244  0.0244  0.0245  0.0245  0.0245  0.0245  0.0245  0.0245  0.0245
  0.0248  0.0247  0.0246  0.0247  0.0245  0.0250  0.0248  0.0249  0.0247  0.0247  0.0245  0.0246
  0.0258  0.0254  0.0252  0.0261  0.0260  0.0266  0.0255  0.0261  0.0252  0.0256  0.0249  0.0250
  0.0274  0.0264  0.0260  0.0291  0.0290  0.0284  0.0267  0.0279  0.0262  0.0274  0.0254  0.0255
niter,ni,del,rscale     1    3    5.0000    1.2000
parameters
   -0.2117   36.2678    5.6418  -13.9376  -19.2680  -16.9024
   -1.1854    0.1804    2.5700   18.0218   -0.4096  -18.4085
eta,q 0.97553  7.59990
  0.0274  0.0267  0.0259  0.0286  0.0282  0.0283  0.0267  0.0279  0.0262  0.0275  0.0253  0.0256
  0.0258  0.0254  0.0251  0.0266  0.0265  0.0265  0.0255  0.0261  0.0253  0.0258  0.0249  0.0249
  0.0248  0.0247  0.0246  0.0252  0.0253  0.0251  0.0247  0.0249  0.0247  0.0249  0.0246  0.0246
  0.0245  0.0245  0.0245  0.0245  0.0245  0.0245  0.0245  0.0245  0.0245  0.0245  0.0245  0.0245
  0.0248  0.0247  0.0246  0.0247  0.0245  0.0250  0.0248  0.0249  0.0247  0.0247  0.0246  0.0246
  0.0258  0.0254  0.0252  0.0262  0.0260  0.0266  0.0256  0.0261  0.0253  0.0256  0.0249  0.0250
  0.0274  0.0265  0.0260  0.0291  0.0289  0.0284  0.0267  0.0279  0.0262  0.0274  0.0254  0.0255
registration optimization eta report
parameter search radius
    2.4000    2.4000    2.4000   10.9503   10.9503    9.5220
    7.2000    7.2000    7.2000    8.2800    7.2000    7.2000
100000*second partial in parameter space
       50.       36.       25.        4.        3.        4.
        4.        7.        3.        4.        2.        2.
  0.0274  0.0267  0.0259  0.0286  0.0282  0.0283  0.0267  0.0279  0.0262  0.0275  0.0253  0.0256
  0.0258  0.0254  0.0251  0.0266  0.0265  0.0265  0.0255  0.0261  0.0253  0.0258  0.0249  0.0249
  0.0248  0.0247  0.0246  0.0252  0.0253  0.0251  0.0247  0.0249  0.0247  0.0249  0.0246  0.0246
  0.0245  0.0245  0.0245  0.0245  0.0245  0.0245  0.0245  0.0245  0.0245  0.0245  0.0245  0.0245
  0.0248  0.0247  0.0246  0.0247  0.0245  0.0250  0.0248  0.0249  0.0247  0.0247  0.0246  0.0246
  0.0258  0.0254  0.0252  0.0262  0.0260  0.0266  0.0256  0.0261  0.0253  0.0256  0.0249  0.0250
  0.0274  0.0265  0.0260  0.0291  0.0289  0.0284  0.0267  0.0279  0.0262  0.0274  0.0254  0.0255
   -0.2117   36.2678    5.6418  -13.9376  -19.2680  -16.9024
   -1.1854    0.1804    2.5700   18.0218   -0.4096  -18.4085
eta,q 0.97553  7.59990

---------------------------------------------------------------------
imgreg_4dfp /opt/freesurfer/average/711-2C_as_mni_average_305 /opt/freesurfer/average/711-2B_as_mni_average_305_mask talsrcimg_g11 none talsrcimg_to_711-2C_as_mni_average_305_t4 2311
---------------------------------------------------------------------

freesurfer imgreg_4dfp.c
/opt/freesurfer/average/711-2C_as_mni_average_305.4dfp.img
       256       256       256         1
  1.000000  1.000000  1.000000
orientation T byte_order littleendian
Reading image: /opt/freesurfer/average/711-2C_as_mni_average_305.4dfp.img
dimensions:      256       256       256
mmppix:       1.0000   -1.0000   -1.0000
center:     128.0000 -129.0000 -129.0000
/opt/freesurfer/average/711-2B_as_mni_average_305_mask.4dfp.img
       256       256       256         1
  1.000000  1.000000  1.000000
orientation T byte_order littleendian
Reading mask: /opt/freesurfer/average/711-2B_as_mni_average_305_mask.4dfp.img (2306576 pixels)
talsrcimg_g11.4dfp.img
       256       256       256         1
  1.000000  1.000000  1.000000
orientation T byte_order littleendian
Reading image: talsrcimg_g11.4dfp.img
dimensions:      256       256       256
mmppix:       1.0000   -1.0000   -1.0000
center:     128.0000 -129.0000 -129.0000
fimgreg.f
image alignment mode   2311 decimal      907 hex
parameters
   -0.2117   36.2678    5.6418  -13.9376  -19.2680  -16.9024
   -1.1854    0.1804    2.5700   18.0218   -0.4096  -18.4085
eta,q 0.97553  7.59991
niter,ni,del,rscale     5    3    5.0000    0.8000
parameters
   -0.2141   36.2696    5.6141  -13.1288  -17.8682  -16.7287
   -1.1526    0.2535    2.8122   17.7325   -0.1506  -18.4943
eta,q 0.97569  7.69284
  0.0258  0.0254  0.0251  0.0256  0.0256  0.0257  0.0254  0.0260  0.0253  0.0253  0.0248  0.0248
  0.0251  0.0249  0.0248  0.0251  0.0251  0.0250  0.0248  0.0251  0.0248  0.0247  0.0245  0.0245
  0.0246  0.0246  0.0245  0.0247  0.0247  0.0245  0.0244  0.0245  0.0245  0.0244  0.0244  0.0244
  0.0245  0.0245  0.0245  0.0245  0.0244  0.0243  0.0243  0.0243  0.0243  0.0243  0.0243  0.0243
  0.0246  0.0246  0.0246  0.0244  0.0243  0.0244  0.0244  0.0245  0.0244  0.0245  0.0243  0.0244
  0.0251  0.0249  0.0248  0.0246  0.0244  0.0248  0.0248  0.0250  0.0247  0.0249  0.0245  0.0246
  0.0258  0.0254  0.0252  0.0251  0.0248  0.0256  0.0254  0.0259  0.0251  0.0256  0.0247  0.0249
niter,ni,del,rscale     4    3    5.0000    0.7000
parameters
   -0.1828   36.1206    5.6444  -13.0702  -17.6945  -16.5296
   -1.2306    0.2837    2.7746   17.4697   -0.0217  -18.4634
eta,q 0.97571  7.70555
  0.0254  0.0250  0.0249  0.0250  0.0251  0.0254  0.0251  0.0256  0.0250  0.0250  0.0246  0.0247
  0.0248  0.0245  0.0246  0.0246  0.0247  0.0248  0.0247  0.0249  0.0246  0.0246  0.0244  0.0245
  0.0244  0.0243  0.0244  0.0244  0.0244  0.0245  0.0244  0.0244  0.0244  0.0244  0.0243  0.0243
  0.0243  0.0243  0.0243  0.0243  0.0243  0.0243  0.0243  0.0243  0.0243  0.0243  0.0243  0.0243
  0.0244  0.0245  0.0244  0.0244  0.0243  0.0244  0.0244  0.0244  0.0244  0.0244  0.0243  0.0243
  0.0247  0.0248  0.0245  0.0246  0.0246  0.0247  0.0247  0.0249  0.0246  0.0247  0.0244  0.0245
  0.0253  0.0253  0.0248  0.0250  0.0250  0.0252  0.0252  0.0256  0.0250  0.0253  0.0246  0.0247
niter,ni,del,rscale     3    3    5.0000    0.6000
parameters
   -0.1725   36.0450    5.7103  -13.0312  -17.4910  -16.3709
   -1.2418    0.3225    2.7293   17.3015    0.0469  -18.4245
eta,q 0.97572  7.71911
  0.0251  0.0248  0.0247  0.0248  0.0249  0.0251  0.0249  0.0253  0.0248  0.0249  0.0245  0.0246
  0.0247  0.0245  0.0245  0.0245  0.0246  0.0247  0.0246  0.0247  0.0245  0.0245  0.0244  0.0244
  0.0244  0.0243  0.0243  0.0244  0.0244  0.0244  0.0243  0.0244  0.0243  0.0243  0.0243  0.0243
  0.0243  0.0243  0.0243  0.0243  0.0243  0.0243  0.0243  0.0243  0.0243  0.0243  0.0243  0.0243
  0.0244  0.0244  0.0243  0.0243  0.0243  0.0243  0.0243  0.0244  0.0243  0.0244  0.0243  0.0243
  0.0246  0.0246  0.0244  0.0245  0.0245  0.0246  0.0246  0.0247  0.0245  0.0246  0.0244  0.0244
  0.0251  0.0250  0.0246  0.0248  0.0248  0.0250  0.0249  0.0252  0.0248  0.0250  0.0245  0.0246
niter,ni,del,rscale     2    3    5.0000    0.5000
parameters
   -0.1633   35.9924    5.7570  -12.9965  -17.3497  -16.2764
   -1.2513    0.3483    2.6913   17.1921    0.1153  -18.3886
eta,q 0.97573  7.72836
  0.0248  0.0247  0.0246  0.0246  0.0247  0.0249  0.0247  0.0250  0.0246  0.0247  0.0244  0.0245
  0.0245  0.0244  0.0244  0.0244  0.0245  0.0246  0.0245  0.0246  0.0244  0.0245  0.0243  0.0244
  0.0243  0.0243  0.0243  0.0243  0.0243  0.0244  0.0243  0.0243  0.0243  0.0243  0.0243  0.0243
  0.0243  0.0243  0.0243  0.0243  0.0243  0.0243  0.0243  0.0243  0.0243  0.0243  0.0243  0.0243
  0.0243  0.0243  0.0243  0.0243  0.0243  0.0243  0.0243  0.0243  0.0243  0.0243  0.0243  0.0243
  0.0245  0.0245  0.0244  0.0244  0.0244  0.0245  0.0245  0.0246  0.0244  0.0245  0.0243  0.0244
  0.0248  0.0247  0.0245  0.0246  0.0246  0.0248  0.0247  0.0250  0.0246  0.0248  0.0244  0.0245
niter,ni,del,rscale     1    3    5.0000    0.4000
parameters
   -0.1592   35.9589    5.7897  -12.9571  -17.2926  -16.1929
   -1.2489    0.3652    2.6743   17.1474    0.1890  -18.4244
eta,q 0.97574  7.73493
  0.0246  0.0245  0.0245  0.0245  0.0245  0.0247  0.0246  0.0247  0.0245  0.0246  0.0244  0.0244
  0.0244  0.0244  0.0244  0.0244  0.0244  0.0245  0.0244  0.0245  0.0244  0.0244  0.0243  0.0243
  0.0243  0.0243  0.0243  0.0243  0.0243  0.0243  0.0243  0.0243  0.0243  0.0243  0.0243  0.0243
  0.0243  0.0243  0.0243  0.0243  0.0243  0.0243  0.0243  0.0243  0.0243  0.0243  0.0243  0.0243
  0.0243  0.0243  0.0243  0.0243  0.0243  0.0243  0.0243  0.0243  0.0243  0.0243  0.0243  0.0243
  0.0244  0.0244  0.0243  0.0244  0.0244  0.0244  0.0244  0.0245  0.0244  0.0244  0.0243  0.0243
  0.0246  0.0246  0.0244  0.0245  0.0245  0.0246  0.0246  0.0247  0.0245  0.0246  0.0244  0.0244
registration optimization eta report
parameter search radius
    0.8000    0.8000    0.8000    2.4000    2.4000    2.4000
    2.4000    2.4000    2.4000    2.4000    2.4000    2.4000
100000*second partial in parameter space
       55.       44.       28.        4.        5.        6.
        5.        8.        4.        5.        2.        2.
  0.0246  0.0245  0.0245  0.0245  0.0245  0.0247  0.0246  0.0247  0.0245  0.0246  0.0244  0.0244
  0.0244  0.0244  0.0244  0.0244  0.0244  0.0245  0.0244  0.0245  0.0244  0.0244  0.0243  0.0243
  0.0243  0.0243  0.0243  0.0243  0.0243  0.0243  0.0243  0.0243  0.0243  0.0243  0.0243  0.0243
  0.0243  0.0243  0.0243  0.0243  0.0243  0.0243  0.0243  0.0243  0.0243  0.0243  0.0243  0.0243
  0.0243  0.0243  0.0243  0.0243  0.0243  0.0243  0.0243  0.0243  0.0243  0.0243  0.0243  0.0243
  0.0244  0.0244  0.0243  0.0244  0.0244  0.0244  0.0244  0.0245  0.0244  0.0244  0.0243  0.0243
  0.0246  0.0246  0.0244  0.0245  0.0245  0.0246  0.0246  0.0247  0.0245  0.0246  0.0244  0.0244
   -0.1592   35.9589    5.7897  -12.9571  -17.2926  -16.1929
   -1.2489    0.3652    2.6743   17.1474    0.1890  -18.4244
eta,q 0.97574  7.73493

---------------------------------------------------------------------
imgreg_4dfp /opt/freesurfer/average/711-2C_as_mni_average_305 /opt/freesurfer/average/711-2B_as_mni_average_305_mask talsrcimg_g11 none talsrcimg_to_711-2C_as_mni_average_305_t4 2311
---------------------------------------------------------------------

freesurfer imgreg_4dfp.c
/opt/freesurfer/average/711-2C_as_mni_average_305.4dfp.img
       256       256       256         1
  1.000000  1.000000  1.000000
orientation T byte_order littleendian
Reading image: /opt/freesurfer/average/711-2C_as_mni_average_305.4dfp.img
dimensions:      256       256       256
mmppix:       1.0000   -1.0000   -1.0000
center:     128.0000 -129.0000 -129.0000
/opt/freesurfer/average/711-2B_as_mni_average_305_mask.4dfp.img
       256       256       256         1
  1.000000  1.000000  1.000000
orientation T byte_order littleendian
Reading mask: /opt/freesurfer/average/711-2B_as_mni_average_305_mask.4dfp.img (2306576 pixels)
talsrcimg_g11.4dfp.img
       256       256       256         1
  1.000000  1.000000  1.000000
orientation T byte_order littleendian
Reading image: talsrcimg_g11.4dfp.img
dimensions:      256       256       256
mmppix:       1.0000   -1.0000   -1.0000
center:     128.0000 -129.0000 -129.0000
fimgreg.f
image alignment mode   2311 decimal      907 hex
parameters
   -0.1592   35.9589    5.7897  -12.9571  -17.2926  -16.1929
   -1.2489    0.3652    2.6743   17.1474    0.1890  -18.4244
eta,q 0.97574  7.73493
niter,ni,del,rscale     5    3    5.0000    0.8000
parameters
   -0.1652   35.9594    5.8082  -13.1005  -17.5047  -16.2900
   -1.2145    0.3033    2.6180   17.0799    0.0688  -18.2737
eta,q 0.97573  7.71552
  0.0256  0.0254  0.0250  0.0251  0.0251  0.0255  0.0254  0.0259  0.0252  0.0254  0.0247  0.0249
  0.0249  0.0248  0.0246  0.0247  0.0247  0.0249  0.0248  0.0250  0.0247  0.0248  0.0245  0.0245
  0.0244  0.0244  0.0244  0.0244  0.0244  0.0245  0.0244  0.0245  0.0244  0.0244  0.0243  0.0243
  0.0243  0.0243  0.0243  0.0243  0.0243  0.0243  0.0243  0.0243  0.0243  0.0243  0.0243  0.0243
  0.0244  0.0244  0.0243  0.0244  0.0244  0.0244  0.0244  0.0245  0.0244  0.0244  0.0243  0.0243
  0.0249  0.0248  0.0246  0.0247  0.0247  0.0249  0.0248  0.0251  0.0247  0.0248  0.0245  0.0245
  0.0257  0.0254  0.0250  0.0253  0.0254  0.0257  0.0254  0.0260  0.0252  0.0255  0.0247  0.0248
niter,ni,del,rscale     4    3    5.0000    0.7000
parameters
   -0.1702   35.9541    5.8085  -13.0536  -17.3989  -16.2886
   -1.2149    0.3244    2.6367   17.0578    0.1009  -18.2868
eta,q 0.97573  7.72168
  0.0253  0.0251  0.0248  0.0250  0.0250  0.0253  0.0251  0.0256  0.0250  0.0252  0.0246  0.0247
  0.0248  0.0246  0.0245  0.0246  0.0247  0.0248  0.0247  0.0249  0.0246  0.0247  0.0244  0.0245
  0.0244  0.0244  0.0243  0.0244  0.0244  0.0244  0.0244  0.0244  0.0244  0.0244  0.0243  0.0243
  0.0243  0.0243  0.0243  0.0243  0.0243  0.0243  0.0243  0.0243  0.0243  0.0243  0.0243  0.0243
  0.0244  0.0244  0.0243  0.0243  0.0243  0.0244  0.0244  0.0244  0.0243  0.0244  0.0243  0.0243
  0.0248  0.0247  0.0245  0.0246  0.0246  0.0247  0.0247  0.0249  0.0246  0.0247  0.0244  0.0245
  0.0254  0.0251  0.0248  0.0250  0.0250  0.0254  0.0251  0.0256  0.0250  0.0252  0.0246  0.0247
niter,ni,del,rscale     3    3    5.0000    0.6000
parameters
   -0.1641   35.9424    5.8090  -13.0272  -17.3180  -16.2399
   -1.2320    0.3479    2.6468   17.0524    0.1263  -18.3174
eta,q 0.97573  7.72793
  0.0251  0.0249  0.0247  0.0248  0.0249  0.0251  0.0249  0.0253  0.0248  0.0249  0.0245  0.0246
  0.0246  0.0245  0.0244  0.0245  0.0246  0.0247  0.0246  0.0247  0.0245  0.0246  0.0244  0.0244
  0.0244  0.0243  0.0243  0.0243  0.0244  0.0244  0.0243  0.0244  0.0243  0.0244  0.0243  0.0243
  0.0243  0.0243  0.0243  0.0243  0.0243  0.0243  0.0243  0.0243  0.0243  0.0243  0.0243  0.0243
  0.0244  0.0243  0.0243  0.0243  0.0243  0.0243  0.0243  0.0244  0.0243  0.0243  0.0243  0.0243
  0.0246  0.0246  0.0245  0.0245  0.0245  0.0246  0.0246  0.0247  0.0245  0.0246  0.0244  0.0244
  0.0251  0.0249  0.0247  0.0248  0.0248  0.0251  0.0249  0.0253  0.0248  0.0250  0.0245  0.0246
niter,ni,del,rscale     2    3    5.0000    0.5000
parameters
   -0.1591   35.9301    5.8160  -12.9989  -17.2590  -16.1910
   -1.2463    0.3571    2.6430   17.0493    0.1902  -18.3461
eta,q 0.97574  7.73330
  0.0248  0.0247  0.0246  0.0246  0.0247  0.0248  0.0247  0.0250  0.0246  0.0247  0.0244  0.0245
  0.0245  0.0245  0.0244  0.0244  0.0245  0.0245  0.0245  0.0246  0.0244  0.0245  0.0243  0.0244
  0.0243  0.0243  0.0243  0.0243  0.0243  0.0243  0.0243  0.0243  0.0243  0.0243  0.0243  0.0243
  0.0243  0.0243  0.0243  0.0243  0.0243  0.0243  0.0243  0.0243  0.0243  0.0243  0.0243  0.0243
  0.0243  0.0243  0.0243  0.0243  0.0243  0.0243  0.0243  0.0243  0.0243  0.0243  0.0243  0.0243
  0.0245  0.0245  0.0244  0.0244  0.0244  0.0245  0.0245  0.0246  0.0244  0.0245  0.0243  0.0244
  0.0248  0.0247  0.0245  0.0246  0.0247  0.0248  0.0247  0.0250  0.0246  0.0248  0.0244  0.0245
niter,ni,del,rscale     1    3    5.0000    0.4000
parameters
   -0.1584   35.9212    5.8256  -12.9650  -17.2264  -16.1350
   -1.2391    0.3722    2.6398   17.0552    0.1898  -18.3725
eta,q 0.97573  7.73821
  0.0246  0.0245  0.0245  0.0245  0.0245  0.0246  0.0246  0.0247  0.0245  0.0246  0.0244  0.0244
  0.0244  0.0244  0.0243  0.0244  0.0244  0.0244  0.0244  0.0245  0.0244  0.0244  0.0243  0.0243
  0.0243  0.0243  0.0243  0.0243  0.0243  0.0243  0.0243  0.0243  0.0243  0.0243  0.0243  0.0243
  0.0243  0.0243  0.0243  0.0243  0.0243  0.0243  0.0243  0.0243  0.0243  0.0243  0.0243  0.0243
  0.0243  0.0243  0.0243  0.0243  0.0243  0.0243  0.0243  0.0243  0.0243  0.0243  0.0243  0.0243
  0.0244  0.0244  0.0243  0.0244  0.0244  0.0244  0.0244  0.0245  0.0244  0.0244  0.0243  0.0243
  0.0246  0.0246  0.0244  0.0245  0.0245  0.0246  0.0246  0.0247  0.0245  0.0246  0.0244  0.0244
registration optimization eta report
parameter search radius
    0.8000    0.8000    0.8000    2.4000    2.4000    2.4000
    2.4000    2.4000    2.4000    2.4000    2.4000    2.4000
100000*second partial in parameter space
       56.       44.       29.        4.        5.        6.
        5.        8.        4.        5.        2.        2.
  0.0246  0.0245  0.0245  0.0245  0.0245  0.0246  0.0246  0.0247  0.0245  0.0246  0.0244  0.0244
  0.0244  0.0244  0.0243  0.0244  0.0244  0.0244  0.0244  0.0245  0.0244  0.0244  0.0243  0.0243
  0.0243  0.0243  0.0243  0.0243  0.0243  0.0243  0.0243  0.0243  0.0243  0.0243  0.0243  0.0243
  0.0243  0.0243  0.0243  0.0243  0.0243  0.0243  0.0243  0.0243  0.0243  0.0243  0.0243  0.0243
  0.0243  0.0243  0.0243  0.0243  0.0243  0.0243  0.0243  0.0243  0.0243  0.0243  0.0243  0.0243
  0.0244  0.0244  0.0243  0.0244  0.0244  0.0244  0.0244  0.0245  0.0244  0.0244  0.0243  0.0243
  0.0246  0.0246  0.0244  0.0245  0.0245  0.0246  0.0246  0.0247  0.0245  0.0246  0.0244  0.0244
   -0.1584   35.9212    5.8256  -12.9650  -17.2264  -16.1350
   -1.2391    0.3722    2.6398   17.0552    0.1898  -18.3725
eta,q 0.97573  7.73821

---------------------------------------------------------------------
compute_vox2vox talsrcimg talsrcimg_to_711-2C_as_mni_average_305_t4 /opt/freesurfer/average/711-2C_as_mni_average_305
---------------------------------------------------------------------

freesurfer compute_vox2vox.c
Reading: talsrcimg.4dfp.ifh
Reading: talsrcimg_to_711-2C_as_mni_average_305_t4
Reading: /opt/freesurfer/average/711-2C_as_mni_average_305.4dfp.ifh
Writing: talsrcimg_to_711-2C_as_mni_average_305_t4_vox2vox.txt

start time Sun Mar 15 08:15:18 CET 2026
end		time Sun Mar 15 08:16:44 CET 2026

mpr2mni305 success

avi2talxfm orig_nu.mgz /opt/freesurfer/average/mni305.cor.mgz talsrcimg_to_711-2C_as_mni_average_305_t4_vox2vox.txt transforms/talairach.auto.xfm
avi2talxfm done
mv -f /out/sourcedata/freesurfer/sub-v2s10x28988_ses-1/mri/talsrcimg_to_711-2C_as_mni_average_305_t4_vox2vox.txt /out/sourcedata/freesurfer/sub-v2s10x28988_ses-1/mri/transforms/talsrcimg_to_711-2C_as_mni_average_305_t4_vox2vox.txt
lta_convert --src orig_nu.mgz --trg /opt/freesurfer/average/mni305.cor.mgz --inxfm transforms/talairach.auto.xfm --outlta transforms/talairach.auto.xfm.lta --subject fsaverage
7.3.2

--src: orig_nu.mgz src image (geometry).
--trg: /opt/freesurfer/average/mni305.cor.mgz trg image (geometry).
--inmni: transforms/talairach.auto.xfm input MNI/XFM transform.
--outlta: transforms/talairach.auto.xfm.lta output LTA.
--s: fsaverage subject name
 LTA read, type : 1
 1.14851  -0.00822   0.01537  -9.83327;
-0.01017   1.14097   0.25310  -23.78160;
-0.03453  -0.23483   1.15548  -9.86089;
 0.00000   0.00000   0.00000   1.00000;
setting subject to fsaverage
Writing  LTA to file transforms/talairach.auto.xfm.lta...
lta_convert successful.
 
 
Started at Sun Mar 15 08:15:17 CET 2026
Ended   at Sun Mar 15 08:16:44 CET 2026
talairach_avi done
