/out/sourcedata/freesurfer/sub-v2s10x28940_ses-1/mri
/opt/freesurfer/bin/talairach_avi
--i orig_nu.mgz --xfm transforms/talairach.auto.xfm
talairach_avi 7.3.2
Linux dna073 5.14.0-427.37.1.el9_4.x86_64 #1 SMP PREEMPT_DYNAMIC Fri Sep 13 12:41:50 EDT 2024 x86_64 x86_64 x86_64 GNU/Linux
Sun Mar 15 08:14:09 CET 2026
mri_convert orig_nu.mgz talsrcimg.img 
reading from orig_nu.mgz...
TR=0.00, TE=0.00, TI=0.00, flip angle=0.00
i_ras = (-1, 0, 0)
j_ras = (0, 0, -1)
k_ras = (0, 1, 0)
writing to talsrcimg.img...
Analyze Output Matrix
-1.00000   0.00000   0.00000   133.10739;
 0.00000   0.00000   1.00000  -124.32870;
 0.00000  -1.00000   0.00000   117.28392;
 0.00000   0.00000   0.00000   1.00000;
--------------------
INFO: set hdr.hist.orient to -1
mpr2mni305 talsrcimg
Sun Mar 15 08:14:09 CET 2026
/opt/freesurfer/bin/mpr2mni305 talsrcimg
mpr2mni305 7.3.2
target=711-2C_as_mni_average_305

---------------------------------------------------------------------
analyzeto4dfp talsrcimg -O0 -y
---------------------------------------------------------------------

freesurfer ifh2hdr.c
Sun Mar 15 08:14:09 2026
Writing: talsrcimg.4dfp.hdr
freesurfer analyzeto4dfp.c
Reading: talsrcimg.hdr
header size 348 bytes
hdr.dime.datatype	offset=70	value=2
hdr.dime.bitpix		offset=72	value=8
hdr.hist.orient		offset=252	value=-1
dimensionality     4
dimensions       256       256       256         1
Reading: talsrcimg.img
Writing: talsrcimg.4dfp.img
Writing: talsrcimg.4dfp.ifh
ifh2hdr talsrcimg -r0to208
ori=2

---------------------------------------------------------------------
gauss_4dfp talsrcimg 1.1
---------------------------------------------------------------------

freesurfer gauss_4dfp.c
Reading: talsrcimg.4dfp.img
Writing: talsrcimg_g11.4dfp.img
image dimensions 256 256 256 padded to 288 288 288
processing volume 1freesurfer ifh2hdr.c
Sun Mar 15 08:14:11 2026
Writing: talsrcimg_g11.4dfp.hdr

Writing: talsrcimg_g11.4dfp.ifh
including: talsrcimg.4dfp.img.rec in talsrcimg_g11.4dfp.img.rec

---------------------------------------------------------------------
imgreg_4dfp /opt/freesurfer/average/711-2C_as_mni_average_305 none talsrcimg_g11 none talsrcimg_to_711-2C_as_mni_average_305_t4 4355
---------------------------------------------------------------------

freesurfer imgreg_4dfp.c
/opt/freesurfer/average/711-2C_as_mni_average_305.4dfp.img
       256       256       256         1
  1.000000  1.000000  1.000000
orientation T byte_order littleendian
Reading image: /opt/freesurfer/average/711-2C_as_mni_average_305.4dfp.img
dimensions:      256       256       256
mmppix:       1.0000   -1.0000   -1.0000
center:     128.0000 -129.0000 -129.0000
talsrcimg_g11.4dfp.img
       256       256       256         1
  1.000000  1.000000  1.000000
orientation T byte_order littleendian
Reading image: talsrcimg_g11.4dfp.img
dimensions:      256       256       256
mmppix:       1.0000   -1.0000   -1.0000
center:     128.0000 -129.0000 -129.0000
t4_read: open error in t4_sub.f l:  41 t4_file(1:l)talsrcimg_to_711-2C_as_mni_average_305_t4 
t4_read: transform initialized to I4
rotation matrix determinant  1.000000
image alignment mode   4355 decimal     1103 hex
   -7.5000  -45.0000  -45.0000 4627.6992   18.8477
    0.0000  -45.0000  -45.0000 4808.0698   18.8066
    7.5000  -45.0000  -45.0000 4608.3628   18.8085
   -7.5000  -37.5000  -45.0000 5140.2998   18.1545
    0.0000  -37.5000  -45.0000 5358.5811   18.1196
    7.5000  -37.5000  -45.0000 5128.1694   18.1184
   -7.5000  -30.0000  -45.0000 5929.3911   17.6177
    0.0000  -30.0000  -45.0000 6177.8667   17.5883
    7.5000  -30.0000  -45.0000 5917.5283   17.5779
   -7.5000  -22.5000  -45.0000 6829.6357   17.1668
    0.0000  -22.5000  -45.0000 7115.1011   17.1346
    7.5000  -22.5000  -45.0000 6836.9702   17.1155
   -7.5000  -15.0000  -45.0000 7818.6484   16.8012
    0.0000  -15.0000  -45.0000 8152.9546   16.7682
    7.5000  -15.0000  -45.0000 7828.0039   16.7516
   -7.5000   -7.5000  -45.0000 8820.4238   16.6396
    0.0000   -7.5000  -45.0000 9192.5234   16.6053
    7.5000   -7.5000  -45.0000 8815.5898   16.5952
   -7.5000    0.0000  -45.0000 9812.1064   16.6436
    0.0000    0.0000  -45.000010207.8623   16.6118
    7.5000    0.0000  -45.0000 9788.1074   16.6090
   -7.5000    7.5000  -45.000010005.4756   16.7404
    0.0000    7.5000  -45.000010405.7520   16.7118
    7.5000    7.5000  -45.0000 9965.9717   16.7073
   -7.5000   15.0000  -45.000010012.3994   16.7860
    0.0000   15.0000  -45.000010414.6426   16.7575
    7.5000   15.0000  -45.0000 9971.9375   16.7441
   -7.5000   22.5000  -45.0000 9959.5928   16.7374
    0.0000   22.5000  -45.000010376.1543   16.7079
    7.5000   22.5000  -45.0000 9934.2354   16.6899
   -7.5000   30.0000  -45.0000 9827.7002   16.4413
    0.0000   30.0000  -45.000010248.1582   16.4099
    7.5000   30.0000  -45.0000 9813.1465   16.3937
   -7.5000   37.5000  -45.0000 9986.8232   16.3853
    0.0000   37.5000  -45.000010406.6816   16.3517
    7.5000   37.5000  -45.0000 9969.0547   16.3419
   -7.5000   45.0000  -45.0000 9764.8945   16.0049
    0.0000   45.0000  -45.000010172.6719   15.9742
    7.5000   45.0000  -45.0000 9745.7578   15.9716
   -7.5000  -45.0000  -37.5000 4995.7964   18.7799
    0.0000  -45.0000  -37.5000 5211.5054   18.7388
    7.5000  -45.0000  -37.5000 4983.6875   18.7367
   -7.5000  -37.5000  -37.5000 5542.0908   18.0930
    0.0000  -37.5000  -37.5000 5785.2578   18.0576
    7.5000  -37.5000  -37.5000 5533.6885   18.0501
   -7.5000  -30.0000  -37.5000 6372.4468   17.5484
    0.0000  -30.0000  -37.5000 6646.1465   17.5171
    7.5000  -30.0000  -37.5000 6371.0098   17.4998
   -7.5000  -22.5000  -37.5000 7352.8970   17.0892
    0.0000  -22.5000  -37.5000 7666.9082   17.0525
    7.5000  -22.5000  -37.5000 7357.2056   17.0293
   -7.5000  -15.0000  -37.5000 8446.0488   16.7207
    0.0000  -15.0000  -37.5000 8806.9980   16.6823
    7.5000  -15.0000  -37.5000 8436.7900   16.6632
   -7.5000   -7.5000  -37.5000 9527.1113   16.5633
    0.0000   -7.5000  -37.5000 9931.1602   16.5248
    7.5000   -7.5000  -37.5000 9509.5098   16.5125
   -7.5000    0.0000  -37.500010585.9844   16.5751
    0.0000    0.0000  -37.500011031.2520   16.5413
    7.5000    0.0000  -37.500010561.6797   16.5351
   -7.5000    7.5000  -37.500010741.5322   16.6734
    0.0000    7.5000  -37.500011196.9229   16.6437
    7.5000    7.5000  -37.500010722.5234   16.6336
   -7.5000   15.0000  -37.500010746.7520   16.7123
    0.0000   15.0000  -37.500011193.6006   16.6817
    7.5000   15.0000  -37.500010726.8486   16.6625
   -7.5000   22.5000  -37.500010677.4277   16.6557
    0.0000   22.5000  -37.500011142.9414   16.6219
    7.5000   22.5000  -37.500010663.2754   16.6000
   -7.5000   30.0000  -37.500010511.3594   16.3595
    0.0000   30.0000  -37.500010968.0000   16.3227
    7.5000   30.0000  -37.500010501.1250   16.3041
   -7.5000   37.5000  -37.500010664.5820   16.3100
    0.0000   37.5000  -37.500011118.0059   16.2723
    7.5000   37.5000  -37.500010636.7754   16.2602
   -7.5000   45.0000  -37.500010404.3682   15.9390
    0.0000   45.0000  -37.500010859.9404   15.9064
    7.5000   45.0000  -37.500010382.0605   15.9004
   -7.5000  -45.0000  -30.0000 5454.3516   19.5388
    0.0000  -45.0000  -30.0000 5699.6562   19.5092
    7.5000  -45.0000  -30.0000 5443.9653   19.5162
   -7.5000  -37.5000  -30.0000 6046.5747   18.8246
    0.0000  -37.5000  -30.0000 6310.4619   18.7972
    7.5000  -37.5000  -30.0000 6039.7993   18.7947
   -7.5000  -30.0000  -30.0000 6933.3076   18.2432
    0.0000  -30.0000  -30.0000 7234.4575   18.2196
    7.5000  -30.0000  -30.0000 6948.8101   18.2078
   -7.5000  -22.5000  -30.0000 8002.3433   17.7585
    0.0000  -22.5000  -30.0000 8355.8701   17.7303
    7.5000  -22.5000  -30.0000 8022.3828   17.7143
   -7.5000  -15.0000  -30.0000 9195.9346   17.3773
    0.0000  -15.0000  -30.0000 9597.8359   17.3481
    7.5000  -15.0000  -30.0000 9198.5947   17.3371
   -7.5000   -7.5000  -30.000010369.1904   17.2260
    0.0000   -7.5000  -30.000010821.4531   17.1969
    7.5000   -7.5000  -30.000010354.3174   17.1920
   -7.5000    0.0000  -30.000011486.3076   17.2465
    0.0000    0.0000  -30.000011993.0381   17.2209
    7.5000    0.0000  -30.000011472.1973   17.2203
   -7.5000    7.5000  -30.000011647.8027   17.3451
    0.0000    7.5000  -30.000012158.4414   17.3221
    7.5000    7.5000  -30.000011640.5967   17.3161
   -7.5000   15.0000  -30.000011646.6533   17.3750
    0.0000   15.0000  -30.000012144.3125   17.3510
    7.5000   15.0000  -30.000011610.0469   17.3367
   -7.5000   22.5000  -30.000011564.6787   17.3058
    0.0000   22.5000  -30.000012068.4150   17.2800
    7.5000   22.5000  -30.000011522.2705   17.2650
   -7.5000   30.0000  -30.000011377.6299   17.0039
    0.0000   30.0000  -30.000011889.8623   16.9762
    7.5000   30.0000  -30.000011358.6494   16.9653
   -7.5000   37.5000  -30.000011526.4219   16.9644
    0.0000   37.5000  -30.000012024.6348   16.9359
    7.5000   37.5000  -30.000011506.0625   16.9311
   -7.5000   45.0000  -30.000011216.7471   16.5968
    0.0000   45.0000  -30.000011710.5234   16.5721
    7.5000   45.0000  -30.000011204.6455   16.5716
   -7.5000  -45.0000  -22.5000 5913.1772   20.1924
    0.0000  -45.0000  -22.5000 6183.9766   20.1775
    7.5000  -45.0000  -22.5000 5892.2524   20.2001
   -7.5000  -37.5000  -22.5000 6547.8145   19.4495
    0.0000  -37.5000  -22.5000 6830.6484   19.4334
    7.5000  -37.5000  -22.5000 6526.7178   19.4440
   -7.5000  -30.0000  -22.5000 7506.6982   18.8432
    0.0000  -30.0000  -22.5000 7823.3242   18.8325
    7.5000  -30.0000  -22.5000 7508.2842   18.8353
   -7.5000  -22.5000  -22.5000 8669.2754   18.3454
    0.0000  -22.5000  -22.5000 9043.8936   18.3339
    7.5000  -22.5000  -22.5000 8681.2100   18.3318
   -7.5000  -15.0000  -22.5000 9932.3428   17.9562
    0.0000  -15.0000  -22.500010369.6641   17.9460
    7.5000  -15.0000  -22.5000 9944.0537   17.9477
   -7.5000   -7.5000  -22.500011174.8428   17.8046
    0.0000   -7.5000  -22.500011669.9521   17.7929
    7.5000   -7.5000  -22.500011184.3506   17.8000
   -7.5000    0.0000  -22.500012366.0205   17.8244
    0.0000    0.0000  -22.500012910.7393   17.8120
    7.5000    0.0000  -22.500012365.4102   17.8224
   -7.5000    7.5000  -22.500012534.5420   17.9203
    0.0000    7.5000  -22.500013088.1680   17.9080
    7.5000    7.5000  -22.500012525.8008   17.9134
   -7.5000   15.0000  -22.500012493.9316   17.9481
    0.0000   15.0000  -22.500013069.8330   17.9361
    7.5000   15.0000  -22.500012475.4551   17.9346
   -7.5000   22.5000  -22.500012400.3789   17.8769
    0.0000   22.5000  -22.500012968.5400   17.8671
    7.5000   22.5000  -22.500012382.0869   17.8650
   -7.5000   30.0000  -22.500012197.0986   17.5734
    0.0000   30.0000  -22.500012771.1279   17.5641
    7.5000   30.0000  -22.500012188.1426   17.5656
   -7.5000   37.5000  -22.500012347.0117   17.5369
    0.0000   37.5000  -22.500012924.7021   17.5255
    7.5000   37.5000  -22.500012351.7588   17.5325
   -7.5000   45.0000  -22.500012015.3984   17.1658
    0.0000   45.0000  -22.500012576.0957   17.1539
    7.5000   45.0000  -22.500012019.9512   17.1638
   -7.5000  -45.0000  -15.0000 6339.9951   20.6651
    0.0000  -45.0000  -15.0000 6627.1958   20.6523
    7.5000  -45.0000  -15.0000 6322.2896   20.6808
   -7.5000  -37.5000  -15.0000 7010.5747   19.8987
    0.0000  -37.5000  -15.0000 7324.1089   19.8854
    7.5000  -37.5000  -15.0000 7002.4150   19.9036
   -7.5000  -30.0000  -15.0000 8069.7964   19.2839
    0.0000  -30.0000  -15.0000 8414.4590   19.2780
    7.5000  -30.0000  -15.0000 8072.3208   19.2893
   -7.5000  -22.5000  -15.0000 9328.5127   18.7820
    0.0000  -22.5000  -15.0000 9733.3633   18.7778
    7.5000  -22.5000  -15.0000 9360.0244   18.7809
   -7.5000  -15.0000  -15.000010657.7061   18.3858
    0.0000  -15.0000  -15.000011142.0459   18.3837
    7.5000  -15.0000  -15.000010699.5928   18.3890
   -7.5000   -7.5000  -15.000011983.0244   18.2250
    0.0000   -7.5000  -15.000012519.0986   18.2198
    7.5000   -7.5000  -15.000012007.8154   18.2304
   -7.5000    0.0000  -15.000013247.6104   18.2376
    0.0000    0.0000  -15.000013824.6924   18.2293
    7.5000    0.0000  -15.000013240.8916   18.2443
   -7.5000    7.5000  -15.000013412.2373   18.3332
    0.0000    7.5000  -15.000014026.8457   18.3242
    7.5000    7.5000  -15.000013413.1729   18.3363
   -7.5000   15.0000  -15.000013359.9189   18.3671
    0.0000   15.0000  -15.000013986.7666   18.3598
    7.5000   15.0000  -15.000013371.4189   18.3654
   -7.5000   22.5000  -15.000013227.3145   18.3015
    0.0000   22.5000  -15.000013828.4482   18.2986
    7.5000   22.5000  -15.000013214.9453   18.3015
   -7.5000   30.0000  -15.000012975.1113   17.9963
    0.0000   30.0000  -15.000013573.8828   17.9949
    7.5000   30.0000  -15.000012981.4268   18.0000
   -7.5000   37.5000  -15.000013131.9932   17.9535
    0.0000   37.5000  -15.000013764.1670   17.9485
    7.5000   37.5000  -15.000013164.6875   17.9590
   -7.5000   45.0000  -15.000012791.6768   17.5743
    0.0000   45.0000  -15.000013429.2197   17.5663
    7.5000   45.0000  -15.000012808.7256   17.5807
   -7.5000  -45.0000   -7.5000 6752.7007   20.9149
    0.0000  -45.0000   -7.5000 7064.2461   20.8861
    7.5000  -45.0000   -7.5000 6748.5596   20.9032
   -7.5000  -37.5000   -7.5000 7485.1201   20.1376
    0.0000  -37.5000   -7.5000 7809.7930   20.1124
    7.5000  -37.5000   -7.5000 7492.9639   20.1239
   -7.5000  -30.0000   -7.5000 8674.1953   19.5291
    0.0000  -30.0000   -7.5000 9027.9863   19.5115
    7.5000  -30.0000   -7.5000 8676.3818   19.5148
   -7.5000  -22.5000   -7.500010041.7578   19.0263
    0.0000  -22.5000   -7.500010469.3398   19.0091
    7.5000  -22.5000   -7.500010069.4150   19.0017
   -7.5000  -15.0000   -7.500011445.0029   18.6223
    0.0000  -15.0000   -7.500011932.8398   18.6063
    7.5000  -15.0000   -7.500011465.5117   18.6002
   -7.5000   -7.5000   -7.500012835.3369   18.4476
    0.0000   -7.5000   -7.500013374.8457   18.4285
    7.5000   -7.5000   -7.500012844.4473   18.4287
   -7.5000    0.0000   -7.500014160.8047   18.4532
    0.0000    0.0000   -7.500014766.8467   18.4327
    7.5000    0.0000   -7.500014155.5088   18.4399
   -7.5000    7.5000   -7.500014311.2559   18.5535
    0.0000    7.5000   -7.500014949.6914   18.5343
    7.5000    7.5000   -7.500014314.6875   18.5403
   -7.5000   15.0000   -7.500014251.7188   18.5976
    0.0000   15.0000   -7.500014866.5195   18.5800
    7.5000   15.0000   -7.500014257.6826   18.5782
   -7.5000   22.5000   -7.500014092.7988   18.5370
    0.0000   22.5000   -7.500014683.9072   18.5219
    7.5000   22.5000   -7.500014076.3594   18.5149
   -7.5000   30.0000   -7.500013792.5303   18.2267
    0.0000   30.0000   -7.500014395.6699   18.2118
    7.5000   30.0000   -7.500013779.5723   18.2059
   -7.5000   37.5000   -7.500013961.6641   18.1723
    0.0000   37.5000   -7.500014597.5420   18.1536
    7.5000   37.5000   -7.500013953.9619   18.1539
   -7.5000   45.0000   -7.500013586.8779   17.7854
    0.0000   45.0000   -7.500014217.9277   17.7657
    7.5000   45.0000   -7.500013583.0664   17.7726
   -7.5000  -45.0000    0.0000 7135.7642   20.9720
    0.0000  -45.0000    0.0000 7449.5562   20.9263
    7.5000  -45.0000    0.0000 7118.2739   20.9276
   -7.5000  -37.5000    0.0000 7932.1294   20.1977
    0.0000  -37.5000    0.0000 8266.0293   20.1590
    7.5000  -37.5000    0.0000 7929.3706   20.1568
   -7.5000  -30.0000    0.0000 9216.2021   19.5969
    0.0000  -30.0000    0.0000 9590.7207   19.5643
    7.5000  -30.0000    0.0000 9217.5498   19.5519
   -7.5000  -22.5000    0.000010666.5479   19.0916
    0.0000  -22.5000    0.000011130.8350   19.0559
    7.5000  -22.5000    0.000010691.7617   19.0338
   -7.5000  -15.0000    0.000012152.3994   18.6813
    0.0000  -15.0000    0.000012655.0840   18.6447
    7.5000  -15.0000    0.000012156.7441   18.6254
   -7.5000   -7.5000    0.000013612.0000   18.4983
    0.0000   -7.5000    0.000014162.3262   18.4602
    7.5000   -7.5000    0.000013604.6426   18.4481
   -7.5000    0.0000    0.000014994.5889   18.5027
    0.0000    0.0000    0.000015599.6719   18.4673
    7.5000    0.0000    0.000014977.2178   18.4634
   -7.5000    7.5000    0.000015106.4023   18.6098
    0.0000    7.5000    0.000015718.3926   18.5782
    7.5000    7.5000    0.000015082.1309   18.5722
   -7.5000   15.0000    0.000015021.5820   18.6602
    0.0000   15.0000    0.000015590.9775   18.6287
    7.5000   15.0000    0.000014992.8398   18.6129
   -7.5000   22.5000    0.000014851.8799   18.6002
    0.0000   22.5000    0.000015421.4463   18.5675
    7.5000   22.5000    0.000014798.6377   18.5466
   -7.5000   30.0000    0.000014514.2627   18.2845
    0.0000   30.0000    0.000015103.3135   18.2497
    7.5000   30.0000    0.000014492.8818   18.2308
   -7.5000   37.5000    0.000014689.9531   18.2226
    0.0000   37.5000    0.000015323.0098   18.1853
    7.5000   37.5000    0.000014693.7334   18.1735
   -7.5000   45.0000    0.000014283.4697   17.8345
    0.0000   45.0000    0.000014880.8613   17.8004
    7.5000   45.0000    0.000014283.2520   17.7965
   -7.5000  -45.0000    7.5000 6947.5405   20.9838
    0.0000  -45.0000    7.5000 7251.7627   20.9375
    7.5000  -45.0000    7.5000 6952.7070   20.9347
   -7.5000  -37.5000    7.5000 7751.5352   20.2156
    0.0000  -37.5000    7.5000 8067.0830   20.1758
    7.5000  -37.5000    7.5000 7741.2583   20.1670
   -7.5000  -30.0000    7.5000 9034.8340   19.6064
    0.0000  -30.0000    7.5000 9405.3799   19.5711
    7.5000  -30.0000    7.5000 9019.3389   19.5514
   -7.5000  -22.5000    7.500010461.3945   19.0924
    0.0000  -22.5000    7.500010923.6738   19.0512
    7.5000  -22.5000    7.500010457.5596   19.0249
   -7.5000  -15.0000    7.500011904.5332   18.6799
    0.0000  -15.0000    7.500012417.5186   18.6367
    7.5000  -15.0000    7.500011900.1729   18.6149
   -7.5000   -7.5000    7.500013314.4287   18.5038
    0.0000   -7.5000    7.500013870.9277   18.4605
    7.5000   -7.5000    7.500013307.5928   18.4463
   -7.5000    0.0000    7.500014622.7715   18.5170
    0.0000    0.0000    7.500015207.3486   18.4789
    7.5000    0.0000    7.500014591.2832   18.4715
   -7.5000    7.5000    7.500014690.2285   18.6268
    0.0000    7.5000    7.500015243.0322   18.5933
    7.5000    7.5000    7.500014648.0342   18.5816
   -7.5000   15.0000    7.500014610.5723   18.6703
    0.0000   15.0000    7.500015118.2598   18.6359
    7.5000   15.0000    7.500014552.2861   18.6140
   -7.5000   22.5000    7.500014447.1865   18.6011
    0.0000   22.5000    7.500014939.1836   18.5632
    7.5000   22.5000    7.500014356.6113   18.5382
   -7.5000   30.0000    7.500014094.6260   18.2834
    0.0000   30.0000    7.500014609.5781   18.2420
    7.5000   30.0000    7.500014062.5410   18.2208
   -7.5000   37.5000    7.500014283.2432   18.2281
    0.0000   37.5000    7.500014855.7002   18.1857
    7.5000   37.5000    7.500014282.2217   18.1716
   -7.5000   45.0000    7.500013868.7578   17.8483
    0.0000   45.0000    7.500014404.8213   17.8116
    7.5000   45.0000    7.500013877.0791   17.8044
   -7.5000  -45.0000   15.0000 6687.0864   20.9815
    0.0000  -45.0000   15.0000 6978.3364   20.9496
    7.5000  -45.0000   15.0000 6703.9385   20.9571
   -7.5000  -37.5000   15.0000 7458.3140   20.2145
    0.0000  -37.5000   15.0000 7771.9683   20.1850
    7.5000  -37.5000   15.0000 7473.9082   20.1823
   -7.5000  -30.0000   15.0000 8683.8779   19.5902
    0.0000  -30.0000   15.0000 9067.4531   19.5648
    7.5000  -30.0000   15.0000 8702.8105   19.5521
   -7.5000  -22.5000   15.000010080.5596   19.0697
    0.0000  -22.5000   15.000010536.8496   19.0394
    7.5000  -22.5000   15.000010089.9844   19.0223
   -7.5000  -15.0000   15.000011501.0000   18.6603
    0.0000  -15.0000   15.000011988.7246   18.6290
    7.5000  -15.0000   15.000011488.2725   18.6171
   -7.5000   -7.5000   15.000012862.4795   18.4979
    0.0000   -7.5000   15.000013412.0908   18.4666
    7.5000   -7.5000   15.000012839.6055   18.4614
   -7.5000    0.0000   15.000014116.6670   18.5199
    0.0000    0.0000   15.000014683.2832   18.4924
    7.5000    0.0000   15.000014058.9912   18.4918
   -7.5000    7.5000   15.000014186.4805   18.6258
    0.0000    7.5000   15.000014709.3096   18.6010
    7.5000    7.5000   15.000014117.5332   18.5946
   -7.5000   15.0000   15.000014080.8145   18.6578
    0.0000   15.0000   15.000014570.9229   18.6321
    7.5000   15.0000   15.000014006.5918   18.6168
   -7.5000   22.5000   15.000013902.8721   18.5795
    0.0000   22.5000   15.000014350.8477   18.5518
    7.5000   22.5000   15.000013807.8525   18.5356
   -7.5000   30.0000   15.000013568.2168   18.2648
    0.0000   30.0000   15.000014009.1348   18.2350
    7.5000   30.0000   15.000013546.2939   18.2232
   -7.5000   37.5000   15.000013729.6133   18.2223
    0.0000   37.5000   15.000014205.4941   18.1916
    7.5000   37.5000   15.000013781.4551   18.1865
   -7.5000   45.0000   15.000013355.6885   17.8510
    0.0000   45.0000   15.000013802.0537   17.8245
    7.5000   45.0000   15.000013375.2188   17.8239
   -7.5000  -45.0000   22.5000 6373.5415   20.9828
    0.0000  -45.0000   22.5000 6647.7954   20.9670
    7.5000  -45.0000   22.5000 6385.4097   20.9902
   -7.5000  -37.5000   22.5000 7098.2842   20.2103
    0.0000  -37.5000   22.5000 7382.1172   20.1933
    7.5000  -37.5000   22.5000 7106.5034   20.2041
   -7.5000  -30.0000   22.5000 8269.3174   19.5798
    0.0000  -30.0000   22.5000 8618.0264   19.5684
    7.5000  -30.0000   22.5000 8277.3447   19.5711
   -7.5000  -22.5000   22.5000 9612.0537   19.0622
    0.0000  -22.5000   22.500010038.1729   19.0500
    7.5000  -22.5000   22.5000 9624.5586   19.0476
   -7.5000  -15.0000   22.500010961.0518   18.6574
    0.0000  -15.0000   22.500011435.2412   18.6467
    7.5000  -15.0000   22.500010953.8867   18.6482
   -7.5000   -7.5000   22.500012251.4258   18.4998
    0.0000   -7.5000   22.500012794.8066   18.4874
    7.5000   -7.5000   22.500012239.7715   18.4946
   -7.5000    0.0000   22.500013447.6689   18.5203
    0.0000    0.0000   22.500013999.0186   18.5072
    7.5000    0.0000   22.500013404.7949   18.5177
   -7.5000    7.5000   22.500013529.7725   18.6199
    0.0000    7.5000   22.500014054.9912   18.6069
    7.5000    7.5000   22.500013479.7725   18.6123
   -7.5000   15.0000   22.500013438.4893   18.6488
    0.0000   15.0000   22.500013917.6738   18.6361
    7.5000   15.0000   22.500013384.6396   18.6344
   -7.5000   22.5000   22.500013256.6562   18.5721
    0.0000   22.5000   22.500013677.4248   18.5617
    7.5000   22.5000   22.500013203.9053   18.5593
   -7.5000   30.0000   22.500012970.4727   18.2621
    0.0000   30.0000   22.500013399.7158   18.2523
    7.5000   30.0000   22.500012957.4609   18.2537
   -7.5000   37.5000   22.500013198.8613   18.2242
    0.0000   37.5000   22.500013635.7070   18.2121
    7.5000   37.5000   22.500013177.9199   18.2192
   -7.5000   45.0000   22.500012833.4932   17.8514
    0.0000   45.0000   22.500013243.6006   17.8388
    7.5000   45.0000   22.500012805.6094   17.8490
   -7.5000  -45.0000   30.0000 5992.8667   21.0550
    0.0000  -45.0000   30.0000 6262.8091   21.0414
    7.5000  -45.0000   30.0000 6013.3770   21.0703
   -7.5000  -37.5000   30.0000 6680.9932   20.2733
    0.0000  -37.5000   30.0000 6969.0742   20.2591
    7.5000  -37.5000   30.0000 6694.8462   20.2776
   -7.5000  -30.0000   30.0000 7777.1582   19.6458
    0.0000  -30.0000   30.0000 8112.4746   19.6392
    7.5000  -30.0000   30.0000 7788.1426   19.6505
   -7.5000  -22.5000   30.0000 9033.8301   19.1337
    0.0000  -22.5000   30.0000 9427.6484   19.1288
    7.5000  -22.5000   30.0000 9043.9883   19.1319
   -7.5000  -15.0000   30.000010295.5303   18.7293
    0.0000  -15.0000   30.000010739.9727   18.7266
    7.5000  -15.0000   30.000010294.9902   18.7318
   -7.5000   -7.5000   30.000011512.9141   18.5652
    0.0000   -7.5000   30.000012015.6846   18.5593
    7.5000   -7.5000   30.000011511.6504   18.5700
   -7.5000    0.0000   30.000012654.0117   18.5778
    0.0000    0.0000   30.000013186.4150   18.5687
    7.5000    0.0000   30.000012630.0488   18.5838
   -7.5000    7.5000   30.000012760.1094   18.6747
    0.0000    7.5000   30.000013285.0000   18.6650
    7.5000    7.5000   30.000012725.1094   18.6771
   -7.5000   15.0000   30.000012709.7832   18.7089
    0.0000   15.0000   30.000013205.3105   18.7008
    7.5000   15.0000   30.000012654.9307   18.7064
   -7.5000   22.5000   30.000012555.5703   18.6403
    0.0000   22.5000   30.000013006.1094   18.6367
    7.5000   22.5000   30.000012500.8379   18.6395
   -7.5000   30.0000   30.000012302.2871   18.3318
    0.0000   30.0000   30.000012732.1016   18.3298
    7.5000   30.0000   30.000012261.9150   18.3348
   -7.5000   37.5000   30.000012507.9209   18.2884
    0.0000   37.5000   30.000012941.8203   18.2828
    7.5000   37.5000   30.000012449.5400   18.2933
   -7.5000   45.0000   30.000012177.2051   17.9068
    0.0000   45.0000   30.000012596.9824   17.8981
    7.5000   45.0000   30.000012124.5225   17.9126
   -7.5000  -45.0000   37.5000 5811.1147   21.1639
    0.0000  -45.0000   37.5000 6078.9692   21.1333
    7.5000  -45.0000   37.5000 5827.3818   21.1506
   -7.5000  -37.5000   37.5000 6474.3892   20.3773
    0.0000  -37.5000   37.5000 6756.0820   20.3504
    7.5000  -37.5000   37.5000 6493.9683   20.3620
   -7.5000  -30.0000   37.5000 7524.6440   19.7620
    0.0000  -30.0000   37.5000 7850.4414   19.7428
    7.5000  -30.0000   37.5000 7561.8730   19.7460
   -7.5000  -22.5000   37.5000 8725.9121   19.2543
    0.0000  -22.5000   37.5000 9112.8877   19.2355
    7.5000  -22.5000   37.5000 8774.4268   19.2279
   -7.5000  -15.0000   37.5000 9954.0342   18.8461
    0.0000  -15.0000   37.500010404.7197   18.8285
    7.5000  -15.0000   37.5000 9995.0371   18.8223
   -7.5000   -7.5000   37.500011160.3018   18.6703
    0.0000   -7.5000   37.500011655.7969   18.6496
    7.5000   -7.5000   37.500011180.0244   18.6498
   -7.5000    0.0000   37.500012258.7158   18.6760
    0.0000    0.0000   37.500012801.4658   18.6539
    7.5000    0.0000   37.500012266.7979   18.6611
   -7.5000    7.5000   37.500012373.5469   18.7770
    0.0000    7.5000   37.500012922.1904   18.7561
    7.5000    7.5000   37.500012357.6143   18.7621
   -7.5000   15.0000   37.500012337.7686   18.8212
    0.0000   15.0000   37.500012866.1328   18.8018
    7.5000   15.0000   37.500012291.9004   18.7999
   -7.5000   22.5000   37.500012194.1270   18.7600
    0.0000   22.5000   37.500012693.4854   18.7433
    7.5000   22.5000   37.500012143.0371   18.7361
   -7.5000   30.0000   37.500011943.0352   18.4468
    0.0000   30.0000   37.500012434.9443   18.4304
    7.5000   30.0000   37.500011906.5049   18.4243
   -7.5000   37.5000   37.500012129.5449   18.3921
    0.0000   37.5000   37.500012627.3477   18.3719
    7.5000   37.5000   37.500012082.2344   18.3721
   -7.5000   45.0000   37.500011837.5811   18.0015
    0.0000   45.0000   37.500012310.9980   17.9802
    7.5000   45.0000   37.500011786.0654   17.9872
   -7.5000  -45.0000   45.0000 5338.6060   21.2419
    0.0000  -45.0000   45.0000 5585.3301   21.1930
    7.5000  -45.0000   45.0000 5364.4160   21.1947
   -7.5000  -37.5000   45.0000 5937.0815   20.4552
    0.0000  -37.5000   45.0000 6208.2534   20.4133
    7.5000  -37.5000   45.0000 5975.9785   20.4111
   -7.5000  -30.0000   45.0000 6908.4702   19.8467
    0.0000  -30.0000   45.0000 7224.2852   19.8111
    7.5000  -30.0000   45.0000 6952.3213   19.7988
   -7.5000  -22.5000   45.0000 8026.8711   19.3367
    0.0000  -22.5000   45.0000 8385.8936   19.2981
    7.5000  -22.5000   45.0000 8082.7168   19.2764
   -7.5000  -15.0000   45.0000 9166.1533   18.9228
    0.0000  -15.0000   45.0000 9575.6104   18.8836
    7.5000  -15.0000   45.0000 9217.7334   18.8649
   -7.5000   -7.5000   45.000010276.8672   18.7405
    0.0000   -7.5000   45.000010740.6934   18.6997
    7.5000   -7.5000   45.000010326.2949   18.6880
   -7.5000    0.0000   45.000011294.8145   18.7462
    0.0000    0.0000   45.000011812.3076   18.7079
    7.5000    0.0000   45.000011329.5244   18.7041
   -7.5000    7.5000   45.000011395.5967   18.8549
    0.0000    7.5000   45.000011913.7656   18.8201
    7.5000    7.5000   45.000011410.2568   18.8142
   -7.5000   15.0000   45.000011351.1611   18.9057
    0.0000   15.0000   45.000011848.2725   18.8712
    7.5000   15.0000   45.000011333.5234   18.8554
   -7.5000   22.5000   45.000011232.6777   18.8447
    0.0000   22.5000   45.000011708.7012   18.8092
    7.5000   22.5000   45.000011193.3965   18.7887
   -7.5000   30.0000   45.000011005.7148   18.5228
    0.0000   30.0000   45.000011470.5068   18.4854
    7.5000   30.0000   45.000010960.7500   18.4671
   -7.5000   37.5000   45.000011167.5986   18.4603
    0.0000   37.5000   45.000011624.4004   18.4204
    7.5000   37.5000   45.000011105.6982   18.4089
   -7.5000   45.0000   45.000010907.9619   18.0774
    0.0000   45.0000   45.000011350.2432   18.0404
    7.5000   45.0000   45.000010856.3711   18.0368

---------------------------------------------------------------------
imgreg_4dfp /opt/freesurfer/average/711-2C_as_mni_average_305 /opt/freesurfer/average/711-2B_as_mni_average_305_mask talsrcimg_g11 none talsrcimg_to_711-2C_as_mni_average_305_t4 4355
---------------------------------------------------------------------

freesurfer imgreg_4dfp.c
/opt/freesurfer/average/711-2C_as_mni_average_305.4dfp.img
       256       256       256         1
  1.000000  1.000000  1.000000
orientation T byte_order littleendian
Reading image: /opt/freesurfer/average/711-2C_as_mni_average_305.4dfp.img
dimensions:      256       256       256
mmppix:       1.0000   -1.0000   -1.0000
center:     128.0000 -129.0000 -129.0000
/opt/freesurfer/average/711-2B_as_mni_average_305_mask.4dfp.img
       256       256       256         1
  1.000000  1.000000  1.000000
orientation T byte_order littleendian
Reading mask: /opt/freesurfer/average/711-2B_as_mni_average_305_mask.4dfp.img (2306576 pixels)
talsrcimg_g11.4dfp.img
       256       256       256         1
  1.000000  1.000000  1.000000
orientation T byte_order littleendian
Reading image: talsrcimg_g11.4dfp.img
dimensions:      256       256       256
mmppix:       1.0000   -1.0000   -1.0000
center:     128.0000 -129.0000 -129.0000
rotation matrix determinant  1.000000
image alignment mode   4355 decimal     1103 hex
   -7.5000  -37.5000  -45.0000 1498.4708   35.1337
    0.0000  -37.5000  -45.0000 1504.1982   34.9927
    7.5000  -37.5000  -45.0000 1485.6725   35.3028
   -7.5000  -30.0000  -45.0000 1613.6315   30.0475
    0.0000  -30.0000  -45.0000 1618.5907   29.9083
    7.5000  -30.0000  -45.0000 1601.0311   30.0820
   -7.5000  -22.5000  -45.0000 1742.8654   25.7042
    0.0000  -22.5000  -45.0000 1749.3745   25.5486
    7.5000  -22.5000  -45.0000 1738.6514   25.6781
   -7.5000  -15.0000  -45.0000 1879.8315   22.4249
    0.0000  -15.0000  -45.0000 1885.0665   22.2134
    7.5000  -15.0000  -45.0000 1875.3939   22.3740
   -7.5000   -7.5000  -45.0000 1990.3113   20.1199
    0.0000   -7.5000  -45.0000 1997.7209   19.9242
    7.5000   -7.5000  -45.0000 1983.0555   20.0736
   -7.5000    0.0000  -45.0000 2084.1367   18.5583
    0.0000    0.0000  -45.0000 2088.9868   18.3937
    7.5000    0.0000  -45.0000 2072.1770   18.5897
   -7.5000    7.5000  -45.0000 2145.2419   17.4817
    0.0000    7.5000  -45.0000 2155.5476   17.3215
    7.5000    7.5000  -45.0000 2135.2036   17.5038
   -7.5000   15.0000  -45.0000 2179.0212   16.6638
    0.0000   15.0000  -45.0000 2189.9949   16.5206
    7.5000   15.0000  -45.0000 2172.3823   16.6486
   -7.5000   22.5000  -45.0000 2207.4187   16.0370
    0.0000   22.5000  -45.0000 2219.0388   15.9058
    7.5000   22.5000  -45.0000 2204.9590   16.0292
   -7.5000   30.0000  -45.0000 2218.9480   15.7164
    0.0000   30.0000  -45.0000 2231.2090   15.5665
    7.5000   30.0000  -45.0000 2216.2253   15.7016
   -7.5000   37.5000  -45.0000 2209.7063   15.7026
    0.0000   37.5000  -45.0000 2223.5730   15.5846
    7.5000   37.5000  -45.0000 2204.3765   15.7567
   -7.5000   45.0000  -45.0000 2189.9917   16.0802
    0.0000   45.0000  -45.0000 2201.8301   15.9174
    7.5000   45.0000  -45.0000 2185.0784   16.1589
   -7.5000   52.5000  -45.0000 2137.0757   16.6850
    0.0000   52.5000  -45.0000 2150.1543   16.5140
    7.5000   52.5000  -45.0000 2132.6450   16.7836
   -7.5000  -37.5000  -37.5000 1564.3756   32.1407
    0.0000  -37.5000  -37.5000 1570.8306   32.1036
    7.5000  -37.5000  -37.5000 1551.7058   32.3622
   -7.5000  -30.0000  -37.5000 1677.9116   27.3606
    0.0000  -30.0000  -37.5000 1685.3489   27.2233
    7.5000  -30.0000  -37.5000 1672.6251   27.4742
   -7.5000  -22.5000  -37.5000 1820.3639   23.4584
    0.0000  -22.5000  -37.5000 1829.9507   23.2556
    7.5000  -22.5000  -37.5000 1819.3041   23.4648
   -7.5000  -15.0000  -37.5000 1969.6831   20.5082
    0.0000  -15.0000  -37.5000 1979.4059   20.3221
    7.5000  -15.0000  -37.5000 1960.6509   20.4253
   -7.5000   -7.5000  -37.5000 2088.3025   18.4182
    0.0000   -7.5000  -37.5000 2097.5239   18.2393
    7.5000   -7.5000  -37.5000 2075.7781   18.3666
   -7.5000    0.0000  -37.5000 2182.8730   17.0000
    0.0000    0.0000  -37.5000 2192.4985   16.8601
    7.5000    0.0000  -37.5000 2170.8948   17.0467
   -7.5000    7.5000  -37.5000 2240.5833   16.0184
    0.0000    7.5000  -37.5000 2250.9324   15.8802
    7.5000    7.5000  -37.5000 2230.8313   16.0533
   -7.5000   15.0000  -37.5000 2278.6067   15.2386
    0.0000   15.0000  -37.5000 2290.2896   15.0960
    7.5000   15.0000  -37.5000 2271.8252   15.2254
   -7.5000   22.5000  -37.5000 2310.9170   14.6401
    0.0000   22.5000  -37.5000 2325.1338   14.5061
    7.5000   22.5000  -37.5000 2306.9558   14.6126
   -7.5000   30.0000  -37.5000 2321.5840   14.3558
    0.0000   30.0000  -37.5000 2336.7070   14.2250
    7.5000   30.0000  -37.5000 2319.2419   14.3656
   -7.5000   37.5000  -37.5000 2311.6868   14.4381
    0.0000   37.5000  -37.5000 2325.6748   14.2870
    7.5000   37.5000  -37.5000 2307.7375   14.4488
   -7.5000   45.0000  -37.5000 2292.1667   14.7460
    0.0000   45.0000  -37.5000 2306.7446   14.6055
    7.5000   45.0000  -37.5000 2287.4668   14.7784
   -7.5000   52.5000  -37.5000 2237.0095   15.2749
    0.0000   52.5000  -37.5000 2253.4644   15.1154
    7.5000   52.5000  -37.5000 2233.3496   15.3303
   -7.5000  -37.5000  -30.0000 1655.4471   30.5659
    0.0000  -37.5000  -30.0000 1660.5217   30.5058
    7.5000  -37.5000  -30.0000 1643.3351   30.7932
   -7.5000  -30.0000  -30.0000 1774.0511   25.9441
    0.0000  -30.0000  -30.0000 1780.8507   25.7881
    7.5000  -30.0000  -30.0000 1772.8635   26.1528
   -7.5000  -22.5000  -30.0000 1927.4093   22.2072
    0.0000  -22.5000  -30.0000 1940.5742   22.0427
    7.5000  -22.5000  -30.0000 1927.2428   22.3176
   -7.5000  -15.0000  -30.0000 2089.4124   19.4503
    0.0000  -15.0000  -30.0000 2103.9456   19.2952
    7.5000  -15.0000  -30.0000 2082.4507   19.4839
   -7.5000   -7.5000  -30.0000 2214.0671   17.5048
    0.0000   -7.5000  -30.0000 2227.9717   17.3497
    7.5000   -7.5000  -30.0000 2205.5315   17.5106
   -7.5000    0.0000  -30.0000 2312.3857   16.1469
    0.0000    0.0000  -30.0000 2325.3306   16.0286
    7.5000    0.0000  -30.0000 2300.5591   16.1749
   -7.5000    7.5000  -30.0000 2374.0591   15.1631
    0.0000    7.5000  -30.0000 2386.5117   15.0596
    7.5000    7.5000  -30.0000 2367.2786   15.2215
   -7.5000   15.0000  -30.0000 2415.4436   14.4031
    0.0000   15.0000  -30.0000 2425.4187   14.2842
    7.5000   15.0000  -30.0000 2409.5017   14.4200
   -7.5000   22.5000  -30.0000 2457.2378   13.8671
    0.0000   22.5000  -30.0000 2469.4133   13.7323
    7.5000   22.5000  -30.0000 2450.0347   13.8492
   -7.5000   30.0000  -30.0000 2476.8083   13.5884
    0.0000   30.0000  -30.0000 2493.7578   13.4716
    7.5000   30.0000  -30.0000 2470.9792   13.6034
   -7.5000   37.5000  -30.0000 2470.9880   13.7091
    0.0000   37.5000  -30.0000 2486.0771   13.5644
    7.5000   37.5000  -30.0000 2466.2498   13.7123
   -7.5000   45.0000  -30.0000 2449.9954   14.0376
    0.0000   45.0000  -30.0000 2465.0974   13.9006
    7.5000   45.0000  -30.0000 2442.8442   14.0553
   -7.5000   52.5000  -30.0000 2390.6780   14.5813
    0.0000   52.5000  -30.0000 2406.5542   14.4277
    7.5000   52.5000  -30.0000 2383.5491   14.6048
   -7.5000  -37.5000  -22.5000 1724.3281   28.9996
    0.0000  -37.5000  -22.5000 1730.1560   28.8512
    7.5000  -37.5000  -22.5000 1715.8951   29.1933
   -7.5000  -30.0000  -22.5000 1849.4292   24.6634
    0.0000  -30.0000  -22.5000 1856.9320   24.4371
    7.5000  -30.0000  -22.5000 1848.4180   24.8192
   -7.5000  -22.5000  -22.5000 2012.2783   21.1164
    0.0000  -22.5000  -22.5000 2025.6865   20.9239
    7.5000  -22.5000  -22.5000 2009.8466   21.2344
   -7.5000  -15.0000  -22.5000 2179.1531   18.5195
    0.0000  -15.0000  -22.5000 2191.8806   18.3250
    7.5000  -15.0000  -22.5000 2171.8496   18.5674
   -7.5000   -7.5000  -22.5000 2308.9121   16.5825
    0.0000   -7.5000  -22.5000 2321.6824   16.4465
    7.5000   -7.5000  -22.5000 2301.7327   16.6469
   -7.5000    0.0000  -22.5000 2413.4705   15.2434
    0.0000    0.0000  -22.5000 2424.2603   15.1458
    7.5000    0.0000  -22.5000 2400.5659   15.3332
   -7.5000    7.5000  -22.5000 2483.6218   14.2950
    0.0000    7.5000  -22.5000 2493.8391   14.1955
    7.5000    7.5000  -22.5000 2473.0066   14.3583
   -7.5000   15.0000  -22.5000 2528.1716   13.5434
    0.0000   15.0000  -22.5000 2538.3228   13.4454
    7.5000   15.0000  -22.5000 2521.2441   13.5703
   -7.5000   22.5000  -22.5000 2576.0396   13.0118
    0.0000   22.5000  -22.5000 2591.0437   12.9081
    7.5000   22.5000  -22.5000 2571.2263   13.0419
   -7.5000   30.0000  -22.5000 2607.2686   12.7752
    0.0000   30.0000  -22.5000 2623.8757   12.6586
    7.5000   30.0000  -22.5000 2600.3120   12.8216
   -7.5000   37.5000  -22.5000 2611.2134   12.9158
    0.0000   37.5000  -22.5000 2626.7029   12.7723
    7.5000   37.5000  -22.5000 2599.6321   12.9251
   -7.5000   45.0000  -22.5000 2585.5925   13.2695
    0.0000   45.0000  -22.5000 2604.3237   13.1292
    7.5000   45.0000  -22.5000 2576.3967   13.2734
   -7.5000   52.5000  -22.5000 2519.8647   13.8117
    0.0000   52.5000  -22.5000 2539.2175   13.6586
    7.5000   52.5000  -22.5000 2510.6213   13.8010
   -7.5000  -37.5000  -15.0000 1774.2144   27.6140
    0.0000  -37.5000  -15.0000 1781.6349   27.4284
    7.5000  -37.5000  -15.0000 1766.9054   27.8273
   -7.5000  -30.0000  -15.0000 1904.5919   23.5364
    0.0000  -30.0000  -15.0000 1913.6198   23.3017
    7.5000  -30.0000  -15.0000 1899.6771   23.7302
   -7.5000  -22.5000  -15.0000 2069.1807   20.2267
    0.0000  -22.5000  -15.0000 2081.8330   20.0303
    7.5000  -22.5000  -15.0000 2065.9407   20.3627
   -7.5000  -15.0000  -15.0000 2234.5786   17.7048
    0.0000  -15.0000  -15.0000 2249.9614   17.5302
    7.5000  -15.0000  -15.0000 2231.4905   17.8079
   -7.5000   -7.5000  -15.0000 2370.6377   15.8054
    0.0000   -7.5000  -15.0000 2383.7986   15.6712
    7.5000   -7.5000  -15.0000 2363.6064   15.9006
   -7.5000    0.0000  -15.0000 2482.7197   14.4809
    0.0000    0.0000  -15.0000 2492.2319   14.3697
    7.5000    0.0000  -15.0000 2467.5127   14.5725
   -7.5000    7.5000  -15.0000 2563.1348   13.5154
    0.0000    7.5000  -15.0000 2574.9741   13.4095
    7.5000    7.5000  -15.0000 2550.9004   13.5706
   -7.5000   15.0000  -15.0000 2617.1943   12.7769
    0.0000   15.0000  -15.0000 2630.6765   12.6862
    7.5000   15.0000  -15.0000 2612.3538   12.8167
   -7.5000   22.5000  -15.0000 2673.0898   12.2400
    0.0000   22.5000  -15.0000 2687.8340   12.1469
    7.5000   22.5000  -15.0000 2668.5251   12.2880
   -7.5000   30.0000  -15.0000 2710.3242   12.0338
    0.0000   30.0000  -15.0000 2727.8679   11.9164
    7.5000   30.0000  -15.0000 2704.1941   12.0621
   -7.5000   37.5000  -15.0000 2718.4175   12.1430
    0.0000   37.5000  -15.0000 2739.4595   12.0142
    7.5000   37.5000  -15.0000 2712.2883   12.1673
   -7.5000   45.0000  -15.0000 2695.4741   12.5325
    0.0000   45.0000  -15.0000 2719.9258   12.3894
    7.5000   45.0000  -15.0000 2685.3032   12.5278
   -7.5000   52.5000  -15.0000 2624.0989   13.0794
    0.0000   52.5000  -15.0000 2643.7947   12.9345
    7.5000   52.5000  -15.0000 2613.1360   13.0635
   -7.5000  -37.5000   -7.5000 1807.1442   26.5143
    0.0000  -37.5000   -7.5000 1811.8624   26.2035
    7.5000  -37.5000   -7.5000 1801.3168   26.7450
   -7.5000  -30.0000   -7.5000 1946.1411   22.7299
    0.0000  -30.0000   -7.5000 1954.5880   22.4108
    7.5000  -30.0000   -7.5000 1939.6509   22.8479
   -7.5000  -22.5000   -7.5000 2113.7214   19.5643
    0.0000  -22.5000   -7.5000 2126.6538   19.3031
    7.5000  -22.5000   -7.5000 2114.1948   19.6390
   -7.5000  -15.0000   -7.5000 2274.7305   17.0710
    0.0000  -15.0000   -7.5000 2286.7617   16.8377
    7.5000  -15.0000   -7.5000 2271.7297   17.0619
   -7.5000   -7.5000   -7.5000 2409.6631   15.1654
    0.0000   -7.5000   -7.5000 2419.3474   14.9782
    7.5000   -7.5000   -7.5000 2402.3940   15.2000
   -7.5000    0.0000   -7.5000 2522.8186   13.8364
    0.0000    0.0000   -7.5000 2535.7065   13.6774
    7.5000    0.0000   -7.5000 2512.7896   13.8878
   -7.5000    7.5000   -7.5000 2614.1497   12.8406
    0.0000    7.5000   -7.5000 2630.3486   12.7173
    7.5000    7.5000   -7.5000 2605.2500   12.8972
   -7.5000   15.0000   -7.5000 2687.1643   12.1018
    0.0000   15.0000   -7.5000 2704.0564   11.9826
    7.5000   15.0000   -7.5000 2681.0229   12.1341
   -7.5000   22.5000   -7.5000 2756.1123   11.6165
    0.0000   22.5000   -7.5000 2772.8938   11.4835
    7.5000   22.5000   -7.5000 2752.7720   11.6173
   -7.5000   30.0000   -7.5000 2804.6511   11.3941
    0.0000   30.0000   -7.5000 2827.8223   11.2641
    7.5000   30.0000   -7.5000 2799.6675   11.3977
   -7.5000   37.5000   -7.5000 2816.0889   11.4892
    0.0000   37.5000   -7.5000 2842.8044   11.3588
    7.5000   37.5000   -7.5000 2807.9053   11.4967
   -7.5000   45.0000   -7.5000 2787.0161   11.8468
    0.0000   45.0000   -7.5000 2814.2773   11.7187
    7.5000   45.0000   -7.5000 2779.1946   11.8412
   -7.5000   52.5000   -7.5000 2698.2844   12.3875
    0.0000   52.5000   -7.5000 2720.4482   12.2472
    7.5000   52.5000   -7.5000 2689.8113   12.3608
   -7.5000  -37.5000    0.0000 1830.3854   25.9239
    0.0000  -37.5000    0.0000 1835.0712   25.4841
    7.5000  -37.5000    0.0000 1822.3531   25.9735
   -7.5000  -30.0000    0.0000 1978.9587   22.2282
    0.0000  -30.0000    0.0000 1987.5160   21.8427
    7.5000  -30.0000    0.0000 1970.2261   22.2813
   -7.5000  -22.5000    0.0000 2143.8738   19.1110
    0.0000  -22.5000    0.0000 2160.5762   18.7865
    7.5000  -22.5000    0.0000 2142.6099   19.1021
   -7.5000  -15.0000    0.0000 2300.0969   16.6189
    0.0000  -15.0000    0.0000 2313.7678   16.3410
    7.5000  -15.0000    0.0000 2295.3555   16.5759
   -7.5000   -7.5000    0.0000 2432.6892   14.7342
    0.0000   -7.5000    0.0000 2443.0432   14.4830
    7.5000   -7.5000    0.0000 2427.2112   14.7262
   -7.5000    0.0000    0.0000 2552.9622   13.3739
    0.0000    0.0000    0.0000 2562.8013   13.1690
    7.5000    0.0000    0.0000 2541.1072   13.3798
   -7.5000    7.5000    0.0000 2652.1033   12.3758
    0.0000    7.5000    0.0000 2665.3157   12.1910
    7.5000    7.5000    0.0000 2641.4712   12.3939
   -7.5000   15.0000    0.0000 2737.7393   11.6268
    0.0000   15.0000    0.0000 2756.5254   11.4511
    7.5000   15.0000    0.0000 2731.0796   11.6250
   -7.5000   22.5000    0.0000 2826.8098   11.1433
    0.0000   22.5000    0.0000 2848.8457   10.9751
    7.5000   22.5000    0.0000 2819.6738   11.1209
   -7.5000   30.0000    0.0000 2889.7686   10.8984
    0.0000   30.0000    0.0000 2924.4116   10.7619
    7.5000   30.0000    0.0000 2883.1653   10.9007
   -7.5000   37.5000    0.0000 2903.1562   10.9931
    0.0000   37.5000    0.0000 2939.8169   10.8822
    7.5000   37.5000    0.0000 2899.6450   11.0008
   -7.5000   45.0000    0.0000 2861.8042   11.3549
    0.0000   45.0000    0.0000 2894.6843   11.2260
    7.5000   45.0000    0.0000 2858.6599   11.3464
   -7.5000   52.5000    0.0000 2757.1826   11.8471
    0.0000   52.5000    0.0000 2783.6167   11.7103
    7.5000   52.5000    0.0000 2755.2532   11.8138
   -7.5000  -37.5000    7.5000 1846.9825   25.5319
    0.0000  -37.5000    7.5000 1851.8468   25.0774
    7.5000  -37.5000    7.5000 1837.7521   25.5721
   -7.5000  -30.0000    7.5000 1997.2732   21.9720
    0.0000  -30.0000    7.5000 2009.1105   21.5856
    7.5000  -30.0000    7.5000 1990.0494   21.9160
   -7.5000  -22.5000    7.5000 2165.9446   18.8403
    0.0000  -22.5000    7.5000 2184.3115   18.5338
    7.5000  -22.5000    7.5000 2160.5361   18.7931
   -7.5000  -15.0000    7.5000 2318.2891   16.3363
    0.0000  -15.0000    7.5000 2335.7781   16.0549
    7.5000  -15.0000    7.5000 2311.8433   16.2830
   -7.5000   -7.5000    7.5000 2448.5874   14.4726
    0.0000   -7.5000    7.5000 2463.7051   14.2231
    7.5000   -7.5000    7.5000 2442.1584   14.4374
   -7.5000    0.0000    7.5000 2569.3879   13.1328
    0.0000    0.0000    7.5000 2580.0361   12.8968
    7.5000    0.0000    7.5000 2556.7598   13.1079
   -7.5000    7.5000    7.5000 2671.1001   12.1323
    0.0000    7.5000    7.5000 2684.3865   11.9197
    7.5000    7.5000    7.5000 2660.5481   12.1256
   -7.5000   15.0000    7.5000 2768.5059   11.3496
    0.0000   15.0000    7.5000 2790.8872   11.1387
    7.5000   15.0000    7.5000 2764.6182   11.3388
   -7.5000   22.5000    7.5000 2876.3853   10.8372
    0.0000   22.5000    7.5000 2903.1294   10.6402
    7.5000   22.5000    7.5000 2869.2595   10.8081
   -7.5000   30.0000    7.5000 2954.3408   10.5892
    0.0000   30.0000    7.5000 3001.4119   10.4338
    7.5000   30.0000    7.5000 2942.0898   10.5938
   -7.5000   37.5000    7.5000 2975.2310   10.6736
    0.0000   37.5000    7.5000 3027.5044   10.5380
    7.5000   37.5000    7.5000 2966.5034   10.7114
   -7.5000   45.0000    7.5000 2916.0962   11.0511
    0.0000   45.0000    7.5000 2954.9229   10.9184
    7.5000   45.0000    7.5000 2914.2751   11.0704
   -7.5000   52.5000    7.5000 2796.6548   11.5276
    0.0000   52.5000    7.5000 2823.9990   11.3973
    7.5000   52.5000    7.5000 2791.7424   11.5429
   -7.5000  -37.5000   15.0000 1841.8164   25.4561
    0.0000  -37.5000   15.0000 1849.0842   25.0080
    7.5000  -37.5000   15.0000 1837.4193   25.4675
   -7.5000  -30.0000   15.0000 1994.5161   21.8664
    0.0000  -30.0000   15.0000 2010.3086   21.5187
    7.5000  -30.0000   15.0000 1993.2007   21.8501
   -7.5000  -22.5000   15.0000 2167.0793   18.7477
    0.0000  -22.5000   15.0000 2187.7773   18.4503
    7.5000  -22.5000   15.0000 2165.5493   18.7032
   -7.5000  -15.0000   15.0000 2322.1226   16.2565
    0.0000  -15.0000   15.0000 2340.0818   15.9985
    7.5000  -15.0000   15.0000 2319.7053   16.2151
   -7.5000   -7.5000   15.0000 2453.5652   14.4567
    0.0000   -7.5000   15.0000 2473.2405   14.2029
    7.5000   -7.5000   15.0000 2450.8230   14.4090
   -7.5000    0.0000   15.0000 2570.3218   13.1265
    0.0000    0.0000   15.0000 2587.8472   12.8870
    7.5000    0.0000   15.0000 2562.9148   13.0968
   -7.5000    7.5000   15.0000 2675.7400   12.1251
    0.0000    7.5000   15.0000 2693.3853   11.8858
    7.5000    7.5000   15.0000 2669.3552   12.1018
   -7.5000   15.0000   15.0000 2776.7485   11.3112
    0.0000   15.0000   15.0000 2800.6279   11.0720
    7.5000   15.0000   15.0000 2773.9163   11.2908
   -7.5000   22.5000   15.0000 2887.6108   10.7439
    0.0000   22.5000   15.0000 2918.4834   10.5373
    7.5000   22.5000   15.0000 2885.6897   10.7296
   -7.5000   30.0000   15.0000 2964.0378   10.4678
    0.0000   30.0000   15.0000 3009.1829   10.2843
    7.5000   30.0000   15.0000 2957.6311   10.4947
   -7.5000   37.5000   15.0000 2984.4690   10.5697
    0.0000   37.5000   15.0000 3031.9834   10.4141
    7.5000   37.5000   15.0000 2976.9939   10.6402
   -7.5000   45.0000   15.0000 2933.1655   10.9462
    0.0000   45.0000   15.0000 2965.4827   10.8132
    7.5000   45.0000   15.0000 2917.2629   11.0209
   -7.5000   52.5000   15.0000 2806.7942   11.4366
    0.0000   52.5000   15.0000 2835.2837   11.3132
    7.5000   52.5000   15.0000 2795.3262   11.4889
   -7.5000  -37.5000   22.5000 1821.2781   25.7240
    0.0000  -37.5000   22.5000 1832.5172   25.2086
    7.5000  -37.5000   22.5000 1820.6774   25.6818
   -7.5000  -30.0000   22.5000 1977.1475   22.0445
    0.0000  -30.0000   22.5000 1992.2435   21.6517
    7.5000  -30.0000   22.5000 1976.8000   21.9946
   -7.5000  -22.5000   22.5000 2155.0042   18.9262
    0.0000  -22.5000   22.5000 2174.1777   18.6273
    7.5000  -22.5000   22.5000 2155.4578   18.8695
   -7.5000  -15.0000   22.5000 2312.8501   16.4183
    0.0000  -15.0000   22.5000 2331.9111   16.1603
    7.5000  -15.0000   22.5000 2312.9104   16.3865
   -7.5000   -7.5000   22.5000 2447.7805   14.6001
    0.0000   -7.5000   22.5000 2471.4553   14.3886
    7.5000   -7.5000   22.5000 2447.9500   14.5833
   -7.5000    0.0000   22.5000 2564.9185   13.2656
    0.0000    0.0000   22.5000 2586.7310   13.0447
    7.5000    0.0000   22.5000 2561.4958   13.2552
   -7.5000    7.5000   22.5000 2666.5620   12.2758
    0.0000    7.5000   22.5000 2691.0369   12.0401
    7.5000    7.5000   22.5000 2665.5415   12.2482
   -7.5000   15.0000   22.5000 2764.8777   11.4754
    0.0000   15.0000   22.5000 2791.2312   11.2342
    7.5000   15.0000   22.5000 2764.6084   11.4603
   -7.5000   22.5000   22.5000 2862.8547   10.8859
    0.0000   22.5000   22.5000 2894.9353   10.6657
    7.5000   22.5000   22.5000 2865.8704   10.8951
   -7.5000   30.0000   22.5000 2924.7971   10.6134
    0.0000   30.0000   22.5000 2964.3958   10.4139
    7.5000   30.0000   22.5000 2926.3735   10.6586
   -7.5000   37.5000   22.5000 2938.7786   10.7366
    0.0000   37.5000   22.5000 2980.1541   10.5768
    7.5000   37.5000   22.5000 2939.3547   10.8009
   -7.5000   45.0000   22.5000 2887.9651   11.1086
    0.0000   45.0000   22.5000 2923.0623   10.9548
    7.5000   45.0000   22.5000 2884.1792   11.1668
   -7.5000   52.5000   22.5000 2776.1372   11.5813
    0.0000   52.5000   22.5000 2804.4595   11.4555
    7.5000   52.5000   22.5000 2770.9038   11.6290
   -7.5000  -37.5000   30.0000 1791.3041   26.2992
    0.0000  -37.5000   30.0000 1805.2034   25.8502
    7.5000  -37.5000   30.0000 1792.7249   26.3530
   -7.5000  -30.0000   30.0000 1943.7834   22.5041
    0.0000  -30.0000   30.0000 1961.5972   22.1322
    7.5000  -30.0000   30.0000 1947.5651   22.5117
   -7.5000  -22.5000   30.0000 2121.1001   19.3323
    0.0000  -22.5000   30.0000 2142.0903   19.0370
    7.5000  -22.5000   30.0000 2126.8359   19.2812
   -7.5000  -15.0000   30.0000 2286.3435   16.8135
    0.0000  -15.0000   30.0000 2306.0732   16.5228
    7.5000  -15.0000   30.0000 2288.5015   16.7489
   -7.5000   -7.5000   30.0000 2421.2222   14.9410
    0.0000   -7.5000   30.0000 2446.6560   14.7028
    7.5000   -7.5000   30.0000 2427.7222   14.9116
   -7.5000    0.0000   30.0000 2541.2188   13.6141
    0.0000    0.0000   30.0000 2567.3457   13.3778
    7.5000    0.0000   30.0000 2545.9436   13.5909
   -7.5000    7.5000   30.0000 2644.1599   12.6405
    0.0000    7.5000   30.0000 2672.3245   12.4149
    7.5000    7.5000   30.0000 2646.4905   12.6194
   -7.5000   15.0000   30.0000 2733.2639   11.8622
    0.0000   15.0000   30.0000 2763.2300   11.6575
    7.5000   15.0000   30.0000 2737.2439   11.8438
   -7.5000   22.5000   30.0000 2812.7217   11.2908
    0.0000   22.5000   30.0000 2845.5400   11.0828
    7.5000   22.5000   30.0000 2817.5525   11.2857
   -7.5000   30.0000   30.0000 2856.5588   11.0111
    0.0000   30.0000   30.0000 2889.6323   10.8445
    7.5000   30.0000   30.0000 2863.2324   11.0428
   -7.5000   37.5000   30.0000 2861.5449   11.1076
    0.0000   37.5000   30.0000 2896.6167   10.9519
    7.5000   37.5000   30.0000 2864.6091   11.1574
   -7.5000   45.0000   30.0000 2812.9070   11.4761
    0.0000   45.0000   30.0000 2843.6689   11.3166
    7.5000   45.0000   30.0000 2815.4153   11.5142
   -7.5000   52.5000   30.0000 2711.6157   11.9352
    0.0000   52.5000   30.0000 2737.5798   11.7883
    7.5000   52.5000   30.0000 2712.6106   11.9597
   -7.5000  -37.5000   37.5000 1756.7092   27.3878
    0.0000  -37.5000   37.5000 1770.4860   26.9212
    7.5000  -37.5000   37.5000 1757.1790   27.3895
   -7.5000  -30.0000   37.5000 1906.8306   23.3839
    0.0000  -30.0000   37.5000 1925.1685   22.9474
    7.5000  -30.0000   37.5000 1911.1819   23.3507
   -7.5000  -22.5000   37.5000 2080.4470   20.0054
    0.0000  -22.5000   37.5000 2102.0708   19.6801
    7.5000  -22.5000   37.5000 2090.7771   19.9762
   -7.5000  -15.0000   37.5000 2242.6389   17.4367
    0.0000  -15.0000   37.5000 2266.3640   17.1646
    7.5000  -15.0000   37.5000 2257.7200   17.3831
   -7.5000   -7.5000   37.5000 2382.1062   15.5396
    0.0000   -7.5000   37.5000 2407.0215   15.2974
    7.5000   -7.5000   37.5000 2396.5452   15.4986
   -7.5000    0.0000   37.5000 2498.7893   14.2032
    0.0000    0.0000   37.5000 2527.8230   13.9782
    7.5000    0.0000   37.5000 2510.7144   14.1895
   -7.5000    7.5000   37.5000 2592.6201   13.2450
    0.0000    7.5000   37.5000 2623.5964   13.0314
    7.5000    7.5000   37.5000 2600.2185   13.2294
   -7.5000   15.0000   37.5000 2672.3838   12.4882
    0.0000   15.0000   37.5000 2705.2095   12.2928
    7.5000   15.0000   37.5000 2681.5239   12.4630
   -7.5000   22.5000   37.5000 2741.1956   11.9243
    0.0000   22.5000   37.5000 2774.5696   11.7341
    7.5000   22.5000   37.5000 2749.8452   11.9039
   -7.5000   30.0000   37.5000 2774.9302   11.6244
    0.0000   30.0000   37.5000 2807.1160   11.4821
    7.5000   30.0000   37.5000 2785.9719   11.6480
   -7.5000   37.5000   37.5000 2769.5569   11.6867
    0.0000   37.5000   37.5000 2801.7112   11.5424
    7.5000   37.5000   37.5000 2779.6980   11.7188
   -7.5000   45.0000   37.5000 2726.1782   12.0219
    0.0000   45.0000   37.5000 2754.1296   11.8755
    7.5000   45.0000   37.5000 2734.1074   12.0495
   -7.5000   52.5000   37.5000 2629.2517   12.4758
    0.0000   52.5000   37.5000 2652.2214   12.3189
    7.5000   52.5000   37.5000 2633.4500   12.5006
   -7.5000  -37.5000   45.0000 1716.1923   28.8972
    0.0000  -37.5000   45.0000 1722.9592   28.3905
    7.5000  -37.5000   45.0000 1711.6010   28.8345
   -7.5000  -30.0000   45.0000 1863.3425   24.6167
    0.0000  -30.0000   45.0000 1876.1538   24.2014
    7.5000  -30.0000   45.0000 1864.7577   24.5447
   -7.5000  -22.5000   45.0000 2034.0099   21.0976
    0.0000  -22.5000   45.0000 2049.6694   20.7276
    7.5000  -22.5000   45.0000 2041.1290   20.9926
   -7.5000  -15.0000   45.0000 2195.0090   18.4107
    0.0000  -15.0000   45.0000 2213.9021   18.1004
    7.5000  -15.0000   45.0000 2207.1257   18.2929
   -7.5000   -7.5000   45.0000 2332.5532   16.4433
    0.0000   -7.5000   45.0000 2355.5845   16.1921
    7.5000   -7.5000   45.0000 2348.6987   16.3884
   -7.5000    0.0000   45.0000 2441.4595   15.0854
    0.0000    0.0000   45.0000 2470.5732   14.8642
    7.5000    0.0000   45.0000 2456.7632   15.0547
   -7.5000    7.5000   45.0000 2526.0322   14.1145
    0.0000    7.5000   45.0000 2555.8601   13.9145
    7.5000    7.5000   45.0000 2537.6550   14.0768
   -7.5000   15.0000   45.0000 2595.3672   13.3412
    0.0000   15.0000   45.0000 2627.6946   13.1461
    7.5000   15.0000   45.0000 2607.3733   13.2917
   -7.5000   22.5000   45.0000 2655.2051   12.7670
    0.0000   22.5000   45.0000 2685.8867   12.5705
    7.5000   22.5000   45.0000 2664.6714   12.7080
   -7.5000   30.0000   45.0000 2678.5493   12.4554
    0.0000   30.0000   45.0000 2705.4312   12.3055
    7.5000   30.0000   45.0000 2687.7222   12.4461
   -7.5000   37.5000   45.0000 2668.8367   12.4924
    0.0000   37.5000   45.0000 2695.1174   12.3377
    7.5000   37.5000   45.0000 2675.4670   12.4824
   -7.5000   45.0000   45.0000 2628.6584   12.7843
    0.0000   45.0000   45.0000 2651.7817   12.6348
    7.5000   45.0000   45.0000 2637.5999   12.7806
   -7.5000   52.5000   45.0000 2542.8005   13.2177
    0.0000   52.5000   45.0000 2560.3140   13.0701
    7.5000   52.5000   45.0000 2547.2061   13.2221

---------------------------------------------------------------------
imgreg_4dfp /opt/freesurfer/average/711-2C_as_mni_average_305 /opt/freesurfer/average/711-2B_as_mni_average_305_mask talsrcimg_g11 none talsrcimg_to_711-2C_as_mni_average_305_t4 1283
---------------------------------------------------------------------

freesurfer imgreg_4dfp.c
/opt/freesurfer/average/711-2C_as_mni_average_305.4dfp.img
       256       256       256         1
  1.000000  1.000000  1.000000
orientation T byte_order littleendian
Reading image: /opt/freesurfer/average/711-2C_as_mni_average_305.4dfp.img
dimensions:      256       256       256
mmppix:       1.0000   -1.0000   -1.0000
center:     128.0000 -129.0000 -129.0000
/opt/freesurfer/average/711-2B_as_mni_average_305_mask.4dfp.img
       256       256       256         1
  1.000000  1.000000  1.000000
orientation T byte_order littleendian
Reading mask: /opt/freesurfer/average/711-2B_as_mni_average_305_mask.4dfp.img (2306576 pixels)
talsrcimg_g11.4dfp.img
       256       256       256         1
  1.000000  1.000000  1.000000
orientation T byte_order littleendian
Reading image: talsrcimg_g11.4dfp.img
dimensions:      256       256       256
mmppix:       1.0000   -1.0000   -1.0000
center:     128.0000 -129.0000 -129.0000
rotation matrix determinant  1.000000
fimgreg.f
image alignment mode   1283 decimal      503 hex
parameters
    0.0000   37.5000   15.0000    0.0000    0.0000    0.0000
eta,q 0.95256 10.40704
niter,ni,del,rscale     5    3   12.0000    1.2000
parameter  3  0.717629 ->  0.500000 qaram    1.1500
parameter  5  0.684116 ->  0.500000 qaram    1.1500
parameters
    0.0410   35.7394   11.5500    0.2162   -3.4500   -0.4519
eta,q 0.95843 10.25706
  0.0606  0.0536  0.0461  0.0514  0.0428  0.0453
  0.0548  0.0485  0.0443  0.0468  0.0416  0.0434
  0.0512  0.0477  0.0450  0.0440  0.0422  0.0421
  0.0493  0.0492  0.0478  0.0441  0.0442  0.0416
  0.0506  0.0525  0.0524  0.0455  0.0469  0.0424
  0.0545  0.0572  0.0573  0.0473  0.0502  0.0443
  0.0605  0.0632  0.0617  0.0492  0.0543  0.0465
niter,ni,del,rscale     6    3   12.0000    1.2000
parameters
    0.8453   35.4352   11.8482    0.1166   -3.9657   -0.1594
eta,q 0.95920 10.24895
  0.0592  0.0540  0.0554  0.0476  0.0479  0.0457
  0.0513  0.0460  0.0485  0.0431  0.0439  0.0434
  0.0449  0.0411  0.0432  0.0405  0.0413  0.0418
  0.0416  0.0414  0.0411  0.0411  0.0410  0.0409
  0.0421  0.0445  0.0425  0.0425  0.0429  0.0413
  0.0456  0.0491  0.0473  0.0446  0.0459  0.0428
  0.0523  0.0549  0.0530  0.0466  0.0496  0.0449
niter,ni,del,rscale     5    3   12.0000    1.2000
parameters
    1.0212   35.4544   11.8717    0.1061   -4.1419   -0.0778
eta,q 0.95922 10.25006
  0.0563  0.0548  0.0541  0.0477  0.0485  0.0453
  0.0487  0.0471  0.0473  0.0431  0.0445  0.0432
  0.0429  0.0412  0.0425  0.0404  0.0415  0.0416
  0.0408  0.0408  0.0408  0.0408  0.0408  0.0408
  0.0424  0.0436  0.0427  0.0423  0.0423  0.0414
  0.0471  0.0477  0.0477  0.0443  0.0452  0.0429
  0.0549  0.0533  0.0535  0.0463  0.0489  0.0452
niter,ni,del,rscale     4    3   12.0000    1.2000
parameters
    1.0884   35.4643   11.8703    0.0986   -4.2130   -0.0516
eta,q 0.95923 10.25085
  0.0559  0.0547  0.0539  0.0476  0.0487  0.0452
  0.0484  0.0469  0.0472  0.0431  0.0446  0.0431
  0.0426  0.0411  0.0425  0.0404  0.0416  0.0416
  0.0408  0.0408  0.0408  0.0408  0.0408  0.0408
  0.0426  0.0436  0.0427  0.0423  0.0422  0.0414
  0.0475  0.0477  0.0477  0.0443  0.0450  0.0430
  0.0555  0.0532  0.0535  0.0462  0.0487  0.0453
niter,ni,del,rscale     3    3   12.0000    1.2000
parameters
    1.1143   35.4687   11.8672    0.0932   -4.2414   -0.0426
eta,q 0.95923 10.25125
  0.0557  0.0546  0.0539  0.0476  0.0487  0.0452
  0.0482  0.0469  0.0472  0.0431  0.0447  0.0431
  0.0426  0.0411  0.0425  0.0404  0.0417  0.0416
  0.0408  0.0408  0.0408  0.0408  0.0408  0.0408
  0.0426  0.0436  0.0427  0.0423  0.0421  0.0414
  0.0476  0.0477  0.0477  0.0443  0.0449  0.0430
  0.0557  0.0532  0.0535  0.0462  0.0486  0.0453
registration optimization eta report
parameter search radius
    6.0000    6.0000    6.9000    6.0000    6.9000    6.0000
100000*second partial in parameter space
       41.       36.       27.       17.       16.       12.
  0.0557  0.0546  0.0539  0.0476  0.0487  0.0452
  0.0482  0.0469  0.0472  0.0431  0.0447  0.0431
  0.0426  0.0411  0.0425  0.0404  0.0417  0.0416
  0.0408  0.0408  0.0408  0.0408  0.0408  0.0408
  0.0426  0.0436  0.0427  0.0423  0.0421  0.0414
  0.0476  0.0477  0.0477  0.0443  0.0449  0.0430
  0.0557  0.0532  0.0535  0.0462  0.0486  0.0453
    1.1143   35.4687   11.8672    0.0932   -4.2414   -0.0426
eta,q 0.95923 10.25125

---------------------------------------------------------------------
imgreg_4dfp /opt/freesurfer/average/711-2C_as_mni_average_305 /opt/freesurfer/average/711-2B_as_mni_average_305_mask talsrcimg_g11 none talsrcimg_to_711-2C_as_mni_average_305_t4 3335
---------------------------------------------------------------------

freesurfer imgreg_4dfp.c
/opt/freesurfer/average/711-2C_as_mni_average_305.4dfp.img
       256       256       256         1
  1.000000  1.000000  1.000000
orientation T byte_order littleendian
Reading image: /opt/freesurfer/average/711-2C_as_mni_average_305.4dfp.img
dimensions:      256       256       256
mmppix:       1.0000   -1.0000   -1.0000
center:     128.0000 -129.0000 -129.0000
/opt/freesurfer/average/711-2B_as_mni_average_305_mask.4dfp.img
       256       256       256         1
  1.000000  1.000000  1.000000
orientation T byte_order littleendian
Reading mask: /opt/freesurfer/average/711-2B_as_mni_average_305_mask.4dfp.img (2306576 pixels)
talsrcimg_g11.4dfp.img
       256       256       256         1
  1.000000  1.000000  1.000000
orientation T byte_order littleendian
Reading image: talsrcimg_g11.4dfp.img
dimensions:      256       256       256
mmppix:       1.0000   -1.0000   -1.0000
center:     128.0000 -129.0000 -129.0000
fimgreg.f
image alignment mode   3335 decimal      D07 hex
parameters
    1.1143   35.4687   11.8672   -0.2739   -0.0002   -0.2740
    0.0863    7.3958   -0.0741   -0.1682   -7.3959    0.1622
eta,q 0.95899 10.35572
niter,ni,del,rscale     5    3    5.0000    1.2000
parameter  4  1.639187 ->  0.500000 qaram    1.1500
parameter  5  1.637681 ->  0.500000 qaram    1.1500
parameter  6  1.130124 ->  0.500000 qaram    1.1500
parameters
    0.7894   35.8490   11.5131   -4.4139   -4.1402   -4.4140
   -0.6697    7.0498   -0.2750   -3.4978   -5.8691   -2.8326
eta,q 0.97357  9.58359
  0.0431  0.0432  0.0421  0.0335  0.0306  0.0265  0.0292  0.0316  0.0292  0.0278  0.0290  0.0270
  0.0417  0.0422  0.0413  0.0351  0.0315  0.0271  0.0282  0.0291  0.0282  0.0269  0.0279  0.0265
  0.0410  0.0414  0.0410  0.0376  0.0332  0.0288  0.0276  0.0277  0.0276  0.0268  0.0271  0.0264
  0.0410  0.0409  0.0410  0.0409  0.0357  0.0319  0.0275  0.0274  0.0274  0.0274  0.0268  0.0267
  0.0416  0.0409  0.0413  0.0451  0.0383  0.0360  0.0278  0.0281  0.0277  0.0290  0.0267  0.0273
  0.0428  0.0413  0.0420  0.0499  0.0413  0.0409  0.0287  0.0298  0.0283  0.0313  0.0270  0.0281
  0.0445  0.0422  0.0429  0.0551  0.0450  0.0463  0.0301  0.0324  0.0294  0.0338  0.0276  0.0292
niter,ni,del,rscale     7    3    5.0000    1.2000
parameter  4  0.707589 ->  0.500000 qaram    1.3225
parameters
    0.9798   36.1925   11.1741   -9.1749   -7.6978   -7.3941
    0.0690    6.9536   -0.2506   -2.1486   -6.4798   -1.4032
eta,q 0.97689  9.12295
  0.0299  0.0293  0.0278  0.0243  0.0245  0.0249  0.0257  0.0276  0.0250  0.0269  0.0242  0.0243
  0.0281  0.0278  0.0268  0.0240  0.0236  0.0239  0.0246  0.0254  0.0241  0.0252  0.0236  0.0237
  0.0269  0.0269  0.0264  0.0246  0.0234  0.0233  0.0238  0.0239  0.0235  0.0240  0.0232  0.0234
  0.0264  0.0264  0.0264  0.0263  0.0241  0.0233  0.0233  0.0233  0.0233  0.0233  0.0232  0.0232
  0.0266  0.0264  0.0268  0.0290  0.0254  0.0253  0.0234  0.0238  0.0235  0.0232  0.0234  0.0231
  0.0275  0.0270  0.0276  0.0329  0.0279  0.0294  0.0240  0.0255  0.0241  0.0238  0.0238  0.0233
  0.0290  0.0280  0.0289  0.0378  0.0313  0.0347  0.0250  0.0279  0.0250  0.0250  0.0246  0.0237
niter,ni,del,rscale     7    3    5.0000    1.2000
parameter  3  0.500152 ->  0.500000 qaram    1.1500
parameters
    1.1585   36.5163    9.7941  -10.3883   -7.9390   -9.2895
    0.1372    7.4163   -0.3362   -1.6168   -6.1398   -1.5418
eta,q 0.97727  8.98743
  0.0264  0.0259  0.0231  0.0260  0.0256  0.0250  0.0249  0.0273  0.0244  0.0258  0.0239  0.0236
  0.0247  0.0245  0.0227  0.0243  0.0242  0.0237  0.0238  0.0252  0.0235  0.0244  0.0233  0.0231
  0.0236  0.0236  0.0227  0.0231  0.0232  0.0230  0.0231  0.0237  0.0230  0.0233  0.0229  0.0228
  0.0231  0.0231  0.0230  0.0227  0.0227  0.0227  0.0228  0.0228  0.0228  0.0228  0.0227  0.0227
  0.0233  0.0232  0.0236  0.0235  0.0232  0.0235  0.0230  0.0230  0.0230  0.0229  0.0228  0.0228
  0.0241  0.0237  0.0244  0.0255  0.0241  0.0260  0.0237  0.0243  0.0236  0.0237  0.0231  0.0232
  0.0256  0.0247  0.0255  0.0288  0.0262  0.0302  0.0248  0.0265  0.0245  0.0251  0.0237  0.0237
niter,ni,del,rscale     7    3    5.0000    1.2000
parameters
    1.2305   36.7919    9.4119  -10.2166   -8.0800   -9.9597
   -0.0466    7.4575   -0.5059   -1.1091   -6.0894   -1.7788
eta,q 0.97735  8.96208
  0.0257  0.0255  0.0240  0.0267  0.0254  0.0257  0.0246  0.0268  0.0242  0.0256  0.0238  0.0236
  0.0241  0.0241  0.0231  0.0249  0.0241  0.0242  0.0236  0.0248  0.0234  0.0242  0.0232  0.0231
  0.0231  0.0232  0.0227  0.0235  0.0231  0.0231  0.0229  0.0234  0.0229  0.0232  0.0228  0.0228
  0.0227  0.0227  0.0227  0.0227  0.0226  0.0226  0.0227  0.0227  0.0227  0.0227  0.0227  0.0226
  0.0230  0.0228  0.0231  0.0228  0.0230  0.0228  0.0230  0.0231  0.0229  0.0228  0.0228  0.0228
  0.0239  0.0234  0.0239  0.0242  0.0239  0.0244  0.0237  0.0246  0.0235  0.0236  0.0231  0.0231
  0.0254  0.0245  0.0249  0.0269  0.0258  0.0277  0.0248  0.0269  0.0244  0.0250  0.0238  0.0237
niter,ni,del,rscale     6    3    5.0000    1.2000
parameters
    1.2262   36.9844    9.1805  -10.1044   -8.2296  -10.2536
   -0.0551    7.4396   -0.6180   -0.7214   -6.0768   -1.9759
eta,q 0.97739  8.94925
  0.0255  0.0252  0.0242  0.0266  0.0253  0.0259  0.0247  0.0267  0.0241  0.0254  0.0237  0.0235
  0.0239  0.0239  0.0232  0.0249  0.0240  0.0243  0.0236  0.0247  0.0234  0.0241  0.0231  0.0230
  0.0230  0.0230  0.0227  0.0234  0.0230  0.0232  0.0229  0.0233  0.0228  0.0231  0.0228  0.0227
  0.0227  0.0227  0.0226  0.0226  0.0226  0.0226  0.0226  0.0226  0.0226  0.0226  0.0226  0.0226
  0.0230  0.0228  0.0230  0.0228  0.0230  0.0227  0.0229  0.0230  0.0228  0.0228  0.0227  0.0227
  0.0240  0.0235  0.0237  0.0242  0.0239  0.0241  0.0236  0.0246  0.0234  0.0236  0.0231  0.0231
  0.0255  0.0245  0.0247  0.0269  0.0257  0.0271  0.0247  0.0269  0.0242  0.0250  0.0238  0.0237
niter,ni,del,rscale     5    3    5.0000    1.2000
parameters
    1.2086   37.1157    9.0546  -10.0362   -8.3597  -10.4201
   -0.0362    7.4137   -0.7106   -0.4472   -6.0632   -2.0954
eta,q 0.97740  8.94088
  0.0254  0.0250  0.0244  0.0266  0.0253  0.0259  0.0246  0.0267  0.0241  0.0253  0.0237  0.0236
  0.0239  0.0238  0.0233  0.0248  0.0240  0.0244  0.0236  0.0247  0.0233  0.0240  0.0231  0.0231
  0.0229  0.0229  0.0227  0.0234  0.0231  0.0232  0.0229  0.0232  0.0228  0.0231  0.0227  0.0227
  0.0226  0.0226  0.0226  0.0226  0.0226  0.0226  0.0226  0.0226  0.0226  0.0226  0.0226  0.0226
  0.0230  0.0228  0.0229  0.0228  0.0230  0.0227  0.0228  0.0230  0.0228  0.0228  0.0227  0.0227
  0.0239  0.0235  0.0236  0.0243  0.0239  0.0240  0.0235  0.0246  0.0234  0.0236  0.0231  0.0231
  0.0255  0.0245  0.0246  0.0270  0.0256  0.0269  0.0246  0.0269  0.0242  0.0250  0.0238  0.0237
niter,ni,del,rscale     4    3    5.0000    1.2000
parameters
    1.1953   37.2074    8.9744   -9.9950   -8.4656  -10.5319
   -0.0225    7.3952   -0.7644   -0.2522   -6.0609   -2.1519
eta,q 0.97740  8.93437
  0.0254  0.0249  0.0245  0.0265  0.0253  0.0259  0.0246  0.0267  0.0241  0.0252  0.0237  0.0236
  0.0239  0.0237  0.0234  0.0248  0.0240  0.0244  0.0236  0.0247  0.0233  0.0239  0.0231  0.0231
  0.0229  0.0229  0.0227  0.0234  0.0231  0.0232  0.0229  0.0232  0.0228  0.0230  0.0227  0.0227
  0.0226  0.0226  0.0226  0.0226  0.0226  0.0226  0.0226  0.0226  0.0226  0.0226  0.0226  0.0226
  0.0229  0.0228  0.0229  0.0228  0.0230  0.0227  0.0228  0.0230  0.0228  0.0228  0.0227  0.0227
  0.0239  0.0235  0.0236  0.0243  0.0239  0.0239  0.0235  0.0245  0.0233  0.0236  0.0231  0.0231
  0.0255  0.0246  0.0246  0.0270  0.0256  0.0268  0.0246  0.0269  0.0241  0.0250  0.0238  0.0237
niter,ni,del,rscale     3    3    5.0000    1.2000
parameters
    1.1869   37.2723    8.9230   -9.9667   -8.5502  -10.6104
   -0.0093    7.3836   -0.8042   -0.1128   -6.0417   -2.1945
eta,q 0.97741  8.92930
  0.0254  0.0249  0.0245  0.0265  0.0253  0.0260  0.0246  0.0267  0.0241  0.0251  0.0238  0.0236
  0.0239  0.0237  0.0234  0.0248  0.0240  0.0244  0.0236  0.0247  0.0233  0.0239  0.0231  0.0231
  0.0229  0.0229  0.0227  0.0234  0.0231  0.0232  0.0229  0.0232  0.0228  0.0230  0.0227  0.0227
  0.0226  0.0226  0.0226  0.0226  0.0226  0.0226  0.0226  0.0226  0.0226  0.0226  0.0226  0.0226
  0.0229  0.0228  0.0229  0.0228  0.0230  0.0227  0.0228  0.0230  0.0228  0.0228  0.0227  0.0227
  0.0239  0.0235  0.0236  0.0243  0.0239  0.0239  0.0235  0.0245  0.0233  0.0237  0.0231  0.0231
  0.0254  0.0246  0.0246  0.0270  0.0256  0.0267  0.0246  0.0269  0.0241  0.0250  0.0238  0.0237
niter,ni,del,rscale     2    3    5.0000    1.2000
parameters
    1.1811   37.3196    8.8835   -9.9500   -8.6104  -10.6714
    0.0012    7.3726   -0.8385   -0.0019   -6.0372   -2.2163
eta,q 0.97741  8.92536
  0.0254  0.0249  0.0245  0.0265  0.0253  0.0260  0.0246  0.0267  0.0241  0.0251  0.0238  0.0236
  0.0239  0.0236  0.0234  0.0248  0.0240  0.0245  0.0236  0.0247  0.0233  0.0238  0.0231  0.0231
  0.0229  0.0229  0.0227  0.0234  0.0231  0.0232  0.0229  0.0232  0.0228  0.0230  0.0227  0.0227
  0.0226  0.0226  0.0226  0.0226  0.0226  0.0226  0.0226  0.0226  0.0226  0.0226  0.0226  0.0226
  0.0229  0.0228  0.0229  0.0228  0.0230  0.0227  0.0228  0.0230  0.0228  0.0228  0.0227  0.0227
  0.0239  0.0236  0.0236  0.0243  0.0239  0.0239  0.0235  0.0245  0.0233  0.0237  0.0231  0.0230
  0.0254  0.0246  0.0245  0.0270  0.0255  0.0267  0.0246  0.0269  0.0241  0.0250  0.0238  0.0237
niter,ni,del,rscale     1    3    5.0000    1.2000
parameters
    1.1761   37.3563    8.8553   -9.9370   -8.6575  -10.7187
    0.0067    7.3664   -0.8621    0.0768   -6.0379   -2.2322
eta,q 0.97741  8.92229
  0.0254  0.0248  0.0246  0.0265  0.0253  0.0260  0.0246  0.0267  0.0241  0.0250  0.0238  0.0236
  0.0239  0.0236  0.0234  0.0248  0.0240  0.0245  0.0236  0.0247  0.0233  0.0238  0.0231  0.0231
  0.0229  0.0228  0.0228  0.0234  0.0231  0.0232  0.0229  0.0232  0.0228  0.0230  0.0227  0.0227
  0.0226  0.0226  0.0226  0.0226  0.0226  0.0226  0.0226  0.0226  0.0226  0.0226  0.0226  0.0226
  0.0229  0.0228  0.0229  0.0228  0.0230  0.0227  0.0228  0.0230  0.0228  0.0228  0.0227  0.0227
  0.0239  0.0236  0.0236  0.0243  0.0239  0.0239  0.0235  0.0245  0.0233  0.0237  0.0231  0.0231
  0.0254  0.0247  0.0245  0.0270  0.0255  0.0267  0.0246  0.0269  0.0241  0.0250  0.0238  0.0237
registration optimization eta report
parameter search radius
    2.4000    2.4000    2.7600    9.5220    8.2800    8.2800
    7.2000    7.2000    7.2000    7.2000    7.2000    7.2000
100000*second partial in parameter space
       49.       37.       26.        5.        4.        5.
        4.        8.        3.        5.        2.        2.
  0.0254  0.0248  0.0246  0.0265  0.0253  0.0260  0.0246  0.0267  0.0241  0.0250  0.0238  0.0236
  0.0239  0.0236  0.0234  0.0248  0.0240  0.0245  0.0236  0.0247  0.0233  0.0238  0.0231  0.0231
  0.0229  0.0228  0.0228  0.0234  0.0231  0.0232  0.0229  0.0232  0.0228  0.0230  0.0227  0.0227
  0.0226  0.0226  0.0226  0.0226  0.0226  0.0226  0.0226  0.0226  0.0226  0.0226  0.0226  0.0226
  0.0229  0.0228  0.0229  0.0228  0.0230  0.0227  0.0228  0.0230  0.0228  0.0228  0.0227  0.0227
  0.0239  0.0236  0.0236  0.0243  0.0239  0.0239  0.0235  0.0245  0.0233  0.0237  0.0231  0.0231
  0.0254  0.0247  0.0245  0.0270  0.0255  0.0267  0.0246  0.0269  0.0241  0.0250  0.0238  0.0237
    1.1761   37.3563    8.8553   -9.9370   -8.6575  -10.7187
    0.0067    7.3664   -0.8621    0.0768   -6.0379   -2.2322
eta,q 0.97741  8.92229

---------------------------------------------------------------------
imgreg_4dfp /opt/freesurfer/average/711-2C_as_mni_average_305 /opt/freesurfer/average/711-2B_as_mni_average_305_mask talsrcimg_g11 none talsrcimg_to_711-2C_as_mni_average_305_t4 2311
---------------------------------------------------------------------

freesurfer imgreg_4dfp.c
/opt/freesurfer/average/711-2C_as_mni_average_305.4dfp.img
       256       256       256         1
  1.000000  1.000000  1.000000
orientation T byte_order littleendian
Reading image: /opt/freesurfer/average/711-2C_as_mni_average_305.4dfp.img
dimensions:      256       256       256
mmppix:       1.0000   -1.0000   -1.0000
center:     128.0000 -129.0000 -129.0000
/opt/freesurfer/average/711-2B_as_mni_average_305_mask.4dfp.img
       256       256       256         1
  1.000000  1.000000  1.000000
orientation T byte_order littleendian
Reading mask: /opt/freesurfer/average/711-2B_as_mni_average_305_mask.4dfp.img (2306576 pixels)
talsrcimg_g11.4dfp.img
       256       256       256         1
  1.000000  1.000000  1.000000
orientation T byte_order littleendian
Reading image: talsrcimg_g11.4dfp.img
dimensions:      256       256       256
mmppix:       1.0000   -1.0000   -1.0000
center:     128.0000 -129.0000 -129.0000
fimgreg.f
image alignment mode   2311 decimal      907 hex
parameters
    1.1761   37.3563    8.8553   -9.9370   -8.6575  -10.7187
    0.0067    7.3664   -0.8621    0.0768   -6.0379   -2.2322
eta,q 0.97741  8.92229
niter,ni,del,rscale     5    3    5.0000    0.8000
parameters
    1.1706   37.3603    8.7586   -9.2043   -8.4892  -10.1819
    0.0105    7.4880   -0.8460    0.0892   -6.0309   -2.6609
eta,q 0.97750  8.97984
  0.0239  0.0236  0.0232  0.0240  0.0237  0.0240  0.0235  0.0247  0.0232  0.0237  0.0231  0.0229
  0.0232  0.0230  0.0228  0.0234  0.0232  0.0233  0.0229  0.0236  0.0228  0.0231  0.0228  0.0227
  0.0227  0.0227  0.0226  0.0229  0.0227  0.0228  0.0226  0.0228  0.0226  0.0227  0.0226  0.0225
  0.0226  0.0226  0.0226  0.0226  0.0225  0.0225  0.0225  0.0225  0.0225  0.0225  0.0225  0.0225
  0.0227  0.0227  0.0227  0.0226  0.0226  0.0225  0.0226  0.0227  0.0226  0.0226  0.0226  0.0226
  0.0232  0.0230  0.0230  0.0228  0.0230  0.0228  0.0229  0.0234  0.0228  0.0230  0.0228  0.0228
  0.0239  0.0236  0.0234  0.0234  0.0236  0.0235  0.0235  0.0245  0.0232  0.0237  0.0231  0.0231
niter,ni,del,rscale     4    3    5.0000    0.7000
parameters
    1.2165   37.3727    8.8696   -9.2220   -8.4209   -9.8466
   -0.0377    7.5801   -0.8018    0.0902   -6.1018   -2.7821
eta,q 0.97752  8.99660
  0.0236  0.0233  0.0231  0.0234  0.0234  0.0236  0.0232  0.0242  0.0230  0.0234  0.0229  0.0228
  0.0230  0.0229  0.0228  0.0230  0.0230  0.0230  0.0228  0.0233  0.0228  0.0229  0.0227  0.0226
  0.0226  0.0226  0.0226  0.0226  0.0226  0.0227  0.0226  0.0227  0.0226  0.0226  0.0225  0.0225
  0.0225  0.0225  0.0225  0.0225  0.0225  0.0225  0.0225  0.0225  0.0225  0.0225  0.0225  0.0225
  0.0226  0.0226  0.0225  0.0226  0.0226  0.0225  0.0226  0.0226  0.0225  0.0226  0.0225  0.0225
  0.0229  0.0228  0.0227  0.0229  0.0229  0.0228  0.0228  0.0232  0.0227  0.0229  0.0227  0.0227
  0.0235  0.0233  0.0230  0.0235  0.0234  0.0233  0.0232  0.0241  0.0230  0.0234  0.0229  0.0229
niter,ni,del,rscale     3    3    5.0000    0.6000
parameters
    1.2436   37.3383    8.9452   -9.2249   -8.3758   -9.6304
   -0.0724    7.6471   -0.7378    0.0260   -6.1410   -2.8177
eta,q 0.97752  9.00748
  0.0233  0.0230  0.0229  0.0232  0.0232  0.0232  0.0230  0.0238  0.0229  0.0231  0.0228  0.0227
  0.0229  0.0227  0.0227  0.0228  0.0228  0.0228  0.0227  0.0231  0.0227  0.0228  0.0226  0.0226
  0.0226  0.0225  0.0225  0.0226  0.0226  0.0226  0.0225  0.0226  0.0225  0.0226  0.0225  0.0225
  0.0225  0.0225  0.0225  0.0225  0.0225  0.0225  0.0225  0.0225  0.0225  0.0225  0.0225  0.0225
  0.0226  0.0226  0.0225  0.0225  0.0226  0.0225  0.0225  0.0226  0.0225  0.0226  0.0225  0.0225
  0.0228  0.0228  0.0226  0.0228  0.0228  0.0227  0.0227  0.0230  0.0227  0.0228  0.0226  0.0226
  0.0232  0.0231  0.0228  0.0232  0.0232  0.0231  0.0230  0.0237  0.0229  0.0232  0.0228  0.0228
niter,ni,del,rscale     2    3    5.0000    0.5000
parameters
    1.2654   37.3030    9.0003   -9.2144   -8.3348   -9.4721
   -0.1054    7.7005   -0.6688   -0.0487   -6.2122   -2.8376
eta,q 0.97753  9.01632
  0.0230  0.0229  0.0228  0.0230  0.0230  0.0230  0.0228  0.0234  0.0228  0.0229  0.0227  0.0227
  0.0227  0.0226  0.0226  0.0227  0.0227  0.0227  0.0226  0.0229  0.0226  0.0227  0.0226  0.0226
  0.0225  0.0225  0.0225  0.0225  0.0225  0.0225  0.0225  0.0226  0.0225  0.0225  0.0225  0.0225
  0.0225  0.0225  0.0225  0.0225  0.0225  0.0225  0.0225  0.0225  0.0225  0.0225  0.0225  0.0225
  0.0225  0.0225  0.0225  0.0225  0.0225  0.0225  0.0225  0.0226  0.0225  0.0225  0.0225  0.0225
  0.0227  0.0227  0.0226  0.0227  0.0227  0.0226  0.0226  0.0229  0.0226  0.0227  0.0226  0.0226
  0.0230  0.0229  0.0227  0.0230  0.0230  0.0229  0.0229  0.0233  0.0228  0.0230  0.0227  0.0227
niter,ni,del,rscale     1    3    5.0000    0.4000
parameters
    1.2799   37.2664    9.0525   -9.1961   -8.2684   -9.3341
   -0.1355    7.7390   -0.6147   -0.1231   -6.2308   -2.8727
eta,q 0.97753  9.02543
  0.0228  0.0227  0.0227  0.0228  0.0228  0.0228  0.0227  0.0231  0.0227  0.0228  0.0226  0.0226
  0.0226  0.0226  0.0226  0.0226  0.0227  0.0226  0.0226  0.0227  0.0226  0.0226  0.0225  0.0225
  0.0225  0.0225  0.0225  0.0225  0.0225  0.0225  0.0225  0.0225  0.0225  0.0225  0.0225  0.0225
  0.0225  0.0225  0.0225  0.0225  0.0225  0.0225  0.0225  0.0225  0.0225  0.0225  0.0225  0.0225
  0.0225  0.0225  0.0225  0.0225  0.0225  0.0225  0.0225  0.0225  0.0225  0.0225  0.0225  0.0225
  0.0226  0.0226  0.0225  0.0226  0.0226  0.0226  0.0226  0.0227  0.0225  0.0226  0.0225  0.0225
  0.0228  0.0228  0.0226  0.0228  0.0228  0.0227  0.0227  0.0230  0.0227  0.0228  0.0226  0.0226
registration optimization eta report
parameter search radius
    0.8000    0.8000    0.8000    2.4000    2.4000    2.4000
    2.4000    2.4000    2.4000    2.4000    2.4000    2.4000
100000*second partial in parameter space
       54.       41.       27.        6.        6.        5.
        4.       10.        3.        6.        3.        2.
  0.0228  0.0227  0.0227  0.0228  0.0228  0.0228  0.0227  0.0231  0.0227  0.0228  0.0226  0.0226
  0.0226  0.0226  0.0226  0.0226  0.0227  0.0226  0.0226  0.0227  0.0226  0.0226  0.0225  0.0225
  0.0225  0.0225  0.0225  0.0225  0.0225  0.0225  0.0225  0.0225  0.0225  0.0225  0.0225  0.0225
  0.0225  0.0225  0.0225  0.0225  0.0225  0.0225  0.0225  0.0225  0.0225  0.0225  0.0225  0.0225
  0.0225  0.0225  0.0225  0.0225  0.0225  0.0225  0.0225  0.0225  0.0225  0.0225  0.0225  0.0225
  0.0226  0.0226  0.0225  0.0226  0.0226  0.0226  0.0226  0.0227  0.0225  0.0226  0.0225  0.0225
  0.0228  0.0228  0.0226  0.0228  0.0228  0.0227  0.0227  0.0230  0.0227  0.0228  0.0226  0.0226
    1.2799   37.2664    9.0525   -9.1961   -8.2684   -9.3341
   -0.1355    7.7390   -0.6147   -0.1231   -6.2308   -2.8727
eta,q 0.97753  9.02543

---------------------------------------------------------------------
imgreg_4dfp /opt/freesurfer/average/711-2C_as_mni_average_305 /opt/freesurfer/average/711-2B_as_mni_average_305_mask talsrcimg_g11 none talsrcimg_to_711-2C_as_mni_average_305_t4 2311
---------------------------------------------------------------------

freesurfer imgreg_4dfp.c
/opt/freesurfer/average/711-2C_as_mni_average_305.4dfp.img
       256       256       256         1
  1.000000  1.000000  1.000000
orientation T byte_order littleendian
Reading image: /opt/freesurfer/average/711-2C_as_mni_average_305.4dfp.img
dimensions:      256       256       256
mmppix:       1.0000   -1.0000   -1.0000
center:     128.0000 -129.0000 -129.0000
/opt/freesurfer/average/711-2B_as_mni_average_305_mask.4dfp.img
       256       256       256         1
  1.000000  1.000000  1.000000
orientation T byte_order littleendian
Reading mask: /opt/freesurfer/average/711-2B_as_mni_average_305_mask.4dfp.img (2306576 pixels)
talsrcimg_g11.4dfp.img
       256       256       256         1
  1.000000  1.000000  1.000000
orientation T byte_order littleendian
Reading image: talsrcimg_g11.4dfp.img
dimensions:      256       256       256
mmppix:       1.0000   -1.0000   -1.0000
center:     128.0000 -129.0000 -129.0000
fimgreg.f
image alignment mode   2311 decimal      907 hex
parameters
    1.2799   37.2664    9.0525   -9.1962   -8.2684   -9.3341
   -0.1355    7.7390   -0.6147   -0.1231   -6.2308   -2.8727
eta,q 0.97753  9.02543
niter,ni,del,rscale     5    3    5.0000    0.8000
parameters
    1.2937   37.2509    9.1282   -9.4234   -8.2520   -9.5056
   -0.1468    7.6936   -0.6224   -0.2255   -6.1862   -2.7453
eta,q 0.97752  9.00947
  0.0239  0.0235  0.0232  0.0236  0.0236  0.0236  0.0234  0.0246  0.0232  0.0236  0.0231  0.0230
  0.0231  0.0229  0.0228  0.0230  0.0231  0.0230  0.0229  0.0235  0.0228  0.0230  0.0228  0.0227
  0.0226  0.0226  0.0226  0.0226  0.0226  0.0226  0.0226  0.0227  0.0226  0.0226  0.0226  0.0226
  0.0225  0.0225  0.0225  0.0225  0.0225  0.0225  0.0225  0.0225  0.0225  0.0225  0.0225  0.0225
  0.0226  0.0226  0.0225  0.0226  0.0226  0.0226  0.0226  0.0227  0.0226  0.0226  0.0225  0.0225
  0.0231  0.0230  0.0227  0.0231  0.0230  0.0230  0.0229  0.0235  0.0228  0.0231  0.0227  0.0227
  0.0238  0.0235  0.0231  0.0239  0.0236  0.0240  0.0234  0.0247  0.0232  0.0238  0.0230  0.0229
niter,ni,del,rscale     4    3    5.0000    0.7000
parameters
    1.2822   37.2092    9.0841   -9.3388   -8.2362   -9.4715
   -0.1307    7.6922   -0.6137   -0.2742   -6.1876   -2.7563
eta,q 0.97753  9.01440
  0.0235  0.0232  0.0230  0.0235  0.0234  0.0234  0.0232  0.0241  0.0230  0.0234  0.0229  0.0228
  0.0229  0.0228  0.0227  0.0230  0.0229  0.0229  0.0228  0.0233  0.0227  0.0229  0.0227  0.0226
  0.0226  0.0225  0.0225  0.0226  0.0226  0.0226  0.0226  0.0227  0.0225  0.0226  0.0225  0.0225
  0.0225  0.0225  0.0225  0.0225  0.0225  0.0225  0.0225  0.0225  0.0225  0.0225  0.0225  0.0225
  0.0226  0.0226  0.0226  0.0225  0.0226  0.0225  0.0226  0.0227  0.0225  0.0226  0.0225  0.0225
  0.0230  0.0229  0.0227  0.0229  0.0229  0.0228  0.0228  0.0232  0.0227  0.0229  0.0227  0.0226
  0.0235  0.0233  0.0230  0.0234  0.0234  0.0235  0.0232  0.0242  0.0230  0.0235  0.0229  0.0229
niter,ni,del,rscale     3    3    5.0000    0.6000
parameters
    1.2821   37.2061    9.0845   -9.2870   -8.2163   -9.3800
   -0.1255    7.7104   -0.5891   -0.2804   -6.2109   -2.8151
eta,q 0.97753  9.02111
  0.0232  0.0231  0.0229  0.0232  0.0232  0.0232  0.0230  0.0237  0.0229  0.0232  0.0228  0.0227
  0.0228  0.0227  0.0226  0.0228  0.0228  0.0228  0.0227  0.0231  0.0227  0.0228  0.0226  0.0226
  0.0226  0.0225  0.0225  0.0226  0.0226  0.0226  0.0225  0.0226  0.0225  0.0226  0.0225  0.0225
  0.0225  0.0225  0.0225  0.0225  0.0225  0.0225  0.0225  0.0225  0.0225  0.0225  0.0225  0.0225
  0.0226  0.0225  0.0225  0.0225  0.0226  0.0225  0.0225  0.0226  0.0225  0.0225  0.0225  0.0225
  0.0228  0.0227  0.0226  0.0228  0.0228  0.0227  0.0227  0.0230  0.0227  0.0228  0.0226  0.0226
  0.0232  0.0231  0.0229  0.0232  0.0232  0.0232  0.0230  0.0237  0.0229  0.0232  0.0228  0.0228
niter,ni,del,rscale     2    3    5.0000    0.5000
parameters
    1.2862   37.2034    9.1006   -9.2468   -8.1981   -9.2689
   -0.1347    7.7344   -0.5721   -0.2840   -6.2240   -2.8609
eta,q 0.97754  9.02823
  0.0230  0.0229  0.0227  0.0230  0.0230  0.0229  0.0228  0.0234  0.0228  0.0230  0.0227  0.0226
  0.0227  0.0226  0.0226  0.0227  0.0227  0.0227  0.0226  0.0229  0.0226  0.0227  0.0226  0.0225
  0.0225  0.0225  0.0225  0.0225  0.0225  0.0225  0.0225  0.0226  0.0225  0.0225  0.0225  0.0225
  0.0225  0.0225  0.0225  0.0225  0.0225  0.0225  0.0225  0.0225  0.0225  0.0225  0.0225  0.0225
  0.0225  0.0225  0.0225  0.0225  0.0225  0.0225  0.0225  0.0226  0.0225  0.0225  0.0225  0.0225
  0.0227  0.0226  0.0226  0.0227  0.0227  0.0226  0.0226  0.0229  0.0226  0.0227  0.0226  0.0225
  0.0230  0.0229  0.0227  0.0230  0.0230  0.0229  0.0229  0.0234  0.0228  0.0230  0.0227  0.0227
niter,ni,del,rscale     1    3    5.0000    0.4000
parameters
    1.2981   37.2031    9.1225   -9.2251   -8.1824   -9.1691
   -0.1512    7.7595   -0.5576   -0.2727   -6.2429   -2.8872
eta,q 0.97754  9.03415
  0.0228  0.0227  0.0226  0.0228  0.0228  0.0228  0.0227  0.0231  0.0227  0.0228  0.0226  0.0226
  0.0226  0.0226  0.0225  0.0226  0.0226  0.0226  0.0226  0.0227  0.0226  0.0226  0.0225  0.0225
  0.0225  0.0225  0.0225  0.0225  0.0225  0.0225  0.0225  0.0225  0.0225  0.0225  0.0225  0.0225
  0.0225  0.0225  0.0225  0.0225  0.0225  0.0225  0.0225  0.0225  0.0225  0.0225  0.0225  0.0225
  0.0225  0.0225  0.0225  0.0225  0.0225  0.0225  0.0225  0.0225  0.0225  0.0225  0.0225  0.0225
  0.0226  0.0226  0.0225  0.0226  0.0226  0.0226  0.0226  0.0227  0.0225  0.0226  0.0225  0.0225
  0.0228  0.0227  0.0226  0.0228  0.0228  0.0227  0.0227  0.0230  0.0227  0.0228  0.0226  0.0226
registration optimization eta report
parameter search radius
    0.8000    0.8000    0.8000    2.4000    2.4000    2.4000
    2.4000    2.4000    2.4000    2.4000    2.4000    2.4000
100000*second partial in parameter space
       54.       41.       27.        6.        6.        5.
        4.       10.        3.        6.        3.        2.
  0.0228  0.0227  0.0226  0.0228  0.0228  0.0228  0.0227  0.0231  0.0227  0.0228  0.0226  0.0226
  0.0226  0.0226  0.0225  0.0226  0.0226  0.0226  0.0226  0.0227  0.0226  0.0226  0.0225  0.0225
  0.0225  0.0225  0.0225  0.0225  0.0225  0.0225  0.0225  0.0225  0.0225  0.0225  0.0225  0.0225
  0.0225  0.0225  0.0225  0.0225  0.0225  0.0225  0.0225  0.0225  0.0225  0.0225  0.0225  0.0225
  0.0225  0.0225  0.0225  0.0225  0.0225  0.0225  0.0225  0.0225  0.0225  0.0225  0.0225  0.0225
  0.0226  0.0226  0.0225  0.0226  0.0226  0.0226  0.0226  0.0227  0.0225  0.0226  0.0225  0.0225
  0.0228  0.0227  0.0226  0.0228  0.0228  0.0227  0.0227  0.0230  0.0227  0.0228  0.0226  0.0226
    1.2981   37.2031    9.1225   -9.2251   -8.1824   -9.1691
   -0.1512    7.7595   -0.5576   -0.2727   -6.2429   -2.8872
eta,q 0.97754  9.03415

---------------------------------------------------------------------
compute_vox2vox talsrcimg talsrcimg_to_711-2C_as_mni_average_305_t4 /opt/freesurfer/average/711-2C_as_mni_average_305
---------------------------------------------------------------------

freesurfer compute_vox2vox.c
Reading: talsrcimg.4dfp.ifh
Reading: talsrcimg_to_711-2C_as_mni_average_305_t4
Reading: /opt/freesurfer/average/711-2C_as_mni_average_305.4dfp.ifh
Writing: talsrcimg_to_711-2C_as_mni_average_305_t4_vox2vox.txt

start time Sun Mar 15 08:14:09 CET 2026
end		time Sun Mar 15 08:14:23 CET 2026

mpr2mni305 success

avi2talxfm orig_nu.mgz /opt/freesurfer/average/mni305.cor.mgz talsrcimg_to_711-2C_as_mni_average_305_t4_vox2vox.txt transforms/talairach.auto.xfm
avi2talxfm done
mv -f /out/sourcedata/freesurfer/sub-v2s10x28940_ses-1/mri/talsrcimg_to_711-2C_as_mni_average_305_t4_vox2vox.txt /out/sourcedata/freesurfer/sub-v2s10x28940_ses-1/mri/transforms/talsrcimg_to_711-2C_as_mni_average_305_t4_vox2vox.txt
lta_convert --src orig_nu.mgz --trg /opt/freesurfer/average/mni305.cor.mgz --inxfm transforms/talairach.auto.xfm --outlta transforms/talairach.auto.xfm.lta --subject fsaverage
7.3.2

--src: orig_nu.mgz src image (geometry).
--trg: /opt/freesurfer/average/mni305.cor.mgz trg image (geometry).
--inmni: transforms/talairach.auto.xfm input MNI/XFM transform.
--outlta: transforms/talairach.auto.xfm.lta output LTA.
--s: fsaverage subject name
 LTA read, type : 1
 1.09518  -0.09356  -0.00114  -4.69400;
 0.07549   1.09460   0.03454  -16.29258;
 0.00687   0.00268   1.08921  -27.83221;
 0.00000   0.00000   0.00000   1.00000;
setting subject to fsaverage
Writing  LTA to file transforms/talairach.auto.xfm.lta...
lta_convert successful.
 
 
Started at Sun Mar 15 08:14:09 CET 2026
Ended   at Sun Mar 15 08:14:23 CET 2026
talairach_avi done
