status file for recon-all
Sun Mar 15 12:31:54 CET 2026
#@# Tessellate lh Sun Mar 15 12:31:54 CET 2026
#@# Smooth1 lh Sun Mar 15 12:31:56 CET 2026
#@# Inflation1 lh Sun Mar 15 12:31:58 CET 2026
#@# QSphere lh Sun Mar 15 12:32:06 CET 2026
#@# Fix Topology lh Sun Mar 15 12:32:48 CET 2026
#@# Smooth2 lh Sun Mar 15 12:36:41 CET 2026
#@# Inflation2 lh Sun Mar 15 12:36:43 CET 2026
#@# Curv .H and .K lh Sun Mar 15 12:36:50 CET 2026
#@# Sphere lh Sun Mar 15 12:37:26 CET 2026
#@# Surf Reg lh Sun Mar 15 12:39:28 CET 2026
#@# Jacobian white lh Sun Mar 15 12:41:52 CET 2026
#@# AvgCurv lh Sun Mar 15 12:41:52 CET 2026
#@# Cortical Parc lh Sun Mar 15 12:41:53 CET 2026
#@# white curv lh Sun Mar 15 12:46:49 CET 2026
#@# white area lh Sun Mar 15 12:46:51 CET 2026
#@# pial curv lh Sun Mar 15 12:46:51 CET 2026
#@# pial area lh Sun Mar 15 12:46:52 CET 2026
#@# thickness lh Sun Mar 15 12:46:53 CET 2026
#@# area and vertex vol lh Sun Mar 15 12:47:11 CET 2026
#@# Curvature Stats lh Sun Mar 15 12:47:12 CET 2026
#@# Cortical Parc 2 lh Sun Mar 15 12:47:13 CET 2026
#@# Cortical Parc 3 lh Sun Mar 15 12:47:23 CET 2026
#@# WM/GM Contrast lh Sun Mar 15 12:47:30 CET 2026
recon-all -s sub-v2s10x30162_ses-1 finished without error at Sun Mar 15 12:47:32 CET 2026



#New# invocation of recon-all 



status file for recon-all
Sun Mar 15 13:07:30 CET 2026
#@# white curv lh Sun Mar 15 13:07:30 CET 2026
#@# white area lh Sun Mar 15 13:07:30 CET 2026
#@# pial curv lh Sun Mar 15 13:07:30 CET 2026
#@# pial area lh Sun Mar 15 13:07:30 CET 2026
#@# thickness lh Sun Mar 15 13:07:30 CET 2026
#@# area and vertex vol lh Sun Mar 15 13:07:30 CET 2026
#@# Parcellation Stats lh Sun Mar 15 13:07:30 CET 2026
#@# Parcellation Stats 2 lh Sun Mar 15 13:07:44 CET 2026
#@# Parcellation Stats 3 lh Sun Mar 15 13:07:51 CET 2026
#@# BA_exvivo Labels lh Sun Mar 15 13:07:58 CET 2026
recon-all -s sub-v2s10x30162_ses-1 finished without error at Sun Mar 15 13:09:45 CET 2026
