/out/sourcedata/freesurfer/sub-v2s10x28976_ses-1/mri
/opt/freesurfer/bin/talairach_avi
--i orig_nu.mgz --xfm transforms/talairach.auto.xfm
talairach_avi 7.3.2
Linux dna052 5.14.0-427.37.1.el9_4.x86_64 #1 SMP PREEMPT_DYNAMIC Fri Sep 13 12:41:50 EDT 2024 x86_64 x86_64 x86_64 GNU/Linux
Sun Mar 15 08:15:35 CET 2026
mri_convert orig_nu.mgz talsrcimg.img 
reading from orig_nu.mgz...
TR=0.00, TE=0.00, TI=0.00, flip angle=0.00
i_ras = (-1, 4.98858e-09, 0)
j_ras = (0, 0, -1)
k_ras = (-4.98949e-09, 1, 1.16415e-10)
writing to talsrcimg.img...
Analyze Output Matrix
-1.00000   0.00000  -0.00000   130.71573;
 0.00000   0.00000   1.00000  -116.43516;
 0.00000  -1.00000   0.00000   108.68776;
 0.00000   0.00000   0.00000   1.00000;
--------------------
INFO: set hdr.hist.orient to -1
mpr2mni305 talsrcimg
Sun Mar 15 08:15:35 CET 2026
/opt/freesurfer/bin/mpr2mni305 talsrcimg
mpr2mni305 7.3.2
target=711-2C_as_mni_average_305

---------------------------------------------------------------------
analyzeto4dfp talsrcimg -O0 -y
---------------------------------------------------------------------

freesurfer ifh2hdr.c
Sun Mar 15 08:15:35 2026
Writing: talsrcimg.4dfp.hdr
freesurfer analyzeto4dfp.c
Reading: talsrcimg.hdr
header size 348 bytes
hdr.dime.datatype	offset=70	value=2
hdr.dime.bitpix		offset=72	value=8
hdr.hist.orient		offset=252	value=-1
dimensionality     4
dimensions       256       256       256         1
Reading: talsrcimg.img
Writing: talsrcimg.4dfp.img
Writing: talsrcimg.4dfp.ifh
ifh2hdr talsrcimg -r0to197
ori=2

---------------------------------------------------------------------
gauss_4dfp talsrcimg 1.1
---------------------------------------------------------------------

freesurfer gauss_4dfp.c
Reading: talsrcimg.4dfp.img
Writing: talsrcimg_g11.4dfp.img
image dimensions 256 256 256 padded to 288 288 288
processing volume 1freesurfer ifh2hdr.c
Sun Mar 15 08:15:37 2026
Writing: talsrcimg_g11.4dfp.hdr

Writing: talsrcimg_g11.4dfp.ifh
including: talsrcimg.4dfp.img.rec in talsrcimg_g11.4dfp.img.rec

---------------------------------------------------------------------
imgreg_4dfp /opt/freesurfer/average/711-2C_as_mni_average_305 none talsrcimg_g11 none talsrcimg_to_711-2C_as_mni_average_305_t4 4355
---------------------------------------------------------------------

freesurfer imgreg_4dfp.c
/opt/freesurfer/average/711-2C_as_mni_average_305.4dfp.img
       256       256       256         1
  1.000000  1.000000  1.000000
orientation T byte_order littleendian
Reading image: /opt/freesurfer/average/711-2C_as_mni_average_305.4dfp.img
dimensions:      256       256       256
mmppix:       1.0000   -1.0000   -1.0000
center:     128.0000 -129.0000 -129.0000
talsrcimg_g11.4dfp.img
       256       256       256         1
  1.000000  1.000000  1.000000
orientation T byte_order littleendian
Reading image: talsrcimg_g11.4dfp.img
dimensions:      256       256       256
mmppix:       1.0000   -1.0000   -1.0000
center:     128.0000 -129.0000 -129.0000
t4_read: open error in t4_sub.f l:  41 t4_file(1:l)talsrcimg_to_711-2C_as_mni_average_305_t4 
t4_read: transform initialized to I4
rotation matrix determinant  1.000000
image alignment mode   4355 decimal     1103 hex
   -7.5000  -45.0000  -45.0000 5955.6562   17.6220
    0.0000  -45.0000  -45.0000 6247.7622   17.6057
    7.5000  -45.0000  -45.0000 6030.5918   17.6478
   -7.5000  -37.5000  -45.0000 6602.5488   17.1810
    0.0000  -37.5000  -45.0000 6883.8306   17.1622
    7.5000  -37.5000  -45.0000 6658.2622   17.2072
   -7.5000  -30.0000  -45.0000 7497.0073   16.8375
    0.0000  -30.0000  -45.0000 7810.9868   16.8203
    7.5000  -30.0000  -45.0000 7562.1753   16.8639
   -7.5000  -22.5000  -45.0000 8454.3018   16.7072
    0.0000  -22.5000  -45.0000 8826.2881   16.6931
    7.5000  -22.5000  -45.0000 8517.4609   16.7314
   -7.5000  -15.0000  -45.0000 9437.2100   16.6585
    0.0000  -15.0000  -45.0000 9862.6230   16.6463
    7.5000  -15.0000  -45.0000 9494.3271   16.6794
   -7.5000   -7.5000  -45.000010408.7559   16.6221
    0.0000   -7.5000  -45.000010894.5127   16.6095
    7.5000   -7.5000  -45.000010480.0283   16.6421
   -7.5000    0.0000  -45.000011311.9922   16.6054
    0.0000    0.0000  -45.000011842.0771   16.5900
    7.5000    0.0000  -45.000011378.1699   16.6273
   -7.5000    7.5000  -45.000011306.9912   16.5918
    0.0000    7.5000  -45.000011831.2188   16.5742
    7.5000    7.5000  -45.000011349.4414   16.6161
   -7.5000   15.0000  -45.000011161.3389   16.5911
    0.0000   15.0000  -45.000011702.1230   16.5744
    7.5000   15.0000  -45.000011180.2432   16.6164
   -7.5000   22.5000  -45.000010955.3896   16.6007
    0.0000   22.5000  -45.000011491.3984   16.5868
    7.5000   22.5000  -45.000010947.4541   16.6246
   -7.5000   30.0000  -45.000010667.1201   16.3949
    0.0000   30.0000  -45.000011173.6963   16.3830
    7.5000   30.0000  -45.000010663.2012   16.4154
   -7.5000   37.5000  -45.000010645.4941   16.3956
    0.0000   37.5000  -45.000011114.4668   16.3831
    7.5000   37.5000  -45.000010624.7559   16.4153
   -7.5000   45.0000  -45.000010256.6807   15.9680
    0.0000   45.0000  -45.000010692.7646   15.9533
    7.5000   45.0000  -45.000010206.7070   15.9891
   -7.5000  -45.0000  -37.5000 6328.2358   17.5963
    0.0000  -45.0000  -37.5000 6614.3066   17.5755
    7.5000  -45.0000  -37.5000 6392.3809   17.6131
   -7.5000  -37.5000  -37.5000 6976.3804   17.1445
    0.0000  -37.5000  -37.5000 7275.4849   17.1234
    7.5000  -37.5000  -37.5000 7039.1572   17.1647
   -7.5000  -30.0000  -37.5000 7929.6035   16.7935
    0.0000  -30.0000  -37.5000 8279.6055   16.7771
    7.5000  -30.0000  -37.5000 7999.4771   16.8182
   -7.5000  -22.5000  -37.5000 8969.8613   16.6671
    0.0000  -22.5000  -37.5000 9383.0205   16.6545
    7.5000  -22.5000  -37.5000 9039.9395   16.6909
   -7.5000  -15.0000  -37.500010016.2217   16.6297
    0.0000  -15.0000  -37.500010500.1182   16.6172
    7.5000  -15.0000  -37.500010094.1699   16.6484
   -7.5000   -7.5000  -37.500011041.3408   16.6017
    0.0000   -7.5000  -37.500011585.5566   16.5858
    7.5000   -7.5000  -37.500011122.2930   16.6156
   -7.5000    0.0000  -37.500011990.6201   16.5830
    0.0000    0.0000  -37.500012581.1562   16.5634
    7.5000    0.0000  -37.500012047.3594   16.5969
   -7.5000    7.5000  -37.500011993.7451   16.5580
    0.0000    7.5000  -37.500012568.7627   16.5383
    7.5000    7.5000  -37.500012001.5820   16.5770
   -7.5000   15.0000  -37.500011827.6494   16.5484
    0.0000   15.0000  -37.500012405.9502   16.5325
    7.5000   15.0000  -37.500011833.4326   16.5722
   -7.5000   22.5000  -37.500011576.0723   16.5612
    0.0000   22.5000  -37.500012129.0479   16.5489
    7.5000   22.5000  -37.500011572.0332   16.5847
   -7.5000   30.0000  -37.500011286.0703   16.3666
    0.0000   30.0000  -37.500011804.6855   16.3545
    7.5000   30.0000  -37.500011278.8574   16.3850
   -7.5000   37.5000  -37.500011242.1250   16.3755
    0.0000   37.5000  -37.500011757.3350   16.3598
    7.5000   37.5000  -37.500011227.8799   16.3892
   -7.5000   45.0000  -37.500010796.0352   15.9465
    0.0000   45.0000  -37.500011301.1719   15.9277
    7.5000   45.0000  -37.500010761.8857   15.9599
   -7.5000  -45.0000  -30.0000 6767.0400   18.3433
    0.0000  -45.0000  -30.0000 7054.6602   18.3166
    7.5000  -45.0000  -30.0000 6826.4375   18.3474
   -7.5000  -37.5000  -30.0000 7467.9751   17.8580
    0.0000  -37.5000  -30.0000 7802.8677   17.8339
    7.5000  -37.5000  -30.0000 7537.4399   17.8712
   -7.5000  -30.0000  -30.0000 8507.2764   17.4866
    0.0000  -30.0000  -30.0000 8904.7920   17.4688
    7.5000  -30.0000  -30.0000 8579.9766   17.5057
   -7.5000  -22.5000  -30.0000 9657.7695   17.3655
    0.0000  -22.5000  -30.000010133.3271   17.3495
    7.5000  -22.5000  -30.0000 9722.9111   17.3792
   -7.5000  -15.0000  -30.000010778.7344   17.3424
    0.0000  -15.0000  -30.000011323.8965   17.3239
    7.5000  -15.0000  -30.000010862.1465   17.3466
   -7.5000   -7.5000  -30.000011850.8262   17.3170
    0.0000   -7.5000  -30.000012461.4707   17.2941
    7.5000   -7.5000  -30.000011937.6914   17.3160
   -7.5000    0.0000  -30.000012854.7969   17.2881
    0.0000    0.0000  -30.000013523.4717   17.2629
    7.5000    0.0000  -30.000012923.7822   17.2908
   -7.5000    7.5000  -30.000012847.6816   17.2479
    0.0000    7.5000  -30.000013499.1475   17.2256
    7.5000    7.5000  -30.000012886.3389   17.2606
   -7.5000   15.0000  -30.000012668.3740   17.2314
    0.0000   15.0000  -30.000013299.1035   17.2142
    7.5000   15.0000  -30.000012695.0342   17.2498
   -7.5000   22.5000  -30.000012402.0195   17.2535
    0.0000   22.5000  -30.000012994.2686   17.2378
    7.5000   22.5000  -30.000012390.8125   17.2671
   -7.5000   30.0000  -30.000012085.4111   17.0697
    0.0000   30.0000  -30.000012649.3594   17.0516
    7.5000   30.0000  -30.000012058.3906   17.0738
   -7.5000   37.5000  -30.000012011.9756   17.0827
    0.0000   37.5000  -30.000012573.9229   17.0601
    7.5000   37.5000  -30.000011986.0488   17.0817
   -7.5000   45.0000  -30.000011473.7529   16.6367
    0.0000   45.0000  -30.000012015.7686   16.6125
    7.5000   45.0000  -30.000011420.9736   16.6393
   -7.5000  -45.0000  -22.5000 7200.8828   18.9938
    0.0000  -45.0000  -22.5000 7520.6870   18.9652
    7.5000  -45.0000  -22.5000 7260.5991   18.9928
   -7.5000  -37.5000  -22.5000 7982.0010   18.4899
    0.0000  -37.5000  -22.5000 8336.1543   18.4651
    7.5000  -37.5000  -22.5000 8038.0439   18.5009
   -7.5000  -30.0000  -22.5000 9104.8164   18.1078
    0.0000  -30.0000  -22.5000 9528.5391   18.0873
    7.5000  -30.0000  -22.5000 9163.0771   18.1212
   -7.5000  -22.5000  -22.500010339.3008   17.9871
    0.0000  -22.5000  -22.500010841.7168   17.9655
    7.5000  -22.5000  -22.500010403.1621   17.9888
   -7.5000  -15.0000  -22.500011531.3955   17.9669
    0.0000  -15.0000  -22.500012111.7217   17.9415
    7.5000  -15.0000  -22.500011588.3174   17.9559
   -7.5000   -7.5000  -22.500012662.7373   17.9368
    0.0000   -7.5000  -22.500013288.5596   17.9094
    7.5000   -7.5000  -22.500012695.6836   17.9249
   -7.5000    0.0000  -22.500013718.5762   17.9013
    0.0000    0.0000  -22.500014411.9746   17.8744
    7.5000    0.0000  -22.500013724.9062   17.8993
   -7.5000    7.5000  -22.500013690.3428   17.8582
    0.0000    7.5000  -22.500014377.5928   17.8350
    7.5000    7.5000  -22.500013692.7764   17.8685
   -7.5000   15.0000  -22.500013450.4834   17.8431
    0.0000   15.0000  -22.500014113.3496   17.8233
    7.5000   15.0000  -22.500013447.4404   17.8561
   -7.5000   22.5000  -22.500013161.0596   17.8698
    0.0000   22.5000  -22.500013795.6621   17.8485
    7.5000   22.5000  -22.500013135.1074   17.8715
   -7.5000   30.0000  -22.500012828.2822   17.6870
    0.0000   30.0000  -22.500013454.7441   17.6622
    7.5000   30.0000  -22.500012779.2266   17.6763
   -7.5000   37.5000  -22.500012778.8086   17.6968
    0.0000   37.5000  -22.500013389.2490   17.6698
    7.5000   37.5000  -22.500012707.6934   17.6850
   -7.5000   45.0000  -22.500012141.3301   17.2398
    0.0000   45.0000  -22.500012709.6895   17.2139
    7.5000   45.0000  -22.500012052.2686   17.2379
   -7.5000  -45.0000  -15.0000 7650.6450   19.4539
    0.0000  -45.0000  -15.0000 7973.0449   19.4295
    7.5000  -45.0000  -15.0000 7690.5234   19.4620
   -7.5000  -37.5000  -15.0000 8503.0664   18.9507
    0.0000  -37.5000  -15.0000 8868.8623   18.9278
    7.5000  -37.5000  -15.0000 8545.1113   18.9676
   -7.5000  -30.0000  -15.0000 9689.2715   18.5670
    0.0000  -30.0000  -15.000010143.5508   18.5452
    7.5000  -30.0000  -15.0000 9742.1270   18.5815
   -7.5000  -22.5000  -15.000010973.5771   18.4384
    0.0000  -22.5000  -15.000011511.3066   18.4144
    7.5000  -22.5000  -15.000011040.5898   18.4392
   -7.5000  -15.0000  -15.000012238.9209   18.4056
    0.0000  -15.0000  -15.000012827.5518   18.3797
    7.5000  -15.0000  -15.000012285.5859   18.3956
   -7.5000   -7.5000  -15.000013426.0859   18.3673
    0.0000   -7.5000  -15.000014100.8125   18.3428
    7.5000   -7.5000  -15.000013456.1367   18.3610
   -7.5000    0.0000  -15.000014539.7139   18.3345
    0.0000    0.0000  -15.000015289.2842   18.3115
    7.5000    0.0000  -15.000014540.0967   18.3405
   -7.5000    7.5000  -15.000014469.5244   18.3025
    0.0000    7.5000  -15.000015229.8828   18.2810
    7.5000    7.5000  -15.000014466.3506   18.3181
   -7.5000   15.0000  -15.000014169.0596   18.2952
    0.0000   15.0000  -15.000014889.8330   18.2741
    7.5000   15.0000  -15.000014152.3477   18.3092
   -7.5000   22.5000  -15.000013875.2344   18.3170
    0.0000   22.5000  -15.000014544.7715   18.2934
    7.5000   22.5000  -15.000013825.6445   18.3179
   -7.5000   30.0000  -15.000013570.5898   18.1214
    0.0000   30.0000  -15.000014220.4844   18.0960
    7.5000   30.0000  -15.000013489.1787   18.1116
   -7.5000   37.5000  -15.000013513.7441   18.1241
    0.0000   37.5000  -15.000014174.7559   18.0998
    7.5000   37.5000  -15.000013418.4150   18.1178
   -7.5000   45.0000  -15.000012811.2061   17.6676
    0.0000   45.0000  -15.000013412.7910   17.6456
    7.5000   45.0000  -15.000012696.1826   17.6735
   -7.5000  -45.0000   -7.5000 8124.0669   19.6636
    0.0000  -45.0000   -7.5000 8473.4004   19.6451
    7.5000  -45.0000   -7.5000 8170.6099   19.6873
   -7.5000  -37.5000   -7.5000 9024.2373   19.1696
    0.0000  -37.5000   -7.5000 9420.6113   19.1492
    7.5000  -37.5000   -7.5000 9074.6943   19.1962
   -7.5000  -30.0000   -7.500010282.5107   18.7884
    0.0000  -30.0000   -7.500010756.7021   18.7676
    7.5000  -30.0000   -7.500010324.9023   18.8112
   -7.5000  -22.5000   -7.500011626.9775   18.6488
    0.0000  -22.5000   -7.500012188.4941   18.6282
    7.5000  -22.5000   -7.500011674.8418   18.6629
   -7.5000  -15.0000   -7.500012971.9834   18.5994
    0.0000  -15.0000   -7.500013610.6914   18.5800
    7.5000  -15.0000   -7.500013010.5635   18.6075
   -7.5000   -7.5000   -7.500014230.7764   18.5560
    0.0000   -7.5000   -7.500014976.4893   18.5386
    7.5000   -7.5000   -7.500014252.4463   18.5676
   -7.5000    0.0000   -7.500015413.1260   18.5314
    0.0000    0.0000   -7.500016221.7061   18.5140
    7.5000    0.0000   -7.500015402.9961   18.5513
   -7.5000    7.5000   -7.500015345.6064   18.5133
    0.0000    7.5000   -7.500016161.2998   18.4941
    7.5000    7.5000   -7.500015330.8281   18.5377
   -7.5000   15.0000   -7.500015001.7939   18.5134
    0.0000   15.0000   -7.500015767.7734   18.4933
    7.5000   15.0000   -7.500014948.5146   18.5354
   -7.5000   22.5000   -7.500014677.2197   18.5239
    0.0000   22.5000   -7.500015351.6543   18.5038
    7.5000   22.5000   -7.500014582.2236   18.5379
   -7.5000   30.0000   -7.500014351.9014   18.3116
    0.0000   30.0000   -7.500014995.5625   18.2927
    7.5000   30.0000   -7.500014228.6943   18.3197
   -7.5000   37.5000   -7.500014319.6924   18.3098
    0.0000   37.5000   -7.500014961.2744   18.2926
    7.5000   37.5000   -7.500014189.3223   18.3211
   -7.5000   45.0000   -7.500013554.9541   17.8607
    0.0000   45.0000   -7.500014158.0732   17.8440
    7.5000   45.0000   -7.500013414.6641   17.8800
   -7.5000  -45.0000    0.0000 8504.1416   19.6867
    0.0000  -45.0000    0.0000 8882.3262   19.6687
    7.5000  -45.0000    0.0000 8557.6309   19.7154
   -7.5000  -37.5000    0.0000 9478.3457   19.1947
    0.0000  -37.5000    0.0000 9898.8926   19.1739
    7.5000  -37.5000    0.0000 9520.6699   19.2239
   -7.5000  -30.0000    0.000010816.3779   18.8112
    0.0000  -30.0000    0.000011318.9600   18.7921
    7.5000  -30.0000    0.000010848.0918   18.8405
   -7.5000  -22.5000    0.000012240.9414   18.6656
    0.0000  -22.5000    0.000012826.7480   18.6499
    7.5000  -22.5000    0.000012267.3213   18.6924
   -7.5000  -15.0000    0.000013588.2773   18.6112
    0.0000  -15.0000    0.000014262.5879   18.5978
    7.5000  -15.0000    0.000013625.0361   18.6345
   -7.5000   -7.5000    0.000014879.0332   18.5711
    0.0000   -7.5000    0.000015638.7881   18.5571
    7.5000   -7.5000    0.000014910.1357   18.5934
   -7.5000    0.0000    0.000016119.2568   18.5527
    0.0000    0.0000    0.000016933.9453   18.5357
    7.5000    0.0000    0.000016126.3018   18.5771
   -7.5000    7.5000    0.000016219.7998   18.5375
    0.0000    7.5000    0.000017060.2207   18.5180
    7.5000    7.5000    0.000016191.9570   18.5645
   -7.5000   15.0000    0.000015937.9434   18.5363
    0.0000   15.0000    0.000016716.9590   18.5178
    7.5000   15.0000    0.000015812.5449   18.5645
   -7.5000   22.5000    0.000015566.8779   18.5407
    0.0000   22.5000    0.000016170.1221   18.5254
    7.5000   22.5000    0.000015394.6416   18.5672
   -7.5000   30.0000    0.000015185.5742   18.3239
    0.0000   30.0000    0.000015724.0703   18.3108
    7.5000   30.0000    0.000015013.7266   18.3468
   -7.5000   37.5000    0.000015140.6494   18.3252
    0.0000   37.5000    0.000015700.4141   18.3114
    7.5000   37.5000    0.000014975.9355   18.3471
   -7.5000   45.0000    0.000014339.4268   17.8827
    0.0000   45.0000    0.000014907.0498   17.8663
    7.5000   45.0000    0.000014152.5264   17.9062
   -7.5000  -45.0000    7.5000 8208.2324   19.6851
    0.0000  -45.0000    7.5000 8570.9727   19.6619
    7.5000  -45.0000    7.5000 8269.4541   19.7038
   -7.5000  -37.5000    7.5000 9160.2383   19.1798
    0.0000  -37.5000    7.5000 9590.1113   19.1561
    7.5000  -37.5000    7.5000 9227.7236   19.2023
   -7.5000  -30.0000    7.500010476.1865   18.7874
    0.0000  -30.0000    7.500010988.2344   18.7690
    7.5000  -30.0000    7.500010525.1631   18.8150
   -7.5000  -22.5000    7.500011863.6855   18.6462
    0.0000  -22.5000    7.500012438.6709   18.6322
    7.5000  -22.5000    7.500011900.2305   18.6728
   -7.5000  -15.0000    7.500013187.3379   18.6044
    0.0000  -15.0000    7.500013801.6641   18.5906
    7.5000  -15.0000    7.500013206.6631   18.6254
   -7.5000   -7.5000    7.500014409.7852   18.5730
    0.0000   -7.5000    7.500015072.5918   18.5553
    7.5000   -7.5000    7.500014423.9902   18.5885
   -7.5000    0.0000    7.500015572.7871   18.5518
    0.0000    0.0000    7.500016225.6113   18.5299
    7.5000    0.0000    7.500015591.1143   18.5673
   -7.5000    7.5000    7.500015703.4570   18.5238
    0.0000    7.5000    7.500016517.3125   18.5018
    7.5000    7.5000    7.500015684.1494   18.5450
   -7.5000   15.0000    7.500015554.1035   18.5132
    0.0000   15.0000    7.500016283.8838   18.4954
    7.5000   15.0000    7.500015494.3584   18.5398
   -7.5000   22.5000    7.500015214.7217   18.5218
    0.0000   22.5000    7.500015782.8926   18.5080
    7.5000   22.5000    7.500015161.2227   18.5481
   -7.5000   30.0000    7.500014834.1914   18.3173
    0.0000   30.0000    7.500015323.3662   18.3037
    7.5000   30.0000    7.500014745.4902   18.3379
   -7.5000   37.5000    7.500014780.0742   18.3271
    0.0000   37.5000    7.500015314.9443   18.3096
    7.5000   37.5000    7.500014649.4189   18.3423
   -7.5000   45.0000    7.500013932.7939   17.8818
    0.0000   45.0000    7.500014505.1006   17.8607
    7.5000   45.0000    7.500013758.5303   17.8967
   -7.5000  -45.0000   15.0000 7812.0044   19.7106
    0.0000  -45.0000   15.0000 8167.1196   19.6818
    7.5000  -45.0000   15.0000 7868.6567   19.7152
   -7.5000  -37.5000   15.0000 8732.4277   19.1895
    0.0000  -37.5000   15.0000 9165.4443   19.1636
    7.5000  -37.5000   15.0000 8813.2090   19.2039
   -7.5000  -30.0000   15.000010018.5889   18.7904
    0.0000  -30.0000   15.000010505.1074   18.7713
    7.5000  -30.0000   15.000010082.8496   18.8111
   -7.5000  -22.5000   15.000011323.6982   18.6603
    0.0000  -22.5000   15.000011851.9287   18.6432
    7.5000  -22.5000   15.000011376.7549   18.6752
   -7.5000  -15.0000   15.000012584.9463   18.6355
    0.0000  -15.0000   15.000013154.0469   18.6156
    7.5000  -15.0000   15.000012614.2578   18.6402
   -7.5000   -7.5000   15.000013753.4854   18.6082
    0.0000   -7.5000   15.000014349.4473   18.5835
    7.5000   -7.5000   15.000013769.6260   18.6073
   -7.5000    0.0000   15.000014889.3369   18.5769
    0.0000    0.0000   15.000015486.1602   18.5499
    7.5000    0.0000   15.000014884.3379   18.5800
   -7.5000    7.5000   15.000014963.6748   18.5337
    0.0000    7.5000   15.000015633.3906   18.5097
    7.5000    7.5000   15.000014974.9102   18.5475
   -7.5000   15.0000   15.000014791.4375   18.5160
    0.0000   15.0000   15.000015498.5771   18.4976
    7.5000   15.0000   15.000014843.1182   18.5360
   -7.5000   22.5000   15.000014537.1338   18.5358
    0.0000   22.5000   15.000015264.0684   18.5190
    7.5000   22.5000   15.000014616.1924   18.5506
   -7.5000   30.0000   15.000014205.8086   18.3479
    0.0000   30.0000   15.000014923.2920   18.3284
    7.5000   30.0000   15.000014219.9746   18.3525
   -7.5000   37.5000   15.000014096.7998   18.3617
    0.0000   37.5000   15.000014818.5537   18.3374
    7.5000   37.5000   15.000014022.8672   18.3608
   -7.5000   45.0000   15.000013251.9326   17.9060
    0.0000   45.0000   15.000013907.5967   17.8799
    7.5000   45.0000   15.000013137.2129   17.9090
   -7.5000  -45.0000   22.5000 7343.4492   19.7687
    0.0000  -45.0000   22.5000 7658.6533   19.7388
    7.5000  -45.0000   22.5000 7385.0859   19.7679
   -7.5000  -37.5000   22.5000 8236.5850   19.2466
    0.0000  -37.5000   22.5000 8617.8848   19.2207
    7.5000  -37.5000   22.5000 8293.6719   19.2582
   -7.5000  -30.0000   22.5000 9462.8330   18.8503
    0.0000  -30.0000   22.5000 9902.2764   18.8289
    7.5000  -30.0000   22.5000 9512.0781   18.8645
   -7.5000  -22.5000   22.500010683.9961   18.7243
    0.0000  -22.5000   22.500011198.3330   18.7017
    7.5000  -22.5000   22.500010729.3896   18.7262
   -7.5000  -15.0000   22.500011876.1709   18.7028
    0.0000  -15.0000   22.500012423.4121   18.6763
    7.5000  -15.0000   22.500011887.3125   18.6915
   -7.5000   -7.5000   22.500012974.1074   18.6712
    0.0000   -7.5000   22.500013567.8105   18.6426
    7.5000   -7.5000   22.500013003.3750   18.6589
   -7.5000    0.0000   22.500014110.4580   18.6341
    0.0000    0.0000   22.500014738.9854   18.6060
    7.5000    0.0000   22.500014118.9141   18.6322
   -7.5000    7.5000   22.500014151.4561   18.5895
    0.0000    7.5000   22.500014795.5918   18.5652
    7.5000    7.5000   22.500014180.5771   18.6004
   -7.5000   15.0000   22.500013941.3936   18.5740
    0.0000   15.0000   22.500014536.8018   18.5533
    7.5000   15.0000   22.500014003.8730   18.5877
   -7.5000   22.5000   22.500013674.9121   18.5989
    0.0000   22.5000   22.500014284.0264   18.5768
    7.5000   22.5000   22.500013732.0586   18.6009
   -7.5000   30.0000   22.500013335.3037   18.4139
    0.0000   30.0000   22.500013938.8018   18.3880
    7.5000   30.0000   22.500013360.6299   18.4029
   -7.5000   37.5000   22.500013233.3486   18.4239
    0.0000   37.5000   22.500013860.8486   18.3956
    7.5000   37.5000   22.500013213.5059   18.4117
   -7.5000   45.0000   22.500012479.8379   17.9611
    0.0000   45.0000   22.500013059.9717   17.9340
    7.5000   45.0000   22.500012421.2559   17.9593
   -7.5000  -45.0000   30.0000 6800.1943   19.8735
    0.0000  -45.0000   30.0000 7060.3213   19.8485
    7.5000  -45.0000   30.0000 6811.9048   19.8819
   -7.5000  -37.5000   30.0000 7646.3584   19.3627
    0.0000  -37.5000   30.0000 7976.9658   19.3392
    7.5000  -37.5000   30.0000 7654.9683   19.3801
   -7.5000  -30.0000   30.0000 8785.7383   18.9737
    0.0000  -30.0000   30.0000 9199.7480   18.9511
    7.5000  -30.0000   30.0000 8799.0938   18.9884
   -7.5000  -22.5000   30.0000 9912.7100   18.8410
    0.0000  -22.5000   30.000010401.2246   18.8162
    7.5000  -22.5000   30.0000 9950.7051   18.8416
   -7.5000  -15.0000   30.000011026.2666   18.8068
    0.0000  -15.0000   30.000011564.0801   18.7801
    7.5000  -15.0000   30.000011059.9502   18.7963
   -7.5000   -7.5000   30.000012097.5010   18.7670
    0.0000   -7.5000   30.000012685.8750   18.7418
    7.5000   -7.5000   30.000012128.0547   18.7605
   -7.5000    0.0000   30.000013151.9365   18.7333
    0.0000    0.0000   30.000013776.5439   18.7098
    7.5000    0.0000   30.000013181.3809   18.7396
   -7.5000    7.5000   30.000013129.1279   18.7009
    0.0000    7.5000   30.000013716.6465   18.6788
    7.5000    7.5000   30.000013172.9141   18.7169
   -7.5000   15.0000   30.000012927.2109   18.6937
    0.0000   15.0000   30.000013453.7969   18.6719
    7.5000   15.0000   30.000012964.7471   18.7079
   -7.5000   22.5000   30.000012669.3574   18.7141
    0.0000   22.5000   30.000013188.6953   18.6897
    7.5000   22.5000   30.000012692.5361   18.7148
   -7.5000   30.0000   30.000012347.0820   18.5160
    0.0000   30.0000   30.000012835.8320   18.4898
    7.5000   30.0000   30.000012350.0273   18.5057
   -7.5000   37.5000   30.000012297.7871   18.5184
    0.0000   37.5000   30.000012813.7607   18.4935
    7.5000   37.5000   30.000012290.5547   18.5119
   -7.5000   45.0000   30.000011660.6689   18.0567
    0.0000   45.0000   30.000012151.8535   18.0341
    7.5000   45.0000   30.000011608.5693   18.0628
   -7.5000  -45.0000   37.5000 6485.4302   20.0906
    0.0000  -45.0000   37.5000 6757.0005   20.0704
    7.5000  -45.0000   37.5000 6499.9482   20.1143
   -7.5000  -37.5000   37.5000 7298.2524   19.5861
    0.0000  -37.5000   37.5000 7638.9150   19.5640
    7.5000  -37.5000   37.5000 7316.3662   19.6129
   -7.5000  -30.0000   37.5000 8404.7188   19.1986
    0.0000  -30.0000   37.5000 8799.5957   19.1761
    7.5000  -30.0000   37.5000 8415.9268   19.2212
   -7.5000  -22.5000   37.5000 9502.6191   19.0542
    0.0000  -22.5000   37.5000 9971.5791   19.0319
    7.5000  -22.5000   37.5000 9545.1992   19.0673
   -7.5000  -15.0000   37.500010570.6875   19.0035
    0.0000  -15.0000   37.500011086.5391   18.9824
    7.5000  -15.0000   37.500010605.6963   19.0104
   -7.5000   -7.5000   37.500011599.7207   18.9583
    0.0000   -7.5000   37.500012152.8496   18.9393
    7.5000   -7.5000   37.500011628.9971   18.9692
   -7.5000    0.0000   37.500012571.5098   18.9320
    0.0000    0.0000   37.500013156.2656   18.9130
    7.5000    0.0000   37.500012602.5020   18.9519
   -7.5000    7.5000   37.500012556.5137   18.9123
    0.0000    7.5000   37.500013109.6797   18.8915
    7.5000    7.5000   37.500012592.4316   18.9370
   -7.5000   15.0000   37.500012373.9434   18.9124
    0.0000   15.0000   37.500012887.2158   18.8906
    7.5000   15.0000   37.500012393.3193   18.9341
   -7.5000   22.5000   37.500012120.6338   18.9243
    0.0000   22.5000   37.500012619.3330   18.9024
    7.5000   22.5000   37.500012132.7842   18.9373
   -7.5000   30.0000   37.500011789.8018   18.7091
    0.0000   30.0000   37.500012267.0596   18.6885
    7.5000   30.0000   37.500011784.6982   18.7160
   -7.5000   37.5000   37.500011778.6738   18.7071
    0.0000   37.5000   37.500012269.7432   18.6884
    7.5000   37.5000   37.500011778.3701   18.7178
   -7.5000   45.0000   37.500011211.4766   18.2482
    0.0000   45.0000   37.500011695.2910   18.2300
    7.5000   45.0000   37.500011176.4404   18.2674
   -7.5000  -45.0000   45.0000 5911.6631   20.4232
    0.0000  -45.0000   45.0000 6181.1470   20.4023
    7.5000  -45.0000   45.0000 5933.7070   20.4530
   -7.5000  -37.5000   45.0000 6666.5684   19.9062
    0.0000  -37.5000   45.0000 6985.2661   19.8828
    7.5000  -37.5000   45.0000 6688.1333   19.9367
   -7.5000  -30.0000   45.0000 7662.3579   19.5046
    0.0000  -30.0000   45.0000 8023.1548   19.4837
    7.5000  -30.0000   45.0000 7680.1372   19.5360
   -7.5000  -22.5000   45.0000 8671.4238   19.3483
    0.0000  -22.5000   45.0000 9093.7695   19.3312
    7.5000  -22.5000   45.0000 8702.9668   19.3775
   -7.5000  -15.0000   45.0000 9651.0293   19.2902
    0.0000  -15.0000   45.000010128.1523   19.2752
    7.5000  -15.0000   45.0000 9671.6855   19.3157
   -7.5000   -7.5000   45.000010613.4883   19.2470
    0.0000   -7.5000   45.000011138.0918   19.2310
    7.5000   -7.5000   45.000010622.0430   19.2708
   -7.5000    0.0000   45.000011501.5684   19.2269
    0.0000    0.0000   45.000012044.3691   19.2074
    7.5000    0.0000   45.000011509.0732   19.2523
   -7.5000    7.5000   45.000011504.7500   19.2100
    0.0000    7.5000   45.000012014.0137   19.1882
    7.5000    7.5000   45.000011511.3506   19.2383
   -7.5000   15.0000   45.000011354.8721   19.2084
    0.0000   15.0000   45.000011854.1406   19.1880
    7.5000   15.0000   45.000011357.9287   19.2385
   -7.5000   22.5000   45.000011121.3164   19.2136
    0.0000   22.5000   45.000011600.2305   19.1969
    7.5000   22.5000   45.000011123.7324   19.2425
   -7.5000   30.0000   45.000010785.4277   18.9887
    0.0000   30.0000   45.000011244.0430   18.9740
    7.5000   30.0000   45.000010791.4082   19.0137
   -7.5000   37.5000   45.000010779.0693   18.9903
    0.0000   37.5000   45.000011232.0879   18.9744
    7.5000   37.5000   45.000010796.6484   19.0137
   -7.5000   45.0000   45.000010294.2412   18.5409
    0.0000   45.0000   45.000010745.1191   18.5221
    7.5000   45.0000   45.000010275.4492   18.5654

---------------------------------------------------------------------
imgreg_4dfp /opt/freesurfer/average/711-2C_as_mni_average_305 /opt/freesurfer/average/711-2B_as_mni_average_305_mask talsrcimg_g11 none talsrcimg_to_711-2C_as_mni_average_305_t4 4355
---------------------------------------------------------------------

freesurfer imgreg_4dfp.c
/opt/freesurfer/average/711-2C_as_mni_average_305.4dfp.img
       256       256       256         1
  1.000000  1.000000  1.000000
orientation T byte_order littleendian
Reading image: /opt/freesurfer/average/711-2C_as_mni_average_305.4dfp.img
dimensions:      256       256       256
mmppix:       1.0000   -1.0000   -1.0000
center:     128.0000 -129.0000 -129.0000
/opt/freesurfer/average/711-2B_as_mni_average_305_mask.4dfp.img
       256       256       256         1
  1.000000  1.000000  1.000000
orientation T byte_order littleendian
Reading mask: /opt/freesurfer/average/711-2B_as_mni_average_305_mask.4dfp.img (2306576 pixels)
talsrcimg_g11.4dfp.img
       256       256       256         1
  1.000000  1.000000  1.000000
orientation T byte_order littleendian
Reading image: talsrcimg_g11.4dfp.img
dimensions:      256       256       256
mmppix:       1.0000   -1.0000   -1.0000
center:     128.0000 -129.0000 -129.0000
rotation matrix determinant  1.000000
image alignment mode   4355 decimal     1103 hex
   -7.5000  -37.5000  -45.0000 1822.7418   25.3206
    0.0000  -37.5000  -45.0000 1836.7689   25.0712
    7.5000  -37.5000  -45.0000 1831.3933   25.3899
   -7.5000  -30.0000  -45.0000 1932.8810   22.3418
    0.0000  -30.0000  -45.0000 1946.5527   22.0771
    7.5000  -30.0000  -45.0000 1945.0325   22.2883
   -7.5000  -22.5000  -45.0000 2043.0049   19.9897
    0.0000  -22.5000  -45.0000 2059.9370   19.7440
    7.5000  -22.5000  -45.0000 2055.7112   19.8774
   -7.5000  -15.0000  -45.0000 2147.6016   18.1028
    0.0000  -15.0000  -45.0000 2163.3879   17.9195
    7.5000  -15.0000  -45.0000 2157.2292   18.0260
   -7.5000   -7.5000  -45.0000 2237.8638   16.6798
    0.0000   -7.5000  -45.0000 2254.6755   16.5416
    7.5000   -7.5000  -45.0000 2250.4709   16.6271
   -7.5000    0.0000  -45.0000 2298.0618   15.6866
    0.0000    0.0000  -45.0000 2313.1255   15.5316
    7.5000    0.0000  -45.0000 2309.4458   15.6057
   -7.5000    7.5000  -45.0000 2327.6624   15.0774
    0.0000    7.5000  -45.0000 2348.6143   14.9304
    7.5000    7.5000  -45.0000 2338.9800   14.9930
   -7.5000   15.0000  -45.0000 2343.4961   14.7923
    0.0000   15.0000  -45.0000 2365.2727   14.6337
    7.5000   15.0000  -45.0000 2352.8579   14.7089
   -7.5000   22.5000  -45.0000 2342.8315   14.8107
    0.0000   22.5000  -45.0000 2363.7261   14.6446
    7.5000   22.5000  -45.0000 2346.4763   14.7199
   -7.5000   30.0000  -45.0000 2328.8406   15.0712
    0.0000   30.0000  -45.0000 2350.4526   14.9141
    7.5000   30.0000  -45.0000 2335.1851   14.9852
   -7.5000   37.5000  -45.0000 2301.9683   15.6662
    0.0000   37.5000  -45.0000 2320.8049   15.5136
    7.5000   37.5000  -45.0000 2306.4050   15.5845
   -7.5000   45.0000  -45.0000 2254.3486   16.5477
    0.0000   45.0000  -45.0000 2269.9336   16.3983
    7.5000   45.0000  -45.0000 2260.2412   16.4654
   -7.5000   52.5000  -45.0000 2166.0308   17.6429
    0.0000   52.5000  -45.0000 2181.8167   17.4480
    7.5000   52.5000  -45.0000 2170.0254   17.5436
   -7.5000  -37.5000  -37.5000 1872.0179   23.6776
    0.0000  -37.5000  -37.5000 1885.1064   23.4499
    7.5000  -37.5000  -37.5000 1880.4980   23.6448
   -7.5000  -30.0000  -37.5000 1993.7457   20.8046
    0.0000  -30.0000  -37.5000 2010.6119   20.6254
    7.5000  -30.0000  -37.5000 2005.3765   20.7719
   -7.5000  -22.5000  -37.5000 2114.7773   18.6139
    0.0000  -22.5000  -37.5000 2131.5535   18.4511
    7.5000  -22.5000  -37.5000 2125.7537   18.5339
   -7.5000  -15.0000  -37.5000 2230.8435   16.8768
    0.0000  -15.0000  -37.5000 2248.8542   16.7397
    7.5000  -15.0000  -37.5000 2243.1187   16.7844
   -7.5000   -7.5000  -37.5000 2327.5471   15.4983
    0.0000   -7.5000  -37.5000 2347.8237   15.3783
    7.5000   -7.5000  -37.5000 2343.6367   15.4384
   -7.5000    0.0000  -37.5000 2393.5256   14.5388
    0.0000    0.0000  -37.5000 2414.3767   14.4265
    7.5000    0.0000  -37.5000 2406.7200   14.4722
   -7.5000    7.5000  -37.5000 2429.2041   13.9679
    0.0000    7.5000  -37.5000 2452.4448   13.8318
    7.5000    7.5000  -37.5000 2438.7378   13.8940
   -7.5000   15.0000  -37.5000 2447.0925   13.6302
    0.0000   15.0000  -37.5000 2469.7798   13.5059
    7.5000   15.0000  -37.5000 2455.8711   13.5833
   -7.5000   22.5000  -37.5000 2445.0823   13.6510
    0.0000   22.5000  -37.5000 2467.1318   13.5057
    7.5000   22.5000  -37.5000 2455.5449   13.5919
   -7.5000   30.0000  -37.5000 2433.8989   13.9077
    0.0000   30.0000  -37.5000 2454.6277   13.7679
    7.5000   30.0000  -37.5000 2445.7729   13.8524
   -7.5000   37.5000  -37.5000 2403.1208   14.4959
    0.0000   37.5000  -37.5000 2423.4880   14.3478
    7.5000   37.5000  -37.5000 2412.6333   14.4258
   -7.5000   45.0000  -37.5000 2348.3914   15.2725
    0.0000   45.0000  -37.5000 2372.5945   15.1435
    7.5000   45.0000  -37.5000 2359.8831   15.2195
   -7.5000   52.5000  -37.5000 2255.9792   16.2478
    0.0000   52.5000  -37.5000 2279.0894   16.1199
    7.5000   52.5000  -37.5000 2263.1880   16.2129
   -7.5000  -37.5000  -30.0000 1951.3190   23.0966
    0.0000  -37.5000  -30.0000 1968.6896   22.8370
    7.5000  -37.5000  -30.0000 1962.9153   23.0081
   -7.5000  -30.0000  -30.0000 2085.4580   20.2418
    0.0000  -30.0000  -30.0000 2101.0647   20.0516
    7.5000  -30.0000  -30.0000 2098.0298   20.1566
   -7.5000  -22.5000  -30.0000 2221.3799   18.0717
    0.0000  -22.5000  -30.0000 2238.9478   17.9429
    7.5000  -22.5000  -30.0000 2234.4368   17.9721
   -7.5000  -15.0000  -30.0000 2343.8713   16.3536
    0.0000  -15.0000  -30.0000 2365.3545   16.2580
    7.5000  -15.0000  -30.0000 2360.9927   16.2651
   -7.5000   -7.5000  -30.0000 2445.5537   15.0083
    0.0000   -7.5000  -30.0000 2468.2278   14.8908
    7.5000   -7.5000  -30.0000 2464.7534   14.9291
   -7.5000    0.0000  -30.0000 2519.6021   14.0301
    0.0000    0.0000  -30.0000 2544.8979   13.9041
    7.5000    0.0000  -30.0000 2535.3213   13.9336
   -7.5000    7.5000  -30.0000 2568.3130   13.3847
    0.0000    7.5000  -30.0000 2593.5537   13.2720
    7.5000    7.5000  -30.0000 2580.4021   13.3353
   -7.5000   15.0000  -30.0000 2599.6079   13.0416
    0.0000   15.0000  -30.0000 2622.6277   12.9107
    7.5000   15.0000  -30.0000 2609.6177   13.0279
   -7.5000   22.5000  -30.0000 2607.5183   13.0858
    0.0000   22.5000  -30.0000 2625.0371   12.9458
    7.5000   22.5000  -30.0000 2612.3213   13.0447
   -7.5000   30.0000  -30.0000 2589.6394   13.3810
    0.0000   30.0000  -30.0000 2608.0896   13.2436
    7.5000   30.0000  -30.0000 2596.3425   13.3293
   -7.5000   37.5000  -30.0000 2546.9849   13.9270
    0.0000   37.5000  -30.0000 2569.1201   13.8053
    7.5000   37.5000  -30.0000 2557.4478   13.8794
   -7.5000   45.0000  -30.0000 2487.8933   14.6417
    0.0000   45.0000  -30.0000 2514.4507   14.5373
    7.5000   45.0000  -30.0000 2498.9480   14.6465
   -7.5000   52.5000  -30.0000 2391.2400   15.5378
    0.0000   52.5000  -30.0000 2411.1523   15.4381
    7.5000   52.5000  -30.0000 2395.8774   15.5637
   -7.5000  -37.5000  -22.5000 2013.5356   22.4412
    0.0000  -37.5000  -22.5000 2024.7032   22.2467
    7.5000  -37.5000  -22.5000 2019.5500   22.3510
   -7.5000  -30.0000  -22.5000 2154.2957   19.6285
    0.0000  -30.0000  -22.5000 2166.6719   19.4569
    7.5000  -30.0000  -22.5000 2165.8738   19.5221
   -7.5000  -22.5000  -22.5000 2298.3101   17.5138
    0.0000  -22.5000  -22.5000 2317.4360   17.3699
    7.5000  -22.5000  -22.5000 2315.3374   17.3834
   -7.5000  -15.0000  -22.5000 2422.5671   15.8012
    0.0000  -15.0000  -22.5000 2446.3279   15.6804
    7.5000  -15.0000  -22.5000 2443.1194   15.6950
   -7.5000   -7.5000  -22.5000 2531.1086   14.4625
    0.0000   -7.5000  -22.5000 2551.3350   14.3272
    7.5000   -7.5000  -22.5000 2545.2124   14.3498
   -7.5000    0.0000  -22.5000 2615.1689   13.4693
    0.0000    0.0000  -22.5000 2638.9487   13.3358
    7.5000    0.0000  -22.5000 2628.1384   13.3670
   -7.5000    7.5000  -22.5000 2678.7656   12.8035
    0.0000    7.5000  -22.5000 2702.4885   12.6418
    7.5000    7.5000  -22.5000 2690.8772   12.7138
   -7.5000   15.0000  -22.5000 2715.2480   12.4524
    0.0000   15.0000  -22.5000 2738.9429   12.2834
    7.5000   15.0000  -22.5000 2726.9646   12.3813
   -7.5000   22.5000  -22.5000 2729.3916   12.4588
    0.0000   22.5000  -22.5000 2750.7734   12.3281
    7.5000   22.5000  -22.5000 2736.4041   12.4066
   -7.5000   30.0000  -22.5000 2712.0134   12.7709
    0.0000   30.0000  -22.5000 2738.0955   12.6457
    7.5000   30.0000  -22.5000 2720.0574   12.7284
   -7.5000   37.5000  -22.5000 2670.6638   13.2771
    0.0000   37.5000  -22.5000 2696.3596   13.1692
    7.5000   37.5000  -22.5000 2680.0869   13.2578
   -7.5000   45.0000  -22.5000 2602.9690   13.9879
    0.0000   45.0000  -22.5000 2628.1750   13.8695
    7.5000   45.0000  -22.5000 2610.8564   13.9863
   -7.5000   52.5000  -22.5000 2495.0947   14.8512
    0.0000   52.5000  -22.5000 2514.7798   14.7376
    7.5000   52.5000  -22.5000 2498.7256   14.8635
   -7.5000  -37.5000  -15.0000 2052.5010   21.8568
    0.0000  -37.5000  -15.0000 2059.2485   21.6593
    7.5000  -37.5000  -15.0000 2055.1194   21.7835
   -7.5000  -30.0000  -15.0000 2195.0825   19.0646
    0.0000  -30.0000  -15.0000 2208.0950   18.8986
    7.5000  -30.0000  -15.0000 2204.1953   18.9816
   -7.5000  -22.5000  -15.0000 2337.3416   16.9624
    0.0000  -22.5000  -15.0000 2357.9780   16.8121
    7.5000  -22.5000  -15.0000 2354.6477   16.8616
   -7.5000  -15.0000  -15.0000 2464.3813   15.2877
    0.0000  -15.0000  -15.0000 2485.4526   15.1740
    7.5000  -15.0000  -15.0000 2483.3298   15.1935
   -7.5000   -7.5000  -15.0000 2575.3098   13.9662
    0.0000   -7.5000  -15.0000 2599.1716   13.8469
    7.5000   -7.5000  -15.0000 2594.8696   13.8847
   -7.5000    0.0000  -15.0000 2672.3872   12.9384
    0.0000    0.0000  -15.0000 2700.1304   12.8181
    7.5000    0.0000  -15.0000 2687.7695   12.8686
   -7.5000    7.5000  -15.0000 2746.7004   12.2593
    0.0000    7.5000  -15.0000 2777.3284   12.1205
    7.5000    7.5000  -15.0000 2763.1218   12.1968
   -7.5000   15.0000  -15.0000 2787.8596   11.8797
    0.0000   15.0000  -15.0000 2819.2241   11.7254
    7.5000   15.0000  -15.0000 2803.0012   11.8233
   -7.5000   22.5000  -15.0000 2817.3108   11.8473
    0.0000   22.5000  -15.0000 2844.5479   11.7036
    7.5000   22.5000  -15.0000 2823.3044   11.8107
   -7.5000   30.0000  -15.0000 2806.6729   12.1747
    0.0000   30.0000  -15.0000 2836.7520   12.0382
    7.5000   30.0000  -15.0000 2813.4243   12.1279
   -7.5000   37.5000  -15.0000 2765.0674   12.7094
    0.0000   37.5000  -15.0000 2793.2903   12.5721
    7.5000   37.5000  -15.0000 2773.4214   12.6567
   -7.5000   45.0000  -15.0000 2689.5945   13.3657
    0.0000   45.0000  -15.0000 2714.9067   13.2310
    7.5000   45.0000  -15.0000 2697.9951   13.3519
   -7.5000   52.5000  -15.0000 2571.6665   14.2152
    0.0000   52.5000  -15.0000 2591.8967   14.0815
    7.5000   52.5000  -15.0000 2574.2546   14.2110
   -7.5000  -37.5000   -7.5000 2069.7122   21.3605
    0.0000  -37.5000   -7.5000 2079.5625   21.1214
    7.5000  -37.5000   -7.5000 2079.0288   21.3088
   -7.5000  -30.0000   -7.5000 2209.3728   18.5919
    0.0000  -30.0000   -7.5000 2223.9832   18.4218
    7.5000  -30.0000   -7.5000 2222.1951   18.5081
   -7.5000  -22.5000   -7.5000 2351.9905   16.4739
    0.0000  -22.5000   -7.5000 2373.8887   16.2786
    7.5000  -22.5000   -7.5000 2368.8000   16.4015
   -7.5000  -15.0000   -7.5000 2485.1250   14.8385
    0.0000  -15.0000   -7.5000 2509.8525   14.6616
    7.5000  -15.0000   -7.5000 2503.7642   14.7553
   -7.5000   -7.5000   -7.5000 2602.8877   13.5478
    0.0000   -7.5000   -7.5000 2635.6233   13.4147
    7.5000   -7.5000   -7.5000 2625.4609   13.4590
   -7.5000    0.0000   -7.5000 2708.5417   12.5413
    0.0000    0.0000   -7.5000 2741.9351   12.4012
    7.5000    0.0000   -7.5000 2726.0952   12.4544
   -7.5000    7.5000   -7.5000 2794.9314   11.8623
    0.0000    7.5000   -7.5000 2831.0413   11.7158
    7.5000    7.5000   -7.5000 2816.1016   11.8031
   -7.5000   15.0000   -7.5000 2850.0632   11.4341
    0.0000   15.0000   -7.5000 2888.2874   11.2631
    7.5000   15.0000   -7.5000 2865.4102   11.3764
   -7.5000   22.5000   -7.5000 2886.9045   11.3506
    0.0000   22.5000   -7.5000 2920.7966   11.1563
    7.5000   22.5000   -7.5000 2892.6511   11.3017
   -7.5000   30.0000   -7.5000 2882.6445   11.6735
    0.0000   30.0000   -7.5000 2911.0862   11.4754
    7.5000   30.0000   -7.5000 2887.6626   11.5969
   -7.5000   37.5000   -7.5000 2834.3948   12.1859
    0.0000   37.5000   -7.5000 2860.4346   12.0119
    7.5000   37.5000   -7.5000 2839.8237   12.1189
   -7.5000   45.0000   -7.5000 2752.1968   12.8493
    0.0000   45.0000   -7.5000 2774.4282   12.6646
    7.5000   45.0000   -7.5000 2757.8657   12.8156
   -7.5000   52.5000   -7.5000 2620.7502   13.6840
    0.0000   52.5000   -7.5000 2641.9868   13.4944
    7.5000   52.5000   -7.5000 2623.9619   13.6562
   -7.5000  -37.5000    0.0000 2072.7241   21.1952
    0.0000  -37.5000    0.0000 2085.5200   20.9033
    7.5000  -37.5000    0.0000 2083.3826   21.1332
   -7.5000  -30.0000    0.0000 2211.7231   18.4313
    0.0000  -30.0000    0.0000 2226.8875   18.1420
    7.5000  -30.0000    0.0000 2226.2412   18.3298
   -7.5000  -22.5000    0.0000 2357.0769   16.2295
    0.0000  -22.5000    0.0000 2378.5952   15.9854
    7.5000  -22.5000    0.0000 2373.8826   16.1550
   -7.5000  -15.0000    0.0000 2485.7837   14.5666
    0.0000  -15.0000    0.0000 2511.9114   14.3681
    7.5000  -15.0000    0.0000 2508.6941   14.4988
   -7.5000   -7.5000    0.0000 2611.4585   13.2710
    0.0000   -7.5000    0.0000 2643.1204   13.1001
    7.5000   -7.5000    0.0000 2631.1902   13.2080
   -7.5000    0.0000    0.0000 2721.4424   12.2821
    0.0000    0.0000    0.0000 2754.0234   12.1147
    7.5000    0.0000    0.0000 2739.8457   12.2260
   -7.5000    7.5000    0.0000 2823.2209   11.6529
    0.0000    7.5000    0.0000 2860.4553   11.4728
    7.5000    7.5000    0.0000 2845.0713   11.5808
   -7.5000   15.0000    0.0000 2892.6099   11.2179
    0.0000   15.0000    0.0000 2936.9023   11.0213
    7.5000   15.0000    0.0000 2910.6755   11.1408
   -7.5000   22.5000    0.0000 2941.1282   11.0847
    0.0000   22.5000    0.0000 2975.0081   10.8124
    7.5000   22.5000    0.0000 2947.9805   10.9981
   -7.5000   30.0000    0.0000 2933.8567   11.4018
    0.0000   30.0000    0.0000 2959.7080   11.1105
    7.5000   30.0000    0.0000 2932.0273   11.3087
   -7.5000   37.5000    0.0000 2879.0095   11.9014
    0.0000   37.5000    0.0000 2896.8503   11.6343
    7.5000   37.5000    0.0000 2874.8572   11.8465
   -7.5000   45.0000    0.0000 2788.8411   12.5639
    0.0000   45.0000    0.0000 2807.0837   12.3122
    7.5000   45.0000    0.0000 2785.8743   12.5258
   -7.5000   52.5000    0.0000 2650.0840   13.3449
    0.0000   52.5000    0.0000 2673.8281   13.1230
    7.5000   52.5000    0.0000 2655.3865   13.3175
   -7.5000  -37.5000    7.5000 2068.1924   21.3326
    0.0000  -37.5000    7.5000 2083.6636   20.9159
    7.5000  -37.5000    7.5000 2081.8379   21.1731
   -7.5000  -30.0000    7.5000 2207.8596   18.4869
    0.0000  -30.0000    7.5000 2225.0447   18.1426
    7.5000  -30.0000    7.5000 2222.6194   18.3504
   -7.5000  -22.5000    7.5000 2346.8943   16.2661
    0.0000  -22.5000    7.5000 2367.7012   15.9573
    7.5000  -22.5000    7.5000 2362.5771   16.1841
   -7.5000  -15.0000    7.5000 2473.7842   14.5789
    0.0000  -15.0000    7.5000 2495.1221   14.2923
    7.5000  -15.0000    7.5000 2492.2156   14.4872
   -7.5000   -7.5000    7.5000 2600.7468   13.2494
    0.0000   -7.5000    7.5000 2626.6528   12.9991
    7.5000   -7.5000    7.5000 2617.9070   13.1760
   -7.5000    0.0000    7.5000 2716.7803   12.2344
    0.0000    0.0000    7.5000 2744.0215   11.9755
    7.5000    0.0000    7.5000 2733.8088   12.1705
   -7.5000    7.5000    7.5000 2827.5076   11.5738
    0.0000    7.5000    7.5000 2861.0388   11.3273
    7.5000    7.5000    7.5000 2844.8674   11.5109
   -7.5000   15.0000    7.5000 2910.4192   11.1757
    0.0000   15.0000    7.5000 2946.1624   10.9734
    7.5000   15.0000    7.5000 2928.2998   11.0972
   -7.5000   22.5000    7.5000 2969.4138   11.0563
    0.0000   22.5000    7.5000 3008.1726   10.8015
    7.5000   22.5000    7.5000 2976.6223   11.0061
   -7.5000   30.0000    7.5000 2960.9380   11.2638
    0.0000   30.0000    7.5000 2993.5012   10.9967
    7.5000   30.0000    7.5000 2958.8228   11.2437
   -7.5000   37.5000    7.5000 2898.6653   11.7213
    0.0000   37.5000    7.5000 2922.5276   11.4694
    7.5000   37.5000    7.5000 2890.4968   11.7112
   -7.5000   45.0000    7.5000 2798.3440   12.3761
    0.0000   45.0000    7.5000 2816.1648   12.1541
    7.5000   45.0000    7.5000 2792.1431   12.3507
   -7.5000   52.5000    7.5000 2657.1138   13.1649
    0.0000   52.5000    7.5000 2677.2856   12.9586
    7.5000   52.5000    7.5000 2662.0815   13.1177
   -7.5000  -37.5000   15.0000 2043.6840   21.7361
    0.0000  -37.5000   15.0000 2064.2466   21.3516
    7.5000  -37.5000   15.0000 2061.5156   21.6059
   -7.5000  -30.0000   15.0000 2192.7898   18.8103
    0.0000  -30.0000   15.0000 2212.4275   18.4406
    7.5000  -30.0000   15.0000 2206.5024   18.6673
   -7.5000  -22.5000   15.0000 2325.5198   16.5032
    0.0000  -22.5000   15.0000 2344.3303   16.1284
    7.5000  -22.5000   15.0000 2339.3755   16.3877
   -7.5000  -15.0000   15.0000 2451.0288   14.7732
    0.0000  -15.0000   15.0000 2469.2754   14.4177
    7.5000  -15.0000   15.0000 2465.8459   14.6869
   -7.5000   -7.5000   15.0000 2573.3716   13.4620
    0.0000   -7.5000   15.0000 2588.7876   13.1266
    7.5000   -7.5000   15.0000 2583.5457   13.3681
   -7.5000    0.0000   15.0000 2691.5142   12.4621
    0.0000    0.0000   15.0000 2710.7896   12.1460
    7.5000    0.0000   15.0000 2696.9270   12.3755
   -7.5000    7.5000   15.0000 2805.4287   11.7828
    0.0000    7.5000   15.0000 2832.7415   11.5124
    7.5000    7.5000   15.0000 2814.7905   11.7353
   -7.5000   15.0000   15.0000 2895.2856   11.3720
    0.0000   15.0000   15.0000 2931.7637   11.1623
    7.5000   15.0000   15.0000 2901.4595   11.3580
   -7.5000   22.5000   15.0000 2952.1094   11.2298
    0.0000   22.5000   15.0000 2992.7817   11.0485
    7.5000   22.5000   15.0000 2954.0598   11.2540
   -7.5000   30.0000   15.0000 2943.3557   11.4257
    0.0000   30.0000   15.0000 2982.3059   11.2577
    7.5000   30.0000   15.0000 2940.3618   11.4346
   -7.5000   37.5000   15.0000 2881.3865   11.8076
    0.0000   37.5000   15.0000 2912.1726   11.6773
    7.5000   37.5000   15.0000 2871.8857   11.7965
   -7.5000   45.0000   15.0000 2777.5781   12.4524
    0.0000   45.0000   15.0000 2799.1550   12.2893
    7.5000   45.0000   15.0000 2772.6155   12.4096
   -7.5000   52.5000   15.0000 2635.9216   13.2537
    0.0000   52.5000   15.0000 2655.8508   13.0498
    7.5000   52.5000   15.0000 2637.7722   13.1796
   -7.5000  -37.5000   22.5000 2011.9689   22.4351
    0.0000  -37.5000   22.5000 2027.9301   21.9958
    7.5000  -37.5000   22.5000 2023.6409   22.2779
   -7.5000  -30.0000   22.5000 2164.7595   19.3349
    0.0000  -30.0000   22.5000 2181.8796   18.9340
    7.5000  -30.0000   22.5000 2177.2153   19.1943
   -7.5000  -22.5000   22.5000 2296.2432   16.9815
    0.0000  -22.5000   22.5000 2313.5283   16.6062
    7.5000  -22.5000   22.5000 2310.7942   16.8684
   -7.5000  -15.0000   22.5000 2420.7283   15.2460
    0.0000  -15.0000   22.5000 2433.9453   14.8780
    7.5000  -15.0000   22.5000 2426.0991   15.1491
   -7.5000   -7.5000   22.5000 2537.4016   13.9051
    0.0000   -7.5000   22.5000 2548.5049   13.6029
    7.5000   -7.5000   22.5000 2537.5410   13.8641
   -7.5000    0.0000   22.5000 2657.9062   12.9004
    0.0000    0.0000   22.5000 2672.2812   12.6341
    7.5000    0.0000   22.5000 2653.0823   12.8975
   -7.5000    7.5000   22.5000 2765.5854   12.2378
    0.0000    7.5000   22.5000 2784.3274   11.9928
    7.5000    7.5000   22.5000 2765.1987   12.2206
   -7.5000   15.0000   22.5000 2847.4468   11.7093
    0.0000   15.0000   22.5000 2875.2800   11.4805
    7.5000   15.0000   22.5000 2849.1453   11.7384
   -7.5000   22.5000   22.5000 2903.3315   11.5833
    0.0000   22.5000   22.5000 2936.5486   11.3607
    7.5000   22.5000   22.5000 2903.9104   11.6107
   -7.5000   30.0000   22.5000 2897.3108   11.7432
    0.0000   30.0000   22.5000 2929.2119   11.5606
    7.5000   30.0000   22.5000 2896.6875   11.7348
   -7.5000   37.5000   22.5000 2833.8584   12.1462
    0.0000   37.5000   22.5000 2864.1636   11.9720
    7.5000   37.5000   22.5000 2829.1067   12.1289
   -7.5000   45.0000   22.5000 2738.7144   12.7782
    0.0000   45.0000   22.5000 2759.3584   12.6204
    7.5000   45.0000   22.5000 2733.1040   12.7514
   -7.5000   52.5000   22.5000 2597.9197   13.5630
    0.0000   52.5000   22.5000 2613.2708   13.3765
    7.5000   52.5000   22.5000 2597.0322   13.5134
   -7.5000  -37.5000   30.0000 1965.3870   23.3795
    0.0000  -37.5000   30.0000 1975.3062   22.9359
    7.5000  -37.5000   30.0000 1967.5144   23.2459
   -7.5000  -30.0000   30.0000 2120.8613   20.1813
    0.0000  -30.0000   30.0000 2133.8220   19.7773
    7.5000  -30.0000   30.0000 2124.7954   20.0733
   -7.5000  -22.5000   30.0000 2253.4331   17.7418
    0.0000  -22.5000   30.0000 2266.3105   17.4237
    7.5000  -22.5000   30.0000 2259.5605   17.7058
   -7.5000  -15.0000   30.0000 2378.1465   15.9455
    0.0000  -15.0000   30.0000 2391.5986   15.6677
    7.5000  -15.0000   30.0000 2377.4919   15.9477
   -7.5000   -7.5000   30.0000 2491.2471   14.5831
    0.0000   -7.5000   30.0000 2508.8970   14.3334
    7.5000   -7.5000   30.0000 2488.7341   14.6276
   -7.5000    0.0000   30.0000 2605.7156   13.5684
    0.0000    0.0000   30.0000 2625.3201   13.3133
    7.5000    0.0000   30.0000 2600.7478   13.5967
   -7.5000    7.5000   30.0000 2706.4587   12.7870
    0.0000    7.5000   30.0000 2722.4192   12.5262
    7.5000    7.5000   30.0000 2704.4114   12.8137
   -7.5000   15.0000   30.0000 2785.1890   12.2565
    0.0000   15.0000   30.0000 2804.5088   11.9810
    7.5000   15.0000   30.0000 2777.0784   12.3012
   -7.5000   22.5000   30.0000 2827.9756   12.1276
    0.0000   22.5000   30.0000 2846.1875   11.9045
    7.5000   22.5000   30.0000 2820.9365   12.1434
   -7.5000   30.0000   30.0000 2818.8645   12.2842
    0.0000   30.0000   30.0000 2836.5115   12.0854
    7.5000   30.0000   30.0000 2815.0447   12.2781
   -7.5000   37.5000   30.0000 2760.6260   12.6999
    0.0000   37.5000   30.0000 2779.6841   12.5135
    7.5000   37.5000   30.0000 2758.7046   12.6939
   -7.5000   45.0000   30.0000 2674.6067   13.3230
    0.0000   45.0000   30.0000 2692.5862   13.1334
    7.5000   45.0000   30.0000 2668.7480   13.2975
   -7.5000   52.5000   30.0000 2541.6162   14.0908
    0.0000   52.5000   30.0000 2557.4824   13.9014
    7.5000   52.5000   30.0000 2541.4031   14.0483
   -7.5000  -37.5000   37.5000 1907.6111   24.7121
    0.0000  -37.5000   37.5000 1914.0145   24.3740
    7.5000  -37.5000   37.5000 1906.8992   24.7282
   -7.5000  -30.0000   37.5000 2065.2942   21.2804
    0.0000  -30.0000   37.5000 2070.7358   20.9994
    7.5000  -30.0000   37.5000 2061.2236   21.2998
   -7.5000  -22.5000   37.5000 2202.3396   18.7284
    0.0000  -22.5000   37.5000 2216.3501   18.4898
    7.5000  -22.5000   37.5000 2203.6355   18.7903
   -7.5000  -15.0000   37.5000 2326.3245   16.8701
    0.0000  -15.0000   37.5000 2343.6833   16.6071
    7.5000  -15.0000   37.5000 2326.4546   16.9010
   -7.5000   -7.5000   37.5000 2440.5364   15.4124
    0.0000   -7.5000   37.5000 2459.3091   15.1850
    7.5000   -7.5000   37.5000 2436.3423   15.4804
   -7.5000    0.0000   37.5000 2548.0073   14.3352
    0.0000    0.0000   37.5000 2566.3201   14.0825
    7.5000    0.0000   37.5000 2542.6567   14.3867
   -7.5000    7.5000   37.5000 2642.8271   13.5197
    0.0000    7.5000   37.5000 2661.3840   13.2517
    7.5000    7.5000   37.5000 2638.9460   13.5771
   -7.5000   15.0000   37.5000 2709.5046   13.0179
    0.0000   15.0000   37.5000 2723.9031   12.7448
    7.5000   15.0000   37.5000 2700.0947   13.0536
   -7.5000   22.5000   37.5000 2739.4512   12.8764
    0.0000   22.5000   37.5000 2751.2788   12.6414
    7.5000   22.5000   37.5000 2731.3779   12.8819
   -7.5000   30.0000   37.5000 2722.8296   13.0042
    0.0000   30.0000   37.5000 2735.3699   12.7964
    7.5000   30.0000   37.5000 2720.2380   12.9885
   -7.5000   37.5000   37.5000 2672.0581   13.4320
    0.0000   37.5000   37.5000 2686.1729   13.2338
    7.5000   37.5000   37.5000 2670.9883   13.4235
   -7.5000   45.0000   37.5000 2595.7466   14.0751
    0.0000   45.0000   37.5000 2609.8508   13.8808
    7.5000   45.0000   37.5000 2588.7402   14.0493
   -7.5000   52.5000   37.5000 2479.1729   14.8130
    0.0000   52.5000   37.5000 2492.5681   14.6468
    7.5000   52.5000   37.5000 2471.8503   14.8031
   -7.5000  -37.5000   45.0000 1843.3361   26.5298
    0.0000  -37.5000   45.0000 1850.8008   26.2680
    7.5000  -37.5000   45.0000 1841.6089   26.5528
   -7.5000  -30.0000   45.0000 1999.6104   22.7539
    0.0000  -30.0000   45.0000 2005.8519   22.5006
    7.5000  -30.0000   45.0000 1998.5875   22.7601
   -7.5000  -22.5000   45.0000 2139.7751   19.9931
    0.0000  -22.5000   45.0000 2155.2244   19.7618
    7.5000  -22.5000   45.0000 2140.8416   20.0135
   -7.5000  -15.0000   45.0000 2260.6960   17.9786
    0.0000  -15.0000   45.0000 2283.1958   17.7735
    7.5000  -15.0000   45.0000 2259.5483   17.9910
   -7.5000   -7.5000   45.0000 2376.5903   16.4738
    0.0000   -7.5000   45.0000 2398.6260   16.2559
    7.5000   -7.5000   45.0000 2371.2112   16.4974
   -7.5000    0.0000   45.0000 2476.8149   15.3228
    0.0000    0.0000   45.0000 2496.3855   15.1051
    7.5000    0.0000   45.0000 2470.1301   15.3798
   -7.5000    7.5000   45.0000 2563.8142   14.5032
    0.0000    7.5000   45.0000 2581.9128   14.2511
    7.5000    7.5000   45.0000 2555.7380   14.5684
   -7.5000   15.0000   45.0000 2621.5271   13.9753
    0.0000   15.0000   45.0000 2635.6594   13.7447
    7.5000   15.0000   45.0000 2611.8003   14.0104
   -7.5000   22.5000   45.0000 2643.6086   13.8040
    0.0000   22.5000   45.0000 2656.5408   13.6127
    7.5000   22.5000   45.0000 2637.6870   13.8130
   -7.5000   30.0000   45.0000 2624.4446   13.9113
    0.0000   30.0000   45.0000 2637.1682   13.7317
    7.5000   30.0000   45.0000 2620.8154   13.9191
   -7.5000   37.5000   45.0000 2574.4097   14.3570
    0.0000   37.5000   45.0000 2583.2480   14.1686
    7.5000   37.5000   45.0000 2573.6650   14.3496
   -7.5000   45.0000   45.0000 2511.9436   14.9752
    0.0000   45.0000   45.0000 2522.4756   14.8077
    7.5000   45.0000   45.0000 2503.5549   14.9725
   -7.5000   52.5000   45.0000 2406.7427   15.7084
    0.0000   52.5000   45.0000 2420.1357   15.5455
    7.5000   52.5000   45.0000 2396.2271   15.6989

---------------------------------------------------------------------
imgreg_4dfp /opt/freesurfer/average/711-2C_as_mni_average_305 /opt/freesurfer/average/711-2B_as_mni_average_305_mask talsrcimg_g11 none talsrcimg_to_711-2C_as_mni_average_305_t4 1283
---------------------------------------------------------------------

freesurfer imgreg_4dfp.c
/opt/freesurfer/average/711-2C_as_mni_average_305.4dfp.img
       256       256       256         1
  1.000000  1.000000  1.000000
orientation T byte_order littleendian
Reading image: /opt/freesurfer/average/711-2C_as_mni_average_305.4dfp.img
dimensions:      256       256       256
mmppix:       1.0000   -1.0000   -1.0000
center:     128.0000 -129.0000 -129.0000
/opt/freesurfer/average/711-2B_as_mni_average_305_mask.4dfp.img
       256       256       256         1
  1.000000  1.000000  1.000000
orientation T byte_order littleendian
Reading mask: /opt/freesurfer/average/711-2B_as_mni_average_305_mask.4dfp.img (2306576 pixels)
talsrcimg_g11.4dfp.img
       256       256       256         1
  1.000000  1.000000  1.000000
orientation T byte_order littleendian
Reading image: talsrcimg_g11.4dfp.img
dimensions:      256       256       256
mmppix:       1.0000   -1.0000   -1.0000
center:     128.0000 -129.0000 -129.0000
rotation matrix determinant  1.000000
fimgreg.f
image alignment mode   1283 decimal      503 hex
parameters
    0.0000   22.5000    7.5000    0.0000    0.0000    0.0000
eta,q 0.94271 10.85723
niter,ni,del,rscale     5    3   12.0000    1.2000
parameter  4  3.682983 ->  0.500000 qaram    1.1500
parameter  5 -0.802846 -> -0.500000 qaram    1.1500
parameter  6 -0.596754 -> -0.500000 qaram    1.1500
parameters
    0.2691   24.6334    8.7222   -3.4500    3.4500    3.4500
eta,q 0.95002 10.81722
  0.0662  0.0717  0.0632  0.0519  0.0595  0.0576
  0.0622  0.0657  0.0603  0.0526  0.0567  0.0547
  0.0591  0.0604  0.0582  0.0543  0.0545  0.0525
  0.0581  0.0577  0.0566  0.0564  0.0530  0.0513
  0.0578  0.0566  0.0565  0.0589  0.0520  0.0504
  0.0603  0.0575  0.0575  0.0606  0.0512  0.0500
  0.0656  0.0601  0.0597  0.0625  0.0515  0.0507
niter,ni,del,rscale     7    3   12.0000    1.2000
parameters
   -0.6454   25.5517    8.8386   -5.3381    4.5952    2.0359
eta,q 0.95224 10.79961
  0.0581  0.0647  0.0579  0.0535  0.0556  0.0511
  0.0534  0.0579  0.0548  0.0496  0.0526  0.0489
  0.0509  0.0523  0.0517  0.0484  0.0506  0.0479
  0.0500  0.0501  0.0499  0.0498  0.0485  0.0479
  0.0530  0.0500  0.0507  0.0525  0.0479  0.0495
  0.0584  0.0530  0.0538  0.0558  0.0494  0.0520
  0.0644  0.0579  0.0579  0.0588  0.0528  0.0547
niter,ni,del,rscale     6    3   12.0000    1.2000
parameters
   -1.5233   26.5562    8.7226   -6.4019    5.3301    1.7028
eta,q 0.95292 10.76950
  0.0571  0.0635  0.0561  0.0536  0.0552  0.0515
  0.0512  0.0560  0.0524  0.0496  0.0514  0.0488
  0.0485  0.0501  0.0490  0.0473  0.0490  0.0474
  0.0478  0.0479  0.0479  0.0479  0.0474  0.0470
  0.0508  0.0485  0.0493  0.0501  0.0469  0.0474
  0.0573  0.0516  0.0525  0.0535  0.0488  0.0495
  0.0633  0.0551  0.0570  0.0575  0.0531  0.0526
niter,ni,del,rscale     5    3   12.0000    1.2000
parameters
   -1.8856   27.1905    8.3739   -7.3816    5.5490    1.8072
eta,q 0.95331 10.76144
  0.0588  0.0603  0.0555  0.0525  0.0546  0.0518
  0.0519  0.0538  0.0513  0.0492  0.0504  0.0490
  0.0482  0.0486  0.0479  0.0467  0.0480  0.0472
  0.0471  0.0472  0.0473  0.0472  0.0468  0.0467
  0.0487  0.0483  0.0492  0.0490  0.0468  0.0469
  0.0548  0.0513  0.0527  0.0521  0.0493  0.0486
  0.0616  0.0551  0.0574  0.0562  0.0542  0.0516
niter,ni,del,rscale     4    3   12.0000    1.2000
parameters
   -1.9541   27.7502    8.0610   -8.2840    5.4356    1.8085
eta,q 0.95379 10.76468
  0.0599  0.0591  0.0554  0.0521  0.0539  0.0515
  0.0526  0.0534  0.0510  0.0489  0.0497  0.0488
  0.0481  0.0484  0.0474  0.0462  0.0473  0.0468
  0.0467  0.0467  0.0467  0.0466  0.0462  0.0462
  0.0478  0.0475  0.0488  0.0485  0.0468  0.0466
  0.0534  0.0505  0.0524  0.0515  0.0497  0.0485
  0.0605  0.0552  0.0571  0.0555  0.0549  0.0518
niter,ni,del,rscale     3    3   12.0000    1.2000
parameters
   -1.8866   28.2911    7.8404   -9.0420    5.1988    1.7018
eta,q 0.95432 10.77288
  0.0604  0.0586  0.0553  0.0522  0.0535  0.0514
  0.0528  0.0536  0.0507  0.0490  0.0492  0.0488
  0.0477  0.0485  0.0470  0.0458  0.0466  0.0465
  0.0462  0.0462  0.0461  0.0460  0.0457  0.0457
  0.0472  0.0468  0.0483  0.0481  0.0466  0.0462
  0.0527  0.0501  0.0518  0.0512  0.0497  0.0486
  0.0597  0.0555  0.0562  0.0551  0.0551  0.0522
niter,ni,del,rscale     2    3   12.0000    1.2000
parameters
   -1.7940   28.7442    7.7287   -9.5953    4.9921    1.5837
eta,q 0.95463 10.77960
  0.0604  0.0584  0.0552  0.0527  0.0535  0.0515
  0.0525  0.0538  0.0505  0.0493  0.0490  0.0489
  0.0472  0.0483  0.0466  0.0457  0.0463  0.0463
  0.0457  0.0457  0.0456  0.0456  0.0453  0.0454
  0.0467  0.0464  0.0477  0.0477  0.0463  0.0460
  0.0522  0.0501  0.0512  0.0511  0.0495  0.0486
  0.0593  0.0561  0.0554  0.0549  0.0548  0.0524
niter,ni,del,rscale     1    3   12.0000    1.2000
parameters
   -1.7321   29.0580    7.6895   -9.9477    4.8668    1.5013
eta,q 0.95479 10.78486
  0.0600  0.0581  0.0551  0.0532  0.0536  0.0516
  0.0521  0.0536  0.0503  0.0497  0.0491  0.0490
  0.0467  0.0478  0.0463  0.0458  0.0462  0.0463
  0.0454  0.0454  0.0453  0.0453  0.0452  0.0452
  0.0465  0.0464  0.0474  0.0473  0.0461  0.0459
  0.0521  0.0505  0.0508  0.0508  0.0492  0.0486
  0.0592  0.0568  0.0548  0.0547  0.0545  0.0525
registration optimization eta report
parameter search radius
    6.0000    6.0000    6.0000    6.9000    6.9000    6.9000
100000*second partial in parameter space
       40.       33.       26.       18.       19.       14.
  0.0600  0.0581  0.0551  0.0532  0.0536  0.0516
  0.0521  0.0536  0.0503  0.0497  0.0491  0.0490
  0.0467  0.0478  0.0463  0.0458  0.0462  0.0463
  0.0454  0.0454  0.0453  0.0453  0.0452  0.0452
  0.0465  0.0464  0.0474  0.0473  0.0461  0.0459
  0.0521  0.0505  0.0508  0.0508  0.0492  0.0486
  0.0592  0.0568  0.0548  0.0547  0.0545  0.0525
   -1.7321   29.0580    7.6895   -9.9477    4.8668    1.5013
eta,q 0.95479 10.78486

---------------------------------------------------------------------
imgreg_4dfp /opt/freesurfer/average/711-2C_as_mni_average_305 /opt/freesurfer/average/711-2B_as_mni_average_305_mask talsrcimg_g11 none talsrcimg_to_711-2C_as_mni_average_305_t4 3335
---------------------------------------------------------------------

freesurfer imgreg_4dfp.c
/opt/freesurfer/average/711-2C_as_mni_average_305.4dfp.img
       256       256       256         1
  1.000000  1.000000  1.000000
orientation T byte_order littleendian
Reading image: /opt/freesurfer/average/711-2C_as_mni_average_305.4dfp.img
dimensions:      256       256       256
mmppix:       1.0000   -1.0000   -1.0000
center:     128.0000 -129.0000 -129.0000
/opt/freesurfer/average/711-2B_as_mni_average_305_mask.4dfp.img
       256       256       256         1
  1.000000  1.000000  1.000000
orientation T byte_order littleendian
Reading mask: /opt/freesurfer/average/711-2B_as_mni_average_305_mask.4dfp.img (2306576 pixels)
talsrcimg_g11.4dfp.img
       256       256       256         1
  1.000000  1.000000  1.000000
orientation T byte_order littleendian
Reading image: talsrcimg_g11.4dfp.img
dimensions:      256       256       256
mmppix:       1.0000   -1.0000   -1.0000
center:     128.0000 -129.0000 -129.0000
fimgreg.f
image alignment mode   3335 decimal      D07 hex
parameters
   -1.7321   29.0580    7.6895   -0.3947   -1.4988   -1.8585
   -1.1155   -8.8061    2.6106   17.0501    8.4839  -17.2127
eta,q 0.95474 10.88491
niter,ni,del,rscale     5    3    5.0000    1.2000
parameter  4  1.567631 ->  0.500000 qaram    1.1500
parameter  5  2.620173 ->  0.500000 qaram    1.1500
parameter  6  0.855183 ->  0.500000 qaram    1.1500
parameters
   -1.5364   29.2017    7.4064   -4.5347   -5.6388   -5.9985
   -0.8780   -7.0590    2.2020   13.7462    6.6837  -18.6513
eta,q 0.96730 10.54774
  0.0480  0.0470  0.0464  0.0404  0.0340  0.0336  0.0357  0.0398  0.0352  0.0340  0.0334  0.0335
  0.0466  0.0459  0.0457  0.0413  0.0362  0.0338  0.0348  0.0374  0.0343  0.0330  0.0330  0.0330
  0.0457  0.0454  0.0453  0.0429  0.0387  0.0347  0.0342  0.0353  0.0338  0.0329  0.0328  0.0327
  0.0453  0.0452  0.0453  0.0452  0.0417  0.0369  0.0340  0.0340  0.0336  0.0336  0.0328  0.0328
  0.0454  0.0454  0.0455  0.0483  0.0448  0.0404  0.0342  0.0336  0.0339  0.0350  0.0331  0.0331
  0.0461  0.0458  0.0461  0.0516  0.0483  0.0452  0.0347  0.0344  0.0346  0.0366  0.0338  0.0336
  0.0473  0.0465  0.0471  0.0550  0.0527  0.0501  0.0355  0.0362  0.0357  0.0389  0.0347  0.0344
niter,ni,del,rscale     7    3    5.0000    1.2000
parameter  5  1.887949 ->  0.500000 qaram    1.3225
parameters
   -1.6417   29.1391    6.6364   -7.5561  -10.3998  -10.0696
    0.2257   -6.6750    3.1333   14.6830    5.8346  -19.1830
eta,q 0.97197 10.10301
  0.0354  0.0348  0.0332  0.0335  0.0271  0.0282  0.0305  0.0319  0.0305  0.0313  0.0284  0.0289
  0.0338  0.0337  0.0327  0.0328  0.0285  0.0281  0.0294  0.0300  0.0294  0.0298  0.0282  0.0284
  0.0329  0.0330  0.0326  0.0322  0.0305  0.0285  0.0286  0.0287  0.0286  0.0287  0.0281  0.0281
  0.0327  0.0327  0.0327  0.0326  0.0323  0.0290  0.0282  0.0282  0.0282  0.0281  0.0280  0.0280
  0.0332  0.0330  0.0331  0.0339  0.0349  0.0295  0.0282  0.0284  0.0282  0.0281  0.0281  0.0282
  0.0342  0.0338  0.0339  0.0364  0.0381  0.0319  0.0286  0.0294  0.0287  0.0287  0.0283  0.0286
  0.0358  0.0351  0.0351  0.0397  0.0414  0.0367  0.0295  0.0312  0.0296  0.0301  0.0287  0.0292
niter,ni,del,rscale     7    3    5.0000    1.2000
parameter  5  0.785379 ->  0.500000 qaram    1.5209
parameters
   -1.3353   28.7545    5.5194   -7.7899  -15.8750  -11.5361
    0.0438   -6.4672    3.5031   15.0978    5.6498  -21.6167
eta,q 0.97487  9.81607
  0.0312  0.0295  0.0280  0.0299  0.0259  0.0269  0.0272  0.0290  0.0274  0.0281  0.0259  0.0256
  0.0297  0.0285  0.0277  0.0289  0.0254  0.0258  0.0261  0.0271  0.0263  0.0266  0.0255  0.0253
  0.0286  0.0280  0.0277  0.0282  0.0260  0.0252  0.0254  0.0257  0.0255  0.0256  0.0253  0.0251
  0.0280  0.0280  0.0279  0.0276  0.0277  0.0255  0.0252  0.0252  0.0252  0.0252  0.0252  0.0252
  0.0281  0.0285  0.0284  0.0278  0.0300  0.0262  0.0255  0.0256  0.0254  0.0255  0.0253  0.0256
  0.0287  0.0295  0.0292  0.0287  0.0327  0.0268  0.0263  0.0267  0.0260  0.0263  0.0255  0.0262
  0.0300  0.0308  0.0301  0.0305  0.0360  0.0283  0.0273  0.0286  0.0270  0.0275  0.0259  0.0269
niter,ni,del,rscale     7    3    5.0000    1.2000
parameters
   -1.3443   29.1592    5.2097   -6.8652  -18.1695  -11.5417
    0.4475   -6.6739    4.0378   16.4121    5.1607  -22.7786
eta,q 0.97522  9.77269
  0.0277  0.0284  0.0260  0.0274  0.0277  0.0272  0.0270  0.0282  0.0270  0.0279  0.0254  0.0255
  0.0263  0.0269  0.0254  0.0264  0.0261  0.0258  0.0259  0.0263  0.0260  0.0263  0.0251  0.0250
  0.0254  0.0257  0.0251  0.0257  0.0251  0.0250  0.0252  0.0252  0.0252  0.0253  0.0249  0.0248
  0.0251  0.0251  0.0250  0.0250  0.0249  0.0249  0.0249  0.0249  0.0249  0.0248  0.0248  0.0248
  0.0254  0.0251  0.0253  0.0248  0.0262  0.0255  0.0250  0.0253  0.0250  0.0249  0.0249  0.0250
  0.0263  0.0257  0.0259  0.0254  0.0287  0.0261  0.0256  0.0266  0.0255  0.0254  0.0252  0.0255
  0.0278  0.0268  0.0267  0.0269  0.0316  0.0268  0.0266  0.0285  0.0265  0.0262  0.0256  0.0261
niter,ni,del,rscale     6    3    5.0000    1.2000
parameters
   -1.3790   29.5590    4.9751   -6.9703  -18.9189  -11.7816
    0.6667   -6.8652    4.3580   17.3727    4.5248  -23.2800
eta,q 0.97526  9.73648
  0.0274  0.0279  0.0258  0.0268  0.0285  0.0268  0.0268  0.0280  0.0267  0.0273  0.0253  0.0256
  0.0259  0.0264  0.0251  0.0260  0.0267  0.0256  0.0257  0.0262  0.0257  0.0259  0.0250  0.0251
  0.0251  0.0253  0.0248  0.0253  0.0254  0.0248  0.0250  0.0250  0.0250  0.0251  0.0248  0.0248
  0.0248  0.0248  0.0247  0.0247  0.0247  0.0248  0.0248  0.0248  0.0248  0.0247  0.0247  0.0247
  0.0251  0.0248  0.0250  0.0248  0.0252  0.0254  0.0249  0.0252  0.0249  0.0249  0.0249  0.0249
  0.0260  0.0253  0.0255  0.0256  0.0273  0.0259  0.0255  0.0264  0.0255  0.0253  0.0251  0.0253
  0.0275  0.0264  0.0263  0.0274  0.0301  0.0268  0.0265  0.0283  0.0264  0.0261  0.0256  0.0259
niter,ni,del,rscale     5    3    5.0000    1.2000
parameters
   -1.4434   29.8516    4.7046   -7.1084  -19.4625  -12.3597
    0.7918   -7.0228    4.6505   18.0631    4.0065  -23.4773
eta,q 0.97532  9.68551
  0.0272  0.0275  0.0257  0.0268  0.0285  0.0266  0.0266  0.0279  0.0266  0.0269  0.0253  0.0256
  0.0258  0.0261  0.0251  0.0259  0.0267  0.0254  0.0256  0.0261  0.0256  0.0257  0.0249  0.0251
  0.0250  0.0252  0.0247  0.0252  0.0254  0.0247  0.0249  0.0250  0.0250  0.0249  0.0247  0.0248
  0.0247  0.0247  0.0247  0.0247  0.0247  0.0248  0.0247  0.0247  0.0247  0.0247  0.0247  0.0247
  0.0251  0.0248  0.0250  0.0248  0.0251  0.0253  0.0249  0.0251  0.0248  0.0248  0.0248  0.0248
  0.0260  0.0254  0.0255  0.0256  0.0270  0.0259  0.0255  0.0263  0.0254  0.0253  0.0251  0.0252
  0.0275  0.0265  0.0263  0.0274  0.0298  0.0270  0.0265  0.0281  0.0263  0.0261  0.0255  0.0257
niter,ni,del,rscale     4    3    5.0000    1.2000
parameters
   -1.5035   30.1187    4.4064   -7.2652  -19.9604  -13.0526
    0.8619   -7.1593    4.8377   18.7429    3.7620  -23.5065
eta,q 0.97538  9.63046
  0.0271  0.0274  0.0256  0.0267  0.0284  0.0265  0.0265  0.0278  0.0265  0.0267  0.0253  0.0256
  0.0258  0.0260  0.0250  0.0258  0.0266  0.0254  0.0255  0.0260  0.0255  0.0256  0.0249  0.0250
  0.0249  0.0251  0.0247  0.0252  0.0254  0.0247  0.0249  0.0249  0.0249  0.0249  0.0247  0.0247
  0.0247  0.0247  0.0246  0.0246  0.0246  0.0247  0.0246  0.0246  0.0246  0.0246  0.0246  0.0246
  0.0250  0.0248  0.0249  0.0247  0.0250  0.0253  0.0248  0.0251  0.0248  0.0248  0.0247  0.0247
  0.0259  0.0253  0.0255  0.0255  0.0268  0.0259  0.0255  0.0262  0.0254  0.0252  0.0250  0.0251
  0.0274  0.0264  0.0262  0.0273  0.0296  0.0271  0.0264  0.0279  0.0263  0.0260  0.0254  0.0256
niter,ni,del,rscale     3    3    5.0000    1.2000
parameters
   -1.5576   30.3858    4.1112   -7.4422  -20.4773  -13.7535
    0.8716   -7.2422    4.8413   19.5278    3.8747  -23.3780
eta,q 0.97542  9.57618
  0.0270  0.0273  0.0256  0.0265  0.0283  0.0265  0.0264  0.0277  0.0263  0.0267  0.0253  0.0255
  0.0257  0.0260  0.0250  0.0257  0.0265  0.0254  0.0254  0.0259  0.0254  0.0256  0.0249  0.0250
  0.0249  0.0251  0.0246  0.0251  0.0253  0.0247  0.0248  0.0248  0.0248  0.0249  0.0247  0.0247
  0.0246  0.0246  0.0246  0.0246  0.0246  0.0246  0.0246  0.0246  0.0246  0.0246  0.0246  0.0246
  0.0250  0.0247  0.0248  0.0247  0.0249  0.0252  0.0248  0.0251  0.0248  0.0247  0.0246  0.0247
  0.0258  0.0253  0.0254  0.0254  0.0267  0.0259  0.0254  0.0261  0.0254  0.0252  0.0249  0.0250
  0.0272  0.0263  0.0262  0.0271  0.0295  0.0271  0.0264  0.0278  0.0263  0.0259  0.0253  0.0255
niter,ni,del,rscale     2    3    5.0000    1.2000
parameters
   -1.5988   30.6584    3.8187   -7.6591  -21.0224  -14.4916
    0.8324   -7.2741    4.5876   20.4256    4.2846  -23.1518
eta,q 0.97546  9.51980
  0.0270  0.0272  0.0255  0.0264  0.0282  0.0265  0.0263  0.0277  0.0262  0.0267  0.0254  0.0256
  0.0256  0.0259  0.0249  0.0256  0.0264  0.0253  0.0253  0.0259  0.0253  0.0256  0.0249  0.0250
  0.0248  0.0250  0.0246  0.0250  0.0252  0.0247  0.0247  0.0248  0.0247  0.0249  0.0247  0.0247
  0.0246  0.0246  0.0245  0.0245  0.0245  0.0246  0.0246  0.0246  0.0245  0.0245  0.0245  0.0245
  0.0249  0.0246  0.0248  0.0246  0.0249  0.0251  0.0248  0.0250  0.0248  0.0247  0.0246  0.0246
  0.0258  0.0252  0.0253  0.0254  0.0267  0.0259  0.0254  0.0260  0.0254  0.0251  0.0248  0.0250
  0.0271  0.0263  0.0261  0.0270  0.0294  0.0271  0.0263  0.0276  0.0265  0.0258  0.0252  0.0254
niter,ni,del,rscale     1    3    5.0000    1.2000
parameters
   -1.6131   30.9403    3.5039   -7.9139  -21.6042  -15.3215
    0.6931   -7.2053    4.1230   21.3504    4.8869  -22.8811
eta,q 0.97550  9.45697
  0.0269  0.0272  0.0254  0.0262  0.0281  0.0264  0.0262  0.0277  0.0261  0.0268  0.0254  0.0256
  0.0256  0.0259  0.0249  0.0254  0.0263  0.0253  0.0253  0.0259  0.0252  0.0256  0.0249  0.0250
  0.0248  0.0250  0.0245  0.0249  0.0251  0.0246  0.0247  0.0248  0.0246  0.0248  0.0246  0.0246
  0.0245  0.0245  0.0245  0.0245  0.0245  0.0246  0.0245  0.0245  0.0245  0.0245  0.0245  0.0245
  0.0248  0.0246  0.0248  0.0245  0.0249  0.0251  0.0248  0.0249  0.0248  0.0246  0.0246  0.0246
  0.0257  0.0252  0.0253  0.0253  0.0266  0.0259  0.0254  0.0259  0.0255  0.0251  0.0248  0.0249
  0.0270  0.0262  0.0261  0.0268  0.0293  0.0271  0.0263  0.0274  0.0266  0.0258  0.0252  0.0254
registration optimization eta report
parameter search radius
    2.4000    2.4000    2.4000    8.2800   10.9503    8.2800
    7.2000    7.2000    7.2000    7.2000    7.2000    7.2000
100000*second partial in parameter space
       42.       37.       22.        3.        4.        3.
        3.        6.        3.        3.        1.        2.
  0.0269  0.0272  0.0254  0.0262  0.0281  0.0264  0.0262  0.0277  0.0261  0.0268  0.0254  0.0256
  0.0256  0.0259  0.0249  0.0254  0.0263  0.0253  0.0253  0.0259  0.0252  0.0256  0.0249  0.0250
  0.0248  0.0250  0.0245  0.0249  0.0251  0.0246  0.0247  0.0248  0.0246  0.0248  0.0246  0.0246
  0.0245  0.0245  0.0245  0.0245  0.0245  0.0246  0.0245  0.0245  0.0245  0.0245  0.0245  0.0245
  0.0248  0.0246  0.0248  0.0245  0.0249  0.0251  0.0248  0.0249  0.0248  0.0246  0.0246  0.0246
  0.0257  0.0252  0.0253  0.0253  0.0266  0.0259  0.0254  0.0259  0.0255  0.0251  0.0248  0.0249
  0.0270  0.0262  0.0261  0.0268  0.0293  0.0271  0.0263  0.0274  0.0266  0.0258  0.0252  0.0254
   -1.6131   30.9403    3.5039   -7.9139  -21.6042  -15.3215
    0.6931   -7.2053    4.1230   21.3504    4.8869  -22.8811
eta,q 0.97550  9.45697

---------------------------------------------------------------------
imgreg_4dfp /opt/freesurfer/average/711-2C_as_mni_average_305 /opt/freesurfer/average/711-2B_as_mni_average_305_mask talsrcimg_g11 none talsrcimg_to_711-2C_as_mni_average_305_t4 2311
---------------------------------------------------------------------

freesurfer imgreg_4dfp.c
/opt/freesurfer/average/711-2C_as_mni_average_305.4dfp.img
       256       256       256         1
  1.000000  1.000000  1.000000
orientation T byte_order littleendian
Reading image: /opt/freesurfer/average/711-2C_as_mni_average_305.4dfp.img
dimensions:      256       256       256
mmppix:       1.0000   -1.0000   -1.0000
center:     128.0000 -129.0000 -129.0000
/opt/freesurfer/average/711-2B_as_mni_average_305_mask.4dfp.img
       256       256       256         1
  1.000000  1.000000  1.000000
orientation T byte_order littleendian
Reading mask: /opt/freesurfer/average/711-2B_as_mni_average_305_mask.4dfp.img (2306576 pixels)
talsrcimg_g11.4dfp.img
       256       256       256         1
  1.000000  1.000000  1.000000
orientation T byte_order littleendian
Reading image: talsrcimg_g11.4dfp.img
dimensions:      256       256       256
mmppix:       1.0000   -1.0000   -1.0000
center:     128.0000 -129.0000 -129.0000
fimgreg.f
image alignment mode   2311 decimal      907 hex
parameters
   -1.6131   30.9403    3.5039   -7.9139  -21.6042  -15.3215
    0.6931   -7.2053    4.1230   21.3504    4.8869  -22.8811
eta,q 0.97549  9.45697
niter,ni,del,rscale     5    3    5.0000    0.8000
parameters
   -1.5897   31.2476    3.1549   -7.3922  -21.2705  -16.1637
    0.7812   -7.2616    3.9206   21.8085    5.2513  -22.9845
eta,q 0.97566  9.46885
  0.0256  0.0258  0.0248  0.0251  0.0253  0.0249  0.0252  0.0258  0.0252  0.0254  0.0248  0.0248
  0.0250  0.0252  0.0246  0.0248  0.0248  0.0245  0.0247  0.0249  0.0247  0.0248  0.0245  0.0245
  0.0246  0.0247  0.0244  0.0246  0.0246  0.0244  0.0244  0.0245  0.0244  0.0245  0.0244  0.0244
  0.0245  0.0245  0.0245  0.0244  0.0244  0.0244  0.0243  0.0243  0.0243  0.0243  0.0243  0.0243
  0.0246  0.0245  0.0246  0.0244  0.0244  0.0246  0.0244  0.0245  0.0245  0.0244  0.0244  0.0244
  0.0249  0.0247  0.0249  0.0246  0.0246  0.0249  0.0247  0.0250  0.0248  0.0247  0.0245  0.0246
  0.0255  0.0251  0.0253  0.0250  0.0251  0.0254  0.0251  0.0258  0.0253  0.0250  0.0247  0.0248
niter,ni,del,rscale     4    3    5.0000    0.7000
parameters
   -1.5595   31.3601    2.8807   -7.2878  -21.4349  -16.5818
    0.8020   -7.2385    3.7482   22.1574    5.4487  -23.0210
eta,q 0.97569  9.45329
  0.0252  0.0252  0.0246  0.0248  0.0249  0.0248  0.0249  0.0254  0.0249  0.0251  0.0246  0.0247
  0.0247  0.0248  0.0244  0.0246  0.0246  0.0245  0.0246  0.0248  0.0246  0.0247  0.0245  0.0245
  0.0244  0.0245  0.0243  0.0244  0.0244  0.0243  0.0244  0.0244  0.0244  0.0244  0.0244  0.0243
  0.0243  0.0243  0.0243  0.0243  0.0243  0.0243  0.0243  0.0243  0.0243  0.0243  0.0243  0.0243
  0.0244  0.0244  0.0244  0.0243  0.0244  0.0244  0.0244  0.0244  0.0244  0.0244  0.0243  0.0244
  0.0247  0.0246  0.0246  0.0245  0.0246  0.0247  0.0246  0.0248  0.0247  0.0246  0.0244  0.0245
  0.0251  0.0250  0.0249  0.0249  0.0251  0.0250  0.0249  0.0254  0.0251  0.0249  0.0246  0.0247
niter,ni,del,rscale     3    3    5.0000    0.6000
parameters
   -1.5391   31.4716    2.7373   -7.2402  -21.5241  -16.8154
    0.8029   -7.2285    3.6586   22.3531    5.5403  -23.0787
eta,q 0.97571  9.44485
  0.0249  0.0250  0.0245  0.0247  0.0247  0.0247  0.0248  0.0251  0.0248  0.0249  0.0245  0.0246
  0.0246  0.0246  0.0244  0.0245  0.0245  0.0245  0.0245  0.0246  0.0245  0.0246  0.0244  0.0244
  0.0244  0.0244  0.0243  0.0244  0.0244  0.0243  0.0244  0.0244  0.0243  0.0244  0.0243  0.0243
  0.0243  0.0243  0.0243  0.0243  0.0243  0.0243  0.0243  0.0243  0.0243  0.0243  0.0243  0.0243
  0.0244  0.0243  0.0244  0.0243  0.0243  0.0244  0.0243  0.0244  0.0244  0.0243  0.0243  0.0243
  0.0246  0.0245  0.0245  0.0244  0.0245  0.0245  0.0245  0.0246  0.0245  0.0245  0.0244  0.0244
  0.0249  0.0248  0.0247  0.0247  0.0248  0.0248  0.0248  0.0251  0.0248  0.0247  0.0245  0.0246
niter,ni,del,rscale     2    3    5.0000    0.5000
parameters
   -1.5207   31.5291    2.6530   -7.1653  -21.5205  -16.9332
    0.8159   -7.2100    3.6308   22.4343    5.5470  -23.1381
eta,q 0.97571  9.44485
  0.0247  0.0247  0.0245  0.0246  0.0246  0.0246  0.0246  0.0249  0.0247  0.0247  0.0244  0.0245
  0.0245  0.0245  0.0244  0.0245  0.0245  0.0244  0.0244  0.0245  0.0244  0.0245  0.0244  0.0244
  0.0243  0.0243  0.0243  0.0244  0.0243  0.0243  0.0243  0.0243  0.0243  0.0243  0.0243  0.0243
  0.0243  0.0243  0.0243  0.0243  0.0243  0.0243  0.0243  0.0243  0.0243  0.0243  0.0243  0.0243
  0.0243  0.0243  0.0243  0.0243  0.0243  0.0243  0.0243  0.0243  0.0243  0.0243  0.0243  0.0243
  0.0245  0.0244  0.0244  0.0244  0.0244  0.0245  0.0244  0.0245  0.0245  0.0244  0.0244  0.0244
  0.0247  0.0247  0.0246  0.0246  0.0246  0.0246  0.0246  0.0248  0.0247  0.0246  0.0244  0.0245
niter,ni,del,rscale     1    3    5.0000    0.4000
parameters
   -1.5112   31.5552    2.6150   -7.0374  -21.4556  -16.9987
    0.8472   -7.1987    3.6544   22.4533    5.5608  -23.1769
eta,q 0.97572  9.45126
  0.0246  0.0246  0.0244  0.0245  0.0245  0.0245  0.0245  0.0246  0.0245  0.0245  0.0244  0.0244
  0.0244  0.0244  0.0243  0.0244  0.0244  0.0244  0.0244  0.0244  0.0244  0.0244  0.0243  0.0243
  0.0243  0.0243  0.0243  0.0243  0.0243  0.0243  0.0243  0.0243  0.0243  0.0243  0.0243  0.0243
  0.0243  0.0243  0.0243  0.0243  0.0243  0.0243  0.0243  0.0243  0.0243  0.0243  0.0243  0.0243
  0.0243  0.0243  0.0243  0.0243  0.0243  0.0243  0.0243  0.0243  0.0243  0.0243  0.0243  0.0243
  0.0244  0.0244  0.0244  0.0243  0.0244  0.0244  0.0244  0.0244  0.0244  0.0244  0.0243  0.0243
  0.0245  0.0245  0.0244  0.0245  0.0245  0.0245  0.0245  0.0246  0.0245  0.0245  0.0244  0.0244
registration optimization eta report
parameter search radius
    0.8000    0.8000    0.8000    2.4000    2.4000    2.4000
    2.4000    2.4000    2.4000    2.4000    2.4000    2.4000
100000*second partial in parameter space
       41.       41.       22.        3.        4.        4.
        4.        6.        4.        4.        2.        2.
  0.0246  0.0246  0.0244  0.0245  0.0245  0.0245  0.0245  0.0246  0.0245  0.0245  0.0244  0.0244
  0.0244  0.0244  0.0243  0.0244  0.0244  0.0244  0.0244  0.0244  0.0244  0.0244  0.0243  0.0243
  0.0243  0.0243  0.0243  0.0243  0.0243  0.0243  0.0243  0.0243  0.0243  0.0243  0.0243  0.0243
  0.0243  0.0243  0.0243  0.0243  0.0243  0.0243  0.0243  0.0243  0.0243  0.0243  0.0243  0.0243
  0.0243  0.0243  0.0243  0.0243  0.0243  0.0243  0.0243  0.0243  0.0243  0.0243  0.0243  0.0243
  0.0244  0.0244  0.0244  0.0243  0.0244  0.0244  0.0244  0.0244  0.0244  0.0244  0.0243  0.0243
  0.0245  0.0245  0.0244  0.0245  0.0245  0.0245  0.0245  0.0246  0.0245  0.0245  0.0244  0.0244
   -1.5112   31.5552    2.6150   -7.0374  -21.4556  -16.9987
    0.8472   -7.1987    3.6544   22.4533    5.5608  -23.1769
eta,q 0.97572  9.45126

---------------------------------------------------------------------
imgreg_4dfp /opt/freesurfer/average/711-2C_as_mni_average_305 /opt/freesurfer/average/711-2B_as_mni_average_305_mask talsrcimg_g11 none talsrcimg_to_711-2C_as_mni_average_305_t4 2311
---------------------------------------------------------------------

freesurfer imgreg_4dfp.c
/opt/freesurfer/average/711-2C_as_mni_average_305.4dfp.img
       256       256       256         1
  1.000000  1.000000  1.000000
orientation T byte_order littleendian
Reading image: /opt/freesurfer/average/711-2C_as_mni_average_305.4dfp.img
dimensions:      256       256       256
mmppix:       1.0000   -1.0000   -1.0000
center:     128.0000 -129.0000 -129.0000
/opt/freesurfer/average/711-2B_as_mni_average_305_mask.4dfp.img
       256       256       256         1
  1.000000  1.000000  1.000000
orientation T byte_order littleendian
Reading mask: /opt/freesurfer/average/711-2B_as_mni_average_305_mask.4dfp.img (2306576 pixels)
talsrcimg_g11.4dfp.img
       256       256       256         1
  1.000000  1.000000  1.000000
orientation T byte_order littleendian
Reading image: talsrcimg_g11.4dfp.img
dimensions:      256       256       256
mmppix:       1.0000   -1.0000   -1.0000
center:     128.0000 -129.0000 -129.0000
fimgreg.f
image alignment mode   2311 decimal      907 hex
parameters
   -1.5112   31.5552    2.6150   -7.0374  -21.4556  -16.9987
    0.8472   -7.1987    3.6544   22.4533    5.5608  -23.1769
eta,q 0.97572  9.45126
niter,ni,del,rscale     5    3    5.0000    0.8000
parameters
   -1.5023   31.5428    2.5947   -7.5577  -21.8122  -17.0345
    0.6828   -7.0959    3.4908   22.6839    5.6032  -23.0850
eta,q 0.97569  9.41337
  0.0254  0.0253  0.0248  0.0248  0.0250  0.0251  0.0251  0.0258  0.0252  0.0253  0.0247  0.0248
  0.0248  0.0247  0.0245  0.0246  0.0246  0.0247  0.0246  0.0249  0.0247  0.0248  0.0245  0.0245
  0.0244  0.0244  0.0243  0.0244  0.0244  0.0244  0.0244  0.0244  0.0244  0.0244  0.0244  0.0244
  0.0243  0.0243  0.0243  0.0243  0.0243  0.0243  0.0243  0.0243  0.0243  0.0243  0.0243  0.0243
  0.0244  0.0244  0.0244  0.0244  0.0244  0.0244  0.0244  0.0245  0.0244  0.0244  0.0244  0.0244
  0.0248  0.0248  0.0245  0.0247  0.0248  0.0247  0.0247  0.0249  0.0248  0.0247  0.0245  0.0245
  0.0253  0.0253  0.0249  0.0252  0.0254  0.0251  0.0252  0.0256  0.0253  0.0251  0.0247  0.0248
niter,ni,del,rscale     4    3    5.0000    0.7000
parameters
   -1.4626   31.6197    2.5649   -7.6144  -21.8617  -17.1338
    0.6014   -7.0603    3.4189   22.7271    5.5940  -23.1223
eta,q 0.97569  9.40515
  0.0251  0.0252  0.0247  0.0247  0.0249  0.0249  0.0249  0.0254  0.0250  0.0250  0.0246  0.0247
  0.0247  0.0247  0.0245  0.0245  0.0246  0.0246  0.0246  0.0247  0.0246  0.0246  0.0244  0.0245
  0.0244  0.0244  0.0243  0.0244  0.0244  0.0244  0.0244  0.0244  0.0244  0.0244  0.0243  0.0244
  0.0243  0.0243  0.0243  0.0243  0.0243  0.0243  0.0243  0.0243  0.0243  0.0243  0.0243  0.0243
  0.0244  0.0244  0.0244  0.0243  0.0243  0.0244  0.0244  0.0244  0.0244  0.0244  0.0244  0.0244
  0.0246  0.0246  0.0245  0.0245  0.0246  0.0246  0.0246  0.0248  0.0247  0.0246  0.0245  0.0245
  0.0250  0.0250  0.0248  0.0248  0.0250  0.0249  0.0250  0.0253  0.0251  0.0250  0.0246  0.0247
niter,ni,del,rscale     3    3    5.0000    0.6000
parameters
   -1.4394   31.6412    2.5357   -7.5502  -21.8096  -17.1974
    0.6040   -7.0646    3.4261   22.7014    5.5791  -23.1654
eta,q 0.97570  9.40755
  0.0249  0.0249  0.0246  0.0246  0.0248  0.0247  0.0248  0.0251  0.0248  0.0248  0.0245  0.0246
  0.0246  0.0246  0.0244  0.0245  0.0246  0.0245  0.0245  0.0246  0.0245  0.0245  0.0244  0.0244
  0.0244  0.0244  0.0243  0.0244  0.0244  0.0244  0.0244  0.0244  0.0244  0.0244  0.0243  0.0243
  0.0243  0.0243  0.0243  0.0243  0.0243  0.0243  0.0243  0.0243  0.0243  0.0243  0.0243  0.0243
  0.0244  0.0244  0.0243  0.0243  0.0243  0.0244  0.0244  0.0244  0.0244  0.0244  0.0243  0.0243
  0.0245  0.0246  0.0245  0.0244  0.0245  0.0245  0.0245  0.0247  0.0245  0.0246  0.0244  0.0244
  0.0249  0.0249  0.0246  0.0247  0.0248  0.0248  0.0248  0.0251  0.0248  0.0248  0.0245  0.0246
niter,ni,del,rscale     2    3    5.0000    0.5000
parameters
   -1.4399   31.6416    2.5267   -7.3714  -21.7052  -17.2062
    0.6657   -7.0925    3.4884   22.6543    5.5557  -23.1789
eta,q 0.97571  9.41920
  0.0247  0.0247  0.0245  0.0246  0.0246  0.0246  0.0246  0.0248  0.0247  0.0247  0.0245  0.0245
  0.0245  0.0245  0.0244  0.0245  0.0245  0.0244  0.0244  0.0245  0.0245  0.0244  0.0244  0.0244
  0.0243  0.0244  0.0243  0.0244  0.0244  0.0243  0.0243  0.0243  0.0243  0.0243  0.0243  0.0243
  0.0243  0.0243  0.0243  0.0243  0.0243  0.0243  0.0243  0.0243  0.0243  0.0243  0.0243  0.0243
  0.0243  0.0244  0.0243  0.0243  0.0243  0.0243  0.0243  0.0244  0.0243  0.0243  0.0243  0.0243
  0.0245  0.0245  0.0244  0.0244  0.0244  0.0244  0.0244  0.0245  0.0245  0.0245  0.0244  0.0244
  0.0247  0.0247  0.0245  0.0245  0.0246  0.0246  0.0246  0.0248  0.0247  0.0247  0.0245  0.0245
niter,ni,del,rscale     1    3    5.0000    0.4000
parameters
   -1.4548   31.6269    2.5287   -7.1524  -21.5603  -17.1671
    0.7724   -7.1094    3.5738   22.5912    5.5265  -23.2074
eta,q 0.97572  9.43628
  0.0245  0.0246  0.0244  0.0245  0.0245  0.0245  0.0245  0.0246  0.0245  0.0245  0.0244  0.0244
  0.0244  0.0244  0.0244  0.0244  0.0244  0.0244  0.0244  0.0244  0.0244  0.0244  0.0243  0.0243
  0.0243  0.0243  0.0243  0.0243  0.0243  0.0243  0.0243  0.0243  0.0243  0.0243  0.0243  0.0243
  0.0243  0.0243  0.0243  0.0243  0.0243  0.0243  0.0243  0.0243  0.0243  0.0243  0.0243  0.0243
  0.0243  0.0243  0.0243  0.0243  0.0243  0.0243  0.0243  0.0243  0.0243  0.0243  0.0243  0.0243
  0.0244  0.0244  0.0244  0.0243  0.0244  0.0244  0.0244  0.0244  0.0244  0.0244  0.0243  0.0243
  0.0246  0.0246  0.0244  0.0244  0.0245  0.0245  0.0245  0.0246  0.0245  0.0245  0.0244  0.0244
registration optimization eta report
parameter search radius
    0.8000    0.8000    0.8000    2.4000    2.4000    2.4000
    2.4000    2.4000    2.4000    2.4000    2.4000    2.4000
100000*second partial in parameter space
       40.       41.       22.        3.        4.        3.
        4.        6.        4.        4.        2.        2.
  0.0245  0.0246  0.0244  0.0245  0.0245  0.0245  0.0245  0.0246  0.0245  0.0245  0.0244  0.0244
  0.0244  0.0244  0.0244  0.0244  0.0244  0.0244  0.0244  0.0244  0.0244  0.0244  0.0243  0.0243
  0.0243  0.0243  0.0243  0.0243  0.0243  0.0243  0.0243  0.0243  0.0243  0.0243  0.0243  0.0243
  0.0243  0.0243  0.0243  0.0243  0.0243  0.0243  0.0243  0.0243  0.0243  0.0243  0.0243  0.0243
  0.0243  0.0243  0.0243  0.0243  0.0243  0.0243  0.0243  0.0243  0.0243  0.0243  0.0243  0.0243
  0.0244  0.0244  0.0244  0.0243  0.0244  0.0244  0.0244  0.0244  0.0244  0.0244  0.0243  0.0243
  0.0246  0.0246  0.0244  0.0244  0.0245  0.0245  0.0245  0.0246  0.0245  0.0245  0.0244  0.0244
   -1.4548   31.6269    2.5287   -7.1524  -21.5603  -17.1671
    0.7724   -7.1094    3.5738   22.5912    5.5265  -23.2074
eta,q 0.97572  9.43628

---------------------------------------------------------------------
compute_vox2vox talsrcimg talsrcimg_to_711-2C_as_mni_average_305_t4 /opt/freesurfer/average/711-2C_as_mni_average_305
---------------------------------------------------------------------

freesurfer compute_vox2vox.c
Reading: talsrcimg.4dfp.ifh
Reading: talsrcimg_to_711-2C_as_mni_average_305_t4
Reading: /opt/freesurfer/average/711-2C_as_mni_average_305.4dfp.ifh
Writing: talsrcimg_to_711-2C_as_mni_average_305_t4_vox2vox.txt

start time Sun Mar 15 08:15:35 CET 2026
end		time Sun Mar 15 08:17:02 CET 2026

mpr2mni305 success

avi2talxfm orig_nu.mgz /opt/freesurfer/average/mni305.cor.mgz talsrcimg_to_711-2C_as_mni_average_305_t4_vox2vox.txt transforms/talairach.auto.xfm
avi2talxfm done
mv -f /out/sourcedata/freesurfer/sub-v2s10x28976_ses-1/mri/talsrcimg_to_711-2C_as_mni_average_305_t4_vox2vox.txt /out/sourcedata/freesurfer/sub-v2s10x28976_ses-1/mri/transforms/talsrcimg_to_711-2C_as_mni_average_305_t4_vox2vox.txt
lta_convert --src orig_nu.mgz --trg /opt/freesurfer/average/mni305.cor.mgz --inxfm transforms/talairach.auto.xfm --outlta transforms/talairach.auto.xfm.lta --subject fsaverage
7.3.2

--src: orig_nu.mgz src image (geometry).
--trg: /opt/freesurfer/average/mni305.cor.mgz trg image (geometry).
--inmni: transforms/talairach.auto.xfm input MNI/XFM transform.
--outlta: transforms/talairach.auto.xfm.lta output LTA.
--s: fsaverage subject name
 LTA read, type : 1
 1.07122   0.08774   0.01541  -1.69037;
-0.07879   1.11065   0.32938  -20.35928;
-0.02612  -0.32387   1.17930  -8.77211;
 0.00000   0.00000   0.00000   1.00000;
setting subject to fsaverage
Writing  LTA to file transforms/talairach.auto.xfm.lta...
lta_convert successful.
 
 
Started at Sun Mar 15 08:15:35 CET 2026
Ended   at Sun Mar 15 08:17:02 CET 2026
talairach_avi done
