/out/sourcedata/freesurfer/sub-v2s10x28965_ses-1/mri
/opt/freesurfer/bin/talairach_avi
--i orig_nu.mgz --xfm transforms/talairach.auto.xfm
talairach_avi 7.3.2
Linux dna084 5.14.0-427.37.1.el9_4.x86_64 #1 SMP PREEMPT_DYNAMIC Fri Sep 13 12:41:50 EDT 2024 x86_64 x86_64 x86_64 GNU/Linux
Sun Mar 15 08:14:13 CET 2026
mri_convert orig_nu.mgz talsrcimg.img 
reading from orig_nu.mgz...
TR=0.00, TE=0.00, TI=0.00, flip angle=0.00
i_ras = (-1, -5.82077e-11, 1.49012e-08)
j_ras = (-1.49012e-08, -4.65661e-10, -1)
k_ras = (3.66708e-09, 1, -4.65661e-10)
writing to talsrcimg.img...
Analyze Output Matrix
-1.00000  -0.00000   0.00000   132.32184;
-0.00000  -0.00000   1.00000  -101.22331;
 0.00000  -1.00000  -0.00000   102.17677;
 0.00000   0.00000   0.00000   1.00000;
--------------------
INFO: set hdr.hist.orient to -1
mpr2mni305 talsrcimg
Sun Mar 15 08:14:13 CET 2026
/opt/freesurfer/bin/mpr2mni305 talsrcimg
mpr2mni305 7.3.2
target=711-2C_as_mni_average_305

---------------------------------------------------------------------
analyzeto4dfp talsrcimg -O0 -y
---------------------------------------------------------------------

freesurfer ifh2hdr.c
Sun Mar 15 08:14:14 2026
Writing: talsrcimg.4dfp.hdr
freesurfer analyzeto4dfp.c
Reading: talsrcimg.hdr
header size 348 bytes
hdr.dime.datatype	offset=70	value=2
hdr.dime.bitpix		offset=72	value=8
hdr.hist.orient		offset=252	value=-1
dimensionality     4
dimensions       256       256       256         1
Reading: talsrcimg.img
Writing: talsrcimg.4dfp.img
Writing: talsrcimg.4dfp.ifh
ifh2hdr talsrcimg -r0to208
ori=2

---------------------------------------------------------------------
gauss_4dfp talsrcimg 1.1
---------------------------------------------------------------------

freesurfer gauss_4dfp.c
Reading: talsrcimg.4dfp.img
Writing: talsrcimg_g11.4dfp.img
image dimensions 256 256 256 padded to 288 288 288
processing volume 1freesurfer ifh2hdr.c
Sun Mar 15 08:14:15 2026
Writing: talsrcimg_g11.4dfp.hdr

Writing: talsrcimg_g11.4dfp.ifh
including: talsrcimg.4dfp.img.rec in talsrcimg_g11.4dfp.img.rec

---------------------------------------------------------------------
imgreg_4dfp /opt/freesurfer/average/711-2C_as_mni_average_305 none talsrcimg_g11 none talsrcimg_to_711-2C_as_mni_average_305_t4 4355
---------------------------------------------------------------------

freesurfer imgreg_4dfp.c
/opt/freesurfer/average/711-2C_as_mni_average_305.4dfp.img
       256       256       256         1
  1.000000  1.000000  1.000000
orientation T byte_order littleendian
Reading image: /opt/freesurfer/average/711-2C_as_mni_average_305.4dfp.img
dimensions:      256       256       256
mmppix:       1.0000   -1.0000   -1.0000
center:     128.0000 -129.0000 -129.0000
talsrcimg_g11.4dfp.img
       256       256       256         1
  1.000000  1.000000  1.000000
orientation T byte_order littleendian
Reading image: talsrcimg_g11.4dfp.img
dimensions:      256       256       256
mmppix:       1.0000   -1.0000   -1.0000
center:     128.0000 -129.0000 -129.0000
t4_read: open error in t4_sub.f l:  41 t4_file(1:l)talsrcimg_to_711-2C_as_mni_average_305_t4 
t4_read: transform initialized to I4
rotation matrix determinant  1.000000
image alignment mode   4355 decimal     1103 hex
   -7.5000  -45.0000  -45.0000 5156.7520   18.7670
    0.0000  -45.0000  -45.0000 5412.4048   18.7368
    7.5000  -45.0000  -45.0000 5211.4551   18.7311
   -7.5000  -37.5000  -45.0000 5794.9663   17.9479
    0.0000  -37.5000  -45.0000 6070.8569   17.9235
    7.5000  -37.5000  -45.0000 5852.8364   17.9177
   -7.5000  -30.0000  -45.0000 6674.4526   17.3691
    0.0000  -30.0000  -45.0000 6988.3823   17.3424
    7.5000  -30.0000  -45.0000 6749.7764   17.3352
   -7.5000  -22.5000  -45.0000 7598.6377   16.9572
    0.0000  -22.5000  -45.0000 7969.4883   16.9311
    7.5000  -22.5000  -45.0000 7707.2866   16.9247
   -7.5000  -15.0000  -45.0000 8604.7275   16.7880
    0.0000  -15.0000  -45.0000 9039.6084   16.7608
    7.5000  -15.0000  -45.0000 8709.6631   16.7557
   -7.5000   -7.5000  -45.0000 9650.2344   16.7162
    0.0000   -7.5000  -45.000010134.5068   16.6902
    7.5000   -7.5000  -45.0000 9745.3613   16.6870
   -7.5000    0.0000  -45.000010711.5264   16.6714
    0.0000    0.0000  -45.000011220.5928   16.6485
    7.5000    0.0000  -45.000010790.6396   16.6455
   -7.5000    7.5000  -45.000010960.8252   16.6606
    0.0000    7.5000  -45.000011489.9092   16.6379
    7.5000    7.5000  -45.000011044.0410   16.6332
   -7.5000   15.0000  -45.000011027.2822   16.6623
    0.0000   15.0000  -45.000011568.5889   16.6377
    7.5000   15.0000  -45.000011100.0137   16.6320
   -7.5000   22.5000  -45.000010879.5020   16.6792
    0.0000   22.5000  -45.000011409.7793   16.6535
    7.5000   22.5000  -45.000010939.0254   16.6476
   -7.5000   30.0000  -45.000010694.4600   16.4850
    0.0000   30.0000  -45.000011228.3828   16.4584
    7.5000   30.0000  -45.000010753.7695   16.4534
   -7.5000   37.5000  -45.000010860.7646   16.4676
    0.0000   37.5000  -45.000011394.6064   16.4420
    7.5000   37.5000  -45.000010927.5576   16.4390
   -7.5000   45.0000  -45.000010617.7959   16.0315
    0.0000   45.0000  -45.000011143.1182   16.0095
    7.5000   45.0000  -45.000010688.0625   16.0067
   -7.5000  -45.0000  -37.5000 5472.7256   18.7242
    0.0000  -45.0000  -37.5000 5737.6567   18.6966
    7.5000  -45.0000  -37.5000 5524.4937   18.6890
   -7.5000  -37.5000  -37.5000 6132.3438   17.9103
    0.0000  -37.5000  -37.5000 6422.7241   17.8876
    7.5000  -37.5000  -37.5000 6190.6250   17.8812
   -7.5000  -30.0000  -37.5000 7052.2847   17.3293
    0.0000  -30.0000  -37.5000 7384.9180   17.3058
    7.5000  -30.0000  -37.5000 7121.9453   17.2995
   -7.5000  -22.5000  -37.5000 8048.4106   16.9169
    0.0000  -22.5000  -37.5000 8449.8262   16.8945
    7.5000  -22.5000  -37.5000 8136.5938   16.8880
   -7.5000  -15.0000  -37.5000 9144.9404   16.7482
    0.0000  -15.0000  -37.5000 9599.3066   16.7246
    7.5000  -15.0000  -37.5000 9224.7979   16.7178
   -7.5000   -7.5000  -37.500010272.3027   16.6794
    0.0000   -7.5000  -37.500010778.8184   16.6559
    7.5000   -7.5000  -37.500010352.2334   16.6504
   -7.5000    0.0000  -37.500011395.8799   16.6381
    0.0000    0.0000  -37.500011938.8887   16.6170
    7.5000    0.0000  -37.500011459.8184   16.6124
   -7.5000    7.5000  -37.500011630.8633   16.6269
    0.0000    7.5000  -37.500012206.0195   16.6061
    7.5000    7.5000  -37.500011700.6055   16.6013
   -7.5000   15.0000  -37.500011666.5469   16.6256
    0.0000   15.0000  -37.500012257.7861   16.6039
    7.5000   15.0000  -37.500011731.6943   16.5989
   -7.5000   22.5000  -37.500011531.5645   16.6402
    0.0000   22.5000  -37.500012080.2920   16.6179
    7.5000   22.5000  -37.500011577.6436   16.6120
   -7.5000   30.0000  -37.500011321.6309   16.4460
    0.0000   30.0000  -37.500011865.9746   16.4229
    7.5000   30.0000  -37.500011358.0654   16.4163
   -7.5000   37.5000  -37.500011493.5723   16.4315
    0.0000   37.5000  -37.500012045.2207   16.4084
    7.5000   37.5000  -37.500011528.1299   16.4032
   -7.5000   45.0000  -37.500011227.2031   15.9995
    0.0000   45.0000  -37.500011761.0605   15.9793
    7.5000   45.0000  -37.500011238.9414   15.9749
   -7.5000  -45.0000  -30.0000 5875.2031   19.5273
    0.0000  -45.0000  -30.0000 6152.5439   19.5014
    7.5000  -45.0000  -30.0000 5910.2354   19.4828
   -7.5000  -37.5000  -30.0000 6558.7085   18.6726
    0.0000  -37.5000  -30.0000 6872.8145   18.6499
    7.5000  -37.5000  -30.0000 6618.8354   18.6335
   -7.5000  -30.0000  -30.0000 7552.3242   18.0560
    0.0000  -30.0000  -30.0000 7912.2417   18.0337
    7.5000  -30.0000  -30.0000 7620.7329   18.0201
   -7.5000  -22.5000  -30.0000 8644.0840   17.6245
    0.0000  -22.5000  -30.0000 9069.9707   17.6044
    7.5000  -22.5000  -30.0000 8719.8047   17.5911
   -7.5000  -15.0000  -30.0000 9854.7725   17.4533
    0.0000  -15.0000  -30.000010349.7158   17.4328
    7.5000  -15.0000  -30.0000 9923.1943   17.4190
   -7.5000   -7.5000  -30.000011074.8086   17.3900
    0.0000   -7.5000  -30.000011624.9160   17.3691
    7.5000   -7.5000  -30.000011148.0000   17.3556
   -7.5000    0.0000  -30.000012249.6172   17.3514
    0.0000    0.0000  -30.000012848.0117   17.3312
    7.5000    0.0000  -30.000012310.0908   17.3178
   -7.5000    7.5000  -30.000012472.1465   17.3337
    0.0000    7.5000  -30.000013091.5879   17.3128
    7.5000    7.5000  -30.000012546.0840   17.2996
   -7.5000   15.0000  -30.000012504.0078   17.3234
    0.0000   15.0000  -30.000013133.0879   17.3025
    7.5000   15.0000  -30.000012573.8369   17.2904
   -7.5000   22.5000  -30.000012366.3516   17.3344
    0.0000   22.5000  -30.000012951.9795   17.3144
    7.5000   22.5000  -30.000012408.1875   17.3019
   -7.5000   30.0000  -30.000012145.7793   17.1398
    0.0000   30.0000  -30.000012713.6797   17.1197
    7.5000   30.0000  -30.000012147.4004   17.1062
   -7.5000   37.5000  -30.000012332.6006   17.1331
    0.0000   37.5000  -30.000012903.2197   17.1127
    7.5000   37.5000  -30.000012298.7246   17.0995
   -7.5000   45.0000  -30.000012027.6689   16.6977
    0.0000   45.0000  -30.000012584.5713   16.6783
    7.5000   45.0000  -30.000011976.0869   16.6654
   -7.5000  -45.0000  -22.5000 6238.2783   20.2275
    0.0000  -45.0000  -22.5000 6514.2495   20.2005
    7.5000  -45.0000  -22.5000 6265.0591   20.1720
   -7.5000  -37.5000  -22.5000 6971.7095   19.3327
    0.0000  -37.5000  -22.5000 7300.1875   19.3085
    7.5000  -37.5000  -22.5000 7033.5522   19.2818
   -7.5000  -30.0000  -22.5000 8053.1670   18.6880
    0.0000  -30.0000  -22.5000 8456.8525   18.6636
    7.5000  -30.0000  -22.5000 8130.6172   18.6407
   -7.5000  -22.5000  -22.5000 9236.3408   18.2428
    0.0000  -22.5000  -22.5000 9700.4277   18.2209
    7.5000  -22.5000  -22.5000 9329.9521   18.2000
   -7.5000  -15.0000  -22.500010537.0713   18.0714
    0.0000  -15.0000  -22.500011067.4707   18.0500
    7.5000  -15.0000  -22.500010622.3350   18.0297
   -7.5000   -7.5000  -22.500011837.9834   18.0112
    0.0000   -7.5000  -22.500012403.1660   17.9903
    7.5000   -7.5000  -22.500011903.7500   17.9702
   -7.5000    0.0000  -22.500013068.2373   17.9714
    0.0000    0.0000  -22.500013692.7754   17.9503
    7.5000    0.0000  -22.500013131.8789   17.9288
   -7.5000    7.5000  -22.500013282.3594   17.9466
    0.0000    7.5000  -22.500013935.6895   17.9236
    7.5000    7.5000  -22.500013362.2705   17.9014
   -7.5000   15.0000  -22.500013299.6689   17.9300
    0.0000   15.0000  -22.500013953.0371   17.9069
    7.5000   15.0000  -22.500013384.8066   17.8861
   -7.5000   22.5000  -22.500013153.3262   17.9412
    0.0000   22.5000  -22.500013765.4609   17.9194
    7.5000   22.5000  -22.500013165.0166   17.8993
   -7.5000   30.0000  -22.500012899.0850   17.7494
    0.0000   30.0000  -22.500013487.5781   17.7284
    7.5000   30.0000  -22.500012865.9922   17.7086
   -7.5000   37.5000  -22.500013094.1582   17.7476
    0.0000   37.5000  -22.500013706.6318   17.7271
    7.5000   37.5000  -22.500013033.0254   17.7075
   -7.5000   45.0000  -22.500012788.8496   17.3073
    0.0000   45.0000  -22.500013377.1357   17.2870
    7.5000   45.0000  -22.500012698.9756   17.2663
   -7.5000  -45.0000  -15.0000 6577.8169   20.7274
    0.0000  -45.0000  -15.0000 6859.6455   20.6975
    7.5000  -45.0000  -15.0000 6607.6245   20.6688
   -7.5000  -37.5000  -15.0000 7384.4600   19.8078
    0.0000  -37.5000  -15.0000 7739.1880   19.7813
    7.5000  -37.5000  -15.0000 7442.8208   19.7532
   -7.5000  -30.0000  -15.0000 8559.4619   19.1495
    0.0000  -30.0000  -15.0000 8983.4658   19.1210
    7.5000  -30.0000  -15.0000 8634.3701   19.0954
   -7.5000  -22.5000  -15.0000 9813.1904   18.6937
    0.0000  -22.5000  -15.000010310.6162   18.6674
    7.5000  -22.5000  -15.0000 9919.5879   18.6452
   -7.5000  -15.0000  -15.000011177.1211   18.5184
    0.0000  -15.0000  -15.000011745.3672   18.4929
    7.5000  -15.0000  -15.000011272.4121   18.4730
   -7.5000   -7.5000  -15.000012553.5371   18.4559
    0.0000   -7.5000  -15.000013159.2217   18.4322
    7.5000   -7.5000  -15.000012612.1562   18.4129
   -7.5000    0.0000  -15.000013837.2334   18.4136
    0.0000    0.0000  -15.000014512.3691   18.3905
    7.5000    0.0000  -15.000013911.8584   18.3688
   -7.5000    7.5000  -15.000014075.3008   18.3883
    0.0000    7.5000  -15.000014783.0186   18.3629
    7.5000    7.5000  -15.000014154.2500   18.3389
   -7.5000   15.0000  -15.000014086.2510   18.3723
    0.0000   15.0000  -15.000014795.3330   18.3455
    7.5000   15.0000  -15.000014138.1748   18.3225
   -7.5000   22.5000  -15.000013910.5283   18.3837
    0.0000   22.5000  -15.000014559.0518   18.3576
    7.5000   22.5000  -15.000013858.2900   18.3362
   -7.5000   30.0000  -15.000013605.3721   18.1911
    0.0000   30.0000  -15.000014222.7529   18.1660
    7.5000   30.0000  -15.000013521.7832   18.1465
   -7.5000   37.5000  -15.000013819.0430   18.1883
    0.0000   37.5000  -15.000014467.7402   18.1649
    7.5000   37.5000  -15.000013727.6523   18.1461
   -7.5000   45.0000  -15.000013509.7236   17.7439
    0.0000   45.0000  -15.000014152.6475   17.7217
    7.5000   45.0000  -15.000013407.4414   17.7008
   -7.5000  -45.0000   -7.5000 6934.4966   20.9498
    0.0000  -45.0000   -7.5000 7249.1304   20.9169
    7.5000  -45.0000   -7.5000 6941.0703   20.8995
   -7.5000  -37.5000   -7.5000 7800.5718   20.0285
    0.0000  -37.5000   -7.5000 8179.3242   20.0005
    7.5000  -37.5000   -7.5000 7844.1265   19.9827
   -7.5000  -30.0000   -7.5000 9055.7285   19.3745
    0.0000  -30.0000   -7.5000 9504.9316   19.3435
    7.5000  -30.0000   -7.5000 9135.9834   19.3255
   -7.5000  -22.5000   -7.500010389.3252   18.9138
    0.0000  -22.5000   -7.500010924.9912   18.8841
    7.5000  -22.5000   -7.500010494.2451   18.8692
   -7.5000  -15.0000   -7.500011824.2822   18.7302
    0.0000  -15.0000   -7.500012425.9805   18.7006
    7.5000  -15.0000   -7.500011903.5967   18.6883
   -7.5000   -7.5000   -7.500013276.1182   18.6583
    0.0000   -7.5000   -7.500013921.0420   18.6308
    7.5000   -7.5000   -7.500013313.2725   18.6201
   -7.5000    0.0000   -7.500014625.7979   18.6119
    0.0000    0.0000   -7.500015353.3945   18.5869
    7.5000    0.0000   -7.500014678.8730   18.5745
   -7.5000    7.5000   -7.500014865.4463   18.5942
    0.0000    7.5000   -7.500015618.6650   18.5676
    7.5000    7.5000   -7.500014925.0781   18.5522
   -7.5000   15.0000   -7.500014916.4414   18.5876
    0.0000   15.0000   -7.500015667.2090   18.5588
    7.5000   15.0000   -7.500014938.5479   18.5431
   -7.5000   22.5000   -7.500014720.2158   18.5982
    0.0000   22.5000   -7.500015420.2578   18.5688
    7.5000   22.5000   -7.500014671.0361   18.5546
   -7.5000   30.0000   -7.500014352.3076   18.3988
    0.0000   30.0000   -7.500015029.1768   18.3698
    7.5000   30.0000   -7.500014264.1992   18.3578
   -7.5000   37.5000   -7.500014580.4434   18.3873
    0.0000   37.5000   -7.500015269.2969   18.3603
    7.5000   37.5000   -7.500014481.2031   18.3499
   -7.5000   45.0000   -7.500014254.0303   17.9384
    0.0000   45.0000   -7.500014941.1689   17.9142
    7.5000   45.0000   -7.500014145.0273   17.9023
   -7.5000  -45.0000    0.0000 7193.1875   20.9613
    0.0000  -45.0000    0.0000 7518.2549   20.9275
    7.5000  -45.0000    0.0000 7191.9253   20.9211
   -7.5000  -37.5000    0.0000 8131.8276   20.0485
    0.0000  -37.5000    0.0000 8537.6084   20.0212
    7.5000  -37.5000    0.0000 8152.5913   20.0146
   -7.5000  -30.0000    0.0000 9474.3818   19.4031
    0.0000  -30.0000    0.0000 9964.1650   19.3734
    7.5000  -30.0000    0.0000 9557.2285   19.3651
   -7.5000  -22.5000    0.000010911.7539   18.9434
    0.0000  -22.5000    0.000011478.9414   18.9143
    7.5000  -22.5000    0.000010991.5898   18.9070
   -7.5000  -15.0000    0.000012427.7520   18.7543
    0.0000  -15.0000    0.000013026.9834   18.7239
    7.5000  -15.0000    0.000012478.3389   18.7180
   -7.5000   -7.5000    0.000013909.5479   18.6741
    0.0000   -7.5000    0.000014574.0176   18.6451
    7.5000   -7.5000    0.000013970.1904   18.6414
   -7.5000    0.0000    0.000015289.1641   18.6244
    0.0000    0.0000    0.000016035.0342   18.5989
    7.5000    0.0000    0.000015354.4229   18.5955
   -7.5000    7.5000    0.000015524.2734   18.6129
    0.0000    7.5000    0.000016297.9990   18.5876
    7.5000    7.5000    0.000015614.6416   18.5822
   -7.5000   15.0000    0.000015626.2383   18.6149
    0.0000   15.0000    0.000016418.5566   18.5874
    7.5000   15.0000    0.000015686.7344   18.5809
   -7.5000   22.5000    0.000015489.2930   18.6274
    0.0000   22.5000    0.000016315.7012   18.5986
    7.5000   22.5000    0.000015490.7217   18.5919
   -7.5000   30.0000    0.000015119.2119   18.4231
    0.0000   30.0000    0.000015878.1768   18.3934
    7.5000   30.0000    0.000015060.2236   18.3877
   -7.5000   37.5000    0.000015338.5996   18.4036
    0.0000   37.5000    0.000016053.1787   18.3751
    7.5000   37.5000    0.000015243.4824   18.3716
   -7.5000   45.0000    0.000014986.5518   17.9518
    0.0000   45.0000    0.000015681.1123   17.9272
    7.5000   45.0000    0.000014860.0908   17.9239
   -7.5000  -45.0000    7.5000 6871.1670   20.9523
    0.0000  -45.0000    7.5000 7176.4155   20.9215
    7.5000  -45.0000    7.5000 6878.8618   20.9129
   -7.5000  -37.5000    7.5000 7816.1328   20.0416
    0.0000  -37.5000    7.5000 8169.7681   20.0162
    7.5000  -37.5000    7.5000 7819.7573   20.0091
   -7.5000  -30.0000    7.5000 9147.2031   19.3914
    0.0000  -30.0000    7.5000 9606.6621   19.3652
    7.5000  -30.0000    7.5000 9199.6504   19.3581
   -7.5000  -22.5000    7.500010547.6709   18.9300
    0.0000  -22.5000    7.500011108.6309   18.9049
    7.5000  -22.5000    7.500010614.7686   18.8977
   -7.5000  -15.0000    7.500012020.7822   18.7413
    0.0000  -15.0000    7.500012649.7959   18.7148
    7.5000  -15.0000    7.500012074.7939   18.7072
   -7.5000   -7.5000    7.500013454.9492   18.6643
    0.0000   -7.5000    7.500014151.3975   18.6380
    7.5000   -7.5000    7.500013549.3252   18.6319
   -7.5000    0.0000    7.500014764.3779   18.6180
    0.0000    0.0000    7.500015523.6982   18.5944
    7.5000    0.0000    7.500014873.4395   18.5893
   -7.5000    7.5000    7.500014964.8779   18.6054
    0.0000    7.5000    7.500015714.1533   18.5822
    7.5000    7.5000    7.500015101.3838   18.5769
   -7.5000   15.0000    7.500015039.3027   18.6040
    0.0000   15.0000    7.500015807.6914   18.5798
    7.5000   15.0000    7.500015178.6553   18.5742
   -7.5000   22.5000    7.500014919.4404   18.6143
    0.0000   22.5000    7.500015729.0537   18.5895
    7.5000   22.5000    7.500015035.5781   18.5828
   -7.5000   30.0000    7.500014641.7217   18.4102
    0.0000   30.0000    7.500015361.4814   18.3844
    7.5000   30.0000    7.500014682.0312   18.3770
   -7.5000   37.5000    7.500014898.3877   18.3940
    0.0000   37.5000    7.500015570.8828   18.3682
    7.5000   37.5000    7.500014836.3555   18.3623
   -7.5000   45.0000    7.500014545.2461   17.9456
    0.0000   45.0000    7.500015189.9727   17.9229
    7.5000   45.0000    7.500014381.3223   17.9180
   -7.5000  -45.0000   15.0000 6474.3115   20.9837
    0.0000  -45.0000   15.0000 6770.6514   20.9558
    7.5000  -45.0000   15.0000 6465.6108   20.9358
   -7.5000  -37.5000   15.0000 7365.3584   20.0647
    0.0000  -37.5000   15.0000 7744.0728   20.0404
    7.5000  -37.5000   15.0000 7391.1113   20.0227
   -7.5000  -30.0000   15.0000 8665.0215   19.4017
    0.0000  -30.0000   15.0000 9122.4277   19.3777
    7.5000  -30.0000   15.0000 8701.7871   19.3631
   -7.5000  -22.5000   15.000010026.9707   18.9378
    0.0000  -22.5000   15.000010561.3379   18.9161
    7.5000  -22.5000   15.000010092.5928   18.9019
   -7.5000  -15.0000   15.000011448.6182   18.7538
    0.0000  -15.0000   15.000012043.8594   18.7317
    7.5000  -15.0000   15.000011532.2012   18.7169
   -7.5000   -7.5000   15.000012825.1396   18.6857
    0.0000   -7.5000   15.000013485.5146   18.6633
    7.5000   -7.5000   15.000012949.3516   18.6488
   -7.5000    0.0000   15.000014064.6572   18.6443
    0.0000    0.0000   15.000014786.9990   18.6225
    7.5000    0.0000   15.000014218.0557   18.6081
   -7.5000    7.5000   15.000014243.3760   18.6251
    0.0000    7.5000   15.000014981.1309   18.6027
    7.5000    7.5000   15.000014423.0283   18.5885
   -7.5000   15.0000   15.000014273.6992   18.6140
    0.0000   15.0000   15.000015057.5439   18.5915
    7.5000   15.0000   15.000014456.1904   18.5786
   -7.5000   22.5000   15.000014148.4277   18.6218
    0.0000   22.5000   15.000014915.7334   18.6003
    7.5000   22.5000   15.000014297.9512   18.5869
   -7.5000   30.0000   15.000013926.1318   18.4223
    0.0000   30.0000   15.000014683.7295   18.4006
    7.5000   30.0000   15.000013986.3887   18.3862
   -7.5000   37.5000   15.000014201.9463   18.4151
    0.0000   37.5000   15.000014977.4561   18.3931
    7.5000   37.5000   15.000014187.3945   18.3790
   -7.5000   45.0000   15.000013865.1436   17.9709
    0.0000   45.0000   15.000014624.0723   17.9500
    7.5000   45.0000   15.000013773.2393   17.9361
   -7.5000  -45.0000   22.5000 6053.4604   21.1169
    0.0000  -45.0000   22.5000 6313.3789   21.0885
    7.5000  -45.0000   22.5000 6011.9473   21.0588
   -7.5000  -37.5000   22.5000 6902.5796   20.1823
    0.0000  -37.5000   22.5000 7229.7993   20.1566
    7.5000  -37.5000   22.5000 6908.4907   20.1289
   -7.5000  -30.0000   22.5000 8108.0488   19.5086
    0.0000  -30.0000   22.5000 8522.6084   19.4827
    7.5000  -30.0000   22.5000 8142.9912   19.4587
   -7.5000  -22.5000   22.5000 9380.5752   19.0428
    0.0000  -22.5000   22.5000 9904.5850   19.0197
    7.5000  -22.5000   22.5000 9454.9219   18.9977
   -7.5000  -15.0000   22.500010728.2314   18.8635
    0.0000  -15.0000   22.500011330.8506   18.8409
    7.5000  -15.0000   22.500010804.6143   18.8197
   -7.5000   -7.5000   22.500012036.0264   18.8004
    0.0000   -7.5000   22.500012711.5596   18.7783
    7.5000   -7.5000   22.500012130.5645   18.7574
   -7.5000    0.0000   22.500013216.6172   18.7587
    0.0000    0.0000   22.500013960.1123   18.7364
    7.5000    0.0000   22.500013347.3730   18.7140
   -7.5000    7.5000   22.500013430.3174   18.7327
    0.0000    7.5000   22.500014175.6504   18.7084
    7.5000    7.5000   22.500013579.3066   18.6851
   -7.5000   15.0000   22.500013499.8447   18.7152
    0.0000   15.0000   22.500014225.5547   18.6908
    7.5000   15.0000   22.500013645.2793   18.6690
   -7.5000   22.5000   22.500013379.2793   18.7241
    0.0000   22.5000   22.500014029.5293   18.7011
    7.5000   22.5000   22.500013466.9814   18.6801
   -7.5000   30.0000   22.500013130.8428   18.5296
    0.0000   30.0000   22.500013738.5879   18.5074
    7.5000   30.0000   22.500013170.5732   18.4867
   -7.5000   37.5000   22.500013316.3496   18.5278
    0.0000   37.5000   22.500013959.4824   18.5061
    7.5000   37.5000   22.500013360.2773   18.4857
   -7.5000   45.0000   22.500012995.7617   18.0813
    0.0000   45.0000   22.500013640.2383   18.0597
    7.5000   45.0000   22.500013024.4209   18.0382
   -7.5000  -45.0000   30.0000 5603.9155   21.3601
    0.0000  -45.0000   30.0000 5836.8359   21.3280
    7.5000  -45.0000   30.0000 5557.1494   21.2981
   -7.5000  -37.5000   30.0000 6394.3110   20.4083
    0.0000  -37.5000   30.0000 6692.3599   20.3799
    7.5000  -37.5000   30.0000 6374.1758   20.3509
   -7.5000  -30.0000   30.0000 7502.6128   19.7289
    0.0000  -30.0000   30.0000 7890.5000   19.6984
    7.5000  -30.0000   30.0000 7504.3755   19.6718
   -7.5000  -22.5000   30.0000 8700.8867   19.2601
    0.0000  -22.5000   30.0000 9171.5645   19.2318
    7.5000  -22.5000   30.0000 8719.9727   19.2082
   -7.5000  -15.0000   30.0000 9945.6318   19.0806
    0.0000  -15.0000   30.000010491.7393   19.0529
    7.5000  -15.0000   30.0000 9995.4873   19.0314
   -7.5000   -7.5000   30.000011169.0605   19.0157
    0.0000   -7.5000   30.000011762.0684   18.9899
    7.5000   -7.5000   30.000011249.4678   18.9693
   -7.5000    0.0000   30.000012314.3311   18.9709
    0.0000    0.0000   30.000012960.7266   18.9460
    7.5000    0.0000   30.000012418.2373   18.9233
   -7.5000    7.5000   30.000012532.8252   18.9439
    0.0000    7.5000   30.000013196.7012   18.9166
    7.5000    7.5000   30.000012673.5840   18.8918
   -7.5000   15.0000   30.000012547.0693   18.9270
    0.0000   15.0000   30.000013195.4512   18.8982
    7.5000   15.0000   30.000012711.2197   18.8743
   -7.5000   22.5000   30.000012421.6240   18.9375
    0.0000   22.5000   30.000013018.6357   18.9093
    7.5000   22.5000   30.000012518.8896   18.8866
   -7.5000   30.0000   30.000012156.3848   18.7423
    0.0000   30.0000   30.000012730.5400   18.7151
    7.5000   30.0000   30.000012215.5068   18.6942
   -7.5000   37.5000   30.000012303.0459   18.7395
    0.0000   37.5000   30.000012896.6328   18.7141
    7.5000   37.5000   30.000012359.0664   18.6940
   -7.5000   45.0000   30.000011988.1553   18.2858
    0.0000   45.0000   30.000012587.0127   18.2617
    7.5000   45.0000   30.000012050.1963   18.2399
   -7.5000  -45.0000   37.5000 5311.5615   21.6717
    0.0000  -45.0000   37.5000 5544.0371   21.6345
    7.5000  -45.0000   37.5000 5268.8013   21.6161
   -7.5000  -37.5000   37.5000 6087.6377   20.7088
    0.0000  -37.5000   37.5000 6378.7969   20.6768
    7.5000  -37.5000   37.5000 6060.3066   20.6579
   -7.5000  -30.0000   37.5000 7165.4116   20.0288
    0.0000  -30.0000   37.5000 7533.9800   19.9937
    7.5000  -30.0000   37.5000 7155.5322   19.9743
   -7.5000  -22.5000   37.5000 8316.6172   19.5527
    0.0000  -22.5000   37.5000 8752.5762   19.5192
    7.5000  -22.5000   37.5000 8314.4424   19.5031
   -7.5000  -15.0000   37.5000 9496.1641   19.3638
    0.0000  -15.0000   37.5000 9997.5791   19.3305
    7.5000  -15.0000   37.5000 9534.9131   19.3172
   -7.5000   -7.5000   37.500010639.6719   19.2887
    0.0000   -7.5000   37.500011199.9629   19.2577
    7.5000   -7.5000   37.500010730.2412   19.2461
   -7.5000    0.0000   37.500011749.4600   19.2395
    0.0000    0.0000   37.500012347.4229   19.2109
    7.5000    0.0000   37.500011859.9590   19.1975
   -7.5000    7.5000   37.500011960.8867   19.2204
    0.0000    7.5000   37.500012587.2803   19.1900
    7.5000    7.5000   37.500012112.4463   19.1735
   -7.5000   15.0000   37.500011976.8066   19.2130
    0.0000   15.0000   37.500012606.7734   19.1803
    7.5000   15.0000   37.500012146.9951   19.1634
   -7.5000   22.5000   37.500011873.8623   19.2245
    0.0000   22.5000   37.500012444.9805   19.1913
    7.5000   22.5000   37.500011976.9512   19.1760
   -7.5000   30.0000   37.500011624.5791   19.0201
    0.0000   30.0000   37.500012168.9561   18.9875
    7.5000   30.0000   37.500011689.6504   18.9746
   -7.5000   37.5000   37.500011749.6475   19.0081
    0.0000   37.5000   37.500012300.0918   18.9776
    7.5000   37.5000   37.500011809.0117   18.9663
   -7.5000   45.0000   37.500011436.3887   18.5447
    0.0000   45.0000   37.500011986.2051   18.5171
    7.5000   45.0000   37.500011504.6182   18.5042
   -7.5000  -45.0000   45.0000 4812.8560   22.0514
    0.0000  -45.0000   45.0000 5029.6538   22.0116
    7.5000  -45.0000   45.0000 4783.8428   22.0034
   -7.5000  -37.5000   45.0000 5516.6035   21.0651
    0.0000  -37.5000   45.0000 5791.5435   21.0323
    7.5000  -37.5000   45.0000 5510.3032   21.0242
   -7.5000  -30.0000   45.0000 6508.3135   20.3734
    0.0000  -30.0000   45.0000 6851.4961   20.3376
    7.5000  -30.0000   45.0000 6508.6167   20.3275
   -7.5000  -22.5000   45.0000 7546.6538   19.8873
    0.0000  -22.5000   45.0000 7956.1602   19.8522
    7.5000  -22.5000   45.0000 7569.5415   19.8433
   -7.5000  -15.0000   45.0000 8623.5186   19.6907
    0.0000  -15.0000   45.0000 9080.0518   19.6546
    7.5000  -15.0000   45.0000 8674.2451   19.6472
   -7.5000   -7.5000   45.0000 9680.6260   19.6066
    0.0000   -7.5000   45.000010183.1221   19.5723
    7.5000   -7.5000   45.0000 9755.6768   19.5671
   -7.5000    0.0000   45.000010697.4814   19.5516
    0.0000    0.0000   45.000011240.6514   19.5212
    7.5000    0.0000   45.000010785.2295   19.5164
   -7.5000    7.5000   45.000010912.8936   19.5365
    0.0000    7.5000   45.000011476.7656   19.5058
    7.5000    7.5000   45.000011039.9502   19.4990
   -7.5000   15.0000   45.000010937.9209   19.5364
    0.0000   15.0000   45.000011512.8086   19.5031
    7.5000   15.0000   45.000011079.1289   19.4952
   -7.5000   22.5000   45.000010837.2188   19.5508
    0.0000   22.5000   45.000011386.8721   19.5161
    7.5000   22.5000   45.000010945.7344   19.5080
   -7.5000   30.0000   45.000010618.5957   19.3386
    0.0000   30.0000   45.000011136.9189   19.3032
    7.5000   30.0000   45.000010702.1621   19.2961
   -7.5000   37.5000   45.000010730.4082   19.3192
    0.0000   37.5000   45.000011254.0332   19.2854
    7.5000   37.5000   45.000010818.9863   19.2805
   -7.5000   45.0000   45.000010439.6074   18.8541
    0.0000   45.0000   45.000010944.4775   18.8247
    7.5000   45.0000   45.000010519.2441   18.8200

---------------------------------------------------------------------
imgreg_4dfp /opt/freesurfer/average/711-2C_as_mni_average_305 /opt/freesurfer/average/711-2B_as_mni_average_305_mask talsrcimg_g11 none talsrcimg_to_711-2C_as_mni_average_305_t4 4355
---------------------------------------------------------------------

freesurfer imgreg_4dfp.c
/opt/freesurfer/average/711-2C_as_mni_average_305.4dfp.img
       256       256       256         1
  1.000000  1.000000  1.000000
orientation T byte_order littleendian
Reading image: /opt/freesurfer/average/711-2C_as_mni_average_305.4dfp.img
dimensions:      256       256       256
mmppix:       1.0000   -1.0000   -1.0000
center:     128.0000 -129.0000 -129.0000
/opt/freesurfer/average/711-2B_as_mni_average_305_mask.4dfp.img
       256       256       256         1
  1.000000  1.000000  1.000000
orientation T byte_order littleendian
Reading mask: /opt/freesurfer/average/711-2B_as_mni_average_305_mask.4dfp.img (2306576 pixels)
talsrcimg_g11.4dfp.img
       256       256       256         1
  1.000000  1.000000  1.000000
orientation T byte_order littleendian
Reading image: talsrcimg_g11.4dfp.img
dimensions:      256       256       256
mmppix:       1.0000   -1.0000   -1.0000
center:     128.0000 -129.0000 -129.0000
rotation matrix determinant  1.000000
image alignment mode   4355 decimal     1103 hex
   -7.5000  -30.0000  -45.0000 1795.7831   27.9503
    0.0000  -30.0000  -45.0000 1818.1847   27.5339
    7.5000  -30.0000  -45.0000 1810.2737   27.6851
   -7.5000  -22.5000  -45.0000 1921.1703   24.2878
    0.0000  -22.5000  -45.0000 1942.4347   23.9859
    7.5000  -22.5000  -45.0000 1939.0802   24.1325
   -7.5000  -15.0000  -45.0000 2043.5115   21.5477
    0.0000  -15.0000  -45.0000 2068.9194   21.2931
    7.5000  -15.0000  -45.0000 2061.7209   21.3437
   -7.5000   -7.5000  -45.0000 2153.1890   19.4294
    0.0000   -7.5000  -45.0000 2178.8513   19.1917
    7.5000   -7.5000  -45.0000 2171.8923   19.2056
   -7.5000    0.0000  -45.0000 2256.9060   17.7352
    0.0000    0.0000  -45.0000 2276.0483   17.5654
    7.5000    0.0000  -45.0000 2272.2048   17.6046
   -7.5000    7.5000  -45.0000 2338.4106   16.4769
    0.0000    7.5000  -45.0000 2358.9741   16.3296
    7.5000    7.5000  -45.0000 2355.0269   16.3613
   -7.5000   15.0000  -45.0000 2386.3933   15.6287
    0.0000   15.0000  -45.0000 2405.7346   15.4735
    7.5000   15.0000  -45.0000 2402.0264   15.4948
   -7.5000   22.5000  -45.0000 2401.7305   15.1096
    0.0000   22.5000  -45.0000 2422.8496   14.9686
    7.5000   22.5000  -45.0000 2421.5181   15.0256
   -7.5000   30.0000  -45.0000 2408.4375   15.0038
    0.0000   30.0000  -45.0000 2430.1606   14.8266
    7.5000   30.0000  -45.0000 2429.3604   14.8879
   -7.5000   37.5000  -45.0000 2396.8684   15.1649
    0.0000   37.5000  -45.0000 2416.0840   14.9860
    7.5000   37.5000  -45.0000 2417.1362   15.0562
   -7.5000   45.0000  -45.0000 2367.1841   15.6999
    0.0000   45.0000  -45.0000 2391.3445   15.4942
    7.5000   45.0000  -45.0000 2391.5217   15.5567
   -7.5000   52.5000  -45.0000 2301.8132   16.4238
    0.0000   52.5000  -45.0000 2326.0415   16.2000
    7.5000   52.5000  -45.0000 2327.2461   16.2832
   -7.5000   60.0000  -45.0000 2192.7278   17.2064
    0.0000   60.0000  -45.0000 2214.4294   16.9862
    7.5000   60.0000  -45.0000 2217.2590   17.0612
   -7.5000  -30.0000  -37.5000 1843.7207   26.1097
    0.0000  -30.0000  -37.5000 1862.6584   25.8123
    7.5000  -30.0000  -37.5000 1860.3430   25.8509
   -7.5000  -22.5000  -37.5000 1980.8800   22.6909
    0.0000  -22.5000  -37.5000 2002.6436   22.4479
    7.5000  -22.5000  -37.5000 2001.6240   22.5040
   -7.5000  -15.0000  -37.5000 2115.4124   20.1615
    0.0000  -15.0000  -37.5000 2137.5952   19.9307
    7.5000  -15.0000  -37.5000 2132.1611   19.9136
   -7.5000   -7.5000  -37.5000 2232.6587   18.1890
    0.0000   -7.5000  -37.5000 2256.0745   17.9796
    7.5000   -7.5000  -37.5000 2250.4629   17.9614
   -7.5000    0.0000  -37.5000 2339.0332   16.5779
    0.0000    0.0000  -37.5000 2359.9624   16.4019
    7.5000    0.0000  -37.5000 2355.2646   16.4209
   -7.5000    7.5000  -37.5000 2421.3110   15.3383
    0.0000    7.5000  -37.5000 2446.5015   15.1986
    7.5000    7.5000  -37.5000 2438.8296   15.2396
   -7.5000   15.0000  -37.5000 2469.9021   14.5281
    0.0000   15.0000  -37.5000 2496.1543   14.3959
    7.5000   15.0000  -37.5000 2489.7224   14.4220
   -7.5000   22.5000  -37.5000 2497.8550   14.0133
    0.0000   22.5000  -37.5000 2518.9817   13.8633
    7.5000   22.5000  -37.5000 2517.9329   13.9274
   -7.5000   30.0000  -37.5000 2510.9912   13.8649
    0.0000   30.0000  -37.5000 2531.3774   13.7077
    7.5000   30.0000  -37.5000 2528.6125   13.7749
   -7.5000   37.5000  -37.5000 2502.7327   14.0362
    0.0000   37.5000  -37.5000 2522.8271   13.8913
    7.5000   37.5000  -37.5000 2522.0964   13.9519
   -7.5000   45.0000  -37.5000 2466.7383   14.5127
    0.0000   45.0000  -37.5000 2494.6152   14.3181
    7.5000   45.0000  -37.5000 2493.9575   14.3939
   -7.5000   52.5000  -37.5000 2398.6252   15.1641
    0.0000   52.5000  -37.5000 2425.3743   14.9339
    7.5000   52.5000  -37.5000 2423.4355   15.0268
   -7.5000   60.0000  -37.5000 2283.6360   15.8907
    0.0000   60.0000  -37.5000 2306.3611   15.6713
    7.5000   60.0000  -37.5000 2304.9297   15.7254
   -7.5000  -30.0000  -30.0000 1922.8567   25.4484
    0.0000  -30.0000  -30.0000 1941.6062   25.1231
    7.5000  -30.0000  -30.0000 1940.7312   25.2004
   -7.5000  -22.5000  -30.0000 2071.1870   22.1098
    0.0000  -22.5000  -30.0000 2092.0869   21.8537
    7.5000  -22.5000  -30.0000 2091.6523   21.9067
   -7.5000  -15.0000  -30.0000 2214.4487   19.6312
    0.0000  -15.0000  -30.0000 2240.6406   19.3791
    7.5000  -15.0000  -30.0000 2233.2991   19.3840
   -7.5000   -7.5000  -30.0000 2343.4834   17.6362
    0.0000   -7.5000  -30.0000 2369.2715   17.4588
    7.5000   -7.5000  -30.0000 2363.8367   17.4598
   -7.5000    0.0000  -30.0000 2452.8606   16.0603
    0.0000    0.0000  -30.0000 2475.6587   15.9066
    7.5000    0.0000  -30.0000 2468.6057   15.9185
   -7.5000    7.5000  -30.0000 2536.2568   14.8273
    0.0000    7.5000  -30.0000 2562.3708   14.6972
    7.5000    7.5000  -30.0000 2558.4524   14.7122
   -7.5000   15.0000  -30.0000 2597.5466   13.9914
    0.0000   15.0000  -30.0000 2621.7861   13.8399
    7.5000   15.0000  -30.0000 2621.4331   13.8745
   -7.5000   22.5000  -30.0000 2636.0691   13.4580
    0.0000   22.5000  -30.0000 2657.6685   13.2945
    7.5000   22.5000  -30.0000 2661.1506   13.3768
   -7.5000   30.0000  -30.0000 2659.0076   13.3018
    0.0000   30.0000  -30.0000 2680.5498   13.1500
    7.5000   30.0000  -30.0000 2682.4255   13.2295
   -7.5000   37.5000  -30.0000 2655.1995   13.4757
    0.0000   37.5000  -30.0000 2677.6970   13.3231
    7.5000   37.5000  -30.0000 2675.2456   13.3881
   -7.5000   45.0000  -30.0000 2618.6123   13.9361
    0.0000   45.0000  -30.0000 2644.8459   13.7476
    7.5000   45.0000  -30.0000 2642.5847   13.8158
   -7.5000   52.5000  -30.0000 2543.4104   14.5586
    0.0000   52.5000  -30.0000 2570.9414   14.3512
    7.5000   52.5000  -30.0000 2567.2861   14.4277
   -7.5000   60.0000  -30.0000 2418.6775   15.2374
    0.0000   60.0000  -30.0000 2446.3816   15.0247
    7.5000   60.0000  -30.0000 2442.7666   15.0962
   -7.5000  -30.0000  -22.5000 1975.3274   24.7397
    0.0000  -30.0000  -22.5000 1995.4813   24.4927
    7.5000  -30.0000  -22.5000 1997.0715   24.5703
   -7.5000  -22.5000  -22.5000 2129.5662   21.4748
    0.0000  -22.5000  -22.5000 2152.8750   21.2662
    7.5000  -22.5000  -22.5000 2153.0830   21.3192
   -7.5000  -15.0000  -22.5000 2278.4553   19.0279
    0.0000  -15.0000  -22.5000 2306.4294   18.8322
    7.5000  -15.0000  -22.5000 2299.9644   18.8537
   -7.5000   -7.5000  -22.5000 2411.8311   17.0620
    0.0000   -7.5000  -22.5000 2437.8289   16.8965
    7.5000   -7.5000  -22.5000 2430.0637   16.8972
   -7.5000    0.0000  -22.5000 2523.2285   15.4767
    0.0000    0.0000  -22.5000 2550.1572   15.3057
    7.5000    0.0000  -22.5000 2543.6602   15.3289
   -7.5000    7.5000  -22.5000 2614.0645   14.2776
    0.0000    7.5000  -22.5000 2643.1741   14.1043
    7.5000    7.5000  -22.5000 2640.8154   14.1368
   -7.5000   15.0000  -22.5000 2689.0330   13.4083
    0.0000   15.0000  -22.5000 2714.5974   13.2381
    7.5000   15.0000  -22.5000 2722.4512   13.2875
   -7.5000   22.5000  -22.5000 2741.8716   12.8579
    0.0000   22.5000  -22.5000 2765.6709   12.6689
    7.5000   22.5000  -22.5000 2771.6846   12.7462
   -7.5000   30.0000  -22.5000 2770.9141   12.6766
    0.0000   30.0000  -22.5000 2795.0771   12.5181
    7.5000   30.0000  -22.5000 2796.8960   12.5807
   -7.5000   37.5000  -22.5000 2772.3120   12.8303
    0.0000   37.5000  -22.5000 2797.4307   12.6927
    7.5000   37.5000  -22.5000 2793.3799   12.7462
   -7.5000   45.0000  -22.5000 2740.8960   13.2749
    0.0000   45.0000  -22.5000 2770.9504   13.1280
    7.5000   45.0000  -22.5000 2765.3098   13.1982
   -7.5000   52.5000  -22.5000 2659.2334   13.8637
    0.0000   52.5000  -22.5000 2692.1748   13.6884
    7.5000   52.5000  -22.5000 2684.5266   13.7728
   -7.5000   60.0000  -22.5000 2524.9138   14.5448
    0.0000   60.0000  -22.5000 2554.7446   14.3475
    7.5000   60.0000  -22.5000 2548.6160   14.4216
   -7.5000  -30.0000  -15.0000 2001.9398   24.1730
    0.0000  -30.0000  -15.0000 2027.8507   24.0008
    7.5000  -30.0000  -15.0000 2025.6215   24.0463
   -7.5000  -22.5000  -15.0000 2155.6697   20.9783
    0.0000  -22.5000  -15.0000 2182.9292   20.7598
    7.5000  -22.5000  -15.0000 2180.5950   20.8471
   -7.5000  -15.0000  -15.0000 2303.2112   18.5457
    0.0000  -15.0000  -15.0000 2334.1416   18.3276
    7.5000  -15.0000  -15.0000 2326.1968   18.4159
   -7.5000   -7.5000  -15.0000 2438.8601   16.5488
    0.0000   -7.5000  -15.0000 2465.4768   16.3731
    7.5000   -7.5000  -15.0000 2455.9668   16.4147
   -7.5000    0.0000  -15.0000 2553.9900   14.9627
    0.0000    0.0000  -15.0000 2585.4622   14.8071
    7.5000    0.0000  -15.0000 2579.2859   14.8406
   -7.5000    7.5000  -15.0000 2657.8201   13.7627
    0.0000    7.5000  -15.0000 2693.1108   13.6024
    7.5000    7.5000  -15.0000 2691.4514   13.6272
   -7.5000   15.0000  -15.0000 2746.1804   12.8952
    0.0000   15.0000  -15.0000 2777.4875   12.7399
    7.5000   15.0000  -15.0000 2782.2957   12.7810
   -7.5000   22.5000  -15.0000 2812.0791   12.3178
    0.0000   22.5000  -15.0000 2841.6978   12.1451
    7.5000   22.5000  -15.0000 2841.2996   12.1887
   -7.5000   30.0000  -15.0000 2848.6665   12.1050
    0.0000   30.0000  -15.0000 2876.9314   11.9466
    7.5000   30.0000  -15.0000 2874.3464   11.9960
   -7.5000   37.5000  -15.0000 2854.6304   12.2226
    0.0000   37.5000  -15.0000 2886.5059   12.0777
    7.5000   37.5000  -15.0000 2882.2490   12.1373
   -7.5000   45.0000  -15.0000 2827.7102   12.6726
    0.0000   45.0000  -15.0000 2860.8813   12.5233
    7.5000   45.0000  -15.0000 2855.5693   12.6067
   -7.5000   52.5000  -15.0000 2740.7366   13.2304
    0.0000   52.5000  -15.0000 2774.5605   13.0660
    7.5000   52.5000  -15.0000 2767.8081   13.1652
   -7.5000   60.0000  -15.0000 2596.2131   13.8837
    0.0000   60.0000  -15.0000 2627.5930   13.7150
    7.5000   60.0000  -15.0000 2625.5352   13.7886
   -7.5000  -30.0000   -7.5000 2012.3925   23.7757
    0.0000  -30.0000   -7.5000 2038.6594   23.5711
    7.5000  -30.0000   -7.5000 2038.4038   23.7242
   -7.5000  -22.5000   -7.5000 2163.7131   20.5581
    0.0000  -22.5000   -7.5000 2194.1467   20.3936
    7.5000  -22.5000   -7.5000 2191.9045   20.5507
   -7.5000  -15.0000   -7.5000 2308.7502   18.0903
    0.0000  -15.0000   -7.5000 2340.6741   17.9116
    7.5000  -15.0000   -7.5000 2333.0046   18.0512
   -7.5000   -7.5000   -7.5000 2444.3064   16.0999
    0.0000   -7.5000   -7.5000 2472.7930   15.9336
    7.5000   -7.5000   -7.5000 2461.9731   16.0351
   -7.5000    0.0000   -7.5000 2562.9236   14.5522
    0.0000    0.0000   -7.5000 2597.0435   14.3792
    7.5000    0.0000   -7.5000 2588.4631   14.4527
   -7.5000    7.5000   -7.5000 2674.9817   13.3496
    0.0000    7.5000   -7.5000 2712.1792   13.1896
    7.5000    7.5000   -7.5000 2708.6436   13.2482
   -7.5000   15.0000   -7.5000 2777.6265   12.4991
    0.0000   15.0000   -7.5000 2816.3350   12.3415
    7.5000   15.0000   -7.5000 2813.7329   12.4000
   -7.5000   22.5000   -7.5000 2858.7344   11.9106
    0.0000   22.5000   -7.5000 2896.7200   11.7489
    7.5000   22.5000   -7.5000 2894.8499   11.7978
   -7.5000   30.0000   -7.5000 2905.4810   11.6583
    0.0000   30.0000   -7.5000 2943.3413   11.4734
    7.5000   30.0000   -7.5000 2936.8799   11.5469
   -7.5000   37.5000   -7.5000 2922.5278   11.7561
    0.0000   37.5000   -7.5000 2956.5605   11.5817
    7.5000   37.5000   -7.5000 2951.3726   11.6701
   -7.5000   45.0000   -7.5000 2891.4644   12.1539
    0.0000   45.0000   -7.5000 2930.4597   11.9988
    7.5000   45.0000   -7.5000 2919.6667   12.0872
   -7.5000   52.5000   -7.5000 2797.9509   12.7131
    0.0000   52.5000   -7.5000 2833.3149   12.5335
    7.5000   52.5000   -7.5000 2825.0320   12.6414
   -7.5000   60.0000   -7.5000 2642.6660   13.3473
    0.0000   60.0000   -7.5000 2676.3176   13.1415
    7.5000   60.0000   -7.5000 2669.3726   13.2624
   -7.5000  -30.0000    0.0000 2006.8386   23.6952
    0.0000  -30.0000    0.0000 2036.9745   23.6006
    7.5000  -30.0000    0.0000 2035.9120   23.7743
   -7.5000  -22.5000    0.0000 2162.0630   20.4440
    0.0000  -22.5000    0.0000 2194.3105   20.2934
    7.5000  -22.5000    0.0000 2187.3960   20.5192
   -7.5000  -15.0000    0.0000 2305.2563   17.9160
    0.0000  -15.0000    0.0000 2335.0415   17.7162
    7.5000  -15.0000    0.0000 2327.4360   17.9244
   -7.5000   -7.5000    0.0000 2437.4177   15.9120
    0.0000   -7.5000    0.0000 2465.5461   15.7041
    7.5000   -7.5000    0.0000 2457.9998   15.8969
   -7.5000    0.0000    0.0000 2556.5149   14.3346
    0.0000    0.0000    0.0000 2588.8884   14.1242
    7.5000    0.0000    0.0000 2581.5864   14.2967
   -7.5000    7.5000    0.0000 2674.3738   13.1276
    0.0000    7.5000    0.0000 2710.5945   12.9328
    7.5000    7.5000    0.0000 2708.1992   13.0716
   -7.5000   15.0000    0.0000 2789.5825   12.2553
    0.0000   15.0000    0.0000 2829.5874   12.0815
    7.5000   15.0000    0.0000 2824.7607   12.2102
   -7.5000   22.5000    0.0000 2887.2815   11.6986
    0.0000   22.5000    0.0000 2930.8660   11.5293
    7.5000   22.5000    0.0000 2927.1360   11.6165
   -7.5000   30.0000    0.0000 2948.5752   11.4038
    0.0000   30.0000    0.0000 2997.2073   11.2192
    7.5000   30.0000    0.0000 2983.1765   11.3163
   -7.5000   37.5000    0.0000 2969.1892   11.4719
    0.0000   37.5000    0.0000 3014.4939   11.2596
    7.5000   37.5000    0.0000 2997.1528   11.4045
   -7.5000   45.0000    0.0000 2931.1819   11.8775
    0.0000   45.0000    0.0000 2974.3635   11.6894
    7.5000   45.0000    0.0000 2954.0183   11.8285
   -7.5000   52.5000    0.0000 2826.9216   12.4168
    0.0000   52.5000    0.0000 2865.3198   12.2150
    7.5000   52.5000    0.0000 2850.4653   12.3425
   -7.5000   60.0000    0.0000 2663.9143   13.0099
    0.0000   60.0000    0.0000 2699.7043   12.7857
    7.5000   60.0000    0.0000 2689.2505   12.9256
   -7.5000  -30.0000    7.5000 1992.2456   23.9534
    0.0000  -30.0000    7.5000 2022.2126   23.8078
    7.5000  -30.0000    7.5000 2021.9767   24.1288
   -7.5000  -22.5000    7.5000 2149.5417   20.5756
    0.0000  -22.5000    7.5000 2179.0730   20.4388
    7.5000  -22.5000    7.5000 2174.6567   20.7311
   -7.5000  -15.0000    7.5000 2292.9272   17.9698
    0.0000  -15.0000    7.5000 2319.8694   17.8177
    7.5000  -15.0000    7.5000 2310.7407   18.0769
   -7.5000   -7.5000    7.5000 2421.1511   15.9123
    0.0000   -7.5000    7.5000 2447.2437   15.7456
    7.5000   -7.5000    7.5000 2444.8513   16.0318
   -7.5000    0.0000    7.5000 2536.6047   14.3234
    0.0000    0.0000    7.5000 2565.6807   14.1170
    7.5000    0.0000    7.5000 2563.7646   14.3625
   -7.5000    7.5000    7.5000 2657.1992   13.1052
    0.0000    7.5000    7.5000 2690.9844   12.8945
    7.5000    7.5000    7.5000 2694.5295   13.1104
   -7.5000   15.0000    7.5000 2780.4180   12.2061
    0.0000   15.0000    7.5000 2817.0872   11.9973
    7.5000   15.0000    7.5000 2817.8413   12.2107
   -7.5000   22.5000    7.5000 2881.1704   11.6520
    0.0000   22.5000    7.5000 2926.5161   11.4519
    7.5000   22.5000    7.5000 2928.1467   11.6211
   -7.5000   30.0000    7.5000 2954.4473   11.3831
    0.0000   30.0000    7.5000 3007.8269   11.2000
    7.5000   30.0000    7.5000 2994.5007   11.3164
   -7.5000   37.5000    7.5000 2985.1274   11.4199
    0.0000   37.5000    7.5000 3038.8215   11.2357
    7.5000   37.5000    7.5000 3012.6328   11.3615
   -7.5000   45.0000    7.5000 2944.1233   11.7591
    0.0000   45.0000    7.5000 2990.6377   11.5787
    7.5000   45.0000    7.5000 2962.6240   11.7107
   -7.5000   52.5000    7.5000 2830.5649   12.2705
    0.0000   52.5000    7.5000 2868.6421   12.0815
    7.5000   52.5000    7.5000 2853.6389   12.1982
   -7.5000   60.0000    7.5000 2669.4744   12.8894
    0.0000   60.0000    7.5000 2697.9060   12.6856
    7.5000   60.0000    7.5000 2691.1577   12.7834
   -7.5000  -30.0000   15.0000 1955.0712   24.4354
    0.0000  -30.0000   15.0000 1984.2694   24.3989
    7.5000  -30.0000   15.0000 1985.5642   24.7388
   -7.5000  -22.5000   15.0000 2117.6060   20.9778
    0.0000  -22.5000   15.0000 2149.5620   20.8746
    7.5000  -22.5000   15.0000 2144.9094   21.2064
   -7.5000  -15.0000   15.0000 2265.6792   18.2699
    0.0000  -15.0000   15.0000 2294.7236   18.1118
    7.5000  -15.0000   15.0000 2285.8469   18.4861
   -7.5000   -7.5000   15.0000 2395.4758   16.1725
    0.0000   -7.5000   15.0000 2424.0151   15.9991
    7.5000   -7.5000   15.0000 2419.2202   16.3802
   -7.5000    0.0000   15.0000 2508.1270   14.5774
    0.0000    0.0000   15.0000 2537.6370   14.3698
    7.5000    0.0000   15.0000 2536.8774   14.6760
   -7.5000    7.5000   15.0000 2625.7070   13.3425
    0.0000    7.5000   15.0000 2658.3840   13.1090
    7.5000    7.5000   15.0000 2666.5710   13.3881
   -7.5000   15.0000   15.0000 2746.5801   12.4264
    0.0000   15.0000   15.0000 2783.3438   12.2224
    7.5000   15.0000   15.0000 2787.8401   12.4473
   -7.5000   22.5000   15.0000 2850.7288   11.8669
    0.0000   22.5000   15.0000 2893.6941   11.7083
    7.5000   22.5000   15.0000 2892.5452   11.8532
   -7.5000   30.0000   15.0000 2927.2993   11.5767
    0.0000   30.0000   15.0000 2978.4294   11.4189
    7.5000   30.0000   15.0000 2960.0615   11.5517
   -7.5000   37.5000   15.0000 2955.9929   11.6269
    0.0000   37.5000   15.0000 3001.8994   11.5039
    7.5000   37.5000   15.0000 2984.4956   11.5922
   -7.5000   45.0000   15.0000 2921.7163   11.9372
    0.0000   45.0000   15.0000 2959.5745   11.8385
    7.5000   45.0000   15.0000 2940.8137   11.9046
   -7.5000   52.5000   15.0000 2812.7290   12.4246
    0.0000   52.5000   15.0000 2844.3738   12.3045
    7.5000   52.5000   15.0000 2827.8867   12.3930
   -7.5000   60.0000   15.0000 2654.7434   13.0360
    0.0000   60.0000   15.0000 2676.3503   12.8566
    7.5000   60.0000   15.0000 2666.9841   12.9627
   -7.5000  -30.0000   22.5000 1908.3629   25.3387
    0.0000  -30.0000   22.5000 1933.5353   25.2761
    7.5000  -30.0000   22.5000 1939.6937   25.6987
   -7.5000  -22.5000   22.5000 2074.3560   21.6492
    0.0000  -22.5000   22.5000 2102.7668   21.5234
    7.5000  -22.5000   22.5000 2105.4670   21.9625
   -7.5000  -15.0000   22.5000 2226.0435   18.8612
    0.0000  -15.0000   22.5000 2256.3923   18.7435
    7.5000  -15.0000   22.5000 2250.1267   19.1562
   -7.5000   -7.5000   22.5000 2360.3252   16.7373
    0.0000   -7.5000   22.5000 2389.1091   16.5867
    7.5000   -7.5000   22.5000 2383.1040   16.9431
   -7.5000    0.0000   22.5000 2474.4861   15.1023
    0.0000    0.0000   22.5000 2504.7773   14.9208
    7.5000    0.0000   22.5000 2499.1082   15.2089
   -7.5000    7.5000   22.5000 2589.3213   13.8627
    0.0000    7.5000   22.5000 2624.6306   13.6717
    7.5000    7.5000   22.5000 2625.8733   13.9216
   -7.5000   15.0000   22.5000 2706.3513   12.9579
    0.0000   15.0000   22.5000 2738.5410   12.7449
    7.5000   15.0000   22.5000 2742.7271   12.9825
   -7.5000   22.5000   22.5000 2806.1978   12.3505
    0.0000   22.5000   22.5000 2839.9961   12.1328
    7.5000   22.5000   22.5000 2838.8752   12.3280
   -7.5000   30.0000   22.5000 2873.8445   12.0238
    0.0000   30.0000   22.5000 2910.9795   11.8267
    7.5000   30.0000   22.5000 2901.6418   12.0171
   -7.5000   37.5000   22.5000 2895.5364   12.0427
    0.0000   37.5000   22.5000 2934.8455   11.8766
    7.5000   37.5000   22.5000 2926.2036   12.0243
   -7.5000   45.0000   22.5000 2868.4199   12.3411
    0.0000   45.0000   22.5000 2902.9019   12.2036
    7.5000   45.0000   22.5000 2890.2700   12.3321
   -7.5000   52.5000   22.5000 2770.5786   12.8287
    0.0000   52.5000   22.5000 2796.4470   12.6987
    7.5000   52.5000   22.5000 2784.2361   12.8326
   -7.5000   60.0000   22.5000 2615.8721   13.4263
    0.0000   60.0000   22.5000 2633.4087   13.2770
    7.5000   60.0000   22.5000 2625.1292   13.4014
   -7.5000  -30.0000   30.0000 1854.2599   26.5828
    0.0000  -30.0000   30.0000 1878.0052   26.4669
    7.5000  -30.0000   30.0000 1884.8943   26.9057
   -7.5000  -22.5000   30.0000 2021.3855   22.6785
    0.0000  -22.5000   30.0000 2048.9692   22.5691
    7.5000  -22.5000   30.0000 2051.2175   23.0252
   -7.5000  -15.0000   30.0000 2176.0266   19.7908
    0.0000  -15.0000   30.0000 2203.7874   19.6431
    7.5000  -15.0000   30.0000 2201.4072   20.0719
   -7.5000   -7.5000   30.0000 2314.9077   17.5689
    0.0000   -7.5000   30.0000 2339.7488   17.4072
    7.5000   -7.5000   30.0000 2335.8293   17.7769
   -7.5000    0.0000   30.0000 2430.7268   15.8947
    0.0000    0.0000   30.0000 2460.4163   15.6991
    7.5000    0.0000   30.0000 2456.3040   16.0367
   -7.5000    7.5000   30.0000 2546.3865   14.6135
    0.0000    7.5000   30.0000 2580.7717   14.3687
    7.5000    7.5000   30.0000 2580.8792   14.6863
   -7.5000   15.0000   30.0000 2655.4702   13.6275
    0.0000   15.0000   30.0000 2686.4470   13.4023
    7.5000   15.0000   30.0000 2691.7712   13.6821
   -7.5000   22.5000   30.0000 2747.2900   12.9939
    0.0000   22.5000   30.0000 2776.6074   12.7389
    7.5000   22.5000   30.0000 2775.5933   13.0107
   -7.5000   30.0000   30.0000 2801.1851   12.6482
    0.0000   30.0000   30.0000 2830.1152   12.4396
    7.5000   30.0000   30.0000 2826.5496   12.6438
   -7.5000   37.5000   30.0000 2819.4692   12.6373
    0.0000   37.5000   30.0000 2847.0574   12.4677
    7.5000   37.5000   30.0000 2843.1182   12.6247
   -7.5000   45.0000   30.0000 2791.1570   12.9034
    0.0000   45.0000   30.0000 2818.7017   12.7613
    7.5000   45.0000   30.0000 2811.5139   12.9083
   -7.5000   52.5000   30.0000 2706.0759   13.3912
    0.0000   52.5000   30.0000 2725.7139   13.2577
    7.5000   52.5000   30.0000 2715.9390   13.3901
   -7.5000   60.0000   30.0000 2560.2678   13.9931
    0.0000   60.0000   30.0000 2574.0786   13.8590
    7.5000   60.0000   30.0000 2565.5522   13.9802
   -7.5000  -30.0000   37.5000 1800.3018   28.3430
    0.0000  -30.0000   37.5000 1825.1228   28.2414
    7.5000  -30.0000   37.5000 1827.7355   28.6449
   -7.5000  -22.5000   37.5000 1969.5881   24.0918
    0.0000  -22.5000   37.5000 1996.2146   24.0030
    7.5000  -22.5000   37.5000 1992.8356   24.4383
   -7.5000  -15.0000   37.5000 2126.9514   20.9780
    0.0000  -15.0000   37.5000 2149.6104   20.8409
    7.5000  -15.0000   37.5000 2145.9399   21.2628
   -7.5000   -7.5000   37.5000 2262.6619   18.5914
    0.0000   -7.5000   37.5000 2285.8774   18.4110
    7.5000   -7.5000   37.5000 2280.7668   18.8192
   -7.5000    0.0000   37.5000 2382.8184   16.8175
    0.0000    0.0000   37.5000 2407.9143   16.6004
    7.5000    0.0000   37.5000 2403.4072   16.9758
   -7.5000    7.5000   37.5000 2495.3357   15.4850
    0.0000    7.5000   37.5000 2525.3774   15.2368
    7.5000    7.5000   37.5000 2523.1460   15.5819
   -7.5000   15.0000   37.5000 2591.4912   14.4834
    0.0000   15.0000   37.5000 2623.3555   14.2401
    7.5000   15.0000   37.5000 2623.3052   14.5505
   -7.5000   22.5000   37.5000 2675.4094   13.8299
    0.0000   22.5000   37.5000 2703.9675   13.5779
    7.5000   22.5000   37.5000 2699.9688   13.8619
   -7.5000   30.0000   37.5000 2724.1875   13.4617
    0.0000   30.0000   37.5000 2750.7620   13.2558
    7.5000   30.0000   37.5000 2747.8157   13.4723
   -7.5000   37.5000   37.5000 2731.7981   13.4036
    0.0000   37.5000   37.5000 2756.2744   13.2356
    7.5000   37.5000   37.5000 2753.1172   13.4106
   -7.5000   45.0000   37.5000 2703.3894   13.6348
    0.0000   45.0000   37.5000 2725.3547   13.5067
    7.5000   45.0000   37.5000 2721.9346   13.6653
   -7.5000   52.5000   37.5000 2624.0103   14.1094
    0.0000   52.5000   37.5000 2646.5730   13.9802
    7.5000   52.5000   37.5000 2638.1121   14.1408
   -7.5000   60.0000   37.5000 2491.8118   14.6893
    0.0000   60.0000   37.5000 2508.6978   14.5463
    7.5000   60.0000   37.5000 2500.2234   14.6992
   -7.5000  -30.0000   45.0000 1740.2340   30.2574
    0.0000  -30.0000   45.0000 1763.4204   30.3184
    7.5000  -30.0000   45.0000 1763.3456   30.7866
   -7.5000  -22.5000   45.0000 1912.4159   25.6750
    0.0000  -22.5000   45.0000 1939.0040   25.6468
    7.5000  -22.5000   45.0000 1932.7888   26.1324
   -7.5000  -15.0000   45.0000 2067.2122   22.3284
    0.0000  -15.0000   45.0000 2090.9319   22.2086
    7.5000  -15.0000   45.0000 2083.3694   22.6959
   -7.5000   -7.5000   45.0000 2205.0093   19.8014
    0.0000   -7.5000   45.0000 2228.0476   19.6378
    7.5000   -7.5000   45.0000 2219.3311   20.0761
   -7.5000    0.0000   45.0000 2324.3845   17.9633
    0.0000    0.0000   45.0000 2347.1628   17.7625
    7.5000    0.0000   45.0000 2337.7065   18.1398
   -7.5000    7.5000   45.0000 2431.9280   16.5760
    0.0000    7.5000   45.0000 2459.0659   16.3641
    7.5000    7.5000   45.0000 2452.8357   16.7191
   -7.5000   15.0000   45.0000 2519.1655   15.5565
    0.0000   15.0000   45.0000 2549.8306   15.3202
    7.5000   15.0000   45.0000 2546.1338   15.6499
   -7.5000   22.5000   45.0000 2592.8018   14.8566
    0.0000   22.5000   45.0000 2622.1230   14.6413
    7.5000   22.5000   45.0000 2614.9534   14.9133
   -7.5000   30.0000   45.0000 2634.9607   14.4531
    0.0000   30.0000   45.0000 2661.6775   14.2888
    7.5000   30.0000   45.0000 2656.7678   14.4828
   -7.5000   37.5000   45.0000 2638.0146   14.3685
    0.0000   37.5000   45.0000 2665.5552   14.2374
    7.5000   37.5000   45.0000 2663.3633   14.4058
   -7.5000   45.0000   45.0000 2613.5571   14.5709
    0.0000   45.0000   45.0000 2634.3794   14.4678
    7.5000   45.0000   45.0000 2632.0627   14.6414
   -7.5000   52.5000   45.0000 2540.7712   15.0174
    0.0000   52.5000   45.0000 2564.1433   14.9190
    7.5000   52.5000   45.0000 2554.7471   15.0769
   -7.5000   60.0000   45.0000 2416.9241   15.5531
    0.0000   60.0000   45.0000 2434.4424   15.4336
    7.5000   60.0000   45.0000 2424.0745   15.5824

---------------------------------------------------------------------
imgreg_4dfp /opt/freesurfer/average/711-2C_as_mni_average_305 /opt/freesurfer/average/711-2B_as_mni_average_305_mask talsrcimg_g11 none talsrcimg_to_711-2C_as_mni_average_305_t4 1283
---------------------------------------------------------------------

freesurfer imgreg_4dfp.c
/opt/freesurfer/average/711-2C_as_mni_average_305.4dfp.img
       256       256       256         1
  1.000000  1.000000  1.000000
orientation T byte_order littleendian
Reading image: /opt/freesurfer/average/711-2C_as_mni_average_305.4dfp.img
dimensions:      256       256       256
mmppix:       1.0000   -1.0000   -1.0000
center:     128.0000 -129.0000 -129.0000
/opt/freesurfer/average/711-2B_as_mni_average_305_mask.4dfp.img
       256       256       256         1
  1.000000  1.000000  1.000000
orientation T byte_order littleendian
Reading mask: /opt/freesurfer/average/711-2B_as_mni_average_305_mask.4dfp.img (2306576 pixels)
talsrcimg_g11.4dfp.img
       256       256       256         1
  1.000000  1.000000  1.000000
orientation T byte_order littleendian
Reading image: talsrcimg_g11.4dfp.img
dimensions:      256       256       256
mmppix:       1.0000   -1.0000   -1.0000
center:     128.0000 -129.0000 -129.0000
rotation matrix determinant  1.000000
fimgreg.f
image alignment mode   1283 decimal      503 hex
parameters
    0.0000   37.5000    7.5000    0.0000    0.0000    0.0000
eta,q 0.95514 11.23615
niter,ni,del,rscale     5    3   12.0000    1.2000
parameter  4  0.502606 ->  0.500000 qaram    1.1500
parameter  6  6.755026 ->  0.500000 qaram    1.1500
parameters
    1.5196   35.9775    5.7793   -3.4500    1.0908   -3.4500
eta,q 0.96026 11.01431
  0.0612  0.0505  0.0475  0.0445  0.0492  0.0386
  0.0545  0.0462  0.0448  0.0435  0.0455  0.0393
  0.0495  0.0443  0.0440  0.0432  0.0438  0.0413
  0.0466  0.0460  0.0447  0.0441  0.0434  0.0437
  0.0463  0.0487  0.0467  0.0465  0.0438  0.0457
  0.0480  0.0530  0.0498  0.0495  0.0442  0.0473
  0.0515  0.0581  0.0534  0.0524  0.0456  0.0493
niter,ni,del,rscale     6    3   12.0000    1.2000
parameters
    1.2947   37.4682    5.5720   -4.2707    1.4237   -6.2412
eta,q 0.96325 11.02240
  0.0500  0.0534  0.0456  0.0441  0.0449  0.0403
  0.0443  0.0490  0.0419  0.0415  0.0414  0.0377
  0.0406  0.0440  0.0396  0.0391  0.0390  0.0368
  0.0397  0.0397  0.0386  0.0387  0.0385  0.0385
  0.0416  0.0388  0.0398  0.0407  0.0392  0.0415
  0.0457  0.0412  0.0427  0.0436  0.0405  0.0444
  0.0513  0.0457  0.0466  0.0470  0.0435  0.0466
niter,ni,del,rscale     5    3   12.0000    1.2000
parameters
    0.7487   38.0948    5.5808   -4.8131    2.2005   -6.5531
eta,q 0.96402 11.03629
  0.0474  0.0504  0.0444  0.0435  0.0448  0.0429
  0.0416  0.0465  0.0405  0.0409  0.0409  0.0402
  0.0376  0.0412  0.0377  0.0377  0.0376  0.0373
  0.0367  0.0366  0.0362  0.0362  0.0360  0.0359
  0.0397  0.0374  0.0373  0.0390  0.0363  0.0377
  0.0450  0.0416  0.0403  0.0423  0.0380  0.0410
  0.0513  0.0475  0.0446  0.0459  0.0415  0.0442
niter,ni,del,rscale     4    3   12.0000    1.2000
parameters
    0.3574   38.4890    5.4816   -5.2001    2.6645   -6.7990
eta,q 0.96433 11.03998
  0.0480  0.0494  0.0440  0.0435  0.0441  0.0427
  0.0415  0.0456  0.0400  0.0406  0.0403  0.0401
  0.0370  0.0402  0.0371  0.0375  0.0371  0.0373
  0.0360  0.0359  0.0357  0.0357  0.0356  0.0356
  0.0387  0.0373  0.0370  0.0382  0.0362  0.0371
  0.0443  0.0419  0.0402  0.0416  0.0383  0.0406
  0.0510  0.0479  0.0448  0.0454  0.0421  0.0440
niter,ni,del,rscale     3    3   12.0000    1.2000
parameters
    0.1569   38.7487    5.3939   -5.4153    2.9324   -6.9634
eta,q 0.96441 11.04153
  0.0490  0.0488  0.0441  0.0437  0.0437  0.0427
  0.0421  0.0450  0.0400  0.0407  0.0400  0.0402
  0.0370  0.0396  0.0370  0.0375  0.0368  0.0374
  0.0357  0.0356  0.0355  0.0355  0.0355  0.0355
  0.0381  0.0374  0.0368  0.0378  0.0363  0.0368
  0.0436  0.0421  0.0402  0.0412  0.0387  0.0403
  0.0505  0.0483  0.0449  0.0449  0.0426  0.0439
niter,ni,del,rscale     2    3   12.0000    1.2000
parameters
    0.0566   38.8952    5.3355   -5.5192    3.0858   -7.0561
eta,q 0.96443 11.04232
  0.0495  0.0485  0.0443  0.0439  0.0436  0.0427
  0.0425  0.0447  0.0401  0.0409  0.0398  0.0402
  0.0372  0.0392  0.0370  0.0376  0.0366  0.0374
  0.0356  0.0356  0.0355  0.0355  0.0355  0.0355
  0.0378  0.0376  0.0368  0.0376  0.0364  0.0365
  0.0433  0.0424  0.0401  0.0409  0.0390  0.0401
  0.0503  0.0487  0.0449  0.0446  0.0429  0.0437
niter,ni,del,rscale     1    3   12.0000    1.2000
parameters
    0.0035   38.9655    5.3019   -5.5673    3.1671   -7.1051
eta,q 0.96442 11.04255
  0.0499  0.0483  0.0444  0.0440  0.0435  0.0427
  0.0428  0.0444  0.0402  0.0409  0.0397  0.0403
  0.0373  0.0390  0.0370  0.0376  0.0365  0.0375
  0.0356  0.0356  0.0356  0.0356  0.0356  0.0356
  0.0377  0.0378  0.0367  0.0375  0.0365  0.0364
  0.0431  0.0427  0.0401  0.0408  0.0392  0.0399
  0.0503  0.0489  0.0449  0.0445  0.0431  0.0436
registration optimization eta report
parameter search radius
    6.0000    6.0000    6.0000    6.9000    6.0000    6.9000
100000*second partial in parameter space
       40.       34.       25.       17.       21.       15.
  0.0499  0.0483  0.0444  0.0440  0.0435  0.0427
  0.0428  0.0444  0.0402  0.0409  0.0397  0.0403
  0.0373  0.0390  0.0370  0.0376  0.0365  0.0375
  0.0356  0.0356  0.0356  0.0356  0.0356  0.0356
  0.0377  0.0378  0.0367  0.0375  0.0365  0.0364
  0.0431  0.0427  0.0401  0.0408  0.0392  0.0399
  0.0503  0.0489  0.0449  0.0445  0.0431  0.0436
    0.0035   38.9655    5.3019   -5.5673    3.1671   -7.1051
eta,q 0.96442 11.04255

---------------------------------------------------------------------
imgreg_4dfp /opt/freesurfer/average/711-2C_as_mni_average_305 /opt/freesurfer/average/711-2B_as_mni_average_305_mask talsrcimg_g11 none talsrcimg_to_711-2C_as_mni_average_305_t4 3335
---------------------------------------------------------------------

freesurfer imgreg_4dfp.c
/opt/freesurfer/average/711-2C_as_mni_average_305.4dfp.img
       256       256       256         1
  1.000000  1.000000  1.000000
orientation T byte_order littleendian
Reading image: /opt/freesurfer/average/711-2C_as_mni_average_305.4dfp.img
dimensions:      256       256       256
mmppix:       1.0000   -1.0000   -1.0000
center:     128.0000 -129.0000 -129.0000
/opt/freesurfer/average/711-2B_as_mni_average_305_mask.4dfp.img
       256       256       256         1
  1.000000  1.000000  1.000000
orientation T byte_order littleendian
Reading mask: /opt/freesurfer/average/711-2B_as_mni_average_305_mask.4dfp.img (2306576 pixels)
talsrcimg_g11.4dfp.img
       256       256       256         1
  1.000000  1.000000  1.000000
orientation T byte_order littleendian
Reading image: talsrcimg_g11.4dfp.img
dimensions:      256       256       256
mmppix:       1.0000   -1.0000   -1.0000
center:     128.0000 -129.0000 -129.0000
fimgreg.f
image alignment mode   3335 decimal      D07 hex
parameters
    0.0035   38.9655    5.3019   -0.9195   -1.3023   -0.6237
   12.8424   -4.2566  -12.3500   10.3071    5.5249   -9.6866
eta,q 0.96289 11.18098
niter,ni,del,rscale     5    3    5.0000    1.2000
parameter  4  0.825306 ->  0.500000 qaram    1.1500
parameter  5  2.621388 ->  0.500000 qaram    1.1500
parameter  6  0.723800 ->  0.500000 qaram    1.1500
parameters
    0.2395   39.1682    5.4655   -5.0595   -5.4423   -4.7637
   12.6068   -3.4346  -10.4131    9.2954    4.1235   -8.0986
eta,q 0.97189 10.76335
  0.0398  0.0393  0.0388  0.0353  0.0276  0.0287  0.0301  0.0331  0.0313  0.0303  0.0290  0.0295
  0.0385  0.0382  0.0379  0.0352  0.0299  0.0285  0.0292  0.0310  0.0299  0.0289  0.0284  0.0289
  0.0375  0.0374  0.0373  0.0358  0.0324  0.0289  0.0287  0.0294  0.0289  0.0282  0.0282  0.0284
  0.0371  0.0371  0.0371  0.0371  0.0353  0.0305  0.0285  0.0285  0.0284  0.0283  0.0282  0.0282
  0.0372  0.0372  0.0372  0.0390  0.0387  0.0336  0.0287  0.0286  0.0283  0.0288  0.0286  0.0281
  0.0378  0.0377  0.0376  0.0416  0.0427  0.0378  0.0294  0.0296  0.0286  0.0299  0.0291  0.0283
  0.0390  0.0386  0.0384  0.0446  0.0468  0.0421  0.0304  0.0315  0.0293  0.0320  0.0299  0.0287
niter,ni,del,rscale     7    3    5.0000    1.2000
parameter  5  1.347810 ->  0.500000 qaram    1.3225
parameters
    0.3099   38.8654    4.5013   -5.1313  -10.2033   -7.4906
   11.9393   -2.8736  -10.2804    9.7613    4.8149   -8.2866
eta,q 0.97574 10.43175
  0.0307  0.0294  0.0284  0.0307  0.0232  0.0254  0.0258  0.0280  0.0264  0.0277  0.0253  0.0251
  0.0293  0.0287  0.0280  0.0295  0.0240  0.0247  0.0249  0.0262  0.0253  0.0261  0.0248  0.0246
  0.0285  0.0282  0.0279  0.0285  0.0254  0.0244  0.0244  0.0249  0.0246  0.0249  0.0244  0.0244
  0.0281  0.0281  0.0281  0.0279  0.0279  0.0243  0.0244  0.0243  0.0243  0.0243  0.0243  0.0243
  0.0283  0.0284  0.0287  0.0279  0.0306  0.0251  0.0247  0.0245  0.0245  0.0245  0.0243  0.0244
  0.0291  0.0292  0.0296  0.0291  0.0336  0.0283  0.0254  0.0254  0.0252  0.0256  0.0245  0.0247
  0.0304  0.0305  0.0308  0.0313  0.0377  0.0328  0.0265  0.0271  0.0263  0.0270  0.0250  0.0252
niter,ni,del,rscale     7    3    5.0000    1.2000
parameter  5  0.588933 ->  0.500000 qaram    1.5209
parameters
    0.5182   38.8385    4.3285   -3.2247  -15.6785   -8.2129
   11.7893   -2.7506  -10.7322   11.5180    5.1619   -8.6337
eta,q 0.97770 10.25724
  0.0269  0.0266  0.0252  0.0274  0.0235  0.0246  0.0243  0.0259  0.0240  0.0262  0.0234  0.0232
  0.0255  0.0253  0.0246  0.0262  0.0225  0.0235  0.0233  0.0242  0.0231  0.0245  0.0228  0.0227
  0.0247  0.0245  0.0243  0.0251  0.0228  0.0228  0.0227  0.0230  0.0226  0.0232  0.0225  0.0224
  0.0243  0.0242  0.0242  0.0242  0.0239  0.0224  0.0225  0.0225  0.0225  0.0225  0.0223  0.0223
  0.0244  0.0246  0.0244  0.0238  0.0262  0.0224  0.0227  0.0228  0.0228  0.0223  0.0224  0.0225
  0.0250  0.0255  0.0249  0.0242  0.0291  0.0235  0.0234  0.0239  0.0234  0.0227  0.0227  0.0228
  0.0261  0.0267  0.0256  0.0257  0.0323  0.0265  0.0245  0.0258  0.0245  0.0238  0.0232  0.0235
niter,ni,del,rscale     7    3    5.0000    1.2000
parameters
    0.5570   39.3502    4.0752   -2.4310  -16.8446   -8.7790
   11.8823   -2.5652  -10.8982   12.8079    5.1415   -8.9274
eta,q 0.97808 10.22124
  0.0248  0.0254  0.0232  0.0252  0.0261  0.0243  0.0240  0.0256  0.0237  0.0253  0.0230  0.0229
  0.0234  0.0239  0.0226  0.0240  0.0242  0.0232  0.0230  0.0238  0.0228  0.0237  0.0224  0.0224
  0.0226  0.0229  0.0222  0.0229  0.0226  0.0224  0.0223  0.0226  0.0222  0.0227  0.0220  0.0220
  0.0223  0.0223  0.0222  0.0221  0.0220  0.0220  0.0220  0.0220  0.0220  0.0220  0.0219  0.0219
  0.0225  0.0222  0.0224  0.0220  0.0232  0.0221  0.0222  0.0223  0.0223  0.0219  0.0220  0.0221
  0.0233  0.0226  0.0229  0.0228  0.0253  0.0231  0.0229  0.0235  0.0229  0.0224  0.0224  0.0225
  0.0246  0.0236  0.0237  0.0246  0.0285  0.0260  0.0239  0.0254  0.0239  0.0237  0.0230  0.0231
niter,ni,del,rscale     6    3    5.0000    1.2000
parameters
    0.6443   39.8209    3.7350   -2.3086  -17.6584   -9.3605
   11.8587   -2.2581  -10.9440   14.0947    5.2054   -9.2235
eta,q 0.97830 10.17432
  0.0245  0.0250  0.0228  0.0246  0.0261  0.0241  0.0237  0.0254  0.0236  0.0250  0.0228  0.0227
  0.0232  0.0236  0.0221  0.0235  0.0241  0.0230  0.0227  0.0237  0.0226  0.0235  0.0222  0.0222
  0.0223  0.0225  0.0218  0.0224  0.0226  0.0222  0.0221  0.0224  0.0220  0.0225  0.0218  0.0218
  0.0219  0.0219  0.0218  0.0218  0.0218  0.0218  0.0218  0.0218  0.0218  0.0218  0.0217  0.0217
  0.0221  0.0218  0.0221  0.0218  0.0228  0.0219  0.0221  0.0221  0.0220  0.0217  0.0218  0.0219
  0.0229  0.0223  0.0227  0.0229  0.0247  0.0229  0.0227  0.0232  0.0227  0.0222  0.0222  0.0223
  0.0242  0.0233  0.0235  0.0249  0.0279  0.0257  0.0237  0.0250  0.0236  0.0235  0.0228  0.0229
niter,ni,del,rscale     5    3    5.0000    1.2000
parameters
    0.7781   40.2328    3.3886   -2.2808  -18.3840   -9.9268
   11.7274   -1.9219  -10.9821   15.2143    5.2799   -9.5302
eta,q 0.97843 10.12665
  0.0243  0.0248  0.0226  0.0243  0.0259  0.0240  0.0234  0.0253  0.0234  0.0247  0.0227  0.0226
  0.0230  0.0233  0.0220  0.0232  0.0240  0.0229  0.0225  0.0235  0.0225  0.0233  0.0221  0.0220
  0.0221  0.0223  0.0216  0.0222  0.0224  0.0221  0.0219  0.0223  0.0219  0.0223  0.0217  0.0217
  0.0217  0.0217  0.0216  0.0216  0.0216  0.0216  0.0217  0.0217  0.0217  0.0217  0.0216  0.0216
  0.0219  0.0217  0.0219  0.0216  0.0224  0.0218  0.0219  0.0219  0.0219  0.0216  0.0217  0.0217
  0.0226  0.0222  0.0225  0.0227  0.0245  0.0228  0.0226  0.0230  0.0225  0.0221  0.0220  0.0221
  0.0238  0.0232  0.0233  0.0248  0.0277  0.0255  0.0236  0.0248  0.0235  0.0234  0.0227  0.0228
niter,ni,del,rscale     4    3    5.0000    1.2000
parameters
    0.9099   40.5773    3.0959   -2.2600  -18.9509  -10.3826
   11.5598   -1.6309  -11.0206   16.0465    5.2789   -9.8283
eta,q 0.97850 10.08865
  0.0242  0.0245  0.0225  0.0241  0.0260  0.0240  0.0233  0.0251  0.0234  0.0245  0.0226  0.0225
  0.0228  0.0231  0.0219  0.0231  0.0240  0.0228  0.0224  0.0234  0.0224  0.0231  0.0220  0.0220
  0.0219  0.0221  0.0216  0.0221  0.0224  0.0220  0.0218  0.0222  0.0218  0.0221  0.0216  0.0216
  0.0216  0.0216  0.0215  0.0215  0.0215  0.0215  0.0216  0.0216  0.0216  0.0216  0.0215  0.0215
  0.0217  0.0216  0.0218  0.0215  0.0222  0.0216  0.0218  0.0218  0.0218  0.0215  0.0216  0.0217
  0.0225  0.0222  0.0223  0.0226  0.0243  0.0227  0.0225  0.0229  0.0224  0.0222  0.0220  0.0221
  0.0237  0.0232  0.0232  0.0246  0.0274  0.0252  0.0235  0.0247  0.0234  0.0236  0.0226  0.0227
niter,ni,del,rscale     3    3    5.0000    1.2000
parameters
    1.0193   40.8144    2.8837   -2.2270  -19.3185  -10.6893
   11.4419   -1.4062  -11.0038   16.5706    5.2296  -10.1027
eta,q 0.97852 10.06434
  0.0240  0.0242  0.0226  0.0241  0.0261  0.0240  0.0232  0.0250  0.0234  0.0243  0.0226  0.0225
  0.0227  0.0228  0.0219  0.0230  0.0240  0.0228  0.0223  0.0233  0.0224  0.0230  0.0220  0.0220
  0.0218  0.0219  0.0215  0.0221  0.0224  0.0220  0.0217  0.0221  0.0217  0.0220  0.0216  0.0216
  0.0215  0.0215  0.0215  0.0215  0.0215  0.0215  0.0215  0.0215  0.0215  0.0215  0.0215  0.0215
  0.0217  0.0216  0.0217  0.0215  0.0221  0.0215  0.0218  0.0218  0.0217  0.0215  0.0216  0.0216
  0.0224  0.0222  0.0222  0.0225  0.0241  0.0225  0.0224  0.0229  0.0224  0.0223  0.0220  0.0221
  0.0236  0.0233  0.0230  0.0245  0.0272  0.0250  0.0234  0.0247  0.0234  0.0238  0.0226  0.0227
niter,ni,del,rscale     2    3    5.0000    1.2000
parameters
    1.0943   40.9563    2.7422   -2.1881  -19.5327  -10.8647
   11.3376   -1.2550  -10.9637   16.8790    5.1718  -10.2887
eta,q 0.97853 10.05082
  0.0239  0.0240  0.0226  0.0240  0.0262  0.0240  0.0232  0.0249  0.0234  0.0242  0.0225  0.0225
  0.0226  0.0227  0.0219  0.0230  0.0241  0.0229  0.0223  0.0233  0.0224  0.0229  0.0220  0.0220
  0.0218  0.0218  0.0216  0.0221  0.0225  0.0220  0.0217  0.0220  0.0217  0.0220  0.0216  0.0216
  0.0215  0.0215  0.0215  0.0215  0.0215  0.0215  0.0215  0.0215  0.0215  0.0215  0.0215  0.0215
  0.0217  0.0216  0.0217  0.0215  0.0220  0.0215  0.0217  0.0218  0.0217  0.0216  0.0216  0.0216
  0.0224  0.0223  0.0222  0.0225  0.0240  0.0224  0.0223  0.0229  0.0223  0.0224  0.0220  0.0220
  0.0236  0.0235  0.0229  0.0245  0.0271  0.0249  0.0233  0.0248  0.0234  0.0239  0.0226  0.0227
niter,ni,del,rscale     1    3    5.0000    1.2000
parameters
    1.1443   41.0352    2.6607   -2.1646  -19.6506  -10.9595
   11.2689   -1.1566  -10.9257   17.0510    5.1195  -10.4102
eta,q 0.97852 10.04351
  0.0238  0.0239  0.0227  0.0240  0.0263  0.0241  0.0232  0.0249  0.0234  0.0241  0.0225  0.0225
  0.0226  0.0226  0.0220  0.0230  0.0242  0.0229  0.0223  0.0232  0.0224  0.0228  0.0220  0.0220
  0.0218  0.0218  0.0216  0.0221  0.0225  0.0220  0.0217  0.0220  0.0217  0.0219  0.0216  0.0216
  0.0215  0.0215  0.0215  0.0215  0.0215  0.0215  0.0215  0.0215  0.0215  0.0215  0.0215  0.0215
  0.0217  0.0217  0.0216  0.0215  0.0219  0.0215  0.0217  0.0218  0.0217  0.0216  0.0216  0.0216
  0.0224  0.0224  0.0221  0.0225  0.0240  0.0224  0.0223  0.0229  0.0223  0.0225  0.0220  0.0220
  0.0237  0.0236  0.0229  0.0245  0.0270  0.0248  0.0233  0.0248  0.0234  0.0241  0.0226  0.0226
registration optimization eta report
parameter search radius
    2.4000    2.4000    2.4000    8.2800   10.9503    8.2800
    7.2000    7.2000    7.2000    7.2000    7.2000    7.2000
100000*second partial in parameter space
       40.       40.       22.        4.        4.        4.
        3.        6.        4.        5.        2.        2.
  0.0238  0.0239  0.0227  0.0240  0.0263  0.0241  0.0232  0.0249  0.0234  0.0241  0.0225  0.0225
  0.0226  0.0226  0.0220  0.0230  0.0242  0.0229  0.0223  0.0232  0.0224  0.0228  0.0220  0.0220
  0.0218  0.0218  0.0216  0.0221  0.0225  0.0220  0.0217  0.0220  0.0217  0.0219  0.0216  0.0216
  0.0215  0.0215  0.0215  0.0215  0.0215  0.0215  0.0215  0.0215  0.0215  0.0215  0.0215  0.0215
  0.0217  0.0217  0.0216  0.0215  0.0219  0.0215  0.0217  0.0218  0.0217  0.0216  0.0216  0.0216
  0.0224  0.0224  0.0221  0.0225  0.0240  0.0224  0.0223  0.0229  0.0223  0.0225  0.0220  0.0220
  0.0237  0.0236  0.0229  0.0245  0.0270  0.0248  0.0233  0.0248  0.0234  0.0241  0.0226  0.0226
    1.1443   41.0352    2.6607   -2.1646  -19.6506  -10.9595
   11.2689   -1.1566  -10.9257   17.0510    5.1195  -10.4102
eta,q 0.97852 10.04351

---------------------------------------------------------------------
imgreg_4dfp /opt/freesurfer/average/711-2C_as_mni_average_305 /opt/freesurfer/average/711-2B_as_mni_average_305_mask talsrcimg_g11 none talsrcimg_to_711-2C_as_mni_average_305_t4 2311
---------------------------------------------------------------------

freesurfer imgreg_4dfp.c
/opt/freesurfer/average/711-2C_as_mni_average_305.4dfp.img
       256       256       256         1
  1.000000  1.000000  1.000000
orientation T byte_order littleendian
Reading image: /opt/freesurfer/average/711-2C_as_mni_average_305.4dfp.img
dimensions:      256       256       256
mmppix:       1.0000   -1.0000   -1.0000
center:     128.0000 -129.0000 -129.0000
/opt/freesurfer/average/711-2B_as_mni_average_305_mask.4dfp.img
       256       256       256         1
  1.000000  1.000000  1.000000
orientation T byte_order littleendian
Reading mask: /opt/freesurfer/average/711-2B_as_mni_average_305_mask.4dfp.img (2306576 pixels)
talsrcimg_g11.4dfp.img
       256       256       256         1
  1.000000  1.000000  1.000000
orientation T byte_order littleendian
Reading image: talsrcimg_g11.4dfp.img
dimensions:      256       256       256
mmppix:       1.0000   -1.0000   -1.0000
center:     128.0000 -129.0000 -129.0000
fimgreg.f
image alignment mode   2311 decimal      907 hex
parameters
    1.1443   41.0352    2.6607   -2.1646  -19.6506  -10.9595
   11.2689   -1.1566  -10.9257   17.0510    5.1195  -10.4102
eta,q 0.97852 10.04351
niter,ni,del,rscale     5    3    5.0000    0.8000
parameters
    1.1917   41.0799    2.6168   -1.2875  -19.0672  -10.2764
   11.2004   -1.0054  -10.8066   17.1447    4.7920  -10.6801
eta,q 0.97872 10.12316
  0.0226  0.0226  0.0220  0.0227  0.0229  0.0225  0.0221  0.0232  0.0223  0.0226  0.0218  0.0218
  0.0220  0.0220  0.0217  0.0222  0.0223  0.0220  0.0217  0.0222  0.0217  0.0219  0.0215  0.0215
  0.0216  0.0216  0.0215  0.0218  0.0217  0.0216  0.0214  0.0216  0.0214  0.0215  0.0213  0.0213
  0.0215  0.0215  0.0215  0.0215  0.0214  0.0213  0.0213  0.0213  0.0213  0.0213  0.0213  0.0213
  0.0216  0.0216  0.0215  0.0214  0.0214  0.0213  0.0214  0.0215  0.0214  0.0214  0.0214  0.0214
  0.0219  0.0219  0.0217  0.0216  0.0217  0.0215  0.0217  0.0220  0.0217  0.0218  0.0216  0.0216
  0.0225  0.0225  0.0221  0.0222  0.0224  0.0221  0.0222  0.0230  0.0222  0.0226  0.0219  0.0219
niter,ni,del,rscale     4    3    5.0000    0.7000
parameters
    1.1517   41.0980    2.7758   -1.4285  -19.0100   -9.8774
   11.1231   -0.9553  -10.7506   17.2708    4.6839  -10.6845
eta,q 0.97875 10.13820
  0.0221  0.0221  0.0219  0.0221  0.0224  0.0222  0.0219  0.0227  0.0220  0.0223  0.0217  0.0217
  0.0216  0.0217  0.0216  0.0217  0.0219  0.0218  0.0215  0.0220  0.0216  0.0218  0.0214  0.0215
  0.0214  0.0214  0.0214  0.0214  0.0215  0.0215  0.0213  0.0214  0.0213  0.0214  0.0213  0.0213
  0.0213  0.0213  0.0213  0.0213  0.0213  0.0213  0.0213  0.0213  0.0213  0.0213  0.0212  0.0213
  0.0214  0.0214  0.0213  0.0214  0.0214  0.0213  0.0213  0.0214  0.0213  0.0213  0.0213  0.0213
  0.0217  0.0217  0.0214  0.0217  0.0218  0.0215  0.0216  0.0219  0.0216  0.0216  0.0215  0.0214
  0.0222  0.0221  0.0217  0.0223  0.0224  0.0220  0.0220  0.0226  0.0219  0.0222  0.0217  0.0217
niter,ni,del,rscale     3    3    5.0000    0.6000
parameters
    1.1456   41.0908    2.8610   -1.4639  -19.0026   -9.6606
   11.0904   -0.9346  -10.7244   17.3151    4.6105  -10.6433
eta,q 0.97876 10.14585
  0.0219  0.0219  0.0217  0.0219  0.0221  0.0219  0.0217  0.0223  0.0218  0.0220  0.0216  0.0216
  0.0215  0.0215  0.0215  0.0216  0.0217  0.0216  0.0215  0.0218  0.0215  0.0216  0.0214  0.0214
  0.0213  0.0213  0.0213  0.0214  0.0214  0.0214  0.0213  0.0214  0.0213  0.0213  0.0213  0.0213
  0.0213  0.0213  0.0213  0.0212  0.0213  0.0212  0.0212  0.0212  0.0212  0.0212  0.0212  0.0212
  0.0213  0.0213  0.0213  0.0213  0.0213  0.0213  0.0213  0.0214  0.0213  0.0213  0.0213  0.0213
  0.0215  0.0215  0.0214  0.0215  0.0216  0.0214  0.0215  0.0217  0.0215  0.0215  0.0214  0.0214
  0.0219  0.0219  0.0216  0.0220  0.0221  0.0218  0.0218  0.0223  0.0217  0.0220  0.0216  0.0216
niter,ni,del,rscale     2    3    5.0000    0.5000
parameters
    1.1358   41.0874    2.9131   -1.4443  -18.9874   -9.4902
   11.0841   -0.9315  -10.6991   17.3439    4.5779  -10.6814
eta,q 0.97877 10.15423
  0.0217  0.0217  0.0215  0.0217  0.0218  0.0217  0.0216  0.0220  0.0216  0.0218  0.0215  0.0215
  0.0214  0.0214  0.0214  0.0215  0.0215  0.0215  0.0214  0.0216  0.0214  0.0215  0.0213  0.0213
  0.0213  0.0213  0.0213  0.0213  0.0213  0.0213  0.0213  0.0213  0.0213  0.0213  0.0213  0.0213
  0.0212  0.0212  0.0212  0.0212  0.0212  0.0212  0.0212  0.0212  0.0212  0.0212  0.0212  0.0212
  0.0213  0.0213  0.0213  0.0213  0.0213  0.0212  0.0213  0.0213  0.0213  0.0213  0.0213  0.0213
  0.0214  0.0214  0.0213  0.0214  0.0215  0.0214  0.0214  0.0216  0.0214  0.0214  0.0213  0.0213
  0.0217  0.0217  0.0215  0.0217  0.0218  0.0216  0.0216  0.0220  0.0216  0.0218  0.0215  0.0215
niter,ni,del,rscale     1    3    5.0000    0.4000
parameters
    1.1300   41.0814    2.9476   -1.4243  -18.9676   -9.3725
   11.0890   -0.9431  -10.6918   17.3799    4.5325  -10.6933
eta,q 0.97877 10.16052
  0.0215  0.0215  0.0214  0.0215  0.0216  0.0215  0.0215  0.0217  0.0215  0.0216  0.0214  0.0214
  0.0214  0.0214  0.0213  0.0214  0.0214  0.0214  0.0213  0.0214  0.0213  0.0214  0.0213  0.0213
  0.0213  0.0213  0.0213  0.0213  0.0213  0.0213  0.0213  0.0213  0.0212  0.0213  0.0212  0.0212
  0.0212  0.0212  0.0212  0.0212  0.0212  0.0212  0.0212  0.0212  0.0212  0.0212  0.0212  0.0212
  0.0213  0.0213  0.0212  0.0213  0.0213  0.0212  0.0213  0.0213  0.0213  0.0213  0.0212  0.0212
  0.0214  0.0214  0.0213  0.0214  0.0214  0.0213  0.0213  0.0215  0.0213  0.0214  0.0213  0.0213
  0.0215  0.0215  0.0214  0.0215  0.0216  0.0215  0.0215  0.0217  0.0215  0.0216  0.0214  0.0214
registration optimization eta report
parameter search radius
    0.8000    0.8000    0.8000    2.4000    2.4000    2.4000
    2.4000    2.4000    2.4000    2.4000    2.4000    2.4000
100000*second partial in parameter space
       45.       44.       27.        5.        7.        5.
        4.        9.        4.        6.        3.        3.
  0.0215  0.0215  0.0214  0.0215  0.0216  0.0215  0.0215  0.0217  0.0215  0.0216  0.0214  0.0214
  0.0214  0.0214  0.0213  0.0214  0.0214  0.0214  0.0213  0.0214  0.0213  0.0214  0.0213  0.0213
  0.0213  0.0213  0.0213  0.0213  0.0213  0.0213  0.0213  0.0213  0.0212  0.0213  0.0212  0.0212
  0.0212  0.0212  0.0212  0.0212  0.0212  0.0212  0.0212  0.0212  0.0212  0.0212  0.0212  0.0212
  0.0213  0.0213  0.0212  0.0213  0.0213  0.0212  0.0213  0.0213  0.0213  0.0213  0.0212  0.0212
  0.0214  0.0214  0.0213  0.0214  0.0214  0.0213  0.0213  0.0215  0.0213  0.0214  0.0213  0.0213
  0.0215  0.0215  0.0214  0.0215  0.0216  0.0215  0.0215  0.0217  0.0215  0.0216  0.0214  0.0214
    1.1300   41.0814    2.9476   -1.4243  -18.9676   -9.3725
   11.0890   -0.9431  -10.6918   17.3799    4.5325  -10.6933
eta,q 0.97877 10.16052

---------------------------------------------------------------------
imgreg_4dfp /opt/freesurfer/average/711-2C_as_mni_average_305 /opt/freesurfer/average/711-2B_as_mni_average_305_mask talsrcimg_g11 none talsrcimg_to_711-2C_as_mni_average_305_t4 2311
---------------------------------------------------------------------

freesurfer imgreg_4dfp.c
/opt/freesurfer/average/711-2C_as_mni_average_305.4dfp.img
       256       256       256         1
  1.000000  1.000000  1.000000
orientation T byte_order littleendian
Reading image: /opt/freesurfer/average/711-2C_as_mni_average_305.4dfp.img
dimensions:      256       256       256
mmppix:       1.0000   -1.0000   -1.0000
center:     128.0000 -129.0000 -129.0000
/opt/freesurfer/average/711-2B_as_mni_average_305_mask.4dfp.img
       256       256       256         1
  1.000000  1.000000  1.000000
orientation T byte_order littleendian
Reading mask: /opt/freesurfer/average/711-2B_as_mni_average_305_mask.4dfp.img (2306576 pixels)
talsrcimg_g11.4dfp.img
       256       256       256         1
  1.000000  1.000000  1.000000
orientation T byte_order littleendian
Reading image: talsrcimg_g11.4dfp.img
dimensions:      256       256       256
mmppix:       1.0000   -1.0000   -1.0000
center:     128.0000 -129.0000 -129.0000
fimgreg.f
image alignment mode   2311 decimal      907 hex
parameters
    1.1300   41.0814    2.9476   -1.4243  -18.9676   -9.3725
   11.0890   -0.9431  -10.6918   17.3799    4.5325  -10.6933
eta,q 0.97877 10.16052
niter,ni,del,rscale     5    3    5.0000    0.8000
parameters
    1.1083   41.0850    2.9729   -1.7521  -19.1194   -9.6683
   11.0673   -0.9748  -10.7058   17.2586    4.6865  -10.5594
eta,q 0.97875 10.13190
  0.0223  0.0224  0.0219  0.0222  0.0225  0.0222  0.0221  0.0230  0.0222  0.0225  0.0219  0.0218
  0.0217  0.0217  0.0215  0.0217  0.0219  0.0217  0.0216  0.0221  0.0217  0.0218  0.0215  0.0215
  0.0213  0.0214  0.0213  0.0214  0.0214  0.0214  0.0214  0.0215  0.0213  0.0214  0.0213  0.0213
  0.0212  0.0212  0.0212  0.0212  0.0212  0.0212  0.0213  0.0212  0.0213  0.0213  0.0213  0.0213
  0.0214  0.0214  0.0213  0.0214  0.0214  0.0213  0.0214  0.0215  0.0214  0.0214  0.0213  0.0213
  0.0218  0.0217  0.0215  0.0218  0.0219  0.0218  0.0216  0.0221  0.0217  0.0219  0.0215  0.0215
  0.0224  0.0223  0.0219  0.0226  0.0227  0.0227  0.0221  0.0231  0.0222  0.0227  0.0218  0.0218
niter,ni,del,rscale     4    3    5.0000    0.7000
parameters
    1.1387   41.0610    2.9121   -1.5982  -19.0476   -9.6826
   11.0770   -0.9608  -10.7202   17.2338    4.6570  -10.5844
eta,q 0.97876 10.13863
  0.0221  0.0221  0.0217  0.0222  0.0223  0.0220  0.0219  0.0227  0.0219  0.0222  0.0217  0.0217
  0.0217  0.0216  0.0214  0.0217  0.0218  0.0217  0.0216  0.0219  0.0216  0.0217  0.0214  0.0214
  0.0214  0.0213  0.0213  0.0214  0.0214  0.0214  0.0213  0.0214  0.0213  0.0214  0.0213  0.0213
  0.0213  0.0213  0.0213  0.0213  0.0212  0.0212  0.0212  0.0212  0.0212  0.0212  0.0212  0.0212
  0.0213  0.0214  0.0213  0.0213  0.0213  0.0213  0.0213  0.0214  0.0213  0.0213  0.0213  0.0213
  0.0216  0.0217  0.0215  0.0216  0.0217  0.0216  0.0215  0.0219  0.0216  0.0217  0.0214  0.0214
  0.0221  0.0221  0.0218  0.0221  0.0223  0.0222  0.0219  0.0227  0.0219  0.0223  0.0217  0.0217
niter,ni,del,rscale     3    3    5.0000    0.6000
parameters
    1.1370   41.0641    2.9129   -1.5022  -18.9957   -9.5831
   11.0770   -0.9445  -10.7187   17.2638    4.6221  -10.6198
eta,q 0.97877 10.14785
  0.0219  0.0219  0.0216  0.0219  0.0221  0.0219  0.0217  0.0223  0.0218  0.0220  0.0216  0.0216
  0.0215  0.0215  0.0214  0.0216  0.0217  0.0216  0.0215  0.0217  0.0215  0.0216  0.0214  0.0214
  0.0213  0.0213  0.0213  0.0214  0.0214  0.0214  0.0213  0.0214  0.0213  0.0213  0.0213  0.0213
  0.0212  0.0212  0.0212  0.0212  0.0212  0.0212  0.0212  0.0212  0.0212  0.0212  0.0212  0.0212
  0.0213  0.0213  0.0213  0.0213  0.0213  0.0213  0.0213  0.0214  0.0213  0.0213  0.0213  0.0213
  0.0215  0.0215  0.0214  0.0215  0.0216  0.0215  0.0215  0.0217  0.0215  0.0215  0.0214  0.0214
  0.0219  0.0219  0.0216  0.0219  0.0221  0.0219  0.0217  0.0223  0.0218  0.0220  0.0216  0.0216
niter,ni,del,rscale     2    3    5.0000    0.5000
parameters
    1.1298   41.0695    2.9352   -1.4556  -18.9665   -9.4804
   11.0771   -0.9505  -10.7062   17.3149    4.5758  -10.6526
eta,q 0.97877 10.15494
  0.0217  0.0217  0.0215  0.0217  0.0218  0.0217  0.0216  0.0220  0.0216  0.0218  0.0215  0.0215
  0.0214  0.0214  0.0214  0.0215  0.0215  0.0215  0.0214  0.0216  0.0214  0.0215  0.0213  0.0213
  0.0213  0.0213  0.0213  0.0213  0.0213  0.0213  0.0213  0.0213  0.0213  0.0213  0.0213  0.0212
  0.0212  0.0212  0.0212  0.0212  0.0212  0.0212  0.0212  0.0212  0.0212  0.0212  0.0212  0.0212
  0.0213  0.0213  0.0213  0.0213  0.0213  0.0212  0.0213  0.0213  0.0213  0.0213  0.0213  0.0213
  0.0214  0.0214  0.0213  0.0214  0.0215  0.0214  0.0214  0.0216  0.0214  0.0214  0.0213  0.0213
  0.0217  0.0217  0.0215  0.0217  0.0218  0.0217  0.0216  0.0220  0.0216  0.0218  0.0215  0.0215
niter,ni,del,rscale     1    3    5.0000    0.4000
parameters
    1.1199   41.0748    2.9554   -1.4166  -18.9602   -9.3615
   11.0896   -0.9553  -10.6972   17.3627    4.5192  -10.6984
eta,q 0.97878 10.16161
  0.0215  0.0215  0.0214  0.0215  0.0216  0.0215  0.0215  0.0217  0.0215  0.0216  0.0214  0.0214
  0.0214  0.0214  0.0213  0.0214  0.0214  0.0214  0.0213  0.0215  0.0213  0.0214  0.0213  0.0213
  0.0213  0.0213  0.0212  0.0213  0.0213  0.0213  0.0213  0.0213  0.0212  0.0213  0.0212  0.0212
  0.0212  0.0212  0.0212  0.0212  0.0212  0.0212  0.0212  0.0212  0.0212  0.0212  0.0212  0.0212
  0.0213  0.0213  0.0212  0.0213  0.0213  0.0212  0.0213  0.0213  0.0212  0.0213  0.0212  0.0212
  0.0214  0.0214  0.0213  0.0214  0.0214  0.0213  0.0213  0.0215  0.0213  0.0214  0.0213  0.0213
  0.0215  0.0215  0.0214  0.0215  0.0216  0.0215  0.0215  0.0217  0.0215  0.0216  0.0214  0.0214
registration optimization eta report
parameter search radius
    0.8000    0.8000    0.8000    2.4000    2.4000    2.4000
    2.4000    2.4000    2.4000    2.4000    2.4000    2.4000
100000*second partial in parameter space
       45.       45.       27.        5.        7.        5.
        4.        9.        4.        6.        3.        3.
  0.0215  0.0215  0.0214  0.0215  0.0216  0.0215  0.0215  0.0217  0.0215  0.0216  0.0214  0.0214
  0.0214  0.0214  0.0213  0.0214  0.0214  0.0214  0.0213  0.0215  0.0213  0.0214  0.0213  0.0213
  0.0213  0.0213  0.0212  0.0213  0.0213  0.0213  0.0213  0.0213  0.0212  0.0213  0.0212  0.0212
  0.0212  0.0212  0.0212  0.0212  0.0212  0.0212  0.0212  0.0212  0.0212  0.0212  0.0212  0.0212
  0.0213  0.0213  0.0212  0.0213  0.0213  0.0212  0.0213  0.0213  0.0212  0.0213  0.0212  0.0212
  0.0214  0.0214  0.0213  0.0214  0.0214  0.0213  0.0213  0.0215  0.0213  0.0214  0.0213  0.0213
  0.0215  0.0215  0.0214  0.0215  0.0216  0.0215  0.0215  0.0217  0.0215  0.0216  0.0214  0.0214
    1.1199   41.0748    2.9554   -1.4166  -18.9602   -9.3615
   11.0896   -0.9553  -10.6972   17.3627    4.5192  -10.6984
eta,q 0.97878 10.16161

---------------------------------------------------------------------
compute_vox2vox talsrcimg talsrcimg_to_711-2C_as_mni_average_305_t4 /opt/freesurfer/average/711-2C_as_mni_average_305
---------------------------------------------------------------------

freesurfer compute_vox2vox.c
Reading: talsrcimg.4dfp.ifh
Reading: talsrcimg_to_711-2C_as_mni_average_305_t4
Reading: /opt/freesurfer/average/711-2C_as_mni_average_305.4dfp.ifh
Writing: talsrcimg_to_711-2C_as_mni_average_305_t4_vox2vox.txt

start time Sun Mar 15 08:14:13 CET 2026
end		time Sun Mar 15 08:14:27 CET 2026

mpr2mni305 success

avi2talxfm orig_nu.mgz /opt/freesurfer/average/mni305.cor.mgz talsrcimg_to_711-2C_as_mni_average_305_t4_vox2vox.txt transforms/talairach.auto.xfm
avi2talxfm done
mv -f /out/sourcedata/freesurfer/sub-v2s10x28965_ses-1/mri/talsrcimg_to_711-2C_as_mni_average_305_t4_vox2vox.txt /out/sourcedata/freesurfer/sub-v2s10x28965_ses-1/mri/transforms/talsrcimg_to_711-2C_as_mni_average_305_t4_vox2vox.txt
lta_convert --src orig_nu.mgz --trg /opt/freesurfer/average/mni305.cor.mgz --inxfm transforms/talairach.auto.xfm --outlta transforms/talairach.auto.xfm.lta --subject fsaverage
7.3.2

--src: orig_nu.mgz src image (geometry).
--trg: /opt/freesurfer/average/mni305.cor.mgz trg image (geometry).
--inmni: transforms/talairach.auto.xfm input MNI/XFM transform.
--outlta: transforms/talairach.auto.xfm.lta output LTA.
--s: fsaverage subject name
 LTA read, type : 1
 0.99842   0.03579  -0.13190  -3.61904;
-0.03338   1.07487   0.14647  -34.89735;
 0.13894  -0.22557   1.18517  -10.80113;
 0.00000   0.00000   0.00000   1.00000;
setting subject to fsaverage
Writing  LTA to file transforms/talairach.auto.xfm.lta...
lta_convert successful.
 
 
Started at Sun Mar 15 08:14:13 CET 2026
Ended   at Sun Mar 15 08:14:28 CET 2026
talairach_avi done
