/out/sourcedata/freesurfer/sub-v2s10x28970_ses-1/mri
/opt/freesurfer/bin/talairach_avi
--i orig_nu.mgz --xfm transforms/talairach.auto.xfm
talairach_avi 7.3.2
Linux dna088 5.14.0-427.37.1.el9_4.x86_64 #1 SMP PREEMPT_DYNAMIC Fri Sep 13 12:41:50 EDT 2024 x86_64 x86_64 x86_64 GNU/Linux
Sun Mar 15 08:14:02 CET 2026
mri_convert orig_nu.mgz talsrcimg.img 
reading from orig_nu.mgz...
TR=0.00, TE=0.00, TI=0.00, flip angle=0.00
i_ras = (-1, 4.36557e-10, 0)
j_ras = (3.72529e-09, 2.32831e-10, -1)
k_ras = (3.27418e-09, 1, -2.32831e-10)
writing to talsrcimg.img...
Analyze Output Matrix
-1.00000   0.00000   0.00000   125.02079;
 0.00000   0.00000   1.00000  -116.21764;
 0.00000  -1.00000  -0.00000   115.24484;
 0.00000   0.00000   0.00000   1.00000;
--------------------
INFO: set hdr.hist.orient to -1
mpr2mni305 talsrcimg
Sun Mar 15 08:14:03 CET 2026
/opt/freesurfer/bin/mpr2mni305 talsrcimg
mpr2mni305 7.3.2
target=711-2C_as_mni_average_305

---------------------------------------------------------------------
analyzeto4dfp talsrcimg -O0 -y
---------------------------------------------------------------------

freesurfer ifh2hdr.c
Sun Mar 15 08:14:03 2026
Writing: talsrcimg.4dfp.hdr
freesurfer analyzeto4dfp.c
Reading: talsrcimg.hdr
header size 348 bytes
hdr.dime.datatype	offset=70	value=2
hdr.dime.bitpix		offset=72	value=8
hdr.hist.orient		offset=252	value=-1
dimensionality     4
dimensions       256       256       256         1
Reading: talsrcimg.img
Writing: talsrcimg.4dfp.img
Writing: talsrcimg.4dfp.ifh
ifh2hdr talsrcimg -r0to208
ori=2

---------------------------------------------------------------------
gauss_4dfp talsrcimg 1.1
---------------------------------------------------------------------

freesurfer gauss_4dfp.c
Reading: talsrcimg.4dfp.img
Writing: talsrcimg_g11.4dfp.img
image dimensions 256 256 256 padded to 288 288 288
processing volume 1freesurfer ifh2hdr.c
Sun Mar 15 08:14:04 2026
Writing: talsrcimg_g11.4dfp.hdr

Writing: talsrcimg_g11.4dfp.ifh
including: talsrcimg.4dfp.img.rec in talsrcimg_g11.4dfp.img.rec

---------------------------------------------------------------------
imgreg_4dfp /opt/freesurfer/average/711-2C_as_mni_average_305 none talsrcimg_g11 none talsrcimg_to_711-2C_as_mni_average_305_t4 4355
---------------------------------------------------------------------

freesurfer imgreg_4dfp.c
/opt/freesurfer/average/711-2C_as_mni_average_305.4dfp.img
       256       256       256         1
  1.000000  1.000000  1.000000
orientation T byte_order littleendian
Reading image: /opt/freesurfer/average/711-2C_as_mni_average_305.4dfp.img
dimensions:      256       256       256
mmppix:       1.0000   -1.0000   -1.0000
center:     128.0000 -129.0000 -129.0000
talsrcimg_g11.4dfp.img
       256       256       256         1
  1.000000  1.000000  1.000000
orientation T byte_order littleendian
Reading image: talsrcimg_g11.4dfp.img
dimensions:      256       256       256
mmppix:       1.0000   -1.0000   -1.0000
center:     128.0000 -129.0000 -129.0000
t4_read: open error in t4_sub.f l:  41 t4_file(1:l)talsrcimg_to_711-2C_as_mni_average_305_t4 
t4_read: transform initialized to I4
rotation matrix determinant  1.000000
image alignment mode   4355 decimal     1103 hex
   -7.5000  -45.0000  -45.0000 8041.2856   17.8125
    0.0000  -45.0000  -45.0000 8393.0928   17.8173
    7.5000  -45.0000  -45.0000 8039.8237   17.8206
   -7.5000  -37.5000  -45.0000 8690.0264   17.7508
    0.0000  -37.5000  -45.0000 9085.9189   17.7589
    7.5000  -37.5000  -45.0000 8684.9629   17.7639
   -7.5000  -30.0000  -45.0000 9652.7383   17.6865
    0.0000  -30.0000  -45.000010073.8379   17.7009
    7.5000  -30.0000  -45.0000 9632.8428   17.7084
   -7.5000  -22.5000  -45.000010590.7275   17.6283
    0.0000  -22.5000  -45.000011063.1211   17.6448
    7.5000  -22.5000  -45.000010555.3965   17.6518
   -7.5000  -15.0000  -45.000011382.8770   17.6012
    0.0000  -15.0000  -45.000011890.3867   17.6127
    7.5000  -15.0000  -45.000011353.6553   17.6174
   -7.5000   -7.5000  -45.000012107.9990   17.6088
    0.0000   -7.5000  -45.000012674.9824   17.6137
    7.5000   -7.5000  -45.000012083.7393   17.6162
   -7.5000    0.0000  -45.000012757.9512   17.6321
    0.0000    0.0000  -45.000013370.9922   17.6348
    7.5000    0.0000  -45.000012735.8242   17.6366
   -7.5000    7.5000  -45.000012442.1104   17.6471
    0.0000    7.5000  -45.000013023.7188   17.6537
    7.5000    7.5000  -45.000012437.8018   17.6580
   -7.5000   15.0000  -45.000011975.2393   17.6396
    0.0000   15.0000  -45.000012520.5830   17.6533
    7.5000   15.0000  -45.000011952.7197   17.6607
   -7.5000   22.5000  -45.000011474.6309   17.6148
    0.0000   22.5000  -45.000011961.8086   17.6311
    7.5000   22.5000  -45.000011425.1602   17.6380
   -7.5000   30.0000  -45.000010855.6094   17.3666
    0.0000   30.0000  -45.000011335.1826   17.3780
    7.5000   30.0000  -45.000010806.3848   17.3826
   -7.5000   37.5000  -45.000010401.8066   17.3741
    0.0000   37.5000  -45.000010862.7432   17.3789
    7.5000   37.5000  -45.000010334.7686   17.3815
   -7.5000   45.0000  -45.0000 9450.8506   16.9554
    0.0000   45.0000  -45.0000 9877.4834   16.9580
    7.5000   45.0000  -45.0000 9395.3369   16.9597
   -7.5000  -45.0000  -37.5000 8480.1738   17.8243
    0.0000  -45.0000  -37.5000 8854.9082   17.8201
    7.5000  -45.0000  -37.5000 8478.3799   17.8190
   -7.5000  -37.5000  -37.5000 9153.7422   17.7640
    0.0000  -37.5000  -37.5000 9565.9160   17.7636
    7.5000  -37.5000  -37.5000 9153.8242   17.7629
   -7.5000  -30.0000  -37.500010137.5693   17.7077
    0.0000  -30.0000  -37.500010587.9922   17.7166
    7.5000  -30.0000  -37.500010122.0693   17.7168
   -7.5000  -22.5000  -37.500011091.5244   17.6554
    0.0000  -22.5000  -37.500011603.8262   17.6687
    7.5000  -22.5000  -37.500011062.6104   17.6681
   -7.5000  -15.0000  -37.500011910.9385   17.6268
    0.0000  -15.0000  -37.500012468.1338   17.6349
    7.5000  -15.0000  -37.500011875.4844   17.6334
   -7.5000   -7.5000  -37.500012657.0283   17.6275
    0.0000   -7.5000  -37.500013273.4238   17.6261
    7.5000   -7.5000  -37.500012636.5684   17.6242
   -7.5000    0.0000  -37.500013323.1250   17.6446
    0.0000    0.0000  -37.500013982.3672   17.6384
    7.5000    0.0000  -37.500013296.3184   17.6359
   -7.5000    7.5000  -37.500013025.4795   17.6612
    0.0000    7.5000  -37.500013676.2021   17.6594
    7.5000    7.5000  -37.500012989.9902   17.6581
   -7.5000   15.0000  -37.500012516.3672   17.6614
    0.0000   15.0000  -37.500013126.9844   17.6695
    7.5000   15.0000  -37.500012448.8828   17.6696
   -7.5000   22.5000  -37.500011962.4580   17.6418
    0.0000   22.5000  -37.500012526.8994   17.6549
    7.5000   22.5000  -37.500011861.7031   17.6543
   -7.5000   30.0000  -37.500011276.1689   17.3919
    0.0000   30.0000  -37.500011802.7822   17.3999
    7.5000   30.0000  -37.500011189.6914   17.3984
   -7.5000   37.5000  -37.500010818.6973   17.3926
    0.0000   37.5000  -37.500011328.3047   17.3912
    7.5000   37.5000  -37.500010730.6973   17.3893
   -7.5000   45.0000  -37.5000 9825.8643   16.9674
    0.0000   45.0000  -37.500010277.3291   16.9614
    7.5000   45.0000  -37.5000 9756.2559   16.9590
   -7.5000  -45.0000  -30.0000 9046.2119   18.5834
    0.0000  -45.0000  -30.0000 9450.5195   18.5823
    7.5000  -45.0000  -30.0000 9058.3281   18.5713
   -7.5000  -37.5000  -30.0000 9753.2725   18.5205
    0.0000  -37.5000  -30.000010194.8955   18.5238
    7.5000  -37.5000  -30.0000 9766.9717   18.5126
   -7.5000  -30.0000  -30.000010770.1602   18.4665
    0.0000  -30.0000  -30.000011260.9736   18.4809
    7.5000  -30.0000  -30.000010763.1006   18.4704
   -7.5000  -22.5000  -30.000011759.4873   18.4158
    0.0000  -22.5000  -30.000012306.3457   18.4358
    7.5000  -22.5000  -30.000011727.2266   18.4253
   -7.5000  -15.0000  -30.000012608.1602   18.3854
    0.0000  -15.0000  -30.000013180.4199   18.4000
    7.5000  -15.0000  -30.000012566.5439   18.3894
   -7.5000   -7.5000  -30.000013367.9990   18.3821
    0.0000   -7.5000  -30.000014003.1494   18.3853
    7.5000   -7.5000  -30.000013345.2188   18.3741
   -7.5000    0.0000  -30.000014055.3271   18.3959
    0.0000    0.0000  -30.000014757.1504   18.3927
    7.5000    0.0000  -30.000014046.5518   18.3804
   -7.5000    7.5000  -30.000013768.9316   18.4137
    0.0000    7.5000  -30.000014459.5449   18.4156
    7.5000    7.5000  -30.000013735.5693   18.4039
   -7.5000   15.0000  -30.000013211.9541   18.4186
    0.0000   15.0000  -30.000013876.9805   18.4322
    7.5000   15.0000  -30.000013158.6826   18.4216
   -7.5000   22.5000  -30.000012593.1641   18.3997
    0.0000   22.5000  -30.000013184.8652   18.4195
    7.5000   22.5000  -30.000012497.7734   18.4090
   -7.5000   30.0000  -30.000011808.9795   18.1421
    0.0000   30.0000  -30.000012362.6396   18.1565
    7.5000   30.0000  -30.000011732.8887   18.1460
   -7.5000   37.5000  -30.000011327.2256   18.1388
    0.0000   37.5000  -30.000011878.1523   18.1420
    7.5000   37.5000  -30.000011262.7500   18.1309
   -7.5000   45.0000  -30.000010304.1348   17.7028
    0.0000   45.0000  -30.000010800.9033   17.6997
    7.5000   45.0000  -30.000010237.2842   17.6879
   -7.5000  -45.0000  -22.5000 9579.7725   19.2203
    0.0000  -45.0000  -22.500010014.1299   19.2341
    7.5000  -45.0000  -22.5000 9604.8486   19.2175
   -7.5000  -37.5000  -22.500010309.0312   19.1518
    0.0000  -37.5000  -22.500010785.4297   19.1701
    7.5000  -37.5000  -22.500010328.1934   19.1550
   -7.5000  -30.0000  -22.500011371.1689   19.0890
    0.0000  -30.0000  -22.500011913.4424   19.1166
    7.5000  -30.0000  -22.500011363.4863   19.1042
   -7.5000  -22.5000  -22.500012388.7832   19.0334
    0.0000  -22.5000  -22.500012971.7148   19.0651
    7.5000  -22.5000  -22.500012373.7754   19.0532
   -7.5000  -15.0000  -22.500013254.9922   19.0041
    0.0000  -15.0000  -22.500013856.1035   19.0308
    7.5000  -15.0000  -22.500013230.5908   19.0172
   -7.5000   -7.5000  -22.500014008.5518   19.0067
    0.0000   -7.5000  -22.500014651.9277   19.0234
    7.5000   -7.5000  -22.500014008.8828   19.0070
   -7.5000    0.0000  -22.500014725.9043   19.0251
    0.0000    0.0000  -22.500015411.4824   19.0365
    7.5000    0.0000  -22.500014741.7920   19.0187
   -7.5000    7.5000  -22.500014425.7568   19.0406
    0.0000    7.5000  -22.500015117.8418   19.0572
    7.5000    7.5000  -22.500014420.3428   19.0416
   -7.5000   15.0000  -22.500013866.7090   19.0393
    0.0000   15.0000  -22.500014529.6934   19.0661
    7.5000   15.0000  -22.500013818.4297   19.0536
   -7.5000   22.5000  -22.500013162.3457   19.0155
    0.0000   22.5000  -22.500013778.4912   19.0469
    7.5000   22.5000  -22.500013080.5293   19.0351
   -7.5000   30.0000  -22.500012306.3271   18.7555
    0.0000   30.0000  -22.500012897.4541   18.7818
    7.5000   30.0000  -22.500012226.8984   18.7684
   -7.5000   37.5000  -22.500011799.9736   18.7581
    0.0000   37.5000  -22.500012374.3184   18.7745
    7.5000   37.5000  -22.500011733.2256   18.7584
   -7.5000   45.0000  -22.500010753.4453   18.3221
    0.0000   45.0000  -22.500011277.6719   18.3331
    7.5000   45.0000  -22.500010700.1318   18.3159
   -7.5000  -45.0000  -15.000010089.6240   19.6644
    0.0000  -45.0000  -15.000010562.0537   19.6898
    7.5000  -45.0000  -15.000010105.2783   19.6780
   -7.5000  -37.5000  -15.000010856.4473   19.5930
    0.0000  -37.5000  -15.000011357.2334   19.6224
    7.5000  -37.5000  -15.000010854.6445   19.6138
   -7.5000  -30.0000  -15.000011961.5146   19.5216
    0.0000  -30.0000  -15.000012536.4199   19.5574
    7.5000  -30.0000  -15.000011970.4277   19.5535
   -7.5000  -22.5000  -15.000012995.9072   19.4600
    0.0000  -22.5000  -15.000013599.6133   19.4972
    7.5000  -22.5000  -15.000013018.7627   19.4940
   -7.5000  -15.0000  -15.000013889.3369   19.4314
    0.0000  -15.0000  -15.000014513.3447   19.4638
    7.5000  -15.0000  -15.000013904.0439   19.4570
   -7.5000   -7.5000  -15.000014652.2373   19.4397
    0.0000   -7.5000  -15.000015308.6709   19.4650
    7.5000   -7.5000  -15.000014679.8359   19.4535
   -7.5000    0.0000  -15.000015396.6699   19.4639
    0.0000    0.0000  -15.000016049.9375   19.4866
    7.5000    0.0000  -15.000015457.6455   19.4733
   -7.5000    7.5000  -15.000015065.3320   19.4781
    0.0000    7.5000  -15.000015717.1426   19.5058
    7.5000    7.5000  -15.000015097.3994   19.4964
   -7.5000   15.0000  -15.000014494.9854   19.4703
    0.0000   15.0000  -15.000015127.5205   19.5052
    7.5000   15.0000  -15.000014459.1885   19.5010
   -7.5000   22.5000  -15.000013721.6670   19.4408
    0.0000   22.5000  -15.000014323.7549   19.4778
    7.5000   22.5000  -15.000013643.6670   19.4746
   -7.5000   30.0000  -15.000012820.1787   19.1799
    0.0000   30.0000  -15.000013409.6670   19.2119
    7.5000   30.0000  -15.000012721.0625   19.2052
   -7.5000   37.5000  -15.000012271.0703   19.1881
    0.0000   37.5000  -15.000012841.3096   19.2131
    7.5000   37.5000  -15.000012180.1455   19.2018
   -7.5000   45.0000  -15.000011175.8877   18.7560
    0.0000   45.0000  -15.000011715.2119   18.7778
    7.5000   45.0000  -15.000011124.8379   18.7651
   -7.5000  -45.0000   -7.500010606.6738   19.8842
    0.0000  -45.0000   -7.500011103.8271   19.9046
    7.5000  -45.0000   -7.500010624.3604   19.9027
   -7.5000  -37.5000   -7.500011389.9512   19.8140
    0.0000  -37.5000   -7.500011926.5918   19.8379
    7.5000  -37.5000   -7.500011416.4180   19.8392
   -7.5000  -30.0000   -7.500012523.6650   19.7400
    0.0000  -30.0000   -7.500013141.9180   19.7693
    7.5000  -30.0000   -7.500012574.4639   19.7751
   -7.5000  -22.5000   -7.500013579.6270   19.6746
    0.0000  -22.5000   -7.500014212.9707   19.7043
    7.5000  -22.5000   -7.500013643.9824   19.7106
   -7.5000  -15.0000   -7.500014555.9717   19.6448
    0.0000  -15.0000   -7.500015239.9385   19.6694
    7.5000  -15.0000   -7.500014598.0957   19.6721
   -7.5000   -7.5000   -7.500015389.7197   19.6548
    0.0000   -7.5000   -7.500016017.1152   19.6737
    7.5000   -7.5000   -7.500015436.3936   19.6719
   -7.5000    0.0000   -7.500016074.7578   19.6819
    0.0000    0.0000   -7.500016654.6270   19.6995
    7.5000    0.0000   -7.500016161.8994   19.6961
   -7.5000    7.5000   -7.500015717.3184   19.6975
    0.0000    7.5000   -7.500016292.2939   19.7197
    7.5000    7.5000   -7.500015762.3838   19.7202
   -7.5000   15.0000   -7.500015090.2920   19.6876
    0.0000   15.0000   -7.500015676.5547   19.7159
    7.5000   15.0000   -7.500015090.5049   19.7215
   -7.5000   22.5000   -7.500014264.2285   19.6530
    0.0000   22.5000   -7.500014840.0322   19.6825
    7.5000   22.5000   -7.500014231.5273   19.6888
   -7.5000   30.0000   -7.500013317.9990   19.3900
    0.0000   30.0000   -7.500013869.1855   19.4143
    7.5000   30.0000   -7.500013261.4219   19.4170
   -7.5000   37.5000   -7.500012717.6045   19.3999
    0.0000   37.5000   -7.500013257.8711   19.4185
    7.5000   37.5000   -7.500012644.6318   19.4167
   -7.5000   45.0000   -7.500011585.6289   18.9696
    0.0000   45.0000   -7.500012108.7188   18.9866
    7.5000   45.0000   -7.500011534.2881   18.9834
   -7.5000  -45.0000    0.000011039.3887   19.9326
    0.0000  -45.0000    0.000011553.6387   19.9381
    7.5000  -45.0000    0.000011079.7949   19.9417
   -7.5000  -37.5000    0.000011820.1758   19.8636
    0.0000  -37.5000    0.000012369.3311   19.8727
    7.5000  -37.5000    0.000011870.6641   19.8783
   -7.5000  -30.0000    0.000012987.9854   19.7916
    0.0000  -30.0000    0.000013600.9727   19.8078
    7.5000  -30.0000    0.000013060.5205   19.8162
   -7.5000  -22.5000    0.000014071.7666   19.7266
    0.0000  -22.5000    0.000014715.0586   19.7450
    7.5000  -22.5000    0.000014172.0410   19.7528
   -7.5000  -15.0000    0.000015108.3623   19.6962
    0.0000  -15.0000    0.000015790.9824   19.7091
    7.5000  -15.0000    0.000015190.5596   19.7144
   -7.5000   -7.5000    0.000015987.1855   19.7047
    0.0000   -7.5000    0.000016548.2324   19.7102
    7.5000   -7.5000    0.000016059.8291   19.7130
   -7.5000    0.0000    0.000016638.1895   19.7308
    0.0000    0.0000    0.000017149.6562   19.7338
    7.5000    0.0000    0.000016749.1621   19.7358
   -7.5000    7.5000    0.000016272.1982   19.7475
    0.0000    7.5000    0.000016771.5918   19.7550
    7.5000    7.5000    0.000016354.7959   19.7598
   -7.5000   15.0000    0.000015619.1338   19.7392
    0.0000   15.0000    0.000016123.3613   19.7546
    7.5000   15.0000    0.000015654.2646   19.7627
   -7.5000   22.5000    0.000014751.5332   19.7050
    0.0000   22.5000    0.000015286.5410   19.7232
    7.5000   22.5000    0.000014758.3828   19.7310
   -7.5000   30.0000    0.000013732.5342   19.4413
    0.0000   30.0000    0.000014255.8096   19.4540
    7.5000   30.0000    0.000013722.0967   19.4592
   -7.5000   37.5000    0.000013096.0674   19.4497
    0.0000   37.5000    0.000013604.4199   19.4551
    7.5000   37.5000    0.000013056.3457   19.4579
   -7.5000   45.0000    0.000011920.6016   19.0182
    0.0000   45.0000    0.000012419.2148   19.0212
    7.5000   45.0000    0.000011903.6035   19.0230
   -7.5000  -45.0000    7.500010570.7236   19.9459
    0.0000  -45.0000    7.500011095.6162   19.9411
    7.5000  -45.0000    7.500010610.0684   19.9399
   -7.5000  -37.5000    7.500011309.8535   19.8784
    0.0000  -37.5000    7.500011887.9746   19.8779
    7.5000  -37.5000    7.500011372.9014   19.8772
   -7.5000  -30.0000    7.500012421.5078   19.8154
    0.0000  -30.0000    7.500013037.7314   19.8253
    7.5000  -30.0000    7.500012506.2480   19.8256
   -7.5000  -22.5000    7.500013465.6426   19.7568
    0.0000  -22.5000    7.500014098.8408   19.7718
    7.5000  -22.5000    7.500013586.7920   19.7711
   -7.5000  -15.0000    7.500014403.1240   19.7249
    0.0000  -15.0000    7.500015027.7100   19.7339
    7.5000  -15.0000    7.500014547.3174   19.7323
   -7.5000   -7.5000    7.500015282.5703   19.7257
    0.0000   -7.5000    7.500015837.5957   19.7241
    7.5000   -7.5000    7.500015417.8555   19.7220
   -7.5000    0.0000    7.500016063.7383   19.7448
    0.0000    0.0000    7.500016591.5352   19.7378
    7.5000    0.0000    7.500016206.7041   19.7350
   -7.5000    7.5000    7.500015763.0469   19.7633
    0.0000    7.5000    7.500016303.4951   19.7614
    7.5000    7.5000    7.500015863.0635   19.7599
   -7.5000   15.0000    7.500015145.4189   19.7635
    0.0000   15.0000    7.500015668.5596   19.7727
    7.5000   15.0000    7.500015139.3066   19.7728
   -7.5000   22.5000    7.500014264.4912   19.7352
    0.0000   22.5000    7.500014805.9834   19.7500
    7.5000   22.5000    7.500014247.2715   19.7493
   -7.5000   30.0000    7.500013197.7275   19.4696
    0.0000   30.0000    7.500013714.5391   19.4785
    7.5000   30.0000    7.500013179.8750   19.4769
   -7.5000   37.5000    7.500012528.2051   19.4704
    0.0000   37.5000    7.500013024.9590   19.4688
    7.5000   37.5000    7.500012496.7500   19.4667
   -7.5000   45.0000    7.500011384.1182   19.0317
    0.0000   45.0000    7.500011869.6689   19.0250
    7.5000   45.0000    7.500011377.3691   19.0223
   -7.5000  -45.0000   15.0000 9989.5107   19.9655
    0.0000  -45.0000   15.000010446.0986   19.9643
    7.5000  -45.0000   15.000010028.8506   19.9524
   -7.5000  -37.5000   15.000010692.3193   19.8979
    0.0000  -37.5000   15.000011198.3711   19.9014
    7.5000  -37.5000   15.000010762.0977   19.8894
   -7.5000  -30.0000   15.000011747.5166   19.8399
    0.0000  -30.0000   15.000012315.5869   19.8553
    7.5000  -30.0000   15.000011851.6865   19.8439
   -7.5000  -22.5000   15.000012730.6357   19.7854
    0.0000  -22.5000   15.000013357.3242   19.8068
    7.5000  -22.5000   15.000012894.6074   19.7954
   -7.5000  -15.0000   15.000013634.2314   19.7527
    0.0000  -15.0000   15.000014281.9863   19.7683
    7.5000  -15.0000   15.000013780.9570   19.7568
   -7.5000   -7.5000   15.000014502.5791   19.7491
    0.0000   -7.5000   15.000015144.2803   19.7525
    7.5000   -7.5000   15.000014592.5713   19.7404
   -7.5000    0.0000   15.000015243.8721   19.7640
    0.0000    0.0000   15.000015966.9912   19.7605
    7.5000    0.0000   15.000015327.8086   19.7472
   -7.5000    7.5000   15.000014952.7188   19.7831
    0.0000    7.5000   15.000015727.9092   19.7852
    7.5000    7.5000   15.000015022.8818   19.7725
   -7.5000   15.0000   15.000014385.4326   19.7884
    0.0000   15.0000   15.000015099.8398   19.8030
    7.5000   15.0000   15.000014407.8809   19.7915
   -7.5000   22.5000   15.000013557.5889   19.7637
    0.0000   22.5000   15.000014203.0234   19.7849
    7.5000   22.5000   15.000013588.4932   19.7735
   -7.5000   30.0000   15.000012541.7432   19.4971
    0.0000   30.0000   15.000013104.8975   19.5125
    7.5000   30.0000   15.000012557.9658   19.5011
   -7.5000   37.5000   15.000011895.8418   19.4935
    0.0000   37.5000   15.000012389.4062   19.4969
    7.5000   37.5000   15.000011883.1973   19.4849
   -7.5000   45.0000   15.000010808.3203   19.0502
    0.0000   45.0000   15.000011263.6875   19.0468
    7.5000   45.0000   15.000010813.8281   19.0340
   -7.5000  -45.0000   22.5000 9323.0254   20.0291
    0.0000  -45.0000   22.5000 9754.2012   20.0434
    7.5000  -45.0000   22.5000 9358.5215   20.0258
   -7.5000  -37.5000   22.500010003.7422   19.9573
    0.0000  -37.5000   22.500010493.4053   19.9763
    7.5000  -37.5000   22.500010040.3906   19.9602
   -7.5000  -30.0000   22.500011011.7275   19.8915
    0.0000  -30.0000   22.500011563.5830   19.9202
    7.5000  -30.0000   22.500011057.5967   19.9069
   -7.5000  -22.5000   22.500011989.2119   19.8335
    0.0000  -22.5000   22.500012608.8154   19.8663
    7.5000  -22.5000   22.500012056.7979   19.8536
   -7.5000  -15.0000   22.500012896.2510   19.8030
    0.0000  -15.0000   22.500013540.4629   19.8306
    7.5000  -15.0000   22.500012967.0518   19.8162
   -7.5000   -7.5000   22.500013699.9326   19.8057
    0.0000   -7.5000   22.500014338.9824   19.8230
    7.5000   -7.5000   22.500013747.4736   19.8056
   -7.5000    0.0000   22.500014360.2256   19.8250
    0.0000    0.0000   22.500015014.2666   19.8367
    7.5000    0.0000   22.500014433.6094   19.8178
   -7.5000    7.5000   22.500014020.2188   19.8410
    0.0000    7.5000   22.500014665.5908   19.8582
    7.5000    7.5000   22.500014119.1182   19.8416
   -7.5000   15.0000   22.500013491.5000   19.8396
    0.0000   15.0000   22.500014098.3418   19.8674
    7.5000   15.0000   22.500013553.9424   19.8540
   -7.5000   22.5000   22.500012756.1602   19.8117
    0.0000   22.5000   22.500013322.2139   19.8443
    7.5000   22.5000   22.500012817.6797   19.8317
   -7.5000   30.0000   22.500011823.4844   19.5467
    0.0000   30.0000   22.500012352.1484   19.5739
    7.5000   30.0000   22.500011855.7402   19.5597
   -7.5000   37.5000   22.500011240.4238   19.5494
    0.0000   37.5000   22.500011719.2188   19.5665
    7.5000   37.5000   22.500011233.7314   19.5493
   -7.5000   45.0000   22.500010216.1309   19.1090
    0.0000   45.0000   22.500010669.1943   19.1203
    7.5000   45.0000   22.500010217.4180   19.1021
   -7.5000  -45.0000   30.0000 8595.5059   20.1215
    0.0000  -45.0000   30.0000 8985.8027   20.1475
    7.5000  -45.0000   30.0000 8626.6230   20.1350
   -7.5000  -37.5000   30.0000 9233.7002   20.0474
    0.0000  -37.5000   30.0000 9667.6562   20.0776
    7.5000  -37.5000   30.0000 9253.9805   20.0685
   -7.5000  -30.0000   30.000010190.3506   19.9739
    0.0000  -30.0000   30.000010678.4453   20.0106
    7.5000  -30.0000   30.000010211.0723   20.0062
   -7.5000  -22.5000   30.000011128.2070   19.9105
    0.0000  -22.5000   30.000011676.2881   19.9487
    7.5000  -22.5000   30.000011149.5264   19.9452
   -7.5000  -15.0000   30.000011966.3193   19.8813
    0.0000  -15.0000   30.000012545.3877   19.9144
    7.5000  -15.0000   30.000011977.5156   19.9073
   -7.5000   -7.5000   30.000012690.9297   19.8898
    0.0000   -7.5000   30.000013298.0723   19.9157
    7.5000   -7.5000   30.000012716.9502   19.9036
   -7.5000    0.0000   30.000013303.7334   19.9144
    0.0000    0.0000   30.000013938.7129   19.9376
    7.5000    0.0000   30.000013379.7803   19.9237
   -7.5000    7.5000   30.000012946.7227   19.9288
    0.0000    7.5000   30.000013577.8174   19.9572
    7.5000    7.5000   30.000013048.6914   19.9473
   -7.5000   15.0000   30.000012452.6729   19.9208
    0.0000   15.0000   30.000013027.8516   19.9566
    7.5000   15.0000   30.000012520.1289   19.9521
   -7.5000   22.5000   30.000011825.9004   19.8887
    0.0000   22.5000   30.000012344.6836   19.9266
    7.5000   22.5000   30.000011869.1807   19.9231
   -7.5000   30.0000   30.000010973.8916   19.6240
    0.0000   30.0000   30.000011456.0459   19.6567
    7.5000   30.0000   30.000011006.6660   19.6496
   -7.5000   37.5000   30.000010439.6396   19.6324
    0.0000   37.5000   30.000010893.0918   19.6579
    7.5000   37.5000   30.000010437.4082   19.6460
   -7.5000   45.0000   30.0000 9497.5605   19.1952
    0.0000   45.0000   30.0000 9924.3604   19.2175
    7.5000   45.0000   30.0000 9500.2285   19.2041
   -7.5000  -45.0000   37.5000 8181.3887   20.4004
    0.0000  -45.0000   37.5000 8530.3672   20.4199
    7.5000  -45.0000   37.5000 8199.3135   20.4177
   -7.5000  -37.5000   37.5000 8779.9551   20.3266
    0.0000  -37.5000   37.5000 9173.8066   20.3501
    7.5000  -37.5000   37.5000 8786.0361   20.3513
   -7.5000  -30.0000   37.5000 9688.7773   20.2489
    0.0000  -30.0000   37.500010143.3564   20.2782
    7.5000  -30.0000   37.5000 9692.7949   20.2843
   -7.5000  -22.5000   37.500010577.8467   20.1800
    0.0000  -22.5000   37.500011100.8281   20.2098
    7.5000  -22.5000   37.500010591.9590   20.2164
   -7.5000  -15.0000   37.500011387.2520   20.1487
    0.0000  -15.0000   37.500011920.8594   20.1729
    7.5000  -15.0000   37.500011392.1943   20.1757
   -7.5000   -7.5000   37.500012075.2754   20.1594
    0.0000   -7.5000   37.500012639.2861   20.1774
    7.5000   -7.5000   37.500012099.6924   20.1752
   -7.5000    0.0000   37.500012675.4580   20.1880
    0.0000    0.0000   37.500013270.9902   20.2046
    7.5000    0.0000   37.500012734.0391   20.2008
   -7.5000    7.5000   37.500012342.1982   20.2044
    0.0000    7.5000   37.500012938.6064   20.2259
    7.5000    7.5000   37.500012429.2168   20.2264
   -7.5000   15.0000   37.500011879.0918   20.1939
    0.0000   15.0000   37.500012425.7461   20.2222
    7.5000   15.0000   37.500011950.5381   20.2281
   -7.5000   22.5000   37.500011276.6992   20.1576
    0.0000   22.5000   37.500011789.2275   20.1872
    7.5000   22.5000   37.500011347.6025   20.1938
   -7.5000   30.0000   37.500010491.8809   19.8879
    0.0000   30.0000   37.500010956.3672   19.9118
    7.5000   30.0000   37.500010531.9814   19.9145
   -7.5000   37.5000   37.5000 9977.3906   19.8985
    0.0000   37.5000   37.500010424.3672   19.9163
    7.5000   37.5000   37.5000 9995.1016   19.9141
   -7.5000   45.0000   37.5000 9077.7764   19.4589
    0.0000   45.0000   37.5000 9494.4316   19.4749
    7.5000   45.0000   37.5000 9118.7803   19.4712
   -7.5000  -45.0000   45.0000 7355.9204   20.7802
    0.0000  -45.0000   45.0000 7670.1753   20.7852
    7.5000  -45.0000   45.0000 7386.1289   20.7894
   -7.5000  -37.5000   45.0000 7908.7563   20.7048
    0.0000  -37.5000   45.0000 8261.6475   20.7135
    7.5000  -37.5000   45.0000 7932.4385   20.7194
   -7.5000  -30.0000   45.0000 8748.3486   20.6263
    0.0000  -30.0000   45.0000 9161.1748   20.6423
    7.5000  -30.0000   45.0000 8778.2568   20.6512
   -7.5000  -22.5000   45.0000 9570.8408   20.5556
    0.0000  -22.5000   45.000010028.3447   20.5739
    7.5000  -22.5000   45.0000 9593.9082   20.5824
   -7.5000  -15.0000   45.000010313.1572   20.5226
    0.0000  -15.0000   45.000010781.3066   20.5351
    7.5000  -15.0000   45.000010331.7686   20.5412
   -7.5000   -7.5000   45.000010929.5586   20.5318
    0.0000   -7.5000   45.000011431.0225   20.5366
    7.5000   -7.5000   45.000010978.8799   20.5402
   -7.5000    0.0000   45.000011471.1357   20.5599
    0.0000    0.0000   45.000012018.0342   20.5622
    7.5000    0.0000   45.000011551.3760   20.5645
   -7.5000    7.5000   45.000011185.6230   20.5778
    0.0000    7.5000   45.000011712.7559   20.5848
    7.5000    7.5000   45.000011272.4902   20.5898
   -7.5000   15.0000   45.000010796.6602   20.5690
    0.0000   15.0000   45.000011299.3584   20.5841
    7.5000   15.0000   45.000010874.6191   20.5927
   -7.5000   22.5000   45.000010276.4893   20.5324
    0.0000   22.5000   45.000010744.2324   20.5504
    7.5000   22.5000   45.000010347.0557   20.5589
   -7.5000   30.0000   45.0000 9566.3320   20.2553
    0.0000   30.0000   45.0000 9999.0146   20.2675
    7.5000   30.0000   45.0000 9622.9639   20.2736
   -7.5000   37.5000   45.0000 9089.2979   20.2643
    0.0000   37.5000   45.0000 9511.1768   20.2691
    7.5000   37.5000   45.0000 9137.6494   20.2726
   -7.5000   45.0000   45.0000 8295.5225   19.8263
    0.0000   45.0000   45.0000 8683.1572   19.8286
    7.5000   45.0000   45.0000 8348.4941   19.8308

---------------------------------------------------------------------
imgreg_4dfp /opt/freesurfer/average/711-2C_as_mni_average_305 /opt/freesurfer/average/711-2B_as_mni_average_305_mask talsrcimg_g11 none talsrcimg_to_711-2C_as_mni_average_305_t4 4355
---------------------------------------------------------------------

freesurfer imgreg_4dfp.c
/opt/freesurfer/average/711-2C_as_mni_average_305.4dfp.img
       256       256       256         1
  1.000000  1.000000  1.000000
orientation T byte_order littleendian
Reading image: /opt/freesurfer/average/711-2C_as_mni_average_305.4dfp.img
dimensions:      256       256       256
mmppix:       1.0000   -1.0000   -1.0000
center:     128.0000 -129.0000 -129.0000
/opt/freesurfer/average/711-2B_as_mni_average_305_mask.4dfp.img
       256       256       256         1
  1.000000  1.000000  1.000000
orientation T byte_order littleendian
Reading mask: /opt/freesurfer/average/711-2B_as_mni_average_305_mask.4dfp.img (2306576 pixels)
talsrcimg_g11.4dfp.img
       256       256       256         1
  1.000000  1.000000  1.000000
orientation T byte_order littleendian
Reading image: talsrcimg_g11.4dfp.img
dimensions:      256       256       256
mmppix:       1.0000   -1.0000   -1.0000
center:     128.0000 -129.0000 -129.0000
rotation matrix determinant  1.000000
image alignment mode   4355 decimal     1103 hex
   -7.5000  -45.0000  -45.0000 2062.7412   19.4988
    0.0000  -45.0000  -45.0000 2081.1445   19.3538
    7.5000  -45.0000  -45.0000 2057.9075   19.5110
   -7.5000  -37.5000  -45.0000 2173.7515   17.6748
    0.0000  -37.5000  -45.0000 2193.8647   17.5604
    7.5000  -37.5000  -45.0000 2171.0005   17.6619
   -7.5000  -30.0000  -45.0000 2263.0671   16.2073
    0.0000  -30.0000  -45.0000 2279.8909   16.0861
    7.5000  -30.0000  -45.0000 2261.3992   16.1785
   -7.5000  -22.5000  -45.0000 2328.8186   15.1237
    0.0000  -22.5000  -45.0000 2344.8921   15.0178
    7.5000  -22.5000  -45.0000 2327.0186   15.0846
   -7.5000  -15.0000  -45.0000 2355.7773   14.4688
    0.0000  -15.0000  -45.0000 2375.8696   14.3983
    7.5000  -15.0000  -45.0000 2360.6936   14.4506
   -7.5000   -7.5000  -45.0000 2374.8813   14.1722
    0.0000   -7.5000  -45.0000 2397.7407   14.1042
    7.5000   -7.5000  -45.0000 2382.3225   14.1531
   -7.5000    0.0000  -45.0000 2374.1045   14.2217
    0.0000    0.0000  -45.0000 2399.5293   14.1182
    7.5000    0.0000  -45.0000 2383.8281   14.1757
   -7.5000    7.5000  -45.0000 2358.8589   14.4073
    0.0000    7.5000  -45.0000 2383.1250   14.2833
    7.5000    7.5000  -45.0000 2370.8882   14.3424
   -7.5000   15.0000  -45.0000 2330.3120   14.8554
    0.0000   15.0000  -45.0000 2356.3191   14.7234
    7.5000   15.0000  -45.0000 2342.9670   14.8180
   -7.5000   22.5000  -45.0000 2288.9583   15.5594
    0.0000   22.5000  -45.0000 2311.8579   15.4338
    7.5000   22.5000  -45.0000 2302.8828   15.5259
   -7.5000   30.0000  -45.0000 2221.7637   16.6333
    0.0000   30.0000  -45.0000 2245.2693   16.4560
    7.5000   30.0000  -45.0000 2234.1609   16.5453
   -7.5000   37.5000  -45.0000 2132.7815   18.0944
    0.0000   37.5000  -45.0000 2153.3403   17.8830
    7.5000   37.5000  -45.0000 2139.5762   18.0062
   -7.5000   45.0000  -45.0000 2026.2438   20.0620
    0.0000   45.0000  -45.0000 2043.6915   19.7966
    7.5000   45.0000  -45.0000 2029.3693   19.9032
   -7.5000  -45.0000  -37.5000 2132.7612   18.2961
    0.0000  -45.0000  -37.5000 2150.8386   18.1975
    7.5000  -45.0000  -37.5000 2133.9851   18.3028
   -7.5000  -37.5000  -37.5000 2247.1577   16.5627
    0.0000  -37.5000  -37.5000 2263.0193   16.4663
    7.5000  -37.5000  -37.5000 2248.1069   16.5405
   -7.5000  -30.0000  -37.5000 2337.6077   15.1135
    0.0000  -30.0000  -37.5000 2356.0063   15.0360
    7.5000  -30.0000  -37.5000 2337.8359   15.1034
   -7.5000  -22.5000  -37.5000 2410.0051   14.0806
    0.0000  -22.5000  -37.5000 2429.5764   13.9974
    7.5000  -22.5000  -37.5000 2410.8828   14.0535
   -7.5000  -15.0000  -37.5000 2447.2700   13.4348
    0.0000  -15.0000  -37.5000 2471.7217   13.3461
    7.5000  -15.0000  -37.5000 2453.8696   13.3898
   -7.5000   -7.5000  -37.5000 2474.9399   13.1258
    0.0000   -7.5000  -37.5000 2503.9070   13.0395
    7.5000   -7.5000  -37.5000 2481.5535   13.0889
   -7.5000    0.0000  -37.5000 2479.3438   13.1640
    0.0000    0.0000  -37.5000 2506.0688   13.0742
    7.5000    0.0000  -37.5000 2486.7192   13.1029
   -7.5000    7.5000  -37.5000 2466.9680   13.3822
    0.0000    7.5000  -37.5000 2496.5422   13.2978
    7.5000    7.5000  -37.5000 2477.7373   13.3333
   -7.5000   15.0000  -37.5000 2439.1279   13.8358
    0.0000   15.0000  -37.5000 2470.4241   13.7194
    7.5000   15.0000  -37.5000 2449.4709   13.7872
   -7.5000   22.5000  -37.5000 2390.1150   14.4827
    0.0000   22.5000  -37.5000 2420.2156   14.3511
    7.5000   22.5000  -37.5000 2403.1318   14.4223
   -7.5000   30.0000  -37.5000 2317.8013   15.4307
    0.0000   30.0000  -37.5000 2341.8547   15.2936
    7.5000   30.0000  -37.5000 2326.7710   15.3618
   -7.5000   37.5000  -37.5000 2220.2231   16.7539
    0.0000   37.5000  -37.5000 2242.5237   16.5864
    7.5000   37.5000  -37.5000 2225.6279   16.7042
   -7.5000   45.0000  -37.5000 2103.5732   18.5637
    0.0000   45.0000  -37.5000 2122.8152   18.3259
    7.5000   45.0000  -37.5000 2111.0908   18.4467
   -7.5000  -45.0000  -30.0000 2232.7834   17.9289
    0.0000  -45.0000  -30.0000 2250.9314   17.8129
    7.5000  -45.0000  -30.0000 2235.2161   17.9243
   -7.5000  -37.5000  -30.0000 2351.3000   16.1660
    0.0000  -37.5000  -30.0000 2372.1472   16.0684
    7.5000  -37.5000  -30.0000 2353.9590   16.1460
   -7.5000  -30.0000  -30.0000 2446.3918   14.7300
    0.0000  -30.0000  -30.0000 2464.0298   14.6536
    7.5000  -30.0000  -30.0000 2449.3232   14.7329
   -7.5000  -22.5000  -30.0000 2528.2507   13.6786
    0.0000  -22.5000  -30.0000 2551.4644   13.6030
    7.5000  -22.5000  -30.0000 2531.5146   13.6566
   -7.5000  -15.0000  -30.0000 2583.7139   12.9593
    0.0000  -15.0000  -30.0000 2606.0339   12.8733
    7.5000  -15.0000  -30.0000 2590.5371   12.9248
   -7.5000   -7.5000  -30.0000 2621.4937   12.6292
    0.0000   -7.5000  -30.0000 2647.3943   12.5300
    7.5000   -7.5000  -30.0000 2628.5696   12.6008
   -7.5000    0.0000  -30.0000 2631.6729   12.6342
    0.0000    0.0000  -30.0000 2661.9910   12.5413
    7.5000    0.0000  -30.0000 2641.3030   12.5734
   -7.5000    7.5000  -30.0000 2622.6335   12.8796
    0.0000    7.5000  -30.0000 2657.4800   12.7941
    7.5000    7.5000  -30.0000 2631.2881   12.8296
   -7.5000   15.0000  -30.0000 2591.3411   13.3648
    0.0000   15.0000  -30.0000 2628.0544   13.2790
    7.5000   15.0000  -30.0000 2603.3479   13.2895
   -7.5000   22.5000  -30.0000 2539.4011   13.9928
    0.0000   22.5000  -30.0000 2570.8672   13.8919
    7.5000   22.5000  -30.0000 2551.3086   13.9389
   -7.5000   30.0000  -30.0000 2456.6328   14.8969
    0.0000   30.0000  -30.0000 2482.1140   14.7675
    7.5000   30.0000  -30.0000 2466.5969   14.8479
   -7.5000   37.5000  -30.0000 2346.1458   16.1977
    0.0000   37.5000  -30.0000 2367.9417   16.0577
    7.5000   37.5000  -30.0000 2354.7336   16.1284
   -7.5000   45.0000  -30.0000 2215.3943   17.9397
    0.0000   45.0000  -30.0000 2237.2021   17.7707
    7.5000   45.0000  -30.0000 2223.9236   17.8462
   -7.5000  -45.0000  -22.5000 2301.8960   17.4561
    0.0000  -45.0000  -22.5000 2315.3293   17.3621
    7.5000  -45.0000  -22.5000 2301.2629   17.5178
   -7.5000  -37.5000  -22.5000 2419.6919   15.7070
    0.0000  -37.5000  -22.5000 2439.5071   15.6063
    7.5000  -37.5000  -22.5000 2423.7085   15.7638
   -7.5000  -30.0000  -22.5000 2519.6035   14.3055
    0.0000  -30.0000  -22.5000 2541.2771   14.2158
    7.5000  -30.0000  -22.5000 2521.7698   14.3238
   -7.5000  -22.5000  -22.5000 2609.1812   13.2184
    0.0000  -22.5000  -22.5000 2635.1011   13.1479
    7.5000  -22.5000  -22.5000 2618.6006   13.2275
   -7.5000  -15.0000  -22.5000 2684.2500   12.4721
    0.0000  -15.0000  -22.5000 2706.1436   12.3966
    7.5000  -15.0000  -22.5000 2694.2275   12.4767
   -7.5000   -7.5000  -22.5000 2729.3391   12.1108
    0.0000   -7.5000  -22.5000 2758.0613   12.0111
    7.5000   -7.5000  -22.5000 2743.4065   12.0962
   -7.5000    0.0000  -22.5000 2747.9194   12.0645
    0.0000    0.0000  -22.5000 2777.5378   11.9881
    7.5000    0.0000  -22.5000 2760.1672   12.0560
   -7.5000    7.5000  -22.5000 2746.5383   12.3452
    0.0000    7.5000  -22.5000 2785.3457   12.2628
    7.5000    7.5000  -22.5000 2754.7715   12.3213
   -7.5000   15.0000  -22.5000 2718.1831   12.8009
    0.0000   15.0000  -22.5000 2756.3989   12.7503
    7.5000   15.0000  -22.5000 2726.7615   12.7779
   -7.5000   22.5000  -22.5000 2652.5042   13.4580
    0.0000   22.5000  -22.5000 2687.0903   13.3650
    7.5000   22.5000  -22.5000 2665.8638   13.4105
   -7.5000   30.0000  -22.5000 2559.4771   14.3478
    0.0000   30.0000  -22.5000 2590.2590   14.2474
    7.5000   30.0000  -22.5000 2570.1287   14.2992
   -7.5000   37.5000  -22.5000 2439.1560   15.6025
    0.0000   37.5000  -22.5000 2466.4788   15.4950
    7.5000   37.5000  -22.5000 2449.6895   15.5456
   -7.5000   45.0000  -22.5000 2303.0635   17.2870
    0.0000   45.0000  -22.5000 2329.4041   17.1713
    7.5000   45.0000  -22.5000 2314.3887   17.2075
   -7.5000  -45.0000  -15.0000 2327.8281   17.0016
    0.0000  -45.0000  -15.0000 2344.9587   16.9467
    7.5000  -45.0000  -15.0000 2328.7563   17.1298
   -7.5000  -37.5000  -15.0000 2451.7920   15.3042
    0.0000  -37.5000  -15.0000 2469.6699   15.2031
    7.5000  -37.5000  -15.0000 2452.6343   15.3976
   -7.5000  -30.0000  -15.0000 2560.5676   13.9113
    0.0000  -30.0000  -15.0000 2584.9333   13.8166
    7.5000  -30.0000  -15.0000 2564.2871   13.9821
   -7.5000  -22.5000  -15.0000 2659.0840   12.8342
    0.0000  -22.5000  -15.0000 2684.1724   12.7271
    7.5000  -22.5000  -15.0000 2670.6819   12.8917
   -7.5000  -15.0000  -15.0000 2746.3911   12.0684
    0.0000  -15.0000  -15.0000 2774.8416   11.9557
    7.5000  -15.0000  -15.0000 2759.2812   12.1121
   -7.5000   -7.5000  -15.0000 2805.2734   11.6705
    0.0000   -7.5000  -15.0000 2841.9172   11.5554
    7.5000   -7.5000  -15.0000 2819.8420   11.6739
   -7.5000    0.0000  -15.0000 2839.5847   11.5772
    0.0000    0.0000  -15.0000 2874.6567   11.4785
    7.5000    0.0000  -15.0000 2851.8105   11.6153
   -7.5000    7.5000  -15.0000 2842.8191   11.8742
    0.0000    7.5000  -15.0000 2880.1714   11.7657
    7.5000    7.5000  -15.0000 2848.6404   11.8880
   -7.5000   15.0000  -15.0000 2805.3689   12.3561
    0.0000   15.0000  -15.0000 2840.8704   12.2474
    7.5000   15.0000  -15.0000 2811.3882   12.3522
   -7.5000   22.5000  -15.0000 2730.6663   12.9868
    0.0000   22.5000  -15.0000 2766.2354   12.8838
    7.5000   22.5000  -15.0000 2741.6379   12.9514
   -7.5000   30.0000  -15.0000 2624.5518   13.8534
    0.0000   30.0000  -15.0000 2657.4575   13.7612
    7.5000   30.0000  -15.0000 2635.3215   13.8079
   -7.5000   37.5000  -15.0000 2497.2659   15.0870
    0.0000   37.5000  -15.0000 2523.1270   14.9961
    7.5000   37.5000  -15.0000 2506.6646   15.0315
   -7.5000   45.0000  -15.0000 2354.8701   16.7198
    0.0000   45.0000  -15.0000 2383.1819   16.6114
    7.5000   45.0000  -15.0000 2371.7983   16.6518
   -7.5000  -45.0000   -7.5000 2333.3298   16.6565
    0.0000  -45.0000   -7.5000 2350.5527   16.5934
    7.5000  -45.0000   -7.5000 2335.8770   16.8389
   -7.5000  -37.5000   -7.5000 2460.5378   14.9821
    0.0000  -37.5000   -7.5000 2481.4414   14.8474
    7.5000  -37.5000   -7.5000 2462.6621   15.1047
   -7.5000  -30.0000   -7.5000 2577.3735   13.5908
    0.0000  -30.0000   -7.5000 2603.7688   13.4531
    7.5000  -30.0000   -7.5000 2582.2842   13.7093
   -7.5000  -22.5000   -7.5000 2682.4629   12.5177
    0.0000  -22.5000   -7.5000 2712.7144   12.3642
    7.5000  -22.5000   -7.5000 2694.4951   12.6104
   -7.5000  -15.0000   -7.5000 2785.0134   11.7781
    0.0000  -15.0000   -7.5000 2819.3267   11.6106
    7.5000  -15.0000   -7.5000 2795.5676   11.8255
   -7.5000   -7.5000   -7.5000 2857.8101   11.3757
    0.0000   -7.5000   -7.5000 2903.8979   11.2036
    7.5000   -7.5000   -7.5000 2870.5525   11.3949
   -7.5000    0.0000   -7.5000 2904.4824   11.2299
    0.0000    0.0000   -7.5000 2951.2214   11.0318
    7.5000    0.0000   -7.5000 2916.6216   11.2637
   -7.5000    7.5000   -7.5000 2909.9214   11.4833
    0.0000    7.5000   -7.5000 2948.7866   11.2927
    7.5000    7.5000   -7.5000 2918.8694   11.4953
   -7.5000   15.0000   -7.5000 2853.9514   11.9866
    0.0000   15.0000   -7.5000 2889.0991   11.8246
    7.5000   15.0000   -7.5000 2864.7087   11.9683
   -7.5000   22.5000   -7.5000 2767.9839   12.6161
    0.0000   22.5000   -7.5000 2803.4329   12.5028
    7.5000   22.5000   -7.5000 2779.4370   12.6140
   -7.5000   30.0000   -7.5000 2656.9756   13.4813
    0.0000   30.0000   -7.5000 2688.4880   13.3550
    7.5000   30.0000   -7.5000 2670.5000   13.4476
   -7.5000   37.5000   -7.5000 2526.1145   14.6718
    0.0000   37.5000   -7.5000 2554.0002   14.5558
    7.5000   37.5000   -7.5000 2535.2935   14.6264
   -7.5000   45.0000   -7.5000 2383.8342   16.2450
    0.0000   45.0000   -7.5000 2412.9983   16.1137
    7.5000   45.0000   -7.5000 2395.0024   16.1919
   -7.5000  -45.0000    0.0000 2323.7034   16.6168
    0.0000  -45.0000    0.0000 2341.2480   16.4611
    7.5000  -45.0000    0.0000 2324.9854   16.7876
   -7.5000  -37.5000    0.0000 2447.6956   14.8717
    0.0000  -37.5000    0.0000 2468.2593   14.6957
    7.5000  -37.5000    0.0000 2451.2720   15.0299
   -7.5000  -30.0000    0.0000 2569.7053   13.4977
    0.0000  -30.0000    0.0000 2596.4307   13.2954
    7.5000  -30.0000    0.0000 2572.9895   13.6193
   -7.5000  -22.5000    0.0000 2682.3127   12.4366
    0.0000  -22.5000    0.0000 2715.1790   12.2204
    7.5000  -22.5000    0.0000 2692.0039   12.5293
   -7.5000  -15.0000    0.0000 2793.3477   11.7010
    0.0000  -15.0000    0.0000 2832.1331   11.4621
    7.5000  -15.0000    0.0000 2802.7700   11.7446
   -7.5000   -7.5000    0.0000 2883.3118   11.2725
    0.0000   -7.5000    0.0000 2928.9827   11.0316
    7.5000   -7.5000    0.0000 2889.0801   11.2875
   -7.5000    0.0000    0.0000 2936.5996   11.0780
    0.0000    0.0000    0.0000 2984.2244   10.7753
    7.5000    0.0000    0.0000 2942.8359   11.1063
   -7.5000    7.5000    0.0000 2939.1040   11.2994
    0.0000    7.5000    0.0000 2974.6660   11.0316
    7.5000    7.5000    0.0000 2944.9131   11.3290
   -7.5000   15.0000    0.0000 2872.9121   11.7963
    0.0000   15.0000    0.0000 2903.3889   11.5876
    7.5000   15.0000    0.0000 2884.6467   11.7895
   -7.5000   22.5000    0.0000 2776.7197   12.4527
    0.0000   22.5000    0.0000 2811.8906   12.2560
    7.5000   22.5000    0.0000 2790.5398   12.4338
   -7.5000   30.0000    0.0000 2659.3052   13.3407
    0.0000   30.0000    0.0000 2689.4062   13.1552
    7.5000   30.0000    0.0000 2670.4631   13.2992
   -7.5000   37.5000    0.0000 2527.0886   14.5343
    0.0000   37.5000    0.0000 2556.1614   14.3595
    7.5000   37.5000    0.0000 2537.0938   14.4697
   -7.5000   45.0000    0.0000 2384.7014   16.0741
    0.0000   45.0000    0.0000 2413.4233   15.8962
    7.5000   45.0000    0.0000 2396.1436   15.9991
   -7.5000  -45.0000    7.5000 2302.0854   16.8464
    0.0000  -45.0000    7.5000 2321.4353   16.7075
    7.5000  -45.0000    7.5000 2297.8882   16.9956
   -7.5000  -37.5000    7.5000 2424.9929   15.0625
    0.0000  -37.5000    7.5000 2446.7773   14.9093
    7.5000  -37.5000    7.5000 2423.2830   15.1805
   -7.5000  -30.0000    7.5000 2544.8660   13.6622
    0.0000  -30.0000    7.5000 2569.3430   13.4613
    7.5000  -30.0000    7.5000 2545.6484   13.7444
   -7.5000  -22.5000    7.5000 2659.3733   12.5781
    0.0000  -22.5000    7.5000 2691.5474   12.3611
    7.5000  -22.5000    7.5000 2666.1482   12.6560
   -7.5000  -15.0000    7.5000 2763.7771   11.8184
    0.0000  -15.0000    7.5000 2798.1606   11.5826
    7.5000  -15.0000    7.5000 2775.1968   11.8710
   -7.5000   -7.5000    7.5000 2857.9302   11.3713
    0.0000   -7.5000    7.5000 2897.9106   11.0924
    7.5000   -7.5000    7.5000 2869.0215   11.4033
   -7.5000    0.0000    7.5000 2917.6104   11.2391
    0.0000    0.0000    7.5000 2954.9321   10.9751
    7.5000    0.0000    7.5000 2926.7510   11.2473
   -7.5000    7.5000    7.5000 2918.1899   11.4466
    0.0000    7.5000    7.5000 2960.9172   11.2264
    7.5000    7.5000    7.5000 2928.5955   11.4424
   -7.5000   15.0000    7.5000 2859.5208   11.8503
    0.0000   15.0000    7.5000 2898.3047   11.6637
    7.5000   15.0000    7.5000 2868.3423   11.8330
   -7.5000   22.5000    7.5000 2761.9360   12.4805
    0.0000   22.5000    7.5000 2798.3938   12.3018
    7.5000   22.5000    7.5000 2775.1182   12.4503
   -7.5000   30.0000    7.5000 2642.3655   13.3862
    0.0000   30.0000    7.5000 2669.3467   13.2029
    7.5000   30.0000    7.5000 2651.8066   13.3191
   -7.5000   37.5000    7.5000 2509.4468   14.5586
    0.0000   37.5000    7.5000 2535.2014   14.3935
    7.5000   37.5000    7.5000 2521.2974   14.4658
   -7.5000   45.0000    7.5000 2365.9211   16.0546
    0.0000   45.0000    7.5000 2393.1250   15.9025
    7.5000   45.0000    7.5000 2380.2781   15.9588
   -7.5000  -45.0000   15.0000 2268.1697   17.3420
    0.0000  -45.0000   15.0000 2287.4355   17.1528
    7.5000  -45.0000   15.0000 2263.3218   17.4878
   -7.5000  -37.5000   15.0000 2390.2671   15.5070
    0.0000  -37.5000   15.0000 2410.6631   15.3133
    7.5000  -37.5000   15.0000 2390.4814   15.6157
   -7.5000  -30.0000   15.0000 2502.6548   14.0722
    0.0000  -30.0000   15.0000 2528.0137   13.8899
    7.5000  -30.0000   15.0000 2507.5935   14.1634
   -7.5000  -22.5000   15.0000 2611.9736   12.9710
    0.0000  -22.5000   15.0000 2642.9517   12.8010
    7.5000  -22.5000   15.0000 2626.3835   13.0556
   -7.5000  -15.0000   15.0000 2710.6753   12.2026
    0.0000  -15.0000   15.0000 2743.8552   12.0332
    7.5000  -15.0000   15.0000 2726.6821   12.2550
   -7.5000   -7.5000   15.0000 2801.5942   11.7774
    0.0000   -7.5000   15.0000 2832.3308   11.5664
    7.5000   -7.5000   15.0000 2809.2183   11.7777
   -7.5000    0.0000   15.0000 2845.1628   11.6112
    0.0000    0.0000   15.0000 2876.5725   11.4550
    7.5000    0.0000   15.0000 2855.8386   11.6049
   -7.5000    7.5000   15.0000 2844.6948   11.7798
    0.0000    7.5000   15.0000 2882.4692   11.6742
    7.5000    7.5000   15.0000 2858.3459   11.7622
   -7.5000   15.0000   15.0000 2799.8589   12.1936
    0.0000   15.0000   15.0000 2831.3257   12.0815
    7.5000   15.0000   15.0000 2807.7908   12.1594
   -7.5000   22.5000   15.0000 2717.0732   12.7971
    0.0000   22.5000   15.0000 2746.3428   12.6764
    7.5000   22.5000   15.0000 2724.0691   12.7663
   -7.5000   30.0000   15.0000 2605.5842   13.6377
    0.0000   30.0000   15.0000 2634.5051   13.4798
    7.5000   30.0000   15.0000 2611.7048   13.5699
   -7.5000   37.5000   15.0000 2475.9343   14.7510
    0.0000   37.5000   15.0000 2504.1379   14.5705
    7.5000   37.5000   15.0000 2488.3547   14.6547
   -7.5000   45.0000   15.0000 2337.3301   16.1954
    0.0000   45.0000   15.0000 2362.9417   15.9943
    7.5000   45.0000   15.0000 2353.5144   16.0725
   -7.5000  -45.0000   22.5000 2224.7297   18.0821
    0.0000  -45.0000   22.5000 2238.5156   17.8846
    7.5000  -45.0000   22.5000 2223.3120   18.2355
   -7.5000  -37.5000   22.5000 2347.8486   16.1872
    0.0000  -37.5000   22.5000 2363.9087   16.0450
    7.5000  -37.5000   22.5000 2344.3625   16.3186
   -7.5000  -30.0000   22.5000 2459.5647   14.7311
    0.0000  -30.0000   22.5000 2480.0854   14.6020
    7.5000  -30.0000   22.5000 2456.6533   14.8261
   -7.5000  -22.5000   22.5000 2561.6216   13.6152
    0.0000  -22.5000   22.5000 2589.5476   13.5046
    7.5000  -22.5000   22.5000 2566.1499   13.7005
   -7.5000  -15.0000   22.5000 2650.9465   12.8494
    0.0000  -15.0000   22.5000 2686.6479   12.6992
    7.5000  -15.0000   22.5000 2662.2493   12.9004
   -7.5000   -7.5000   22.5000 2724.8896   12.3693
    0.0000   -7.5000   22.5000 2757.8337   12.2000
    7.5000   -7.5000   22.5000 2734.7991   12.3866
   -7.5000    0.0000   22.5000 2757.2512   12.1967
    0.0000    0.0000   22.5000 2783.4524   12.0312
    7.5000    0.0000   22.5000 2771.3154   12.2042
   -7.5000    7.5000   22.5000 2750.8660   12.3346
    0.0000    7.5000   22.5000 2782.3176   12.1814
    7.5000    7.5000   22.5000 2767.1689   12.3275
   -7.5000   15.0000   22.5000 2713.0549   12.7225
    0.0000   15.0000   22.5000 2741.7449   12.5708
    7.5000   15.0000   22.5000 2722.5344   12.7056
   -7.5000   22.5000   22.5000 2639.3152   13.3319
    0.0000   22.5000   22.5000 2666.7400   13.1713
    7.5000   22.5000   22.5000 2646.5598   13.3043
   -7.5000   30.0000   22.5000 2539.9456   14.1569
    0.0000   30.0000   22.5000 2566.9597   13.9966
    7.5000   30.0000   22.5000 2545.4431   14.0926
   -7.5000   37.5000   22.5000 2425.7717   15.2222
    0.0000   37.5000   22.5000 2445.8308   15.0765
    7.5000   37.5000   22.5000 2433.1904   15.1466
   -7.5000   45.0000   22.5000 2295.0903   16.6098
    0.0000   45.0000   22.5000 2318.2241   16.4545
    7.5000   45.0000   22.5000 2304.0310   16.5469
   -7.5000  -45.0000   30.0000 2170.3611   19.1146
    0.0000  -45.0000   30.0000 2183.8518   18.9589
    7.5000  -45.0000   30.0000 2170.0181   19.2900
   -7.5000  -37.5000   30.0000 2289.1370   17.1797
    0.0000  -37.5000   30.0000 2304.8555   17.0577
    7.5000  -37.5000   30.0000 2283.5442   17.2987
   -7.5000  -30.0000   30.0000 2394.0891   15.6916
    0.0000  -30.0000   30.0000 2418.1375   15.5677
    7.5000  -30.0000   30.0000 2392.1401   15.7792
   -7.5000  -22.5000   30.0000 2491.1289   14.5409
    0.0000  -22.5000   30.0000 2521.1646   14.4178
    7.5000  -22.5000   30.0000 2495.9023   14.6048
   -7.5000  -15.0000   30.0000 2576.4041   13.7008
    0.0000  -15.0000   30.0000 2609.2534   13.5688
    7.5000  -15.0000   30.0000 2581.8547   13.7528
   -7.5000   -7.5000   30.0000 2639.4480   13.1831
    0.0000   -7.5000   30.0000 2666.5676   13.0633
    7.5000   -7.5000   30.0000 2646.7620   13.2247
   -7.5000    0.0000   30.0000 2661.9805   12.9882
    0.0000    0.0000   30.0000 2687.9451   12.8626
    7.5000    0.0000   30.0000 2675.0679   13.0192
   -7.5000    7.5000   30.0000 2648.6475   13.0905
    0.0000    7.5000   30.0000 2677.7256   12.9527
    7.5000    7.5000   30.0000 2665.2534   13.1048
   -7.5000   15.0000   30.0000 2607.9941   13.4531
    0.0000   15.0000   30.0000 2633.8477   13.3103
    7.5000   15.0000   30.0000 2620.8413   13.4681
   -7.5000   22.5000   30.0000 2549.9038   14.0315
    0.0000   22.5000   30.0000 2571.0664   13.8980
    7.5000   22.5000   30.0000 2558.0925   14.0289
   -7.5000   30.0000   30.0000 2462.9585   14.8411
    0.0000   30.0000   30.0000 2484.7119   14.6932
    7.5000   30.0000   30.0000 2471.7163   14.7869
   -7.5000   37.5000   30.0000 2358.7981   15.9400
    0.0000   37.5000   30.0000 2376.9844   15.7956
    7.5000   37.5000   30.0000 2363.6533   15.8542
   -7.5000   45.0000   30.0000 2233.2026   17.3495
    0.0000   45.0000   30.0000 2249.3960   17.2016
    7.5000   45.0000   30.0000 2239.0198   17.2613
   -7.5000  -45.0000   37.5000 2106.9431   20.5711
    0.0000  -45.0000   37.5000 2118.2925   20.3964
    7.5000  -45.0000   37.5000 2106.3955   20.7348
   -7.5000  -37.5000   37.5000 2218.8875   18.5131
    0.0000  -37.5000   37.5000 2235.6965   18.3421
    7.5000  -37.5000   37.5000 2215.7898   18.5849
   -7.5000  -30.0000   37.5000 2320.2393   16.9208
    0.0000  -30.0000   37.5000 2343.0818   16.7919
    7.5000  -30.0000   37.5000 2318.6287   16.9582
   -7.5000  -22.5000   37.5000 2412.5969   15.7081
    0.0000  -22.5000   37.5000 2440.6250   15.5840
    7.5000  -22.5000   37.5000 2418.0198   15.7458
   -7.5000  -15.0000   37.5000 2493.8904   14.8387
    0.0000  -15.0000   37.5000 2516.1035   14.7213
    7.5000  -15.0000   37.5000 2497.1057   14.8736
   -7.5000   -7.5000   37.5000 2546.6460   14.2673
    0.0000   -7.5000   37.5000 2566.0474   14.1788
    7.5000   -7.5000   37.5000 2552.5193   14.2946
   -7.5000    0.0000   37.5000 2558.3223   14.0541
    0.0000    0.0000   37.5000 2584.6929   13.9383
    7.5000    0.0000   37.5000 2573.2244   14.0518
   -7.5000    7.5000   37.5000 2544.6113   14.1107
    0.0000    7.5000   37.5000 2570.6775   13.9823
    7.5000    7.5000   37.5000 2562.9272   14.1008
   -7.5000   15.0000   37.5000 2506.2966   14.4536
    0.0000   15.0000   37.5000 2525.7056   14.3181
    7.5000   15.0000   37.5000 2519.2798   14.4605
   -7.5000   22.5000   37.5000 2451.8423   14.9924
    0.0000   22.5000   37.5000 2470.2925   14.8969
    7.5000   22.5000   37.5000 2463.1055   15.0180
   -7.5000   30.0000   37.5000 2377.7092   15.7991
    0.0000   30.0000   37.5000 2395.8369   15.6509
    7.5000   30.0000   37.5000 2383.8188   15.7253
   -7.5000   37.5000   37.5000 2282.1990   16.8940
    0.0000   37.5000   37.5000 2300.6729   16.7207
    7.5000   37.5000   37.5000 2287.1643   16.7779
   -7.5000   45.0000   37.5000 2160.3000   18.3542
    0.0000   45.0000   37.5000 2178.3501   18.1611
    7.5000   45.0000   37.5000 2171.1174   18.2278
   -7.5000  -45.0000   45.0000 2023.7455   22.4724
    0.0000  -45.0000   45.0000 2036.1116   22.2098
    7.5000  -45.0000   45.0000 2026.8125   22.5255
   -7.5000  -37.5000   45.0000 2131.1230   20.2646
    0.0000  -37.5000   45.0000 2149.7141   20.0464
    7.5000  -37.5000   45.0000 2135.8550   20.2528
   -7.5000  -30.0000   45.0000 2230.6121   18.5614
    0.0000  -30.0000   45.0000 2254.6277   18.3760
    7.5000  -30.0000   45.0000 2238.0671   18.5082
   -7.5000  -22.5000   45.0000 2323.0479   17.2359
    0.0000  -22.5000   45.0000 2346.2429   17.0697
    7.5000  -22.5000   45.0000 2330.1326   17.2181
   -7.5000  -15.0000   45.0000 2398.8562   16.2560
    0.0000  -15.0000   45.0000 2417.1526   16.1254
    7.5000  -15.0000   45.0000 2406.7815   16.2507
   -7.5000   -7.5000   45.0000 2437.5820   15.6282
    0.0000   -7.5000   45.0000 2454.9587   15.5096
    7.5000   -7.5000   45.0000 2451.2925   15.6226
   -7.5000    0.0000   45.0000 2446.2856   15.3683
    0.0000    0.0000   45.0000 2469.8608   15.2235
    7.5000    0.0000   45.0000 2462.7563   15.3404
   -7.5000    7.5000   45.0000 2436.2881   15.3659
    0.0000    7.5000   45.0000 2456.6650   15.2269
    7.5000    7.5000   45.0000 2449.6101   15.3485
   -7.5000   15.0000   45.0000 2401.9404   15.6895
    0.0000   15.0000   45.0000 2422.1396   15.5829
    7.5000   15.0000   45.0000 2414.5090   15.7000
   -7.5000   22.5000   45.0000 2351.7957   16.2731
    0.0000   22.5000   45.0000 2369.4778   16.1593
    7.5000   22.5000   45.0000 2366.0103   16.2710
   -7.5000   30.0000   45.0000 2281.4919   17.0614
    0.0000   30.0000   45.0000 2298.0566   16.8896
    7.5000   30.0000   45.0000 2291.6135   17.0026
   -7.5000   37.5000   45.0000 2194.1631   18.1539
    0.0000   37.5000   45.0000 2212.2983   17.9493
    7.5000   37.5000   45.0000 2202.0747   18.0229
   -7.5000   45.0000   45.0000 2084.0476   19.6932
    0.0000   45.0000   45.0000 2099.8030   19.4743
    7.5000   45.0000   45.0000 2088.5730   19.5430

---------------------------------------------------------------------
imgreg_4dfp /opt/freesurfer/average/711-2C_as_mni_average_305 /opt/freesurfer/average/711-2B_as_mni_average_305_mask talsrcimg_g11 none talsrcimg_to_711-2C_as_mni_average_305_t4 1283
---------------------------------------------------------------------

freesurfer imgreg_4dfp.c
/opt/freesurfer/average/711-2C_as_mni_average_305.4dfp.img
       256       256       256         1
  1.000000  1.000000  1.000000
orientation T byte_order littleendian
Reading image: /opt/freesurfer/average/711-2C_as_mni_average_305.4dfp.img
dimensions:      256       256       256
mmppix:       1.0000   -1.0000   -1.0000
center:     128.0000 -129.0000 -129.0000
/opt/freesurfer/average/711-2B_as_mni_average_305_mask.4dfp.img
       256       256       256         1
  1.000000  1.000000  1.000000
orientation T byte_order littleendian
Reading mask: /opt/freesurfer/average/711-2B_as_mni_average_305_mask.4dfp.img (2306576 pixels)
talsrcimg_g11.4dfp.img
       256       256       256         1
  1.000000  1.000000  1.000000
orientation T byte_order littleendian
Reading image: talsrcimg_g11.4dfp.img
dimensions:      256       256       256
mmppix:       1.0000   -1.0000   -1.0000
center:     128.0000 -129.0000 -129.0000
rotation matrix determinant  1.000000
fimgreg.f
image alignment mode   1283 decimal      503 hex
parameters
    0.0000    0.0000    0.0000    0.0000    0.0000    0.0000
eta,q 0.93638 10.76140
niter,ni,del,rscale     5    3   12.0000    1.2000
parameter  4  0.819524 ->  0.500000 qaram    1.1500
parameters
    0.6088    1.8067   -0.5847   -3.4500    0.3577   -2.7816
eta,q 0.94321 10.69952
  0.0739  0.0757  0.0663  0.0571  0.0631  0.0580
  0.0708  0.0700  0.0619  0.0574  0.0608  0.0569
  0.0662  0.0650  0.0600  0.0581  0.0587  0.0569
  0.0615  0.0608  0.0599  0.0594  0.0575  0.0576
  0.0622  0.0601  0.0623  0.0616  0.0578  0.0592
  0.0667  0.0621  0.0654  0.0648  0.0595  0.0619
  0.0715  0.0652  0.0671  0.0687  0.0624  0.0646
niter,ni,del,rscale     5    3   12.0000    1.2000
parameter  4  1.062380 ->  0.500000 qaram    1.3225
parameters
    0.1842    2.7550   -0.5330   -7.4175    0.1444   -4.0329
eta,q 0.94486 10.69000
  0.0649  0.0704  0.0625  0.0554  0.0608  0.0573
  0.0620  0.0626  0.0589  0.0548  0.0577  0.0558
  0.0584  0.0578  0.0583  0.0565  0.0558  0.0551
  0.0568  0.0568  0.0575  0.0574  0.0553  0.0553
  0.0585  0.0586  0.0575  0.0582  0.0563  0.0561
  0.0625  0.0607  0.0595  0.0596  0.0586  0.0579
  0.0688  0.0623  0.0621  0.0624  0.0613  0.0599
niter,ni,del,rscale     5    3   12.0000    1.2000
parameters
   -0.1263    4.2704   -0.9601   -8.2794    0.3479   -4.3484
eta,q 0.94581 10.68244
  0.0645  0.0691  0.0606  0.0611  0.0598  0.0578
  0.0603  0.0617  0.0577  0.0560  0.0571  0.0556
  0.0566  0.0572  0.0562  0.0529  0.0554  0.0544
  0.0551  0.0552  0.0550  0.0552  0.0543  0.0542
  0.0570  0.0552  0.0555  0.0580  0.0546  0.0548
  0.0613  0.0566  0.0587  0.0597  0.0566  0.0563
  0.0670  0.0591  0.0633  0.0611  0.0593  0.0585
niter,ni,del,rscale     4    3   12.0000    1.2000
parameters
   -0.3096    4.7250   -1.2034   -8.9524    0.4138   -4.3487
eta,q 0.94630 10.67969
  0.0636  0.0647  0.0611  0.0612  0.0592  0.0581
  0.0593  0.0589  0.0574  0.0568  0.0565  0.0558
  0.0558  0.0552  0.0554  0.0527  0.0547  0.0542
  0.0542  0.0542  0.0543  0.0544  0.0537  0.0537
  0.0556  0.0552  0.0549  0.0573  0.0543  0.0542
  0.0598  0.0578  0.0582  0.0597  0.0563  0.0557
  0.0653  0.0613  0.0627  0.0614  0.0591  0.0582
niter,ni,del,rscale     3    3   12.0000    1.2000
parameters
   -0.2986    5.0397   -1.3944   -9.4514    0.3807   -4.2973
eta,q 0.94652 10.68026
  0.0641  0.0644  0.0613  0.0612  0.0589  0.0581
  0.0596  0.0586  0.0573  0.0576  0.0561  0.0559
  0.0557  0.0545  0.0549  0.0528  0.0543  0.0541
  0.0537  0.0537  0.0538  0.0539  0.0535  0.0535
  0.0548  0.0551  0.0545  0.0567  0.0541  0.0539
  0.0590  0.0580  0.0579  0.0595  0.0563  0.0556
  0.0647  0.0616  0.0626  0.0615  0.0590  0.0582
niter,ni,del,rscale     2    3   12.0000    1.2000
parameters
   -0.2453    5.2896   -1.5165   -9.8437    0.3159   -4.2757
eta,q 0.94672 10.68270
  0.0641  0.0644  0.0614  0.0612  0.0588  0.0580
  0.0597  0.0584  0.0574  0.0581  0.0559  0.0559
  0.0557  0.0540  0.0548  0.0529  0.0540  0.0540
  0.0535  0.0535  0.0536  0.0536  0.0533  0.0533
  0.0545  0.0552  0.0543  0.0563  0.0540  0.0537
  0.0587  0.0582  0.0577  0.0593  0.0562  0.0555
  0.0646  0.0617  0.0625  0.0616  0.0589  0.0582
niter,ni,del,rscale     1    3   12.0000    1.2000
parameters
   -0.2032    5.4983   -1.5945  -10.1564    0.2462   -4.2775
eta,q 0.94685 10.68617
  0.0640  0.0643  0.0615  0.0612  0.0588  0.0579
  0.0596  0.0583  0.0574  0.0584  0.0558  0.0559
  0.0556  0.0536  0.0546  0.0531  0.0539  0.0540
  0.0533  0.0533  0.0534  0.0534  0.0531  0.0531
  0.0543  0.0552  0.0540  0.0559  0.0540  0.0536
  0.0586  0.0583  0.0575  0.0591  0.0561  0.0555
  0.0646  0.0617  0.0624  0.0617  0.0589  0.0583
registration optimization eta report
parameter search radius
    6.0000    6.0000    6.0000    7.9350    6.0000    6.0000
100000*second partial in parameter space
       30.       27.       24.       13.       16.       14.
  0.0640  0.0643  0.0615  0.0612  0.0588  0.0579
  0.0596  0.0583  0.0574  0.0584  0.0558  0.0559
  0.0556  0.0536  0.0546  0.0531  0.0539  0.0540
  0.0533  0.0533  0.0534  0.0534  0.0531  0.0531
  0.0543  0.0552  0.0540  0.0559  0.0540  0.0536
  0.0586  0.0583  0.0575  0.0591  0.0561  0.0555
  0.0646  0.0617  0.0624  0.0617  0.0589  0.0583
   -0.2032    5.4983   -1.5945  -10.1564    0.2462   -4.2775
eta,q 0.94685 10.68617

---------------------------------------------------------------------
imgreg_4dfp /opt/freesurfer/average/711-2C_as_mni_average_305 /opt/freesurfer/average/711-2B_as_mni_average_305_mask talsrcimg_g11 none talsrcimg_to_711-2C_as_mni_average_305_t4 3335
---------------------------------------------------------------------

freesurfer imgreg_4dfp.c
/opt/freesurfer/average/711-2C_as_mni_average_305.4dfp.img
       256       256       256         1
  1.000000  1.000000  1.000000
orientation T byte_order littleendian
Reading image: /opt/freesurfer/average/711-2C_as_mni_average_305.4dfp.img
dimensions:      256       256       256
mmppix:       1.0000   -1.0000   -1.0000
center:     128.0000 -129.0000 -129.0000
/opt/freesurfer/average/711-2B_as_mni_average_305_mask.4dfp.img
       256       256       256         1
  1.000000  1.000000  1.000000
orientation T byte_order littleendian
Reading mask: /opt/freesurfer/average/711-2B_as_mni_average_305_mask.4dfp.img (2306576 pixels)
talsrcimg_g11.4dfp.img
       256       256       256         1
  1.000000  1.000000  1.000000
orientation T byte_order littleendian
Reading image: talsrcimg_g11.4dfp.img
dimensions:      256       256       256
mmppix:       1.0000   -1.0000   -1.0000
center:     128.0000 -129.0000 -129.0000
fimgreg.f
image alignment mode   3335 decimal      D07 hex
parameters
   -0.2032    5.4983   -1.5945   -0.2795   -1.8468   -1.5679
    7.4174    0.8935   -7.4587   17.6161    0.4296  -17.6335
eta,q 0.94612 10.75565
niter,ni,del,rscale     5    3    5.0000    1.2000
parameter  2 -0.626245 -> -0.500000 qaram    1.1500
parameter  4  3.379125 ->  0.500000 qaram    1.1500
parameter  5  3.068734 ->  0.500000 qaram    1.1500
parameter  6  2.601589 ->  0.500000 qaram    1.1500
parameter 10  0.903673 ->  0.500000 qaram    1.1500
parameters
   -0.1868    6.8783   -1.3205   -4.4195   -5.9868   -5.7079
    6.3125    0.5278   -5.4729   13.4761   -0.6579  -17.3063
eta,q 0.96565 10.11221
  0.0557  0.0560  0.0550  0.0444  0.0407  0.0324  0.0378  0.0390  0.0384  0.0344  0.0354  0.0361
  0.0547  0.0550  0.0542  0.0468  0.0427  0.0352  0.0368  0.0373  0.0374  0.0343  0.0347  0.0352
  0.0541  0.0543  0.0537  0.0498  0.0450  0.0390  0.0363  0.0364  0.0366  0.0349  0.0344  0.0346
  0.0539  0.0539  0.0535  0.0535  0.0476  0.0433  0.0362  0.0362  0.0362  0.0360  0.0344  0.0344
  0.0541  0.0536  0.0535  0.0574  0.0505  0.0483  0.0367  0.0366  0.0360  0.0378  0.0347  0.0345
  0.0547  0.0535  0.0538  0.0614  0.0536  0.0537  0.0378  0.0377  0.0363  0.0400  0.0353  0.0350
  0.0557  0.0536  0.0544  0.0656  0.0571  0.0595  0.0392  0.0397  0.0369  0.0422  0.0363  0.0358
niter,ni,del,rscale     7    3    5.0000    1.2000
parameter  4  0.998480 ->  0.500000 qaram    1.3225
parameter  5  0.939559 ->  0.500000 qaram    1.3225
parameter  6  0.578084 ->  0.500000 qaram    1.3225
parameters
   -0.0766    7.3197   -1.1686   -9.1805  -10.7478  -10.4689
    6.9718    0.6769   -5.4288   15.8610   -1.4842  -15.8319
eta,q 0.97459  9.74631
  0.0372  0.0373  0.0362  0.0300  0.0279  0.0268  0.0285  0.0299  0.0278  0.0304  0.0265  0.0271
  0.0357  0.0358  0.0353  0.0303  0.0275  0.0262  0.0273  0.0279  0.0268  0.0285  0.0259  0.0263
  0.0347  0.0348  0.0346  0.0316  0.0286  0.0257  0.0264  0.0265  0.0261  0.0270  0.0255  0.0258
  0.0344  0.0343  0.0343  0.0343  0.0305  0.0277  0.0260  0.0259  0.0259  0.0259  0.0255  0.0255
  0.0345  0.0343  0.0344  0.0381  0.0327  0.0319  0.0261  0.0263  0.0261  0.0255  0.0258  0.0254
  0.0353  0.0348  0.0349  0.0428  0.0356  0.0372  0.0267  0.0276  0.0267  0.0259  0.0263  0.0257
  0.0367  0.0358  0.0359  0.0476  0.0390  0.0433  0.0278  0.0297  0.0277  0.0273  0.0271  0.0262
niter,ni,del,rscale     7    3    5.0000    1.2000
parameter  3  1.039309 ->  0.500000 qaram    1.1500
parameters
    0.1068    8.4225   -2.5486  -11.4439  -12.6622  -13.7850
    6.8189    1.4106   -5.6065   18.3563   -0.3847  -16.4621
eta,q 0.97659  9.48186
  0.0286  0.0305  0.0233  0.0260  0.0262  0.0251  0.0260  0.0272  0.0257  0.0280  0.0244  0.0244
  0.0270  0.0283  0.0234  0.0247  0.0248  0.0242  0.0249  0.0256  0.0248  0.0263  0.0240  0.0238
  0.0259  0.0265  0.0239  0.0238  0.0237  0.0240  0.0242  0.0245  0.0242  0.0250  0.0236  0.0235
  0.0254  0.0254  0.0249  0.0235  0.0236  0.0235  0.0240  0.0240  0.0240  0.0240  0.0235  0.0234
  0.0256  0.0249  0.0263  0.0246  0.0249  0.0251  0.0243  0.0240  0.0242  0.0234  0.0234  0.0236
  0.0264  0.0252  0.0279  0.0275  0.0269  0.0295  0.0250  0.0247  0.0249  0.0238  0.0236  0.0241
  0.0278  0.0260  0.0297  0.0322  0.0296  0.0354  0.0261  0.0262  0.0259  0.0252  0.0240  0.0248
niter,ni,del,rscale     7    3    5.0000    1.2000
parameter  3  0.796653 ->  0.500000 qaram    1.3225
parameters
    0.2725    8.9430   -4.1356  -11.2435  -13.1127  -16.0092
    6.9161    1.5145   -5.7907   18.8213   -0.9158  -17.3538
eta,q 0.97741  9.38688
  0.0262  0.0278  0.0225  0.0256  0.0259  0.0247  0.0248  0.0257  0.0244  0.0258  0.0232  0.0234
  0.0248  0.0257  0.0223  0.0242  0.0244  0.0234  0.0237  0.0241  0.0234  0.0242  0.0229  0.0230
  0.0238  0.0242  0.0226  0.0231  0.0231  0.0227  0.0229  0.0231  0.0228  0.0232  0.0227  0.0227
  0.0234  0.0234  0.0233  0.0224  0.0224  0.0224  0.0226  0.0226  0.0226  0.0226  0.0226  0.0226
  0.0236  0.0234  0.0243  0.0221  0.0230  0.0229  0.0229  0.0228  0.0229  0.0227  0.0227  0.0228
  0.0243  0.0241  0.0255  0.0232  0.0247  0.0260  0.0236  0.0238  0.0236  0.0236  0.0230  0.0233
  0.0255  0.0254  0.0270  0.0261  0.0269  0.0308  0.0247  0.0257  0.0246  0.0253  0.0235  0.0241
niter,ni,del,rscale     7    3    5.0000    1.2000
parameters
    0.3263    9.1673   -5.0940  -10.8841  -13.2794  -17.3202
    6.9707    1.5675   -5.7426   19.3451   -1.4147  -17.7349
eta,q 0.97761  9.34402
  0.0251  0.0262  0.0234  0.0253  0.0258  0.0250  0.0246  0.0254  0.0242  0.0254  0.0229  0.0234
  0.0238  0.0243  0.0226  0.0240  0.0245  0.0235  0.0234  0.0238  0.0233  0.0239  0.0226  0.0229
  0.0229  0.0231  0.0224  0.0231  0.0232  0.0226  0.0227  0.0228  0.0227  0.0229  0.0225  0.0225
  0.0226  0.0226  0.0226  0.0224  0.0223  0.0223  0.0224  0.0224  0.0224  0.0224  0.0224  0.0224
  0.0228  0.0228  0.0232  0.0221  0.0228  0.0223  0.0227  0.0226  0.0226  0.0225  0.0225  0.0225
  0.0236  0.0237  0.0242  0.0230  0.0243  0.0244  0.0234  0.0236  0.0232  0.0233  0.0227  0.0230
  0.0249  0.0252  0.0256  0.0256  0.0265  0.0287  0.0245  0.0255  0.0242  0.0249  0.0232  0.0237
niter,ni,del,rscale     6    3    5.0000    1.2000
parameters
    0.3494    9.3571   -5.3992  -10.8656  -13.5592  -17.7716
    6.9213    1.6330   -5.6777   19.7537   -1.6305  -17.9513
eta,q 0.97760  9.31973
  0.0249  0.0258  0.0240  0.0251  0.0257  0.0255  0.0245  0.0254  0.0242  0.0253  0.0230  0.0234
  0.0235  0.0240  0.0230  0.0238  0.0244  0.0239  0.0234  0.0238  0.0233  0.0238  0.0227  0.0229
  0.0227  0.0229  0.0225  0.0230  0.0232  0.0228  0.0227  0.0228  0.0227  0.0228  0.0225  0.0226
  0.0224  0.0224  0.0224  0.0224  0.0224  0.0224  0.0224  0.0224  0.0224  0.0224  0.0224  0.0224
  0.0226  0.0227  0.0228  0.0222  0.0228  0.0222  0.0227  0.0226  0.0226  0.0225  0.0225  0.0225
  0.0234  0.0236  0.0236  0.0231  0.0244  0.0234  0.0234  0.0236  0.0232  0.0233  0.0227  0.0230
  0.0248  0.0249  0.0248  0.0258  0.0265  0.0273  0.0246  0.0255  0.0242  0.0248  0.0231  0.0236
niter,ni,del,rscale     5    3    5.0000    1.2000
parameters
    0.3727    9.4951   -5.5293  -10.8418  -13.7880  -17.9537
    6.8749    1.6759   -5.6545   20.0674   -1.7455  -18.1032
eta,q 0.97758  9.30848
  0.0249  0.0256  0.0242  0.0251  0.0257  0.0257  0.0245  0.0254  0.0242  0.0251  0.0230  0.0235
  0.0235  0.0239  0.0232  0.0238  0.0244  0.0240  0.0234  0.0238  0.0233  0.0237  0.0227  0.0229
  0.0227  0.0228  0.0226  0.0230  0.0232  0.0229  0.0227  0.0228  0.0227  0.0228  0.0225  0.0226
  0.0224  0.0224  0.0224  0.0224  0.0224  0.0224  0.0224  0.0224  0.0224  0.0224  0.0224  0.0224
  0.0227  0.0227  0.0227  0.0222  0.0228  0.0222  0.0227  0.0227  0.0226  0.0226  0.0225  0.0225
  0.0235  0.0236  0.0234  0.0231  0.0243  0.0232  0.0235  0.0236  0.0232  0.0233  0.0227  0.0230
  0.0248  0.0250  0.0246  0.0257  0.0264  0.0269  0.0246  0.0255  0.0242  0.0249  0.0231  0.0236
niter,ni,del,rscale     4    3    5.0000    1.2000
parameters
    0.3891    9.5902   -5.6061  -10.8068  -13.9557  -18.0705
    6.8444    1.7046   -5.6365   20.2825   -1.8147  -18.1878
eta,q 0.97756  9.30137
  0.0248  0.0255  0.0243  0.0251  0.0257  0.0257  0.0245  0.0254  0.0242  0.0250  0.0230  0.0235
  0.0235  0.0238  0.0233  0.0239  0.0244  0.0240  0.0234  0.0238  0.0233  0.0236  0.0227  0.0230
  0.0227  0.0228  0.0226  0.0230  0.0232  0.0229  0.0227  0.0228  0.0227  0.0228  0.0225  0.0226
  0.0224  0.0224  0.0224  0.0224  0.0224  0.0224  0.0224  0.0225  0.0225  0.0225  0.0224  0.0224
  0.0227  0.0227  0.0227  0.0222  0.0228  0.0222  0.0227  0.0227  0.0226  0.0226  0.0225  0.0225
  0.0235  0.0237  0.0234  0.0231  0.0242  0.0232  0.0235  0.0237  0.0232  0.0233  0.0227  0.0229
  0.0248  0.0250  0.0245  0.0257  0.0263  0.0268  0.0245  0.0255  0.0242  0.0249  0.0231  0.0236
niter,ni,del,rscale     3    3    5.0000    1.2000
parameters
    0.3966    9.6565   -5.6634  -10.7898  -14.0689  -18.1709
    6.8403    1.7139   -5.6234   20.4295   -1.8470  -18.2453
eta,q 0.97754  9.29531
  0.0248  0.0254  0.0244  0.0251  0.0257  0.0257  0.0245  0.0254  0.0242  0.0250  0.0231  0.0235
  0.0235  0.0238  0.0233  0.0239  0.0244  0.0240  0.0234  0.0238  0.0233  0.0236  0.0227  0.0230
  0.0227  0.0228  0.0227  0.0230  0.0233  0.0229  0.0227  0.0228  0.0227  0.0228  0.0225  0.0226
  0.0224  0.0224  0.0224  0.0224  0.0224  0.0225  0.0225  0.0225  0.0225  0.0225  0.0225  0.0225
  0.0227  0.0228  0.0227  0.0223  0.0228  0.0222  0.0227  0.0227  0.0227  0.0226  0.0225  0.0226
  0.0235  0.0237  0.0234  0.0232  0.0242  0.0232  0.0235  0.0237  0.0233  0.0234  0.0227  0.0230
  0.0248  0.0251  0.0245  0.0257  0.0262  0.0268  0.0245  0.0255  0.0242  0.0249  0.0231  0.0236
niter,ni,del,rscale     2    3    5.0000    1.2000
parameters
    0.4003    9.7048   -5.7091  -10.7823  -14.1520  -18.2520
    6.8345    1.7217   -5.6285   20.5333   -1.8652  -18.2675
eta,q 0.97753  9.29012
  0.0248  0.0254  0.0244  0.0251  0.0257  0.0257  0.0245  0.0254  0.0242  0.0249  0.0231  0.0235
  0.0235  0.0238  0.0233  0.0239  0.0244  0.0241  0.0235  0.0238  0.0233  0.0236  0.0227  0.0230
  0.0227  0.0228  0.0227  0.0230  0.0233  0.0230  0.0227  0.0228  0.0227  0.0228  0.0225  0.0226
  0.0225  0.0225  0.0225  0.0225  0.0225  0.0225  0.0225  0.0225  0.0225  0.0225  0.0225  0.0225
  0.0227  0.0228  0.0227  0.0223  0.0228  0.0222  0.0227  0.0227  0.0227  0.0226  0.0225  0.0226
  0.0235  0.0237  0.0234  0.0232  0.0242  0.0232  0.0235  0.0237  0.0233  0.0234  0.0227  0.0230
  0.0248  0.0251  0.0245  0.0258  0.0262  0.0268  0.0245  0.0255  0.0242  0.0249  0.0231  0.0236
niter,ni,del,rscale     1    3    5.0000    1.2000
parameters
    0.4043    9.7403   -5.7423  -10.7756  -14.2185  -18.3174
    6.8279    1.7326   -5.6250   20.6153   -1.8694  -18.2771
eta,q 0.97752  9.28589
  0.0248  0.0253  0.0244  0.0251  0.0257  0.0257  0.0245  0.0254  0.0242  0.0249  0.0231  0.0235
  0.0236  0.0237  0.0233  0.0239  0.0244  0.0241  0.0235  0.0238  0.0233  0.0236  0.0227  0.0230
  0.0228  0.0228  0.0227  0.0230  0.0233  0.0230  0.0227  0.0228  0.0227  0.0228  0.0226  0.0226
  0.0225  0.0225  0.0225  0.0225  0.0225  0.0225  0.0225  0.0225  0.0225  0.0225  0.0225  0.0225
  0.0227  0.0228  0.0227  0.0223  0.0228  0.0222  0.0227  0.0227  0.0227  0.0226  0.0225  0.0226
  0.0235  0.0237  0.0234  0.0232  0.0242  0.0232  0.0235  0.0237  0.0233  0.0234  0.0227  0.0230
  0.0249  0.0251  0.0245  0.0258  0.0262  0.0267  0.0246  0.0255  0.0242  0.0250  0.0231  0.0236
registration optimization eta report
parameter search radius
    2.4000    2.7600    3.1740    9.5220    9.5220    9.5220
    7.2000    7.2000    7.2000    8.2800    7.2000    7.2000
100000*second partial in parameter space
       41.       36.       19.        3.        4.        4.
        4.        6.        3.        4.        1.        2.
  0.0248  0.0253  0.0244  0.0251  0.0257  0.0257  0.0245  0.0254  0.0242  0.0249  0.0231  0.0235
  0.0236  0.0237  0.0233  0.0239  0.0244  0.0241  0.0235  0.0238  0.0233  0.0236  0.0227  0.0230
  0.0228  0.0228  0.0227  0.0230  0.0233  0.0230  0.0227  0.0228  0.0227  0.0228  0.0226  0.0226
  0.0225  0.0225  0.0225  0.0225  0.0225  0.0225  0.0225  0.0225  0.0225  0.0225  0.0225  0.0225
  0.0227  0.0228  0.0227  0.0223  0.0228  0.0222  0.0227  0.0227  0.0227  0.0226  0.0225  0.0226
  0.0235  0.0237  0.0234  0.0232  0.0242  0.0232  0.0235  0.0237  0.0233  0.0234  0.0227  0.0230
  0.0249  0.0251  0.0245  0.0258  0.0262  0.0267  0.0246  0.0255  0.0242  0.0250  0.0231  0.0236
    0.4043    9.7403   -5.7423  -10.7756  -14.2185  -18.3174
    6.8279    1.7326   -5.6250   20.6153   -1.8694  -18.2771
eta,q 0.97752  9.28589

---------------------------------------------------------------------
imgreg_4dfp /opt/freesurfer/average/711-2C_as_mni_average_305 /opt/freesurfer/average/711-2B_as_mni_average_305_mask talsrcimg_g11 none talsrcimg_to_711-2C_as_mni_average_305_t4 2311
---------------------------------------------------------------------

freesurfer imgreg_4dfp.c
/opt/freesurfer/average/711-2C_as_mni_average_305.4dfp.img
       256       256       256         1
  1.000000  1.000000  1.000000
orientation T byte_order littleendian
Reading image: /opt/freesurfer/average/711-2C_as_mni_average_305.4dfp.img
dimensions:      256       256       256
mmppix:       1.0000   -1.0000   -1.0000
center:     128.0000 -129.0000 -129.0000
/opt/freesurfer/average/711-2B_as_mni_average_305_mask.4dfp.img
       256       256       256         1
  1.000000  1.000000  1.000000
orientation T byte_order littleendian
Reading mask: /opt/freesurfer/average/711-2B_as_mni_average_305_mask.4dfp.img (2306576 pixels)
talsrcimg_g11.4dfp.img
       256       256       256         1
  1.000000  1.000000  1.000000
orientation T byte_order littleendian
Reading image: talsrcimg_g11.4dfp.img
dimensions:      256       256       256
mmppix:       1.0000   -1.0000   -1.0000
center:     128.0000 -129.0000 -129.0000
fimgreg.f
image alignment mode   2311 decimal      907 hex
parameters
    0.4043    9.7403   -5.7423  -10.7756  -14.2185  -18.3174
    6.8279    1.7326   -5.6250   20.6153   -1.8694  -18.2771
eta,q 0.97752  9.28588
niter,ni,del,rscale     5    3    5.0000    0.8000
parameter  6 -0.516524 -> -0.500000 qaram    1.1500
parameters
    0.4140    9.7180   -5.7705   -8.6826  -13.7736  -15.5574
    6.7201    1.7143   -5.5669   20.7665   -2.2478  -19.4865
eta,q 0.97812  9.52373
  0.0236  0.0234  0.0230  0.0234  0.0236  0.0235  0.0229  0.0241  0.0228  0.0231  0.0224  0.0222
  0.0230  0.0229  0.0227  0.0231  0.0231  0.0229  0.0224  0.0229  0.0223  0.0226  0.0221  0.0220
  0.0226  0.0226  0.0225  0.0228  0.0226  0.0225  0.0220  0.0222  0.0220  0.0222  0.0219  0.0219
  0.0225  0.0225  0.0225  0.0225  0.0223  0.0222  0.0219  0.0219  0.0219  0.0219  0.0219  0.0219
  0.0226  0.0226  0.0226  0.0223  0.0223  0.0220  0.0221  0.0222  0.0220  0.0220  0.0220  0.0220
  0.0229  0.0229  0.0227  0.0223  0.0227  0.0219  0.0224  0.0229  0.0223  0.0223  0.0222  0.0223
  0.0235  0.0235  0.0230  0.0226  0.0233  0.0222  0.0231  0.0241  0.0228  0.0231  0.0225  0.0227
niter,ni,del,rscale     5    3    5.0000    0.8000
parameters
    0.4079    9.6213   -5.4244   -9.3048  -13.4966  -16.1096
    6.8105    1.8004   -5.4812   20.8516   -2.4406  -18.6875
eta,q 0.97806  9.48030
  0.0232  0.0228  0.0228  0.0227  0.0234  0.0230  0.0231  0.0238  0.0228  0.0230  0.0223  0.0226
  0.0225  0.0223  0.0223  0.0223  0.0227  0.0226  0.0225  0.0228  0.0224  0.0225  0.0221  0.0223
  0.0220  0.0219  0.0220  0.0220  0.0222  0.0222  0.0221  0.0222  0.0221  0.0222  0.0220  0.0221
  0.0219  0.0219  0.0219  0.0219  0.0219  0.0219  0.0220  0.0220  0.0220  0.0220  0.0220  0.0220
  0.0220  0.0221  0.0219  0.0220  0.0220  0.0218  0.0221  0.0221  0.0221  0.0220  0.0220  0.0219
  0.0225  0.0225  0.0220  0.0226  0.0224  0.0226  0.0224  0.0227  0.0223  0.0224  0.0222  0.0221
  0.0232  0.0231  0.0222  0.0235  0.0232  0.0244  0.0230  0.0237  0.0228  0.0230  0.0224  0.0223
niter,ni,del,rscale     4    3    5.0000    0.7000
parameters
    0.4364    9.5325   -5.5515   -9.2523  -13.4458  -16.2183
    6.7658    1.8722   -5.3947   20.7640   -2.3442  -18.5913
eta,q 0.97806  9.47754
  0.0229  0.0227  0.0223  0.0227  0.0231  0.0229  0.0227  0.0234  0.0226  0.0227  0.0223  0.0223
  0.0224  0.0222  0.0221  0.0224  0.0225  0.0225  0.0223  0.0226  0.0223  0.0224  0.0221  0.0221
  0.0221  0.0220  0.0219  0.0221  0.0221  0.0222  0.0220  0.0221  0.0220  0.0221  0.0220  0.0220
  0.0219  0.0219  0.0219  0.0219  0.0219  0.0219  0.0219  0.0219  0.0219  0.0219  0.0219  0.0219
  0.0220  0.0221  0.0220  0.0219  0.0220  0.0218  0.0220  0.0221  0.0220  0.0220  0.0220  0.0220
  0.0223  0.0224  0.0222  0.0222  0.0224  0.0223  0.0223  0.0225  0.0222  0.0223  0.0221  0.0221
  0.0229  0.0229  0.0225  0.0228  0.0231  0.0234  0.0228  0.0233  0.0226  0.0229  0.0222  0.0223
niter,ni,del,rscale     3    3    5.0000    0.6000
parameters
    0.4546    9.5128   -5.5749   -9.0926  -13.3867  -15.9610
    6.7087    1.8740   -5.3832   20.7293   -2.4305  -18.7555
eta,q 0.97810  9.49770
  0.0227  0.0225  0.0223  0.0226  0.0228  0.0227  0.0225  0.0230  0.0224  0.0225  0.0221  0.0222
  0.0223  0.0222  0.0221  0.0223  0.0224  0.0224  0.0222  0.0224  0.0221  0.0222  0.0220  0.0220
  0.0220  0.0220  0.0220  0.0221  0.0221  0.0222  0.0220  0.0220  0.0219  0.0220  0.0219  0.0219
  0.0219  0.0219  0.0219  0.0219  0.0219  0.0219  0.0219  0.0219  0.0219  0.0219  0.0219  0.0219
  0.0220  0.0220  0.0220  0.0219  0.0220  0.0218  0.0220  0.0220  0.0219  0.0219  0.0219  0.0219
  0.0222  0.0222  0.0221  0.0221  0.0223  0.0220  0.0222  0.0224  0.0221  0.0222  0.0220  0.0220
  0.0226  0.0226  0.0223  0.0225  0.0228  0.0228  0.0225  0.0230  0.0224  0.0226  0.0222  0.0222
niter,ni,del,rscale     2    3    5.0000    0.5000
parameters
    0.4550    9.5064   -5.5263   -9.0004  -13.3448  -15.5266
    6.6756    1.8797   -5.3468   20.6921   -2.5009  -19.0376
eta,q 0.97818  9.52315
  0.0224  0.0223  0.0222  0.0224  0.0225  0.0225  0.0222  0.0227  0.0222  0.0223  0.0220  0.0220
  0.0221  0.0221  0.0220  0.0222  0.0222  0.0223  0.0220  0.0222  0.0220  0.0221  0.0219  0.0219
  0.0220  0.0219  0.0219  0.0220  0.0220  0.0221  0.0219  0.0219  0.0219  0.0219  0.0218  0.0218
  0.0219  0.0219  0.0219  0.0219  0.0219  0.0219  0.0218  0.0218  0.0218  0.0218  0.0218  0.0218
  0.0219  0.0219  0.0219  0.0219  0.0219  0.0218  0.0219  0.0219  0.0219  0.0219  0.0219  0.0219
  0.0221  0.0221  0.0220  0.0221  0.0222  0.0219  0.0220  0.0222  0.0220  0.0220  0.0219  0.0219
  0.0224  0.0223  0.0221  0.0224  0.0225  0.0224  0.0223  0.0227  0.0222  0.0224  0.0220  0.0221
niter,ni,del,rscale     1    3    5.0000    0.4000
parameters
    0.4549    9.5047   -5.4345   -8.9555  -13.3138  -15.0317
    6.6381    1.8961   -5.3183   20.6010   -2.5764  -19.3870
eta,q 0.97823  9.54870
  0.0222  0.0221  0.0220  0.0221  0.0223  0.0223  0.0220  0.0224  0.0220  0.0221  0.0219  0.0219
  0.0220  0.0219  0.0219  0.0220  0.0220  0.0222  0.0219  0.0220  0.0219  0.0219  0.0218  0.0218
  0.0219  0.0219  0.0219  0.0219  0.0219  0.0220  0.0218  0.0218  0.0218  0.0218  0.0218  0.0218
  0.0218  0.0218  0.0218  0.0218  0.0218  0.0218  0.0218  0.0218  0.0218  0.0218  0.0218  0.0218
  0.0219  0.0219  0.0218  0.0218  0.0219  0.0217  0.0218  0.0218  0.0218  0.0218  0.0218  0.0218
  0.0220  0.0220  0.0219  0.0219  0.0220  0.0218  0.0219  0.0220  0.0219  0.0219  0.0218  0.0219
  0.0222  0.0221  0.0220  0.0222  0.0223  0.0222  0.0221  0.0224  0.0220  0.0222  0.0219  0.0219
registration optimization eta report
parameter search radius
    0.8000    0.8000    0.8000    2.4000    2.4000    2.7600
    2.4000    2.4000    2.4000    2.4000    2.4000    2.4000
100000*second partial in parameter space
       52.       44.       26.        6.        8.        6.
        5.       10.        4.        6.        2.        2.
  0.0222  0.0221  0.0220  0.0221  0.0223  0.0223  0.0220  0.0224  0.0220  0.0221  0.0219  0.0219
  0.0220  0.0219  0.0219  0.0220  0.0220  0.0222  0.0219  0.0220  0.0219  0.0219  0.0218  0.0218
  0.0219  0.0219  0.0219  0.0219  0.0219  0.0220  0.0218  0.0218  0.0218  0.0218  0.0218  0.0218
  0.0218  0.0218  0.0218  0.0218  0.0218  0.0218  0.0218  0.0218  0.0218  0.0218  0.0218  0.0218
  0.0219  0.0219  0.0218  0.0218  0.0219  0.0217  0.0218  0.0218  0.0218  0.0218  0.0218  0.0218
  0.0220  0.0220  0.0219  0.0219  0.0220  0.0218  0.0219  0.0220  0.0219  0.0219  0.0218  0.0219
  0.0222  0.0221  0.0220  0.0222  0.0223  0.0222  0.0221  0.0224  0.0220  0.0222  0.0219  0.0219
    0.4549    9.5047   -5.4345   -8.9555  -13.3138  -15.0317
    6.6381    1.8961   -5.3183   20.6010   -2.5764  -19.3870
eta,q 0.97823  9.54870

---------------------------------------------------------------------
imgreg_4dfp /opt/freesurfer/average/711-2C_as_mni_average_305 /opt/freesurfer/average/711-2B_as_mni_average_305_mask talsrcimg_g11 none talsrcimg_to_711-2C_as_mni_average_305_t4 2311
---------------------------------------------------------------------

freesurfer imgreg_4dfp.c
/opt/freesurfer/average/711-2C_as_mni_average_305.4dfp.img
       256       256       256         1
  1.000000  1.000000  1.000000
orientation T byte_order littleendian
Reading image: /opt/freesurfer/average/711-2C_as_mni_average_305.4dfp.img
dimensions:      256       256       256
mmppix:       1.0000   -1.0000   -1.0000
center:     128.0000 -129.0000 -129.0000
/opt/freesurfer/average/711-2B_as_mni_average_305_mask.4dfp.img
       256       256       256         1
  1.000000  1.000000  1.000000
orientation T byte_order littleendian
Reading mask: /opt/freesurfer/average/711-2B_as_mni_average_305_mask.4dfp.img (2306576 pixels)
talsrcimg_g11.4dfp.img
       256       256       256         1
  1.000000  1.000000  1.000000
orientation T byte_order littleendian
Reading image: talsrcimg_g11.4dfp.img
dimensions:      256       256       256
mmppix:       1.0000   -1.0000   -1.0000
center:     128.0000 -129.0000 -129.0000
fimgreg.f
image alignment mode   2311 decimal      907 hex
parameters
    0.4549    9.5047   -5.4345   -8.9555  -13.3138  -15.0317
    6.6381    1.8961   -5.3183   20.6010   -2.5764  -19.3870
eta,q 0.97823  9.54870
niter,ni,del,rscale     5    3    5.0000    0.8000
parameters
    0.4533    9.5215   -5.2469   -9.5142  -13.3499  -15.4976
    6.7100    1.8567   -5.3329   20.5662   -2.6213  -18.9388
eta,q 0.97814  9.50416
  0.0231  0.0229  0.0226  0.0226  0.0232  0.0228  0.0230  0.0238  0.0227  0.0230  0.0223  0.0224
  0.0224  0.0223  0.0222  0.0222  0.0225  0.0224  0.0224  0.0227  0.0223  0.0224  0.0221  0.0222
  0.0219  0.0219  0.0219  0.0219  0.0220  0.0221  0.0220  0.0221  0.0220  0.0221  0.0219  0.0220
  0.0218  0.0218  0.0218  0.0218  0.0218  0.0218  0.0219  0.0219  0.0219  0.0219  0.0219  0.0219
  0.0219  0.0219  0.0218  0.0219  0.0220  0.0218  0.0220  0.0221  0.0220  0.0220  0.0219  0.0219
  0.0224  0.0223  0.0220  0.0225  0.0225  0.0224  0.0223  0.0228  0.0223  0.0224  0.0221  0.0220
  0.0231  0.0229  0.0223  0.0234  0.0233  0.0238  0.0229  0.0238  0.0227  0.0231  0.0223  0.0223
niter,ni,del,rscale     4    3    5.0000    0.7000
parameters
    0.4685    9.4569   -5.3833   -9.3395  -13.3043  -15.5668
    6.7056    1.8946   -5.2956   20.5165   -2.5755  -18.9044
eta,q 0.97815  9.50823
  0.0229  0.0227  0.0223  0.0227  0.0230  0.0227  0.0227  0.0234  0.0225  0.0227  0.0222  0.0222
  0.0223  0.0222  0.0220  0.0223  0.0225  0.0224  0.0222  0.0226  0.0222  0.0223  0.0220  0.0220
  0.0220  0.0219  0.0219  0.0220  0.0220  0.0221  0.0219  0.0220  0.0219  0.0220  0.0219  0.0219
  0.0219  0.0219  0.0219  0.0219  0.0218  0.0218  0.0218  0.0219  0.0218  0.0218  0.0219  0.0219
  0.0220  0.0220  0.0220  0.0219  0.0220  0.0218  0.0219  0.0220  0.0219  0.0219  0.0219  0.0219
  0.0223  0.0223  0.0221  0.0221  0.0224  0.0221  0.0222  0.0225  0.0221  0.0222  0.0220  0.0220
  0.0228  0.0228  0.0224  0.0227  0.0230  0.0230  0.0227  0.0234  0.0225  0.0228  0.0222  0.0223
niter,ni,del,rscale     3    3    5.0000    0.6000
parameters
    0.4728    9.4530   -5.4151   -9.1843  -13.2665  -15.3589
    6.6674    1.8955   -5.2969   20.5122   -2.5690  -19.0470
eta,q 0.97819  9.52519
  0.0226  0.0225  0.0222  0.0225  0.0227  0.0225  0.0224  0.0230  0.0223  0.0225  0.0221  0.0221
  0.0222  0.0221  0.0220  0.0222  0.0223  0.0223  0.0221  0.0224  0.0220  0.0222  0.0219  0.0219
  0.0219  0.0219  0.0219  0.0220  0.0220  0.0221  0.0219  0.0220  0.0219  0.0219  0.0218  0.0218
  0.0218  0.0218  0.0218  0.0218  0.0218  0.0218  0.0218  0.0218  0.0218  0.0218  0.0218  0.0218
  0.0219  0.0219  0.0219  0.0219  0.0219  0.0217  0.0219  0.0219  0.0219  0.0219  0.0218  0.0218
  0.0222  0.0221  0.0220  0.0221  0.0222  0.0220  0.0221  0.0223  0.0220  0.0221  0.0219  0.0220
  0.0226  0.0225  0.0222  0.0225  0.0227  0.0226  0.0224  0.0230  0.0223  0.0226  0.0221  0.0221
niter,ni,del,rscale     2    3    5.0000    0.5000
parameters
    0.4713    9.4590   -5.3748   -9.0939  -13.2502  -15.0045
    6.6284    1.9078   -5.2978   20.4752   -2.6072  -19.3303
eta,q 0.97823  9.54595
  0.0223  0.0223  0.0221  0.0223  0.0225  0.0224  0.0222  0.0227  0.0221  0.0223  0.0220  0.0219
  0.0220  0.0220  0.0219  0.0221  0.0221  0.0222  0.0220  0.0222  0.0219  0.0220  0.0218  0.0218
  0.0219  0.0219  0.0218  0.0219  0.0219  0.0220  0.0218  0.0219  0.0218  0.0218  0.0218  0.0218
  0.0218  0.0218  0.0218  0.0218  0.0218  0.0218  0.0218  0.0218  0.0218  0.0218  0.0218  0.0218
  0.0219  0.0219  0.0218  0.0218  0.0219  0.0217  0.0218  0.0219  0.0218  0.0218  0.0218  0.0218
  0.0220  0.0220  0.0219  0.0220  0.0221  0.0219  0.0220  0.0222  0.0219  0.0220  0.0219  0.0219
  0.0223  0.0222  0.0220  0.0223  0.0225  0.0223  0.0222  0.0227  0.0221  0.0223  0.0220  0.0220
niter,ni,del,rscale     1    3    5.0000    0.4000
parameters
    0.4674    9.4598   -5.2799   -9.0323  -13.2317  -14.5468
    6.5886    1.9291   -5.2919   20.3925   -2.6512  -19.6473
eta,q 0.97828  9.56905
  0.0221  0.0221  0.0220  0.0221  0.0222  0.0222  0.0220  0.0223  0.0219  0.0220  0.0219  0.0218
  0.0219  0.0219  0.0219  0.0219  0.0220  0.0221  0.0218  0.0220  0.0218  0.0219  0.0218  0.0218
  0.0218  0.0218  0.0218  0.0218  0.0218  0.0219  0.0217  0.0218  0.0217  0.0218  0.0217  0.0217
  0.0218  0.0218  0.0218  0.0218  0.0218  0.0218  0.0217  0.0217  0.0217  0.0217  0.0217  0.0217
  0.0218  0.0218  0.0218  0.0218  0.0218  0.0217  0.0218  0.0218  0.0217  0.0218  0.0217  0.0217
  0.0219  0.0219  0.0218  0.0219  0.0220  0.0218  0.0218  0.0220  0.0218  0.0219  0.0218  0.0218
  0.0221  0.0221  0.0219  0.0221  0.0222  0.0220  0.0220  0.0223  0.0219  0.0221  0.0219  0.0219
registration optimization eta report
parameter search radius
    0.8000    0.8000    0.8000    2.4000    2.4000    2.4000
    2.4000    2.4000    2.4000    2.4000    2.4000    2.4000
100000*second partial in parameter space
       53.       45.       26.        6.        8.        6.
        5.       11.        4.        6.        3.        2.
  0.0221  0.0221  0.0220  0.0221  0.0222  0.0222  0.0220  0.0223  0.0219  0.0220  0.0219  0.0218
  0.0219  0.0219  0.0219  0.0219  0.0220  0.0221  0.0218  0.0220  0.0218  0.0219  0.0218  0.0218
  0.0218  0.0218  0.0218  0.0218  0.0218  0.0219  0.0217  0.0218  0.0217  0.0218  0.0217  0.0217
  0.0218  0.0218  0.0218  0.0218  0.0218  0.0218  0.0217  0.0217  0.0217  0.0217  0.0217  0.0217
  0.0218  0.0218  0.0218  0.0218  0.0218  0.0217  0.0218  0.0218  0.0217  0.0218  0.0217  0.0217
  0.0219  0.0219  0.0218  0.0219  0.0220  0.0218  0.0218  0.0220  0.0218  0.0219  0.0218  0.0218
  0.0221  0.0221  0.0219  0.0221  0.0222  0.0220  0.0220  0.0223  0.0219  0.0221  0.0219  0.0219
    0.4674    9.4598   -5.2799   -9.0323  -13.2317  -14.5468
    6.5886    1.9291   -5.2919   20.3925   -2.6512  -19.6473
eta,q 0.97828  9.56905

---------------------------------------------------------------------
compute_vox2vox talsrcimg talsrcimg_to_711-2C_as_mni_average_305_t4 /opt/freesurfer/average/711-2C_as_mni_average_305
---------------------------------------------------------------------

freesurfer compute_vox2vox.c
Reading: talsrcimg.4dfp.ifh
Reading: talsrcimg_to_711-2C_as_mni_average_305_t4
Reading: /opt/freesurfer/average/711-2C_as_mni_average_305.4dfp.ifh
Writing: talsrcimg_to_711-2C_as_mni_average_305_t4_vox2vox.txt

start time Sun Mar 15 08:14:03 CET 2026
end		time Sun Mar 15 08:14:17 CET 2026

mpr2mni305 success

avi2talxfm orig_nu.mgz /opt/freesurfer/average/mni305.cor.mgz talsrcimg_to_711-2C_as_mni_average_305_t4_vox2vox.txt transforms/talairach.auto.xfm
avi2talxfm done
mv -f /out/sourcedata/freesurfer/sub-v2s10x28970_ses-1/mri/talsrcimg_to_711-2C_as_mni_average_305_t4_vox2vox.txt /out/sourcedata/freesurfer/sub-v2s10x28970_ses-1/mri/transforms/talsrcimg_to_711-2C_as_mni_average_305_t4_vox2vox.txt
lta_convert --src orig_nu.mgz --trg /opt/freesurfer/average/mni305.cor.mgz --inxfm transforms/talairach.auto.xfm --outlta transforms/talairach.auto.xfm.lta --subject fsaverage
7.3.2

--src: orig_nu.mgz src image (geometry).
--trg: /opt/freesurfer/average/mni305.cor.mgz trg image (geometry).
--inmni: transforms/talairach.auto.xfm input MNI/XFM transform.
--outlta: transforms/talairach.auto.xfm.lta output LTA.
--s: fsaverage subject name
 LTA read, type : 1
 1.09426  -0.00462  -0.08414   3.51152;
 0.04677   1.11004   0.24780  -6.98941;
 0.05575  -0.26117   1.08913   6.57221;
 0.00000   0.00000   0.00000   1.00000;
setting subject to fsaverage
Writing  LTA to file transforms/talairach.auto.xfm.lta...
lta_convert successful.
 
 
Started at Sun Mar 15 08:14:02 CET 2026
Ended   at Sun Mar 15 08:14:17 CET 2026
talairach_avi done
