status file for recon-all
Sun Mar 15 12:40:02 CET 2026
#@# Tessellate rh Sun Mar 15 12:40:02 CET 2026
#@# Smooth1 rh Sun Mar 15 12:40:04 CET 2026
#@# Inflation1 rh Sun Mar 15 12:40:06 CET 2026
#@# QSphere rh Sun Mar 15 12:40:12 CET 2026
#@# Fix Topology rh Sun Mar 15 12:40:52 CET 2026
#@# Smooth2 rh Sun Mar 15 12:44:30 CET 2026
#@# Inflation2 rh Sun Mar 15 12:44:32 CET 2026
#@# Curv .H and .K rh Sun Mar 15 12:44:38 CET 2026
#@# Sphere rh Sun Mar 15 12:45:13 CET 2026
#@# Surf Reg rh Sun Mar 15 12:46:36 CET 2026
#@# Jacobian white rh Sun Mar 15 12:49:17 CET 2026
#@# AvgCurv rh Sun Mar 15 12:49:17 CET 2026
#@# Cortical Parc rh Sun Mar 15 12:49:17 CET 2026
#@# white curv rh Sun Mar 15 12:53:41 CET 2026
#@# white area rh Sun Mar 15 12:53:42 CET 2026
#@# pial curv rh Sun Mar 15 12:53:42 CET 2026
#@# pial area rh Sun Mar 15 12:53:44 CET 2026
#@# thickness rh Sun Mar 15 12:53:44 CET 2026
#@# area and vertex vol rh Sun Mar 15 12:54:02 CET 2026
#@# Curvature Stats rh Sun Mar 15 12:54:03 CET 2026
#@# Cortical Parc 2 rh Sun Mar 15 12:54:04 CET 2026
#@# Cortical Parc 3 rh Sun Mar 15 12:54:13 CET 2026
#@# WM/GM Contrast rh Sun Mar 15 12:54:20 CET 2026
recon-all -s sub-v2s10x30158_ses-1 finished without error at Sun Mar 15 12:54:21 CET 2026



#New# invocation of recon-all 



status file for recon-all
Sun Mar 15 13:00:07 CET 2026
#@# white curv rh Sun Mar 15 13:00:07 CET 2026
#@# white area rh Sun Mar 15 13:00:07 CET 2026
#@# pial curv rh Sun Mar 15 13:00:07 CET 2026
#@# pial area rh Sun Mar 15 13:00:07 CET 2026
#@# thickness rh Sun Mar 15 13:00:07 CET 2026
#@# area and vertex vol rh Sun Mar 15 13:00:07 CET 2026
#@# Parcellation Stats rh Sun Mar 15 13:00:07 CET 2026
#@# Parcellation Stats 2 rh Sun Mar 15 13:00:19 CET 2026
#@# Parcellation Stats 3 rh Sun Mar 15 13:00:26 CET 2026
#@# BA_exvivo Labels rh Sun Mar 15 13:00:32 CET 2026
recon-all -s sub-v2s10x30158_ses-1 finished without error at Sun Mar 15 13:02:11 CET 2026
