status file for recon-all
Sun Mar 15 12:26:39 CET 2026
#@# Tessellate lh Sun Mar 15 12:26:39 CET 2026
#@# Smooth1 lh Sun Mar 15 12:26:41 CET 2026
#@# Inflation1 lh Sun Mar 15 12:26:43 CET 2026
#@# QSphere lh Sun Mar 15 12:26:49 CET 2026
#@# Fix Topology lh Sun Mar 15 12:27:24 CET 2026
#@# Smooth2 lh Sun Mar 15 12:30:39 CET 2026
#@# Inflation2 lh Sun Mar 15 12:30:41 CET 2026
#@# Curv .H and .K lh Sun Mar 15 12:30:48 CET 2026
#@# Sphere lh Sun Mar 15 12:31:22 CET 2026
#@# Surf Reg lh Sun Mar 15 12:32:52 CET 2026
#@# Jacobian white lh Sun Mar 15 12:35:02 CET 2026
#@# AvgCurv lh Sun Mar 15 12:35:03 CET 2026
#@# Cortical Parc lh Sun Mar 15 12:35:03 CET 2026
#@# white curv lh Sun Mar 15 12:39:17 CET 2026
#@# white area lh Sun Mar 15 12:39:18 CET 2026
#@# pial curv lh Sun Mar 15 12:39:18 CET 2026
#@# pial area lh Sun Mar 15 12:39:19 CET 2026
#@# thickness lh Sun Mar 15 12:39:20 CET 2026
#@# area and vertex vol lh Sun Mar 15 12:39:39 CET 2026
#@# Curvature Stats lh Sun Mar 15 12:39:40 CET 2026
#@# Cortical Parc 2 lh Sun Mar 15 12:39:41 CET 2026
#@# Cortical Parc 3 lh Sun Mar 15 12:39:50 CET 2026
#@# WM/GM Contrast lh Sun Mar 15 12:39:57 CET 2026
recon-all -s sub-v2s10x30158_ses-1 finished without error at Sun Mar 15 12:39:58 CET 2026



#New# invocation of recon-all 



status file for recon-all
Sun Mar 15 12:57:59 CET 2026
#@# white curv lh Sun Mar 15 12:57:59 CET 2026
#@# white area lh Sun Mar 15 12:57:59 CET 2026
#@# pial curv lh Sun Mar 15 12:57:59 CET 2026
#@# pial area lh Sun Mar 15 12:57:59 CET 2026
#@# thickness lh Sun Mar 15 12:57:59 CET 2026
#@# area and vertex vol lh Sun Mar 15 12:57:59 CET 2026
#@# Parcellation Stats lh Sun Mar 15 12:57:59 CET 2026
#@# Parcellation Stats 2 lh Sun Mar 15 12:58:12 CET 2026
#@# Parcellation Stats 3 lh Sun Mar 15 12:58:18 CET 2026
#@# BA_exvivo Labels lh Sun Mar 15 12:58:25 CET 2026
recon-all -s sub-v2s10x30158_ses-1 finished without error at Sun Mar 15 13:00:05 CET 2026
