/out/sourcedata/freesurfer/sub-v2s10x28993_ses-1/mri
/opt/freesurfer/bin/talairach_avi
--i orig_nu.mgz --xfm transforms/talairach.auto.xfm
talairach_avi 7.3.2
Linux dna060 5.14.0-427.37.1.el9_4.x86_64 #1 SMP PREEMPT_DYNAMIC Fri Sep 13 12:41:50 EDT 2024 x86_64 x86_64 x86_64 GNU/Linux
Sun Mar 15 08:15:07 CET 2026
mri_convert orig_nu.mgz talsrcimg.img 
reading from orig_nu.mgz...
TR=0.00, TE=0.00, TI=0.00, flip angle=0.00
i_ras = (-1, 1.35333e-09, 0)
j_ras = (0, 2.32831e-10, -1)
k_ras = (-1.33878e-09, 1, -2.32831e-10)
writing to talsrcimg.img...
Analyze Output Matrix
-1.00000   0.00000  -0.00000   133.15393;
 0.00000   0.00000   1.00000  -122.44727;
 0.00000  -1.00000  -0.00000   111.90778;
 0.00000   0.00000   0.00000   1.00000;
--------------------
INFO: set hdr.hist.orient to -1
mpr2mni305 talsrcimg
Sun Mar 15 08:15:08 CET 2026
/opt/freesurfer/bin/mpr2mni305 talsrcimg
mpr2mni305 7.3.2
target=711-2C_as_mni_average_305

---------------------------------------------------------------------
analyzeto4dfp talsrcimg -O0 -y
---------------------------------------------------------------------

freesurfer ifh2hdr.c
Sun Mar 15 08:15:08 2026
Writing: talsrcimg.4dfp.hdr
freesurfer analyzeto4dfp.c
Reading: talsrcimg.hdr
header size 348 bytes
hdr.dime.datatype	offset=70	value=2
hdr.dime.bitpix		offset=72	value=8
hdr.hist.orient		offset=252	value=-1
dimensionality     4
dimensions       256       256       256         1
Reading: talsrcimg.img
Writing: talsrcimg.4dfp.img
Writing: talsrcimg.4dfp.ifh
ifh2hdr talsrcimg -r0to195
ori=2

---------------------------------------------------------------------
gauss_4dfp talsrcimg 1.1
---------------------------------------------------------------------

freesurfer gauss_4dfp.c
Reading: talsrcimg.4dfp.img
Writing: talsrcimg_g11.4dfp.img
image dimensions 256 256 256 padded to 288 288 288
processing volume 1freesurfer ifh2hdr.c
Sun Mar 15 08:15:10 2026
Writing: talsrcimg_g11.4dfp.hdr

Writing: talsrcimg_g11.4dfp.ifh
including: talsrcimg.4dfp.img.rec in talsrcimg_g11.4dfp.img.rec

---------------------------------------------------------------------
imgreg_4dfp /opt/freesurfer/average/711-2C_as_mni_average_305 none talsrcimg_g11 none talsrcimg_to_711-2C_as_mni_average_305_t4 4355
---------------------------------------------------------------------

freesurfer imgreg_4dfp.c
/opt/freesurfer/average/711-2C_as_mni_average_305.4dfp.img
       256       256       256         1
  1.000000  1.000000  1.000000
orientation T byte_order littleendian
Reading image: /opt/freesurfer/average/711-2C_as_mni_average_305.4dfp.img
dimensions:      256       256       256
mmppix:       1.0000   -1.0000   -1.0000
center:     128.0000 -129.0000 -129.0000
talsrcimg_g11.4dfp.img
       256       256       256         1
  1.000000  1.000000  1.000000
orientation T byte_order littleendian
Reading image: talsrcimg_g11.4dfp.img
dimensions:      256       256       256
mmppix:       1.0000   -1.0000   -1.0000
center:     128.0000 -129.0000 -129.0000
t4_read: open error in t4_sub.f l:  41 t4_file(1:l)talsrcimg_to_711-2C_as_mni_average_305_t4 
t4_read: transform initialized to I4
rotation matrix determinant  1.000000
image alignment mode   4355 decimal     1103 hex
   -7.5000  -45.0000  -45.0000 5040.4204   18.7505
    0.0000  -45.0000  -45.0000 5220.0625   18.7229
    7.5000  -45.0000  -45.0000 4961.8271   18.6756
   -7.5000  -37.5000  -45.0000 5647.8486   18.1092
    0.0000  -37.5000  -45.0000 5838.0933   18.0803
    7.5000  -37.5000  -45.0000 5556.1870   18.0323
   -7.5000  -30.0000  -45.0000 6511.8721   17.7142
    0.0000  -30.0000  -45.0000 6723.2290   17.6886
    7.5000  -30.0000  -45.0000 6423.2607   17.6417
   -7.5000  -22.5000  -45.0000 7401.5483   17.4718
    0.0000  -22.5000  -45.0000 7645.5112   17.4489
    7.5000  -22.5000  -45.0000 7314.3604   17.4058
   -7.5000  -15.0000  -45.0000 8267.3447   17.3442
    0.0000  -15.0000  -45.0000 8557.0088   17.3261
    7.5000  -15.0000  -45.0000 8171.6016   17.2878
   -7.5000   -7.5000  -45.0000 9183.5391   17.2419
    0.0000   -7.5000  -45.0000 9510.9062   17.2249
    7.5000   -7.5000  -45.0000 9071.0859   17.1899
   -7.5000    0.0000  -45.000010108.2695   17.1961
    0.0000    0.0000  -45.000010462.1279   17.1764
    7.5000    0.0000  -45.0000 9975.1602   17.1395
   -7.5000    7.5000  -45.000010221.0273   17.2111
    0.0000    7.5000  -45.000010577.8750   17.1890
    7.5000    7.5000  -45.000010108.3330   17.1471
   -7.5000   15.0000  -45.000010193.6973   17.2436
    0.0000   15.0000  -45.000010546.3848   17.2201
    7.5000   15.0000  -45.000010079.3857   17.1760
   -7.5000   22.5000  -45.000010055.7861   17.2603
    0.0000   22.5000  -45.000010437.6104   17.2384
    7.5000   22.5000  -45.0000 9950.6143   17.1965
   -7.5000   30.0000  -45.0000 9874.4336   17.0311
    0.0000   30.0000  -45.000010258.6182   17.0135
    7.5000   30.0000  -45.0000 9768.7988   16.9763
   -7.5000   37.5000  -45.0000 9987.4941   16.9905
    0.0000   37.5000  -45.000010367.5918   16.9738
    7.5000   37.5000  -45.0000 9884.9736   16.9393
   -7.5000   45.0000  -45.0000 9636.8877   16.5361
    0.0000   45.0000  -45.0000 9963.5449   16.5171
    7.5000   45.0000  -45.0000 9505.0000   16.4817
   -7.5000  -45.0000  -37.5000 5415.1470   18.5962
    0.0000  -45.0000  -37.5000 5598.0664   18.5649
    7.5000  -45.0000  -37.5000 5335.4346   18.5206
   -7.5000  -37.5000  -37.5000 6053.7031   17.9657
    0.0000  -37.5000  -37.5000 6247.1694   17.9343
    7.5000  -37.5000  -37.5000 5958.2925   17.8907
   -7.5000  -30.0000  -37.5000 6961.9116   17.5749
    0.0000  -30.0000  -37.5000 7176.3862   17.5455
    7.5000  -30.0000  -37.5000 6865.8340   17.5023
   -7.5000  -22.5000  -37.5000 7889.3203   17.3294
    0.0000  -22.5000  -37.5000 8146.8633   17.3023
    7.5000  -22.5000  -37.5000 7784.3960   17.2611
   -7.5000  -15.0000  -37.5000 8827.2627   17.1974
    0.0000  -15.0000  -37.5000 9148.8398   17.1755
    7.5000  -15.0000  -37.5000 8709.5400   17.1379
   -7.5000   -7.5000  -37.5000 9813.1992   17.0959
    0.0000   -7.5000  -37.500010183.1406   17.0756
    7.5000   -7.5000  -37.5000 9693.4668   17.0413
   -7.5000    0.0000  -37.500010816.5908   17.0550
    0.0000    0.0000  -37.500011206.3701   17.0323
    7.5000    0.0000  -37.500010688.1191   16.9975
   -7.5000    7.5000  -37.500010931.1631   17.0727
    0.0000    7.5000  -37.500011323.3721   17.0477
    7.5000    7.5000  -37.500010814.4805   17.0096
   -7.5000   15.0000  -37.500010865.7148   17.1042
    0.0000   15.0000  -37.500011261.6133   17.0771
    7.5000   15.0000  -37.500010746.3721   17.0364
   -7.5000   22.5000  -37.500010688.1406   17.1170
    0.0000   22.5000  -37.500011106.9365   17.0909
    7.5000   22.5000  -37.500010586.0410   17.0508
   -7.5000   30.0000  -37.500010479.8232   16.8858
    0.0000   30.0000  -37.500010908.9990   16.8646
    7.5000   30.0000  -37.500010406.1865   16.8279
   -7.5000   37.5000  -37.500010589.0410   16.8466
    0.0000   37.5000  -37.500010998.3975   16.8266
    7.5000   37.5000  -37.500010503.3242   16.7928
   -7.5000   45.0000  -37.500010202.9170   16.4005
    0.0000   45.0000  -37.500010575.6436   16.3786
    7.5000   45.0000  -37.500010083.7822   16.3451
   -7.5000  -45.0000  -30.0000 5894.2178   19.4039
    0.0000  -45.0000  -30.0000 6096.9282   19.3612
    7.5000  -45.0000  -30.0000 5798.6982   19.3073
   -7.5000  -37.5000  -30.0000 6548.6567   18.7477
    0.0000  -37.5000  -30.0000 6770.2832   18.7089
    7.5000  -37.5000  -30.0000 6453.0767   18.6603
   -7.5000  -30.0000  -30.0000 7502.9287   18.3374
    0.0000  -30.0000  -30.0000 7765.8140   18.3029
    7.5000  -30.0000  -30.0000 7415.1616   18.2564
   -7.5000  -22.5000  -30.0000 8526.2803   18.0737
    0.0000  -22.5000  -30.0000 8840.8906   18.0410
    7.5000  -22.5000  -30.0000 8413.3906   17.9945
   -7.5000  -15.0000  -30.0000 9597.4600   17.9323
    0.0000  -15.0000  -30.0000 9950.5215   17.9027
    7.5000  -15.0000  -30.0000 9459.5557   17.8563
   -7.5000   -7.5000  -30.000010685.5791   17.8309
    0.0000   -7.5000  -30.000011093.1699   17.8012
    7.5000   -7.5000  -30.000010554.8906   17.7564
   -7.5000    0.0000  -30.000011755.6514   17.7960
    0.0000    0.0000  -30.000012208.7881   17.7644
    7.5000    0.0000  -30.000011621.6953   17.7211
   -7.5000    7.5000  -30.000011859.2061   17.8170
    0.0000    7.5000  -30.000012315.5166   17.7853
    7.5000    7.5000  -30.000011719.5576   17.7425
   -7.5000   15.0000  -30.000011760.7383   17.8455
    0.0000   15.0000  -30.000012213.1963   17.8134
    7.5000   15.0000  -30.000011631.3682   17.7697
   -7.5000   22.5000  -30.000011575.3408   17.8500
    0.0000   22.5000  -30.000012033.9355   17.8185
    7.5000   22.5000  -30.000011452.7266   17.7732
   -7.5000   30.0000  -30.000011323.2588   17.6088
    0.0000   30.0000  -30.000011779.6074   17.5801
    7.5000   30.0000  -30.000011220.1240   17.5348
   -7.5000   37.5000  -30.000011430.3730   17.5724
    0.0000   37.5000  -30.000011872.7314   17.5431
    7.5000   37.5000  -30.000011320.1387   17.4991
   -7.5000   45.0000  -30.000011006.6572   17.1255
    0.0000   45.0000  -30.000011414.6211   17.0951
    7.5000   45.0000  -30.000010875.0254   17.0535
   -7.5000  -45.0000  -22.5000 6351.0479   20.1146
    0.0000  -45.0000  -22.5000 6574.0776   20.0655
    7.5000  -45.0000  -22.5000 6261.3857   20.0010
   -7.5000  -37.5000  -22.5000 7046.5205   19.4302
    0.0000  -37.5000  -22.5000 7293.3838   19.3878
    7.5000  -37.5000  -22.5000 6962.7041   19.3316
   -7.5000  -30.0000  -22.5000 8089.6182   19.0012
    0.0000  -30.0000  -22.5000 8397.0918   18.9666
    7.5000  -30.0000  -22.5000 7997.9272   18.9145
   -7.5000  -22.5000  -22.5000 9226.3779   18.7257
    0.0000  -22.5000  -22.5000 9577.2529   18.6924
    7.5000  -22.5000  -22.5000 9108.7490   18.6398
   -7.5000  -15.0000  -22.500010395.5020   18.5799
    0.0000  -15.0000  -22.500010792.9521   18.5469
    7.5000  -15.0000  -22.500010261.4434   18.4920
   -7.5000   -7.5000  -22.500011567.2422   18.4774
    0.0000   -7.5000  -22.500012017.8242   18.4422
    7.5000   -7.5000  -22.500011430.2285   18.3879
   -7.5000    0.0000  -22.500012677.8320   18.4431
    0.0000    0.0000  -22.500013191.9219   18.4063
    7.5000    0.0000  -22.500012538.5000   18.3544
   -7.5000    7.5000  -22.500012779.8740   18.4642
    0.0000    7.5000  -22.500013290.1807   18.4298
    7.5000    7.5000  -22.500012634.9893   18.3801
   -7.5000   15.0000  -22.500012658.5400   18.4914
    0.0000   15.0000  -22.500013171.6113   18.4592
    7.5000   15.0000  -22.500012520.1260   18.4101
   -7.5000   22.5000  -22.500012468.9492   18.4929
    0.0000   22.5000  -22.500012969.8896   18.4609
    7.5000   22.5000  -22.500012317.3535   18.4096
   -7.5000   30.0000  -22.500012181.9004   18.2477
    0.0000   30.0000  -22.500012671.3672   18.2156
    7.5000   30.0000  -22.500012050.7324   18.1620
   -7.5000   37.5000  -22.500012285.9346   18.2122
    0.0000   37.5000  -22.500012774.1260   18.1776
    7.5000   37.5000  -22.500012162.2119   18.1241
   -7.5000   45.0000  -22.500011787.8330   17.7616
    0.0000   45.0000  -22.500012251.2070   17.7262
    7.5000   45.0000  -22.500011669.2061   17.6762
   -7.5000  -45.0000  -15.0000 6833.7095   20.5823
    0.0000  -45.0000  -15.0000 7083.1045   20.5365
    7.5000  -45.0000  -15.0000 6733.5752   20.4691
   -7.5000  -37.5000  -15.0000 7574.2534   19.8772
    0.0000  -37.5000  -15.0000 7852.5542   19.8369
    7.5000  -37.5000  -15.0000 7483.8535   19.7769
   -7.5000  -30.0000  -15.0000 8715.4883   19.4372
    0.0000  -30.0000  -15.0000 9054.2451   19.4057
    7.5000  -30.0000  -15.0000 8611.8018   19.3503
   -7.5000  -22.5000  -15.0000 9961.6826   19.1603
    0.0000  -22.5000  -15.000010341.4043   19.1304
    7.5000  -22.5000  -15.0000 9832.2305   19.0751
   -7.5000  -15.0000  -15.000011207.7588   19.0155
    0.0000  -15.0000  -15.000011652.8457   18.9855
    7.5000  -15.0000  -15.000011095.0996   18.9283
   -7.5000   -7.5000  -15.000012440.7109   18.9096
    0.0000   -7.5000  -15.000012957.6123   18.8771
    7.5000   -7.5000  -15.000012341.3330   18.8211
   -7.5000    0.0000  -15.000013613.1211   18.8695
    0.0000    0.0000  -15.000014192.0107   18.8351
    7.5000    0.0000  -15.000013515.5273   18.7812
   -7.5000    7.5000  -15.000013707.0879   18.8883
    0.0000    7.5000  -15.000014283.1680   18.8561
    7.5000    7.5000  -15.000013597.2373   18.8032
   -7.5000   15.0000  -15.000013543.6406   18.9171
    0.0000   15.0000  -15.000014145.1230   18.8878
    7.5000   15.0000  -15.000013433.5830   18.8355
   -7.5000   22.5000  -15.000013315.8750   18.9222
    0.0000   22.5000  -15.000013898.4678   18.8935
    7.5000   22.5000  -15.000013196.8428   18.8396
   -7.5000   30.0000  -15.000013005.0479   18.6786
    0.0000   30.0000  -15.000013556.7207   18.6494
    7.5000   30.0000  -15.000012877.0811   18.5935
   -7.5000   37.5000  -15.000013108.1914   18.6409
    0.0000   37.5000  -15.000013683.2812   18.6089
    7.5000   37.5000  -15.000012998.4697   18.5536
   -7.5000   45.0000  -15.000012577.2188   18.1832
    0.0000   45.0000  -15.000013122.3262   18.1501
    7.5000   45.0000  -15.000012469.3770   18.0981
   -7.5000  -45.0000   -7.5000 7327.1558   20.7524
    0.0000  -45.0000   -7.5000 7598.0098   20.7167
    7.5000  -45.0000   -7.5000 7228.4468   20.6564
   -7.5000  -37.5000   -7.5000 8124.9507   20.0419
    0.0000  -37.5000   -7.5000 8430.3574   20.0076
    7.5000  -37.5000   -7.5000 8042.8921   19.9503
   -7.5000  -30.0000   -7.5000 9373.4688   19.6007
    0.0000  -30.0000   -7.5000 9720.2178   19.5734
    7.5000  -30.0000   -7.5000 9274.4023   19.5195
   -7.5000  -22.5000   -7.500010696.5977   19.3279
    0.0000  -22.5000   -7.500011099.9785   19.3031
    7.5000  -22.5000   -7.500010593.4941   19.2520
   -7.5000  -15.0000   -7.500012013.5986   19.1851
    0.0000  -15.0000   -7.500012507.3076   19.1628
    7.5000  -15.0000   -7.500011946.7852   19.1135
   -7.5000   -7.5000   -7.500013313.0693   19.0751
    0.0000   -7.5000   -7.500013895.2930   19.0517
    7.5000   -7.5000   -7.500013272.4150   19.0045
   -7.5000    0.0000   -7.500014571.8672   19.0286
    0.0000    0.0000   -7.500015212.8750   19.0023
    7.5000    0.0000   -7.500014511.8574   18.9546
   -7.5000    7.5000   -7.500014645.5869   19.0455
    0.0000    7.5000   -7.500015302.1719   19.0191
    7.5000    7.5000   -7.500014582.2549   18.9687
   -7.5000   15.0000   -7.500014441.1250   19.0779
    0.0000   15.0000   -7.500015116.8867   19.0527
    7.5000   15.0000   -7.500014391.1201   19.0019
   -7.5000   22.5000   -7.500014165.4912   19.0863
    0.0000   22.5000   -7.500014808.4053   19.0627
    7.5000   22.5000   -7.500014076.5703   19.0129
   -7.5000   30.0000   -7.500013832.6836   18.8451
    0.0000   30.0000   -7.500014457.5469   18.8235
    7.5000   30.0000   -7.500013736.2988   18.7754
   -7.5000   37.5000   -7.500013955.5791   18.8037
    0.0000   37.5000   -7.500014625.4590   18.7807
    7.5000   37.5000   -7.500013890.2979   18.7342
   -7.5000   45.0000   -7.500013414.7070   18.3400
    0.0000   45.0000   -7.500014066.4580   18.3146
    7.5000   45.0000   -7.500013326.3867   18.2686
   -7.5000  -45.0000    0.0000 7767.0513   20.7392
    0.0000  -45.0000    0.0000 8050.6938   20.7103
    7.5000  -45.0000    0.0000 7665.8657   20.6601
   -7.5000  -37.5000    0.0000 8655.4600   20.0335
    0.0000  -37.5000    0.0000 8974.3057   20.0030
    7.5000  -37.5000    0.0000 8556.1182   19.9518
   -7.5000  -30.0000    0.0000 9983.8643   19.5972
    0.0000  -30.0000    0.000010362.7402   19.5704
    7.5000  -30.0000    0.0000 9878.7090   19.5205
   -7.5000  -22.5000    0.000011351.0254   19.3279
    0.0000  -22.5000    0.000011837.8457   19.3042
    7.5000  -22.5000    0.000011296.3184   19.2586
   -7.5000  -15.0000    0.000012741.7510   19.1849
    0.0000  -15.0000    0.000013327.7412   19.1664
    7.5000  -15.0000    0.000012738.7334   19.1262
   -7.5000   -7.5000    0.000014136.8232   19.0714
    0.0000   -7.5000    0.000014781.5332   19.0540
    7.5000   -7.5000    0.000014109.4746   19.0172
   -7.5000    0.0000    0.000015439.7910   19.0218
    0.0000    0.0000    0.000016139.7656   19.0011
    7.5000    0.0000    0.000015409.4277   18.9620
   -7.5000    7.5000    0.000015502.1494   19.0391
    0.0000    7.5000    0.000016220.8262   19.0158
    7.5000    7.5000    0.000015491.8555   18.9711
   -7.5000   15.0000    0.000015305.8887   19.0749
    0.0000   15.0000    0.000015985.2842   19.0503
    7.5000   15.0000    0.000015281.2822   19.0033
   -7.5000   22.5000    0.000014961.1289   19.0863
    0.0000   22.5000    0.000015604.2930   19.0636
    7.5000   22.5000    0.000014920.4102   19.0192
   -7.5000   30.0000    0.000014603.8965   18.8454
    0.0000   30.0000    0.000015260.1699   18.8275
    7.5000   30.0000    0.000014549.1699   18.7883
   -7.5000   37.5000    0.000014759.6826   18.8007
    0.0000   37.5000    0.000015458.2793   18.7836
    7.5000   37.5000    0.000014736.7646   18.7474
   -7.5000   45.0000    0.000014145.1768   18.3348
    0.0000   45.0000    0.000014847.2783   18.3149
    7.5000   45.0000    0.000014141.0488   18.2772
   -7.5000  -45.0000    7.5000 7569.1113   20.7624
    0.0000  -45.0000    7.5000 7866.2734   20.7280
    7.5000  -45.0000    7.5000 7484.6426   20.6790
   -7.5000  -37.5000    7.5000 8489.4717   20.0600
    0.0000  -37.5000    7.5000 8802.5195   20.0254
    7.5000  -37.5000    7.5000 8406.1445   19.9771
   -7.5000  -30.0000    7.5000 9796.0488   19.6247
    0.0000  -30.0000    7.500010190.0371   19.5924
    7.5000  -30.0000    7.5000 9716.3623   19.5445
   -7.5000  -22.5000    7.500011161.2656   19.3511
    0.0000  -22.5000    7.500011644.6172   19.3213
    7.5000  -22.5000    7.500011094.2949   19.2756
   -7.5000  -15.0000    7.500012542.3535   19.2038
    0.0000  -15.0000    7.500013114.2383   19.1798
    7.5000  -15.0000    7.500012491.3643   19.1383
   -7.5000   -7.5000    7.500013885.9824   19.0906
    0.0000   -7.5000    7.500014508.1758   19.0684
    7.5000   -7.5000    7.500013838.0098   19.0304
   -7.5000    0.0000    7.500015149.8750   19.0451
    0.0000    0.0000    7.500015797.3408   19.0201
    7.5000    0.0000    7.500015089.2246   18.9816
   -7.5000    7.5000    7.500015207.6504   19.0649
    0.0000    7.5000    7.500015853.9883   19.0375
    7.5000    7.5000    7.500015155.0010   18.9953
   -7.5000   15.0000    7.500015041.5625   19.1002
    0.0000   15.0000    7.500015654.1143   19.0703
    7.5000   15.0000    7.500014989.4961   19.0253
   -7.5000   22.5000    7.500014681.1172   19.1082
    0.0000   22.5000    7.500015305.4180   19.0796
    7.5000   22.5000    7.500014677.0557   19.0351
   -7.5000   30.0000    7.500014303.2568   18.8634
    0.0000   30.0000    7.500014952.0127   18.8402
    7.5000   30.0000    7.500014339.3330   18.7996
   -7.5000   37.5000    7.500014457.6826   18.8196
    0.0000   37.5000    7.500015160.5312   18.7978
    7.5000   37.5000    7.500014551.8135   18.7604
   -7.5000   45.0000    7.500013819.8604   18.3573
    0.0000   45.0000    7.500014528.9453   18.3332
    7.5000   45.0000    7.500013922.8809   18.2960
   -7.5000  -45.0000   15.0000 7301.5361   20.8334
    0.0000  -45.0000   15.0000 7597.9922   20.7876
    7.5000  -45.0000   15.0000 7245.5259   20.7297
   -7.5000  -37.5000   15.0000 8221.8262   20.1290
    0.0000  -37.5000   15.0000 8548.5146   20.0875
    7.5000  -37.5000   15.0000 8139.8901   20.0353
   -7.5000  -30.0000   15.0000 9496.5801   19.6887
    0.0000  -30.0000   15.0000 9919.5820   19.6517
    7.5000  -30.0000   15.0000 9439.2148   19.6019
   -7.5000  -22.5000   15.000010845.1074   19.4056
    0.0000  -22.5000   15.000011312.2500   19.3705
    7.5000  -22.5000   15.000010766.4287   19.3207
   -7.5000  -15.0000   15.000012187.3135   19.2537
    0.0000  -15.0000   15.000012700.1943   19.2220
    7.5000  -15.0000   15.000012104.1865   19.1722
   -7.5000   -7.5000   15.000013476.4893   19.1448
    0.0000   -7.5000   15.000014011.3398   19.1129
    7.5000   -7.5000   15.000013377.2871   19.0649
   -7.5000    0.0000   15.000014645.2568   19.1073
    0.0000    0.0000   15.000015210.8145   19.0734
    7.5000    0.0000   15.000014544.7295   19.0269
   -7.5000    7.5000   15.000014705.5068   19.1299
    0.0000    7.5000   15.000015233.2803   19.0959
    7.5000    7.5000   15.000014611.1357   19.0500
   -7.5000   15.0000   15.000014577.7139   19.1606
    0.0000   15.0000   15.000015129.4463   19.1263
    7.5000   15.0000   15.000014474.2393   19.0794
   -7.5000   22.5000   15.000014251.1055   19.1612
    0.0000   22.5000   15.000014802.9561   19.1275
    7.5000   22.5000   15.000014232.7832   19.0789
   -7.5000   30.0000   15.000013854.7305   18.9120
    0.0000   30.0000   15.000014440.5488   18.8812
    7.5000   30.0000   15.000013930.2246   18.8326
   -7.5000   37.5000   15.000013995.6826   18.8728
    0.0000   37.5000   15.000014612.1279   18.8414
    7.5000   37.5000   15.000014102.5723   18.7941
   -7.5000   45.0000   15.000013392.3867   18.4172
    0.0000   45.0000   15.000014008.9082   18.3845
    7.5000   45.0000   15.000013470.4287   18.3398
   -7.5000  -45.0000   22.5000 6962.8027   20.8822
    0.0000  -45.0000   22.5000 7233.0386   20.8312
    7.5000  -45.0000   22.5000 6890.9824   20.7642
   -7.5000  -37.5000   22.5000 7845.3726   20.1716
    0.0000  -37.5000   22.5000 8143.9175   20.1277
    7.5000  -37.5000   22.5000 7761.2139   20.0692
   -7.5000  -30.0000   22.5000 9098.6582   19.7262
    0.0000  -30.0000   22.5000 9495.9902   19.6903
    7.5000  -30.0000   22.5000 9019.9385   19.6362
   -7.5000  -22.5000   22.500010393.1221   19.4402
    0.0000  -22.5000   22.500010850.3281   19.4057
    7.5000  -22.5000   22.500010320.6582   19.3510
   -7.5000  -15.0000   22.500011662.9844   19.2888
    0.0000  -15.0000   22.500012170.3447   19.2546
    7.5000  -15.0000   22.500011583.4385   19.1976
   -7.5000   -7.5000   22.500012894.8975   19.1824
    0.0000   -7.5000   22.500013402.5811   19.1459
    7.5000   -7.5000   22.500012782.3770   19.0895
   -7.5000    0.0000   22.500014030.7451   19.1468
    0.0000    0.0000   22.500014548.0195   19.1086
    7.5000    0.0000   22.500013915.1924   19.0547
   -7.5000    7.5000   22.500014095.5078   19.1687
    0.0000    7.5000   22.500014565.0430   19.1330
    7.5000    7.5000   22.500013980.1680   19.0814
   -7.5000   15.0000   22.500013985.6445   19.1970
    0.0000   15.0000   22.500014418.3145   19.1635
    7.5000   15.0000   22.500013839.5439   19.1125
   -7.5000   22.5000   22.500013802.8213   19.1956
    0.0000   22.5000   22.500014205.9258   19.1624
    7.5000   22.5000   22.500013623.7715   19.1091
   -7.5000   30.0000   22.500013544.5029   18.9465
    0.0000   30.0000   22.500013964.6523   18.9132
    7.5000   30.0000   22.500013371.8320   18.8576
   -7.5000   37.5000   22.500013639.5674   18.9097
    0.0000   37.5000   22.500014109.8799   18.8738
    7.5000   37.5000   22.500013541.1787   18.8182
   -7.5000   45.0000   22.500012986.4609   18.4553
    0.0000   45.0000   22.500013459.7871   18.4185
    7.5000   45.0000   22.500012916.5078   18.3665
   -7.5000  -45.0000   30.0000 6537.2139   20.9023
    0.0000  -45.0000   30.0000 6792.9365   20.8555
    7.5000  -45.0000   30.0000 6460.4526   20.7867
   -7.5000  -37.5000   30.0000 7367.5264   20.1867
    0.0000  -37.5000   30.0000 7647.4282   20.1455
    7.5000  -37.5000   30.0000 7283.2227   20.0842
   -7.5000  -30.0000   30.0000 8567.5195   19.7400
    0.0000  -30.0000   30.0000 8912.3701   19.7080
    7.5000  -30.0000   30.0000 8481.6387   19.6513
   -7.5000  -22.5000   30.0000 9804.3779   19.4588
    0.0000  -22.5000   30.000010208.0215   19.4284
    7.5000  -22.5000   30.0000 9727.5996   19.3718
   -7.5000  -15.0000   30.000011040.6729   19.3117
    0.0000  -15.0000   30.000011471.1426   19.2811
    7.5000  -15.0000   30.000010938.3994   19.2226
   -7.5000   -7.5000   30.000012209.1465   19.2040
    0.0000   -7.5000   30.000012660.2598   19.1708
    7.5000   -7.5000   30.000012078.4521   19.1135
   -7.5000    0.0000   30.000013314.6543   19.1630
    0.0000    0.0000   30.000013783.0850   19.1280
    7.5000    0.0000   30.000013133.8623   19.0729
   -7.5000    7.5000   30.000013428.3506   19.1821
    0.0000    7.5000   30.000013874.2656   19.1493
    7.5000    7.5000   30.000013232.5156   19.0953
   -7.5000   15.0000   30.000013337.5898   19.2115
    0.0000   15.0000   30.000013768.9727   19.1816
    7.5000   15.0000   30.000013142.1973   19.1282
   -7.5000   22.5000   30.000013105.7549   19.2147
    0.0000   22.5000   30.000013529.7529   19.1855
    7.5000   22.5000   30.000012934.4668   19.1304
   -7.5000   30.0000   30.000012842.8770   18.9694
    0.0000   30.0000   30.000013271.4033   18.9396
    7.5000   30.0000   30.000012658.1387   18.8826
   -7.5000   37.5000   30.000012978.5615   18.9310
    0.0000   37.5000   30.000013430.6133   18.8984
    7.5000   37.5000   30.000012812.7383   18.8419
   -7.5000   45.0000   30.000012378.0254   18.4709
    0.0000   45.0000   30.000012822.5811   18.4372
    7.5000   45.0000   30.000012247.6309   18.3841
   -7.5000  -45.0000   37.5000 6326.9321   20.9074
    0.0000  -45.0000   37.5000 6555.9717   20.8712
    7.5000  -45.0000   37.5000 6260.4575   20.8097
   -7.5000  -37.5000   37.5000 7113.9224   20.1937
    0.0000  -37.5000   37.5000 7379.7852   20.1589
    7.5000  -37.5000   37.5000 7042.9043   20.1004
   -7.5000  -30.0000   37.5000 8270.3057   19.7513
    0.0000  -30.0000   37.5000 8615.5244   19.7236
    7.5000  -30.0000   37.5000 8204.5908   19.6685
   -7.5000  -22.5000   37.5000 9496.0361   19.4782
    0.0000  -22.5000   37.5000 9901.0977   19.4531
    7.5000  -22.5000   37.5000 9416.0098   19.4009
   -7.5000  -15.0000   37.500010715.8232   19.3358
    0.0000  -15.0000   37.500011158.7559   19.3133
    7.5000  -15.0000   37.500010590.1816   19.2629
   -7.5000   -7.5000   37.500011867.9629   19.2247
    0.0000   -7.5000   37.500012375.1279   19.2011
    7.5000   -7.5000   37.500011730.1377   19.1529
   -7.5000    0.0000   37.500012969.7764   19.1776
    0.0000    0.0000   37.500013500.3799   19.1510
    7.5000    0.0000   37.500012795.6455   19.1023
   -7.5000    7.5000   37.500013082.0742   19.1949
    0.0000    7.5000   37.500013573.7344   19.1681
    7.5000    7.5000   37.500012917.2900   19.1166
   -7.5000   15.0000   37.500012965.5283   19.2277
    0.0000   15.0000   37.500013426.8750   19.2021
    7.5000   15.0000   37.500012805.9365   19.1501
   -7.5000   22.5000   37.500012739.7021   19.2362
    0.0000   22.5000   37.500013174.9014   19.2122
    7.5000   22.5000   37.500012582.9912   19.1613
   -7.5000   30.0000   37.500012466.5391   18.9935
    0.0000   30.0000   37.500012880.6807   18.9716
    7.5000   30.0000   37.500012288.0078   18.9225
   -7.5000   37.5000   37.500012592.8965   18.9516
    0.0000   37.5000   37.500013011.1035   18.9284
    7.5000   37.5000   37.500012408.3867   18.8809
   -7.5000   45.0000   37.500012051.6885   18.4850
    0.0000   45.0000   37.500012475.0918   18.4594
    7.5000   45.0000   37.500011897.2334   18.4124
   -7.5000  -45.0000   45.0000 5777.1821   20.9081
    0.0000  -45.0000   45.0000 6017.3086   20.8778
    7.5000  -45.0000   45.0000 5750.3965   20.8260
   -7.5000  -37.5000   45.0000 6500.4858   20.1970
    0.0000  -37.5000   45.0000 6766.9238   20.1649
    7.5000  -37.5000   45.0000 6464.8003   20.1118
   -7.5000  -30.0000   45.0000 7572.6108   19.7594
    0.0000  -30.0000   45.0000 7902.4590   19.7310
    7.5000  -30.0000   45.0000 7546.1777   19.6792
   -7.5000  -22.5000   45.0000 8709.1230   19.4909
    0.0000  -22.5000   45.0000 9110.2256   19.4657
    7.5000  -22.5000   45.0000 8682.1436   19.4185
   -7.5000  -15.0000   45.0000 9839.5361   19.3491
    0.0000  -15.0000   45.000010291.2695   19.3295
    7.5000  -15.0000   45.0000 9793.5938   19.2880
   -7.5000   -7.5000   45.000010912.0293   19.2340
    0.0000   -7.5000   45.000011406.7549   19.2158
    7.5000   -7.5000   45.000010845.7246   19.1778
   -7.5000    0.0000   45.000011932.8398   19.1837
    0.0000    0.0000   45.000012431.5967   19.1621
    7.5000    0.0000   45.000011816.1982   19.1214
   -7.5000    7.5000   45.000012035.3389   19.2016
    0.0000    7.5000   45.000012512.0615   19.1770
    7.5000    7.5000   45.000011896.0225   19.1305
   -7.5000   15.0000   45.000011936.1445   19.2381
    0.0000   15.0000   45.000012423.1270   19.2121
    7.5000   15.0000   45.000011811.3516   19.1632
   -7.5000   22.5000   45.000011712.6045   19.2495
    0.0000   22.5000   45.000012179.7275   19.2255
    7.5000   22.5000   45.000011616.7090   19.1794
   -7.5000   30.0000   45.000011438.7402   19.0046
    0.0000   30.0000   45.000011867.1914   18.9857
    7.5000   30.0000   45.000011332.2637   18.9452
   -7.5000   37.5000   45.000011565.2725   18.9591
    0.0000   37.5000   45.000011980.9062   18.9411
    7.5000   37.5000   45.000011437.2588   18.9036
   -7.5000   45.0000   45.000011112.1621   18.4992
    0.0000   45.0000   45.000011513.8643   18.4784
    7.5000   45.0000   45.000010991.2666   18.4392

---------------------------------------------------------------------
imgreg_4dfp /opt/freesurfer/average/711-2C_as_mni_average_305 /opt/freesurfer/average/711-2B_as_mni_average_305_mask talsrcimg_g11 none talsrcimg_to_711-2C_as_mni_average_305_t4 4355
---------------------------------------------------------------------

freesurfer imgreg_4dfp.c
/opt/freesurfer/average/711-2C_as_mni_average_305.4dfp.img
       256       256       256         1
  1.000000  1.000000  1.000000
orientation T byte_order littleendian
Reading image: /opt/freesurfer/average/711-2C_as_mni_average_305.4dfp.img
dimensions:      256       256       256
mmppix:       1.0000   -1.0000   -1.0000
center:     128.0000 -129.0000 -129.0000
/opt/freesurfer/average/711-2B_as_mni_average_305_mask.4dfp.img
       256       256       256         1
  1.000000  1.000000  1.000000
orientation T byte_order littleendian
Reading mask: /opt/freesurfer/average/711-2B_as_mni_average_305_mask.4dfp.img (2306576 pixels)
talsrcimg_g11.4dfp.img
       256       256       256         1
  1.000000  1.000000  1.000000
orientation T byte_order littleendian
Reading image: talsrcimg_g11.4dfp.img
dimensions:      256       256       256
mmppix:       1.0000   -1.0000   -1.0000
center:     128.0000 -129.0000 -129.0000
rotation matrix determinant  1.000000
image alignment mode   4355 decimal     1103 hex
   -7.5000  -37.5000  -45.0000 1656.3580   31.2883
    0.0000  -37.5000  -45.0000 1652.1837   31.5192
    7.5000  -37.5000  -45.0000 1626.3910   32.1941
   -7.5000  -30.0000  -45.0000 1775.6560   27.3335
    0.0000  -30.0000  -45.0000 1769.3569   27.5175
    7.5000  -30.0000  -45.0000 1749.7823   28.1426
   -7.5000  -22.5000  -45.0000 1886.3375   24.1641
    0.0000  -22.5000  -45.0000 1879.7977   24.3323
    7.5000  -22.5000  -45.0000 1861.5953   24.9099
   -7.5000  -15.0000  -45.0000 1976.2582   21.6994
    0.0000  -15.0000  -45.0000 1967.6631   21.8211
    7.5000  -15.0000  -45.0000 1944.9351   22.2714
   -7.5000   -7.5000  -45.0000 2065.5554   19.7635
    0.0000   -7.5000  -45.0000 2057.2761   19.8668
    7.5000   -7.5000  -45.0000 2031.7177   20.2539
   -7.5000    0.0000  -45.0000 2140.9836   18.3693
    0.0000    0.0000  -45.0000 2129.9263   18.4327
    7.5000    0.0000  -45.0000 2105.8442   18.7192
   -7.5000    7.5000  -45.0000 2184.5803   17.4319
    0.0000    7.5000  -45.0000 2177.1909   17.4593
    7.5000    7.5000  -45.0000 2156.1536   17.7084
   -7.5000   15.0000  -45.0000 2211.5203   16.8648
    0.0000   15.0000  -45.0000 2205.0039   16.8744
    7.5000   15.0000  -45.0000 2184.1602   17.1322
   -7.5000   22.5000  -45.0000 2220.7957   16.6692
    0.0000   22.5000  -45.0000 2214.5334   16.6569
    7.5000   22.5000  -45.0000 2192.1653   16.9574
   -7.5000   30.0000  -45.0000 2211.7046   16.7853
    0.0000   30.0000  -45.0000 2205.5747   16.7712
    7.5000   30.0000  -45.0000 2181.2415   17.0842
   -7.5000   37.5000  -45.0000 2192.5769   17.2306
    0.0000   37.5000  -45.0000 2189.4324   17.2016
    7.5000   37.5000  -45.0000 2165.4634   17.5099
   -7.5000   45.0000  -45.0000 2154.3401   17.9896
    0.0000   45.0000  -45.0000 2150.1262   17.9373
    7.5000   45.0000  -45.0000 2130.0862   18.2135
   -7.5000   52.5000  -45.0000 2081.7539   18.9490
    0.0000   52.5000  -45.0000 2080.7012   18.8810
    7.5000   52.5000  -45.0000 2059.8447   19.2113
   -7.5000  -37.5000  -37.5000 1720.9620   29.0010
    0.0000  -37.5000  -37.5000 1719.9636   29.1695
    7.5000  -37.5000  -37.5000 1696.1942   29.8103
   -7.5000  -30.0000  -37.5000 1842.8864   25.2144
    0.0000  -30.0000  -37.5000 1838.0156   25.3709
    7.5000  -30.0000  -37.5000 1819.9050   25.9501
   -7.5000  -22.5000  -37.5000 1958.7085   22.2939
    0.0000  -22.5000  -37.5000 1948.6528   22.3543
    7.5000  -22.5000  -37.5000 1928.3425   22.8843
   -7.5000  -15.0000  -37.5000 2057.2886   19.9737
    0.0000  -15.0000  -37.5000 2050.7671   20.0707
    7.5000  -15.0000  -37.5000 2022.6044   20.4713
   -7.5000   -7.5000  -37.5000 2153.6572   18.2214
    0.0000   -7.5000  -37.5000 2146.7217   18.2699
    7.5000   -7.5000  -37.5000 2121.1453   18.5990
   -7.5000    0.0000  -37.5000 2239.7581   16.9010
    0.0000    0.0000  -37.5000 2231.3103   16.9631
    7.5000    0.0000  -37.5000 2208.7837   17.2212
   -7.5000    7.5000  -37.5000 2287.0776   16.0226
    0.0000    7.5000  -37.5000 2280.4348   16.0167
    7.5000    7.5000  -37.5000 2261.4543   16.2469
   -7.5000   15.0000  -37.5000 2312.0571   15.4845
    0.0000   15.0000  -37.5000 2306.8877   15.4647
    7.5000   15.0000  -37.5000 2283.4141   15.7382
   -7.5000   22.5000  -37.5000 2318.5784   15.2625
    0.0000   22.5000  -37.5000 2312.6787   15.2664
    7.5000   22.5000  -37.5000 2290.0913   15.5139
   -7.5000   30.0000  -37.5000 2310.5046   15.3589
    0.0000   30.0000  -37.5000 2309.6853   15.3138
    7.5000   30.0000  -37.5000 2284.5657   15.5812
   -7.5000   37.5000  -37.5000 2292.1743   15.6608
    0.0000   37.5000  -37.5000 2291.0525   15.6269
    7.5000   37.5000  -37.5000 2266.6460   15.9201
   -7.5000   45.0000  -37.5000 2258.8857   16.3469
    0.0000   45.0000  -37.5000 2254.9226   16.3010
    7.5000   45.0000  -37.5000 2227.8054   16.5940
   -7.5000   52.5000  -37.5000 2183.5242   17.2502
    0.0000   52.5000  -37.5000 2182.7043   17.2121
    7.5000   52.5000  -37.5000 2157.6296   17.5220
   -7.5000  -37.5000  -30.0000 1806.7274   27.8897
    0.0000  -37.5000  -30.0000 1805.7781   28.0537
    7.5000  -37.5000  -30.0000 1783.7419   28.7414
   -7.5000  -30.0000  -30.0000 1933.2169   24.2016
    0.0000  -30.0000  -30.0000 1929.1411   24.3871
    7.5000  -30.0000  -30.0000 1909.5903   24.9533
   -7.5000  -22.5000  -30.0000 2059.5679   21.3841
    0.0000  -22.5000  -30.0000 2055.1709   21.5123
    7.5000  -22.5000  -30.0000 2030.3505   21.9287
   -7.5000  -15.0000  -30.0000 2176.2593   19.1874
    0.0000  -15.0000  -30.0000 2170.9373   19.2653
    7.5000  -15.0000  -30.0000 2140.5784   19.5792
   -7.5000   -7.5000  -30.0000 2289.3008   17.5111
    0.0000   -7.5000  -30.0000 2282.5942   17.5337
    7.5000   -7.5000  -30.0000 2255.6213   17.7995
   -7.5000    0.0000  -30.0000 2381.5103   16.1840
    0.0000    0.0000  -30.0000 2374.9021   16.1978
    7.5000    0.0000  -30.0000 2348.2671   16.4500
   -7.5000    7.5000  -30.0000 2431.4678   15.2922
    0.0000    7.5000  -30.0000 2428.0322   15.2959
    7.5000    7.5000  -30.0000 2400.8447   15.5188
   -7.5000   15.0000  -30.0000 2458.4661   14.7674
    0.0000   15.0000  -30.0000 2455.5583   14.7650
    7.5000   15.0000  -30.0000 2423.2258   14.9780
   -7.5000   22.5000  -30.0000 2470.5061   14.5051
    0.0000   22.5000  -30.0000 2468.7905   14.4760
    7.5000   22.5000  -30.0000 2438.9695   14.7022
   -7.5000   30.0000  -30.0000 2462.4800   14.5931
    0.0000   30.0000  -30.0000 2460.4519   14.5339
    7.5000   30.0000  -30.0000 2434.0776   14.7598
   -7.5000   37.5000  -30.0000 2443.3796   14.8900
    0.0000   37.5000  -30.0000 2438.8093   14.8562
    7.5000   37.5000  -30.0000 2412.3623   15.1010
   -7.5000   45.0000  -30.0000 2405.7485   15.5351
    0.0000   45.0000  -30.0000 2402.1978   15.4565
    7.5000   45.0000  -30.0000 2372.6592   15.7401
   -7.5000   52.5000  -30.0000 2328.0933   16.3676
    0.0000   52.5000  -30.0000 2322.4646   16.2846
    7.5000   52.5000  -30.0000 2294.5708   16.5970
   -7.5000  -37.5000  -22.5000 1870.8271   26.7159
    0.0000  -37.5000  -22.5000 1871.1887   26.8983
    7.5000  -37.5000  -22.5000 1854.1372   27.4596
   -7.5000  -30.0000  -22.5000 2007.9413   23.1229
    0.0000  -30.0000  -22.5000 2005.5034   23.2934
    7.5000  -30.0000  -22.5000 1983.3517   23.7561
   -7.5000  -22.5000  -22.5000 2146.7068   20.4140
    0.0000  -22.5000  -22.5000 2140.2368   20.5727
    7.5000  -22.5000  -22.5000 2114.3711   20.9118
   -7.5000  -15.0000  -22.5000 2276.6052   18.3038
    0.0000  -15.0000  -22.5000 2270.2190   18.4168
    7.5000  -15.0000  -22.5000 2241.7712   18.6766
   -7.5000   -7.5000  -22.5000 2395.4336   16.6589
    0.0000   -7.5000  -22.5000 2388.1714   16.7165
    7.5000   -7.5000  -22.5000 2360.0879   16.9285
   -7.5000    0.0000  -22.5000 2486.4358   15.3893
    0.0000    0.0000  -22.5000 2482.4148   15.3856
    7.5000    0.0000  -22.5000 2452.4902   15.5783
   -7.5000    7.5000  -22.5000 2546.0598   14.4897
    0.0000    7.5000  -22.5000 2545.9604   14.4645
    7.5000    7.5000  -22.5000 2513.6116   14.6263
   -7.5000   15.0000  -22.5000 2581.8367   13.9708
    0.0000   15.0000  -22.5000 2578.1748   13.9180
    7.5000   15.0000  -22.5000 2547.6655   14.0958
   -7.5000   22.5000  -22.5000 2606.3984   13.6963
    0.0000   22.5000  -22.5000 2603.8340   13.6375
    7.5000   22.5000  -22.5000 2570.9531   13.8247
   -7.5000   30.0000  -22.5000 2602.0151   13.7940
    0.0000   30.0000  -22.5000 2597.0813   13.7239
    7.5000   30.0000  -22.5000 2570.2783   13.9129
   -7.5000   37.5000  -22.5000 2579.2324   14.0906
    0.0000   37.5000  -22.5000 2578.1082   14.0238
    7.5000   37.5000  -22.5000 2547.8862   14.2254
   -7.5000   45.0000  -22.5000 2535.2935   14.6781
    0.0000   45.0000  -22.5000 2534.7205   14.5968
    7.5000   45.0000  -22.5000 2502.6951   14.8178
   -7.5000   52.5000  -22.5000 2449.3535   15.4672
    0.0000   52.5000  -22.5000 2448.8181   15.3956
    7.5000   52.5000  -22.5000 2414.8796   15.6343
   -7.5000  -37.5000  -15.0000 1915.1514   25.5583
    0.0000  -37.5000  -15.0000 1912.6310   25.7093
    7.5000  -37.5000  -15.0000 1893.2640   26.2859
   -7.5000  -30.0000  -15.0000 2059.5469   22.0996
    0.0000  -30.0000  -15.0000 2058.8044   22.2570
    7.5000  -30.0000  -15.0000 2034.3130   22.6961
   -7.5000  -22.5000  -15.0000 2210.5234   19.5140
    0.0000  -22.5000  -15.0000 2207.1855   19.6454
    7.5000  -22.5000  -15.0000 2175.8018   19.9717
   -7.5000  -15.0000  -15.0000 2343.8643   17.4386
    0.0000  -15.0000  -15.0000 2340.8555   17.5377
    7.5000  -15.0000  -15.0000 2310.2405   17.8172
   -7.5000   -7.5000  -15.0000 2463.9851   15.8028
    0.0000   -7.5000  -15.0000 2464.6570   15.8748
    7.5000   -7.5000  -15.0000 2431.8455   16.1034
   -7.5000    0.0000  -15.0000 2562.7434   14.5735
    0.0000    0.0000  -15.0000 2563.0793   14.5925
    7.5000    0.0000  -15.0000 2530.0803   14.7698
   -7.5000    7.5000  -15.0000 2632.3125   13.6945
    0.0000    7.5000  -15.0000 2632.5710   13.6690
    7.5000    7.5000  -15.0000 2601.6487   13.8374
   -7.5000   15.0000  -15.0000 2679.5457   13.1498
    0.0000   15.0000  -15.0000 2679.1592   13.1021
    7.5000   15.0000  -15.0000 2645.4771   13.2644
   -7.5000   22.5000  -15.0000 2713.8079   12.8856
    0.0000   22.5000  -15.0000 2711.5042   12.8395
    7.5000   22.5000  -15.0000 2675.1167   13.0069
   -7.5000   30.0000  -15.0000 2713.2449   12.9666
    0.0000   30.0000  -15.0000 2710.9990   12.9049
    7.5000   30.0000  -15.0000 2680.0449   13.0475
   -7.5000   37.5000  -15.0000 2691.9531   13.2751
    0.0000   37.5000  -15.0000 2693.0574   13.2060
    7.5000   37.5000  -15.0000 2657.4758   13.3673
   -7.5000   45.0000  -15.0000 2646.0317   13.8588
    0.0000   45.0000  -15.0000 2650.2126   13.7622
    7.5000   45.0000  -15.0000 2612.7966   13.9341
   -7.5000   52.5000  -15.0000 2548.7031   14.5991
    0.0000   52.5000  -15.0000 2553.9417   14.4971
    7.5000   52.5000  -15.0000 2518.9690   14.6928
   -7.5000  -37.5000   -7.5000 1944.2084   24.4393
    0.0000  -37.5000   -7.5000 1941.1426   24.6472
    7.5000  -37.5000   -7.5000 1926.4165   25.1890
   -7.5000  -30.0000   -7.5000 2100.2703   21.1316
    0.0000  -30.0000   -7.5000 2097.6960   21.2970
    7.5000  -30.0000   -7.5000 2074.7307   21.7206
   -7.5000  -22.5000   -7.5000 2248.7620   18.6426
    0.0000  -22.5000   -7.5000 2246.3496   18.7056
    7.5000  -22.5000   -7.5000 2219.3779   19.1153
   -7.5000  -15.0000   -7.5000 2384.1624   16.6326
    0.0000  -15.0000   -7.5000 2383.2791   16.6869
    7.5000  -15.0000   -7.5000 2356.2476   17.0258
   -7.5000   -7.5000   -7.5000 2507.2598   15.0365
    0.0000   -7.5000   -7.5000 2508.4722   15.0744
    7.5000   -7.5000   -7.5000 2476.3525   15.3444
   -7.5000    0.0000   -7.5000 2617.8630   13.8023
    0.0000    0.0000   -7.5000 2616.9846   13.8356
    7.5000    0.0000   -7.5000 2581.3794   14.0555
   -7.5000    7.5000   -7.5000 2705.0063   12.9376
    0.0000    7.5000   -7.5000 2702.6855   12.9328
    7.5000    7.5000   -7.5000 2668.2505   13.1130
   -7.5000   15.0000   -7.5000 2760.0444   12.3780
    0.0000   15.0000   -7.5000 2760.6987   12.3506
    7.5000   15.0000   -7.5000 2727.7542   12.5157
   -7.5000   22.5000   -7.5000 2800.5918   12.1143
    0.0000   22.5000   -7.5000 2801.7642   12.0674
    7.5000   22.5000   -7.5000 2760.1399   12.2361
   -7.5000   30.0000   -7.5000 2809.0820   12.1555
    0.0000   30.0000   -7.5000 2810.6179   12.1055
    7.5000   30.0000   -7.5000 2773.1504   12.2493
   -7.5000   37.5000   -7.5000 2787.4949   12.4841
    0.0000   37.5000   -7.5000 2795.9141   12.4235
    7.5000   37.5000   -7.5000 2755.1799   12.5829
   -7.5000   45.0000   -7.5000 2740.5679   13.0640
    0.0000   45.0000   -7.5000 2750.6914   12.9745
    7.5000   45.0000   -7.5000 2707.7598   13.1524
   -7.5000   52.5000   -7.5000 2633.7625   13.7638
    0.0000   52.5000   -7.5000 2642.5024   13.6727
    7.5000   52.5000   -7.5000 2606.1794   13.8561
   -7.5000  -37.5000    0.0000 1967.7450   23.7991
    0.0000  -37.5000    0.0000 1964.6956   23.9140
    7.5000  -37.5000    0.0000 1947.7446   24.5025
   -7.5000  -30.0000    0.0000 2123.1128   20.5492
    0.0000  -30.0000    0.0000 2121.2029   20.6470
    7.5000  -30.0000    0.0000 2097.7236   21.0723
   -7.5000  -22.5000    0.0000 2267.1577   18.0537
    0.0000  -22.5000    0.0000 2268.2275   18.0929
    7.5000  -22.5000    0.0000 2244.0029   18.4974
   -7.5000  -15.0000    0.0000 2399.1802   16.0616
    0.0000  -15.0000    0.0000 2401.4668   16.1056
    7.5000  -15.0000    0.0000 2377.8838   16.4671
   -7.5000   -7.5000    0.0000 2529.9312   14.4728
    0.0000   -7.5000    0.0000 2529.0156   14.4850
    7.5000   -7.5000    0.0000 2499.1365   14.8033
   -7.5000    0.0000    0.0000 2651.6899   13.2497
    0.0000    0.0000    0.0000 2650.8066   13.2668
    7.5000    0.0000    0.0000 2615.8704   13.5076
   -7.5000    7.5000    0.0000 2750.8403   12.3673
    0.0000    7.5000    0.0000 2753.2888   12.3730
    7.5000    7.5000    0.0000 2714.1294   12.5903
   -7.5000   15.0000    0.0000 2825.4568   11.8221
    0.0000   15.0000    0.0000 2826.8613   11.7856
    7.5000   15.0000    0.0000 2786.9333   11.9757
   -7.5000   22.5000    0.0000 2875.0754   11.5285
    0.0000   22.5000    0.0000 2877.9065   11.4700
    7.5000   22.5000    0.0000 2834.2820   11.6822
   -7.5000   30.0000    0.0000 2893.9277   11.5379
    0.0000   30.0000    0.0000 2902.1069   11.4789
    7.5000   30.0000    0.0000 2856.2244   11.6751
   -7.5000   37.5000    0.0000 2873.1997   11.8779
    0.0000   37.5000    0.0000 2885.5767   11.8142
    7.5000   37.5000    0.0000 2843.0239   12.0030
   -7.5000   45.0000    0.0000 2814.4856   12.4155
    0.0000   45.0000    0.0000 2826.5679   12.3600
    7.5000   45.0000    0.0000 2786.1829   12.5384
   -7.5000   52.5000    0.0000 2698.4587   13.0808
    0.0000   52.5000    0.0000 2708.2217   13.0184
    7.5000   52.5000    0.0000 2671.8015   13.2102
   -7.5000  -37.5000    7.5000 1982.0402   23.6028
    0.0000  -37.5000    7.5000 1980.3330   23.6396
    7.5000  -37.5000    7.5000 1963.2473   24.1068
   -7.5000  -30.0000    7.5000 2130.3281   20.3911
    0.0000  -30.0000    7.5000 2130.9717   20.3649
    7.5000  -30.0000    7.5000 2110.3384   20.7670
   -7.5000  -22.5000    7.5000 2273.3120   17.8659
    0.0000  -22.5000    7.5000 2275.9827   17.8022
    7.5000  -22.5000    7.5000 2252.0667   18.1594
   -7.5000  -15.0000    7.5000 2406.2190   15.8063
    0.0000  -15.0000    7.5000 2410.5798   15.7614
    7.5000  -15.0000    7.5000 2385.9272   16.0981
   -7.5000   -7.5000    7.5000 2534.5098   14.2118
    0.0000   -7.5000    7.5000 2539.8113   14.1413
    7.5000   -7.5000    7.5000 2509.4983   14.4551
   -7.5000    0.0000    7.5000 2660.9583   12.9744
    0.0000    0.0000    7.5000 2662.0022   12.9039
    7.5000    0.0000    7.5000 2627.2205   13.1850
   -7.5000    7.5000    7.5000 2772.2310   12.0678
    0.0000    7.5000    7.5000 2775.4705   11.9989
    7.5000    7.5000    7.5000 2736.9153   12.2579
   -7.5000   15.0000    7.5000 2865.2009   11.4743
    0.0000   15.0000    7.5000 2870.4692   11.4000
    7.5000   15.0000    7.5000 2824.7417   11.6391
   -7.5000   22.5000    7.5000 2934.5298   11.1506
    0.0000   22.5000    7.5000 2941.3176   11.1028
    7.5000   22.5000    7.5000 2892.0833   11.3303
   -7.5000   30.0000    7.5000 2964.1475   11.1175
    0.0000   30.0000    7.5000 2978.4036   11.0735
    7.5000   30.0000    7.5000 2925.5540   11.3033
   -7.5000   37.5000    7.5000 2938.3906   11.4688
    0.0000   37.5000    7.5000 2960.5872   11.4441
    7.5000   37.5000    7.5000 2908.5674   11.6683
   -7.5000   45.0000    7.5000 2866.0662   11.9912
    0.0000   45.0000    7.5000 2884.7273   11.9658
    7.5000   45.0000    7.5000 2838.1072   12.1776
   -7.5000   52.5000    7.5000 2742.1355   12.6238
    0.0000   52.5000    7.5000 2752.7046   12.5955
    7.5000   52.5000    7.5000 2712.7217   12.7998
   -7.5000  -37.5000   15.0000 1979.0162   23.7461
    0.0000  -37.5000   15.0000 1981.0872   23.6226
    7.5000  -37.5000   15.0000 1959.7579   24.1459
   -7.5000  -30.0000   15.0000 2125.6394   20.4762
    0.0000  -30.0000   15.0000 2135.5991   20.2999
    7.5000  -30.0000   15.0000 2112.4600   20.7212
   -7.5000  -22.5000   15.0000 2264.4622   17.8999
    0.0000  -22.5000   15.0000 2275.2964   17.7313
    7.5000  -22.5000   15.0000 2252.8513   18.0511
   -7.5000  -15.0000   15.0000 2394.6921   15.8190
    0.0000  -15.0000   15.0000 2407.0825   15.6252
    7.5000  -15.0000   15.0000 2382.8833   15.9423
   -7.5000   -7.5000   15.0000 2526.0078   14.1931
    0.0000   -7.5000   15.0000 2532.2654   13.9920
    7.5000   -7.5000   15.0000 2502.1584   14.3134
   -7.5000    0.0000   15.0000 2647.4067   12.9186
    0.0000    0.0000   15.0000 2652.7754   12.7529
    7.5000    0.0000   15.0000 2619.4246   13.0683
   -7.5000    7.5000   15.0000 2765.3423   11.9803
    0.0000    7.5000   15.0000 2772.6565   11.8344
    7.5000    7.5000   15.0000 2736.5193   12.1285
   -7.5000   15.0000   15.0000 2869.3687   11.3633
    0.0000   15.0000   15.0000 2879.1831   11.2142
    7.5000   15.0000   15.0000 2835.7488   11.5160
   -7.5000   22.5000   15.0000 2956.0188   11.0430
    0.0000   22.5000   15.0000 2969.6816   10.9244
    7.5000   22.5000   15.0000 2920.8259   11.2119
   -7.5000   30.0000   15.0000 3002.9373   10.9754
    0.0000   30.0000   15.0000 3028.8811   10.9017
    7.5000   30.0000   15.0000 2966.4590   11.2001
   -7.5000   37.5000   15.0000 2969.9724   11.3112
    0.0000   37.5000   15.0000 2999.3289   11.2237
    7.5000   37.5000   15.0000 2939.1313   11.4882
   -7.5000   45.0000   15.0000 2883.4155   11.8269
    0.0000   45.0000   15.0000 2905.8491   11.7344
    7.5000   45.0000   15.0000 2861.3562   11.9648
   -7.5000   52.5000   15.0000 2751.1235   12.4539
    0.0000   52.5000   15.0000 2764.5391   12.3729
    7.5000   52.5000   15.0000 2728.5264   12.6037
   -7.5000  -37.5000   22.5000 1956.3032   24.1942
    0.0000  -37.5000   22.5000 1957.1263   23.8912
    7.5000  -37.5000   22.5000 1936.9083   24.4077
   -7.5000  -30.0000   22.5000 2108.2234   20.8278
    0.0000  -30.0000   22.5000 2119.7048   20.6129
    7.5000  -30.0000   22.5000 2093.4641   20.9491
   -7.5000  -22.5000   22.5000 2247.5332   18.1377
    0.0000  -22.5000   22.5000 2265.1440   17.9506
    7.5000  -22.5000   22.5000 2240.5474   18.2312
   -7.5000  -15.0000   22.5000 2377.3684   15.9936
    0.0000  -15.0000   22.5000 2393.6685   15.7657
    7.5000  -15.0000   22.5000 2366.6035   16.0698
   -7.5000   -7.5000   22.5000 2504.2812   14.3258
    0.0000   -7.5000   22.5000 2515.1365   14.1023
    7.5000   -7.5000   22.5000 2485.7922   14.4191
   -7.5000    0.0000   22.5000 2621.8694   13.0590
    0.0000    0.0000   22.5000 2632.8323   12.8452
    7.5000    0.0000   22.5000 2602.7480   13.1689
   -7.5000    7.5000   22.5000 2744.1702   12.1299
    0.0000    7.5000   22.5000 2752.8667   11.9103
    7.5000    7.5000   22.5000 2721.2095   12.2354
   -7.5000   15.0000   22.5000 2848.7795   11.5039
    0.0000   15.0000   22.5000 2858.7317   11.2908
    7.5000   15.0000   22.5000 2824.4912   11.6248
   -7.5000   22.5000   22.5000 2940.5557   11.2181
    0.0000   22.5000   22.5000 2957.8826   11.0444
    7.5000   22.5000   22.5000 2910.7104   11.3553
   -7.5000   30.0000   22.5000 2988.8093   11.1945
    0.0000   30.0000   22.5000 3012.9302   11.0356
    7.5000   30.0000   22.5000 2959.0659   11.3115
   -7.5000   37.5000   22.5000 2960.1733   11.4280
    0.0000   37.5000   22.5000 2985.2346   11.2987
    7.5000   37.5000   22.5000 2937.2988   11.5504
   -7.5000   45.0000   22.5000 2878.5249   11.8482
    0.0000   45.0000   22.5000 2897.7683   11.7557
    7.5000   45.0000   22.5000 2859.6782   11.9842
   -7.5000   52.5000   22.5000 2739.1858   12.5034
    0.0000   52.5000   22.5000 2753.3274   12.4081
    7.5000   52.5000   22.5000 2725.3965   12.6266
   -7.5000  -37.5000   30.0000 1912.1232   24.9525
    0.0000  -37.5000   30.0000 1914.9767   24.6758
    7.5000  -37.5000   30.0000 1894.0017   25.0852
   -7.5000  -30.0000   30.0000 2070.4302   21.4444
    0.0000  -30.0000   30.0000 2082.3877   21.1890
    7.5000  -30.0000   30.0000 2055.9089   21.4937
   -7.5000  -22.5000   30.0000 2217.4187   18.6514
    0.0000  -22.5000   30.0000 2235.1023   18.3485
    7.5000  -22.5000   30.0000 2210.3955   18.6457
   -7.5000  -15.0000   30.0000 2347.3735   16.4545
    0.0000  -15.0000   30.0000 2363.8611   16.1682
    7.5000  -15.0000   30.0000 2341.7925   16.4510
   -7.5000   -7.5000   30.0000 2467.1960   14.7473
    0.0000   -7.5000   30.0000 2481.3342   14.4782
    7.5000   -7.5000   30.0000 2458.1587   14.7864
   -7.5000    0.0000   30.0000 2586.7427   13.4838
    0.0000    0.0000   30.0000 2596.7234   13.2386
    7.5000    0.0000   30.0000 2566.2437   13.5011
   -7.5000    7.5000   30.0000 2706.6807   12.5461
    0.0000    7.5000   30.0000 2716.9148   12.3413
    7.5000    7.5000   30.0000 2687.9211   12.5896
   -7.5000   15.0000   30.0000 2808.1116   11.9008
    0.0000   15.0000   30.0000 2818.8940   11.7285
    7.5000   15.0000   30.0000 2788.3945   11.9998
   -7.5000   22.5000   30.0000 2890.5825   11.5404
    0.0000   22.5000   30.0000 2909.4045   11.3856
    7.5000   22.5000   30.0000 2869.8743   11.6526
   -7.5000   30.0000   30.0000 2936.4846   11.4726
    0.0000   30.0000   30.0000 2952.1489   11.3595
    7.5000   30.0000   30.0000 2908.2051   11.6065
   -7.5000   37.5000   30.0000 2909.3965   11.7276
    0.0000   37.5000   30.0000 2928.7852   11.6303
    7.5000   37.5000   30.0000 2889.9036   11.8487
   -7.5000   45.0000   30.0000 2831.1606   12.1759
    0.0000   45.0000   30.0000 2852.4348   12.0860
    7.5000   45.0000   30.0000 2819.8188   12.3029
   -7.5000   52.5000   30.0000 2698.7329   12.8237
    0.0000   52.5000   30.0000 2713.3145   12.7358
    7.5000   52.5000   30.0000 2689.1692   12.9325
   -7.5000  -37.5000   37.5000 1864.6681   26.0311
    0.0000  -37.5000   37.5000 1863.8309   25.6830
    7.5000  -37.5000   37.5000 1850.6476   26.0820
   -7.5000  -30.0000   37.5000 2023.3644   22.3043
    0.0000  -30.0000   37.5000 2030.7582   22.0151
    7.5000  -30.0000   37.5000 2014.6122   22.2922
   -7.5000  -22.5000   37.5000 2173.7458   19.4262
    0.0000  -22.5000   37.5000 2188.3198   19.1095
    7.5000  -22.5000   37.5000 2169.4124   19.3493
   -7.5000  -15.0000   37.5000 2306.0149   17.1444
    0.0000  -15.0000   37.5000 2323.9175   16.8734
    7.5000  -15.0000   37.5000 2298.3047   17.0896
   -7.5000   -7.5000   37.5000 2423.6704   15.4086
    0.0000   -7.5000   37.5000 2444.4771   15.1881
    7.5000   -7.5000   37.5000 2416.0146   15.3998
   -7.5000    0.0000   37.5000 2540.1746   14.1288
    0.0000    0.0000   37.5000 2557.6316   13.9221
    7.5000    0.0000   37.5000 2527.9402   14.1337
   -7.5000    7.5000   37.5000 2654.5200   13.1497
    0.0000    7.5000   37.5000 2669.4905   12.9573
    7.5000    7.5000   37.5000 2643.0723   13.1878
   -7.5000   15.0000   37.5000 2748.0420   12.4667
    0.0000   15.0000   37.5000 2763.8750   12.2781
    7.5000   15.0000   37.5000 2737.7544   12.5357
   -7.5000   22.5000   37.5000 2816.4629   12.0901
    0.0000   22.5000   37.5000 2835.8127   11.9059
    7.5000   22.5000   37.5000 2806.4932   12.1749
   -7.5000   30.0000   37.5000 2855.5342   11.9847
    0.0000   30.0000   37.5000 2865.9922   11.8863
    7.5000   30.0000   37.5000 2835.2903   12.1001
   -7.5000   37.5000   37.5000 2830.6921   12.2248
    0.0000   37.5000   37.5000 2843.1570   12.1192
    7.5000   37.5000   37.5000 2815.0818   12.3267
   -7.5000   45.0000   37.5000 2760.0491   12.7083
    0.0000   45.0000   37.5000 2776.5818   12.5935
    7.5000   45.0000   37.5000 2751.5098   12.7930
   -7.5000   52.5000   37.5000 2639.0854   13.3481
    0.0000   52.5000   37.5000 2651.9023   13.2432
    7.5000   52.5000   37.5000 2631.0439   13.4229
   -7.5000  -37.5000   45.0000 1804.5936   27.6050
    0.0000  -37.5000   45.0000 1807.3506   27.2194
    7.5000  -37.5000   45.0000 1796.9049   27.6075
   -7.5000  -30.0000   45.0000 1963.4003   23.5923
    0.0000  -30.0000   45.0000 1973.9255   23.2883
    7.5000  -30.0000   45.0000 1961.6520   23.5817
   -7.5000  -22.5000   45.0000 2114.3665   20.5046
    0.0000  -22.5000   45.0000 2132.7891   20.2238
    7.5000  -22.5000   45.0000 2115.5105   20.4750
   -7.5000  -15.0000   45.0000 2247.8682   18.1308
    0.0000  -15.0000   45.0000 2269.7725   17.9022
    7.5000  -15.0000   45.0000 2250.0100   18.1016
   -7.5000   -7.5000   45.0000 2364.9673   16.3359
    0.0000   -7.5000   45.0000 2388.7722   16.1072
    7.5000   -7.5000   45.0000 2366.2808   16.3082
   -7.5000    0.0000   45.0000 2480.9595   14.9707
    0.0000    0.0000   45.0000 2501.2051   14.7790
    7.5000    0.0000   45.0000 2476.1455   14.9551
   -7.5000    7.5000   45.0000 2590.6594   13.9529
    0.0000    7.5000   45.0000 2608.3125   13.7590
    7.5000    7.5000   45.0000 2581.2649   13.9515
   -7.5000   15.0000   45.0000 2672.9148   13.2585
    0.0000   15.0000   45.0000 2695.7754   13.0717
    7.5000   15.0000   45.0000 2668.3152   13.2820
   -7.5000   22.5000   45.0000 2727.7065   12.8335
    0.0000   22.5000   45.0000 2750.6140   12.6814
    7.5000   22.5000   45.0000 2727.0854   12.9015
   -7.5000   30.0000   45.0000 2751.1245   12.7161
    0.0000   30.0000   45.0000 2763.9863   12.6307
    7.5000   30.0000   45.0000 2743.3513   12.8384
   -7.5000   37.5000   45.0000 2728.2996   12.9367
    0.0000   37.5000   45.0000 2739.4722   12.8326
    7.5000   37.5000   45.0000 2721.9895   13.0295
   -7.5000   45.0000   45.0000 2667.5959   13.4277
    0.0000   45.0000   45.0000 2679.8792   13.3111
    7.5000   45.0000   45.0000 2661.6675   13.4966
   -7.5000   52.5000   45.0000 2563.8228   14.0553
    0.0000   52.5000   45.0000 2575.6848   13.9334
    7.5000   52.5000   45.0000 2554.0259   14.1028

---------------------------------------------------------------------
imgreg_4dfp /opt/freesurfer/average/711-2C_as_mni_average_305 /opt/freesurfer/average/711-2B_as_mni_average_305_mask talsrcimg_g11 none talsrcimg_to_711-2C_as_mni_average_305_t4 1283
---------------------------------------------------------------------

freesurfer imgreg_4dfp.c
/opt/freesurfer/average/711-2C_as_mni_average_305.4dfp.img
       256       256       256         1
  1.000000  1.000000  1.000000
orientation T byte_order littleendian
Reading image: /opt/freesurfer/average/711-2C_as_mni_average_305.4dfp.img
dimensions:      256       256       256
mmppix:       1.0000   -1.0000   -1.0000
center:     128.0000 -129.0000 -129.0000
/opt/freesurfer/average/711-2B_as_mni_average_305_mask.4dfp.img
       256       256       256         1
  1.000000  1.000000  1.000000
orientation T byte_order littleendian
Reading mask: /opt/freesurfer/average/711-2B_as_mni_average_305_mask.4dfp.img (2306576 pixels)
talsrcimg_g11.4dfp.img
       256       256       256         1
  1.000000  1.000000  1.000000
orientation T byte_order littleendian
Reading image: talsrcimg_g11.4dfp.img
dimensions:      256       256       256
mmppix:       1.0000   -1.0000   -1.0000
center:     128.0000 -129.0000 -129.0000
rotation matrix determinant  1.000000
fimgreg.f
image alignment mode   1283 decimal      503 hex
parameters
    0.0000   30.0000   15.0000    0.0000    0.0000    0.0000
eta,q 0.95068 10.88656
niter,ni,del,rscale     5    3   12.0000    1.2000
parameter  5  0.539939 ->  0.500000 qaram    1.1500
parameters
   -2.5789   30.7805   17.1772   -2.8874   -3.4500    1.1733
eta,q 0.95717 10.69522
  0.0531  0.0587  0.0598  0.0468  0.0459  0.0481
  0.0491  0.0527  0.0560  0.0456  0.0433  0.0455
  0.0488  0.0493  0.0521  0.0455  0.0430  0.0438
  0.0512  0.0483  0.0483  0.0465  0.0454  0.0429
  0.0551  0.0489  0.0466  0.0483  0.0485  0.0430
  0.0606  0.0505  0.0478  0.0508  0.0508  0.0440
  0.0665  0.0538  0.0512  0.0537  0.0531  0.0450
niter,ni,del,rscale     5    3   12.0000    1.2000
parameter  4  0.733263 ->  0.500000 qaram    1.1500
parameters
   -1.2924   32.3879   16.9016   -6.3374   -3.9278    3.2143
eta,q 0.96171 10.70187
  0.0619  0.0569  0.0514  0.0406  0.0475  0.0458
  0.0539  0.0504  0.0468  0.0392  0.0429  0.0429
  0.0475  0.0448  0.0430  0.0398  0.0397  0.0405
  0.0428  0.0419  0.0417  0.0417  0.0392  0.0390
  0.0422  0.0418  0.0439  0.0440  0.0418  0.0383
  0.0457  0.0434  0.0482  0.0466  0.0455  0.0386
  0.0512  0.0465  0.0530  0.0492  0.0489  0.0405
niter,ni,del,rscale     5    3   12.0000    1.2000
parameters
   -0.7424   34.1160   16.8798   -6.7057   -3.9753    3.3401
eta,q 0.96317 10.73771
  0.0570  0.0575  0.0485  0.0457  0.0459  0.0422
  0.0492  0.0508  0.0430  0.0405  0.0419  0.0397
  0.0425  0.0427  0.0386  0.0367  0.0384  0.0381
  0.0383  0.0380  0.0371  0.0370  0.0369  0.0369
  0.0394  0.0371  0.0390  0.0391  0.0386  0.0369
  0.0449  0.0393  0.0433  0.0427  0.0420  0.0389
  0.0520  0.0444  0.0485  0.0465  0.0462  0.0425
niter,ni,del,rscale     4    3   12.0000    1.2000
parameters
   -0.6642   34.3670   16.8449   -6.8787   -4.0402    3.3427
eta,q 0.96320 10.74223
  0.0540  0.0527  0.0483  0.0462  0.0458  0.0420
  0.0464  0.0443  0.0427  0.0410  0.0418  0.0396
  0.0397  0.0384  0.0384  0.0368  0.0383  0.0379
  0.0368  0.0368  0.0369  0.0369  0.0368  0.0368
  0.0396  0.0385  0.0388  0.0387  0.0385  0.0370
  0.0458  0.0432  0.0431  0.0422  0.0419  0.0391
  0.0532  0.0496  0.0483  0.0462  0.0461  0.0426
niter,ni,del,rscale     3    3   12.0000    1.2000
parameters
   -0.6517   34.4625   16.8229   -6.9657   -4.0635    3.3357
eta,q 0.96321 10.74377
  0.0536  0.0520  0.0483  0.0464  0.0458  0.0419
  0.0461  0.0436  0.0427  0.0413  0.0418  0.0396
  0.0395  0.0379  0.0383  0.0369  0.0383  0.0379
  0.0368  0.0368  0.0368  0.0368  0.0368  0.0368
  0.0397  0.0388  0.0387  0.0386  0.0384  0.0370
  0.0460  0.0438  0.0429  0.0421  0.0418  0.0391
  0.0534  0.0502  0.0482  0.0461  0.0460  0.0426
niter,ni,del,rscale     2    3   12.0000    1.2000
parameters
   -0.6511   34.5056   16.8110   -7.0105   -4.0710    3.3298
eta,q 0.96321 10.74433
  0.0536  0.0518  0.0483  0.0465  0.0458  0.0419
  0.0460  0.0434  0.0427  0.0414  0.0418  0.0396
  0.0394  0.0378  0.0383  0.0370  0.0383  0.0379
  0.0368  0.0368  0.0368  0.0368  0.0368  0.0368
  0.0397  0.0390  0.0387  0.0385  0.0384  0.0370
  0.0461  0.0439  0.0429  0.0420  0.0417  0.0391
  0.0534  0.0504  0.0481  0.0460  0.0459  0.0426
registration optimization eta report
parameter search radius
    6.0000    6.0000    6.0000    6.9000    6.9000    6.0000
100000*second partial in parameter space
       45.       40.       31.       20.       18.       15.
  0.0536  0.0518  0.0483  0.0465  0.0458  0.0419
  0.0460  0.0434  0.0427  0.0414  0.0418  0.0396
  0.0394  0.0378  0.0383  0.0370  0.0383  0.0379
  0.0368  0.0368  0.0368  0.0368  0.0368  0.0368
  0.0397  0.0390  0.0387  0.0385  0.0384  0.0370
  0.0461  0.0439  0.0429  0.0420  0.0417  0.0391
  0.0534  0.0504  0.0481  0.0460  0.0459  0.0426
   -0.6511   34.5056   16.8110   -7.0105   -4.0710    3.3298
eta,q 0.96321 10.74433

---------------------------------------------------------------------
imgreg_4dfp /opt/freesurfer/average/711-2C_as_mni_average_305 /opt/freesurfer/average/711-2B_as_mni_average_305_mask talsrcimg_g11 none talsrcimg_to_711-2C_as_mni_average_305_t4 3335
---------------------------------------------------------------------

freesurfer imgreg_4dfp.c
/opt/freesurfer/average/711-2C_as_mni_average_305.4dfp.img
       256       256       256         1
  1.000000  1.000000  1.000000
orientation T byte_order littleendian
Reading image: /opt/freesurfer/average/711-2C_as_mni_average_305.4dfp.img
dimensions:      256       256       256
mmppix:       1.0000   -1.0000   -1.0000
center:     128.0000 -129.0000 -129.0000
/opt/freesurfer/average/711-2B_as_mni_average_305_mask.4dfp.img
       256       256       256         1
  1.000000  1.000000  1.000000
orientation T byte_order littleendian
Reading mask: /opt/freesurfer/average/711-2B_as_mni_average_305_mask.4dfp.img (2306576 pixels)
talsrcimg_g11.4dfp.img
       256       256       256         1
  1.000000  1.000000  1.000000
orientation T byte_order littleendian
Reading image: talsrcimg_g11.4dfp.img
dimensions:      256       256       256
mmppix:       1.0000   -1.0000   -1.0000
center:     128.0000 -129.0000 -129.0000
fimgreg.f
image alignment mode   3335 decimal      D07 hex
parameters
   -0.6511   34.5056   16.8110   -0.4207   -0.9655   -0.9981
   -6.6299    6.3253    5.7937   12.5938   -7.0992  -12.1744
eta,q 0.96190 10.87607
niter,ni,del,rscale     5    3    5.0000    1.2000
parameter  4  1.003938 ->  0.500000 qaram    1.1500
parameter  5  1.991542 ->  0.500000 qaram    1.1500
parameter  6  0.739855 ->  0.500000 qaram    1.1500
parameters
   -0.6335   34.5388   16.0504   -4.5607   -5.1055   -5.1381
   -5.1266    6.9616    6.4737   10.8939   -4.3147  -11.8828
eta,q 0.97285 10.37423
  0.0411  0.0399  0.0388  0.0344  0.0280  0.0277  0.0307  0.0324  0.0297  0.0292  0.0298  0.0283
  0.0395  0.0389  0.0381  0.0348  0.0296  0.0276  0.0293  0.0301  0.0286  0.0280  0.0286  0.0277
  0.0385  0.0383  0.0379  0.0359  0.0319  0.0280  0.0282  0.0283  0.0278  0.0274  0.0278  0.0273
  0.0381  0.0381  0.0381  0.0379  0.0350  0.0301  0.0276  0.0275  0.0275  0.0274  0.0273  0.0272
  0.0384  0.0382  0.0387  0.0409  0.0385  0.0338  0.0275  0.0278  0.0276  0.0284  0.0272  0.0272
  0.0394  0.0388  0.0397  0.0449  0.0422  0.0384  0.0280  0.0290  0.0281  0.0301  0.0273  0.0276
  0.0410  0.0399  0.0411  0.0489  0.0467  0.0437  0.0289  0.0310  0.0290  0.0321  0.0276  0.0281
niter,ni,del,rscale     7    3    5.0000    1.2000
parameter  5  0.710196 ->  0.500000 qaram    1.3225
parameters
   -0.5064   34.7021   15.1741   -6.2345   -9.8665   -8.5226
   -5.6671    6.3660    7.2979   11.5005   -3.1703  -12.1095
eta,q 0.97501  9.93405
  0.0303  0.0299  0.0275  0.0289  0.0254  0.0251  0.0268  0.0275  0.0270  0.0278  0.0256  0.0256
  0.0287  0.0284  0.0270  0.0280  0.0251  0.0249  0.0258  0.0260  0.0260  0.0263  0.0253  0.0253
  0.0276  0.0275  0.0269  0.0272  0.0256  0.0251  0.0252  0.0252  0.0254  0.0254  0.0251  0.0251
  0.0272  0.0271  0.0271  0.0269  0.0270  0.0251  0.0251  0.0250  0.0250  0.0250  0.0250  0.0250
  0.0274  0.0273  0.0277  0.0276  0.0292  0.0256  0.0254  0.0255  0.0251  0.0252  0.0250  0.0251
  0.0282  0.0280  0.0285  0.0294  0.0326  0.0285  0.0262  0.0266  0.0255  0.0258  0.0251  0.0253
  0.0297  0.0292  0.0295  0.0328  0.0364  0.0333  0.0273  0.0284  0.0263  0.0270  0.0253  0.0258
niter,ni,del,rscale     7    3    5.0000    1.2000
parameters
   -0.4204   35.1541   15.5165   -5.9987  -12.8768   -9.7925
   -5.9420    6.1929    7.7739   12.0557   -3.3432  -12.9134
eta,q 0.97545  9.74833
  0.0276  0.0280  0.0259  0.0271  0.0262  0.0257  0.0263  0.0272  0.0262  0.0268  0.0251  0.0251
  0.0262  0.0265  0.0254  0.0261  0.0254  0.0249  0.0254  0.0258  0.0254  0.0257  0.0248  0.0248
  0.0254  0.0255  0.0251  0.0253  0.0247  0.0246  0.0248  0.0249  0.0248  0.0249  0.0246  0.0246
  0.0250  0.0250  0.0249  0.0248  0.0248  0.0247  0.0246  0.0246  0.0246  0.0246  0.0245  0.0245
  0.0252  0.0249  0.0249  0.0248  0.0261  0.0250  0.0249  0.0249  0.0247  0.0247  0.0246  0.0247
  0.0260  0.0254  0.0251  0.0255  0.0283  0.0252  0.0256  0.0259  0.0251  0.0252  0.0248  0.0249
  0.0273  0.0264  0.0255  0.0273  0.0319  0.0272  0.0266  0.0275  0.0259  0.0263  0.0251  0.0254
niter,ni,del,rscale     6    3    5.0000    1.2000
parameters
   -0.3847   35.5117   15.2244   -5.9592  -13.7936  -10.2367
   -6.0960    6.1607    8.0417   12.9825   -3.5306  -13.3887
eta,q 0.97550  9.69592
  0.0270  0.0271  0.0252  0.0265  0.0268  0.0260  0.0263  0.0272  0.0261  0.0267  0.0250  0.0250
  0.0257  0.0258  0.0248  0.0256  0.0258  0.0251  0.0254  0.0258  0.0253  0.0256  0.0247  0.0248
  0.0249  0.0249  0.0245  0.0249  0.0250  0.0246  0.0247  0.0249  0.0248  0.0249  0.0245  0.0246
  0.0245  0.0245  0.0245  0.0245  0.0245  0.0246  0.0246  0.0245  0.0245  0.0245  0.0245  0.0245
  0.0248  0.0246  0.0247  0.0245  0.0248  0.0250  0.0248  0.0249  0.0246  0.0246  0.0246  0.0246
  0.0256  0.0251  0.0251  0.0252  0.0262  0.0251  0.0255  0.0258  0.0251  0.0250  0.0247  0.0248
  0.0269  0.0259  0.0257  0.0269  0.0285  0.0263  0.0265  0.0273  0.0259  0.0258  0.0251  0.0253
niter,ni,del,rscale     5    3    5.0000    1.2000
parameters
   -0.4032   35.8141   14.8961   -5.9918  -14.3096  -10.7631
   -6.1628    6.1352    8.1422   13.8104   -3.4595  -13.7655
eta,q 0.97555  9.65314
  0.0268  0.0268  0.0252  0.0264  0.0268  0.0259  0.0262  0.0271  0.0259  0.0265  0.0250  0.0250
  0.0256  0.0256  0.0247  0.0255  0.0257  0.0250  0.0253  0.0257  0.0252  0.0254  0.0247  0.0247
  0.0248  0.0248  0.0245  0.0249  0.0250  0.0245  0.0247  0.0248  0.0247  0.0248  0.0245  0.0245
  0.0245  0.0245  0.0245  0.0245  0.0245  0.0245  0.0245  0.0245  0.0245  0.0245  0.0244  0.0244
  0.0248  0.0246  0.0247  0.0245  0.0245  0.0250  0.0247  0.0248  0.0246  0.0245  0.0245  0.0245
  0.0256  0.0250  0.0251  0.0252  0.0258  0.0252  0.0253  0.0257  0.0251  0.0249  0.0247  0.0248
  0.0269  0.0258  0.0257  0.0268  0.0279  0.0262  0.0263  0.0272  0.0258  0.0257  0.0250  0.0252
niter,ni,del,rscale     4    3    5.0000    1.2000
parameters
   -0.4270   36.0957   14.5582   -6.0003  -14.8481  -11.3778
   -6.1959    6.1057    8.0767   14.6591   -3.1928  -14.0792
eta,q 0.97564  9.60507
  0.0267  0.0266  0.0251  0.0263  0.0266  0.0259  0.0261  0.0269  0.0257  0.0263  0.0249  0.0249
  0.0255  0.0255  0.0247  0.0254  0.0255  0.0250  0.0252  0.0256  0.0250  0.0253  0.0246  0.0246
  0.0247  0.0248  0.0244  0.0248  0.0249  0.0244  0.0246  0.0247  0.0246  0.0247  0.0244  0.0244
  0.0244  0.0244  0.0244  0.0244  0.0244  0.0245  0.0244  0.0244  0.0244  0.0244  0.0244  0.0244
  0.0247  0.0245  0.0246  0.0244  0.0245  0.0250  0.0246  0.0247  0.0245  0.0244  0.0244  0.0244
  0.0255  0.0250  0.0251  0.0250  0.0256  0.0253  0.0252  0.0255  0.0250  0.0248  0.0246  0.0247
  0.0268  0.0258  0.0256  0.0267  0.0277  0.0262  0.0261  0.0270  0.0258  0.0256  0.0249  0.0250
niter,ni,del,rscale     3    3    5.0000    1.2000
parameters
   -0.4575   36.4028   14.1820   -5.9977  -15.4755  -12.1151
   -6.2022    6.0787    7.8658   15.5990   -2.6830  -14.4306
eta,q 0.97573  9.54832
  0.0265  0.0265  0.0250  0.0261  0.0264  0.0258  0.0259  0.0268  0.0256  0.0262  0.0249  0.0248
  0.0253  0.0254  0.0246  0.0253  0.0253  0.0249  0.0251  0.0254  0.0249  0.0253  0.0246  0.0245
  0.0246  0.0247  0.0243  0.0247  0.0247  0.0244  0.0245  0.0246  0.0245  0.0246  0.0244  0.0243
  0.0244  0.0244  0.0243  0.0243  0.0243  0.0244  0.0243  0.0243  0.0243  0.0243  0.0243  0.0243
  0.0246  0.0244  0.0246  0.0243  0.0244  0.0250  0.0245  0.0246  0.0245  0.0243  0.0243  0.0243
  0.0254  0.0248  0.0250  0.0249  0.0255  0.0253  0.0250  0.0254  0.0250  0.0247  0.0244  0.0246
  0.0267  0.0256  0.0256  0.0265  0.0275  0.0262  0.0259  0.0268  0.0258  0.0255  0.0248  0.0249
niter,ni,del,rscale     2    3    5.0000    1.2000
parameters
   -0.4981   36.7465   13.7594   -5.9806  -16.1812  -12.8973
   -6.2266    6.0521    7.5473   16.6111   -2.0618  -14.8150
eta,q 0.97585  9.48902
  0.0263  0.0264  0.0249  0.0259  0.0262  0.0257  0.0257  0.0266  0.0255  0.0262  0.0248  0.0247
  0.0252  0.0253  0.0244  0.0251  0.0251  0.0249  0.0249  0.0253  0.0248  0.0252  0.0245  0.0244
  0.0245  0.0246  0.0242  0.0245  0.0245  0.0243  0.0244  0.0245  0.0243  0.0245  0.0243  0.0242
  0.0243  0.0243  0.0242  0.0242  0.0242  0.0242  0.0242  0.0242  0.0242  0.0242  0.0242  0.0241
  0.0245  0.0243  0.0245  0.0242  0.0242  0.0248  0.0244  0.0245  0.0244  0.0242  0.0242  0.0242
  0.0253  0.0247  0.0250  0.0248  0.0253  0.0254  0.0249  0.0252  0.0249  0.0246  0.0243  0.0244
  0.0265  0.0254  0.0256  0.0263  0.0274  0.0262  0.0257  0.0267  0.0258  0.0254  0.0246  0.0248
niter,ni,del,rscale     1    3    5.0000    1.2000
parameters
   -0.5457   37.0770   13.3461   -5.9692  -16.8230  -13.5098
   -6.2716    6.0524    7.2567   17.4912   -1.5988  -15.3113
eta,q 0.97593  9.44178
  0.0261  0.0262  0.0248  0.0258  0.0261  0.0257  0.0255  0.0264  0.0255  0.0262  0.0247  0.0246
  0.0250  0.0252  0.0243  0.0250  0.0250  0.0248  0.0248  0.0252  0.0247  0.0251  0.0244  0.0243
  0.0244  0.0245  0.0241  0.0244  0.0244  0.0243  0.0243  0.0244  0.0242  0.0244  0.0242  0.0241
  0.0241  0.0241  0.0241  0.0241  0.0241  0.0241  0.0241  0.0241  0.0241  0.0241  0.0241  0.0241
  0.0244  0.0242  0.0244  0.0241  0.0241  0.0247  0.0243  0.0243  0.0243  0.0241  0.0241  0.0241
  0.0251  0.0246  0.0248  0.0246  0.0251  0.0253  0.0248  0.0251  0.0249  0.0246  0.0243  0.0244
  0.0263  0.0254  0.0255  0.0261  0.0272  0.0260  0.0256  0.0265  0.0257  0.0254  0.0246  0.0248
registration optimization eta report
parameter search radius
    2.4000    2.4000    2.4000    8.2800    9.5220    8.2800
    7.2000    7.2000    7.2000    7.2000    7.2000    7.2000
100000*second partial in parameter space
       36.       29.       18.        3.        3.        2.
        3.        5.        3.        3.        1.        1.
  0.0261  0.0262  0.0248  0.0258  0.0261  0.0257  0.0255  0.0264  0.0255  0.0262  0.0247  0.0246
  0.0250  0.0252  0.0243  0.0250  0.0250  0.0248  0.0248  0.0252  0.0247  0.0251  0.0244  0.0243
  0.0244  0.0245  0.0241  0.0244  0.0244  0.0243  0.0243  0.0244  0.0242  0.0244  0.0242  0.0241
  0.0241  0.0241  0.0241  0.0241  0.0241  0.0241  0.0241  0.0241  0.0241  0.0241  0.0241  0.0241
  0.0244  0.0242  0.0244  0.0241  0.0241  0.0247  0.0243  0.0243  0.0243  0.0241  0.0241  0.0241
  0.0251  0.0246  0.0248  0.0246  0.0251  0.0253  0.0248  0.0251  0.0249  0.0246  0.0243  0.0244
  0.0263  0.0254  0.0255  0.0261  0.0272  0.0260  0.0256  0.0265  0.0257  0.0254  0.0246  0.0248
   -0.5457   37.0770   13.3461   -5.9692  -16.8230  -13.5098
   -6.2716    6.0524    7.2567   17.4912   -1.5988  -15.3113
eta,q 0.97593  9.44178

---------------------------------------------------------------------
imgreg_4dfp /opt/freesurfer/average/711-2C_as_mni_average_305 /opt/freesurfer/average/711-2B_as_mni_average_305_mask talsrcimg_g11 none talsrcimg_to_711-2C_as_mni_average_305_t4 2311
---------------------------------------------------------------------

freesurfer imgreg_4dfp.c
/opt/freesurfer/average/711-2C_as_mni_average_305.4dfp.img
       256       256       256         1
  1.000000  1.000000  1.000000
orientation T byte_order littleendian
Reading image: /opt/freesurfer/average/711-2C_as_mni_average_305.4dfp.img
dimensions:      256       256       256
mmppix:       1.0000   -1.0000   -1.0000
center:     128.0000 -129.0000 -129.0000
/opt/freesurfer/average/711-2B_as_mni_average_305_mask.4dfp.img
       256       256       256         1
  1.000000  1.000000  1.000000
orientation T byte_order littleendian
Reading mask: /opt/freesurfer/average/711-2B_as_mni_average_305_mask.4dfp.img (2306576 pixels)
talsrcimg_g11.4dfp.img
       256       256       256         1
  1.000000  1.000000  1.000000
orientation T byte_order littleendian
Reading image: talsrcimg_g11.4dfp.img
dimensions:      256       256       256
mmppix:       1.0000   -1.0000   -1.0000
center:     128.0000 -129.0000 -129.0000
fimgreg.f
image alignment mode   2311 decimal      907 hex
parameters
   -0.5457   37.0770   13.3461   -5.9692  -16.8230  -13.5098
   -6.2716    6.0524    7.2567   17.4912   -1.5988  -15.3113
eta,q 0.97593  9.44178
niter,ni,del,rscale     5    3    5.0000    0.8000
parameters
   -0.5714   37.3139   13.0050   -5.0838  -15.8937  -13.9173
   -6.0396    6.1174    7.2842   17.8275   -1.3536  -15.4065
eta,q 0.97608  9.50889
  0.0249  0.0251  0.0243  0.0247  0.0246  0.0246  0.0247  0.0250  0.0247  0.0249  0.0242  0.0242
  0.0245  0.0246  0.0241  0.0244  0.0243  0.0242  0.0243  0.0244  0.0243  0.0244  0.0240  0.0240
  0.0242  0.0242  0.0240  0.0242  0.0241  0.0240  0.0240  0.0241  0.0240  0.0241  0.0240  0.0240
  0.0241  0.0241  0.0241  0.0240  0.0240  0.0239  0.0239  0.0239  0.0239  0.0239  0.0239  0.0239
  0.0242  0.0241  0.0242  0.0240  0.0239  0.0241  0.0240  0.0240  0.0240  0.0240  0.0239  0.0239
  0.0245  0.0243  0.0244  0.0241  0.0240  0.0244  0.0242  0.0244  0.0242  0.0242  0.0240  0.0240
  0.0250  0.0246  0.0247  0.0244  0.0243  0.0248  0.0245  0.0250  0.0247  0.0247  0.0241  0.0242
niter,ni,del,rscale     4    3    5.0000    0.7000
parameters
   -0.5864   37.3720   12.7993   -4.8199  -15.9855  -14.0847
   -6.0631    6.1406    7.2740   18.0249   -1.2502  -15.6342
eta,q 0.97609  9.51095
  0.0246  0.0246  0.0242  0.0244  0.0243  0.0244  0.0244  0.0247  0.0245  0.0246  0.0241  0.0241
  0.0242  0.0242  0.0240  0.0242  0.0241  0.0242  0.0241  0.0243  0.0242  0.0242  0.0240  0.0240
  0.0240  0.0240  0.0239  0.0240  0.0240  0.0240  0.0240  0.0240  0.0240  0.0240  0.0239  0.0239
  0.0239  0.0239  0.0239  0.0239  0.0239  0.0239  0.0239  0.0239  0.0239  0.0239  0.0239  0.0239
  0.0240  0.0240  0.0240  0.0239  0.0239  0.0240  0.0240  0.0240  0.0240  0.0240  0.0239  0.0239
  0.0242  0.0242  0.0241  0.0240  0.0241  0.0242  0.0241  0.0243  0.0242  0.0242  0.0240  0.0240
  0.0246  0.0245  0.0244  0.0243  0.0244  0.0245  0.0244  0.0247  0.0245  0.0245  0.0241  0.0241
niter,ni,del,rscale     3    3    5.0000    0.6000
parameters
   -0.6052   37.4234   12.6917   -4.7105  -15.8666  -14.1668
   -6.0524    6.1468    7.2788   18.1281   -1.2230  -15.6907
eta,q 0.97611  9.51903
  0.0244  0.0244  0.0241  0.0243  0.0242  0.0243  0.0243  0.0245  0.0243  0.0244  0.0240  0.0240
  0.0241  0.0241  0.0240  0.0241  0.0241  0.0241  0.0241  0.0242  0.0241  0.0241  0.0240  0.0240
  0.0240  0.0240  0.0239  0.0240  0.0240  0.0240  0.0239  0.0240  0.0239  0.0240  0.0239  0.0239
  0.0239  0.0239  0.0239  0.0239  0.0239  0.0239  0.0239  0.0239  0.0239  0.0239  0.0239  0.0239
  0.0240  0.0239  0.0240  0.0239  0.0239  0.0240  0.0239  0.0239  0.0239  0.0239  0.0239  0.0239
  0.0241  0.0241  0.0240  0.0240  0.0240  0.0241  0.0241  0.0242  0.0241  0.0241  0.0240  0.0240
  0.0244  0.0243  0.0242  0.0242  0.0242  0.0244  0.0243  0.0245  0.0243  0.0244  0.0240  0.0240
niter,ni,del,rscale     2    3    5.0000    0.5000
parameters
   -0.6120   37.4431   12.6391   -4.5881  -15.7527  -14.1757
   -6.0378    6.1562    7.2895   18.1549   -1.2411  -15.7424
eta,q 0.97611  9.52965
  0.0242  0.0242  0.0241  0.0242  0.0241  0.0242  0.0242  0.0243  0.0242  0.0243  0.0240  0.0240
  0.0240  0.0240  0.0240  0.0240  0.0240  0.0240  0.0240  0.0241  0.0240  0.0241  0.0239  0.0239
  0.0239  0.0239  0.0239  0.0239  0.0239  0.0239  0.0239  0.0239  0.0239  0.0239  0.0239  0.0239
  0.0239  0.0239  0.0239  0.0239  0.0239  0.0239  0.0239  0.0239  0.0239  0.0239  0.0239  0.0239
  0.0239  0.0239  0.0239  0.0239  0.0239  0.0239  0.0239  0.0239  0.0239  0.0239  0.0239  0.0239
  0.0241  0.0240  0.0240  0.0240  0.0240  0.0240  0.0240  0.0241  0.0240  0.0240  0.0239  0.0239
  0.0243  0.0242  0.0241  0.0241  0.0241  0.0242  0.0242  0.0243  0.0242  0.0242  0.0240  0.0240
niter,ni,del,rscale     1    3    5.0000    0.4000
parameters
   -0.6105   37.4473   12.6087   -4.4834  -15.6030  -14.1602
   -6.0333    6.1873    7.2949   18.1415   -1.2265  -15.6642
eta,q 0.97612  9.54082
  0.0241  0.0241  0.0240  0.0241  0.0241  0.0241  0.0241  0.0242  0.0241  0.0241  0.0239  0.0239
  0.0240  0.0240  0.0239  0.0240  0.0240  0.0240  0.0240  0.0240  0.0240  0.0240  0.0239  0.0239
  0.0239  0.0239  0.0239  0.0239  0.0239  0.0239  0.0239  0.0239  0.0239  0.0239  0.0239  0.0239
  0.0239  0.0239  0.0239  0.0239  0.0239  0.0239  0.0239  0.0239  0.0239  0.0239  0.0239  0.0239
  0.0239  0.0239  0.0239  0.0239  0.0239  0.0239  0.0239  0.0239  0.0239  0.0239  0.0239  0.0239
  0.0240  0.0240  0.0239  0.0239  0.0239  0.0240  0.0240  0.0240  0.0240  0.0240  0.0239  0.0239
  0.0241  0.0241  0.0240  0.0240  0.0240  0.0241  0.0241  0.0242  0.0241  0.0241  0.0239  0.0239
registration optimization eta report
parameter search radius
    0.8000    0.8000    0.8000    2.4000    2.4000    2.4000
    2.4000    2.4000    2.4000    2.4000    2.4000    2.4000
100000*second partial in parameter space
       36.       33.       17.        3.        3.        4.
        3.        5.        3.        4.        1.        1.
  0.0241  0.0241  0.0240  0.0241  0.0241  0.0241  0.0241  0.0242  0.0241  0.0241  0.0239  0.0239
  0.0240  0.0240  0.0239  0.0240  0.0240  0.0240  0.0240  0.0240  0.0240  0.0240  0.0239  0.0239
  0.0239  0.0239  0.0239  0.0239  0.0239  0.0239  0.0239  0.0239  0.0239  0.0239  0.0239  0.0239
  0.0239  0.0239  0.0239  0.0239  0.0239  0.0239  0.0239  0.0239  0.0239  0.0239  0.0239  0.0239
  0.0239  0.0239  0.0239  0.0239  0.0239  0.0239  0.0239  0.0239  0.0239  0.0239  0.0239  0.0239
  0.0240  0.0240  0.0239  0.0239  0.0239  0.0240  0.0240  0.0240  0.0240  0.0240  0.0239  0.0239
  0.0241  0.0241  0.0240  0.0240  0.0240  0.0241  0.0241  0.0242  0.0241  0.0241  0.0239  0.0239
   -0.6105   37.4473   12.6087   -4.4834  -15.6030  -14.1602
   -6.0333    6.1873    7.2949   18.1415   -1.2265  -15.6642
eta,q 0.97612  9.54082

---------------------------------------------------------------------
imgreg_4dfp /opt/freesurfer/average/711-2C_as_mni_average_305 /opt/freesurfer/average/711-2B_as_mni_average_305_mask talsrcimg_g11 none talsrcimg_to_711-2C_as_mni_average_305_t4 2311
---------------------------------------------------------------------

freesurfer imgreg_4dfp.c
/opt/freesurfer/average/711-2C_as_mni_average_305.4dfp.img
       256       256       256         1
  1.000000  1.000000  1.000000
orientation T byte_order littleendian
Reading image: /opt/freesurfer/average/711-2C_as_mni_average_305.4dfp.img
dimensions:      256       256       256
mmppix:       1.0000   -1.0000   -1.0000
center:     128.0000 -129.0000 -129.0000
/opt/freesurfer/average/711-2B_as_mni_average_305_mask.4dfp.img
       256       256       256         1
  1.000000  1.000000  1.000000
orientation T byte_order littleendian
Reading mask: /opt/freesurfer/average/711-2B_as_mni_average_305_mask.4dfp.img (2306576 pixels)
talsrcimg_g11.4dfp.img
       256       256       256         1
  1.000000  1.000000  1.000000
orientation T byte_order littleendian
Reading image: talsrcimg_g11.4dfp.img
dimensions:      256       256       256
mmppix:       1.0000   -1.0000   -1.0000
center:     128.0000 -129.0000 -129.0000
fimgreg.f
image alignment mode   2311 decimal      907 hex
parameters
   -0.6105   37.4473   12.6087   -4.4834  -15.6030  -14.1602
   -6.0333    6.1873    7.2949   18.1415   -1.2265  -15.6642
eta,q 0.97612  9.54083
niter,ni,del,rscale     5    3    5.0000    0.8000
parameters
   -0.6203   37.4389   12.6375   -4.8819  -16.2606  -14.2211
   -6.1324    6.0991    7.2355   18.2615   -1.1058  -15.9282
eta,q 0.97608  9.49349
  0.0248  0.0247  0.0244  0.0244  0.0243  0.0246  0.0246  0.0249  0.0246  0.0248  0.0242  0.0241
  0.0243  0.0243  0.0241  0.0241  0.0241  0.0243  0.0242  0.0244  0.0242  0.0243  0.0240  0.0240
  0.0240  0.0240  0.0239  0.0240  0.0240  0.0240  0.0240  0.0240  0.0240  0.0240  0.0239  0.0239
  0.0239  0.0239  0.0239  0.0239  0.0239  0.0239  0.0239  0.0239  0.0239  0.0239  0.0239  0.0239
  0.0240  0.0240  0.0239  0.0240  0.0240  0.0240  0.0240  0.0240  0.0240  0.0240  0.0239  0.0239
  0.0243  0.0243  0.0241  0.0242  0.0243  0.0243  0.0242  0.0244  0.0243  0.0243  0.0240  0.0240
  0.0248  0.0247  0.0243  0.0247  0.0248  0.0246  0.0246  0.0250  0.0247  0.0247  0.0241  0.0242
niter,ni,del,rscale     4    3    5.0000    0.7000
parameters
   -0.6314   37.4798   12.6114   -4.8277  -16.1856  -14.2779
   -6.1036    6.1082    7.2409   18.3305   -1.1621  -15.9466
eta,q 0.97609  9.49832
  0.0246  0.0246  0.0242  0.0244  0.0243  0.0245  0.0244  0.0247  0.0245  0.0246  0.0241  0.0241
  0.0242  0.0242  0.0241  0.0241  0.0241  0.0242  0.0241  0.0243  0.0242  0.0242  0.0240  0.0240
  0.0240  0.0240  0.0239  0.0240  0.0240  0.0240  0.0240  0.0240  0.0240  0.0240  0.0239  0.0239
  0.0239  0.0239  0.0239  0.0239  0.0239  0.0239  0.0239  0.0239  0.0239  0.0239  0.0239  0.0239
  0.0240  0.0240  0.0240  0.0239  0.0239  0.0240  0.0240  0.0240  0.0240  0.0240  0.0239  0.0239
  0.0242  0.0242  0.0241  0.0241  0.0240  0.0242  0.0241  0.0243  0.0242  0.0242  0.0240  0.0240
  0.0246  0.0245  0.0243  0.0244  0.0244  0.0245  0.0244  0.0247  0.0245  0.0246  0.0241  0.0241
niter,ni,del,rscale     3    3    5.0000    0.6000
parameters
   -0.6284   37.4931   12.5834   -4.7235  -16.0114  -14.2660
   -6.0785    6.1448    7.2566   18.3232   -1.1957  -15.9311
eta,q 0.97610  9.51120
  0.0244  0.0244  0.0241  0.0243  0.0242  0.0244  0.0243  0.0245  0.0243  0.0244  0.0240  0.0240
  0.0241  0.0241  0.0240  0.0241  0.0241  0.0241  0.0241  0.0242  0.0241  0.0241  0.0240  0.0240
  0.0240  0.0240  0.0239  0.0240  0.0240  0.0240  0.0239  0.0240  0.0240  0.0240  0.0239  0.0239
  0.0239  0.0239  0.0239  0.0239  0.0239  0.0239  0.0239  0.0239  0.0239  0.0239  0.0239  0.0239
  0.0240  0.0240  0.0239  0.0239  0.0239  0.0240  0.0239  0.0240  0.0239  0.0240  0.0239  0.0239
  0.0241  0.0241  0.0240  0.0240  0.0240  0.0241  0.0241  0.0242  0.0241  0.0241  0.0240  0.0240
  0.0244  0.0244  0.0242  0.0242  0.0242  0.0244  0.0243  0.0245  0.0243  0.0244  0.0240  0.0240
niter,ni,del,rscale     2    3    5.0000    0.5000
parameters
   -0.6219   37.4878   12.5776   -4.6138  -15.8264  -14.2420
   -6.0749    6.1590    7.2855   18.2723   -1.1870  -15.8688
eta,q 0.97611  9.52457
  0.0243  0.0242  0.0241  0.0242  0.0241  0.0242  0.0242  0.0243  0.0242  0.0242  0.0240  0.0240
  0.0241  0.0240  0.0240  0.0240  0.0240  0.0241  0.0240  0.0241  0.0240  0.0240  0.0239  0.0239
  0.0239  0.0239  0.0239  0.0239  0.0240  0.0239  0.0239  0.0239  0.0239  0.0239  0.0239  0.0239
  0.0239  0.0239  0.0239  0.0239  0.0239  0.0239  0.0239  0.0239  0.0239  0.0239  0.0239  0.0239
  0.0239  0.0239  0.0239  0.0239  0.0239  0.0239  0.0239  0.0239  0.0239  0.0239  0.0239  0.0239
  0.0241  0.0240  0.0240  0.0240  0.0240  0.0240  0.0240  0.0241  0.0240  0.0241  0.0239  0.0239
  0.0242  0.0242  0.0241  0.0241  0.0241  0.0242  0.0242  0.0243  0.0242  0.0243  0.0240  0.0240
niter,ni,del,rscale     1    3    5.0000    0.4000
parameters
   -0.6184   37.4683   12.5728   -4.5001  -15.6377  -14.1785
   -6.0404    6.1773    7.2986   18.2187   -1.2789  -15.7390
eta,q 0.97611  9.53925
  0.0241  0.0241  0.0240  0.0241  0.0241  0.0241  0.0241  0.0242  0.0241  0.0241  0.0239  0.0240
  0.0240  0.0240  0.0239  0.0240  0.0240  0.0240  0.0240  0.0240  0.0240  0.0240  0.0239  0.0239
  0.0239  0.0239  0.0239  0.0239  0.0239  0.0239  0.0239  0.0239  0.0239  0.0239  0.0239  0.0239
  0.0239  0.0239  0.0239  0.0239  0.0239  0.0239  0.0239  0.0239  0.0239  0.0239  0.0239  0.0239
  0.0239  0.0239  0.0239  0.0239  0.0239  0.0239  0.0239  0.0239  0.0239  0.0239  0.0239  0.0239
  0.0240  0.0240  0.0239  0.0239  0.0239  0.0240  0.0240  0.0240  0.0240  0.0240  0.0239  0.0239
  0.0241  0.0241  0.0240  0.0240  0.0240  0.0241  0.0241  0.0242  0.0241  0.0241  0.0239  0.0239
registration optimization eta report
parameter search radius
    0.8000    0.8000    0.8000    2.4000    2.4000    2.4000
    2.4000    2.4000    2.4000    2.4000    2.4000    2.4000
100000*second partial in parameter space
       36.       33.       18.        3.        3.        4.
        3.        5.        3.        4.        1.        1.
  0.0241  0.0241  0.0240  0.0241  0.0241  0.0241  0.0241  0.0242  0.0241  0.0241  0.0239  0.0240
  0.0240  0.0240  0.0239  0.0240  0.0240  0.0240  0.0240  0.0240  0.0240  0.0240  0.0239  0.0239
  0.0239  0.0239  0.0239  0.0239  0.0239  0.0239  0.0239  0.0239  0.0239  0.0239  0.0239  0.0239
  0.0239  0.0239  0.0239  0.0239  0.0239  0.0239  0.0239  0.0239  0.0239  0.0239  0.0239  0.0239
  0.0239  0.0239  0.0239  0.0239  0.0239  0.0239  0.0239  0.0239  0.0239  0.0239  0.0239  0.0239
  0.0240  0.0240  0.0239  0.0239  0.0239  0.0240  0.0240  0.0240  0.0240  0.0240  0.0239  0.0239
  0.0241  0.0241  0.0240  0.0240  0.0240  0.0241  0.0241  0.0242  0.0241  0.0241  0.0239  0.0239
   -0.6184   37.4683   12.5728   -4.5001  -15.6377  -14.1785
   -6.0404    6.1773    7.2986   18.2187   -1.2789  -15.7390
eta,q 0.97611  9.53925

---------------------------------------------------------------------
compute_vox2vox talsrcimg talsrcimg_to_711-2C_as_mni_average_305_t4 /opt/freesurfer/average/711-2C_as_mni_average_305
---------------------------------------------------------------------

freesurfer compute_vox2vox.c
Reading: talsrcimg.4dfp.ifh
Reading: talsrcimg_to_711-2C_as_mni_average_305_t4
Reading: /opt/freesurfer/average/711-2C_as_mni_average_305.4dfp.ifh
Writing: talsrcimg_to_711-2C_as_mni_average_305_t4_vox2vox.txt

start time Sun Mar 15 08:15:08 CET 2026
end		time Sun Mar 15 08:16:34 CET 2026

mpr2mni305 success

avi2talxfm orig_nu.mgz /opt/freesurfer/average/mni305.cor.mgz talsrcimg_to_711-2C_as_mni_average_305_t4_vox2vox.txt transforms/talairach.auto.xfm
avi2talxfm done
mv -f /out/sourcedata/freesurfer/sub-v2s10x28993_ses-1/mri/talsrcimg_to_711-2C_as_mni_average_305_t4_vox2vox.txt /out/sourcedata/freesurfer/sub-v2s10x28993_ses-1/mri/transforms/talsrcimg_to_711-2C_as_mni_average_305_t4_vox2vox.txt
lta_convert --src orig_nu.mgz --trg /opt/freesurfer/average/mni305.cor.mgz --inxfm transforms/talairach.auto.xfm --outlta transforms/talairach.auto.xfm.lta --subject fsaverage
7.3.2

--src: orig_nu.mgz src image (geometry).
--trg: /opt/freesurfer/average/mni305.cor.mgz trg image (geometry).
--inmni: transforms/talairach.auto.xfm input MNI/XFM transform.
--outlta: transforms/talairach.auto.xfm.lta output LTA.
--s: fsaverage subject name
 LTA read, type : 1
 1.04150  -0.08734   0.05828  -3.28670;
-0.00097   1.12090   0.20905  -25.57316;
-0.08990  -0.23451   1.13517  -18.56195;
 0.00000   0.00000   0.00000   1.00000;
setting subject to fsaverage
Writing  LTA to file transforms/talairach.auto.xfm.lta...
lta_convert successful.
 
 
Started at Sun Mar 15 08:15:07 CET 2026
Ended   at Sun Mar 15 08:16:35 CET 2026
talairach_avi done
