status file for recon-all
Sun Mar 15 12:14:20 CET 2026
#@# Tessellate lh Sun Mar 15 12:14:20 CET 2026
#@# Smooth1 lh Sun Mar 15 12:14:23 CET 2026
#@# Inflation1 lh Sun Mar 15 12:14:25 CET 2026
#@# QSphere lh Sun Mar 15 12:14:32 CET 2026
#@# Fix Topology lh Sun Mar 15 12:15:12 CET 2026
#@# Smooth2 lh Sun Mar 15 12:19:22 CET 2026
#@# Inflation2 lh Sun Mar 15 12:19:24 CET 2026
#@# Curv .H and .K lh Sun Mar 15 12:19:32 CET 2026
#@# Sphere lh Sun Mar 15 12:20:12 CET 2026
#@# Surf Reg lh Sun Mar 15 12:22:19 CET 2026
#@# Jacobian white lh Sun Mar 15 12:25:13 CET 2026
#@# AvgCurv lh Sun Mar 15 12:25:14 CET 2026
#@# Cortical Parc lh Sun Mar 15 12:25:14 CET 2026
#@# white curv lh Sun Mar 15 12:30:20 CET 2026
#@# white area lh Sun Mar 15 12:30:21 CET 2026
#@# pial curv lh Sun Mar 15 12:30:22 CET 2026
#@# pial area lh Sun Mar 15 12:30:23 CET 2026
#@# thickness lh Sun Mar 15 12:30:24 CET 2026
#@# area and vertex vol lh Sun Mar 15 12:30:45 CET 2026
#@# Curvature Stats lh Sun Mar 15 12:30:46 CET 2026
#@# Cortical Parc 2 lh Sun Mar 15 12:30:47 CET 2026
#@# Cortical Parc 3 lh Sun Mar 15 12:30:58 CET 2026
#@# WM/GM Contrast lh Sun Mar 15 12:31:06 CET 2026
recon-all -s sub-v2s10x28998_ses-1 finished without error at Sun Mar 15 12:31:08 CET 2026



#New# invocation of recon-all 



status file for recon-all
Sun Mar 15 12:53:48 CET 2026
#@# white curv lh Sun Mar 15 12:53:49 CET 2026
#@# white area lh Sun Mar 15 12:53:49 CET 2026
#@# pial curv lh Sun Mar 15 12:53:49 CET 2026
#@# pial area lh Sun Mar 15 12:53:49 CET 2026
#@# thickness lh Sun Mar 15 12:53:49 CET 2026
#@# area and vertex vol lh Sun Mar 15 12:53:49 CET 2026
#@# Parcellation Stats lh Sun Mar 15 12:53:49 CET 2026
#@# Parcellation Stats 2 lh Sun Mar 15 12:54:05 CET 2026
#@# Parcellation Stats 3 lh Sun Mar 15 12:54:14 CET 2026
#@# BA_exvivo Labels lh Sun Mar 15 12:54:22 CET 2026
recon-all -s sub-v2s10x28998_ses-1 finished without error at Sun Mar 15 12:56:23 CET 2026
