status file for recon-all
Sun Mar 15 09:36:03 CET 2026
#@# Tessellate rh Sun Mar 15 09:36:03 CET 2026
#@# Smooth1 rh Sun Mar 15 09:36:06 CET 2026
#@# Inflation1 rh Sun Mar 15 09:36:07 CET 2026
#@# QSphere rh Sun Mar 15 09:36:14 CET 2026
#@# Fix Topology rh Sun Mar 15 09:36:52 CET 2026
#@# Smooth2 rh Sun Mar 15 09:40:37 CET 2026
#@# Inflation2 rh Sun Mar 15 09:40:38 CET 2026
#@# Curv .H and .K rh Sun Mar 15 09:40:45 CET 2026
#@# Sphere rh Sun Mar 15 09:41:17 CET 2026
#@# Surf Reg rh Sun Mar 15 09:42:31 CET 2026
#@# Jacobian white rh Sun Mar 15 09:44:39 CET 2026
#@# AvgCurv rh Sun Mar 15 09:44:39 CET 2026
#@# Cortical Parc rh Sun Mar 15 09:44:40 CET 2026
#@# white curv rh Sun Mar 15 09:49:21 CET 2026
#@# white area rh Sun Mar 15 09:49:22 CET 2026
#@# pial curv rh Sun Mar 15 09:49:22 CET 2026
#@# pial area rh Sun Mar 15 09:49:23 CET 2026
#@# thickness rh Sun Mar 15 09:49:24 CET 2026
#@# area and vertex vol rh Sun Mar 15 09:49:40 CET 2026
#@# Curvature Stats rh Sun Mar 15 09:49:41 CET 2026
#@# Cortical Parc 2 rh Sun Mar 15 09:49:42 CET 2026
#@# Cortical Parc 3 rh Sun Mar 15 09:49:51 CET 2026
#@# WM/GM Contrast rh Sun Mar 15 09:49:58 CET 2026
recon-all -s sub-v2s10x28944_ses-1 finished without error at Sun Mar 15 09:49:59 CET 2026



#New# invocation of recon-all 



status file for recon-all
Sun Mar 15 09:56:15 CET 2026
#@# white curv rh Sun Mar 15 09:56:16 CET 2026
#@# white area rh Sun Mar 15 09:56:16 CET 2026
#@# pial curv rh Sun Mar 15 09:56:16 CET 2026
#@# pial area rh Sun Mar 15 09:56:16 CET 2026
#@# thickness rh Sun Mar 15 09:56:16 CET 2026
#@# area and vertex vol rh Sun Mar 15 09:56:16 CET 2026
#@# Parcellation Stats rh Sun Mar 15 09:56:16 CET 2026
#@# Parcellation Stats 2 rh Sun Mar 15 09:56:27 CET 2026
#@# Parcellation Stats 3 rh Sun Mar 15 09:56:33 CET 2026
#@# BA_exvivo Labels rh Sun Mar 15 09:56:39 CET 2026
recon-all -s sub-v2s10x28944_ses-1 finished without error at Sun Mar 15 09:58:15 CET 2026
