status file for recon-all
Sun Mar 15 09:41:36 CET 2026
#@# Tessellate lh Sun Mar 15 09:41:36 CET 2026
#@# Smooth1 lh Sun Mar 15 09:41:39 CET 2026
#@# Inflation1 lh Sun Mar 15 09:41:41 CET 2026
#@# QSphere lh Sun Mar 15 09:41:49 CET 2026
#@# Fix Topology lh Sun Mar 15 09:42:41 CET 2026
#@# Smooth2 lh Sun Mar 15 09:47:55 CET 2026
#@# Inflation2 lh Sun Mar 15 09:47:58 CET 2026
#@# Curv .H and .K lh Sun Mar 15 09:48:06 CET 2026
#@# Sphere lh Sun Mar 15 09:48:46 CET 2026
#@# Surf Reg lh Sun Mar 15 09:50:49 CET 2026
#@# Jacobian white lh Sun Mar 15 09:53:23 CET 2026
#@# AvgCurv lh Sun Mar 15 09:53:24 CET 2026
#@# Cortical Parc lh Sun Mar 15 09:53:25 CET 2026
#@# white curv lh Sun Mar 15 09:58:13 CET 2026
#@# white area lh Sun Mar 15 09:58:14 CET 2026
#@# pial curv lh Sun Mar 15 09:58:15 CET 2026
#@# pial area lh Sun Mar 15 09:58:16 CET 2026
#@# thickness lh Sun Mar 15 09:58:16 CET 2026
#@# area and vertex vol lh Sun Mar 15 09:58:41 CET 2026
#@# Curvature Stats lh Sun Mar 15 09:58:42 CET 2026
#@# Cortical Parc 2 lh Sun Mar 15 09:58:43 CET 2026
#@# Cortical Parc 3 lh Sun Mar 15 09:58:54 CET 2026
#@# WM/GM Contrast lh Sun Mar 15 09:59:03 CET 2026
recon-all -s sub-v2s10x28994_ses-1 finished without error at Sun Mar 15 09:59:05 CET 2026



#New# invocation of recon-all 



status file for recon-all
Sun Mar 15 10:18:10 CET 2026
#@# white curv lh Sun Mar 15 10:18:10 CET 2026
#@# white area lh Sun Mar 15 10:18:10 CET 2026
#@# pial curv lh Sun Mar 15 10:18:10 CET 2026
#@# pial area lh Sun Mar 15 10:18:10 CET 2026
#@# thickness lh Sun Mar 15 10:18:10 CET 2026
#@# area and vertex vol lh Sun Mar 15 10:18:10 CET 2026
#@# Parcellation Stats lh Sun Mar 15 10:18:10 CET 2026
#@# Parcellation Stats 2 lh Sun Mar 15 10:18:24 CET 2026
#@# Parcellation Stats 3 lh Sun Mar 15 10:18:31 CET 2026
#@# BA_exvivo Labels lh Sun Mar 15 10:18:38 CET 2026
recon-all -s sub-v2s10x28994_ses-1 finished without error at Sun Mar 15 10:20:39 CET 2026
