/out/sourcedata/freesurfer/sub-v2s10x28945_ses-1/mri
/opt/freesurfer/bin/talairach_avi
--i orig_nu.mgz --xfm transforms/talairach.auto.xfm
talairach_avi 7.3.2
Linux dna075 5.14.0-427.37.1.el9_4.x86_64 #1 SMP PREEMPT_DYNAMIC Fri Sep 13 12:41:50 EDT 2024 x86_64 x86_64 x86_64 GNU/Linux
Sun Mar 15 08:14:35 CET 2026
mri_convert orig_nu.mgz talsrcimg.img 
reading from orig_nu.mgz...
TR=0.00, TE=0.00, TI=0.00, flip angle=0.00
i_ras = (-1, 0, 0)
j_ras = (0, 0, -1)
k_ras = (0, 1, 0)
writing to talsrcimg.img...
Analyze Output Matrix
-1.00000   0.00000   0.00000   118.93872;
 0.00000   0.00000   1.00000  -124.32870;
 0.00000  -1.00000   0.00000   122.68152;
 0.00000   0.00000   0.00000   1.00000;
--------------------
INFO: set hdr.hist.orient to -1
mpr2mni305 talsrcimg
Sun Mar 15 08:14:36 CET 2026
/opt/freesurfer/bin/mpr2mni305 talsrcimg
mpr2mni305 7.3.2
target=711-2C_as_mni_average_305

---------------------------------------------------------------------
analyzeto4dfp talsrcimg -O0 -y
---------------------------------------------------------------------

freesurfer ifh2hdr.c
Sun Mar 15 08:14:36 2026
Writing: talsrcimg.4dfp.hdr
freesurfer analyzeto4dfp.c
Reading: talsrcimg.hdr
header size 348 bytes
hdr.dime.datatype	offset=70	value=2
hdr.dime.bitpix		offset=72	value=8
hdr.hist.orient		offset=252	value=-1
dimensionality     4
dimensions       256       256       256         1
Reading: talsrcimg.img
Writing: talsrcimg.4dfp.img
Writing: talsrcimg.4dfp.ifh
ifh2hdr talsrcimg -r0to211
ori=2

---------------------------------------------------------------------
gauss_4dfp talsrcimg 1.1
---------------------------------------------------------------------

freesurfer gauss_4dfp.c
Reading: talsrcimg.4dfp.img
Writing: talsrcimg_g11.4dfp.img
image dimensions 256 256 256 padded to 288 288 288
processing volume 1freesurfer ifh2hdr.c
Sun Mar 15 08:14:37 2026
Writing: talsrcimg_g11.4dfp.hdr

Writing: talsrcimg_g11.4dfp.ifh
including: talsrcimg.4dfp.img.rec in talsrcimg_g11.4dfp.img.rec

---------------------------------------------------------------------
imgreg_4dfp /opt/freesurfer/average/711-2C_as_mni_average_305 none talsrcimg_g11 none talsrcimg_to_711-2C_as_mni_average_305_t4 4355
---------------------------------------------------------------------

freesurfer imgreg_4dfp.c
/opt/freesurfer/average/711-2C_as_mni_average_305.4dfp.img
       256       256       256         1
  1.000000  1.000000  1.000000
orientation T byte_order littleendian
Reading image: /opt/freesurfer/average/711-2C_as_mni_average_305.4dfp.img
dimensions:      256       256       256
mmppix:       1.0000   -1.0000   -1.0000
center:     128.0000 -129.0000 -129.0000
talsrcimg_g11.4dfp.img
       256       256       256         1
  1.000000  1.000000  1.000000
orientation T byte_order littleendian
Reading image: talsrcimg_g11.4dfp.img
dimensions:      256       256       256
mmppix:       1.0000   -1.0000   -1.0000
center:     128.0000 -129.0000 -129.0000
t4_read: open error in t4_sub.f l:  41 t4_file(1:l)talsrcimg_to_711-2C_as_mni_average_305_t4 
t4_read: transform initialized to I4
rotation matrix determinant  1.000000
image alignment mode   4355 decimal     1103 hex
   -7.5000  -45.0000  -45.0000 4429.0752   17.9729
    0.0000  -45.0000  -45.0000 4643.9395   18.0368
    7.5000  -45.0000  -45.0000 4414.6045   18.0688
   -7.5000  -37.5000  -45.0000 5056.3335   17.2866
    0.0000  -37.5000  -45.0000 5279.2998   17.3472
    7.5000  -37.5000  -45.0000 5028.7900   17.3844
   -7.5000  -30.0000  -45.0000 5877.9248   16.7817
    0.0000  -30.0000  -45.0000 6111.6133   16.8438
    7.5000  -30.0000  -45.0000 5849.0552   16.8851
   -7.5000  -22.5000  -45.0000 6743.3433   16.4005
    0.0000  -22.5000  -45.0000 7009.7266   16.4608
    7.5000  -22.5000  -45.0000 6742.2212   16.5011
   -7.5000  -15.0000  -45.0000 7653.0674   16.1040
    0.0000  -15.0000  -45.0000 7951.9526   16.1627
    7.5000  -15.0000  -45.0000 7644.3901   16.1988
   -7.5000   -7.5000  -45.0000 8605.1543   15.9711
    0.0000   -7.5000  -45.0000 8943.8818   16.0245
    7.5000   -7.5000  -45.0000 8573.8193   16.0546
   -7.5000    0.0000  -45.0000 9545.1572   15.9824
    0.0000    0.0000  -45.0000 9925.6104   16.0306
    7.5000    0.0000  -45.0000 9493.4658   16.0583
   -7.5000    7.5000  -45.0000 9801.9453   16.0031
    0.0000    7.5000  -45.000010190.1816   16.0512
    7.5000    7.5000  -45.0000 9731.9062   16.0818
   -7.5000   15.0000  -45.0000 9856.5977   16.0059
    0.0000   15.0000  -45.000010250.7959   16.0571
    7.5000   15.0000  -45.0000 9786.0928   16.0923
   -7.5000   22.5000  -45.0000 9785.8184   15.9828
    0.0000   22.5000  -45.000010178.4404   16.0381
    7.5000   22.5000  -45.0000 9714.1572   16.0753
   -7.5000   30.0000  -45.0000 9601.9639   15.7519
    0.0000   30.0000  -45.0000 9997.0420   15.8084
    7.5000   30.0000  -45.0000 9536.0439   15.8430
   -7.5000   37.5000  -45.0000 9734.1504   15.7505
    0.0000   37.5000  -45.000010125.9062   15.8032
    7.5000   37.5000  -45.0000 9674.0605   15.8329
   -7.5000   45.0000  -45.0000 9533.9092   15.3690
    0.0000   45.0000  -45.0000 9908.3682   15.4154
    7.5000   45.0000  -45.0000 9453.1787   15.4419
   -7.5000  -45.0000  -37.5000 4828.4619   17.7960
    0.0000  -45.0000  -37.5000 5047.2446   17.8528
    7.5000  -45.0000  -37.5000 4803.1655   17.8891
   -7.5000  -37.5000  -37.5000 5487.0752   17.1186
    0.0000  -37.5000  -37.5000 5710.8623   17.1732
    7.5000  -37.5000  -37.5000 5453.9580   17.2115
   -7.5000  -30.0000  -37.5000 6332.9619   16.6203
    0.0000  -30.0000  -37.5000 6568.6875   16.6806
    7.5000  -30.0000  -37.5000 6314.5161   16.7234
   -7.5000  -22.5000  -37.5000 7273.0908   16.2424
    0.0000  -22.5000  -37.5000 7549.5620   16.3039
    7.5000  -22.5000  -37.5000 7256.2222   16.3486
   -7.5000  -15.0000  -37.5000 8251.6592   15.9504
    0.0000  -15.0000  -37.5000 8586.5859   16.0101
    7.5000  -15.0000  -37.5000 8211.3135   16.0524
   -7.5000   -7.5000  -37.5000 9280.9658   15.8225
    0.0000   -7.5000  -37.5000 9684.4746   15.8736
    7.5000   -7.5000  -37.5000 9238.5928   15.9093
   -7.5000    0.0000  -37.500010305.5264   15.8365
    0.0000    0.0000  -37.500010750.5859   15.8794
    7.5000    0.0000  -37.500010244.3965   15.9105
   -7.5000    7.5000  -37.500010559.0742   15.8552
    0.0000    7.5000  -37.500011003.8418   15.8988
    7.5000    7.5000  -37.500010485.1465   15.9310
   -7.5000   15.0000  -37.500010614.2939   15.8549
    0.0000   15.0000  -37.500011052.7568   15.9050
    7.5000   15.0000  -37.500010527.0430   15.9421
   -7.5000   22.5000  -37.500010506.4902   15.8312
    0.0000   22.5000  -37.500010957.3652   15.8877
    7.5000   22.5000  -37.500010439.3789   15.9292
   -7.5000   30.0000  -37.500010284.1777   15.6027
    0.0000   30.0000  -37.500010745.8555   15.6602
    7.5000   30.0000  -37.500010212.6807   15.7008
   -7.5000   37.5000  -37.500010413.0127   15.6041
    0.0000   37.5000  -37.500010844.4512   15.6545
    7.5000   37.5000  -37.500010330.9336   15.6896
   -7.5000   45.0000  -37.500010184.1260   15.2287
    0.0000   45.0000  -37.500010589.2734   15.2700
    7.5000   45.0000  -37.500010100.7051   15.2999
   -7.5000  -45.0000  -30.0000 5294.5864   18.4510
    0.0000  -45.0000  -30.0000 5536.7827   18.5066
    7.5000  -45.0000  -30.0000 5270.3525   18.5521
   -7.5000  -37.5000  -30.0000 5994.2612   17.7478
    0.0000  -37.5000  -30.0000 6231.6147   17.7992
    7.5000  -37.5000  -30.0000 5970.1450   17.8392
   -7.5000  -30.0000  -30.0000 6920.2251   17.2366
    0.0000  -30.0000  -30.0000 7192.2002   17.2951
    7.5000  -30.0000  -30.0000 6910.7417   17.3385
   -7.5000  -22.5000  -30.0000 7951.9771   16.8514
    0.0000  -22.5000  -30.0000 8264.7188   16.9162
    7.5000  -22.5000  -30.0000 7932.3779   16.9669
   -7.5000  -15.0000  -30.0000 9014.7109   16.5534
    0.0000  -15.0000  -30.0000 9404.7422   16.6193
    7.5000  -15.0000  -30.0000 8974.5410   16.6722
   -7.5000   -7.5000  -30.000010150.2295   16.4190
    0.0000   -7.5000  -30.000010593.6562   16.4740
    7.5000   -7.5000  -30.000010082.3652   16.5201
   -7.5000    0.0000  -30.000011267.3789   16.4267
    0.0000    0.0000  -30.000011749.4961   16.4694
    7.5000    0.0000  -30.000011190.7900   16.5065
   -7.5000    7.5000  -30.000011502.7549   16.4421
    0.0000    7.5000  -30.000012001.4795   16.4832
    7.5000    7.5000  -30.000011427.8242   16.5163
   -7.5000   15.0000  -30.000011551.8799   16.4442
    0.0000   15.0000  -30.000012052.1152   16.4932
    7.5000   15.0000  -30.000011449.9707   16.5308
   -7.5000   22.5000  -30.000011421.7783   16.4242
    0.0000   22.5000  -30.000011940.3818   16.4840
    7.5000   22.5000  -30.000011325.5781   16.5311
   -7.5000   30.0000  -30.000011176.1445   16.1947
    0.0000   30.0000  -30.000011679.0469   16.2582
    7.5000   30.0000  -30.000011072.3486   16.3090
   -7.5000   37.5000  -30.000011285.3555   16.1940
    0.0000   37.5000  -30.000011763.3975   16.2482
    7.5000   37.5000  -30.000011167.5381   16.2936
   -7.5000   45.0000  -30.000010993.1738   15.8078
    0.0000   45.0000  -30.000011451.3721   15.8489
    7.5000   45.0000  -30.000010882.9521   15.8847
   -7.5000  -45.0000  -22.5000 5758.9058   19.0841
    0.0000  -45.0000  -22.5000 6009.2559   19.1448
    7.5000  -45.0000  -22.5000 5748.0977   19.1942
   -7.5000  -37.5000  -22.5000 6520.1172   18.3572
    0.0000  -37.5000  -22.5000 6765.4438   18.4101
    7.5000  -37.5000  -22.5000 6501.5620   18.4489
   -7.5000  -30.0000  -22.5000 7540.0137   17.8324
    0.0000  -30.0000  -22.5000 7837.9873   17.8896
    7.5000  -30.0000  -22.5000 7530.8042   17.9306
   -7.5000  -22.5000  -22.5000 8653.0625   17.4405
    0.0000  -22.5000  -22.5000 9017.0547   17.5065
    7.5000  -22.5000  -22.5000 8628.7021   17.5584
   -7.5000  -15.0000  -22.5000 9801.5625   17.1346
    0.0000  -15.0000  -22.500010249.0312   17.2050
    7.5000  -15.0000  -22.5000 9763.3828   17.2633
   -7.5000   -7.5000  -22.500011023.1650   16.9904
    0.0000   -7.5000  -22.500011510.8018   17.0513
    7.5000   -7.5000  -22.500010956.8242   17.1030
   -7.5000    0.0000  -22.500012210.9170   16.9898
    0.0000    0.0000  -22.500012739.1064   17.0370
    7.5000    0.0000  -22.500012129.7705   17.0757
   -7.5000    7.5000  -22.500012449.9609   17.0049
    0.0000    7.5000  -22.500012997.5410   17.0470
    7.5000    7.5000  -22.500012348.9521   17.0776
   -7.5000   15.0000  -22.500012454.9707   17.0128
    0.0000   15.0000  -22.500013015.5586   17.0607
    7.5000   15.0000  -22.500012332.5889   17.0957
   -7.5000   22.5000  -22.500012321.8516   16.9970
    0.0000   22.5000  -22.500012901.2686   17.0578
    7.5000   22.5000  -22.500012200.4961   17.1060
   -7.5000   30.0000  -22.500012078.3027   16.7661
    0.0000   30.0000  -22.500012635.0889   16.8339
    7.5000   30.0000  -22.500011943.2676   16.8899
   -7.5000   37.5000  -22.500012157.2705   16.7602
    0.0000   37.5000  -22.500012706.9678   16.8202
    7.5000   37.5000  -22.500011996.5283   16.8711
   -7.5000   45.0000  -22.500011801.9971   16.3620
    0.0000   45.0000  -22.500012324.4697   16.4075
    7.5000   45.0000  -22.500011658.8711   16.4448
   -7.5000  -45.0000  -15.0000 6247.7529   19.5462
    0.0000  -45.0000  -15.0000 6496.5327   19.6134
    7.5000  -45.0000  -15.0000 6219.3379   19.6594
   -7.5000  -37.5000  -15.0000 7048.6558   18.8032
    0.0000  -37.5000  -15.0000 7318.3662   18.8611
    7.5000  -37.5000  -15.0000 7015.2842   18.8987
   -7.5000  -30.0000  -15.0000 8149.3047   18.2648
    0.0000  -30.0000  -15.0000 8485.0088   18.3232
    7.5000  -30.0000  -15.0000 8135.1387   18.3623
   -7.5000  -22.5000  -15.0000 9338.6758   17.8628
    0.0000  -22.5000  -15.0000 9763.5420   17.9279
    7.5000  -22.5000  -15.0000 9338.4971   17.9759
   -7.5000  -15.0000  -15.000010578.6113   17.5484
    0.0000  -15.0000  -15.000011083.5254   17.6188
    7.5000  -15.0000  -15.000010572.1006   17.6725
   -7.5000   -7.5000  -15.000011877.8301   17.3980
    0.0000   -7.5000  -15.000012442.2969   17.4619
    7.5000   -7.5000  -15.000011856.6826   17.5096
   -7.5000    0.0000  -15.000013139.5488   17.3953
    0.0000    0.0000  -15.000013756.3643   17.4476
    7.5000    0.0000  -15.000013087.9482   17.4834
   -7.5000    7.5000  -15.000013346.0215   17.4136
    0.0000    7.5000  -15.000013979.0498   17.4595
    7.5000    7.5000  -15.000013281.6416   17.4881
   -7.5000   15.0000  -15.000013338.2363   17.4252
    0.0000   15.0000  -15.000013961.7939   17.4738
    7.5000   15.0000  -15.000013244.9619   17.5065
   -7.5000   22.5000  -15.000013204.4814   17.4082
    0.0000   22.5000  -15.000013819.2676   17.4681
    7.5000   22.5000  -15.000013075.1523   17.5124
   -7.5000   30.0000  -15.000012944.8066   17.1737
    0.0000   30.0000  -15.000013560.6172   17.2414
    7.5000   30.0000  -15.000012793.2227   17.2929
   -7.5000   37.5000  -15.000012997.4209   17.1646
    0.0000   37.5000  -15.000013634.3096   17.2277
    7.5000   37.5000  -15.000012830.7197   17.2746
   -7.5000   45.0000  -15.000012612.1963   16.7627
    0.0000   45.0000  -15.000013223.5488   16.8130
    7.5000   45.0000  -15.000012459.4932   16.8476
   -7.5000  -45.0000   -7.5000 6724.2295   19.7797
    0.0000  -45.0000   -7.5000 6974.5249   19.8501
    7.5000  -45.0000   -7.5000 6693.3516   19.8881
   -7.5000  -37.5000   -7.5000 7583.6738   19.0293
    0.0000  -37.5000   -7.5000 7892.4043   19.0928
    7.5000  -37.5000   -7.5000 7557.7188   19.1311
   -7.5000  -30.0000   -7.5000 8786.3135   18.4780
    0.0000  -30.0000   -7.5000 9170.7422   18.5412
    7.5000  -30.0000   -7.5000 8765.5576   18.5823
   -7.5000  -22.5000   -7.500010082.1904   18.0621
    0.0000  -22.5000   -7.500010561.1855   18.1267
    7.5000  -22.5000   -7.500010072.2490   18.1701
   -7.5000  -15.0000   -7.500011410.5928   17.7389
    0.0000  -15.0000   -7.500011951.2842   17.8055
    7.5000  -15.0000   -7.500011400.2354   17.8486
   -7.5000   -7.5000   -7.500012777.6240   17.5894
    0.0000   -7.5000   -7.500013399.6250   17.6510
    7.5000   -7.5000   -7.500012766.5010   17.6884
   -7.5000    0.0000   -7.500014098.2783   17.5948
    0.0000    0.0000   -7.500014800.4512   17.6489
    7.5000    0.0000   -7.500014066.4951   17.6800
   -7.5000    7.5000   -7.500014294.4072   17.6188
    0.0000    7.5000   -7.500014989.2344   17.6690
    7.5000    7.5000   -7.500014243.9727   17.6991
   -7.5000   15.0000   -7.500014269.3271   17.6280
    0.0000   15.0000   -7.500014950.6006   17.6803
    7.5000   15.0000   -7.500014196.0615   17.7146
   -7.5000   22.5000   -7.500014110.1553   17.6013
    0.0000   22.5000   -7.500014794.2666   17.6606
    7.5000   22.5000   -7.500013993.4502   17.7005
   -7.5000   30.0000   -7.500013829.7090   17.3597
    0.0000   30.0000   -7.500014521.6162   17.4238
    7.5000   30.0000   -7.500013680.8701   17.4651
   -7.5000   37.5000   -7.500013872.3027   17.3529
    0.0000   37.5000   -7.500014588.5537   17.4138
    7.5000   37.5000   -7.500013730.1289   17.4505
   -7.5000   45.0000   -7.500013468.9873   16.9581
    0.0000   45.0000   -7.500014158.5215   17.0102
    7.5000   45.0000   -7.500013318.0244   17.0402
   -7.5000  -45.0000    0.0000 7144.8467   19.8196
    0.0000  -45.0000    0.0000 7407.1636   19.8887
    7.5000  -45.0000    0.0000 7096.9414   19.9228
   -7.5000  -37.5000    0.0000 8078.2812   19.0667
    0.0000  -37.5000    0.0000 8434.1357   19.1325
    7.5000  -37.5000    0.0000 8042.5376   19.1724
   -7.5000  -30.0000    0.0000 9407.7754   18.5087
    0.0000  -30.0000    0.0000 9853.9121   18.5767
    7.5000  -30.0000    0.0000 9382.3037   18.6213
   -7.5000  -22.5000    0.000010815.1367   18.0845
    0.0000  -22.5000    0.000011328.2373   18.1506
    7.5000  -22.5000    0.000010809.4014   18.1944
   -7.5000  -15.0000    0.000012224.2871   17.7576
    0.0000  -15.0000    0.000012775.0430   17.8220
    7.5000  -15.0000    0.000012207.8516   17.8611
   -7.5000   -7.5000    0.000013620.9893   17.6128
    0.0000   -7.5000    0.000014257.6338   17.6712
    7.5000   -7.5000    0.000013625.0020   17.7035
   -7.5000    0.0000    0.000014970.9863   17.6277
    0.0000    0.0000    0.000015695.8193   17.6802
    7.5000    0.0000    0.000014937.1709   17.7097
   -7.5000    7.5000    0.000015158.8789   17.6533
    0.0000    7.5000    0.000015863.8691   17.7058
    7.5000    7.5000    0.000015099.9883   17.7387
   -7.5000   15.0000    0.000015147.3154   17.6571
    0.0000   15.0000    0.000015853.6074   17.7133
    7.5000   15.0000    0.000015076.1865   17.7513
   -7.5000   22.5000    0.000015002.3516   17.6235
    0.0000   22.5000    0.000015753.1621   17.6843
    7.5000   22.5000    0.000014894.8008   17.7246
   -7.5000   30.0000    0.000014645.9092   17.3784
    0.0000   30.0000    0.000015401.6514   17.4404
    7.5000   30.0000    0.000014539.5400   17.4778
   -7.5000   37.5000    0.000014660.8105   17.3765
    0.0000   37.5000    0.000015409.0576   17.4341
    7.5000   37.5000    0.000014590.1826   17.4659
   -7.5000   45.0000    0.000014235.9795   16.9911
    0.0000   45.0000    0.000014947.5527   17.0417
    7.5000   45.0000    0.000014149.5391   17.0701
   -7.5000  -45.0000    7.5000 7033.8535   19.8140
    0.0000  -45.0000    7.5000 7309.5273   19.8776
    7.5000  -45.0000    7.5000 6987.8945   19.9177
   -7.5000  -37.5000    7.5000 7956.1196   19.0585
    0.0000  -37.5000    7.5000 8313.5527   19.1196
    7.5000  -37.5000    7.5000 7920.8809   19.1619
   -7.5000  -30.0000    7.5000 9264.9004   18.5019
    0.0000  -30.0000    7.5000 9732.7969   18.5692
    7.5000  -30.0000    7.5000 9267.2402   18.6164
   -7.5000  -22.5000    7.500010663.8438   18.0803
    0.0000  -22.5000    7.500011180.7529   18.1489
    7.5000  -22.5000    7.500010673.7012   18.1982
   -7.5000  -15.0000    7.500012073.5244   17.7562
    0.0000  -15.0000    7.500012615.8965   17.8231
    7.5000  -15.0000    7.500012083.4941   17.8696
   -7.5000   -7.5000    7.500013444.5898   17.6142
    0.0000   -7.5000    7.500014024.3643   17.6715
    7.5000   -7.5000    7.500013451.2070   17.7108
   -7.5000    0.0000    7.500014698.1729   17.6297
    0.0000    0.0000    7.500015335.7432   17.6780
    7.5000    0.0000    7.500014677.5420   17.7123
   -7.5000    7.5000    7.500014789.6416   17.6509
    0.0000    7.5000    7.500015421.4395   17.6998
    7.5000    7.5000    7.500014803.3955   17.7354
   -7.5000   15.0000    7.500014853.3896   17.6510
    0.0000   15.0000    7.500015511.5889   17.7070
    7.5000   15.0000    7.500014855.1748   17.7479
   -7.5000   22.5000    7.500014811.1719   17.6190
    0.0000   22.5000    7.500015562.8135   17.6821
    7.5000   22.5000    7.500014766.8408   17.7279
   -7.5000   30.0000    7.500014423.9004   17.3767
    0.0000   30.0000    7.500015154.0000   17.4411
    7.5000   30.0000    7.500014430.6201   17.4858
   -7.5000   37.5000    7.500014379.5146   17.3779
    0.0000   37.5000    7.500015054.7725   17.4344
    7.5000   37.5000    7.500014434.8721   17.4731
   -7.5000   45.0000    7.500013943.0898   16.9930
    0.0000   45.0000    7.500014561.2930   17.0395
    7.5000   45.0000    7.500013959.6123   17.0726
   -7.5000  -45.0000   15.0000 6811.4111   19.8105
    0.0000  -45.0000   15.0000 7099.3765   19.8703
    7.5000  -45.0000   15.0000 6791.0869   19.9191
   -7.5000  -37.5000   15.0000 7716.3892   19.0545
    0.0000  -37.5000   15.0000 8068.9824   19.1097
    7.5000  -37.5000   15.0000 7708.2085   19.1526
   -7.5000  -30.0000   15.0000 9023.4590   18.5047
    0.0000  -30.0000   15.0000 9469.9785   18.5676
    7.5000  -30.0000   15.0000 9026.0215   18.6140
   -7.5000  -22.5000   15.000010380.5234   18.0911
    0.0000  -22.5000   15.000010862.7578   18.1608
    7.5000  -22.5000   15.000010388.5537   18.2150
   -7.5000  -15.0000   15.000011715.8311   17.7713
    0.0000  -15.0000   15.000012232.6299   17.8421
    7.5000  -15.0000   15.000011725.4385   17.8989
   -7.5000   -7.5000   15.000013024.3926   17.6270
    0.0000   -7.5000   15.000013580.8164   17.6861
    7.5000   -7.5000   15.000012998.5400   17.7356
   -7.5000    0.0000   15.000014211.3076   17.6352
    0.0000    0.0000   15.000014797.8721   17.6811
    7.5000    0.0000   15.000014197.0137   17.7209
   -7.5000    7.5000   15.000014293.3252   17.6517
    0.0000    7.5000   15.000014855.5020   17.6959
    7.5000    7.5000   15.000014318.1270   17.7314
   -7.5000   15.0000   15.000014373.2305   17.6540
    0.0000   15.0000   15.000014979.9453   17.7067
    7.5000   15.0000   15.000014392.7041   17.7470
   -7.5000   22.5000   15.000014373.7568   17.6287
    0.0000   22.5000   15.000015026.8418   17.6929
    7.5000   22.5000   15.000014344.9551   17.7434
   -7.5000   30.0000   15.000014065.7695   17.3914
    0.0000   30.0000   15.000014661.9248   17.4595
    7.5000   30.0000   15.000014113.0508   17.5141
   -7.5000   37.5000   15.000014054.9512   17.3905
    0.0000   37.5000   15.000014600.5010   17.4488
    7.5000   37.5000   15.000014137.8076   17.4975
   -7.5000   45.0000   15.000013612.5537   16.9983
    0.0000   45.0000   15.000014138.9062   17.0425
    7.5000   45.0000   15.000013621.3594   17.0809
   -7.5000  -45.0000   22.5000 6558.6240   19.8108
    0.0000  -45.0000   22.5000 6815.0327   19.8739
    7.5000  -45.0000   22.5000 6549.3462   19.9251
   -7.5000  -37.5000   22.5000 7393.9038   19.0562
    0.0000  -37.5000   22.5000 7720.8955   19.1112
    7.5000  -37.5000   22.5000 7397.3228   19.1514
   -7.5000  -30.0000   22.5000 8614.7725   18.5115
    0.0000  -30.0000   22.5000 9028.4531   18.5708
    7.5000  -30.0000   22.5000 8625.3525   18.6134
   -7.5000  -22.5000   22.5000 9924.5322   18.1047
    0.0000  -22.5000   22.500010389.3828   18.1732
    7.5000  -22.5000   22.5000 9933.4932   18.2270
   -7.5000  -15.0000   22.500011225.7070   17.7871
    0.0000  -15.0000   22.500011737.9873   17.8602
    7.5000  -15.0000   22.500011232.3730   17.9207
   -7.5000   -7.5000   22.500012483.6016   17.6374
    0.0000   -7.5000   22.500013026.4707   17.7006
    7.5000   -7.5000   22.500012465.9541   17.7543
   -7.5000    0.0000   22.500013637.2666   17.6368
    0.0000    0.0000   22.500014192.2129   17.6858
    7.5000    0.0000   22.500013628.1621   17.7260
   -7.5000    7.5000   22.500013739.4150   17.6525
    0.0000    7.5000   22.500014282.4219   17.6961
    7.5000    7.5000   22.500013766.7744   17.7279
   -7.5000   15.0000   22.500013735.6006   17.6606
    0.0000   15.0000   22.500014264.3047   17.7104
    7.5000   15.0000   22.500013743.8281   17.7467
   -7.5000   22.5000   22.500013648.8887   17.6416
    0.0000   22.5000   22.500014183.3770   17.7047
    7.5000   22.5000   22.500013585.2959   17.7547
   -7.5000   30.0000   22.500013444.1855   17.4070
    0.0000   30.0000   22.500013940.6455   17.4774
    7.5000   30.0000   22.500013360.7275   17.5355
   -7.5000   37.5000   22.500013558.7852   17.4009
    0.0000   37.5000   22.500014080.3721   17.4632
    7.5000   37.5000   22.500013475.0645   17.5161
   -7.5000   45.0000   22.500013135.7246   16.9999
    0.0000   45.0000   22.500013652.6699   17.0471
    7.5000   45.0000   22.500013018.9082   17.0858
   -7.5000  -45.0000   30.0000 6180.9814   19.8424
    0.0000  -45.0000   30.0000 6425.4775   19.9105
    7.5000  -45.0000   30.0000 6177.3008   19.9575
   -7.5000  -37.5000   30.0000 6967.4146   19.0876
    0.0000  -37.5000   30.0000 7267.6494   19.1463
    7.5000  -37.5000   30.0000 6980.2666   19.1847
   -7.5000  -30.0000   30.0000 8135.9800   18.5409
    0.0000  -30.0000   30.0000 8501.4902   18.6001
    7.5000  -30.0000   30.0000 8157.8496   18.6400
   -7.5000  -22.5000   30.0000 9375.7354   18.1326
    0.0000  -22.5000   30.0000 9799.3281   18.1985
    7.5000  -22.5000   30.0000 9387.1016   18.2475
   -7.5000  -15.0000   30.000010598.4004   17.8127
    0.0000  -15.0000   30.000011072.9883   17.8840
    7.5000  -15.0000   30.000010587.1885   17.9387
   -7.5000   -7.5000   30.000011785.0342   17.6592
    0.0000   -7.5000   30.000012328.4258   17.7239
    7.5000   -7.5000   30.000011767.7588   17.7725
   -7.5000    0.0000   30.000012897.6191   17.6562
    0.0000    0.0000   30.000013474.3994   17.7091
    7.5000    0.0000   30.000012888.0742   17.7457
   -7.5000    7.5000   30.000013020.1592   17.6752
    0.0000    7.5000   30.000013606.2139   17.7216
    7.5000    7.5000   30.000013019.2598   17.7509
   -7.5000   15.0000   30.000013016.3232   17.6875
    0.0000   15.0000   30.000013587.5234   17.7368
    7.5000   15.0000   30.000012995.0684   17.7701
   -7.5000   22.5000   30.000012890.9668   17.6686
    0.0000   22.5000   30.000013425.2695   17.7292
    7.5000   22.5000   30.000012822.8857   17.7745
   -7.5000   30.0000   30.000012648.9961   17.4322
    0.0000   30.0000   30.000013153.7891   17.5008
    7.5000   30.0000   30.000012579.1475   17.5533
   -7.5000   37.5000   30.000012782.0654   17.4223
    0.0000   37.5000   30.000013287.0791   17.4862
    7.5000   37.5000   30.000012699.7939   17.5340
   -7.5000   45.0000   30.000012362.7510   17.0186
    0.0000   45.0000   30.000012869.7852   17.0696
    7.5000   45.0000   30.000012286.0244   17.1048
   -7.5000  -45.0000   37.5000 5997.4868   19.9281
    0.0000  -45.0000   37.5000 6232.8374   19.9989
    7.5000  -45.0000   37.5000 6000.9092   20.0381
   -7.5000  -37.5000   37.5000 6762.0166   19.1716
    0.0000  -37.5000   37.5000 7038.6670   19.2355
    7.5000  -37.5000   37.5000 6775.8604   19.2749
   -7.5000  -30.0000   37.5000 7874.4424   18.6154
    0.0000  -30.0000   37.5000 8234.5723   18.6788
    7.5000  -30.0000   37.5000 7891.0239   18.7209
   -7.5000  -22.5000   37.5000 9054.6328   18.1950
    0.0000  -22.5000   37.5000 9496.3486   18.2599
    7.5000  -22.5000   37.5000 9052.2383   18.3044
   -7.5000  -15.0000   37.500010255.8506   17.8675
    0.0000  -15.0000   37.500010759.4141   17.9345
    7.5000  -15.0000   37.500010237.2617   17.9788
   -7.5000   -7.5000   37.500011456.1543   17.7150
    0.0000   -7.5000   37.500012014.3438   17.7770
    7.5000   -7.5000   37.500011433.4707   17.8155
   -7.5000    0.0000   37.500012582.7852   17.7197
    0.0000    0.0000   37.500013167.6191   17.7741
    7.5000    0.0000   37.500012561.9248   17.8061
   -7.5000    7.5000   37.500012710.6357   17.7443
    0.0000    7.5000   37.500013255.8115   17.7948
    7.5000    7.5000   37.500012678.5801   17.8257
   -7.5000   15.0000   37.500012675.7783   17.7547
    0.0000   15.0000   37.500013192.7598   17.8071
    7.5000   15.0000   37.500012641.8145   17.8423
   -7.5000   22.5000   37.500012504.2451   17.7285
    0.0000   22.5000   37.500012986.3389   17.7880
    7.5000   22.5000   37.500012468.3867   17.8289
   -7.5000   30.0000   37.500012245.6777   17.4853
    0.0000   30.0000   37.500012710.2939   17.5498
    7.5000   30.0000   37.500012204.2246   17.5922
   -7.5000   37.5000   37.500012360.3525   17.4773
    0.0000   37.5000   37.500012847.5820   17.5385
    7.5000   37.5000   37.500012302.0947   17.5763
   -7.5000   45.0000   37.500011993.9912   17.0797
    0.0000   45.0000   37.500012469.3359   17.1321
    7.5000   45.0000   37.500011945.7959   17.1630
   -7.5000  -45.0000   45.0000 5531.0381   20.0028
    0.0000  -45.0000   45.0000 5747.0718   20.0727
    7.5000  -45.0000   45.0000 5534.5044   20.1090
   -7.5000  -37.5000   45.0000 6243.0752   19.2407
    0.0000  -37.5000   45.0000 6492.1157   19.3072
    7.5000  -37.5000   45.0000 6255.8540   19.3494
   -7.5000  -30.0000   45.0000 7269.2847   18.6760
    0.0000  -30.0000   45.0000 7590.6235   18.7444
    7.5000  -30.0000   45.0000 7281.8521   18.7916
   -7.5000  -22.5000   45.0000 8357.7539   18.2458
    0.0000  -22.5000   45.0000 8749.9326   18.3123
    7.5000  -22.5000   45.0000 8354.2402   18.3586
   -7.5000  -15.0000   45.0000 9461.7148   17.9119
    0.0000  -15.0000   45.0000 9919.7637   17.9767
    7.5000  -15.0000   45.0000 9456.9795   18.0182
   -7.5000   -7.5000   45.000010565.8604   17.7617
    0.0000   -7.5000   45.000011085.6035   17.8205
    7.5000   -7.5000   45.000010571.6113   17.8549
   -7.5000    0.0000   45.000011594.3428   17.7752
    0.0000    0.0000   45.000012158.7900   17.8281
    7.5000    0.0000   45.000011599.2969   17.8595
   -7.5000    7.5000   45.000011694.9033   17.8022
    0.0000    7.5000   45.000012245.8438   17.8549
    7.5000    7.5000   45.000011697.6602   17.8897
   -7.5000   15.0000   45.000011668.5693   17.8079
    0.0000   15.0000   45.000012189.2764   17.8643
    7.5000   15.0000   45.000011649.4014   17.9045
   -7.5000   22.5000   45.000011495.2363   17.7750
    0.0000   22.5000   45.000011989.2588   17.8361
    7.5000   22.5000   45.000011482.0732   17.8787
   -7.5000   30.0000   45.000011238.7598   17.5257
    0.0000   30.0000   45.000011707.9893   17.5881
    7.5000   30.0000   45.000011222.2158   17.6278
   -7.5000   37.5000   45.000011361.5303   17.5217
    0.0000   37.5000   45.000011842.9141   17.5797
    7.5000   37.5000   45.000011330.6719   17.6136
   -7.5000   45.0000   45.000011059.2197   17.1410
    0.0000   45.0000   45.000011521.9131   17.1920
    7.5000   45.0000   45.000011022.3262   17.2223

---------------------------------------------------------------------
imgreg_4dfp /opt/freesurfer/average/711-2C_as_mni_average_305 /opt/freesurfer/average/711-2B_as_mni_average_305_mask talsrcimg_g11 none talsrcimg_to_711-2C_as_mni_average_305_t4 4355
---------------------------------------------------------------------

freesurfer imgreg_4dfp.c
/opt/freesurfer/average/711-2C_as_mni_average_305.4dfp.img
       256       256       256         1
  1.000000  1.000000  1.000000
orientation T byte_order littleendian
Reading image: /opt/freesurfer/average/711-2C_as_mni_average_305.4dfp.img
dimensions:      256       256       256
mmppix:       1.0000   -1.0000   -1.0000
center:     128.0000 -129.0000 -129.0000
/opt/freesurfer/average/711-2B_as_mni_average_305_mask.4dfp.img
       256       256       256         1
  1.000000  1.000000  1.000000
orientation T byte_order littleendian
Reading mask: /opt/freesurfer/average/711-2B_as_mni_average_305_mask.4dfp.img (2306576 pixels)
talsrcimg_g11.4dfp.img
       256       256       256         1
  1.000000  1.000000  1.000000
orientation T byte_order littleendian
Reading image: talsrcimg_g11.4dfp.img
dimensions:      256       256       256
mmppix:       1.0000   -1.0000   -1.0000
center:     128.0000 -129.0000 -129.0000
rotation matrix determinant  1.000000
image alignment mode   4355 decimal     1103 hex
   -7.5000  -37.5000  -45.0000 1448.7689   35.5946
    0.0000  -37.5000  -45.0000 1456.9783   35.4916
    7.5000  -37.5000  -45.0000 1433.5393   35.7287
   -7.5000  -30.0000  -45.0000 1576.1963   29.9843
    0.0000  -30.0000  -45.0000 1584.4310   29.9319
    7.5000  -30.0000  -45.0000 1560.7874   30.2576
   -7.5000  -22.5000  -45.0000 1695.8248   25.7391
    0.0000  -22.5000  -45.0000 1706.4253   25.5651
    7.5000  -22.5000  -45.0000 1690.1166   25.9780
   -7.5000  -15.0000  -45.0000 1819.1626   22.5320
    0.0000  -15.0000  -45.0000 1827.8521   22.3691
    7.5000  -15.0000  -45.0000 1814.7009   22.7749
   -7.5000   -7.5000  -45.0000 1930.7266   20.2498
    0.0000   -7.5000  -45.0000 1938.5972   20.1167
    7.5000   -7.5000  -45.0000 1920.3733   20.4216
   -7.5000    0.0000  -45.0000 2021.9072   18.5880
    0.0000    0.0000  -45.0000 2029.9042   18.5222
    7.5000    0.0000  -45.0000 2010.7322   18.7174
   -7.5000    7.5000  -45.0000 2111.9358   17.3842
    0.0000    7.5000  -45.0000 2116.6519   17.3180
    7.5000    7.5000  -45.0000 2100.9153   17.4606
   -7.5000   15.0000  -45.0000 2153.9524   16.5408
    0.0000   15.0000  -45.0000 2163.1885   16.4776
    7.5000   15.0000  -45.0000 2146.7932   16.6316
   -7.5000   22.5000  -45.0000 2178.1667   15.8964
    0.0000   22.5000  -45.0000 2187.1157   15.8240
    7.5000   22.5000  -45.0000 2172.0476   16.0200
   -7.5000   30.0000  -45.0000 2185.9922   15.5118
    0.0000   30.0000  -45.0000 2199.6973   15.4090
    7.5000   30.0000  -45.0000 2180.9363   15.6103
   -7.5000   37.5000  -45.0000 2187.5488   15.4995
    0.0000   37.5000  -45.0000 2200.8313   15.4180
    7.5000   37.5000  -45.0000 2184.2734   15.6397
   -7.5000   45.0000  -45.0000 2169.8208   15.9312
    0.0000   45.0000  -45.0000 2181.7849   15.8597
    7.5000   45.0000  -45.0000 2159.1978   16.1190
   -7.5000   52.5000  -45.0000 2111.0332   16.5879
    0.0000   52.5000  -45.0000 2123.3313   16.5172
    7.5000   52.5000  -45.0000 2103.2898   16.7826
   -7.5000  -37.5000  -37.5000 1523.0663   32.3297
    0.0000  -37.5000  -37.5000 1527.9580   32.3137
    7.5000  -37.5000  -37.5000 1507.2794   32.7741
   -7.5000  -30.0000  -37.5000 1645.3230   27.2337
    0.0000  -30.0000  -37.5000 1653.6953   27.2052
    7.5000  -30.0000  -37.5000 1633.6022   27.6826
   -7.5000  -22.5000  -37.5000 1777.6798   23.3682
    0.0000  -22.5000  -37.5000 1783.9092   23.2509
    7.5000  -22.5000  -37.5000 1770.0460   23.6945
   -7.5000  -15.0000  -37.5000 1909.3048   20.4946
    0.0000  -15.0000  -37.5000 1915.2697   20.4248
    7.5000  -15.0000  -37.5000 1896.6990   20.7062
   -7.5000   -7.5000  -37.5000 2029.2970   18.4429
    0.0000   -7.5000  -37.5000 2039.8861   18.3871
    7.5000   -7.5000  -37.5000 2017.0841   18.5889
   -7.5000    0.0000  -37.5000 2125.4019   16.9639
    0.0000    0.0000  -37.5000 2135.9946   16.9388
    7.5000    0.0000  -37.5000 2114.1804   17.1127
   -7.5000    7.5000  -37.5000 2214.4685   15.8419
    0.0000    7.5000  -37.5000 2222.4221   15.8497
    7.5000    7.5000  -37.5000 2203.8579   15.9575
   -7.5000   15.0000  -37.5000 2263.2776   15.0445
    0.0000   15.0000  -37.5000 2270.7102   15.0268
    7.5000   15.0000  -37.5000 2252.1077   15.1491
   -7.5000   22.5000  -37.5000 2287.8081   14.4943
    0.0000   22.5000  -37.5000 2298.7317   14.4542
    7.5000   22.5000  -37.5000 2282.8269   14.6042
   -7.5000   30.0000  -37.5000 2294.4915   14.1844
    0.0000   30.0000  -37.5000 2309.5688   14.1233
    7.5000   30.0000  -37.5000 2289.2900   14.2852
   -7.5000   37.5000  -37.5000 2292.0115   14.1958
    0.0000   37.5000  -37.5000 2305.7651   14.1569
    7.5000   37.5000  -37.5000 2284.9709   14.3222
   -7.5000   45.0000  -37.5000 2273.2151   14.5786
    0.0000   45.0000  -37.5000 2284.7268   14.5125
    7.5000   45.0000  -37.5000 2263.4939   14.7174
   -7.5000   52.5000  -37.5000 2217.3730   15.1411
    0.0000   52.5000  -37.5000 2230.5200   15.0726
    7.5000   52.5000  -37.5000 2207.6743   15.2986
   -7.5000  -37.5000  -30.0000 1609.5997   30.5873
    0.0000  -37.5000  -30.0000 1615.5165   30.5906
    7.5000  -37.5000  -30.0000 1600.5686   30.9832
   -7.5000  -30.0000  -30.0000 1739.8418   25.7360
    0.0000  -30.0000  -30.0000 1748.1851   25.6657
    7.5000  -30.0000  -30.0000 1739.9679   26.1895
   -7.5000  -22.5000  -30.0000 1886.7761   22.1365
    0.0000  -22.5000  -30.0000 1894.8667   22.1209
    7.5000  -22.5000  -30.0000 1882.6248   22.4692
   -7.5000  -15.0000  -30.0000 2026.4860   19.4217
    0.0000  -15.0000  -30.0000 2035.5323   19.4517
    7.5000  -15.0000  -30.0000 2015.4495   19.6660
   -7.5000   -7.5000  -30.0000 2158.7063   17.5222
    0.0000   -7.5000  -30.0000 2168.8020   17.5199
    7.5000   -7.5000  -30.0000 2144.6621   17.6733
   -7.5000    0.0000  -30.0000 2262.2373   16.1039
    0.0000    0.0000  -30.0000 2271.8225   16.0815
    7.5000    0.0000  -30.0000 2251.8350   16.2039
   -7.5000    7.5000  -30.0000 2348.6252   15.0104
    0.0000    7.5000  -30.0000 2359.8821   14.9873
    7.5000    7.5000  -30.0000 2339.4475   15.0904
   -7.5000   15.0000  -30.0000 2405.7400   14.2309
    0.0000   15.0000  -30.0000 2415.9648   14.2387
    7.5000   15.0000  -30.0000 2392.9053   14.3407
   -7.5000   22.5000  -30.0000 2438.6260   13.7270
    0.0000   22.5000  -30.0000 2454.5842   13.7043
    7.5000   22.5000  -30.0000 2428.6948   13.8519
   -7.5000   30.0000  -30.0000 2447.0776   13.4883
    0.0000   30.0000  -30.0000 2460.6147   13.4487
    7.5000   30.0000  -30.0000 2438.2278   13.5784
   -7.5000   37.5000  -30.0000 2443.9575   13.5405
    0.0000   37.5000  -30.0000 2457.4282   13.4877
    7.5000   37.5000  -30.0000 2435.8616   13.6128
   -7.5000   45.0000  -30.0000 2424.5747   13.8815
    0.0000   45.0000  -30.0000 2438.1033   13.8439
    7.5000   45.0000  -30.0000 2417.6370   13.9957
   -7.5000   52.5000  -30.0000 2366.0881   14.4432
    0.0000   52.5000  -30.0000 2382.3638   14.3696
    7.5000   52.5000  -30.0000 2355.6433   14.5348
   -7.5000  -37.5000  -22.5000 1676.3602   28.9612
    0.0000  -37.5000  -22.5000 1684.8320   28.8154
    7.5000  -37.5000  -22.5000 1675.2175   29.3046
   -7.5000  -30.0000  -22.5000 1818.2288   24.3986
    0.0000  -30.0000  -22.5000 1827.5173   24.3304
    7.5000  -30.0000  -22.5000 1822.2488   24.7396
   -7.5000  -22.5000  -22.5000 1970.5734   20.9353
    0.0000  -22.5000  -22.5000 1981.8060   20.9303
    7.5000  -22.5000  -22.5000 1970.5095   21.2240
   -7.5000  -15.0000  -22.5000 2116.7979   18.3897
    0.0000  -15.0000  -22.5000 2127.8459   18.4314
    7.5000  -15.0000  -22.5000 2109.8176   18.5935
   -7.5000   -7.5000  -22.5000 2255.9792   16.5210
    0.0000   -7.5000  -22.5000 2264.0950   16.5377
    7.5000   -7.5000  -22.5000 2247.8472   16.6857
   -7.5000    0.0000  -22.5000 2365.8477   15.1657
    0.0000    0.0000  -22.5000 2377.6467   15.1538
    7.5000    0.0000  -22.5000 2356.4482   15.2499
   -7.5000    7.5000  -22.5000 2457.4224   14.1340
    0.0000    7.5000  -22.5000 2469.9526   14.1114
    7.5000    7.5000  -22.5000 2449.6084   14.1891
   -7.5000   15.0000  -22.5000 2513.6665   13.3999
    0.0000   15.0000  -22.5000 2529.4102   13.3940
    7.5000   15.0000  -22.5000 2504.9043   13.4612
   -7.5000   22.5000  -22.5000 2560.6658   12.9204
    0.0000   22.5000  -22.5000 2577.9412   12.8984
    7.5000   22.5000  -22.5000 2548.5032   13.0086
   -7.5000   30.0000  -22.5000 2581.4236   12.7128
    0.0000   30.0000  -22.5000 2595.9358   12.6791
    7.5000   30.0000  -22.5000 2569.0803   12.7876
   -7.5000   37.5000  -22.5000 2584.3000   12.7639
    0.0000   37.5000  -22.5000 2598.0837   12.7200
    7.5000   37.5000  -22.5000 2571.5803   12.8312
   -7.5000   45.0000  -22.5000 2559.5479   13.1243
    0.0000   45.0000  -22.5000 2576.5786   13.0979
    7.5000   45.0000  -22.5000 2549.1680   13.1897
   -7.5000   52.5000  -22.5000 2494.8401   13.6600
    0.0000   52.5000  -22.5000 2510.4412   13.6201
    7.5000   52.5000  -22.5000 2482.1533   13.7258
   -7.5000  -37.5000  -15.0000 1726.4742   27.3695
    0.0000  -37.5000  -15.0000 1736.1646   27.2658
    7.5000  -37.5000  -15.0000 1723.6442   27.6839
   -7.5000  -30.0000  -15.0000 1874.4320   23.0852
    0.0000  -30.0000  -15.0000 1881.3246   23.0496
    7.5000  -30.0000  -15.0000 1873.0895   23.3957
   -7.5000  -22.5000  -15.0000 2030.8599   19.7841
    0.0000  -22.5000  -15.0000 2040.9442   19.8152
    7.5000  -22.5000  -15.0000 2029.4889   20.1197
   -7.5000  -15.0000  -15.0000 2182.7485   17.3797
    0.0000  -15.0000  -15.0000 2195.3994   17.4406
    7.5000  -15.0000  -15.0000 2179.6597   17.6530
   -7.5000   -7.5000  -15.0000 2322.9473   15.5829
    0.0000   -7.5000  -15.0000 2338.9429   15.6272
    7.5000   -7.5000  -15.0000 2317.6216   15.7884
   -7.5000    0.0000  -15.0000 2440.9509   14.2783
    0.0000    0.0000  -15.0000 2454.3225   14.2845
    7.5000    0.0000  -15.0000 2434.2661   14.4017
   -7.5000    7.5000  -15.0000 2534.3408   13.2699
    0.0000    7.5000  -15.0000 2550.2776   13.2873
    7.5000    7.5000  -15.0000 2529.2869   13.3665
   -7.5000   15.0000  -15.0000 2595.6531   12.5665
    0.0000   15.0000  -15.0000 2611.5847   12.5898
    7.5000   15.0000  -15.0000 2590.9651   12.6641
   -7.5000   22.5000  -15.0000 2653.8740   12.1586
    0.0000   22.5000  -15.0000 2674.1152   12.1460
    7.5000   22.5000  -15.0000 2646.7935   12.2390
   -7.5000   30.0000  -15.0000 2686.1870   11.9633
    0.0000   30.0000  -15.0000 2704.9080   11.9393
    7.5000   30.0000  -15.0000 2676.0813   12.0281
   -7.5000   37.5000  -15.0000 2693.0176   11.9969
    0.0000   37.5000  -15.0000 2712.9802   11.9840
    7.5000   37.5000  -15.0000 2678.9309   12.0606
   -7.5000   45.0000  -15.0000 2670.8489   12.3546
    0.0000   45.0000  -15.0000 2691.1445   12.3353
    7.5000   45.0000  -15.0000 2657.3557   12.4051
   -7.5000   52.5000  -15.0000 2599.6721   12.8900
    0.0000   52.5000  -15.0000 2618.1880   12.8681
    7.5000   52.5000  -15.0000 2583.5676   12.9522
   -7.5000  -37.5000   -7.5000 1762.8965   25.9955
    0.0000  -37.5000   -7.5000 1765.9977   25.9644
    7.5000  -37.5000   -7.5000 1756.1158   26.4413
   -7.5000  -30.0000   -7.5000 1913.6237   21.8832
    0.0000  -30.0000   -7.5000 1919.2653   21.9773
    7.5000  -30.0000   -7.5000 1908.4995   22.3437
   -7.5000  -22.5000   -7.5000 2077.3447   18.8247
    0.0000  -22.5000   -7.5000 2086.0737   18.8900
    7.5000  -22.5000   -7.5000 2073.2449   19.1977
   -7.5000  -15.0000   -7.5000 2227.1670   16.5383
    0.0000  -15.0000   -7.5000 2242.4712   16.5745
    7.5000  -15.0000   -7.5000 2225.1514   16.7998
   -7.5000   -7.5000   -7.5000 2369.7788   14.7867
    0.0000   -7.5000   -7.5000 2386.3269   14.8123
    7.5000   -7.5000   -7.5000 2368.0637   14.9901
   -7.5000    0.0000   -7.5000 2494.3040   13.4857
    0.0000    0.0000   -7.5000 2511.7751   13.5082
    7.5000    0.0000   -7.5000 2491.3806   13.6430
   -7.5000    7.5000   -7.5000 2597.8596   12.5081
    0.0000    7.5000   -7.5000 2612.9097   12.5228
    7.5000    7.5000   -7.5000 2592.7642   12.6393
   -7.5000   15.0000   -7.5000 2674.5405   11.8449
    0.0000   15.0000   -7.5000 2689.6790   11.8463
    7.5000   15.0000   -7.5000 2665.7500   11.9603
   -7.5000   22.5000   -7.5000 2737.9834   11.4666
    0.0000   22.5000   -7.5000 2758.9536   11.4544
    7.5000   22.5000   -7.5000 2730.8713   11.5512
   -7.5000   30.0000   -7.5000 2779.5352   11.2682
    0.0000   30.0000   -7.5000 2801.4102   11.2723
    7.5000   30.0000   -7.5000 2766.1758   11.3513
   -7.5000   37.5000   -7.5000 2788.7625   11.2901
    0.0000   37.5000   -7.5000 2812.7554   11.2976
    7.5000   37.5000   -7.5000 2775.4807   11.3777
   -7.5000   45.0000   -7.5000 2766.1067   11.6176
    0.0000   45.0000   -7.5000 2790.2498   11.6156
    7.5000   45.0000   -7.5000 2751.6980   11.7003
   -7.5000   52.5000   -7.5000 2687.2566   12.1832
    0.0000   52.5000   -7.5000 2706.9729   12.1538
    7.5000   52.5000   -7.5000 2671.6819   12.2620
   -7.5000  -37.5000    0.0000 1786.7043   24.9752
    0.0000  -37.5000    0.0000 1792.6591   25.0766
    7.5000  -37.5000    0.0000 1774.8644   25.5381
   -7.5000  -30.0000    0.0000 1947.1002   21.1724
    0.0000  -30.0000    0.0000 1956.3103   21.2650
    7.5000  -30.0000    0.0000 1938.1094   21.6926
   -7.5000  -22.5000    0.0000 2112.2295   18.1809
    0.0000  -22.5000    0.0000 2123.2227   18.2360
    7.5000  -22.5000    0.0000 2106.1501   18.5998
   -7.5000  -15.0000    0.0000 2264.3984   15.9222
    0.0000  -15.0000    0.0000 2274.8245   15.9038
    7.5000  -15.0000    0.0000 2258.3584   16.2200
   -7.5000   -7.5000    0.0000 2401.1421   14.1894
    0.0000   -7.5000    0.0000 2418.5210   14.1815
    7.5000   -7.5000    0.0000 2402.5591   14.4587
   -7.5000    0.0000    0.0000 2530.5828   12.8971
    0.0000    0.0000    0.0000 2547.5967   12.8808
    7.5000    0.0000    0.0000 2527.6033   13.0986
   -7.5000    7.5000    0.0000 2647.9358   11.9581
    0.0000    7.5000    0.0000 2663.4199   11.9443
    7.5000    7.5000    0.0000 2639.2292   12.1143
   -7.5000   15.0000    0.0000 2739.4153   11.3111
    0.0000   15.0000    0.0000 2760.4175   11.2862
    7.5000   15.0000    0.0000 2729.5278   11.4560
   -7.5000   22.5000    0.0000 2817.2939   10.9588
    0.0000   22.5000    0.0000 2843.0125   10.9199
    7.5000   22.5000    0.0000 2805.1169   11.0729
   -7.5000   30.0000    0.0000 2863.0247   10.7531
    0.0000   30.0000    0.0000 2893.3289   10.7513
    7.5000   30.0000    0.0000 2848.9961   10.8767
   -7.5000   37.5000    0.0000 2873.9351   10.7453
    0.0000   37.5000    0.0000 2896.2761   10.7697
    7.5000   37.5000    0.0000 2861.1216   10.8715
   -7.5000   45.0000    0.0000 2848.7114   11.0588
    0.0000   45.0000    0.0000 2867.8206   11.0490
    7.5000   45.0000    0.0000 2835.2466   11.1679
   -7.5000   52.5000    0.0000 2751.9731   11.6158
    0.0000   52.5000    0.0000 2773.3240   11.5780
    7.5000   52.5000    0.0000 2742.1243   11.7167
   -7.5000  -37.5000    7.5000 1801.8062   24.4109
    0.0000  -37.5000    7.5000 1808.1577   24.5113
    7.5000  -37.5000    7.5000 1793.4136   24.9668
   -7.5000  -30.0000    7.5000 1968.7596   20.6835
    0.0000  -30.0000    7.5000 1983.5651   20.7450
    7.5000  -30.0000    7.5000 1965.1228   21.1977
   -7.5000  -22.5000    7.5000 2130.1379   17.7658
    0.0000  -22.5000    7.5000 2147.3843   17.7283
    7.5000  -22.5000    7.5000 2128.1521   18.1698
   -7.5000  -15.0000    7.5000 2284.8535   15.5568
    0.0000  -15.0000    7.5000 2300.0122   15.4675
    7.5000  -15.0000    7.5000 2280.0474   15.8783
   -7.5000   -7.5000    7.5000 2427.8210   13.8479
    0.0000   -7.5000    7.5000 2442.3303   13.7359
    7.5000   -7.5000    7.5000 2426.5952   14.1143
   -7.5000    0.0000    7.5000 2559.9917   12.5582
    0.0000    0.0000    7.5000 2574.4319   12.4771
    7.5000    0.0000    7.5000 2552.2537   12.7654
   -7.5000    7.5000    7.5000 2675.6855   11.6172
    0.0000    7.5000    7.5000 2697.8882   11.5488
    7.5000    7.5000    7.5000 2673.3545   11.8027
   -7.5000   15.0000    7.5000 2777.1365   10.9968
    0.0000   15.0000    7.5000 2804.7368   10.9364
    7.5000   15.0000    7.5000 2775.4709   11.1608
   -7.5000   22.5000    7.5000 2873.9248   10.6898
    0.0000   22.5000    7.5000 2908.6663   10.6257
    7.5000   22.5000    7.5000 2866.0208   10.8043
   -7.5000   30.0000    7.5000 2929.0740   10.4755
    0.0000   30.0000    7.5000 2967.5955   10.4473
    7.5000   30.0000    7.5000 2913.3127   10.6432
   -7.5000   37.5000    7.5000 2938.3418   10.4383
    0.0000   37.5000    7.5000 2963.1360   10.3972
    7.5000   37.5000    7.5000 2921.4084   10.6215
   -7.5000   45.0000    7.5000 2895.9194   10.7413
    0.0000   45.0000    7.5000 2920.0930   10.6795
    7.5000   45.0000    7.5000 2886.2058   10.8819
   -7.5000   52.5000    7.5000 2788.3904   11.2695
    0.0000   52.5000    7.5000 2813.7104   11.2089
    7.5000   52.5000    7.5000 2781.6016   11.4086
   -7.5000  -37.5000   15.0000 1796.3037   24.2176
    0.0000  -37.5000   15.0000 1804.2300   24.1896
    7.5000  -37.5000   15.0000 1793.4323   24.7101
   -7.5000  -30.0000   15.0000 1969.7039   20.5544
    0.0000  -30.0000   15.0000 1990.7217   20.4630
    7.5000  -30.0000   15.0000 1971.4937   20.9866
   -7.5000  -22.5000   15.0000 2140.6387   17.6426
    0.0000  -22.5000   15.0000 2158.5530   17.4841
    7.5000  -22.5000   15.0000 2138.3447   17.9582
   -7.5000  -15.0000   15.0000 2296.6863   15.3878
    0.0000  -15.0000   15.0000 2310.5007   15.1882
    7.5000  -15.0000   15.0000 2295.5693   15.6502
   -7.5000   -7.5000   15.0000 2439.6721   13.6946
    0.0000   -7.5000   15.0000 2455.3521   13.5153
    7.5000   -7.5000   15.0000 2434.8079   13.8836
   -7.5000    0.0000   15.0000 2567.6326   12.4229
    0.0000    0.0000   15.0000 2583.9304   12.2904
    7.5000    0.0000   15.0000 2565.3113   12.6090
   -7.5000    7.5000   15.0000 2688.6519   11.4915
    0.0000    7.5000   15.0000 2709.0068   11.3619
    7.5000    7.5000   15.0000 2686.4895   11.6764
   -7.5000   15.0000   15.0000 2797.5117   10.8629
    0.0000   15.0000   15.0000 2826.1584   10.7294
    7.5000   15.0000   15.0000 2799.4685   11.0383
   -7.5000   22.5000   15.0000 2891.9365   10.5744
    0.0000   22.5000   15.0000 2932.8010   10.4650
    7.5000   22.5000   15.0000 2890.1062   10.7049
   -7.5000   30.0000   15.0000 2955.7195   10.4199
    0.0000   30.0000   15.0000 3005.3074   10.3205
    7.5000   30.0000   15.0000 2948.0649   10.5612
   -7.5000   37.5000   15.0000 2964.6489   10.4180
    0.0000   37.5000   15.0000 2997.4551   10.2835
    7.5000   37.5000   15.0000 2946.7620   10.6057
   -7.5000   45.0000   15.0000 2921.1919   10.6973
    0.0000   45.0000   15.0000 2945.3386   10.6105
    7.5000   45.0000   15.0000 2903.0908   10.8440
   -7.5000   52.5000   15.0000 2798.0818   11.1951
    0.0000   52.5000   15.0000 2825.1282   11.1253
    7.5000   52.5000   15.0000 2793.1145   11.3082
   -7.5000  -37.5000   22.5000 1783.1477   24.3721
    0.0000  -37.5000   22.5000 1789.8889   24.1715
    7.5000  -37.5000   22.5000 1788.0896   24.7553
   -7.5000  -30.0000   22.5000 1961.5941   20.6306
    0.0000  -30.0000   22.5000 1977.4630   20.4423
    7.5000  -30.0000   22.5000 1961.6476   20.9056
   -7.5000  -22.5000   22.5000 2138.7117   17.6691
    0.0000  -22.5000   22.5000 2150.7771   17.4817
    7.5000  -22.5000   22.5000 2135.7024   17.9270
   -7.5000  -15.0000   22.5000 2298.0762   15.4548
    0.0000  -15.0000   22.5000 2314.5396   15.2563
    7.5000  -15.0000   22.5000 2295.8323   15.6654
   -7.5000   -7.5000   22.5000 2439.9204   13.7963
    0.0000   -7.5000   22.5000 2460.0869   13.5923
    7.5000   -7.5000   22.5000 2438.9226   13.9424
   -7.5000    0.0000   22.5000 2568.7908   12.5172
    0.0000    0.0000   22.5000 2587.6960   12.3204
    7.5000    0.0000   22.5000 2574.0952   12.6643
   -7.5000    7.5000   22.5000 2692.2161   11.5884
    0.0000    7.5000   22.5000 2715.5066   11.4020
    7.5000    7.5000   22.5000 2698.8132   11.7412
   -7.5000   15.0000   22.5000 2795.9121   10.9394
    0.0000   15.0000   22.5000 2820.1887   10.7913
    7.5000   15.0000   22.5000 2801.0425   11.0971
   -7.5000   22.5000   22.5000 2881.8140   10.5959
    0.0000   22.5000   22.5000 2915.3572   10.4781
    7.5000   22.5000   22.5000 2881.8113   10.7332
   -7.5000   30.0000   22.5000 2937.6895   10.4667
    0.0000   30.0000   22.5000 2979.4058   10.3530
    7.5000   30.0000   22.5000 2931.2922   10.6016
   -7.5000   37.5000   22.5000 2939.5139   10.5642
    0.0000   37.5000   22.5000 2974.0374   10.4789
    7.5000   37.5000   22.5000 2926.6265   10.6732
   -7.5000   45.0000   22.5000 2894.2976   10.8590
    0.0000   45.0000   22.5000 2924.0088   10.7884
    7.5000   45.0000   22.5000 2879.4585   10.9157
   -7.5000   52.5000   22.5000 2775.8000   11.2896
    0.0000   52.5000   22.5000 2801.8528   11.2189
    7.5000   52.5000   22.5000 2770.1707   11.3555
   -7.5000  -37.5000   30.0000 1763.0621   24.8258
    0.0000  -37.5000   30.0000 1771.3140   24.5802
    7.5000  -37.5000   30.0000 1767.4011   25.1310
   -7.5000  -30.0000   30.0000 1942.7679   20.9857
    0.0000  -30.0000   30.0000 1954.9397   20.7759
    7.5000  -30.0000   30.0000 1946.2892   21.2451
   -7.5000  -22.5000   30.0000 2121.8081   18.0321
    0.0000  -22.5000   30.0000 2136.3977   17.8180
    7.5000  -22.5000   30.0000 2122.6614   18.2705
   -7.5000  -15.0000   30.0000 2287.1370   15.7445
    0.0000  -15.0000   30.0000 2304.2258   15.5509
    7.5000  -15.0000   30.0000 2286.3167   15.9320
   -7.5000   -7.5000   30.0000 2432.7012   14.0819
    0.0000   -7.5000   30.0000 2457.2993   13.8758
    7.5000   -7.5000   30.0000 2433.8477   14.1997
   -7.5000    0.0000   30.0000 2559.9968   12.7984
    0.0000    0.0000   30.0000 2585.1833   12.6178
    7.5000    0.0000   30.0000 2565.1086   12.9213
   -7.5000    7.5000   30.0000 2673.7908   11.8945
    0.0000    7.5000   30.0000 2700.9866   11.7519
    7.5000    7.5000   30.0000 2678.0437   12.0356
   -7.5000   15.0000   30.0000 2771.1250   11.2669
    0.0000   15.0000   30.0000 2795.2969   11.1501
    7.5000   15.0000   30.0000 2771.9526   11.4088
   -7.5000   22.5000   30.0000 2846.2173   10.8772
    0.0000   22.5000   30.0000 2876.0779   10.7567
    7.5000   22.5000   30.0000 2843.9590   10.9948
   -7.5000   30.0000   30.0000 2883.5745   10.7170
    0.0000   30.0000   30.0000 2919.9060   10.6014
    7.5000   30.0000   30.0000 2883.3494   10.8309
   -7.5000   37.5000   30.0000 2882.0144   10.8079
    0.0000   37.5000   30.0000 2912.3472   10.7339
    7.5000   37.5000   30.0000 2875.0054   10.8950
   -7.5000   45.0000   30.0000 2836.3193   11.0844
    0.0000   45.0000   30.0000 2865.1372   11.0101
    7.5000   45.0000   30.0000 2826.6912   11.1464
   -7.5000   52.5000   30.0000 2722.0649   11.5362
    0.0000   52.5000   30.0000 2746.8044   11.4705
    7.5000   52.5000   30.0000 2720.3015   11.5996
   -7.5000  -37.5000   37.5000 1740.0769   25.5872
    0.0000  -37.5000   37.5000 1746.9496   25.2953
    7.5000  -37.5000   37.5000 1742.0740   25.8971
   -7.5000  -30.0000   37.5000 1917.6688   21.5802
    0.0000  -30.0000   37.5000 1932.1953   21.4146
    7.5000  -30.0000   37.5000 1923.2522   21.8959
   -7.5000  -22.5000   37.5000 2095.4041   18.5676
    0.0000  -22.5000   37.5000 2111.4412   18.4463
    7.5000  -22.5000   37.5000 2097.5549   18.7877
   -7.5000  -15.0000   37.5000 2263.1362   16.3002
    0.0000  -15.0000   37.5000 2283.0706   16.1633
    7.5000  -15.0000   37.5000 2261.2964   16.4596
   -7.5000   -7.5000   37.5000 2410.0271   14.6274
    0.0000   -7.5000   37.5000 2434.9802   14.4808
    7.5000   -7.5000   37.5000 2409.4541   14.7433
   -7.5000    0.0000   37.5000 2534.5938   13.3681
    0.0000    0.0000   37.5000 2562.6316   13.2257
    7.5000    0.0000   37.5000 2535.6914   13.4967
   -7.5000    7.5000   37.5000 2638.4255   12.4641
    0.0000    7.5000   37.5000 2665.3542   12.3153
    7.5000    7.5000   37.5000 2638.3389   12.5872
   -7.5000   15.0000   37.5000 2724.8865   11.7827
    0.0000   15.0000   37.5000 2751.1880   11.6270
    7.5000   15.0000   37.5000 2725.5681   11.9072
   -7.5000   22.5000   37.5000 2789.5029   11.3404
    0.0000   22.5000   37.5000 2819.9463   11.1923
    7.5000   22.5000   37.5000 2792.5957   11.4575
   -7.5000   30.0000   37.5000 2818.7603   11.1536
    0.0000   30.0000   37.5000 2849.2175   11.0138
    7.5000   30.0000   37.5000 2820.6008   11.2534
   -7.5000   37.5000   37.5000 2804.4055   11.2318
    0.0000   37.5000   37.5000 2831.1958   11.1268
    7.5000   37.5000   37.5000 2799.0959   11.3186
   -7.5000   45.0000   37.5000 2755.4587   11.5225
    0.0000   45.0000   37.5000 2779.1033   11.3975
    7.5000   45.0000   37.5000 2751.7131   11.5504
   -7.5000   52.5000   37.5000 2654.3259   11.9922
    0.0000   52.5000   37.5000 2675.5562   11.8925
    7.5000   52.5000   37.5000 2653.0969   12.0332
   -7.5000  -37.5000   45.0000 1714.0496   26.5889
    0.0000  -37.5000   45.0000 1721.2937   26.3798
    7.5000  -37.5000   45.0000 1715.0945   26.9868
   -7.5000  -30.0000   45.0000 1891.0634   22.4543
    0.0000  -30.0000   45.0000 1905.8832   22.2979
    7.5000  -30.0000   45.0000 1893.9873   22.7792
   -7.5000  -22.5000   45.0000 2063.0066   19.3708
    0.0000  -22.5000   45.0000 2080.0239   19.2741
    7.5000  -22.5000   45.0000 2062.9578   19.5828
   -7.5000  -15.0000   45.0000 2225.0391   17.0915
    0.0000  -15.0000   45.0000 2244.9260   17.0113
    7.5000  -15.0000   45.0000 2224.2146   17.2543
   -7.5000   -7.5000   45.0000 2369.5630   15.3753
    0.0000   -7.5000   45.0000 2393.4741   15.2982
    7.5000   -7.5000   45.0000 2368.7742   15.5085
   -7.5000    0.0000   45.0000 2485.0232   14.0948
    0.0000    0.0000   45.0000 2513.8562   13.9985
    7.5000    0.0000   45.0000 2486.8367   14.2144
   -7.5000    7.5000   45.0000 2577.7622   13.1524
    0.0000    7.5000   45.0000 2606.1353   13.0326
    7.5000    7.5000   45.0000 2581.4905   13.2583
   -7.5000   15.0000   45.0000 2658.1741   12.4281
    0.0000   15.0000   45.0000 2686.3931   12.2969
    7.5000   15.0000   45.0000 2660.6294   12.5367
   -7.5000   22.5000   45.0000 2715.5813   11.9508
    0.0000   22.5000   45.0000 2740.8782   11.8221
    7.5000   22.5000   45.0000 2716.8318   12.0592
   -7.5000   30.0000   45.0000 2732.2661   11.7497
    0.0000   30.0000   45.0000 2756.7183   11.6270
    7.5000   30.0000   45.0000 2734.0471   11.8391
   -7.5000   37.5000   45.0000 2709.3064   11.8306
    0.0000   37.5000   45.0000 2738.2678   11.7214
    7.5000   37.5000   45.0000 2712.3398   11.8916
   -7.5000   45.0000   45.0000 2663.8940   12.1080
    0.0000   45.0000   45.0000 2686.8091   11.9913
    7.5000   45.0000   45.0000 2662.1165   12.1474
   -7.5000   52.5000   45.0000 2571.6929   12.5859
    0.0000   52.5000   45.0000 2591.9287   12.4988
    7.5000   52.5000   45.0000 2568.3486   12.6535

---------------------------------------------------------------------
imgreg_4dfp /opt/freesurfer/average/711-2C_as_mni_average_305 /opt/freesurfer/average/711-2B_as_mni_average_305_mask talsrcimg_g11 none talsrcimg_to_711-2C_as_mni_average_305_t4 1283
---------------------------------------------------------------------

freesurfer imgreg_4dfp.c
/opt/freesurfer/average/711-2C_as_mni_average_305.4dfp.img
       256       256       256         1
  1.000000  1.000000  1.000000
orientation T byte_order littleendian
Reading image: /opt/freesurfer/average/711-2C_as_mni_average_305.4dfp.img
dimensions:      256       256       256
mmppix:       1.0000   -1.0000   -1.0000
center:     128.0000 -129.0000 -129.0000
/opt/freesurfer/average/711-2B_as_mni_average_305_mask.4dfp.img
       256       256       256         1
  1.000000  1.000000  1.000000
orientation T byte_order littleendian
Reading mask: /opt/freesurfer/average/711-2B_as_mni_average_305_mask.4dfp.img (2306576 pixels)
talsrcimg_g11.4dfp.img
       256       256       256         1
  1.000000  1.000000  1.000000
orientation T byte_order littleendian
Reading image: talsrcimg_g11.4dfp.img
dimensions:      256       256       256
mmppix:       1.0000   -1.0000   -1.0000
center:     128.0000 -129.0000 -129.0000
rotation matrix determinant  1.000000
fimgreg.f
image alignment mode   1283 decimal      503 hex
parameters
    0.0000   30.0000   15.0000    0.0000    0.0000    0.0000
eta,q 0.94407 10.28383
niter,ni,del,rscale     5    3   12.0000    1.2000
parameter  4 -2.341084 -> -0.500000 qaram    1.1500
parameters
   -0.3652   32.1570   16.0397    3.4500   -1.3436   -0.9078
eta,q 0.94869 10.16231
  0.0670  0.0739  0.0650  0.0657  0.0563  0.0547
  0.0607  0.0663  0.0615  0.0619  0.0533  0.0526
  0.0561  0.0590  0.0578  0.0580  0.0516  0.0514
  0.0556  0.0552  0.0559  0.0558  0.0518  0.0514
  0.0584  0.0559  0.0561  0.0533  0.0541  0.0525
  0.0634  0.0578  0.0574  0.0512  0.0582  0.0546
  0.0690  0.0580  0.0609  0.0490  0.0627  0.0571
niter,ni,del,rscale     5    3   12.0000    1.2000
parameters
   -0.2636   32.5036   16.7535    5.8813   -1.5711   -0.5744
eta,q 0.95164 10.08616
  0.0660  0.0582  0.0623  0.0601  0.0551  0.0551
  0.0593  0.0550  0.0582  0.0565  0.0515  0.0525
  0.0533  0.0527  0.0538  0.0538  0.0492  0.0499
  0.0513  0.0513  0.0512  0.0509  0.0485  0.0485
  0.0537  0.0514  0.0513  0.0485  0.0496  0.0488
  0.0587  0.0532  0.0543  0.0503  0.0523  0.0510
  0.0648  0.0575  0.0589  0.0531  0.0561  0.0543
niter,ni,del,rscale     4    3   12.0000    1.2000
parameters
   -0.2433   32.0001   17.1220    6.4069   -1.4563   -0.3791
eta,q 0.95178 10.09089
  0.0623  0.0566  0.0591  0.0562  0.0553  0.0550
  0.0558  0.0532  0.0546  0.0537  0.0516  0.0523
  0.0503  0.0503  0.0503  0.0510  0.0492  0.0498
  0.0484  0.0484  0.0485  0.0485  0.0483  0.0483
  0.0507  0.0505  0.0494  0.0497  0.0490  0.0487
  0.0558  0.0549  0.0529  0.0524  0.0512  0.0513
  0.0619  0.0604  0.0570  0.0545  0.0548  0.0547
niter,ni,del,rscale     3    3   12.0000    1.2000
parameters
   -0.2659   31.8144   17.2145    6.5856   -1.3774   -0.3079
eta,q 0.95180 10.09241
  0.0617  0.0576  0.0578  0.0557  0.0551  0.0549
  0.0552  0.0540  0.0532  0.0531  0.0514  0.0522
  0.0499  0.0506  0.0495  0.0506  0.0491  0.0496
  0.0482  0.0482  0.0483  0.0483  0.0482  0.0482
  0.0506  0.0504  0.0495  0.0501  0.0490  0.0488
  0.0557  0.0542  0.0531  0.0527  0.0512  0.0516
  0.0615  0.0593  0.0570  0.0552  0.0548  0.0550
niter,ni,del,rscale     2    3   12.0000    1.2000
parameters
   -0.2908   31.7411   17.2350    6.6422   -1.3368   -0.2844
eta,q 0.95180 10.09288
  0.0616  0.0579  0.0574  0.0555  0.0551  0.0548
  0.0551  0.0543  0.0529  0.0530  0.0513  0.0521
  0.0499  0.0507  0.0493  0.0504  0.0491  0.0496
  0.0482  0.0482  0.0482  0.0482  0.0482  0.0482
  0.0506  0.0504  0.0496  0.0502  0.0490  0.0489
  0.0556  0.0540  0.0531  0.0528  0.0513  0.0517
  0.0614  0.0589  0.0570  0.0554  0.0549  0.0552
niter,ni,del,rscale     1    3   12.0000    1.2000
parameters
   -0.3062   31.7146   17.2424    6.6595   -1.3172   -0.2778
eta,q 0.95180 10.09302
  0.0616  0.0580  0.0573  0.0554  0.0550  0.0548
  0.0552  0.0544  0.0528  0.0529  0.0513  0.0521
  0.0499  0.0508  0.0492  0.0504  0.0491  0.0495
  0.0482  0.0482  0.0482  0.0482  0.0482  0.0482
  0.0505  0.0504  0.0496  0.0502  0.0490  0.0489
  0.0556  0.0539  0.0531  0.0528  0.0513  0.0517
  0.0613  0.0588  0.0570  0.0555  0.0549  0.0552
registration optimization eta report
parameter search radius
    6.0000    6.0000    6.0000    6.9000    6.0000    6.0000
100000*second partial in parameter space
       36.       26.       24.       13.       19.       18.
  0.0616  0.0580  0.0573  0.0554  0.0550  0.0548
  0.0552  0.0544  0.0528  0.0529  0.0513  0.0521
  0.0499  0.0508  0.0492  0.0504  0.0491  0.0495
  0.0482  0.0482  0.0482  0.0482  0.0482  0.0482
  0.0505  0.0504  0.0496  0.0502  0.0490  0.0489
  0.0556  0.0539  0.0531  0.0528  0.0513  0.0517
  0.0613  0.0588  0.0570  0.0555  0.0549  0.0552
   -0.3062   31.7146   17.2424    6.6595   -1.3172   -0.2778
eta,q 0.95180 10.09302

---------------------------------------------------------------------
imgreg_4dfp /opt/freesurfer/average/711-2C_as_mni_average_305 /opt/freesurfer/average/711-2B_as_mni_average_305_mask talsrcimg_g11 none talsrcimg_to_711-2C_as_mni_average_305_t4 3335
---------------------------------------------------------------------

freesurfer imgreg_4dfp.c
/opt/freesurfer/average/711-2C_as_mni_average_305.4dfp.img
       256       256       256         1
  1.000000  1.000000  1.000000
orientation T byte_order littleendian
Reading image: /opt/freesurfer/average/711-2C_as_mni_average_305.4dfp.img
dimensions:      256       256       256
mmppix:       1.0000   -1.0000   -1.0000
center:     128.0000 -129.0000 -129.0000
/opt/freesurfer/average/711-2B_as_mni_average_305_mask.4dfp.img
       256       256       256         1
  1.000000  1.000000  1.000000
orientation T byte_order littleendian
Reading mask: /opt/freesurfer/average/711-2B_as_mni_average_305_mask.4dfp.img (2306576 pixels)
talsrcimg_g11.4dfp.img
       256       256       256         1
  1.000000  1.000000  1.000000
orientation T byte_order littleendian
Reading image: talsrcimg_g11.4dfp.img
dimensions:      256       256       256
mmppix:       1.0000   -1.0000   -1.0000
center:     128.0000 -129.0000 -129.0000
fimgreg.f
image alignment mode   3335 decimal      D07 hex
parameters
   -0.3062   31.7146   17.2424   -0.0276   -0.6772   -0.7010
    0.7482    2.2270   -0.4848  -11.6078   -2.2988   11.5938
eta,q 0.95217 10.14172
niter,ni,del,rscale     5    3    5.0000    1.2000
parameter  4  2.231785 ->  0.500000 qaram    1.1500
parameter  5  2.630021 ->  0.500000 qaram    1.1500
parameter  6  1.172472 ->  0.500000 qaram    1.1500
parameter 12  1.845068 ->  0.500000 qaram    1.1500
parameters
   -0.1007   31.5766   16.8559   -4.1676   -4.8172   -4.8410
    0.5079    3.3624   -0.1195  -13.7968   -3.3104    7.4538
eta,q 0.96732  9.73263
  0.0501  0.0494  0.0488  0.0407  0.0358  0.0338  0.0368  0.0405  0.0364  0.0359  0.0355  0.0319
  0.0489  0.0486  0.0482  0.0422  0.0379  0.0346  0.0358  0.0381  0.0355  0.0348  0.0349  0.0325
  0.0481  0.0480  0.0478  0.0447  0.0400  0.0361  0.0352  0.0362  0.0350  0.0345  0.0345  0.0333
  0.0478  0.0478  0.0478  0.0478  0.0428  0.0385  0.0350  0.0350  0.0348  0.0348  0.0345  0.0344
  0.0479  0.0481  0.0482  0.0512  0.0460  0.0420  0.0352  0.0349  0.0349  0.0356  0.0348  0.0357
  0.0485  0.0488  0.0488  0.0548  0.0494  0.0461  0.0360  0.0361  0.0354  0.0372  0.0354  0.0372
  0.0494  0.0500  0.0498  0.0588  0.0531  0.0506  0.0371  0.0381  0.0361  0.0396  0.0363  0.0388
niter,ni,del,rscale     7    3    5.0000    1.2000
parameter  4  0.676189 ->  0.500000 qaram    1.3225
parameter  5  1.109014 ->  0.500000 qaram    1.3225
parameter  6  0.557619 ->  0.500000 qaram    1.3225
parameter 12  0.621287 ->  0.500000 qaram    1.3225
parameters
    0.2078   31.4494   16.5670   -8.9286   -9.5782   -9.6020
    0.1331    3.7673    0.2003  -12.9091   -4.1472    2.6928
eta,q 0.97386  9.10225
  0.0368  0.0345  0.0338  0.0312  0.0275  0.0270  0.0289  0.0306  0.0290  0.0312  0.0276  0.0263
  0.0348  0.0335  0.0331  0.0311  0.0278  0.0268  0.0278  0.0287  0.0279  0.0292  0.0270  0.0261
  0.0334  0.0328  0.0327  0.0313  0.0288  0.0272  0.0271  0.0275  0.0272  0.0278  0.0268  0.0263
  0.0327  0.0326  0.0326  0.0326  0.0311  0.0279  0.0269  0.0269  0.0268  0.0268  0.0267  0.0267
  0.0328  0.0329  0.0329  0.0353  0.0339  0.0289  0.0272  0.0270  0.0270  0.0268  0.0269  0.0275
  0.0336  0.0337  0.0336  0.0390  0.0369  0.0315  0.0281  0.0281  0.0276  0.0279  0.0274  0.0287
  0.0352  0.0350  0.0345  0.0430  0.0406  0.0357  0.0294  0.0300  0.0287  0.0297  0.0281  0.0302
niter,ni,del,rscale     7    3    5.0000    1.2000
parameters
    0.4886   31.4876   15.9963  -11.4021  -12.6913  -10.7268
   -0.2884    3.6605    0.3023  -12.0610   -4.5967    2.1894
eta,q 0.97454  8.77465
  0.0296  0.0289  0.0269  0.0272  0.0275  0.0282  0.0276  0.0290  0.0274  0.0294  0.0266  0.0274
  0.0279  0.0273  0.0263  0.0263  0.0262  0.0266  0.0265  0.0272  0.0264  0.0275  0.0260  0.0263
  0.0267  0.0264  0.0260  0.0260  0.0257  0.0256  0.0257  0.0260  0.0258  0.0261  0.0256  0.0256
  0.0261  0.0261  0.0261  0.0260  0.0260  0.0257  0.0255  0.0255  0.0255  0.0255  0.0255  0.0255
  0.0262  0.0264  0.0265  0.0265  0.0274  0.0267  0.0259  0.0260  0.0257  0.0256  0.0257  0.0258
  0.0269  0.0273  0.0273  0.0282  0.0300  0.0276  0.0269  0.0273  0.0264  0.0264  0.0262  0.0266
  0.0283  0.0287  0.0283  0.0314  0.0332  0.0294  0.0281  0.0293  0.0273  0.0279  0.0269  0.0278
niter,ni,del,rscale     6    3    5.0000    1.2000
parameters
    0.3723   31.6745   16.0499  -11.4451  -13.0413  -10.5946
   -0.3218    3.6371    0.4727  -11.7488   -4.6560    1.9826
eta,q 0.97454  8.76186
  0.0280  0.0282  0.0272  0.0279  0.0288  0.0289  0.0278  0.0290  0.0274  0.0288  0.0267  0.0275
  0.0265  0.0267  0.0262  0.0265  0.0272  0.0271  0.0266  0.0272  0.0264  0.0270  0.0261  0.0264
  0.0257  0.0258  0.0256  0.0256  0.0259  0.0258  0.0258  0.0259  0.0257  0.0259  0.0256  0.0257
  0.0255  0.0254  0.0254  0.0254  0.0254  0.0254  0.0255  0.0255  0.0255  0.0255  0.0255  0.0255
  0.0259  0.0256  0.0256  0.0255  0.0257  0.0262  0.0258  0.0259  0.0257  0.0257  0.0256  0.0257
  0.0269  0.0263  0.0261  0.0262  0.0272  0.0272  0.0266  0.0271  0.0263  0.0267  0.0261  0.0265
  0.0285  0.0274  0.0270  0.0281  0.0297  0.0284  0.0278  0.0291  0.0272  0.0282  0.0268  0.0277
niter,ni,del,rscale     5    3    5.0000    1.2000
parameters
    0.3688   31.7304   16.0608  -11.4065  -13.0674  -10.5459
   -0.3592    3.6354    0.5202  -11.6582   -4.6885    1.9093
eta,q 0.97454  8.76488
  0.0282  0.0279  0.0271  0.0279  0.0290  0.0288  0.0278  0.0290  0.0273  0.0286  0.0267  0.0276
  0.0267  0.0266  0.0262  0.0265  0.0273  0.0270  0.0266  0.0272  0.0263  0.0269  0.0261  0.0264
  0.0257  0.0257  0.0256  0.0257  0.0260  0.0258  0.0258  0.0260  0.0257  0.0258  0.0256  0.0257
  0.0255  0.0255  0.0255  0.0255  0.0255  0.0255  0.0255  0.0255  0.0255  0.0255  0.0255  0.0255
  0.0258  0.0257  0.0257  0.0255  0.0257  0.0262  0.0258  0.0259  0.0257  0.0258  0.0256  0.0257
  0.0267  0.0265  0.0262  0.0262  0.0270  0.0272  0.0266  0.0271  0.0263  0.0268  0.0261  0.0265
  0.0282  0.0277  0.0271  0.0281  0.0294  0.0285  0.0279  0.0291  0.0273  0.0284  0.0268  0.0276
niter,ni,del,rscale     4    3    5.0000    1.2000
parameters
    0.3740   31.7466   16.0621  -11.4018  -13.0707  -10.5384
   -0.3799    3.6365    0.5437  -11.6315   -4.7002    1.8842
eta,q 0.97453  8.76532
  0.0282  0.0279  0.0271  0.0279  0.0290  0.0288  0.0278  0.0290  0.0273  0.0285  0.0267  0.0276
  0.0267  0.0265  0.0262  0.0265  0.0274  0.0270  0.0266  0.0272  0.0263  0.0268  0.0261  0.0265
  0.0258  0.0257  0.0256  0.0257  0.0260  0.0258  0.0258  0.0260  0.0257  0.0258  0.0256  0.0257
  0.0255  0.0255  0.0255  0.0255  0.0255  0.0255  0.0255  0.0255  0.0255  0.0255  0.0255  0.0255
  0.0258  0.0257  0.0257  0.0255  0.0257  0.0262  0.0258  0.0259  0.0257  0.0258  0.0256  0.0257
  0.0267  0.0265  0.0262  0.0262  0.0270  0.0272  0.0266  0.0271  0.0263  0.0268  0.0261  0.0265
  0.0282  0.0277  0.0271  0.0281  0.0294  0.0285  0.0278  0.0291  0.0273  0.0285  0.0268  0.0276
registration optimization eta report
parameter search radius
    2.4000    2.4000    2.4000    9.5220    9.5220    9.5220
    7.2000    7.2000    7.2000    7.2000    7.2000    9.5220
100000*second partial in parameter space
       48.       41.       28.        3.        4.        3.
        5.        7.        4.        6.        2.        2.
  0.0282  0.0279  0.0271  0.0279  0.0290  0.0288  0.0278  0.0290  0.0273  0.0285  0.0267  0.0276
  0.0267  0.0265  0.0262  0.0265  0.0274  0.0270  0.0266  0.0272  0.0263  0.0268  0.0261  0.0265
  0.0258  0.0257  0.0256  0.0257  0.0260  0.0258  0.0258  0.0260  0.0257  0.0258  0.0256  0.0257
  0.0255  0.0255  0.0255  0.0255  0.0255  0.0255  0.0255  0.0255  0.0255  0.0255  0.0255  0.0255
  0.0258  0.0257  0.0257  0.0255  0.0257  0.0262  0.0258  0.0259  0.0257  0.0258  0.0256  0.0257
  0.0267  0.0265  0.0262  0.0262  0.0270  0.0272  0.0266  0.0271  0.0263  0.0268  0.0261  0.0265
  0.0282  0.0277  0.0271  0.0281  0.0294  0.0285  0.0278  0.0291  0.0273  0.0285  0.0268  0.0276
    0.3740   31.7466   16.0621  -11.4018  -13.0707  -10.5384
   -0.3799    3.6365    0.5437  -11.6315   -4.7002    1.8842
eta,q 0.97453  8.76532

---------------------------------------------------------------------
imgreg_4dfp /opt/freesurfer/average/711-2C_as_mni_average_305 /opt/freesurfer/average/711-2B_as_mni_average_305_mask talsrcimg_g11 none talsrcimg_to_711-2C_as_mni_average_305_t4 2311
---------------------------------------------------------------------

freesurfer imgreg_4dfp.c
/opt/freesurfer/average/711-2C_as_mni_average_305.4dfp.img
       256       256       256         1
  1.000000  1.000000  1.000000
orientation T byte_order littleendian
Reading image: /opt/freesurfer/average/711-2C_as_mni_average_305.4dfp.img
dimensions:      256       256       256
mmppix:       1.0000   -1.0000   -1.0000
center:     128.0000 -129.0000 -129.0000
/opt/freesurfer/average/711-2B_as_mni_average_305_mask.4dfp.img
       256       256       256         1
  1.000000  1.000000  1.000000
orientation T byte_order littleendian
Reading mask: /opt/freesurfer/average/711-2B_as_mni_average_305_mask.4dfp.img (2306576 pixels)
talsrcimg_g11.4dfp.img
       256       256       256         1
  1.000000  1.000000  1.000000
orientation T byte_order littleendian
Reading image: talsrcimg_g11.4dfp.img
dimensions:      256       256       256
mmppix:       1.0000   -1.0000   -1.0000
center:     128.0000 -129.0000 -129.0000
fimgreg.f
image alignment mode   2311 decimal      907 hex
parameters
    0.3740   31.7466   16.0621  -11.4018  -13.0707  -10.5384
   -0.3799    3.6365    0.5437  -11.6315   -4.7002    1.8842
eta,q 0.97453  8.76531
niter,ni,del,rscale     5    3    5.0000    0.8000
parameters
    0.3580   31.7220   16.0482  -10.6836  -12.4454  -11.0137
   -0.3236    3.6794    0.5860  -11.7660   -4.7303    1.9220
eta,q 0.97458  8.80969
  0.0267  0.0265  0.0262  0.0260  0.0267  0.0263  0.0266  0.0271  0.0263  0.0267  0.0260  0.0260
  0.0260  0.0259  0.0258  0.0257  0.0261  0.0258  0.0260  0.0262  0.0258  0.0260  0.0257  0.0257
  0.0256  0.0256  0.0255  0.0255  0.0256  0.0255  0.0256  0.0256  0.0255  0.0256  0.0255  0.0255
  0.0255  0.0255  0.0255  0.0255  0.0255  0.0254  0.0254  0.0254  0.0254  0.0254  0.0254  0.0254
  0.0256  0.0256  0.0256  0.0255  0.0255  0.0257  0.0255  0.0256  0.0255  0.0256  0.0255  0.0255
  0.0261  0.0260  0.0258  0.0255  0.0257  0.0262  0.0259  0.0261  0.0258  0.0261  0.0257  0.0257
  0.0267  0.0265  0.0262  0.0257  0.0262  0.0267  0.0265  0.0270  0.0263  0.0269  0.0260  0.0260
niter,ni,del,rscale     4    3    5.0000    0.7000
parameters
    0.3920   31.6951   15.9252  -10.9376  -12.3744  -11.2352
   -0.3592    3.6859    0.5909  -11.7846   -4.7667    1.9464
eta,q 0.97459  8.78999
  0.0264  0.0262  0.0259  0.0257  0.0261  0.0262  0.0262  0.0267  0.0261  0.0264  0.0259  0.0258
  0.0259  0.0258  0.0256  0.0255  0.0257  0.0258  0.0258  0.0260  0.0257  0.0259  0.0256  0.0256
  0.0255  0.0255  0.0255  0.0254  0.0255  0.0255  0.0255  0.0256  0.0255  0.0255  0.0255  0.0255
  0.0254  0.0254  0.0254  0.0254  0.0254  0.0254  0.0254  0.0254  0.0254  0.0254  0.0254  0.0254
  0.0255  0.0255  0.0255  0.0254  0.0255  0.0256  0.0255  0.0255  0.0255  0.0255  0.0255  0.0255
  0.0258  0.0258  0.0258  0.0255  0.0257  0.0259  0.0258  0.0260  0.0257  0.0259  0.0256  0.0256
  0.0263  0.0263  0.0261  0.0257  0.0261  0.0264  0.0263  0.0267  0.0261  0.0265  0.0259  0.0258
niter,ni,del,rscale     3    3    5.0000    0.6000
parameters
    0.3676   31.7125   15.8737  -10.9889  -12.3329  -11.3410
   -0.3378    3.6890    0.5984  -11.7604   -4.7968    1.9176
eta,q 0.97460  8.78443
  0.0261  0.0260  0.0258  0.0256  0.0259  0.0261  0.0260  0.0264  0.0259  0.0262  0.0257  0.0257
  0.0257  0.0257  0.0256  0.0255  0.0256  0.0257  0.0257  0.0258  0.0256  0.0258  0.0256  0.0255
  0.0255  0.0255  0.0254  0.0254  0.0255  0.0255  0.0255  0.0255  0.0255  0.0255  0.0254  0.0254
  0.0254  0.0254  0.0254  0.0254  0.0254  0.0254  0.0254  0.0254  0.0254  0.0254  0.0254  0.0254
  0.0255  0.0255  0.0255  0.0254  0.0255  0.0255  0.0255  0.0255  0.0255  0.0255  0.0254  0.0254
  0.0257  0.0257  0.0256  0.0255  0.0256  0.0258  0.0257  0.0258  0.0256  0.0257  0.0256  0.0255
  0.0261  0.0260  0.0259  0.0256  0.0259  0.0261  0.0260  0.0264  0.0259  0.0262  0.0257  0.0257
niter,ni,del,rscale     2    3    5.0000    0.5000
parameters
    0.3589   31.7186   15.8450  -11.0585  -12.3067  -11.4011
   -0.3450    3.6911    0.6139  -11.7437   -4.8085    1.8989
eta,q 0.97460  8.77933
  0.0259  0.0258  0.0257  0.0255  0.0257  0.0259  0.0258  0.0261  0.0258  0.0259  0.0256  0.0256
  0.0256  0.0256  0.0255  0.0254  0.0256  0.0256  0.0256  0.0257  0.0256  0.0256  0.0255  0.0255
  0.0254  0.0254  0.0254  0.0254  0.0254  0.0255  0.0255  0.0255  0.0254  0.0255  0.0254  0.0254
  0.0254  0.0254  0.0254  0.0254  0.0254  0.0254  0.0254  0.0254  0.0254  0.0254  0.0254  0.0254
  0.0255  0.0254  0.0254  0.0254  0.0254  0.0255  0.0254  0.0255  0.0254  0.0255  0.0254  0.0254
  0.0256  0.0256  0.0255  0.0255  0.0255  0.0257  0.0256  0.0257  0.0256  0.0256  0.0255  0.0255
  0.0259  0.0258  0.0257  0.0255  0.0257  0.0259  0.0259  0.0261  0.0257  0.0259  0.0256  0.0256
niter,ni,del,rscale     1    3    5.0000    0.4000
parameters
    0.3499   31.7238   15.8212  -11.1804  -12.2778  -11.4515
   -0.3291    3.7006    0.6040  -11.7257   -4.8117    1.9074
eta,q 0.97460  8.77235
  0.0257  0.0257  0.0256  0.0255  0.0256  0.0257  0.0257  0.0258  0.0256  0.0257  0.0255  0.0255
  0.0255  0.0255  0.0255  0.0254  0.0255  0.0256  0.0255  0.0256  0.0255  0.0256  0.0255  0.0255
  0.0254  0.0254  0.0254  0.0254  0.0254  0.0254  0.0254  0.0254  0.0254  0.0254  0.0254  0.0254
  0.0254  0.0254  0.0254  0.0254  0.0254  0.0254  0.0254  0.0254  0.0254  0.0254  0.0254  0.0254
  0.0254  0.0254  0.0254  0.0254  0.0254  0.0254  0.0254  0.0254  0.0254  0.0254  0.0254  0.0254
  0.0255  0.0255  0.0255  0.0254  0.0255  0.0256  0.0255  0.0256  0.0255  0.0255  0.0255  0.0255
  0.0257  0.0257  0.0256  0.0255  0.0256  0.0258  0.0257  0.0258  0.0256  0.0257  0.0255  0.0255
registration optimization eta report
parameter search radius
    0.8000    0.8000    0.8000    2.4000    2.4000    2.4000
    2.4000    2.4000    2.4000    2.4000    2.4000    2.4000
100000*second partial in parameter space
       48.       43.       30.        1.        4.        6.
        5.        8.        4.        6.        3.        3.
  0.0257  0.0257  0.0256  0.0255  0.0256  0.0257  0.0257  0.0258  0.0256  0.0257  0.0255  0.0255
  0.0255  0.0255  0.0255  0.0254  0.0255  0.0256  0.0255  0.0256  0.0255  0.0256  0.0255  0.0255
  0.0254  0.0254  0.0254  0.0254  0.0254  0.0254  0.0254  0.0254  0.0254  0.0254  0.0254  0.0254
  0.0254  0.0254  0.0254  0.0254  0.0254  0.0254  0.0254  0.0254  0.0254  0.0254  0.0254  0.0254
  0.0254  0.0254  0.0254  0.0254  0.0254  0.0254  0.0254  0.0254  0.0254  0.0254  0.0254  0.0254
  0.0255  0.0255  0.0255  0.0254  0.0255  0.0256  0.0255  0.0256  0.0255  0.0255  0.0255  0.0255
  0.0257  0.0257  0.0256  0.0255  0.0256  0.0258  0.0257  0.0258  0.0256  0.0257  0.0255  0.0255
    0.3499   31.7238   15.8212  -11.1804  -12.2778  -11.4515
   -0.3291    3.7006    0.6040  -11.7257   -4.8117    1.9074
eta,q 0.97460  8.77235

---------------------------------------------------------------------
imgreg_4dfp /opt/freesurfer/average/711-2C_as_mni_average_305 /opt/freesurfer/average/711-2B_as_mni_average_305_mask talsrcimg_g11 none talsrcimg_to_711-2C_as_mni_average_305_t4 2311
---------------------------------------------------------------------

freesurfer imgreg_4dfp.c
/opt/freesurfer/average/711-2C_as_mni_average_305.4dfp.img
       256       256       256         1
  1.000000  1.000000  1.000000
orientation T byte_order littleendian
Reading image: /opt/freesurfer/average/711-2C_as_mni_average_305.4dfp.img
dimensions:      256       256       256
mmppix:       1.0000   -1.0000   -1.0000
center:     128.0000 -129.0000 -129.0000
/opt/freesurfer/average/711-2B_as_mni_average_305_mask.4dfp.img
       256       256       256         1
  1.000000  1.000000  1.000000
orientation T byte_order littleendian
Reading mask: /opt/freesurfer/average/711-2B_as_mni_average_305_mask.4dfp.img (2306576 pixels)
talsrcimg_g11.4dfp.img
       256       256       256         1
  1.000000  1.000000  1.000000
orientation T byte_order littleendian
Reading image: talsrcimg_g11.4dfp.img
dimensions:      256       256       256
mmppix:       1.0000   -1.0000   -1.0000
center:     128.0000 -129.0000 -129.0000
fimgreg.f
image alignment mode   2311 decimal      907 hex
parameters
    0.3499   31.7238   15.8212  -11.1804  -12.2778  -11.4515
   -0.3291    3.7006    0.6040  -11.7257   -4.8117    1.9074
eta,q 0.97460  8.77234
niter,ni,del,rscale     5    3    5.0000    0.8000
parameters
    0.3534   31.7524   15.8227  -10.9926  -12.4134  -11.3605
   -0.3489    3.6514    0.6325  -11.7091   -4.8044    1.8889
eta,q 0.97460  8.77939
  0.0267  0.0265  0.0262  0.0258  0.0263  0.0266  0.0265  0.0270  0.0263  0.0268  0.0260  0.0260
  0.0259  0.0259  0.0257  0.0255  0.0258  0.0260  0.0259  0.0261  0.0258  0.0260  0.0257  0.0257
  0.0255  0.0255  0.0255  0.0254  0.0255  0.0256  0.0255  0.0256  0.0255  0.0256  0.0255  0.0255
  0.0254  0.0254  0.0254  0.0254  0.0254  0.0254  0.0254  0.0254  0.0254  0.0254  0.0254  0.0254
  0.0255  0.0255  0.0255  0.0254  0.0255  0.0256  0.0255  0.0256  0.0255  0.0256  0.0255  0.0255
  0.0260  0.0259  0.0257  0.0255  0.0258  0.0260  0.0259  0.0262  0.0258  0.0260  0.0257  0.0257
  0.0266  0.0264  0.0261  0.0258  0.0264  0.0265  0.0265  0.0271  0.0262  0.0267  0.0260  0.0260
niter,ni,del,rscale     4    3    5.0000    0.7000
parameters
    0.3582   31.7517   15.8421  -10.9531  -12.3582  -11.3558
   -0.3560    3.6634    0.6407  -11.7088   -4.8057    1.8789
eta,q 0.97460  8.78421
  0.0264  0.0262  0.0260  0.0257  0.0261  0.0263  0.0263  0.0267  0.0261  0.0264  0.0259  0.0258
  0.0258  0.0258  0.0257  0.0255  0.0257  0.0259  0.0258  0.0260  0.0257  0.0259  0.0256  0.0256
  0.0255  0.0255  0.0255  0.0254  0.0255  0.0255  0.0255  0.0256  0.0255  0.0255  0.0255  0.0255
  0.0254  0.0254  0.0254  0.0254  0.0254  0.0254  0.0254  0.0254  0.0254  0.0254  0.0254  0.0254
  0.0255  0.0255  0.0255  0.0254  0.0255  0.0255  0.0255  0.0255  0.0255  0.0255  0.0255  0.0255
  0.0258  0.0258  0.0257  0.0255  0.0257  0.0259  0.0258  0.0260  0.0257  0.0259  0.0256  0.0256
  0.0263  0.0262  0.0260  0.0257  0.0261  0.0263  0.0263  0.0267  0.0261  0.0264  0.0259  0.0258
niter,ni,del,rscale     3    3    5.0000    0.6000
parameters
    0.3632   31.7423   15.8368  -11.0024  -12.3191  -11.3827
   -0.3522    3.6737    0.6234  -11.7117   -4.7980    1.8932
eta,q 0.97460  8.78240
  0.0261  0.0260  0.0258  0.0256  0.0259  0.0261  0.0260  0.0264  0.0259  0.0262  0.0257  0.0257
  0.0257  0.0257  0.0256  0.0255  0.0256  0.0257  0.0257  0.0258  0.0256  0.0257  0.0256  0.0255
  0.0255  0.0255  0.0254  0.0254  0.0255  0.0255  0.0255  0.0255  0.0255  0.0255  0.0254  0.0254
  0.0254  0.0254  0.0254  0.0254  0.0254  0.0254  0.0254  0.0254  0.0254  0.0254  0.0254  0.0254
  0.0255  0.0255  0.0255  0.0254  0.0254  0.0255  0.0255  0.0255  0.0255  0.0255  0.0254  0.0254
  0.0257  0.0257  0.0256  0.0255  0.0256  0.0258  0.0257  0.0258  0.0256  0.0257  0.0256  0.0255
  0.0261  0.0260  0.0258  0.0256  0.0259  0.0261  0.0260  0.0264  0.0259  0.0262  0.0257  0.0257
niter,ni,del,rscale     2    3    5.0000    0.5000
parameters
    0.3543   31.7348   15.8276  -11.1167  -12.2910  -11.4255
   -0.3550    3.6810    0.6286  -11.7205   -4.7964    1.8863
eta,q 0.97460  8.77594
  0.0259  0.0258  0.0257  0.0255  0.0257  0.0259  0.0258  0.0261  0.0257  0.0259  0.0256  0.0256
  0.0256  0.0256  0.0255  0.0254  0.0255  0.0256  0.0256  0.0257  0.0256  0.0256  0.0255  0.0255
  0.0254  0.0254  0.0254  0.0254  0.0254  0.0255  0.0255  0.0255  0.0254  0.0255  0.0254  0.0254
  0.0254  0.0254  0.0254  0.0254  0.0254  0.0254  0.0254  0.0254  0.0254  0.0254  0.0254  0.0254
  0.0255  0.0255  0.0254  0.0254  0.0254  0.0255  0.0254  0.0255  0.0254  0.0255  0.0254  0.0254
  0.0256  0.0256  0.0255  0.0254  0.0255  0.0257  0.0256  0.0257  0.0256  0.0256  0.0255  0.0255
  0.0259  0.0258  0.0257  0.0255  0.0257  0.0259  0.0258  0.0261  0.0257  0.0259  0.0256  0.0256
niter,ni,del,rscale     1    3    5.0000    0.4000
parameters
    0.3408   31.7301   15.8129  -11.2115  -12.2819  -11.4580
   -0.3372    3.6968    0.6086  -11.7153   -4.8096    1.9082
eta,q 0.97461  8.77030
  0.0257  0.0257  0.0256  0.0255  0.0256  0.0257  0.0257  0.0258  0.0256  0.0257  0.0255  0.0255
  0.0255  0.0255  0.0255  0.0254  0.0255  0.0256  0.0255  0.0256  0.0255  0.0256  0.0255  0.0255
  0.0254  0.0254  0.0254  0.0254  0.0254  0.0254  0.0254  0.0255  0.0254  0.0254  0.0254  0.0254
  0.0254  0.0254  0.0254  0.0254  0.0254  0.0254  0.0254  0.0254  0.0254  0.0254  0.0254  0.0254
  0.0254  0.0254  0.0254  0.0254  0.0254  0.0254  0.0254  0.0254  0.0254  0.0254  0.0254  0.0254
  0.0255  0.0255  0.0255  0.0254  0.0255  0.0256  0.0255  0.0256  0.0255  0.0255  0.0255  0.0255
  0.0257  0.0257  0.0256  0.0255  0.0256  0.0258  0.0257  0.0258  0.0256  0.0257  0.0255  0.0255
registration optimization eta report
parameter search radius
    0.8000    0.8000    0.8000    2.4000    2.4000    2.4000
    2.4000    2.4000    2.4000    2.4000    2.4000    2.4000
100000*second partial in parameter space
       49.       43.       30.        1.        4.        6.
        5.        8.        4.        6.        3.        2.
  0.0257  0.0257  0.0256  0.0255  0.0256  0.0257  0.0257  0.0258  0.0256  0.0257  0.0255  0.0255
  0.0255  0.0255  0.0255  0.0254  0.0255  0.0256  0.0255  0.0256  0.0255  0.0256  0.0255  0.0255
  0.0254  0.0254  0.0254  0.0254  0.0254  0.0254  0.0254  0.0255  0.0254  0.0254  0.0254  0.0254
  0.0254  0.0254  0.0254  0.0254  0.0254  0.0254  0.0254  0.0254  0.0254  0.0254  0.0254  0.0254
  0.0254  0.0254  0.0254  0.0254  0.0254  0.0254  0.0254  0.0254  0.0254  0.0254  0.0254  0.0254
  0.0255  0.0255  0.0255  0.0254  0.0255  0.0256  0.0255  0.0256  0.0255  0.0255  0.0255  0.0255
  0.0257  0.0257  0.0256  0.0255  0.0256  0.0258  0.0257  0.0258  0.0256  0.0257  0.0255  0.0255
    0.3408   31.7301   15.8129  -11.2115  -12.2819  -11.4580
   -0.3372    3.6968    0.6086  -11.7153   -4.8096    1.9082
eta,q 0.97461  8.77030

---------------------------------------------------------------------
compute_vox2vox talsrcimg talsrcimg_to_711-2C_as_mni_average_305_t4 /opt/freesurfer/average/711-2C_as_mni_average_305
---------------------------------------------------------------------

freesurfer compute_vox2vox.c
Reading: talsrcimg.4dfp.ifh
Reading: talsrcimg_to_711-2C_as_mni_average_305_t4
Reading: /opt/freesurfer/average/711-2C_as_mni_average_305.4dfp.ifh
Writing: talsrcimg_to_711-2C_as_mni_average_305_t4_vox2vox.txt

start time Sun Mar 15 08:14:36 CET 2026
end		time Sun Mar 15 08:14:50 CET 2026

mpr2mni305 success

avi2talxfm orig_nu.mgz /opt/freesurfer/average/mni305.cor.mgz talsrcimg_to_711-2C_as_mni_average_305_t4_vox2vox.txt transforms/talairach.auto.xfm
avi2talxfm done
mv -f /out/sourcedata/freesurfer/sub-v2s10x28945_ses-1/mri/talsrcimg_to_711-2C_as_mni_average_305_t4_vox2vox.txt /out/sourcedata/freesurfer/sub-v2s10x28945_ses-1/mri/transforms/talsrcimg_to_711-2C_as_mni_average_305_t4_vox2vox.txt
lta_convert --src orig_nu.mgz --trg /opt/freesurfer/average/mni305.cor.mgz --inxfm transforms/talairach.auto.xfm --outlta transforms/talairach.auto.xfm.lta --subject fsaverage
7.3.2

--src: orig_nu.mgz src image (geometry).
--trg: /opt/freesurfer/average/mni305.cor.mgz trg image (geometry).
--inmni: transforms/talairach.auto.xfm input MNI/XFM transform.
--outlta: transforms/talairach.auto.xfm.lta output LTA.
--s: fsaverage subject name
 LTA read, type : 1
 1.12373  -0.04621   0.00532   11.68835;
 0.06103   1.12366  -0.02421  -21.68512;
 0.00035   0.15039   1.13674  -31.81335;
 0.00000   0.00000   0.00000   1.00000;
setting subject to fsaverage
Writing  LTA to file transforms/talairach.auto.xfm.lta...
lta_convert successful.
 
 
Started at Sun Mar 15 08:14:35 CET 2026
Ended   at Sun Mar 15 08:14:50 CET 2026
talairach_avi done
