status file for recon-all
Sun Mar 15 12:30:28 CET 2026
#@# Tessellate lh Sun Mar 15 12:30:28 CET 2026
#@# Smooth1 lh Sun Mar 15 12:30:31 CET 2026
#@# Inflation1 lh Sun Mar 15 12:30:33 CET 2026
#@# QSphere lh Sun Mar 15 12:30:40 CET 2026
#@# Fix Topology lh Sun Mar 15 12:31:24 CET 2026
#@# Smooth2 lh Sun Mar 15 12:35:04 CET 2026
#@# Inflation2 lh Sun Mar 15 12:35:06 CET 2026
#@# Curv .H and .K lh Sun Mar 15 12:35:13 CET 2026
#@# Sphere lh Sun Mar 15 12:35:47 CET 2026
#@# Surf Reg lh Sun Mar 15 12:38:04 CET 2026
#@# Jacobian white lh Sun Mar 15 12:40:18 CET 2026
#@# AvgCurv lh Sun Mar 15 12:40:19 CET 2026
#@# Cortical Parc lh Sun Mar 15 12:40:19 CET 2026
#@# white curv lh Sun Mar 15 12:44:42 CET 2026
#@# white area lh Sun Mar 15 12:44:43 CET 2026
#@# pial curv lh Sun Mar 15 12:44:43 CET 2026
#@# pial area lh Sun Mar 15 12:44:44 CET 2026
#@# thickness lh Sun Mar 15 12:44:45 CET 2026
#@# area and vertex vol lh Sun Mar 15 12:45:02 CET 2026
#@# Curvature Stats lh Sun Mar 15 12:45:03 CET 2026
#@# Cortical Parc 2 lh Sun Mar 15 12:45:04 CET 2026
#@# Cortical Parc 3 lh Sun Mar 15 12:45:13 CET 2026
#@# WM/GM Contrast lh Sun Mar 15 12:45:20 CET 2026
recon-all -s sub-v2s10x30157_ses-1 finished without error at Sun Mar 15 12:45:22 CET 2026



#New# invocation of recon-all 



status file for recon-all
Sun Mar 15 13:02:36 CET 2026
#@# white curv lh Sun Mar 15 13:02:36 CET 2026
#@# white area lh Sun Mar 15 13:02:36 CET 2026
#@# pial curv lh Sun Mar 15 13:02:36 CET 2026
#@# pial area lh Sun Mar 15 13:02:36 CET 2026
#@# thickness lh Sun Mar 15 13:02:36 CET 2026
#@# area and vertex vol lh Sun Mar 15 13:02:37 CET 2026
#@# Parcellation Stats lh Sun Mar 15 13:02:37 CET 2026
#@# Parcellation Stats 2 lh Sun Mar 15 13:02:49 CET 2026
#@# Parcellation Stats 3 lh Sun Mar 15 13:02:55 CET 2026
#@# BA_exvivo Labels lh Sun Mar 15 13:03:01 CET 2026
recon-all -s sub-v2s10x30157_ses-1 finished without error at Sun Mar 15 13:04:41 CET 2026
