status file for recon-all
Sun Mar 15 09:23:52 CET 2026
#@# Tessellate lh Sun Mar 15 09:23:52 CET 2026
#@# Smooth1 lh Sun Mar 15 09:23:55 CET 2026
#@# Inflation1 lh Sun Mar 15 09:23:57 CET 2026
#@# QSphere lh Sun Mar 15 09:24:04 CET 2026
#@# Fix Topology lh Sun Mar 15 09:24:47 CET 2026
#@# Smooth2 lh Sun Mar 15 09:29:06 CET 2026
#@# Inflation2 lh Sun Mar 15 09:29:08 CET 2026
#@# Curv .H and .K lh Sun Mar 15 09:29:17 CET 2026
#@# Sphere lh Sun Mar 15 09:29:55 CET 2026
#@# Surf Reg lh Sun Mar 15 09:31:16 CET 2026
#@# Jacobian white lh Sun Mar 15 09:33:53 CET 2026
#@# AvgCurv lh Sun Mar 15 09:33:54 CET 2026
#@# Cortical Parc lh Sun Mar 15 09:33:54 CET 2026
#@# white curv lh Sun Mar 15 09:38:59 CET 2026
#@# white area lh Sun Mar 15 09:39:00 CET 2026
#@# pial curv lh Sun Mar 15 09:39:00 CET 2026
#@# pial area lh Sun Mar 15 09:39:02 CET 2026
#@# thickness lh Sun Mar 15 09:39:02 CET 2026
#@# area and vertex vol lh Sun Mar 15 09:39:23 CET 2026
#@# Curvature Stats lh Sun Mar 15 09:39:24 CET 2026
#@# Cortical Parc 2 lh Sun Mar 15 09:39:25 CET 2026
#@# Cortical Parc 3 lh Sun Mar 15 09:39:36 CET 2026
#@# WM/GM Contrast lh Sun Mar 15 09:39:43 CET 2026
recon-all -s sub-v2s10x28969_ses-1 finished without error at Sun Mar 15 09:39:45 CET 2026



#New# invocation of recon-all 



status file for recon-all
Sun Mar 15 10:01:49 CET 2026
#@# white curv lh Sun Mar 15 10:01:49 CET 2026
#@# white area lh Sun Mar 15 10:01:49 CET 2026
#@# pial curv lh Sun Mar 15 10:01:49 CET 2026
#@# pial area lh Sun Mar 15 10:01:49 CET 2026
#@# thickness lh Sun Mar 15 10:01:49 CET 2026
#@# area and vertex vol lh Sun Mar 15 10:01:49 CET 2026
#@# Parcellation Stats lh Sun Mar 15 10:01:49 CET 2026
#@# Parcellation Stats 2 lh Sun Mar 15 10:02:05 CET 2026
#@# Parcellation Stats 3 lh Sun Mar 15 10:02:13 CET 2026
#@# BA_exvivo Labels lh Sun Mar 15 10:02:20 CET 2026
recon-all -s sub-v2s10x28969_ses-1 finished without error at Sun Mar 15 10:04:11 CET 2026
