status file for recon-all
Sun Mar 15 08:11:24 CET 2026
#@# MotionCor Sun Mar 15 08:11:25 CET 2026
#@# Talairach Sun Mar 15 08:11:31 CET 2026
#@# Talairach Failure Detection Sun Mar 15 08:14:20 CET 2026
#@# Nu Intensity Correction Sun Mar 15 08:14:20 CET 2026
#@# Intensity Normalization Sun Mar 15 08:17:04 CET 2026
recon-all -s sub-v2s10x28946_ses-1 finished without error at Sun Mar 15 08:18:05 CET 2026



#New# invocation of recon-all 



status file for recon-all
Sun Mar 15 08:23:30 CET 2026
#@# EM Registration Sun Mar 15 08:23:30 CET 2026
recon-all -s sub-v2s10x28946_ses-1 finished without error at Sun Mar 15 08:24:35 CET 2026



#New# invocation of recon-all 



status file for recon-all
Sun Mar 15 08:24:38 CET 2026
#@# CA Normalize Sun Mar 15 08:24:38 CET 2026
#@# CA Reg Sun Mar 15 08:25:31 CET 2026
#@# SubCort Seg Sun Mar 15 08:58:05 CET 2026
#@# CC Seg Sun Mar 15 09:16:36 CET 2026
#@# Merge ASeg Sun Mar 15 09:17:16 CET 2026
#@# Intensity Normalization2 Sun Mar 15 09:17:16 CET 2026
#@# Mask BFS Sun Mar 15 09:18:39 CET 2026
#@# WM Segmentation Sun Mar 15 09:18:39 CET 2026
#@# Fill Sun Mar 15 09:20:05 CET 2026
recon-all -s sub-v2s10x28946_ses-1 finished without error at Sun Mar 15 09:20:43 CET 2026



#New# invocation of recon-all 



status file for recon-all
Sun Mar 15 09:47:59 CET 2026
#@# white curv lh Sun Mar 15 09:47:59 CET 2026
#@# white area lh Sun Mar 15 09:47:59 CET 2026
#@# pial curv lh Sun Mar 15 09:47:59 CET 2026
#@# pial area lh Sun Mar 15 09:47:59 CET 2026
#@# thickness lh Sun Mar 15 09:47:59 CET 2026
#@# area and vertex vol lh Sun Mar 15 09:47:59 CET 2026
#@# white curv rh Sun Mar 15 09:47:59 CET 2026
#@# white area rh Sun Mar 15 09:47:59 CET 2026
#@# pial curv rh Sun Mar 15 09:47:59 CET 2026
#@# pial area rh Sun Mar 15 09:47:59 CET 2026
#@# thickness rh Sun Mar 15 09:47:59 CET 2026
#@# area and vertex vol rh Sun Mar 15 09:47:59 CET 2026
#@# Cortical ribbon mask Sun Mar 15 09:47:59 CET 2026
recon-all -s sub-v2s10x28946_ses-1 finished without error at Sun Mar 15 09:49:49 CET 2026



#New# invocation of recon-all 



status file for recon-all
Sun Mar 15 09:53:55 CET 2026
#@# white curv lh Sun Mar 15 09:53:55 CET 2026
#@# white area lh Sun Mar 15 09:53:55 CET 2026
#@# pial curv lh Sun Mar 15 09:53:55 CET 2026
#@# pial area lh Sun Mar 15 09:53:55 CET 2026
#@# thickness lh Sun Mar 15 09:53:55 CET 2026
#@# area and vertex vol lh Sun Mar 15 09:53:55 CET 2026
#@# white curv rh Sun Mar 15 09:53:55 CET 2026
#@# white area rh Sun Mar 15 09:53:55 CET 2026
#@# pial curv rh Sun Mar 15 09:53:55 CET 2026
#@# pial area rh Sun Mar 15 09:53:55 CET 2026
#@# thickness rh Sun Mar 15 09:53:55 CET 2026
#@# area and vertex vol rh Sun Mar 15 09:53:55 CET 2026
#@# Curvature Stats lh Sun Mar 15 09:53:55 CET 2026
#@# Curvature Stats rh Sun Mar 15 09:53:56 CET 2026
#@# Relabel Hypointensities Sun Mar 15 09:53:57 CET 2026
#@# APas-to-ASeg Sun Mar 15 09:54:07 CET 2026
#@# AParc-to-ASeg aparc Sun Mar 15 09:54:12 CET 2026
#@# AParc-to-ASeg aparc.a2009s Sun Mar 15 09:54:30 CET 2026
#@# AParc-to-ASeg aparc.DKTatlas Sun Mar 15 09:54:48 CET 2026
#@# WMParc Sun Mar 15 09:55:05 CET 2026
#@# ASeg Stats Sun Mar 15 09:56:44 CET 2026
recon-all -s sub-v2s10x28946_ses-1 finished without error at Sun Mar 15 09:57:01 CET 2026
