status file for recon-all
Sun Mar 15 09:20:46 CET 2026
#@# Tessellate lh Sun Mar 15 09:20:46 CET 2026
#@# Smooth1 lh Sun Mar 15 09:20:49 CET 2026
#@# Inflation1 lh Sun Mar 15 09:20:50 CET 2026
#@# QSphere lh Sun Mar 15 09:20:56 CET 2026
#@# Fix Topology lh Sun Mar 15 09:21:35 CET 2026
#@# Smooth2 lh Sun Mar 15 09:25:03 CET 2026
#@# Inflation2 lh Sun Mar 15 09:25:05 CET 2026
#@# Curv .H and .K lh Sun Mar 15 09:25:12 CET 2026
#@# Sphere lh Sun Mar 15 09:25:44 CET 2026
#@# Surf Reg lh Sun Mar 15 09:27:12 CET 2026
#@# Jacobian white lh Sun Mar 15 09:29:05 CET 2026
#@# AvgCurv lh Sun Mar 15 09:29:05 CET 2026
#@# Cortical Parc lh Sun Mar 15 09:29:06 CET 2026
#@# white curv lh Sun Mar 15 09:33:35 CET 2026
#@# white area lh Sun Mar 15 09:33:36 CET 2026
#@# pial curv lh Sun Mar 15 09:33:37 CET 2026
#@# pial area lh Sun Mar 15 09:33:38 CET 2026
#@# thickness lh Sun Mar 15 09:33:38 CET 2026
#@# area and vertex vol lh Sun Mar 15 09:33:54 CET 2026
#@# Curvature Stats lh Sun Mar 15 09:33:55 CET 2026
#@# Cortical Parc 2 lh Sun Mar 15 09:33:56 CET 2026
#@# Cortical Parc 3 lh Sun Mar 15 09:34:05 CET 2026
#@# WM/GM Contrast lh Sun Mar 15 09:34:11 CET 2026
recon-all -s sub-v2s10x28946_ses-1 finished without error at Sun Mar 15 09:34:13 CET 2026



#New# invocation of recon-all 



status file for recon-all
Sun Mar 15 09:49:53 CET 2026
#@# white curv lh Sun Mar 15 09:49:53 CET 2026
#@# white area lh Sun Mar 15 09:49:53 CET 2026
#@# pial curv lh Sun Mar 15 09:49:53 CET 2026
#@# pial area lh Sun Mar 15 09:49:53 CET 2026
#@# thickness lh Sun Mar 15 09:49:53 CET 2026
#@# area and vertex vol lh Sun Mar 15 09:49:53 CET 2026
#@# Parcellation Stats lh Sun Mar 15 09:49:53 CET 2026
#@# Parcellation Stats 2 lh Sun Mar 15 09:50:04 CET 2026
#@# Parcellation Stats 3 lh Sun Mar 15 09:50:10 CET 2026
#@# BA_exvivo Labels lh Sun Mar 15 09:50:16 CET 2026
recon-all -s sub-v2s10x28946_ses-1 finished without error at Sun Mar 15 09:51:52 CET 2026
