status file for recon-all
Sun Mar 15 09:39:12 CET 2026
#@# Tessellate lh Sun Mar 15 09:39:12 CET 2026
#@# Smooth1 lh Sun Mar 15 09:39:14 CET 2026
#@# Inflation1 lh Sun Mar 15 09:39:16 CET 2026
#@# QSphere lh Sun Mar 15 09:39:28 CET 2026
#@# Fix Topology lh Sun Mar 15 09:40:27 CET 2026
#@# Smooth2 lh Sun Mar 15 09:45:13 CET 2026
#@# Inflation2 lh Sun Mar 15 09:45:15 CET 2026
#@# Curv .H and .K lh Sun Mar 15 09:45:28 CET 2026
#@# Sphere lh Sun Mar 15 09:46:04 CET 2026
#@# Surf Reg lh Sun Mar 15 09:48:39 CET 2026
#@# Jacobian white lh Sun Mar 15 09:52:17 CET 2026
#@# AvgCurv lh Sun Mar 15 09:52:17 CET 2026
#@# Cortical Parc lh Sun Mar 15 09:52:18 CET 2026
#@# white curv lh Sun Mar 15 09:58:14 CET 2026
#@# white area lh Sun Mar 15 09:58:15 CET 2026
#@# pial curv lh Sun Mar 15 09:58:16 CET 2026
#@# pial area lh Sun Mar 15 09:58:17 CET 2026
#@# thickness lh Sun Mar 15 09:58:18 CET 2026
#@# area and vertex vol lh Sun Mar 15 09:58:35 CET 2026
#@# Curvature Stats lh Sun Mar 15 09:58:36 CET 2026
#@# Cortical Parc 2 lh Sun Mar 15 09:58:38 CET 2026
#@# Cortical Parc 3 lh Sun Mar 15 09:58:48 CET 2026
#@# WM/GM Contrast lh Sun Mar 15 09:58:55 CET 2026
recon-all -s sub-v2s10x28962_ses-1 finished without error at Sun Mar 15 09:58:57 CET 2026



#New# invocation of recon-all 



status file for recon-all
Sun Mar 15 10:20:36 CET 2026
#@# white curv lh Sun Mar 15 10:20:36 CET 2026
#@# white area lh Sun Mar 15 10:20:36 CET 2026
#@# pial curv lh Sun Mar 15 10:20:36 CET 2026
#@# pial area lh Sun Mar 15 10:20:36 CET 2026
#@# thickness lh Sun Mar 15 10:20:36 CET 2026
#@# area and vertex vol lh Sun Mar 15 10:20:36 CET 2026
#@# Parcellation Stats lh Sun Mar 15 10:20:36 CET 2026
#@# Parcellation Stats 2 lh Sun Mar 15 10:20:50 CET 2026
#@# Parcellation Stats 3 lh Sun Mar 15 10:20:57 CET 2026
#@# BA_exvivo Labels lh Sun Mar 15 10:21:04 CET 2026
recon-all -s sub-v2s10x28962_ses-1 finished without error at Sun Mar 15 10:23:00 CET 2026
