status file for recon-all
Sun Mar 15 09:59:00 CET 2026
#@# Tessellate rh Sun Mar 15 09:59:00 CET 2026
#@# Smooth1 rh Sun Mar 15 09:59:02 CET 2026
#@# Inflation1 rh Sun Mar 15 09:59:04 CET 2026
#@# QSphere rh Sun Mar 15 09:59:17 CET 2026
#@# Fix Topology rh Sun Mar 15 10:00:19 CET 2026
#@# Smooth2 rh Sun Mar 15 10:05:25 CET 2026
#@# Inflation2 rh Sun Mar 15 10:05:27 CET 2026
#@# Curv .H and .K rh Sun Mar 15 10:05:39 CET 2026
#@# Sphere rh Sun Mar 15 10:06:14 CET 2026
#@# Surf Reg rh Sun Mar 15 10:07:52 CET 2026
#@# Jacobian white rh Sun Mar 15 10:11:14 CET 2026
#@# AvgCurv rh Sun Mar 15 10:11:14 CET 2026
#@# Cortical Parc rh Sun Mar 15 10:11:15 CET 2026
#@# white curv rh Sun Mar 15 10:16:51 CET 2026
#@# white area rh Sun Mar 15 10:16:52 CET 2026
#@# pial curv rh Sun Mar 15 10:16:53 CET 2026
#@# pial area rh Sun Mar 15 10:16:54 CET 2026
#@# thickness rh Sun Mar 15 10:16:54 CET 2026
#@# area and vertex vol rh Sun Mar 15 10:17:12 CET 2026
#@# Curvature Stats rh Sun Mar 15 10:17:13 CET 2026
#@# Cortical Parc 2 rh Sun Mar 15 10:17:15 CET 2026
#@# Cortical Parc 3 rh Sun Mar 15 10:17:24 CET 2026
#@# WM/GM Contrast rh Sun Mar 15 10:17:31 CET 2026
recon-all -s sub-v2s10x28962_ses-1 finished without error at Sun Mar 15 10:17:33 CET 2026



#New# invocation of recon-all 



status file for recon-all
Sun Mar 15 10:23:02 CET 2026
#@# white curv rh Sun Mar 15 10:23:02 CET 2026
#@# white area rh Sun Mar 15 10:23:02 CET 2026
#@# pial curv rh Sun Mar 15 10:23:02 CET 2026
#@# pial area rh Sun Mar 15 10:23:02 CET 2026
#@# thickness rh Sun Mar 15 10:23:02 CET 2026
#@# area and vertex vol rh Sun Mar 15 10:23:02 CET 2026
#@# Parcellation Stats rh Sun Mar 15 10:23:02 CET 2026
#@# Parcellation Stats 2 rh Sun Mar 15 10:23:16 CET 2026
#@# Parcellation Stats 3 rh Sun Mar 15 10:23:23 CET 2026
#@# BA_exvivo Labels rh Sun Mar 15 10:23:29 CET 2026
recon-all -s sub-v2s10x28962_ses-1 finished without error at Sun Mar 15 10:25:24 CET 2026
