status file for recon-all
Sun Mar 15 11:12:03 CET 2026
#@# MotionCor Sun Mar 15 11:12:05 CET 2026
#@# Talairach Sun Mar 15 11:12:10 CET 2026
#@# Talairach Failure Detection Sun Mar 15 11:14:59 CET 2026
#@# Nu Intensity Correction Sun Mar 15 11:14:59 CET 2026
#@# Intensity Normalization Sun Mar 15 11:17:43 CET 2026
recon-all -s sub-v2s10x29003_ses-1 finished without error at Sun Mar 15 11:18:43 CET 2026



#New# invocation of recon-all 



status file for recon-all
Sun Mar 15 11:24:14 CET 2026
#@# EM Registration Sun Mar 15 11:24:14 CET 2026
recon-all -s sub-v2s10x29003_ses-1 finished without error at Sun Mar 15 11:25:25 CET 2026



#New# invocation of recon-all 



status file for recon-all
Sun Mar 15 11:25:26 CET 2026
#@# CA Normalize Sun Mar 15 11:25:26 CET 2026
#@# CA Reg Sun Mar 15 11:26:19 CET 2026
#@# SubCort Seg Sun Mar 15 11:58:29 CET 2026
#@# CC Seg Sun Mar 15 12:19:50 CET 2026
#@# Merge ASeg Sun Mar 15 12:20:09 CET 2026
#@# Intensity Normalization2 Sun Mar 15 12:20:09 CET 2026
#@# Mask BFS Sun Mar 15 12:21:40 CET 2026
#@# WM Segmentation Sun Mar 15 12:21:41 CET 2026
#@# Fill Sun Mar 15 12:23:13 CET 2026
recon-all -s sub-v2s10x29003_ses-1 finished without error at Sun Mar 15 12:23:51 CET 2026



#New# invocation of recon-all 



status file for recon-all
Sun Mar 15 12:58:42 CET 2026
#@# white curv lh Sun Mar 15 12:58:42 CET 2026
#@# white area lh Sun Mar 15 12:58:42 CET 2026
#@# pial curv lh Sun Mar 15 12:58:42 CET 2026
#@# pial area lh Sun Mar 15 12:58:42 CET 2026
#@# thickness lh Sun Mar 15 12:58:42 CET 2026
#@# area and vertex vol lh Sun Mar 15 12:58:42 CET 2026
#@# white curv rh Sun Mar 15 12:58:43 CET 2026
#@# white area rh Sun Mar 15 12:58:43 CET 2026
#@# pial curv rh Sun Mar 15 12:58:43 CET 2026
#@# pial area rh Sun Mar 15 12:58:43 CET 2026
#@# thickness rh Sun Mar 15 12:58:43 CET 2026
#@# area and vertex vol rh Sun Mar 15 12:58:43 CET 2026
#@# Cortical ribbon mask Sun Mar 15 12:58:43 CET 2026
recon-all -s sub-v2s10x29003_ses-1 finished without error at Sun Mar 15 13:04:12 CET 2026



#New# invocation of recon-all 



status file for recon-all
Sun Mar 15 13:09:23 CET 2026
#@# white curv lh Sun Mar 15 13:09:23 CET 2026
#@# white area lh Sun Mar 15 13:09:23 CET 2026
#@# pial curv lh Sun Mar 15 13:09:23 CET 2026
#@# pial area lh Sun Mar 15 13:09:23 CET 2026
#@# thickness lh Sun Mar 15 13:09:23 CET 2026
#@# area and vertex vol lh Sun Mar 15 13:09:23 CET 2026
#@# white curv rh Sun Mar 15 13:09:23 CET 2026
#@# white area rh Sun Mar 15 13:09:23 CET 2026
#@# pial curv rh Sun Mar 15 13:09:23 CET 2026
#@# pial area rh Sun Mar 15 13:09:23 CET 2026
#@# thickness rh Sun Mar 15 13:09:23 CET 2026
#@# area and vertex vol rh Sun Mar 15 13:09:23 CET 2026
#@# Curvature Stats lh Sun Mar 15 13:09:23 CET 2026
#@# Curvature Stats rh Sun Mar 15 13:09:25 CET 2026
#@# Relabel Hypointensities Sun Mar 15 13:09:26 CET 2026
#@# APas-to-ASeg Sun Mar 15 13:09:38 CET 2026
#@# AParc-to-ASeg aparc Sun Mar 15 13:09:44 CET 2026
#@# AParc-to-ASeg aparc.a2009s Sun Mar 15 13:10:11 CET 2026
#@# AParc-to-ASeg aparc.DKTatlas Sun Mar 15 13:10:40 CET 2026
#@# WMParc Sun Mar 15 13:11:03 CET 2026
#@# ASeg Stats Sun Mar 15 13:12:43 CET 2026
recon-all -s sub-v2s10x29003_ses-1 finished without error at Sun Mar 15 13:13:00 CET 2026
