status file for recon-all
Sun Mar 15 12:41:14 CET 2026
#@# Tessellate rh Sun Mar 15 12:41:14 CET 2026
#@# Smooth1 rh Sun Mar 15 12:41:16 CET 2026
#@# Inflation1 rh Sun Mar 15 12:41:18 CET 2026
#@# QSphere rh Sun Mar 15 12:41:27 CET 2026
#@# Fix Topology rh Sun Mar 15 12:42:08 CET 2026
#@# Smooth2 rh Sun Mar 15 12:46:51 CET 2026
#@# Inflation2 rh Sun Mar 15 12:46:53 CET 2026
#@# Curv .H and .K rh Sun Mar 15 12:47:02 CET 2026
#@# Sphere rh Sun Mar 15 12:47:41 CET 2026
#@# Surf Reg rh Sun Mar 15 12:50:04 CET 2026
#@# Jacobian white rh Sun Mar 15 12:52:41 CET 2026
#@# AvgCurv rh Sun Mar 15 12:52:41 CET 2026
#@# Cortical Parc rh Sun Mar 15 12:52:42 CET 2026
#@# white curv rh Sun Mar 15 12:57:52 CET 2026
#@# white area rh Sun Mar 15 12:57:53 CET 2026
#@# pial curv rh Sun Mar 15 12:57:53 CET 2026
#@# pial area rh Sun Mar 15 12:57:55 CET 2026
#@# thickness rh Sun Mar 15 12:57:55 CET 2026
#@# area and vertex vol rh Sun Mar 15 12:58:16 CET 2026
#@# Curvature Stats rh Sun Mar 15 12:58:18 CET 2026
#@# Cortical Parc 2 rh Sun Mar 15 12:58:19 CET 2026
#@# Cortical Parc 3 rh Sun Mar 15 12:58:29 CET 2026
#@# WM/GM Contrast rh Sun Mar 15 12:58:37 CET 2026
recon-all -s sub-v2s10x29003_ses-1 finished without error at Sun Mar 15 12:58:39 CET 2026



#New# invocation of recon-all 



status file for recon-all
Sun Mar 15 13:06:49 CET 2026
#@# white curv rh Sun Mar 15 13:06:49 CET 2026
#@# white area rh Sun Mar 15 13:06:49 CET 2026
#@# pial curv rh Sun Mar 15 13:06:49 CET 2026
#@# pial area rh Sun Mar 15 13:06:49 CET 2026
#@# thickness rh Sun Mar 15 13:06:49 CET 2026
#@# area and vertex vol rh Sun Mar 15 13:06:49 CET 2026
#@# Parcellation Stats rh Sun Mar 15 13:06:49 CET 2026
#@# Parcellation Stats 2 rh Sun Mar 15 13:07:05 CET 2026
#@# Parcellation Stats 3 rh Sun Mar 15 13:07:14 CET 2026
#@# BA_exvivo Labels rh Sun Mar 15 13:07:22 CET 2026
recon-all -s sub-v2s10x29003_ses-1 finished without error at Sun Mar 15 13:09:18 CET 2026
