status file for recon-all
Sun Mar 15 10:03:59 CET 2026
#@# Tessellate rh Sun Mar 15 10:03:59 CET 2026
#@# Smooth1 rh Sun Mar 15 10:04:02 CET 2026
#@# Inflation1 rh Sun Mar 15 10:04:04 CET 2026
#@# QSphere rh Sun Mar 15 10:04:19 CET 2026
#@# Fix Topology rh Sun Mar 15 10:05:11 CET 2026
#@# Smooth2 rh Sun Mar 15 10:10:41 CET 2026
#@# Inflation2 rh Sun Mar 15 10:10:44 CET 2026
#@# Curv .H and .K rh Sun Mar 15 10:10:58 CET 2026
#@# Sphere rh Sun Mar 15 10:11:40 CET 2026
#@# Surf Reg rh Sun Mar 15 10:15:27 CET 2026
#@# Jacobian white rh Sun Mar 15 10:20:35 CET 2026
#@# AvgCurv rh Sun Mar 15 10:20:36 CET 2026
#@# Cortical Parc rh Sun Mar 15 10:20:37 CET 2026
#@# white curv rh Sun Mar 15 10:27:57 CET 2026
#@# white area rh Sun Mar 15 10:27:59 CET 2026
#@# pial curv rh Sun Mar 15 10:28:00 CET 2026
#@# pial area rh Sun Mar 15 10:28:01 CET 2026
#@# thickness rh Sun Mar 15 10:28:02 CET 2026
#@# area and vertex vol rh Sun Mar 15 10:28:24 CET 2026
#@# Curvature Stats rh Sun Mar 15 10:28:25 CET 2026
#@# Cortical Parc 2 rh Sun Mar 15 10:28:27 CET 2026
#@# Cortical Parc 3 rh Sun Mar 15 10:28:39 CET 2026
#@# WM/GM Contrast rh Sun Mar 15 10:28:47 CET 2026
recon-all -s sub-v2s10x28956_ses-1 finished without error at Sun Mar 15 10:28:49 CET 2026



#New# invocation of recon-all 



status file for recon-all
Sun Mar 15 10:36:43 CET 2026
#@# white curv rh Sun Mar 15 10:36:44 CET 2026
#@# white area rh Sun Mar 15 10:36:44 CET 2026
#@# pial curv rh Sun Mar 15 10:36:44 CET 2026
#@# pial area rh Sun Mar 15 10:36:44 CET 2026
#@# thickness rh Sun Mar 15 10:36:44 CET 2026
#@# area and vertex vol rh Sun Mar 15 10:36:44 CET 2026
#@# Parcellation Stats rh Sun Mar 15 10:36:44 CET 2026
#@# Parcellation Stats 2 rh Sun Mar 15 10:37:01 CET 2026
#@# Parcellation Stats 3 rh Sun Mar 15 10:37:11 CET 2026
#@# BA_exvivo Labels rh Sun Mar 15 10:37:19 CET 2026
recon-all -s sub-v2s10x28956_ses-1 finished without error at Sun Mar 15 10:39:30 CET 2026
