status file for recon-all
Sun Mar 15 10:07:30 CET 2026
#@# Tessellate rh Sun Mar 15 10:07:30 CET 2026
#@# Smooth1 rh Sun Mar 15 10:07:34 CET 2026
#@# Inflation1 rh Sun Mar 15 10:07:36 CET 2026
#@# QSphere rh Sun Mar 15 10:07:46 CET 2026
#@# Fix Topology rh Sun Mar 15 10:08:45 CET 2026
#@# Smooth2 rh Sun Mar 15 10:13:45 CET 2026
#@# Inflation2 rh Sun Mar 15 10:13:48 CET 2026
#@# Curv .H and .K rh Sun Mar 15 10:13:59 CET 2026
#@# Sphere rh Sun Mar 15 10:14:50 CET 2026
#@# Surf Reg rh Sun Mar 15 10:17:17 CET 2026
#@# Jacobian white rh Sun Mar 15 10:20:58 CET 2026
#@# AvgCurv rh Sun Mar 15 10:20:58 CET 2026
#@# Cortical Parc rh Sun Mar 15 10:20:59 CET 2026
#@# white curv rh Sun Mar 15 10:26:53 CET 2026
#@# white area rh Sun Mar 15 10:26:55 CET 2026
#@# pial curv rh Sun Mar 15 10:26:56 CET 2026
#@# pial area rh Sun Mar 15 10:26:58 CET 2026
#@# thickness rh Sun Mar 15 10:26:58 CET 2026
#@# area and vertex vol rh Sun Mar 15 10:27:30 CET 2026
#@# Curvature Stats rh Sun Mar 15 10:27:31 CET 2026
#@# Cortical Parc 2 rh Sun Mar 15 10:27:34 CET 2026
#@# Cortical Parc 3 rh Sun Mar 15 10:27:47 CET 2026
#@# WM/GM Contrast rh Sun Mar 15 10:27:58 CET 2026
recon-all -s sub-v2s10x28982_ses-1 finished without error at Sun Mar 15 10:28:00 CET 2026



#New# invocation of recon-all 



status file for recon-all
Sun Mar 15 10:38:42 CET 2026
#@# white curv rh Sun Mar 15 10:38:42 CET 2026
#@# white area rh Sun Mar 15 10:38:42 CET 2026
#@# pial curv rh Sun Mar 15 10:38:42 CET 2026
#@# pial area rh Sun Mar 15 10:38:42 CET 2026
#@# thickness rh Sun Mar 15 10:38:42 CET 2026
#@# area and vertex vol rh Sun Mar 15 10:38:42 CET 2026
#@# Parcellation Stats rh Sun Mar 15 10:38:42 CET 2026
#@# Parcellation Stats 2 rh Sun Mar 15 10:39:02 CET 2026
#@# Parcellation Stats 3 rh Sun Mar 15 10:39:12 CET 2026
#@# BA_exvivo Labels rh Sun Mar 15 10:39:23 CET 2026
recon-all -s sub-v2s10x28982_ses-1 finished without error at Sun Mar 15 10:41:53 CET 2026
