/out/sourcedata/freesurfer/sub-v2s10x30159_ses-1/mri
/opt/freesurfer/bin/talairach_avi
--i orig_nu.mgz --xfm transforms/talairach.auto.xfm
talairach_avi 7.3.2
Linux dna078 5.14.0-427.37.1.el9_4.x86_64 #1 SMP PREEMPT_DYNAMIC Fri Sep 13 12:41:50 EDT 2024 x86_64 x86_64 x86_64 GNU/Linux
Sun Mar 15 11:23:42 CET 2026
mri_convert orig_nu.mgz talsrcimg.img 
reading from orig_nu.mgz...
TR=0.00, TE=0.00, TI=0.00, flip angle=0.00
i_ras = (-1, 1.78261e-09, 0)
j_ras = (3.72529e-09, 0, -1)
k_ras = (5.68252e-09, 1, -2.32831e-10)
writing to talsrcimg.img...
Analyze Output Matrix
-1.00000   0.00000   0.00000   125.06174;
 0.00000   0.00000   1.00000  -115.50891;
 0.00000  -1.00000  -0.00000   115.14341;
 0.00000   0.00000   0.00000   1.00000;
--------------------
INFO: set hdr.hist.orient to -1
mpr2mni305 talsrcimg
Sun Mar 15 11:23:42 CET 2026
/opt/freesurfer/bin/mpr2mni305 talsrcimg
mpr2mni305 7.3.2
target=711-2C_as_mni_average_305

---------------------------------------------------------------------
analyzeto4dfp talsrcimg -O0 -y
---------------------------------------------------------------------

freesurfer ifh2hdr.c
Sun Mar 15 11:23:42 2026
Writing: talsrcimg.4dfp.hdr
freesurfer analyzeto4dfp.c
Reading: talsrcimg.hdr
header size 348 bytes
hdr.dime.datatype	offset=70	value=2
hdr.dime.bitpix		offset=72	value=8
hdr.hist.orient		offset=252	value=-1
dimensionality     4
dimensions       256       256       256         1
Reading: talsrcimg.img
Writing: talsrcimg.4dfp.img
Writing: talsrcimg.4dfp.ifh
ifh2hdr talsrcimg -r0to239
ori=2

---------------------------------------------------------------------
gauss_4dfp talsrcimg 1.1
---------------------------------------------------------------------

freesurfer gauss_4dfp.c
Reading: talsrcimg.4dfp.img
Writing: talsrcimg_g11.4dfp.img
image dimensions 256 256 256 padded to 288 288 288
processing volume 1freesurfer ifh2hdr.c
Sun Mar 15 11:23:43 2026
Writing: talsrcimg_g11.4dfp.hdr

Writing: talsrcimg_g11.4dfp.ifh
including: talsrcimg.4dfp.img.rec in talsrcimg_g11.4dfp.img.rec

---------------------------------------------------------------------
imgreg_4dfp /opt/freesurfer/average/711-2C_as_mni_average_305 none talsrcimg_g11 none talsrcimg_to_711-2C_as_mni_average_305_t4 4355
---------------------------------------------------------------------

freesurfer imgreg_4dfp.c
/opt/freesurfer/average/711-2C_as_mni_average_305.4dfp.img
       256       256       256         1
  1.000000  1.000000  1.000000
orientation T byte_order littleendian
Reading image: /opt/freesurfer/average/711-2C_as_mni_average_305.4dfp.img
dimensions:      256       256       256
mmppix:       1.0000   -1.0000   -1.0000
center:     128.0000 -129.0000 -129.0000
talsrcimg_g11.4dfp.img
       256       256       256         1
  1.000000  1.000000  1.000000
orientation T byte_order littleendian
Reading image: talsrcimg_g11.4dfp.img
dimensions:      256       256       256
mmppix:       1.0000   -1.0000   -1.0000
center:     128.0000 -129.0000 -129.0000
t4_read: open error in t4_sub.f l:  41 t4_file(1:l)talsrcimg_to_711-2C_as_mni_average_305_t4 
t4_read: transform initialized to I4
rotation matrix determinant  1.000000
image alignment mode   4355 decimal     1103 hex
   -7.5000  -45.0000  -45.0000 7284.9248   12.9707
    0.0000  -45.0000  -45.0000 7639.4053   12.9543
    7.5000  -45.0000  -45.0000 7399.3984   12.9318
   -7.5000  -37.5000  -45.0000 7920.6372   12.7608
    0.0000  -37.5000  -45.0000 8310.0879   12.7447
    7.5000  -37.5000  -45.0000 8033.5488   12.7239
   -7.5000  -30.0000  -45.0000 8915.0381   12.6297
    0.0000  -30.0000  -45.0000 9364.8340   12.6133
    7.5000  -30.0000  -45.0000 9039.8730   12.5908
   -7.5000  -22.5000  -45.0000 9931.6992   12.5596
    0.0000  -22.5000  -45.000010412.3203   12.5424
    7.5000  -22.5000  -45.000010043.1260   12.5161
   -7.5000  -15.0000  -45.000010905.1123   12.5105
    0.0000  -15.0000  -45.000011422.6426   12.4934
    7.5000  -15.0000  -45.000011008.9844   12.4659
   -7.5000   -7.5000  -45.000011767.4561   12.4985
    0.0000   -7.5000  -45.000012340.1885   12.4824
    7.5000   -7.5000  -45.000011868.2900   12.4581
   -7.5000    0.0000  -45.000012520.2588   12.5095
    0.0000    0.0000  -45.000013132.9756   12.4936
    7.5000    0.0000  -45.000012633.1445   12.4730
   -7.5000    7.5000  -45.000012356.8613   12.5176
    0.0000    7.5000  -45.000012984.0439   12.5013
    7.5000    7.5000  -45.000012448.7881   12.4815
   -7.5000   15.0000  -45.000012116.3633   12.5178
    0.0000   15.0000  -45.000012723.6377   12.5010
    7.5000   15.0000  -45.000012210.1279   12.4789
   -7.5000   22.5000  -45.000011688.8574   12.5055
    0.0000   22.5000  -45.000012257.2441   12.4879
    7.5000   22.5000  -45.000011787.9141   12.4619
   -7.5000   30.0000  -45.000011190.5430   12.3295
    0.0000   30.0000  -45.000011729.7031   12.3125
    7.5000   30.0000  -45.000011275.0996   12.2854
   -7.5000   37.5000  -45.000010999.7266   12.3319
    0.0000   37.5000  -45.000011561.6982   12.3160
    7.5000   37.5000  -45.000011089.4629   12.2921
   -7.5000   45.0000  -45.000010223.2881   12.0294
    0.0000   45.0000  -45.000010759.8945   12.0141
    7.5000   45.0000  -45.000010310.5908   11.9943
   -7.5000  -45.0000  -37.5000 7668.8853   12.9623
    0.0000  -45.0000  -37.5000 8043.9429   12.9497
    7.5000  -45.0000  -37.5000 7773.4331   12.9320
   -7.5000  -37.5000  -37.5000 8362.2686   12.7530
    0.0000  -37.5000  -37.5000 8781.6436   12.7384
    7.5000  -37.5000  -37.5000 8466.1250   12.7198
   -7.5000  -30.0000  -37.5000 9403.9268   12.6209
    0.0000  -30.0000  -37.5000 9892.3945   12.6068
    7.5000  -30.0000  -37.5000 9547.0469   12.5857
   -7.5000  -22.5000  -37.500010458.1943   12.5497
    0.0000  -22.5000  -37.500010982.2031   12.5378
    7.5000  -22.5000  -37.500010586.9785   12.5145
   -7.5000  -15.0000  -37.500011464.6982   12.5010
    0.0000  -15.0000  -37.500012018.0146   12.4912
    7.5000  -15.0000  -37.500011571.4678   12.4689
   -7.5000   -7.5000  -37.500012386.3379   12.4899
    0.0000   -7.5000  -37.500012987.6670   12.4802
    7.5000   -7.5000  -37.500012496.7607   12.4617
   -7.5000    0.0000  -37.500013187.1094   12.5017
    0.0000    0.0000  -37.500013806.2471   12.4894
    7.5000    0.0000  -37.500013289.7109   12.4733
   -7.5000    7.5000  -37.500013022.9873   12.5101
    0.0000    7.5000  -37.500013650.9307   12.4953
    7.5000    7.5000  -37.500013098.9170   12.4777
   -7.5000   15.0000  -37.500012748.5771   12.5091
    0.0000   15.0000  -37.500013365.6768   12.4945
    7.5000   15.0000  -37.500012817.0332   12.4739
   -7.5000   22.5000  -37.500012263.3799   12.4957
    0.0000   22.5000  -37.500012868.4473   12.4833
    7.5000   22.5000  -37.500012353.8838   12.4603
   -7.5000   30.0000  -37.500011725.3623   12.3201
    0.0000   30.0000  -37.500012291.4785   12.3103
    7.5000   30.0000  -37.500011785.0146   12.2883
   -7.5000   37.5000  -37.500011504.8086   12.3234
    0.0000   37.5000  -37.500012087.4043   12.3138
    7.5000   37.5000  -37.500011586.5146   12.2957
   -7.5000   45.0000  -37.500010716.2178   12.0219
    0.0000   45.0000  -37.500011294.4609   12.0101
    7.5000   45.0000  -37.500010790.8945   11.9946
   -7.5000  -45.0000  -30.0000 8184.4307   13.5152
    0.0000  -45.0000  -30.0000 8578.0635   13.5062
    7.5000  -45.0000  -30.0000 8288.0449   13.4955
   -7.5000  -37.5000  -30.0000 8950.3760   13.2993
    0.0000  -37.5000  -30.0000 9387.0410   13.2870
    7.5000  -37.5000  -30.0000 9061.3379   13.2748
   -7.5000  -30.0000  -30.000010065.7510   13.1618
    0.0000  -30.0000  -30.000010579.0029   13.1502
    7.5000  -30.0000  -30.000010205.6318   13.1344
   -7.5000  -22.5000  -30.000011171.0156   13.0852
    0.0000  -22.5000  -30.000011719.2520   13.0771
    7.5000  -22.5000  -30.000011282.0186   13.0589
   -7.5000  -15.0000  -30.000012217.2500   13.0321
    0.0000  -15.0000  -30.000012814.3848   13.0272
    7.5000  -15.0000  -30.000012305.3506   13.0105
   -7.5000   -7.5000  -30.000013198.9688   13.0205
    0.0000   -7.5000  -30.000013844.4893   13.0154
    7.5000   -7.5000  -30.000013286.5117   13.0035
   -7.5000    0.0000  -30.000014026.8506   13.0351
    0.0000    0.0000  -30.000014702.3213   13.0262
    7.5000    0.0000  -30.000014122.2520   13.0167
   -7.5000    7.5000  -30.000013844.7461   13.0462
    0.0000    7.5000  -30.000014515.6211   13.0336
    7.5000    7.5000  -30.000013920.7217   13.0221
   -7.5000   15.0000  -30.000013546.6162   13.0453
    0.0000   15.0000  -30.000014216.7197   13.0331
    7.5000   15.0000  -30.000013613.9648   13.0177
   -7.5000   22.5000  -30.000013043.8213   13.0276
    0.0000   22.5000  -30.000013705.3857   13.0190
    7.5000   22.5000  -30.000013106.7129   13.0010
   -7.5000   30.0000  -30.000012452.6992   12.8447
    0.0000   30.0000  -30.000013064.2627   12.8397
    7.5000   30.0000  -30.000012469.7803   12.8233
   -7.5000   37.5000  -30.000012162.1387   12.8482
    0.0000   37.5000  -30.000012796.2461   12.8432
    7.5000   37.5000  -30.000012221.8047   12.8314
   -7.5000   45.0000  -30.000011317.1475   12.5441
    0.0000   45.0000  -30.000011925.3418   12.5354
    7.5000   45.0000  -30.000011378.1416   12.5263
   -7.5000  -45.0000  -22.5000 8694.7246   13.9867
    0.0000  -45.0000  -22.5000 9104.1260   13.9774
    7.5000  -45.0000  -22.5000 8790.7969   13.9691
   -7.5000  -37.5000  -22.5000 9494.6455   13.7653
    0.0000  -37.5000  -22.5000 9969.3916   13.7543
    7.5000  -37.5000  -22.5000 9616.8252   13.7467
   -7.5000  -30.0000  -22.500010673.8408   13.6251
    0.0000  -30.0000  -22.500011218.5762   13.6141
    7.5000  -30.0000  -22.500010817.2285   13.6028
   -7.5000  -22.5000  -22.500011825.0215   13.5452
    0.0000  -22.5000  -22.500012421.8945   13.5357
    7.5000  -22.5000  -22.500011953.4189   13.5200
   -7.5000  -15.0000  -22.500012907.7637   13.4876
    0.0000  -15.0000  -22.500013557.9648   13.4799
    7.5000  -15.0000  -22.500013015.7295   13.4637
   -7.5000   -7.5000  -22.500013951.2051   13.4742
    0.0000   -7.5000  -22.500014646.4570   13.4671
    7.5000   -7.5000  -22.500014044.9395   13.4553
   -7.5000    0.0000  -22.500014791.1318   13.4900
    0.0000    0.0000  -22.500015507.0537   13.4808
    7.5000    0.0000  -22.500014875.4834   13.4737
   -7.5000    7.5000  -22.500014579.7861   13.5036
    0.0000    7.5000  -22.500015298.5664   13.4921
    7.5000    7.5000  -22.500014648.4814   13.4850
   -7.5000   15.0000  -22.500014273.8262   13.5047
    0.0000   15.0000  -22.500014992.5859   13.4930
    7.5000   15.0000  -22.500014342.2305   13.4820
   -7.5000   22.5000  -22.500013789.7520   13.4848
    0.0000   22.5000  -22.500014494.9238   13.4748
    7.5000   22.5000  -22.500013832.7285   13.4591
   -7.5000   30.0000  -22.500013139.2080   13.2958
    0.0000   30.0000  -22.500013800.6982   13.2880
    7.5000   30.0000  -22.500013137.2021   13.2720
   -7.5000   37.5000  -22.500012804.9268   13.2979
    0.0000   37.5000  -22.500013478.0361   13.2909
    7.5000   37.5000  -22.500012830.8584   13.2793
   -7.5000   45.0000  -22.500011920.9229   12.9916
    0.0000   45.0000  -22.500012549.4307   12.9827
    7.5000   45.0000  -22.500011947.1543   12.9758
   -7.5000  -45.0000  -15.0000 9175.6768   14.3211
    0.0000  -45.0000  -15.0000 9617.4961   14.3078
    7.5000  -45.0000  -15.0000 9287.1025   14.2949
   -7.5000  -37.5000  -15.000010014.5410   14.0950
    0.0000  -37.5000  -15.000010520.7021   14.0825
    7.5000  -37.5000  -15.000010139.5908   14.0731
   -7.5000  -30.0000  -15.000011261.8359   13.9534
    0.0000  -30.0000  -15.000011832.5576   13.9402
    7.5000  -30.0000  -15.000011389.1182   13.9280
   -7.5000  -22.5000  -15.000012477.0586   13.8725
    0.0000  -22.5000  -15.000013110.7773   13.8575
    7.5000  -22.5000  -15.000012597.8457   13.8391
   -7.5000  -15.0000  -15.000013593.4600   13.8125
    0.0000  -15.0000  -15.000014282.7031   13.7969
    7.5000  -15.0000  -15.000013698.3359   13.7755
   -7.5000   -7.5000  -15.000014668.8574   13.7973
    0.0000   -7.5000  -15.000015383.6191   13.7831
    7.5000   -7.5000  -15.000014766.1055   13.7653
   -7.5000    0.0000  -15.000015568.3037   13.8125
    0.0000    0.0000  -15.000016305.8555   13.7996
    7.5000    0.0000  -15.000015654.6807   13.7881
   -7.5000    7.5000  -15.000015316.8066   13.8270
    0.0000    7.5000  -15.000016022.9746   13.8141
    7.5000    7.5000  -15.000015386.7881   13.8053
   -7.5000   15.0000  -15.000015005.4785   13.8301
    0.0000   15.0000  -15.000015689.8359   13.8163
    7.5000   15.0000  -15.000015043.5186   13.8044
   -7.5000   22.5000  -15.000014516.0264   13.8101
    0.0000   22.5000  -15.000015212.4697   13.7946
    7.5000   22.5000  -15.000014524.3262   13.7764
   -7.5000   30.0000  -15.000013770.3105   13.6180
    0.0000   30.0000  -15.000014469.6729   13.6024
    7.5000   30.0000  -15.000013779.4805   13.5813
   -7.5000   37.5000  -15.000013417.0420   13.6187
    0.0000   37.5000  -15.000014107.1934   13.6047
    7.5000   37.5000  -15.000013411.3066   13.5871
   -7.5000   45.0000  -15.000012475.5928   13.3102
    0.0000   45.0000  -15.000013099.0508   13.2977
    7.5000   45.0000  -15.000012464.2920   13.2867
   -7.5000  -45.0000   -7.5000 9677.6240   14.4795
    0.0000  -45.0000   -7.500010146.7393   14.4620
    7.5000  -45.0000   -7.5000 9794.2100   14.4410
   -7.5000  -37.5000   -7.500010554.5107   14.2488
    0.0000  -37.5000   -7.500011090.3174   14.2329
    7.5000  -37.5000   -7.500010690.4131   14.2158
   -7.5000  -30.0000   -7.500011855.9736   14.1050
    0.0000  -30.0000   -7.500012448.8496   14.0881
    7.5000  -30.0000   -7.500011967.3955   14.0691
   -7.5000  -22.5000   -7.500013108.7900   14.0250
    0.0000  -22.5000   -7.500013774.4033   14.0053
    7.5000  -22.5000   -7.500013229.9893   13.9802
   -7.5000  -15.0000   -7.500014251.3682   13.9666
    0.0000  -15.0000   -7.500014981.2109   13.9455
    7.5000  -15.0000   -7.500014367.8916   13.9171
   -7.5000   -7.5000   -7.500015364.5889   13.9515
    0.0000   -7.5000   -7.500016126.1113   13.9322
    7.5000   -7.5000   -7.500015495.8652   13.9071
   -7.5000    0.0000   -7.500016372.1445   13.9652
    0.0000    0.0000   -7.500017157.8027   13.9482
    7.5000    0.0000   -7.500016503.1895   13.9291
   -7.5000    7.5000   -7.500016156.8838   13.9776
    0.0000    7.5000   -7.500016864.4199   13.9615
    7.5000    7.5000   -7.500016248.1611   13.9454
   -7.5000   15.0000   -7.500015808.0938   13.9802
    0.0000   15.0000   -7.500016451.4492   13.9629
    7.5000   15.0000   -7.500015844.2490   13.9443
   -7.5000   22.5000   -7.500015271.8604   13.9603
    0.0000   22.5000   -7.500015921.5342   13.9401
    7.5000   22.5000   -7.500015275.2812   13.9154
   -7.5000   30.0000   -7.500014468.8877   13.7695
    0.0000   30.0000   -7.500015117.0039   13.7485
    7.5000   30.0000   -7.500014472.2803   13.7206
   -7.5000   37.5000   -7.500014091.6240   13.7706
    0.0000   37.5000   -7.500014727.4238   13.7514
    7.5000   37.5000   -7.500014049.9365   13.7267
   -7.5000   45.0000   -7.500013067.4023   13.4599
    0.0000   45.0000   -7.500013670.0947   13.4434
    7.5000   45.0000   -7.500013012.3545   13.4250
   -7.5000  -45.0000    0.000010069.8535   14.5024
    0.0000  -45.0000    0.000010577.1895   14.4843
    7.5000  -45.0000    0.000010216.0664   14.4593
   -7.5000  -37.5000    0.000011004.2646   14.2682
    0.0000  -37.5000    0.000011578.3945   14.2503
    7.5000  -37.5000    0.000011144.4463   14.2272
   -7.5000  -30.0000    0.000012361.0225   14.1219
    0.0000  -30.0000    0.000012991.2725   14.1037
    7.5000  -30.0000    0.000012465.5039   14.0786
   -7.5000  -22.5000    0.000013658.0283   14.0435
    0.0000  -22.5000    0.000014352.9170   14.0244
    7.5000  -22.5000    0.000013764.9688   13.9951
   -7.5000  -15.0000    0.000014828.5117   13.9884
    0.0000  -15.0000    0.000015551.4775   13.9695
    7.5000  -15.0000    0.000014948.3711   13.9388
   -7.5000   -7.5000    0.000015920.8506   13.9749
    0.0000   -7.5000    0.000016644.0488   13.9570
    7.5000   -7.5000    0.000016061.2881   13.9300
   -7.5000    0.0000    0.000016981.3359   13.9872
    0.0000    0.0000    0.000017797.8652   13.9695
    7.5000    0.0000    0.000017165.9863   13.9467
   -7.5000    7.5000    0.000016923.8223   13.9965
    0.0000    7.5000    0.000017673.0664   13.9784
    7.5000    7.5000    0.000017070.1328   13.9564
   -7.5000   15.0000    0.000016644.7754   13.9969
    0.0000   15.0000    0.000017242.5918   13.9782
    7.5000   15.0000    0.000016694.7070   13.9537
   -7.5000   22.5000    0.000016012.7578   13.9785
    0.0000   22.5000    0.000016597.4062   13.9590
    7.5000   22.5000    0.000016004.6426   13.9301
   -7.5000   30.0000    0.000015121.5723   13.7914
    0.0000   30.0000    0.000015739.5029   13.7725
    7.5000   30.0000    0.000015109.6279   13.7423
   -7.5000   37.5000    0.000014675.9150   13.7940
    0.0000   37.5000    0.000015294.7793   13.7763
    7.5000   37.5000    0.000014614.8623   13.7497
   -7.5000   45.0000    0.000013565.8301   13.4820
    0.0000   45.0000    0.000014165.3311   13.4650
    7.5000   45.0000    0.000013504.3633   13.4430
   -7.5000  -45.0000    7.5000 9691.2266   14.5050
    0.0000  -45.0000    7.500010197.3271   14.4910
    7.5000  -45.0000    7.5000 9829.6934   14.4711
   -7.5000  -37.5000    7.500010574.1855   14.2708
    0.0000  -37.5000    7.500011126.4092   14.2545
    7.5000  -37.5000    7.500010715.0107   14.2337
   -7.5000  -30.0000    7.500011867.0254   14.1230
    0.0000  -30.0000    7.500012450.4023   14.1073
    7.5000  -30.0000    7.500012000.6299   14.0837
   -7.5000  -22.5000    7.500013110.6807   14.0434
    0.0000  -22.5000    7.500013735.0371   14.0300
    7.5000  -22.5000    7.500013245.3750   14.0040
   -7.5000  -15.0000    7.500014252.2822   13.9888
    0.0000  -15.0000    7.500014897.4648   13.9779
    7.5000  -15.0000    7.500014385.8047   13.9529
   -7.5000   -7.5000    7.500015292.9346   13.9764
    0.0000   -7.5000    7.500015923.5176   13.9655
    7.5000   -7.5000    7.500015451.7334   13.9449
   -7.5000    0.0000    7.500016295.2666   13.9897
    0.0000    0.0000    7.500017028.0723   13.9759
    7.5000    0.0000    7.500016470.2305   13.9579
   -7.5000    7.5000    7.500016237.7363   13.9991
    0.0000    7.5000    7.500016937.1406   13.9825
    7.5000    7.5000    7.500016363.7900   13.9628
   -7.5000   15.0000    7.500015954.6982   13.9980
    0.0000   15.0000    7.500016631.7012   13.9816
    7.5000   15.0000    7.500016045.1729   13.9585
   -7.5000   22.5000    7.500015389.6006   13.9784
    0.0000   22.5000    7.500016069.8838   13.9646
    7.5000   22.5000    7.500015413.4014   13.9388
   -7.5000   30.0000    7.500014546.8701   13.7918
    0.0000   30.0000    7.500015213.8623   13.7808
    7.5000   30.0000    7.500014540.9658   13.7562
   -7.5000   37.5000    7.500014038.1650   13.7955
    0.0000   37.5000    7.500014672.3379   13.7848
    7.5000   37.5000    7.500014021.3896   13.7644
   -7.5000   45.0000    7.500012970.7988   13.4844
    0.0000   45.0000    7.500013551.0400   13.4712
    7.5000   45.0000    7.500012937.0176   13.4538
   -7.5000  -45.0000   15.0000 9175.5303   14.5395
    0.0000  -45.0000   15.0000 9612.9873   14.5298
    7.5000  -45.0000   15.0000 9315.1455   14.5181
   -7.5000  -37.5000   15.000010021.3242   14.3078
    0.0000  -37.5000   15.000010512.4775   14.2947
    7.5000  -37.5000   15.000010164.9248   14.2814
   -7.5000  -30.0000   15.000011228.2529   14.1597
    0.0000  -30.0000   15.000011800.8174   14.1472
    7.5000  -30.0000   15.000011380.1406   14.1302
   -7.5000  -22.5000   15.000012400.9111   14.0772
    0.0000  -22.5000   15.000013040.4219   14.0685
    7.5000  -22.5000   15.000012549.3799   14.0489
   -7.5000  -15.0000   15.000013504.4648   14.0199
    0.0000  -15.0000   15.000014151.4033   14.0147
    7.5000  -15.0000   15.000013651.3457   13.9967
   -7.5000   -7.5000   15.000014553.1152   14.0074
    0.0000   -7.5000   15.000015202.6611   14.0020
    7.5000   -7.5000   15.000014708.5801   13.9891
   -7.5000    0.0000   15.000015554.0449   14.0231
    0.0000    0.0000   15.000016261.1943   14.0135
    7.5000    0.0000   15.000015697.6143   14.0032
   -7.5000    7.5000   15.000015412.0918   14.0351
    0.0000    7.5000   15.000016042.7471   14.0216
    7.5000    7.5000   15.000015479.7520   14.0090
   -7.5000   15.0000   15.000015075.8887   14.0342
    0.0000   15.0000   15.000015665.3965   14.0210
    7.5000   15.0000   15.000015137.9180   14.0043
   -7.5000   22.5000   15.000014576.2344   14.0120
    0.0000   22.5000   15.000015166.3486   14.0028
    7.5000   22.5000   15.000014617.3779   13.9833
   -7.5000   30.0000   15.000013838.3691   13.8224
    0.0000   30.0000   15.000014435.0713   13.8171
    7.5000   30.0000   15.000013864.4199   13.7993
   -7.5000   37.5000   15.000013345.6211   13.8261
    0.0000   37.5000   15.000013934.8721   13.8208
    7.5000   37.5000   15.000013373.5566   13.8080
   -7.5000   45.0000   15.000012323.6162   13.5167
    0.0000   45.0000   15.000012858.9189   13.5074
    7.5000   45.0000   15.000012303.7422   13.4975
   -7.5000  -45.0000   22.5000 8565.6162   14.6310
    0.0000  -45.0000   22.5000 8961.7471   14.6214
    7.5000  -45.0000   22.5000 8679.7012   14.6124
   -7.5000  -37.5000   22.5000 9357.1709   14.4012
    0.0000  -37.5000   22.5000 9835.8242   14.3896
    7.5000  -37.5000   22.5000 9493.1709   14.3814
   -7.5000  -30.0000   22.500010512.1016   14.2536
    0.0000  -30.0000   22.500011071.9521   14.2422
    7.5000  -30.0000   22.500010645.1533   14.2301
   -7.5000  -22.5000   22.500011633.4092   14.1694
    0.0000  -22.5000   22.500012239.5967   14.1596
    7.5000  -22.5000   22.500011761.7559   14.1428
   -7.5000  -15.0000   22.500012675.6055   14.1087
    0.0000  -15.0000   22.500013287.1934   14.1008
    7.5000  -15.0000   22.500012792.2783   14.0835
   -7.5000   -7.5000   22.500013681.6553   14.0945
    0.0000   -7.5000   22.500014302.8818   14.0871
    7.5000   -7.5000   22.500013810.2861   14.0746
   -7.5000    0.0000   22.500014613.3154   14.1112
    0.0000    0.0000   22.500015270.0430   14.1016
    7.5000    0.0000   22.500014722.4023   14.0938
   -7.5000    7.5000   22.500014426.5566   14.1254
    0.0000    7.5000   22.500015016.3643   14.1134
    7.5000    7.5000   22.500014481.5283   14.1058
   -7.5000   15.0000   22.500014095.4727   14.1266
    0.0000   15.0000   22.500014659.4561   14.1145
    7.5000   15.0000   22.500014170.4980   14.1027
   -7.5000   22.5000   22.500013669.5664   14.1036
    0.0000   22.5000   22.500014220.4639   14.0932
    7.5000   22.5000   22.500013726.0801   14.0766
   -7.5000   30.0000   22.500013011.2061   13.9098
    0.0000   30.0000   22.500013542.9453   13.9019
    7.5000   30.0000   22.500013051.1973   13.8848
   -7.5000   37.5000   22.500012569.5762   13.9121
    0.0000   37.5000   22.500013097.5693   13.9048
    7.5000   37.5000   22.500012595.5205   13.8924
   -7.5000   45.0000   22.500011581.2812   13.6015
    0.0000   45.0000   22.500012072.5986   13.5923
    7.5000   45.0000   22.500011566.6973   13.5848
   -7.5000  -45.0000   30.0000 7913.1924   14.7968
    0.0000  -45.0000   30.0000 8267.1787   14.7836
    7.5000  -45.0000   30.0000 7999.2842   14.7700
   -7.5000  -37.5000   30.0000 8664.6934   14.5654
    0.0000  -37.5000   30.0000 9094.2207   14.5530
    7.5000  -37.5000   30.0000 8772.7393   14.5434
   -7.5000  -30.0000   30.0000 9736.3389   14.4170
    0.0000  -30.0000   30.000010230.5205   14.4039
    7.5000  -30.0000   30.0000 9847.1777   14.3914
   -7.5000  -22.5000   30.000010769.0752   14.3319
    0.0000  -22.5000   30.000011306.7900   14.3169
    7.5000  -22.5000   30.000010882.7227   14.2977
   -7.5000  -15.0000   30.000011734.5342   14.2687
    0.0000  -15.0000   30.000012310.1982   14.2531
    7.5000  -15.0000   30.000011842.8018   14.2306
   -7.5000   -7.5000   30.000012682.9434   14.2527
    0.0000   -7.5000   30.000013288.9941   14.2384
    7.5000   -7.5000   30.000012789.3887   14.2196
   -7.5000    0.0000   30.000013536.4111   14.2687
    0.0000    0.0000   30.000014168.3672   14.2557
    7.5000    0.0000   30.000013619.0137   14.2437
   -7.5000    7.5000   30.000013336.9590   14.2839
    0.0000    7.5000   30.000013919.4365   14.2711
    7.5000    7.5000   30.000013401.8955   14.2620
   -7.5000   15.0000   30.000013017.9805   14.2871
    0.0000   15.0000   30.000013571.2021   14.2734
    7.5000   15.0000   30.000013096.8145   14.2612
   -7.5000   22.5000   30.000012636.9375   14.2647
    0.0000   22.5000   30.000013171.7139   14.2492
    7.5000   22.5000   30.000012703.9160   14.2303
   -7.5000   30.0000   30.000012047.8672   14.0674
    0.0000   30.0000   30.000012577.8096   14.0518
    7.5000   30.0000   30.000012111.0332   14.0296
   -7.5000   37.5000   30.000011650.7539   14.0682
    0.0000   37.5000   30.000012175.9932   14.0541
    7.5000   37.5000   30.000011698.8047   14.0355
   -7.5000   45.0000   30.000010730.0967   13.7534
    0.0000   45.0000   30.000011213.3789   13.7409
    7.5000   45.0000   30.000010764.5098   13.7293
   -7.5000  -45.0000   37.5000 7547.7241   15.0820
    0.0000  -45.0000   37.5000 7891.9741   15.0649
    7.5000  -45.0000   37.5000 7629.2036   15.0425
   -7.5000  -37.5000   37.5000 8271.6875   14.8431
    0.0000  -37.5000   37.5000 8670.8633   14.8271
    7.5000  -37.5000   37.5000 8359.6211   14.8093
   -7.5000  -30.0000   37.5000 9281.8330   14.6886
    0.0000  -30.0000   37.5000 9761.5059   14.6716
    7.5000  -30.0000   37.5000 9391.3496   14.6522
   -7.5000  -22.5000   37.500010274.6064   14.6017
    0.0000  -22.5000   37.500010804.6914   14.5821
    7.5000  -22.5000   37.500010386.9619   14.5566
   -7.5000  -15.0000   37.500011198.2334   14.5385
    0.0000  -15.0000   37.500011772.3525   14.5180
    7.5000  -15.0000   37.500011322.5791   14.4887
   -7.5000   -7.5000   37.500012108.2734   14.5227
    0.0000   -7.5000   37.500012730.8252   14.5039
    7.5000   -7.5000   37.500012241.1748   14.4775
   -7.5000    0.0000   37.500012952.9307   14.5381
    0.0000    0.0000   37.500013580.5332   14.5212
    7.5000    0.0000   37.500013039.0811   14.5009
   -7.5000    7.5000   37.500012747.4463   14.5514
    0.0000    7.5000   37.500013337.4609   14.5351
    7.5000    7.5000   37.500012810.5059   14.5182
   -7.5000   15.0000   37.500012426.9473   14.5536
    0.0000   15.0000   37.500012996.7939   14.5360
    7.5000   15.0000   37.500012520.4482   14.5171
   -7.5000   22.5000   37.500012057.2207   14.5319
    0.0000   22.5000   37.500012604.3857   14.5120
    7.5000   22.5000   37.500012133.4141   14.4867
   -7.5000   30.0000   37.500011520.1943   14.3331
    0.0000   30.0000   37.500012061.3369   14.3127
    7.5000   30.0000   37.500011595.6250   14.2838
   -7.5000   37.5000   37.500011154.7178   14.3347
    0.0000   37.5000   37.500011691.2617   14.3162
    7.5000   37.5000   37.500011234.7080   14.2901
   -7.5000   45.0000   37.500010283.9883   14.0130
    0.0000   45.0000   37.500010775.7197   13.9967
    7.5000   45.0000   37.500010343.9912   13.9772
   -7.5000  -45.0000   45.0000 6877.6265   15.4135
    0.0000  -45.0000   45.0000 7190.2803   15.3947
    7.5000  -45.0000   45.0000 6931.7568   15.3671
   -7.5000  -37.5000   45.0000 7532.5044   15.1637
    0.0000  -37.5000   45.0000 7891.9111   15.1444
    7.5000  -37.5000   45.0000 7599.7070   15.1195
   -7.5000  -30.0000   45.0000 8447.2295   15.0023
    0.0000  -30.0000   45.0000 8881.9316   14.9824
    7.5000  -30.0000   45.0000 8546.9775   14.9563
   -7.5000  -22.5000   45.0000 9354.1572   14.9139
    0.0000  -22.5000   45.0000 9830.8672   14.8933
    7.5000  -22.5000   45.0000 9446.8350   14.8628
   -7.5000  -15.0000   45.000010225.3779   14.8509
    0.0000  -15.0000   45.000010753.0986   14.8312
    7.5000  -15.0000   45.000010328.7959   14.7986
   -7.5000   -7.5000   45.000011077.6865   14.8344
    0.0000   -7.5000   45.000011645.9492   14.8160
    7.5000   -7.5000   45.000011184.7705   14.7865
   -7.5000    0.0000   45.000011835.3652   14.8478
    0.0000    0.0000   45.000012416.1885   14.8292
    7.5000    0.0000   45.000011937.4092   14.8040
   -7.5000    7.5000   45.000011643.7969   14.8589
    0.0000    7.5000   45.000012196.4580   14.8393
    7.5000    7.5000   45.000011728.6133   14.8157
   -7.5000   15.0000   45.000011356.0371   14.8604
    0.0000   15.0000   45.000011886.1045   14.8399
    7.5000   15.0000   45.000011460.2119   14.8144
   -7.5000   22.5000   45.000011019.5635   14.8406
    0.0000   22.5000   45.000011525.8740   14.8196
    7.5000   22.5000   45.000011117.3613   14.7894
   -7.5000   30.0000   45.000010553.0801   14.6393
    0.0000   30.0000   45.000011047.6133   14.6197
    7.5000   30.0000   45.000010627.6074   14.5875
   -7.5000   37.5000   45.000010233.2148   14.6411
    0.0000   37.5000   45.000010735.8359   14.6230
    7.5000   37.5000   45.000010319.0322   14.5939
   -7.5000   45.0000   45.0000 9455.2598   14.3180
    0.0000   45.0000   45.0000 9904.9863   14.3001
    7.5000   45.0000   45.0000 9509.6592   14.2758

---------------------------------------------------------------------
imgreg_4dfp /opt/freesurfer/average/711-2C_as_mni_average_305 /opt/freesurfer/average/711-2B_as_mni_average_305_mask talsrcimg_g11 none talsrcimg_to_711-2C_as_mni_average_305_t4 4355
---------------------------------------------------------------------

freesurfer imgreg_4dfp.c
/opt/freesurfer/average/711-2C_as_mni_average_305.4dfp.img
       256       256       256         1
  1.000000  1.000000  1.000000
orientation T byte_order littleendian
Reading image: /opt/freesurfer/average/711-2C_as_mni_average_305.4dfp.img
dimensions:      256       256       256
mmppix:       1.0000   -1.0000   -1.0000
center:     128.0000 -129.0000 -129.0000
/opt/freesurfer/average/711-2B_as_mni_average_305_mask.4dfp.img
       256       256       256         1
  1.000000  1.000000  1.000000
orientation T byte_order littleendian
Reading mask: /opt/freesurfer/average/711-2B_as_mni_average_305_mask.4dfp.img (2306576 pixels)
talsrcimg_g11.4dfp.img
       256       256       256         1
  1.000000  1.000000  1.000000
orientation T byte_order littleendian
Reading image: talsrcimg_g11.4dfp.img
dimensions:      256       256       256
mmppix:       1.0000   -1.0000   -1.0000
center:     128.0000 -129.0000 -129.0000
rotation matrix determinant  1.000000
image alignment mode   4355 decimal     1103 hex
   -7.5000  -45.0000  -45.0000 1954.9318   16.8587
    0.0000  -45.0000  -45.0000 1978.0686   16.6034
    7.5000  -45.0000  -45.0000 1979.4535   16.7312
   -7.5000  -37.5000  -45.0000 2073.3899   15.0491
    0.0000  -37.5000  -45.0000 2099.4688   14.8098
    7.5000  -37.5000  -45.0000 2099.2153   14.9050
   -7.5000  -30.0000  -45.0000 2187.1040   13.6009
    0.0000  -30.0000  -45.0000 2218.1587   13.3904
    7.5000  -30.0000  -45.0000 2216.8313   13.4449
   -7.5000  -22.5000  -45.0000 2290.3845   12.4467
    0.0000  -22.5000  -45.0000 2317.4724   12.2558
    7.5000  -22.5000  -45.0000 2318.5449   12.3075
   -7.5000  -15.0000  -45.0000 2364.8518   11.6042
    0.0000  -15.0000  -45.0000 2392.9614   11.4290
    7.5000  -15.0000  -45.0000 2390.6956   11.4608
   -7.5000   -7.5000  -45.0000 2402.9424   11.0921
    0.0000   -7.5000  -45.0000 2432.5405   10.9399
    7.5000   -7.5000  -45.0000 2427.3838   10.9768
   -7.5000    0.0000  -45.0000 2421.4053   10.8374
    0.0000    0.0000  -45.0000 2451.4583   10.6924
    7.5000    0.0000  -45.0000 2448.1079   10.7270
   -7.5000    7.5000  -45.0000 2427.5261   10.7712
    0.0000    7.5000  -45.0000 2459.3516   10.6199
    7.5000    7.5000  -45.0000 2453.2173   10.6552
   -7.5000   15.0000  -45.0000 2417.4575   10.8786
    0.0000   15.0000  -45.0000 2450.0803   10.7044
    7.5000   15.0000  -45.0000 2444.9382   10.7494
   -7.5000   22.5000  -45.0000 2394.9260   11.1672
    0.0000   22.5000  -45.0000 2428.5337   10.9854
    7.5000   22.5000  -45.0000 2424.7891   11.0402
   -7.5000   30.0000  -45.0000 2353.0984   11.6593
    0.0000   30.0000  -45.0000 2389.5906   11.4654
    7.5000   30.0000  -45.0000 2383.7600   11.5202
   -7.5000   37.5000  -45.0000 2295.1045   12.3613
    0.0000   37.5000  -45.0000 2330.8059   12.1425
    7.5000   37.5000  -45.0000 2323.7483   12.2260
   -7.5000   45.0000  -45.0000 2214.8713   13.2896
    0.0000   45.0000  -45.0000 2247.3450   13.0578
    7.5000   45.0000  -45.0000 2241.9661   13.1496
   -7.5000  -45.0000  -37.5000 2007.8961   15.8587
    0.0000  -45.0000  -37.5000 2030.9557   15.6283
    7.5000  -45.0000  -37.5000 2034.9489   15.7189
   -7.5000  -37.5000  -37.5000 2138.9250   14.1382
    0.0000  -37.5000  -37.5000 2164.6492   13.9298
    7.5000  -37.5000  -37.5000 2163.4675   13.9687
   -7.5000  -30.0000  -37.5000 2259.8289   12.7544
    0.0000  -30.0000  -37.5000 2290.2214   12.5887
    7.5000  -30.0000  -37.5000 2290.3333   12.6215
   -7.5000  -22.5000  -37.5000 2361.9670   11.6546
    0.0000  -22.5000  -37.5000 2392.4233   11.4899
    7.5000  -22.5000  -37.5000 2393.0115   11.5411
   -7.5000  -15.0000  -37.5000 2437.1895   10.8391
    0.0000  -15.0000  -37.5000 2466.8079   10.6857
    7.5000  -15.0000  -37.5000 2465.7908   10.7158
   -7.5000   -7.5000  -37.5000 2488.4260   10.3157
    0.0000   -7.5000  -37.5000 2521.3406   10.1491
    7.5000   -7.5000  -37.5000 2515.3916   10.1840
   -7.5000    0.0000  -37.5000 2519.3052   10.0564
    0.0000    0.0000  -37.5000 2550.7913    9.9011
    7.5000    0.0000  -37.5000 2546.3503    9.9400
   -7.5000    7.5000  -37.5000 2531.0581    9.9905
    0.0000    7.5000  -37.5000 2562.3296    9.8563
    7.5000    7.5000  -37.5000 2556.5688    9.8731
   -7.5000   15.0000  -37.5000 2518.3284   10.1088
    0.0000   15.0000  -37.5000 2551.0234    9.9639
    7.5000   15.0000  -37.5000 2546.2561    9.9884
   -7.5000   22.5000  -37.5000 2489.9260   10.3814
    0.0000   22.5000  -37.5000 2524.8850   10.2363
    7.5000   22.5000  -37.5000 2521.5090   10.2666
   -7.5000   30.0000  -37.5000 2449.0813   10.8267
    0.0000   30.0000  -37.5000 2485.9028   10.6672
    7.5000   30.0000  -37.5000 2480.4219   10.7062
   -7.5000   37.5000  -37.5000 2386.7063   11.4703
    0.0000   37.5000  -37.5000 2421.0830   11.3020
    7.5000   37.5000  -37.5000 2416.9006   11.3740
   -7.5000   45.0000  -37.5000 2302.3489   12.3310
    0.0000   45.0000  -37.5000 2336.8167   12.1323
    7.5000   45.0000  -37.5000 2329.8269   12.2319
   -7.5000  -45.0000  -30.0000 2093.9663   15.5444
    0.0000  -45.0000  -30.0000 2117.1621   15.3241
    7.5000  -45.0000  -30.0000 2120.7051   15.4086
   -7.5000  -37.5000  -30.0000 2236.8403   13.8532
    0.0000  -37.5000  -30.0000 2261.1780   13.6524
    7.5000  -37.5000  -30.0000 2265.2056   13.6959
   -7.5000  -30.0000  -30.0000 2363.1038   12.4921
    0.0000  -30.0000  -30.0000 2391.1809   12.3077
    7.5000  -30.0000  -30.0000 2396.2141   12.3436
   -7.5000  -22.5000  -30.0000 2468.2332   11.3611
    0.0000  -22.5000  -30.0000 2496.3879   11.1904
    7.5000  -22.5000  -30.0000 2499.4832   11.2256
   -7.5000  -15.0000  -30.0000 2552.1438   10.5124
    0.0000  -15.0000  -30.0000 2581.6113   10.3558
    7.5000  -15.0000  -30.0000 2578.8313   10.3914
   -7.5000   -7.5000  -30.0000 2613.3386    9.9628
    0.0000   -7.5000  -30.0000 2647.6541    9.8134
    7.5000   -7.5000  -30.0000 2643.7083    9.8494
   -7.5000    0.0000  -30.0000 2649.8992    9.6998
    0.0000    0.0000  -30.0000 2685.4114    9.5482
    7.5000    0.0000  -30.0000 2681.8796    9.5721
   -7.5000    7.5000  -30.0000 2672.5662    9.6155
    0.0000    7.5000  -30.0000 2708.9285    9.4914
    7.5000    7.5000  -30.0000 2698.7385    9.5046
   -7.5000   15.0000  -30.0000 2665.0837    9.7351
    0.0000   15.0000  -30.0000 2700.5654    9.6184
    7.5000   15.0000  -30.0000 2690.1704    9.6355
   -7.5000   22.5000  -30.0000 2637.7202   10.0146
    0.0000   22.5000  -30.0000 2676.7437    9.8947
    7.5000   22.5000  -30.0000 2668.1934    9.9083
   -7.5000   30.0000  -30.0000 2595.5979   10.4518
    0.0000   30.0000  -30.0000 2634.3284   10.3152
    7.5000   30.0000  -30.0000 2621.8516   10.3392
   -7.5000   37.5000  -30.0000 2523.3938   11.0687
    0.0000   37.5000  -30.0000 2562.3201   10.9223
    7.5000   37.5000  -30.0000 2550.7148   10.9658
   -7.5000   45.0000  -30.0000 2427.5872   11.9152
    0.0000   45.0000  -30.0000 2462.7327   11.7347
    7.5000   45.0000  -30.0000 2451.8733   11.8091
   -7.5000  -45.0000  -22.5000 2154.4468   15.2159
    0.0000  -45.0000  -22.5000 2174.2266   14.9819
    7.5000  -45.0000  -22.5000 2177.7488   15.0915
   -7.5000  -37.5000  -22.5000 2298.7795   13.5292
    0.0000  -37.5000  -22.5000 2324.2061   13.3078
    7.5000  -37.5000  -22.5000 2325.4739   13.3865
   -7.5000  -30.0000  -22.5000 2425.9539   12.1523
    0.0000  -30.0000  -22.5000 2458.1738   11.9711
    7.5000  -30.0000  -22.5000 2459.7993   12.0177
   -7.5000  -22.5000  -22.5000 2535.4399   11.0162
    0.0000  -22.5000  -22.5000 2569.2603   10.8548
    7.5000  -22.5000  -22.5000 2570.2366   10.8923
   -7.5000  -15.0000  -22.5000 2628.9224   10.1513
    0.0000  -15.0000  -22.5000 2663.2410   10.0093
    7.5000  -15.0000  -22.5000 2662.6709   10.0407
   -7.5000   -7.5000  -22.5000 2703.5420    9.5824
    0.0000   -7.5000  -22.5000 2741.0239    9.4498
    7.5000   -7.5000  -22.5000 2739.1323    9.4763
   -7.5000    0.0000  -22.5000 2746.4067    9.2862
    0.0000    0.0000  -22.5000 2786.4402    9.1453
    7.5000    0.0000  -22.5000 2783.9929    9.1861
   -7.5000    7.5000  -22.5000 2776.9360    9.1735
    0.0000    7.5000  -22.5000 2821.7461    9.0447
    7.5000    7.5000  -22.5000 2808.6931    9.0860
   -7.5000   15.0000  -22.5000 2779.4275    9.2979
    0.0000   15.0000  -22.5000 2822.9666    9.1855
    7.5000   15.0000  -22.5000 2803.7322    9.2158
   -7.5000   22.5000  -22.5000 2755.3472    9.5856
    0.0000   22.5000  -22.5000 2803.3577    9.4807
    7.5000   22.5000  -22.5000 2784.5474    9.5036
   -7.5000   30.0000  -22.5000 2707.9314   10.0110
    0.0000   30.0000  -22.5000 2751.4373    9.8987
    7.5000   30.0000  -22.5000 2732.9971    9.9162
   -7.5000   37.5000  -22.5000 2630.2708   10.6146
    0.0000   37.5000  -22.5000 2671.0659   10.4749
    7.5000   37.5000  -22.5000 2654.5190   10.5073
   -7.5000   45.0000  -22.5000 2527.3645   11.4308
    0.0000   45.0000  -22.5000 2563.1506   11.2769
    7.5000   45.0000  -22.5000 2548.3003   11.3287
   -7.5000  -45.0000  -15.0000 2180.9622   14.9475
    0.0000  -45.0000  -15.0000 2202.4509   14.7048
    7.5000  -45.0000  -15.0000 2203.7188   14.8139
   -7.5000  -37.5000  -15.0000 2323.8845   13.2473
    0.0000  -37.5000  -15.0000 2352.7827   13.0236
    7.5000  -37.5000  -15.0000 2351.3274   13.1188
   -7.5000  -30.0000  -15.0000 2454.3938   11.8528
    0.0000  -30.0000  -15.0000 2485.4741   11.6667
    7.5000  -30.0000  -15.0000 2482.9163   11.7298
   -7.5000  -22.5000  -15.0000 2571.8413   10.7249
    0.0000  -22.5000  -15.0000 2607.5449   10.5525
    7.5000  -22.5000  -15.0000 2603.3896   10.6005
   -7.5000  -15.0000  -15.0000 2671.0391    9.8539
    0.0000  -15.0000  -15.0000 2710.5349    9.6956
    7.5000  -15.0000  -15.0000 2706.3787    9.7433
   -7.5000   -7.5000  -15.0000 2760.0166    9.2792
    0.0000   -7.5000  -15.0000 2798.8633    9.1185
    7.5000   -7.5000  -15.0000 2796.7549    9.1599
   -7.5000    0.0000  -15.0000 2812.8667    8.9389
    0.0000    0.0000  -15.0000 2857.3860    8.7857
    7.5000    0.0000  -15.0000 2855.0088    8.8422
   -7.5000    7.5000  -15.0000 2854.3735    8.8008
    0.0000    7.5000  -15.0000 2908.1458    8.6458
    7.5000    7.5000  -15.0000 2894.2583    8.7190
   -7.5000   15.0000  -15.0000 2867.5344    8.8910
    0.0000   15.0000  -15.0000 2915.8201    8.7555
    7.5000   15.0000  -15.0000 2897.6045    8.8202
   -7.5000   22.5000  -15.0000 2844.3157    9.1786
    0.0000   22.5000  -15.0000 2894.8901    9.0653
    7.5000   22.5000  -15.0000 2871.5408    9.1029
   -7.5000   30.0000  -15.0000 2784.1453    9.5958
    0.0000   30.0000  -15.0000 2833.1782    9.4738
    7.5000   30.0000  -15.0000 2814.4568    9.5042
   -7.5000   37.5000  -15.0000 2696.8843   10.1990
    0.0000   37.5000  -15.0000 2740.0701   10.0571
    7.5000   37.5000  -15.0000 2724.9124   10.0904
   -7.5000   45.0000  -15.0000 2591.0483   11.0012
    0.0000   45.0000  -15.0000 2626.0703   10.8475
    7.5000   45.0000  -15.0000 2611.1958   10.9068
   -7.5000  -45.0000   -7.5000 2193.5410   14.7694
    0.0000  -45.0000   -7.5000 2219.1321   14.5447
    7.5000  -45.0000   -7.5000 2216.4580   14.6681
   -7.5000  -37.5000   -7.5000 2330.0120   13.0584
    0.0000  -37.5000   -7.5000 2362.3804   12.8211
    7.5000  -37.5000   -7.5000 2360.0112   12.9216
   -7.5000  -30.0000   -7.5000 2458.6135   11.6526
    0.0000  -30.0000   -7.5000 2490.1580   11.4454
    7.5000  -30.0000   -7.5000 2485.8652   11.5185
   -7.5000  -22.5000   -7.5000 2577.2656   10.5178
    0.0000  -22.5000   -7.5000 2612.8613   10.3250
    7.5000  -22.5000   -7.5000 2610.0916   10.3853
   -7.5000  -15.0000   -7.5000 2684.1660    9.6339
    0.0000  -15.0000   -7.5000 2724.4854    9.4540
    7.5000  -15.0000   -7.5000 2720.6729    9.5099
   -7.5000   -7.5000   -7.5000 2784.3340    9.0330
    0.0000   -7.5000   -7.5000 2830.2368    8.8558
    7.5000   -7.5000   -7.5000 2824.1504    8.9122
   -7.5000    0.0000   -7.5000 2858.8406    8.6787
    0.0000    0.0000   -7.5000 2909.0894    8.5107
    7.5000    0.0000   -7.5000 2905.5632    8.5745
   -7.5000    7.5000   -7.5000 2912.9111    8.5472
    0.0000    7.5000   -7.5000 2976.1582    8.3650
    7.5000    7.5000   -7.5000 2962.3652    8.4462
   -7.5000   15.0000   -7.5000 2932.8928    8.6029
    0.0000   15.0000   -7.5000 2992.9424    8.3966
    7.5000   15.0000   -7.5000 2967.6829    8.5130
   -7.5000   22.5000   -7.5000 2904.0745    8.8797
    0.0000   22.5000   -7.5000 2956.8477    8.7123
    7.5000   22.5000   -7.5000 2930.0820    8.7925
   -7.5000   30.0000   -7.5000 2834.3687    9.2897
    0.0000   30.0000   -7.5000 2882.6079    9.1409
    7.5000   30.0000   -7.5000 2863.4558    9.1963
   -7.5000   37.5000   -7.5000 2741.9238    9.8581
    0.0000   37.5000   -7.5000 2786.2839    9.6851
    7.5000   37.5000   -7.5000 2768.6292    9.7484
   -7.5000   45.0000   -7.5000 2624.6580   10.6643
    0.0000   45.0000   -7.5000 2664.5283   10.4925
    7.5000   45.0000   -7.5000 2648.2393   10.5657
   -7.5000  -45.0000    0.0000 2198.0227   14.7888
    0.0000  -45.0000    0.0000 2225.5078   14.5248
    7.5000  -45.0000    0.0000 2221.2419   14.6517
   -7.5000  -37.5000    0.0000 2326.5898   13.0404
    0.0000  -37.5000    0.0000 2359.7131   12.8106
    7.5000  -37.5000    0.0000 2354.2520   12.9017
   -7.5000  -30.0000    0.0000 2448.7832   11.6306
    0.0000  -30.0000    0.0000 2479.9846   11.4093
    7.5000  -30.0000    0.0000 2472.4355   11.4920
   -7.5000  -22.5000    0.0000 2567.9456   10.4714
    0.0000  -22.5000    0.0000 2602.1445   10.2704
    7.5000  -22.5000    0.0000 2595.8503   10.3285
   -7.5000  -15.0000    0.0000 2681.4158    9.5576
    0.0000  -15.0000    0.0000 2719.5518    9.3604
    7.5000  -15.0000    0.0000 2714.9792    9.4286
   -7.5000   -7.5000    0.0000 2789.3730    8.9070
    0.0000   -7.5000    0.0000 2835.6377    8.7106
    7.5000   -7.5000    0.0000 2825.5127    8.8030
   -7.5000    0.0000    0.0000 2878.6836    8.5330
    0.0000    0.0000    0.0000 2930.0610    8.3403
    7.5000    0.0000    0.0000 2922.3103    8.4370
   -7.5000    7.5000    0.0000 2945.4294    8.4513
    0.0000    7.5000    0.0000 3007.3364    8.2488
    7.5000    7.5000    0.0000 2992.7239    8.3397
   -7.5000   15.0000    0.0000 2969.4597    8.5211
    0.0000   15.0000    0.0000 3034.3843    8.3021
    7.5000   15.0000    0.0000 3009.0210    8.4266
   -7.5000   22.5000    0.0000 2936.0669    8.7400
    0.0000   22.5000    0.0000 2995.2075    8.5356
    7.5000   22.5000    0.0000 2966.5303    8.6424
   -7.5000   30.0000    0.0000 2854.9028    9.1257
    0.0000   30.0000    0.0000 2904.5500    8.9398
    7.5000   30.0000    0.0000 2884.1355    9.0272
   -7.5000   37.5000    0.0000 2758.0154    9.6861
    0.0000   37.5000    0.0000 2798.6736    9.5205
    7.5000   37.5000    0.0000 2781.9836    9.5811
   -7.5000   45.0000    0.0000 2637.5776   10.5016
    0.0000   45.0000    0.0000 2675.1172   10.3438
    7.5000   45.0000    0.0000 2658.7227   10.3984
   -7.5000  -45.0000    7.5000 2190.7175   14.9699
    0.0000  -45.0000    7.5000 2220.1023   14.7300
    7.5000  -45.0000    7.5000 2212.7402   14.8760
   -7.5000  -37.5000    7.5000 2316.7949   13.1618
    0.0000  -37.5000    7.5000 2349.8330   12.9363
    7.5000  -37.5000    7.5000 2338.8989   13.0533
   -7.5000  -30.0000    7.5000 2436.8835   11.7101
    0.0000  -30.0000    7.5000 2467.2634   11.4651
    7.5000  -30.0000    7.5000 2458.1243   11.5944
   -7.5000  -22.5000    7.5000 2551.0061   10.5582
    0.0000  -22.5000    7.5000 2580.5791   10.3124
    7.5000  -22.5000    7.5000 2576.0901   10.4323
   -7.5000  -15.0000    7.5000 2664.6243    9.6533
    0.0000  -15.0000    7.5000 2697.1313    9.4177
    7.5000  -15.0000    7.5000 2692.8557    9.5371
   -7.5000   -7.5000    7.5000 2769.0271    8.9987
    0.0000   -7.5000    7.5000 2810.2019    8.7750
    7.5000   -7.5000    7.5000 2803.9795    8.9000
   -7.5000    0.0000    7.5000 2864.5627    8.6105
    0.0000    0.0000    7.5000 2911.8950    8.3899
    7.5000    0.0000    7.5000 2901.8882    8.5047
   -7.5000    7.5000    7.5000 2944.0327    8.4859
    0.0000    7.5000    7.5000 2999.0674    8.2916
    7.5000    7.5000    7.5000 2975.2964    8.3847
   -7.5000   15.0000    7.5000 2969.7363    8.5299
    0.0000   15.0000    7.5000 3026.9783    8.3471
    7.5000   15.0000    7.5000 2995.0811    8.4547
   -7.5000   22.5000    7.5000 2930.6792    8.7379
    0.0000   22.5000    7.5000 2984.8403    8.5791
    7.5000   22.5000    7.5000 2957.8010    8.6543
   -7.5000   30.0000    7.5000 2849.0742    9.1422
    0.0000   30.0000    7.5000 2893.7529    8.9939
    7.5000   30.0000    7.5000 2874.2632    9.0483
   -7.5000   37.5000    7.5000 2747.0349    9.7118
    0.0000   37.5000    7.5000 2783.6824    9.5564
    7.5000   37.5000    7.5000 2770.6189    9.6099
   -7.5000   45.0000    7.5000 2630.6021   10.5298
    0.0000   45.0000    7.5000 2663.5793   10.3492
    7.5000   45.0000    7.5000 2648.7590   10.3993
   -7.5000  -45.0000   15.0000 2166.9026   15.2791
    0.0000  -45.0000   15.0000 2191.0625   15.0409
    7.5000  -45.0000   15.0000 2185.1309   15.2540
   -7.5000  -37.5000   15.0000 2297.0120   13.4254
    0.0000  -37.5000   15.0000 2323.4697   13.1744
    7.5000  -37.5000   15.0000 2315.2273   13.3571
   -7.5000  -30.0000   15.0000 2412.5044   11.9644
    0.0000  -30.0000   15.0000 2440.1260   11.7116
    7.5000  -30.0000   15.0000 2430.5510   11.8719
   -7.5000  -22.5000   15.0000 2522.4548   10.8090
    0.0000  -22.5000   15.0000 2553.6445   10.5789
    7.5000  -22.5000   15.0000 2542.1294   10.7039
   -7.5000  -15.0000   15.0000 2631.1973    9.9153
    0.0000  -15.0000   15.0000 2660.9829    9.7071
    7.5000  -15.0000   15.0000 2652.2710    9.8229
   -7.5000   -7.5000   15.0000 2733.6167    9.2653
    0.0000   -7.5000   15.0000 2769.2441    9.0545
    7.5000   -7.5000   15.0000 2759.2268    9.1726
   -7.5000    0.0000   15.0000 2827.0825    8.8682
    0.0000    0.0000   15.0000 2868.0361    8.6420
    7.5000    0.0000   15.0000 2857.2610    8.7514
   -7.5000    7.5000   15.0000 2900.2280    8.7014
    0.0000    7.5000   15.0000 2951.0537    8.4885
    7.5000    7.5000   15.0000 2927.6782    8.5859
   -7.5000   15.0000   15.0000 2928.1509    8.6838
    0.0000   15.0000   15.0000 2974.2896    8.4868
    7.5000   15.0000   15.0000 2952.5071    8.5985
   -7.5000   22.5000   15.0000 2894.9702    8.9018
    0.0000   22.5000   15.0000 2938.8635    8.7364
    7.5000   22.5000   15.0000 2919.2534    8.8226
   -7.5000   30.0000   15.0000 2818.8650    9.3376
    0.0000   30.0000   15.0000 2859.0432    9.1834
    7.5000   30.0000   15.0000 2841.1716    9.2490
   -7.5000   37.5000   15.0000 2715.5845    9.9199
    0.0000   37.5000   15.0000 2747.7510    9.7734
    7.5000   37.5000   15.0000 2736.5212    9.8245
   -7.5000   45.0000   15.0000 2601.7869   10.7067
    0.0000   45.0000   15.0000 2629.3108   10.5383
    7.5000   45.0000   15.0000 2616.8088   10.5943
   -7.5000  -45.0000   22.5000 2122.1772   15.8155
    0.0000  -45.0000   22.5000 2139.1279   15.5356
    7.5000  -45.0000   22.5000 2137.8083   15.7975
   -7.5000  -37.5000   22.5000 2257.3440   13.9019
    0.0000  -37.5000   22.5000 2279.1162   13.6705
    7.5000  -37.5000   22.5000 2272.8848   13.8609
   -7.5000  -30.0000   22.5000 2377.2529   12.4000
    0.0000  -30.0000   22.5000 2404.3372   12.2010
    7.5000  -30.0000   22.5000 2391.1626   12.3457
   -7.5000  -22.5000   22.5000 2486.0154   11.2470
    0.0000  -22.5000   22.5000 2514.1165   11.0488
    7.5000  -22.5000   22.5000 2499.4409   11.1556
   -7.5000  -15.0000   22.5000 2589.1040   10.3339
    0.0000  -15.0000   22.5000 2619.2939   10.1352
    7.5000  -15.0000   22.5000 2604.0020   10.2511
   -7.5000   -7.5000   22.5000 2690.9668    9.6742
    0.0000   -7.5000   22.5000 2724.0522    9.4466
    7.5000   -7.5000   22.5000 2711.0242    9.5756
   -7.5000    0.0000   22.5000 2776.5837    9.2780
    0.0000    0.0000   22.5000 2812.9380    9.0429
    7.5000    0.0000   22.5000 2800.3633    9.1442
   -7.5000    7.5000   22.5000 2835.4465    9.0692
    0.0000    7.5000   22.5000 2876.0276    8.8453
    7.5000    7.5000   22.5000 2857.0750    8.9490
   -7.5000   15.0000   22.5000 2856.4287    9.0402
    0.0000   15.0000   22.5000 2889.4165    8.8418
    7.5000   15.0000   22.5000 2879.0686    8.9383
   -7.5000   22.5000   22.5000 2829.4009    9.2679
    0.0000   22.5000   22.5000 2864.5691    9.0870
    7.5000   22.5000   22.5000 2852.2903    9.1686
   -7.5000   30.0000   22.5000 2765.1057    9.6645
    0.0000   30.0000   22.5000 2796.3984    9.5189
    7.5000   30.0000   22.5000 2782.8499    9.5879
   -7.5000   37.5000   22.5000 2667.8884   10.2583
    0.0000   37.5000   22.5000 2697.8359   10.1003
    7.5000   37.5000   22.5000 2686.1418   10.1620
   -7.5000   45.0000   22.5000 2556.2664   11.0275
    0.0000   45.0000   22.5000 2584.2314   10.8609
    7.5000   45.0000   22.5000 2569.9106   10.9181
   -7.5000  -45.0000   30.0000 2064.0552   16.6127
    0.0000  -45.0000   30.0000 2075.3123   16.3497
    7.5000  -45.0000   30.0000 2076.6541   16.5902
   -7.5000  -37.5000   30.0000 2205.1235   14.5897
    0.0000  -37.5000   30.0000 2226.1421   14.3725
    7.5000  -37.5000   30.0000 2217.6587   14.5630
   -7.5000  -30.0000   30.0000 2326.7188   13.0506
    0.0000  -30.0000   30.0000 2352.8108   12.8496
    7.5000  -30.0000   30.0000 2338.7100   12.9767
   -7.5000  -22.5000   30.0000 2434.9851   11.8480
    0.0000  -22.5000   30.0000 2462.7683   11.6430
    7.5000  -22.5000   30.0000 2448.0261   11.7470
   -7.5000  -15.0000   30.0000 2537.5120   10.8936
    0.0000  -15.0000   30.0000 2569.1448   10.6962
    7.5000  -15.0000   30.0000 2550.8369   10.8028
   -7.5000   -7.5000   30.0000 2636.1245   10.2153
    0.0000   -7.5000   30.0000 2669.5100   10.0021
    7.5000   -7.5000   30.0000 2650.8442   10.1041
   -7.5000    0.0000   30.0000 2713.9922    9.8089
    0.0000    0.0000   30.0000 2750.3027    9.5865
    7.5000    0.0000   30.0000 2728.5723    9.6766
   -7.5000    7.5000   30.0000 2759.2368    9.5777
    0.0000    7.5000   30.0000 2795.3408    9.3641
    7.5000    7.5000   30.0000 2774.5708    9.4544
   -7.5000   15.0000   30.0000 2770.0771    9.5466
    0.0000   15.0000   30.0000 2798.2017    9.3554
    7.5000   15.0000   30.0000 2788.7710    9.4418
   -7.5000   22.5000   30.0000 2742.5183    9.7602
    0.0000   22.5000   30.0000 2772.6279    9.5709
    7.5000   22.5000   30.0000 2763.6069    9.6421
   -7.5000   30.0000   30.0000 2682.5239   10.1426
    0.0000   30.0000   30.0000 2716.1018    9.9763
    7.5000   30.0000   30.0000 2702.6331   10.0479
   -7.5000   37.5000   30.0000 2601.0322   10.7269
    0.0000   37.5000   30.0000 2630.5557   10.5602
    7.5000   37.5000   30.0000 2616.7344   10.6196
   -7.5000   45.0000   30.0000 2496.6763   11.4689
    0.0000   45.0000   30.0000 2523.8926   11.3165
    7.5000   45.0000   30.0000 2514.0439   11.3722
   -7.5000  -45.0000   37.5000 2005.0028   17.5886
    0.0000  -45.0000   37.5000 2017.0028   17.3605
    7.5000  -45.0000   37.5000 2015.4320   17.5793
   -7.5000  -37.5000   37.5000 2149.1941   15.4775
    0.0000  -37.5000   37.5000 2167.0962   15.2882
    7.5000  -37.5000   37.5000 2157.0696   15.4456
   -7.5000  -30.0000   37.5000 2266.0220   13.8735
    0.0000  -30.0000   37.5000 2293.0610   13.6954
    7.5000  -30.0000   37.5000 2279.1174   13.8040
   -7.5000  -22.5000   37.5000 2374.9861   12.6039
    0.0000  -22.5000   37.5000 2403.0801   12.4399
    7.5000  -22.5000   37.5000 2386.0657   12.5136
   -7.5000  -15.0000   37.5000 2474.5647   11.6215
    0.0000  -15.0000   37.5000 2503.9182   11.4455
    7.5000  -15.0000   37.5000 2486.0032   11.5283
   -7.5000   -7.5000   37.5000 2566.7683   10.9113
    0.0000   -7.5000   37.5000 2599.0225   10.7262
    7.5000   -7.5000   37.5000 2578.8970   10.8022
   -7.5000    0.0000   37.5000 2636.8237   10.4754
    0.0000    0.0000   37.5000 2670.8318   10.2743
    7.5000    0.0000   37.5000 2647.8313   10.3479
   -7.5000    7.5000   37.5000 2676.0532   10.2205
    0.0000    7.5000   37.5000 2707.3809   10.0291
    7.5000    7.5000   37.5000 2685.4348   10.0865
   -7.5000   15.0000   37.5000 2676.8613   10.1919
    0.0000   15.0000   37.5000 2706.0544   10.0120
    7.5000   15.0000   37.5000 2694.3779   10.0666
   -7.5000   22.5000   37.5000 2649.2449   10.3782
    0.0000   22.5000   37.5000 2675.8086   10.2012
    7.5000   22.5000   37.5000 2665.9268   10.2503
   -7.5000   30.0000   37.5000 2595.7571   10.7384
    0.0000   30.0000   37.5000 2627.1201   10.5799
    7.5000   30.0000   37.5000 2612.2468   10.6304
   -7.5000   37.5000   37.5000 2526.4939   11.2983
    0.0000   37.5000   37.5000 2555.8364   11.1334
    7.5000   37.5000   37.5000 2541.2332   11.1874
   -7.5000   45.0000   37.5000 2430.5525   12.0319
    0.0000   45.0000   37.5000 2455.6487   11.8844
    7.5000   45.0000   37.5000 2446.0466   11.9440
   -7.5000  -45.0000   45.0000 1938.9675   18.8399
    0.0000  -45.0000   45.0000 1950.6921   18.6202
    7.5000  -45.0000   45.0000 1945.4718   18.7949
   -7.5000  -37.5000   45.0000 2081.8071   16.5907
    0.0000  -37.5000   45.0000 2099.5981   16.4119
    7.5000  -37.5000   45.0000 2088.8501   16.5534
   -7.5000  -30.0000   45.0000 2196.1052   14.8993
    0.0000  -30.0000   45.0000 2223.3528   14.7413
    7.5000  -30.0000   45.0000 2210.3755   14.8342
   -7.5000  -22.5000   45.0000 2304.8801   13.5483
    0.0000  -22.5000   45.0000 2328.8652   13.4038
    7.5000  -22.5000   45.0000 2312.1572   13.4533
   -7.5000  -15.0000   45.0000 2401.5510   12.5326
    0.0000  -15.0000   45.0000 2428.5037   12.3788
    7.5000  -15.0000   45.0000 2409.4014   12.4304
   -7.5000   -7.5000   45.0000 2487.9028   11.7831
    0.0000   -7.5000   45.0000 2516.7476   11.6147
    7.5000   -7.5000   45.0000 2497.5461   11.6769
   -7.5000    0.0000   45.0000 2548.6077   11.2984
    0.0000    0.0000   45.0000 2579.3430   11.1183
    7.5000    0.0000   45.0000 2560.2554   11.1871
   -7.5000    7.5000   45.0000 2583.6841   11.0168
    0.0000    7.5000   45.0000 2610.4709   10.8461
    7.5000    7.5000   45.0000 2593.4468   10.8942
   -7.5000   15.0000   45.0000 2580.6438   10.9696
    0.0000   15.0000   45.0000 2607.6245   10.8028
    7.5000   15.0000   45.0000 2597.3433   10.8614
   -7.5000   22.5000   45.0000 2555.3774   11.1149
    0.0000   22.5000   45.0000 2576.6826   10.9526
    7.5000   22.5000   45.0000 2571.5593   11.0175
   -7.5000   30.0000   45.0000 2507.2288   11.4732
    0.0000   30.0000   45.0000 2533.1289   11.3227
    7.5000   30.0000   45.0000 2521.0835   11.3755
   -7.5000   37.5000   45.0000 2442.9695   12.0016
    0.0000   37.5000   45.0000 2470.0591   11.8585
    7.5000   37.5000   45.0000 2458.6318   11.9173
   -7.5000   45.0000   45.0000 2360.4888   12.7499
    0.0000   45.0000   45.0000 2383.0312   12.5934
    7.5000   45.0000   45.0000 2370.8801   12.6452

---------------------------------------------------------------------
imgreg_4dfp /opt/freesurfer/average/711-2C_as_mni_average_305 /opt/freesurfer/average/711-2B_as_mni_average_305_mask talsrcimg_g11 none talsrcimg_to_711-2C_as_mni_average_305_t4 1283
---------------------------------------------------------------------

freesurfer imgreg_4dfp.c
/opt/freesurfer/average/711-2C_as_mni_average_305.4dfp.img
       256       256       256         1
  1.000000  1.000000  1.000000
orientation T byte_order littleendian
Reading image: /opt/freesurfer/average/711-2C_as_mni_average_305.4dfp.img
dimensions:      256       256       256
mmppix:       1.0000   -1.0000   -1.0000
center:     128.0000 -129.0000 -129.0000
/opt/freesurfer/average/711-2B_as_mni_average_305_mask.4dfp.img
       256       256       256         1
  1.000000  1.000000  1.000000
orientation T byte_order littleendian
Reading mask: /opt/freesurfer/average/711-2B_as_mni_average_305_mask.4dfp.img (2306576 pixels)
talsrcimg_g11.4dfp.img
       256       256       256         1
  1.000000  1.000000  1.000000
orientation T byte_order littleendian
Reading image: talsrcimg_g11.4dfp.img
dimensions:      256       256       256
mmppix:       1.0000   -1.0000   -1.0000
center:     128.0000 -129.0000 -129.0000
rotation matrix determinant  1.000000
fimgreg.f
image alignment mode   1283 decimal      503 hex
parameters
    0.0000   15.0000    0.0000    0.0000    0.0000    0.0000
eta,q 0.95309  8.30369
niter,ni,del,rscale     5    3   12.0000    1.2000
parameter  4  0.907571 ->  0.500000 qaram    1.1500
parameters
    1.7285   13.8139    2.2828   -3.4500    2.3713   -1.0835
eta,q 0.95764  8.31509
  0.0643  0.0517  0.0583  0.0444  0.0512  0.0452
  0.0571  0.0493  0.0543  0.0441  0.0481  0.0435
  0.0528  0.0473  0.0497  0.0446  0.0460  0.0424
  0.0492  0.0471  0.0468  0.0462  0.0441  0.0426
  0.0472  0.0492  0.0463  0.0486  0.0428  0.0438
  0.0493  0.0527  0.0470  0.0512  0.0430  0.0454
  0.0536  0.0583  0.0489  0.0536  0.0452  0.0477
niter,ni,del,rscale     5    3   12.0000    1.2000
parameters
    0.5007   15.3450    2.5573   -6.5665    3.7278   -3.3178
eta,q 0.96016  8.33228
  0.0490  0.0536  0.0499  0.0424  0.0488  0.0411
  0.0462  0.0483  0.0452  0.0411  0.0459  0.0402
  0.0431  0.0447  0.0422  0.0410  0.0431  0.0398
  0.0424  0.0423  0.0416  0.0417  0.0410  0.0402
  0.0457  0.0417  0.0426  0.0439  0.0402  0.0416
  0.0513  0.0431  0.0447  0.0472  0.0416  0.0435
  0.0586  0.0461  0.0481  0.0509  0.0446  0.0459
niter,ni,del,rscale     4    3   12.0000    1.2000
parameters
   -0.2033   16.7345    1.9663   -7.9367    3.9459   -3.5759
eta,q 0.96162  8.33051
  0.0497  0.0530  0.0445  0.0423  0.0470  0.0421
  0.0447  0.0461  0.0405  0.0384  0.0430  0.0399
  0.0406  0.0419  0.0385  0.0383  0.0396  0.0387
  0.0398  0.0396  0.0387  0.0385  0.0384  0.0384
  0.0433  0.0387  0.0402  0.0398  0.0394  0.0389
  0.0485  0.0404  0.0427  0.0426  0.0420  0.0404
  0.0551  0.0444  0.0468  0.0462  0.0460  0.0428
niter,ni,del,rscale     3    3   12.0000    1.2000
parameters
   -0.0973   17.2810    1.7954   -8.2239    3.9093   -3.5995
eta,q 0.96188  8.33881
  0.0531  0.0505  0.0453  0.0444  0.0463  0.0424
  0.0466  0.0437  0.0407  0.0390  0.0421  0.0400
  0.0412  0.0398  0.0385  0.0379  0.0390  0.0386
  0.0384  0.0384  0.0382  0.0382  0.0381  0.0381
  0.0405  0.0385  0.0394  0.0389  0.0394  0.0385
  0.0459  0.0414  0.0417  0.0411  0.0422  0.0400
  0.0523  0.0466  0.0457  0.0443  0.0464  0.0424
niter,ni,del,rscale     2    3   12.0000    1.2000
parameters
   -0.0389   17.4107    1.7533   -8.3303    3.8766   -3.6039
eta,q 0.96194  8.34184
  0.0530  0.0491  0.0456  0.0447  0.0463  0.0424
  0.0465  0.0425  0.0409  0.0393  0.0421  0.0400
  0.0410  0.0392  0.0385  0.0378  0.0389  0.0385
  0.0381  0.0381  0.0381  0.0381  0.0381  0.0381
  0.0403  0.0388  0.0391  0.0387  0.0394  0.0384
  0.0460  0.0424  0.0414  0.0409  0.0422  0.0400
  0.0527  0.0479  0.0454  0.0440  0.0464  0.0424
niter,ni,del,rscale     1    3   12.0000    1.2000
parameters
   -0.0197   17.4577    1.7361   -8.3719    3.8639   -3.6055
eta,q 0.96196  8.34294
  0.0529  0.0488  0.0457  0.0449  0.0463  0.0424
  0.0464  0.0422  0.0409  0.0394  0.0421  0.0400
  0.0409  0.0391  0.0385  0.0377  0.0389  0.0385
  0.0381  0.0381  0.0380  0.0380  0.0380  0.0380
  0.0403  0.0388  0.0391  0.0387  0.0393  0.0384
  0.0461  0.0426  0.0413  0.0408  0.0421  0.0400
  0.0529  0.0482  0.0454  0.0438  0.0463  0.0425
registration optimization eta report
parameter search radius
    6.0000    6.0000    6.0000    6.9000    6.0000    6.0000
100000*second partial in parameter space
       40.       30.       21.       14.       23.       12.
  0.0529  0.0488  0.0457  0.0449  0.0463  0.0424
  0.0464  0.0422  0.0409  0.0394  0.0421  0.0400
  0.0409  0.0391  0.0385  0.0377  0.0389  0.0385
  0.0381  0.0381  0.0380  0.0380  0.0380  0.0380
  0.0403  0.0388  0.0391  0.0387  0.0393  0.0384
  0.0461  0.0426  0.0413  0.0408  0.0421  0.0400
  0.0529  0.0482  0.0454  0.0438  0.0463  0.0425
   -0.0197   17.4577    1.7361   -8.3719    3.8639   -3.6055
eta,q 0.96196  8.34294

---------------------------------------------------------------------
imgreg_4dfp /opt/freesurfer/average/711-2C_as_mni_average_305 /opt/freesurfer/average/711-2B_as_mni_average_305_mask talsrcimg_g11 none talsrcimg_to_711-2C_as_mni_average_305_t4 3335
---------------------------------------------------------------------

freesurfer imgreg_4dfp.c
/opt/freesurfer/average/711-2C_as_mni_average_305.4dfp.img
       256       256       256         1
  1.000000  1.000000  1.000000
orientation T byte_order littleendian
Reading image: /opt/freesurfer/average/711-2C_as_mni_average_305.4dfp.img
dimensions:      256       256       256
mmppix:       1.0000   -1.0000   -1.0000
center:     128.0000 -129.0000 -129.0000
/opt/freesurfer/average/711-2B_as_mni_average_305_mask.4dfp.img
       256       256       256         1
  1.000000  1.000000  1.000000
orientation T byte_order littleendian
Reading mask: /opt/freesurfer/average/711-2B_as_mni_average_305_mask.4dfp.img (2306576 pixels)
talsrcimg_g11.4dfp.img
       256       256       256         1
  1.000000  1.000000  1.000000
orientation T byte_order littleendian
Reading image: talsrcimg_g11.4dfp.img
dimensions:      256       256       256
mmppix:       1.0000   -1.0000   -1.0000
center:     128.0000 -129.0000 -129.0000
fimgreg.f
image alignment mode   3335 decimal      D07 hex
parameters
   -0.0197   17.4577    1.7361   -0.4248   -1.3231   -1.2905
    7.2009   -5.7380   -6.2744   14.9503    6.7387  -14.5267
eta,q 0.96340  8.32514
niter,ni,del,rscale     5    3    5.0000    1.2000
parameter  4  1.799477 ->  0.500000 qaram    1.1500
parameter  5  1.564408 ->  0.500000 qaram    1.1500
parameter  6  0.563184 ->  0.500000 qaram    1.1500
parameters
   -0.0150   17.7222    1.4402   -4.5648   -5.4631   -5.4305
    5.6713   -4.0281   -4.3401   12.8159    3.8118  -13.2147
eta,q 0.97246  7.88214
  0.0393  0.0387  0.0378  0.0303  0.0280  0.0285  0.0296  0.0336  0.0302  0.0290  0.0279  0.0288
  0.0379  0.0377  0.0370  0.0317  0.0288  0.0283  0.0287  0.0312  0.0292  0.0281  0.0276  0.0283
  0.0369  0.0370  0.0366  0.0340  0.0301  0.0285  0.0283  0.0294  0.0284  0.0277  0.0276  0.0278
  0.0366  0.0366  0.0366  0.0365  0.0323  0.0291  0.0283  0.0283  0.0280  0.0278  0.0277  0.0276
  0.0369  0.0366  0.0369  0.0398  0.0350  0.0308  0.0289  0.0280  0.0279  0.0286  0.0280  0.0276
  0.0379  0.0371  0.0376  0.0438  0.0379  0.0338  0.0300  0.0287  0.0281  0.0303  0.0285  0.0278
  0.0393  0.0380  0.0386  0.0478  0.0409  0.0374  0.0316  0.0303  0.0287  0.0324  0.0292  0.0282
niter,ni,del,rscale     7    3    5.0000    1.2000
parameter  4  0.722435 ->  0.500000 qaram    1.3225
parameter  5  0.590839 ->  0.500000 qaram    1.3225
parameters
    0.2280   18.0482    1.3615   -9.3258  -10.2241   -7.5503
    5.6112   -3.8694   -4.3073   12.4788    4.0170  -14.7249
eta,q 0.97560  7.48162
  0.0310  0.0301  0.0286  0.0258  0.0250  0.0258  0.0265  0.0277  0.0258  0.0266  0.0253  0.0252
  0.0292  0.0288  0.0280  0.0257  0.0248  0.0249  0.0254  0.0260  0.0251  0.0253  0.0249  0.0247
  0.0281  0.0279  0.0276  0.0260  0.0249  0.0245  0.0247  0.0249  0.0246  0.0246  0.0246  0.0244
  0.0275  0.0275  0.0275  0.0275  0.0257  0.0248  0.0245  0.0245  0.0245  0.0245  0.0245  0.0245
  0.0277  0.0275  0.0276  0.0298  0.0271  0.0254  0.0247  0.0247  0.0246  0.0249  0.0245  0.0248
  0.0284  0.0280  0.0281  0.0325  0.0293  0.0263  0.0255  0.0258  0.0250  0.0257  0.0248  0.0254
  0.0298  0.0290  0.0288  0.0364  0.0323  0.0285  0.0266  0.0275  0.0258  0.0269  0.0252  0.0261
niter,ni,del,rscale     7    3    5.0000    1.2000
parameters
    0.4694   18.5983    1.4517  -11.6428  -11.4068   -8.1378
    5.6801   -3.9164   -4.5303   13.1962    3.3605  -15.5389
eta,q 0.97593  7.34453
  0.0278  0.0273  0.0257  0.0261  0.0266  0.0265  0.0262  0.0272  0.0255  0.0269  0.0248  0.0250
  0.0260  0.0259  0.0249  0.0249  0.0251  0.0251  0.0251  0.0256  0.0247  0.0255  0.0244  0.0244
  0.0249  0.0249  0.0244  0.0242  0.0243  0.0243  0.0244  0.0244  0.0242  0.0245  0.0242  0.0241
  0.0244  0.0244  0.0243  0.0243  0.0242  0.0241  0.0241  0.0241  0.0241  0.0241  0.0241  0.0241
  0.0245  0.0243  0.0244  0.0251  0.0247  0.0248  0.0243  0.0245  0.0243  0.0243  0.0242  0.0243
  0.0253  0.0247  0.0248  0.0272  0.0261  0.0258  0.0250  0.0256  0.0248  0.0249  0.0246  0.0248
  0.0266  0.0255  0.0255  0.0299  0.0282  0.0269  0.0261  0.0272  0.0257  0.0259  0.0251  0.0255
niter,ni,del,rscale     6    3    5.0000    1.2000
parameters
    0.4540   18.8582    1.3504  -11.9679  -11.7317   -8.2784
    5.7674   -3.9806   -4.3618   13.8080    3.2947  -15.9615
eta,q 0.97596  7.32399
  0.0268  0.0265  0.0253  0.0270  0.0269  0.0266  0.0261  0.0271  0.0256  0.0267  0.0248  0.0250
  0.0253  0.0253  0.0246  0.0255  0.0254  0.0252  0.0250  0.0255  0.0248  0.0253  0.0244  0.0245
  0.0244  0.0245  0.0241  0.0245  0.0243  0.0243  0.0243  0.0244  0.0242  0.0244  0.0241  0.0241
  0.0241  0.0241  0.0240  0.0240  0.0240  0.0241  0.0240  0.0240  0.0240  0.0240  0.0240  0.0240
  0.0244  0.0241  0.0243  0.0243  0.0244  0.0246  0.0243  0.0245  0.0242  0.0242  0.0241  0.0242
  0.0254  0.0247  0.0247  0.0255  0.0256  0.0256  0.0250  0.0256  0.0247  0.0249  0.0244  0.0247
  0.0269  0.0257  0.0255  0.0278  0.0274  0.0265  0.0260  0.0272  0.0255  0.0259  0.0249  0.0253
niter,ni,del,rscale     5    3    5.0000    1.2000
parameters
    0.4219   19.0013    1.2220  -12.0415  -11.9600   -8.3651
    5.8054   -4.0506   -4.2291   14.2196    3.2604  -16.2260
eta,q 0.97598  7.31503
  0.0267  0.0263  0.0252  0.0271  0.0270  0.0266  0.0261  0.0271  0.0256  0.0265  0.0248  0.0251
  0.0253  0.0251  0.0245  0.0256  0.0254  0.0252  0.0250  0.0254  0.0247  0.0252  0.0244  0.0245
  0.0243  0.0243  0.0241  0.0245  0.0243  0.0243  0.0243  0.0244  0.0242  0.0243  0.0241  0.0241
  0.0240  0.0240  0.0240  0.0240  0.0240  0.0240  0.0240  0.0240  0.0240  0.0240  0.0240  0.0240
  0.0244  0.0242  0.0242  0.0242  0.0244  0.0246  0.0243  0.0244  0.0242  0.0243  0.0241  0.0242
  0.0253  0.0248  0.0247  0.0252  0.0255  0.0256  0.0250  0.0255  0.0246  0.0250  0.0244  0.0246
  0.0269  0.0258  0.0255  0.0275  0.0273  0.0264  0.0260  0.0271  0.0255  0.0259  0.0248  0.0252
niter,ni,del,rscale     4    3    5.0000    1.2000
parameters
    0.3999   19.1049    1.1196  -12.0840  -12.1282   -8.4631
    5.8336   -4.1045   -4.1428   14.5219    3.2503  -16.4115
eta,q 0.97599  7.30760
  0.0267  0.0262  0.0252  0.0271  0.0270  0.0266  0.0260  0.0270  0.0255  0.0264  0.0248  0.0251
  0.0253  0.0250  0.0245  0.0256  0.0254  0.0252  0.0250  0.0254  0.0247  0.0251  0.0244  0.0245
  0.0243  0.0243  0.0241  0.0245  0.0243  0.0243  0.0243  0.0244  0.0242  0.0243  0.0241  0.0241
  0.0240  0.0240  0.0240  0.0240  0.0240  0.0240  0.0240  0.0240  0.0240  0.0240  0.0240  0.0240
  0.0243  0.0242  0.0242  0.0242  0.0244  0.0246  0.0242  0.0244  0.0242  0.0243  0.0241  0.0242
  0.0253  0.0248  0.0247  0.0252  0.0255  0.0255  0.0250  0.0255  0.0247  0.0250  0.0244  0.0246
  0.0268  0.0258  0.0254  0.0275  0.0272  0.0264  0.0260  0.0271  0.0255  0.0260  0.0248  0.0252
niter,ni,del,rscale     3    3    5.0000    1.2000
parameters
    0.3815   19.1855    1.0355  -12.1212  -12.2610   -8.5615
    5.8614   -4.1481   -4.0729   14.7559    3.2286  -16.5441
eta,q 0.97599  7.30063
  0.0267  0.0261  0.0252  0.0270  0.0270  0.0266  0.0260  0.0270  0.0255  0.0264  0.0248  0.0251
  0.0252  0.0250  0.0245  0.0255  0.0254  0.0252  0.0250  0.0254  0.0247  0.0250  0.0244  0.0245
  0.0243  0.0243  0.0241  0.0245  0.0244  0.0243  0.0243  0.0244  0.0242  0.0243  0.0241  0.0241
  0.0240  0.0240  0.0240  0.0240  0.0240  0.0240  0.0240  0.0240  0.0240  0.0240  0.0240  0.0240
  0.0243  0.0242  0.0242  0.0242  0.0244  0.0246  0.0242  0.0244  0.0242  0.0243  0.0241  0.0241
  0.0253  0.0248  0.0247  0.0252  0.0254  0.0255  0.0249  0.0255  0.0247  0.0250  0.0244  0.0246
  0.0268  0.0259  0.0254  0.0275  0.0272  0.0264  0.0260  0.0271  0.0254  0.0260  0.0248  0.0252
niter,ni,del,rscale     2    3    5.0000    1.2000
parameters
    0.3693   19.2535    0.9622  -12.1589  -12.3743   -8.6622
    5.8839   -4.1773   -4.0179   14.9461    3.2091  -16.6521
eta,q 0.97599  7.29375
  0.0267  0.0261  0.0252  0.0270  0.0269  0.0266  0.0260  0.0270  0.0255  0.0263  0.0248  0.0251
  0.0253  0.0250  0.0245  0.0255  0.0254  0.0251  0.0250  0.0254  0.0247  0.0250  0.0244  0.0245
  0.0243  0.0243  0.0241  0.0245  0.0244  0.0242  0.0243  0.0244  0.0242  0.0242  0.0241  0.0241
  0.0240  0.0240  0.0240  0.0240  0.0240  0.0240  0.0240  0.0240  0.0240  0.0240  0.0240  0.0240
  0.0243  0.0242  0.0242  0.0242  0.0243  0.0246  0.0242  0.0244  0.0242  0.0243  0.0241  0.0241
  0.0253  0.0248  0.0247  0.0252  0.0254  0.0255  0.0249  0.0255  0.0247  0.0250  0.0244  0.0245
  0.0268  0.0259  0.0254  0.0274  0.0271  0.0264  0.0260  0.0271  0.0254  0.0260  0.0248  0.0252
niter,ni,del,rscale     1    3    5.0000    1.2000
parameters
    0.3592   19.3122    0.8963  -12.1909  -12.4704   -8.7591
    5.9049   -4.2028   -3.9768   15.1106    3.1686  -16.7378
eta,q 0.97599  7.28758
  0.0267  0.0261  0.0252  0.0270  0.0269  0.0266  0.0260  0.0270  0.0255  0.0263  0.0248  0.0251
  0.0253  0.0250  0.0245  0.0255  0.0254  0.0251  0.0250  0.0254  0.0247  0.0250  0.0244  0.0245
  0.0243  0.0243  0.0241  0.0245  0.0244  0.0242  0.0242  0.0244  0.0242  0.0242  0.0241  0.0241
  0.0240  0.0240  0.0240  0.0240  0.0240  0.0240  0.0240  0.0240  0.0240  0.0240  0.0240  0.0240
  0.0243  0.0242  0.0242  0.0242  0.0243  0.0246  0.0242  0.0244  0.0242  0.0243  0.0241  0.0241
  0.0253  0.0248  0.0246  0.0252  0.0254  0.0255  0.0249  0.0255  0.0247  0.0250  0.0244  0.0245
  0.0267  0.0259  0.0253  0.0274  0.0271  0.0264  0.0260  0.0271  0.0254  0.0259  0.0248  0.0252
registration optimization eta report
parameter search radius
    2.4000    2.4000    2.4000    9.5220    9.5220    8.2800
    7.2000    7.2000    7.2000    7.2000    7.2000    7.2000
100000*second partial in parameter space
       47.       34.       22.        4.        3.        3.
        4.        6.        3.        4.        1.        2.
  0.0267  0.0261  0.0252  0.0270  0.0269  0.0266  0.0260  0.0270  0.0255  0.0263  0.0248  0.0251
  0.0253  0.0250  0.0245  0.0255  0.0254  0.0251  0.0250  0.0254  0.0247  0.0250  0.0244  0.0245
  0.0243  0.0243  0.0241  0.0245  0.0244  0.0242  0.0242  0.0244  0.0242  0.0242  0.0241  0.0241
  0.0240  0.0240  0.0240  0.0240  0.0240  0.0240  0.0240  0.0240  0.0240  0.0240  0.0240  0.0240
  0.0243  0.0242  0.0242  0.0242  0.0243  0.0246  0.0242  0.0244  0.0242  0.0243  0.0241  0.0241
  0.0253  0.0248  0.0246  0.0252  0.0254  0.0255  0.0249  0.0255  0.0247  0.0250  0.0244  0.0245
  0.0267  0.0259  0.0253  0.0274  0.0271  0.0264  0.0260  0.0271  0.0254  0.0259  0.0248  0.0252
    0.3592   19.3122    0.8963  -12.1909  -12.4704   -8.7591
    5.9049   -4.2028   -3.9768   15.1106    3.1686  -16.7378
eta,q 0.97599  7.28758

---------------------------------------------------------------------
imgreg_4dfp /opt/freesurfer/average/711-2C_as_mni_average_305 /opt/freesurfer/average/711-2B_as_mni_average_305_mask talsrcimg_g11 none talsrcimg_to_711-2C_as_mni_average_305_t4 2311
---------------------------------------------------------------------

freesurfer imgreg_4dfp.c
/opt/freesurfer/average/711-2C_as_mni_average_305.4dfp.img
       256       256       256         1
  1.000000  1.000000  1.000000
orientation T byte_order littleendian
Reading image: /opt/freesurfer/average/711-2C_as_mni_average_305.4dfp.img
dimensions:      256       256       256
mmppix:       1.0000   -1.0000   -1.0000
center:     128.0000 -129.0000 -129.0000
/opt/freesurfer/average/711-2B_as_mni_average_305_mask.4dfp.img
       256       256       256         1
  1.000000  1.000000  1.000000
orientation T byte_order littleendian
Reading mask: /opt/freesurfer/average/711-2B_as_mni_average_305_mask.4dfp.img (2306576 pixels)
talsrcimg_g11.4dfp.img
       256       256       256         1
  1.000000  1.000000  1.000000
orientation T byte_order littleendian
Reading image: talsrcimg_g11.4dfp.img
dimensions:      256       256       256
mmppix:       1.0000   -1.0000   -1.0000
center:     128.0000 -129.0000 -129.0000
fimgreg.f
image alignment mode   2311 decimal      907 hex
parameters
    0.3592   19.3122    0.8963  -12.1909  -12.4704   -8.7591
    5.9049   -4.2028   -3.9768   15.1106    3.1686  -16.7378
eta,q 0.97599  7.28757
niter,ni,del,rscale     5    3    5.0000    0.8000
parameters
    0.3662   19.3644    0.8048  -11.4990  -12.4018   -9.2218
    5.8743   -4.2104   -3.8786   14.9388    3.1716  -16.5535
eta,q 0.97602  7.29932
  0.0253  0.0250  0.0245  0.0249  0.0248  0.0249  0.0249  0.0254  0.0247  0.0249  0.0243  0.0245
  0.0246  0.0244  0.0242  0.0245  0.0244  0.0243  0.0244  0.0246  0.0243  0.0244  0.0241  0.0242
  0.0242  0.0241  0.0240  0.0242  0.0241  0.0240  0.0241  0.0241  0.0241  0.0241  0.0240  0.0241
  0.0240  0.0240  0.0240  0.0240  0.0240  0.0240  0.0240  0.0240  0.0240  0.0240  0.0240  0.0240
  0.0241  0.0241  0.0241  0.0240  0.0241  0.0242  0.0241  0.0241  0.0240  0.0241  0.0240  0.0240
  0.0246  0.0244  0.0243  0.0242  0.0243  0.0247  0.0244  0.0246  0.0243  0.0245  0.0241  0.0242
  0.0252  0.0248  0.0246  0.0245  0.0248  0.0252  0.0249  0.0254  0.0246  0.0250  0.0243  0.0245
niter,ni,del,rscale     4    3    5.0000    0.7000
parameters
    0.3844   19.3670    0.6658  -11.5036  -12.3100   -9.4690
    5.8644   -4.2156   -3.8435   14.9465    3.1298  -16.5542
eta,q 0.97603  7.29348
  0.0249  0.0247  0.0243  0.0246  0.0246  0.0247  0.0247  0.0251  0.0245  0.0247  0.0242  0.0244
  0.0244  0.0243  0.0241  0.0242  0.0243  0.0243  0.0243  0.0245  0.0242  0.0243  0.0241  0.0241
  0.0241  0.0241  0.0240  0.0240  0.0241  0.0240  0.0241  0.0241  0.0240  0.0240  0.0240  0.0240
  0.0240  0.0240  0.0240  0.0240  0.0240  0.0240  0.0240  0.0240  0.0240  0.0240  0.0240  0.0240
  0.0241  0.0240  0.0241  0.0241  0.0240  0.0241  0.0241  0.0241  0.0240  0.0241  0.0240  0.0240
  0.0244  0.0243  0.0242  0.0242  0.0242  0.0244  0.0243  0.0245  0.0242  0.0243  0.0241  0.0241
  0.0249  0.0247  0.0245  0.0245  0.0246  0.0249  0.0247  0.0251  0.0245  0.0247  0.0243  0.0244
niter,ni,del,rscale     3    3    5.0000    0.6000
parameters
    0.3894   19.3951    0.5858  -11.5157  -12.3011   -9.5947
    5.8657   -4.2237   -3.8023   15.0271    3.1029  -16.5897
eta,q 0.97603  7.28965
  0.0247  0.0245  0.0243  0.0244  0.0244  0.0246  0.0245  0.0248  0.0244  0.0245  0.0242  0.0243
  0.0243  0.0242  0.0241  0.0242  0.0242  0.0242  0.0242  0.0243  0.0241  0.0242  0.0241  0.0241
  0.0241  0.0240  0.0240  0.0240  0.0240  0.0240  0.0240  0.0241  0.0240  0.0240  0.0240  0.0240
  0.0240  0.0240  0.0240  0.0240  0.0240  0.0240  0.0240  0.0240  0.0240  0.0240  0.0240  0.0240
  0.0240  0.0240  0.0240  0.0240  0.0240  0.0241  0.0240  0.0241  0.0240  0.0240  0.0240  0.0240
  0.0243  0.0242  0.0241  0.0242  0.0242  0.0243  0.0242  0.0243  0.0241  0.0242  0.0241  0.0241
  0.0247  0.0244  0.0243  0.0244  0.0244  0.0247  0.0245  0.0248  0.0243  0.0245  0.0242  0.0243
niter,ni,del,rscale     2    3    5.0000    0.5000
parameters
    0.3875   19.4341    0.5252  -11.5643  -12.3309   -9.6760
    5.8704   -4.2309   -3.7649   15.1292    3.1132  -16.6298
eta,q 0.97603  7.28499
  0.0245  0.0243  0.0242  0.0243  0.0243  0.0244  0.0243  0.0245  0.0242  0.0244  0.0241  0.0242
  0.0242  0.0241  0.0240  0.0241  0.0241  0.0242  0.0241  0.0242  0.0241  0.0241  0.0240  0.0241
  0.0240  0.0240  0.0240  0.0240  0.0240  0.0240  0.0240  0.0240  0.0240  0.0240  0.0240  0.0240
  0.0240  0.0240  0.0240  0.0240  0.0240  0.0240  0.0240  0.0240  0.0240  0.0240  0.0240  0.0240
  0.0240  0.0240  0.0240  0.0240  0.0240  0.0240  0.0240  0.0240  0.0240  0.0240  0.0240  0.0240
  0.0242  0.0241  0.0241  0.0241  0.0241  0.0242  0.0241  0.0242  0.0241  0.0241  0.0240  0.0241
  0.0245  0.0243  0.0242  0.0243  0.0243  0.0245  0.0243  0.0245  0.0242  0.0243  0.0241  0.0242
niter,ni,del,rscale     1    3    5.0000    0.4000
parameters
    0.3906   19.4654    0.4800  -11.6145  -12.3481   -9.7307
    5.8937   -4.2533   -3.7504   15.2125    3.1479  -16.6624
eta,q 0.97604  7.28163
  0.0243  0.0242  0.0241  0.0242  0.0242  0.0243  0.0242  0.0243  0.0241  0.0242  0.0241  0.0241
  0.0241  0.0241  0.0240  0.0240  0.0240  0.0241  0.0241  0.0241  0.0240  0.0241  0.0240  0.0240
  0.0240  0.0240  0.0240  0.0240  0.0240  0.0240  0.0240  0.0240  0.0240  0.0240  0.0240  0.0240
  0.0240  0.0240  0.0240  0.0240  0.0240  0.0240  0.0240  0.0240  0.0240  0.0240  0.0240  0.0240
  0.0240  0.0240  0.0240  0.0240  0.0240  0.0240  0.0240  0.0240  0.0240  0.0240  0.0240  0.0240
  0.0241  0.0240  0.0240  0.0241  0.0240  0.0241  0.0241  0.0241  0.0240  0.0241  0.0240  0.0240
  0.0243  0.0242  0.0241  0.0242  0.0242  0.0243  0.0242  0.0243  0.0241  0.0242  0.0241  0.0241
registration optimization eta report
parameter search radius
    0.8000    0.8000    0.8000    2.4000    2.4000    2.4000
    2.4000    2.4000    2.4000    2.4000    2.4000    2.4000
100000*second partial in parameter space
       49.       35.       22.        3.        3.        5.
        4.        6.        3.        4.        2.        2.
  0.0243  0.0242  0.0241  0.0242  0.0242  0.0243  0.0242  0.0243  0.0241  0.0242  0.0241  0.0241
  0.0241  0.0241  0.0240  0.0240  0.0240  0.0241  0.0241  0.0241  0.0240  0.0241  0.0240  0.0240
  0.0240  0.0240  0.0240  0.0240  0.0240  0.0240  0.0240  0.0240  0.0240  0.0240  0.0240  0.0240
  0.0240  0.0240  0.0240  0.0240  0.0240  0.0240  0.0240  0.0240  0.0240  0.0240  0.0240  0.0240
  0.0240  0.0240  0.0240  0.0240  0.0240  0.0240  0.0240  0.0240  0.0240  0.0240  0.0240  0.0240
  0.0241  0.0240  0.0240  0.0241  0.0240  0.0241  0.0241  0.0241  0.0240  0.0241  0.0240  0.0240
  0.0243  0.0242  0.0241  0.0242  0.0242  0.0243  0.0242  0.0243  0.0241  0.0242  0.0241  0.0241
    0.3906   19.4654    0.4800  -11.6145  -12.3481   -9.7307
    5.8937   -4.2533   -3.7504   15.2125    3.1479  -16.6624
eta,q 0.97604  7.28163

---------------------------------------------------------------------
imgreg_4dfp /opt/freesurfer/average/711-2C_as_mni_average_305 /opt/freesurfer/average/711-2B_as_mni_average_305_mask talsrcimg_g11 none talsrcimg_to_711-2C_as_mni_average_305_t4 2311
---------------------------------------------------------------------

freesurfer imgreg_4dfp.c
/opt/freesurfer/average/711-2C_as_mni_average_305.4dfp.img
       256       256       256         1
  1.000000  1.000000  1.000000
orientation T byte_order littleendian
Reading image: /opt/freesurfer/average/711-2C_as_mni_average_305.4dfp.img
dimensions:      256       256       256
mmppix:       1.0000   -1.0000   -1.0000
center:     128.0000 -129.0000 -129.0000
/opt/freesurfer/average/711-2B_as_mni_average_305_mask.4dfp.img
       256       256       256         1
  1.000000  1.000000  1.000000
orientation T byte_order littleendian
Reading mask: /opt/freesurfer/average/711-2B_as_mni_average_305_mask.4dfp.img (2306576 pixels)
talsrcimg_g11.4dfp.img
       256       256       256         1
  1.000000  1.000000  1.000000
orientation T byte_order littleendian
Reading image: talsrcimg_g11.4dfp.img
dimensions:      256       256       256
mmppix:       1.0000   -1.0000   -1.0000
center:     128.0000 -129.0000 -129.0000
fimgreg.f
image alignment mode   2311 decimal      907 hex
parameters
    0.3906   19.4654    0.4800  -11.6145  -12.3480   -9.7307
    5.8937   -4.2533   -3.7504   15.2125    3.1479  -16.6624
eta,q 0.97604  7.28163
niter,ni,del,rscale     5    3    5.0000    0.8000
parameters
    0.3738   19.4912    0.4716  -11.5780  -12.4982   -9.7631
    5.8947   -4.2500   -3.7805   15.3817    3.0088  -16.7511
eta,q 0.97603  7.27825
  0.0252  0.0249  0.0245  0.0247  0.0247  0.0251  0.0249  0.0254  0.0246  0.0250  0.0243  0.0245
  0.0245  0.0244  0.0242  0.0243  0.0243  0.0245  0.0244  0.0246  0.0243  0.0244  0.0241  0.0242
  0.0241  0.0241  0.0240  0.0241  0.0240  0.0241  0.0241  0.0241  0.0240  0.0241  0.0240  0.0240
  0.0240  0.0240  0.0240  0.0240  0.0240  0.0240  0.0240  0.0240  0.0240  0.0240  0.0240  0.0240
  0.0241  0.0240  0.0240  0.0241  0.0241  0.0241  0.0241  0.0241  0.0240  0.0241  0.0240  0.0240
  0.0245  0.0243  0.0242  0.0243  0.0243  0.0245  0.0244  0.0246  0.0243  0.0244  0.0241  0.0242
  0.0252  0.0248  0.0245  0.0247  0.0248  0.0251  0.0249  0.0254  0.0246  0.0248  0.0243  0.0245
niter,ni,del,rscale     4    3    5.0000    0.7000
parameters
    0.3808   19.5428    0.4186  -11.5809  -12.5670   -9.8514
    5.9018   -4.2419   -3.7159   15.5017    3.0084  -16.7942
eta,q 0.97604  7.27391
  0.0249  0.0247  0.0244  0.0245  0.0245  0.0248  0.0247  0.0251  0.0245  0.0247  0.0242  0.0243
  0.0244  0.0243  0.0241  0.0242  0.0242  0.0244  0.0243  0.0245  0.0242  0.0243  0.0241  0.0241
  0.0241  0.0241  0.0240  0.0240  0.0240  0.0241  0.0240  0.0241  0.0240  0.0240  0.0240  0.0240
  0.0240  0.0240  0.0240  0.0240  0.0240  0.0240  0.0240  0.0240  0.0240  0.0240  0.0240  0.0240
  0.0241  0.0240  0.0240  0.0241  0.0240  0.0241  0.0240  0.0241  0.0240  0.0240  0.0240  0.0240
  0.0244  0.0242  0.0242  0.0242  0.0242  0.0244  0.0243  0.0245  0.0242  0.0243  0.0241  0.0241
  0.0249  0.0246  0.0244  0.0245  0.0246  0.0249  0.0247  0.0251  0.0245  0.0246  0.0242  0.0244
niter,ni,del,rscale     3    3    5.0000    0.6000
parameters
    0.3828   19.5873    0.3618  -11.5939  -12.5947   -9.9368
    5.9004   -4.2498   -3.6854   15.6141    2.9898  -16.8231
eta,q 0.97604  7.27069
  0.0247  0.0245  0.0243  0.0244  0.0244  0.0246  0.0245  0.0248  0.0243  0.0245  0.0242  0.0242
  0.0243  0.0242  0.0241  0.0242  0.0242  0.0242  0.0242  0.0243  0.0241  0.0242  0.0240  0.0241
  0.0240  0.0240  0.0240  0.0240  0.0240  0.0240  0.0240  0.0240  0.0240  0.0240  0.0240  0.0240
  0.0240  0.0240  0.0240  0.0240  0.0240  0.0240  0.0240  0.0240  0.0240  0.0240  0.0240  0.0240
  0.0240  0.0240  0.0240  0.0240  0.0240  0.0240  0.0240  0.0241  0.0240  0.0240  0.0240  0.0240
  0.0243  0.0242  0.0241  0.0242  0.0242  0.0243  0.0242  0.0243  0.0241  0.0242  0.0240  0.0241
  0.0247  0.0244  0.0243  0.0244  0.0244  0.0247  0.0245  0.0248  0.0243  0.0245  0.0242  0.0243
niter,ni,del,rscale     2    3    5.0000    0.5000
parameters
    0.3844   19.6213    0.3075  -11.6329  -12.6249  -10.0086
    5.9030   -4.2610   -3.6633   15.7208    2.9924  -16.8532
eta,q 0.97604  7.26669
  0.0244  0.0243  0.0242  0.0243  0.0243  0.0244  0.0243  0.0245  0.0242  0.0244  0.0241  0.0242
  0.0242  0.0241  0.0240  0.0241  0.0241  0.0242  0.0241  0.0242  0.0241  0.0241  0.0240  0.0240
  0.0240  0.0240  0.0240  0.0240  0.0240  0.0240  0.0240  0.0240  0.0240  0.0240  0.0240  0.0240
  0.0240  0.0240  0.0240  0.0240  0.0240  0.0240  0.0240  0.0240  0.0240  0.0240  0.0240  0.0240
  0.0240  0.0240  0.0240  0.0240  0.0240  0.0240  0.0240  0.0240  0.0240  0.0240  0.0240  0.0240
  0.0242  0.0241  0.0241  0.0241  0.0241  0.0242  0.0241  0.0242  0.0241  0.0241  0.0240  0.0241
  0.0244  0.0243  0.0242  0.0243  0.0243  0.0245  0.0243  0.0245  0.0242  0.0243  0.0241  0.0242
niter,ni,del,rscale     1    3    5.0000    0.4000
parameters
    0.3829   19.6662    0.2670  -11.6903  -12.6520  -10.0638
    5.9171   -4.2720   -3.6493   15.8351    3.0111  -16.9009
eta,q 0.97605  7.26307
  0.0243  0.0242  0.0241  0.0242  0.0241  0.0242  0.0242  0.0243  0.0241  0.0242  0.0240  0.0241
  0.0241  0.0241  0.0240  0.0240  0.0240  0.0241  0.0241  0.0241  0.0240  0.0241  0.0240  0.0240
  0.0240  0.0240  0.0240  0.0240  0.0240  0.0240  0.0240  0.0240  0.0240  0.0240  0.0240  0.0240
  0.0240  0.0240  0.0240  0.0240  0.0240  0.0240  0.0240  0.0240  0.0240  0.0240  0.0240  0.0240
  0.0240  0.0240  0.0240  0.0240  0.0240  0.0240  0.0240  0.0240  0.0240  0.0240  0.0240  0.0240
  0.0241  0.0240  0.0240  0.0241  0.0240  0.0241  0.0241  0.0241  0.0240  0.0241  0.0240  0.0240
  0.0243  0.0242  0.0241  0.0242  0.0242  0.0243  0.0242  0.0243  0.0241  0.0242  0.0240  0.0241
registration optimization eta report
parameter search radius
    0.8000    0.8000    0.8000    2.4000    2.4000    2.4000
    2.4000    2.4000    2.4000    2.4000    2.4000    2.4000
100000*second partial in parameter space
       49.       34.       23.        4.        4.        5.
        4.        6.        3.        4.        2.        2.
  0.0243  0.0242  0.0241  0.0242  0.0241  0.0242  0.0242  0.0243  0.0241  0.0242  0.0240  0.0241
  0.0241  0.0241  0.0240  0.0240  0.0240  0.0241  0.0241  0.0241  0.0240  0.0241  0.0240  0.0240
  0.0240  0.0240  0.0240  0.0240  0.0240  0.0240  0.0240  0.0240  0.0240  0.0240  0.0240  0.0240
  0.0240  0.0240  0.0240  0.0240  0.0240  0.0240  0.0240  0.0240  0.0240  0.0240  0.0240  0.0240
  0.0240  0.0240  0.0240  0.0240  0.0240  0.0240  0.0240  0.0240  0.0240  0.0240  0.0240  0.0240
  0.0241  0.0240  0.0240  0.0241  0.0240  0.0241  0.0241  0.0241  0.0240  0.0241  0.0240  0.0240
  0.0243  0.0242  0.0241  0.0242  0.0242  0.0243  0.0242  0.0243  0.0241  0.0242  0.0240  0.0241
    0.3829   19.6662    0.2670  -11.6903  -12.6520  -10.0638
    5.9171   -4.2720   -3.6493   15.8351    3.0111  -16.9009
eta,q 0.97605  7.26307

---------------------------------------------------------------------
compute_vox2vox talsrcimg talsrcimg_to_711-2C_as_mni_average_305_t4 /opt/freesurfer/average/711-2C_as_mni_average_305
---------------------------------------------------------------------

freesurfer compute_vox2vox.c
Reading: talsrcimg.4dfp.ifh
Reading: talsrcimg_to_711-2C_as_mni_average_305_t4
Reading: /opt/freesurfer/average/711-2C_as_mni_average_305.4dfp.ifh
Writing: talsrcimg_to_711-2C_as_mni_average_305_t4_vox2vox.txt

start time Sun Mar 15 11:23:42 CET 2026
end		time Sun Mar 15 11:23:56 CET 2026

mpr2mni305 success

avi2talxfm orig_nu.mgz /opt/freesurfer/average/mni305.cor.mgz talsrcimg_to_711-2C_as_mni_average_305_t4_vox2vox.txt transforms/talairach.auto.xfm
avi2talxfm done
mv -f /out/sourcedata/freesurfer/sub-v2s10x30159_ses-1/mri/talsrcimg_to_711-2C_as_mni_average_305_t4_vox2vox.txt /out/sourcedata/freesurfer/sub-v2s10x30159_ses-1/mri/transforms/talsrcimg_to_711-2C_as_mni_average_305_t4_vox2vox.txt
lta_convert --src orig_nu.mgz --trg /opt/freesurfer/average/mni305.cor.mgz --inxfm transforms/talairach.auto.xfm --outlta transforms/talairach.auto.xfm.lta --subject fsaverage
7.3.2

--src: orig_nu.mgz src image (geometry).
--trg: /opt/freesurfer/average/mni305.cor.mgz trg image (geometry).
--inmni: transforms/talairach.auto.xfm input MNI/XFM transform.
--outlta: transforms/talairach.auto.xfm.lta output LTA.
--s: fsaverage subject name
 LTA read, type : 1
 1.12753   0.06480  -0.06384   3.55304;
-0.02795   1.07366   0.20964  -16.01517;
 0.05217  -0.19193   1.10417  -3.78064;
 0.00000   0.00000   0.00000   1.00000;
setting subject to fsaverage
Writing  LTA to file transforms/talairach.auto.xfm.lta...
lta_convert successful.
 
 
Started at Sun Mar 15 11:23:42 CET 2026
Ended   at Sun Mar 15 11:23:56 CET 2026
talairach_avi done
