status file for recon-all
Sun Mar 15 08:11:56 CET 2026
#@# MotionCor Sun Mar 15 08:11:57 CET 2026
#@# Talairach Sun Mar 15 08:12:05 CET 2026
#@# Talairach Failure Detection Sun Mar 15 08:16:31 CET 2026
#@# Nu Intensity Correction Sun Mar 15 08:16:31 CET 2026
#@# Intensity Normalization Sun Mar 15 08:19:46 CET 2026
recon-all -s sub-v2s10x28991_ses-1 finished without error at Sun Mar 15 08:21:12 CET 2026



#New# invocation of recon-all 



status file for recon-all
Sun Mar 15 08:27:49 CET 2026
#@# EM Registration Sun Mar 15 08:27:49 CET 2026
recon-all -s sub-v2s10x28991_ses-1 finished without error at Sun Mar 15 08:29:27 CET 2026



#New# invocation of recon-all 



status file for recon-all
Sun Mar 15 08:29:29 CET 2026
#@# CA Normalize Sun Mar 15 08:29:29 CET 2026
#@# CA Reg Sun Mar 15 08:30:52 CET 2026
#@# SubCort Seg Sun Mar 15 09:11:46 CET 2026
#@# CC Seg Sun Mar 15 09:36:14 CET 2026
#@# Merge ASeg Sun Mar 15 09:36:58 CET 2026
#@# Intensity Normalization2 Sun Mar 15 09:36:58 CET 2026
#@# Mask BFS Sun Mar 15 09:39:17 CET 2026
#@# WM Segmentation Sun Mar 15 09:39:18 CET 2026
#@# Fill Sun Mar 15 09:41:08 CET 2026
recon-all -s sub-v2s10x28991_ses-1 finished without error at Sun Mar 15 09:42:08 CET 2026



#New# invocation of recon-all 



status file for recon-all
Sun Mar 15 10:15:01 CET 2026
#@# white curv lh Sun Mar 15 10:15:01 CET 2026
#@# white area lh Sun Mar 15 10:15:01 CET 2026
#@# pial curv lh Sun Mar 15 10:15:01 CET 2026
#@# pial area lh Sun Mar 15 10:15:01 CET 2026
#@# thickness lh Sun Mar 15 10:15:01 CET 2026
#@# area and vertex vol lh Sun Mar 15 10:15:01 CET 2026
#@# white curv rh Sun Mar 15 10:15:01 CET 2026
#@# white area rh Sun Mar 15 10:15:01 CET 2026
#@# pial curv rh Sun Mar 15 10:15:01 CET 2026
#@# pial area rh Sun Mar 15 10:15:01 CET 2026
#@# thickness rh Sun Mar 15 10:15:01 CET 2026
#@# area and vertex vol rh Sun Mar 15 10:15:01 CET 2026
#@# Cortical ribbon mask Sun Mar 15 10:15:01 CET 2026
recon-all -s sub-v2s10x28991_ses-1 finished without error at Sun Mar 15 10:18:04 CET 2026



#New# invocation of recon-all 



status file for recon-all
Sun Mar 15 10:23:41 CET 2026
#@# white curv lh Sun Mar 15 10:23:41 CET 2026
#@# white area lh Sun Mar 15 10:23:41 CET 2026
#@# pial curv lh Sun Mar 15 10:23:41 CET 2026
#@# pial area lh Sun Mar 15 10:23:41 CET 2026
#@# thickness lh Sun Mar 15 10:23:41 CET 2026
#@# area and vertex vol lh Sun Mar 15 10:23:41 CET 2026
#@# white curv rh Sun Mar 15 10:23:41 CET 2026
#@# white area rh Sun Mar 15 10:23:41 CET 2026
#@# pial curv rh Sun Mar 15 10:23:41 CET 2026
#@# pial area rh Sun Mar 15 10:23:41 CET 2026
#@# thickness rh Sun Mar 15 10:23:41 CET 2026
#@# area and vertex vol rh Sun Mar 15 10:23:41 CET 2026
#@# Curvature Stats lh Sun Mar 15 10:23:41 CET 2026
#@# Curvature Stats rh Sun Mar 15 10:23:43 CET 2026
#@# Relabel Hypointensities Sun Mar 15 10:23:45 CET 2026
#@# APas-to-ASeg Sun Mar 15 10:24:00 CET 2026
#@# AParc-to-ASeg aparc Sun Mar 15 10:24:06 CET 2026
#@# AParc-to-ASeg aparc.a2009s Sun Mar 15 10:24:37 CET 2026
#@# AParc-to-ASeg aparc.DKTatlas Sun Mar 15 10:25:10 CET 2026
#@# WMParc Sun Mar 15 10:25:44 CET 2026
#@# ASeg Stats Sun Mar 15 10:29:13 CET 2026
recon-all -s sub-v2s10x28991_ses-1 finished without error at Sun Mar 15 10:29:44 CET 2026
