status file for recon-all
Sun Mar 15 09:58:17 CET 2026
#@# Tessellate rh Sun Mar 15 09:58:17 CET 2026
#@# Smooth1 rh Sun Mar 15 09:58:21 CET 2026
#@# Inflation1 rh Sun Mar 15 09:58:23 CET 2026
#@# QSphere rh Sun Mar 15 09:58:32 CET 2026
#@# Fix Topology rh Sun Mar 15 09:59:24 CET 2026
#@# Smooth2 rh Sun Mar 15 10:03:50 CET 2026
#@# Inflation2 rh Sun Mar 15 10:03:52 CET 2026
#@# Curv .H and .K rh Sun Mar 15 10:04:02 CET 2026
#@# Sphere rh Sun Mar 15 10:04:45 CET 2026
#@# Surf Reg rh Sun Mar 15 10:06:18 CET 2026
#@# Jacobian white rh Sun Mar 15 10:09:06 CET 2026
#@# AvgCurv rh Sun Mar 15 10:09:06 CET 2026
#@# Cortical Parc rh Sun Mar 15 10:09:07 CET 2026
#@# white curv rh Sun Mar 15 10:14:03 CET 2026
#@# white area rh Sun Mar 15 10:14:04 CET 2026
#@# pial curv rh Sun Mar 15 10:14:05 CET 2026
#@# pial area rh Sun Mar 15 10:14:06 CET 2026
#@# thickness rh Sun Mar 15 10:14:06 CET 2026
#@# area and vertex vol rh Sun Mar 15 10:14:33 CET 2026
#@# Curvature Stats rh Sun Mar 15 10:14:34 CET 2026
#@# Cortical Parc 2 rh Sun Mar 15 10:14:36 CET 2026
#@# Cortical Parc 3 rh Sun Mar 15 10:14:47 CET 2026
#@# WM/GM Contrast rh Sun Mar 15 10:14:56 CET 2026
recon-all -s sub-v2s10x28991_ses-1 finished without error at Sun Mar 15 10:14:58 CET 2026



#New# invocation of recon-all 



status file for recon-all
Sun Mar 15 10:20:53 CET 2026
#@# white curv rh Sun Mar 15 10:20:53 CET 2026
#@# white area rh Sun Mar 15 10:20:53 CET 2026
#@# pial curv rh Sun Mar 15 10:20:53 CET 2026
#@# pial area rh Sun Mar 15 10:20:53 CET 2026
#@# thickness rh Sun Mar 15 10:20:53 CET 2026
#@# area and vertex vol rh Sun Mar 15 10:20:53 CET 2026
#@# Parcellation Stats rh Sun Mar 15 10:20:53 CET 2026
#@# Parcellation Stats 2 rh Sun Mar 15 10:21:09 CET 2026
#@# Parcellation Stats 3 rh Sun Mar 15 10:21:17 CET 2026
#@# BA_exvivo Labels rh Sun Mar 15 10:21:25 CET 2026
recon-all -s sub-v2s10x28991_ses-1 finished without error at Sun Mar 15 10:23:36 CET 2026
