/out/sourcedata/freesurfer/sub-v2s10x28985_ses-1/mri
/opt/freesurfer/bin/talairach_avi
--i orig_nu.mgz --xfm transforms/talairach.auto.xfm
talairach_avi 7.3.2
Linux dna056 5.14.0-427.37.1.el9_4.x86_64 #1 SMP PREEMPT_DYNAMIC Fri Sep 13 12:41:50 EDT 2024 x86_64 x86_64 x86_64 GNU/Linux
Sun Mar 15 08:15:06 CET 2026
mri_convert orig_nu.mgz talsrcimg.img 
reading from orig_nu.mgz...
TR=0.00, TE=0.00, TI=0.00, flip angle=0.00
i_ras = (-1, 0, 0)
j_ras = (0, 0, -1)
k_ras = (0, 1, 0)
writing to talsrcimg.img...
Analyze Output Matrix
-1.00000   0.00000   0.00000   129.82275;
 0.00000   0.00000   1.00000  -120.95522;
 0.00000  -1.00000   0.00000   111.22195;
 0.00000   0.00000   0.00000   1.00000;
--------------------
INFO: set hdr.hist.orient to -1
mpr2mni305 talsrcimg
Sun Mar 15 08:15:06 CET 2026
/opt/freesurfer/bin/mpr2mni305 talsrcimg
mpr2mni305 7.3.2
target=711-2C_as_mni_average_305

---------------------------------------------------------------------
analyzeto4dfp talsrcimg -O0 -y
---------------------------------------------------------------------

freesurfer ifh2hdr.c
Sun Mar 15 08:15:06 2026
Writing: talsrcimg.4dfp.hdr
freesurfer analyzeto4dfp.c
Reading: talsrcimg.hdr
header size 348 bytes
hdr.dime.datatype	offset=70	value=2
hdr.dime.bitpix		offset=72	value=8
hdr.hist.orient		offset=252	value=-1
dimensionality     4
dimensions       256       256       256         1
Reading: talsrcimg.img
Writing: talsrcimg.4dfp.img
Writing: talsrcimg.4dfp.ifh
ifh2hdr talsrcimg -r0to215
ori=2

---------------------------------------------------------------------
gauss_4dfp talsrcimg 1.1
---------------------------------------------------------------------

freesurfer gauss_4dfp.c
Reading: talsrcimg.4dfp.img
Writing: talsrcimg_g11.4dfp.img
image dimensions 256 256 256 padded to 288 288 288
processing volume 1freesurfer ifh2hdr.c
Sun Mar 15 08:15:08 2026
Writing: talsrcimg_g11.4dfp.hdr

Writing: talsrcimg_g11.4dfp.ifh
including: talsrcimg.4dfp.img.rec in talsrcimg_g11.4dfp.img.rec

---------------------------------------------------------------------
imgreg_4dfp /opt/freesurfer/average/711-2C_as_mni_average_305 none talsrcimg_g11 none talsrcimg_to_711-2C_as_mni_average_305_t4 4355
---------------------------------------------------------------------

freesurfer imgreg_4dfp.c
/opt/freesurfer/average/711-2C_as_mni_average_305.4dfp.img
       256       256       256         1
  1.000000  1.000000  1.000000
orientation T byte_order littleendian
Reading image: /opt/freesurfer/average/711-2C_as_mni_average_305.4dfp.img
dimensions:      256       256       256
mmppix:       1.0000   -1.0000   -1.0000
center:     128.0000 -129.0000 -129.0000
talsrcimg_g11.4dfp.img
       256       256       256         1
  1.000000  1.000000  1.000000
orientation T byte_order littleendian
Reading image: talsrcimg_g11.4dfp.img
dimensions:      256       256       256
mmppix:       1.0000   -1.0000   -1.0000
center:     128.0000 -129.0000 -129.0000
t4_read: open error in t4_sub.f l:  41 t4_file(1:l)talsrcimg_to_711-2C_as_mni_average_305_t4 
t4_read: transform initialized to I4
rotation matrix determinant  1.000000
image alignment mode   4355 decimal     1103 hex
   -7.5000  -45.0000  -45.0000 6281.9580   14.5959
    0.0000  -45.0000  -45.0000 6517.6221   14.6136
    7.5000  -45.0000  -45.0000 6236.6826   14.6297
   -7.5000  -37.5000  -45.0000 6919.8013   14.3586
    0.0000  -37.5000  -45.0000 7196.5366   14.3740
    7.5000  -37.5000  -45.0000 6869.3535   14.3895
   -7.5000  -30.0000  -45.0000 7819.6270   14.1837
    0.0000  -30.0000  -45.0000 8135.0410   14.2001
    7.5000  -30.0000  -45.0000 7765.6777   14.2163
   -7.5000  -22.5000  -45.0000 8766.4150   14.1015
    0.0000  -22.5000  -45.0000 9127.0322   14.1233
    7.5000  -22.5000  -45.0000 8689.3193   14.1436
   -7.5000  -15.0000  -45.0000 9698.2305   14.0443
    0.0000  -15.0000  -45.000010100.6113   14.0697
    7.5000  -15.0000  -45.0000 9620.3408   14.0925
   -7.5000   -7.5000  -45.000010626.1289   14.0306
    0.0000   -7.5000  -45.000011067.9609   14.0537
    7.5000   -7.5000  -45.000010551.0498   14.0745
   -7.5000    0.0000  -45.000011442.8779   14.0466
    0.0000    0.0000  -45.000011957.2422   14.0650
    7.5000    0.0000  -45.000011382.2285   14.0833
   -7.5000    7.5000  -45.000011366.7158   14.0615
    0.0000    7.5000  -45.000011882.1992   14.0769
    7.5000    7.5000  -45.000011284.6738   14.0936
   -7.5000   15.0000  -45.000011170.5732   14.0574
    0.0000   15.0000  -45.000011685.4170   14.0737
    7.5000   15.0000  -45.000011088.2803   14.0909
   -7.5000   22.5000  -45.000010930.7480   14.0326
    0.0000   22.5000  -45.000011442.4141   14.0543
    7.5000   22.5000  -45.000010868.9258   14.0750
   -7.5000   30.0000  -45.000010539.1768   13.8326
    0.0000   30.0000  -45.000010996.7764   13.8577
    7.5000   30.0000  -45.000010461.4775   13.8803
   -7.5000   37.5000  -45.000010465.9580   13.8393
    0.0000   37.5000  -45.000010912.1445   13.8620
    7.5000   37.5000  -45.000010368.2480   13.8827
   -7.5000   45.0000  -45.000010009.3477   13.5075
    0.0000   45.0000  -45.000010445.9395   13.5252
    7.5000   45.0000  -45.0000 9914.8730   13.5428
   -7.5000  -45.0000  -37.5000 6642.3252   14.5723
    0.0000  -45.0000  -37.5000 6894.0371   14.5895
    7.5000  -45.0000  -37.5000 6595.1782   14.6086
   -7.5000  -37.5000  -37.5000 7296.2480   14.3341
    0.0000  -37.5000  -37.5000 7584.3013   14.3500
    7.5000  -37.5000  -37.5000 7249.2861   14.3676
   -7.5000  -30.0000  -37.5000 8273.7305   14.1624
    0.0000  -30.0000  -37.5000 8606.4307   14.1791
    7.5000  -30.0000  -37.5000 8213.9180   14.1976
   -7.5000  -22.5000  -37.5000 9306.0195   14.0859
    0.0000  -22.5000  -37.5000 9697.2646   14.1069
    7.5000  -22.5000  -37.5000 9229.9658   14.1296
   -7.5000  -15.0000  -37.500010289.7637   14.0310
    0.0000  -15.0000  -37.500010728.4766   14.0543
    7.5000  -15.0000  -37.500010218.3721   14.0795
   -7.5000   -7.5000  -37.500011287.1074   14.0139
    0.0000   -7.5000  -37.500011772.6533   14.0352
    7.5000   -7.5000  -37.500011194.5439   14.0584
   -7.5000    0.0000  -37.500012127.8076   14.0250
    0.0000    0.0000  -37.500012676.2627   14.0428
    7.5000    0.0000  -37.500012038.1357   14.0637
   -7.5000    7.5000  -37.500012020.4160   14.0378
    0.0000    7.5000  -37.500012570.8955   14.0536
    7.5000    7.5000  -37.500011910.5820   14.0726
   -7.5000   15.0000  -37.500011806.8398   14.0363
    0.0000   15.0000  -37.500012353.9004   14.0531
    7.5000   15.0000  -37.500011701.3281   14.0724
   -7.5000   22.5000  -37.500011561.3066   14.0172
    0.0000   22.5000  -37.500012091.8164   14.0381
    7.5000   22.5000  -37.500011465.5938   14.0613
   -7.5000   30.0000  -37.500011129.7471   13.8198
    0.0000   30.0000  -37.500011620.6670   13.8427
    7.5000   30.0000  -37.500011033.9980   13.8677
   -7.5000   37.5000  -37.500011025.8779   13.8229
    0.0000   37.5000  -37.500011502.1211   13.8439
    7.5000   37.5000  -37.500010906.3281   13.8669
   -7.5000   45.0000  -37.500010558.6836   13.4867
    0.0000   45.0000  -37.500011033.1309   13.5039
    7.5000   45.0000  -37.500010454.6084   13.5239
   -7.5000  -45.0000  -30.0000 7112.8921   15.1872
    0.0000  -45.0000  -30.0000 7392.1177   15.2076
    7.5000  -45.0000  -30.0000 7067.8232   15.2306
   -7.5000  -37.5000  -30.0000 7829.8994   14.9363
    0.0000  -37.5000  -30.0000 8151.3306   14.9560
    7.5000  -37.5000  -30.0000 7776.8423   14.9762
   -7.5000  -30.0000  -30.0000 8912.0195   14.7562
    0.0000  -30.0000  -30.0000 9302.2207   14.7761
    7.5000  -30.0000  -30.0000 8838.5215   14.7963
   -7.5000  -22.5000  -30.000010026.8604   14.6783
    0.0000  -22.5000  -30.000010481.5576   14.7008
    7.5000  -22.5000  -30.0000 9960.1055   14.7247
   -7.5000  -15.0000  -30.000011090.4502   14.6237
    0.0000  -15.0000  -30.000011586.1855   14.6475
    7.5000  -15.0000  -30.000011001.1475   14.6742
   -7.5000   -7.5000  -30.000012111.7979   14.6072
    0.0000   -7.5000  -30.000012659.0752   14.6296
    7.5000   -7.5000  -30.000012008.4961   14.6559
   -7.5000    0.0000  -30.000012995.5811   14.6174
    0.0000    0.0000  -30.000013600.1377   14.6382
    7.5000    0.0000  -30.000012902.1055   14.6623
   -7.5000    7.5000  -30.000012880.3926   14.6275
    0.0000    7.5000  -30.000013463.8477   14.6470
    7.5000    7.5000  -30.000012769.3965   14.6684
   -7.5000   15.0000  -30.000012671.1230   14.6244
    0.0000   15.0000  -30.000013246.2217   14.6443
    7.5000   15.0000  -30.000012544.5332   14.6653
   -7.5000   22.5000  -30.000012375.2617   14.6049
    0.0000   22.5000  -30.000012931.7324   14.6273
    7.5000   22.5000  -30.000012244.3838   14.6516
   -7.5000   30.0000  -30.000011889.8135   14.4049
    0.0000   30.0000  -30.000012426.7119   14.4282
    7.5000   30.0000  -30.000011792.7051   14.4547
   -7.5000   37.5000  -30.000011743.2998   14.4095
    0.0000   37.5000  -30.000012265.1143   14.4317
    7.5000   37.5000  -30.000011622.9932   14.4576
   -7.5000   45.0000  -30.000011239.5557   14.0667
    0.0000   45.0000  -30.000011745.9521   14.0867
    7.5000   45.0000  -30.000011117.5830   14.1099
   -7.5000  -45.0000  -22.5000 7588.2490   15.7183
    0.0000  -45.0000  -22.5000 7898.9702   15.7440
    7.5000  -45.0000  -22.5000 7546.9897   15.7679
   -7.5000  -37.5000  -22.5000 8386.9395   15.4590
    0.0000  -37.5000  -22.5000 8751.0371   15.4831
    7.5000  -37.5000  -22.5000 8318.8789   15.5034
   -7.5000  -30.0000  -22.5000 9563.2148   15.2689
    0.0000  -30.0000  -22.500010002.5078   15.2921
    7.5000  -30.0000  -22.5000 9499.5283   15.3113
   -7.5000  -22.5000  -22.500010744.9736   15.1837
    0.0000  -22.5000  -22.500011255.3926   15.2093
    7.5000  -22.5000  -22.500010676.7227   15.2317
   -7.5000  -15.0000  -22.500011857.6797   15.1264
    0.0000  -15.0000  -22.500012422.5674   15.1541
    7.5000  -15.0000  -22.500011780.6631   15.1800
   -7.5000   -7.5000  -22.500012907.1191   15.1137
    0.0000   -7.5000  -22.500013493.7646   15.1411
    7.5000   -7.5000  -22.500012809.0566   15.1676
   -7.5000    0.0000  -22.500013866.4727   15.1287
    0.0000    0.0000  -22.500014509.3916   15.1545
    7.5000    0.0000  -22.500013765.9141   15.1794
   -7.5000    7.5000  -22.500013730.7383   15.1393
    0.0000    7.5000  -22.500014353.6152   15.1629
    7.5000    7.5000  -22.500013620.9902   15.1845
   -7.5000   15.0000  -22.500013486.7383   15.1321
    0.0000   15.0000  -22.500014105.5059   15.1552
    7.5000   15.0000  -22.500013367.1689   15.1753
   -7.5000   22.5000  -22.500013136.8916   15.1062
    0.0000   22.5000  -22.500013755.9053   15.1317
    7.5000   22.5000  -22.500013016.4287   15.1545
   -7.5000   30.0000  -22.500012648.0898   14.9020
    0.0000   30.0000  -22.500013250.3184   14.9293
    7.5000   30.0000  -22.500012514.3662   14.9549
   -7.5000   37.5000  -22.500012458.7861   14.9113
    0.0000   37.5000  -22.500013048.6328   14.9383
    7.5000   37.5000  -22.500012343.7373   14.9646
   -7.5000   45.0000  -22.500011878.9805   14.5697
    0.0000   45.0000  -22.500012408.9551   14.5945
    7.5000   45.0000  -22.500011734.9912   14.6185
   -7.5000  -45.0000  -15.0000 8079.1040   16.1001
    0.0000  -45.0000  -15.0000 8434.3848   16.1285
    7.5000  -45.0000  -15.0000 8042.7217   16.1500
   -7.5000  -37.5000  -15.0000 8951.6514   15.8380
    0.0000  -37.5000  -15.0000 9360.8096   15.8634
    7.5000  -37.5000  -15.0000 8888.6533   15.8819
   -7.5000  -30.0000  -15.000010197.9668   15.6417
    0.0000  -30.0000  -15.000010670.4482   15.6659
    7.5000  -30.0000  -15.000010140.4023   15.6831
   -7.5000  -22.5000  -15.000011462.8809   15.5484
    0.0000  -22.5000  -15.000011981.8105   15.5763
    7.5000  -22.5000  -15.000011384.0098   15.5963
   -7.5000  -15.0000  -15.000012633.5430   15.4859
    0.0000  -15.0000  -15.000013193.1992   15.5175
    7.5000  -15.0000  -15.000012556.4727   15.5412
   -7.5000   -7.5000  -15.000013720.4004   15.4754
    0.0000   -7.5000  -15.000014328.8643   15.5065
    7.5000   -7.5000  -15.000013640.1797   15.5309
   -7.5000    0.0000  -15.000014715.4521   15.4960
    0.0000    0.0000  -15.000015392.5928   15.5243
    7.5000    0.0000  -15.000014608.8604   15.5471
   -7.5000    7.5000  -15.000014538.4609   15.5104
    0.0000    7.5000  -15.000015200.8799   15.5354
    7.5000    7.5000  -15.000014434.9658   15.5551
   -7.5000   15.0000  -15.000014239.1182   15.5017
    0.0000   15.0000  -15.000014908.3301   15.5256
    7.5000   15.0000  -15.000014107.7686   15.5438
   -7.5000   22.5000  -15.000013878.8096   15.4682
    0.0000   22.5000  -15.000014545.7236   15.4958
    7.5000   22.5000  -15.000013744.0859   15.5164
   -7.5000   30.0000  -15.000013396.7441   15.2582
    0.0000   30.0000  -15.000014050.5537   15.2892
    7.5000   30.0000  -15.000013249.0850   15.3127
   -7.5000   37.5000  -15.000013176.7285   15.2702
    0.0000   37.5000  -15.000013828.8545   15.3009
    7.5000   37.5000  -15.000013059.6436   15.3251
   -7.5000   45.0000  -15.000012488.2969   14.9324
    0.0000   45.0000  -15.000013078.2773   14.9597
    7.5000   45.0000  -15.000012334.4805   14.9817
   -7.5000  -45.0000   -7.5000 8595.7002   16.2867
    0.0000  -45.0000   -7.5000 8976.6543   16.3111
    7.5000  -45.0000   -7.5000 8562.7607   16.3291
   -7.5000  -37.5000   -7.5000 9537.5381   16.0230
    0.0000  -37.5000   -7.5000 9952.0244   16.0444
    7.5000  -37.5000   -7.5000 9459.0732   16.0610
   -7.5000  -30.0000   -7.500010846.6973   15.8252
    0.0000  -30.0000   -7.500011333.8535   15.8464
    7.5000  -30.0000   -7.500010764.5645   15.8628
   -7.5000  -22.5000   -7.500012190.7969   15.7293
    0.0000  -22.5000   -7.500012735.0771   15.7558
    7.5000  -22.5000   -7.500012102.5967   15.7758
   -7.5000  -15.0000   -7.500013432.1377   15.6644
    0.0000  -15.0000   -7.500014046.8721   15.6953
    7.5000  -15.0000   -7.500013351.9199   15.7183
   -7.5000   -7.5000   -7.500014551.0918   15.6531
    0.0000   -7.5000   -7.500015239.6416   15.6823
    7.5000   -7.5000   -7.500014481.9697   15.7046
   -7.5000    0.0000   -7.500015577.5400   15.6749
    0.0000    0.0000   -7.500016328.2959   15.6996
    7.5000    0.0000   -7.500015473.7979   15.7198
   -7.5000    7.5000   -7.500015354.4414   15.6917
    0.0000    7.5000   -7.500016089.1396   15.7128
    7.5000    7.5000   -7.500015261.1719   15.7309
   -7.5000   15.0000   -7.500014984.8115   15.6839
    0.0000   15.0000   -7.500015718.7920   15.7050
    7.5000   15.0000   -7.500014888.7051   15.7225
   -7.5000   22.5000   -7.500014634.9004   15.6468
    0.0000   22.5000   -7.500015376.6807   15.6732
    7.5000   22.5000   -7.500014521.8037   15.6937
   -7.5000   30.0000   -7.500014140.4814   15.4337
    0.0000   30.0000   -7.500014880.8359   15.4641
    7.5000   30.0000   -7.500014008.9316   15.4870
   -7.5000   37.5000   -7.500013909.8193   15.4452
    0.0000   37.5000   -7.500014628.0020   15.4740
    7.5000   37.5000   -7.500013790.5605   15.4961
   -7.5000   45.0000   -7.500013102.6465   15.1076
    0.0000   45.0000   -7.500013754.3965   15.1315
    7.5000   45.0000   -7.500012960.0928   15.1509
   -7.5000  -45.0000    0.0000 9043.8057   16.3128
    0.0000  -45.0000    0.0000 9443.4121   16.3326
    7.5000  -45.0000    0.0000 8998.7822   16.3504
   -7.5000  -37.5000    0.000010046.7568   16.0479
    0.0000  -37.5000    0.000010487.7393   16.0652
    7.5000  -37.5000    0.0000 9973.9805   16.0823
   -7.5000  -30.0000    0.000011411.5859   15.8527
    0.0000  -30.0000    0.000011936.7031   15.8709
    7.5000  -30.0000    0.000011333.9570   15.8890
   -7.5000  -22.5000    0.000012840.2529   15.7609
    0.0000  -22.5000    0.000013409.6582   15.7853
    7.5000  -22.5000    0.000012754.3066   15.8078
   -7.5000  -15.0000    0.000014144.6006   15.6969
    0.0000  -15.0000    0.000014794.7744   15.7254
    7.5000  -15.0000    0.000014052.9229   15.7507
   -7.5000   -7.5000    0.000015299.9199   15.6818
    0.0000   -7.5000    0.000016037.9043   15.7075
    7.5000   -7.5000    0.000015214.1172   15.7307
   -7.5000    0.0000    0.000016369.4893   15.6996
    0.0000    0.0000    0.000017162.1816   15.7201
    7.5000    0.0000    0.000016250.7041   15.7405
   -7.5000    7.5000    0.000016147.4668   15.7163
    0.0000    7.5000    0.000016981.6074   15.7334
    7.5000    7.5000    0.000016039.0918   15.7521
   -7.5000   15.0000    0.000015703.0898   15.7116
    0.0000   15.0000    0.000016548.8203   15.7299
    7.5000   15.0000    0.000015653.7344   15.7490
   -7.5000   22.5000    0.000015333.3760   15.6788
    0.0000   22.5000    0.000016141.3760   15.7031
    7.5000   22.5000    0.000015285.2988   15.7262
   -7.5000   30.0000    0.000014801.3428   15.4665
    0.0000   30.0000    0.000015616.5205   15.4945
    7.5000   30.0000    0.000014727.3652   15.5196
   -7.5000   37.5000    0.000014562.5811   15.4739
    0.0000   37.5000    0.000015374.0410   15.4994
    7.5000   37.5000    0.000014477.3516   15.5223
   -7.5000   45.0000    0.000013669.8467   15.1326
    0.0000   45.0000    0.000014407.8047   15.1524
    7.5000   45.0000    0.000013562.5430   15.1720
   -7.5000  -45.0000    7.5000 8792.4990   16.3060
    0.0000  -45.0000    7.5000 9196.1436   16.3252
    7.5000  -45.0000    7.5000 8741.6318   16.3466
   -7.5000  -37.5000    7.5000 9773.6465   16.0394
    0.0000  -37.5000    7.500010224.0713   16.0572
    7.5000  -37.5000    7.5000 9709.7227   16.0770
   -7.5000  -30.0000    7.500011107.5781   15.8473
    0.0000  -30.0000    7.500011621.4248   15.8661
    7.5000  -30.0000    7.500011039.5889   15.8867
   -7.5000  -22.5000    7.500012491.0225   15.7618
    0.0000  -22.5000    7.500013059.3936   15.7853
    7.5000  -22.5000    7.500012399.2646   15.8106
   -7.5000  -15.0000    7.500013736.4219   15.7004
    0.0000  -15.0000    7.500014374.3340   15.7265
    7.5000  -15.0000    7.500013629.5225   15.7546
   -7.5000   -7.5000    7.500014835.0605   15.6812
    0.0000   -7.5000    7.500015555.5215   15.7050
    7.5000   -7.5000    7.500014744.9160   15.7310
   -7.5000    0.0000    7.500015857.2061   15.6936
    0.0000    0.0000    7.500016612.0703   15.7135
    7.5000    0.0000    7.500015739.6064   15.7369
   -7.5000    7.5000    7.500015707.1680   15.7079
    0.0000    7.5000    7.500016492.3633   15.7256
    7.5000    7.5000    7.500015575.8037   15.7468
   -7.5000   15.0000    7.500015257.8887   15.7063
    0.0000   15.0000    7.500016040.3125   15.7250
    7.5000   15.0000    7.500015235.0264   15.7466
   -7.5000   22.5000    7.500014877.8252   15.6798
    0.0000   22.5000    7.500015655.3926   15.7033
    7.5000   22.5000    7.500014888.5400   15.7291
   -7.5000   30.0000    7.500014351.5479   15.4700
    0.0000   30.0000    7.500015149.8291   15.4957
    7.5000   30.0000    7.500014323.7539   15.5237
   -7.5000   37.5000    7.500014140.7910   15.4734
    0.0000   37.5000    7.500014946.0566   15.4970
    7.5000   37.5000    7.500014064.4873   15.5228
   -7.5000   45.0000    7.500013249.4619   15.1268
    0.0000   45.0000    7.500013953.2559   15.1460
    7.5000   45.0000    7.500013152.0645   15.1685
   -7.5000  -45.0000   15.0000 8435.2354   16.3098
    0.0000  -45.0000   15.0000 8836.1240   16.3317
    7.5000  -45.0000   15.0000 8397.8076   16.3564
   -7.5000  -37.5000   15.0000 9380.6611   16.0403
    0.0000  -37.5000   15.0000 9842.6191   16.0615
    7.5000  -37.5000   15.0000 9334.1377   16.0832
   -7.5000  -30.0000   15.000010662.5566   15.8469
    0.0000  -30.0000   15.000011181.9707   15.8683
    7.5000  -30.0000   15.000010603.8506   15.8899
   -7.5000  -22.5000   15.000011973.7324   15.7633
    0.0000  -22.5000   15.000012527.6396   15.7874
    7.5000  -22.5000   15.000011885.7998   15.8130
   -7.5000  -15.0000   15.000013155.4844   15.7046
    0.0000  -15.0000   15.000013770.8691   15.7301
    7.5000  -15.0000   15.000013058.5732   15.7588
   -7.5000   -7.5000   15.000014217.2520   15.6868
    0.0000   -7.5000   15.000014854.6631   15.7110
    7.5000   -7.5000   15.000014115.6758   15.7392
   -7.5000    0.0000   15.000015195.1982   15.6979
    0.0000    0.0000   15.000015847.8164   15.7202
    7.5000    0.0000   15.000015087.9971   15.7461
   -7.5000    7.5000   15.000015069.5273   15.7087
    0.0000    7.5000   15.000015723.4287   15.7296
    7.5000    7.5000   15.000014929.3496   15.7526
   -7.5000   15.0000   15.000014780.9609   15.7054
    0.0000   15.0000   15.000015416.4258   15.7267
    7.5000   15.0000   15.000014643.8262   15.7492
   -7.5000   22.5000   15.000014492.9326   15.6810
    0.0000   22.5000   15.000015144.1230   15.7050
    7.5000   22.5000   15.000014327.2217   15.7311
   -7.5000   30.0000   15.000013930.1074   15.4741
    0.0000   30.0000   15.000014640.7734   15.4992
    7.5000   30.0000   15.000013765.8047   15.5276
   -7.5000   37.5000   15.000013667.8262   15.4791
    0.0000   37.5000   15.000014401.7451   15.5029
    7.5000   37.5000   15.000013511.9600   15.5308
   -7.5000   45.0000   15.000012743.2812   15.1309
    0.0000   45.0000   15.000013416.8691   15.1524
    7.5000   45.0000   15.000012614.1172   15.1774
   -7.5000  -45.0000   22.5000 7958.2080   16.3575
    0.0000  -45.0000   22.5000 8354.0625   16.3842
    7.5000  -45.0000   22.5000 7929.8149   16.4092
   -7.5000  -37.5000   22.5000 8861.9424   16.0889
    0.0000  -37.5000   22.5000 9309.9619   16.1139
    7.5000  -37.5000   22.5000 8821.3223   16.1350
   -7.5000  -30.0000   22.500010082.5068   15.8905
    0.0000  -30.0000   22.500010568.4746   15.9147
    7.5000  -30.0000   22.500010041.7363   15.9347
   -7.5000  -22.5000   22.500011326.9707   15.8015
    0.0000  -22.5000   22.500011844.2793   15.8282
    7.5000  -22.5000   22.500011251.4316   15.8514
   -7.5000  -15.0000   22.500012470.2021   15.7417
    0.0000  -15.0000   22.500012999.0254   15.7706
    7.5000  -15.0000   22.500012365.4141   15.7975
   -7.5000   -7.5000   22.500013531.8262   15.7284
    0.0000   -7.5000   22.500014054.0205   15.7570
    7.5000   -7.5000   22.500013400.9170   15.7846
   -7.5000    0.0000   22.500014499.3428   15.7442
    0.0000    0.0000   22.500015049.2695   15.7711
    7.5000    0.0000   22.500014336.3184   15.7970
   -7.5000    7.5000   22.500014380.1260   15.7553
    0.0000    7.5000   22.500014937.7598   15.7800
    7.5000    7.5000   22.500014207.4033   15.8023
   -7.5000   15.0000   22.500014107.6709   15.7478
    0.0000   15.0000   22.500014690.9404   15.7718
    7.5000   15.0000   22.500013949.6631   15.7928
   -7.5000   22.5000   22.500013787.9121   15.7183
    0.0000   22.5000   22.500014397.9297   15.7448
    7.5000   22.5000   22.500013631.1973   15.7685
   -7.5000   30.0000   22.500013271.8682   15.5103
    0.0000   30.0000   22.500013906.4619   15.5387
    7.5000   30.0000   22.500013113.0176   15.5654
   -7.5000   37.5000   22.500013031.5137   15.5200
    0.0000   37.5000   22.500013667.3047   15.5482
    7.5000   37.5000   22.500012868.8848   15.5756
   -7.5000   45.0000   22.500012153.4219   15.1756
    0.0000   45.0000   22.500012743.8145   15.2015
    7.5000   45.0000   22.500012025.3564   15.2264
   -7.5000  -45.0000   30.0000 7375.3086   16.4167
    0.0000  -45.0000   30.0000 7733.3013   16.4458
    7.5000  -45.0000   30.0000 7351.3701   16.4675
   -7.5000  -37.5000   30.0000 8242.2812   16.1524
    0.0000  -37.5000   30.0000 8640.6094   16.1783
    7.5000  -37.5000   30.0000 8187.0562   16.1969
   -7.5000  -30.0000   30.0000 9396.3906   15.9509
    0.0000  -30.0000   30.0000 9847.3564   15.9756
    7.5000  -30.0000   30.0000 9336.5322   15.9929
   -7.5000  -22.5000   30.000010571.9043   15.8550
    0.0000  -22.5000   30.000011051.8291   15.8836
    7.5000  -22.5000   30.000010489.2109   15.9038
   -7.5000  -15.0000   30.000011662.1221   15.7911
    0.0000  -15.0000   30.000012163.2656   15.8233
    7.5000  -15.0000   30.000011542.8975   15.8474
   -7.5000   -7.5000   30.000012685.8730   15.7804
    0.0000   -7.5000   30.000013205.0977   15.8122
    7.5000   -7.5000   30.000012542.4053   15.8371
   -7.5000    0.0000   30.000013606.9590   15.8016
    0.0000    0.0000   30.000014147.8896   15.8306
    7.5000    0.0000   30.000013445.4746   15.8537
   -7.5000    7.5000   30.000013476.0430   15.8164
    0.0000    7.5000   30.000014006.9902   15.8419
    7.5000    7.5000   30.000013321.8613   15.8618
   -7.5000   15.0000   30.000013206.3389   15.8072
    0.0000   15.0000   30.000013766.6836   15.8318
    7.5000   15.0000   30.000013068.0254   15.8500
   -7.5000   22.5000   30.000012873.0342   15.7711
    0.0000   22.5000   30.000013424.1689   15.7994
    7.5000   22.5000   30.000012739.6328   15.8202
   -7.5000   30.0000   30.000012379.3818   15.5586
    0.0000   30.0000   30.000012941.5596   15.5904
    7.5000   30.0000   30.000012254.5645   15.6142
   -7.5000   37.5000   30.000012204.6250   15.5711
    0.0000   37.5000   30.000012765.1045   15.6026
    7.5000   37.5000   30.000012063.6104   15.6272
   -7.5000   45.0000   30.000011421.5801   15.2310
    0.0000   45.0000   30.000011936.3477   15.2589
    7.5000   45.0000   30.000011279.6768   15.2812
   -7.5000  -45.0000   37.5000 7037.1665   16.5727
    0.0000  -45.0000   37.5000 7395.1333   16.5974
    7.5000  -45.0000   37.5000 7024.1484   16.6151
   -7.5000  -37.5000   37.5000 7895.1816   16.3081
    0.0000  -37.5000   37.5000 8282.5762   16.3297
    7.5000  -37.5000   37.5000 7842.9873   16.3458
   -7.5000  -30.0000   37.5000 9030.3154   16.1039
    0.0000  -30.0000   37.5000 9466.4443   16.1255
    7.5000  -30.0000   37.5000 8964.6768   16.1414
   -7.5000  -22.5000   37.500010163.0273   16.0045
    0.0000  -22.5000   37.500010648.1738   16.0317
    7.5000  -22.5000   37.500010096.1270   16.0514
   -7.5000  -15.0000   37.500011223.5859   15.9374
    0.0000  -15.0000   37.500011730.5732   15.9691
    7.5000  -15.0000   37.500011131.9229   15.9921
   -7.5000   -7.5000   37.500012209.4785   15.9261
    0.0000   -7.5000   37.500012732.4912   15.9558
    7.5000   -7.5000   37.500012101.3984   15.9781
   -7.5000    0.0000   37.500013108.0215   15.9488
    0.0000    0.0000   37.500013661.3350   15.9740
    7.5000    0.0000   37.500012988.7578   15.9939
   -7.5000    7.5000   37.500013001.7803   15.9662
    0.0000    7.5000   37.500013538.7402   15.9876
    7.5000    7.5000   37.500012883.6738   16.0052
   -7.5000   15.0000   37.500012713.3809   15.9579
    0.0000   15.0000   37.500013248.9414   15.9794
    7.5000   15.0000   37.500012604.4775   15.9964
   -7.5000   22.5000   37.500012364.8320   15.9194
    0.0000   22.5000   37.500012870.9121   15.9465
    7.5000   22.5000   37.500012229.6523   15.9667
   -7.5000   30.0000   37.500011922.9326   15.7027
    0.0000   30.0000   37.500012423.3018   15.7339
    7.5000   30.0000   37.500011782.1084   15.7567
   -7.5000   37.5000   37.500011795.8633   15.7148
    0.0000   37.5000   37.500012288.9785   15.7442
    7.5000   37.5000   37.500011639.7012   15.7663
   -7.5000   45.0000   37.500011075.4229   15.3728
    0.0000   45.0000   37.500011533.3232   15.3971
    7.5000   45.0000   37.500010929.9473   15.4163
   -7.5000  -45.0000   45.0000 6406.9917   16.6977
    0.0000  -45.0000   45.0000 6730.9180   16.7181
    7.5000  -45.0000   45.0000 6395.3682   16.7368
   -7.5000  -37.5000   45.0000 7175.3125   16.4311
    0.0000  -37.5000   45.0000 7521.7163   16.4489
    7.5000  -37.5000   45.0000 7141.6025   16.4668
   -7.5000  -30.0000   45.0000 8226.9893   16.2282
    0.0000  -30.0000   45.0000 8615.5586   16.2472
    7.5000  -30.0000   45.0000 8174.3652   16.2659
   -7.5000  -22.5000   45.0000 9273.5254   16.1316
    0.0000  -22.5000   45.0000 9705.6396   16.1569
    7.5000  -22.5000   45.0000 9210.9570   16.1802
   -7.5000  -15.0000   45.000010231.5674   16.0631
    0.0000  -15.0000   45.000010691.3047   16.0927
    7.5000  -15.0000   45.000010150.4541   16.1190
   -7.5000   -7.5000   45.000011143.2578   16.0458
    0.0000   -7.5000   45.000011614.1455   16.0725
    7.5000   -7.5000   45.000011040.7500   16.0967
   -7.5000    0.0000   45.000011963.3301   16.0644
    0.0000    0.0000   45.000012475.7539   16.0856
    7.5000    0.0000   45.000011860.0615   16.1070
   -7.5000    7.5000   45.000011884.6719   16.0830
    0.0000    7.5000   45.000012384.2783   16.1007
    7.5000    7.5000   45.000011771.4180   16.1203
   -7.5000   15.0000   45.000011631.4238   16.0795
    0.0000   15.0000   45.000012120.3838   16.0984
    7.5000   15.0000   45.000011520.0127   16.1182
   -7.5000   22.5000   45.000011288.2744   16.0453
    0.0000   22.5000   45.000011761.2725   16.0705
    7.5000   22.5000   45.000011181.1826   16.0943
   -7.5000   30.0000   45.000010893.1006   15.8250
    0.0000   30.0000   45.000011351.3701   15.8542
    7.5000   30.0000   45.000010783.1201   15.8803
   -7.5000   37.5000   45.000010803.6709   15.8316
    0.0000   37.5000   45.000011266.2109   15.8580
    7.5000   37.5000   45.000010684.9893   15.8820
   -7.5000   45.0000   45.000010188.4600   15.4912
    0.0000   45.0000   45.000010620.3086   15.5117
    7.5000   45.0000   45.000010058.8926   15.5323

---------------------------------------------------------------------
imgreg_4dfp /opt/freesurfer/average/711-2C_as_mni_average_305 /opt/freesurfer/average/711-2B_as_mni_average_305_mask talsrcimg_g11 none talsrcimg_to_711-2C_as_mni_average_305_t4 4355
---------------------------------------------------------------------

freesurfer imgreg_4dfp.c
/opt/freesurfer/average/711-2C_as_mni_average_305.4dfp.img
       256       256       256         1
  1.000000  1.000000  1.000000
orientation T byte_order littleendian
Reading image: /opt/freesurfer/average/711-2C_as_mni_average_305.4dfp.img
dimensions:      256       256       256
mmppix:       1.0000   -1.0000   -1.0000
center:     128.0000 -129.0000 -129.0000
/opt/freesurfer/average/711-2B_as_mni_average_305_mask.4dfp.img
       256       256       256         1
  1.000000  1.000000  1.000000
orientation T byte_order littleendian
Reading mask: /opt/freesurfer/average/711-2B_as_mni_average_305_mask.4dfp.img (2306576 pixels)
talsrcimg_g11.4dfp.img
       256       256       256         1
  1.000000  1.000000  1.000000
orientation T byte_order littleendian
Reading image: talsrcimg_g11.4dfp.img
dimensions:      256       256       256
mmppix:       1.0000   -1.0000   -1.0000
center:     128.0000 -129.0000 -129.0000
rotation matrix determinant  1.000000
image alignment mode   4355 decimal     1103 hex
   -7.5000  -45.0000  -45.0000 1747.7102   22.7744
    0.0000  -45.0000  -45.0000 1759.4521   22.7635
    7.5000  -45.0000  -45.0000 1741.6301   23.1613
   -7.5000  -37.5000  -45.0000 1867.3693   19.8918
    0.0000  -37.5000  -45.0000 1881.6520   19.8821
    7.5000  -37.5000  -45.0000 1858.3542   20.1902
   -7.5000  -30.0000  -45.0000 1974.3889   17.5775
    0.0000  -30.0000  -45.0000 1984.1262   17.5901
    7.5000  -30.0000  -45.0000 1964.2843   17.8648
   -7.5000  -22.5000  -45.0000 2077.0278   15.7863
    0.0000  -22.5000  -45.0000 2085.2654   15.8399
    7.5000  -22.5000  -45.0000 2061.8804   16.0482
   -7.5000  -15.0000  -45.0000 2167.4490   14.4373
    0.0000  -15.0000  -45.0000 2171.0051   14.4949
    7.5000  -15.0000  -45.0000 2152.4390   14.6458
   -7.5000   -7.5000  -45.0000 2238.0925   13.5008
    0.0000   -7.5000  -45.0000 2240.8542   13.5422
    7.5000   -7.5000  -45.0000 2225.7495   13.6551
   -7.5000    0.0000  -45.0000 2276.2256   12.8810
    0.0000    0.0000  -45.0000 2286.6377   12.8739
    7.5000    0.0000  -45.0000 2267.1489   13.0269
   -7.5000    7.5000  -45.0000 2301.1270   12.5336
    0.0000    7.5000  -45.0000 2305.2053   12.5051
    7.5000    7.5000  -45.0000 2285.6360   12.6825
   -7.5000   15.0000  -45.0000 2300.6445   12.4686
    0.0000   15.0000  -45.0000 2305.6309   12.4198
    7.5000   15.0000  -45.0000 2281.4392   12.5987
   -7.5000   22.5000  -45.0000 2289.8999   12.5787
    0.0000   22.5000  -45.0000 2295.6084   12.5299
    7.5000   22.5000  -45.0000 2269.6033   12.7186
   -7.5000   30.0000  -45.0000 2262.8477   12.9601
    0.0000   30.0000  -45.0000 2267.5322   12.9223
    7.5000   30.0000  -45.0000 2242.0205   13.1061
   -7.5000   37.5000  -45.0000 2213.4802   13.6433
    0.0000   37.5000  -45.0000 2219.4287   13.6137
    7.5000   37.5000  -45.0000 2194.4729   13.8074
   -7.5000   45.0000  -45.0000 2148.4592   14.5883
    0.0000   45.0000  -45.0000 2154.3027   14.5731
    7.5000   45.0000  -45.0000 2129.9863   14.7875
   -7.5000  -45.0000  -37.5000 1795.0989   21.1666
    0.0000  -45.0000  -37.5000 1805.4595   21.2141
    7.5000  -45.0000  -37.5000 1788.7727   21.5861
   -7.5000  -37.5000  -37.5000 1921.6962   18.4870
    0.0000  -37.5000  -37.5000 1932.5032   18.5114
    7.5000  -37.5000  -37.5000 1912.9648   18.8307
   -7.5000  -30.0000  -37.5000 2038.9119   16.3441
    0.0000  -30.0000  -37.5000 2051.3618   16.3921
    7.5000  -30.0000  -37.5000 2030.5616   16.6536
   -7.5000  -22.5000  -37.5000 2156.2166   14.7184
    0.0000  -22.5000  -37.5000 2164.8918   14.7738
    7.5000  -22.5000  -37.5000 2141.4055   14.9351
   -7.5000  -15.0000  -37.5000 2251.1448   13.4225
    0.0000  -15.0000  -37.5000 2256.1978   13.4776
    7.5000  -15.0000  -37.5000 2237.9697   13.6218
   -7.5000   -7.5000  -37.5000 2333.0000   12.5185
    0.0000   -7.5000  -37.5000 2335.2007   12.5509
    7.5000   -7.5000  -37.5000 2315.9009   12.6685
   -7.5000    0.0000  -37.5000 2371.6672   11.9301
    0.0000    0.0000  -37.5000 2380.9285   11.9428
    7.5000    0.0000  -37.5000 2359.1602   12.0468
   -7.5000    7.5000  -37.5000 2395.8450   11.5916
    0.0000    7.5000  -37.5000 2402.8462   11.5720
    7.5000    7.5000  -37.5000 2375.5498   11.7078
   -7.5000   15.0000  -37.5000 2397.6855   11.5033
    0.0000   15.0000  -37.5000 2403.9822   11.4690
    7.5000   15.0000  -37.5000 2376.3638   11.6154
   -7.5000   22.5000  -37.5000 2390.9990   11.6062
    0.0000   22.5000  -37.5000 2398.6572   11.5739
    7.5000   22.5000  -37.5000 2368.2083   11.7322
   -7.5000   30.0000  -37.5000 2360.5640   11.9651
    0.0000   30.0000  -37.5000 2365.0735   11.9180
    7.5000   30.0000  -37.5000 2337.4614   12.0903
   -7.5000   37.5000  -37.5000 2312.6326   12.5660
    0.0000   37.5000  -37.5000 2318.9092   12.5244
    7.5000   37.5000  -37.5000 2291.7253   12.7313
   -7.5000   45.0000  -37.5000 2242.6709   13.4393
    0.0000   45.0000  -37.5000 2249.8242   13.3852
    7.5000   45.0000  -37.5000 2226.4656   13.6138
   -7.5000  -45.0000  -30.0000 1876.7754   20.5345
    0.0000  -45.0000  -30.0000 1884.9551   20.6158
    7.5000  -45.0000  -30.0000 1871.4819   20.9307
   -7.5000  -37.5000  -30.0000 2012.1339   17.8703
    0.0000  -37.5000  -30.0000 2017.6417   17.9720
    7.5000  -37.5000  -30.0000 2004.3042   18.2208
   -7.5000  -30.0000  -30.0000 2142.5706   15.8366
    0.0000  -30.0000  -30.0000 2153.2324   15.9345
    7.5000  -30.0000  -30.0000 2132.5408   16.1267
   -7.5000  -22.5000  -30.0000 2267.5251   14.2294
    0.0000  -22.5000  -30.0000 2277.3623   14.3239
    7.5000  -22.5000  -30.0000 2254.9424   14.4636
   -7.5000  -15.0000  -30.0000 2373.9612   12.9767
    0.0000  -15.0000  -30.0000 2378.7954   13.0269
    7.5000  -15.0000  -30.0000 2356.5537   13.1662
   -7.5000   -7.5000  -30.0000 2458.9009   12.0220
    0.0000   -7.5000  -30.0000 2467.2690   12.0680
    7.5000   -7.5000  -30.0000 2440.5569   12.1869
   -7.5000    0.0000  -30.0000 2511.9233   11.4080
    0.0000    0.0000  -30.0000 2521.0354   11.4265
    7.5000    0.0000  -30.0000 2494.9177   11.5476
   -7.5000    7.5000  -30.0000 2542.4307   11.1094
    0.0000    7.5000  -30.0000 2547.9729   11.1015
    7.5000    7.5000  -30.0000 2520.0654   11.2192
   -7.5000   15.0000  -30.0000 2555.0168   11.0210
    0.0000   15.0000  -30.0000 2559.3835   10.9880
    7.5000   15.0000  -30.0000 2530.3164   11.1174
   -7.5000   22.5000  -30.0000 2543.4680   11.1521
    0.0000   22.5000  -30.0000 2548.7517   11.1029
    7.5000   22.5000  -30.0000 2516.4036   11.2522
   -7.5000   30.0000  -30.0000 2508.5293   11.4825
    0.0000   30.0000  -30.0000 2516.5571   11.4337
    7.5000   30.0000  -30.0000 2487.7400   11.6043
   -7.5000   37.5000  -30.0000 2459.3203   12.0494
    0.0000   37.5000  -30.0000 2466.2632   11.9948
    7.5000   37.5000  -30.0000 2435.1687   12.1855
   -7.5000   45.0000  -30.0000 2385.1143   12.8660
    0.0000   45.0000  -30.0000 2391.3093   12.8236
    7.5000   45.0000  -30.0000 2362.7261   13.0147
   -7.5000  -45.0000  -22.5000 1936.8057   19.8269
    0.0000  -45.0000  -22.5000 1943.3746   19.9389
    7.5000  -45.0000  -22.5000 1930.2590   20.2297
   -7.5000  -37.5000  -22.5000 2077.4507   17.2529
    0.0000  -37.5000  -22.5000 2085.9519   17.3575
    7.5000  -37.5000  -22.5000 2068.8943   17.5959
   -7.5000  -30.0000  -22.5000 2219.0710   15.2731
    0.0000  -30.0000  -22.5000 2229.7446   15.3725
    7.5000  -30.0000  -22.5000 2209.2830   15.5697
   -7.5000  -22.5000  -22.5000 2351.2776   13.6519
    0.0000  -22.5000  -22.5000 2361.7859   13.7419
    7.5000  -22.5000  -22.5000 2335.9062   13.9305
   -7.5000  -15.0000  -22.5000 2461.8054   12.4033
    0.0000  -15.0000  -22.5000 2470.8691   12.4525
    7.5000  -15.0000  -22.5000 2444.1809   12.6168
   -7.5000   -7.5000  -22.5000 2552.5952   11.4827
    0.0000   -7.5000  -22.5000 2557.2998   11.4973
    7.5000   -7.5000  -22.5000 2535.4705   11.6333
   -7.5000    0.0000  -22.5000 2624.5864   10.8732
    0.0000    0.0000  -22.5000 2631.3186   10.8629
    7.5000    0.0000  -22.5000 2607.5850   10.9826
   -7.5000    7.5000  -22.5000 2669.0847   10.5580
    0.0000    7.5000  -22.5000 2671.0291   10.5379
    7.5000    7.5000  -22.5000 2640.9773   10.6633
   -7.5000   15.0000  -22.5000 2688.4080   10.4597
    0.0000   15.0000  -22.5000 2690.1228   10.4303
    7.5000   15.0000  -22.5000 2657.8665   10.5493
   -7.5000   22.5000  -22.5000 2676.7573   10.5978
    0.0000   22.5000  -22.5000 2679.8647   10.5687
    7.5000   22.5000  -22.5000 2645.2510   10.6888
   -7.5000   30.0000  -22.5000 2642.0925   10.9513
    0.0000   30.0000  -22.5000 2651.0217   10.9147
    7.5000   30.0000  -22.5000 2613.2415   11.0537
   -7.5000   37.5000  -22.5000 2587.3391   11.4827
    0.0000   37.5000  -22.5000 2594.3582   11.4383
    7.5000   37.5000  -22.5000 2559.1230   11.5984
   -7.5000   45.0000  -22.5000 2503.1484   12.2376
    0.0000   45.0000  -22.5000 2511.4272   12.2107
    7.5000   45.0000  -22.5000 2476.5244   12.3878
   -7.5000  -45.0000  -15.0000 1970.6610   19.2466
    0.0000  -45.0000  -15.0000 1973.8303   19.3449
    7.5000  -45.0000  -15.0000 1963.0665   19.6300
   -7.5000  -37.5000  -15.0000 2117.2346   16.7356
    0.0000  -37.5000  -15.0000 2127.9749   16.8306
    7.5000  -37.5000  -15.0000 2108.5771   17.0355
   -7.5000  -30.0000  -15.0000 2260.7393   14.7620
    0.0000  -30.0000  -15.0000 2273.2158   14.8083
    7.5000  -30.0000  -15.0000 2252.0967   15.0100
   -7.5000  -22.5000  -15.0000 2397.7478   13.1660
    0.0000  -22.5000  -15.0000 2409.7349   13.1993
    7.5000  -22.5000  -15.0000 2382.9075   13.3747
   -7.5000  -15.0000  -15.0000 2514.9248   11.9088
    0.0000  -15.0000  -15.0000 2525.4951   11.9315
    7.5000  -15.0000  -15.0000 2498.1848   12.1075
   -7.5000   -7.5000  -15.0000 2620.1355   11.0034
    0.0000   -7.5000  -15.0000 2622.0396   10.9996
    7.5000   -7.5000  -15.0000 2600.8362   11.1593
   -7.5000    0.0000  -15.0000 2703.6682   10.3868
    0.0000    0.0000  -15.0000 2708.7905   10.3636
    7.5000    0.0000  -15.0000 2680.5845   10.5028
   -7.5000    7.5000  -15.0000 2758.8633   10.0349
    0.0000    7.5000  -15.0000 2762.6328    9.9966
    7.5000    7.5000  -15.0000 2731.8059   10.1379
   -7.5000   15.0000  -15.0000 2789.1880    9.8980
    0.0000   15.0000  -15.0000 2792.5281    9.8717
    7.5000   15.0000  -15.0000 2753.5088    9.9912
   -7.5000   22.5000  -15.0000 2784.5256   10.0550
    0.0000   22.5000  -15.0000 2790.9229   10.0333
    7.5000   22.5000  -15.0000 2751.9673   10.1363
   -7.5000   30.0000  -15.0000 2746.6506   10.4349
    0.0000   30.0000  -15.0000 2758.9954   10.4023
    7.5000   30.0000  -15.0000 2717.6716   10.5177
   -7.5000   37.5000  -15.0000 2680.9385   10.9628
    0.0000   37.5000  -15.0000 2693.5706   10.9136
    7.5000   37.5000  -15.0000 2656.6218   11.0570
   -7.5000   45.0000  -15.0000 2589.6687   11.6722
    0.0000   45.0000  -15.0000 2600.9492   11.6183
    7.5000   45.0000  -15.0000 2563.9434   11.7878
   -7.5000  -45.0000   -7.5000 1991.1477   18.8229
    0.0000  -45.0000   -7.5000 1996.4622   18.8701
    7.5000  -45.0000   -7.5000 1982.5343   19.1732
   -7.5000  -37.5000   -7.5000 2137.8689   16.3359
    0.0000  -37.5000   -7.5000 2148.0781   16.3580
    7.5000  -37.5000   -7.5000 2126.6155   16.5958
   -7.5000  -30.0000   -7.5000 2278.8193   14.3425
    0.0000  -30.0000   -7.5000 2292.5613   14.3444
    7.5000  -30.0000   -7.5000 2267.7974   14.5564
   -7.5000  -22.5000   -7.5000 2421.3745   12.7395
    0.0000  -22.5000   -7.5000 2432.1777   12.7442
    7.5000  -22.5000   -7.5000 2407.3530   12.9214
   -7.5000  -15.0000   -7.5000 2547.7620   11.5061
    0.0000  -15.0000   -7.5000 2558.7737   11.5123
    7.5000  -15.0000   -7.5000 2532.9026   11.6883
   -7.5000   -7.5000   -7.5000 2659.1755   10.6050
    0.0000   -7.5000   -7.5000 2668.7820   10.5958
    7.5000   -7.5000   -7.5000 2641.4126   10.7618
   -7.5000    0.0000   -7.5000 2756.8105    9.9811
    0.0000    0.0000   -7.5000 2765.4570    9.9637
    7.5000    0.0000   -7.5000 2733.7729   10.1050
   -7.5000    7.5000   -7.5000 2824.8384    9.5996
    0.0000    7.5000   -7.5000 2835.8574    9.5727
    7.5000    7.5000   -7.5000 2797.7329    9.7061
   -7.5000   15.0000   -7.5000 2866.8967    9.4314
    0.0000   15.0000   -7.5000 2876.2529    9.3981
    7.5000   15.0000   -7.5000 2832.2402    9.5434
   -7.5000   22.5000   -7.5000 2870.4751    9.5929
    0.0000   22.5000   -7.5000 2883.4160    9.5535
    7.5000   22.5000   -7.5000 2835.7910    9.6848
   -7.5000   30.0000   -7.5000 2831.7891    9.9674
    0.0000   30.0000   -7.5000 2847.4260    9.9295
    7.5000   30.0000   -7.5000 2801.1445   10.0483
   -7.5000   37.5000   -7.5000 2754.3982   10.4843
    0.0000   37.5000   -7.5000 2767.2000   10.4499
    7.5000   37.5000   -7.5000 2730.0859   10.5880
   -7.5000   45.0000   -7.5000 2647.4832   11.1769
    0.0000   45.0000   -7.5000 2663.1812   11.1155
    7.5000   45.0000   -7.5000 2624.7637   11.2768
   -7.5000  -45.0000    0.0000 1995.7002   18.6257
    0.0000  -45.0000    0.0000 2003.3523   18.6330
    7.5000  -45.0000    0.0000 1988.2833   18.9065
   -7.5000  -37.5000    0.0000 2145.7512   16.1374
    0.0000  -37.5000    0.0000 2156.2183   16.1234
    7.5000  -37.5000    0.0000 2135.1360   16.3401
   -7.5000  -30.0000    0.0000 2280.1597   14.1023
    0.0000  -30.0000    0.0000 2296.8118   14.0839
    7.5000  -30.0000    0.0000 2271.5278   14.3083
   -7.5000  -22.5000    0.0000 2425.9761   12.4842
    0.0000  -22.5000    0.0000 2437.0825   12.4585
    7.5000  -22.5000    0.0000 2414.5383   12.6641
   -7.5000  -15.0000    0.0000 2559.3062   11.2508
    0.0000  -15.0000    0.0000 2570.5867   11.2405
    7.5000  -15.0000    0.0000 2543.3101   11.4243
   -7.5000   -7.5000    0.0000 2676.8738   10.3516
    0.0000   -7.5000    0.0000 2687.5488   10.3290
    7.5000   -7.5000    0.0000 2657.1814   10.4870
   -7.5000    0.0000    0.0000 2785.3850    9.7066
    0.0000    0.0000    0.0000 2800.1426    9.6810
    7.5000    0.0000    0.0000 2763.8816    9.8340
   -7.5000    7.5000    0.0000 2873.3198    9.3243
    0.0000    7.5000    0.0000 2889.1125    9.2870
    7.5000    7.5000    0.0000 2845.7324    9.4352
   -7.5000   15.0000    0.0000 2932.0144    9.1228
    0.0000   15.0000    0.0000 2946.7515    9.0868
    7.5000   15.0000    0.0000 2894.5693    9.2557
   -7.5000   22.5000    0.0000 2939.5911    9.2629
    0.0000   22.5000    0.0000 2954.0527    9.2373
    7.5000   22.5000    0.0000 2899.7893    9.3890
   -7.5000   30.0000    0.0000 2887.3752    9.6414
    0.0000   30.0000    0.0000 2911.5132    9.6052
    7.5000   30.0000    0.0000 2852.5779    9.7506
   -7.5000   37.5000    0.0000 2797.6086   10.1684
    0.0000   37.5000    0.0000 2820.0234   10.1208
    7.5000   37.5000    0.0000 2766.9939   10.2841
   -7.5000   45.0000    0.0000 2683.7476   10.8285
    0.0000   45.0000    0.0000 2699.6428   10.7791
    7.5000   45.0000    0.0000 2657.7847   10.9442
   -7.5000  -45.0000    7.5000 1993.1261   18.6513
    0.0000  -45.0000    7.5000 2006.2664   18.6117
    7.5000  -45.0000    7.5000 1983.0986   18.9097
   -7.5000  -37.5000    7.5000 2139.8438   16.0945
    0.0000  -37.5000    7.5000 2156.0850   16.0302
    7.5000  -37.5000    7.5000 2132.7158   16.2904
   -7.5000  -30.0000    7.5000 2270.3215   14.0444
    0.0000  -30.0000    7.5000 2289.4248   13.9857
    7.5000  -30.0000    7.5000 2266.8872   14.2284
   -7.5000  -22.5000    7.5000 2415.3770   12.4052
    0.0000  -22.5000    7.5000 2429.6958   12.3421
    7.5000  -22.5000    7.5000 2406.1846   12.5674
   -7.5000  -15.0000    7.5000 2550.1873   11.1638
    0.0000  -15.0000    7.5000 2560.7429   11.1066
    7.5000  -15.0000    7.5000 2533.1953   11.3118
   -7.5000   -7.5000    7.5000 2674.0593   10.2394
    0.0000   -7.5000    7.5000 2689.8452   10.1901
    7.5000   -7.5000    7.5000 2655.8604   10.3825
   -7.5000    0.0000    7.5000 2791.1553    9.5789
    0.0000    0.0000    7.5000 2810.4036    9.5190
    7.5000    0.0000    7.5000 2769.1602    9.7184
   -7.5000    7.5000    7.5000 2893.6145    9.2006
    0.0000    7.5000    7.5000 2912.5654    9.1309
    7.5000    7.5000    7.5000 2866.5671    9.3206
   -7.5000   15.0000    7.5000 2956.6509    9.0173
    0.0000   15.0000    7.5000 2983.5225    8.9550
    7.5000   15.0000    7.5000 2923.6472    9.1450
   -7.5000   22.5000    7.5000 2973.4824    9.1061
    0.0000   22.5000    7.5000 2999.5159    9.0475
    7.5000   22.5000    7.5000 2934.1304    9.2574
   -7.5000   30.0000    7.5000 2913.5913    9.4600
    0.0000   30.0000    7.5000 2939.4629    9.4127
    7.5000   30.0000    7.5000 2878.3157    9.5958
   -7.5000   37.5000    7.5000 2812.8416    9.9743
    0.0000   37.5000    7.5000 2836.2605    9.9281
    7.5000   37.5000    7.5000 2785.0281   10.0898
   -7.5000   45.0000    7.5000 2691.3235   10.6486
    0.0000   45.0000    7.5000 2704.4873   10.5965
    7.5000   45.0000    7.5000 2667.7073   10.7655
   -7.5000  -45.0000   15.0000 1975.3633   18.9536
    0.0000  -45.0000   15.0000 1990.5903   18.8363
    7.5000  -45.0000   15.0000 1970.9058   19.1545
   -7.5000  -37.5000   15.0000 2120.0977   16.3246
    0.0000  -37.5000   15.0000 2139.4065   16.2357
    7.5000  -37.5000   15.0000 2116.3979   16.4988
   -7.5000  -30.0000   15.0000 2250.3486   14.1825
    0.0000  -30.0000   15.0000 2271.1558   14.1073
    7.5000  -30.0000   15.0000 2248.4963   14.3592
   -7.5000  -22.5000   15.0000 2391.9949   12.5146
    0.0000  -22.5000   15.0000 2407.8196   12.4151
    7.5000  -22.5000   15.0000 2382.0413   12.6686
   -7.5000  -15.0000   15.0000 2521.6118   11.2458
    0.0000  -15.0000   15.0000 2537.3462   11.1468
    7.5000  -15.0000   15.0000 2511.1394   11.3917
   -7.5000   -7.5000   15.0000 2648.5552   10.3181
    0.0000   -7.5000   15.0000 2666.7153   10.2105
    7.5000   -7.5000   15.0000 2634.6384   10.4480
   -7.5000    0.0000   15.0000 2768.1492    9.6530
    0.0000    0.0000   15.0000 2785.2825    9.5384
    7.5000    0.0000   15.0000 2750.0349    9.7821
   -7.5000    7.5000   15.0000 2870.9512    9.2774
    0.0000    7.5000   15.0000 2890.5471    9.1781
    7.5000    7.5000   15.0000 2849.1091    9.3987
   -7.5000   15.0000   15.0000 2937.2053    9.1131
    0.0000   15.0000   15.0000 2964.4441    9.0242
    7.5000   15.0000   15.0000 2908.6099    9.2296
   -7.5000   22.5000   15.0000 2955.1326    9.2110
    0.0000   22.5000   15.0000 2986.3604    9.1191
    7.5000   22.5000   15.0000 2924.5991    9.3134
   -7.5000   30.0000   15.0000 2899.6448    9.4773
    0.0000   30.0000   15.0000 2928.0391    9.4296
    7.5000   30.0000   15.0000 2870.6760    9.5911
   -7.5000   37.5000   15.0000 2798.7061    9.9435
    0.0000   37.5000   15.0000 2822.5454    9.8833
    7.5000   37.5000   15.0000 2775.2146   10.0695
   -7.5000   45.0000   15.0000 2673.2551   10.6337
    0.0000   45.0000   15.0000 2687.9333   10.5764
    7.5000   45.0000   15.0000 2656.9202   10.7493
   -7.5000  -45.0000   22.5000 1941.0170   19.5932
    0.0000  -45.0000   22.5000 1953.0238   19.4509
    7.5000  -45.0000   22.5000 1935.5670   19.7491
   -7.5000  -37.5000   22.5000 2092.3486   16.8309
    0.0000  -37.5000   22.5000 2111.1052   16.6958
    7.5000  -37.5000   22.5000 2086.1580   16.9712
   -7.5000  -30.0000   22.5000 2221.6646   14.5782
    0.0000  -30.0000   22.5000 2240.4006   14.4292
    7.5000  -30.0000   22.5000 2221.2964   14.7355
   -7.5000  -22.5000   22.5000 2358.1777   12.8653
    0.0000  -22.5000   22.5000 2375.7563   12.6927
    7.5000  -22.5000   22.5000 2352.6050   12.9956
   -7.5000  -15.0000   22.5000 2483.4751   11.5853
    0.0000  -15.0000   22.5000 2498.5845   11.4084
    7.5000  -15.0000   22.5000 2476.9507   11.6908
   -7.5000   -7.5000   22.5000 2607.7598   10.6536
    0.0000   -7.5000   22.5000 2621.4094   10.4950
    7.5000   -7.5000   22.5000 2597.6621   10.7473
   -7.5000    0.0000   22.5000 2718.2197   10.0029
    0.0000    0.0000   22.5000 2731.7102    9.8545
    7.5000    0.0000   22.5000 2701.9736   10.1000
   -7.5000    7.5000   22.5000 2813.8767    9.5966
    0.0000    7.5000   22.5000 2831.3994    9.4906
    7.5000    7.5000   22.5000 2796.1133    9.7007
   -7.5000   15.0000   22.5000 2880.2388    9.3905
    0.0000   15.0000   22.5000 2905.7554    9.2963
    7.5000   15.0000   22.5000 2857.2793    9.5047
   -7.5000   22.5000   22.5000 2899.5222    9.4377
    0.0000   22.5000   22.5000 2923.0181    9.3760
    7.5000   22.5000   22.5000 2877.3506    9.5457
   -7.5000   30.0000   22.5000 2848.0847    9.6875
    0.0000   30.0000   22.5000 2869.5706    9.6556
    7.5000   30.0000   22.5000 2826.4026    9.8136
   -7.5000   37.5000   22.5000 2752.0383   10.1720
    0.0000   37.5000   22.5000 2772.1155   10.1152
    7.5000   37.5000   22.5000 2735.3572   10.2921
   -7.5000   45.0000   22.5000 2633.0359   10.8649
    0.0000   45.0000   22.5000 2649.7185   10.7899
    7.5000   45.0000   22.5000 2622.9128   10.9798
   -7.5000  -45.0000   30.0000 1890.2991   20.4998
    0.0000  -45.0000   30.0000 1897.7261   20.3030
    7.5000  -45.0000   30.0000 1882.1923   20.5912
   -7.5000  -37.5000   30.0000 2046.9105   17.5808
    0.0000  -37.5000   30.0000 2056.3882   17.3802
    7.5000  -37.5000   30.0000 2038.4578   17.6554
   -7.5000  -30.0000   30.0000 2179.6499   15.2543
    0.0000  -30.0000   30.0000 2195.3176   15.0617
    7.5000  -30.0000   30.0000 2178.8733   15.3443
   -7.5000  -22.5000   30.0000 2316.8906   13.4778
    0.0000  -22.5000   30.0000 2329.6624   13.2877
    7.5000  -22.5000   30.0000 2308.9336   13.5507
   -7.5000  -15.0000   30.0000 2437.1733   12.1646
    0.0000  -15.0000   30.0000 2449.8926   11.9822
    7.5000  -15.0000   30.0000 2427.3843   12.2238
   -7.5000   -7.5000   30.0000 2552.6226   11.2145
    0.0000   -7.5000   30.0000 2565.9944   11.0462
    7.5000   -7.5000   30.0000 2541.4548   11.2776
   -7.5000    0.0000   30.0000 2656.5669   10.5381
    0.0000    0.0000   30.0000 2666.0190   10.3848
    7.5000    0.0000   30.0000 2643.5681   10.6066
   -7.5000    7.5000   30.0000 2743.2563   10.1063
    0.0000    7.5000   30.0000 2754.9648    9.9694
    7.5000    7.5000   30.0000 2730.1052   10.1781
   -7.5000   15.0000   30.0000 2797.5608    9.8770
    0.0000   15.0000   30.0000 2815.0449    9.7770
    7.5000   15.0000   30.0000 2781.8792    9.9703
   -7.5000   22.5000   30.0000 2809.8906    9.8846
    0.0000   22.5000   30.0000 2823.4731    9.8139
    7.5000   22.5000   30.0000 2791.9753    9.9927
   -7.5000   30.0000   30.0000 2764.9385   10.1222
    0.0000   30.0000   30.0000 2780.5864   10.0798
    7.5000   30.0000   30.0000 2748.4924   10.2582
   -7.5000   37.5000   30.0000 2681.7961   10.6172
    0.0000   37.5000   30.0000 2699.1499   10.5690
    7.5000   37.5000   30.0000 2669.0410   10.7272
   -7.5000   45.0000   30.0000 2572.1638   11.3071
    0.0000   45.0000   30.0000 2587.7126   11.2307
    7.5000   45.0000   30.0000 2563.7068   11.4033
   -7.5000  -45.0000   37.5000 1830.0026   21.6990
    0.0000  -45.0000   37.5000 1834.6349   21.4700
    7.5000  -45.0000   37.5000 1824.9645   21.7542
   -7.5000  -37.5000   37.5000 1990.3406   18.6470
    0.0000  -37.5000   37.5000 1994.4442   18.3782
    7.5000  -37.5000   37.5000 1983.8208   18.6247
   -7.5000  -30.0000   37.5000 2132.8887   16.1868
    0.0000  -30.0000   37.5000 2143.8030   15.9694
    7.5000  -30.0000   37.5000 2125.8665   16.2109
   -7.5000  -22.5000   37.5000 2263.2627   14.3261
    0.0000  -22.5000   37.5000 2277.8093   14.1289
    7.5000  -22.5000   37.5000 2255.1970   14.3920
   -7.5000  -15.0000   37.5000 2381.9072   12.9316
    0.0000  -15.0000   37.5000 2395.2000   12.7313
    7.5000  -15.0000   37.5000 2370.4626   13.0020
   -7.5000   -7.5000   37.5000 2491.8027   11.9184
    0.0000   -7.5000   37.5000 2504.0896   11.7386
    7.5000   -7.5000   37.5000 2481.6646   11.9995
   -7.5000    0.0000   37.5000 2588.5979   11.2128
    0.0000    0.0000   37.5000 2601.0427   11.0542
    7.5000    0.0000   37.5000 2579.2566   11.2834
   -7.5000    7.5000   37.5000 2665.2886   10.7710
    0.0000    7.5000   37.5000 2681.1592   10.6082
    7.5000    7.5000   37.5000 2655.3438   10.8355
   -7.5000   15.0000   37.5000 2705.5386   10.5165
    0.0000   15.0000   37.5000 2718.8752   10.3987
    7.5000   15.0000   37.5000 2694.4604   10.6019
   -7.5000   22.5000   37.5000 2708.7725   10.5026
    0.0000   22.5000   37.5000 2719.1255   10.3951
    7.5000   22.5000   37.5000 2694.4656   10.5895
   -7.5000   30.0000   37.5000 2667.9622   10.7311
    0.0000   30.0000   37.5000 2681.6833   10.6515
    7.5000   30.0000   37.5000 2658.0815   10.8165
   -7.5000   37.5000   37.5000 2600.6487   11.2225
    0.0000   37.5000   37.5000 2614.5242   11.1353
    7.5000   37.5000   37.5000 2590.5962   11.2823
   -7.5000   45.0000   37.5000 2502.6555   11.9113
    0.0000   45.0000   37.5000 2515.5234   11.8230
    7.5000   45.0000   37.5000 2496.1638   11.9717
   -7.5000  -45.0000   45.0000 1766.1344   23.2809
    0.0000  -45.0000   45.0000 1767.1630   23.0568
    7.5000  -45.0000   45.0000 1752.8647   23.3683
   -7.5000  -37.5000   45.0000 1926.5536   19.9095
    0.0000  -37.5000   45.0000 1930.0898   19.6377
    7.5000  -37.5000   45.0000 1916.2250   19.9179
   -7.5000  -30.0000   45.0000 2074.0588   17.3287
    0.0000  -30.0000   45.0000 2084.1284   17.0705
    7.5000  -30.0000   45.0000 2066.5042   17.3625
   -7.5000  -22.5000   45.0000 2203.3743   15.3708
    0.0000  -22.5000   45.0000 2219.3965   15.1352
    7.5000  -22.5000   45.0000 2196.7805   15.4163
   -7.5000  -15.0000   45.0000 2315.1506   13.8850
    0.0000  -15.0000   45.0000 2332.8506   13.6602
    7.5000  -15.0000   45.0000 2304.7417   13.9354
   -7.5000   -7.5000   45.0000 2419.9958   12.8038
    0.0000   -7.5000   45.0000 2433.7859   12.5948
    7.5000   -7.5000   45.0000 2407.9983   12.8850
   -7.5000    0.0000   45.0000 2507.6902   12.0618
    0.0000    0.0000   45.0000 2522.2827   11.8814
    7.5000    0.0000   45.0000 2496.6423   12.1357
   -7.5000    7.5000   45.0000 2574.8730   11.5914
    0.0000    7.5000   45.0000 2592.0557   11.4334
    7.5000    7.5000   45.0000 2562.7302   11.6583
   -7.5000   15.0000   45.0000 2607.2339   11.3127
    0.0000   15.0000   45.0000 2619.9087   11.1912
    7.5000   15.0000   45.0000 2597.1753   11.3908
   -7.5000   22.5000   45.0000 2602.4382   11.2578
    0.0000   22.5000   45.0000 2613.9624   11.1492
    7.5000   22.5000   45.0000 2596.3215   11.3298
   -7.5000   30.0000   45.0000 2563.1931   11.4597
    0.0000   30.0000   45.0000 2575.6948   11.3697
    7.5000   30.0000   45.0000 2560.8408   11.5380
   -7.5000   37.5000   45.0000 2504.5020   11.9369
    0.0000   37.5000   45.0000 2520.5718   11.8469
    7.5000   37.5000   45.0000 2501.1470   11.9910
   -7.5000   45.0000   45.0000 2422.5574   12.6249
    0.0000   45.0000   45.0000 2438.3811   12.5199
    7.5000   45.0000   45.0000 2417.1904   12.6763

---------------------------------------------------------------------
imgreg_4dfp /opt/freesurfer/average/711-2C_as_mni_average_305 /opt/freesurfer/average/711-2B_as_mni_average_305_mask talsrcimg_g11 none talsrcimg_to_711-2C_as_mni_average_305_t4 1283
---------------------------------------------------------------------

freesurfer imgreg_4dfp.c
/opt/freesurfer/average/711-2C_as_mni_average_305.4dfp.img
       256       256       256         1
  1.000000  1.000000  1.000000
orientation T byte_order littleendian
Reading image: /opt/freesurfer/average/711-2C_as_mni_average_305.4dfp.img
dimensions:      256       256       256
mmppix:       1.0000   -1.0000   -1.0000
center:     128.0000 -129.0000 -129.0000
/opt/freesurfer/average/711-2B_as_mni_average_305_mask.4dfp.img
       256       256       256         1
  1.000000  1.000000  1.000000
orientation T byte_order littleendian
Reading mask: /opt/freesurfer/average/711-2B_as_mni_average_305_mask.4dfp.img (2306576 pixels)
talsrcimg_g11.4dfp.img
       256       256       256         1
  1.000000  1.000000  1.000000
orientation T byte_order littleendian
Reading image: talsrcimg_g11.4dfp.img
dimensions:      256       256       256
mmppix:       1.0000   -1.0000   -1.0000
center:     128.0000 -129.0000 -129.0000
rotation matrix determinant  1.000000
fimgreg.f
image alignment mode   1283 decimal      503 hex
parameters
    0.0000   22.5000    7.5000    0.0000    0.0000    0.0000
eta,q 0.94074  9.03782
niter,ni,del,rscale     5    3   12.0000    1.2000
parameter  4  2.096204 ->  0.500000 qaram    1.1500
parameters
   -2.0347   20.1544   10.2856   -3.4500    0.3305    1.9490
eta,q 0.95088  8.83668
  0.0641  0.0600  0.0646  0.0480  0.0561  0.0558
  0.0591  0.0566  0.0613  0.0489  0.0533  0.0529
  0.0574  0.0554  0.0580  0.0512  0.0507  0.0506
  0.0601  0.0574  0.0555  0.0541  0.0494  0.0493
  0.0645  0.0616  0.0542  0.0566  0.0498  0.0491
  0.0697  0.0680  0.0543  0.0596  0.0519  0.0497
  0.0767  0.0753  0.0563  0.0635  0.0552  0.0506
niter,ni,del,rscale     5    3   12.0000    1.2000
parameter  4  0.655190 ->  0.500000 qaram    1.3225
parameters
   -2.0146   20.9612    9.7161   -7.4175    0.0921    2.3234
eta,q 0.95438  8.82945
  0.0632  0.0639  0.0550  0.0487  0.0524  0.0494
  0.0559  0.0571  0.0521  0.0459  0.0488  0.0475
  0.0510  0.0521  0.0500  0.0464  0.0463  0.0465
  0.0491  0.0491  0.0489  0.0490  0.0458  0.0457
  0.0513  0.0496  0.0504  0.0529  0.0472  0.0456
  0.0566  0.0531  0.0540  0.0557  0.0497  0.0468
  0.0624  0.0578  0.0578  0.0586  0.0532  0.0488
niter,ni,del,rscale     5    3   12.0000    1.2000
parameters
   -1.8531   22.7347    8.9552   -8.8963   -0.0429    2.5142
eta,q 0.95635  8.84580
  0.0604  0.0637  0.0525  0.0515  0.0513  0.0477
  0.0532  0.0560  0.0492  0.0483  0.0476  0.0459
  0.0480  0.0499  0.0458  0.0439  0.0448  0.0445
  0.0456  0.0456  0.0447  0.0447  0.0437  0.0437
  0.0474  0.0447  0.0472  0.0484  0.0450  0.0437
  0.0524  0.0469  0.0524  0.0535  0.0481  0.0452
  0.0588  0.0507  0.0579  0.0579  0.0520  0.0477
niter,ni,del,rscale     4    3   12.0000    1.2000
parameters
   -1.8243   23.4633    8.4740   -9.9574   -0.2151    2.3471
eta,q 0.95675  8.86911
  0.0592  0.0573  0.0525  0.0516  0.0509  0.0472
  0.0514  0.0515  0.0492  0.0489  0.0472  0.0453
  0.0458  0.0460  0.0456  0.0440  0.0444  0.0439
  0.0437  0.0437  0.0437  0.0439  0.0432  0.0432
  0.0461  0.0445  0.0455  0.0471  0.0444  0.0436
  0.0516  0.0471  0.0507  0.0519  0.0477  0.0454
  0.0585  0.0525  0.0568  0.0569  0.0521  0.0480
niter,ni,del,rscale     3    3   12.0000    1.2000
parameters
   -1.7727   23.9182    8.0846  -10.7550   -0.3447    2.1443
eta,q 0.95703  8.88906
  0.0596  0.0558  0.0522  0.0515  0.0508  0.0473
  0.0514  0.0505  0.0489  0.0493  0.0471  0.0452
  0.0453  0.0455  0.0453  0.0446  0.0443  0.0436
  0.0432  0.0433  0.0432  0.0433  0.0429  0.0430
  0.0459  0.0438  0.0448  0.0465  0.0440  0.0436
  0.0514  0.0470  0.0496  0.0509  0.0473  0.0454
  0.0585  0.0534  0.0561  0.0560  0.0519  0.0481
niter,ni,del,rscale     2    3   12.0000    1.2000
parameters
   -1.7309   24.2147    7.7621  -11.3240   -0.4305    1.9840
eta,q 0.95712  8.90386
  0.0600  0.0551  0.0520  0.0517  0.0509  0.0475
  0.0514  0.0503  0.0485  0.0495  0.0471  0.0453
  0.0450  0.0457  0.0450  0.0454  0.0443  0.0435
  0.0430  0.0430  0.0429  0.0430  0.0429  0.0429
  0.0459  0.0435  0.0443  0.0461  0.0438  0.0437
  0.0516  0.0475  0.0489  0.0503  0.0471  0.0456
  0.0589  0.0541  0.0555  0.0552  0.0517  0.0481
niter,ni,del,rscale     1    3   12.0000    1.2000
parameters
   -1.7021   24.4055    7.5179  -11.7116   -0.4913    1.8460
eta,q 0.95710  8.91338
  0.0602  0.0546  0.0521  0.0520  0.0509  0.0477
  0.0515  0.0503  0.0484  0.0496  0.0472  0.0453
  0.0449  0.0459  0.0449  0.0460  0.0443  0.0436
  0.0429  0.0429  0.0428  0.0429  0.0429  0.0429
  0.0459  0.0435  0.0440  0.0457  0.0438  0.0438
  0.0518  0.0480  0.0484  0.0499  0.0471  0.0457
  0.0592  0.0547  0.0550  0.0547  0.0517  0.0481
registration optimization eta report
parameter search radius
    6.0000    6.0000    6.0000    7.9350    6.0000    6.0000
100000*second partial in parameter space
       46.       32.       29.       15.       23.       13.
  0.0602  0.0546  0.0521  0.0520  0.0509  0.0477
  0.0515  0.0503  0.0484  0.0496  0.0472  0.0453
  0.0449  0.0459  0.0449  0.0460  0.0443  0.0436
  0.0429  0.0429  0.0428  0.0429  0.0429  0.0429
  0.0459  0.0435  0.0440  0.0457  0.0438  0.0438
  0.0518  0.0480  0.0484  0.0499  0.0471  0.0457
  0.0592  0.0547  0.0550  0.0547  0.0517  0.0481
   -1.7021   24.4055    7.5179  -11.7116   -0.4913    1.8460
eta,q 0.95710  8.91338

---------------------------------------------------------------------
imgreg_4dfp /opt/freesurfer/average/711-2C_as_mni_average_305 /opt/freesurfer/average/711-2B_as_mni_average_305_mask talsrcimg_g11 none talsrcimg_to_711-2C_as_mni_average_305_t4 3335
---------------------------------------------------------------------

freesurfer imgreg_4dfp.c
/opt/freesurfer/average/711-2C_as_mni_average_305.4dfp.img
       256       256       256         1
  1.000000  1.000000  1.000000
orientation T byte_order littleendian
Reading image: /opt/freesurfer/average/711-2C_as_mni_average_305.4dfp.img
dimensions:      256       256       256
mmppix:       1.0000   -1.0000   -1.0000
center:     128.0000 -129.0000 -129.0000
/opt/freesurfer/average/711-2B_as_mni_average_305_mask.4dfp.img
       256       256       256         1
  1.000000  1.000000  1.000000
orientation T byte_order littleendian
Reading mask: /opt/freesurfer/average/711-2B_as_mni_average_305_mask.4dfp.img (2306576 pixels)
talsrcimg_g11.4dfp.img
       256       256       256         1
  1.000000  1.000000  1.000000
orientation T byte_order littleendian
Reading image: talsrcimg_g11.4dfp.img
dimensions:      256       256       256
mmppix:       1.0000   -1.0000   -1.0000
center:     128.0000 -129.0000 -129.0000
fimgreg.f
image alignment mode   3335 decimal      D07 hex
parameters
   -1.7021   24.4055    7.5179   -0.0556   -2.1382   -2.0854
   -3.3282    0.1853    3.2212   20.3150   -0.8575  -20.2977
eta,q 0.95613  8.97157
niter,ni,del,rscale     5    3    5.0000    1.2000
parameter  4  0.930628 ->  0.500000 qaram    1.1500
parameter  5  2.316866 ->  0.500000 qaram    1.1500
parameter  6  1.230225 ->  0.500000 qaram    1.1500
parameter 10  0.628494 ->  0.500000 qaram    1.1500
parameters
   -1.7841   24.5927    7.6031   -4.1956   -6.2782   -6.2254
   -3.2238    0.8754    4.1933   16.1750    2.0546  -19.1749
eta,q 0.96918  8.46038
  0.0465  0.0462  0.0457  0.0412  0.0340  0.0315  0.0349  0.0380  0.0345  0.0317  0.0334  0.0327
  0.0450  0.0450  0.0447  0.0414  0.0362  0.0322  0.0337  0.0353  0.0335  0.0311  0.0324  0.0318
  0.0441  0.0441  0.0441  0.0423  0.0388  0.0340  0.0329  0.0334  0.0328  0.0314  0.0316  0.0312
  0.0439  0.0439  0.0439  0.0439  0.0416  0.0369  0.0326  0.0326  0.0325  0.0325  0.0311  0.0309
  0.0442  0.0441  0.0440  0.0462  0.0451  0.0406  0.0328  0.0328  0.0325  0.0340  0.0309  0.0309
  0.0452  0.0447  0.0446  0.0494  0.0492  0.0449  0.0336  0.0341  0.0329  0.0361  0.0309  0.0312
  0.0469  0.0455  0.0455  0.0529  0.0535  0.0499  0.0348  0.0363  0.0337  0.0391  0.0313  0.0318
niter,ni,del,rscale     7    3    5.0000    1.2000
parameter  5  1.108535 ->  0.500000 qaram    1.3225
parameter  6  0.554538 ->  0.500000 qaram    1.3225
parameters
   -1.6352   25.1225    7.3118   -5.5750  -11.0392  -10.9864
   -3.2126    0.5161    4.6538   16.4591    1.6818  -19.7867
eta,q 0.97369  8.05368
  0.0342  0.0342  0.0321  0.0329  0.0267  0.0266  0.0287  0.0297  0.0285  0.0303  0.0271  0.0275
  0.0325  0.0326  0.0312  0.0318  0.0271  0.0263  0.0275  0.0278  0.0275  0.0284  0.0267  0.0268
  0.0313  0.0315  0.0307  0.0309  0.0285  0.0266  0.0267  0.0266  0.0267  0.0270  0.0264  0.0264
  0.0308  0.0308  0.0306  0.0306  0.0306  0.0274  0.0264  0.0264  0.0263  0.0263  0.0263  0.0263
  0.0310  0.0307  0.0310  0.0313  0.0338  0.0296  0.0266  0.0269  0.0265  0.0266  0.0264  0.0265
  0.0319  0.0311  0.0318  0.0329  0.0375  0.0335  0.0274  0.0284  0.0271  0.0278  0.0268  0.0271
  0.0335  0.0322  0.0330  0.0359  0.0415  0.0386  0.0287  0.0304  0.0281  0.0301  0.0273  0.0279
niter,ni,del,rscale     7    3    5.0000    1.2000
parameters
   -1.6821   25.5800    6.9143   -4.4296  -15.6021  -13.0066
   -3.3618    0.4808    4.8416   17.3475    1.5077  -21.3681
eta,q 0.97500  7.85140
  0.0290  0.0297  0.0272  0.0291  0.0261  0.0272  0.0272  0.0284  0.0270  0.0287  0.0258  0.0258
  0.0275  0.0281  0.0266  0.0279  0.0254  0.0259  0.0261  0.0266  0.0260  0.0268  0.0254  0.0252
  0.0266  0.0270  0.0262  0.0269  0.0253  0.0252  0.0254  0.0255  0.0254  0.0257  0.0252  0.0250
  0.0263  0.0263  0.0262  0.0262  0.0260  0.0252  0.0251  0.0251  0.0251  0.0251  0.0251  0.0251
  0.0267  0.0263  0.0265  0.0260  0.0278  0.0258  0.0254  0.0255  0.0253  0.0252  0.0252  0.0254
  0.0277  0.0268  0.0272  0.0266  0.0309  0.0275  0.0262  0.0267  0.0259  0.0259  0.0254  0.0260
  0.0293  0.0279  0.0282  0.0282  0.0351  0.0314  0.0274  0.0285  0.0268  0.0275  0.0259  0.0268
niter,ni,del,rscale     6    3    5.0000    1.2000
parameters
   -1.6994   26.0674    6.5652   -4.5295  -17.1290  -13.4589
   -3.3601    0.3534    4.7917   18.4684    1.1731  -22.3021
eta,q 0.97512  7.78694
  0.0276  0.0282  0.0259  0.0270  0.0269  0.0278  0.0270  0.0280  0.0266  0.0282  0.0255  0.0257
  0.0262  0.0267  0.0253  0.0261  0.0258  0.0262  0.0259  0.0262  0.0257  0.0265  0.0252  0.0252
  0.0253  0.0256  0.0249  0.0254  0.0251  0.0252  0.0252  0.0252  0.0251  0.0254  0.0249  0.0249
  0.0250  0.0250  0.0249  0.0249  0.0249  0.0249  0.0249  0.0249  0.0249  0.0249  0.0249  0.0249
  0.0253  0.0249  0.0252  0.0250  0.0254  0.0253  0.0252  0.0253  0.0251  0.0250  0.0250  0.0251
  0.0262  0.0254  0.0258  0.0257  0.0269  0.0263  0.0259  0.0264  0.0257  0.0255  0.0252  0.0256
  0.0277  0.0264  0.0267  0.0275  0.0294  0.0287  0.0270  0.0282  0.0267  0.0268  0.0257  0.0263
niter,ni,del,rscale     5    3    5.0000    1.2000
parameters
   -1.7384   26.4146    6.3391   -4.7871  -17.8409  -13.7490
   -3.2879    0.2213    4.8698   19.2706    0.9058  -22.7319
eta,q 0.97514  7.75062
  0.0274  0.0276  0.0259  0.0267  0.0271  0.0277  0.0269  0.0279  0.0266  0.0278  0.0255  0.0258
  0.0260  0.0263  0.0253  0.0259  0.0259  0.0262  0.0259  0.0261  0.0257  0.0262  0.0251  0.0253
  0.0252  0.0253  0.0249  0.0252  0.0252  0.0252  0.0251  0.0251  0.0251  0.0252  0.0249  0.0250
  0.0249  0.0249  0.0248  0.0248  0.0248  0.0249  0.0249  0.0249  0.0249  0.0249  0.0249  0.0249
  0.0252  0.0249  0.0251  0.0249  0.0250  0.0252  0.0251  0.0253  0.0250  0.0250  0.0250  0.0250
  0.0261  0.0254  0.0256  0.0256  0.0262  0.0261  0.0258  0.0264  0.0256  0.0255  0.0252  0.0255
  0.0276  0.0264  0.0264  0.0274  0.0283  0.0283  0.0269  0.0280  0.0265  0.0268  0.0256  0.0260
niter,ni,del,rscale     4    3    5.0000    1.2000
parameters
   -1.7812   26.6603    6.1369   -5.0359  -18.4051  -14.1217
   -3.2333    0.1237    4.9548   19.8929    0.7071  -22.9138
eta,q 0.97511  7.71346
  0.0273  0.0274  0.0259  0.0266  0.0271  0.0276  0.0269  0.0278  0.0265  0.0275  0.0254  0.0258
  0.0260  0.0261  0.0253  0.0258  0.0259  0.0261  0.0258  0.0261  0.0257  0.0261  0.0251  0.0253
  0.0251  0.0252  0.0249  0.0252  0.0252  0.0252  0.0251  0.0252  0.0251  0.0252  0.0249  0.0250
  0.0249  0.0249  0.0248  0.0248  0.0249  0.0249  0.0249  0.0249  0.0249  0.0249  0.0249  0.0249
  0.0252  0.0250  0.0250  0.0249  0.0250  0.0253  0.0251  0.0253  0.0250  0.0250  0.0250  0.0250
  0.0261  0.0255  0.0255  0.0256  0.0261  0.0261  0.0258  0.0263  0.0256  0.0256  0.0252  0.0254
  0.0275  0.0265  0.0263  0.0273  0.0280  0.0283  0.0269  0.0279  0.0265  0.0268  0.0255  0.0259
niter,ni,del,rscale     3    3    5.0000    1.2000
parameters
   -1.8140   26.8817    5.9183   -5.2913  -18.9406  -14.6033
   -3.1904    0.0642    4.9669   20.4959    0.6972  -22.9512
eta,q 0.97510  7.67128
  0.0273  0.0272  0.0258  0.0265  0.0270  0.0275  0.0268  0.0278  0.0265  0.0275  0.0254  0.0258
  0.0260  0.0260  0.0253  0.0258  0.0258  0.0260  0.0258  0.0261  0.0256  0.0260  0.0251  0.0253
  0.0252  0.0252  0.0249  0.0252  0.0252  0.0251  0.0251  0.0252  0.0251  0.0252  0.0249  0.0250
  0.0249  0.0249  0.0249  0.0249  0.0249  0.0249  0.0249  0.0249  0.0249  0.0249  0.0249  0.0249
  0.0252  0.0250  0.0251  0.0250  0.0250  0.0253  0.0251  0.0253  0.0251  0.0250  0.0250  0.0250
  0.0261  0.0255  0.0255  0.0256  0.0260  0.0261  0.0258  0.0263  0.0256  0.0256  0.0251  0.0253
  0.0274  0.0265  0.0263  0.0271  0.0279  0.0283  0.0268  0.0278  0.0265  0.0268  0.0254  0.0259
niter,ni,del,rscale     2    3    5.0000    1.2000
parameters
   -1.8347   27.1157    5.6491   -5.5811  -19.5581  -15.2491
   -3.1631    0.0498    4.8701   21.1989    0.9264  -22.7934
eta,q 0.97511  7.61778
  0.0273  0.0272  0.0258  0.0264  0.0269  0.0273  0.0268  0.0278  0.0264  0.0275  0.0254  0.0258
  0.0260  0.0260  0.0252  0.0257  0.0257  0.0259  0.0258  0.0261  0.0256  0.0261  0.0251  0.0253
  0.0252  0.0252  0.0249  0.0252  0.0251  0.0251  0.0251  0.0252  0.0251  0.0252  0.0249  0.0250
  0.0249  0.0249  0.0249  0.0249  0.0249  0.0249  0.0249  0.0249  0.0249  0.0249  0.0249  0.0249
  0.0252  0.0250  0.0251  0.0250  0.0250  0.0254  0.0251  0.0253  0.0251  0.0250  0.0249  0.0250
  0.0260  0.0255  0.0256  0.0255  0.0260  0.0262  0.0257  0.0262  0.0256  0.0255  0.0251  0.0253
  0.0274  0.0265  0.0263  0.0270  0.0278  0.0282  0.0268  0.0277  0.0265  0.0267  0.0254  0.0258
niter,ni,del,rscale     1    3    5.0000    1.2000
parameters
   -1.8426   27.4002    5.2906   -5.9014  -20.3166  -16.1413
   -3.1628    0.0969    4.5986   22.0538    1.4451  -22.5433
eta,q 0.97520  7.54915
  0.0272  0.0272  0.0256  0.0263  0.0267  0.0271  0.0266  0.0277  0.0263  0.0276  0.0254  0.0258
  0.0260  0.0260  0.0251  0.0256  0.0256  0.0258  0.0257  0.0261  0.0255  0.0262  0.0251  0.0252
  0.0252  0.0253  0.0249  0.0251  0.0250  0.0250  0.0250  0.0251  0.0250  0.0252  0.0249  0.0249
  0.0249  0.0249  0.0249  0.0248  0.0249  0.0248  0.0248  0.0248  0.0248  0.0248  0.0248  0.0248
  0.0252  0.0249  0.0251  0.0249  0.0250  0.0254  0.0250  0.0252  0.0250  0.0249  0.0248  0.0249
  0.0260  0.0254  0.0256  0.0255  0.0259  0.0263  0.0256  0.0261  0.0257  0.0255  0.0250  0.0252
  0.0273  0.0263  0.0263  0.0268  0.0277  0.0282  0.0266  0.0276  0.0266  0.0266  0.0253  0.0256
registration optimization eta report
parameter search radius
    2.4000    2.4000    2.4000    8.2800    9.5220    9.5220
    7.2000    7.2000    7.2000    8.2800    7.2000    7.2000
100000*second partial in parameter space
       41.       33.       19.        3.        3.        3.
        3.        5.        3.        3.        1.        2.
  0.0272  0.0272  0.0256  0.0263  0.0267  0.0271  0.0266  0.0277  0.0263  0.0276  0.0254  0.0258
  0.0260  0.0260  0.0251  0.0256  0.0256  0.0258  0.0257  0.0261  0.0255  0.0262  0.0251  0.0252
  0.0252  0.0253  0.0249  0.0251  0.0250  0.0250  0.0250  0.0251  0.0250  0.0252  0.0249  0.0249
  0.0249  0.0249  0.0249  0.0248  0.0249  0.0248  0.0248  0.0248  0.0248  0.0248  0.0248  0.0248
  0.0252  0.0249  0.0251  0.0249  0.0250  0.0254  0.0250  0.0252  0.0250  0.0249  0.0248  0.0249
  0.0260  0.0254  0.0256  0.0255  0.0259  0.0263  0.0256  0.0261  0.0257  0.0255  0.0250  0.0252
  0.0273  0.0263  0.0263  0.0268  0.0277  0.0282  0.0266  0.0276  0.0266  0.0266  0.0253  0.0256
   -1.8426   27.4002    5.2906   -5.9014  -20.3166  -16.1413
   -3.1628    0.0969    4.5986   22.0538    1.4451  -22.5433
eta,q 0.97520  7.54915

---------------------------------------------------------------------
imgreg_4dfp /opt/freesurfer/average/711-2C_as_mni_average_305 /opt/freesurfer/average/711-2B_as_mni_average_305_mask talsrcimg_g11 none talsrcimg_to_711-2C_as_mni_average_305_t4 2311
---------------------------------------------------------------------

freesurfer imgreg_4dfp.c
/opt/freesurfer/average/711-2C_as_mni_average_305.4dfp.img
       256       256       256         1
  1.000000  1.000000  1.000000
orientation T byte_order littleendian
Reading image: /opt/freesurfer/average/711-2C_as_mni_average_305.4dfp.img
dimensions:      256       256       256
mmppix:       1.0000   -1.0000   -1.0000
center:     128.0000 -129.0000 -129.0000
/opt/freesurfer/average/711-2B_as_mni_average_305_mask.4dfp.img
       256       256       256         1
  1.000000  1.000000  1.000000
orientation T byte_order littleendian
Reading mask: /opt/freesurfer/average/711-2B_as_mni_average_305_mask.4dfp.img (2306576 pixels)
talsrcimg_g11.4dfp.img
       256       256       256         1
  1.000000  1.000000  1.000000
orientation T byte_order littleendian
Reading image: talsrcimg_g11.4dfp.img
dimensions:      256       256       256
mmppix:       1.0000   -1.0000   -1.0000
center:     128.0000 -129.0000 -129.0000
fimgreg.f
image alignment mode   2311 decimal      907 hex
parameters
   -1.8426   27.4002    5.2906   -5.9014  -20.3166  -16.1413
   -3.1628    0.0969    4.5986   22.0538    1.4451  -22.5433
eta,q 0.97520  7.54915
niter,ni,del,rscale     5    3    5.0000    0.8000
parameters
   -1.8287   27.7691    4.8489   -5.7204  -21.0886  -17.1885
   -3.1060    0.0908    4.3144   22.8052    1.8603  -22.3890
eta,q 0.97537  7.49396
  0.0259  0.0260  0.0250  0.0252  0.0250  0.0251  0.0255  0.0259  0.0254  0.0258  0.0249  0.0251
  0.0253  0.0255  0.0248  0.0250  0.0248  0.0248  0.0250  0.0252  0.0250  0.0252  0.0248  0.0248
  0.0249  0.0250  0.0247  0.0248  0.0247  0.0247  0.0247  0.0248  0.0247  0.0248  0.0247  0.0247
  0.0248  0.0248  0.0247  0.0247  0.0247  0.0247  0.0246  0.0246  0.0246  0.0246  0.0246  0.0246
  0.0249  0.0248  0.0249  0.0247  0.0248  0.0249  0.0247  0.0248  0.0248  0.0247  0.0246  0.0247
  0.0253  0.0249  0.0251  0.0249  0.0250  0.0253  0.0250  0.0252  0.0251  0.0249  0.0247  0.0248
  0.0258  0.0253  0.0255  0.0252  0.0253  0.0258  0.0254  0.0259  0.0256  0.0252  0.0248  0.0250
niter,ni,del,rscale     4    3    5.0000    0.7000
parameters
   -1.8237   28.0507    4.4298   -6.0518  -21.8757  -17.9295
   -3.1912    0.0943    4.0570   23.2305    1.9974  -22.5702
eta,q 0.97548  7.42910
  0.0254  0.0256  0.0247  0.0249  0.0248  0.0250  0.0251  0.0256  0.0252  0.0255  0.0247  0.0248
  0.0250  0.0251  0.0246  0.0247  0.0246  0.0247  0.0248  0.0250  0.0248  0.0250  0.0246  0.0246
  0.0247  0.0248  0.0246  0.0246  0.0245  0.0245  0.0246  0.0246  0.0246  0.0246  0.0245  0.0245
  0.0246  0.0246  0.0246  0.0246  0.0246  0.0245  0.0245  0.0245  0.0245  0.0245  0.0245  0.0245
  0.0247  0.0246  0.0247  0.0246  0.0247  0.0247  0.0246  0.0246  0.0246  0.0246  0.0245  0.0246
  0.0250  0.0248  0.0249  0.0248  0.0249  0.0250  0.0248  0.0250  0.0249  0.0248  0.0246  0.0247
  0.0254  0.0251  0.0252  0.0250  0.0251  0.0254  0.0252  0.0255  0.0253  0.0251  0.0247  0.0249
niter,ni,del,rscale     3    3    5.0000    0.6000
parameters
   -1.8109   28.2273    4.1967   -6.2637  -22.2523  -18.2342
   -3.2610    0.0802    3.9533   23.4545    1.9304  -22.7894
eta,q 0.97551  7.39992
  0.0251  0.0252  0.0247  0.0248  0.0248  0.0249  0.0249  0.0253  0.0250  0.0252  0.0246  0.0247
  0.0248  0.0249  0.0246  0.0246  0.0246  0.0247  0.0247  0.0248  0.0247  0.0248  0.0246  0.0246
  0.0246  0.0246  0.0245  0.0245  0.0245  0.0245  0.0245  0.0246  0.0245  0.0246  0.0245  0.0245
  0.0245  0.0245  0.0245  0.0245  0.0245  0.0245  0.0245  0.0245  0.0245  0.0245  0.0245  0.0245
  0.0246  0.0245  0.0246  0.0245  0.0246  0.0246  0.0246  0.0246  0.0246  0.0246  0.0245  0.0245
  0.0248  0.0247  0.0247  0.0247  0.0247  0.0248  0.0247  0.0248  0.0248  0.0247  0.0246  0.0246
  0.0251  0.0249  0.0249  0.0249  0.0249  0.0251  0.0250  0.0253  0.0251  0.0250  0.0247  0.0247
niter,ni,del,rscale     2    3    5.0000    0.5000
parameters
   -1.8022   28.3057    4.0995   -6.3270  -22.4417  -18.3175
   -3.2859    0.0726    3.9203   23.5511    1.9041  -22.9235
eta,q 0.97551  7.38920
  0.0249  0.0249  0.0246  0.0247  0.0247  0.0248  0.0248  0.0250  0.0249  0.0249  0.0246  0.0246
  0.0247  0.0247  0.0245  0.0246  0.0246  0.0246  0.0246  0.0247  0.0247  0.0247  0.0245  0.0245
  0.0245  0.0245  0.0245  0.0245  0.0245  0.0245  0.0245  0.0245  0.0245  0.0245  0.0245  0.0245
  0.0245  0.0245  0.0245  0.0245  0.0245  0.0245  0.0245  0.0245  0.0245  0.0245  0.0245  0.0245
  0.0245  0.0245  0.0245  0.0245  0.0245  0.0245  0.0245  0.0245  0.0245  0.0245  0.0245  0.0245
  0.0247  0.0246  0.0246  0.0246  0.0246  0.0246  0.0246  0.0247  0.0247  0.0247  0.0245  0.0246
  0.0249  0.0248  0.0247  0.0247  0.0248  0.0249  0.0248  0.0250  0.0249  0.0249  0.0246  0.0247
niter,ni,del,rscale     1    3    5.0000    0.4000
parameters
   -1.7996   28.3334    4.0576   -6.2983  -22.5246  -18.3174
   -3.3190    0.0768    3.9143   23.5657    1.8874  -22.9791
eta,q 0.97551  7.38716
  0.0247  0.0248  0.0246  0.0246  0.0246  0.0247  0.0247  0.0248  0.0247  0.0248  0.0246  0.0246
  0.0246  0.0246  0.0245  0.0246  0.0245  0.0246  0.0246  0.0246  0.0246  0.0246  0.0245  0.0245
  0.0245  0.0245  0.0245  0.0245  0.0245  0.0245  0.0245  0.0245  0.0245  0.0245  0.0245  0.0245
  0.0245  0.0245  0.0245  0.0245  0.0245  0.0245  0.0245  0.0245  0.0245  0.0245  0.0245  0.0245
  0.0245  0.0245  0.0245  0.0245  0.0245  0.0245  0.0245  0.0245  0.0245  0.0245  0.0245  0.0245
  0.0246  0.0246  0.0245  0.0245  0.0246  0.0246  0.0246  0.0246  0.0246  0.0246  0.0245  0.0245
  0.0247  0.0247  0.0246  0.0246  0.0247  0.0247  0.0247  0.0248  0.0247  0.0247  0.0246  0.0246
registration optimization eta report
parameter search radius
    0.8000    0.8000    0.8000    2.4000    2.4000    2.4000
    2.4000    2.4000    2.4000    2.4000    2.4000    2.4000
100000*second partial in parameter space
       41.       40.       19.        2.        3.        4.
        4.        6.        4.        5.        1.        2.
  0.0247  0.0248  0.0246  0.0246  0.0246  0.0247  0.0247  0.0248  0.0247  0.0248  0.0246  0.0246
  0.0246  0.0246  0.0245  0.0246  0.0245  0.0246  0.0246  0.0246  0.0246  0.0246  0.0245  0.0245
  0.0245  0.0245  0.0245  0.0245  0.0245  0.0245  0.0245  0.0245  0.0245  0.0245  0.0245  0.0245
  0.0245  0.0245  0.0245  0.0245  0.0245  0.0245  0.0245  0.0245  0.0245  0.0245  0.0245  0.0245
  0.0245  0.0245  0.0245  0.0245  0.0245  0.0245  0.0245  0.0245  0.0245  0.0245  0.0245  0.0245
  0.0246  0.0246  0.0245  0.0245  0.0246  0.0246  0.0246  0.0246  0.0246  0.0246  0.0245  0.0245
  0.0247  0.0247  0.0246  0.0246  0.0247  0.0247  0.0247  0.0248  0.0247  0.0247  0.0246  0.0246
   -1.7996   28.3334    4.0576   -6.2983  -22.5246  -18.3174
   -3.3190    0.0768    3.9143   23.5657    1.8874  -22.9791
eta,q 0.97551  7.38716

---------------------------------------------------------------------
imgreg_4dfp /opt/freesurfer/average/711-2C_as_mni_average_305 /opt/freesurfer/average/711-2B_as_mni_average_305_mask talsrcimg_g11 none talsrcimg_to_711-2C_as_mni_average_305_t4 2311
---------------------------------------------------------------------

freesurfer imgreg_4dfp.c
/opt/freesurfer/average/711-2C_as_mni_average_305.4dfp.img
       256       256       256         1
  1.000000  1.000000  1.000000
orientation T byte_order littleendian
Reading image: /opt/freesurfer/average/711-2C_as_mni_average_305.4dfp.img
dimensions:      256       256       256
mmppix:       1.0000   -1.0000   -1.0000
center:     128.0000 -129.0000 -129.0000
/opt/freesurfer/average/711-2B_as_mni_average_305_mask.4dfp.img
       256       256       256         1
  1.000000  1.000000  1.000000
orientation T byte_order littleendian
Reading mask: /opt/freesurfer/average/711-2B_as_mni_average_305_mask.4dfp.img (2306576 pixels)
talsrcimg_g11.4dfp.img
       256       256       256         1
  1.000000  1.000000  1.000000
orientation T byte_order littleendian
Reading image: talsrcimg_g11.4dfp.img
dimensions:      256       256       256
mmppix:       1.0000   -1.0000   -1.0000
center:     128.0000 -129.0000 -129.0000
fimgreg.f
image alignment mode   2311 decimal      907 hex
parameters
   -1.7996   28.3334    4.0576   -6.2983  -22.5246  -18.3174
   -3.3190    0.0768    3.9143   23.5657    1.8874  -22.9791
eta,q 0.97551  7.38716
niter,ni,del,rscale     5    3    5.0000    0.8000
parameters
   -1.7956   28.3370    4.0490   -6.4924  -22.3467  -18.4491
   -3.2708    0.1388    3.9189   23.8268    1.7636  -23.0010
eta,q 0.97550  7.38811
  0.0255  0.0255  0.0250  0.0250  0.0252  0.0253  0.0253  0.0259  0.0255  0.0256  0.0248  0.0249
  0.0249  0.0249  0.0247  0.0247  0.0248  0.0249  0.0249  0.0251  0.0249  0.0250  0.0246  0.0247
  0.0246  0.0246  0.0245  0.0246  0.0246  0.0246  0.0246  0.0246  0.0246  0.0246  0.0245  0.0245
  0.0245  0.0245  0.0245  0.0245  0.0245  0.0245  0.0245  0.0245  0.0245  0.0245  0.0245  0.0245
  0.0246  0.0246  0.0245  0.0245  0.0246  0.0246  0.0246  0.0246  0.0246  0.0246  0.0245  0.0245
  0.0249  0.0249  0.0247  0.0248  0.0248  0.0249  0.0249  0.0251  0.0249  0.0249  0.0246  0.0247
  0.0255  0.0255  0.0250  0.0251  0.0251  0.0254  0.0253  0.0258  0.0254  0.0254  0.0248  0.0249
niter,ni,del,rscale     4    3    5.0000    0.7000
parameters
   -1.7880   28.3728    3.9967   -6.4096  -22.4234  -18.4814
   -3.3003    0.1402    3.9323   23.8283    1.7381  -23.0542
eta,q 0.97551  7.38711
  0.0253  0.0253  0.0248  0.0249  0.0250  0.0251  0.0251  0.0255  0.0252  0.0253  0.0247  0.0248
  0.0249  0.0249  0.0246  0.0247  0.0247  0.0248  0.0248  0.0250  0.0248  0.0248  0.0246  0.0246
  0.0246  0.0246  0.0245  0.0246  0.0245  0.0246  0.0246  0.0246  0.0246  0.0246  0.0245  0.0245
  0.0245  0.0245  0.0245  0.0245  0.0245  0.0245  0.0245  0.0245  0.0245  0.0245  0.0245  0.0245
  0.0246  0.0246  0.0245  0.0245  0.0246  0.0246  0.0246  0.0246  0.0246  0.0246  0.0245  0.0245
  0.0248  0.0248  0.0247  0.0247  0.0247  0.0248  0.0248  0.0250  0.0248  0.0249  0.0246  0.0246
  0.0253  0.0252  0.0249  0.0249  0.0250  0.0252  0.0251  0.0255  0.0252  0.0252  0.0247  0.0248
niter,ni,del,rscale     3    3    5.0000    0.6000
parameters
   -1.7847   28.3788    3.9829   -6.3736  -22.4889  -18.4678
   -3.3220    0.1244    3.9246   23.7798    1.7465  -23.0642
eta,q 0.97550  7.38527
  0.0251  0.0251  0.0248  0.0248  0.0248  0.0250  0.0250  0.0253  0.0250  0.0251  0.0247  0.0247
  0.0248  0.0247  0.0246  0.0246  0.0246  0.0247  0.0247  0.0248  0.0247  0.0247  0.0246  0.0246
  0.0246  0.0246  0.0245  0.0245  0.0245  0.0246  0.0245  0.0246  0.0246  0.0245  0.0245  0.0245
  0.0245  0.0245  0.0245  0.0245  0.0245  0.0245  0.0245  0.0245  0.0245  0.0245  0.0245  0.0245
  0.0246  0.0245  0.0245  0.0245  0.0245  0.0245  0.0245  0.0246  0.0246  0.0246  0.0245  0.0245
  0.0247  0.0247  0.0246  0.0246  0.0247  0.0247  0.0247  0.0248  0.0247  0.0248  0.0246  0.0246
  0.0251  0.0251  0.0248  0.0248  0.0248  0.0250  0.0250  0.0253  0.0250  0.0251  0.0247  0.0247
niter,ni,del,rscale     2    3    5.0000    0.5000
parameters
   -1.7812   28.3765    3.9900   -6.3343  -22.5551  -18.4179
   -3.3398    0.1140    3.9192   23.7099    1.8018  -23.0692
eta,q 0.97551  7.38421
  0.0249  0.0249  0.0247  0.0247  0.0247  0.0248  0.0248  0.0250  0.0249  0.0249  0.0246  0.0246
  0.0247  0.0247  0.0246  0.0246  0.0246  0.0247  0.0246  0.0247  0.0247  0.0246  0.0245  0.0246
  0.0245  0.0245  0.0245  0.0245  0.0245  0.0245  0.0245  0.0245  0.0245  0.0245  0.0245  0.0245
  0.0245  0.0245  0.0245  0.0245  0.0245  0.0245  0.0245  0.0245  0.0245  0.0245  0.0245  0.0245
  0.0245  0.0245  0.0245  0.0245  0.0245  0.0245  0.0245  0.0245  0.0245  0.0246  0.0245  0.0245
  0.0247  0.0247  0.0246  0.0246  0.0246  0.0246  0.0246  0.0247  0.0247  0.0247  0.0245  0.0246
  0.0249  0.0249  0.0247  0.0247  0.0247  0.0248  0.0248  0.0250  0.0249  0.0249  0.0246  0.0246
niter,ni,del,rscale     1    3    5.0000    0.4000
parameters
   -1.7878   28.3619    4.0107   -6.3052  -22.5704  -18.3558
   -3.3459    0.0869    3.9145   23.6348    1.8290  -23.0560
eta,q 0.97552  7.38529
  0.0247  0.0247  0.0246  0.0246  0.0247  0.0247  0.0247  0.0248  0.0247  0.0247  0.0246  0.0246
  0.0246  0.0246  0.0245  0.0246  0.0246  0.0246  0.0246  0.0246  0.0246  0.0246  0.0245  0.0245
  0.0245  0.0245  0.0245  0.0245  0.0245  0.0245  0.0245  0.0245  0.0245  0.0245  0.0245  0.0245
  0.0245  0.0245  0.0245  0.0245  0.0245  0.0245  0.0245  0.0245  0.0245  0.0245  0.0245  0.0245
  0.0245  0.0245  0.0245  0.0245  0.0245  0.0245  0.0245  0.0245  0.0245  0.0245  0.0245  0.0245
  0.0246  0.0246  0.0245  0.0245  0.0246  0.0246  0.0246  0.0246  0.0246  0.0246  0.0245  0.0245
  0.0247  0.0248  0.0246  0.0246  0.0246  0.0247  0.0247  0.0248  0.0247  0.0248  0.0246  0.0246
registration optimization eta report
parameter search radius
    0.8000    0.8000    0.8000    2.4000    2.4000    2.4000
    2.4000    2.4000    2.4000    2.4000    2.4000    2.4000
100000*second partial in parameter space
       40.       39.       19.        2.        3.        4.
        4.        6.        4.        5.        1.        2.
  0.0247  0.0247  0.0246  0.0246  0.0247  0.0247  0.0247  0.0248  0.0247  0.0247  0.0246  0.0246
  0.0246  0.0246  0.0245  0.0246  0.0246  0.0246  0.0246  0.0246  0.0246  0.0246  0.0245  0.0245
  0.0245  0.0245  0.0245  0.0245  0.0245  0.0245  0.0245  0.0245  0.0245  0.0245  0.0245  0.0245
  0.0245  0.0245  0.0245  0.0245  0.0245  0.0245  0.0245  0.0245  0.0245  0.0245  0.0245  0.0245
  0.0245  0.0245  0.0245  0.0245  0.0245  0.0245  0.0245  0.0245  0.0245  0.0245  0.0245  0.0245
  0.0246  0.0246  0.0245  0.0245  0.0246  0.0246  0.0246  0.0246  0.0246  0.0246  0.0245  0.0245
  0.0247  0.0248  0.0246  0.0246  0.0246  0.0247  0.0247  0.0248  0.0247  0.0248  0.0246  0.0246
   -1.7878   28.3619    4.0107   -6.3052  -22.5704  -18.3558
   -3.3459    0.0869    3.9145   23.6348    1.8290  -23.0560
eta,q 0.97552  7.38529

---------------------------------------------------------------------
compute_vox2vox talsrcimg talsrcimg_to_711-2C_as_mni_average_305_t4 /opt/freesurfer/average/711-2C_as_mni_average_305
---------------------------------------------------------------------

freesurfer compute_vox2vox.c
Reading: talsrcimg.4dfp.ifh
Reading: talsrcimg_to_711-2C_as_mni_average_305_t4
Reading: /opt/freesurfer/average/711-2C_as_mni_average_305.4dfp.ifh
Writing: talsrcimg_to_711-2C_as_mni_average_305_t4_vox2vox.txt

start time Sun Mar 15 08:15:06 CET 2026
end		time Sun Mar 15 08:16:33 CET 2026

mpr2mni305 success

avi2talxfm orig_nu.mgz /opt/freesurfer/average/mni305.cor.mgz talsrcimg_to_711-2C_as_mni_average_305_t4_vox2vox.txt transforms/talairach.auto.xfm
avi2talxfm done
mv -f /out/sourcedata/freesurfer/sub-v2s10x28985_ses-1/mri/talsrcimg_to_711-2C_as_mni_average_305_t4_vox2vox.txt /out/sourcedata/freesurfer/sub-v2s10x28985_ses-1/mri/transforms/talsrcimg_to_711-2C_as_mni_average_305_t4_vox2vox.txt
lta_convert --src orig_nu.mgz --trg /opt/freesurfer/average/mni305.cor.mgz --inxfm transforms/talairach.auto.xfm --outlta transforms/talairach.auto.xfm.lta --subject fsaverage
7.3.2

--src: orig_nu.mgz src image (geometry).
--trg: /opt/freesurfer/average/mni305.cor.mgz trg image (geometry).
--inmni: transforms/talairach.auto.xfm input MNI/XFM transform.
--outlta: transforms/talairach.auto.xfm.lta output LTA.
--s: fsaverage subject name
 LTA read, type : 1
 1.06580  -0.01332   0.04209   0.73035;
-0.03599   1.12808   0.33435  -17.04487;
-0.04290  -0.34366   1.18731  -8.80843;
 0.00000   0.00000   0.00000   1.00000;
setting subject to fsaverage
Writing  LTA to file transforms/talairach.auto.xfm.lta...
lta_convert successful.
 
 
Started at Sun Mar 15 08:15:06 CET 2026
Ended   at Sun Mar 15 08:16:33 CET 2026
talairach_avi done
