status file for recon-all
Sun Mar 15 09:54:07 CET 2026
#@# Tessellate lh Sun Mar 15 09:54:07 CET 2026
#@# Smooth1 lh Sun Mar 15 09:54:11 CET 2026
#@# Inflation1 lh Sun Mar 15 09:54:13 CET 2026
#@# QSphere lh Sun Mar 15 09:54:25 CET 2026
#@# Fix Topology lh Sun Mar 15 09:55:24 CET 2026
#@# Smooth2 lh Sun Mar 15 10:00:38 CET 2026
#@# Inflation2 lh Sun Mar 15 10:00:40 CET 2026
#@# Curv .H and .K lh Sun Mar 15 10:00:52 CET 2026
#@# Sphere lh Sun Mar 15 10:01:32 CET 2026
#@# Surf Reg lh Sun Mar 15 10:05:19 CET 2026
#@# Jacobian white lh Sun Mar 15 10:09:14 CET 2026
#@# AvgCurv lh Sun Mar 15 10:09:15 CET 2026
#@# Cortical Parc lh Sun Mar 15 10:09:15 CET 2026
#@# white curv lh Sun Mar 15 10:14:58 CET 2026
#@# white area lh Sun Mar 15 10:15:00 CET 2026
#@# pial curv lh Sun Mar 15 10:15:00 CET 2026
#@# pial area lh Sun Mar 15 10:15:02 CET 2026
#@# thickness lh Sun Mar 15 10:15:02 CET 2026
#@# area and vertex vol lh Sun Mar 15 10:15:27 CET 2026
#@# Curvature Stats lh Sun Mar 15 10:15:29 CET 2026
#@# Cortical Parc 2 lh Sun Mar 15 10:15:31 CET 2026
#@# Cortical Parc 3 lh Sun Mar 15 10:15:45 CET 2026
#@# WM/GM Contrast lh Sun Mar 15 10:15:54 CET 2026
recon-all -s sub-v2s10x28980_ses-1 finished without error at Sun Mar 15 10:15:56 CET 2026



#New# invocation of recon-all 



status file for recon-all
Sun Mar 15 10:38:47 CET 2026
#@# white curv lh Sun Mar 15 10:38:47 CET 2026
#@# white area lh Sun Mar 15 10:38:47 CET 2026
#@# pial curv lh Sun Mar 15 10:38:47 CET 2026
#@# pial area lh Sun Mar 15 10:38:47 CET 2026
#@# thickness lh Sun Mar 15 10:38:47 CET 2026
#@# area and vertex vol lh Sun Mar 15 10:38:47 CET 2026
#@# Parcellation Stats lh Sun Mar 15 10:38:47 CET 2026
#@# Parcellation Stats 2 lh Sun Mar 15 10:39:03 CET 2026
#@# Parcellation Stats 3 lh Sun Mar 15 10:39:12 CET 2026
#@# BA_exvivo Labels lh Sun Mar 15 10:39:20 CET 2026
recon-all -s sub-v2s10x28980_ses-1 finished without error at Sun Mar 15 10:41:49 CET 2026
