status file for recon-all
Sun Mar 15 09:37:54 CET 2026
#@# Tessellate rh Sun Mar 15 09:37:54 CET 2026
#@# Smooth1 rh Sun Mar 15 09:37:56 CET 2026
#@# Inflation1 rh Sun Mar 15 09:37:58 CET 2026
#@# QSphere rh Sun Mar 15 09:38:05 CET 2026
#@# Fix Topology rh Sun Mar 15 09:38:46 CET 2026
#@# Smooth2 rh Sun Mar 15 09:42:33 CET 2026
#@# Inflation2 rh Sun Mar 15 09:42:35 CET 2026
#@# Curv .H and .K rh Sun Mar 15 09:42:42 CET 2026
#@# Sphere rh Sun Mar 15 09:43:15 CET 2026
#@# Surf Reg rh Sun Mar 15 09:44:37 CET 2026
#@# Jacobian white rh Sun Mar 15 09:46:52 CET 2026
#@# AvgCurv rh Sun Mar 15 09:46:52 CET 2026
#@# Cortical Parc rh Sun Mar 15 09:46:53 CET 2026
#@# white curv rh Sun Mar 15 09:51:28 CET 2026
#@# white area rh Sun Mar 15 09:51:29 CET 2026
#@# pial curv rh Sun Mar 15 09:51:30 CET 2026
#@# pial area rh Sun Mar 15 09:51:31 CET 2026
#@# thickness rh Sun Mar 15 09:51:31 CET 2026
#@# area and vertex vol rh Sun Mar 15 09:51:48 CET 2026
#@# Curvature Stats rh Sun Mar 15 09:51:49 CET 2026
#@# Cortical Parc 2 rh Sun Mar 15 09:51:51 CET 2026
#@# Cortical Parc 3 rh Sun Mar 15 09:52:00 CET 2026
#@# WM/GM Contrast rh Sun Mar 15 09:52:07 CET 2026
recon-all -s sub-v2s10x28957_ses-1 finished without error at Sun Mar 15 09:52:09 CET 2026



#New# invocation of recon-all 



status file for recon-all
Sun Mar 15 09:57:04 CET 2026
#@# white curv rh Sun Mar 15 09:57:04 CET 2026
#@# white area rh Sun Mar 15 09:57:04 CET 2026
#@# pial curv rh Sun Mar 15 09:57:04 CET 2026
#@# pial area rh Sun Mar 15 09:57:04 CET 2026
#@# thickness rh Sun Mar 15 09:57:04 CET 2026
#@# area and vertex vol rh Sun Mar 15 09:57:04 CET 2026
#@# Parcellation Stats rh Sun Mar 15 09:57:05 CET 2026
#@# Parcellation Stats 2 rh Sun Mar 15 09:57:17 CET 2026
#@# Parcellation Stats 3 rh Sun Mar 15 09:57:23 CET 2026
#@# BA_exvivo Labels rh Sun Mar 15 09:57:29 CET 2026
recon-all -s sub-v2s10x28957_ses-1 finished without error at Sun Mar 15 09:59:07 CET 2026
