status file for recon-all
Sun Mar 15 08:11:32 CET 2026
#@# MotionCor Sun Mar 15 08:11:33 CET 2026
#@# Talairach Sun Mar 15 08:11:38 CET 2026
#@# Talairach Failure Detection Sun Mar 15 08:14:28 CET 2026
#@# Nu Intensity Correction Sun Mar 15 08:14:28 CET 2026
#@# Intensity Normalization Sun Mar 15 08:17:12 CET 2026
recon-all -s sub-v2s10x28957_ses-1 finished without error at Sun Mar 15 08:18:12 CET 2026



#New# invocation of recon-all 



status file for recon-all
Sun Mar 15 08:23:34 CET 2026
#@# EM Registration Sun Mar 15 08:23:34 CET 2026
recon-all -s sub-v2s10x28957_ses-1 finished without error at Sun Mar 15 08:24:41 CET 2026



#New# invocation of recon-all 



status file for recon-all
Sun Mar 15 08:24:42 CET 2026
#@# CA Normalize Sun Mar 15 08:24:42 CET 2026
#@# CA Reg Sun Mar 15 08:25:35 CET 2026
#@# SubCort Seg Sun Mar 15 08:56:25 CET 2026
#@# CC Seg Sun Mar 15 09:15:40 CET 2026
#@# Merge ASeg Sun Mar 15 09:16:02 CET 2026
#@# Intensity Normalization2 Sun Mar 15 09:16:02 CET 2026
#@# Mask BFS Sun Mar 15 09:17:31 CET 2026
#@# WM Segmentation Sun Mar 15 09:17:32 CET 2026
#@# Fill Sun Mar 15 09:19:04 CET 2026
recon-all -s sub-v2s10x28957_ses-1 finished without error at Sun Mar 15 09:19:41 CET 2026



#New# invocation of recon-all 



status file for recon-all
Sun Mar 15 09:52:14 CET 2026
#@# white curv lh Sun Mar 15 09:52:14 CET 2026
#@# white area lh Sun Mar 15 09:52:14 CET 2026
#@# pial curv lh Sun Mar 15 09:52:14 CET 2026
#@# pial area lh Sun Mar 15 09:52:14 CET 2026
#@# thickness lh Sun Mar 15 09:52:14 CET 2026
#@# area and vertex vol lh Sun Mar 15 09:52:14 CET 2026
#@# white curv rh Sun Mar 15 09:52:14 CET 2026
#@# white area rh Sun Mar 15 09:52:14 CET 2026
#@# pial curv rh Sun Mar 15 09:52:14 CET 2026
#@# pial area rh Sun Mar 15 09:52:14 CET 2026
#@# thickness rh Sun Mar 15 09:52:14 CET 2026
#@# area and vertex vol rh Sun Mar 15 09:52:14 CET 2026
#@# Cortical ribbon mask Sun Mar 15 09:52:14 CET 2026
recon-all -s sub-v2s10x28957_ses-1 finished without error at Sun Mar 15 09:54:57 CET 2026



#New# invocation of recon-all 



status file for recon-all
Sun Mar 15 09:59:10 CET 2026
#@# white curv lh Sun Mar 15 09:59:10 CET 2026
#@# white area lh Sun Mar 15 09:59:10 CET 2026
#@# pial curv lh Sun Mar 15 09:59:10 CET 2026
#@# pial area lh Sun Mar 15 09:59:10 CET 2026
#@# thickness lh Sun Mar 15 09:59:10 CET 2026
#@# area and vertex vol lh Sun Mar 15 09:59:10 CET 2026
#@# white curv rh Sun Mar 15 09:59:10 CET 2026
#@# white area rh Sun Mar 15 09:59:10 CET 2026
#@# pial curv rh Sun Mar 15 09:59:10 CET 2026
#@# pial area rh Sun Mar 15 09:59:10 CET 2026
#@# thickness rh Sun Mar 15 09:59:10 CET 2026
#@# area and vertex vol rh Sun Mar 15 09:59:10 CET 2026
#@# Curvature Stats lh Sun Mar 15 09:59:10 CET 2026
#@# Curvature Stats rh Sun Mar 15 09:59:12 CET 2026
#@# Relabel Hypointensities Sun Mar 15 09:59:13 CET 2026
#@# APas-to-ASeg Sun Mar 15 09:59:23 CET 2026
#@# AParc-to-ASeg aparc Sun Mar 15 09:59:28 CET 2026
#@# AParc-to-ASeg aparc.a2009s Sun Mar 15 09:59:48 CET 2026
#@# AParc-to-ASeg aparc.DKTatlas Sun Mar 15 10:00:09 CET 2026
#@# WMParc Sun Mar 15 10:00:29 CET 2026
#@# ASeg Stats Sun Mar 15 10:02:17 CET 2026
recon-all -s sub-v2s10x28957_ses-1 finished without error at Sun Mar 15 10:02:33 CET 2026
