status file for recon-all
Sun Mar 15 09:19:44 CET 2026
#@# Tessellate lh Sun Mar 15 09:19:44 CET 2026
#@# Smooth1 lh Sun Mar 15 09:19:46 CET 2026
#@# Inflation1 lh Sun Mar 15 09:19:48 CET 2026
#@# QSphere lh Sun Mar 15 09:19:55 CET 2026
#@# Fix Topology lh Sun Mar 15 09:20:24 CET 2026
#@# Smooth2 lh Sun Mar 15 09:24:45 CET 2026
#@# Inflation2 lh Sun Mar 15 09:24:47 CET 2026
#@# Curv .H and .K lh Sun Mar 15 09:24:54 CET 2026
#@# Sphere lh Sun Mar 15 09:25:27 CET 2026
#@# Surf Reg lh Sun Mar 15 09:29:08 CET 2026
#@# Jacobian white lh Sun Mar 15 09:32:44 CET 2026
#@# AvgCurv lh Sun Mar 15 09:32:45 CET 2026
#@# Cortical Parc lh Sun Mar 15 09:32:45 CET 2026
#@# white curv lh Sun Mar 15 09:37:14 CET 2026
#@# white area lh Sun Mar 15 09:37:15 CET 2026
#@# pial curv lh Sun Mar 15 09:37:15 CET 2026
#@# pial area lh Sun Mar 15 09:37:16 CET 2026
#@# thickness lh Sun Mar 15 09:37:17 CET 2026
#@# area and vertex vol lh Sun Mar 15 09:37:33 CET 2026
#@# Curvature Stats lh Sun Mar 15 09:37:34 CET 2026
#@# Cortical Parc 2 lh Sun Mar 15 09:37:36 CET 2026
#@# Cortical Parc 3 lh Sun Mar 15 09:37:44 CET 2026
#@# WM/GM Contrast lh Sun Mar 15 09:37:51 CET 2026
recon-all -s sub-v2s10x28957_ses-1 finished without error at Sun Mar 15 09:37:53 CET 2026



#New# invocation of recon-all 



status file for recon-all
Sun Mar 15 09:55:00 CET 2026
#@# white curv lh Sun Mar 15 09:55:00 CET 2026
#@# white area lh Sun Mar 15 09:55:00 CET 2026
#@# pial curv lh Sun Mar 15 09:55:00 CET 2026
#@# pial area lh Sun Mar 15 09:55:00 CET 2026
#@# thickness lh Sun Mar 15 09:55:00 CET 2026
#@# area and vertex vol lh Sun Mar 15 09:55:00 CET 2026
#@# Parcellation Stats lh Sun Mar 15 09:55:00 CET 2026
#@# Parcellation Stats 2 lh Sun Mar 15 09:55:12 CET 2026
#@# Parcellation Stats 3 lh Sun Mar 15 09:55:18 CET 2026
#@# BA_exvivo Labels lh Sun Mar 15 09:55:25 CET 2026
recon-all -s sub-v2s10x28957_ses-1 finished without error at Sun Mar 15 09:57:02 CET 2026
