status file for recon-all
Sun Mar 15 10:44:48 CET 2026
#@# Tessellate lh Sun Mar 15 10:44:48 CET 2026
#@# Smooth1 lh Sun Mar 15 10:44:51 CET 2026
#@# Inflation1 lh Sun Mar 15 10:44:54 CET 2026
#@# QSphere lh Sun Mar 15 10:45:09 CET 2026
#@# Fix Topology lh Sun Mar 15 10:46:25 CET 2026
#@# Smooth2 lh Sun Mar 15 10:51:42 CET 2026
#@# Inflation2 lh Sun Mar 15 10:51:45 CET 2026
#@# Curv .H and .K lh Sun Mar 15 10:51:59 CET 2026
#@# Sphere lh Sun Mar 15 10:52:41 CET 2026
#@# Surf Reg lh Sun Mar 15 10:56:08 CET 2026
#@# Jacobian white lh Sun Mar 15 11:02:25 CET 2026
#@# AvgCurv lh Sun Mar 15 11:02:26 CET 2026
#@# Cortical Parc lh Sun Mar 15 11:02:26 CET 2026
#@# white curv lh Sun Mar 15 11:08:29 CET 2026
#@# white area lh Sun Mar 15 11:08:30 CET 2026
#@# pial curv lh Sun Mar 15 11:08:31 CET 2026
#@# pial area lh Sun Mar 15 11:08:32 CET 2026
#@# thickness lh Sun Mar 15 11:08:33 CET 2026
#@# area and vertex vol lh Sun Mar 15 11:08:55 CET 2026
#@# Curvature Stats lh Sun Mar 15 11:08:57 CET 2026
#@# Cortical Parc 2 lh Sun Mar 15 11:08:59 CET 2026
#@# Cortical Parc 3 lh Sun Mar 15 11:09:10 CET 2026
#@# WM/GM Contrast lh Sun Mar 15 11:09:18 CET 2026
recon-all -s sub-v2s10x28996_ses-1 finished without error at Sun Mar 15 11:09:21 CET 2026



#New# invocation of recon-all 



status file for recon-all
Sun Mar 15 12:04:37 CET 2026
#@# white curv lh Sun Mar 15 12:04:38 CET 2026
#@# white area lh Sun Mar 15 12:04:38 CET 2026
#@# pial curv lh Sun Mar 15 12:04:38 CET 2026
#@# pial area lh Sun Mar 15 12:04:38 CET 2026
#@# thickness lh Sun Mar 15 12:04:38 CET 2026
#@# area and vertex vol lh Sun Mar 15 12:04:38 CET 2026
#@# Parcellation Stats lh Sun Mar 15 12:04:38 CET 2026
#@# Parcellation Stats 2 lh Sun Mar 15 12:04:56 CET 2026
#@# Parcellation Stats 3 lh Sun Mar 15 12:05:05 CET 2026
#@# BA_exvivo Labels lh Sun Mar 15 12:05:15 CET 2026
recon-all -s sub-v2s10x28996_ses-1 finished without error at Sun Mar 15 12:07:37 CET 2026
