status file for recon-all
Sun Mar 15 09:19:38 CET 2026
#@# MotionCor Sun Mar 15 09:19:40 CET 2026
#@# Talairach Sun Mar 15 09:19:45 CET 2026
#@# Talairach Failure Detection Sun Mar 15 09:22:36 CET 2026
#@# Nu Intensity Correction Sun Mar 15 09:22:36 CET 2026
#@# Intensity Normalization Sun Mar 15 09:25:22 CET 2026
recon-all -s sub-v2s10x28996_ses-1 finished without error at Sun Mar 15 09:26:26 CET 2026



#New# invocation of recon-all 



status file for recon-all
Sun Mar 15 09:32:23 CET 2026
#@# EM Registration Sun Mar 15 09:32:23 CET 2026
recon-all -s sub-v2s10x28996_ses-1 finished without error at Sun Mar 15 09:34:02 CET 2026



#New# invocation of recon-all 



status file for recon-all
Sun Mar 15 09:34:05 CET 2026
#@# CA Normalize Sun Mar 15 09:34:05 CET 2026
#@# CA Reg Sun Mar 15 09:35:00 CET 2026
#@# SubCort Seg Sun Mar 15 10:17:36 CET 2026
#@# CC Seg Sun Mar 15 10:40:28 CET 2026
#@# Merge ASeg Sun Mar 15 10:40:53 CET 2026
#@# Intensity Normalization2 Sun Mar 15 10:40:53 CET 2026
#@# Mask BFS Sun Mar 15 10:42:23 CET 2026
#@# WM Segmentation Sun Mar 15 10:42:24 CET 2026
#@# Fill Sun Mar 15 10:44:03 CET 2026
recon-all -s sub-v2s10x28996_ses-1 finished without error at Sun Mar 15 10:44:42 CET 2026



#New# invocation of recon-all 



status file for recon-all
Sun Mar 15 11:58:45 CET 2026
#@# white curv lh Sun Mar 15 11:58:45 CET 2026
#@# white area lh Sun Mar 15 11:58:45 CET 2026
#@# pial curv lh Sun Mar 15 11:58:45 CET 2026
#@# pial area lh Sun Mar 15 11:58:45 CET 2026
#@# thickness lh Sun Mar 15 11:58:45 CET 2026
#@# area and vertex vol lh Sun Mar 15 11:58:45 CET 2026
#@# white curv rh Sun Mar 15 11:58:45 CET 2026
#@# white area rh Sun Mar 15 11:58:45 CET 2026
#@# pial curv rh Sun Mar 15 11:58:45 CET 2026
#@# pial area rh Sun Mar 15 11:58:45 CET 2026
#@# thickness rh Sun Mar 15 11:58:45 CET 2026
#@# area and vertex vol rh Sun Mar 15 11:58:45 CET 2026
#@# Cortical ribbon mask Sun Mar 15 11:58:45 CET 2026
recon-all -s sub-v2s10x28996_ses-1 finished without error at Sun Mar 15 12:04:33 CET 2026



#New# invocation of recon-all 



status file for recon-all
Sun Mar 15 12:11:23 CET 2026
#@# white curv lh Sun Mar 15 12:11:24 CET 2026
#@# white area lh Sun Mar 15 12:11:24 CET 2026
#@# pial curv lh Sun Mar 15 12:11:24 CET 2026
#@# pial area lh Sun Mar 15 12:11:24 CET 2026
#@# thickness lh Sun Mar 15 12:11:24 CET 2026
#@# area and vertex vol lh Sun Mar 15 12:11:24 CET 2026
#@# white curv rh Sun Mar 15 12:11:24 CET 2026
#@# white area rh Sun Mar 15 12:11:24 CET 2026
#@# pial curv rh Sun Mar 15 12:11:24 CET 2026
#@# pial area rh Sun Mar 15 12:11:24 CET 2026
#@# thickness rh Sun Mar 15 12:11:24 CET 2026
#@# area and vertex vol rh Sun Mar 15 12:11:24 CET 2026
#@# Curvature Stats lh Sun Mar 15 12:11:24 CET 2026
#@# Curvature Stats rh Sun Mar 15 12:11:26 CET 2026
#@# Relabel Hypointensities Sun Mar 15 12:11:29 CET 2026
#@# APas-to-ASeg Sun Mar 15 12:11:42 CET 2026
#@# AParc-to-ASeg aparc Sun Mar 15 12:11:52 CET 2026
#@# AParc-to-ASeg aparc.a2009s Sun Mar 15 12:12:52 CET 2026
#@# AParc-to-ASeg aparc.DKTatlas Sun Mar 15 12:13:50 CET 2026
#@# WMParc Sun Mar 15 12:14:47 CET 2026
#@# ASeg Stats Sun Mar 15 12:17:29 CET 2026
recon-all -s sub-v2s10x28996_ses-1 finished without error at Sun Mar 15 12:18:27 CET 2026
