status file for recon-all
Sun Mar 15 11:09:23 CET 2026
#@# Tessellate rh Sun Mar 15 11:09:23 CET 2026
#@# Smooth1 rh Sun Mar 15 11:09:26 CET 2026
#@# Inflation1 rh Sun Mar 15 11:09:28 CET 2026
#@# QSphere rh Sun Mar 15 11:09:47 CET 2026
#@# Fix Topology rh Sun Mar 15 11:12:11 CET 2026
#@# Smooth2 rh Sun Mar 15 11:18:46 CET 2026
#@# Inflation2 rh Sun Mar 15 11:18:49 CET 2026
#@# Curv .H and .K rh Sun Mar 15 11:19:18 CET 2026
#@# Sphere rh Sun Mar 15 11:20:02 CET 2026
#@# Surf Reg rh Sun Mar 15 11:36:57 CET 2026
#@# Jacobian white rh Sun Mar 15 11:51:48 CET 2026
#@# AvgCurv rh Sun Mar 15 11:51:50 CET 2026
#@# Cortical Parc rh Sun Mar 15 11:51:50 CET 2026
#@# white curv rh Sun Mar 15 11:57:44 CET 2026
#@# white area rh Sun Mar 15 11:57:47 CET 2026
#@# pial curv rh Sun Mar 15 11:57:48 CET 2026
#@# pial area rh Sun Mar 15 11:57:49 CET 2026
#@# thickness rh Sun Mar 15 11:57:50 CET 2026
#@# area and vertex vol rh Sun Mar 15 11:58:12 CET 2026
#@# Curvature Stats rh Sun Mar 15 11:58:13 CET 2026
#@# Cortical Parc 2 rh Sun Mar 15 11:58:16 CET 2026
#@# Cortical Parc 3 rh Sun Mar 15 11:58:28 CET 2026
#@# WM/GM Contrast rh Sun Mar 15 11:58:38 CET 2026
recon-all -s sub-v2s10x28996_ses-1 finished without error at Sun Mar 15 11:58:42 CET 2026



#New# invocation of recon-all 



status file for recon-all
Sun Mar 15 12:07:39 CET 2026
#@# white curv rh Sun Mar 15 12:07:40 CET 2026
#@# white area rh Sun Mar 15 12:07:40 CET 2026
#@# pial curv rh Sun Mar 15 12:07:40 CET 2026
#@# pial area rh Sun Mar 15 12:07:40 CET 2026
#@# thickness rh Sun Mar 15 12:07:40 CET 2026
#@# area and vertex vol rh Sun Mar 15 12:07:40 CET 2026
#@# Parcellation Stats rh Sun Mar 15 12:07:40 CET 2026
#@# Parcellation Stats 2 rh Sun Mar 15 12:08:00 CET 2026
#@# Parcellation Stats 3 rh Sun Mar 15 12:08:11 CET 2026
#@# BA_exvivo Labels rh Sun Mar 15 12:08:22 CET 2026
recon-all -s sub-v2s10x28996_ses-1 finished without error at Sun Mar 15 12:11:20 CET 2026
