status file for recon-all
Sun Mar 15 09:26:56 CET 2026
#@# Tessellate lh Sun Mar 15 09:26:56 CET 2026
#@# Smooth1 lh Sun Mar 15 09:26:58 CET 2026
#@# Inflation1 lh Sun Mar 15 09:27:00 CET 2026
#@# QSphere lh Sun Mar 15 09:27:06 CET 2026
#@# Fix Topology lh Sun Mar 15 09:27:47 CET 2026
#@# Smooth2 lh Sun Mar 15 09:31:30 CET 2026
#@# Inflation2 lh Sun Mar 15 09:31:32 CET 2026
#@# Curv .H and .K lh Sun Mar 15 09:31:39 CET 2026
#@# Sphere lh Sun Mar 15 09:32:13 CET 2026
#@# Surf Reg lh Sun Mar 15 09:34:06 CET 2026
#@# Jacobian white lh Sun Mar 15 09:36:25 CET 2026
#@# AvgCurv lh Sun Mar 15 09:36:25 CET 2026
#@# Cortical Parc lh Sun Mar 15 09:36:26 CET 2026
#@# white curv lh Sun Mar 15 09:41:22 CET 2026
#@# white area lh Sun Mar 15 09:41:23 CET 2026
#@# pial curv lh Sun Mar 15 09:41:23 CET 2026
#@# pial area lh Sun Mar 15 09:41:24 CET 2026
#@# thickness lh Sun Mar 15 09:41:25 CET 2026
#@# area and vertex vol lh Sun Mar 15 09:41:43 CET 2026
#@# Curvature Stats lh Sun Mar 15 09:41:44 CET 2026
#@# Cortical Parc 2 lh Sun Mar 15 09:41:45 CET 2026
#@# Cortical Parc 3 lh Sun Mar 15 09:41:55 CET 2026
#@# WM/GM Contrast lh Sun Mar 15 09:42:01 CET 2026
recon-all -s sub-v2s10x28966_ses-1 finished without error at Sun Mar 15 09:42:03 CET 2026



#New# invocation of recon-all 



status file for recon-all
Sun Mar 15 09:58:44 CET 2026
#@# white curv lh Sun Mar 15 09:58:44 CET 2026
#@# white area lh Sun Mar 15 09:58:44 CET 2026
#@# pial curv lh Sun Mar 15 09:58:44 CET 2026
#@# pial area lh Sun Mar 15 09:58:44 CET 2026
#@# thickness lh Sun Mar 15 09:58:45 CET 2026
#@# area and vertex vol lh Sun Mar 15 09:58:45 CET 2026
#@# Parcellation Stats lh Sun Mar 15 09:58:45 CET 2026
#@# Parcellation Stats 2 lh Sun Mar 15 09:58:58 CET 2026
#@# Parcellation Stats 3 lh Sun Mar 15 09:59:05 CET 2026
#@# BA_exvivo Labels lh Sun Mar 15 09:59:12 CET 2026
recon-all -s sub-v2s10x28966_ses-1 finished without error at Sun Mar 15 10:00:57 CET 2026
