status file for recon-all
Sun Mar 15 09:42:04 CET 2026
#@# Tessellate rh Sun Mar 15 09:42:04 CET 2026
#@# Smooth1 rh Sun Mar 15 09:42:06 CET 2026
#@# Inflation1 rh Sun Mar 15 09:42:08 CET 2026
#@# QSphere rh Sun Mar 15 09:42:15 CET 2026
#@# Fix Topology rh Sun Mar 15 09:42:55 CET 2026
#@# Smooth2 rh Sun Mar 15 09:46:39 CET 2026
#@# Inflation2 rh Sun Mar 15 09:46:41 CET 2026
#@# Curv .H and .K rh Sun Mar 15 09:46:48 CET 2026
#@# Sphere rh Sun Mar 15 09:47:23 CET 2026
#@# Surf Reg rh Sun Mar 15 09:48:10 CET 2026
#@# Jacobian white rh Sun Mar 15 09:50:18 CET 2026
#@# AvgCurv rh Sun Mar 15 09:50:19 CET 2026
#@# Cortical Parc rh Sun Mar 15 09:50:19 CET 2026
#@# white curv rh Sun Mar 15 09:55:23 CET 2026
#@# white area rh Sun Mar 15 09:55:24 CET 2026
#@# pial curv rh Sun Mar 15 09:55:25 CET 2026
#@# pial area rh Sun Mar 15 09:55:26 CET 2026
#@# thickness rh Sun Mar 15 09:55:26 CET 2026
#@# area and vertex vol rh Sun Mar 15 09:55:43 CET 2026
#@# Curvature Stats rh Sun Mar 15 09:55:44 CET 2026
#@# Cortical Parc 2 rh Sun Mar 15 09:55:46 CET 2026
#@# Cortical Parc 3 rh Sun Mar 15 09:55:55 CET 2026
#@# WM/GM Contrast rh Sun Mar 15 09:56:02 CET 2026
recon-all -s sub-v2s10x28966_ses-1 finished without error at Sun Mar 15 09:56:03 CET 2026



#New# invocation of recon-all 



status file for recon-all
Sun Mar 15 10:00:58 CET 2026
#@# white curv rh Sun Mar 15 10:00:59 CET 2026
#@# white area rh Sun Mar 15 10:00:59 CET 2026
#@# pial curv rh Sun Mar 15 10:00:59 CET 2026
#@# pial area rh Sun Mar 15 10:00:59 CET 2026
#@# thickness rh Sun Mar 15 10:00:59 CET 2026
#@# area and vertex vol rh Sun Mar 15 10:00:59 CET 2026
#@# Parcellation Stats rh Sun Mar 15 10:00:59 CET 2026
#@# Parcellation Stats 2 rh Sun Mar 15 10:01:12 CET 2026
#@# Parcellation Stats 3 rh Sun Mar 15 10:01:18 CET 2026
#@# BA_exvivo Labels rh Sun Mar 15 10:01:25 CET 2026
recon-all -s sub-v2s10x28966_ses-1 finished without error at Sun Mar 15 10:03:10 CET 2026
