/out/sourcedata/freesurfer/sub-v2s10x28927_ses-1/mri
/opt/freesurfer/bin/talairach_avi
--i orig_nu.mgz --xfm transforms/talairach.auto.xfm
talairach_avi 7.3.2
Linux dna066 5.14.0-427.37.1.el9_4.x86_64 #1 SMP PREEMPT_DYNAMIC Fri Sep 13 12:41:50 EDT 2024 x86_64 x86_64 x86_64 GNU/Linux
Sun Mar 15 08:14:33 CET 2026
mri_convert orig_nu.mgz talsrcimg.img 
reading from orig_nu.mgz...
TR=0.00, TE=0.00, TI=0.00, flip angle=0.00
i_ras = (-1, -1.39698e-09, 0)
j_ras = (0, -2.32831e-10, -1)
k_ras = (1.35333e-09, 1, 2.32831e-10)
writing to talsrcimg.img...
Analyze Output Matrix
-1.00000   0.00000   0.00000   132.46628;
-0.00000  -0.00000   1.00000  -113.34553;
 0.00000  -1.00000   0.00000   118.56154;
 0.00000   0.00000   0.00000   1.00000;
--------------------
INFO: set hdr.hist.orient to -1
mpr2mni305 talsrcimg
Sun Mar 15 08:14:33 CET 2026
/opt/freesurfer/bin/mpr2mni305 talsrcimg
mpr2mni305 7.3.2
target=711-2C_as_mni_average_305

---------------------------------------------------------------------
analyzeto4dfp talsrcimg -O0 -y
---------------------------------------------------------------------

freesurfer ifh2hdr.c
Sun Mar 15 08:14:33 2026
Writing: talsrcimg.4dfp.hdr
freesurfer analyzeto4dfp.c
Reading: talsrcimg.hdr
header size 348 bytes
hdr.dime.datatype	offset=70	value=2
hdr.dime.bitpix		offset=72	value=8
hdr.hist.orient		offset=252	value=-1
dimensionality     4
dimensions       256       256       256         1
Reading: talsrcimg.img
Writing: talsrcimg.4dfp.img
Writing: talsrcimg.4dfp.ifh
ifh2hdr talsrcimg -r0to244
ori=2

---------------------------------------------------------------------
gauss_4dfp talsrcimg 1.1
---------------------------------------------------------------------

freesurfer gauss_4dfp.c
Reading: talsrcimg.4dfp.img
Writing: talsrcimg_g11.4dfp.img
image dimensions 256 256 256 padded to 288 288 288
processing volume 1freesurfer ifh2hdr.c
Sun Mar 15 08:14:35 2026
Writing: talsrcimg_g11.4dfp.hdr

Writing: talsrcimg_g11.4dfp.ifh
including: talsrcimg.4dfp.img.rec in talsrcimg_g11.4dfp.img.rec

---------------------------------------------------------------------
imgreg_4dfp /opt/freesurfer/average/711-2C_as_mni_average_305 none talsrcimg_g11 none talsrcimg_to_711-2C_as_mni_average_305_t4 4355
---------------------------------------------------------------------

freesurfer imgreg_4dfp.c
/opt/freesurfer/average/711-2C_as_mni_average_305.4dfp.img
       256       256       256         1
  1.000000  1.000000  1.000000
orientation T byte_order littleendian
Reading image: /opt/freesurfer/average/711-2C_as_mni_average_305.4dfp.img
dimensions:      256       256       256
mmppix:       1.0000   -1.0000   -1.0000
center:     128.0000 -129.0000 -129.0000
talsrcimg_g11.4dfp.img
       256       256       256         1
  1.000000  1.000000  1.000000
orientation T byte_order littleendian
Reading image: talsrcimg_g11.4dfp.img
dimensions:      256       256       256
mmppix:       1.0000   -1.0000   -1.0000
center:     128.0000 -129.0000 -129.0000
t4_read: open error in t4_sub.f l:  41 t4_file(1:l)talsrcimg_to_711-2C_as_mni_average_305_t4 
t4_read: transform initialized to I4
rotation matrix determinant  1.000000
image alignment mode   4355 decimal     1103 hex
   -7.5000  -45.0000  -45.0000 7233.8569   11.1985
    0.0000  -45.0000  -45.0000 7486.3486   11.1813
    7.5000  -45.0000  -45.0000 7147.6836   11.1558
   -7.5000  -37.5000  -45.0000 7854.0889   10.9899
    0.0000  -37.5000  -45.0000 8132.8550   10.9737
    7.5000  -37.5000  -45.0000 7766.4590   10.9503
   -7.5000  -30.0000  -45.0000 8807.7217   10.8463
    0.0000  -30.0000  -45.0000 9134.3926   10.8329
    7.5000  -30.0000  -45.0000 8709.0400   10.8111
   -7.5000  -22.5000  -45.0000 9823.3838   10.7781
    0.0000  -22.5000  -45.000010194.0518   10.7660
    7.5000  -22.5000  -45.0000 9716.5088   10.7438
   -7.5000  -15.0000  -45.000010816.7188   10.7360
    0.0000  -15.0000  -45.000011235.0127   10.7227
    7.5000  -15.0000  -45.000010709.7832   10.6999
   -7.5000   -7.5000  -45.000011735.4971   10.7112
    0.0000   -7.5000  -45.000012190.5312   10.6963
    7.5000   -7.5000  -45.000011603.5459   10.6730
   -7.5000    0.0000  -45.000012609.4033   10.7081
    0.0000    0.0000  -45.000013059.0703   10.6919
    7.5000    0.0000  -45.000012413.6660   10.6682
   -7.5000    7.5000  -45.000012498.7471   10.7134
    0.0000    7.5000  -45.000012954.3047   10.6979
    7.5000    7.5000  -45.000012313.4141   10.6752
   -7.5000   15.0000  -45.000012237.7041   10.7142
    0.0000   15.0000  -45.000012693.1709   10.7010
    7.5000   15.0000  -45.000012075.8506   10.6793
   -7.5000   22.5000  -45.000011818.0205   10.7086
    0.0000   22.5000  -45.000012257.7158   10.6964
    7.5000   22.5000  -45.000011631.7412   10.6742
   -7.5000   30.0000  -45.000011372.7148   10.5643
    0.0000   30.0000  -45.000011774.4082   10.5512
    7.5000   30.0000  -45.000011153.2256   10.5286
   -7.5000   37.5000  -45.000011289.2129   10.5605
    0.0000   37.5000  -45.000011681.1709   10.5457
    7.5000   37.5000  -45.000011037.4473   10.5227
   -7.5000   45.0000  -45.000010625.1338   10.2972
    0.0000   45.0000  -45.000010996.0479   10.2816
    7.5000   45.0000  -45.000010394.5244   10.2588
   -7.5000  -45.0000  -37.5000 7574.2915   11.1911
    0.0000  -45.0000  -37.5000 7847.8008   11.1745
    7.5000  -45.0000  -37.5000 7496.0576   11.1494
   -7.5000  -37.5000  -37.5000 8236.5020   10.9802
    0.0000  -37.5000  -37.5000 8539.1318   10.9663
    7.5000  -37.5000  -37.5000 8149.2466   10.9445
   -7.5000  -30.0000  -37.5000 9278.5459   10.8347
    0.0000  -30.0000  -37.5000 9626.7402   10.8238
    7.5000  -30.0000  -37.5000 9179.2744   10.8040
   -7.5000  -22.5000  -37.500010352.3457   10.7668
    0.0000  -22.5000  -37.500010750.2734   10.7557
    7.5000  -22.5000  -37.500010246.4072   10.7347
   -7.5000  -15.0000  -37.500011368.6895   10.7281
    0.0000  -15.0000  -37.500011823.7100   10.7143
    7.5000  -15.0000  -37.500011275.4463   10.6910
   -7.5000   -7.5000  -37.500012331.0381   10.7061
    0.0000   -7.5000  -37.500012828.1914   10.6904
    7.5000   -7.5000  -37.500012240.0762   10.6663
   -7.5000    0.0000  -37.500013246.7783   10.7020
    0.0000    0.0000  -37.500013732.0400   10.6864
    7.5000    0.0000  -37.500013092.9629   10.6631
   -7.5000    7.5000  -37.500013143.0869   10.7043
    0.0000    7.5000  -37.500013618.3320   10.6911
    7.5000    7.5000  -37.500012973.8320   10.6700
   -7.5000   15.0000  -37.500012872.4941   10.7030
    0.0000   15.0000  -37.500013351.1494   10.6922
    7.5000   15.0000  -37.500012713.1924   10.6724
   -7.5000   22.5000  -37.500012412.8906   10.6979
    0.0000   22.5000  -37.500012893.6777   10.6867
    7.5000   22.5000  -37.500012233.7002   10.6656
   -7.5000   30.0000  -37.500011913.6162   10.5569
    0.0000   30.0000  -37.500012358.0059   10.5432
    7.5000   30.0000  -37.500011702.7588   10.5202
   -7.5000   37.5000  -37.500011819.4883   10.5555
    0.0000   37.5000  -37.500012248.3682   10.5399
    7.5000   37.5000  -37.500011584.6367   10.5161
   -7.5000   45.0000  -37.500011131.7783   10.2912
    0.0000   45.0000  -37.500011529.7402   10.2763
    7.5000   45.0000  -37.500010899.5664   10.2539
   -7.5000  -45.0000  -30.0000 8067.0430   11.6620
    0.0000  -45.0000  -30.0000 8360.7393   11.6433
    7.5000  -45.0000  -30.0000 7995.9907   11.6190
   -7.5000  -37.5000  -30.0000 8801.8975   11.4406
    0.0000  -37.5000  -30.0000 9133.7627   11.4254
    7.5000  -37.5000  -30.0000 8714.2100   11.4048
   -7.5000  -30.0000  -30.0000 9934.4150   11.2872
    0.0000  -30.0000  -30.000010310.6826   11.2753
    7.5000  -30.0000  -30.0000 9841.4473   11.2573
   -7.5000  -22.5000  -30.000011066.8633   11.2166
    0.0000  -22.5000  -30.000011490.4590   11.2043
    7.5000  -22.5000  -30.000010975.8135   11.1849
   -7.5000  -15.0000  -30.000012114.4834   11.1783
    0.0000  -15.0000  -30.000012600.5674   11.1627
    7.5000  -15.0000  -30.000012036.2227   11.1402
   -7.5000   -7.5000  -30.000013158.4424   11.1576
    0.0000   -7.5000  -30.000013680.7148   11.1396
    7.5000   -7.5000  -30.000013074.7686   11.1159
   -7.5000    0.0000  -30.000014128.6523   11.1531
    0.0000    0.0000  -30.000014650.3350   11.1356
    7.5000    0.0000  -30.000013983.9004   11.1129
   -7.5000    7.5000  -30.000014010.5615   11.1533
    0.0000    7.5000  -30.000014511.7275   11.1388
    7.5000    7.5000  -30.000013826.8652   11.1188
   -7.5000   15.0000  -30.000013697.6318   11.1500
    0.0000   15.0000  -30.000014215.8906   11.1382
    7.5000   15.0000  -30.000013529.5391   11.1202
   -7.5000   22.5000  -30.000013213.6543   11.1439
    0.0000   22.5000  -30.000013736.6084   11.1314
    7.5000   22.5000  -30.000013047.8506   11.1119
   -7.5000   30.0000  -30.000012637.3184   11.0013
    0.0000   30.0000  -30.000013132.6543   10.9858
    7.5000   30.0000  -30.000012443.0723   10.9636
   -7.5000   37.5000  -30.000012518.1299   11.0018
    0.0000   37.5000  -30.000012998.2451   10.9840
    7.5000   37.5000  -30.000012298.4023   10.9605
   -7.5000   45.0000  -30.000011794.9219   10.7329
    0.0000   45.0000  -30.000012231.8604   10.7160
    7.5000   45.0000  -30.000011571.7754   10.6942
   -7.5000  -45.0000  -22.5000 8559.1846   12.0559
    0.0000  -45.0000  -22.5000 8889.8145   12.0338
    7.5000  -45.0000  -22.5000 8486.7627   12.0105
   -7.5000  -37.5000  -22.5000 9365.4209   11.8291
    0.0000  -37.5000  -22.5000 9723.9180   11.8093
    7.5000  -37.5000  -22.5000 9286.4697   11.7886
   -7.5000  -30.0000  -22.500010559.5713   11.6708
    0.0000  -30.0000  -22.500010984.4199   11.6547
    7.5000  -30.0000  -22.500010485.8389   11.6366
   -7.5000  -22.5000  -22.500011722.6201   11.5968
    0.0000  -22.5000  -22.500012199.9902   11.5816
    7.5000  -22.5000  -22.500011661.6270   11.5631
   -7.5000  -15.0000  -22.500012818.5781   11.5547
    0.0000  -15.0000  -22.500013355.2783   11.5375
    7.5000  -15.0000  -22.500012774.9404   11.5169
   -7.5000   -7.5000  -22.500013925.4141   11.5328
    0.0000   -7.5000  -22.500014499.7598   11.5131
    7.5000   -7.5000  -22.500013861.4170   11.4913
   -7.5000    0.0000  -22.500014945.8008   11.5303
    0.0000    0.0000  -22.500015526.5020   11.5095
    7.5000    0.0000  -22.500014815.1318   11.4877
   -7.5000    7.5000  -22.500014802.1377   11.5321
    0.0000    7.5000  -22.500015377.3730   11.5131
    7.5000    7.5000  -22.500014622.5498   11.4929
   -7.5000   15.0000  -22.500014478.6865   11.5287
    0.0000   15.0000  -22.500015054.3086   11.5128
    7.5000   15.0000  -22.500014310.4219   11.4946
   -7.5000   22.5000  -22.500013973.0381   11.5205
    0.0000   22.5000  -22.500014541.1494   11.5052
    7.5000   22.5000  -22.500013812.5010   11.4865
   -7.5000   30.0000  -22.500013333.4639   11.3735
    0.0000   30.0000  -22.500013875.8457   11.3565
    7.5000   30.0000  -22.500013167.7422   11.3361
   -7.5000   37.5000  -22.500013164.3809   11.3736
    0.0000   37.5000  -22.500013686.0645   11.3541
    7.5000   37.5000  -22.500012966.2793   11.3326
   -7.5000   45.0000  -22.500012385.5742   11.1042
    0.0000   45.0000  -22.500012872.4941   11.0842
    7.5000   45.0000  -22.500012175.7920   11.0632
   -7.5000  -45.0000  -15.0000 9032.5400   12.3366
    0.0000  -45.0000  -15.0000 9393.2695   12.3130
    7.5000  -45.0000  -15.0000 8959.1729   12.2889
   -7.5000  -37.5000  -15.0000 9896.9980   12.1078
    0.0000  -37.5000  -15.000010285.5049   12.0843
    7.5000  -37.5000  -15.0000 9807.4697   12.0614
   -7.5000  -30.0000  -15.000011174.0303   11.9480
    0.0000  -30.0000  -15.000011613.6621   11.9281
    7.5000  -30.0000  -15.000011070.4473   11.9074
   -7.5000  -22.5000  -15.000012405.4180   11.8711
    0.0000  -22.5000  -15.000012898.7549   11.8542
    7.5000  -22.5000  -15.000012302.1465   11.8341
   -7.5000  -15.0000  -15.000013545.1113   11.8239
    0.0000  -15.0000  -15.000014097.9990   11.8071
    7.5000  -15.0000  -15.000013482.1133   11.7867
   -7.5000   -7.5000  -15.000014675.2988   11.7990
    0.0000   -7.5000  -15.000015257.9756   11.7798
    7.5000   -7.5000  -15.000014595.1855   11.7588
   -7.5000    0.0000  -15.000015729.9736   11.7985
    0.0000    0.0000  -15.000016345.8760   11.7762
    7.5000    0.0000  -15.000015604.8711   11.7536
   -7.5000    7.5000  -15.000015570.1572   11.8038
    0.0000    7.5000  -15.000016185.2227   11.7812
    7.5000    7.5000  -15.000015380.4512   11.7588
   -7.5000   15.0000  -15.000015232.3623   11.8024
    0.0000   15.0000  -15.000015846.5283   11.7828
    7.5000   15.0000  -15.000015059.0430   11.7621
   -7.5000   22.5000  -15.000014705.2324   11.7920
    0.0000   22.5000  -15.000015319.7529   11.7750
    7.5000   22.5000  -15.000014564.5244   11.7548
   -7.5000   30.0000  -15.000014021.3994   11.6398
    0.0000   30.0000  -15.000014622.9326   11.6231
    7.5000   30.0000  -15.000013891.0430   11.6030
   -7.5000   37.5000  -15.000013781.4404   11.6378
    0.0000   37.5000  -15.000014376.9844   11.6188
    7.5000   37.5000  -15.000013627.9531   11.5980
   -7.5000   45.0000  -15.000012949.3047   11.3694
    0.0000   45.0000  -15.000013489.9199   11.3479
    7.5000   45.0000  -15.000012776.6064   11.3261
   -7.5000  -45.0000   -7.5000 9491.6387   12.4794
    0.0000  -45.0000   -7.5000 9872.0850   12.4576
    7.5000  -45.0000   -7.5000 9421.7012   12.4308
   -7.5000  -37.5000   -7.500010425.9443   12.2489
    0.0000  -37.5000   -7.500010837.8184   12.2267
    7.5000  -37.5000   -7.500010320.1592   12.2009
   -7.5000  -30.0000   -7.500011777.2100   12.0895
    0.0000  -30.0000   -7.500012257.5830   12.0704
    7.5000  -30.0000   -7.500011670.8340   12.0466
   -7.5000  -22.5000   -7.500013102.8809   12.0124
    0.0000  -22.5000   -7.500013622.5830   11.9966
    7.5000  -22.5000   -7.500012986.9336   11.9734
   -7.5000  -15.0000   -7.500014315.6807   11.9636
    0.0000  -15.0000   -7.500014889.5498   11.9482
    7.5000  -15.0000   -7.500014228.3652   11.9254
   -7.5000   -7.5000   -7.500015470.9639   11.9358
    0.0000   -7.5000   -7.500016060.8389   11.9184
    7.5000   -7.5000   -7.500015346.9658   11.8952
   -7.5000    0.0000   -7.500016532.5703   11.9343
    0.0000    0.0000   -7.500017158.8145   11.9137
    7.5000    0.0000   -7.500016389.4141   11.8887
   -7.5000    7.5000   -7.500016407.8594   11.9414
    0.0000    7.5000   -7.500017010.4785   11.9200
    7.5000    7.5000   -7.500016176.6455   11.8949
   -7.5000   15.0000   -7.500016033.9355   11.9422
    0.0000   15.0000   -7.500016641.1367   11.9234
    7.5000   15.0000   -7.500015841.4756   11.8997
   -7.5000   22.5000   -7.500015460.6934   11.9309
    0.0000   22.5000   -7.500016087.7119   11.9150
    7.5000   22.5000   -7.500015345.1064   11.8918
   -7.5000   30.0000   -7.500014702.2607   11.7766
    0.0000   30.0000   -7.500015354.0557   11.7614
    7.5000   30.0000   -7.500014625.7275   11.7389
   -7.5000   37.5000   -7.500014396.2900   11.7723
    0.0000   37.5000   -7.500015078.3066   11.7551
    7.5000   37.5000   -7.500014284.2188   11.7321
   -7.5000   45.0000   -7.500013549.2305   11.5024
    0.0000   45.0000   -7.500014159.0986   11.4825
    7.5000   45.0000   -7.500013364.2637   11.4585
   -7.5000  -45.0000    0.0000 9866.3535   12.5106
    0.0000  -45.0000    0.000010251.8662   12.4913
    7.5000  -45.0000    0.0000 9783.5840   12.4627
   -7.5000  -37.5000    0.000010864.8672   12.2779
    0.0000  -37.5000    0.000011287.2080   12.2597
    7.5000  -37.5000    0.000010744.7578   12.2335
   -7.5000  -30.0000    0.000012274.4727   12.1178
    0.0000  -30.0000    0.000012773.0107   12.1027
    7.5000  -30.0000    0.000012164.7949   12.0783
   -7.5000  -22.5000    0.000013688.5146   12.0418
    0.0000  -22.5000    0.000014223.2451   12.0281
    7.5000  -22.5000    0.000013562.5635   12.0032
   -7.5000  -15.0000    0.000014977.3008   11.9948
    0.0000  -15.0000    0.000015571.9072   11.9799
    7.5000  -15.0000    0.000014862.5137   11.9543
   -7.5000   -7.5000    0.000016145.5371   11.9671
    0.0000   -7.5000    0.000016753.1289   11.9504
    7.5000   -7.5000    0.000016010.5469   11.9243
   -7.5000    0.0000    0.000017225.0195   11.9637
    0.0000    0.0000    0.000017837.5801   11.9454
    7.5000    0.0000    0.000017081.2207   11.9189
   -7.5000    7.5000    0.000017164.2402   11.9695
    0.0000    7.5000    0.000017753.1602   11.9521
    7.5000    7.5000    0.000016891.6484   11.9266
   -7.5000   15.0000    0.000016870.4492   11.9704
    0.0000   15.0000    0.000017492.4746   11.9556
    7.5000   15.0000    0.000016607.8223   11.9312
   -7.5000   22.5000    0.000016263.4717   11.9604
    0.0000   22.5000    0.000016915.9512   11.9466
    7.5000   22.5000    0.000016073.3027   11.9217
   -7.5000   30.0000    0.000015443.9883   11.8077
    0.0000   30.0000    0.000016113.3916   11.7929
    7.5000   30.0000    0.000015312.3516   11.7676
   -7.5000   37.5000    0.000015068.9688   11.8034
    0.0000   37.5000    0.000015718.7002   11.7868
    7.5000   37.5000    0.000014896.8486   11.7610
   -7.5000   45.0000    0.000014169.6309   11.5316
    0.0000   45.0000    0.000014732.7031   11.5140
    7.5000   45.0000    0.000013941.5986   11.4885
   -7.5000  -45.0000    7.5000 9482.2607   12.5200
    0.0000  -45.0000    7.5000 9873.8838   12.5015
    7.5000  -45.0000    7.5000 9416.2227   12.4734
   -7.5000  -37.5000    7.500010430.6963   12.2841
    0.0000  -37.5000    7.500010873.0791   12.2686
    7.5000  -37.5000    7.500010343.7217   12.2442
   -7.5000  -30.0000    7.500011787.5430   12.1214
    0.0000  -30.0000    7.500012288.4443   12.1092
    7.5000  -30.0000    7.500011697.4014   12.0870
   -7.5000  -22.5000    7.500013160.6543   12.0455
    0.0000  -22.5000    7.500013683.8467   12.0331
    7.5000  -22.5000    7.500013035.8037   12.0095
   -7.5000  -15.0000    7.500014446.9189   12.0023
    0.0000  -15.0000    7.500015014.1182   11.9867
    7.5000  -15.0000    7.500014310.0098   11.9606
   -7.5000   -7.5000    7.500015572.5459   11.9776
    0.0000   -7.5000    7.500016156.7373   11.9600
    7.5000   -7.5000    7.500015420.0381   11.9330
   -7.5000    0.0000    7.500016600.7207   11.9730
    0.0000    0.0000    7.500017146.5879   11.9555
    7.5000    0.0000    7.500016442.7402   11.9294
   -7.5000    7.5000    7.500016543.5137   11.9755
    0.0000    7.5000    7.500017081.1543   11.9607
    7.5000    7.5000    7.500016283.3750   11.9371
   -7.5000   15.0000    7.500016384.8848   11.9741
    0.0000   15.0000    7.500016937.5039   11.9620
    7.5000   15.0000    7.500016065.6191   11.9399
   -7.5000   22.5000    7.500015820.8564   11.9646
    0.0000   22.5000    7.500016375.9307   11.9520
    7.5000   22.5000    7.500015545.6758   11.9284
   -7.5000   30.0000    7.500014947.9707   11.8153
    0.0000   30.0000    7.500015514.6543   11.7999
    7.5000   30.0000    7.500014756.5635   11.7741
   -7.5000   37.5000    7.500014507.7734   11.8137
    0.0000   37.5000    7.500015081.2354   11.7962
    7.5000   37.5000    7.500014321.6074   11.7695
   -7.5000   45.0000    7.500013574.3037   11.5406
    0.0000   45.0000    7.500014067.1768   11.5238
    7.5000   45.0000    7.500013372.5498   11.4986
   -7.5000  -45.0000   15.0000 8998.4023   12.5406
    0.0000  -45.0000   15.0000 9381.6338   12.5205
    7.5000  -45.0000   15.0000 8956.4395   12.4945
   -7.5000  -37.5000   15.0000 9892.5322   12.3034
    0.0000  -37.5000   15.000010321.1055   12.2869
    7.5000  -37.5000   15.0000 9830.1631   12.2648
   -7.5000  -30.0000   15.000011180.7441   12.1382
    0.0000  -30.0000   15.000011648.7402   12.1254
    7.5000  -30.0000   15.000011097.8545   12.1061
   -7.5000  -22.5000   15.000012483.7402   12.0623
    0.0000  -22.5000   15.000012984.1357   12.0489
    7.5000  -22.5000   15.000012369.7061   12.0282
   -7.5000  -15.0000   15.000013717.6240   12.0211
    0.0000  -15.0000   15.000014254.5410   12.0042
    7.5000  -15.0000   15.000013570.3711   11.9801
   -7.5000   -7.5000   15.000014838.0254   11.9988
    0.0000   -7.5000   15.000015409.7705   11.9794
    7.5000   -7.5000   15.000014670.6455   11.9540
   -7.5000    0.0000   15.000015900.6973   11.9939
    0.0000    0.0000   15.000016453.0684   11.9750
    7.5000    0.0000   15.000015693.3545   11.9506
   -7.5000    7.5000   15.000015822.1182   11.9940
    0.0000    7.5000   15.000016402.6387   11.9783
    7.5000    7.5000   15.000015571.7715   11.9569
   -7.5000   15.0000   15.000015577.4463   11.9904
    0.0000   15.0000   15.000016125.4990   11.9777
    7.5000   15.0000   15.000015333.4727   11.9583
   -7.5000   22.5000   15.000015016.8252   11.9813
    0.0000   22.5000   15.000015539.5850   11.9678
    7.5000   22.5000   15.000014835.1270   11.9469
   -7.5000   30.0000   15.000014246.2490   11.8341
    0.0000   30.0000   15.000014782.1162   11.8175
    7.5000   30.0000   15.000014133.9619   11.7936
   -7.5000   37.5000   15.000013839.9512   11.8346
    0.0000   37.5000   15.000014382.4482   11.8155
    7.5000   37.5000   15.000013722.8320   11.7903
   -7.5000   45.0000   15.000012895.3047   11.5607
    0.0000   45.0000   15.000013352.4971   11.5425
    7.5000   45.0000   15.000012733.4482   11.5190
   -7.5000  -45.0000   22.5000 8417.3398   12.5784
    0.0000  -45.0000   22.5000 8784.4727   12.5552
    7.5000  -45.0000   22.5000 8379.3281   12.5310
   -7.5000  -37.5000   22.5000 9260.9600   12.3432
    0.0000  -37.5000   22.5000 9668.0986   12.3224
    7.5000  -37.5000   22.5000 9202.4473   12.3008
   -7.5000  -30.0000   22.500010459.4854   12.1778
    0.0000  -30.0000   22.500010903.6006   12.1608
    7.5000  -30.0000   22.500010395.0674   12.1419
   -7.5000  -22.5000   22.500011682.9648   12.1004
    0.0000  -22.5000   22.500012156.6621   12.0844
    7.5000  -22.5000   22.500011578.3525   12.0650
   -7.5000  -15.0000   22.500012863.7129   12.0564
    0.0000  -15.0000   22.500013340.4209   12.0383
    7.5000  -15.0000   22.500012717.5498   12.0167
   -7.5000   -7.5000   22.500013945.3252   12.0332
    0.0000   -7.5000   22.500014448.5830   12.0126
    7.5000   -7.5000   22.500013788.1924   11.9898
   -7.5000    0.0000   22.500014970.9160   12.0304
    0.0000    0.0000   22.500015495.8330   12.0086
    7.5000    0.0000   22.500014781.5938   11.9858
   -7.5000    7.5000   22.500014916.1113   12.0322
    0.0000    7.5000   22.500015456.4102   12.0123
    7.5000    7.5000   22.500014693.3984   11.9912
   -7.5000   15.0000   22.500014645.8477   12.0287
    0.0000   15.0000   22.500015144.3311   12.0120
    7.5000   15.0000   22.500014416.7656   11.9930
   -7.5000   22.5000   22.500014115.4844   12.0185
    0.0000   22.5000   22.500014592.9121   12.0025
    7.5000   22.5000   22.500013941.1152   11.9830
   -7.5000   30.0000   22.500013429.8125   11.8688
    0.0000   30.0000   22.500013901.9004   11.8509
    7.5000   30.0000   22.500013302.3086   11.8296
   -7.5000   37.5000   22.500013084.0254   11.8687
    0.0000   37.5000   22.500013542.6230   11.8483
    7.5000   37.5000   22.500012954.4961   11.8258
   -7.5000   45.0000   22.500012143.1934   11.5959
    0.0000   45.0000   22.500012554.4141   11.5749
    7.5000   45.0000   22.500012001.2939   11.5529
   -7.5000  -45.0000   30.0000 7767.6240   12.6960
    0.0000  -45.0000   30.0000 8092.5801   12.6714
    7.5000  -45.0000   30.0000 7718.9678   12.6463
   -7.5000  -37.5000   30.0000 8567.1074   12.4623
    0.0000  -37.5000   30.0000 8925.1035   12.4378
    7.5000  -37.5000   30.0000 8502.8604   12.4137
   -7.5000  -30.0000   30.0000 9689.1582   12.2972
    0.0000  -30.0000   30.000010103.8643   12.2763
    7.5000  -30.0000   30.0000 9636.1172   12.2547
   -7.5000  -22.5000   30.000010833.6865   12.2170
    0.0000  -22.5000   30.000011277.4922   12.1993
    7.5000  -22.5000   30.000010738.1006   12.1784
   -7.5000  -15.0000   30.000011923.7607   12.1674
    0.0000  -15.0000   30.000012381.0078   12.1498
    7.5000  -15.0000   30.000011785.9434   12.1287
   -7.5000   -7.5000   30.000012944.0254   12.1409
    0.0000   -7.5000   30.000013416.4570   12.1209
    7.5000   -7.5000   30.000012790.1846   12.0989
   -7.5000    0.0000   30.000013894.5518   12.1401
    0.0000    0.0000   30.000014422.7051   12.1168
    7.5000    0.0000   30.000013725.8154   12.0931
   -7.5000    7.5000   30.000013817.2500   12.1460
    0.0000    7.5000   30.000014319.7188   12.1223
    7.5000    7.5000   30.000013621.0068   12.0989
   -7.5000   15.0000   30.000013565.4355   12.1450
    0.0000   15.0000   30.000014004.2832   12.1245
    7.5000   15.0000   30.000013345.3936   12.1028
   -7.5000   22.5000   30.000013113.4648   12.1331
    0.0000   22.5000   30.000013550.9912   12.1154
    7.5000   22.5000   30.000012933.3760   12.0943
   -7.5000   30.0000   30.000012516.8799   11.9775
    0.0000   30.0000   30.000012945.0957   11.9601
    7.5000   30.0000   30.000012358.6553   11.9391
   -7.5000   37.5000   30.000012207.1211   11.9749
    0.0000   37.5000   30.000012633.4980   11.9550
    7.5000   37.5000   30.000012058.7773   11.9333
   -7.5000   45.0000   30.000011305.0918   11.7016
    0.0000   45.0000   30.000011688.0723   11.6792
    7.5000   45.0000   30.000011148.2402   11.6564
   -7.5000  -45.0000   37.5000 7397.6919   12.9048
    0.0000  -45.0000   37.5000 7704.1846   12.8812
    7.5000  -45.0000   37.5000 7361.7700   12.8528
   -7.5000  -37.5000   37.5000 8174.0264   12.6683
    0.0000  -37.5000   37.5000 8523.7158   12.6441
    7.5000  -37.5000   37.5000 8126.6484   12.6167
   -7.5000  -30.0000   37.5000 9256.7881   12.5017
    0.0000  -30.0000   37.5000 9669.5117   12.4811
    7.5000  -30.0000   37.5000 9212.2891   12.4558
   -7.5000  -22.5000   37.500010351.3018   12.4191
    0.0000  -22.5000   37.500010788.7393   12.4021
    7.5000  -22.5000   37.500010271.6416   12.3776
   -7.5000  -15.0000   37.500011378.5459   12.3657
    0.0000  -15.0000   37.500011848.5713   12.3491
    7.5000  -15.0000   37.500011290.6934   12.3252
   -7.5000   -7.5000   37.500012366.8066   12.3352
    0.0000   -7.5000   37.500012865.1719   12.3164
    7.5000   -7.5000   37.500012245.4180   12.2918
   -7.5000    0.0000   37.500013291.0469   12.3339
    0.0000    0.0000   37.500013817.0410   12.3114
    7.5000    0.0000   37.500013146.2217   12.2849
   -7.5000    7.5000   37.500013190.3145   12.3429
    0.0000    7.5000   37.500013688.7939   12.3195
    7.5000    7.5000   37.500013038.4990   12.2928
   -7.5000   15.0000   37.500012932.9824   12.3447
    0.0000   15.0000   37.500013378.8857   12.3243
    7.5000   15.0000   37.500012753.4717   12.2991
   -7.5000   22.5000   37.500012532.0996   12.3323
    0.0000   22.5000   37.500012969.2988   12.3153
    7.5000   22.5000   37.500012377.8945   12.2908
   -7.5000   30.0000   37.500011988.3252   12.1717
    0.0000   30.0000   37.500012404.4980   12.1554
    7.5000   30.0000   37.500011844.5332   12.1316
   -7.5000   37.5000   37.500011705.5898   12.1663
    0.0000   37.5000   37.500012117.9951   12.1476
    7.5000   37.5000   37.500011574.2188   12.1234
   -7.5000   45.0000   37.500010845.6045   11.8885
    0.0000   45.0000   37.500011222.8184   11.8668
    7.5000   45.0000   37.500010712.2002   11.8413
   -7.5000  -45.0000   45.0000 6731.1636   13.1629
    0.0000  -45.0000   45.0000 7018.4058   13.1422
    7.5000  -45.0000   45.0000 6725.2021   13.1113
   -7.5000  -37.5000   45.0000 7425.5986   12.9158
    0.0000  -37.5000   45.0000 7755.3696   12.8963
    7.5000  -37.5000   45.0000 7415.4097   12.8677
   -7.5000  -30.0000   45.0000 8419.6006   12.7422
    0.0000  -30.0000   45.0000 8805.5430   12.7260
    7.5000  -30.0000   45.0000 8406.5107   12.6993
   -7.5000  -22.5000   45.0000 9427.8604   12.6579
    0.0000  -22.5000   45.0000 9842.9463   12.6432
    7.5000  -22.5000   45.0000 9373.5430   12.6160
   -7.5000  -15.0000   45.000010371.4629   12.6056
    0.0000  -15.0000   45.000010835.4004   12.5895
    7.5000  -15.0000   45.000010321.4033   12.5614
   -7.5000   -7.5000   45.000011283.1484   12.5746
    0.0000   -7.5000   45.000011770.3818   12.5565
    7.5000   -7.5000   45.000011206.7012   12.5281
   -7.5000    0.0000   45.000012136.5488   12.5708
    0.0000    0.0000   45.000012641.2217   12.5510
    7.5000    0.0000   45.000012028.0420   12.5222
   -7.5000    7.5000   45.000012031.5312   12.5775
    0.0000    7.5000   45.000012491.4629   12.5587
    7.5000    7.5000   45.000011894.2090   12.5309
   -7.5000   15.0000   45.000011791.4629   12.5786
    0.0000   15.0000   45.000012226.3652   12.5625
    7.5000   15.0000   45.000011638.5645   12.5360
   -7.5000   22.5000   45.000011440.2559   12.5677
    0.0000   22.5000   45.000011883.7607   12.5529
    7.5000   22.5000   45.000011323.8574   12.5256
   -7.5000   30.0000   45.000010971.6533   12.4059
    0.0000   30.0000   45.000011374.6689   12.3900
    7.5000   30.0000   45.000010851.7832   12.3622
   -7.5000   37.5000   45.000010724.7979   12.4009
    0.0000   37.5000   45.000011115.8311   12.3830
    7.5000   37.5000   45.000010616.0791   12.3549
   -7.5000   45.0000   45.0000 9949.3623   12.1223
    0.0000   45.0000   45.000010326.5332   12.1032
    7.5000   45.0000   45.0000 9854.7490   12.0754

---------------------------------------------------------------------
imgreg_4dfp /opt/freesurfer/average/711-2C_as_mni_average_305 /opt/freesurfer/average/711-2B_as_mni_average_305_mask talsrcimg_g11 none talsrcimg_to_711-2C_as_mni_average_305_t4 4355
---------------------------------------------------------------------

freesurfer imgreg_4dfp.c
/opt/freesurfer/average/711-2C_as_mni_average_305.4dfp.img
       256       256       256         1
  1.000000  1.000000  1.000000
orientation T byte_order littleendian
Reading image: /opt/freesurfer/average/711-2C_as_mni_average_305.4dfp.img
dimensions:      256       256       256
mmppix:       1.0000   -1.0000   -1.0000
center:     128.0000 -129.0000 -129.0000
/opt/freesurfer/average/711-2B_as_mni_average_305_mask.4dfp.img
       256       256       256         1
  1.000000  1.000000  1.000000
orientation T byte_order littleendian
Reading mask: /opt/freesurfer/average/711-2B_as_mni_average_305_mask.4dfp.img (2306576 pixels)
talsrcimg_g11.4dfp.img
       256       256       256         1
  1.000000  1.000000  1.000000
orientation T byte_order littleendian
Reading image: talsrcimg_g11.4dfp.img
dimensions:      256       256       256
mmppix:       1.0000   -1.0000   -1.0000
center:     128.0000 -129.0000 -129.0000
rotation matrix determinant  1.000000
image alignment mode   4355 decimal     1103 hex
   -7.5000  -45.0000  -45.0000 1987.9156   15.1601
    0.0000  -45.0000  -45.0000 1991.6151   15.1650
    7.5000  -45.0000  -45.0000 1970.3330   15.4165
   -7.5000  -37.5000  -45.0000 2102.5713   13.4831
    0.0000  -37.5000  -45.0000 2101.8477   13.4830
    7.5000  -37.5000  -45.0000 2079.8250   13.7004
   -7.5000  -30.0000  -45.0000 2206.7144   12.1486
    0.0000  -30.0000  -45.0000 2205.0552   12.1704
    7.5000  -30.0000  -45.0000 2183.7021   12.3465
   -7.5000  -22.5000  -45.0000 2304.2083   11.1301
    0.0000  -22.5000  -45.0000 2302.0298   11.1515
    7.5000  -22.5000  -45.0000 2281.2124   11.2838
   -7.5000  -15.0000  -45.0000 2376.9978   10.3738
    0.0000  -15.0000  -45.0000 2379.0405   10.3870
    7.5000  -15.0000  -45.0000 2360.9568   10.5209
   -7.5000   -7.5000  -45.0000 2416.7249    9.8942
    0.0000   -7.5000  -45.0000 2420.5203    9.8948
    7.5000   -7.5000  -45.0000 2399.7217   10.0147
   -7.5000    0.0000  -45.0000 2441.0110    9.6228
    0.0000    0.0000  -45.0000 2440.9089    9.5979
    7.5000    0.0000  -45.0000 2415.1841    9.7245
   -7.5000    7.5000  -45.0000 2450.6394    9.4879
    0.0000    7.5000  -45.0000 2449.7258    9.4561
    7.5000    7.5000  -45.0000 2426.1489    9.5814
   -7.5000   15.0000  -45.0000 2449.1682    9.4831
    0.0000   15.0000  -45.0000 2446.1350    9.4577
    7.5000   15.0000  -45.0000 2422.3276    9.6005
   -7.5000   22.5000  -45.0000 2434.3594    9.6625
    0.0000   22.5000  -45.0000 2434.8704    9.6483
    7.5000   22.5000  -45.0000 2405.0847    9.8090
   -7.5000   30.0000  -45.0000 2399.2258   10.0049
    0.0000   30.0000  -45.0000 2399.5134   10.0096
    7.5000   30.0000  -45.0000 2372.1465   10.1777
   -7.5000   37.5000  -45.0000 2351.3369   10.5396
    0.0000   37.5000  -45.0000 2351.9214   10.5347
    7.5000   37.5000  -45.0000 2321.8860   10.7094
   -7.5000   45.0000  -45.0000 2281.5327   11.2567
    0.0000   45.0000  -45.0000 2279.7068   11.2435
    7.5000   45.0000  -45.0000 2253.5203   11.4400
   -7.5000  -45.0000  -37.5000 2033.3168   14.3316
    0.0000  -45.0000  -37.5000 2036.2253   14.3459
    7.5000  -45.0000  -37.5000 2018.3590   14.6233
   -7.5000  -37.5000  -37.5000 2155.6172   12.7105
    0.0000  -37.5000  -37.5000 2157.1953   12.7360
    7.5000  -37.5000  -37.5000 2134.8420   12.9637
   -7.5000  -30.0000  -37.5000 2274.3513   11.4422
    0.0000  -30.0000  -37.5000 2275.5325   11.4703
    7.5000  -30.0000  -37.5000 2251.2698   11.6483
   -7.5000  -22.5000  -37.5000 2382.0010   10.4690
    0.0000  -22.5000  -37.5000 2384.7148   10.5008
    7.5000  -22.5000  -37.5000 2357.7112   10.6377
   -7.5000  -15.0000  -37.5000 2460.4995    9.7248
    0.0000  -15.0000  -37.5000 2464.8491    9.7302
    7.5000  -15.0000  -37.5000 2439.6975    9.8688
   -7.5000   -7.5000  -37.5000 2504.9636    9.2289
    0.0000   -7.5000  -37.5000 2513.8708    9.2243
    7.5000   -7.5000  -37.5000 2488.1580    9.3517
   -7.5000    0.0000  -37.5000 2533.7449    8.9685
    0.0000    0.0000  -37.5000 2533.8594    8.9350
    7.5000    0.0000  -37.5000 2510.4363    9.0600
   -7.5000    7.5000  -37.5000 2548.7126    8.8209
    0.0000    7.5000  -37.5000 2548.6155    8.7779
    7.5000    7.5000  -37.5000 2522.8420    8.8987
   -7.5000   15.0000  -37.5000 2548.7900    8.8107
    0.0000   15.0000  -37.5000 2545.9858    8.7880
    7.5000   15.0000  -37.5000 2519.9658    8.9327
   -7.5000   22.5000  -37.5000 2532.9744    8.9673
    0.0000   22.5000  -37.5000 2532.1047    8.9503
    7.5000   22.5000  -37.5000 2502.0630    9.1021
   -7.5000   30.0000  -37.5000 2497.5769    9.2829
    0.0000   30.0000  -37.5000 2497.3289    9.2718
    7.5000   30.0000  -37.5000 2468.3032    9.4124
   -7.5000   37.5000  -37.5000 2448.6592    9.7681
    0.0000   37.5000  -37.5000 2446.8176    9.7578
    7.5000   37.5000  -37.5000 2418.1621    9.9079
   -7.5000   45.0000  -37.5000 2376.0459   10.4153
    0.0000   45.0000  -37.5000 2372.7466   10.4076
    7.5000   45.0000  -37.5000 2345.4707   10.5779
   -7.5000  -45.0000  -30.0000 2116.2400   14.1329
    0.0000  -45.0000  -30.0000 2119.6978   14.1164
    7.5000  -45.0000  -30.0000 2104.0833   14.3590
   -7.5000  -37.5000  -30.0000 2248.6316   12.4902
    0.0000  -37.5000  -30.0000 2252.3179   12.5002
    7.5000  -37.5000  -30.0000 2230.2869   12.7162
   -7.5000  -30.0000  -30.0000 2377.9626   11.2198
    0.0000  -30.0000  -30.0000 2380.6228   11.2429
    7.5000  -30.0000  -30.0000 2356.4290   11.4303
   -7.5000  -22.5000  -30.0000 2490.9124   10.2230
    0.0000  -22.5000  -30.0000 2492.6313   10.2370
    7.5000  -22.5000  -30.0000 2469.3406   10.4060
   -7.5000  -15.0000  -30.0000 2571.4402    9.4452
    0.0000  -15.0000  -30.0000 2578.7573    9.4546
    7.5000  -15.0000  -30.0000 2551.2505    9.6104
   -7.5000   -7.5000  -30.0000 2635.4675    8.9396
    0.0000   -7.5000  -30.0000 2641.4836    8.9136
    7.5000   -7.5000  -30.0000 2616.2732    9.0477
   -7.5000    0.0000  -30.0000 2673.3896    8.6517
    0.0000    0.0000  -30.0000 2674.6711    8.6166
    7.5000    0.0000  -30.0000 2648.4460    8.7186
   -7.5000    7.5000  -30.0000 2697.7280    8.5141
    0.0000    7.5000  -30.0000 2693.8821    8.4619
    7.5000    7.5000  -30.0000 2665.3899    8.5731
   -7.5000   15.0000  -30.0000 2695.7104    8.5006
    0.0000   15.0000  -30.0000 2693.4666    8.4730
    7.5000   15.0000  -30.0000 2664.5291    8.6006
   -7.5000   22.5000  -30.0000 2681.5271    8.6500
    0.0000   22.5000  -30.0000 2682.6477    8.6336
    7.5000   22.5000  -30.0000 2651.1409    8.7610
   -7.5000   30.0000  -30.0000 2645.7126    8.9482
    0.0000   30.0000  -30.0000 2647.3962    8.9254
    7.5000   30.0000  -30.0000 2616.2480    9.0596
   -7.5000   37.5000  -30.0000 2591.1016    9.3986
    0.0000   37.5000  -30.0000 2593.3496    9.3865
    7.5000   37.5000  -30.0000 2563.2463    9.5360
   -7.5000   45.0000  -30.0000 2509.1360   10.0241
    0.0000   45.0000  -30.0000 2508.8066   10.0006
    7.5000   45.0000  -30.0000 2480.4238   10.1687
   -7.5000  -45.0000  -22.5000 2173.2454   13.8293
    0.0000  -45.0000  -22.5000 2177.6865   13.7970
    7.5000  -45.0000  -22.5000 2158.5369   14.0164
   -7.5000  -37.5000  -22.5000 2314.5898   12.1844
    0.0000  -37.5000  -22.5000 2316.7327   12.1886
    7.5000  -37.5000  -22.5000 2295.4922   12.3919
   -7.5000  -30.0000  -22.5000 2449.8528   10.9277
    0.0000  -30.0000  -22.5000 2454.8000   10.9213
    7.5000  -30.0000  -22.5000 2428.7791   11.1140
   -7.5000  -22.5000  -22.5000 2562.1384    9.9033
    0.0000  -22.5000  -22.5000 2566.6819    9.8967
    7.5000  -22.5000  -22.5000 2543.8130   10.0820
   -7.5000  -15.0000  -22.5000 2649.9907    9.1183
    0.0000  -15.0000  -22.5000 2658.3420    9.1081
    7.5000  -15.0000  -22.5000 2634.5493    9.2653
   -7.5000   -7.5000  -22.5000 2731.0889    8.5720
    0.0000   -7.5000  -22.5000 2737.0276    8.5487
    7.5000   -7.5000  -22.5000 2711.3142    8.6790
   -7.5000    0.0000  -22.5000 2783.1548    8.2590
    0.0000    0.0000  -22.5000 2782.9277    8.2301
    7.5000    0.0000  -22.5000 2754.6018    8.3417
   -7.5000    7.5000  -22.5000 2811.4167    8.1371
    0.0000    7.5000  -22.5000 2810.2722    8.0963
    7.5000    7.5000  -22.5000 2776.5769    8.1934
   -7.5000   15.0000  -22.5000 2817.6274    8.1236
    0.0000   15.0000  -22.5000 2818.3455    8.0956
    7.5000   15.0000  -22.5000 2781.1431    8.2093
   -7.5000   22.5000  -22.5000 2805.5327    8.2593
    0.0000   22.5000  -22.5000 2807.3323    8.2436
    7.5000   22.5000  -22.5000 2770.6558    8.3710
   -7.5000   30.0000  -22.5000 2769.9888    8.5527
    0.0000   30.0000  -22.5000 2772.4375    8.5202
    7.5000   30.0000  -22.5000 2737.2932    8.6604
   -7.5000   37.5000  -22.5000 2710.0786    8.9798
    0.0000   37.5000  -22.5000 2712.6985    8.9455
    7.5000   37.5000  -22.5000 2679.5527    9.0973
   -7.5000   45.0000  -22.5000 2619.2163    9.5811
    0.0000   45.0000  -22.5000 2620.9878    9.5414
    7.5000   45.0000  -22.5000 2588.6934    9.6981
   -7.5000  -45.0000  -15.0000 2202.1904   13.5745
    0.0000  -45.0000  -15.0000 2206.0122   13.5671
    7.5000  -45.0000  -15.0000 2187.0107   13.7666
   -7.5000  -37.5000  -15.0000 2344.1565   11.9617
    0.0000  -37.5000  -15.0000 2349.3584   11.9307
    7.5000  -37.5000  -15.0000 2326.1189   12.1168
   -7.5000  -30.0000  -15.0000 2482.9473   10.6955
    0.0000  -30.0000  -15.0000 2486.9617   10.6480
    7.5000  -30.0000  -15.0000 2461.9836   10.8252
   -7.5000  -22.5000  -15.0000 2601.6677    9.6638
    0.0000  -22.5000  -15.0000 2605.5415    9.6191
    7.5000  -22.5000  -15.0000 2579.5061    9.7835
   -7.5000  -15.0000  -15.0000 2699.0942    8.8403
    0.0000  -15.0000  -15.0000 2705.8071    8.8126
    7.5000  -15.0000  -15.0000 2680.6533    8.9748
   -7.5000   -7.5000  -15.0000 2788.1584    8.2614
    0.0000   -7.5000  -15.0000 2790.4531    8.2318
    7.5000   -7.5000  -15.0000 2764.1511    8.3810
   -7.5000    0.0000  -15.0000 2850.9045    7.9032
    0.0000    0.0000  -15.0000 2850.8418    7.8673
    7.5000    0.0000  -15.0000 2820.6648    7.9979
   -7.5000    7.5000  -15.0000 2890.0298    7.7648
    0.0000    7.5000  -15.0000 2890.9341    7.7285
    7.5000    7.5000  -15.0000 2852.0098    7.8400
   -7.5000   15.0000  -15.0000 2905.8276    7.7504
    0.0000   15.0000  -15.0000 2911.8293    7.7229
    7.5000   15.0000  -15.0000 2866.4846    7.8469
   -7.5000   22.5000  -15.0000 2899.3970    7.8876
    0.0000   22.5000  -15.0000 2903.3018    7.8653
    7.5000   22.5000  -15.0000 2860.8140    8.0090
   -7.5000   30.0000  -15.0000 2861.9111    8.1717
    0.0000   30.0000  -15.0000 2868.1587    8.1402
    7.5000   30.0000  -15.0000 2825.1782    8.2909
   -7.5000   37.5000  -15.0000 2792.0796    8.5866
    0.0000   37.5000  -15.0000 2797.4546    8.5534
    7.5000   37.5000  -15.0000 2756.7468    8.7025
   -7.5000   45.0000  -15.0000 2692.1663    9.1605
    0.0000   45.0000  -15.0000 2695.3093    9.1283
    7.5000   45.0000  -15.0000 2658.9587    9.2825
   -7.5000  -45.0000   -7.5000 2206.5977   13.4496
    0.0000  -45.0000   -7.5000 2211.9346   13.4154
    7.5000  -45.0000   -7.5000 2193.7678   13.6174
   -7.5000  -37.5000   -7.5000 2350.8757   11.8405
    0.0000  -37.5000   -7.5000 2357.8721   11.7813
    7.5000  -37.5000   -7.5000 2333.2781   11.9560
   -7.5000  -30.0000   -7.5000 2489.3125   10.5345
    0.0000  -30.0000   -7.5000 2497.9998   10.4794
    7.5000  -30.0000   -7.5000 2472.9226   10.6531
   -7.5000  -22.5000   -7.5000 2611.3721    9.4810
    0.0000  -22.5000   -7.5000 2620.4961    9.4272
    7.5000  -22.5000   -7.5000 2595.2014    9.6017
   -7.5000  -15.0000   -7.5000 2714.7373    8.6563
    0.0000  -15.0000   -7.5000 2724.2827    8.6066
    7.5000  -15.0000   -7.5000 2698.2114    8.7781
   -7.5000   -7.5000   -7.5000 2812.5913    8.0517
    0.0000   -7.5000   -7.5000 2816.7478    7.9924
    7.5000   -7.5000   -7.5000 2784.7563    8.1567
   -7.5000    0.0000   -7.5000 2885.4045    7.6544
    0.0000    0.0000   -7.5000 2891.6101    7.5911
    7.5000    0.0000   -7.5000 2854.5906    7.7455
   -7.5000    7.5000   -7.5000 2942.9441    7.4797
    0.0000    7.5000   -7.5000 2947.3401    7.4265
    7.5000    7.5000   -7.5000 2902.4873    7.5573
   -7.5000   15.0000   -7.5000 2970.3789    7.4577
    0.0000   15.0000   -7.5000 2977.6155    7.4124
    7.5000   15.0000   -7.5000 2929.6943    7.5471
   -7.5000   22.5000   -7.5000 2966.6238    7.5831
    0.0000   22.5000   -7.5000 2974.0386    7.5535
    7.5000   22.5000   -7.5000 2924.1580    7.7061
   -7.5000   30.0000   -7.5000 2920.8147    7.8700
    0.0000   30.0000   -7.5000 2929.0491    7.8499
    7.5000   30.0000   -7.5000 2881.1528    7.9911
   -7.5000   37.5000   -7.5000 2844.6375    8.2656
    0.0000   37.5000   -7.5000 2852.8359    8.2519
    7.5000   37.5000   -7.5000 2804.8044    8.3887
   -7.5000   45.0000   -7.5000 2741.5891    8.8303
    0.0000   45.0000   -7.5000 2745.3696    8.8019
    7.5000   45.0000   -7.5000 2704.1089    8.9391
   -7.5000  -45.0000    0.0000 2201.9326   13.4888
    0.0000  -45.0000    0.0000 2206.9932   13.4050
    7.5000  -45.0000    0.0000 2191.3513   13.6103
   -7.5000  -37.5000    0.0000 2343.3406   11.8879
    0.0000  -37.5000    0.0000 2350.8965   11.7965
    7.5000  -37.5000    0.0000 2329.5645   11.9422
   -7.5000  -30.0000    0.0000 2475.1973   10.5461
    0.0000  -30.0000    0.0000 2488.0308   10.4735
    7.5000  -30.0000    0.0000 2465.2322   10.6248
   -7.5000  -22.5000    0.0000 2598.1450    9.4550
    0.0000  -22.5000    0.0000 2609.0564    9.3900
    7.5000  -22.5000    0.0000 2585.7869    9.5637
   -7.5000  -15.0000    0.0000 2708.0776    8.6092
    0.0000  -15.0000    0.0000 2719.9587    8.5379
    7.5000  -15.0000    0.0000 2691.0237    8.7117
   -7.5000   -7.5000    0.0000 2813.5420    7.9627
    0.0000   -7.5000    0.0000 2818.5010    7.8933
    7.5000   -7.5000    0.0000 2785.8767    8.0579
   -7.5000    0.0000    0.0000 2899.0916    7.5332
    0.0000    0.0000    0.0000 2906.0115    7.4611
    7.5000    0.0000    0.0000 2868.0669    7.6225
   -7.5000    7.5000    0.0000 2968.4163    7.3311
    0.0000    7.5000    0.0000 2975.1692    7.2578
    7.5000    7.5000    0.0000 2930.9966    7.4126
   -7.5000   15.0000    0.0000 3006.6748    7.3419
    0.0000   15.0000    0.0000 3015.3748    7.2799
    7.5000   15.0000    0.0000 2967.8906    7.4076
   -7.5000   22.5000    0.0000 3005.1340    7.4542
    0.0000   22.5000    0.0000 3016.4331    7.4145
    7.5000   22.5000    0.0000 2960.7708    7.5449
   -7.5000   30.0000    0.0000 2950.5806    7.7185
    0.0000   30.0000    0.0000 2962.4199    7.6902
    7.5000   30.0000    0.0000 2912.2371    7.8142
   -7.5000   37.5000    0.0000 2867.3018    8.1042
    0.0000   37.5000    0.0000 2874.6904    8.0824
    7.5000   37.5000    0.0000 2832.6946    8.2190
   -7.5000   45.0000    0.0000 2763.1438    8.6811
    0.0000   45.0000    0.0000 2768.2200    8.6375
    7.5000   45.0000    0.0000 2732.3083    8.7888
   -7.5000  -45.0000    7.5000 2186.7559   13.7266
    0.0000  -45.0000    7.5000 2198.2742   13.6185
    7.5000  -45.0000    7.5000 2186.1072   13.7737
   -7.5000  -37.5000    7.5000 2323.5823   12.0480
    0.0000  -37.5000    7.5000 2336.6418   11.9634
    7.5000  -37.5000    7.5000 2318.5491   12.0776
   -7.5000  -30.0000    7.5000 2446.0613   10.6491
    0.0000  -30.0000    7.5000 2463.7224   10.5895
    7.5000  -30.0000    7.5000 2444.0728   10.7241
   -7.5000  -22.5000    7.5000 2567.7610    9.5385
    0.0000  -22.5000    7.5000 2583.3157    9.4531
    7.5000  -22.5000    7.5000 2561.5649    9.6286
   -7.5000  -15.0000    7.5000 2682.3452    8.6710
    0.0000  -15.0000    7.5000 2697.8293    8.5841
    7.5000  -15.0000    7.5000 2671.2932    8.7466
   -7.5000   -7.5000    7.5000 2792.1277    8.0066
    0.0000   -7.5000    7.5000 2802.6003    7.9169
    7.5000   -7.5000    7.5000 2770.9209    8.0857
   -7.5000    0.0000    7.5000 2886.4456    7.5594
    0.0000    0.0000    7.5000 2895.7236    7.4721
    7.5000    0.0000    7.5000 2860.5720    7.6402
   -7.5000    7.5000    7.5000 2963.6499    7.3405
    0.0000    7.5000    7.5000 2973.4036    7.2559
    7.5000    7.5000    7.5000 2933.0825    7.4155
   -7.5000   15.0000    7.5000 3008.4961    7.3352
    0.0000   15.0000    7.5000 3023.2490    7.2655
    7.5000   15.0000    7.5000 2975.1599    7.3892
   -7.5000   22.5000    7.5000 3008.0215    7.4369
    0.0000   22.5000    7.5000 3021.2456    7.3895
    7.5000   22.5000    7.5000 2967.6672    7.5047
   -7.5000   30.0000    7.5000 2949.6787    7.6697
    0.0000   30.0000    7.5000 2964.8965    7.6192
    7.5000   30.0000    7.5000 2917.3706    7.7521
   -7.5000   37.5000    7.5000 2866.0598    8.0688
    0.0000   37.5000    7.5000 2878.2034    8.0308
    7.5000   37.5000    7.5000 2836.3584    8.1740
   -7.5000   45.0000    7.5000 2759.2896    8.6545
    0.0000   45.0000    7.5000 2763.8745    8.6119
    7.5000   45.0000    7.5000 2734.9211    8.7568
   -7.5000  -45.0000   15.0000 2162.4539   14.1000
    0.0000  -45.0000   15.0000 2181.3833   13.9603
    7.5000  -45.0000   15.0000 2167.8127   14.1199
   -7.5000  -37.5000   15.0000 2290.4260   12.3422
    0.0000  -37.5000   15.0000 2316.0281   12.2348
    7.5000  -37.5000   15.0000 2294.7473   12.3629
   -7.5000  -30.0000   15.0000 2406.8142   10.9260
    0.0000  -30.0000   15.0000 2429.9724   10.8076
    7.5000  -30.0000   15.0000 2412.0073   10.9526
   -7.5000  -22.5000   15.0000 2526.1575    9.7695
    0.0000  -22.5000   15.0000 2544.3867    9.6547
    7.5000  -22.5000   15.0000 2523.9282    9.8247
   -7.5000  -15.0000   15.0000 2639.4355    8.8726
    0.0000  -15.0000   15.0000 2656.9895    8.7755
    7.5000  -15.0000   15.0000 2633.1479    8.9303
   -7.5000   -7.5000   15.0000 2749.3523    8.2188
    0.0000   -7.5000   15.0000 2764.0684    8.1141
    7.5000   -7.5000   15.0000 2736.7461    8.2647
   -7.5000    0.0000   15.0000 2847.0669    7.7534
    0.0000    0.0000   15.0000 2860.5146    7.6564
    7.5000    0.0000   15.0000 2829.1638    7.8077
   -7.5000    7.5000   15.0000 2932.7673    7.5090
    0.0000    7.5000   15.0000 2948.9480    7.4198
    7.5000    7.5000   15.0000 2909.1067    7.5633
   -7.5000   15.0000   15.0000 2980.3958    7.4517
    0.0000   15.0000   15.0000 3001.9211    7.3815
    7.5000   15.0000   15.0000 2956.3589    7.5097
   -7.5000   22.5000   15.0000 2980.4924    7.5050
    0.0000   22.5000   15.0000 2993.7742    7.4425
    7.5000   22.5000   15.0000 2950.3865    7.5993
   -7.5000   30.0000   15.0000 2920.2737    7.7662
    0.0000   30.0000   15.0000 2932.8638    7.6949
    7.5000   30.0000   15.0000 2896.8687    7.8634
   -7.5000   37.5000   15.0000 2838.0552    8.1962
    0.0000   37.5000   15.0000 2849.8677    8.1472
    7.5000   37.5000   15.0000 2816.5906    8.2958
   -7.5000   45.0000   15.0000 2732.6125    8.7907
    0.0000   45.0000   15.0000 2736.7241    8.7485
    7.5000   45.0000   15.0000 2712.4045    8.8876
   -7.5000  -45.0000   22.5000 2123.3118   14.6271
    0.0000  -45.0000   22.5000 2146.1641   14.4881
    7.5000  -45.0000   22.5000 2133.2424   14.6296
   -7.5000  -37.5000   22.5000 2249.2454   12.8146
    0.0000  -37.5000   22.5000 2278.1045   12.6702
    7.5000  -37.5000   22.5000 2259.3784   12.7946
   -7.5000  -30.0000   22.5000 2361.3591   11.3330
    0.0000  -30.0000   22.5000 2388.2939   11.1887
    7.5000  -30.0000   22.5000 2373.3645   11.3346
   -7.5000  -22.5000   22.5000 2477.2810   10.1600
    0.0000  -22.5000   22.5000 2498.7417   10.0246
    7.5000  -22.5000   22.5000 2478.1343   10.1772
   -7.5000  -15.0000   22.5000 2589.3376    9.2574
    0.0000  -15.0000   22.5000 2606.5383    9.1349
    7.5000  -15.0000   22.5000 2584.4685    9.2856
   -7.5000   -7.5000   22.5000 2694.8289    8.5736
    0.0000   -7.5000   22.5000 2711.9404    8.4569
    7.5000   -7.5000   22.5000 2686.6843    8.6130
   -7.5000    0.0000   22.5000 2792.1604    8.0851
    0.0000    0.0000   22.5000 2806.6597    7.9739
    7.5000    0.0000   22.5000 2775.6323    8.1284
   -7.5000    7.5000   22.5000 2878.8218    7.8270
    0.0000    7.5000   22.5000 2894.2603    7.7308
    7.5000    7.5000   22.5000 2858.7729    7.8627
   -7.5000   15.0000   22.5000 2926.4104    7.7307
    0.0000   15.0000   22.5000 2943.7798    7.6466
    7.5000   15.0000   22.5000 2900.4961    7.7913
   -7.5000   22.5000   22.5000 2919.6504    7.7962
    0.0000   22.5000   22.5000 2932.3025    7.7133
    7.5000   22.5000   22.5000 2895.6348    7.8815
   -7.5000   30.0000   22.5000 2867.2700    8.0530
    0.0000   30.0000   22.5000 2880.9805    7.9736
    7.5000   30.0000   22.5000 2848.8569    8.1471
   -7.5000   37.5000   22.5000 2792.5820    8.4682
    0.0000   37.5000   22.5000 2802.7788    8.4010
    7.5000   37.5000   22.5000 2775.0330    8.5571
   -7.5000   45.0000   22.5000 2686.5681    9.0563
    0.0000   45.0000   22.5000 2695.1426    8.9878
    7.5000   45.0000   22.5000 2673.9573    9.1336
   -7.5000  -45.0000   30.0000 2064.5391   15.3933
    0.0000  -45.0000   30.0000 2085.4673   15.1820
    7.5000  -45.0000   30.0000 2074.0483   15.3001
   -7.5000  -37.5000   30.0000 2191.1677   13.4762
    0.0000  -37.5000   30.0000 2217.3369   13.2836
    7.5000  -37.5000   30.0000 2199.2622   13.4218
   -7.5000  -30.0000   30.0000 2309.2881   11.9374
    0.0000  -30.0000   30.0000 2335.9504   11.7802
    7.5000  -30.0000   30.0000 2318.3164   11.9348
   -7.5000  -22.5000   30.0000 2424.0269   10.7276
    0.0000  -22.5000   30.0000 2446.9172   10.5817
    7.5000  -22.5000   30.0000 2424.7610   10.7248
   -7.5000  -15.0000   30.0000 2531.8835    9.7788
    0.0000  -15.0000   30.0000 2552.6223    9.6439
    7.5000  -15.0000   30.0000 2529.0850    9.7923
   -7.5000   -7.5000   30.0000 2635.2463    9.0585
    0.0000   -7.5000   30.0000 2653.8784    8.9246
    7.5000   -7.5000   30.0000 2629.2974    9.0824
   -7.5000    0.0000   30.0000 2727.4783    8.5558
    0.0000    0.0000   30.0000 2744.4478    8.4406
    7.5000    0.0000   30.0000 2715.9060    8.5904
   -7.5000    7.5000   30.0000 2806.4961    8.2823
    0.0000    7.5000   30.0000 2819.0688    8.1822
    7.5000    7.5000   30.0000 2788.2893    8.3133
   -7.5000   15.0000   30.0000 2847.9080    8.1669
    0.0000   15.0000   30.0000 2857.7866    8.0589
    7.5000   15.0000   30.0000 2819.5664    8.2038
   -7.5000   22.5000   30.0000 2838.9890    8.2482
    0.0000   22.5000   30.0000 2844.0410    8.1688
    7.5000   22.5000   30.0000 2814.0437    8.3185
   -7.5000   30.0000   30.0000 2793.1685    8.4971
    0.0000   30.0000   30.0000 2801.5559    8.4209
    7.5000   30.0000   30.0000 2774.3831    8.5693
   -7.5000   37.5000   30.0000 2722.6350    8.8957
    0.0000   37.5000   30.0000 2735.7285    8.8264
    7.5000   37.5000   30.0000 2708.3452    8.9633
   -7.5000   45.0000   30.0000 2624.8210    9.4496
    0.0000   45.0000   30.0000 2634.2659    9.3752
    7.5000   45.0000   30.0000 2613.8787    9.5208
   -7.5000  -45.0000   37.5000 1992.1421   16.4735
    0.0000  -45.0000   37.5000 2008.6340   16.2208
    7.5000  -45.0000   37.5000 1999.2036   16.3465
   -7.5000  -37.5000   37.5000 2126.6663   14.3892
    0.0000  -37.5000   37.5000 2146.3625   14.1931
    7.5000  -37.5000   37.5000 2131.5801   14.2958
   -7.5000  -30.0000   37.5000 2248.3584   12.7384
    0.0000  -30.0000   37.5000 2269.4951   12.5846
    7.5000  -30.0000   37.5000 2253.3926   12.7195
   -7.5000  -22.5000   37.5000 2362.9360   11.4597
    0.0000  -22.5000   37.5000 2384.0588   11.3019
    7.5000  -22.5000   37.5000 2364.2112   11.4418
   -7.5000  -15.0000   37.5000 2468.6221   10.4445
    0.0000  -15.0000   37.5000 2490.6055   10.3119
    7.5000  -15.0000   37.5000 2469.2473   10.4598
   -7.5000   -7.5000   37.5000 2570.8857    9.6997
    0.0000   -7.5000   37.5000 2593.2314    9.5563
    7.5000   -7.5000   37.5000 2566.6775    9.7062
   -7.5000    0.0000   37.5000 2657.9915    9.1751
    0.0000    0.0000   37.5000 2676.4270    9.0648
    7.5000    0.0000   37.5000 2647.6252    9.2011
   -7.5000    7.5000   37.5000 2722.5923    8.8654
    0.0000    7.5000   37.5000 2738.4033    8.7641
    7.5000    7.5000   37.5000 2708.6924    8.8915
   -7.5000   15.0000   37.5000 2756.0195    8.7145
    0.0000   15.0000   37.5000 2764.4395    8.6261
    7.5000   15.0000   37.5000 2733.7966    8.7576
   -7.5000   22.5000   37.5000 2744.6606    8.8064
    0.0000   22.5000   37.5000 2750.2107    8.7406
    7.5000   22.5000   37.5000 2724.9570    8.8695
   -7.5000   30.0000   37.5000 2703.6587    9.0555
    0.0000   30.0000   37.5000 2708.6611    8.9799
    7.5000   30.0000   37.5000 2686.9436    9.1044
   -7.5000   37.5000   37.5000 2638.6108    9.4325
    0.0000   37.5000   37.5000 2648.2129    9.3738
    7.5000   37.5000   37.5000 2624.8093    9.5123
   -7.5000   45.0000   37.5000 2551.6821    9.9838
    0.0000   45.0000   37.5000 2558.9250    9.9156
    7.5000   45.0000   37.5000 2539.5842   10.0547
   -7.5000  -45.0000   45.0000 1917.1582   17.8425
    0.0000  -45.0000   45.0000 1931.3663   17.5723
    7.5000  -45.0000   45.0000 1920.1403   17.7147
   -7.5000  -37.5000   45.0000 2054.2002   15.4967
    0.0000  -37.5000   45.0000 2071.9189   15.2995
    7.5000  -37.5000   45.0000 2060.1343   15.4088
   -7.5000  -30.0000   45.0000 2179.2329   13.6965
    0.0000  -30.0000   45.0000 2196.2593   13.5605
    7.5000  -30.0000   45.0000 2183.9670   13.6815
   -7.5000  -22.5000   45.0000 2294.1650   12.3292
    0.0000  -22.5000   45.0000 2312.2522   12.1965
    7.5000  -22.5000   45.0000 2293.6833   12.3046
   -7.5000  -15.0000   45.0000 2395.3767   11.2686
    0.0000  -15.0000   45.0000 2420.7859   11.1435
    7.5000  -15.0000   45.0000 2400.5715   11.2839
   -7.5000   -7.5000   45.0000 2492.2698   10.4751
    0.0000   -7.5000   45.0000 2518.3687   10.3575
    7.5000   -7.5000   45.0000 2493.4392   10.4959
   -7.5000    0.0000   45.0000 2577.2427    9.9307
    0.0000    0.0000   45.0000 2596.5886    9.8297
    7.5000    0.0000   45.0000 2568.4084    9.9558
   -7.5000    7.5000   45.0000 2632.3286    9.5821
    0.0000    7.5000   45.0000 2647.7788    9.4740
    7.5000    7.5000   45.0000 2617.6226    9.6080
   -7.5000   15.0000   45.0000 2662.2810    9.4064
    0.0000   15.0000   45.0000 2670.2878    9.3450
    7.5000   15.0000   45.0000 2641.5820    9.4574
   -7.5000   22.5000   45.0000 2647.3889    9.4862
    0.0000   22.5000   45.0000 2657.0146    9.4303
    7.5000   22.5000   45.0000 2631.9976    9.5362
   -7.5000   30.0000   45.0000 2610.2000    9.7187
    0.0000   30.0000   45.0000 2613.6611    9.6586
    7.5000   30.0000   45.0000 2595.6772    9.7720
   -7.5000   37.5000   45.0000 2549.2979   10.0854
    0.0000   37.5000   45.0000 2557.2517   10.0259
    7.5000   37.5000   45.0000 2539.4692   10.1598
   -7.5000   45.0000   45.0000 2472.1035   10.6176
    0.0000   45.0000   45.0000 2483.5593   10.5536
    7.5000   45.0000   45.0000 2464.7488   10.7024

---------------------------------------------------------------------
imgreg_4dfp /opt/freesurfer/average/711-2C_as_mni_average_305 /opt/freesurfer/average/711-2B_as_mni_average_305_mask talsrcimg_g11 none talsrcimg_to_711-2C_as_mni_average_305_t4 1283
---------------------------------------------------------------------

freesurfer imgreg_4dfp.c
/opt/freesurfer/average/711-2C_as_mni_average_305.4dfp.img
       256       256       256         1
  1.000000  1.000000  1.000000
orientation T byte_order littleendian
Reading image: /opt/freesurfer/average/711-2C_as_mni_average_305.4dfp.img
dimensions:      256       256       256
mmppix:       1.0000   -1.0000   -1.0000
center:     128.0000 -129.0000 -129.0000
/opt/freesurfer/average/711-2B_as_mni_average_305_mask.4dfp.img
       256       256       256         1
  1.000000  1.000000  1.000000
orientation T byte_order littleendian
Reading mask: /opt/freesurfer/average/711-2B_as_mni_average_305_mask.4dfp.img (2306576 pixels)
talsrcimg_g11.4dfp.img
       256       256       256         1
  1.000000  1.000000  1.000000
orientation T byte_order littleendian
Reading image: talsrcimg_g11.4dfp.img
dimensions:      256       256       256
mmppix:       1.0000   -1.0000   -1.0000
center:     128.0000 -129.0000 -129.0000
rotation matrix determinant  1.000000
fimgreg.f
image alignment mode   1283 decimal      503 hex
parameters
    0.0000   15.0000    7.5000    0.0000    0.0000    0.0000
eta,q 0.94858  7.26077
niter,ni,del,rscale     5    3   12.0000    1.2000
parameter  2 -0.680097 -> -0.500000 qaram    1.1500
parameter  4  3.217702 ->  0.500000 qaram    1.1500
parameter  6 -0.757508 -> -0.500000 qaram    1.1500
parameters
   -2.7839   18.4500    7.0098   -3.4500   -0.3484    3.4500
eta,q 0.95768  7.23532
  0.0535  0.0627  0.0507  0.0421  0.0496  0.0498
  0.0512  0.0580  0.0502  0.0436  0.0464  0.0477
  0.0508  0.0539  0.0492  0.0458  0.0443  0.0459
  0.0526  0.0506  0.0476  0.0481  0.0441  0.0440
  0.0561  0.0483  0.0468  0.0501  0.0454  0.0427
  0.0605  0.0478  0.0494  0.0527  0.0476  0.0423
  0.0656  0.0490  0.0546  0.0559  0.0506  0.0431
niter,ni,del,rscale     7    3   12.0000    1.2000
parameter  4  2.881166 ->  0.500000 qaram    1.3225
parameters
   -2.4345   19.2498    6.2578   -7.4175   -1.0806    4.0269
eta,q 0.96169  7.23351
  0.0560  0.0535  0.0455  0.0365  0.0426  0.0441
  0.0486  0.0481  0.0444  0.0380  0.0403  0.0416
  0.0440  0.0444  0.0434  0.0399  0.0387  0.0394
  0.0423  0.0424  0.0421  0.0425  0.0385  0.0383
  0.0439  0.0424  0.0425  0.0457  0.0398  0.0388
  0.0477  0.0448  0.0451  0.0486  0.0421  0.0405
  0.0524  0.0497  0.0495  0.0513  0.0450  0.0425
niter,ni,del,rscale     7    3   12.0000    1.2000
parameter  4  1.180721 ->  0.500000 qaram    1.5209
parameters
   -1.9725   20.7109    5.2614  -11.9801   -1.6987    3.8903
eta,q 0.96698  7.21705
  0.0522  0.0511  0.0408  0.0335  0.0392  0.0392
  0.0447  0.0452  0.0389  0.0328  0.0359  0.0363
  0.0398  0.0410  0.0381  0.0346  0.0334  0.0339
  0.0383  0.0385  0.0377  0.0378  0.0331  0.0330
  0.0399  0.0375  0.0385  0.0417  0.0348  0.0336
  0.0429  0.0389  0.0407  0.0457  0.0381  0.0363
  0.0479  0.0442  0.0446  0.0493  0.0420  0.0402
niter,ni,del,rscale     7    3   12.0000    1.2000
parameters
   -1.8589   21.7372    4.5341  -13.4839   -2.0328    3.8031
eta,q 0.96832  7.24466
  0.0479  0.0497  0.0383  0.0405  0.0384  0.0381
  0.0399  0.0417  0.0343  0.0340  0.0351  0.0350
  0.0345  0.0361  0.0324  0.0318  0.0324  0.0327
  0.0330  0.0331  0.0325  0.0323  0.0317  0.0317
  0.0355  0.0327  0.0339  0.0357  0.0331  0.0325
  0.0399  0.0360  0.0371  0.0406  0.0362  0.0350
  0.0460  0.0425  0.0416  0.0458  0.0400  0.0387
niter,ni,del,rscale     6    3   12.0000    1.2000
parameters
   -1.7329   22.1170    4.1381  -14.0350   -2.2376    3.7907
eta,q 0.96854  7.25313
  0.0473  0.0476  0.0384  0.0419  0.0383  0.0380
  0.0394  0.0386  0.0342  0.0358  0.0349  0.0348
  0.0336  0.0335  0.0318  0.0320  0.0323  0.0324
  0.0317  0.0317  0.0317  0.0316  0.0315  0.0315
  0.0342  0.0328  0.0331  0.0339  0.0327  0.0323
  0.0391  0.0374  0.0360  0.0384  0.0356  0.0347
  0.0454  0.0439  0.0399  0.0438  0.0393  0.0381
niter,ni,del,rscale     5    3   12.0000    1.2000
parameters
   -1.6414   22.3121    3.9964  -14.2904   -2.3509    3.8103
eta,q 0.96855  7.25558
  0.0471  0.0468  0.0390  0.0422  0.0384  0.0380
  0.0392  0.0375  0.0345  0.0366  0.0350  0.0348
  0.0334  0.0328  0.0319  0.0322  0.0323  0.0324
  0.0315  0.0315  0.0315  0.0315  0.0315  0.0315
  0.0340  0.0332  0.0328  0.0333  0.0326  0.0323
  0.0391  0.0378  0.0355  0.0376  0.0353  0.0346
  0.0456  0.0440  0.0391  0.0430  0.0389  0.0380
niter,ni,del,rscale     4    3   12.0000    1.2000
parameters
   -1.5886   22.4241    3.9491  -14.4117   -2.4130    3.8299
eta,q 0.96853  7.25674
  0.0469  0.0464  0.0392  0.0423  0.0384  0.0380
  0.0392  0.0370  0.0346  0.0369  0.0351  0.0348
  0.0334  0.0326  0.0320  0.0323  0.0323  0.0324
  0.0315  0.0315  0.0315  0.0315  0.0315  0.0315
  0.0340  0.0334  0.0326  0.0331  0.0325  0.0323
  0.0393  0.0380  0.0353  0.0373  0.0352  0.0347
  0.0459  0.0440  0.0389  0.0426  0.0388  0.0380
niter,ni,del,rscale     3    3   12.0000    1.2000
parameters
   -1.5613   22.4820    3.9301  -14.4713   -2.4442    3.8420
eta,q 0.96852  7.25734
  0.0469  0.0461  0.0393  0.0423  0.0385  0.0380
  0.0391  0.0368  0.0347  0.0370  0.0352  0.0348
  0.0334  0.0325  0.0320  0.0324  0.0324  0.0324
  0.0315  0.0315  0.0315  0.0315  0.0315  0.0315
  0.0341  0.0335  0.0326  0.0330  0.0325  0.0323
  0.0394  0.0382  0.0353  0.0372  0.0352  0.0347
  0.0461  0.0441  0.0388  0.0425  0.0387  0.0380
registration optimization eta report
parameter search radius
    6.0000    6.9000    6.0000    9.1253    6.0000    6.9000
100000*second partial in parameter space
       41.       29.       21.       13.       19.       14.
  0.0469  0.0461  0.0393  0.0423  0.0385  0.0380
  0.0391  0.0368  0.0347  0.0370  0.0352  0.0348
  0.0334  0.0325  0.0320  0.0324  0.0324  0.0324
  0.0315  0.0315  0.0315  0.0315  0.0315  0.0315
  0.0341  0.0335  0.0326  0.0330  0.0325  0.0323
  0.0394  0.0382  0.0353  0.0372  0.0352  0.0347
  0.0461  0.0441  0.0388  0.0425  0.0387  0.0380
   -1.5613   22.4820    3.9301  -14.4713   -2.4442    3.8420
eta,q 0.96852  7.25734

---------------------------------------------------------------------
imgreg_4dfp /opt/freesurfer/average/711-2C_as_mni_average_305 /opt/freesurfer/average/711-2B_as_mni_average_305_mask talsrcimg_g11 none talsrcimg_to_711-2C_as_mni_average_305_t4 3335
---------------------------------------------------------------------

freesurfer imgreg_4dfp.c
/opt/freesurfer/average/711-2C_as_mni_average_305.4dfp.img
       256       256       256         1
  1.000000  1.000000  1.000000
orientation T byte_order littleendian
Reading image: /opt/freesurfer/average/711-2C_as_mni_average_305.4dfp.img
dimensions:      256       256       256
mmppix:       1.0000   -1.0000   -1.0000
center:     128.0000 -129.0000 -129.0000
/opt/freesurfer/average/711-2B_as_mni_average_305_mask.4dfp.img
       256       256       256         1
  1.000000  1.000000  1.000000
orientation T byte_order littleendian
Reading mask: /opt/freesurfer/average/711-2B_as_mni_average_305_mask.4dfp.img (2306576 pixels)
talsrcimg_g11.4dfp.img
       256       256       256         1
  1.000000  1.000000  1.000000
orientation T byte_order littleendian
Reading image: talsrcimg_g11.4dfp.img
dimensions:      256       256       256
mmppix:       1.0000   -1.0000   -1.0000
center:     128.0000 -129.0000 -129.0000
fimgreg.f
image alignment mode   3335 decimal      D07 hex
parameters
   -1.5613   22.4820    3.9301   -0.3155   -3.4617   -3.2608
   -7.5513    2.4456    6.6944   25.2101   -4.2646  -24.9668
eta,q 0.96909  7.29464
niter,ni,del,rscale     5    3    5.0000    1.2000
parameter  4  0.847154 ->  0.500000 qaram    1.1500
parameter  5  1.327860 ->  0.500000 qaram    1.1500
parameter  6  0.519269 ->  0.500000 qaram    1.1500
parameters
   -1.5027   23.0240    4.0284   -4.4555   -7.6017   -7.4008
   -7.8340    3.2199    7.5913   21.9567   -3.0591  -24.8985
eta,q 0.97403  6.88675
  0.0335  0.0337  0.0323  0.0294  0.0264  0.0269  0.0287  0.0307  0.0284  0.0269  0.0271  0.0273
  0.0321  0.0324  0.0315  0.0293  0.0270  0.0267  0.0276  0.0288  0.0275  0.0262  0.0266  0.0266
  0.0313  0.0314  0.0310  0.0298  0.0280  0.0268  0.0269  0.0274  0.0269  0.0260  0.0262  0.0261
  0.0309  0.0309  0.0308  0.0308  0.0294  0.0272  0.0267  0.0267  0.0266  0.0266  0.0260  0.0260
  0.0311  0.0309  0.0309  0.0322  0.0313  0.0281  0.0270  0.0267  0.0267  0.0276  0.0260  0.0261
  0.0320  0.0312  0.0313  0.0339  0.0337  0.0298  0.0278  0.0276  0.0270  0.0291  0.0262  0.0266
  0.0333  0.0320  0.0321  0.0362  0.0362  0.0324  0.0290  0.0294  0.0277  0.0310  0.0266  0.0273
niter,ni,del,rscale     7    3    5.0000    1.2000
parameters
   -1.4521   22.7250    3.5138   -5.6599  -10.5394   -8.0947
   -8.3195    2.9624    7.0570   22.2406   -3.7941  -25.7817
eta,q 0.97457  6.73049
  0.0289  0.0276  0.0267  0.0279  0.0266  0.0275  0.0274  0.0285  0.0268  0.0277  0.0262  0.0264
  0.0273  0.0266  0.0262  0.0267  0.0259  0.0264  0.0263  0.0268  0.0260  0.0266  0.0258  0.0258
  0.0263  0.0260  0.0259  0.0260  0.0255  0.0256  0.0257  0.0258  0.0256  0.0258  0.0255  0.0255
  0.0260  0.0260  0.0259  0.0259  0.0258  0.0255  0.0255  0.0255  0.0255  0.0255  0.0255  0.0255
  0.0263  0.0264  0.0263  0.0265  0.0268  0.0261  0.0259  0.0259  0.0257  0.0256  0.0256  0.0257
  0.0272  0.0274  0.0270  0.0278  0.0283  0.0268  0.0267  0.0271  0.0263  0.0263  0.0260  0.0263
  0.0286  0.0287  0.0279  0.0295  0.0306  0.0283  0.0280  0.0290  0.0272  0.0275  0.0266  0.0270
niter,ni,del,rscale     6    3    5.0000    1.2000
parameters
   -1.4393   22.9337    3.4669   -5.8448  -11.2107   -8.3397
   -8.4307    2.9112    7.0415   22.7120   -4.0157  -26.1168
eta,q 0.97459  6.70296
  0.0282  0.0278  0.0268  0.0279  0.0273  0.0276  0.0275  0.0286  0.0269  0.0276  0.0263  0.0265
  0.0267  0.0266  0.0260  0.0267  0.0264  0.0265  0.0264  0.0268  0.0261  0.0265  0.0258  0.0259
  0.0257  0.0258  0.0256  0.0258  0.0257  0.0257  0.0257  0.0258  0.0256  0.0258  0.0255  0.0255
  0.0254  0.0254  0.0254  0.0254  0.0254  0.0254  0.0254  0.0254  0.0254  0.0254  0.0254  0.0254
  0.0257  0.0256  0.0256  0.0258  0.0258  0.0259  0.0257  0.0258  0.0256  0.0255  0.0255  0.0256
  0.0266  0.0261  0.0261  0.0268  0.0267  0.0267  0.0265  0.0269  0.0261  0.0261  0.0259  0.0261
  0.0281  0.0271  0.0269  0.0282  0.0282  0.0278  0.0277  0.0286  0.0269  0.0272  0.0264  0.0267
niter,ni,del,rscale     5    3    5.0000    1.2000
parameters
   -1.4428   23.0878    3.3530   -5.9065  -11.5065   -8.5628
   -8.4485    2.8567    7.0619   23.0738   -4.1376  -26.2826
eta,q 0.97461  6.68986
  0.0281  0.0276  0.0267  0.0280  0.0274  0.0276  0.0275  0.0285  0.0269  0.0274  0.0263  0.0265
  0.0266  0.0264  0.0259  0.0267  0.0264  0.0264  0.0264  0.0268  0.0261  0.0264  0.0258  0.0259
  0.0257  0.0257  0.0255  0.0258  0.0257  0.0256  0.0257  0.0257  0.0256  0.0257  0.0255  0.0255
  0.0254  0.0254  0.0254  0.0254  0.0254  0.0254  0.0254  0.0254  0.0254  0.0254  0.0254  0.0254
  0.0257  0.0256  0.0256  0.0257  0.0256  0.0259  0.0257  0.0258  0.0256  0.0255  0.0255  0.0256
  0.0266  0.0261  0.0261  0.0267  0.0265  0.0266  0.0264  0.0269  0.0261  0.0261  0.0258  0.0260
  0.0281  0.0271  0.0269  0.0281  0.0279  0.0278  0.0276  0.0286  0.0269  0.0271  0.0263  0.0266
niter,ni,del,rscale     4    3    5.0000    1.2000
parameters
   -1.4595   23.2013    3.2385   -5.9425  -11.7289   -8.7857
   -8.4396    2.7983    7.0776   23.3576   -4.2245  -26.3744
eta,q 0.97463  6.67840
  0.0280  0.0275  0.0266  0.0279  0.0274  0.0276  0.0275  0.0284  0.0269  0.0273  0.0263  0.0265
  0.0266  0.0264  0.0259  0.0267  0.0264  0.0264  0.0264  0.0267  0.0261  0.0263  0.0258  0.0259
  0.0257  0.0256  0.0255  0.0258  0.0257  0.0256  0.0257  0.0257  0.0256  0.0257  0.0255  0.0255
  0.0254  0.0254  0.0254  0.0254  0.0254  0.0254  0.0254  0.0254  0.0254  0.0254  0.0254  0.0254
  0.0257  0.0256  0.0256  0.0257  0.0256  0.0258  0.0256  0.0257  0.0256  0.0255  0.0255  0.0255
  0.0266  0.0262  0.0261  0.0266  0.0264  0.0266  0.0264  0.0268  0.0261  0.0260  0.0258  0.0260
  0.0281  0.0271  0.0269  0.0281  0.0278  0.0277  0.0275  0.0285  0.0268  0.0271  0.0263  0.0266
niter,ni,del,rscale     3    3    5.0000    1.2000
parameters
   -1.4762   23.2972    3.1343   -5.9665  -11.9202   -9.0040
   -8.4310    2.7461    7.0890   23.6041   -4.3071  -26.4450
eta,q 0.97464  6.66785
  0.0280  0.0274  0.0266  0.0279  0.0274  0.0276  0.0275  0.0284  0.0269  0.0272  0.0263  0.0265
  0.0265  0.0263  0.0259  0.0267  0.0264  0.0264  0.0264  0.0267  0.0260  0.0263  0.0258  0.0259
  0.0257  0.0256  0.0255  0.0258  0.0257  0.0256  0.0256  0.0257  0.0256  0.0257  0.0255  0.0255
  0.0254  0.0254  0.0254  0.0254  0.0254  0.0254  0.0254  0.0254  0.0254  0.0254  0.0254  0.0254
  0.0257  0.0256  0.0256  0.0257  0.0256  0.0258  0.0256  0.0257  0.0256  0.0254  0.0255  0.0255
  0.0266  0.0261  0.0261  0.0266  0.0264  0.0266  0.0264  0.0268  0.0261  0.0260  0.0258  0.0259
  0.0280  0.0271  0.0268  0.0280  0.0278  0.0277  0.0275  0.0284  0.0268  0.0271  0.0263  0.0265
niter,ni,del,rscale     2    3    5.0000    1.2000
parameters
   -1.4929   23.3864    3.0322   -5.9856  -12.1006   -9.2176
   -8.4258    2.6980    7.0995   23.8544   -4.3703  -26.5248
eta,q 0.97465  6.65802
  0.0279  0.0274  0.0266  0.0279  0.0274  0.0275  0.0275  0.0283  0.0268  0.0272  0.0262  0.0265
  0.0265  0.0263  0.0259  0.0266  0.0264  0.0264  0.0263  0.0267  0.0260  0.0262  0.0258  0.0259
  0.0256  0.0256  0.0255  0.0257  0.0257  0.0256  0.0256  0.0256  0.0255  0.0257  0.0255  0.0255
  0.0254  0.0254  0.0254  0.0254  0.0254  0.0254  0.0254  0.0254  0.0254  0.0254  0.0254  0.0253
  0.0257  0.0255  0.0256  0.0256  0.0255  0.0258  0.0256  0.0257  0.0255  0.0254  0.0255  0.0255
  0.0266  0.0261  0.0261  0.0266  0.0264  0.0266  0.0263  0.0268  0.0260  0.0260  0.0258  0.0259
  0.0280  0.0271  0.0268  0.0280  0.0277  0.0277  0.0275  0.0284  0.0268  0.0271  0.0263  0.0265
niter,ni,del,rscale     1    3    5.0000    1.2000
parameters
   -1.5065   23.4765    2.9352   -6.0106  -12.2932   -9.4305
   -8.4181    2.6534    7.0925   24.1080   -4.4230  -26.5787
eta,q 0.97467  6.64749
  0.0279  0.0274  0.0266  0.0279  0.0273  0.0275  0.0274  0.0283  0.0268  0.0271  0.0262  0.0265
  0.0265  0.0263  0.0259  0.0266  0.0264  0.0264  0.0263  0.0266  0.0260  0.0262  0.0258  0.0259
  0.0256  0.0256  0.0255  0.0257  0.0257  0.0256  0.0256  0.0256  0.0255  0.0257  0.0254  0.0255
  0.0253  0.0253  0.0253  0.0253  0.0253  0.0254  0.0253  0.0253  0.0253  0.0253  0.0253  0.0253
  0.0256  0.0255  0.0255  0.0256  0.0255  0.0258  0.0256  0.0257  0.0255  0.0254  0.0255  0.0255
  0.0265  0.0261  0.0260  0.0266  0.0263  0.0266  0.0263  0.0267  0.0260  0.0259  0.0258  0.0259
  0.0279  0.0271  0.0268  0.0280  0.0277  0.0277  0.0274  0.0283  0.0268  0.0270  0.0263  0.0265
registration optimization eta report
parameter search radius
    2.4000    2.4000    2.4000    8.2800    8.2800    8.2800
    7.2000    7.2000    7.2000    7.2000    7.2000    7.2000
100000*second partial in parameter space
       44.       32.       23.        4.        3.        3.
        4.        6.        3.        3.        2.        2.
  0.0279  0.0274  0.0266  0.0279  0.0273  0.0275  0.0274  0.0283  0.0268  0.0271  0.0262  0.0265
  0.0265  0.0263  0.0259  0.0266  0.0264  0.0264  0.0263  0.0266  0.0260  0.0262  0.0258  0.0259
  0.0256  0.0256  0.0255  0.0257  0.0257  0.0256  0.0256  0.0256  0.0255  0.0257  0.0254  0.0255
  0.0253  0.0253  0.0253  0.0253  0.0253  0.0254  0.0253  0.0253  0.0253  0.0253  0.0253  0.0253
  0.0256  0.0255  0.0255  0.0256  0.0255  0.0258  0.0256  0.0257  0.0255  0.0254  0.0255  0.0255
  0.0265  0.0261  0.0260  0.0266  0.0263  0.0266  0.0263  0.0267  0.0260  0.0259  0.0258  0.0259
  0.0279  0.0271  0.0268  0.0280  0.0277  0.0277  0.0274  0.0283  0.0268  0.0270  0.0263  0.0265
   -1.5065   23.4765    2.9352   -6.0106  -12.2932   -9.4305
   -8.4181    2.6534    7.0925   24.1080   -4.4230  -26.5787
eta,q 0.97467  6.64749

---------------------------------------------------------------------
imgreg_4dfp /opt/freesurfer/average/711-2C_as_mni_average_305 /opt/freesurfer/average/711-2B_as_mni_average_305_mask talsrcimg_g11 none talsrcimg_to_711-2C_as_mni_average_305_t4 2311
---------------------------------------------------------------------

freesurfer imgreg_4dfp.c
/opt/freesurfer/average/711-2C_as_mni_average_305.4dfp.img
       256       256       256         1
  1.000000  1.000000  1.000000
orientation T byte_order littleendian
Reading image: /opt/freesurfer/average/711-2C_as_mni_average_305.4dfp.img
dimensions:      256       256       256
mmppix:       1.0000   -1.0000   -1.0000
center:     128.0000 -129.0000 -129.0000
/opt/freesurfer/average/711-2B_as_mni_average_305_mask.4dfp.img
       256       256       256         1
  1.000000  1.000000  1.000000
orientation T byte_order littleendian
Reading mask: /opt/freesurfer/average/711-2B_as_mni_average_305_mask.4dfp.img (2306576 pixels)
talsrcimg_g11.4dfp.img
       256       256       256         1
  1.000000  1.000000  1.000000
orientation T byte_order littleendian
Reading image: talsrcimg_g11.4dfp.img
dimensions:      256       256       256
mmppix:       1.0000   -1.0000   -1.0000
center:     128.0000 -129.0000 -129.0000
fimgreg.f
image alignment mode   2311 decimal      907 hex
parameters
   -1.5065   23.4765    2.9352   -6.0106  -12.2932   -9.4305
   -8.4181    2.6534    7.0925   24.1080   -4.4230  -26.5787
eta,q 0.97467  6.64749
niter,ni,del,rscale     5    3    5.0000    0.8000
parameters
   -1.5194   23.5569    2.8332   -5.8574  -12.0515   -9.6789
   -8.3760    2.6099    7.1049   24.5689   -4.3408  -26.6418
eta,q 0.97470  6.65796
  0.0265  0.0263  0.0259  0.0263  0.0261  0.0261  0.0263  0.0266  0.0260  0.0262  0.0257  0.0258
  0.0258  0.0258  0.0255  0.0258  0.0257  0.0257  0.0258  0.0259  0.0256  0.0258  0.0255  0.0255
  0.0255  0.0254  0.0254  0.0255  0.0255  0.0254  0.0254  0.0254  0.0254  0.0255  0.0253  0.0254
  0.0253  0.0253  0.0253  0.0253  0.0253  0.0253  0.0253  0.0253  0.0253  0.0253  0.0253  0.0253
  0.0255  0.0254  0.0254  0.0254  0.0254  0.0255  0.0254  0.0255  0.0254  0.0253  0.0253  0.0254
  0.0259  0.0257  0.0257  0.0257  0.0256  0.0258  0.0257  0.0259  0.0256  0.0255  0.0255  0.0256
  0.0265  0.0261  0.0260  0.0263  0.0260  0.0263  0.0263  0.0267  0.0260  0.0260  0.0257  0.0259
niter,ni,del,rscale     4    3    5.0000    0.7000
parameters
   -1.5477   23.6388    2.6968   -5.8034  -12.1837   -9.8715
   -8.3176    2.5418    7.0752   24.9491   -4.3053  -26.7399
eta,q 0.97473  6.65376
  0.0261  0.0260  0.0257  0.0260  0.0259  0.0259  0.0260  0.0263  0.0258  0.0260  0.0256  0.0257
  0.0257  0.0256  0.0254  0.0257  0.0256  0.0256  0.0256  0.0257  0.0255  0.0257  0.0254  0.0254
  0.0254  0.0254  0.0253  0.0254  0.0254  0.0253  0.0254  0.0254  0.0253  0.0254  0.0253  0.0253
  0.0253  0.0253  0.0253  0.0253  0.0253  0.0253  0.0253  0.0253  0.0253  0.0253  0.0253  0.0253
  0.0254  0.0253  0.0254  0.0253  0.0253  0.0254  0.0254  0.0254  0.0253  0.0253  0.0253  0.0253
  0.0257  0.0255  0.0256  0.0256  0.0256  0.0257  0.0256  0.0257  0.0255  0.0254  0.0254  0.0255
  0.0262  0.0259  0.0258  0.0260  0.0260  0.0261  0.0260  0.0263  0.0258  0.0258  0.0256  0.0257
niter,ni,del,rscale     3    3    5.0000    0.6000
parameters
   -1.5729   23.7403    2.5801   -5.7454  -12.3395  -10.0690
   -8.2656    2.4822    7.0227   25.3504   -4.2748  -26.8295
eta,q 0.97476  6.64901
  0.0259  0.0258  0.0255  0.0258  0.0257  0.0257  0.0258  0.0259  0.0257  0.0258  0.0255  0.0255
  0.0255  0.0255  0.0254  0.0255  0.0255  0.0255  0.0255  0.0255  0.0254  0.0255  0.0254  0.0254
  0.0253  0.0253  0.0253  0.0253  0.0253  0.0253  0.0253  0.0253  0.0253  0.0254  0.0253  0.0253
  0.0253  0.0253  0.0253  0.0253  0.0253  0.0253  0.0253  0.0253  0.0253  0.0253  0.0252  0.0252
  0.0253  0.0253  0.0253  0.0253  0.0253  0.0253  0.0253  0.0253  0.0253  0.0253  0.0253  0.0253
  0.0256  0.0254  0.0255  0.0255  0.0255  0.0256  0.0255  0.0256  0.0255  0.0254  0.0254  0.0254
  0.0259  0.0257  0.0257  0.0258  0.0258  0.0259  0.0258  0.0260  0.0257  0.0256  0.0255  0.0256
niter,ni,del,rscale     2    3    5.0000    0.5000
parameters
   -1.5945   23.8447    2.4680   -5.6952  -12.4879  -10.2497
   -8.2219    2.4255    6.9681   25.7216   -4.2103  -26.9258
eta,q 0.97478  6.64476
  0.0257  0.0257  0.0254  0.0256  0.0255  0.0256  0.0256  0.0257  0.0255  0.0256  0.0254  0.0254
  0.0254  0.0254  0.0253  0.0254  0.0254  0.0254  0.0254  0.0254  0.0254  0.0255  0.0253  0.0253
  0.0253  0.0253  0.0252  0.0253  0.0253  0.0253  0.0253  0.0253  0.0253  0.0253  0.0252  0.0252
  0.0252  0.0252  0.0252  0.0252  0.0252  0.0252  0.0252  0.0252  0.0252  0.0252  0.0252  0.0252
  0.0253  0.0253  0.0253  0.0253  0.0253  0.0253  0.0253  0.0253  0.0253  0.0252  0.0252  0.0252
  0.0255  0.0254  0.0254  0.0254  0.0254  0.0254  0.0254  0.0254  0.0254  0.0253  0.0253  0.0253
  0.0257  0.0255  0.0255  0.0256  0.0256  0.0257  0.0256  0.0257  0.0255  0.0255  0.0254  0.0255
niter,ni,del,rscale     1    3    5.0000    0.4000
parameters
   -1.6186   23.9333    2.3622   -5.6327  -12.6212  -10.3914
   -8.1627    2.3782    6.9214   26.0411   -4.1395  -27.0461
eta,q 0.97479  6.64213
  0.0255  0.0255  0.0253  0.0255  0.0254  0.0254  0.0255  0.0255  0.0254  0.0255  0.0253  0.0253
  0.0253  0.0254  0.0253  0.0253  0.0253  0.0253  0.0253  0.0253  0.0253  0.0254  0.0253  0.0253
  0.0252  0.0253  0.0252  0.0252  0.0252  0.0252  0.0252  0.0252  0.0252  0.0253  0.0252  0.0252
  0.0252  0.0252  0.0252  0.0252  0.0252  0.0252  0.0252  0.0252  0.0252  0.0252  0.0252  0.0252
  0.0253  0.0252  0.0252  0.0252  0.0252  0.0253  0.0252  0.0253  0.0252  0.0252  0.0252  0.0252
  0.0254  0.0253  0.0253  0.0253  0.0253  0.0254  0.0253  0.0254  0.0253  0.0253  0.0253  0.0253
  0.0255  0.0254  0.0254  0.0255  0.0255  0.0255  0.0254  0.0255  0.0254  0.0254  0.0253  0.0254
registration optimization eta report
parameter search radius
    0.8000    0.8000    0.8000    2.4000    2.4000    2.4000
    2.4000    2.4000    2.4000    2.4000    2.4000    2.4000
100000*second partial in parameter space
       44.       36.       24.        4.        4.        4.
        4.        5.        3.        4.        2.        2.
  0.0255  0.0255  0.0253  0.0255  0.0254  0.0254  0.0255  0.0255  0.0254  0.0255  0.0253  0.0253
  0.0253  0.0254  0.0253  0.0253  0.0253  0.0253  0.0253  0.0253  0.0253  0.0254  0.0253  0.0253
  0.0252  0.0253  0.0252  0.0252  0.0252  0.0252  0.0252  0.0252  0.0252  0.0253  0.0252  0.0252
  0.0252  0.0252  0.0252  0.0252  0.0252  0.0252  0.0252  0.0252  0.0252  0.0252  0.0252  0.0252
  0.0253  0.0252  0.0252  0.0252  0.0252  0.0253  0.0252  0.0253  0.0252  0.0252  0.0252  0.0252
  0.0254  0.0253  0.0253  0.0253  0.0253  0.0254  0.0253  0.0254  0.0253  0.0253  0.0253  0.0253
  0.0255  0.0254  0.0254  0.0255  0.0255  0.0255  0.0254  0.0255  0.0254  0.0254  0.0253  0.0254
   -1.6186   23.9333    2.3622   -5.6327  -12.6212  -10.3914
   -8.1627    2.3782    6.9214   26.0411   -4.1395  -27.0461
eta,q 0.97479  6.64213

---------------------------------------------------------------------
imgreg_4dfp /opt/freesurfer/average/711-2C_as_mni_average_305 /opt/freesurfer/average/711-2B_as_mni_average_305_mask talsrcimg_g11 none talsrcimg_to_711-2C_as_mni_average_305_t4 2311
---------------------------------------------------------------------

freesurfer imgreg_4dfp.c
/opt/freesurfer/average/711-2C_as_mni_average_305.4dfp.img
       256       256       256         1
  1.000000  1.000000  1.000000
orientation T byte_order littleendian
Reading image: /opt/freesurfer/average/711-2C_as_mni_average_305.4dfp.img
dimensions:      256       256       256
mmppix:       1.0000   -1.0000   -1.0000
center:     128.0000 -129.0000 -129.0000
/opt/freesurfer/average/711-2B_as_mni_average_305_mask.4dfp.img
       256       256       256         1
  1.000000  1.000000  1.000000
orientation T byte_order littleendian
Reading mask: /opt/freesurfer/average/711-2B_as_mni_average_305_mask.4dfp.img (2306576 pixels)
talsrcimg_g11.4dfp.img
       256       256       256         1
  1.000000  1.000000  1.000000
orientation T byte_order littleendian
Reading image: talsrcimg_g11.4dfp.img
dimensions:      256       256       256
mmppix:       1.0000   -1.0000   -1.0000
center:     128.0000 -129.0000 -129.0000
fimgreg.f
image alignment mode   2311 decimal      907 hex
parameters
   -1.6186   23.9333    2.3622   -5.6327  -12.6212  -10.3914
   -8.1627    2.3782    6.9214   26.0411   -4.1395  -27.0461
eta,q 0.97479  6.64214
niter,ni,del,rscale     5    3    5.0000    0.8000
parameters
   -1.6363   24.0345    2.2603   -5.7898  -13.0542  -10.5637
   -8.1390    2.3597    6.8464   26.0660   -4.2368  -27.1116
eta,q 0.97479  6.61890
  0.0263  0.0262  0.0257  0.0261  0.0259  0.0261  0.0262  0.0265  0.0259  0.0260  0.0256  0.0257
  0.0257  0.0257  0.0254  0.0256  0.0255  0.0256  0.0256  0.0257  0.0255  0.0256  0.0254  0.0254
  0.0253  0.0253  0.0252  0.0253  0.0253  0.0253  0.0253  0.0253  0.0253  0.0253  0.0253  0.0253
  0.0252  0.0252  0.0252  0.0252  0.0252  0.0252  0.0252  0.0252  0.0252  0.0252  0.0252  0.0252
  0.0253  0.0253  0.0253  0.0253  0.0253  0.0254  0.0253  0.0253  0.0253  0.0253  0.0253  0.0253
  0.0257  0.0255  0.0255  0.0257  0.0257  0.0257  0.0256  0.0258  0.0256  0.0255  0.0254  0.0255
  0.0264  0.0260  0.0259  0.0263  0.0262  0.0262  0.0261  0.0265  0.0260  0.0261  0.0257  0.0257
niter,ni,del,rscale     4    3    5.0000    0.7000
parameters
   -1.6329   24.0951    2.2120   -5.7727  -13.0840  -10.6862
   -8.1545    2.3489    6.8263   26.2878   -4.2376  -27.1819
eta,q 0.97480  6.61796
  0.0261  0.0259  0.0256  0.0259  0.0258  0.0259  0.0259  0.0262  0.0258  0.0259  0.0255  0.0256
  0.0256  0.0255  0.0254  0.0256  0.0255  0.0255  0.0255  0.0256  0.0255  0.0256  0.0254  0.0254
  0.0253  0.0253  0.0253  0.0253  0.0253  0.0253  0.0253  0.0253  0.0253  0.0253  0.0252  0.0252
  0.0252  0.0252  0.0252  0.0252  0.0252  0.0252  0.0252  0.0252  0.0252  0.0252  0.0252  0.0252
  0.0253  0.0253  0.0253  0.0253  0.0253  0.0253  0.0253  0.0253  0.0253  0.0252  0.0252  0.0253
  0.0256  0.0255  0.0254  0.0255  0.0255  0.0256  0.0255  0.0256  0.0255  0.0254  0.0253  0.0254
  0.0260  0.0258  0.0257  0.0260  0.0258  0.0260  0.0259  0.0262  0.0258  0.0258  0.0255  0.0256
niter,ni,del,rscale     3    3    5.0000    0.6000
parameters
   -1.6336   24.1399    2.1512   -5.7236  -13.1115  -10.7596
   -8.1451    2.3331    6.8084   26.4893   -4.2251  -27.2483
eta,q 0.97481  6.61906
  0.0258  0.0257  0.0255  0.0257  0.0256  0.0257  0.0257  0.0259  0.0256  0.0257  0.0254  0.0255
  0.0255  0.0254  0.0253  0.0255  0.0254  0.0254  0.0254  0.0255  0.0254  0.0255  0.0253  0.0253
  0.0253  0.0253  0.0252  0.0253  0.0253  0.0253  0.0253  0.0253  0.0252  0.0253  0.0252  0.0252
  0.0252  0.0252  0.0252  0.0252  0.0252  0.0252  0.0252  0.0252  0.0252  0.0252  0.0252  0.0252
  0.0253  0.0252  0.0253  0.0252  0.0252  0.0253  0.0253  0.0253  0.0252  0.0252  0.0252  0.0252
  0.0255  0.0254  0.0254  0.0254  0.0254  0.0255  0.0254  0.0255  0.0254  0.0254  0.0253  0.0253
  0.0258  0.0256  0.0256  0.0257  0.0257  0.0258  0.0257  0.0259  0.0256  0.0256  0.0254  0.0255
niter,ni,del,rscale     2    3    5.0000    0.5000
parameters
   -1.6435   24.1772    2.1037   -5.6666  -13.1243  -10.8275
   -8.1343    2.3101    6.7905   26.6638   -4.1792  -27.2893
eta,q 0.97482  6.62053
  0.0256  0.0256  0.0254  0.0256  0.0255  0.0256  0.0256  0.0257  0.0255  0.0256  0.0254  0.0254
  0.0254  0.0254  0.0253  0.0254  0.0253  0.0254  0.0254  0.0254  0.0253  0.0254  0.0253  0.0253
  0.0252  0.0252  0.0252  0.0253  0.0252  0.0252  0.0252  0.0252  0.0252  0.0252  0.0252  0.0252
  0.0252  0.0252  0.0252  0.0252  0.0252  0.0252  0.0252  0.0252  0.0252  0.0252  0.0252  0.0252
  0.0252  0.0252  0.0252  0.0252  0.0252  0.0252  0.0252  0.0252  0.0252  0.0252  0.0252  0.0252
  0.0254  0.0253  0.0253  0.0253  0.0253  0.0254  0.0254  0.0254  0.0253  0.0253  0.0253  0.0253
  0.0256  0.0255  0.0254  0.0256  0.0255  0.0256  0.0256  0.0257  0.0255  0.0255  0.0254  0.0254
niter,ni,del,rscale     1    3    5.0000    0.4000
parameters
   -1.6541   24.2079    2.0548   -5.6092  -13.1284  -10.8729
   -8.0881    2.3017    6.7615   26.8175   -4.1040  -27.3258
eta,q 0.97482  6.62245
  0.0255  0.0254  0.0253  0.0254  0.0254  0.0254  0.0254  0.0255  0.0254  0.0254  0.0253  0.0253
  0.0253  0.0253  0.0252  0.0253  0.0253  0.0253  0.0253  0.0253  0.0253  0.0253  0.0252  0.0252
  0.0252  0.0252  0.0252  0.0252  0.0252  0.0252  0.0252  0.0252  0.0252  0.0252  0.0252  0.0252
  0.0252  0.0252  0.0252  0.0252  0.0252  0.0252  0.0252  0.0252  0.0252  0.0252  0.0252  0.0252
  0.0252  0.0252  0.0252  0.0252  0.0252  0.0252  0.0252  0.0252  0.0252  0.0252  0.0252  0.0252
  0.0253  0.0253  0.0253  0.0253  0.0253  0.0253  0.0253  0.0253  0.0253  0.0253  0.0252  0.0252
  0.0255  0.0254  0.0254  0.0254  0.0254  0.0254  0.0254  0.0255  0.0254  0.0254  0.0253  0.0253
registration optimization eta report
parameter search radius
    0.8000    0.8000    0.8000    2.4000    2.4000    2.4000
    2.4000    2.4000    2.4000    2.4000    2.4000    2.4000
100000*second partial in parameter space
       43.       34.       23.        4.        4.        4.
        4.        5.        3.        4.        2.        2.
  0.0255  0.0254  0.0253  0.0254  0.0254  0.0254  0.0254  0.0255  0.0254  0.0254  0.0253  0.0253
  0.0253  0.0253  0.0252  0.0253  0.0253  0.0253  0.0253  0.0253  0.0253  0.0253  0.0252  0.0252
  0.0252  0.0252  0.0252  0.0252  0.0252  0.0252  0.0252  0.0252  0.0252  0.0252  0.0252  0.0252
  0.0252  0.0252  0.0252  0.0252  0.0252  0.0252  0.0252  0.0252  0.0252  0.0252  0.0252  0.0252
  0.0252  0.0252  0.0252  0.0252  0.0252  0.0252  0.0252  0.0252  0.0252  0.0252  0.0252  0.0252
  0.0253  0.0253  0.0253  0.0253  0.0253  0.0253  0.0253  0.0253  0.0253  0.0253  0.0252  0.0252
  0.0255  0.0254  0.0254  0.0254  0.0254  0.0254  0.0254  0.0255  0.0254  0.0254  0.0253  0.0253
   -1.6541   24.2079    2.0548   -5.6092  -13.1284  -10.8729
   -8.0881    2.3017    6.7615   26.8175   -4.1040  -27.3258
eta,q 0.97482  6.62245

---------------------------------------------------------------------
compute_vox2vox talsrcimg talsrcimg_to_711-2C_as_mni_average_305_t4 /opt/freesurfer/average/711-2C_as_mni_average_305
---------------------------------------------------------------------

freesurfer compute_vox2vox.c
Reading: talsrcimg.4dfp.ifh
Reading: talsrcimg_to_711-2C_as_mni_average_305_t4
Reading: /opt/freesurfer/average/711-2C_as_mni_average_305.4dfp.ifh
Writing: talsrcimg_to_711-2C_as_mni_average_305_t4_vox2vox.txt

start time Sun Mar 15 08:14:33 CET 2026
end		time Sun Mar 15 08:14:48 CET 2026

mpr2mni305 success

avi2talxfm orig_nu.mgz /opt/freesurfer/average/mni305.cor.mgz talsrcimg_to_711-2C_as_mni_average_305_t4_vox2vox.txt transforms/talairach.auto.xfm
avi2talxfm done
mv -f /out/sourcedata/freesurfer/sub-v2s10x28927_ses-1/mri/talsrcimg_to_711-2C_as_mni_average_305_t4_vox2vox.txt /out/sourcedata/freesurfer/sub-v2s10x28927_ses-1/mri/transforms/talsrcimg_to_711-2C_as_mni_average_305_t4_vox2vox.txt
lta_convert --src orig_nu.mgz --trg /opt/freesurfer/average/mni305.cor.mgz --inxfm transforms/talairach.auto.xfm --outlta transforms/talairach.auto.xfm.lta --subject fsaverage
7.3.2

--src: orig_nu.mgz src image (geometry).
--trg: /opt/freesurfer/average/mni305.cor.mgz trg image (geometry).
--inmni: transforms/talairach.auto.xfm input MNI/XFM transform.
--outlta: transforms/talairach.auto.xfm.lta output LTA.
--s: fsaverage subject name
 LTA read, type : 1
 1.05133  -0.05171   0.08162  -2.16502;
 0.02131   1.02393   0.32407  -22.60995;
-0.08841  -0.31207   1.04473  -9.01073;
 0.00000   0.00000   0.00000   1.00000;
setting subject to fsaverage
Writing  LTA to file transforms/talairach.auto.xfm.lta...
lta_convert successful.
 
 
Started at Sun Mar 15 08:14:33 CET 2026
Ended   at Sun Mar 15 08:14:48 CET 2026
talairach_avi done
