/out/sourcedata/freesurfer/sub-v2s10x28956_ses-1/mri
/opt/freesurfer/bin/talairach_avi
--i orig_nu.mgz --xfm transforms/talairach.auto.xfm
talairach_avi 7.3.2
Linux dna080 5.14.0-427.37.1.el9_4.x86_64 #1 SMP PREEMPT_DYNAMIC Fri Sep 13 12:41:50 EDT 2024 x86_64 x86_64 x86_64 GNU/Linux
Sun Mar 15 08:14:15 CET 2026
mri_convert orig_nu.mgz talsrcimg.img 
reading from orig_nu.mgz...
TR=0.00, TE=0.00, TI=0.00, flip angle=0.00
i_ras = (-1, 1.82627e-09, -3.72529e-09)
j_ras = (-1.86265e-09, -1.16415e-10, -1)
k_ras = (-1.82808e-09, 1, 0)
writing to talsrcimg.img...
Analyze Output Matrix
-1.00000  -0.00000  -0.00000   133.13913;
 0.00000  -0.00000   1.00000  -114.27311;
-0.00000  -1.00000   0.00000   115.27238;
 0.00000   0.00000   0.00000   1.00000;
--------------------
INFO: set hdr.hist.orient to -1
mpr2mni305 talsrcimg
Sun Mar 15 08:14:15 CET 2026
/opt/freesurfer/bin/mpr2mni305 talsrcimg
mpr2mni305 7.3.2
target=711-2C_as_mni_average_305

---------------------------------------------------------------------
analyzeto4dfp talsrcimg -O0 -y
---------------------------------------------------------------------

freesurfer ifh2hdr.c
Sun Mar 15 08:14:16 2026
Writing: talsrcimg.4dfp.hdr
freesurfer analyzeto4dfp.c
Reading: talsrcimg.hdr
header size 348 bytes
hdr.dime.datatype	offset=70	value=2
hdr.dime.bitpix		offset=72	value=8
hdr.hist.orient		offset=252	value=-1
dimensionality     4
dimensions       256       256       256         1
Reading: talsrcimg.img
Writing: talsrcimg.4dfp.img
Writing: talsrcimg.4dfp.ifh
ifh2hdr talsrcimg -r0to211
ori=2

---------------------------------------------------------------------
gauss_4dfp talsrcimg 1.1
---------------------------------------------------------------------

freesurfer gauss_4dfp.c
Reading: talsrcimg.4dfp.img
Writing: talsrcimg_g11.4dfp.img
image dimensions 256 256 256 padded to 288 288 288
processing volume 1freesurfer ifh2hdr.c
Sun Mar 15 08:14:17 2026
Writing: talsrcimg_g11.4dfp.hdr

Writing: talsrcimg_g11.4dfp.ifh
including: talsrcimg.4dfp.img.rec in talsrcimg_g11.4dfp.img.rec

---------------------------------------------------------------------
imgreg_4dfp /opt/freesurfer/average/711-2C_as_mni_average_305 none talsrcimg_g11 none talsrcimg_to_711-2C_as_mni_average_305_t4 4355
---------------------------------------------------------------------

freesurfer imgreg_4dfp.c
/opt/freesurfer/average/711-2C_as_mni_average_305.4dfp.img
       256       256       256         1
  1.000000  1.000000  1.000000
orientation T byte_order littleendian
Reading image: /opt/freesurfer/average/711-2C_as_mni_average_305.4dfp.img
dimensions:      256       256       256
mmppix:       1.0000   -1.0000   -1.0000
center:     128.0000 -129.0000 -129.0000
talsrcimg_g11.4dfp.img
       256       256       256         1
  1.000000  1.000000  1.000000
orientation T byte_order littleendian
Reading image: talsrcimg_g11.4dfp.img
dimensions:      256       256       256
mmppix:       1.0000   -1.0000   -1.0000
center:     128.0000 -129.0000 -129.0000
t4_read: open error in t4_sub.f l:  41 t4_file(1:l)talsrcimg_to_711-2C_as_mni_average_305_t4 
t4_read: transform initialized to I4
rotation matrix determinant  1.000000
image alignment mode   4355 decimal     1103 hex
   -7.5000  -45.0000  -45.0000 6329.0415   14.4853
    0.0000  -45.0000  -45.0000 6588.3828   14.5038
    7.5000  -45.0000  -45.0000 6290.8726   14.5068
   -7.5000  -37.5000  -45.0000 6917.4106   14.0656
    0.0000  -37.5000  -45.0000 7200.1733   14.0839
    7.5000  -37.5000  -45.0000 6882.9116   14.0863
   -7.5000  -30.0000  -45.0000 7824.7720   13.7964
    0.0000  -30.0000  -45.0000 8170.0601   13.8139
    7.5000  -30.0000  -45.0000 7783.3828   13.8139
   -7.5000  -22.5000  -45.0000 8800.1533   13.6048
    0.0000  -22.5000  -45.0000 9193.0410   13.6190
    7.5000  -22.5000  -45.0000 8741.8955   13.6182
   -7.5000  -15.0000  -45.0000 9837.1045   13.5332
    0.0000  -15.0000  -45.000010253.5332   13.5467
    7.5000  -15.0000  -45.0000 9742.2432   13.5468
   -7.5000   -7.5000  -45.000010842.3447   13.4878
    0.0000   -7.5000  -45.000011306.0010   13.5023
    7.5000   -7.5000  -45.000010750.1963   13.5046
   -7.5000    0.0000  -45.000011718.7441   13.4762
    0.0000    0.0000  -45.000012234.9893   13.4933
    7.5000    0.0000  -45.000011640.6855   13.4969
   -7.5000    7.5000  -45.000011704.5566   13.4751
    0.0000    7.5000  -45.000012235.5684   13.4936
    7.5000    7.5000  -45.000011612.5693   13.4960
   -7.5000   15.0000  -45.000011599.1006   13.4705
    0.0000   15.0000  -45.000012120.4658   13.4872
    7.5000   15.0000  -45.000011496.8584   13.4873
   -7.5000   22.5000  -45.000011364.2676   13.4654
    0.0000   22.5000  -45.000011857.7256   13.4795
    7.5000   22.5000  -45.000011280.0596   13.4788
   -7.5000   30.0000  -45.000011017.3184   13.2932
    0.0000   30.0000  -45.000011467.5703   13.3065
    7.5000   30.0000  -45.000010902.7627   13.3067
   -7.5000   37.5000  -45.000011092.3037   13.2939
    0.0000   37.5000  -45.000011545.6260   13.3083
    7.5000   37.5000  -45.000010956.3516   13.3105
   -7.5000   45.0000  -45.000010640.6807   12.9590
    0.0000   45.0000  -45.000011092.0479   12.9754
    7.5000   45.0000  -45.000010509.1416   12.9789
   -7.5000  -45.0000  -37.5000 6686.7690   14.4486
    0.0000  -45.0000  -37.5000 6972.4390   14.4667
    7.5000  -45.0000  -37.5000 6656.1196   14.4680
   -7.5000  -37.5000  -37.5000 7325.3955   14.0348
    0.0000  -37.5000  -37.5000 7635.4067   14.0522
    7.5000  -37.5000  -37.5000 7284.1934   14.0529
   -7.5000  -30.0000  -37.5000 8304.2129   13.7591
    0.0000  -30.0000  -37.5000 8675.9541   13.7763
    7.5000  -30.0000  -37.5000 8251.5127   13.7741
   -7.5000  -22.5000  -37.5000 9354.1758   13.5612
    0.0000  -22.5000  -37.5000 9776.2812   13.5768
    7.5000  -22.5000  -37.5000 9291.1973   13.5743
   -7.5000  -15.0000  -37.500010444.8311   13.4890
    0.0000  -15.0000  -37.500010897.9707   13.5047
    7.5000  -15.0000  -37.500010366.4521   13.5034
   -7.5000   -7.5000  -37.500011495.6914   13.4520
    0.0000   -7.5000  -37.500012013.7051   13.4676
    7.5000   -7.5000  -37.500011421.3369   13.4681
   -7.5000    0.0000  -37.500012439.9697   13.4485
    0.0000    0.0000  -37.500012988.4238   13.4654
    7.5000    0.0000  -37.500012354.2402   13.4671
   -7.5000    7.5000  -37.500012430.0244   13.4467
    0.0000    7.5000  -37.500012992.3818   13.4645
    7.5000    7.5000  -37.500012328.3018   13.4648
   -7.5000   15.0000  -37.500012279.0537   13.4350
    0.0000   15.0000  -37.500012828.2314   13.4515
    7.5000   15.0000  -37.500012183.0928   13.4495
   -7.5000   22.5000  -37.500012028.1689   13.4225
    0.0000   22.5000  -37.500012549.2725   13.4381
    7.5000   22.5000  -37.500011933.2900   13.4358
   -7.5000   30.0000  -37.500011643.5850   13.2500
    0.0000   30.0000  -37.500012135.7529   13.2655
    7.5000   30.0000  -37.500011535.1934   13.2643
   -7.5000   37.5000  -37.500011667.9443   13.2587
    0.0000   37.5000  -37.500012167.2119   13.2741
    7.5000   37.5000  -37.500011544.4375   13.2746
   -7.5000   45.0000  -37.500011217.4775   12.9323
    0.0000   45.0000  -37.500011700.6602   12.9485
    7.5000   45.0000  -37.500011070.3848   12.9502
   -7.5000  -45.0000  -30.0000 7155.0024   15.0563
    0.0000  -45.0000  -30.0000 7448.4819   15.0756
    7.5000  -45.0000  -30.0000 7115.2944   15.0784
   -7.5000  -37.5000  -30.0000 7848.0161   14.6250
    0.0000  -37.5000  -30.0000 8176.2861   14.6428
    7.5000  -37.5000  -30.0000 7800.0605   14.6448
   -7.5000  -30.0000  -30.0000 8928.1729   14.3310
    0.0000  -30.0000  -30.0000 9321.6514   14.3488
    7.5000  -30.0000  -30.0000 8866.0703   14.3480
   -7.5000  -22.5000  -30.000010063.5947   14.1227
    0.0000  -22.5000  -30.000010511.0869   14.1405
    7.5000  -22.5000  -30.0000 9994.4326   14.1397
   -7.5000  -15.0000  -30.000011199.8877   14.0503
    0.0000  -15.0000  -30.000011694.8506   14.0689
    7.5000  -15.0000  -30.000011130.0840   14.0693
   -7.5000   -7.5000  -30.000012326.4668   14.0185
    0.0000   -7.5000  -30.000012860.4365   14.0365
    7.5000   -7.5000  -30.000012239.0928   14.0380
   -7.5000    0.0000  -30.000013325.9619   14.0185
    0.0000    0.0000  -30.000013905.5283   14.0367
    7.5000    0.0000  -30.000013230.7686   14.0392
   -7.5000    7.5000  -30.000013325.1582   14.0122
    0.0000    7.5000  -30.000013895.2939   14.0305
    7.5000    7.5000  -30.000013197.1992   14.0317
   -7.5000   15.0000  -30.000013165.3438   13.9936
    0.0000   15.0000  -30.000013731.8877   14.0107
    7.5000   15.0000  -30.000013051.4619   14.0100
   -7.5000   22.5000  -30.000012889.6953   13.9767
    0.0000   22.5000  -30.000013441.9648   13.9945
    7.5000   22.5000  -30.000012778.2100   13.9938
   -7.5000   30.0000  -30.000012460.8721   13.8026
    0.0000   30.0000  -30.000013006.6768   13.8210
    7.5000   30.0000  -30.000012348.7725   13.8215
   -7.5000   37.5000  -30.000012437.3691   13.8183
    0.0000   37.5000  -30.000012985.5449   13.8361
    7.5000   37.5000  -30.000012302.6689   13.8376
   -7.5000   45.0000  -30.000011943.3584   13.4903
    0.0000   45.0000  -30.000012451.7480   13.5079
    7.5000   45.0000  -30.000011767.3887   13.5103
   -7.5000  -45.0000  -22.5000 7630.0513   15.5742
    0.0000  -45.0000  -22.5000 7926.3789   15.5937
    7.5000  -45.0000  -22.5000 7582.4678   15.5997
   -7.5000  -37.5000  -22.5000 8379.1074   15.1238
    0.0000  -37.5000  -22.5000 8729.8662   15.1415
    7.5000  -37.5000  -22.5000 8312.4570   15.1466
   -7.5000  -30.0000  -22.5000 9538.8584   14.8220
    0.0000  -30.0000  -22.5000 9954.9170   14.8396
    7.5000  -30.0000  -22.5000 9464.4600   14.8427
   -7.5000  -22.5000  -22.500010740.0703   14.6126
    0.0000  -22.5000  -22.500011219.5625   14.6300
    7.5000  -22.5000  -22.500010674.6279   14.6336
   -7.5000  -15.0000  -22.500011950.8281   14.5416
    0.0000  -15.0000  -22.500012477.4053   14.5599
    7.5000  -15.0000  -22.500011884.8477   14.5645
   -7.5000   -7.5000  -22.500013132.7314   14.5060
    0.0000   -7.5000  -22.500013700.2793   14.5243
    7.5000   -7.5000  -22.500013067.0020   14.5293
   -7.5000    0.0000  -22.500014185.9775   14.5005
    0.0000    0.0000  -22.500014833.7432   14.5193
    7.5000    0.0000  -22.500014111.6367   14.5244
   -7.5000    7.5000  -22.500014161.3994   14.4906
    0.0000    7.5000  -22.500014810.5713   14.5088
    7.5000    7.5000  -22.500014080.4141   14.5128
   -7.5000   15.0000  -22.500013995.8994   14.4729
    0.0000   15.0000  -22.500014629.0303   14.4896
    7.5000   15.0000  -22.500013912.2295   14.4927
   -7.5000   22.5000  -22.500013696.3037   14.4604
    0.0000   22.5000  -22.500014321.9482   14.4777
    7.5000   22.5000  -22.500013612.3770   14.4815
   -7.5000   30.0000  -22.500013244.6055   14.2873
    0.0000   30.0000  -22.500013852.6953   14.3053
    7.5000   30.0000  -22.500013162.2100   14.3100
   -7.5000   37.5000  -22.500013187.8633   14.3009
    0.0000   37.5000  -22.500013798.3320   14.3191
    7.5000   37.5000  -22.500013056.0869   14.3240
   -7.5000   45.0000  -22.500012619.6318   13.9647
    0.0000   45.0000  -22.500013184.1064   13.9828
    7.5000   45.0000  -22.500012461.4395   13.9877
   -7.5000  -45.0000  -15.0000 8088.8296   15.9450
    0.0000  -45.0000  -15.0000 8420.1436   15.9645
    7.5000  -45.0000  -15.0000 8051.5020   15.9728
   -7.5000  -37.5000  -15.0000 8894.0049   15.4807
    0.0000  -37.5000  -15.0000 9277.0537   15.4994
    7.5000  -37.5000  -15.0000 8818.7012   15.5064
   -7.5000  -30.0000  -15.000010140.3047   15.1803
    0.0000  -30.0000  -15.000010600.2539   15.1986
    7.5000  -30.0000  -15.000010070.0879   15.2043
   -7.5000  -22.5000  -15.000011433.5430   14.9734
    0.0000  -22.5000  -15.000011961.2822   14.9897
    7.5000  -22.5000  -15.000011377.3691   14.9957
   -7.5000  -15.0000  -15.000012719.9482   14.9012
    0.0000  -15.0000  -15.000013301.3066   14.9173
    7.5000  -15.0000  -15.000012669.3867   14.9245
   -7.5000   -7.5000  -15.000013966.1973   14.8557
    0.0000   -7.5000  -15.000014600.5742   14.8729
    7.5000   -7.5000  -15.000013907.3398   14.8805
   -7.5000    0.0000  -15.000015079.8232   14.8417
    0.0000    0.0000  -15.000015793.9219   14.8606
    7.5000    0.0000  -15.000015026.2539   14.8681
   -7.5000    7.5000  -15.000015033.0732   14.8329
    0.0000    7.5000  -15.000015728.0332   14.8520
    7.5000    7.5000  -15.000014960.3408   14.8582
   -7.5000   15.0000  -15.000014835.2217   14.8225
    0.0000   15.0000  -15.000015527.2568   14.8399
    7.5000   15.0000  -15.000014746.8711   14.8453
   -7.5000   22.5000  -15.000014485.4600   14.8167
    0.0000   22.5000  -15.000015181.6670   14.8330
    7.5000   22.5000  -15.000014410.1582   14.8390
   -7.5000   30.0000  -15.000014017.3223   14.6425
    0.0000   30.0000  -15.000014706.0947   14.6585
    7.5000   30.0000  -15.000013936.9062   14.6656
   -7.5000   37.5000  -15.000013897.1660   14.6476
    0.0000   37.5000  -15.000014584.7754   14.6647
    7.5000   37.5000  -15.000013794.9336   14.6723
   -7.5000   45.0000  -15.000013270.9668   14.3019
    0.0000   45.0000  -15.000013902.3623   14.3202
    7.5000   45.0000  -15.000013136.4434   14.3273
   -7.5000  -45.0000   -7.5000 8563.1602   16.1279
    0.0000  -45.0000   -7.5000 8927.6055   16.1480
    7.5000  -45.0000   -7.5000 8516.7598   16.1551
   -7.5000  -37.5000   -7.5000 9436.2910   15.6583
    0.0000  -37.5000   -7.5000 9844.2891   15.6784
    7.5000  -37.5000   -7.5000 9364.0322   15.6845
   -7.5000  -30.0000   -7.500010768.6572   15.3610
    0.0000  -30.0000   -7.500011236.5615   15.3804
    7.5000  -30.0000   -7.500010699.5332   15.3844
   -7.5000  -22.5000   -7.500012143.8486   15.1535
    0.0000  -22.5000   -7.500012682.9141   15.1690
    7.5000  -22.5000   -7.500012079.9121   15.1725
   -7.5000  -15.0000   -7.500013509.2051   15.0777
    0.0000  -15.0000   -7.500014107.8447   15.0920
    7.5000  -15.0000   -7.500013450.7568   15.0964
   -7.5000   -7.5000   -7.500014819.0215   15.0252
    0.0000   -7.5000   -7.500015474.4922   15.0412
    7.5000   -7.5000   -7.500014747.1016   15.0475
   -7.5000    0.0000   -7.500016007.5518   15.0078
    0.0000    0.0000   -7.500016713.4395   15.0267
    7.5000    0.0000   -7.500015931.6611   15.0339
   -7.5000    7.5000   -7.500015929.2432   15.0032
    0.0000    7.5000   -7.500016616.9746   15.0235
    7.5000    7.5000   -7.500015843.5859   15.0292
   -7.5000   15.0000   -7.500015710.0381   14.9990
    0.0000   15.0000   -7.500016429.4766   15.0175
    7.5000   15.0000   -7.500015596.6367   15.0212
   -7.5000   22.5000   -7.500015334.2188   14.9935
    0.0000   22.5000   -7.500016062.2070   15.0090
    7.5000   22.5000   -7.500015243.8828   15.0125
   -7.5000   30.0000   -7.500014819.8232   14.8156
    0.0000   30.0000   -7.500015568.0469   14.8299
    7.5000   30.0000   -7.500014744.0400   14.8343
   -7.5000   37.5000   -7.500014615.5732   14.8145
    0.0000   37.5000   -7.500015395.2842   14.8304
    7.5000   37.5000   -7.500014556.4053   14.8366
   -7.5000   45.0000   -7.500013935.0410   14.4647
    0.0000   45.0000   -7.500014647.4541   14.4829
    7.5000   45.0000   -7.500013801.9375   14.4898
   -7.5000  -45.0000    0.0000 8985.6816   16.1625
    0.0000  -45.0000    0.0000 9370.2158   16.1826
    7.5000  -45.0000    0.0000 8916.6348   16.1861
   -7.5000  -37.5000    0.0000 9924.3271   15.6955
    0.0000  -37.5000    0.000010347.3242   15.7154
    7.5000  -37.5000    0.0000 9853.2402   15.7182
   -7.5000  -30.0000    0.000011329.4111   15.3960
    0.0000  -30.0000    0.000011809.9551   15.4151
    7.5000  -30.0000    0.000011247.1982   15.4151
   -7.5000  -22.5000    0.000012750.2275   15.1827
    0.0000  -22.5000    0.000013274.1006   15.1981
    7.5000  -22.5000    0.000012658.2695   15.1973
   -7.5000  -15.0000    0.000014193.5527   15.1030
    0.0000  -15.0000    0.000014742.8877   15.1176
    7.5000  -15.0000    0.000014066.5625   15.1179
   -7.5000   -7.5000    0.000015547.5273   15.0524
    0.0000   -7.5000    0.000016143.9326   15.0683
    7.5000   -7.5000    0.000015429.7031   15.0709
   -7.5000    0.0000    0.000016762.8438   15.0396
    0.0000    0.0000    0.000017406.7930   15.0582
    7.5000    0.0000    0.000016679.5488   15.0624
   -7.5000    7.5000    0.000016683.5039   15.0384
    0.0000    7.5000    0.000017313.3125   15.0586
    7.5000    7.5000    0.000016587.1934   15.0613
   -7.5000   15.0000    0.000016497.0859   15.0332
    0.0000   15.0000    0.000017200.3105   15.0515
    7.5000   15.0000    0.000016372.5752   15.0516
   -7.5000   22.5000    0.000016117.2598   15.0226
    0.0000   22.5000    0.000016904.4961   15.0380
    7.5000   22.5000    0.000016049.3428   15.0372
   -7.5000   30.0000    0.000015525.9912   14.8411
    0.0000   30.0000    0.000016332.5918   14.8555
    7.5000   30.0000    0.000015499.1875   14.8559
   -7.5000   37.5000    0.000015295.9355   14.8419
    0.0000   37.5000    0.000016075.8057   14.8576
    7.5000   37.5000    0.000015256.1836   14.8602
   -7.5000   45.0000    0.000014531.8477   14.4964
    0.0000   45.0000    0.000015213.8164   14.5143
    7.5000   45.0000    0.000014395.0332   14.5184
   -7.5000  -45.0000    7.5000 8661.2939   16.1666
    0.0000  -45.0000    7.5000 9015.1855   16.1869
    7.5000  -45.0000    7.5000 8580.6084   16.1884
   -7.5000  -37.5000    7.5000 9600.9150   15.7038
    0.0000  -37.5000    7.5000 9998.4961   15.7233
    7.5000  -37.5000    7.5000 9533.4941   15.7240
   -7.5000  -30.0000    7.500010972.5293   15.3952
    0.0000  -30.0000    7.500011438.2715   15.4145
    7.5000  -30.0000    7.500010878.4502   15.4121
   -7.5000  -22.5000    7.500012351.1768   15.1738
    0.0000  -22.5000    7.500012864.7021   15.1912
    7.5000  -22.5000    7.500012242.4150   15.1885
   -7.5000  -15.0000    7.500013741.1133   15.0930
    0.0000  -15.0000    7.500014284.0859   15.1105
    7.5000  -15.0000    7.500013595.4209   15.1091
   -7.5000   -7.5000    7.500015040.4980   15.0516
    0.0000   -7.5000    7.500015613.0967   15.0691
    7.5000   -7.5000    7.500014903.3135   15.0697
   -7.5000    0.0000    7.500016245.9941   15.0478
    0.0000    0.0000    7.500016817.0137   15.0666
    7.5000    0.0000    7.500016115.8232   15.0686
   -7.5000    7.5000    7.500016174.1426   15.0457
    0.0000    7.5000    7.500016729.5254   15.0656
    7.5000    7.5000    7.500016026.3105   15.0661
   -7.5000   15.0000    7.500016019.7207   15.0327
    0.0000   15.0000    7.500016622.7422   15.0511
    7.5000   15.0000    7.500015821.7822   15.0490
   -7.5000   22.5000    7.500015749.8037   15.0138
    0.0000   22.5000    7.500016358.2217   15.0312
    7.5000   22.5000    7.500015542.1113   15.0286
   -7.5000   30.0000    7.500015175.3135   14.8314
    0.0000   30.0000    7.500015814.5967   14.8487
    7.5000   30.0000    7.500015023.4512   14.8474
   -7.5000   37.5000    7.500014923.3057   14.8411
    0.0000   37.5000    7.500015543.5850   14.8584
    7.5000   37.5000    7.500014781.6094   14.8590
   -7.5000   45.0000    7.500014044.9854   14.5043
    0.0000   45.0000    7.500014620.2402   14.5225
    7.5000   45.0000    7.500013871.6846   14.5244
   -7.5000  -45.0000   15.0000 8199.3779   16.1760
    0.0000  -45.0000   15.0000 8564.5088   16.1967
    7.5000  -45.0000   15.0000 8149.9634   16.1997
   -7.5000  -37.5000   15.0000 9133.1396   15.7124
    0.0000  -37.5000   15.0000 9545.6309   15.7316
    7.5000  -37.5000   15.0000 9072.0059   15.7338
   -7.5000  -30.0000   15.000010462.9893   15.3965
    0.0000  -30.0000   15.000010932.3213   15.4157
    7.5000  -30.0000   15.000010377.8633   15.4148
   -7.5000  -22.5000   15.000011796.8672   15.1726
    0.0000  -22.5000   15.000012291.9541   15.1917
    7.5000  -22.5000   15.000011692.2705   15.1908
   -7.5000  -15.0000   15.000013115.1211   15.0948
    0.0000  -15.0000   15.000013618.2568   15.1148
    7.5000  -15.0000   15.000012978.2402   15.1151
   -7.5000   -7.5000   15.000014368.2412   15.0606
    0.0000   -7.5000   15.000014888.8652   15.0799
    7.5000   -7.5000   15.000014203.3066   15.0816
   -7.5000    0.0000   15.000015538.7031   15.0606
    0.0000    0.0000   15.000016020.6680   15.0802
    7.5000    0.0000   15.000015333.8291   15.0828
   -7.5000    7.5000   15.000015528.6348   15.0539
    0.0000    7.5000   15.000015987.7920   15.0735
    7.5000    7.5000   15.000015285.0332   15.0748
   -7.5000   15.0000   15.000015382.5254   15.0339
    0.0000   15.0000   15.000015874.9326   15.0522
    7.5000   15.0000   15.000015140.4248   15.0514
   -7.5000   22.5000   15.000015102.9150   15.0124
    0.0000   22.5000   15.000015617.1348   15.0315
    7.5000   22.5000   15.000014885.0430   15.0308
   -7.5000   30.0000   15.000014624.5312   14.8331
    0.0000   30.0000   15.000015150.2129   14.8528
    7.5000   30.0000   15.000014402.2461   14.8532
   -7.5000   37.5000   15.000014412.9229   14.8499
    0.0000   37.5000   15.000014941.0791   14.8690
    7.5000   37.5000   15.000014212.9512   14.8706
   -7.5000   45.0000   15.000013486.8506   14.5167
    0.0000   45.0000   15.000013969.7197   14.5356
    7.5000   45.0000   15.000013272.2607   14.5381
   -7.5000  -45.0000   22.5000 7677.1504   16.2178
    0.0000  -45.0000   22.5000 8015.9810   16.2381
    7.5000  -45.0000   22.5000 7644.7407   16.2447
   -7.5000  -37.5000   22.5000 8558.0469   15.7497
    0.0000  -37.5000   22.5000 8949.9258   15.7681
    7.5000  -37.5000   22.5000 8512.1621   15.7737
   -7.5000  -30.0000   22.5000 9828.6133   15.4363
    0.0000  -30.0000   22.500010277.1279   15.4546
    7.5000  -30.0000   22.5000 9759.9072   15.4581
   -7.5000  -22.5000   22.500011099.3789   15.2191
    0.0000  -22.5000   22.500011581.5361   15.2371
    7.5000  -22.5000   22.500011010.7129   15.2412
   -7.5000  -15.0000   22.500012332.6436   15.1450
    0.0000  -15.0000   22.500012850.7188   15.1639
    7.5000  -15.0000   22.500012238.8135   15.1690
   -7.5000   -7.5000   22.500013558.6650   15.1078
    0.0000   -7.5000   22.500014081.0898   15.1269
    7.5000   -7.5000   22.500013404.3115   15.1324
   -7.5000    0.0000   22.500014702.9648   15.1022
    0.0000    0.0000   22.500015210.8320   15.1217
    7.5000    0.0000   22.500014505.2090   15.1273
   -7.5000    7.5000   22.500014681.4365   15.0919
    0.0000    7.5000   22.500015169.8936   15.1108
    7.5000    7.5000   22.500014465.5039   15.1153
   -7.5000   15.0000   22.500014532.7656   15.0733
    0.0000   15.0000   22.500014997.1279   15.0907
    7.5000   15.0000   22.500014316.3340   15.0941
   -7.5000   22.5000   22.500014295.7080   15.0580
    0.0000   22.5000   22.500014766.6406   15.0759
    7.5000   22.5000   22.500014068.9834   15.0801
   -7.5000   30.0000   22.500013860.2900   14.8820
    0.0000   30.0000   22.500014330.7891   14.9007
    7.5000   30.0000   22.500013643.1670   14.9058
   -7.5000   37.5000   22.500013681.0752   14.8962
    0.0000   37.5000   22.500014173.7646   14.9151
    7.5000   37.5000   22.500013477.7686   14.9205
   -7.5000   45.0000   22.500012801.7607   14.5568
    0.0000   45.0000   22.500013249.4355   14.5756
    7.5000   45.0000   22.500012569.6523   14.5810
   -7.5000  -45.0000   30.0000 7120.3438   16.2903
    0.0000  -45.0000   30.0000 7441.0503   16.3106
    7.5000  -45.0000   30.0000 7098.2651   16.3199
   -7.5000  -37.5000   30.0000 7924.4683   15.8165
    0.0000  -37.5000   30.0000 8303.7295   15.8360
    7.5000  -37.5000   30.0000 7895.7681   15.8439
   -7.5000  -30.0000   30.0000 9103.0361   15.5110
    0.0000  -30.0000   30.0000 9538.9404   15.5301
    7.5000  -30.0000   30.0000 9060.0889   15.5366
   -7.5000  -22.5000   30.000010295.4033   15.3014
    0.0000  -22.5000   30.000010752.5645   15.3182
    7.5000  -22.5000   30.000010225.1816   15.3250
   -7.5000  -15.0000   30.000011462.8525   15.2278
    0.0000  -15.0000   30.000011960.9609   15.2444
    7.5000  -15.0000   30.000011401.7197   15.2523
   -7.5000   -7.5000   30.000012621.4756   15.1810
    0.0000   -7.5000   30.000013143.7588   15.1988
    7.5000   -7.5000   30.000012541.1016   15.2073
   -7.5000    0.0000   30.000013703.6953   15.1666
    0.0000    0.0000   30.000014224.4648   15.1861
    7.5000    0.0000   30.000013582.3701   15.1946
   -7.5000    7.5000   30.000013686.9111   15.1573
    0.0000    7.5000   30.000014172.2363   15.1771
    7.5000    7.5000   30.000013528.7910   15.1842
   -7.5000   15.0000   30.000013530.5508   15.1465
    0.0000   15.0000   30.000013962.9053   15.1645
    7.5000   15.0000   30.000013337.0342   15.1707
   -7.5000   22.5000   30.000013286.7881   15.1390
    0.0000   22.5000   30.000013724.7246   15.1558
    7.5000   22.5000   30.000013103.2139   15.1626
   -7.5000   30.0000   30.000012905.8906   14.9629
    0.0000   30.0000   30.000013336.3525   14.9794
    7.5000   30.0000   30.000012722.8496   14.9872
   -7.5000   37.5000   30.000012785.5361   14.9683
    0.0000   37.5000   30.000013219.9014   14.9859
    7.5000   37.5000   30.000012588.0225   14.9943
   -7.5000   45.0000   30.000011972.5674   14.6189
    0.0000   45.0000   30.000012364.2139   14.6377
    7.5000   45.0000   30.000011763.3457   14.6458
   -7.5000  -45.0000   37.5000 6817.8530   16.4688
    0.0000  -45.0000   37.5000 7133.3086   16.4897
    7.5000  -45.0000   37.5000 6811.5596   16.4981
   -7.5000  -37.5000   37.5000 7576.7090   15.9869
    0.0000  -37.5000   37.5000 7951.0908   16.0078
    7.5000  -37.5000   37.5000 7570.7007   16.0151
   -7.5000  -30.0000   37.5000 8697.8691   15.6835
    0.0000  -30.0000   37.5000 9141.2227   15.7037
    7.5000  -30.0000   37.5000 8685.6904   15.7087
   -7.5000  -22.5000   37.5000 9847.9697   15.4728
    0.0000  -22.5000   37.500010333.2949   15.4889
    7.5000  -22.5000   37.5000 9807.2217   15.4932
   -7.5000  -15.0000   37.500010988.9385   15.3957
    0.0000  -15.0000   37.500011525.4033   15.4106
    7.5000  -15.0000   37.500010931.4648   15.4158
   -7.5000   -7.5000   37.500012098.2744   15.3413
    0.0000   -7.5000   37.500012634.3418   15.3578
    7.5000   -7.5000   37.500012007.4023   15.3652
   -7.5000    0.0000   37.500013123.8320   15.3231
    0.0000    0.0000   37.500013666.6338   15.3427
    7.5000    0.0000   37.500013003.6406   15.3511
   -7.5000    7.5000   37.500013104.5352   15.3180
    0.0000    7.5000   37.500013627.1670   15.3391
    7.5000    7.5000   37.500012960.0312   15.3460
   -7.5000   15.0000   37.500012956.7617   15.3134
    0.0000   15.0000   37.500013415.4648   15.3326
    7.5000   15.0000   37.500012788.1475   15.3374
   -7.5000   22.5000   37.500012709.6240   15.3080
    0.0000   22.5000   37.500013148.0479   15.3241
    7.5000   22.5000   37.500012532.8965   15.3284
   -7.5000   30.0000   37.500012362.6504   15.1273
    0.0000   30.0000   37.500012768.0107   15.1420
    7.5000   30.0000   37.500012180.8330   15.1472
   -7.5000   37.5000   37.500012263.6572   15.1262
    0.0000   37.5000   37.500012673.3936   15.1426
    7.5000   37.5000   37.500012083.6953   15.1499
   -7.5000   45.0000   37.500011506.4453   14.7697
    0.0000   45.0000   37.500011902.4619   14.7886
    7.5000   45.0000   37.500011312.6318   14.7967
   -7.5000  -45.0000   45.0000 6228.4922   16.6885
    0.0000  -45.0000   45.0000 6514.5547   16.7116
    7.5000  -45.0000   45.0000 6225.4878   16.7210
   -7.5000  -37.5000   45.0000 6934.1821   16.1962
    0.0000  -37.5000   45.0000 7271.6006   16.2195
    7.5000  -37.5000   45.0000 6924.4966   16.2277
   -7.5000  -30.0000   45.0000 7949.2085   15.8846
    0.0000  -30.0000   45.0000 8345.4854   15.9069
    7.5000  -30.0000   45.0000 7928.4312   15.9115
   -7.5000  -22.5000   45.0000 8987.1943   15.6654
    0.0000  -22.5000   45.0000 9433.6875   15.6832
    7.5000  -22.5000   45.0000 8953.1182   15.6865
   -7.5000  -15.0000   45.000010037.8066   15.5840
    0.0000  -15.0000   45.000010545.4268   15.6004
    7.5000  -15.0000   45.0000 9991.1768   15.6050
   -7.5000   -7.5000   45.000011061.3652   15.5286
    0.0000   -7.5000   45.000011585.1738   15.5463
    7.5000   -7.5000   45.000010963.0566   15.5540
   -7.5000    0.0000   45.000011983.1133   15.5127
    0.0000    0.0000   45.000012519.4531   15.5339
    7.5000    0.0000   45.000011865.7305   15.5435
   -7.5000    7.5000   45.000011963.2344   15.5105
    0.0000    7.5000   45.000012470.0771   15.5339
    7.5000    7.5000   45.000011830.8262   15.5418
   -7.5000   15.0000   45.000011825.6064   15.5061
    0.0000   15.0000   45.000012262.8965   15.5274
    7.5000   15.0000   45.000011675.1025   15.5320
   -7.5000   22.5000   45.000011601.5996   15.4970
    0.0000   22.5000   45.000012024.2773   15.5147
    7.5000   22.5000   45.000011458.8584   15.5182
   -7.5000   30.0000   45.000011288.7617   15.3098
    0.0000   30.0000   45.000011690.1719   15.3260
    7.5000   30.0000   45.000011144.2275   15.3307
   -7.5000   37.5000   45.000011210.3477   15.3094
    0.0000   37.5000   45.000011605.0010   15.3270
    7.5000   37.5000   45.000011067.0332   15.3345
   -7.5000   45.0000   45.000010532.3906   14.9592
    0.0000   45.0000   45.000010919.7168   14.9796
    7.5000   45.0000   45.000010391.5283   14.9890

---------------------------------------------------------------------
imgreg_4dfp /opt/freesurfer/average/711-2C_as_mni_average_305 /opt/freesurfer/average/711-2B_as_mni_average_305_mask talsrcimg_g11 none talsrcimg_to_711-2C_as_mni_average_305_t4 4355
---------------------------------------------------------------------

freesurfer imgreg_4dfp.c
/opt/freesurfer/average/711-2C_as_mni_average_305.4dfp.img
       256       256       256         1
  1.000000  1.000000  1.000000
orientation T byte_order littleendian
Reading image: /opt/freesurfer/average/711-2C_as_mni_average_305.4dfp.img
dimensions:      256       256       256
mmppix:       1.0000   -1.0000   -1.0000
center:     128.0000 -129.0000 -129.0000
/opt/freesurfer/average/711-2B_as_mni_average_305_mask.4dfp.img
       256       256       256         1
  1.000000  1.000000  1.000000
orientation T byte_order littleendian
Reading mask: /opt/freesurfer/average/711-2B_as_mni_average_305_mask.4dfp.img (2306576 pixels)
talsrcimg_g11.4dfp.img
       256       256       256         1
  1.000000  1.000000  1.000000
orientation T byte_order littleendian
Reading image: talsrcimg_g11.4dfp.img
dimensions:      256       256       256
mmppix:       1.0000   -1.0000   -1.0000
center:     128.0000 -129.0000 -129.0000
rotation matrix determinant  1.000000
image alignment mode   4355 decimal     1103 hex
   -7.5000  -45.0000  -45.0000 1837.7947   23.0321
    0.0000  -45.0000  -45.0000 1843.4879   23.1784
    7.5000  -45.0000  -45.0000 1818.5543   23.6398
   -7.5000  -37.5000  -45.0000 1956.0206   20.1443
    0.0000  -37.5000  -45.0000 1957.8889   20.2626
    7.5000  -37.5000  -45.0000 1936.2762   20.6276
   -7.5000  -30.0000  -45.0000 2063.3027   17.9139
    0.0000  -30.0000  -45.0000 2065.8291   17.9902
    7.5000  -30.0000  -45.0000 2040.1854   18.2630
   -7.5000  -22.5000  -45.0000 2164.8398   16.1379
    0.0000  -22.5000  -45.0000 2166.6902   16.1915
    7.5000  -22.5000  -45.0000 2139.7610   16.4264
   -7.5000  -15.0000  -45.0000 2258.3826   14.8063
    0.0000  -15.0000  -45.0000 2255.7732   14.8545
    7.5000  -15.0000  -45.0000 2228.7871   15.0599
   -7.5000   -7.5000  -45.0000 2326.0439   13.8208
    0.0000   -7.5000  -45.0000 2324.6848   13.8706
    7.5000   -7.5000  -45.0000 2301.6396   14.0747
   -7.5000    0.0000  -45.0000 2358.3633   13.1735
    0.0000    0.0000  -45.0000 2358.0510   13.1955
    7.5000    0.0000  -45.0000 2337.3704   13.4109
   -7.5000    7.5000  -45.0000 2377.1167   12.7617
    0.0000    7.5000  -45.0000 2380.3428   12.7709
    7.5000    7.5000  -45.0000 2351.5037   12.9736
   -7.5000   15.0000  -45.0000 2380.4258   12.6071
    0.0000   15.0000  -45.0000 2381.8420   12.5889
    7.5000   15.0000  -45.0000 2357.6528   12.7853
   -7.5000   22.5000  -45.0000 2379.0508   12.5659
    0.0000   22.5000  -45.0000 2379.9604   12.5397
    7.5000   22.5000  -45.0000 2354.8062   12.7632
   -7.5000   30.0000  -45.0000 2364.6499   12.7906
    0.0000   30.0000  -45.0000 2362.8521   12.7484
    7.5000   30.0000  -45.0000 2335.3667   13.0045
   -7.5000   37.5000  -45.0000 2338.1045   13.2762
    0.0000   37.5000  -45.0000 2338.2466   13.2200
    7.5000   37.5000  -45.0000 2310.6931   13.4579
   -7.5000   45.0000  -45.0000 2292.5054   13.9665
    0.0000   45.0000  -45.0000 2295.7134   13.9040
    7.5000   45.0000  -45.0000 2266.0093   14.1920
   -7.5000  -45.0000  -37.5000 1891.5198   21.5312
    0.0000  -45.0000  -37.5000 1895.5684   21.6586
    7.5000  -45.0000  -37.5000 1877.7395   22.0420
   -7.5000  -37.5000  -37.5000 2018.9490   18.8098
    0.0000  -37.5000  -37.5000 2017.1371   18.9146
    7.5000  -37.5000  -37.5000 2000.9005   19.2570
   -7.5000  -30.0000  -37.5000 2133.3611   16.7183
    0.0000  -30.0000  -37.5000 2137.1284   16.8248
    7.5000  -30.0000  -37.5000 2107.9617   17.0486
   -7.5000  -22.5000  -37.5000 2243.5684   15.0633
    0.0000  -22.5000  -37.5000 2249.8320   15.1331
    7.5000  -22.5000  -37.5000 2218.9600   15.3487
   -7.5000  -15.0000  -37.5000 2342.2559   13.7679
    0.0000  -15.0000  -37.5000 2344.1182   13.8368
    7.5000  -15.0000  -37.5000 2317.2693   14.0362
   -7.5000   -7.5000  -37.5000 2414.0894   12.8102
    0.0000   -7.5000  -37.5000 2416.8269   12.8664
    7.5000   -7.5000  -37.5000 2391.7498   13.0624
   -7.5000    0.0000  -37.5000 2452.5156   12.1972
    0.0000    0.0000  -37.5000 2453.1790   12.2233
    7.5000    0.0000  -37.5000 2428.2297   12.4070
   -7.5000    7.5000  -37.5000 2481.1064   11.7933
    0.0000    7.5000  -37.5000 2483.1414   11.8113
    7.5000    7.5000  -37.5000 2452.3389   12.0030
   -7.5000   15.0000  -37.5000 2486.3877   11.6487
    0.0000   15.0000  -37.5000 2485.2061   11.6157
    7.5000   15.0000  -37.5000 2458.1384   11.8140
   -7.5000   22.5000  -37.5000 2484.8232   11.6201
    0.0000   22.5000  -37.5000 2481.3447   11.5798
    7.5000   22.5000  -37.5000 2456.5559   11.7960
   -7.5000   30.0000  -37.5000 2472.4229   11.8023
    0.0000   30.0000  -37.5000 2472.2363   11.7479
    7.5000   30.0000  -37.5000 2442.1523   11.9770
   -7.5000   37.5000  -37.5000 2445.6316   12.2130
    0.0000   37.5000  -37.5000 2446.8513   12.1609
    7.5000   37.5000  -37.5000 2414.8381   12.3781
   -7.5000   45.0000  -37.5000 2394.2231   12.8731
    0.0000   45.0000  -37.5000 2397.7083   12.8265
    7.5000   45.0000  -37.5000 2365.0857   13.0397
   -7.5000  -45.0000  -30.0000 1974.9281   21.0003
    0.0000  -45.0000  -30.0000 1976.7017   21.1354
    7.5000  -45.0000  -30.0000 1960.1187   21.4771
   -7.5000  -37.5000  -30.0000 2109.6245   18.3359
    0.0000  -37.5000  -30.0000 2107.4441   18.4089
    7.5000  -37.5000  -30.0000 2092.2202   18.7253
   -7.5000  -30.0000  -30.0000 2238.9502   16.2559
    0.0000  -30.0000  -30.0000 2240.5857   16.3353
    7.5000  -30.0000  -30.0000 2216.2844   16.5690
   -7.5000  -22.5000  -30.0000 2359.4568   14.5986
    0.0000  -22.5000  -30.0000 2365.0642   14.6796
    7.5000  -22.5000  -30.0000 2335.7271   14.8978
   -7.5000  -15.0000  -30.0000 2460.5554   13.2874
    0.0000  -15.0000  -30.0000 2463.6528   13.3453
    7.5000  -15.0000  -30.0000 2437.7048   13.5620
   -7.5000   -7.5000  -30.0000 2538.5503   12.3372
    0.0000   -7.5000  -30.0000 2538.2527   12.3836
    7.5000   -7.5000  -30.0000 2516.4817   12.5853
   -7.5000    0.0000  -30.0000 2586.6584   11.7210
    0.0000    0.0000  -30.0000 2585.5823   11.7168
    7.5000    0.0000  -30.0000 2560.8098   11.9146
   -7.5000    7.5000  -30.0000 2627.5959   11.3087
    0.0000    7.5000  -30.0000 2624.8174   11.2899
    7.5000    7.5000  -30.0000 2593.9412   11.4924
   -7.5000   15.0000  -30.0000 2645.2957   11.1196
    0.0000   15.0000  -30.0000 2639.0159   11.0998
    7.5000   15.0000  -30.0000 2609.6277   11.2986
   -7.5000   22.5000  -30.0000 2644.8745   11.1089
    0.0000   22.5000  -30.0000 2637.0503   11.0762
    7.5000   22.5000  -30.0000 2607.8472   11.2729
   -7.5000   30.0000  -30.0000 2632.2034   11.3035
    0.0000   30.0000  -30.0000 2630.4980   11.2542
    7.5000   30.0000  -30.0000 2594.8567   11.4579
   -7.5000   37.5000  -30.0000 2599.6548   11.6996
    0.0000   37.5000  -30.0000 2603.1758   11.6416
    7.5000   37.5000  -30.0000 2563.7092   11.8660
   -7.5000   45.0000  -30.0000 2546.0696   12.3125
    0.0000   45.0000  -30.0000 2549.6995   12.2615
    7.5000   45.0000  -30.0000 2509.9221   12.4920
   -7.5000  -45.0000  -22.5000 2031.4977   20.4082
    0.0000  -45.0000  -22.5000 2028.1091   20.4842
    7.5000  -45.0000  -22.5000 2015.0189   20.8400
   -7.5000  -37.5000  -22.5000 2172.8372   17.8033
    0.0000  -37.5000  -22.5000 2174.3250   17.8451
    7.5000  -37.5000  -22.5000 2151.5469   18.1494
   -7.5000  -30.0000  -22.5000 2309.6536   15.7566
    0.0000  -30.0000  -22.5000 2314.9912   15.7634
    7.5000  -30.0000  -22.5000 2288.3914   16.0495
   -7.5000  -22.5000  -22.5000 2436.9827   14.1221
    0.0000  -22.5000  -22.5000 2444.0649   14.1491
    7.5000  -22.5000  -22.5000 2416.5430   14.3844
   -7.5000  -15.0000  -22.5000 2542.0845   12.7962
    0.0000  -15.0000  -22.5000 2548.6052   12.8445
    7.5000  -15.0000  -22.5000 2522.5005   13.0687
   -7.5000   -7.5000  -22.5000 2630.6555   11.8411
    0.0000   -7.5000  -22.5000 2630.6726   11.8742
    7.5000   -7.5000  -22.5000 2607.5564   12.0768
   -7.5000    0.0000  -22.5000 2689.4104   11.1643
    0.0000    0.0000  -22.5000 2691.3181   11.1632
    7.5000    0.0000  -22.5000 2660.0603   11.3739
   -7.5000    7.5000  -22.5000 2736.5464   10.7422
    0.0000    7.5000  -22.5000 2734.9814   10.7162
    7.5000    7.5000  -22.5000 2704.1672   10.9297
   -7.5000   15.0000  -22.5000 2763.8191   10.5258
    0.0000   15.0000  -22.5000 2759.8979   10.5082
    7.5000   15.0000  -22.5000 2728.3677   10.7105
   -7.5000   22.5000  -22.5000 2772.1316   10.5054
    0.0000   22.5000  -22.5000 2767.2546   10.4804
    7.5000   22.5000  -22.5000 2728.4290   10.6700
   -7.5000   30.0000  -22.5000 2761.2402   10.7268
    0.0000   30.0000  -22.5000 2763.9285   10.6698
    7.5000   30.0000  -22.5000 2720.6941   10.8783
   -7.5000   37.5000  -22.5000 2725.8779   11.1149
    0.0000   37.5000  -22.5000 2732.6655   11.0439
    7.5000   37.5000  -22.5000 2690.1228   11.2625
   -7.5000   45.0000  -22.5000 2663.8865   11.7036
    0.0000   45.0000  -22.5000 2668.7371   11.6457
    7.5000   45.0000  -22.5000 2632.2886   11.8619
   -7.5000  -45.0000  -15.0000 2062.9675   19.8981
    0.0000  -45.0000  -15.0000 2062.7751   19.8925
    7.5000  -45.0000  -15.0000 2046.6252   20.3227
   -7.5000  -37.5000  -15.0000 2208.0391   17.3263
    0.0000  -37.5000  -15.0000 2210.4280   17.3097
    7.5000  -37.5000  -15.0000 2185.4265   17.6537
   -7.5000  -30.0000  -15.0000 2346.7134   15.3190
    0.0000  -30.0000  -15.0000 2358.3245   15.2769
    7.5000  -30.0000  -15.0000 2326.4133   15.5866
   -7.5000  -22.5000  -15.0000 2479.1758   13.6805
    0.0000  -22.5000  -15.0000 2491.8625   13.6772
    7.5000  -22.5000  -15.0000 2461.3430   13.9410
   -7.5000  -15.0000  -15.0000 2589.6523   12.3835
    0.0000  -15.0000  -15.0000 2599.8782   12.3910
    7.5000  -15.0000  -15.0000 2572.0396   12.6348
   -7.5000   -7.5000  -15.0000 2687.2886   11.3963
    0.0000   -7.5000  -15.0000 2693.1274   11.4111
    7.5000   -7.5000  -15.0000 2665.2795   11.6139
   -7.5000    0.0000  -15.0000 2759.6716   10.6744
    0.0000    0.0000  -15.0000 2764.4099   10.6765
    7.5000    0.0000  -15.0000 2731.3081   10.8754
   -7.5000    7.5000  -15.0000 2813.4680   10.2200
    0.0000    7.5000  -15.0000 2811.2732   10.2052
    7.5000    7.5000  -15.0000 2780.0845   10.4069
   -7.5000   15.0000  -15.0000 2852.3218    9.9813
    0.0000   15.0000  -15.0000 2846.8818    9.9480
    7.5000   15.0000  -15.0000 2808.3489   10.1608
   -7.5000   22.5000  -15.0000 2870.5527    9.9331
    0.0000   22.5000  -15.0000 2870.2524    9.9076
    7.5000   22.5000  -15.0000 2820.8137   10.1158
   -7.5000   30.0000  -15.0000 2862.3074   10.1619
    0.0000   30.0000  -15.0000 2869.6621   10.0955
    7.5000   30.0000  -15.0000 2815.8889   10.3109
   -7.5000   37.5000  -15.0000 2821.5276   10.5472
    0.0000   37.5000  -15.0000 2833.6765   10.4723
    7.5000   37.5000  -15.0000 2785.2341   10.6965
   -7.5000   45.0000  -15.0000 2752.3240   11.1196
    0.0000   45.0000  -15.0000 2758.9822   11.0444
    7.5000   45.0000  -15.0000 2718.7390   11.2668
   -7.5000  -45.0000   -7.5000 2083.8213   19.5241
    0.0000  -45.0000   -7.5000 2083.1748   19.4407
    7.5000  -45.0000   -7.5000 2065.5557   19.8394
   -7.5000  -37.5000   -7.5000 2227.9028   16.9848
    0.0000  -37.5000   -7.5000 2233.4456   16.9195
    7.5000  -37.5000   -7.5000 2206.0840   17.2367
   -7.5000  -30.0000   -7.5000 2367.5862   14.9830
    0.0000  -30.0000   -7.5000 2374.1077   14.8874
    7.5000  -30.0000   -7.5000 2345.3411   15.2045
   -7.5000  -22.5000   -7.5000 2500.0437   13.3432
    0.0000  -22.5000   -7.5000 2507.2417   13.2740
    7.5000  -22.5000   -7.5000 2479.1235   13.5797
   -7.5000  -15.0000   -7.5000 2614.8423   12.0362
    0.0000  -15.0000   -7.5000 2621.7607   11.9775
    7.5000  -15.0000   -7.5000 2593.7805   12.2527
   -7.5000   -7.5000   -7.5000 2717.6304   11.0190
    0.0000   -7.5000   -7.5000 2726.2869   10.9721
    7.5000   -7.5000   -7.5000 2690.5237   11.2071
   -7.5000    0.0000   -7.5000 2801.8093   10.2703
    0.0000    0.0000   -7.5000 2811.0828   10.2358
    7.5000    0.0000   -7.5000 2772.6895   10.4565
   -7.5000    7.5000   -7.5000 2867.9893    9.7824
    0.0000    7.5000   -7.5000 2869.3877    9.7444
    7.5000    7.5000   -7.5000 2834.5181    9.9471
   -7.5000   15.0000   -7.5000 2923.4275    9.5100
    0.0000   15.0000   -7.5000 2926.0908    9.4672
    7.5000   15.0000   -7.5000 2879.7188    9.6689
   -7.5000   22.5000   -7.5000 2952.5886    9.4677
    0.0000   22.5000   -7.5000 2961.4053    9.4441
    7.5000   22.5000   -7.5000 2900.7625    9.6452
   -7.5000   30.0000   -7.5000 2942.4226    9.6732
    0.0000   30.0000   -7.5000 2962.2119    9.6211
    7.5000   30.0000   -7.5000 2892.5403    9.8318
   -7.5000   37.5000   -7.5000 2889.0459   10.0607
    0.0000   37.5000   -7.5000 2910.5505    9.9941
    7.5000   37.5000   -7.5000 2852.4558   10.2197
   -7.5000   45.0000   -7.5000 2816.5103   10.6105
    0.0000   45.0000   -7.5000 2826.9438   10.5496
    7.5000   45.0000   -7.5000 2781.0300   10.7674
   -7.5000  -45.0000    0.0000 2090.3298   19.4708
    0.0000  -45.0000    0.0000 2093.6262   19.3310
    7.5000  -45.0000    0.0000 2069.0664   19.7323
   -7.5000  -37.5000    0.0000 2234.1443   16.9215
    0.0000  -37.5000    0.0000 2240.8047   16.7839
    7.5000  -37.5000    0.0000 2216.7214   17.1226
   -7.5000  -30.0000    0.0000 2370.5000   14.8847
    0.0000  -30.0000    0.0000 2377.8298   14.7385
    7.5000  -30.0000    0.0000 2353.2451   15.0487
   -7.5000  -22.5000    0.0000 2495.9502   13.1946
    0.0000  -22.5000    0.0000 2504.9072   13.0711
    7.5000  -22.5000    0.0000 2478.8662   13.3843
   -7.5000  -15.0000    0.0000 2614.9954   11.8609
    0.0000  -15.0000    0.0000 2619.6003   11.7336
    7.5000  -15.0000    0.0000 2589.9272   12.0431
   -7.5000   -7.5000    0.0000 2722.8779   10.8158
    0.0000   -7.5000    0.0000 2728.9084   10.7119
    7.5000   -7.5000    0.0000 2696.0366   10.9855
   -7.5000    0.0000    0.0000 2816.1870   10.0468
    0.0000    0.0000    0.0000 2824.3403    9.9596
    7.5000    0.0000    0.0000 2790.4866   10.2152
   -7.5000    7.5000    0.0000 2899.6130    9.5054
    0.0000    7.5000    0.0000 2908.3970    9.4440
    7.5000    7.5000    0.0000 2867.2439    9.6854
   -7.5000   15.0000    0.0000 2971.8704    9.2095
    0.0000   15.0000    0.0000 2986.8857    9.1547
    7.5000   15.0000    0.0000 2934.6667    9.3760
   -7.5000   22.5000    0.0000 3010.6760    9.1852
    0.0000   22.5000    0.0000 3040.1953    9.1361
    7.5000   22.5000    0.0000 2962.2761    9.3539
   -7.5000   30.0000    0.0000 2995.7893    9.3724
    0.0000   30.0000    0.0000 3027.4883    9.3534
    7.5000   30.0000    0.0000 2946.6580    9.5676
   -7.5000   37.5000    0.0000 2933.4617    9.7487
    0.0000   37.5000    0.0000 2952.4065    9.7219
    7.5000   37.5000    0.0000 2895.9106    9.9384
   -7.5000   45.0000    0.0000 2850.4792   10.3166
    0.0000   45.0000    0.0000 2861.8826   10.2671
    7.5000   45.0000    0.0000 2818.3704   10.4973
   -7.5000  -45.0000    7.5000 2080.2644   19.6593
    0.0000  -45.0000    7.5000 2087.6455   19.4193
    7.5000  -45.0000    7.5000 2065.4646   19.7998
   -7.5000  -37.5000    7.5000 2231.0889   17.1127
    0.0000  -37.5000    7.5000 2239.1921   16.9078
    7.5000  -37.5000    7.5000 2218.9204   17.2377
   -7.5000  -30.0000    7.5000 2360.9263   15.0223
    0.0000  -30.0000    7.5000 2371.1558   14.8487
    7.5000  -30.0000    7.5000 2347.3132   15.1286
   -7.5000  -22.5000    7.5000 2477.3066   13.2694
    0.0000  -22.5000    7.5000 2489.6223   13.1010
    7.5000  -22.5000    7.5000 2463.5920   13.4060
   -7.5000  -15.0000    7.5000 2593.9688   11.8880
    0.0000  -15.0000    7.5000 2603.0486   11.7263
    7.5000  -15.0000    7.5000 2573.4126   12.0270
   -7.5000   -7.5000    7.5000 2705.3582   10.7932
    0.0000   -7.5000    7.5000 2713.1892   10.6667
    7.5000   -7.5000    7.5000 2683.2510   10.9573
   -7.5000    0.0000    7.5000 2809.5957    9.9884
    0.0000    0.0000    7.5000 2816.5674    9.8798
    7.5000    0.0000    7.5000 2787.3845   10.1624
   -7.5000    7.5000    7.5000 2904.4055    9.4308
    0.0000    7.5000    7.5000 2916.5005    9.3347
    7.5000    7.5000    7.5000 2878.4792    9.5918
   -7.5000   15.0000    7.5000 2987.2363    9.1274
    0.0000   15.0000    7.5000 3010.9238    9.0421
    7.5000   15.0000    7.5000 2955.4312    9.2830
   -7.5000   22.5000    7.5000 3028.6912    9.1056
    0.0000   22.5000    7.5000 3068.0439    9.0412
    7.5000   22.5000    7.5000 2992.3574    9.2456
   -7.5000   30.0000    7.5000 3009.4280    9.2673
    0.0000   30.0000    7.5000 3049.1118    9.2088
    7.5000   30.0000    7.5000 2973.0063    9.4266
   -7.5000   37.5000    7.5000 2947.4900    9.6369
    0.0000   37.5000    7.5000 2967.8320    9.5977
    7.5000   37.5000    7.5000 2914.1458    9.8255
   -7.5000   45.0000    7.5000 2856.4500   10.2089
    0.0000   45.0000    7.5000 2869.7544   10.1753
    7.5000   45.0000    7.5000 2831.3645   10.4059
   -7.5000  -45.0000   15.0000 2052.9192   20.0509
    0.0000  -45.0000   15.0000 2065.7803   19.8591
    7.5000  -45.0000   15.0000 2042.7921   20.1830
   -7.5000  -37.5000   15.0000 2207.8376   17.4751
    0.0000  -37.5000   15.0000 2224.0991   17.2746
    7.5000  -37.5000   15.0000 2196.3494   17.5657
   -7.5000  -30.0000   15.0000 2338.1360   15.3113
    0.0000  -30.0000   15.0000 2355.7363   15.1252
    7.5000  -30.0000   15.0000 2326.1987   15.3847
   -7.5000  -22.5000   15.0000 2453.4526   13.5052
    0.0000  -22.5000   15.0000 2469.3293   13.2819
    7.5000  -22.5000   15.0000 2441.3486   13.5848
   -7.5000  -15.0000   15.0000 2565.5310   12.0684
    0.0000  -15.0000   15.0000 2575.0923   11.8761
    7.5000  -15.0000   15.0000 2549.6655   12.1858
   -7.5000   -7.5000   15.0000 2670.0583   10.9854
    0.0000   -7.5000   15.0000 2681.6326   10.8019
    7.5000   -7.5000   15.0000 2655.4614   11.0982
   -7.5000    0.0000   15.0000 2774.8508   10.1689
    0.0000    0.0000   15.0000 2781.7502   10.0070
    7.5000    0.0000   15.0000 2759.1719   10.2712
   -7.5000    7.5000   15.0000 2874.9939    9.5869
    0.0000    7.5000   15.0000 2885.3420    9.4425
    7.5000    7.5000   15.0000 2856.9812    9.7049
   -7.5000   15.0000   15.0000 2959.2251    9.2718
    0.0000   15.0000   15.0000 2985.5964    9.1696
    7.5000   15.0000   15.0000 2944.2161    9.3965
   -7.5000   22.5000   15.0000 2996.3977    9.2136
    0.0000   22.5000   15.0000 3035.6528    9.1458
    7.5000   22.5000   15.0000 2981.1497    9.3459
   -7.5000   30.0000   15.0000 2979.7859    9.3876
    0.0000   30.0000   15.0000 3017.6033    9.3335
    7.5000   30.0000   15.0000 2962.3938    9.5287
   -7.5000   37.5000   15.0000 2922.6892    9.7924
    0.0000   37.5000   15.0000 2948.6638    9.7323
    7.5000   37.5000   15.0000 2909.8569    9.9362
   -7.5000   45.0000   15.0000 2832.8049   10.3530
    0.0000   45.0000   15.0000 2849.3406   10.3013
    7.5000   45.0000   15.0000 2819.5791   10.5078
   -7.5000  -45.0000   22.5000 2012.0076   20.6570
    0.0000  -45.0000   22.5000 2025.3138   20.4480
    7.5000  -45.0000   22.5000 2003.6016   20.7695
   -7.5000  -37.5000   22.5000 2170.8647   17.9558
    0.0000  -37.5000   22.5000 2188.0076   17.7130
    7.5000  -37.5000   22.5000 2160.5796   18.0316
   -7.5000  -30.0000   22.5000 2303.1589   15.7449
    0.0000  -30.0000   22.5000 2321.5808   15.5179
    7.5000  -30.0000   22.5000 2293.8660   15.7813
   -7.5000  -22.5000   22.5000 2423.6577   13.9051
    0.0000  -22.5000   22.5000 2439.5444   13.6855
    7.5000  -22.5000   22.5000 2412.1467   13.9645
   -7.5000  -15.0000   22.5000 2530.1335   12.4695
    0.0000  -15.0000   22.5000 2543.0039   12.2540
    7.5000  -15.0000   22.5000 2520.1062   12.5356
   -7.5000   -7.5000   22.5000 2636.9705   11.3884
    0.0000   -7.5000   22.5000 2647.9258   11.1844
    7.5000   -7.5000   22.5000 2624.7405   11.4199
   -7.5000    0.0000   22.5000 2735.0127   10.5504
    0.0000    0.0000   22.5000 2744.2893   10.3677
    7.5000    0.0000   22.5000 2725.0542   10.6124
   -7.5000    7.5000   22.5000 2827.2612    9.9568
    0.0000    7.5000   22.5000 2839.2568    9.7792
    7.5000    7.5000   22.5000 2818.9861   10.0417
   -7.5000   15.0000   22.5000 2902.5593    9.6248
    0.0000   15.0000   22.5000 2927.3394    9.4913
    7.5000   15.0000   22.5000 2897.0073    9.7210
   -7.5000   22.5000   22.5000 2940.3738    9.5484
    0.0000   22.5000   22.5000 2970.4995    9.4386
    7.5000   22.5000   22.5000 2933.6838    9.6421
   -7.5000   30.0000   22.5000 2925.3127    9.7482
    0.0000   30.0000   22.5000 2953.7473    9.6641
    7.5000   30.0000   22.5000 2917.7510    9.8491
   -7.5000   37.5000   22.5000 2874.9834   10.1268
    0.0000   37.5000   22.5000 2901.7161   10.0686
    7.5000   37.5000   22.5000 2870.5491   10.2436
   -7.5000   45.0000   22.5000 2791.2146   10.6713
    0.0000   45.0000   22.5000 2810.2986   10.5983
    7.5000   45.0000   22.5000 2784.3950   10.7961
   -7.5000  -45.0000   30.0000 1962.7507   21.5016
    0.0000  -45.0000   30.0000 1973.8899   21.2704
    7.5000  -45.0000   30.0000 1957.7750   21.5618
   -7.5000  -37.5000   30.0000 2119.8611   18.6708
    0.0000  -37.5000   30.0000 2135.9741   18.4324
    7.5000  -37.5000   30.0000 2114.2458   18.7043
   -7.5000  -30.0000   30.0000 2254.0266   16.3269
    0.0000  -30.0000   30.0000 2275.0225   16.1274
    7.5000  -30.0000   30.0000 2249.4148   16.3772
   -7.5000  -22.5000   30.0000 2376.8098   14.5033
    0.0000  -22.5000   30.0000 2395.4890   14.2673
    7.5000  -22.5000   30.0000 2368.9216   14.5384
   -7.5000  -15.0000   30.0000 2481.1965   13.0483
    0.0000  -15.0000   30.0000 2499.9661   12.8291
    7.5000  -15.0000   30.0000 2477.6489   13.0938
   -7.5000   -7.5000   30.0000 2588.9092   11.9500
    0.0000   -7.5000   30.0000 2606.5217   11.7423
    7.5000   -7.5000   30.0000 2584.9290   11.9828
   -7.5000    0.0000   30.0000 2686.1582   11.1049
    0.0000    0.0000   30.0000 2702.6355   10.9003
    7.5000    0.0000   30.0000 2683.9514   11.1368
   -7.5000    7.5000   30.0000 2769.7483   10.4969
    0.0000    7.5000   30.0000 2788.3152   10.2998
    7.5000    7.5000   30.0000 2769.3447   10.5572
   -7.5000   15.0000   30.0000 2827.9167   10.1669
    0.0000   15.0000   30.0000 2853.4690    9.9868
    7.5000   15.0000   30.0000 2827.8115   10.2177
   -7.5000   22.5000   30.0000 2863.4404   10.0502
    0.0000   22.5000   30.0000 2886.8652    9.9182
    7.5000   22.5000   30.0000 2862.6550   10.1085
   -7.5000   30.0000   30.0000 2848.0974   10.2498
    0.0000   30.0000   30.0000 2872.5037   10.1427
    7.5000   30.0000   30.0000 2847.5415   10.3263
   -7.5000   37.5000   30.0000 2799.4346   10.6511
    0.0000   37.5000   30.0000 2823.4834   10.5426
    7.5000   37.5000   30.0000 2797.4768   10.7113
   -7.5000   45.0000   30.0000 2723.3879   11.1851
    0.0000   45.0000   30.0000 2740.6028   11.0835
    7.5000   45.0000   30.0000 2718.9568   11.2651
   -7.5000  -45.0000   37.5000 1906.5505   22.7293
    0.0000  -45.0000   37.5000 1914.6000   22.4751
    7.5000  -45.0000   37.5000 1903.5236   22.7744
   -7.5000  -37.5000   37.5000 2060.3328   19.6627
    0.0000  -37.5000   37.5000 2076.2207   19.4737
    7.5000  -37.5000   37.5000 2058.4907   19.7004
   -7.5000  -30.0000   37.5000 2193.2966   17.2082
    0.0000  -30.0000   37.5000 2215.8855   17.0467
    7.5000  -30.0000   37.5000 2194.9309   17.2367
   -7.5000  -22.5000   37.5000 2312.0398   15.3170
    0.0000  -22.5000   37.5000 2336.8198   15.1320
    7.5000  -22.5000   37.5000 2314.5540   15.3530
   -7.5000  -15.0000   37.5000 2420.4890   13.8265
    0.0000  -15.0000   37.5000 2447.7712   13.6401
    7.5000  -15.0000   37.5000 2421.3616   13.8511
   -7.5000   -7.5000   37.5000 2527.4875   12.6648
    0.0000   -7.5000   37.5000 2550.5977   12.4819
    7.5000   -7.5000   37.5000 2527.4431   12.6832
   -7.5000    0.0000   37.5000 2622.7603   11.7868
    0.0000    0.0000   37.5000 2643.6875   11.5958
    7.5000    0.0000   37.5000 2623.5222   11.8138
   -7.5000    7.5000   37.5000 2699.7952   11.1703
    0.0000    7.5000   37.5000 2724.2808   11.0055
    7.5000    7.5000   37.5000 2701.8843   11.2285
   -7.5000   15.0000   37.5000 2749.5005   10.8300
    0.0000   15.0000   37.5000 2776.5154   10.6764
    7.5000   15.0000   37.5000 2752.3777   10.8973
   -7.5000   22.5000   37.5000 2773.0464   10.7004
    0.0000   22.5000   37.5000 2793.3518   10.5865
    7.5000   22.5000   37.5000 2777.0896   10.7769
   -7.5000   30.0000   37.5000 2758.8430   10.8812
    0.0000   30.0000   37.5000 2775.3000   10.7707
    7.5000   30.0000   37.5000 2757.7510   10.9411
   -7.5000   37.5000   37.5000 2712.4253   11.2597
    0.0000   37.5000   37.5000 2730.0361   11.1521
    7.5000   37.5000   37.5000 2710.4971   11.3214
   -7.5000   45.0000   37.5000 2646.7705   11.7956
    0.0000   45.0000   37.5000 2662.8804   11.6908
    7.5000   45.0000   37.5000 2641.1685   11.8692
   -7.5000  -45.0000   45.0000 1837.7180   24.4340
    0.0000  -45.0000   45.0000 1846.6648   24.1968
    7.5000  -45.0000   45.0000 1833.9922   24.4745
   -7.5000  -37.5000   45.0000 1989.9679   21.0301
    0.0000  -37.5000   45.0000 2005.9358   20.8767
    7.5000  -37.5000   45.0000 1991.5997   21.0501
   -7.5000  -30.0000   45.0000 2124.5103   18.3928
    0.0000  -30.0000   45.0000 2144.2112   18.2274
    7.5000  -30.0000   45.0000 2127.2334   18.3771
   -7.5000  -22.5000   45.0000 2240.8638   16.3385
    0.0000  -22.5000   45.0000 2264.7002   16.1796
    7.5000  -22.5000   45.0000 2245.9597   16.3601
   -7.5000  -15.0000   45.0000 2350.4839   14.7625
    0.0000  -15.0000   45.0000 2379.9260   14.6207
    7.5000  -15.0000   45.0000 2355.1794   14.7987
   -7.5000   -7.5000   45.0000 2458.2954   13.5715
    0.0000   -7.5000   45.0000 2485.1670   13.4090
    7.5000   -7.5000   45.0000 2459.5476   13.5721
   -7.5000    0.0000   45.0000 2548.3599   12.6562
    0.0000    0.0000   45.0000 2573.3005   12.4910
    7.5000    0.0000   45.0000 2547.7290   12.6691
   -7.5000    7.5000   45.0000 2621.4580   12.0249
    0.0000    7.5000   45.0000 2644.5986   11.8683
    7.5000    7.5000   45.0000 2618.7612   12.0723
   -7.5000   15.0000   45.0000 2665.4634   11.6627
    0.0000   15.0000   45.0000 2686.0881   11.5241
    7.5000   15.0000   45.0000 2663.2329   11.7249
   -7.5000   22.5000   45.0000 2681.5886   11.5099
    0.0000   22.5000   45.0000 2700.0574   11.4176
    7.5000   22.5000   45.0000 2683.4031   11.5877
   -7.5000   30.0000   45.0000 2663.7788   11.6824
    0.0000   30.0000   45.0000 2678.3816   11.6001
    7.5000   30.0000   45.0000 2661.4292   11.7537
   -7.5000   37.5000   45.0000 2621.9800   12.0416
    0.0000   37.5000   45.0000 2633.6414   11.9411
    7.5000   37.5000   45.0000 2617.8384   12.0992
   -7.5000   45.0000   45.0000 2561.0549   12.5424
    0.0000   45.0000   45.0000 2576.6892   12.4439
    7.5000   45.0000   45.0000 2558.2942   12.6103

---------------------------------------------------------------------
imgreg_4dfp /opt/freesurfer/average/711-2C_as_mni_average_305 /opt/freesurfer/average/711-2B_as_mni_average_305_mask talsrcimg_g11 none talsrcimg_to_711-2C_as_mni_average_305_t4 1283
---------------------------------------------------------------------

freesurfer imgreg_4dfp.c
/opt/freesurfer/average/711-2C_as_mni_average_305.4dfp.img
       256       256       256         1
  1.000000  1.000000  1.000000
orientation T byte_order littleendian
Reading image: /opt/freesurfer/average/711-2C_as_mni_average_305.4dfp.img
dimensions:      256       256       256
mmppix:       1.0000   -1.0000   -1.0000
center:     128.0000 -129.0000 -129.0000
/opt/freesurfer/average/711-2B_as_mni_average_305_mask.4dfp.img
       256       256       256         1
  1.000000  1.000000  1.000000
orientation T byte_order littleendian
Reading mask: /opt/freesurfer/average/711-2B_as_mni_average_305_mask.4dfp.img (2306576 pixels)
talsrcimg_g11.4dfp.img
       256       256       256         1
  1.000000  1.000000  1.000000
orientation T byte_order littleendian
Reading image: talsrcimg_g11.4dfp.img
dimensions:      256       256       256
mmppix:       1.0000   -1.0000   -1.0000
center:     128.0000 -129.0000 -129.0000
rotation matrix determinant  1.000000
fimgreg.f
image alignment mode   1283 decimal      503 hex
parameters
    0.0000   22.5000    7.5000    0.0000    0.0000    0.0000
eta,q 0.96193  9.04512
niter,ni,del,rscale     5    3   12.0000    1.2000
parameter  4  0.656882 ->  0.500000 qaram    1.1500
parameters
   -2.0854   24.5979    7.0150   -3.4500   -0.5666    1.1270
eta,q 0.96691  8.98077
  0.0435  0.0517  0.0434  0.0331  0.0399  0.0390
  0.0374  0.0453  0.0384  0.0333  0.0359  0.0360
  0.0355  0.0392  0.0352  0.0336  0.0335  0.0339
  0.0385  0.0355  0.0345  0.0346  0.0334  0.0331
  0.0443  0.0345  0.0369  0.0367  0.0354  0.0333
  0.0508  0.0356  0.0415  0.0404  0.0384  0.0341
  0.0579  0.0388  0.0457  0.0446  0.0420  0.0356
niter,ni,del,rscale     5    3   12.0000    1.2000
parameter  4  0.814996 ->  0.500000 qaram    1.3225
parameters
   -1.5873   26.2268    6.2026   -7.4175   -0.8961    0.8490
eta,q 0.97072  8.96548
  0.0513  0.0469  0.0385  0.0291  0.0364  0.0347
  0.0422  0.0405  0.0347  0.0292  0.0326  0.0316
  0.0359  0.0358  0.0318  0.0299  0.0300  0.0297
  0.0331  0.0330  0.0318  0.0315  0.0294  0.0293
  0.0345  0.0317  0.0341  0.0340  0.0307  0.0303
  0.0394  0.0331  0.0380  0.0375  0.0336  0.0324
  0.0458  0.0374  0.0430  0.0417  0.0381  0.0357
niter,ni,del,rscale     5    3   12.0000    1.2000
parameters
   -1.4090   27.3494    5.5353   -9.1172   -1.0184    0.8180
eta,q 0.97212  8.98620
  0.0466  0.0435  0.0358  0.0323  0.0355  0.0338
  0.0375  0.0383  0.0313  0.0295  0.0316  0.0303
  0.0313  0.0330  0.0287  0.0279  0.0288  0.0282
  0.0293  0.0294  0.0286  0.0284  0.0279  0.0279
  0.0320  0.0287  0.0302  0.0301  0.0290  0.0287
  0.0371  0.0314  0.0341  0.0335  0.0318  0.0307
  0.0437  0.0370  0.0399  0.0383  0.0363  0.0336
niter,ni,del,rscale     4    3   12.0000    1.2000
parameters
   -1.4789   27.8104    5.2596   -9.7238   -0.9950    0.8479
eta,q 0.97219  8.99647
  0.0446  0.0415  0.0366  0.0333  0.0359  0.0336
  0.0359  0.0350  0.0316  0.0308  0.0321  0.0303
  0.0296  0.0299  0.0283  0.0287  0.0290  0.0282
  0.0279  0.0278  0.0279  0.0278  0.0278  0.0278
  0.0313  0.0292  0.0295  0.0289  0.0289  0.0287
  0.0371  0.0330  0.0327  0.0316  0.0317  0.0304
  0.0444  0.0376  0.0381  0.0358  0.0360  0.0332
niter,ni,del,rscale     3    3   12.0000    1.2000
parameters
   -1.5279   28.0112    5.1825   -9.9948   -0.9619    0.8772
eta,q 0.97208  8.99979
  0.0449  0.0404  0.0372  0.0336  0.0362  0.0335
  0.0362  0.0336  0.0322  0.0310  0.0322  0.0304
  0.0297  0.0290  0.0287  0.0292  0.0291  0.0283
  0.0278  0.0278  0.0279  0.0278  0.0279  0.0279
  0.0312  0.0299  0.0294  0.0286  0.0290  0.0288
  0.0372  0.0337  0.0324  0.0310  0.0319  0.0305
  0.0447  0.0377  0.0376  0.0351  0.0361  0.0331
niter,ni,del,rscale     2    3   12.0000    1.2000
parameters
   -1.5512   28.1005    5.1460  -10.1100   -0.9439    0.8929
eta,q 0.97200  9.00137
  0.0452  0.0398  0.0374  0.0337  0.0362  0.0334
  0.0366  0.0330  0.0323  0.0310  0.0323  0.0304
  0.0300  0.0286  0.0288  0.0294  0.0292  0.0284
  0.0279  0.0279  0.0280  0.0280  0.0280  0.0280
  0.0312  0.0303  0.0295  0.0284  0.0291  0.0288
  0.0373  0.0339  0.0325  0.0307  0.0320  0.0305
  0.0447  0.0377  0.0375  0.0348  0.0362  0.0331
niter,ni,del,rscale     1    3   12.0000    1.2000
parameters
   -1.5648   28.1384    5.1310  -10.1576   -0.9338    0.8979
eta,q 0.97197  9.00203
  0.0453  0.0396  0.0375  0.0338  0.0362  0.0334
  0.0367  0.0328  0.0324  0.0310  0.0323  0.0304
  0.0301  0.0285  0.0289  0.0295  0.0292  0.0284
  0.0280  0.0280  0.0280  0.0280  0.0280  0.0280
  0.0312  0.0305  0.0295  0.0284  0.0292  0.0289
  0.0373  0.0340  0.0325  0.0306  0.0321  0.0305
  0.0448  0.0377  0.0375  0.0346  0.0363  0.0331
registration optimization eta report
parameter search radius
    6.0000    6.0000    6.0000    7.9350    6.0000    6.0000
100000*second partial in parameter space
       46.       29.       26.       10.       22.       14.
  0.0453  0.0396  0.0375  0.0338  0.0362  0.0334
  0.0367  0.0328  0.0324  0.0310  0.0323  0.0304
  0.0301  0.0285  0.0289  0.0295  0.0292  0.0284
  0.0280  0.0280  0.0280  0.0280  0.0280  0.0280
  0.0312  0.0305  0.0295  0.0284  0.0292  0.0289
  0.0373  0.0340  0.0325  0.0306  0.0321  0.0305
  0.0448  0.0377  0.0375  0.0346  0.0363  0.0331
   -1.5648   28.1384    5.1310  -10.1576   -0.9338    0.8979
eta,q 0.97197  9.00203

---------------------------------------------------------------------
imgreg_4dfp /opt/freesurfer/average/711-2C_as_mni_average_305 /opt/freesurfer/average/711-2B_as_mni_average_305_mask talsrcimg_g11 none talsrcimg_to_711-2C_as_mni_average_305_t4 3335
---------------------------------------------------------------------

freesurfer imgreg_4dfp.c
/opt/freesurfer/average/711-2C_as_mni_average_305.4dfp.img
       256       256       256         1
  1.000000  1.000000  1.000000
orientation T byte_order littleendian
Reading image: /opt/freesurfer/average/711-2C_as_mni_average_305.4dfp.img
dimensions:      256       256       256
mmppix:       1.0000   -1.0000   -1.0000
center:     128.0000 -129.0000 -129.0000
/opt/freesurfer/average/711-2B_as_mni_average_305_mask.4dfp.img
       256       256       256         1
  1.000000  1.000000  1.000000
orientation T byte_order littleendian
Reading mask: /opt/freesurfer/average/711-2B_as_mni_average_305_mask.4dfp.img (2306576 pixels)
talsrcimg_g11.4dfp.img
       256       256       256         1
  1.000000  1.000000  1.000000
orientation T byte_order littleendian
Reading image: talsrcimg_g11.4dfp.img
dimensions:      256       256       256
mmppix:       1.0000   -1.0000   -1.0000
center:     128.0000 -129.0000 -129.0000
fimgreg.f
image alignment mode   3335 decimal      D07 hex
parameters
   -1.5648   28.1384    5.1310   -0.0256   -1.5840   -1.5804
   -1.8298    1.3277    1.5668   17.6587   -1.6298  -17.6334
eta,q 0.97386  9.05560
niter,ni,del,rscale     5    3    5.0000    1.2000
parameter  6  0.571775 ->  0.500000 qaram    1.1500
parameters
   -1.4915   28.1872    4.0312   -1.4660   -5.1608   -5.7204
   -2.4843    2.9943    3.4575   16.5664    1.8034  -15.9814
eta,q 0.97707  8.71923
  0.0293  0.0283  0.0263  0.0277  0.0258  0.0244  0.0255  0.0290  0.0261  0.0247  0.0256  0.0246
  0.0276  0.0271  0.0258  0.0266  0.0251  0.0237  0.0244  0.0265  0.0249  0.0238  0.0246  0.0239
  0.0265  0.0264  0.0258  0.0259  0.0251  0.0238  0.0238  0.0247  0.0240  0.0233  0.0237  0.0233
  0.0261  0.0261  0.0261  0.0257  0.0257  0.0250  0.0237  0.0237  0.0234  0.0233  0.0232  0.0230
  0.0265  0.0263  0.0269  0.0264  0.0270  0.0275  0.0241  0.0235  0.0233  0.0237  0.0230  0.0229
  0.0274  0.0270  0.0280  0.0281  0.0289  0.0309  0.0250  0.0242  0.0236  0.0246  0.0230  0.0232
  0.0289  0.0282  0.0294  0.0309  0.0314  0.0352  0.0263  0.0257  0.0243  0.0261  0.0233  0.0236
niter,ni,del,rscale     5    3    5.0000    1.2000
parameters
   -1.1328   28.2711    3.2856    0.7682   -4.8271   -7.2036
   -3.2420    2.8163    3.0509   16.5301    2.6830  -16.6409
eta,q 0.97769  8.75954
  0.0263  0.0252  0.0234  0.0267  0.0248  0.0249  0.0244  0.0262  0.0241  0.0243  0.0238  0.0233
  0.0246  0.0239  0.0229  0.0252  0.0236  0.0236  0.0232  0.0241  0.0231  0.0233  0.0230  0.0227
  0.0235  0.0232  0.0227  0.0238  0.0227  0.0227  0.0225  0.0228  0.0225  0.0226  0.0225  0.0224
  0.0229  0.0229  0.0229  0.0227  0.0222  0.0221  0.0224  0.0223  0.0223  0.0223  0.0223  0.0223
  0.0229  0.0231  0.0233  0.0221  0.0223  0.0226  0.0229  0.0229  0.0226  0.0225  0.0224  0.0225
  0.0236  0.0238  0.0241  0.0225  0.0232  0.0253  0.0239  0.0244  0.0234  0.0232  0.0227  0.0230
  0.0248  0.0249  0.0252  0.0240  0.0245  0.0296  0.0254  0.0266  0.0246  0.0244  0.0232  0.0237
niter,ni,del,rscale     4    3    5.0000    1.2000
parameters
   -1.1279   28.2874    2.9448    0.6689   -4.7607   -7.6425
   -3.1527    2.7141    2.8606   16.7464    2.9115  -16.9691
eta,q 0.97764  8.74619
  0.0254  0.0246  0.0233  0.0254  0.0247  0.0256  0.0249  0.0262  0.0242  0.0244  0.0235  0.0234
  0.0237  0.0233  0.0227  0.0240  0.0236  0.0239  0.0236  0.0242  0.0232  0.0234  0.0229  0.0228
  0.0227  0.0226  0.0223  0.0229  0.0227  0.0229  0.0227  0.0228  0.0226  0.0227  0.0225  0.0224
  0.0223  0.0223  0.0223  0.0223  0.0223  0.0223  0.0224  0.0224  0.0224  0.0224  0.0224  0.0224
  0.0227  0.0226  0.0226  0.0225  0.0225  0.0222  0.0227  0.0229  0.0226  0.0225  0.0225  0.0225
  0.0237  0.0233  0.0232  0.0237  0.0234  0.0237  0.0235  0.0243  0.0234  0.0231  0.0228  0.0230
  0.0253  0.0245  0.0241  0.0261  0.0248  0.0274  0.0248  0.0265  0.0245  0.0242  0.0234  0.0236
niter,ni,del,rscale     3    3    5.0000    1.2000
parameters
   -1.1485   28.3546    2.8076    0.6904   -4.8380   -7.7803
   -3.0932    2.6739    2.8017   16.9827    3.0066  -17.1601
eta,q 0.97763  8.74235
  0.0253  0.0247  0.0236  0.0255  0.0247  0.0258  0.0249  0.0263  0.0243  0.0244  0.0235  0.0235
  0.0237  0.0234  0.0229  0.0241  0.0236  0.0241  0.0235  0.0242  0.0233  0.0234  0.0229  0.0229
  0.0227  0.0226  0.0225  0.0230  0.0227  0.0230  0.0227  0.0229  0.0226  0.0227  0.0225  0.0225
  0.0224  0.0224  0.0224  0.0223  0.0223  0.0223  0.0224  0.0224  0.0224  0.0224  0.0224  0.0224
  0.0227  0.0226  0.0226  0.0225  0.0226  0.0221  0.0227  0.0229  0.0226  0.0225  0.0225  0.0225
  0.0238  0.0233  0.0231  0.0237  0.0235  0.0234  0.0235  0.0242  0.0233  0.0231  0.0229  0.0229
  0.0254  0.0244  0.0239  0.0259  0.0249  0.0269  0.0248  0.0264  0.0244  0.0242  0.0234  0.0236
niter,ni,del,rscale     2    3    5.0000    1.2000
parameters
   -1.1599   28.4157    2.7376    0.7054   -4.9113   -7.8576
   -3.0774    2.6543    2.7769   17.1662    3.0521  -17.2721
eta,q 0.97762  8.73970
  0.0254  0.0247  0.0236  0.0255  0.0247  0.0258  0.0248  0.0263  0.0243  0.0243  0.0235  0.0235
  0.0237  0.0234  0.0229  0.0242  0.0236  0.0241  0.0235  0.0242  0.0233  0.0233  0.0229  0.0229
  0.0227  0.0227  0.0225  0.0231  0.0228  0.0230  0.0227  0.0229  0.0226  0.0226  0.0225  0.0225
  0.0224  0.0224  0.0224  0.0224  0.0224  0.0224  0.0224  0.0224  0.0224  0.0224  0.0224  0.0224
  0.0227  0.0226  0.0225  0.0225  0.0226  0.0222  0.0227  0.0229  0.0226  0.0225  0.0225  0.0225
  0.0237  0.0233  0.0230  0.0237  0.0235  0.0234  0.0235  0.0242  0.0233  0.0231  0.0229  0.0229
  0.0254  0.0244  0.0238  0.0259  0.0249  0.0268  0.0248  0.0264  0.0244  0.0242  0.0234  0.0236
niter,ni,del,rscale     1    3    5.0000    1.2000
parameters
   -1.1628   28.4621    2.6980    0.7183   -4.9708   -7.9035
   -3.0733    2.6508    2.7629   17.2925    3.0820  -17.3363
eta,q 0.97761  8.73787
  0.0254  0.0246  0.0237  0.0255  0.0247  0.0258  0.0248  0.0263  0.0243  0.0243  0.0235  0.0235
  0.0237  0.0234  0.0230  0.0242  0.0236  0.0241  0.0235  0.0243  0.0233  0.0233  0.0229  0.0229
  0.0227  0.0227  0.0225  0.0231  0.0228  0.0230  0.0227  0.0229  0.0226  0.0227  0.0225  0.0225
  0.0224  0.0224  0.0224  0.0224  0.0224  0.0224  0.0224  0.0224  0.0224  0.0224  0.0224  0.0224
  0.0227  0.0226  0.0225  0.0225  0.0226  0.0222  0.0227  0.0229  0.0226  0.0225  0.0225  0.0225
  0.0237  0.0233  0.0230  0.0237  0.0235  0.0234  0.0235  0.0242  0.0233  0.0232  0.0229  0.0229
  0.0254  0.0244  0.0238  0.0259  0.0249  0.0267  0.0248  0.0264  0.0244  0.0242  0.0234  0.0236
registration optimization eta report
parameter search radius
    2.4000    2.4000    2.4000    7.2000    7.2000    8.2800
    7.2000    7.2000    7.2000    7.2000    7.2000    7.2000
100000*second partial in parameter space
       52.       37.       23.        6.        5.        6.
        5.        8.        4.        4.        2.        2.
  0.0254  0.0246  0.0237  0.0255  0.0247  0.0258  0.0248  0.0263  0.0243  0.0243  0.0235  0.0235
  0.0237  0.0234  0.0230  0.0242  0.0236  0.0241  0.0235  0.0243  0.0233  0.0233  0.0229  0.0229
  0.0227  0.0227  0.0225  0.0231  0.0228  0.0230  0.0227  0.0229  0.0226  0.0227  0.0225  0.0225
  0.0224  0.0224  0.0224  0.0224  0.0224  0.0224  0.0224  0.0224  0.0224  0.0224  0.0224  0.0224
  0.0227  0.0226  0.0225  0.0225  0.0226  0.0222  0.0227  0.0229  0.0226  0.0225  0.0225  0.0225
  0.0237  0.0233  0.0230  0.0237  0.0235  0.0234  0.0235  0.0242  0.0233  0.0232  0.0229  0.0229
  0.0254  0.0244  0.0238  0.0259  0.0249  0.0267  0.0248  0.0264  0.0244  0.0242  0.0234  0.0236
   -1.1628   28.4621    2.6980    0.7183   -4.9708   -7.9035
   -3.0733    2.6508    2.7629   17.2925    3.0820  -17.3363
eta,q 0.97761  8.73787

---------------------------------------------------------------------
imgreg_4dfp /opt/freesurfer/average/711-2C_as_mni_average_305 /opt/freesurfer/average/711-2B_as_mni_average_305_mask talsrcimg_g11 none talsrcimg_to_711-2C_as_mni_average_305_t4 2311
---------------------------------------------------------------------

freesurfer imgreg_4dfp.c
/opt/freesurfer/average/711-2C_as_mni_average_305.4dfp.img
       256       256       256         1
  1.000000  1.000000  1.000000
orientation T byte_order littleendian
Reading image: /opt/freesurfer/average/711-2C_as_mni_average_305.4dfp.img
dimensions:      256       256       256
mmppix:       1.0000   -1.0000   -1.0000
center:     128.0000 -129.0000 -129.0000
/opt/freesurfer/average/711-2B_as_mni_average_305_mask.4dfp.img
       256       256       256         1
  1.000000  1.000000  1.000000
orientation T byte_order littleendian
Reading mask: /opt/freesurfer/average/711-2B_as_mni_average_305_mask.4dfp.img (2306576 pixels)
talsrcimg_g11.4dfp.img
       256       256       256         1
  1.000000  1.000000  1.000000
orientation T byte_order littleendian
Reading image: talsrcimg_g11.4dfp.img
dimensions:      256       256       256
mmppix:       1.0000   -1.0000   -1.0000
center:     128.0000 -129.0000 -129.0000
fimgreg.f
image alignment mode   2311 decimal      907 hex
parameters
   -1.1628   28.4621    2.6980    0.7183   -4.9708   -7.9035
   -3.0733    2.6508    2.7629   17.2925    3.0820  -17.3363
eta,q 0.97761  8.73787
niter,ni,del,rscale     5    3    5.0000    0.8000
parameters
   -1.1668   28.4785    2.6701    1.2312   -4.9005   -6.6141
   -3.0271    2.6922    2.8471   17.5159    2.9631  -17.4575
eta,q 0.97786  8.81179
  0.0237  0.0234  0.0230  0.0242  0.0235  0.0237  0.0233  0.0243  0.0231  0.0232  0.0227  0.0227
  0.0230  0.0228  0.0226  0.0234  0.0229  0.0231  0.0227  0.0232  0.0226  0.0226  0.0224  0.0224
  0.0225  0.0225  0.0225  0.0228  0.0225  0.0227  0.0223  0.0224  0.0223  0.0223  0.0222  0.0222
  0.0224  0.0224  0.0224  0.0224  0.0223  0.0223  0.0221  0.0221  0.0221  0.0221  0.0221  0.0221
  0.0225  0.0225  0.0225  0.0224  0.0224  0.0221  0.0223  0.0224  0.0222  0.0222  0.0222  0.0222
  0.0230  0.0228  0.0227  0.0228  0.0229  0.0222  0.0227  0.0231  0.0225  0.0225  0.0224  0.0224
  0.0237  0.0234  0.0230  0.0237  0.0235  0.0229  0.0233  0.0242  0.0231  0.0230  0.0227  0.0227
niter,ni,del,rscale     4    3    5.0000    0.7000
parameters
   -1.2001   28.4457    2.9169    1.1906   -4.8641   -6.3747
   -3.0151    2.6651    2.9245   17.4449    2.7822  -17.2676
eta,q 0.97790  8.81765
  0.0232  0.0229  0.0229  0.0234  0.0231  0.0231  0.0230  0.0237  0.0228  0.0228  0.0225  0.0226
  0.0226  0.0225  0.0225  0.0228  0.0226  0.0227  0.0225  0.0228  0.0224  0.0224  0.0223  0.0223
  0.0222  0.0222  0.0223  0.0223  0.0223  0.0224  0.0222  0.0223  0.0222  0.0222  0.0221  0.0222
  0.0221  0.0221  0.0221  0.0221  0.0221  0.0221  0.0221  0.0221  0.0221  0.0221  0.0221  0.0221
  0.0223  0.0222  0.0221  0.0222  0.0222  0.0220  0.0222  0.0223  0.0222  0.0222  0.0222  0.0221
  0.0227  0.0225  0.0223  0.0227  0.0225  0.0223  0.0225  0.0229  0.0224  0.0224  0.0223  0.0223
  0.0233  0.0230  0.0225  0.0236  0.0231  0.0231  0.0230  0.0238  0.0228  0.0229  0.0226  0.0225
niter,ni,del,rscale     3    3    5.0000    0.6000
parameters
   -1.2071   28.4094    2.9897    1.2310   -4.8085   -6.0940
   -3.0304    2.6919    3.0018   17.3348    2.7207  -17.1910
eta,q 0.97793  8.82983
  0.0229  0.0226  0.0225  0.0231  0.0228  0.0229  0.0227  0.0233  0.0226  0.0226  0.0224  0.0224
  0.0224  0.0223  0.0223  0.0226  0.0225  0.0226  0.0224  0.0227  0.0223  0.0223  0.0222  0.0222
  0.0222  0.0221  0.0221  0.0223  0.0222  0.0223  0.0221  0.0222  0.0221  0.0221  0.0221  0.0221
  0.0221  0.0221  0.0221  0.0221  0.0221  0.0221  0.0221  0.0221  0.0221  0.0221  0.0221  0.0221
  0.0222  0.0222  0.0221  0.0222  0.0222  0.0220  0.0221  0.0222  0.0221  0.0221  0.0221  0.0221
  0.0225  0.0224  0.0222  0.0225  0.0224  0.0222  0.0224  0.0226  0.0223  0.0223  0.0222  0.0222
  0.0229  0.0227  0.0224  0.0231  0.0228  0.0228  0.0227  0.0233  0.0226  0.0227  0.0224  0.0224
niter,ni,del,rscale     2    3    5.0000    0.5000
parameters
   -1.2102   28.3765    3.0585    1.2599   -4.7591   -5.8332
   -3.0465    2.7027    3.0657   17.2620    2.6993  -17.1415
eta,q 0.97796  8.84085
  0.0226  0.0224  0.0224  0.0228  0.0226  0.0227  0.0225  0.0230  0.0224  0.0224  0.0223  0.0223
  0.0223  0.0222  0.0222  0.0224  0.0223  0.0224  0.0222  0.0225  0.0222  0.0222  0.0221  0.0221
  0.0221  0.0221  0.0221  0.0222  0.0221  0.0222  0.0221  0.0221  0.0221  0.0221  0.0221  0.0221
  0.0221  0.0221  0.0221  0.0221  0.0221  0.0221  0.0220  0.0220  0.0220  0.0220  0.0220  0.0220
  0.0221  0.0221  0.0221  0.0221  0.0221  0.0220  0.0221  0.0221  0.0221  0.0221  0.0221  0.0221
  0.0223  0.0223  0.0222  0.0224  0.0223  0.0222  0.0223  0.0224  0.0222  0.0222  0.0222  0.0221
  0.0226  0.0225  0.0223  0.0228  0.0226  0.0226  0.0225  0.0229  0.0224  0.0225  0.0223  0.0222
niter,ni,del,rscale     1    3    5.0000    0.4000
parameters
   -1.2160   28.3535    3.1253    1.2760   -4.7247   -5.5901
   -3.0533    2.7060    3.1018   17.2139    2.6972  -17.1028
eta,q 0.97798  8.85038
  0.0224  0.0223  0.0223  0.0225  0.0224  0.0224  0.0223  0.0226  0.0223  0.0223  0.0222  0.0222
  0.0222  0.0221  0.0221  0.0223  0.0222  0.0223  0.0221  0.0223  0.0221  0.0221  0.0221  0.0221
  0.0221  0.0221  0.0221  0.0221  0.0221  0.0221  0.0221  0.0221  0.0220  0.0220  0.0220  0.0220
  0.0220  0.0220  0.0220  0.0220  0.0220  0.0220  0.0220  0.0220  0.0220  0.0220  0.0220  0.0220
  0.0221  0.0221  0.0220  0.0221  0.0221  0.0220  0.0221  0.0221  0.0220  0.0221  0.0220  0.0220
  0.0222  0.0222  0.0221  0.0222  0.0222  0.0221  0.0222  0.0223  0.0221  0.0221  0.0221  0.0221
  0.0224  0.0223  0.0222  0.0225  0.0224  0.0224  0.0223  0.0226  0.0223  0.0223  0.0222  0.0221
registration optimization eta report
parameter search radius
    0.8000    0.8000    0.8000    2.4000    2.4000    2.4000
    2.4000    2.4000    2.4000    2.4000    2.4000    2.4000
100000*second partial in parameter space
       57.       42.       29.        8.        6.        6.
        5.       10.        4.        5.        3.        2.
  0.0224  0.0223  0.0223  0.0225  0.0224  0.0224  0.0223  0.0226  0.0223  0.0223  0.0222  0.0222
  0.0222  0.0221  0.0221  0.0223  0.0222  0.0223  0.0221  0.0223  0.0221  0.0221  0.0221  0.0221
  0.0221  0.0221  0.0221  0.0221  0.0221  0.0221  0.0221  0.0221  0.0220  0.0220  0.0220  0.0220
  0.0220  0.0220  0.0220  0.0220  0.0220  0.0220  0.0220  0.0220  0.0220  0.0220  0.0220  0.0220
  0.0221  0.0221  0.0220  0.0221  0.0221  0.0220  0.0221  0.0221  0.0220  0.0221  0.0220  0.0220
  0.0222  0.0222  0.0221  0.0222  0.0222  0.0221  0.0222  0.0223  0.0221  0.0221  0.0221  0.0221
  0.0224  0.0223  0.0222  0.0225  0.0224  0.0224  0.0223  0.0226  0.0223  0.0223  0.0222  0.0221
   -1.2160   28.3535    3.1253    1.2760   -4.7247   -5.5901
   -3.0533    2.7060    3.1018   17.2139    2.6972  -17.1028
eta,q 0.97798  8.85038

---------------------------------------------------------------------
imgreg_4dfp /opt/freesurfer/average/711-2C_as_mni_average_305 /opt/freesurfer/average/711-2B_as_mni_average_305_mask talsrcimg_g11 none talsrcimg_to_711-2C_as_mni_average_305_t4 2311
---------------------------------------------------------------------

freesurfer imgreg_4dfp.c
/opt/freesurfer/average/711-2C_as_mni_average_305.4dfp.img
       256       256       256         1
  1.000000  1.000000  1.000000
orientation T byte_order littleendian
Reading image: /opt/freesurfer/average/711-2C_as_mni_average_305.4dfp.img
dimensions:      256       256       256
mmppix:       1.0000   -1.0000   -1.0000
center:     128.0000 -129.0000 -129.0000
/opt/freesurfer/average/711-2B_as_mni_average_305_mask.4dfp.img
       256       256       256         1
  1.000000  1.000000  1.000000
orientation T byte_order littleendian
Reading mask: /opt/freesurfer/average/711-2B_as_mni_average_305_mask.4dfp.img (2306576 pixels)
talsrcimg_g11.4dfp.img
       256       256       256         1
  1.000000  1.000000  1.000000
orientation T byte_order littleendian
Reading image: talsrcimg_g11.4dfp.img
dimensions:      256       256       256
mmppix:       1.0000   -1.0000   -1.0000
center:     128.0000 -129.0000 -129.0000
fimgreg.f
image alignment mode   2311 decimal      907 hex
parameters
   -1.2160   28.3535    3.1253    1.2760   -4.7247   -5.5901
   -3.0533    2.7060    3.1018   17.2139    2.6972  -17.1028
eta,q 0.97798  8.85037
niter,ni,del,rscale     5    3    5.0000    0.8000
parameters
   -1.2105   28.3442    3.2106    0.9431   -4.7818   -6.2299
   -3.0703    2.6694    2.9868   17.0873    2.6519  -16.8472
eta,q 0.97790  8.81056
  0.0235  0.0231  0.0229  0.0235  0.0233  0.0231  0.0233  0.0242  0.0230  0.0230  0.0227  0.0227
  0.0227  0.0225  0.0224  0.0228  0.0226  0.0227  0.0226  0.0231  0.0225  0.0225  0.0223  0.0224
  0.0222  0.0221  0.0221  0.0222  0.0222  0.0223  0.0222  0.0223  0.0222  0.0222  0.0222  0.0222
  0.0220  0.0220  0.0220  0.0220  0.0220  0.0220  0.0221  0.0221  0.0221  0.0221  0.0221  0.0221
  0.0222  0.0222  0.0221  0.0222  0.0222  0.0221  0.0222  0.0224  0.0222  0.0222  0.0222  0.0221
  0.0227  0.0225  0.0223  0.0229  0.0226  0.0229  0.0226  0.0231  0.0225  0.0225  0.0224  0.0223
  0.0235  0.0231  0.0227  0.0242  0.0234  0.0245  0.0233  0.0242  0.0231  0.0231  0.0227  0.0226
niter,ni,del,rscale     4    3    5.0000    0.7000
parameters
   -1.1947   28.3313    3.0816    1.1299   -4.7330   -6.2279
   -3.0525    2.7144    2.9980   17.0737    2.7107  -16.9589
eta,q 0.97792  8.81980
  0.0232  0.0229  0.0225  0.0235  0.0231  0.0231  0.0230  0.0238  0.0228  0.0228  0.0226  0.0225
  0.0226  0.0224  0.0223  0.0228  0.0226  0.0227  0.0225  0.0229  0.0224  0.0224  0.0223  0.0222
  0.0222  0.0222  0.0221  0.0223  0.0222  0.0223  0.0222  0.0223  0.0222  0.0222  0.0221  0.0221
  0.0221  0.0221  0.0221  0.0221  0.0221  0.0221  0.0221  0.0221  0.0221  0.0221  0.0221  0.0221
  0.0222  0.0222  0.0222  0.0221  0.0222  0.0220  0.0222  0.0223  0.0222  0.0222  0.0221  0.0221
  0.0226  0.0225  0.0224  0.0226  0.0225  0.0224  0.0225  0.0228  0.0224  0.0224  0.0223  0.0223
  0.0232  0.0229  0.0227  0.0234  0.0231  0.0233  0.0230  0.0237  0.0228  0.0228  0.0225  0.0225
niter,ni,del,rscale     3    3    5.0000    0.6000
parameters
   -1.1953   28.3279    3.0699    1.2075   -4.7177   -6.0155
   -3.0446    2.7164    3.0125   17.1255    2.7066  -17.0336
eta,q 0.97795  8.83171
  0.0229  0.0227  0.0225  0.0231  0.0228  0.0229  0.0227  0.0233  0.0226  0.0226  0.0224  0.0223
  0.0224  0.0223  0.0222  0.0226  0.0224  0.0225  0.0223  0.0226  0.0223  0.0223  0.0222  0.0222
  0.0222  0.0221  0.0221  0.0223  0.0222  0.0223  0.0221  0.0222  0.0221  0.0221  0.0221  0.0221
  0.0221  0.0221  0.0221  0.0221  0.0221  0.0221  0.0221  0.0221  0.0221  0.0221  0.0221  0.0221
  0.0222  0.0222  0.0221  0.0221  0.0222  0.0220  0.0221  0.0222  0.0221  0.0221  0.0221  0.0221
  0.0224  0.0223  0.0223  0.0225  0.0224  0.0222  0.0224  0.0226  0.0223  0.0223  0.0222  0.0222
  0.0229  0.0227  0.0225  0.0231  0.0228  0.0229  0.0227  0.0233  0.0226  0.0226  0.0224  0.0224
niter,ni,del,rscale     2    3    5.0000    0.5000
parameters
   -1.2046   28.3314    3.1002    1.2469   -4.6998   -5.7900
   -3.0400    2.7128    3.0601   17.1544    2.6970  -17.0543
eta,q 0.97797  8.84223
  0.0226  0.0225  0.0224  0.0228  0.0226  0.0226  0.0225  0.0229  0.0224  0.0224  0.0223  0.0222
  0.0223  0.0222  0.0222  0.0224  0.0223  0.0224  0.0222  0.0224  0.0222  0.0222  0.0221  0.0221
  0.0221  0.0221  0.0221  0.0222  0.0221  0.0222  0.0221  0.0221  0.0221  0.0221  0.0221  0.0220
  0.0221  0.0220  0.0221  0.0221  0.0220  0.0221  0.0220  0.0220  0.0220  0.0220  0.0220  0.0220
  0.0221  0.0221  0.0221  0.0221  0.0221  0.0220  0.0221  0.0221  0.0221  0.0221  0.0221  0.0221
  0.0223  0.0222  0.0222  0.0223  0.0223  0.0222  0.0222  0.0225  0.0222  0.0222  0.0221  0.0221
  0.0226  0.0225  0.0223  0.0228  0.0226  0.0226  0.0225  0.0229  0.0224  0.0224  0.0223  0.0222
niter,ni,del,rscale     1    3    5.0000    0.4000
parameters
   -1.2132   28.3304    3.1413    1.2619   -4.6922   -5.5832
   -3.0497    2.7095    3.1002   17.1628    2.6680  -17.0519
eta,q 0.97799  8.85038
  0.0224  0.0223  0.0222  0.0225  0.0224  0.0224  0.0223  0.0226  0.0223  0.0223  0.0222  0.0222
  0.0222  0.0222  0.0221  0.0223  0.0222  0.0223  0.0222  0.0223  0.0221  0.0221  0.0221  0.0221
  0.0221  0.0221  0.0221  0.0221  0.0221  0.0221  0.0220  0.0221  0.0220  0.0220  0.0220  0.0220
  0.0220  0.0220  0.0220  0.0220  0.0220  0.0220  0.0220  0.0220  0.0220  0.0220  0.0220  0.0220
  0.0221  0.0221  0.0220  0.0221  0.0221  0.0220  0.0221  0.0221  0.0220  0.0220  0.0220  0.0220
  0.0222  0.0222  0.0221  0.0222  0.0222  0.0221  0.0222  0.0223  0.0221  0.0221  0.0221  0.0221
  0.0224  0.0223  0.0222  0.0225  0.0224  0.0224  0.0223  0.0226  0.0223  0.0223  0.0222  0.0222
registration optimization eta report
parameter search radius
    0.8000    0.8000    0.8000    2.4000    2.4000    2.4000
    2.4000    2.4000    2.4000    2.4000    2.4000    2.4000
100000*second partial in parameter space
       57.       42.       29.        8.        6.        7.
        5.       10.        4.        5.        3.        3.
  0.0224  0.0223  0.0222  0.0225  0.0224  0.0224  0.0223  0.0226  0.0223  0.0223  0.0222  0.0222
  0.0222  0.0222  0.0221  0.0223  0.0222  0.0223  0.0222  0.0223  0.0221  0.0221  0.0221  0.0221
  0.0221  0.0221  0.0221  0.0221  0.0221  0.0221  0.0220  0.0221  0.0220  0.0220  0.0220  0.0220
  0.0220  0.0220  0.0220  0.0220  0.0220  0.0220  0.0220  0.0220  0.0220  0.0220  0.0220  0.0220
  0.0221  0.0221  0.0220  0.0221  0.0221  0.0220  0.0221  0.0221  0.0220  0.0220  0.0220  0.0220
  0.0222  0.0222  0.0221  0.0222  0.0222  0.0221  0.0222  0.0223  0.0221  0.0221  0.0221  0.0221
  0.0224  0.0223  0.0222  0.0225  0.0224  0.0224  0.0223  0.0226  0.0223  0.0223  0.0222  0.0222
   -1.2132   28.3304    3.1413    1.2619   -4.6922   -5.5832
   -3.0497    2.7095    3.1002   17.1628    2.6680  -17.0519
eta,q 0.97799  8.85038

---------------------------------------------------------------------
compute_vox2vox talsrcimg talsrcimg_to_711-2C_as_mni_average_305_t4 /opt/freesurfer/average/711-2C_as_mni_average_305
---------------------------------------------------------------------

freesurfer compute_vox2vox.c
Reading: talsrcimg.4dfp.ifh
Reading: talsrcimg_to_711-2C_as_mni_average_305_t4
Reading: /opt/freesurfer/average/711-2C_as_mni_average_305.4dfp.ifh
Writing: talsrcimg_to_711-2C_as_mni_average_305_t4_vox2vox.txt

start time Sun Mar 15 08:14:15 CET 2026
end		time Sun Mar 15 08:14:29 CET 2026

mpr2mni305 success

avi2talxfm orig_nu.mgz /opt/freesurfer/average/mni305.cor.mgz talsrcimg_to_711-2C_as_mni_average_305_t4_vox2vox.txt transforms/talairach.auto.xfm
avi2talxfm done
mv -f /out/sourcedata/freesurfer/sub-v2s10x28956_ses-1/mri/talsrcimg_to_711-2C_as_mni_average_305_t4_vox2vox.txt /out/sourcedata/freesurfer/sub-v2s10x28956_ses-1/mri/transforms/talsrcimg_to_711-2C_as_mni_average_305_t4_vox2vox.txt
lta_convert --src orig_nu.mgz --trg /opt/freesurfer/average/mni305.cor.mgz --inxfm transforms/talairach.auto.xfm --outlta transforms/talairach.auto.xfm.lta --subject fsaverage
7.3.2

--src: orig_nu.mgz src image (geometry).
--trg: /opt/freesurfer/average/mni305.cor.mgz trg image (geometry).
--inmni: transforms/talairach.auto.xfm input MNI/XFM transform.
--outlta: transforms/talairach.auto.xfm.lta output LTA.
--s: fsaverage subject name
 LTA read, type : 1
 0.98762  -0.03301   0.02570  -2.70801;
-0.03265   1.02687   0.18268  -20.89342;
-0.02625  -0.18384   1.01550  -11.65126;
 0.00000   0.00000   0.00000   1.00000;
setting subject to fsaverage
Writing  LTA to file transforms/talairach.auto.xfm.lta...
lta_convert successful.
 
 
Started at Sun Mar 15 08:14:15 CET 2026
Ended   at Sun Mar 15 08:14:30 CET 2026
talairach_avi done
