/out/sourcedata/freesurfer/sub-v2s10x28924_ses-1/mri
/opt/freesurfer/bin/talairach_avi
--i orig_nu.mgz --xfm transforms/talairach.auto.xfm
talairach_avi 7.3.2
Linux dna049 5.14.0-427.37.1.el9_4.x86_64 #1 SMP PREEMPT_DYNAMIC Fri Sep 13 12:41:50 EDT 2024 x86_64 x86_64 x86_64 GNU/Linux
Sun Mar 15 08:15:16 CET 2026
mri_convert orig_nu.mgz talsrcimg.img 
reading from orig_nu.mgz...
TR=0.00, TE=0.00, TI=0.00, flip angle=0.00
i_ras = (-1, -1.16415e-09, 0)
j_ras = (0, 0, -1)
k_ras = (-2.54659e-09, 1, 0)
writing to talsrcimg.img...
Analyze Output Matrix
-1.00000   0.00000  -0.00000   125.74457;
-0.00000   0.00000   1.00000  -120.39272;
 0.00000  -1.00000   0.00000   132.19189;
 0.00000   0.00000   0.00000   1.00000;
--------------------
INFO: set hdr.hist.orient to -1
mpr2mni305 talsrcimg
Sun Mar 15 08:15:17 CET 2026
/opt/freesurfer/bin/mpr2mni305 talsrcimg
mpr2mni305 7.3.2
target=711-2C_as_mni_average_305

---------------------------------------------------------------------
analyzeto4dfp talsrcimg -O0 -y
---------------------------------------------------------------------

freesurfer ifh2hdr.c
Sun Mar 15 08:15:17 2026
Writing: talsrcimg.4dfp.hdr
freesurfer analyzeto4dfp.c
Reading: talsrcimg.hdr
header size 348 bytes
hdr.dime.datatype	offset=70	value=2
hdr.dime.bitpix		offset=72	value=8
hdr.hist.orient		offset=252	value=-1
dimensionality     4
dimensions       256       256       256         1
Reading: talsrcimg.img
Writing: talsrcimg.4dfp.img
Writing: talsrcimg.4dfp.ifh
ifh2hdr talsrcimg -r0to220
ori=2

---------------------------------------------------------------------
gauss_4dfp talsrcimg 1.1
---------------------------------------------------------------------

freesurfer gauss_4dfp.c
Reading: talsrcimg.4dfp.img
Writing: talsrcimg_g11.4dfp.img
image dimensions 256 256 256 padded to 288 288 288
processing volume 1freesurfer ifh2hdr.c
Sun Mar 15 08:15:19 2026
Writing: talsrcimg_g11.4dfp.hdr

Writing: talsrcimg_g11.4dfp.ifh
including: talsrcimg.4dfp.img.rec in talsrcimg_g11.4dfp.img.rec

---------------------------------------------------------------------
imgreg_4dfp /opt/freesurfer/average/711-2C_as_mni_average_305 none talsrcimg_g11 none talsrcimg_to_711-2C_as_mni_average_305_t4 4355
---------------------------------------------------------------------

freesurfer imgreg_4dfp.c
/opt/freesurfer/average/711-2C_as_mni_average_305.4dfp.img
       256       256       256         1
  1.000000  1.000000  1.000000
orientation T byte_order littleendian
Reading image: /opt/freesurfer/average/711-2C_as_mni_average_305.4dfp.img
dimensions:      256       256       256
mmppix:       1.0000   -1.0000   -1.0000
center:     128.0000 -129.0000 -129.0000
talsrcimg_g11.4dfp.img
       256       256       256         1
  1.000000  1.000000  1.000000
orientation T byte_order littleendian
Reading image: talsrcimg_g11.4dfp.img
dimensions:      256       256       256
mmppix:       1.0000   -1.0000   -1.0000
center:     128.0000 -129.0000 -129.0000
t4_read: open error in t4_sub.f l:  41 t4_file(1:l)talsrcimg_to_711-2C_as_mni_average_305_t4 
t4_read: transform initialized to I4
rotation matrix determinant  1.000000
image alignment mode   4355 decimal     1103 hex
   -7.5000  -45.0000  -45.0000 5554.9224   14.2373
    0.0000  -45.0000  -45.0000 5771.4404   14.2711
    7.5000  -45.0000  -45.0000 5545.5425   14.3259
   -7.5000  -37.5000  -45.0000 6150.7979   13.8553
    0.0000  -37.5000  -45.0000 6391.0747   13.8884
    7.5000  -37.5000  -45.0000 6137.6841   13.9329
   -7.5000  -30.0000  -45.0000 6995.0981   13.6068
    0.0000  -30.0000  -45.0000 7298.7637   13.6355
    7.5000  -30.0000  -45.0000 7009.5815   13.6677
   -7.5000  -22.5000  -45.0000 7815.9204   13.4442
    0.0000  -22.5000  -45.0000 8163.0757   13.4701
    7.5000  -22.5000  -45.0000 7832.5879   13.4983
   -7.5000  -15.0000  -45.0000 8683.1533   13.3599
    0.0000  -15.0000  -45.0000 9056.0195   13.3871
    7.5000  -15.0000  -45.0000 8683.7773   13.4221
   -7.5000   -7.5000  -45.0000 9549.9014   13.3083
    0.0000   -7.5000  -45.0000 9960.3984   13.3382
    7.5000   -7.5000  -45.0000 9553.1045   13.3838
   -7.5000    0.0000  -45.000010355.7236   13.2997
    0.0000    0.0000  -45.000010804.2012   13.3315
    7.5000    0.0000  -45.000010343.7402   13.3804
   -7.5000    7.5000  -45.000010342.3525   13.2976
    0.0000    7.5000  -45.000010812.4971   13.3283
    7.5000    7.5000  -45.000010351.0879   13.3692
   -7.5000   15.0000  -45.000010242.9775   13.3004
    0.0000   15.0000  -45.000010730.3701   13.3274
    7.5000   15.0000  -45.000010255.3135   13.3577
   -7.5000   22.5000  -45.000010085.6133   13.3064
    0.0000   22.5000  -45.000010563.8428   13.3317
    7.5000   22.5000  -45.000010084.7832   13.3591
   -7.5000   30.0000  -45.0000 9875.0205   13.1335
    0.0000   30.0000  -45.000010332.5684   13.1601
    7.5000   30.0000  -45.0000 9874.2773   13.1943
   -7.5000   37.5000  -45.0000 9968.1270   13.1268
    0.0000   37.5000  -45.000010422.7617   13.1564
    7.5000   37.5000  -45.0000 9971.2324   13.2013
   -7.5000   45.0000  -45.0000 9565.8789   12.7893
    0.0000   45.0000  -45.0000 9969.4346   12.8199
    7.5000   45.0000  -45.0000 9535.6104   12.8669
   -7.5000  -45.0000  -37.5000 5988.9116   14.0839
    0.0000  -45.0000  -37.5000 6215.4678   14.1180
    7.5000  -45.0000  -37.5000 5965.3154   14.1667
   -7.5000  -37.5000  -37.5000 6598.5459   13.7068
    0.0000  -37.5000  -37.5000 6868.8735   13.7399
    7.5000  -37.5000  -37.5000 6594.8511   13.7803
   -7.5000  -30.0000  -37.5000 7474.7173   13.4598
    0.0000  -30.0000  -37.5000 7825.9756   13.4886
    7.5000  -30.0000  -37.5000 7513.8218   13.5201
   -7.5000  -22.5000  -37.5000 8370.4150   13.2964
    0.0000  -22.5000  -37.5000 8769.6748   13.3222
    7.5000  -22.5000  -37.5000 8397.8545   13.3510
   -7.5000  -15.0000  -37.5000 9319.0527   13.2110
    0.0000  -15.0000  -37.5000 9748.5254   13.2376
    7.5000  -15.0000  -37.5000 9330.9434   13.2712
   -7.5000   -7.5000  -37.500010285.0879   13.1614
    0.0000   -7.5000  -37.500010758.2500   13.1907
    7.5000   -7.5000  -37.500010288.0283   13.2314
   -7.5000    0.0000  -37.500011154.9590   13.1541
    0.0000    0.0000  -37.500011665.9668   13.1856
    7.5000    0.0000  -37.500011150.8828   13.2286
   -7.5000    7.5000  -37.500011135.1162   13.1517
    0.0000    7.5000  -37.500011668.1045   13.1822
    7.5000    7.5000  -37.500011124.6318   13.2194
   -7.5000   15.0000  -37.500010988.5664   13.1537
    0.0000   15.0000  -37.500011546.0166   13.1807
    7.5000   15.0000  -37.500010998.5205   13.2103
   -7.5000   22.5000  -37.500010777.3574   13.1583
    0.0000   22.5000  -37.500011314.3428   13.1833
    7.5000   22.5000  -37.500010783.4404   13.2114
   -7.5000   30.0000  -37.500010534.2119   12.9868
    0.0000   30.0000  -37.500011050.7812   13.0128
    7.5000   30.0000  -37.500010537.3428   13.0457
   -7.5000   37.5000  -37.500010629.5654   12.9820
    0.0000   37.5000  -37.500011146.2910   13.0109
    7.5000   37.5000  -37.500010630.8184   13.0510
   -7.5000   45.0000  -37.500010216.7529   12.6493
    0.0000   45.0000  -37.500010691.2188   12.6795
    7.5000   45.0000  -37.500010175.8135   12.7209
   -7.5000  -45.0000  -30.0000 6538.6982   14.5766
    0.0000  -45.0000  -30.0000 6794.6611   14.6123
    7.5000  -45.0000  -30.0000 6519.8540   14.6592
   -7.5000  -37.5000  -30.0000 7175.3999   14.1853
    0.0000  -37.5000  -30.0000 7491.7422   14.2195
    7.5000  -37.5000  -30.0000 7201.6655   14.2601
   -7.5000  -30.0000  -30.0000 8124.8530   13.9252
    0.0000  -30.0000  -30.0000 8528.6221   13.9539
    7.5000  -30.0000  -30.0000 8192.6699   13.9886
   -7.5000  -22.5000  -30.0000 9128.6670   13.7527
    0.0000  -22.5000  -30.0000 9575.2207   13.7777
    7.5000  -22.5000  -30.0000 9163.3789   13.8102
   -7.5000  -15.0000  -30.000010177.1221   13.6645
    0.0000  -15.0000  -30.000010665.3965   13.6902
    7.5000  -15.0000  -30.000010202.0723   13.7256
   -7.5000   -7.5000  -30.000011240.3262   13.6186
    0.0000   -7.5000  -30.000011768.6914   13.6480
    7.5000   -7.5000  -30.000011242.8799   13.6875
   -7.5000    0.0000  -30.000012167.6309   13.6132
    0.0000    0.0000  -30.000012756.4062   13.6457
    7.5000    0.0000  -30.000012186.6436   13.6867
   -7.5000    7.5000  -30.000012111.0898   13.6075
    0.0000    7.5000  -30.000012726.0107   13.6389
    7.5000    7.5000  -30.000012147.6006   13.6763
   -7.5000   15.0000  -30.000011960.7188   13.6057
    0.0000   15.0000  -30.000012585.5244   13.6326
    7.5000   15.0000  -30.000012010.2920   13.6652
   -7.5000   22.5000  -30.000011696.2275   13.6069
    0.0000   22.5000  -30.000012299.5332   13.6311
    7.5000   22.5000  -30.000011754.2930   13.6628
   -7.5000   30.0000  -30.000011430.7100   13.4340
    0.0000   30.0000  -30.000011994.0322   13.4592
    7.5000   30.0000  -30.000011452.5225   13.4938
   -7.5000   37.5000  -30.000011527.2559   13.4343
    0.0000   37.5000  -30.000012103.3057   13.4633
    7.5000   37.5000  -30.000011519.6514   13.5022
   -7.5000   45.0000  -30.000011062.5693   13.1004
    0.0000   45.0000  -30.000011580.6436   13.1316
    7.5000   45.0000  -30.000011010.0967   13.1711
   -7.5000  -45.0000  -22.5000 7090.5771   15.0201
    0.0000  -45.0000  -22.5000 7390.5249   15.0562
    7.5000  -45.0000  -22.5000 7088.5137   15.1059
   -7.5000  -37.5000  -22.5000 7777.1987   14.6164
    0.0000  -37.5000  -22.5000 8135.5488   14.6505
    7.5000  -37.5000  -22.5000 7810.0483   14.6930
   -7.5000  -30.0000  -22.5000 8821.1094   14.3440
    0.0000  -30.0000  -22.5000 9246.7979   14.3710
    7.5000  -30.0000  -22.5000 8860.9912   14.4069
   -7.5000  -22.5000  -22.5000 9923.9541   14.1632
    0.0000  -22.5000  -22.500010400.6924   14.1859
    7.5000  -22.5000  -22.5000 9950.6621   14.2196
   -7.5000  -15.0000  -22.500011080.6016   14.0724
    0.0000  -15.0000  -22.500011608.6572   14.0963
    7.5000  -15.0000  -22.500011092.8828   14.1334
   -7.5000   -7.5000  -22.500012218.7197   14.0290
    0.0000   -7.5000  -22.500012787.3252   14.0580
    7.5000   -7.5000  -22.500012200.0537   14.1001
   -7.5000    0.0000  -22.500013209.3770   14.0255
    0.0000    0.0000  -22.500013820.1582   14.0585
    7.5000    0.0000  -22.500013205.0176   14.1020
   -7.5000    7.5000  -22.500013145.6885   14.0182
    0.0000    7.5000  -22.500013772.1191   14.0492
    7.5000    7.5000  -22.500013167.3330   14.0884
   -7.5000   15.0000  -22.500012964.6279   14.0131
    0.0000   15.0000  -22.500013617.4863   14.0385
    7.5000   15.0000  -22.500013007.4512   14.0721
   -7.5000   22.5000  -22.500012679.6689   14.0111
    0.0000   22.5000  -22.500013282.2988   14.0332
    7.5000   22.5000  -22.500012718.1455   14.0660
   -7.5000   30.0000  -22.500012343.2510   13.8373
    0.0000   30.0000  -22.500012948.0586   13.8608
    7.5000   30.0000  -22.500012360.7529   13.8971
   -7.5000   37.5000  -22.500012401.4844   13.8412
    0.0000   37.5000  -22.500013009.8516   13.8699
    7.5000   37.5000  -22.500012404.1631   13.9114
   -7.5000   45.0000  -22.500011863.4521   13.5073
    0.0000   45.0000  -22.500012426.9688   13.5390
    7.5000   45.0000  -22.500011838.8369   13.5809
   -7.5000  -45.0000  -15.0000 7638.9609   15.3668
    0.0000  -45.0000  -15.0000 7988.1460   15.4028
    7.5000  -45.0000  -15.0000 7655.5928   15.4583
   -7.5000  -37.5000  -15.0000 8366.7266   14.9543
    0.0000  -37.5000  -15.0000 8787.3682   14.9883
    7.5000  -37.5000  -15.0000 8429.3760   15.0337
   -7.5000  -30.0000  -15.0000 9518.6797   14.6753
    0.0000  -30.0000  -15.000010001.0381   14.7014
    7.5000  -30.0000  -15.0000 9572.4639   14.7367
   -7.5000  -22.5000  -15.000010721.4404   14.4901
    0.0000  -22.5000  -15.000011264.6494   14.5120
    7.5000  -22.5000  -15.000010770.1094   14.5444
   -7.5000  -15.0000  -15.000011963.5771   14.3969
    0.0000  -15.0000  -15.000012532.3301   14.4207
    7.5000  -15.0000  -15.000011998.7646   14.4591
   -7.5000   -7.5000  -15.000013155.4736   14.3521
    0.0000   -7.5000  -15.000013779.9141   14.3815
    7.5000   -7.5000  -15.000013184.7959   14.4284
   -7.5000    0.0000  -15.000014205.6338   14.3490
    0.0000    0.0000  -15.000014868.1494   14.3823
    7.5000    0.0000  -15.000014263.9258   14.4314
   -7.5000    7.5000  -15.000014149.8955   14.3424
    0.0000    7.5000  -15.000014823.4541   14.3732
    7.5000    7.5000  -15.000014202.9492   14.4151
   -7.5000   15.0000  -15.000013969.3848   14.3370
    0.0000   15.0000  -15.000014657.7305   14.3616
    7.5000   15.0000  -15.000014007.8906   14.3947
   -7.5000   22.5000  -15.000013650.1904   14.3340
    0.0000   22.5000  -15.000014309.3096   14.3552
    7.5000   22.5000  -15.000013689.9609   14.3868
   -7.5000   30.0000  -15.000013262.7607   14.1585
    0.0000   30.0000  -15.000013919.5312   14.1818
    7.5000   30.0000  -15.000013301.4941   14.2195
   -7.5000   37.5000  -15.000013302.4111   14.1620
    0.0000   37.5000  -15.000013964.2412   14.1911
    7.5000   37.5000  -15.000013321.5312   14.2374
   -7.5000   45.0000  -15.000012682.9277   13.8271
    0.0000   45.0000  -15.000013305.4365   13.8592
    7.5000   45.0000  -15.000012685.6875   13.9065
   -7.5000  -45.0000   -7.5000 8194.5479   15.5460
    0.0000  -45.0000   -7.5000 8576.1846   15.5815
    7.5000  -45.0000   -7.5000 8202.8486   15.6408
   -7.5000  -37.5000   -7.5000 9000.4854   15.1281
    0.0000  -37.5000   -7.5000 9459.5166   15.1623
    7.5000  -37.5000   -7.5000 9063.1143   15.2100
   -7.5000  -30.0000   -7.500010279.9990   14.8485
    0.0000  -30.0000   -7.500010798.9590   14.8759
    7.5000  -30.0000   -7.500010324.4014   14.9102
   -7.5000  -22.5000   -7.500011564.0195   14.6630
    0.0000  -22.5000   -7.500012162.5742   14.6868
    7.5000  -22.5000   -7.500011626.3154   14.7170
   -7.5000  -15.0000   -7.500012859.6016   14.5677
    0.0000  -15.0000   -7.500013514.5107   14.5932
    7.5000  -15.0000   -7.500012926.6885   14.6311
   -7.5000   -7.5000   -7.500014125.6846   14.5180
    0.0000   -7.5000   -7.500014850.6611   14.5479
    7.5000   -7.5000   -7.500014215.3955   14.5974
   -7.5000    0.0000   -7.500015256.1436   14.5128
    0.0000    0.0000   -7.500016007.9707   14.5459
    7.5000    0.0000   -7.500015372.6064   14.5986
   -7.5000    7.5000   -7.500015179.4023   14.5083
    0.0000    7.5000   -7.500015918.8867   14.5394
    7.5000    7.5000   -7.500015267.5186   14.5831
   -7.5000   15.0000   -7.500014937.3574   14.5058
    0.0000   15.0000   -7.500015722.5322   14.5316
    7.5000   15.0000   -7.500015034.8945   14.5637
   -7.5000   22.5000   -7.500014612.8594   14.5035
    0.0000   22.5000   -7.500015372.8789   14.5266
    7.5000   22.5000   -7.500014686.4775   14.5559
   -7.5000   30.0000   -7.500014223.6338   14.3262
    0.0000   30.0000   -7.500014969.7207   14.3511
    7.5000   30.0000   -7.500014276.9941   14.3882
   -7.5000   37.5000   -7.500014285.4590   14.3253
    0.0000   37.5000   -7.500015020.3330   14.3549
    7.5000   37.5000   -7.500014314.6445   14.4037
   -7.5000   45.0000   -7.500013553.8799   13.9876
    0.0000   45.0000   -7.500014249.1963   14.0196
    7.5000   45.0000   -7.500013585.3789   14.0703
   -7.5000  -45.0000    0.0000 8736.4717   15.5758
    0.0000  -45.0000    0.0000 9150.0479   15.6118
    7.5000  -45.0000    0.0000 8745.3438   15.6698
   -7.5000  -37.5000    0.0000 9628.8477   15.1563
    0.0000  -37.5000    0.000010121.9697   15.1916
    7.5000  -37.5000    0.0000 9688.4990   15.2385
   -7.5000  -30.0000    0.000011002.9570   14.8796
    0.0000  -30.0000    0.000011572.8125   14.9097
    7.5000  -30.0000    0.000011054.4580   14.9434
   -7.5000  -22.5000    0.000012345.3740   14.6959
    0.0000  -22.5000    0.000013007.6484   14.7229
    7.5000  -22.5000    0.000012434.7383   14.7524
   -7.5000  -15.0000    0.000013705.2363   14.5990
    0.0000  -15.0000    0.000014433.5039   14.6272
    7.5000  -15.0000    0.000013813.7451   14.6640
   -7.5000   -7.5000    0.000015053.6738   14.5448
    0.0000   -7.5000    0.000015845.0059   14.5761
    7.5000   -7.5000    0.000015173.7207   14.6241
   -7.5000    0.0000    0.000016239.6074   14.5371
    0.0000    0.0000    0.000017089.8457   14.5706
    7.5000    0.0000    0.000016399.7793   14.6221
   -7.5000    7.5000    0.000016152.0371   14.5344
    0.0000    7.5000    0.000017004.8945   14.5667
    7.5000    7.5000    0.000016308.1953   14.6095
   -7.5000   15.0000    0.000015853.3770   14.5355
    0.0000   15.0000    0.000016723.3984   14.5638
    7.5000   15.0000    0.000016032.3477   14.5953
   -7.5000   22.5000    0.000015502.2324   14.5358
    0.0000   22.5000    0.000016349.0693   14.5621
    7.5000   22.5000    0.000015634.1348   14.5907
   -7.5000   30.0000    0.000015123.9365   14.3573
    0.0000   30.0000    0.000015917.7744   14.3850
    7.5000   30.0000    0.000015204.8926   14.4210
   -7.5000   37.5000    0.000015172.5078   14.3522
    0.0000   37.5000    0.000015979.7715   14.3831
    7.5000   37.5000    0.000015240.1104   14.4304
   -7.5000   45.0000    0.000014356.0303   14.0121
    0.0000   45.0000    0.000015102.2471   14.0444
    7.5000   45.0000    0.000014392.9141   14.0940
   -7.5000  -45.0000    7.5000 8594.1816   15.5757
    0.0000  -45.0000    7.5000 9030.2012   15.6131
    7.5000  -45.0000    7.5000 8618.0488   15.6663
   -7.5000  -37.5000    7.5000 9513.8535   15.1562
    0.0000  -37.5000    7.500010025.2451   15.1925
    7.5000  -37.5000    7.5000 9585.4697   15.2368
   -7.5000  -30.0000    7.500010875.2363   14.8798
    0.0000  -30.0000    7.500011459.8584   14.9115
    7.5000  -30.0000    7.500010957.9883   14.9462
   -7.5000  -22.5000    7.500012216.3506   14.6959
    0.0000  -22.5000    7.500012849.3818   14.7243
    7.5000  -22.5000    7.500012309.8066   14.7560
   -7.5000  -15.0000    7.500013540.1123   14.5986
    0.0000  -15.0000    7.500014248.6338   14.6279
    7.5000  -15.0000    7.500013670.6572   14.6646
   -7.5000   -7.5000    7.500014815.1504   14.5450
    0.0000   -7.5000    7.500015577.2373   14.5771
    7.5000   -7.5000    7.500014971.0186   14.6213
   -7.5000    0.0000    7.500015966.7832   14.5372
    0.0000    0.0000    7.500016810.2871   14.5715
    7.5000    0.0000    7.500016152.6025   14.6182
   -7.5000    7.5000    7.500015911.1797   14.5339
    0.0000    7.5000    7.500016763.0273   14.5673
    7.5000    7.5000    7.500016082.4531   14.6079
   -7.5000   15.0000    7.500015669.0879   14.5355
    0.0000   15.0000    7.500016522.0332   14.5652
    7.5000   15.0000    7.500015846.8418   14.5977
   -7.5000   22.5000    7.500015304.5352   14.5358
    0.0000   22.5000    7.500016120.1846   14.5633
    7.5000   22.5000    7.500015473.1045   14.5942
   -7.5000   30.0000    7.500014899.3027   14.3570
    0.0000   30.0000    7.500015634.5703   14.3856
    7.5000   30.0000    7.500015035.3740   14.4216
   -7.5000   37.5000    7.500014867.4014   14.3523
    0.0000   37.5000    7.500015628.1025   14.3840
    7.5000   37.5000    7.500014997.8125   14.4277
   -7.5000   45.0000    7.500014026.6357   14.0122
    0.0000   45.0000    7.500014770.0400   14.0452
    7.5000   45.0000    7.500014109.0312   14.0903
   -7.5000  -45.0000   15.0000 8346.3486   15.5783
    0.0000  -45.0000   15.0000 8766.9238   15.6164
    7.5000  -45.0000   15.0000 8378.2588   15.6663
   -7.5000  -37.5000   15.0000 9287.3809   15.1588
    0.0000  -37.5000   15.0000 9773.6104   15.1952
    7.5000  -37.5000   15.0000 9342.8994   15.2384
   -7.5000  -30.0000   15.000010603.1924   14.8792
    0.0000  -30.0000   15.000011170.8623   14.9098
    7.5000  -30.0000   15.000010692.3213   14.9467
   -7.5000  -22.5000   15.000011911.3701   14.6931
    0.0000  -22.5000   15.000012502.2441   14.7198
    7.5000  -22.5000   15.000012006.9707   14.7543
   -7.5000  -15.0000   15.000013199.8691   14.5973
    0.0000  -15.0000   15.000013852.7227   14.6247
    7.5000  -15.0000   15.000013335.4707   14.6622
   -7.5000   -7.5000   15.000014428.0078   14.5485
    0.0000   -7.5000   15.000015122.5566   14.5797
    7.5000   -7.5000   15.000014598.8213   14.6216
   -7.5000    0.0000   15.000015510.0088   14.5429
    0.0000    0.0000   15.000016267.7031   14.5774
    7.5000    0.0000   15.000015712.7285   14.6209
   -7.5000    7.5000   15.000015470.4707   14.5370
    0.0000    7.5000   15.000016207.0137   14.5704
    7.5000    7.5000   15.000015615.2734   14.6101
   -7.5000   15.0000   15.000015314.7500   14.5351
    0.0000   15.0000   15.000016124.6924   14.5638
    7.5000   15.0000   15.000015488.4902   14.5984
   -7.5000   22.5000   15.000015016.6377   14.5330
    0.0000   22.5000   15.000015786.8838   14.5589
    7.5000   22.5000   15.000015219.4697   14.5925
   -7.5000   30.0000   15.000014582.9971   14.3556
    0.0000   30.0000   15.000015280.2100   14.3824
    7.5000   30.0000   15.000014732.5635   14.4192
   -7.5000   37.5000   15.000014497.5576   14.3558
    0.0000   37.5000   15.000015208.7422   14.3867
    7.5000   37.5000   15.000014600.4170   14.4279
   -7.5000   45.0000   15.000013611.2891   14.0177
    0.0000   45.0000   15.000014306.6748   14.0509
    7.5000   45.0000   15.000013682.8818   14.0928
   -7.5000  -45.0000   22.5000 7971.2871   15.5811
    0.0000  -45.0000   22.5000 8387.7930   15.6187
    7.5000  -45.0000   22.5000 8040.6851   15.6701
   -7.5000  -37.5000   22.5000 8907.3486   15.1622
    0.0000  -37.5000   22.5000 9386.1025   15.1976
    7.5000  -37.5000   22.5000 8986.6006   15.2416
   -7.5000  -30.0000   22.500010189.1416   14.8794
    0.0000  -30.0000   22.500010740.0098   14.9075
    7.5000  -30.0000   22.500010292.9512   14.9446
   -7.5000  -22.5000   22.500011427.1719   14.6916
    0.0000  -22.5000   22.500012012.5049   14.7153
    7.5000  -22.5000   22.500011553.3955   14.7500
   -7.5000  -15.0000   22.500012651.3438   14.5971
    0.0000  -15.0000   22.500013291.8545   14.6221
    7.5000  -15.0000   22.500012785.4932   14.6604
   -7.5000   -7.5000   22.500013832.5352   14.5522
    0.0000   -7.5000   22.500014503.5986   14.5824
    7.5000   -7.5000   22.500013986.8398   14.6259
   -7.5000    0.0000   22.500014902.5107   14.5487
    0.0000    0.0000   22.500015571.7812   14.5830
    7.5000    0.0000   22.500015052.3467   14.6280
   -7.5000    7.5000   22.500014883.9688   14.5412
    0.0000    7.5000   22.500015516.6875   14.5735
    7.5000    7.5000   22.500015001.9316   14.6141
   -7.5000   15.0000   22.500014758.3447   14.5360
    0.0000   15.0000   22.500015488.0107   14.5624
    7.5000   15.0000   22.500014898.1904   14.5972
   -7.5000   22.5000   22.500014535.6025   14.5316
    0.0000   22.5000   22.500015291.5947   14.5546
    7.5000   22.5000   22.500014669.7764   14.5884
   -7.5000   30.0000   22.500014141.1865   14.3554
    0.0000   30.0000   22.500014838.5557   14.3798
    7.5000   30.0000   22.500014212.2295   14.4174
   -7.5000   37.5000   22.500014022.1719   14.3595
    0.0000   37.5000   22.500014695.9189   14.3893
    7.5000   37.5000   22.500014051.0947   14.4322
   -7.5000   45.0000   22.500013107.4297   14.0233
    0.0000   45.0000   22.500013759.0332   14.0563
    7.5000   45.0000   22.500013130.4463   14.0997
   -7.5000  -45.0000   30.0000 7525.3579   15.6326
    0.0000  -45.0000   30.0000 7909.6626   15.6694
    7.5000  -45.0000   30.0000 7626.1362   15.7261
   -7.5000  -37.5000   30.0000 8421.7480   15.2117
    0.0000  -37.5000   30.0000 8871.0791   15.2463
    7.5000  -37.5000   30.0000 8525.1699   15.2927
   -7.5000  -30.0000   30.0000 9650.4668   14.9270
    0.0000  -30.0000   30.000010170.0889   14.9535
    7.5000  -30.0000   30.0000 9764.9834   14.9895
   -7.5000  -22.5000   30.000010850.1709   14.7380
    0.0000  -22.5000   30.000011420.7090   14.7604
    7.5000  -22.5000   30.000010966.4746   14.7934
   -7.5000  -15.0000   30.000012009.0869   14.6430
    0.0000  -15.0000   30.000012630.2734   14.6673
    7.5000  -15.0000   30.000012126.2676   14.7065
   -7.5000   -7.5000   30.000013117.3330   14.5973
    0.0000   -7.5000   30.000013785.3379   14.6273
    7.5000   -7.5000   30.000013260.7979   14.6752
   -7.5000    0.0000   30.000014180.5068   14.5939
    0.0000    0.0000   30.000014855.0322   14.6279
    7.5000    0.0000   30.000014310.0850   14.6781
   -7.5000    7.5000   30.000014196.4121   14.5872
    0.0000    7.5000   30.000014813.7861   14.6186
    7.5000    7.5000   30.000014283.9424   14.6613
   -7.5000   15.0000   30.000014055.2432   14.5817
    0.0000   15.0000   30.000014702.4668   14.6067
    7.5000   15.0000   30.000014134.3311   14.6406
   -7.5000   22.5000   30.000013788.0195   14.5772
    0.0000   22.5000   30.000014431.4795   14.5988
    7.5000   22.5000   30.000013862.2314   14.6310
   -7.5000   30.0000   30.000013403.7969   14.4004
    0.0000   30.0000   30.000014036.4443   14.4242
    7.5000   30.0000   30.000013479.4805   14.4626
   -7.5000   37.5000   30.000013324.9912   14.4039
    0.0000   37.5000   30.000013949.3594   14.4336
    7.5000   37.5000   30.000013358.3164   14.4808
   -7.5000   45.0000   30.000012449.3730   14.0669
    0.0000   45.0000   30.000013045.2227   14.0997
    7.5000   45.0000   30.000012461.8721   14.1480
   -7.5000  -45.0000   37.5000 7325.6655   15.7040
    0.0000  -45.0000   37.5000 7700.9126   15.7400
    7.5000  -45.0000   37.5000 7432.9990   15.8004
   -7.5000  -37.5000   37.5000 8188.1523   15.2811
    0.0000  -37.5000   37.5000 8623.7305   15.3158
    7.5000  -37.5000   37.5000 8302.6357   15.3643
   -7.5000  -30.0000   37.5000 9403.5137   14.9977
    0.0000  -30.0000   37.5000 9906.7900   15.0256
    7.5000  -30.0000   37.5000 9505.8730   15.0604
   -7.5000  -22.5000   37.500010582.3164   14.8096
    0.0000  -22.5000   37.500011153.6289   14.8337
    7.5000  -22.5000   37.500010702.7188   14.8644
   -7.5000  -15.0000   37.500011745.0586   14.7129
    0.0000  -15.0000   37.500012350.8447   14.7387
    7.5000  -15.0000   37.500011859.0225   14.7772
   -7.5000   -7.5000   37.500012850.3096   14.6624
    0.0000   -7.5000   37.500013493.2969   14.6928
    7.5000   -7.5000   37.500012985.2939   14.7431
   -7.5000    0.0000   37.500013901.1494   14.6570
    0.0000    0.0000   37.500014531.1816   14.6907
    7.5000    0.0000   37.500014018.7734   14.7444
   -7.5000    7.5000   37.500013868.7539   14.6523
    0.0000    7.5000   37.500014446.9561   14.6839
    7.5000    7.5000   37.500013967.3994   14.7283
   -7.5000   15.0000   37.500013709.9219   14.6496
    0.0000   15.0000   37.500014274.0850   14.6758
    7.5000   15.0000   37.500013790.7998   14.7084
   -7.5000   22.5000   37.500013449.8232   14.6473
    0.0000   22.5000   37.500014019.1055   14.6708
    7.5000   22.5000   37.500013520.3584   14.7006
   -7.5000   30.0000   37.500013103.3057   14.4689
    0.0000   30.0000   37.500013686.4238   14.4942
    7.5000   30.0000   37.500013175.9697   14.5319
   -7.5000   37.5000   37.500013040.0850   14.4681
    0.0000   37.5000   37.500013634.3066   14.4982
    7.5000   37.5000   37.500013075.5029   14.5478
   -7.5000   45.0000   37.500012166.5537   14.1276
    0.0000   45.0000   37.500012750.1299   14.1602
    7.5000   45.0000   37.500012207.6689   14.2119
   -7.5000  -45.0000   45.0000 6790.3242   15.7329
    0.0000  -45.0000   45.0000 7133.6885   15.7699
    7.5000  -45.0000   45.0000 6881.5288   15.8293
   -7.5000  -37.5000   45.0000 7573.4536   15.3078
    0.0000  -37.5000   45.0000 7975.4331   15.3441
    7.5000  -37.5000   45.0000 7674.2222   15.3920
   -7.5000  -30.0000   45.0000 8684.5781   15.0277
    0.0000  -30.0000   45.0000 9164.0195   15.0588
    7.5000  -30.0000   45.0000 8795.4844   15.0934
   -7.5000  -22.5000   45.0000 9798.5928   14.8421
    0.0000  -22.5000   45.000010340.9688   14.8701
    7.5000  -22.5000   45.0000 9913.9043   14.9004
   -7.5000  -15.0000   45.000010876.2119   14.7449
    0.0000  -15.0000   45.000011447.2188   14.7742
    7.5000  -15.0000   45.000010986.2969   14.8121
   -7.5000   -7.5000   45.000011909.4131   14.6897
    0.0000   -7.5000   45.000012511.5303   14.7221
    7.5000   -7.5000   45.000012041.1963   14.7713
   -7.5000    0.0000   45.000012884.7002   14.6819
    0.0000    0.0000   45.000013490.6172   14.7165
    7.5000    0.0000   45.000012991.4102   14.7692
   -7.5000    7.5000   45.000012860.3174   14.6791
    0.0000    7.5000   45.000013434.8545   14.7124
    7.5000    7.5000   45.000012946.4434   14.7562
   -7.5000   15.0000   45.000012682.7227   14.6802
    0.0000   15.0000   45.000013244.4922   14.7094
    7.5000   15.0000   45.000012770.2373   14.7418
   -7.5000   22.5000   45.000012436.8975   14.6805
    0.0000   22.5000   45.000012974.4297   14.7077
    7.5000   22.5000   45.000012504.7109   14.7371
   -7.5000   30.0000   45.000012123.8086   14.4990
    0.0000   30.0000   45.000012670.7568   14.5277
    7.5000   30.0000   45.000012196.8779   14.5648
   -7.5000   37.5000   45.000012079.5078   14.4939
    0.0000   37.5000   45.000012635.2432   14.5258
    7.5000   37.5000   45.000012127.2012   14.5744
   -7.5000   45.0000   45.000011280.5049   14.1581
    0.0000   45.0000   45.000011811.7344   14.1914
    7.5000   45.0000   45.000011332.9023   14.2423

---------------------------------------------------------------------
imgreg_4dfp /opt/freesurfer/average/711-2C_as_mni_average_305 /opt/freesurfer/average/711-2B_as_mni_average_305_mask talsrcimg_g11 none talsrcimg_to_711-2C_as_mni_average_305_t4 4355
---------------------------------------------------------------------

freesurfer imgreg_4dfp.c
/opt/freesurfer/average/711-2C_as_mni_average_305.4dfp.img
       256       256       256         1
  1.000000  1.000000  1.000000
orientation T byte_order littleendian
Reading image: /opt/freesurfer/average/711-2C_as_mni_average_305.4dfp.img
dimensions:      256       256       256
mmppix:       1.0000   -1.0000   -1.0000
center:     128.0000 -129.0000 -129.0000
/opt/freesurfer/average/711-2B_as_mni_average_305_mask.4dfp.img
       256       256       256         1
  1.000000  1.000000  1.000000
orientation T byte_order littleendian
Reading mask: /opt/freesurfer/average/711-2B_as_mni_average_305_mask.4dfp.img (2306576 pixels)
talsrcimg_g11.4dfp.img
       256       256       256         1
  1.000000  1.000000  1.000000
orientation T byte_order littleendian
Reading image: talsrcimg_g11.4dfp.img
dimensions:      256       256       256
mmppix:       1.0000   -1.0000   -1.0000
center:     128.0000 -129.0000 -129.0000
rotation matrix determinant  1.000000
image alignment mode   4355 decimal     1103 hex
   -7.5000  -45.0000  -45.0000 1658.7705   26.3650
    0.0000  -45.0000  -45.0000 1661.6552   26.1247
    7.5000  -45.0000  -45.0000 1642.3224   26.5491
   -7.5000  -37.5000  -45.0000 1784.1847   22.9255
    0.0000  -37.5000  -45.0000 1788.1492   22.6641
    7.5000  -37.5000  -45.0000 1766.5308   22.9295
   -7.5000  -30.0000  -45.0000 1898.5920   20.2300
    0.0000  -30.0000  -45.0000 1908.6549   20.0015
    7.5000  -30.0000  -45.0000 1889.8782   20.1917
   -7.5000  -22.5000  -45.0000 1990.3318   18.1413
    0.0000  -22.5000  -45.0000 2002.2290   18.0063
    7.5000  -22.5000  -45.0000 1982.8015   18.1541
   -7.5000  -15.0000  -45.0000 2071.7700   16.6387
    0.0000  -15.0000  -45.0000 2084.9780   16.5131
    7.5000  -15.0000  -45.0000 2067.5447   16.6319
   -7.5000   -7.5000  -45.0000 2141.2651   15.5406
    0.0000   -7.5000  -45.0000 2151.1245   15.4673
    7.5000   -7.5000  -45.0000 2140.1736   15.5771
   -7.5000    0.0000  -45.0000 2191.9490   14.7788
    0.0000    0.0000  -45.0000 2200.1726   14.7029
    7.5000    0.0000  -45.0000 2188.4907   14.8085
   -7.5000    7.5000  -45.0000 2215.7446   14.2731
    0.0000    7.5000  -45.0000 2229.1841   14.1833
    7.5000    7.5000  -45.0000 2219.0820   14.2847
   -7.5000   15.0000  -45.0000 2224.8335   14.0320
    0.0000   15.0000  -45.0000 2238.1711   13.9407
    7.5000   15.0000  -45.0000 2228.7903   14.0317
   -7.5000   22.5000  -45.0000 2217.1277   14.1034
    0.0000   22.5000  -45.0000 2236.8513   13.9869
    7.5000   22.5000  -45.0000 2225.2646   14.0838
   -7.5000   30.0000  -45.0000 2198.9543   14.4052
    0.0000   30.0000  -45.0000 2216.7861   14.2840
    7.5000   30.0000  -45.0000 2204.3521   14.3971
   -7.5000   37.5000  -45.0000 2166.7898   14.9573
    0.0000   37.5000  -45.0000 2180.5293   14.8288
    7.5000   37.5000  -45.0000 2171.7053   14.9462
   -7.5000   45.0000  -45.0000 2120.2383   15.7965
    0.0000   45.0000  -45.0000 2133.2844   15.6322
    7.5000   45.0000  -45.0000 2124.9392   15.7175
   -7.5000  -45.0000  -37.5000 1733.4415   24.1952
    0.0000  -45.0000  -37.5000 1736.7589   23.9546
    7.5000  -45.0000  -37.5000 1714.8231   24.3445
   -7.5000  -37.5000  -37.5000 1859.3125   20.9855
    0.0000  -37.5000  -37.5000 1864.4310   20.7987
    7.5000  -37.5000  -37.5000 1843.6151   21.0300
   -7.5000  -30.0000  -37.5000 1971.6501   18.4790
    0.0000  -30.0000  -37.5000 1986.8423   18.3413
    7.5000  -30.0000  -37.5000 1967.7263   18.5128
   -7.5000  -22.5000  -37.5000 2071.4980   16.5926
    0.0000  -22.5000  -37.5000 2088.6519   16.5020
    7.5000  -22.5000  -37.5000 2071.1594   16.6189
   -7.5000  -15.0000  -37.5000 2167.4663   15.2119
    0.0000  -15.0000  -37.5000 2183.8328   15.1502
    7.5000  -15.0000  -37.5000 2166.2944   15.2186
   -7.5000   -7.5000  -37.5000 2248.3430   14.2265
    0.0000   -7.5000  -37.5000 2261.1501   14.1747
    7.5000   -7.5000  -37.5000 2246.9895   14.2628
   -7.5000    0.0000  -37.5000 2300.6377   13.5055
    0.0000    0.0000  -37.5000 2310.2251   13.4730
    7.5000    0.0000  -37.5000 2298.8884   13.5487
   -7.5000    7.5000  -37.5000 2329.0989   13.0488
    0.0000    7.5000  -37.5000 2344.9961   12.9933
    7.5000    7.5000  -37.5000 2330.2998   13.0466
   -7.5000   15.0000  -37.5000 2331.5515   12.8300
    0.0000   15.0000  -37.5000 2349.6038   12.7649
    7.5000   15.0000  -37.5000 2337.3704   12.8166
   -7.5000   22.5000  -37.5000 2319.0088   12.8621
    0.0000   22.5000  -37.5000 2337.2471   12.7703
    7.5000   22.5000  -37.5000 2325.9946   12.8307
   -7.5000   30.0000  -37.5000 2299.4551   13.0854
    0.0000   30.0000  -37.5000 2317.3638   12.9998
    7.5000   30.0000  -37.5000 2306.4761   13.0557
   -7.5000   37.5000  -37.5000 2267.8496   13.5610
    0.0000   37.5000  -37.5000 2281.8423   13.4733
    7.5000   37.5000  -37.5000 2278.1812   13.5448
   -7.5000   45.0000  -37.5000 2224.2141   14.3313
    0.0000   45.0000  -37.5000 2240.3401   14.1838
    7.5000   45.0000  -37.5000 2234.4224   14.2532
   -7.5000  -45.0000  -30.0000 1834.0720   23.1780
    0.0000  -45.0000  -30.0000 1838.2225   22.9830
    7.5000  -45.0000  -30.0000 1819.4973   23.2731
   -7.5000  -37.5000  -30.0000 1959.9569   19.9732
    0.0000  -37.5000  -30.0000 1971.2576   19.8696
    7.5000  -37.5000  -30.0000 1958.1440   20.0823
   -7.5000  -30.0000  -30.0000 2080.3552   17.5836
    0.0000  -30.0000  -30.0000 2100.4912   17.4936
    7.5000  -30.0000  -30.0000 2087.8716   17.6321
   -7.5000  -22.5000  -30.0000 2196.4885   15.7998
    0.0000  -22.5000  -30.0000 2212.6855   15.7200
    7.5000  -22.5000  -30.0000 2196.3079   15.8059
   -7.5000  -15.0000  -30.0000 2303.5662   14.5016
    0.0000  -15.0000  -30.0000 2318.0044   14.4263
    7.5000  -15.0000  -30.0000 2302.9211   14.4915
   -7.5000   -7.5000  -30.0000 2392.6895   13.5258
    0.0000   -7.5000  -30.0000 2407.0081   13.4797
    7.5000   -7.5000  -30.0000 2388.4070   13.5531
   -7.5000    0.0000  -30.0000 2448.6116   12.8373
    0.0000    0.0000  -30.0000 2463.5691   12.7829
    7.5000    0.0000  -30.0000 2445.4690   12.8287
   -7.5000    7.5000  -30.0000 2477.0271   12.3860
    0.0000    7.5000  -30.0000 2494.8052   12.3129
    7.5000    7.5000  -30.0000 2480.6682   12.3537
   -7.5000   15.0000  -30.0000 2486.4126   12.1475
    0.0000   15.0000  -30.0000 2506.2849   12.0674
    7.5000   15.0000  -30.0000 2493.1143   12.1126
   -7.5000   22.5000  -30.0000 2471.5625   12.1522
    0.0000   22.5000  -30.0000 2489.0833   12.0697
    7.5000   22.5000  -30.0000 2485.2271   12.1256
   -7.5000   30.0000  -30.0000 2446.0908   12.3940
    0.0000   30.0000  -30.0000 2468.1711   12.3135
    7.5000   30.0000  -30.0000 2463.1465   12.3590
   -7.5000   37.5000  -30.0000 2414.1284   12.8462
    0.0000   37.5000  -30.0000 2436.4641   12.7404
    7.5000   37.5000  -30.0000 2430.7119   12.7895
   -7.5000   45.0000  -30.0000 2369.6921   13.5650
    0.0000   45.0000  -30.0000 2392.6638   13.4145
    7.5000   45.0000  -30.0000 2385.0134   13.4598
   -7.5000  -45.0000  -22.5000 1905.0653   22.1056
    0.0000  -45.0000  -22.5000 1909.7000   21.9362
    7.5000  -45.0000  -22.5000 1898.9043   22.2469
   -7.5000  -37.5000  -22.5000 2038.0305   18.9751
    0.0000  -37.5000  -22.5000 2051.7607   18.9192
    7.5000  -37.5000  -22.5000 2043.0165   19.0945
   -7.5000  -30.0000  -22.5000 2169.5015   16.6806
    0.0000  -30.0000  -22.5000 2185.4629   16.6053
    7.5000  -30.0000  -22.5000 2174.9309   16.7131
   -7.5000  -22.5000  -22.5000 2294.4919   15.0079
    0.0000  -22.5000  -22.5000 2305.7385   14.8933
    7.5000  -22.5000  -22.5000 2294.9565   14.9589
   -7.5000  -15.0000  -22.5000 2408.8909   13.7388
    0.0000  -15.0000  -22.5000 2425.1104   13.6455
    7.5000  -15.0000  -22.5000 2409.3875   13.7117
   -7.5000   -7.5000  -22.5000 2504.4155   12.7969
    0.0000   -7.5000  -22.5000 2519.5972   12.7149
    7.5000   -7.5000  -22.5000 2499.6521   12.7810
   -7.5000    0.0000  -22.5000 2559.2729   12.0895
    0.0000    0.0000  -22.5000 2575.3115   12.0155
    7.5000    0.0000  -22.5000 2557.8010   12.0787
   -7.5000    7.5000  -22.5000 2597.5679   11.6386
    0.0000    7.5000  -22.5000 2615.4817   11.5444
    7.5000    7.5000  -22.5000 2601.2246   11.6113
   -7.5000   15.0000  -22.5000 2616.5825   11.4130
    0.0000   15.0000  -22.5000 2633.9163   11.3097
    7.5000   15.0000  -22.5000 2621.0940   11.3680
   -7.5000   22.5000  -22.5000 2606.7500   11.4272
    0.0000   22.5000  -22.5000 2621.9810   11.3220
    7.5000   22.5000  -22.5000 2619.3250   11.3766
   -7.5000   30.0000  -22.5000 2580.1262   11.6605
    0.0000   30.0000  -22.5000 2600.1836   11.5549
    7.5000   30.0000  -22.5000 2595.4568   11.5960
   -7.5000   37.5000  -22.5000 2540.4431   12.1037
    0.0000   37.5000  -22.5000 2563.0327   11.9827
    7.5000   37.5000  -22.5000 2558.6396   12.0187
   -7.5000   45.0000  -22.5000 2489.8330   12.7772
    0.0000   45.0000  -22.5000 2513.0857   12.6259
    7.5000   45.0000  -22.5000 2506.8735   12.6442
   -7.5000  -45.0000  -15.0000 1950.1278   21.0940
    0.0000  -45.0000  -15.0000 1959.0903   20.9951
    7.5000  -45.0000  -15.0000 1951.5065   21.2141
   -7.5000  -37.5000  -15.0000 2088.0547   18.0475
    0.0000  -37.5000  -15.0000 2101.4426   17.9819
    7.5000  -37.5000  -15.0000 2097.6418   18.1686
   -7.5000  -30.0000  -15.0000 2231.0396   15.8584
    0.0000  -30.0000  -15.0000 2245.4966   15.7685
    7.5000  -30.0000  -15.0000 2236.7986   15.8978
   -7.5000  -22.5000  -15.0000 2359.4749   14.2431
    0.0000  -22.5000  -15.0000 2380.6204   14.1478
    7.5000  -22.5000  -15.0000 2364.9780   14.2388
   -7.5000  -15.0000  -15.0000 2480.2942   13.0094
    0.0000  -15.0000  -15.0000 2496.4048   12.8974
    7.5000  -15.0000  -15.0000 2481.1748   13.0021
   -7.5000   -7.5000  -15.0000 2576.7551   12.0590
    0.0000   -7.5000  -15.0000 2592.5254   11.9663
    7.5000   -7.5000  -15.0000 2574.7800   12.0792
   -7.5000    0.0000  -15.0000 2637.0703   11.3645
    0.0000    0.0000  -15.0000 2654.7288   11.2825
    7.5000    0.0000  -15.0000 2640.5317   11.3941
   -7.5000    7.5000  -15.0000 2683.3645   10.9191
    0.0000    7.5000  -15.0000 2703.2639   10.8228
    7.5000    7.5000  -15.0000 2693.7004   10.9068
   -7.5000   15.0000  -15.0000 2712.5259   10.7007
    0.0000   15.0000  -15.0000 2731.5483   10.5804
    7.5000   15.0000  -15.0000 2721.0476   10.6697
   -7.5000   22.5000  -15.0000 2713.6819   10.7060
    0.0000   22.5000  -15.0000 2728.6636   10.6029
    7.5000   22.5000  -15.0000 2721.2051   10.6551
   -7.5000   30.0000  -15.0000 2686.0474   10.9496
    0.0000   30.0000  -15.0000 2706.4563   10.8347
    7.5000   30.0000  -15.0000 2703.5076   10.8770
   -7.5000   37.5000  -15.0000 2648.1196   11.3820
    0.0000   37.5000  -15.0000 2673.4907   11.2568
    7.5000   37.5000  -15.0000 2668.2087   11.2956
   -7.5000   45.0000  -15.0000 2591.0571   12.0184
    0.0000   45.0000  -15.0000 2617.5500   11.8661
    7.5000   45.0000  -15.0000 2612.2397   11.9024
   -7.5000  -45.0000   -7.5000 1980.4189   20.1405
    0.0000  -45.0000   -7.5000 1990.4308   20.0558
    7.5000  -45.0000   -7.5000 1982.0220   20.2787
   -7.5000  -37.5000   -7.5000 2125.8767   17.2729
    0.0000  -37.5000   -7.5000 2139.3438   17.2139
    7.5000  -37.5000   -7.5000 2133.2439   17.3950
   -7.5000  -30.0000   -7.5000 2273.1836   15.1661
    0.0000  -30.0000   -7.5000 2289.7791   15.0856
    7.5000  -30.0000   -7.5000 2276.1375   15.2329
   -7.5000  -22.5000   -7.5000 2406.4275   13.5904
    0.0000  -22.5000   -7.5000 2426.0706   13.4973
    7.5000  -22.5000   -7.5000 2407.5728   13.6288
   -7.5000  -15.0000   -7.5000 2527.5461   12.3535
    0.0000  -15.0000   -7.5000 2543.4580   12.2624
    7.5000  -15.0000   -7.5000 2524.8452   12.4035
   -7.5000   -7.5000   -7.5000 2629.5835   11.3967
    0.0000   -7.5000   -7.5000 2648.4524   11.3222
    7.5000   -7.5000   -7.5000 2628.2305   11.4377
   -7.5000    0.0000   -7.5000 2697.6501   10.7036
    0.0000    0.0000   -7.5000 2717.7234   10.6275
    7.5000    0.0000   -7.5000 2704.8977   10.7571
   -7.5000    7.5000   -7.5000 2755.6235   10.2677
    0.0000    7.5000   -7.5000 2772.8601   10.1604
    7.5000    7.5000   -7.5000 2763.3367   10.2734
   -7.5000   15.0000   -7.5000 2788.5127   10.0441
    0.0000   15.0000   -7.5000 2812.3416    9.9280
    7.5000   15.0000   -7.5000 2799.4966   10.0072
   -7.5000   22.5000   -7.5000 2797.7410   10.0238
    0.0000   22.5000   -7.5000 2818.7307    9.9269
    7.5000   22.5000   -7.5000 2809.4170    9.9918
   -7.5000   30.0000   -7.5000 2779.0173   10.2524
    0.0000   30.0000   -7.5000 2804.3667   10.1408
    7.5000   30.0000   -7.5000 2796.9187   10.2096
   -7.5000   37.5000   -7.5000 2743.5701   10.6855
    0.0000   37.5000   -7.5000 2771.6492   10.5578
    7.5000   37.5000   -7.5000 2765.1846   10.6171
   -7.5000   45.0000   -7.5000 2676.8904   11.3155
    0.0000   45.0000   -7.5000 2706.2422   11.1530
    7.5000   45.0000   -7.5000 2702.0247   11.2053
   -7.5000  -45.0000    0.0000 2008.2566   19.4811
    0.0000  -45.0000    0.0000 2017.1115   19.4164
    7.5000  -45.0000    0.0000 2008.2664   19.6461
   -7.5000  -37.5000    0.0000 2156.2485   16.7433
    0.0000  -37.5000    0.0000 2170.7271   16.7035
    7.5000  -37.5000    0.0000 2163.0720   16.9208
   -7.5000  -30.0000    0.0000 2300.2795   14.7075
    0.0000  -30.0000    0.0000 2319.5042   14.6202
    7.5000  -30.0000    0.0000 2305.5166   14.7896
   -7.5000  -22.5000    0.0000 2434.0886   13.1144
    0.0000  -22.5000    0.0000 2455.2891   13.0264
    7.5000  -22.5000    0.0000 2436.9802   13.1817
   -7.5000  -15.0000    0.0000 2554.6135   11.8656
    0.0000  -15.0000    0.0000 2574.9888   11.7842
    7.5000  -15.0000    0.0000 2553.5684   11.9444
   -7.5000   -7.5000    0.0000 2666.5898   10.8921
    0.0000   -7.5000    0.0000 2687.6873   10.8196
    7.5000   -7.5000    0.0000 2666.9011   10.9693
   -7.5000    0.0000    0.0000 2748.5869   10.2071
    0.0000    0.0000    0.0000 2768.5996   10.1168
    7.5000    0.0000    0.0000 2755.2766   10.2529
   -7.5000    7.5000    0.0000 2816.4204    9.7562
    0.0000    7.5000    0.0000 2839.6594    9.6552
    7.5000    7.5000    0.0000 2826.2180    9.7702
   -7.5000   15.0000    0.0000 2858.0525    9.5217
    0.0000   15.0000    0.0000 2889.4409    9.4136
    7.5000   15.0000    0.0000 2877.4231    9.5107
   -7.5000   22.5000    0.0000 2875.7566    9.4992
    0.0000   22.5000    0.0000 2907.4990    9.3776
    7.5000   22.5000    0.0000 2894.3945    9.4704
   -7.5000   30.0000    0.0000 2865.2876    9.7021
    0.0000   30.0000    0.0000 2889.8494    9.5650
    7.5000   30.0000    0.0000 2884.4189    9.6655
   -7.5000   37.5000    0.0000 2822.0518   10.1129
    0.0000   37.5000    0.0000 2856.1223    9.9652
    7.5000   37.5000    0.0000 2849.5125   10.0492
   -7.5000   45.0000    0.0000 2747.4121   10.7220
    0.0000   45.0000    0.0000 2782.0312   10.5694
    7.5000   45.0000    0.0000 2776.7480   10.6467
   -7.5000  -45.0000    7.5000 2026.8739   19.0998
    0.0000  -45.0000    7.5000 2041.1948   19.0341
    7.5000  -45.0000    7.5000 2029.3010   19.2936
   -7.5000  -37.5000    7.5000 2176.7051   16.4774
    0.0000  -37.5000    7.5000 2198.2036   16.4031
    7.5000  -37.5000    7.5000 2181.5430   16.6417
   -7.5000  -30.0000    7.5000 2320.9517   14.4652
    0.0000  -30.0000    7.5000 2347.0247   14.3532
    7.5000  -30.0000    7.5000 2327.0283   14.5555
   -7.5000  -22.5000    7.5000 2452.7205   12.8464
    0.0000  -22.5000    7.5000 2473.9675   12.7058
    7.5000  -22.5000    7.5000 2453.4758   12.9006
   -7.5000  -15.0000    7.5000 2570.9619   11.5577
    0.0000  -15.0000    7.5000 2595.2136   11.4253
    7.5000  -15.0000    7.5000 2575.5840   11.6288
   -7.5000   -7.5000    7.5000 2684.7463   10.5735
    0.0000   -7.5000    7.5000 2708.6318   10.4498
    7.5000   -7.5000    7.5000 2690.9011   10.6399
   -7.5000    0.0000    7.5000 2779.0276    9.8597
    0.0000    0.0000    7.5000 2808.9849    9.7421
    7.5000    0.0000    7.5000 2790.9902    9.8918
   -7.5000    7.5000    7.5000 2861.5442    9.4047
    0.0000    7.5000    7.5000 2896.2622    9.2737
    7.5000    7.5000    7.5000 2880.8145    9.3920
   -7.5000   15.0000    7.5000 2920.0012    9.1796
    0.0000   15.0000    7.5000 2957.3816    9.0418
    7.5000   15.0000    7.5000 2943.0977    9.1389
   -7.5000   22.5000    7.5000 2949.7258    9.1187
    0.0000   22.5000    7.5000 2992.4878    8.9613
    7.5000   22.5000    7.5000 2974.9397    9.0902
   -7.5000   30.0000    7.5000 2933.8289    9.3017
    0.0000   30.0000    7.5000 2971.2354    9.1402
    7.5000   30.0000    7.5000 2961.4343    9.2820
   -7.5000   37.5000    7.5000 2879.1450    9.6924
    0.0000   37.5000    7.5000 2920.9829    9.5255
    7.5000   37.5000    7.5000 2913.2300    9.6529
   -7.5000   45.0000    7.5000 2796.1311   10.3026
    0.0000   45.0000    7.5000 2838.5107   10.1302
    7.5000   45.0000    7.5000 2829.4207   10.2513
   -7.5000  -45.0000   15.0000 2030.1350   18.9946
    0.0000  -45.0000   15.0000 2049.0491   18.8641
    7.5000  -45.0000   15.0000 2029.4188   19.1752
   -7.5000  -37.5000   15.0000 2192.3333   16.4309
    0.0000  -37.5000   15.0000 2215.9014   16.2253
    7.5000  -37.5000   15.0000 2194.3965   16.5336
   -7.5000  -30.0000   15.0000 2335.2014   14.3761
    0.0000  -30.0000   15.0000 2360.6594   14.1743
    7.5000  -30.0000   15.0000 2339.9106   14.4098
   -7.5000  -22.5000   15.0000 2457.7622   12.7343
    0.0000  -22.5000   15.0000 2478.2327   12.5421
    7.5000  -22.5000   15.0000 2458.7812   12.7560
   -7.5000  -15.0000   15.0000 2575.5237   11.4557
    0.0000  -15.0000   15.0000 2598.7288   11.2579
    7.5000  -15.0000   15.0000 2581.4170   11.4681
   -7.5000   -7.5000   15.0000 2688.4807   10.4432
    0.0000   -7.5000   15.0000 2711.3406   10.2752
    7.5000   -7.5000   15.0000 2698.1494   10.4694
   -7.5000    0.0000   15.0000 2785.2339    9.7002
    0.0000    0.0000   15.0000 2817.7749    9.5363
    7.5000    0.0000   15.0000 2806.0190    9.7029
   -7.5000    7.5000   15.0000 2881.9775    9.2104
    0.0000    7.5000   15.0000 2920.3999    9.0458
    7.5000    7.5000   15.0000 2905.0056    9.1882
   -7.5000   15.0000   15.0000 2953.5881    8.9793
    0.0000   15.0000   15.0000 2999.3447    8.8178
    7.5000   15.0000   15.0000 2983.5464    8.9392
   -7.5000   22.5000   15.0000 2988.9797    8.9762
    0.0000   22.5000   15.0000 3045.4622    8.8134
    7.5000   22.5000   15.0000 3029.4666    8.9353
   -7.5000   30.0000   15.0000 2973.0249    9.1173
    0.0000   30.0000   15.0000 3029.2637    8.9493
    7.5000   30.0000   15.0000 3009.0232    9.1038
   -7.5000   37.5000   15.0000 2907.8787    9.4757
    0.0000   37.5000   15.0000 2957.8342    9.2922
    7.5000   37.5000   15.0000 2947.9709    9.4197
   -7.5000   45.0000   15.0000 2815.4319   10.0586
    0.0000   45.0000   15.0000 2862.6504    9.8857
    7.5000   45.0000   15.0000 2859.0239    9.9927
   -7.5000  -45.0000   22.5000 2018.8237   19.0299
    0.0000  -45.0000   22.5000 2035.6281   18.8319
    7.5000  -45.0000   22.5000 2020.0050   19.1461
   -7.5000  -37.5000   22.5000 2189.3064   16.4913
    0.0000  -37.5000   22.5000 2209.8237   16.2798
    7.5000  -37.5000   22.5000 2191.3032   16.5234
   -7.5000  -30.0000   22.5000 2331.7627   14.4077
    0.0000  -30.0000   22.5000 2358.1519   14.1856
    7.5000  -30.0000   22.5000 2338.5430   14.4170
   -7.5000  -22.5000   22.5000 2453.2034   12.7641
    0.0000  -22.5000   22.5000 2476.4456   12.5265
    7.5000  -22.5000   22.5000 2459.4458   12.7502
   -7.5000  -15.0000   22.5000 2568.6135   11.4758
    0.0000  -15.0000   22.5000 2594.1343   11.2434
    7.5000  -15.0000   22.5000 2578.9753   11.4519
   -7.5000   -7.5000   22.5000 2679.2068   10.4715
    0.0000   -7.5000   22.5000 2705.4395   10.2528
    7.5000   -7.5000   22.5000 2696.8677   10.4509
   -7.5000    0.0000   22.5000 2778.9055    9.7241
    0.0000    0.0000   22.5000 2812.7312    9.5042
    7.5000    0.0000   22.5000 2808.2612    9.6868
   -7.5000    7.5000   22.5000 2874.7078    9.2276
    0.0000    7.5000   22.5000 2916.9470    9.0107
    7.5000    7.5000   22.5000 2910.0955    9.1557
   -7.5000   15.0000   22.5000 2949.7493    8.9990
    0.0000   15.0000   22.5000 2998.7346    8.8210
    7.5000   15.0000   22.5000 2990.3589    8.9337
   -7.5000   22.5000   22.5000 2987.5107    8.9810
    0.0000   22.5000   22.5000 3056.1975    8.8491
    7.5000   22.5000   22.5000 3045.4077    8.9425
   -7.5000   30.0000   22.5000 2968.2715    9.1396
    0.0000   30.0000   22.5000 3033.4941    8.9915
    7.5000   30.0000   22.5000 3019.5168    9.0837
   -7.5000   37.5000   22.5000 2905.0532    9.4754
    0.0000   37.5000   22.5000 2958.0422    9.3107
    7.5000   37.5000   22.5000 2949.5845    9.4006
   -7.5000   45.0000   22.5000 2813.7646   10.0322
    0.0000   45.0000   22.5000 2857.1130    9.8869
    7.5000   45.0000   22.5000 2852.0710    9.9856
   -7.5000  -45.0000   30.0000 1984.5974   19.3486
    0.0000  -45.0000   30.0000 2003.1448   19.0747
    7.5000  -45.0000   30.0000 1992.4905   19.4079
   -7.5000  -37.5000   30.0000 2161.6663   16.7579
    0.0000  -37.5000   30.0000 2181.6409   16.4756
    7.5000  -37.5000   30.0000 2167.8398   16.7414
   -7.5000  -30.0000   30.0000 2311.6819   14.6133
    0.0000  -30.0000   30.0000 2337.1680   14.3538
    7.5000  -30.0000   30.0000 2319.7361   14.5623
   -7.5000  -22.5000   30.0000 2439.9102   12.9632
    0.0000  -22.5000   30.0000 2465.8657   12.6855
    7.5000  -22.5000   30.0000 2447.6790   12.8785
   -7.5000  -15.0000   30.0000 2549.6965   11.6924
    0.0000  -15.0000   30.0000 2579.8855   11.4211
    7.5000  -15.0000   30.0000 2567.9690   11.6021
   -7.5000   -7.5000   30.0000 2652.3047   10.6933
    0.0000   -7.5000   30.0000 2686.6477   10.4519
    7.5000   -7.5000   30.0000 2682.6157   10.6159
   -7.5000    0.0000   30.0000 2755.1174    9.9373
    0.0000    0.0000   30.0000 2792.2058    9.7128
    7.5000    0.0000   30.0000 2791.9155    9.8643
   -7.5000    7.5000   30.0000 2849.8728    9.4287
    0.0000    7.5000   30.0000 2887.0208    9.2067
    7.5000    7.5000   30.0000 2891.3716    9.3341
   -7.5000   15.0000   30.0000 2919.6316    9.1673
    0.0000   15.0000   30.0000 2964.0083    8.9748
    7.5000   15.0000   30.0000 2966.6250    9.0871
   -7.5000   22.5000   30.0000 2948.9988    9.1288
    0.0000   22.5000   30.0000 3010.1575    8.9595
    7.5000   22.5000   30.0000 3010.5984    9.0541
   -7.5000   30.0000   30.0000 2930.5317    9.2987
    0.0000   30.0000   30.0000 2990.8530    9.1349
    7.5000   30.0000   30.0000 2985.4333    9.2323
   -7.5000   37.5000   30.0000 2874.6760    9.6500
    0.0000   37.5000   30.0000 2925.8242    9.4851
    7.5000   37.5000   30.0000 2918.4890    9.5822
   -7.5000   45.0000   30.0000 2784.4417   10.1980
    0.0000   45.0000   30.0000 2825.7588   10.0585
    7.5000   45.0000   30.0000 2821.8369   10.1641
   -7.5000  -45.0000   37.5000 1948.4326   19.9365
    0.0000  -45.0000   37.5000 1963.9370   19.5795
    7.5000  -45.0000   37.5000 1960.5791   19.8912
   -7.5000  -37.5000   37.5000 2122.2510   17.2004
    0.0000  -37.5000   37.5000 2142.3262   16.9037
    7.5000  -37.5000   37.5000 2137.2388   17.1254
   -7.5000  -30.0000   37.5000 2280.7795   15.0501
    0.0000  -30.0000   37.5000 2303.8040   14.7410
    7.5000  -30.0000   37.5000 2288.6973   14.9135
   -7.5000  -22.5000   37.5000 2411.8748   13.3650
    0.0000  -22.5000   37.5000 2439.2358   13.0776
    7.5000  -22.5000   37.5000 2422.8784   13.2378
   -7.5000  -15.0000   37.5000 2522.1094   12.0825
    0.0000  -15.0000   37.5000 2556.1150   11.8020
    7.5000  -15.0000   37.5000 2543.5510   11.9607
   -7.5000   -7.5000   37.5000 2623.9729   11.0892
    0.0000   -7.5000   37.5000 2664.0000   10.8196
    7.5000   -7.5000   37.5000 2658.1392   10.9835
   -7.5000    0.0000   37.5000 2720.7688   10.3394
    0.0000    0.0000   37.5000 2760.7715   10.0680
    7.5000    0.0000   37.5000 2761.3777   10.2304
   -7.5000    7.5000   37.5000 2804.9844    9.8001
    0.0000    7.5000   37.5000 2843.6479    9.5418
    7.5000    7.5000   37.5000 2851.6038    9.6872
   -7.5000   15.0000   37.5000 2867.5249    9.5019
    0.0000   15.0000   37.5000 2907.2285    9.2811
    7.5000   15.0000   37.5000 2918.3445    9.3906
   -7.5000   22.5000   37.5000 2888.5737    9.4599
    0.0000   22.5000   37.5000 2941.4802    9.2737
    7.5000   22.5000   37.5000 2947.5173    9.3572
   -7.5000   30.0000   37.5000 2868.7708    9.6421
    0.0000   30.0000   37.5000 2921.2490    9.4661
    7.5000   30.0000   37.5000 2922.6338    9.5753
   -7.5000   37.5000   37.5000 2816.4238   10.0041
    0.0000   37.5000   37.5000 2861.6021    9.8392
    7.5000   37.5000   37.5000 2860.4299    9.9372
   -7.5000   45.0000   37.5000 2730.9917   10.5635
    0.0000   45.0000   37.5000 2770.6306   10.3999
    7.5000   45.0000   37.5000 2772.6750   10.4940
   -7.5000  -45.0000   45.0000 1905.9998   20.8080
    0.0000  -45.0000   45.0000 1923.8326   20.4671
    7.5000  -45.0000   45.0000 1922.1799   20.7676
   -7.5000  -37.5000   45.0000 2077.0244   17.9438
    0.0000  -37.5000   45.0000 2100.3398   17.6546
    7.5000  -37.5000   45.0000 2093.0852   17.8351
   -7.5000  -30.0000   45.0000 2231.7356   15.7132
    0.0000  -30.0000   45.0000 2259.7241   15.4156
    7.5000  -30.0000   45.0000 2248.5474   15.5478
   -7.5000  -22.5000   45.0000 2365.8245   13.9758
    0.0000  -22.5000   45.0000 2399.5889   13.7001
    7.5000  -22.5000   45.0000 2384.5786   13.8081
   -7.5000  -15.0000   45.0000 2479.3237   12.6443
    0.0000  -15.0000   45.0000 2513.6733   12.3578
    7.5000  -15.0000   45.0000 2504.9082   12.4796
   -7.5000   -7.5000   45.0000 2580.9497   11.6276
    0.0000   -7.5000   45.0000 2622.2339   11.3659
    7.5000   -7.5000   45.0000 2620.4802   11.4878
   -7.5000    0.0000   45.0000 2673.8149   10.8762
    0.0000    0.0000   45.0000 2713.6975   10.6033
    7.5000    0.0000   45.0000 2716.6816   10.7412
   -7.5000    7.5000   45.0000 2750.3091   10.3293
    0.0000    7.5000   45.0000 2792.0168   10.0753
    7.5000    7.5000   45.0000 2796.1460   10.1911
   -7.5000   15.0000   45.0000 2799.2737   10.0066
    0.0000   15.0000   45.0000 2844.8452    9.7671
    7.5000   15.0000   45.0000 2854.4321    9.8723
   -7.5000   22.5000   45.0000 2813.0508    9.9563
    0.0000   22.5000   45.0000 2862.0950    9.7356
    7.5000   22.5000   45.0000 2868.4387    9.8279
   -7.5000   30.0000   45.0000 2789.5635   10.1255
    0.0000   30.0000   45.0000 2834.4858    9.9529
    7.5000   30.0000   45.0000 2840.3284   10.0470
   -7.5000   37.5000   45.0000 2737.2161   10.4849
    0.0000   37.5000   45.0000 2778.1450   10.3421
    7.5000   37.5000   45.0000 2781.2634   10.4177
   -7.5000   45.0000   45.0000 2660.2363   11.0372
    0.0000   45.0000   45.0000 2697.7305   10.8854
    7.5000   45.0000   45.0000 2703.5134   10.9622

---------------------------------------------------------------------
imgreg_4dfp /opt/freesurfer/average/711-2C_as_mni_average_305 /opt/freesurfer/average/711-2B_as_mni_average_305_mask talsrcimg_g11 none talsrcimg_to_711-2C_as_mni_average_305_t4 1283
---------------------------------------------------------------------

freesurfer imgreg_4dfp.c
/opt/freesurfer/average/711-2C_as_mni_average_305.4dfp.img
       256       256       256         1
  1.000000  1.000000  1.000000
orientation T byte_order littleendian
Reading image: /opt/freesurfer/average/711-2C_as_mni_average_305.4dfp.img
dimensions:      256       256       256
mmppix:       1.0000   -1.0000   -1.0000
center:     128.0000 -129.0000 -129.0000
/opt/freesurfer/average/711-2B_as_mni_average_305_mask.4dfp.img
       256       256       256         1
  1.000000  1.000000  1.000000
orientation T byte_order littleendian
Reading mask: /opt/freesurfer/average/711-2B_as_mni_average_305_mask.4dfp.img (2306576 pixels)
talsrcimg_g11.4dfp.img
       256       256       256         1
  1.000000  1.000000  1.000000
orientation T byte_order littleendian
Reading image: talsrcimg_g11.4dfp.img
dimensions:      256       256       256
mmppix:       1.0000   -1.0000   -1.0000
center:     128.0000 -129.0000 -129.0000
rotation matrix determinant  1.000000
fimgreg.f
image alignment mode   1283 decimal      503 hex
parameters
    0.0000   22.5000   22.5000    0.0000    0.0000    0.0000
eta,q 0.95941  8.85988
niter,ni,del,rscale     5    3   12.0000    1.2000
parameter  1 -0.581322 -> -0.500000 qaram    1.1500
parameter  5  0.764841 ->  0.500000 qaram    1.1500
parameter  6  0.825701 ->  0.500000 qaram    1.1500
parameters
    3.4500   24.3309   21.4600   -0.1004   -3.4500   -3.4500
eta,q 0.96895  8.84938
  0.0627  0.0535  0.0417  0.0417  0.0343  0.0311
  0.0564  0.0466  0.0387  0.0386  0.0335  0.0309
  0.0494  0.0410  0.0371  0.0371  0.0344  0.0318
  0.0425  0.0379  0.0373  0.0370  0.0370  0.0335
  0.0384  0.0373  0.0388  0.0377  0.0409  0.0362
  0.0385  0.0387  0.0418  0.0393  0.0462  0.0400
  0.0425  0.0417  0.0463  0.0416  0.0513  0.0439
niter,ni,del,rscale     7    3   12.0000    1.2000
parameters
    3.4782   24.6836   20.9415   -1.0067   -4.2393   -4.8322
eta,q 0.96912  8.85574
  0.0555  0.0413  0.0379  0.0334  0.0396  0.0344
  0.0437  0.0361  0.0341  0.0319  0.0352  0.0321
  0.0343  0.0327  0.0319  0.0315  0.0321  0.0310
  0.0310  0.0311  0.0310  0.0311  0.0313  0.0312
  0.0351  0.0323  0.0324  0.0316  0.0333  0.0326
  0.0445  0.0349  0.0359  0.0332  0.0381  0.0349
  0.0541  0.0390  0.0408  0.0357  0.0451  0.0388
niter,ni,del,rscale     6    3   12.0000    1.2000
parameters
    3.5203   25.0522   20.6363   -1.9733   -4.3853   -5.0574
eta,q 0.96919  8.83893
  0.0553  0.0413  0.0379  0.0329  0.0409  0.0361
  0.0444  0.0353  0.0338  0.0310  0.0363  0.0334
  0.0352  0.0319  0.0318  0.0307  0.0326  0.0314
  0.0309  0.0309  0.0309  0.0310  0.0308  0.0308
  0.0345  0.0320  0.0319  0.0315  0.0322  0.0319
  0.0444  0.0343  0.0349  0.0324  0.0362  0.0338
  0.0546  0.0385  0.0396  0.0346  0.0425  0.0367
niter,ni,del,rscale     5    3   12.0000    1.2000
parameters
    3.6095   25.5322   20.4430   -2.3748   -4.4347   -5.0776
eta,q 0.96934  8.83821
  0.0556  0.0422  0.0379  0.0340  0.0408  0.0366
  0.0446  0.0354  0.0339  0.0311  0.0364  0.0339
  0.0353  0.0319  0.0318  0.0304  0.0327  0.0316
  0.0308  0.0308  0.0308  0.0308  0.0306  0.0307
  0.0344  0.0316  0.0316  0.0317  0.0319  0.0317
  0.0442  0.0341  0.0344  0.0324  0.0359  0.0339
  0.0544  0.0384  0.0392  0.0341  0.0419  0.0367
niter,ni,del,rscale     4    3   12.0000    1.2000
parameters
    3.6832   25.7439   20.3601   -2.5460   -4.4729   -5.0611
eta,q 0.96940  8.83877
  0.0555  0.0413  0.0381  0.0346  0.0407  0.0368
  0.0445  0.0347  0.0341  0.0313  0.0364  0.0341
  0.0351  0.0316  0.0318  0.0303  0.0327  0.0317
  0.0307  0.0306  0.0307  0.0307  0.0306  0.0306
  0.0343  0.0317  0.0314  0.0318  0.0319  0.0317
  0.0442  0.0346  0.0341  0.0325  0.0358  0.0340
  0.0544  0.0392  0.0388  0.0340  0.0417  0.0368
niter,ni,del,rscale     3    3   12.0000    1.2000
parameters
    3.7245   25.8398   20.3198   -2.6226   -4.4981   -5.0482
eta,q 0.96943  8.83893
  0.0552  0.0409  0.0381  0.0349  0.0407  0.0368
  0.0442  0.0345  0.0341  0.0314  0.0364  0.0342
  0.0350  0.0315  0.0318  0.0304  0.0327  0.0317
  0.0306  0.0306  0.0306  0.0306  0.0306  0.0306
  0.0344  0.0318  0.0313  0.0318  0.0318  0.0317
  0.0443  0.0349  0.0340  0.0326  0.0357  0.0341
  0.0545  0.0395  0.0387  0.0340  0.0416  0.0369
niter,ni,del,rscale     2    3   12.0000    1.2000
parameters
    3.7458   25.8805   20.3016   -2.6553   -4.5125   -5.0417
eta,q 0.96944  8.83896
  0.0551  0.0407  0.0381  0.0350  0.0407  0.0369
  0.0441  0.0344  0.0341  0.0315  0.0364  0.0342
  0.0349  0.0315  0.0318  0.0304  0.0328  0.0317
  0.0306  0.0306  0.0306  0.0306  0.0306  0.0306
  0.0345  0.0318  0.0313  0.0317  0.0318  0.0317
  0.0444  0.0351  0.0339  0.0326  0.0357  0.0341
  0.0546  0.0397  0.0386  0.0340  0.0416  0.0369
registration optimization eta report
parameter search radius
    6.9000    6.0000    6.0000    6.0000    6.9000    6.9000
100000*second partial in parameter space
       49.       27.       21.       11.       21.       13.
  0.0551  0.0407  0.0381  0.0350  0.0407  0.0369
  0.0441  0.0344  0.0341  0.0315  0.0364  0.0342
  0.0349  0.0315  0.0318  0.0304  0.0328  0.0317
  0.0306  0.0306  0.0306  0.0306  0.0306  0.0306
  0.0345  0.0318  0.0313  0.0317  0.0318  0.0317
  0.0444  0.0351  0.0339  0.0326  0.0357  0.0341
  0.0546  0.0397  0.0386  0.0340  0.0416  0.0369
    3.7458   25.8805   20.3016   -2.6553   -4.5125   -5.0417
eta,q 0.96944  8.83896

---------------------------------------------------------------------
imgreg_4dfp /opt/freesurfer/average/711-2C_as_mni_average_305 /opt/freesurfer/average/711-2B_as_mni_average_305_mask talsrcimg_g11 none talsrcimg_to_711-2C_as_mni_average_305_t4 3335
---------------------------------------------------------------------

freesurfer imgreg_4dfp.c
/opt/freesurfer/average/711-2C_as_mni_average_305.4dfp.img
       256       256       256         1
  1.000000  1.000000  1.000000
orientation T byte_order littleendian
Reading image: /opt/freesurfer/average/711-2C_as_mni_average_305.4dfp.img
dimensions:      256       256       256
mmppix:       1.0000   -1.0000   -1.0000
center:     128.0000 -129.0000 -129.0000
/opt/freesurfer/average/711-2B_as_mni_average_305_mask.4dfp.img
       256       256       256         1
  1.000000  1.000000  1.000000
orientation T byte_order littleendian
Reading mask: /opt/freesurfer/average/711-2B_as_mni_average_305_mask.4dfp.img (2306576 pixels)
talsrcimg_g11.4dfp.img
       256       256       256         1
  1.000000  1.000000  1.000000
orientation T byte_order littleendian
Reading image: talsrcimg_g11.4dfp.img
dimensions:      256       256       256
mmppix:       1.0000   -1.0000   -1.0000
center:     128.0000 -129.0000 -129.0000
fimgreg.f
image alignment mode   3335 decimal      D07 hex
parameters
    3.7458   25.8805   20.3016   -0.6957   -0.4618   -0.4170
    8.4155    8.2360   -8.7608    3.9240   -7.8677   -4.6183
eta,q 0.96997  8.89233
niter,ni,del,rscale     5    3    5.0000    1.2000
parameter  4  0.530570 ->  0.500000 qaram    1.1500
parameter  5  1.159053 ->  0.500000 qaram    1.1500
parameters
    3.6596   26.1657   19.9950   -4.8357   -4.6018   -3.4429
   10.1009    7.8069   -7.0576    1.9760   -5.9387   -2.9844
eta,q 0.97343  8.45875
  0.0330  0.0322  0.0310  0.0298  0.0267  0.0272  0.0296  0.0294  0.0284  0.0277  0.0277  0.0277
  0.0313  0.0312  0.0303  0.0294  0.0270  0.0270  0.0285  0.0279  0.0277  0.0270  0.0271  0.0272
  0.0303  0.0304  0.0300  0.0294  0.0279  0.0270  0.0275  0.0270  0.0271  0.0267  0.0268  0.0268
  0.0300  0.0300  0.0300  0.0300  0.0294  0.0272  0.0270  0.0268  0.0268  0.0267  0.0266  0.0266
  0.0305  0.0301  0.0303  0.0316  0.0314  0.0277  0.0269  0.0273  0.0267  0.0273  0.0266  0.0266
  0.0316  0.0305  0.0308  0.0342  0.0339  0.0292  0.0272  0.0283  0.0269  0.0284  0.0267  0.0267
  0.0334  0.0314  0.0317  0.0371  0.0364  0.0318  0.0280  0.0300  0.0274  0.0301  0.0269  0.0270
niter,ni,del,rscale     6    3    5.0000    1.2000
parameter  5  0.509331 ->  0.500000 qaram    1.3225
parameters
    3.8813   26.1031   19.7661   -5.6922   -9.3628   -5.5764
    9.8693    7.6602   -6.8928    2.0002   -5.7527   -3.1043
eta,q 0.97415  8.12867
  0.0296  0.0282  0.0274  0.0283  0.0265  0.0267  0.0276  0.0284  0.0269  0.0276  0.0266  0.0266
  0.0281  0.0273  0.0269  0.0275  0.0262  0.0261  0.0267  0.0270  0.0264  0.0266  0.0262  0.0262
  0.0270  0.0268  0.0266  0.0269  0.0261  0.0259  0.0261  0.0261  0.0260  0.0261  0.0260  0.0259
  0.0266  0.0265  0.0265  0.0265  0.0266  0.0261  0.0259  0.0259  0.0259  0.0259  0.0259  0.0259
  0.0267  0.0267  0.0268  0.0267  0.0278  0.0267  0.0261  0.0262  0.0259  0.0260  0.0259  0.0260
  0.0274  0.0274  0.0272  0.0276  0.0294  0.0271  0.0268  0.0271  0.0263  0.0266  0.0262  0.0262
  0.0287  0.0285  0.0278  0.0299  0.0318  0.0282  0.0278  0.0286  0.0269  0.0276  0.0265  0.0267
niter,ni,del,rscale     6    3    5.0000    1.2000
parameters
    4.0223   26.8827   19.7036   -6.0237  -10.9480   -6.4591
    9.5342    7.6669   -7.1653    2.9576   -5.6952   -3.4862
eta,q 0.97437  8.02479
  0.0284  0.0286  0.0268  0.0274  0.0272  0.0270  0.0272  0.0282  0.0267  0.0280  0.0264  0.0264
  0.0271  0.0273  0.0262  0.0266  0.0263  0.0262  0.0264  0.0269  0.0261  0.0268  0.0260  0.0260
  0.0262  0.0264  0.0258  0.0260  0.0258  0.0257  0.0258  0.0259  0.0258  0.0260  0.0257  0.0257
  0.0259  0.0258  0.0257  0.0257  0.0257  0.0257  0.0256  0.0256  0.0256  0.0256  0.0256  0.0256
  0.0260  0.0257  0.0258  0.0257  0.0261  0.0262  0.0259  0.0260  0.0258  0.0258  0.0257  0.0258
  0.0267  0.0259  0.0263  0.0264  0.0271  0.0270  0.0266  0.0268  0.0262  0.0262  0.0260  0.0261
  0.0279  0.0264  0.0270  0.0281  0.0290  0.0276  0.0276  0.0282  0.0269  0.0269  0.0264  0.0266
niter,ni,del,rscale     5    3    5.0000    1.2000
parameters
    4.1136   27.3579   19.4338   -6.2128  -11.5591   -6.9746
    9.3847    7.7742   -7.2953    3.7734   -5.7208   -3.8276
eta,q 0.97444  7.97902
  0.0280  0.0279  0.0265  0.0272  0.0274  0.0271  0.0271  0.0281  0.0267  0.0278  0.0264  0.0264
  0.0268  0.0268  0.0259  0.0264  0.0264  0.0263  0.0263  0.0268  0.0261  0.0266  0.0259  0.0259
  0.0260  0.0260  0.0256  0.0259  0.0257  0.0257  0.0257  0.0259  0.0257  0.0258  0.0257  0.0257
  0.0256  0.0256  0.0256  0.0255  0.0256  0.0256  0.0255  0.0255  0.0255  0.0255  0.0256  0.0256
  0.0258  0.0256  0.0258  0.0256  0.0258  0.0259  0.0258  0.0259  0.0257  0.0257  0.0257  0.0257
  0.0265  0.0259  0.0263  0.0262  0.0265  0.0267  0.0264  0.0267  0.0261  0.0262  0.0259  0.0260
  0.0277  0.0266  0.0270  0.0278  0.0282  0.0274  0.0273  0.0280  0.0268  0.0269  0.0264  0.0266
niter,ni,del,rscale     4    3    5.0000    1.2000
parameters
    4.1492   27.6503   19.1982   -6.3076  -11.8902   -7.3008
    9.3120    7.8393   -7.3519    4.3556   -5.7535   -4.0876
eta,q 0.97448  7.95381
  0.0278  0.0275  0.0265  0.0272  0.0274  0.0271  0.0271  0.0280  0.0267  0.0276  0.0263  0.0264
  0.0266  0.0265  0.0259  0.0263  0.0264  0.0263  0.0263  0.0267  0.0261  0.0265  0.0259  0.0259
  0.0259  0.0259  0.0256  0.0258  0.0257  0.0257  0.0257  0.0258  0.0257  0.0258  0.0256  0.0256
  0.0256  0.0255  0.0255  0.0255  0.0255  0.0255  0.0255  0.0255  0.0255  0.0255  0.0255  0.0255
  0.0258  0.0256  0.0257  0.0256  0.0257  0.0258  0.0257  0.0258  0.0256  0.0257  0.0256  0.0257
  0.0265  0.0260  0.0262  0.0261  0.0264  0.0266  0.0263  0.0267  0.0261  0.0262  0.0259  0.0260
  0.0277  0.0268  0.0269  0.0276  0.0279  0.0273  0.0272  0.0280  0.0268  0.0269  0.0264  0.0265
niter,ni,del,rscale     3    3    5.0000    1.2000
parameters
    4.1616   27.8509   19.0305   -6.3617  -12.1221   -7.5195
    9.2759    7.8736   -7.3889    4.7549   -5.7627   -4.2722
eta,q 0.97449  7.93731
  0.0277  0.0274  0.0265  0.0272  0.0275  0.0271  0.0271  0.0280  0.0267  0.0275  0.0264  0.0264
  0.0265  0.0264  0.0259  0.0263  0.0264  0.0263  0.0263  0.0267  0.0261  0.0264  0.0259  0.0259
  0.0258  0.0258  0.0256  0.0258  0.0257  0.0257  0.0257  0.0258  0.0257  0.0257  0.0256  0.0256
  0.0255  0.0255  0.0255  0.0255  0.0255  0.0255  0.0255  0.0255  0.0255  0.0255  0.0255  0.0255
  0.0257  0.0256  0.0257  0.0255  0.0257  0.0258  0.0257  0.0258  0.0256  0.0257  0.0256  0.0256
  0.0265  0.0260  0.0262  0.0261  0.0264  0.0265  0.0263  0.0267  0.0261  0.0263  0.0259  0.0260
  0.0277  0.0269  0.0268  0.0275  0.0278  0.0272  0.0272  0.0280  0.0268  0.0270  0.0264  0.0265
niter,ni,del,rscale     2    3    5.0000    1.2000
parameters
    4.1669   27.9891   18.9141   -6.4040  -12.2754   -7.6851
    9.2561    7.8865   -7.4176    5.0299   -5.7898   -4.4091
eta,q 0.97448  7.92588
  0.0276  0.0273  0.0266  0.0272  0.0275  0.0271  0.0271  0.0280  0.0267  0.0275  0.0264  0.0264
  0.0265  0.0264  0.0260  0.0263  0.0264  0.0263  0.0263  0.0267  0.0261  0.0264  0.0259  0.0260
  0.0258  0.0258  0.0256  0.0258  0.0257  0.0257  0.0257  0.0258  0.0257  0.0257  0.0256  0.0256
  0.0255  0.0255  0.0255  0.0255  0.0255  0.0255  0.0255  0.0255  0.0255  0.0255  0.0255  0.0255
  0.0257  0.0256  0.0257  0.0255  0.0257  0.0258  0.0257  0.0258  0.0256  0.0258  0.0256  0.0256
  0.0265  0.0261  0.0261  0.0261  0.0264  0.0265  0.0262  0.0267  0.0261  0.0263  0.0259  0.0260
  0.0277  0.0269  0.0268  0.0275  0.0278  0.0272  0.0271  0.0280  0.0268  0.0271  0.0264  0.0265
niter,ni,del,rscale     1    3    5.0000    1.2000
parameters
    4.1649   28.0876   18.8300   -6.4283  -12.3863   -7.8082
    9.2528    7.8889   -7.4459    5.2209   -5.7919   -4.4976
eta,q 0.97448  7.91782
  0.0276  0.0272  0.0266  0.0272  0.0276  0.0271  0.0271  0.0280  0.0268  0.0274  0.0264  0.0264
  0.0265  0.0263  0.0260  0.0263  0.0264  0.0263  0.0263  0.0267  0.0261  0.0263  0.0259  0.0260
  0.0258  0.0258  0.0256  0.0258  0.0258  0.0257  0.0257  0.0258  0.0257  0.0257  0.0256  0.0257
  0.0255  0.0255  0.0255  0.0255  0.0255  0.0255  0.0255  0.0255  0.0255  0.0255  0.0255  0.0255
  0.0257  0.0256  0.0257  0.0256  0.0257  0.0257  0.0257  0.0259  0.0256  0.0258  0.0256  0.0256
  0.0265  0.0261  0.0261  0.0261  0.0264  0.0265  0.0262  0.0267  0.0261  0.0263  0.0259  0.0260
  0.0277  0.0270  0.0267  0.0275  0.0278  0.0272  0.0271  0.0280  0.0268  0.0271  0.0264  0.0265
registration optimization eta report
parameter search radius
    2.4000    2.4000    2.4000    8.2800    9.5220    7.2000
    7.2000    7.2000    7.2000    7.2000    7.2000    7.2000
100000*second partial in parameter space
       37.       28.       20.        3.        2.        3.
        3.        5.        2.        3.        2.        2.
  0.0276  0.0272  0.0266  0.0272  0.0276  0.0271  0.0271  0.0280  0.0268  0.0274  0.0264  0.0264
  0.0265  0.0263  0.0260  0.0263  0.0264  0.0263  0.0263  0.0267  0.0261  0.0263  0.0259  0.0260
  0.0258  0.0258  0.0256  0.0258  0.0258  0.0257  0.0257  0.0258  0.0257  0.0257  0.0256  0.0257
  0.0255  0.0255  0.0255  0.0255  0.0255  0.0255  0.0255  0.0255  0.0255  0.0255  0.0255  0.0255
  0.0257  0.0256  0.0257  0.0256  0.0257  0.0257  0.0257  0.0259  0.0256  0.0258  0.0256  0.0256
  0.0265  0.0261  0.0261  0.0261  0.0264  0.0265  0.0262  0.0267  0.0261  0.0263  0.0259  0.0260
  0.0277  0.0270  0.0267  0.0275  0.0278  0.0272  0.0271  0.0280  0.0268  0.0271  0.0264  0.0265
    4.1649   28.0876   18.8300   -6.4283  -12.3863   -7.8082
    9.2528    7.8889   -7.4459    5.2209   -5.7919   -4.4976
eta,q 0.97448  7.91782

---------------------------------------------------------------------
imgreg_4dfp /opt/freesurfer/average/711-2C_as_mni_average_305 /opt/freesurfer/average/711-2B_as_mni_average_305_mask talsrcimg_g11 none talsrcimg_to_711-2C_as_mni_average_305_t4 2311
---------------------------------------------------------------------

freesurfer imgreg_4dfp.c
/opt/freesurfer/average/711-2C_as_mni_average_305.4dfp.img
       256       256       256         1
  1.000000  1.000000  1.000000
orientation T byte_order littleendian
Reading image: /opt/freesurfer/average/711-2C_as_mni_average_305.4dfp.img
dimensions:      256       256       256
mmppix:       1.0000   -1.0000   -1.0000
center:     128.0000 -129.0000 -129.0000
/opt/freesurfer/average/711-2B_as_mni_average_305_mask.4dfp.img
       256       256       256         1
  1.000000  1.000000  1.000000
orientation T byte_order littleendian
Reading mask: /opt/freesurfer/average/711-2B_as_mni_average_305_mask.4dfp.img (2306576 pixels)
talsrcimg_g11.4dfp.img
       256       256       256         1
  1.000000  1.000000  1.000000
orientation T byte_order littleendian
Reading image: talsrcimg_g11.4dfp.img
dimensions:      256       256       256
mmppix:       1.0000   -1.0000   -1.0000
center:     128.0000 -129.0000 -129.0000
fimgreg.f
image alignment mode   2311 decimal      907 hex
parameters
    4.1649   28.0876   18.8300   -6.4283  -12.3863   -7.8082
    9.2528    7.8889   -7.4459    5.2209   -5.7919   -4.4976
eta,q 0.97448  7.91782
niter,ni,del,rscale     5    3    5.0000    0.8000
parameters
    4.1826   28.1717   18.7685   -5.6583  -12.2716   -7.9025
    9.4579    7.8726   -7.2512    5.1518   -5.8865   -4.3604
eta,q 0.97452  7.94908
  0.0265  0.0263  0.0260  0.0262  0.0260  0.0263  0.0263  0.0267  0.0261  0.0263  0.0258  0.0259
  0.0260  0.0259  0.0257  0.0259  0.0257  0.0259  0.0259  0.0260  0.0258  0.0258  0.0256  0.0257
  0.0256  0.0256  0.0256  0.0257  0.0255  0.0256  0.0256  0.0256  0.0256  0.0256  0.0255  0.0255
  0.0255  0.0255  0.0255  0.0255  0.0255  0.0255  0.0255  0.0255  0.0255  0.0255  0.0255  0.0255
  0.0256  0.0256  0.0256  0.0255  0.0255  0.0256  0.0255  0.0257  0.0255  0.0256  0.0255  0.0255
  0.0259  0.0258  0.0258  0.0256  0.0257  0.0259  0.0258  0.0261  0.0257  0.0259  0.0257  0.0257
  0.0265  0.0262  0.0261  0.0259  0.0260  0.0264  0.0262  0.0267  0.0260  0.0263  0.0259  0.0259
niter,ni,del,rscale     4    3    5.0000    0.7000
parameters
    4.1697   28.1471   18.7434   -5.5459  -12.1845   -7.9062
    9.4604    7.8478   -7.1600    5.0497   -5.9204   -4.2752
eta,q 0.97453  7.95556
  0.0262  0.0260  0.0259  0.0259  0.0259  0.0261  0.0261  0.0264  0.0259  0.0261  0.0258  0.0258
  0.0258  0.0257  0.0256  0.0257  0.0257  0.0258  0.0258  0.0259  0.0257  0.0257  0.0256  0.0257
  0.0256  0.0255  0.0255  0.0256  0.0255  0.0256  0.0255  0.0256  0.0255  0.0255  0.0255  0.0255
  0.0255  0.0255  0.0255  0.0255  0.0255  0.0255  0.0255  0.0255  0.0255  0.0255  0.0255  0.0255
  0.0256  0.0256  0.0255  0.0255  0.0255  0.0255  0.0255  0.0256  0.0255  0.0256  0.0255  0.0255
  0.0258  0.0257  0.0257  0.0257  0.0257  0.0258  0.0257  0.0259  0.0257  0.0258  0.0256  0.0256
  0.0263  0.0261  0.0259  0.0259  0.0259  0.0262  0.0261  0.0264  0.0259  0.0261  0.0258  0.0258
niter,ni,del,rscale     3    3    5.0000    0.6000
parameters
    4.1668   28.1247   18.7564   -5.4241  -12.1557   -7.8525
    9.4902    7.8258   -7.1103    4.9623   -5.9118   -4.2315
eta,q 0.97454  7.96233
  0.0260  0.0259  0.0258  0.0258  0.0258  0.0260  0.0259  0.0262  0.0258  0.0259  0.0257  0.0257
  0.0257  0.0256  0.0256  0.0257  0.0256  0.0257  0.0257  0.0258  0.0256  0.0257  0.0256  0.0256
  0.0255  0.0255  0.0255  0.0255  0.0255  0.0255  0.0255  0.0255  0.0255  0.0255  0.0255  0.0255
  0.0255  0.0255  0.0255  0.0255  0.0255  0.0255  0.0255  0.0255  0.0255  0.0255  0.0255  0.0255
  0.0255  0.0255  0.0255  0.0255  0.0255  0.0255  0.0255  0.0256  0.0255  0.0255  0.0255  0.0255
  0.0257  0.0257  0.0256  0.0256  0.0256  0.0257  0.0257  0.0258  0.0256  0.0257  0.0256  0.0256
  0.0260  0.0259  0.0258  0.0258  0.0258  0.0260  0.0259  0.0261  0.0258  0.0260  0.0257  0.0257
niter,ni,del,rscale     2    3    5.0000    0.5000
parameters
    4.1592   28.0927   18.7895   -5.3406  -12.1431   -7.7745
    9.5058    7.7717   -7.0792    4.8601   -5.8906   -4.1977
eta,q 0.97454  7.96773
  0.0259  0.0257  0.0257  0.0257  0.0257  0.0258  0.0258  0.0259  0.0257  0.0258  0.0256  0.0257
  0.0256  0.0256  0.0256  0.0256  0.0256  0.0256  0.0256  0.0257  0.0256  0.0256  0.0255  0.0256
  0.0255  0.0255  0.0255  0.0255  0.0255  0.0255  0.0255  0.0255  0.0255  0.0255  0.0255  0.0255
  0.0255  0.0255  0.0255  0.0255  0.0255  0.0255  0.0255  0.0255  0.0255  0.0255  0.0255  0.0255
  0.0255  0.0255  0.0255  0.0255  0.0255  0.0255  0.0255  0.0255  0.0255  0.0255  0.0255  0.0255
  0.0256  0.0256  0.0255  0.0256  0.0256  0.0256  0.0256  0.0257  0.0256  0.0256  0.0255  0.0255
  0.0259  0.0258  0.0257  0.0257  0.0257  0.0258  0.0258  0.0260  0.0257  0.0258  0.0256  0.0257
niter,ni,del,rscale     1    3    5.0000    0.4000
parameters
    4.1465   28.0687   18.8188   -5.2525  -12.1315   -7.6932
    9.5484    7.7232   -7.0596    4.7872   -5.8642   -4.1513
eta,q 0.97454  7.97368
  0.0257  0.0256  0.0256  0.0256  0.0256  0.0257  0.0257  0.0258  0.0256  0.0257  0.0256  0.0256
  0.0256  0.0255  0.0255  0.0256  0.0255  0.0256  0.0256  0.0256  0.0255  0.0256  0.0255  0.0255
  0.0255  0.0255  0.0255  0.0255  0.0255  0.0255  0.0255  0.0255  0.0255  0.0255  0.0255  0.0255
  0.0255  0.0255  0.0255  0.0255  0.0255  0.0255  0.0255  0.0255  0.0255  0.0255  0.0255  0.0255
  0.0255  0.0255  0.0255  0.0255  0.0255  0.0255  0.0255  0.0255  0.0255  0.0255  0.0255  0.0255
  0.0256  0.0256  0.0255  0.0255  0.0255  0.0255  0.0255  0.0256  0.0255  0.0256  0.0255  0.0255
  0.0257  0.0257  0.0256  0.0256  0.0256  0.0257  0.0257  0.0258  0.0256  0.0257  0.0256  0.0256
registration optimization eta report
parameter search radius
    0.8000    0.8000    0.8000    2.4000    2.4000    2.4000
    2.4000    2.4000    2.4000    2.4000    2.4000    2.4000
100000*second partial in parameter space
       39.       29.       20.        3.        3.        4.
        4.        5.        3.        4.        2.        2.
  0.0257  0.0256  0.0256  0.0256  0.0256  0.0257  0.0257  0.0258  0.0256  0.0257  0.0256  0.0256
  0.0256  0.0255  0.0255  0.0256  0.0255  0.0256  0.0256  0.0256  0.0255  0.0256  0.0255  0.0255
  0.0255  0.0255  0.0255  0.0255  0.0255  0.0255  0.0255  0.0255  0.0255  0.0255  0.0255  0.0255
  0.0255  0.0255  0.0255  0.0255  0.0255  0.0255  0.0255  0.0255  0.0255  0.0255  0.0255  0.0255
  0.0255  0.0255  0.0255  0.0255  0.0255  0.0255  0.0255  0.0255  0.0255  0.0255  0.0255  0.0255
  0.0256  0.0256  0.0255  0.0255  0.0255  0.0255  0.0255  0.0256  0.0255  0.0256  0.0255  0.0255
  0.0257  0.0257  0.0256  0.0256  0.0256  0.0257  0.0257  0.0258  0.0256  0.0257  0.0256  0.0256
    4.1465   28.0687   18.8188   -5.2525  -12.1315   -7.6932
    9.5484    7.7232   -7.0596    4.7872   -5.8642   -4.1513
eta,q 0.97454  7.97368

---------------------------------------------------------------------
imgreg_4dfp /opt/freesurfer/average/711-2C_as_mni_average_305 /opt/freesurfer/average/711-2B_as_mni_average_305_mask talsrcimg_g11 none talsrcimg_to_711-2C_as_mni_average_305_t4 2311
---------------------------------------------------------------------

freesurfer imgreg_4dfp.c
/opt/freesurfer/average/711-2C_as_mni_average_305.4dfp.img
       256       256       256         1
  1.000000  1.000000  1.000000
orientation T byte_order littleendian
Reading image: /opt/freesurfer/average/711-2C_as_mni_average_305.4dfp.img
dimensions:      256       256       256
mmppix:       1.0000   -1.0000   -1.0000
center:     128.0000 -129.0000 -129.0000
/opt/freesurfer/average/711-2B_as_mni_average_305_mask.4dfp.img
       256       256       256         1
  1.000000  1.000000  1.000000
orientation T byte_order littleendian
Reading mask: /opt/freesurfer/average/711-2B_as_mni_average_305_mask.4dfp.img (2306576 pixels)
talsrcimg_g11.4dfp.img
       256       256       256         1
  1.000000  1.000000  1.000000
orientation T byte_order littleendian
Reading image: talsrcimg_g11.4dfp.img
dimensions:      256       256       256
mmppix:       1.0000   -1.0000   -1.0000
center:     128.0000 -129.0000 -129.0000
fimgreg.f
image alignment mode   2311 decimal      907 hex
parameters
    4.1465   28.0687   18.8188   -5.2525  -12.1315   -7.6932
    9.5484    7.7232   -7.0596    4.7872   -5.8642   -4.1513
eta,q 0.97454  7.97368
niter,ni,del,rscale     5    3    5.0000    0.8000
parameters
    4.1198   28.0200   18.8487   -5.5666  -12.0061   -7.7875
    9.5020    7.8130   -7.1458    4.8484   -5.9040   -4.1819
eta,q 0.97453  7.96476
  0.0264  0.0261  0.0260  0.0260  0.0260  0.0263  0.0262  0.0267  0.0260  0.0263  0.0258  0.0259
  0.0259  0.0258  0.0257  0.0257  0.0257  0.0259  0.0258  0.0260  0.0257  0.0258  0.0256  0.0257
  0.0256  0.0255  0.0255  0.0255  0.0255  0.0256  0.0256  0.0256  0.0255  0.0256  0.0255  0.0255
  0.0255  0.0255  0.0255  0.0255  0.0255  0.0255  0.0255  0.0255  0.0255  0.0255  0.0255  0.0255
  0.0256  0.0256  0.0255  0.0255  0.0255  0.0256  0.0256  0.0256  0.0255  0.0256  0.0255  0.0255
  0.0259  0.0258  0.0257  0.0258  0.0257  0.0259  0.0258  0.0260  0.0257  0.0259  0.0256  0.0257
  0.0265  0.0262  0.0260  0.0262  0.0260  0.0264  0.0263  0.0266  0.0261  0.0262  0.0259  0.0259
niter,ni,del,rscale     4    3    5.0000    0.7000
parameters
    4.1534   28.0421   18.8216   -5.4866  -12.0398   -7.7915
    9.4810    7.8337   -7.1120    4.8373   -5.9344   -4.1704
eta,q 0.97453  7.96604
  0.0263  0.0260  0.0259  0.0259  0.0259  0.0261  0.0261  0.0264  0.0259  0.0261  0.0257  0.0258
  0.0258  0.0257  0.0256  0.0257  0.0257  0.0258  0.0257  0.0259  0.0257  0.0257  0.0256  0.0256
  0.0256  0.0255  0.0255  0.0256  0.0255  0.0256  0.0255  0.0256  0.0255  0.0255  0.0255  0.0255
  0.0255  0.0255  0.0255  0.0255  0.0255  0.0255  0.0255  0.0255  0.0255  0.0255  0.0255  0.0255
  0.0255  0.0255  0.0255  0.0255  0.0255  0.0255  0.0255  0.0256  0.0255  0.0256  0.0255  0.0255
  0.0258  0.0257  0.0257  0.0257  0.0257  0.0258  0.0257  0.0259  0.0257  0.0258  0.0256  0.0256
  0.0262  0.0260  0.0259  0.0259  0.0259  0.0262  0.0261  0.0264  0.0259  0.0261  0.0258  0.0258
niter,ni,del,rscale     3    3    5.0000    0.6000
parameters
    4.1609   28.0480   18.8174   -5.3860  -12.0691   -7.7602
    9.4957    7.8163   -7.0728    4.8004   -5.9224   -4.1451
eta,q 0.97454  7.96926
  0.0260  0.0259  0.0258  0.0258  0.0258  0.0260  0.0259  0.0262  0.0258  0.0259  0.0257  0.0257
  0.0257  0.0257  0.0256  0.0257  0.0256  0.0257  0.0257  0.0258  0.0256  0.0257  0.0256  0.0256
  0.0255  0.0255  0.0255  0.0255  0.0255  0.0255  0.0255  0.0255  0.0255  0.0255  0.0255  0.0255
  0.0255  0.0255  0.0255  0.0255  0.0255  0.0255  0.0255  0.0255  0.0255  0.0255  0.0255  0.0255
  0.0255  0.0255  0.0255  0.0255  0.0255  0.0255  0.0255  0.0256  0.0255  0.0255  0.0255  0.0255
  0.0257  0.0256  0.0256  0.0256  0.0256  0.0257  0.0257  0.0258  0.0256  0.0257  0.0255  0.0256
  0.0260  0.0259  0.0258  0.0258  0.0258  0.0260  0.0259  0.0261  0.0258  0.0259  0.0257  0.0257
niter,ni,del,rscale     2    3    5.0000    0.5000
parameters
    4.1531   28.0394   18.8217   -5.3050  -12.0654   -7.7277
    9.5230    7.7679   -7.0544    4.7537   -5.9147   -4.1348
eta,q 0.97454  7.97311
  0.0259  0.0257  0.0257  0.0257  0.0257  0.0258  0.0258  0.0259  0.0257  0.0258  0.0256  0.0257
  0.0256  0.0256  0.0256  0.0256  0.0256  0.0256  0.0256  0.0257  0.0256  0.0256  0.0255  0.0256
  0.0255  0.0255  0.0255  0.0255  0.0255  0.0255  0.0255  0.0255  0.0255  0.0255  0.0255  0.0255
  0.0255  0.0255  0.0255  0.0255  0.0255  0.0255  0.0255  0.0255  0.0255  0.0255  0.0255  0.0255
  0.0255  0.0255  0.0255  0.0255  0.0255  0.0255  0.0255  0.0255  0.0255  0.0255  0.0255  0.0255
  0.0256  0.0256  0.0255  0.0256  0.0256  0.0256  0.0256  0.0257  0.0256  0.0256  0.0255  0.0255
  0.0259  0.0258  0.0257  0.0257  0.0257  0.0258  0.0258  0.0259  0.0257  0.0258  0.0256  0.0257
niter,ni,del,rscale     1    3    5.0000    0.4000
parameters
    4.1431   28.0266   18.8439   -5.2285  -12.0629   -7.6544
    9.5439    7.7304   -7.0249    4.7063   -5.8584   -4.1174
eta,q 0.97454  7.97795
  0.0257  0.0256  0.0256  0.0256  0.0256  0.0257  0.0257  0.0258  0.0256  0.0257  0.0256  0.0256
  0.0256  0.0255  0.0255  0.0255  0.0255  0.0256  0.0256  0.0256  0.0255  0.0255  0.0255  0.0255
  0.0255  0.0255  0.0255  0.0255  0.0255  0.0255  0.0255  0.0255  0.0255  0.0255  0.0255  0.0255
  0.0255  0.0255  0.0255  0.0255  0.0255  0.0255  0.0255  0.0255  0.0255  0.0255  0.0255  0.0255
  0.0255  0.0255  0.0255  0.0255  0.0255  0.0255  0.0255  0.0255  0.0255  0.0255  0.0255  0.0255
  0.0256  0.0255  0.0255  0.0255  0.0255  0.0255  0.0255  0.0256  0.0255  0.0256  0.0255  0.0255
  0.0257  0.0257  0.0256  0.0256  0.0256  0.0257  0.0257  0.0258  0.0256  0.0257  0.0256  0.0256
registration optimization eta report
parameter search radius
    0.8000    0.8000    0.8000    2.4000    2.4000    2.4000
    2.4000    2.4000    2.4000    2.4000    2.4000    2.4000
100000*second partial in parameter space
       40.       29.       20.        3.        3.        4.
        4.        5.        3.        4.        2.        2.
  0.0257  0.0256  0.0256  0.0256  0.0256  0.0257  0.0257  0.0258  0.0256  0.0257  0.0256  0.0256
  0.0256  0.0255  0.0255  0.0255  0.0255  0.0256  0.0256  0.0256  0.0255  0.0255  0.0255  0.0255
  0.0255  0.0255  0.0255  0.0255  0.0255  0.0255  0.0255  0.0255  0.0255  0.0255  0.0255  0.0255
  0.0255  0.0255  0.0255  0.0255  0.0255  0.0255  0.0255  0.0255  0.0255  0.0255  0.0255  0.0255
  0.0255  0.0255  0.0255  0.0255  0.0255  0.0255  0.0255  0.0255  0.0255  0.0255  0.0255  0.0255
  0.0256  0.0255  0.0255  0.0255  0.0255  0.0255  0.0255  0.0256  0.0255  0.0256  0.0255  0.0255
  0.0257  0.0257  0.0256  0.0256  0.0256  0.0257  0.0257  0.0258  0.0256  0.0257  0.0256  0.0256
    4.1431   28.0266   18.8439   -5.2285  -12.0629   -7.6544
    9.5439    7.7304   -7.0249    4.7063   -5.8584   -4.1174
eta,q 0.97454  7.97795

---------------------------------------------------------------------
compute_vox2vox talsrcimg talsrcimg_to_711-2C_as_mni_average_305_t4 /opt/freesurfer/average/711-2C_as_mni_average_305
---------------------------------------------------------------------

freesurfer compute_vox2vox.c
Reading: talsrcimg.4dfp.ifh
Reading: talsrcimg_to_711-2C_as_mni_average_305_t4
Reading: /opt/freesurfer/average/711-2C_as_mni_average_305.4dfp.ifh
Writing: talsrcimg_to_711-2C_as_mni_average_305_t4_vox2vox.txt

start time Sun Mar 15 08:15:17 CET 2026
end		time Sun Mar 15 08:16:44 CET 2026

mpr2mni305 success

avi2talxfm orig_nu.mgz /opt/freesurfer/average/mni305.cor.mgz talsrcimg_to_711-2C_as_mni_average_305_t4_vox2vox.txt transforms/talairach.auto.xfm
avi2talxfm done
mv -f /out/sourcedata/freesurfer/sub-v2s10x28924_ses-1/mri/talsrcimg_to_711-2C_as_mni_average_305_t4_vox2vox.txt /out/sourcedata/freesurfer/sub-v2s10x28924_ses-1/mri/transforms/talsrcimg_to_711-2C_as_mni_average_305_t4_vox2vox.txt
lta_convert --src orig_nu.mgz --trg /opt/freesurfer/average/mni305.cor.mgz --inxfm transforms/talairach.auto.xfm --outlta transforms/talairach.auto.xfm.lta --subject fsaverage
7.3.2

--src: orig_nu.mgz src image (geometry).
--trg: /opt/freesurfer/average/mni305.cor.mgz trg image (geometry).
--inmni: transforms/talairach.auto.xfm input MNI/XFM transform.
--outlta: transforms/talairach.auto.xfm.lta output LTA.
--s: fsaverage subject name
 LTA read, type : 1
 1.04149  -0.08123  -0.11684   4.87163;
 0.06961   1.07488   0.04277  -30.82900;
 0.07947  -0.06402   1.12555  -33.51534;
 0.00000   0.00000   0.00000   1.00000;
setting subject to fsaverage
Writing  LTA to file transforms/talairach.auto.xfm.lta...
lta_convert successful.
 
 
Started at Sun Mar 15 08:15:16 CET 2026
Ended   at Sun Mar 15 08:16:45 CET 2026
talairach_avi done
