/out/sourcedata/freesurfer/sub-v2s10x29003_ses-1/mri
/opt/freesurfer/bin/talairach_avi
--i orig_nu.mgz --xfm transforms/talairach.auto.xfm
talairach_avi 7.3.2
Linux dna081 5.14.0-427.37.1.el9_4.x86_64 #1 SMP PREEMPT_DYNAMIC Fri Sep 13 12:41:50 EDT 2024 x86_64 x86_64 x86_64 GNU/Linux
Sun Mar 15 11:14:43 CET 2026
mri_convert orig_nu.mgz talsrcimg.img 
reading from orig_nu.mgz...
TR=0.00, TE=0.00, TI=0.00, flip angle=0.00
i_ras = (-1, 0, 0)
j_ras = (0, 0, -1)
k_ras = (0, 1, 0)
writing to talsrcimg.img...
Analyze Output Matrix
-1.00000   0.00000   0.00000   130.80217;
 0.00000   0.00000   1.00000  -113.85646;
 0.00000  -1.00000   0.00000   117.64423;
 0.00000   0.00000   0.00000   1.00000;
--------------------
INFO: set hdr.hist.orient to -1
mpr2mni305 talsrcimg
Sun Mar 15 11:14:43 CET 2026
/opt/freesurfer/bin/mpr2mni305 talsrcimg
mpr2mni305 7.3.2
target=711-2C_as_mni_average_305

---------------------------------------------------------------------
analyzeto4dfp talsrcimg -O0 -y
---------------------------------------------------------------------

freesurfer ifh2hdr.c
Sun Mar 15 11:14:43 2026
Writing: talsrcimg.4dfp.hdr
freesurfer analyzeto4dfp.c
Reading: talsrcimg.hdr
header size 348 bytes
hdr.dime.datatype	offset=70	value=2
hdr.dime.bitpix		offset=72	value=8
hdr.hist.orient		offset=252	value=-1
dimensionality     4
dimensions       256       256       256         1
Reading: talsrcimg.img
Writing: talsrcimg.4dfp.img
Writing: talsrcimg.4dfp.ifh
ifh2hdr talsrcimg -r0to245
ori=2

---------------------------------------------------------------------
gauss_4dfp talsrcimg 1.1
---------------------------------------------------------------------

freesurfer gauss_4dfp.c
Reading: talsrcimg.4dfp.img
Writing: talsrcimg_g11.4dfp.img
image dimensions 256 256 256 padded to 288 288 288
processing volume 1freesurfer ifh2hdr.c
Sun Mar 15 11:14:45 2026
Writing: talsrcimg_g11.4dfp.hdr

Writing: talsrcimg_g11.4dfp.ifh
including: talsrcimg.4dfp.img.rec in talsrcimg_g11.4dfp.img.rec

---------------------------------------------------------------------
imgreg_4dfp /opt/freesurfer/average/711-2C_as_mni_average_305 none talsrcimg_g11 none talsrcimg_to_711-2C_as_mni_average_305_t4 4355
---------------------------------------------------------------------

freesurfer imgreg_4dfp.c
/opt/freesurfer/average/711-2C_as_mni_average_305.4dfp.img
       256       256       256         1
  1.000000  1.000000  1.000000
orientation T byte_order littleendian
Reading image: /opt/freesurfer/average/711-2C_as_mni_average_305.4dfp.img
dimensions:      256       256       256
mmppix:       1.0000   -1.0000   -1.0000
center:     128.0000 -129.0000 -129.0000
talsrcimg_g11.4dfp.img
       256       256       256         1
  1.000000  1.000000  1.000000
orientation T byte_order littleendian
Reading image: talsrcimg_g11.4dfp.img
dimensions:      256       256       256
mmppix:       1.0000   -1.0000   -1.0000
center:     128.0000 -129.0000 -129.0000
t4_read: open error in t4_sub.f l:  41 t4_file(1:l)talsrcimg_to_711-2C_as_mni_average_305_t4 
t4_read: transform initialized to I4
rotation matrix determinant  1.000000
image alignment mode   4355 decimal     1103 hex
   -7.5000  -45.0000  -45.0000 6929.0415   12.5269
    0.0000  -45.0000  -45.0000 7209.9009   12.5127
    7.5000  -45.0000  -45.0000 6897.9912   12.5061
   -7.5000  -37.5000  -45.0000 7595.6001   12.2969
    0.0000  -37.5000  -45.0000 7923.1699   12.2840
    7.5000  -37.5000  -45.0000 7575.3418   12.2793
   -7.5000  -30.0000  -45.0000 8607.7725   12.1435
    0.0000  -30.0000  -45.0000 8987.1973   12.1350
    7.5000  -30.0000  -45.0000 8583.5215   12.1294
   -7.5000  -22.5000  -45.0000 9659.4580   12.0785
    0.0000  -22.5000  -45.000010085.1768   12.0747
    7.5000  -22.5000  -45.0000 9626.0352   12.0648
   -7.5000  -15.0000  -45.000010690.0967   12.0435
    0.0000  -15.0000  -45.000011171.5010   12.0406
    7.5000  -15.0000  -45.000010648.6230   12.0280
   -7.5000   -7.5000  -45.000011664.4209   12.0354
    0.0000   -7.5000  -45.000012199.0273   12.0284
    7.5000   -7.5000  -45.000011612.1582   12.0173
   -7.5000    0.0000  -45.000012454.0381   12.0320
    0.0000    0.0000  -45.000013048.0693   12.0212
    7.5000    0.0000  -45.000012401.2930   12.0136
   -7.5000    7.5000  -45.000012347.3262   12.0263
    0.0000    7.5000  -45.000012922.6113   12.0156
    7.5000    7.5000  -45.000012265.4912   12.0105
   -7.5000   15.0000  -45.000012147.9434   12.0237
    0.0000   15.0000  -45.000012714.9502   12.0163
    7.5000   15.0000  -45.000012067.7314   12.0103
   -7.5000   22.5000  -45.000011856.6582   12.0252
    0.0000   22.5000  -45.000012389.1943   12.0218
    7.5000   22.5000  -45.000011765.5137   12.0117
   -7.5000   30.0000  -45.000011415.1143   11.8725
    0.0000   30.0000  -45.000011923.6777   11.8697
    7.5000   30.0000  -45.000011325.5293   11.8571
   -7.5000   37.5000  -45.000011392.7061   11.8750
    0.0000   37.5000  -45.000011894.2080   11.8681
    7.5000   37.5000  -45.000011274.3389   11.8571
   -7.5000   45.0000  -45.000010800.0068   11.5702
    0.0000   45.0000  -45.000011281.2578   11.5598
    7.5000   45.0000  -45.000010695.7432   11.5525
   -7.5000  -45.0000  -37.5000 7293.5527   12.5393
    0.0000  -45.0000  -37.5000 7613.8936   12.5232
    7.5000  -45.0000  -37.5000 7265.4727   12.5168
   -7.5000  -37.5000  -37.5000 8027.0859   12.3066
    0.0000  -37.5000  -37.5000 8384.4873   12.2909
    7.5000  -37.5000  -37.5000 7992.0928   12.2856
   -7.5000  -30.0000  -37.5000 9105.1182   12.1503
    0.0000  -30.0000  -37.5000 9513.3457   12.1388
    7.5000  -30.0000  -37.5000 9071.2354   12.1322
   -7.5000  -22.5000  -37.500010198.7822   12.0849
    0.0000  -22.5000  -37.500010660.4697   12.0792
    7.5000  -22.5000  -37.500010158.5596   12.0689
   -7.5000  -15.0000  -37.500011244.0889   12.0519
    0.0000  -15.0000  -37.500011760.9385   12.0479
    7.5000  -15.0000  -37.500011198.5889   12.0352
   -7.5000   -7.5000  -37.500012270.4600   12.0466
    0.0000   -7.5000  -37.500012841.0088   12.0384
    7.5000   -7.5000  -37.500012228.5752   12.0274
   -7.5000    0.0000  -37.500013111.8086   12.0438
    0.0000    0.0000  -37.500013723.9648   12.0314
    7.5000    0.0000  -37.500013059.8037   12.0239
   -7.5000    7.5000  -37.500013002.0244   12.0356
    0.0000    7.5000  -37.500013605.8701   12.0224
    7.5000    7.5000  -37.500012926.2959   12.0167
   -7.5000   15.0000  -37.500012770.2480   12.0302
    0.0000   15.0000  -37.500013372.0020   12.0199
    7.5000   15.0000  -37.500012691.8691   12.0129
   -7.5000   22.5000  -37.500012453.4404   12.0315
    0.0000   22.5000  -37.500013027.6641   12.0263
    7.5000   22.5000  -37.500012357.3398   12.0157
   -7.5000   30.0000  -37.500011967.4336   11.8808
    0.0000   30.0000  -37.500012511.4482   11.8769
    7.5000   30.0000  -37.500011879.9951   11.8643
   -7.5000   37.5000  -37.500011892.3301   11.8860
    0.0000   37.5000  -37.500012424.3477   11.8779
    7.5000   37.5000  -37.500011771.4824   11.8671
   -7.5000   45.0000  -37.500011298.3115   11.5815
    0.0000   45.0000  -37.500011804.2070   11.5697
    7.5000   45.0000  -37.500011169.6035   11.5625
   -7.5000  -45.0000  -30.0000 7807.6206   13.0890
    0.0000  -45.0000  -30.0000 8149.8867   13.0726
    7.5000  -45.0000  -30.0000 7776.9609   13.0661
   -7.5000  -37.5000  -30.0000 8594.1836   12.8468
    0.0000  -37.5000  -30.0000 8982.6533   12.8294
    7.5000  -37.5000  -30.0000 8560.4844   12.8216
   -7.5000  -30.0000  -30.0000 9732.6289   12.6804
    0.0000  -30.0000  -30.000010188.5449   12.6669
    7.5000  -30.0000  -30.0000 9707.6768   12.6561
   -7.5000  -22.5000  -30.000010876.3867   12.6084
    0.0000  -22.5000  -30.000011394.9229   12.6017
    7.5000  -22.5000  -30.000010840.6328   12.5880
   -7.5000  -15.0000  -30.000011998.0508   12.5731
    0.0000  -15.0000  -30.000012569.6484   12.5692
    7.5000  -15.0000  -30.000011952.3877   12.5551
   -7.5000   -7.5000  -30.000013075.7764   12.5703
    0.0000   -7.5000  -30.000013717.9053   12.5628
    7.5000   -7.5000  -30.000013039.2871   12.5517
   -7.5000    0.0000  -30.000013953.5889   12.5711
    0.0000    0.0000  -30.000014618.2627   12.5589
    7.5000    0.0000  -30.000013898.2812   12.5512
   -7.5000    7.5000  -30.000013809.4922   12.5635
    0.0000    7.5000  -30.000014461.0957   12.5489
    7.5000    7.5000  -30.000013725.5889   12.5409
   -7.5000   15.0000  -30.000013555.9336   12.5551
    0.0000   15.0000  -30.000014218.3086   12.5429
    7.5000   15.0000  -30.000013463.4092   12.5317
   -7.5000   22.5000  -30.000013215.9121   12.5515
    0.0000   22.5000  -30.000013863.5879   12.5453
    7.5000   22.5000  -30.000013115.6553   12.5313
   -7.5000   30.0000  -30.000012706.1201   12.3959
    0.0000   30.0000  -30.000013313.9014   12.3920
    7.5000   30.0000  -30.000012609.0840   12.3780
   -7.5000   37.5000  -30.000012557.0439   12.4040
    0.0000   37.5000  -30.000013136.9639   12.3966
    7.5000   37.5000  -30.000012424.4492   12.3856
   -7.5000   45.0000  -30.000011903.1504   12.0975
    0.0000   45.0000  -30.000012446.5547   12.0858
    7.5000   45.0000  -30.000011766.5244   12.0783
   -7.5000  -45.0000  -22.5000 8294.1846   13.5434
    0.0000  -45.0000  -22.5000 8666.5684   13.5294
    7.5000  -45.0000  -22.5000 8257.7930   13.5226
   -7.5000  -37.5000  -22.5000 9114.9990   13.2966
    0.0000  -37.5000  -22.5000 9543.6416   13.2816
    7.5000  -37.5000  -22.5000 9093.6113   13.2722
   -7.5000  -30.0000  -22.500010327.5557   13.1250
    0.0000  -30.0000  -22.500010819.8604   13.1138
    7.5000  -30.0000  -22.500010303.2617   13.1003
   -7.5000  -22.5000  -22.500011529.5322   13.0470
    0.0000  -22.5000  -22.500012077.2344   13.0424
    7.5000  -22.5000  -22.500011517.7520   13.0262
   -7.5000  -15.0000  -22.500012690.4248   13.0070
    0.0000  -15.0000  -22.500013313.4512   13.0050
    7.5000  -15.0000  -22.500012678.2559   12.9895
   -7.5000   -7.5000  -22.500013799.3379   13.0034
    0.0000   -7.5000  -22.500014504.0117   12.9983
    7.5000   -7.5000  -22.500013785.6982   12.9868
   -7.5000    0.0000  -22.500014711.1553   13.0071
    0.0000    0.0000  -22.500015435.9092   12.9974
    7.5000    0.0000  -22.500014682.5176   12.9893
   -7.5000    7.5000  -22.500014533.3359   13.0035
    0.0000    7.5000  -22.500015258.1924   12.9912
    7.5000    7.5000  -22.500014470.4336   12.9816
   -7.5000   15.0000  -22.500014245.9844   12.9954
    0.0000   15.0000  -22.500014979.2012   12.9856
    7.5000   15.0000  -22.500014162.1748   12.9718
   -7.5000   22.5000  -22.500013912.6475   12.9874
    0.0000   22.5000  -22.500014621.8857   12.9833
    7.5000   22.5000  -22.500013823.5586   12.9669
   -7.5000   30.0000  -22.500013395.0020   12.8257
    0.0000   30.0000  -22.500014087.0811   12.8237
    7.5000   30.0000  -22.500013299.2080   12.8083
   -7.5000   37.5000  -22.500013170.2139   12.8333
    0.0000   37.5000  -22.500013826.6367   12.8282
    7.5000   37.5000  -22.500013041.8311   12.8168
   -7.5000   45.0000  -22.500012472.9902   12.5265
    0.0000   45.0000  -22.500013079.7451   12.5171
    7.5000   45.0000  -22.500012335.8750   12.5094
   -7.5000  -45.0000  -15.0000 8758.1289   13.8510
    0.0000  -45.0000  -15.0000 9153.0469   13.8385
    7.5000  -45.0000  -15.0000 8725.0576   13.8311
   -7.5000  -37.5000  -15.0000 9633.8691   13.6011
    0.0000  -37.5000  -15.000010081.2852   13.5887
    7.5000  -37.5000  -15.0000 9597.3818   13.5799
   -7.5000  -30.0000  -15.000010895.2090   13.4294
    0.0000  -30.0000  -15.000011411.1934   13.4214
    7.5000  -30.0000  -15.000010872.7383   13.4089
   -7.5000  -22.5000  -15.000012162.3721   13.3507
    0.0000  -22.5000  -15.000012745.0635   13.3486
    7.5000  -22.5000  -15.000012169.9639   13.3326
   -7.5000  -15.0000  -15.000013377.5586   13.3077
    0.0000  -15.0000  -15.000014039.2178   13.3073
    7.5000  -15.0000  -15.000013383.8184   13.2913
   -7.5000   -7.5000  -15.000014510.2871   13.3004
    0.0000   -7.5000  -15.000015248.1406   13.2964
    7.5000   -7.5000  -15.000014514.5830   13.2844
   -7.5000    0.0000  -15.000015493.9268   13.3027
    0.0000    0.0000  -15.000016267.0029   13.2942
    7.5000    0.0000  -15.000015487.0088   13.2858
   -7.5000    7.5000  -15.000015257.0742   13.3017
    0.0000    7.5000  -15.000016021.5361   13.2917
    7.5000    7.5000  -15.000015222.6553   13.2825
   -7.5000   15.0000  -15.000014935.7715   13.2971
    0.0000   15.0000  -15.000015682.2969   13.2905
    7.5000   15.0000  -15.000014871.6025   13.2775
   -7.5000   22.5000  -15.000014586.7021   13.2893
    0.0000   22.5000  -15.000015325.9561   13.2877
    7.5000   22.5000  -15.000014507.8896   13.2714
   -7.5000   30.0000  -15.000014029.8594   13.1240
    0.0000   30.0000  -15.000014762.3584   13.1237
    7.5000   30.0000  -15.000013947.6406   13.1078
   -7.5000   37.5000  -15.000013762.5107   13.1282
    0.0000   37.5000  -15.000014453.7764   13.1243
    7.5000   37.5000  -15.000013631.8291   13.1124
   -7.5000   45.0000  -15.000013012.1602   12.8189
    0.0000   45.0000  -15.000013655.8467   12.8107
    7.5000   45.0000  -15.000012864.3262   12.8026
   -7.5000  -45.0000   -7.5000 9226.0742   13.9914
    0.0000  -45.0000   -7.5000 9635.0596   13.9776
    7.5000  -45.0000   -7.5000 9190.4395   13.9702
   -7.5000  -37.5000   -7.500010155.4756   13.7380
    0.0000  -37.5000   -7.500010625.5996   13.7254
    7.5000  -37.5000   -7.500010128.3164   13.7185
   -7.5000  -30.0000   -7.500011481.8555   13.5673
    0.0000  -30.0000   -7.500012029.4668   13.5597
    7.5000  -30.0000   -7.500011477.8594   13.5504
   -7.5000  -22.5000   -7.500012811.0654   13.4917
    0.0000  -22.5000   -7.500013424.4648   13.4893
    7.5000  -22.5000   -7.500012812.2480   13.4757
   -7.5000  -15.0000   -7.500014049.0449   13.4495
    0.0000  -15.0000   -7.500014733.5117   13.4482
    7.5000  -15.0000   -7.500014054.5518   13.4330
   -7.5000   -7.5000   -7.500015192.6699   13.4396
    0.0000   -7.5000   -7.500015924.6641   13.4342
    7.5000   -7.5000   -7.500015209.7051   13.4219
   -7.5000    0.0000   -7.500016261.8711   13.4382
    0.0000    0.0000   -7.500017006.3320   13.4283
    7.5000    0.0000   -7.500016248.3740   13.4199
   -7.5000    7.5000   -7.500016055.2539   13.4358
    0.0000    7.5000   -7.500016833.0566   13.4256
    7.5000    7.5000   -7.500016036.0156   13.4182
   -7.5000   15.0000   -7.500015690.8535   13.4337
    0.0000   15.0000   -7.500016446.5723   13.4273
    7.5000   15.0000   -7.500015671.2920   13.4176
   -7.5000   22.5000   -7.500015295.1904   13.4281
    0.0000   22.5000   -7.500016044.9844   13.4261
    7.5000   22.5000   -7.500015271.2783   13.4123
   -7.5000   30.0000   -7.500014674.0898   13.2635
    0.0000   30.0000   -7.500015415.4648   13.2622
    7.5000   30.0000   -7.500014642.6074   13.2470
   -7.5000   37.5000   -7.500014341.0674   13.2652
    0.0000   37.5000   -7.500015058.3682   13.2599
    7.5000   37.5000   -7.500014276.1113   13.2477
   -7.5000   45.0000   -7.500013522.3096   12.9519
    0.0000   45.0000   -7.500014193.1943   12.9424
    7.5000   45.0000   -7.500013402.6533   12.9342
   -7.5000  -45.0000    0.0000 9596.6045   14.0142
    0.0000  -45.0000    0.000010058.0029   13.9982
    7.5000  -45.0000    0.0000 9567.7607   13.9908
   -7.5000  -37.5000    0.000010579.4805   13.7570
    0.0000  -37.5000    0.000011088.9229   13.7426
    7.5000  -37.5000    0.000010563.8994   13.7373
   -7.5000  -30.0000    0.000011973.0352   13.5856
    0.0000  -30.0000    0.000012535.7451   13.5761
    7.5000  -30.0000    0.000011951.5352   13.5698
   -7.5000  -22.5000    0.000013354.0664   13.5128
    0.0000  -22.5000    0.000013947.7090   13.5086
    7.5000  -22.5000    0.000013314.9746   13.4975
   -7.5000  -15.0000    0.000014615.8750   13.4736
    0.0000  -15.0000    0.000015277.4238   13.4704
    7.5000  -15.0000    0.000014602.3330   13.4561
   -7.5000   -7.5000    0.000015762.9639   13.4644
    0.0000   -7.5000    0.000016455.9219   13.4566
    7.5000   -7.5000    0.000015804.1533   13.4441
   -7.5000    0.0000    0.000016852.1836   13.4606
    0.0000    0.0000    0.000017539.0898   13.4485
    7.5000    0.0000    0.000016880.0723   13.4400
   -7.5000    7.5000    0.000016726.9805   13.4544
    0.0000    7.5000    0.000017497.8691   13.4425
    7.5000    7.5000    0.000016710.6094   13.4367
   -7.5000   15.0000    0.000016405.6230   13.4516
    0.0000   15.0000    0.000017168.9297   13.4433
    7.5000   15.0000    0.000016376.9805   13.4365
   -7.5000   22.5000    0.000015954.0439   13.4489
    0.0000   22.5000    0.000016711.2012   13.4451
    7.5000   22.5000    0.000015924.5098   13.4338
   -7.5000   30.0000    0.000015311.1904   13.2875
    0.0000   30.0000    0.000016030.0420   13.2844
    7.5000   30.0000    0.000015264.5176   13.2702
   -7.5000   37.5000    0.000014923.0713   13.2901
    0.0000   37.5000    0.000015601.1260   13.2824
    7.5000   37.5000    0.000014861.0459   13.2701
   -7.5000   45.0000    0.000013980.9404   12.9744
    0.0000   45.0000    0.000014589.1904   12.9628
    7.5000   45.0000    0.000013866.5664   12.9546
   -7.5000  -45.0000    7.5000 9210.7451   14.0319
    0.0000  -45.0000    7.5000 9646.3369   14.0138
    7.5000  -45.0000    7.5000 9189.3350   14.0066
   -7.5000  -37.5000    7.500010177.3447   13.7715
    0.0000  -37.5000    7.500010669.9756   13.7538
    7.5000  -37.5000    7.500010160.1084   13.7479
   -7.5000  -30.0000    7.500011500.5498   13.5965
    0.0000  -30.0000    7.500012062.1123   13.5837
    7.5000  -30.0000    7.500011481.7578   13.5762
   -7.5000  -22.5000    7.500012798.7314   13.5233
    0.0000  -22.5000    7.500013412.4717   13.5170
    7.5000  -22.5000    7.500012772.9492   13.5054
   -7.5000  -15.0000    7.500014010.4834   13.4864
    0.0000  -15.0000    7.500014661.4170   13.4819
    7.5000  -15.0000    7.500013997.1719   13.4677
   -7.5000   -7.5000    7.500015136.5566   13.4804
    0.0000   -7.5000    7.500015749.8906   13.4713
    7.5000   -7.5000    7.500015130.9980   13.4590
   -7.5000    0.0000    7.500016136.8613   13.4773
    0.0000    0.0000    7.500016769.6621   13.4635
    7.5000    0.0000    7.500016151.5771   13.4551
   -7.5000    7.5000    7.500016011.9336   13.4681
    0.0000    7.5000    7.500016631.5020   13.4534
    7.5000    7.5000    7.500015966.0928   13.4470
   -7.5000   15.0000    7.500015805.4619   13.4621
    0.0000   15.0000    7.500016393.6035   13.4506
    7.5000   15.0000    7.500015667.2891   13.4427
   -7.5000   22.5000    7.500015493.3916   13.4592
    0.0000   22.5000    7.500016092.5664   13.4534
    7.5000   22.5000    7.500015293.9375   13.4415
   -7.5000   30.0000    7.500014850.1240   13.3001
    0.0000   30.0000    7.500015479.1201   13.2957
    7.5000   30.0000    7.500014669.2705   13.2816
   -7.5000   37.5000    7.500014407.2363   13.3059
    0.0000   37.5000    7.500015009.8760   13.2969
    7.5000   37.5000    7.500014268.9482   13.2848
   -7.5000   45.0000    7.500013385.2148   12.9906
    0.0000   45.0000    7.500013947.6426   12.9773
    7.5000   45.0000    7.500013244.3506   12.9692
   -7.5000  -45.0000   15.0000 8708.2832   14.0732
    0.0000  -45.0000   15.0000 9116.9336   14.0555
    7.5000  -45.0000   15.0000 8690.9023   14.0484
   -7.5000  -37.5000   15.0000 9625.2422   13.8129
    0.0000  -37.5000   15.000010094.7305   13.7941
    7.5000  -37.5000   15.0000 9617.8945   13.7857
   -7.5000  -30.0000   15.000010884.4902   13.6339
    0.0000  -30.0000   15.000011411.3008   13.6192
    7.5000  -30.0000   15.000010873.5176   13.6076
   -7.5000  -22.5000   15.000012117.7109   13.5563
    0.0000  -22.5000   15.000012675.5957   13.5491
    7.5000  -22.5000   15.000012091.9482   13.5344
   -7.5000  -15.0000   15.000013282.6191   13.5184
    0.0000  -15.0000   15.000013853.7246   13.5140
    7.5000  -15.0000   15.000013241.1406   13.4989
   -7.5000   -7.5000   15.000014418.1875   13.5154
    0.0000   -7.5000   15.000014959.4580   13.5072
    7.5000   -7.5000   15.000014328.0586   13.4953
   -7.5000    0.0000   15.000015409.8721   13.5162
    0.0000    0.0000   15.000015988.8926   13.5030
    7.5000    0.0000   15.000015320.7822   13.4947
   -7.5000    7.5000   15.000015289.6045   13.5080
    0.0000    7.5000   15.000015849.1494   13.4922
    7.5000    7.5000   15.000015159.3320   13.4836
   -7.5000   15.0000   15.000015008.0127   13.4989
    0.0000   15.0000   15.000015569.3965   13.4857
    7.5000   15.0000   15.000014878.8623   13.4737
   -7.5000   22.5000   15.000014645.6318   13.4921
    0.0000   22.5000   15.000015219.8184   13.4853
    7.5000   22.5000   15.000014537.9502   13.4703
   -7.5000   30.0000   15.000014068.0459   13.3317
    0.0000   30.0000   15.000014670.7139   13.3274
    7.5000   30.0000   15.000013971.6523   13.3124
   -7.5000   37.5000   15.000013666.8086   13.3404
    0.0000   37.5000   15.000014269.5195   13.3323
    7.5000   37.5000   15.000013582.1543   13.3205
   -7.5000   45.0000   15.000012686.9902   13.0281
    0.0000   45.0000   15.000013220.5381   13.0153
    7.5000   45.0000   15.000012574.2588   13.0073
   -7.5000  -45.0000   22.5000 8112.7026   14.1454
    0.0000  -45.0000   22.5000 8482.5195   14.1305
    7.5000  -45.0000   22.5000 8101.7817   14.1238
   -7.5000  -37.5000   22.5000 8972.3359   13.8898
    0.0000  -37.5000   22.5000 9414.5156   13.8739
    7.5000  -37.5000   22.5000 8964.1348   13.8646
   -7.5000  -30.0000   22.500010175.5205   13.7126
    0.0000  -30.0000   22.500010672.2393   13.7007
    7.5000  -30.0000   22.500010154.4375   13.6871
   -7.5000  -22.5000   22.500011345.0732   13.6302
    0.0000  -22.5000   22.500011887.8105   13.6252
    7.5000  -22.5000   22.500011314.6602   13.6088
   -7.5000  -15.0000   22.500012453.2422   13.5880
    0.0000  -15.0000   22.500013002.8408   13.5857
    7.5000  -15.0000   22.500012393.8779   13.5699
   -7.5000   -7.5000   22.500013536.8564   13.5845
    0.0000   -7.5000   22.500014093.0459   13.5788
    7.5000   -7.5000   22.500013461.7158   13.5672
   -7.5000    0.0000   22.500014486.3994   13.5887
    0.0000    0.0000   22.500015076.6299   13.5782
    7.5000    0.0000   22.500014409.6426   13.5703
   -7.5000    7.5000   22.500014333.4990   13.5851
    0.0000    7.5000   22.500014879.8750   13.5720
    7.5000    7.5000   22.500014230.0986   13.5624
   -7.5000   15.0000   22.500014050.0254   13.5765
    0.0000   15.0000   22.500014582.7900   13.5659
    7.5000   15.0000   22.500013943.7891   13.5520
   -7.5000   22.5000   22.500013706.2051   13.5656
    0.0000   22.5000   22.500014226.0312   13.5611
    7.5000   22.5000   22.500013605.1641   13.5444
   -7.5000   30.0000   22.500013198.5332   13.4004
    0.0000   30.0000   22.500013707.5586   13.3981
    7.5000   30.0000   22.500013099.6934   13.3824
   -7.5000   37.5000   22.500012862.2686   13.4086
    0.0000   37.5000   22.500013363.7227   13.4030
    7.5000   37.5000   22.500012757.9619   13.3916
   -7.5000   45.0000   22.500011926.8877   13.0980
    0.0000   45.0000   22.500012375.5215   13.0879
    7.5000   45.0000   22.500011807.0859   13.0802
   -7.5000  -45.0000   30.0000 7451.5674   14.2903
    0.0000  -45.0000   30.0000 7821.3696   14.2769
    7.5000  -45.0000   30.0000 7464.0015   14.2704
   -7.5000  -37.5000   30.0000 8264.0703   14.0353
    0.0000  -37.5000   30.0000 8688.1777   14.0219
    7.5000  -37.5000   30.0000 8265.3643   14.0137
   -7.5000  -30.0000   30.0000 9397.1348   13.8608
    0.0000  -30.0000   30.0000 9879.8867   13.8521
    7.5000  -30.0000   30.0000 9382.3711   13.8399
   -7.5000  -22.5000   30.000010477.8633   13.7773
    0.0000  -22.5000   30.000011018.3994   13.7749
    7.5000  -22.5000   30.000010476.8730   13.7592
   -7.5000  -15.0000   30.000011500.7305   13.7324
    0.0000  -15.0000   30.000012053.0693   13.7318
    7.5000  -15.0000   30.000011480.8291   13.7161
   -7.5000   -7.5000   30.000012505.2402   13.7258
    0.0000   -7.5000   30.000013071.4033   13.7215
    7.5000   -7.5000   30.000012464.9014   13.7100
   -7.5000    0.0000   30.000013389.4678   13.7292
    0.0000    0.0000   30.000013993.7305   13.7200
    7.5000    0.0000   30.000013325.4883   13.7123
   -7.5000    7.5000   30.000013255.8418   13.7279
    0.0000    7.5000   30.000013817.7578   13.7170
    7.5000    7.5000   30.000013175.1768   13.7084
   -7.5000   15.0000   30.000012965.4404   13.7219
    0.0000   15.0000   30.000013492.6064   13.7146
    7.5000   15.0000   30.000012882.1182   13.7020
   -7.5000   22.5000   30.000012624.2100   13.7115
    0.0000   22.5000   30.000013118.4434   13.7095
    7.5000   22.5000   30.000012524.8125   13.6936
   -7.5000   30.0000   30.000012190.2441   13.5427
    0.0000   30.0000   30.000012676.2900   13.5421
    7.5000   30.0000   30.000012093.7793   13.5265
   -7.5000   37.5000   30.000011939.1895   13.5481
    0.0000   37.5000   30.000012410.6553   13.5438
    7.5000   37.5000   30.000011828.4385   13.5325
   -7.5000   45.0000   30.000011073.3262   13.2334
    0.0000   45.0000   30.000011487.7188   13.2245
    7.5000   45.0000   30.000010937.8154   13.2171
   -7.5000  -45.0000   37.5000 7096.6572   14.5441
    0.0000  -45.0000   37.5000 7460.7134   14.5289
    7.5000  -45.0000   37.5000 7125.6416   14.5220
   -7.5000  -37.5000   37.5000 7865.5322   14.2819
    0.0000  -37.5000   37.5000 8275.2646   14.2680
    7.5000  -37.5000   37.5000 7883.0034   14.2620
   -7.5000  -30.0000   37.5000 8939.6768   14.1066
    0.0000  -30.0000   37.5000 9423.8340   14.0980
    7.5000  -30.0000   37.5000 8949.2158   14.0895
   -7.5000  -22.5000   37.5000 9981.3232   14.0245
    0.0000  -22.5000   37.500010516.6953   14.0215
    7.5000  -22.5000   37.5000 9970.8076   14.0081
   -7.5000  -15.0000   37.500010964.1377   13.9799
    0.0000  -15.0000   37.500011517.1650   13.9781
    7.5000  -15.0000   37.500010938.6660   13.9626
   -7.5000   -7.5000   37.500011910.3496   13.9712
    0.0000   -7.5000   37.500012486.8623   13.9649
    7.5000   -7.5000   37.500011862.8174   13.9525
   -7.5000    0.0000   37.500012754.3477   13.9710
    0.0000    0.0000   37.500013351.3232   13.9597
    7.5000    0.0000   37.500012700.6660   13.9518
   -7.5000    7.5000   37.500012622.0889   13.9673
    0.0000    7.5000   37.500013165.7227   13.9559
    7.5000    7.5000   37.500012559.7393   13.9493
   -7.5000   15.0000   37.500012336.3105   13.9628
    0.0000   15.0000   37.500012864.2070   13.9556
    7.5000   15.0000   37.500012271.7051   13.9466
   -7.5000   22.5000   37.500012002.1934   13.9561
    0.0000   22.5000   37.500012497.4170   13.9537
    7.5000   22.5000   37.500011920.8975   13.9400
   -7.5000   30.0000   37.500011629.2822   13.7864
    0.0000   30.0000   37.500012111.4980   13.7847
    7.5000   30.0000   37.500011541.1826   13.7692
   -7.5000   37.5000   37.500011424.1650   13.7904
    0.0000   37.5000   37.500011908.3799   13.7841
    7.5000   37.5000   37.500011328.9551   13.7719
   -7.5000   45.0000   37.500010588.5146   13.4664
    0.0000   45.0000   37.500011028.1426   13.4556
    7.5000   45.0000   37.500010479.2891   13.4479
   -7.5000  -45.0000   45.0000 6461.6953   14.8701
    0.0000  -45.0000   45.0000 6781.0947   14.8510
    7.5000  -45.0000   45.0000 6476.4214   14.8470
   -7.5000  -37.5000   45.0000 7154.6748   14.5944
    0.0000  -37.5000   45.0000 7518.5166   14.5769
    7.5000  -37.5000   45.0000 7174.5547   14.5758
   -7.5000  -30.0000   45.0000 8117.3813   14.4131
    0.0000  -30.0000   45.0000 8550.4346   14.4013
    7.5000  -30.0000   45.0000 8135.5835   14.3993
   -7.5000  -22.5000   45.0000 9069.4941   14.3315
    0.0000  -22.5000   45.0000 9552.2715   14.3259
    7.5000  -22.5000   45.0000 9067.8887   14.3182
   -7.5000  -15.0000   45.0000 9981.5781   14.2885
    0.0000  -15.0000   45.000010497.5078   14.2841
    7.5000  -15.0000   45.0000 9957.4170   14.2723
   -7.5000   -7.5000   45.000010849.5586   14.2802
    0.0000   -7.5000   45.000011403.5186   14.2704
    7.5000   -7.5000   45.000010819.5410   14.2602
   -7.5000    0.0000   45.000011623.8633   14.2766
    0.0000    0.0000   45.000012178.6201   14.2616
    7.5000    0.0000   45.000011588.9941   14.2563
   -7.5000    7.5000   45.000011503.8701   14.2679
    0.0000    7.5000   45.000012019.1562   14.2531
    7.5000    7.5000   45.000011463.2627   14.2514
   -7.5000   15.0000   45.000011244.7529   14.2625
    0.0000   15.0000   45.000011738.7705   14.2522
    7.5000   15.0000   45.000011206.3252   14.2495
   -7.5000   22.5000   45.000010923.6348   14.2596
    0.0000   22.5000   45.000011392.3135   14.2544
    7.5000   22.5000   45.000010877.1523   14.2464
   -7.5000   30.0000   45.000010613.9287   14.0891
    0.0000   30.0000   45.000011062.0234   14.0848
    7.5000   30.0000   45.000010551.3730   14.0729
   -7.5000   37.5000   45.000010458.5908   14.0941
    0.0000   37.5000   45.000010919.0986   14.0844
    7.5000   37.5000   45.000010393.1592   14.0744
   -7.5000   45.0000   45.0000 9700.6582   13.7672
    0.0000   45.0000   45.000010126.0947   13.7528
    7.5000   45.0000   45.0000 9623.8359   13.7476

---------------------------------------------------------------------
imgreg_4dfp /opt/freesurfer/average/711-2C_as_mni_average_305 /opt/freesurfer/average/711-2B_as_mni_average_305_mask talsrcimg_g11 none talsrcimg_to_711-2C_as_mni_average_305_t4 4355
---------------------------------------------------------------------

freesurfer imgreg_4dfp.c
/opt/freesurfer/average/711-2C_as_mni_average_305.4dfp.img
       256       256       256         1
  1.000000  1.000000  1.000000
orientation T byte_order littleendian
Reading image: /opt/freesurfer/average/711-2C_as_mni_average_305.4dfp.img
dimensions:      256       256       256
mmppix:       1.0000   -1.0000   -1.0000
center:     128.0000 -129.0000 -129.0000
/opt/freesurfer/average/711-2B_as_mni_average_305_mask.4dfp.img
       256       256       256         1
  1.000000  1.000000  1.000000
orientation T byte_order littleendian
Reading mask: /opt/freesurfer/average/711-2B_as_mni_average_305_mask.4dfp.img (2306576 pixels)
talsrcimg_g11.4dfp.img
       256       256       256         1
  1.000000  1.000000  1.000000
orientation T byte_order littleendian
Reading image: talsrcimg_g11.4dfp.img
dimensions:      256       256       256
mmppix:       1.0000   -1.0000   -1.0000
center:     128.0000 -129.0000 -129.0000
rotation matrix determinant  1.000000
image alignment mode   4355 decimal     1103 hex
   -7.5000  -45.0000  -45.0000 1876.1980   17.6746
    0.0000  -45.0000  -45.0000 1879.8209   17.6891
    7.5000  -45.0000  -45.0000 1867.4608   17.9665
   -7.5000  -37.5000  -45.0000 2002.6399   15.4685
    0.0000  -37.5000  -45.0000 2012.0912   15.4666
    7.5000  -37.5000  -45.0000 1995.7675   15.7200
   -7.5000  -30.0000  -45.0000 2124.5715   13.7632
    0.0000  -30.0000  -45.0000 2134.4434   13.7732
    7.5000  -30.0000  -45.0000 2115.4534   13.9636
   -7.5000  -22.5000  -45.0000 2235.6624   12.4695
    0.0000  -22.5000  -45.0000 2244.5195   12.4750
    7.5000  -22.5000  -45.0000 2228.1638   12.6250
   -7.5000  -15.0000  -45.0000 2330.0942   11.4854
    0.0000  -15.0000  -45.0000 2337.1619   11.5036
    7.5000  -15.0000  -45.0000 2321.4153   11.6276
   -7.5000   -7.5000  -45.0000 2395.0618   10.8040
    0.0000   -7.5000  -45.0000 2402.9121   10.8224
    7.5000   -7.5000  -45.0000 2382.6177   10.9110
   -7.5000    0.0000  -45.0000 2427.1643   10.3761
    0.0000    0.0000  -45.0000 2436.4817   10.3577
    7.5000    0.0000  -45.0000 2413.5833   10.4571
   -7.5000    7.5000  -45.0000 2445.8757   10.1510
    0.0000    7.5000  -45.0000 2455.7559   10.1224
    7.5000    7.5000  -45.0000 2429.4155   10.2478
   -7.5000   15.0000  -45.0000 2446.4470   10.1536
    0.0000   15.0000  -45.0000 2454.6472   10.1094
    7.5000   15.0000  -45.0000 2431.1921   10.2254
   -7.5000   22.5000  -45.0000 2433.6021   10.2937
    0.0000   22.5000  -45.0000 2444.3479   10.2439
    7.5000   22.5000  -45.0000 2414.9497   10.3807
   -7.5000   30.0000  -45.0000 2402.1775   10.6419
    0.0000   30.0000  -45.0000 2413.9561   10.5859
    7.5000   30.0000  -45.0000 2386.6526   10.7283
   -7.5000   37.5000  -45.0000 2355.2847   11.1945
    0.0000   37.5000  -45.0000 2367.2666   11.1159
    7.5000   37.5000  -45.0000 2343.0093   11.2899
   -7.5000   45.0000  -45.0000 2287.2993   11.9814
    0.0000   45.0000  -45.0000 2297.0652   11.9092
    7.5000   45.0000  -45.0000 2273.1689   12.0845
   -7.5000  -45.0000  -37.5000 1928.9823   16.5831
    0.0000  -45.0000  -37.5000 1931.1198   16.6321
    7.5000  -45.0000  -37.5000 1923.1034   16.8491
   -7.5000  -37.5000  -37.5000 2065.1309   14.4992
    0.0000  -37.5000  -37.5000 2070.6370   14.5516
    7.5000  -37.5000  -37.5000 2056.4075   14.7237
   -7.5000  -30.0000  -37.5000 2192.4829   12.9112
    0.0000  -30.0000  -37.5000 2198.8020   12.9362
    7.5000  -30.0000  -37.5000 2182.6604   13.0986
   -7.5000  -22.5000  -37.5000 2308.3579   11.6857
    0.0000  -22.5000  -37.5000 2317.2949   11.6718
    7.5000  -22.5000  -37.5000 2299.1594   11.8283
   -7.5000  -15.0000  -37.5000 2402.3354   10.7395
    0.0000  -15.0000  -37.5000 2411.6479   10.7225
    7.5000  -15.0000  -37.5000 2391.5427   10.8518
   -7.5000   -7.5000  -37.5000 2475.7229   10.0696
    0.0000   -7.5000  -37.5000 2485.2932   10.0430
    7.5000   -7.5000  -37.5000 2462.6672   10.1526
   -7.5000    0.0000  -37.5000 2515.3865    9.6462
    0.0000    0.0000  -37.5000 2526.1956    9.6071
    7.5000    0.0000  -37.5000 2502.1826    9.7125
   -7.5000    7.5000  -37.5000 2544.1726    9.4401
    0.0000    7.5000  -37.5000 2557.0049    9.3931
    7.5000    7.5000  -37.5000 2528.8333    9.5116
   -7.5000   15.0000  -37.5000 2548.2463    9.4348
    0.0000   15.0000  -37.5000 2557.4175    9.3882
    7.5000   15.0000  -37.5000 2532.9624    9.4861
   -7.5000   22.5000  -37.5000 2537.9575    9.5809
    0.0000   22.5000  -37.5000 2549.5515    9.5185
    7.5000   22.5000  -37.5000 2518.4839    9.6399
   -7.5000   30.0000  -37.5000 2499.9167    9.9190
    0.0000   30.0000  -37.5000 2511.9563    9.8484
    7.5000   30.0000  -37.5000 2483.9822    9.9653
   -7.5000   37.5000  -37.5000 2447.9092   10.4392
    0.0000   37.5000  -37.5000 2463.4126   10.3602
    7.5000   37.5000  -37.5000 2433.1406   10.4925
   -7.5000   45.0000  -37.5000 2376.0242   11.1589
    0.0000   45.0000  -37.5000 2387.6294   11.0935
    7.5000   45.0000  -37.5000 2358.7075   11.2343
   -7.5000  -45.0000  -30.0000 2012.0747   16.2571
    0.0000  -45.0000  -30.0000 2020.5640   16.2705
    7.5000  -45.0000  -30.0000 2008.8850   16.5146
   -7.5000  -37.5000  -30.0000 2155.2341   14.2295
    0.0000  -37.5000  -30.0000 2163.8220   14.2283
    7.5000  -37.5000  -30.0000 2149.6934   14.4430
   -7.5000  -30.0000  -30.0000 2289.7642   12.6467
    0.0000  -30.0000  -30.0000 2299.1624   12.6546
    7.5000  -30.0000  -30.0000 2282.8970   12.8225
   -7.5000  -22.5000  -30.0000 2410.3386   11.3813
    0.0000  -22.5000  -30.0000 2421.7468   11.3785
    7.5000  -22.5000  -30.0000 2401.2925   11.5342
   -7.5000  -15.0000  -30.0000 2515.9893   10.4244
    0.0000  -15.0000  -30.0000 2522.7983   10.3963
    7.5000  -15.0000  -30.0000 2501.9531   10.5290
   -7.5000   -7.5000  -30.0000 2598.3950    9.7591
    0.0000   -7.5000  -30.0000 2610.4934    9.7208
    7.5000   -7.5000  -30.0000 2585.5981    9.8389
   -7.5000    0.0000  -30.0000 2645.9731    9.3367
    0.0000    0.0000  -30.0000 2657.5242    9.2723
    7.5000    0.0000  -30.0000 2630.2278    9.3918
   -7.5000    7.5000  -30.0000 2685.1699    9.1098
    0.0000    7.5000  -30.0000 2696.2656    9.0378
    7.5000    7.5000  -30.0000 2666.1951    9.1516
   -7.5000   15.0000  -30.0000 2700.2017    9.0752
    0.0000   15.0000  -30.0000 2710.3181    9.0189
    7.5000   15.0000  -30.0000 2679.2866    9.1000
   -7.5000   22.5000  -30.0000 2687.9880    9.2437
    0.0000   22.5000  -30.0000 2700.7280    9.1754
    7.5000   22.5000  -30.0000 2667.5461    9.2742
   -7.5000   30.0000  -30.0000 2649.2632    9.5911
    0.0000   30.0000  -30.0000 2661.4595    9.5122
    7.5000   30.0000  -30.0000 2630.9622    9.6143
   -7.5000   37.5000  -30.0000 2591.8013   10.1012
    0.0000   37.5000  -30.0000 2608.2756   10.0202
    7.5000   37.5000  -30.0000 2573.2874   10.1317
   -7.5000   45.0000  -30.0000 2505.7593   10.8065
    0.0000   45.0000  -30.0000 2520.8318   10.7315
    7.5000   45.0000  -30.0000 2489.2732   10.8674
   -7.5000  -45.0000  -22.5000 2073.2942   15.8762
    0.0000  -45.0000  -22.5000 2080.9224   15.8973
    7.5000  -45.0000  -22.5000 2068.2681   16.1313
   -7.5000  -37.5000  -22.5000 2216.7585   13.8677
    0.0000  -37.5000  -22.5000 2226.8286   13.8678
    7.5000  -37.5000  -22.5000 2211.2153   14.0960
   -7.5000  -30.0000  -22.5000 2353.4478   12.2924
    0.0000  -30.0000  -22.5000 2366.2356   12.2918
    7.5000  -30.0000  -22.5000 2346.3586   12.4763
   -7.5000  -22.5000  -22.5000 2476.3359   11.0346
    0.0000  -22.5000  -22.5000 2488.7441   11.0264
    7.5000  -22.5000  -22.5000 2468.6965   11.1886
   -7.5000  -15.0000  -22.5000 2590.7883   10.0789
    0.0000  -15.0000  -22.5000 2600.9380   10.0546
    7.5000  -15.0000  -22.5000 2579.1440   10.1996
   -7.5000   -7.5000  -22.5000 2683.6091    9.3801
    0.0000   -7.5000  -22.5000 2697.5105    9.3521
    7.5000   -7.5000  -22.5000 2670.6265    9.4851
   -7.5000    0.0000  -22.5000 2743.6230    8.9400
    0.0000    0.0000  -22.5000 2752.7502    8.8880
    7.5000    0.0000  -22.5000 2727.6611    9.0200
   -7.5000    7.5000  -22.5000 2791.8677    8.7087
    0.0000    7.5000  -22.5000 2807.1172    8.6383
    7.5000    7.5000  -22.5000 2771.8408    8.7532
   -7.5000   15.0000  -22.5000 2818.5923    8.6436
    0.0000   15.0000  -22.5000 2833.3293    8.5851
    7.5000   15.0000  -22.5000 2793.8235    8.6825
   -7.5000   22.5000  -22.5000 2812.1902    8.8287
    0.0000   22.5000  -22.5000 2828.0215    8.7803
    7.5000   22.5000  -22.5000 2786.8508    8.8697
   -7.5000   30.0000  -22.5000 2770.6709    9.1814
    0.0000   30.0000  -22.5000 2790.8013    9.1112
    7.5000   30.0000  -22.5000 2751.3630    9.2125
   -7.5000   37.5000  -22.5000 2705.0798    9.6848
    0.0000   37.5000  -22.5000 2723.0466    9.6132
    7.5000   37.5000  -22.5000 2685.4792    9.7206
   -7.5000   45.0000  -22.5000 2606.7344   10.3781
    0.0000   45.0000  -22.5000 2624.6204   10.3030
    7.5000   45.0000  -22.5000 2589.8384   10.4249
   -7.5000  -45.0000  -15.0000 2102.5449   15.5800
    0.0000  -45.0000  -15.0000 2112.5806   15.5853
    7.5000  -45.0000  -15.0000 2098.9277   15.8703
   -7.5000  -37.5000  -15.0000 2247.7634   13.5897
    0.0000  -37.5000  -15.0000 2258.1672   13.5477
    7.5000  -37.5000  -15.0000 2240.0386   13.8010
   -7.5000  -30.0000  -15.0000 2378.6636   11.9907
    0.0000  -30.0000  -15.0000 2393.0137   11.9734
    7.5000  -30.0000  -15.0000 2371.1165   12.1888
   -7.5000  -22.5000  -15.0000 2508.4739   10.7433
    0.0000  -22.5000  -15.0000 2517.9397   10.7199
    7.5000  -22.5000  -15.0000 2499.2620   10.9144
   -7.5000  -15.0000  -15.0000 2629.6875    9.7860
    0.0000  -15.0000  -15.0000 2641.4668    9.7521
    7.5000  -15.0000  -15.0000 2616.8047    9.9231
   -7.5000   -7.5000  -15.0000 2732.8420    9.0741
    0.0000   -7.5000  -15.0000 2745.4199    9.0316
    7.5000   -7.5000  -15.0000 2718.3940    9.1902
   -7.5000    0.0000  -15.0000 2810.0374    8.6138
    0.0000    0.0000  -15.0000 2821.8506    8.5642
    7.5000    0.0000  -15.0000 2792.0403    8.7045
   -7.5000    7.5000  -15.0000 2870.3328    8.3493
    0.0000    7.5000  -15.0000 2886.4448    8.2961
    7.5000    7.5000  -15.0000 2849.8752    8.4226
   -7.5000   15.0000  -15.0000 2910.8154    8.2507
    0.0000   15.0000  -15.0000 2933.1597    8.1941
    7.5000   15.0000  -15.0000 2882.0437    8.3220
   -7.5000   22.5000  -15.0000 2903.8979    8.4503
    0.0000   22.5000  -15.0000 2926.0762    8.3955
    7.5000   22.5000  -15.0000 2875.7854    8.5202
   -7.5000   30.0000  -15.0000 2858.4785    8.7809
    0.0000   30.0000  -15.0000 2879.5308    8.7182
    7.5000   30.0000  -15.0000 2834.6387    8.8370
   -7.5000   37.5000  -15.0000 2782.3528    9.2796
    0.0000   37.5000  -15.0000 2800.0466    9.2011
    7.5000   37.5000  -15.0000 2759.5417    9.3279
   -7.5000   45.0000  -15.0000 2673.7170    9.9549
    0.0000   45.0000  -15.0000 2693.1160    9.8884
    7.5000   45.0000  -15.0000 2655.0876   10.0290
   -7.5000  -45.0000   -7.5000 2118.2820   15.4308
    0.0000  -45.0000   -7.5000 2129.8789   15.3620
    7.5000  -45.0000   -7.5000 2110.0464   15.6744
   -7.5000  -37.5000   -7.5000 2261.1338   13.4203
    0.0000  -37.5000   -7.5000 2272.2751   13.3383
    7.5000  -37.5000   -7.5000 2252.5444   13.6084
   -7.5000  -30.0000   -7.5000 2389.1501   11.7884
    0.0000  -30.0000   -7.5000 2404.0979   11.7281
    7.5000  -30.0000   -7.5000 2383.6594   11.9987
   -7.5000  -22.5000   -7.5000 2516.4431   10.5335
    0.0000  -22.5000   -7.5000 2530.7349   10.4763
    7.5000  -22.5000   -7.5000 2510.7644   10.7159
   -7.5000  -15.0000   -7.5000 2636.6343    9.5708
    0.0000  -15.0000   -7.5000 2651.3601    9.5066
    7.5000  -15.0000   -7.5000 2625.4336    9.7041
   -7.5000   -7.5000   -7.5000 2747.9062    8.8442
    0.0000   -7.5000   -7.5000 2767.3105    8.7774
    7.5000   -7.5000   -7.5000 2737.4458    8.9593
   -7.5000    0.0000   -7.5000 2843.1289    8.3588
    0.0000    0.0000   -7.5000 2863.4941    8.2765
    7.5000    0.0000   -7.5000 2830.3245    8.4514
   -7.5000    7.5000   -7.5000 2921.8635    8.0872
    0.0000    7.5000   -7.5000 2942.2639    8.0202
    7.5000    7.5000   -7.5000 2903.5134    8.1643
   -7.5000   15.0000   -7.5000 2979.2632    7.9644
    0.0000   15.0000   -7.5000 3011.1572    7.9017
    7.5000   15.0000   -7.5000 2947.9780    8.0474
   -7.5000   22.5000   -7.5000 2970.3940    8.1510
    0.0000   22.5000   -7.5000 3003.2522    8.0933
    7.5000   22.5000   -7.5000 2936.6580    8.2440
   -7.5000   30.0000   -7.5000 2908.9175    8.4688
    0.0000   30.0000   -7.5000 2936.8748    8.4117
    7.5000   30.0000   -7.5000 2880.5229    8.5631
   -7.5000   37.5000   -7.5000 2823.6008    8.9398
    0.0000   37.5000   -7.5000 2843.6965    8.8784
    7.5000   37.5000   -7.5000 2799.8699    9.0299
   -7.5000   45.0000   -7.5000 2710.1958    9.6017
    0.0000   45.0000   -7.5000 2731.9800    9.5390
    7.5000   45.0000   -7.5000 2689.7129    9.7017
   -7.5000  -45.0000    0.0000 2121.7415   15.4744
    0.0000  -45.0000    0.0000 2140.4204   15.3271
    7.5000  -45.0000    0.0000 2115.2932   15.6494
   -7.5000  -37.5000    0.0000 2260.8940   13.4133
    0.0000  -37.5000    0.0000 2280.0325   13.2892
    7.5000  -37.5000    0.0000 2258.1907   13.5856
   -7.5000  -30.0000    0.0000 2386.7717   11.7840
    0.0000  -30.0000    0.0000 2408.0061   11.6582
    7.5000  -30.0000    0.0000 2383.4841   11.9474
   -7.5000  -22.5000    0.0000 2510.2390   10.5064
    0.0000  -22.5000    0.0000 2524.5903   10.3741
    7.5000  -22.5000    0.0000 2500.1143   10.6430
   -7.5000  -15.0000    0.0000 2628.0305    9.5147
    0.0000  -15.0000    0.0000 2645.4302    9.3925
    7.5000  -15.0000    0.0000 2615.7666    9.6329
   -7.5000   -7.5000    0.0000 2747.4873    8.7576
    0.0000   -7.5000    0.0000 2768.8918    8.6489
    7.5000   -7.5000    0.0000 2736.3604    8.8774
   -7.5000    0.0000    0.0000 2854.8860    8.2287
    0.0000    0.0000    0.0000 2876.4282    8.1175
    7.5000    0.0000    0.0000 2841.3252    8.3521
   -7.5000    7.5000    0.0000 2946.8855    7.9587
    0.0000    7.5000    0.0000 2977.7180    7.8470
    7.5000    7.5000    0.0000 2930.4014    8.0475
   -7.5000   15.0000    0.0000 3008.1311    7.8876
    0.0000   15.0000    0.0000 3058.0955    7.7830
    7.5000   15.0000    0.0000 2986.1646    7.9599
   -7.5000   22.5000    0.0000 2999.3418    8.0442
    0.0000   22.5000    0.0000 3046.5063    7.9542
    7.5000   22.5000    0.0000 2969.3638    8.1329
   -7.5000   30.0000    0.0000 2929.1172    8.3502
    0.0000   30.0000    0.0000 2961.9402    8.2794
    7.5000   30.0000    0.0000 2903.2683    8.4317
   -7.5000   37.5000    0.0000 2832.5955    8.7926
    0.0000   37.5000    0.0000 2856.4001    8.7159
    7.5000   37.5000    0.0000 2815.3159    8.8757
   -7.5000   45.0000    0.0000 2712.3892    9.4660
    0.0000   45.0000    0.0000 2734.0027    9.3873
    7.5000   45.0000    0.0000 2699.7134    9.5585
   -7.5000  -45.0000    7.5000 2110.9231   15.6603
    0.0000  -45.0000    7.5000 2126.7793   15.4862
    7.5000  -45.0000    7.5000 2109.1812   15.8143
   -7.5000  -37.5000    7.5000 2251.7795   13.5629
    0.0000  -37.5000    7.5000 2271.9827   13.4297
    7.5000  -37.5000    7.5000 2249.8916   13.7115
   -7.5000  -30.0000    7.5000 2374.8252   11.8907
    0.0000  -30.0000    7.5000 2399.3618   11.7494
    7.5000  -30.0000    7.5000 2373.5374   12.0374
   -7.5000  -22.5000    7.5000 2494.3933   10.6062
    0.0000  -22.5000    7.5000 2517.2214   10.4504
    7.5000  -22.5000    7.5000 2487.0830   10.7191
   -7.5000  -15.0000    7.5000 2609.3252    9.6021
    0.0000  -15.0000    7.5000 2634.7886    9.4620
    7.5000  -15.0000    7.5000 2602.4897    9.7147
   -7.5000   -7.5000    7.5000 2728.3118    8.8361
    0.0000   -7.5000    7.5000 2751.2795    8.7015
    7.5000   -7.5000    7.5000 2722.4453    8.9470
   -7.5000    0.0000    7.5000 2834.1021    8.3000
    0.0000    0.0000    7.5000 2860.3774    8.1569
    7.5000    0.0000    7.5000 2829.6287    8.4050
   -7.5000    7.5000    7.5000 2930.8860    8.0150
    0.0000    7.5000    7.5000 2965.1338    7.8834
    7.5000    7.5000    7.5000 2920.8975    8.1013
   -7.5000   15.0000    7.5000 2995.1787    7.9495
    0.0000   15.0000    7.5000 3040.6484    7.8305
    7.5000   15.0000    7.5000 2977.3323    8.0274
   -7.5000   22.5000    7.5000 2983.0288    8.1191
    0.0000   22.5000    7.5000 3026.7861    8.0131
    7.5000   22.5000    7.5000 2963.5378    8.1829
   -7.5000   30.0000    7.5000 2911.3660    8.4097
    0.0000   30.0000    7.5000 2948.0305    8.3261
    7.5000   30.0000    7.5000 2897.2078    8.4764
   -7.5000   37.5000    7.5000 2812.8013    8.8646
    0.0000   37.5000    7.5000 2836.9668    8.7895
    7.5000   37.5000    7.5000 2802.7170    8.9401
   -7.5000   45.0000    7.5000 2694.9897    9.5180
    0.0000   45.0000    7.5000 2716.8535    9.4349
    7.5000   45.0000    7.5000 2687.3599    9.5940
   -7.5000  -45.0000   15.0000 2079.8054   16.0253
    0.0000  -45.0000   15.0000 2094.8728   15.8447
    7.5000  -45.0000   15.0000 2075.9048   16.1487
   -7.5000  -37.5000   15.0000 2226.3835   13.8597
    0.0000  -37.5000   15.0000 2248.2222   13.6778
    7.5000  -37.5000   15.0000 2226.7153   13.9841
   -7.5000  -30.0000   15.0000 2353.9619   12.1508
    0.0000  -30.0000   15.0000 2378.3618   11.9699
    7.5000  -30.0000   15.0000 2353.8267   12.2544
   -7.5000  -22.5000   15.0000 2469.8091   10.8589
    0.0000  -22.5000   15.0000 2495.7219   10.6654
    7.5000  -22.5000   15.0000 2468.0112   10.9286
   -7.5000  -15.0000   15.0000 2581.4126    9.8669
    0.0000  -15.0000   15.0000 2607.8569    9.6847
    7.5000  -15.0000   15.0000 2580.0217    9.9428
   -7.5000   -7.5000   15.0000 2698.5315    9.1219
    0.0000   -7.5000   15.0000 2720.5151    8.9436
    7.5000   -7.5000   15.0000 2695.8379    9.1881
   -7.5000    0.0000   15.0000 2795.6589    8.5905
    0.0000    0.0000   15.0000 2820.9480    8.4191
    7.5000    0.0000   15.0000 2795.7441    8.6495
   -7.5000    7.5000   15.0000 2885.9570    8.2796
    0.0000    7.5000   15.0000 2920.7983    8.1495
    7.5000    7.5000   15.0000 2884.1575    8.3464
   -7.5000   15.0000   15.0000 2938.7878    8.1796
    0.0000   15.0000   15.0000 2974.7158    8.0737
    7.5000   15.0000   15.0000 2932.5356    8.2552
   -7.5000   22.5000   15.0000 2929.0029    8.2939
    0.0000   22.5000   15.0000 2961.3445    8.2207
    7.5000   22.5000   15.0000 2924.2593    8.3826
   -7.5000   30.0000   15.0000 2865.6514    8.5958
    0.0000   30.0000   15.0000 2897.6582    8.5301
    7.5000   30.0000   15.0000 2861.8911    8.6920
   -7.5000   37.5000   15.0000 2767.3052    9.0880
    0.0000   37.5000   15.0000 2795.2578    9.0115
    7.5000   37.5000   15.0000 2766.9309    9.1703
   -7.5000   45.0000   15.0000 2652.9358    9.7407
    0.0000   45.0000   15.0000 2676.5234    9.6695
    7.5000   45.0000   15.0000 2655.0728    9.8204
   -7.5000  -45.0000   22.5000 2032.3837   16.5871
    0.0000  -45.0000   22.5000 2044.8910   16.3546
    7.5000  -45.0000   22.5000 2031.6266   16.6545
   -7.5000  -37.5000   22.5000 2183.7263   14.3702
    0.0000  -37.5000   22.5000 2202.7148   14.1396
    7.5000  -37.5000   22.5000 2185.6309   14.4091
   -7.5000  -30.0000   22.5000 2318.8496   12.6296
    0.0000  -30.0000   22.5000 2339.9858   12.4281
    7.5000  -30.0000   22.5000 2319.2603   12.6612
   -7.5000  -22.5000   22.5000 2436.4436   11.3038
    0.0000  -22.5000   22.5000 2460.8420   11.1176
    7.5000  -22.5000   22.5000 2436.5950   11.3368
   -7.5000  -15.0000   22.5000 2543.7236   10.3077
    0.0000  -15.0000   22.5000 2568.5493   10.1258
    7.5000  -15.0000   22.5000 2542.7805   10.3500
   -7.5000   -7.5000   22.5000 2656.1169    9.5670
    0.0000   -7.5000   22.5000 2681.4084    9.3846
    7.5000   -7.5000   22.5000 2658.0178    9.6049
   -7.5000    0.0000   22.5000 2747.7217    9.0176
    0.0000    0.0000   22.5000 2777.2583    8.8479
    7.5000    0.0000   22.5000 2753.5225    9.0709
   -7.5000    7.5000   22.5000 2820.1653    8.6919
    0.0000    7.5000   22.5000 2853.1577    8.5341
    7.5000    7.5000   22.5000 2824.2769    8.7368
   -7.5000   15.0000   22.5000 2860.1917    8.5706
    0.0000   15.0000   22.5000 2884.5330    8.4584
    7.5000   15.0000   22.5000 2859.0393    8.6292
   -7.5000   22.5000   22.5000 2851.4136    8.6645
    0.0000   22.5000   22.5000 2877.9668    8.5728
    7.5000   22.5000   22.5000 2852.2900    8.7371
   -7.5000   30.0000   22.5000 2794.9802    8.9651
    0.0000   30.0000   22.5000 2821.4836    8.8912
    7.5000   30.0000   22.5000 2796.4866    9.0442
   -7.5000   37.5000   22.5000 2705.6252    9.4576
    0.0000   37.5000   22.5000 2728.6304    9.3659
    7.5000   37.5000   22.5000 2706.3054    9.5290
   -7.5000   45.0000   22.5000 2602.7739   10.0967
    0.0000   45.0000   22.5000 2620.0762   10.0088
    7.5000   45.0000   22.5000 2606.2012   10.1652
   -7.5000  -45.0000   30.0000 1973.8074   17.4012
    0.0000  -45.0000   30.0000 1986.7891   17.1666
    7.5000  -45.0000   30.0000 1976.0295   17.4204
   -7.5000  -37.5000   30.0000 2129.0012   15.0653
    0.0000  -37.5000   30.0000 2147.0364   14.8698
    7.5000  -37.5000   30.0000 2128.7402   15.0594
   -7.5000  -30.0000   30.0000 2269.6609   13.2930
    0.0000  -30.0000   30.0000 2290.3162   13.0979
    7.5000  -30.0000   30.0000 2267.3435   13.2821
   -7.5000  -22.5000   30.0000 2382.5286   11.9245
    0.0000  -22.5000   30.0000 2410.6045   11.7505
    7.5000  -22.5000   30.0000 2385.9685   11.9442
   -7.5000  -15.0000   30.0000 2490.0542   10.9166
    0.0000  -15.0000   30.0000 2517.5598   10.7369
    7.5000  -15.0000   30.0000 2492.8496   10.9286
   -7.5000   -7.5000   30.0000 2598.7986   10.1299
    0.0000   -7.5000   30.0000 2629.7500    9.9665
    7.5000   -7.5000   30.0000 2605.1091   10.1583
   -7.5000    0.0000   30.0000 2686.4363    9.5771
    0.0000    0.0000   30.0000 2719.2034    9.4151
    7.5000    0.0000   30.0000 2693.2070    9.6035
   -7.5000    7.5000   30.0000 2746.5952    9.2476
    0.0000    7.5000   30.0000 2779.6023    9.1058
    7.5000    7.5000   30.0000 2752.3838    9.2874
   -7.5000   15.0000   30.0000 2768.8088    9.1135
    0.0000   15.0000   30.0000 2791.8257    9.0081
    7.5000   15.0000   30.0000 2771.3020    9.1641
   -7.5000   22.5000   30.0000 2756.2300    9.1633
    0.0000   22.5000   30.0000 2782.2869    9.0563
    7.5000   22.5000   30.0000 2759.8311    9.2082
   -7.5000   30.0000   30.0000 2703.1521    9.4610
    0.0000   30.0000   30.0000 2731.3108    9.3728
    7.5000   30.0000   30.0000 2708.9839    9.5130
   -7.5000   37.5000   30.0000 2628.1802    9.9537
    0.0000   37.5000   30.0000 2650.2039    9.8604
    7.5000   37.5000   30.0000 2630.7871   10.0041
   -7.5000   45.0000   30.0000 2535.3640   10.5816
    0.0000   45.0000   30.0000 2548.5383   10.4937
    7.5000   45.0000   30.0000 2536.6130   10.6363
   -7.5000  -45.0000   37.5000 1916.8339   18.5496
    0.0000  -45.0000   37.5000 1929.0377   18.3538
    7.5000  -45.0000   37.5000 1914.8536   18.5784
   -7.5000  -37.5000   37.5000 2071.6099   15.9905
    0.0000  -37.5000   37.5000 2085.3015   15.8432
    7.5000  -37.5000   37.5000 2070.3862   16.0197
   -7.5000  -30.0000   37.5000 2208.6580   14.1297
    0.0000  -30.0000   37.5000 2229.5615   13.9829
    7.5000  -30.0000   37.5000 2208.6589   14.1202
   -7.5000  -22.5000   37.5000 2321.0186   12.7190
    0.0000  -22.5000   37.5000 2352.4355   12.5598
    7.5000  -22.5000   37.5000 2324.4111   12.7131
   -7.5000  -15.0000   37.5000 2427.5200   11.6447
    0.0000  -15.0000   37.5000 2457.7068   11.4932
    7.5000  -15.0000   37.5000 2432.4375   11.6572
   -7.5000   -7.5000   37.5000 2530.7134   10.8421
    0.0000   -7.5000   37.5000 2562.6040   10.6993
    7.5000   -7.5000   37.5000 2533.3369   10.8613
   -7.5000    0.0000   37.5000 2608.8752   10.2668
    0.0000    0.0000   37.5000 2640.3574   10.1093
    7.5000    0.0000   37.5000 2614.3745   10.2784
   -7.5000    7.5000   37.5000 2657.6311    9.9078
    0.0000    7.5000   37.5000 2685.3528    9.7888
    7.5000    7.5000   37.5000 2663.5391    9.9510
   -7.5000   15.0000   37.5000 2671.7307    9.7513
    0.0000   15.0000   37.5000 2691.6909    9.6568
    7.5000   15.0000   37.5000 2675.4446    9.7933
   -7.5000   22.5000   37.5000 2656.3386    9.7867
    0.0000   22.5000   37.5000 2678.5046    9.6900
    7.5000   22.5000   37.5000 2661.4346    9.8178
   -7.5000   30.0000   37.5000 2611.2095   10.0877
    0.0000   30.0000   37.5000 2634.8264   10.0079
    7.5000   30.0000   37.5000 2614.8259   10.1255
   -7.5000   37.5000   37.5000 2549.6943   10.5546
    0.0000   37.5000   37.5000 2570.4790   10.4725
    7.5000   37.5000   37.5000 2549.3135   10.5984
   -7.5000   45.0000   37.5000 2461.9697   11.1858
    0.0000   45.0000   37.5000 2475.6367   11.0939
    7.5000   45.0000   37.5000 2461.2471   11.2203
   -7.5000  -45.0000   45.0000 1852.1857   19.9957
    0.0000  -45.0000   45.0000 1861.3909   19.8147
    7.5000  -45.0000   45.0000 1846.0500   20.0075
   -7.5000  -37.5000   45.0000 2005.5531   17.2106
    0.0000  -37.5000   45.0000 2017.2430   17.0626
    7.5000  -37.5000   45.0000 2001.7174   17.2288
   -7.5000  -30.0000   45.0000 2137.9814   15.2050
    0.0000  -30.0000   45.0000 2156.2581   15.0843
    7.5000  -30.0000   45.0000 2136.4529   15.2133
   -7.5000  -22.5000   45.0000 2251.8362   13.7066
    0.0000  -22.5000   45.0000 2279.3604   13.5888
    7.5000  -22.5000   45.0000 2253.2437   13.6991
   -7.5000  -15.0000   45.0000 2358.7937   12.5724
    0.0000  -15.0000   45.0000 2387.8694   12.4451
    7.5000  -15.0000   45.0000 2358.1289   12.5624
   -7.5000   -7.5000   45.0000 2453.4448   11.7242
    0.0000   -7.5000   45.0000 2484.3462   11.5988
    7.5000   -7.5000   45.0000 2454.7815   11.7222
   -7.5000    0.0000   45.0000 2520.1755   11.1118
    0.0000    0.0000   45.0000 2547.4983   10.9816
    7.5000    0.0000   45.0000 2524.5540   11.1196
   -7.5000    7.5000   45.0000 2559.7947   10.7468
    0.0000    7.5000   45.0000 2581.4302   10.6293
    7.5000    7.5000   45.0000 2564.3069   10.7773
   -7.5000   15.0000   45.0000 2569.4368   10.5530
    0.0000   15.0000   45.0000 2587.9084   10.4566
    7.5000   15.0000   45.0000 2574.1938   10.5831
   -7.5000   22.5000   45.0000 2554.0181   10.5462
    0.0000   22.5000   45.0000 2571.6965   10.4738
    7.5000   22.5000   45.0000 2559.9856   10.5930
   -7.5000   30.0000   45.0000 2513.4863   10.8527
    0.0000   30.0000   45.0000 2532.9810   10.7832
    7.5000   30.0000   45.0000 2516.3269   10.9055
   -7.5000   37.5000   45.0000 2457.2324   11.3120
    0.0000   37.5000   45.0000 2478.2092   11.2280
    7.5000   37.5000   45.0000 2458.7903   11.3394
   -7.5000   45.0000   45.0000 2379.9570   11.9397
    0.0000   45.0000   45.0000 2397.8530   11.8494
    7.5000   45.0000   45.0000 2380.6318   11.9584

---------------------------------------------------------------------
imgreg_4dfp /opt/freesurfer/average/711-2C_as_mni_average_305 /opt/freesurfer/average/711-2B_as_mni_average_305_mask talsrcimg_g11 none talsrcimg_to_711-2C_as_mni_average_305_t4 1283
---------------------------------------------------------------------

freesurfer imgreg_4dfp.c
/opt/freesurfer/average/711-2C_as_mni_average_305.4dfp.img
       256       256       256         1
  1.000000  1.000000  1.000000
orientation T byte_order littleendian
Reading image: /opt/freesurfer/average/711-2C_as_mni_average_305.4dfp.img
dimensions:      256       256       256
mmppix:       1.0000   -1.0000   -1.0000
center:     128.0000 -129.0000 -129.0000
/opt/freesurfer/average/711-2B_as_mni_average_305_mask.4dfp.img
       256       256       256         1
  1.000000  1.000000  1.000000
orientation T byte_order littleendian
Reading mask: /opt/freesurfer/average/711-2B_as_mni_average_305_mask.4dfp.img (2306576 pixels)
talsrcimg_g11.4dfp.img
       256       256       256         1
  1.000000  1.000000  1.000000
orientation T byte_order littleendian
Reading image: talsrcimg_g11.4dfp.img
dimensions:      256       256       256
mmppix:       1.0000   -1.0000   -1.0000
center:     128.0000 -129.0000 -129.0000
rotation matrix determinant  1.000000
fimgreg.f
image alignment mode   1283 decimal      503 hex
parameters
    0.0000   15.0000    0.0000    0.0000    0.0000    0.0000
eta,q 0.95809  7.81282
niter,ni,del,rscale     5    3   12.0000    1.2000
parameter  4  0.549436 ->  0.500000 qaram    1.1500
parameters
   -1.5289   17.0870    2.9339   -3.4500    0.4946    0.0737
eta,q 0.96342  7.75977
  0.0504  0.0572  0.0512  0.0390  0.0452  0.0418
  0.0444  0.0502  0.0482  0.0369  0.0414  0.0393
  0.0422  0.0450  0.0447  0.0367  0.0383  0.0374
  0.0442  0.0422  0.0416  0.0388  0.0367  0.0366
  0.0486  0.0417  0.0393  0.0418  0.0370  0.0373
  0.0532  0.0422  0.0392  0.0450  0.0393  0.0391
  0.0589  0.0448  0.0426  0.0478  0.0432  0.0416
niter,ni,del,rscale     5    3   12.0000    1.2000
parameters
   -1.5979   18.8478    2.0432   -4.5041    0.5292    0.0809
eta,q 0.96389  7.79098
  0.0515  0.0558  0.0435  0.0424  0.0437  0.0408
  0.0430  0.0475  0.0398  0.0370  0.0397  0.0383
  0.0379  0.0399  0.0373  0.0355  0.0370  0.0367
  0.0366  0.0366  0.0368  0.0367  0.0361  0.0361
  0.0395  0.0370  0.0389  0.0386  0.0370  0.0367
  0.0449  0.0389  0.0434  0.0415  0.0396  0.0385
  0.0507  0.0413  0.0495  0.0455  0.0435  0.0407
niter,ni,del,rscale     4    3   12.0000    1.2000
parameters
   -1.5671   19.7211    1.7561   -5.4807    0.4773    0.1086
eta,q 0.96442  7.80500
  0.0521  0.0502  0.0444  0.0424  0.0430  0.0406
  0.0433  0.0423  0.0405  0.0369  0.0392  0.0378
  0.0376  0.0372  0.0376  0.0348  0.0366  0.0360
  0.0361  0.0361  0.0364  0.0364  0.0356  0.0356
  0.0388  0.0372  0.0376  0.0387  0.0365  0.0362
  0.0443  0.0392  0.0412  0.0413  0.0393  0.0379
  0.0505  0.0428  0.0466  0.0448  0.0434  0.0403
niter,ni,del,rscale     3    3   12.0000    1.2000
parameters
   -1.4990   20.2791    1.6020   -6.0023    0.4298    0.1489
eta,q 0.96461  7.81402
  0.0524  0.0490  0.0442  0.0436  0.0427  0.0405
  0.0433  0.0416  0.0402  0.0380  0.0391  0.0376
  0.0373  0.0366  0.0372  0.0347  0.0365  0.0357
  0.0356  0.0356  0.0358  0.0358  0.0354  0.0354
  0.0382  0.0369  0.0368  0.0383  0.0362  0.0360
  0.0440  0.0395  0.0404  0.0411  0.0390  0.0377
  0.0505  0.0440  0.0456  0.0442  0.0432  0.0401
niter,ni,del,rscale     2    3   12.0000    1.2000
parameters
   -1.4617   20.5606    1.5280   -6.2724    0.3975    0.1685
eta,q 0.96462  7.81879
  0.0523  0.0484  0.0442  0.0443  0.0426  0.0404
  0.0431  0.0410  0.0401  0.0389  0.0391  0.0375
  0.0371  0.0361  0.0371  0.0349  0.0366  0.0356
  0.0354  0.0354  0.0355  0.0356  0.0354  0.0354
  0.0381  0.0371  0.0365  0.0380  0.0361  0.0360
  0.0441  0.0402  0.0400  0.0409  0.0389  0.0377
  0.0507  0.0453  0.0452  0.0440  0.0432  0.0401
niter,ni,del,rscale     1    3   12.0000    1.2000
parameters
   -1.4465   20.7051    1.4829   -6.4210    0.3796    0.1792
eta,q 0.96462  7.82075
  0.0522  0.0481  0.0441  0.0446  0.0426  0.0404
  0.0431  0.0407  0.0401  0.0394  0.0391  0.0375
  0.0370  0.0358  0.0370  0.0351  0.0367  0.0356
  0.0354  0.0354  0.0355  0.0355  0.0354  0.0354
  0.0382  0.0373  0.0364  0.0378  0.0361  0.0360
  0.0442  0.0406  0.0398  0.0408  0.0389  0.0377
  0.0508  0.0459  0.0450  0.0439  0.0431  0.0401
registration optimization eta report
parameter search radius
    6.0000    6.0000    6.0000    6.9000    6.0000    6.0000
100000*second partial in parameter space
       44.       33.       25.       18.       20.       14.
  0.0522  0.0481  0.0441  0.0446  0.0426  0.0404
  0.0431  0.0407  0.0401  0.0394  0.0391  0.0375
  0.0370  0.0358  0.0370  0.0351  0.0367  0.0356
  0.0354  0.0354  0.0355  0.0355  0.0354  0.0354
  0.0382  0.0373  0.0364  0.0378  0.0361  0.0360
  0.0442  0.0406  0.0398  0.0408  0.0389  0.0377
  0.0508  0.0459  0.0450  0.0439  0.0431  0.0401
   -1.4465   20.7051    1.4829   -6.4210    0.3796    0.1792
eta,q 0.96462  7.82075

---------------------------------------------------------------------
imgreg_4dfp /opt/freesurfer/average/711-2C_as_mni_average_305 /opt/freesurfer/average/711-2B_as_mni_average_305_mask talsrcimg_g11 none talsrcimg_to_711-2C_as_mni_average_305_t4 3335
---------------------------------------------------------------------

freesurfer imgreg_4dfp.c
/opt/freesurfer/average/711-2C_as_mni_average_305.4dfp.img
       256       256       256         1
  1.000000  1.000000  1.000000
orientation T byte_order littleendian
Reading image: /opt/freesurfer/average/711-2C_as_mni_average_305.4dfp.img
dimensions:      256       256       256
mmppix:       1.0000   -1.0000   -1.0000
center:     128.0000 -129.0000 -129.0000
/opt/freesurfer/average/711-2B_as_mni_average_305_mask.4dfp.img
       256       256       256         1
  1.000000  1.000000  1.000000
orientation T byte_order littleendian
Reading mask: /opt/freesurfer/average/711-2B_as_mni_average_305_mask.4dfp.img (2306576 pixels)
talsrcimg_g11.4dfp.img
       256       256       256         1
  1.000000  1.000000  1.000000
orientation T byte_order littleendian
Reading image: talsrcimg_g11.4dfp.img
dimensions:      256       256       256
mmppix:       1.0000   -1.0000   -1.0000
center:     128.0000 -129.0000 -129.0000
fimgreg.f
image alignment mode   3335 decimal      D07 hex
parameters
   -1.4465   20.7051    1.4829   -0.0027   -0.6276   -0.6295
   -0.2368   -0.6933    0.3128   11.1812    0.6625  -11.1831
eta,q 0.96484  7.85347
niter,ni,del,rscale     5    3    5.0000    1.2000
parameter  4  0.742057 ->  0.500000 qaram    1.1500
parameter  5  1.813606 ->  0.500000 qaram    1.1500
parameter  6  0.826542 ->  0.500000 qaram    1.1500
parameter 11 -0.514232 -> -0.500000 qaram    1.1500
parameters
   -1.1734   20.7629    0.7323   -4.1427   -4.7676   -4.7695
    0.2561    1.8351    2.5691    8.7073    4.8025  -10.8053
eta,q 0.97412  7.44915
  0.0386  0.0366  0.0357  0.0332  0.0278  0.0269  0.0297  0.0336  0.0297  0.0276  0.0283  0.0270
  0.0369  0.0358  0.0351  0.0330  0.0289  0.0272  0.0285  0.0310  0.0283  0.0266  0.0275  0.0265
  0.0357  0.0353  0.0349  0.0335  0.0306  0.0279  0.0277  0.0288  0.0273  0.0262  0.0267  0.0261
  0.0352  0.0351  0.0351  0.0349  0.0331  0.0293  0.0273  0.0273  0.0267  0.0265  0.0262  0.0259
  0.0352  0.0352  0.0356  0.0372  0.0358  0.0317  0.0275  0.0267  0.0265  0.0277  0.0259  0.0259
  0.0359  0.0356  0.0364  0.0403  0.0388  0.0349  0.0281  0.0271  0.0267  0.0296  0.0259  0.0263
  0.0374  0.0365  0.0375  0.0440  0.0423  0.0389  0.0292  0.0286  0.0274  0.0317  0.0262  0.0269
niter,ni,del,rscale     7    3    5.0000    1.2000
parameter  5  0.685462 ->  0.500000 qaram    1.3225
parameters
   -0.8957   20.9487    0.3369   -4.8613   -9.5286   -7.6729
   -0.5118    1.1118    2.1699    9.1186    4.6399  -10.8393
eta,q 0.97599  7.16332
  0.0295  0.0285  0.0267  0.0286  0.0245  0.0250  0.0258  0.0268  0.0257  0.0270  0.0251  0.0251
  0.0277  0.0271  0.0261  0.0273  0.0242  0.0243  0.0248  0.0252  0.0248  0.0255  0.0244  0.0245
  0.0265  0.0261  0.0258  0.0264  0.0246  0.0241  0.0242  0.0242  0.0242  0.0245  0.0241  0.0242
  0.0259  0.0258  0.0258  0.0258  0.0259  0.0242  0.0241  0.0240  0.0240  0.0240  0.0240  0.0240
  0.0259  0.0260  0.0261  0.0261  0.0278  0.0250  0.0245  0.0246  0.0243  0.0242  0.0241  0.0241
  0.0267  0.0266  0.0267  0.0277  0.0309  0.0273  0.0254  0.0261  0.0250  0.0250  0.0245  0.0245
  0.0282  0.0277  0.0276  0.0305  0.0345  0.0310  0.0267  0.0282  0.0261  0.0264  0.0252  0.0251
niter,ni,del,rscale     7    3    5.0000    1.2000
parameters
   -0.8602   21.3933   -0.3233   -3.9174  -11.4559   -9.1555
   -0.5048    1.0344    2.1465    9.8087    4.7689  -11.5388
eta,q 0.97643  7.07817
  0.0267  0.0272  0.0244  0.0267  0.0259  0.0252  0.0256  0.0269  0.0253  0.0265  0.0247  0.0244
  0.0253  0.0257  0.0240  0.0255  0.0246  0.0242  0.0246  0.0251  0.0244  0.0249  0.0241  0.0239
  0.0244  0.0246  0.0238  0.0246  0.0238  0.0236  0.0239  0.0239  0.0238  0.0240  0.0237  0.0236
  0.0240  0.0240  0.0239  0.0238  0.0236  0.0236  0.0236  0.0236  0.0236  0.0236  0.0236  0.0236
  0.0243  0.0240  0.0243  0.0235  0.0245  0.0240  0.0238  0.0239  0.0238  0.0237  0.0237  0.0238
  0.0251  0.0245  0.0249  0.0241  0.0263  0.0251  0.0245  0.0252  0.0244  0.0244  0.0240  0.0242
  0.0266  0.0255  0.0257  0.0261  0.0295  0.0277  0.0257  0.0271  0.0253  0.0255  0.0246  0.0249
niter,ni,del,rscale     6    3    5.0000    1.2000
parameters
   -0.8892   21.7156   -0.6636   -3.9366  -11.8643   -9.5861
   -0.4513    0.9510    2.1488   10.5066    4.7359  -11.8970
eta,q 0.97646  7.05489
  0.0261  0.0264  0.0244  0.0258  0.0265  0.0256  0.0256  0.0268  0.0251  0.0263  0.0246  0.0245
  0.0247  0.0250  0.0238  0.0249  0.0250  0.0245  0.0245  0.0250  0.0243  0.0248  0.0240  0.0240
  0.0239  0.0240  0.0235  0.0241  0.0240  0.0237  0.0238  0.0239  0.0237  0.0239  0.0237  0.0236
  0.0236  0.0236  0.0235  0.0235  0.0235  0.0235  0.0235  0.0235  0.0235  0.0235  0.0235  0.0235
  0.0239  0.0236  0.0238  0.0234  0.0237  0.0238  0.0237  0.0239  0.0237  0.0237  0.0236  0.0237
  0.0248  0.0242  0.0243  0.0243  0.0251  0.0246  0.0244  0.0251  0.0243  0.0243  0.0240  0.0241
  0.0263  0.0252  0.0251  0.0265  0.0274  0.0264  0.0256  0.0270  0.0251  0.0253  0.0246  0.0247
niter,ni,del,rscale     5    3    5.0000    1.2000
parameters
   -0.9157   21.9182   -0.8571   -3.9594  -12.1111   -9.8508
   -0.4041    0.8944    2.1790   10.9747    4.7081  -12.0819
eta,q 0.97644  7.04081
  0.0261  0.0260  0.0246  0.0258  0.0265  0.0257  0.0255  0.0268  0.0251  0.0260  0.0246  0.0245
  0.0247  0.0247  0.0239  0.0248  0.0250  0.0246  0.0245  0.0250  0.0243  0.0246  0.0240  0.0240
  0.0238  0.0239  0.0236  0.0241  0.0240  0.0238  0.0238  0.0239  0.0237  0.0238  0.0237  0.0237
  0.0235  0.0235  0.0235  0.0235  0.0235  0.0235  0.0235  0.0235  0.0236  0.0235  0.0236  0.0236
  0.0238  0.0237  0.0237  0.0234  0.0237  0.0238  0.0237  0.0239  0.0237  0.0237  0.0237  0.0237
  0.0247  0.0243  0.0242  0.0242  0.0249  0.0245  0.0244  0.0250  0.0242  0.0243  0.0240  0.0241
  0.0262  0.0253  0.0250  0.0264  0.0271  0.0263  0.0256  0.0269  0.0250  0.0253  0.0246  0.0247
niter,ni,del,rscale     4    3    5.0000    1.2000
parameters
   -0.9350   22.0608   -0.9976   -3.9760  -12.2993  -10.0832
   -0.3753    0.8462    2.2037   11.3191    4.6812  -12.1858
eta,q 0.97641  7.02880
  0.0261  0.0258  0.0247  0.0258  0.0264  0.0257  0.0255  0.0268  0.0250  0.0258  0.0246  0.0246
  0.0247  0.0246  0.0240  0.0248  0.0250  0.0246  0.0245  0.0250  0.0242  0.0245  0.0240  0.0240
  0.0238  0.0238  0.0236  0.0241  0.0241  0.0238  0.0238  0.0239  0.0238  0.0238  0.0237  0.0237
  0.0236  0.0236  0.0236  0.0236  0.0236  0.0236  0.0236  0.0236  0.0236  0.0236  0.0236  0.0236
  0.0239  0.0237  0.0238  0.0234  0.0237  0.0238  0.0238  0.0239  0.0237  0.0238  0.0237  0.0237
  0.0247  0.0243  0.0242  0.0242  0.0249  0.0245  0.0244  0.0250  0.0242  0.0243  0.0240  0.0241
  0.0262  0.0253  0.0249  0.0264  0.0270  0.0262  0.0256  0.0269  0.0250  0.0254  0.0246  0.0247
niter,ni,del,rscale     3    3    5.0000    1.2000
parameters
   -0.9489   22.1768   -1.1133   -4.0004  -12.4626  -10.3005
   -0.3499    0.8084    2.2306   11.5971    4.6594  -12.2533
eta,q 0.97640  7.01738
  0.0261  0.0257  0.0247  0.0257  0.0264  0.0257  0.0255  0.0268  0.0250  0.0257  0.0246  0.0246
  0.0247  0.0245  0.0240  0.0248  0.0250  0.0246  0.0245  0.0250  0.0242  0.0245  0.0240  0.0241
  0.0239  0.0238  0.0237  0.0242  0.0241  0.0239  0.0239  0.0239  0.0238  0.0238  0.0237  0.0237
  0.0236  0.0236  0.0236  0.0236  0.0236  0.0236  0.0236  0.0236  0.0236  0.0236  0.0236  0.0236
  0.0239  0.0238  0.0238  0.0235  0.0237  0.0238  0.0238  0.0239  0.0237  0.0238  0.0237  0.0237
  0.0247  0.0244  0.0242  0.0243  0.0248  0.0245  0.0245  0.0251  0.0242  0.0243  0.0240  0.0241
  0.0262  0.0253  0.0249  0.0264  0.0270  0.0262  0.0256  0.0269  0.0250  0.0253  0.0246  0.0247
niter,ni,del,rscale     2    3    5.0000    1.2000
parameters
   -0.9614   22.2781   -1.2146   -4.0216  -12.6133  -10.5025
   -0.3235    0.7693    2.2460   11.8510    4.6496  -12.2896
eta,q 0.97637  7.00682
  0.0261  0.0257  0.0247  0.0257  0.0264  0.0257  0.0255  0.0268  0.0250  0.0257  0.0246  0.0246
  0.0247  0.0245  0.0241  0.0248  0.0250  0.0246  0.0246  0.0250  0.0242  0.0244  0.0241  0.0241
  0.0239  0.0238  0.0237  0.0242  0.0241  0.0239  0.0239  0.0240  0.0238  0.0238  0.0237  0.0238
  0.0236  0.0236  0.0236  0.0236  0.0236  0.0236  0.0236  0.0236  0.0236  0.0236  0.0236  0.0236
  0.0239  0.0238  0.0238  0.0235  0.0237  0.0238  0.0238  0.0240  0.0238  0.0238  0.0237  0.0237
  0.0247  0.0244  0.0242  0.0243  0.0248  0.0245  0.0245  0.0251  0.0242  0.0243  0.0240  0.0241
  0.0261  0.0253  0.0249  0.0264  0.0269  0.0262  0.0256  0.0269  0.0250  0.0253  0.0246  0.0247
niter,ni,del,rscale     1    3    5.0000    1.2000
parameters
   -0.9742   22.3740   -1.3105   -4.0421  -12.7548  -10.7027
   -0.3047    0.7314    2.2633   12.0936    4.6453  -12.3394
eta,q 0.97635  6.99668
  0.0261  0.0256  0.0248  0.0257  0.0264  0.0258  0.0255  0.0267  0.0250  0.0256  0.0246  0.0246
  0.0247  0.0245  0.0241  0.0248  0.0250  0.0247  0.0246  0.0250  0.0242  0.0244  0.0241  0.0241
  0.0239  0.0239  0.0237  0.0242  0.0241  0.0239  0.0239  0.0240  0.0238  0.0238  0.0238  0.0238
  0.0236  0.0236  0.0236  0.0236  0.0236  0.0236  0.0236  0.0236  0.0236  0.0236  0.0236  0.0236
  0.0239  0.0238  0.0238  0.0235  0.0237  0.0238  0.0238  0.0240  0.0238  0.0238  0.0238  0.0238
  0.0248  0.0244  0.0243  0.0243  0.0248  0.0245  0.0245  0.0251  0.0242  0.0243  0.0241  0.0241
  0.0261  0.0253  0.0249  0.0264  0.0269  0.0262  0.0256  0.0268  0.0250  0.0253  0.0246  0.0247
registration optimization eta report
parameter search radius
    2.4000    2.4000    2.4000    8.2800    9.5220    8.2800
    7.2000    7.2000    7.2000    7.2000    8.2800    7.2000
100000*second partial in parameter space
       43.       32.       21.        4.        3.        3.
        4.        6.        3.        4.        1.        2.
  0.0261  0.0256  0.0248  0.0257  0.0264  0.0258  0.0255  0.0267  0.0250  0.0256  0.0246  0.0246
  0.0247  0.0245  0.0241  0.0248  0.0250  0.0247  0.0246  0.0250  0.0242  0.0244  0.0241  0.0241
  0.0239  0.0239  0.0237  0.0242  0.0241  0.0239  0.0239  0.0240  0.0238  0.0238  0.0238  0.0238
  0.0236  0.0236  0.0236  0.0236  0.0236  0.0236  0.0236  0.0236  0.0236  0.0236  0.0236  0.0236
  0.0239  0.0238  0.0238  0.0235  0.0237  0.0238  0.0238  0.0240  0.0238  0.0238  0.0238  0.0238
  0.0248  0.0244  0.0243  0.0243  0.0248  0.0245  0.0245  0.0251  0.0242  0.0243  0.0241  0.0241
  0.0261  0.0253  0.0249  0.0264  0.0269  0.0262  0.0256  0.0268  0.0250  0.0253  0.0246  0.0247
   -0.9742   22.3740   -1.3105   -4.0421  -12.7548  -10.7027
   -0.3047    0.7314    2.2633   12.0936    4.6453  -12.3394
eta,q 0.97635  6.99668

---------------------------------------------------------------------
imgreg_4dfp /opt/freesurfer/average/711-2C_as_mni_average_305 /opt/freesurfer/average/711-2B_as_mni_average_305_mask talsrcimg_g11 none talsrcimg_to_711-2C_as_mni_average_305_t4 2311
---------------------------------------------------------------------

freesurfer imgreg_4dfp.c
/opt/freesurfer/average/711-2C_as_mni_average_305.4dfp.img
       256       256       256         1
  1.000000  1.000000  1.000000
orientation T byte_order littleendian
Reading image: /opt/freesurfer/average/711-2C_as_mni_average_305.4dfp.img
dimensions:      256       256       256
mmppix:       1.0000   -1.0000   -1.0000
center:     128.0000 -129.0000 -129.0000
/opt/freesurfer/average/711-2B_as_mni_average_305_mask.4dfp.img
       256       256       256         1
  1.000000  1.000000  1.000000
orientation T byte_order littleendian
Reading mask: /opt/freesurfer/average/711-2B_as_mni_average_305_mask.4dfp.img (2306576 pixels)
talsrcimg_g11.4dfp.img
       256       256       256         1
  1.000000  1.000000  1.000000
orientation T byte_order littleendian
Reading image: talsrcimg_g11.4dfp.img
dimensions:      256       256       256
mmppix:       1.0000   -1.0000   -1.0000
center:     128.0000 -129.0000 -129.0000
fimgreg.f
image alignment mode   2311 decimal      907 hex
parameters
   -0.9742   22.3740   -1.3105   -4.0421  -12.7548  -10.7027
   -0.3047    0.7314    2.2633   12.0936    4.6453  -12.3394
eta,q 0.97635  6.99668
niter,ni,del,rscale     5    3    5.0000    0.8000
parameters
   -0.9765   22.4457   -1.4148   -2.5154  -12.0104  -10.2819
   -0.1738    0.8780    2.2621   12.2040    4.9405  -12.1132
eta,q 0.97657  7.08762
  0.0248  0.0245  0.0241  0.0246  0.0244  0.0243  0.0244  0.0251  0.0241  0.0243  0.0239  0.0240
  0.0241  0.0240  0.0238  0.0243  0.0240  0.0239  0.0239  0.0242  0.0237  0.0238  0.0237  0.0237
  0.0238  0.0238  0.0237  0.0239  0.0237  0.0236  0.0236  0.0236  0.0235  0.0235  0.0235  0.0235
  0.0236  0.0236  0.0236  0.0236  0.0235  0.0234  0.0234  0.0234  0.0234  0.0234  0.0234  0.0234
  0.0238  0.0237  0.0237  0.0235  0.0234  0.0235  0.0235  0.0236  0.0235  0.0235  0.0235  0.0235
  0.0241  0.0240  0.0239  0.0236  0.0236  0.0237  0.0238  0.0241  0.0237  0.0237  0.0236  0.0236
  0.0248  0.0244  0.0243  0.0240  0.0240  0.0241  0.0244  0.0250  0.0241  0.0242  0.0238  0.0239
niter,ni,del,rscale     4    3    5.0000    0.7000
parameters
   -1.0013   22.3033   -1.3902   -2.5606  -11.8243  -10.0156
   -0.1358    0.8613    2.1953   11.8996    5.0588  -12.0288
eta,q 0.97660  7.09871
  0.0243  0.0239  0.0239  0.0242  0.0241  0.0241  0.0242  0.0247  0.0239  0.0240  0.0237  0.0238
  0.0238  0.0236  0.0236  0.0239  0.0238  0.0237  0.0238  0.0240  0.0236  0.0236  0.0236  0.0236
  0.0235  0.0234  0.0235  0.0236  0.0236  0.0235  0.0235  0.0235  0.0235  0.0234  0.0234  0.0234
  0.0234  0.0234  0.0234  0.0234  0.0234  0.0234  0.0234  0.0234  0.0234  0.0234  0.0234  0.0234
  0.0235  0.0236  0.0235  0.0235  0.0234  0.0234  0.0235  0.0235  0.0235  0.0235  0.0234  0.0234
  0.0239  0.0238  0.0236  0.0237  0.0236  0.0236  0.0237  0.0240  0.0236  0.0237  0.0235  0.0236
  0.0244  0.0242  0.0238  0.0243  0.0240  0.0239  0.0242  0.0247  0.0239  0.0241  0.0237  0.0238
niter,ni,del,rscale     3    3    5.0000    0.6000
parameters
   -1.0031   22.1871   -1.2871   -2.4162  -11.5154   -9.7692
   -0.1372    0.8858    2.1067   11.5797    5.1296  -11.8881
eta,q 0.97665  7.11976
  0.0241  0.0238  0.0238  0.0240  0.0239  0.0239  0.0239  0.0244  0.0237  0.0238  0.0236  0.0237
  0.0237  0.0236  0.0236  0.0237  0.0237  0.0236  0.0236  0.0238  0.0235  0.0235  0.0235  0.0235
  0.0235  0.0234  0.0235  0.0235  0.0235  0.0234  0.0234  0.0235  0.0234  0.0234  0.0234  0.0234
  0.0234  0.0234  0.0234  0.0234  0.0234  0.0234  0.0234  0.0234  0.0234  0.0234  0.0234  0.0234
  0.0235  0.0235  0.0234  0.0234  0.0234  0.0234  0.0234  0.0235  0.0234  0.0235  0.0234  0.0234
  0.0237  0.0237  0.0235  0.0236  0.0235  0.0235  0.0236  0.0238  0.0236  0.0236  0.0235  0.0235
  0.0241  0.0240  0.0237  0.0240  0.0238  0.0238  0.0239  0.0243  0.0238  0.0240  0.0236  0.0236
niter,ni,del,rscale     2    3    5.0000    0.5000
parameters
   -0.9947   22.0588   -1.1862   -2.3058  -11.2396   -9.5289
   -0.1466    0.9172    2.0286   11.2603    5.1720  -11.7599
eta,q 0.97668  7.13833
  0.0239  0.0236  0.0236  0.0238  0.0238  0.0237  0.0237  0.0240  0.0236  0.0236  0.0235  0.0235
  0.0236  0.0235  0.0235  0.0236  0.0236  0.0235  0.0235  0.0236  0.0235  0.0234  0.0234  0.0234
  0.0234  0.0234  0.0234  0.0234  0.0234  0.0234  0.0234  0.0234  0.0234  0.0233  0.0233  0.0233
  0.0234  0.0234  0.0233  0.0233  0.0233  0.0233  0.0233  0.0233  0.0233  0.0233  0.0233  0.0233
  0.0234  0.0234  0.0234  0.0234  0.0233  0.0233  0.0234  0.0234  0.0234  0.0234  0.0233  0.0233
  0.0236  0.0236  0.0234  0.0235  0.0234  0.0234  0.0235  0.0236  0.0235  0.0236  0.0234  0.0234
  0.0238  0.0238  0.0235  0.0238  0.0237  0.0236  0.0237  0.0240  0.0236  0.0238  0.0235  0.0235
niter,ni,del,rscale     1    3    5.0000    0.4000
parameters
   -0.9920   21.9460   -1.0909   -2.2355  -10.9969   -9.3657
   -0.1417    0.9346    1.9653   10.9904    5.2370  -11.6224
eta,q 0.97670  7.15210
  0.0236  0.0235  0.0235  0.0236  0.0236  0.0235  0.0236  0.0238  0.0235  0.0235  0.0234  0.0234
  0.0235  0.0234  0.0234  0.0235  0.0235  0.0234  0.0234  0.0235  0.0234  0.0234  0.0234  0.0234
  0.0234  0.0233  0.0233  0.0234  0.0234  0.0233  0.0233  0.0233  0.0233  0.0233  0.0233  0.0233
  0.0233  0.0233  0.0233  0.0233  0.0233  0.0233  0.0233  0.0233  0.0233  0.0233  0.0233  0.0233
  0.0234  0.0234  0.0233  0.0233  0.0233  0.0233  0.0233  0.0233  0.0233  0.0234  0.0233  0.0233
  0.0235  0.0235  0.0234  0.0234  0.0234  0.0234  0.0234  0.0235  0.0234  0.0235  0.0233  0.0233
  0.0236  0.0236  0.0234  0.0236  0.0235  0.0235  0.0236  0.0237  0.0235  0.0236  0.0234  0.0234
registration optimization eta report
parameter search radius
    0.8000    0.8000    0.8000    2.4000    2.4000    2.4000
    2.4000    2.4000    2.4000    2.4000    2.4000    2.4000
100000*second partial in parameter space
       50.       39.       24.        5.        5.        3.
        4.        8.        4.        5.        2.        2.
  0.0236  0.0235  0.0235  0.0236  0.0236  0.0235  0.0236  0.0238  0.0235  0.0235  0.0234  0.0234
  0.0235  0.0234  0.0234  0.0235  0.0235  0.0234  0.0234  0.0235  0.0234  0.0234  0.0234  0.0234
  0.0234  0.0233  0.0233  0.0234  0.0234  0.0233  0.0233  0.0233  0.0233  0.0233  0.0233  0.0233
  0.0233  0.0233  0.0233  0.0233  0.0233  0.0233  0.0233  0.0233  0.0233  0.0233  0.0233  0.0233
  0.0234  0.0234  0.0233  0.0233  0.0233  0.0233  0.0233  0.0233  0.0233  0.0234  0.0233  0.0233
  0.0235  0.0235  0.0234  0.0234  0.0234  0.0234  0.0234  0.0235  0.0234  0.0235  0.0233  0.0233
  0.0236  0.0236  0.0234  0.0236  0.0235  0.0235  0.0236  0.0237  0.0235  0.0236  0.0234  0.0234
   -0.9920   21.9460   -1.0909   -2.2355  -10.9969   -9.3657
   -0.1417    0.9346    1.9653   10.9904    5.2370  -11.6224
eta,q 0.97670  7.15210

---------------------------------------------------------------------
imgreg_4dfp /opt/freesurfer/average/711-2C_as_mni_average_305 /opt/freesurfer/average/711-2B_as_mni_average_305_mask talsrcimg_g11 none talsrcimg_to_711-2C_as_mni_average_305_t4 2311
---------------------------------------------------------------------

freesurfer imgreg_4dfp.c
/opt/freesurfer/average/711-2C_as_mni_average_305.4dfp.img
       256       256       256         1
  1.000000  1.000000  1.000000
orientation T byte_order littleendian
Reading image: /opt/freesurfer/average/711-2C_as_mni_average_305.4dfp.img
dimensions:      256       256       256
mmppix:       1.0000   -1.0000   -1.0000
center:     128.0000 -129.0000 -129.0000
/opt/freesurfer/average/711-2B_as_mni_average_305_mask.4dfp.img
       256       256       256         1
  1.000000  1.000000  1.000000
orientation T byte_order littleendian
Reading mask: /opt/freesurfer/average/711-2B_as_mni_average_305_mask.4dfp.img (2306576 pixels)
talsrcimg_g11.4dfp.img
       256       256       256         1
  1.000000  1.000000  1.000000
orientation T byte_order littleendian
Reading image: talsrcimg_g11.4dfp.img
dimensions:      256       256       256
mmppix:       1.0000   -1.0000   -1.0000
center:     128.0000 -129.0000 -129.0000
fimgreg.f
image alignment mode   2311 decimal      907 hex
parameters
   -0.9920   21.9460   -1.0909   -2.2355  -10.9969   -9.3657
   -0.1417    0.9346    1.9653   10.9904    5.2370  -11.6224
eta,q 0.97670  7.15210
niter,ni,del,rscale     5    3    5.0000    0.8000
parameters
   -0.9922   21.8881   -0.9934   -2.6935  -11.3354   -9.4442
   -0.1605    0.9027    2.0004   10.8980    5.2095  -11.6949
eta,q 0.97668  7.12205
  0.0246  0.0243  0.0240  0.0242  0.0241  0.0241  0.0243  0.0250  0.0241  0.0243  0.0237  0.0238
  0.0239  0.0237  0.0236  0.0238  0.0237  0.0237  0.0238  0.0241  0.0237  0.0237  0.0235  0.0235
  0.0234  0.0234  0.0234  0.0234  0.0235  0.0234  0.0234  0.0235  0.0234  0.0234  0.0234  0.0234
  0.0233  0.0233  0.0233  0.0233  0.0233  0.0233  0.0233  0.0233  0.0233  0.0233  0.0233  0.0233
  0.0234  0.0234  0.0233  0.0234  0.0234  0.0234  0.0234  0.0235  0.0234  0.0235  0.0234  0.0234
  0.0239  0.0238  0.0235  0.0239  0.0238  0.0236  0.0238  0.0241  0.0237  0.0238  0.0235  0.0236
  0.0246  0.0244  0.0238  0.0249  0.0245  0.0242  0.0243  0.0251  0.0241  0.0244  0.0237  0.0238
niter,ni,del,rscale     4    3    5.0000    0.7000
parameters
   -0.9780   21.8912   -0.9840   -2.5398  -11.2510   -9.3993
   -0.1685    0.9378    1.9900   10.8875    5.1722  -11.6504
eta,q 0.97669  7.13131
  0.0243  0.0241  0.0238  0.0242  0.0240  0.0239  0.0241  0.0247  0.0239  0.0241  0.0236  0.0237
  0.0238  0.0237  0.0235  0.0238  0.0237  0.0236  0.0237  0.0239  0.0236  0.0237  0.0234  0.0235
  0.0234  0.0234  0.0234  0.0235  0.0235  0.0234  0.0234  0.0235  0.0234  0.0234  0.0233  0.0234
  0.0233  0.0233  0.0233  0.0233  0.0233  0.0233  0.0233  0.0233  0.0233  0.0233  0.0233  0.0233
  0.0234  0.0234  0.0234  0.0233  0.0233  0.0234  0.0234  0.0234  0.0234  0.0234  0.0233  0.0233
  0.0237  0.0237  0.0235  0.0236  0.0236  0.0235  0.0236  0.0239  0.0236  0.0237  0.0235  0.0235
  0.0243  0.0241  0.0238  0.0242  0.0241  0.0239  0.0241  0.0246  0.0239  0.0241  0.0236  0.0237
niter,ni,del,rscale     3    3    5.0000    0.6000
parameters
   -0.9742   21.8688   -0.9791   -2.4103  -11.1219   -9.3445
   -0.1638    0.9536    1.9709   10.8288    5.2015  -11.5906
eta,q 0.97671  7.14123
  0.0240  0.0239  0.0236  0.0240  0.0239  0.0238  0.0239  0.0243  0.0237  0.0239  0.0235  0.0236
  0.0236  0.0235  0.0235  0.0237  0.0236  0.0235  0.0236  0.0237  0.0235  0.0235  0.0234  0.0234
  0.0234  0.0234  0.0233  0.0234  0.0234  0.0234  0.0234  0.0234  0.0233  0.0233  0.0233  0.0233
  0.0233  0.0233  0.0233  0.0233  0.0233  0.0233  0.0233  0.0233  0.0233  0.0233  0.0233  0.0233
  0.0234  0.0234  0.0233  0.0233  0.0233  0.0233  0.0234  0.0234  0.0233  0.0234  0.0233  0.0233
  0.0236  0.0236  0.0235  0.0235  0.0235  0.0235  0.0235  0.0237  0.0235  0.0236  0.0234  0.0234
  0.0240  0.0239  0.0236  0.0240  0.0239  0.0237  0.0239  0.0243  0.0238  0.0239  0.0235  0.0236
niter,ni,del,rscale     2    3    5.0000    0.5000
parameters
   -0.9749   21.8392   -0.9671   -2.3199  -10.9787   -9.2880
   -0.1574    0.9658    1.9344   10.7539    5.2200  -11.5234
eta,q 0.97671  7.15034
  0.0238  0.0237  0.0235  0.0238  0.0237  0.0236  0.0237  0.0240  0.0236  0.0237  0.0235  0.0235
  0.0235  0.0235  0.0234  0.0236  0.0235  0.0234  0.0235  0.0236  0.0234  0.0235  0.0234  0.0234
  0.0234  0.0233  0.0233  0.0234  0.0234  0.0233  0.0233  0.0234  0.0233  0.0233  0.0233  0.0233
  0.0233  0.0233  0.0233  0.0233  0.0233  0.0233  0.0233  0.0233  0.0233  0.0233  0.0233  0.0233
  0.0234  0.0233  0.0233  0.0233  0.0233  0.0233  0.0233  0.0234  0.0233  0.0233  0.0233  0.0233
  0.0235  0.0235  0.0234  0.0235  0.0234  0.0234  0.0235  0.0236  0.0234  0.0235  0.0234  0.0234
  0.0238  0.0237  0.0235  0.0238  0.0237  0.0236  0.0237  0.0240  0.0236  0.0237  0.0235  0.0235
niter,ni,del,rscale     1    3    5.0000    0.4000
parameters
   -0.9800   21.8083   -0.9566   -2.2481  -10.8659   -9.2679
   -0.1571    0.9556    1.9238   10.6741    5.2234  -11.4517
eta,q 0.97672  7.15642
  0.0236  0.0235  0.0234  0.0236  0.0236  0.0235  0.0235  0.0237  0.0235  0.0236  0.0234  0.0234
  0.0234  0.0234  0.0234  0.0234  0.0234  0.0234  0.0234  0.0235  0.0234  0.0234  0.0233  0.0233
  0.0233  0.0233  0.0233  0.0233  0.0233  0.0233  0.0233  0.0233  0.0233  0.0233  0.0233  0.0233
  0.0233  0.0233  0.0233  0.0233  0.0233  0.0233  0.0233  0.0233  0.0233  0.0233  0.0233  0.0233
  0.0233  0.0233  0.0233  0.0233  0.0233  0.0233  0.0233  0.0233  0.0233  0.0233  0.0233  0.0233
  0.0234  0.0234  0.0234  0.0234  0.0234  0.0234  0.0234  0.0235  0.0234  0.0234  0.0233  0.0233
  0.0236  0.0236  0.0234  0.0236  0.0236  0.0235  0.0235  0.0237  0.0235  0.0236  0.0234  0.0234
registration optimization eta report
parameter search radius
    0.8000    0.8000    0.8000    2.4000    2.4000    2.4000
    2.4000    2.4000    2.4000    2.4000    2.4000    2.4000
100000*second partial in parameter space
       50.       41.       24.        6.        5.        3.
        4.        8.        4.        5.        2.        2.
  0.0236  0.0235  0.0234  0.0236  0.0236  0.0235  0.0235  0.0237  0.0235  0.0236  0.0234  0.0234
  0.0234  0.0234  0.0234  0.0234  0.0234  0.0234  0.0234  0.0235  0.0234  0.0234  0.0233  0.0233
  0.0233  0.0233  0.0233  0.0233  0.0233  0.0233  0.0233  0.0233  0.0233  0.0233  0.0233  0.0233
  0.0233  0.0233  0.0233  0.0233  0.0233  0.0233  0.0233  0.0233  0.0233  0.0233  0.0233  0.0233
  0.0233  0.0233  0.0233  0.0233  0.0233  0.0233  0.0233  0.0233  0.0233  0.0233  0.0233  0.0233
  0.0234  0.0234  0.0234  0.0234  0.0234  0.0234  0.0234  0.0235  0.0234  0.0234  0.0233  0.0233
  0.0236  0.0236  0.0234  0.0236  0.0236  0.0235  0.0235  0.0237  0.0235  0.0236  0.0234  0.0234
   -0.9800   21.8083   -0.9566   -2.2481  -10.8659   -9.2679
   -0.1571    0.9556    1.9238   10.6741    5.2234  -11.4517
eta,q 0.97672  7.15642

---------------------------------------------------------------------
compute_vox2vox talsrcimg talsrcimg_to_711-2C_as_mni_average_305_t4 /opt/freesurfer/average/711-2C_as_mni_average_305
---------------------------------------------------------------------

freesurfer compute_vox2vox.c
Reading: talsrcimg.4dfp.ifh
Reading: talsrcimg_to_711-2C_as_mni_average_305_t4
Reading: /opt/freesurfer/average/711-2C_as_mni_average_305.4dfp.ifh
Writing: talsrcimg_to_711-2C_as_mni_average_305_t4_vox2vox.txt

start time Sun Mar 15 11:14:43 CET 2026
end		time Sun Mar 15 11:14:57 CET 2026

mpr2mni305 success

avi2talxfm orig_nu.mgz /opt/freesurfer/average/mni305.cor.mgz talsrcimg_to_711-2C_as_mni_average_305_t4_vox2vox.txt transforms/talairach.auto.xfm
avi2talxfm done
mv -f /out/sourcedata/freesurfer/sub-v2s10x29003_ses-1/mri/talsrcimg_to_711-2C_as_mni_average_305_t4_vox2vox.txt /out/sourcedata/freesurfer/sub-v2s10x29003_ses-1/mri/transforms/talsrcimg_to_711-2C_as_mni_average_305_t4_vox2vox.txt
lta_convert --src orig_nu.mgz --trg /opt/freesurfer/average/mni305.cor.mgz --inxfm transforms/talairach.auto.xfm --outlta transforms/talairach.auto.xfm.lta --subject fsaverage
7.3.2

--src: orig_nu.mgz src image (geometry).
--trg: /opt/freesurfer/average/mni305.cor.mgz trg image (geometry).
--inmni: transforms/talairach.auto.xfm input MNI/XFM transform.
--outlta: transforms/talairach.auto.xfm.lta output LTA.
--s: fsaverage subject name
 LTA read, type : 1
 1.02357  -0.01083   0.00041  -0.70303;
-0.06080   1.08638   0.13947  -16.73381;
-0.01481  -0.12986   1.10519  -9.82741;
 0.00000   0.00000   0.00000   1.00000;
setting subject to fsaverage
Writing  LTA to file transforms/talairach.auto.xfm.lta...
lta_convert successful.
 
 
Started at Sun Mar 15 11:14:43 CET 2026
Ended   at Sun Mar 15 11:14:57 CET 2026
talairach_avi done
