/out/sourcedata/freesurfer/sub-v2s10x28996_ses-1/mri
/opt/freesurfer/bin/talairach_avi
--i orig_nu.mgz --xfm transforms/talairach.auto.xfm
talairach_avi 7.3.2
Linux dna067 5.14.0-427.37.1.el9_4.x86_64 #1 SMP PREEMPT_DYNAMIC Fri Sep 13 12:41:50 EDT 2024 x86_64 x86_64 x86_64 GNU/Linux
Sun Mar 15 09:22:18 CET 2026
mri_convert orig_nu.mgz talsrcimg.img 
reading from orig_nu.mgz...
TR=0.00, TE=0.00, TI=0.00, flip angle=0.00
i_ras = (-1, -4.54949e-24, 0)
j_ras = (0, 0, -1)
k_ras = (-5.79026e-24, 1, -6.61744e-24)
writing to talsrcimg.img...
Analyze Output Matrix
-1.00000   0.00000  -0.00000   125.01755;
-0.00000   0.00000   1.00000  -118.31050;
 0.00000  -1.00000  -0.00000   118.30670;
 0.00000   0.00000   0.00000   1.00000;
--------------------
INFO: set hdr.hist.orient to -1
mpr2mni305 talsrcimg
Sun Mar 15 09:22:19 CET 2026
/opt/freesurfer/bin/mpr2mni305 talsrcimg
mpr2mni305 7.3.2
target=711-2C_as_mni_average_305

---------------------------------------------------------------------
analyzeto4dfp talsrcimg -O0 -y
---------------------------------------------------------------------

freesurfer ifh2hdr.c
Sun Mar 15 09:22:19 2026
Writing: talsrcimg.4dfp.hdr
freesurfer analyzeto4dfp.c
Reading: talsrcimg.hdr
header size 348 bytes
hdr.dime.datatype	offset=70	value=2
hdr.dime.bitpix		offset=72	value=8
hdr.hist.orient		offset=252	value=-1
dimensionality     4
dimensions       256       256       256         1
Reading: talsrcimg.img
Writing: talsrcimg.4dfp.img
Writing: talsrcimg.4dfp.ifh
ifh2hdr talsrcimg -r0to204
ori=2

---------------------------------------------------------------------
gauss_4dfp talsrcimg 1.1
---------------------------------------------------------------------

freesurfer gauss_4dfp.c
Reading: talsrcimg.4dfp.img
Writing: talsrcimg_g11.4dfp.img
image dimensions 256 256 256 padded to 288 288 288
processing volume 1freesurfer ifh2hdr.c
Sun Mar 15 09:22:20 2026
Writing: talsrcimg_g11.4dfp.hdr

Writing: talsrcimg_g11.4dfp.ifh
including: talsrcimg.4dfp.img.rec in talsrcimg_g11.4dfp.img.rec

---------------------------------------------------------------------
imgreg_4dfp /opt/freesurfer/average/711-2C_as_mni_average_305 none talsrcimg_g11 none talsrcimg_to_711-2C_as_mni_average_305_t4 4355
---------------------------------------------------------------------

freesurfer imgreg_4dfp.c
/opt/freesurfer/average/711-2C_as_mni_average_305.4dfp.img
       256       256       256         1
  1.000000  1.000000  1.000000
orientation T byte_order littleendian
Reading image: /opt/freesurfer/average/711-2C_as_mni_average_305.4dfp.img
dimensions:      256       256       256
mmppix:       1.0000   -1.0000   -1.0000
center:     128.0000 -129.0000 -129.0000
talsrcimg_g11.4dfp.img
       256       256       256         1
  1.000000  1.000000  1.000000
orientation T byte_order littleendian
Reading image: talsrcimg_g11.4dfp.img
dimensions:      256       256       256
mmppix:       1.0000   -1.0000   -1.0000
center:     128.0000 -129.0000 -129.0000
t4_read: open error in t4_sub.f l:  41 t4_file(1:l)talsrcimg_to_711-2C_as_mni_average_305_t4 
t4_read: transform initialized to I4
rotation matrix determinant  1.000000
image alignment mode   4355 decimal     1103 hex
   -7.5000  -45.0000  -45.0000 7191.9995   15.9980
    0.0000  -45.0000  -45.0000 7509.0498   16.0128
    7.5000  -45.0000  -45.0000 7147.8921   15.9687
   -7.5000  -37.5000  -45.0000 7766.5439   15.6689
    0.0000  -37.5000  -45.0000 8120.2837   15.6863
    7.5000  -37.5000  -45.0000 7734.0957   15.6471
   -7.5000  -30.0000  -45.0000 8699.5820   15.5613
    0.0000  -30.0000  -45.0000 9108.5273   15.5751
    7.5000  -30.0000  -45.0000 8702.7881   15.5373
   -7.5000  -22.5000  -45.0000 9662.8740   15.5045
    0.0000  -22.5000  -45.000010091.7520   15.5104
    7.5000  -22.5000  -45.0000 9662.9238   15.4718
   -7.5000  -15.0000  -45.000010608.5205   15.4595
    0.0000  -15.0000  -45.000011060.9482   15.4621
    7.5000  -15.0000  -45.000010584.4492   15.4221
   -7.5000   -7.5000  -45.000011499.6201   15.4361
    0.0000   -7.5000  -45.000011974.1797   15.4434
    7.5000   -7.5000  -45.000011432.3711   15.4030
   -7.5000    0.0000  -45.000012312.8633   15.4378
    0.0000    0.0000  -45.000012839.8242   15.4514
    7.5000    0.0000  -45.000012244.9004   15.4124
   -7.5000    7.5000  -45.000012198.4893   15.4412
    0.0000    7.5000  -45.000012706.1455   15.4579
    7.5000    7.5000  -45.000012129.8564   15.4211
   -7.5000   15.0000  -45.000011977.9229   15.4438
    0.0000   15.0000  -45.000012465.8711   15.4575
    7.5000   15.0000  -45.000011903.1943   15.4213
   -7.5000   22.5000  -45.000011534.7373   15.4363
    0.0000   22.5000  -45.000012008.4658   15.4424
    7.5000   22.5000  -45.000011452.9219   15.4047
   -7.5000   30.0000  -45.000011049.1709   15.2266
    0.0000   30.0000  -45.000011503.3779   15.2292
    7.5000   30.0000  -45.000010930.3730   15.1902
   -7.5000   37.5000  -45.000010898.2500   15.2279
    0.0000   37.5000  -45.000011361.1582   15.2350
    7.5000   37.5000  -45.000010775.9463   15.1952
   -7.5000   45.0000  -45.000010156.7744   14.8453
    0.0000   45.0000  -45.000010598.7451   14.8583
    7.5000   45.0000  -45.000010048.9980   14.8209
   -7.5000  -45.0000  -37.5000 7571.4966   15.9703
    0.0000  -45.0000  -37.5000 7909.3237   15.9903
    7.5000  -45.0000  -37.5000 7520.1533   15.9401
   -7.5000  -37.5000  -37.5000 8198.9326   15.6514
    0.0000  -37.5000  -37.5000 8566.9395   15.6735
    7.5000  -37.5000  -37.5000 8171.3901   15.6288
   -7.5000  -30.0000  -37.5000 9215.3984   15.5424
    0.0000  -30.0000  -37.5000 9622.2002   15.5627
    7.5000  -30.0000  -37.5000 9200.6885   15.5202
   -7.5000  -22.5000  -37.500010242.6367   15.4739
    0.0000  -22.5000  -37.500010664.8184   15.4880
    7.5000  -22.5000  -37.500010189.8467   15.4451
   -7.5000  -15.0000  -37.500011234.4854   15.4192
    0.0000  -15.0000  -37.500011685.2803   15.4301
    7.5000  -15.0000  -37.500011162.5566   15.3853
   -7.5000   -7.5000  -37.500012173.3389   15.3985
    0.0000   -7.5000  -37.500012662.0791   15.4121
    7.5000   -7.5000  -37.500012102.2148   15.3663
   -7.5000    0.0000  -37.500012994.6182   15.4115
    0.0000    0.0000  -37.500013549.3750   15.4297
    7.5000    0.0000  -37.500012947.5635   15.3850
   -7.5000    7.5000  -37.500012879.7422   15.4243
    0.0000    7.5000  -37.500013407.3760   15.4456
    7.5000    7.5000  -37.500012806.6035   15.4035
   -7.5000   15.0000  -37.500012623.9180   15.4256
    0.0000   15.0000  -37.500013149.3721   15.4456
    7.5000   15.0000  -37.500012548.1631   15.4048
   -7.5000   22.5000  -37.500012137.4502   15.4065
    0.0000   22.5000  -37.500012638.6943   15.4205
    7.5000   22.5000  -37.500012044.5166   15.3787
   -7.5000   30.0000  -37.500011606.5801   15.1872
    0.0000   30.0000  -37.500012081.2783   15.1979
    7.5000   30.0000  -37.500011488.3301   15.1542
   -7.5000   37.5000  -37.500011441.1436   15.1907
    0.0000   37.5000  -37.500011913.2031   15.2042
    7.5000   37.5000  -37.500011333.7051   15.1590
   -7.5000   45.0000  -37.500010685.9561   14.8200
    0.0000   45.0000  -37.500011143.5107   14.8375
    7.5000   45.0000  -37.500010598.2402   14.7945
   -7.5000  -45.0000  -30.0000 8063.4170   16.6424
    0.0000  -45.0000  -30.0000 8413.2383   16.6626
    7.5000  -45.0000  -30.0000 8008.8408   16.6064
   -7.5000  -37.5000  -30.0000 8767.8867   16.3167
    0.0000  -37.5000  -30.0000 9155.6094   16.3403
    7.5000  -37.5000  -30.0000 8719.9580   16.2903
   -7.5000  -30.0000  -30.0000 9880.5635   16.2055
    0.0000  -30.0000  -30.000010311.0508   16.2292
    7.5000  -30.0000  -30.0000 9827.2715   16.1812
   -7.5000  -22.5000  -30.000010962.0781   16.1292
    0.0000  -22.5000  -30.000011430.7861   16.1473
    7.5000  -22.5000  -30.000010883.6494   16.0980
   -7.5000  -15.0000  -30.000012012.6279   16.0654
    0.0000  -15.0000  -30.000012497.8086   16.0791
    7.5000  -15.0000  -30.000011914.2070   16.0272
   -7.5000   -7.5000  -30.000013032.7070   16.0420
    0.0000   -7.5000  -30.000013551.9609   16.0565
    7.5000   -7.5000  -30.000012936.2227   16.0038
   -7.5000    0.0000  -30.000013923.6895   16.0595
    0.0000    0.0000  -30.000014496.7480   16.0778
    7.5000    0.0000  -30.000013828.4502   16.0273
   -7.5000    7.5000  -30.000013788.1836   16.0795
    0.0000    7.5000  -30.000014330.3379   16.1023
    7.5000    7.5000  -30.000013678.1768   16.0552
   -7.5000   15.0000  -30.000013477.5664   16.0836
    0.0000   15.0000  -30.000014027.6865   16.1070
    7.5000   15.0000  -30.000013383.8008   16.0607
   -7.5000   22.5000  -30.000012943.5049   16.0575
    0.0000   22.5000  -30.000013477.3867   16.0755
    7.5000   22.5000  -30.000012837.6299   16.0273
   -7.5000   30.0000  -30.000012370.3994   15.8255
    0.0000   30.0000  -30.000012871.6289   15.8390
    7.5000   30.0000  -30.000012253.3809   15.7882
   -7.5000   37.5000  -30.000012151.2939   15.8271
    0.0000   37.5000  -30.000012645.6055   15.8414
    7.5000   37.5000  -30.000012060.2549   15.7894
   -7.5000   45.0000  -30.000011376.4189   15.4545
    0.0000   45.0000  -30.000011827.9395   15.4721
    7.5000   45.0000  -30.000011299.4951   15.4234
   -7.5000  -45.0000  -22.5000 8577.8516   17.2371
    0.0000  -45.0000  -22.5000 8947.8672   17.2518
    7.5000  -45.0000  -22.5000 8522.3936   17.1975
   -7.5000  -37.5000  -22.5000 9338.9473   16.8958
    0.0000  -37.5000  -22.5000 9737.8701   16.9156
    7.5000  -37.5000  -22.5000 9283.2412   16.8677
   -7.5000  -30.0000  -22.500010530.6191   16.7862
    0.0000  -30.0000  -22.500010982.3291   16.8066
    7.5000  -30.0000  -22.500010476.3467   16.7589
   -7.5000  -22.5000  -22.500011675.9717   16.7169
    0.0000  -22.5000  -22.500012165.9521   16.7306
    7.5000  -22.5000  -22.500011609.2725   16.6798
   -7.5000  -15.0000  -22.500012784.8867   16.6551
    0.0000  -15.0000  -22.500013305.7920   16.6632
    7.5000  -15.0000  -22.500012701.5840   16.6096
   -7.5000   -7.5000  -22.500013873.6328   16.6249
    0.0000   -7.5000  -22.500014449.0205   16.6332
    7.5000   -7.5000  -22.500013785.1816   16.5803
   -7.5000    0.0000  -22.500014779.7256   16.6327
    0.0000    0.0000  -22.500015408.9141   16.6459
    7.5000    0.0000  -22.500014681.4873   16.5971
   -7.5000    7.5000  -22.500014599.5508   16.6495
    0.0000    7.5000  -22.500015205.6201   16.6688
    7.5000    7.5000  -22.500014478.2754   16.6236
   -7.5000   15.0000  -22.500014311.9697   16.6593
    0.0000   15.0000  -22.500014924.7285   16.6795
    7.5000   15.0000  -22.500014177.9453   16.6337
   -7.5000   22.5000  -22.500013778.1875   16.6411
    0.0000   22.5000  -22.500014380.1299   16.6547
    7.5000   22.5000  -22.500013652.9121   16.6051
   -7.5000   30.0000  -22.500013151.5469   16.4089
    0.0000   30.0000  -22.500013733.1670   16.4168
    7.5000   30.0000  -22.500013028.1982   16.3644
   -7.5000   37.5000  -22.500012866.4590   16.4047
    0.0000   37.5000  -22.500013415.9346   16.4129
    7.5000   37.5000  -22.500012780.3799   16.3608
   -7.5000   45.0000  -22.500012026.5430   16.0181
    0.0000   45.0000  -22.500012491.1592   16.0308
    7.5000   45.0000  -22.500011969.8916   15.9838
   -7.5000  -45.0000  -15.0000 9065.1738   17.6723
    0.0000  -45.0000  -15.0000 9452.7832   17.6817
    7.5000  -45.0000  -15.0000 9024.9541   17.6335
   -7.5000  -37.5000  -15.0000 9859.0449   17.3128
    0.0000  -37.5000  -15.000010275.4941   17.3282
    7.5000  -37.5000  -15.0000 9819.0059   17.2858
   -7.5000  -30.0000  -15.000011111.2939   17.2043
    0.0000  -30.0000  -15.000011591.8213   17.2190
    7.5000  -30.0000  -15.000011060.5547   17.1758
   -7.5000  -22.5000  -15.000012332.4502   17.1478
    0.0000  -22.5000  -15.000012859.5088   17.1538
    7.5000  -22.5000  -15.000012273.3242   17.1065
   -7.5000  -15.0000  -15.000013477.2881   17.0947
    0.0000  -15.0000  -15.000014058.8584   17.0943
    7.5000  -15.0000  -15.000013415.4355   17.0446
   -7.5000   -7.5000  -15.000014651.6621   17.0585
    0.0000   -7.5000  -15.000015295.3760   17.0602
    7.5000   -7.5000  -15.000014565.9971   17.0123
   -7.5000    0.0000  -15.000015627.7783   17.0526
    0.0000    0.0000  -15.000016314.2656   17.0609
    7.5000    0.0000  -15.000015474.9873   17.0179
   -7.5000    7.5000  -15.000015417.9639   17.0602
    0.0000    7.5000  -15.000016073.7188   17.0750
    7.5000    7.5000  -15.000015229.9043   17.0354
   -7.5000   15.0000  -15.000015131.4395   17.0738
    0.0000   15.0000  -15.000015794.3174   17.0884
    7.5000   15.0000  -15.000014934.9482   17.0470
   -7.5000   22.5000  -15.000014600.4219   17.0687
    0.0000   22.5000  -15.000015273.4736   17.0747
    7.5000   22.5000  -15.000014433.1836   17.0285
   -7.5000   30.0000  -15.000013907.3438   16.8439
    0.0000   30.0000  -15.000014545.4287   16.8437
    7.5000   30.0000  -15.000013742.8691   16.7951
   -7.5000   37.5000  -15.000013567.2500   16.8349
    0.0000   37.5000  -15.000014170.3564   16.8366
    7.5000   37.5000  -15.000013427.8994   16.7894
   -7.5000   45.0000  -15.000012678.3760   16.4324
    0.0000   45.0000  -15.000013188.1328   16.4404
    7.5000   45.0000  -15.000012567.9971   16.3989
   -7.5000  -45.0000   -7.5000 9530.5859   17.8774
    0.0000  -45.0000   -7.5000 9935.9658   17.8877
    7.5000  -45.0000   -7.5000 9495.9697   17.8417
   -7.5000  -37.5000   -7.500010387.6670   17.5069
    0.0000  -37.5000   -7.500010835.4893   17.5221
    7.5000  -37.5000   -7.500010348.6846   17.4816
   -7.5000  -30.0000   -7.500011731.0742   17.3934
    0.0000  -30.0000   -7.500012223.7510   17.4055
    7.5000  -30.0000   -7.500011645.1221   17.3649
   -7.5000  -22.5000   -7.500013031.5283   17.3401
    0.0000  -22.5000   -7.500013559.7822   17.3423
    7.5000  -22.5000   -7.500012929.8379   17.2990
   -7.5000  -15.0000   -7.500014227.9980   17.2932
    0.0000  -15.0000   -7.500014806.1123   17.2902
    7.5000  -15.0000   -7.500014129.0967   17.2450
   -7.5000   -7.5000   -7.500015472.8203   17.2597
    0.0000   -7.5000   -7.500016149.3467   17.2612
    7.5000   -7.5000   -7.500015371.2373   17.2171
   -7.5000    0.0000   -7.500016580.4727   17.2510
    0.0000    0.0000   -7.500017347.0156   17.2603
    7.5000    0.0000   -7.500016376.9883   17.2197
   -7.5000    7.5000   -7.500016346.4600   17.2519
    0.0000    7.5000   -7.500017124.5859   17.2665
    7.5000    7.5000   -7.500016115.5068   17.2287
   -7.5000   15.0000   -7.500015984.1992   17.2616
    0.0000   15.0000   -7.500016785.5684   17.2737
    7.5000   15.0000   -7.500015779.3281   17.2348
   -7.5000   22.5000   -7.500015449.7402   17.2580
    0.0000   22.5000   -7.500016234.5781   17.2603
    7.5000   22.5000   -7.500015249.3682   17.2181
   -7.5000   30.0000   -7.500014682.7090   17.0389
    0.0000   30.0000   -7.500015427.7363   17.0359
    7.5000   30.0000   -7.500014469.6064   16.9918
   -7.5000   37.5000   -7.500014340.8555   17.0330
    0.0000   37.5000   -7.500015047.0176   17.0345
    7.5000   37.5000   -7.500014109.1689   16.9911
   -7.5000   45.0000   -7.500013404.0361   16.6268
    0.0000   45.0000   -7.500014008.4463   16.6357
    7.5000   45.0000   -7.500013179.4180   16.5965
   -7.5000  -45.0000    0.0000 9959.5664   17.8924
    0.0000  -45.0000    0.000010351.1787   17.9090
    7.5000  -45.0000    0.0000 9894.7861   17.8596
   -7.5000  -37.5000    0.000010848.4189   17.5242
    0.0000  -37.5000    0.000011309.3906   17.5437
    7.5000  -37.5000    0.000010774.1484   17.4998
   -7.5000  -30.0000    0.000012219.0781   17.4041
    0.0000  -30.0000    0.000012756.8828   17.4196
    7.5000  -30.0000    0.000012115.5928   17.3773
   -7.5000  -22.5000    0.000013548.9980   17.3412
    0.0000  -22.5000    0.000014174.7178   17.3479
    7.5000  -22.5000    0.000013465.9336   17.3047
   -7.5000  -15.0000    0.000014769.0801   17.2912
    0.0000  -15.0000    0.000015452.2451   17.2942
    7.5000  -15.0000    0.000014708.5098   17.2495
   -7.5000   -7.5000    0.000016072.5361   17.2648
    0.0000   -7.5000    0.000016826.3242   17.2730
    7.5000   -7.5000    0.000016038.4160   17.2278
   -7.5000    0.0000    0.000017347.3438   17.2662
    0.0000    0.0000    0.000018268.1660   17.2814
    7.5000    0.0000    0.000017216.6641   17.2378
   -7.5000    7.5000    0.000017244.9688   17.2697
    0.0000    7.5000    0.000018289.7070   17.2885
    7.5000    7.5000    0.000017062.5332   17.2472
   -7.5000   15.0000    0.000016931.8223   17.2728
    0.0000   15.0000    0.000017966.9004   17.2882
    7.5000   15.0000    0.000016704.8359   17.2477
   -7.5000   22.5000    0.000016322.0635   17.2594
    0.0000   22.5000    0.000017271.2168   17.2662
    7.5000   22.5000    0.000016050.2939   17.2241
   -7.5000   30.0000    0.000015502.7705   17.0373
    0.0000   30.0000    0.000016378.6367   17.0404
    7.5000   30.0000    0.000015197.4297   16.9967
   -7.5000   37.5000    0.000015101.7656   17.0385
    0.0000   37.5000    0.000015948.8818   17.0466
    7.5000   37.5000    0.000014780.1045   17.0020
   -7.5000   45.0000    0.000014049.7510   16.6426
    0.0000   45.0000    0.000014804.3232   16.6572
    7.5000   45.0000    0.000013742.6162   16.6152
   -7.5000  -45.0000    7.5000 9583.1543   17.8712
    0.0000  -45.0000    7.500010036.5986   17.8935
    7.5000  -45.0000    7.5000 9528.7314   17.8374
   -7.5000  -37.5000    7.500010451.6885   17.5143
    0.0000  -37.5000    7.500010955.9590   17.5391
    7.5000  -37.5000    7.500010401.8184   17.4891
   -7.5000  -30.0000    7.500011760.7500   17.3924
    0.0000  -30.0000    7.500012321.7627   17.4151
    7.5000  -30.0000    7.500011733.2080   17.3675
   -7.5000  -22.5000    7.500013044.4941   17.3157
    0.0000  -22.5000    7.500013625.6885   17.3315
    7.5000  -22.5000    7.500013027.5996   17.2835
   -7.5000  -15.0000    7.500014241.0430   17.2545
    0.0000  -15.0000    7.500014858.3252   17.2666
    7.5000  -15.0000    7.500014225.6328   17.2166
   -7.5000   -7.5000    7.500015487.4658   17.2313
    0.0000   -7.5000    7.500016174.1523   17.2466
    7.5000   -7.5000    7.500015465.1182   17.1953
   -7.5000    0.0000    7.500016802.7441   17.2458
    0.0000    0.0000    7.500017694.6152   17.2662
    7.5000    0.0000    7.500016693.7910   17.2162
   -7.5000    7.5000    7.500016861.0254   17.2602
    0.0000    7.5000    7.500017995.8965   17.2841
    7.5000    7.5000    7.500016627.8867   17.2369
   -7.5000   15.0000    7.500016611.4473   17.2616
    0.0000   15.0000    7.500017764.5645   17.2841
    7.5000   15.0000    7.500016289.0947   17.2383
   -7.5000   22.5000    7.500015866.0732   17.2347
    0.0000   22.5000    7.500016924.3242   17.2504
    7.5000   22.5000    7.500015523.6016   17.2036
   -7.5000   30.0000    7.500014982.3115   17.0015
    0.0000   30.0000    7.500015960.7402   17.0135
    7.5000   30.0000    7.500014668.0879   16.9646
   -7.5000   37.5000    7.500014504.8750   17.0055
    0.0000   37.5000    7.500015434.4893   17.0205
    7.5000   37.5000    7.500014239.7197   16.9699
   -7.5000   45.0000    7.500013459.6504   16.6230
    0.0000   45.0000    7.500014244.2412   16.6426
    7.5000   45.0000    7.500013252.2803   16.5944
   -7.5000  -45.0000   15.0000 9094.4346   17.8882
    0.0000  -45.0000   15.0000 9515.9961   17.9100
    7.5000  -45.0000   15.0000 9053.3984   17.8496
   -7.5000  -37.5000   15.0000 9905.7168   17.5377
    0.0000  -37.5000   15.000010390.9463   17.5632
    7.5000  -37.5000   15.0000 9898.6074   17.5096
   -7.5000  -30.0000   15.000011150.2178   17.4182
    0.0000  -30.0000   15.000011686.7158   17.4437
    7.5000  -30.0000   15.000011161.9775   17.3922
   -7.5000  -22.5000   15.000012397.2305   17.3362
    0.0000  -22.5000   15.000012978.0332   17.3558
    7.5000  -22.5000   15.000012373.9375   17.3028
   -7.5000  -15.0000   15.000013579.0029   17.2677
    0.0000  -15.0000   15.000014212.3955   17.2825
    7.5000  -15.0000   15.000013528.0557   17.2268
   -7.5000   -7.5000   15.000014814.7158   17.2424
    0.0000   -7.5000   15.000015500.2383   17.2581
    7.5000   -7.5000   15.000014744.0244   17.2015
   -7.5000    0.0000   15.000016072.5508   17.2611
    0.0000    0.0000   15.000016924.6152   17.2809
    7.5000    0.0000   15.000015935.4531   17.2266
   -7.5000    7.5000   15.000016035.0625   17.2826
    0.0000    7.5000   15.000016910.2617   17.3073
    7.5000    7.5000   15.000015817.7012   17.2566
   -7.5000   15.0000   15.000015727.3467   17.2870
    0.0000   15.0000   15.000016545.1426   17.3123
    7.5000   15.0000   15.000015498.0713   17.2626
   -7.5000   22.5000   15.000015099.1846   17.2553
    0.0000   22.5000   15.000015869.7891   17.2748
    7.5000   22.5000   15.000014889.0957   17.2229
   -7.5000   30.0000   15.000014300.7314   17.0148
    0.0000   30.0000   15.000015074.5029   17.0294
    7.5000   30.0000   15.000014128.0020   16.9749
   -7.5000   37.5000   15.000013818.2998   17.0164
    0.0000   37.5000   15.000014613.2764   17.0319
    7.5000   37.5000   15.000013691.2686   16.9761
   -7.5000   45.0000   15.000012779.0713   16.6377
    0.0000   45.0000   15.000013476.3906   16.6568
    7.5000   45.0000   15.000012678.8135   16.6045
   -7.5000  -45.0000   22.5000 8494.8418   17.9674
    0.0000  -45.0000   22.5000 8917.9053   17.9831
    7.5000  -45.0000   22.5000 8438.1748   17.9268
   -7.5000  -37.5000   22.5000 9294.8721   17.6118
    0.0000  -37.5000   22.5000 9765.8145   17.6329
    7.5000  -37.5000   22.5000 9266.4678   17.5832
   -7.5000  -30.0000   22.500010496.4883   17.4973
    0.0000  -30.0000   22.500011000.0381   17.5189
    7.5000  -30.0000   22.500010465.7002   17.4695
   -7.5000  -22.5000   22.500011687.1523   17.4247
    0.0000  -22.5000   22.500012238.6016   17.4393
    7.5000  -22.5000   22.500011654.3379   17.3866
   -7.5000  -15.0000   22.500012835.0742   17.3598
    0.0000  -15.0000   22.500013400.4609   17.3685
    7.5000  -15.0000   22.500012790.3535   17.3128
   -7.5000   -7.5000   22.500013967.4053   17.3280
    0.0000   -7.5000   22.500014560.6631   17.3370
    7.5000   -7.5000   22.500013940.6504   17.2821
   -7.5000    0.0000   22.500015018.6396   17.3362
    0.0000    0.0000   22.500015762.4189   17.3503
    7.5000    0.0000   22.500014981.2832   17.2997
   -7.5000    7.5000   22.500014870.2725   17.3541
    0.0000    7.5000   22.500015573.0234   17.3745
    7.5000    7.5000   22.500014793.0762   17.3277
   -7.5000   15.0000   22.500014514.9453   17.3645
    0.0000   15.0000   22.500015190.5791   17.3859
    7.5000   15.0000   22.500014442.4326   17.3384
   -7.5000   22.5000   22.500013962.5986   17.3427
    0.0000   22.5000   22.500014634.6279   17.3573
    7.5000   22.5000   22.500013897.4746   17.3058
   -7.5000   30.0000   22.500013308.2891   17.1054
    0.0000   30.0000   22.500013978.6514   17.1140
    7.5000   30.0000   22.500013236.1143   17.0595
   -7.5000   37.5000   22.500012946.0010   17.1009
    0.0000   37.5000   22.500013618.8027   17.1098
    7.5000   37.5000   22.500012871.0029   17.0556
   -7.5000   45.0000   22.500011993.5391   16.7101
    0.0000   45.0000   22.500012604.7871   16.7237
    7.5000   45.0000   22.500011911.9775   16.6749
   -7.5000  -45.0000   30.0000 7830.6279   18.1477
    0.0000  -45.0000   30.0000 8234.5615   18.1585
    7.5000  -45.0000   30.0000 7798.7251   18.1093
   -7.5000  -37.5000   30.0000 8590.8252   17.7780
    0.0000  -37.5000   30.0000 9040.7441   17.7949
    7.5000  -37.5000   30.0000 8594.3008   17.7519
   -7.5000  -30.0000   30.0000 9726.4062   17.6649
    0.0000  -30.0000   30.000010202.9775   17.6812
    7.5000  -30.0000   30.0000 9738.4756   17.6372
   -7.5000  -22.5000   30.000010833.2119   17.6058
    0.0000  -22.5000   30.000011326.6045   17.6129
    7.5000  -22.5000   30.000010847.2168   17.5646
   -7.5000  -15.0000   30.000011854.8438   17.5504
    0.0000  -15.0000   30.000012353.0674   17.5509
    7.5000  -15.0000   30.000011877.0615   17.5000
   -7.5000   -7.5000   30.000012874.7783   17.5131
    0.0000   -7.5000   30.000013441.8486   17.5156
    7.5000   -7.5000   30.000012909.0830   17.4667
   -7.5000    0.0000   30.000013804.2480   17.5072
    0.0000    0.0000   30.000014471.5107   17.5167
    7.5000    0.0000   30.000013828.5361   17.4730
   -7.5000    7.5000   30.000013630.6387   17.5152
    0.0000    7.5000   30.000014210.0449   17.5316
    7.5000    7.5000   30.000013608.0273   17.4915
   -7.5000   15.0000   30.000013298.5508   17.5292
    0.0000   15.0000   30.000013867.9209   17.5453
    7.5000   15.0000   30.000013278.2959   17.5032
   -7.5000   22.5000   30.000012853.3770   17.5217
    0.0000   22.5000   30.000013438.4092   17.5289
    7.5000   22.5000   30.000012839.9268   17.4817
   -7.5000   30.0000   30.000012292.5000   17.2926
    0.0000   30.0000   30.000012860.9062   17.2931
    7.5000   30.0000   30.000012257.5537   17.2434
   -7.5000   37.5000   30.000011986.0479   17.2835
    0.0000   37.5000   30.000012558.4336   17.2860
    7.5000   37.5000   30.000011919.0625   17.2378
   -7.5000   45.0000   30.000011113.5107   16.8749
    0.0000   45.0000   30.000011634.9092   16.8841
    7.5000   45.0000   30.000011037.3223   16.8419
   -7.5000  -45.0000   37.5000 7452.9141   18.4722
    0.0000  -45.0000   37.5000 7855.3911   18.4850
    7.5000  -45.0000   37.5000 7439.2148   18.4382
   -7.5000  -37.5000   37.5000 8186.4097   18.0840
    0.0000  -37.5000   37.5000 8613.5693   18.1020
    7.5000  -37.5000   37.5000 8191.3999   18.0610
   -7.5000  -30.0000   37.5000 9252.6709   17.9624
    0.0000  -30.0000   37.5000 9693.5371   17.9772
    7.5000  -30.0000   37.5000 9269.1201   17.9362
   -7.5000  -22.5000   37.500010308.4189   17.9062
    0.0000  -22.5000   37.500010757.1846   17.9106
    7.5000  -22.5000   37.500010319.6152   17.8669
   -7.5000  -15.0000   37.500011283.6279   17.8577
    0.0000  -15.0000   37.500011750.3574   17.8566
    7.5000  -15.0000   37.500011298.6143   17.8107
   -7.5000   -7.5000   37.500012278.6572   17.8228
    0.0000   -7.5000   37.500012796.1270   17.8263
    7.5000   -7.5000   37.500012296.2285   17.7815
   -7.5000    0.0000   37.500013154.0508   17.8132
    0.0000    0.0000   37.500013731.7490   17.8248
    7.5000    0.0000   37.500013169.2158   17.7836
   -7.5000    7.5000   37.500012981.9941   17.8127
    0.0000    7.5000   37.500013506.8828   17.8300
    7.5000    7.5000   37.500012956.1533   17.7918
   -7.5000   15.0000   37.500012667.3105   17.8221
    0.0000   15.0000   37.500013194.0957   17.8368
    7.5000   15.0000   37.500012656.0928   17.7977
   -7.5000   22.5000   37.500012258.8770   17.8191
    0.0000   22.5000   37.500012787.6875   17.8236
    7.5000   22.5000   37.500012251.6592   17.7811
   -7.5000   30.0000   37.500011756.9736   17.5946
    0.0000   30.0000   37.500012267.1934   17.5935
    7.5000   30.0000   37.500011728.1025   17.5488
   -7.5000   37.5000   37.500011476.1035   17.5892
    0.0000   37.5000   37.500011980.8291   17.5926
    7.5000   37.5000   37.500011417.8564   17.5484
   -7.5000   45.0000   37.500010626.6934   17.1698
    0.0000   45.0000   37.500011100.6006   17.1810
    7.5000   45.0000   37.500010577.4326   17.1413
   -7.5000  -45.0000   45.0000 6779.5151   18.8762
    0.0000  -45.0000   45.0000 7134.5352   18.9000
    7.5000  -45.0000   45.0000 6754.8936   18.8471
   -7.5000  -37.5000   45.0000 7441.6582   18.4768
    0.0000  -37.5000   45.0000 7806.6431   18.5033
    7.5000  -37.5000   45.0000 7430.3296   18.4560
   -7.5000  -30.0000   45.0000 8411.4092   18.3450
    0.0000  -30.0000   45.0000 8800.8184   18.3670
    7.5000  -30.0000   45.0000 8402.4697   18.3214
   -7.5000  -22.5000   45.0000 9381.6211   18.2760
    0.0000  -22.5000   45.0000 9785.6982   18.2886
    7.5000  -22.5000   45.0000 9379.5449   18.2423
   -7.5000  -15.0000   45.000010300.4717   18.2198
    0.0000  -15.0000   45.000010724.0391   18.2286
    7.5000  -15.0000   45.000010298.6133   18.1808
   -7.5000   -7.5000   45.000011226.9971   18.1883
    0.0000   -7.5000   45.000011684.8623   18.2028
    7.5000   -7.5000   45.000011238.2021   18.1547
   -7.5000    0.0000   45.000012047.8301   18.1884
    0.0000    0.0000   45.000012530.9551   18.2103
    7.5000    0.0000   45.000012038.8525   18.1638
   -7.5000    7.5000   45.000011878.2080   18.1928
    0.0000    7.5000   45.000012350.7920   18.2184
    7.5000    7.5000   45.000011866.1670   18.1741
   -7.5000   15.0000   45.000011587.0059   18.1982
    0.0000   15.0000   45.000012066.7480   18.2200
    7.5000   15.0000   45.000011593.0068   18.1764
   -7.5000   22.5000   45.000011215.8027   18.1851
    0.0000   22.5000   45.000011695.6523   18.1977
    7.5000   22.5000   45.000011215.7539   18.1526
   -7.5000   30.0000   45.000010765.9404   17.9487
    0.0000   30.0000   45.000011220.6543   17.9575
    7.5000   30.0000   45.000010739.5293   17.9109
   -7.5000   37.5000   45.000010521.0625   17.9482
    0.0000   37.5000   45.000010988.1191   17.9625
    7.5000   37.5000   45.000010495.0137   17.9150
   -7.5000   45.0000   45.0000 9749.5928   17.5395
    0.0000   45.0000   45.000010201.4209   17.5606
    7.5000   45.0000   45.0000 9719.1426   17.5157

---------------------------------------------------------------------
imgreg_4dfp /opt/freesurfer/average/711-2C_as_mni_average_305 /opt/freesurfer/average/711-2B_as_mni_average_305_mask talsrcimg_g11 none talsrcimg_to_711-2C_as_mni_average_305_t4 4355
---------------------------------------------------------------------

freesurfer imgreg_4dfp.c
/opt/freesurfer/average/711-2C_as_mni_average_305.4dfp.img
       256       256       256         1
  1.000000  1.000000  1.000000
orientation T byte_order littleendian
Reading image: /opt/freesurfer/average/711-2C_as_mni_average_305.4dfp.img
dimensions:      256       256       256
mmppix:       1.0000   -1.0000   -1.0000
center:     128.0000 -129.0000 -129.0000
/opt/freesurfer/average/711-2B_as_mni_average_305_mask.4dfp.img
       256       256       256         1
  1.000000  1.000000  1.000000
orientation T byte_order littleendian
Reading mask: /opt/freesurfer/average/711-2B_as_mni_average_305_mask.4dfp.img (2306576 pixels)
talsrcimg_g11.4dfp.img
       256       256       256         1
  1.000000  1.000000  1.000000
orientation T byte_order littleendian
Reading image: talsrcimg_g11.4dfp.img
dimensions:      256       256       256
mmppix:       1.0000   -1.0000   -1.0000
center:     128.0000 -129.0000 -129.0000
rotation matrix determinant  1.000000
image alignment mode   4355 decimal     1103 hex
   -7.5000  -37.5000  -45.0000 2108.4963   19.9580
    0.0000  -37.5000  -45.0000 2118.9795   19.9217
    7.5000  -37.5000  -45.0000 2103.1023   20.0215
   -7.5000  -30.0000  -45.0000 2208.8252   18.0301
    0.0000  -30.0000  -45.0000 2222.7478   18.0076
    7.5000  -30.0000  -45.0000 2213.1880   18.1096
   -7.5000  -22.5000  -45.0000 2296.8516   16.5491
    0.0000  -22.5000  -45.0000 2307.5833   16.4840
    7.5000  -22.5000  -45.0000 2301.0828   16.5924
   -7.5000  -15.0000  -45.0000 2368.6868   15.4991
    0.0000  -15.0000  -45.0000 2376.6665   15.4413
    7.5000  -15.0000  -45.0000 2367.0144   15.5505
   -7.5000   -7.5000  -45.0000 2409.4634   14.9205
    0.0000   -7.5000  -45.0000 2420.2285   14.8470
    7.5000   -7.5000  -45.0000 2403.4551   15.0188
   -7.5000    0.0000  -45.0000 2430.4028   14.5849
    0.0000    0.0000  -45.0000 2445.4028   14.4721
    7.5000    0.0000  -45.0000 2428.1077   14.6475
   -7.5000    7.5000  -45.0000 2438.5493   14.4442
    0.0000    7.5000  -45.0000 2450.5352   14.3395
    7.5000    7.5000  -45.0000 2434.8145   14.4976
   -7.5000   15.0000  -45.0000 2437.3242   14.5154
    0.0000   15.0000  -45.0000 2449.0823   14.4030
    7.5000   15.0000  -45.0000 2435.9624   14.5775
   -7.5000   22.5000  -45.0000 2416.2332   14.8916
    0.0000   22.5000  -45.0000 2432.4761   14.7658
    7.5000   22.5000  -45.0000 2421.2500   14.9576
   -7.5000   30.0000  -45.0000 2378.6245   15.5709
    0.0000   30.0000  -45.0000 2396.5378   15.4135
    7.5000   30.0000  -45.0000 2380.7729   15.6015
   -7.5000   37.5000  -45.0000 2323.1995   16.5055
    0.0000   37.5000  -45.0000 2340.7451   16.3119
    7.5000   37.5000  -45.0000 2326.3186   16.5218
   -7.5000   45.0000  -45.0000 2246.8621   17.7323
    0.0000   45.0000  -45.0000 2262.7883   17.5658
    7.5000   45.0000  -45.0000 2247.0923   17.7468
   -7.5000   52.5000  -45.0000 2135.6882   19.1824
    0.0000   52.5000  -45.0000 2149.6611   19.0275
    7.5000   52.5000  -45.0000 2132.1399   19.2572
   -7.5000  -37.5000  -37.5000 2176.5891   18.7747
    0.0000  -37.5000  -37.5000 2186.2595   18.7639
    7.5000  -37.5000  -37.5000 2173.2007   18.8451
   -7.5000  -30.0000  -37.5000 2288.5913   17.0043
    0.0000  -30.0000  -37.5000 2302.4568   16.9698
    7.5000  -30.0000  -37.5000 2288.6909   17.0548
   -7.5000  -22.5000  -37.5000 2382.6611   15.5756
    0.0000  -22.5000  -37.5000 2394.9863   15.5160
    7.5000  -22.5000  -37.5000 2377.9585   15.6210
   -7.5000  -15.0000  -37.5000 2456.4280   14.5347
    0.0000  -15.0000  -37.5000 2470.6946   14.4593
    7.5000  -15.0000  -37.5000 2453.8062   14.5868
   -7.5000   -7.5000  -37.5000 2504.7217   13.8813
    0.0000   -7.5000  -37.5000 2516.1741   13.7840
    7.5000   -7.5000  -37.5000 2498.6870   13.9421
   -7.5000    0.0000  -37.5000 2529.1716   13.5269
    0.0000    0.0000  -37.5000 2541.5095   13.4079
    7.5000    0.0000  -37.5000 2527.2312   13.5700
   -7.5000    7.5000  -37.5000 2539.5305   13.3737
    0.0000    7.5000  -37.5000 2551.3723   13.2745
    7.5000    7.5000  -37.5000 2541.5208   13.4364
   -7.5000   15.0000  -37.5000 2538.0911   13.4731
    0.0000   15.0000  -37.5000 2550.1462   13.3604
    7.5000   15.0000  -37.5000 2539.1296   13.5043
   -7.5000   22.5000  -37.5000 2521.5989   13.7610
    0.0000   22.5000  -37.5000 2534.9026   13.6474
    7.5000   22.5000  -37.5000 2521.2646   13.8204
   -7.5000   30.0000  -37.5000 2483.3784   14.3436
    0.0000   30.0000  -37.5000 2497.4966   14.2023
    7.5000   30.0000  -37.5000 2482.7209   14.3774
   -7.5000   37.5000  -37.5000 2428.7393   15.1717
    0.0000   37.5000  -37.5000 2441.9331   15.0146
    7.5000   37.5000  -37.5000 2430.3770   15.1970
   -7.5000   45.0000  -37.5000 2346.3142   16.2704
    0.0000   45.0000  -37.5000 2361.8557   16.1254
    7.5000   45.0000  -37.5000 2345.5610   16.2974
   -7.5000   52.5000  -37.5000 2226.4956   17.5795
    0.0000   52.5000  -37.5000 2244.1387   17.4729
    7.5000   52.5000  -37.5000 2223.9097   17.6696
   -7.5000  -37.5000  -30.0000 2277.5977   18.4317
    0.0000  -37.5000  -30.0000 2288.2075   18.4008
    7.5000  -37.5000  -30.0000 2273.1685   18.4902
   -7.5000  -30.0000  -30.0000 2397.4700   16.6613
    0.0000  -30.0000  -30.0000 2410.1282   16.6307
    7.5000  -30.0000  -30.0000 2390.7302   16.7054
   -7.5000  -22.5000  -30.0000 2494.9729   15.2074
    0.0000  -22.5000  -30.0000 2510.0732   15.1554
    7.5000  -22.5000  -30.0000 2487.7109   15.2455
   -7.5000  -15.0000  -30.0000 2575.2571   14.1444
    0.0000  -15.0000  -30.0000 2586.5779   14.0585
    7.5000  -15.0000  -30.0000 2569.3354   14.1891
   -7.5000   -7.5000  -30.0000 2633.5146   13.4059
    0.0000   -7.5000  -30.0000 2646.0000   13.2948
    7.5000   -7.5000  -30.0000 2631.7571   13.4215
   -7.5000    0.0000  -30.0000 2670.6292   13.0168
    0.0000    0.0000  -30.0000 2682.4885   12.8783
    7.5000    0.0000  -30.0000 2670.5354   13.0062
   -7.5000    7.5000  -30.0000 2689.4497   12.8697
    0.0000    7.5000  -30.0000 2700.7158   12.7415
    7.5000    7.5000  -30.0000 2687.8335   12.8681
   -7.5000   15.0000  -30.0000 2683.0513   12.9490
    0.0000   15.0000  -30.0000 2696.2056   12.8471
    7.5000   15.0000  -30.0000 2681.4810   12.9588
   -7.5000   22.5000  -30.0000 2668.5684   13.2368
    0.0000   22.5000  -30.0000 2684.7534   13.1522
    7.5000   22.5000  -30.0000 2666.3838   13.2881
   -7.5000   30.0000  -30.0000 2628.9934   13.7486
    0.0000   30.0000  -30.0000 2649.5059   13.6290
    7.5000   30.0000  -30.0000 2630.0654   13.7735
   -7.5000   37.5000  -30.0000 2565.3667   14.5046
    0.0000   37.5000  -30.0000 2588.9214   14.3633
    7.5000   37.5000  -30.0000 2571.6438   14.5230
   -7.5000   45.0000  -30.0000 2481.8816   15.5459
    0.0000   45.0000  -30.0000 2501.4631   15.4040
    7.5000   45.0000  -30.0000 2486.4465   15.5752
   -7.5000   52.5000  -30.0000 2356.1919   16.8513
    0.0000   52.5000  -30.0000 2372.4644   16.7010
    7.5000   52.5000  -30.0000 2360.3940   16.8945
   -7.5000  -37.5000  -22.5000 2341.2227   18.0577
    0.0000  -37.5000  -22.5000 2353.9124   17.9714
    7.5000  -37.5000  -22.5000 2334.7583   18.0885
   -7.5000  -30.0000  -22.5000 2464.5264   16.3034
    0.0000  -30.0000  -22.5000 2482.5107   16.2177
    7.5000  -30.0000  -22.5000 2460.2546   16.3034
   -7.5000  -22.5000  -22.5000 2568.6116   14.8263
    0.0000  -22.5000  -22.5000 2588.2578   14.7494
    7.5000  -22.5000  -22.5000 2567.1426   14.8302
   -7.5000  -15.0000  -22.5000 2659.9204   13.7062
    0.0000  -15.0000  -22.5000 2671.5046   13.5994
    7.5000  -15.0000  -22.5000 2656.1680   13.7137
   -7.5000   -7.5000  -22.5000 2731.6843   12.9048
    0.0000   -7.5000  -22.5000 2743.5405   12.7883
    7.5000   -7.5000  -22.5000 2731.9255   12.9196
   -7.5000    0.0000  -22.5000 2767.2593   12.4544
    0.0000    0.0000  -22.5000 2785.5613   12.3420
    7.5000    0.0000  -22.5000 2773.3184   12.4275
   -7.5000    7.5000  -22.5000 2791.6643   12.2489
    0.0000    7.5000  -22.5000 2814.6338   12.1387
    7.5000    7.5000  -22.5000 2795.4558   12.2391
   -7.5000   15.0000  -22.5000 2796.7676   12.3494
    0.0000   15.0000  -22.5000 2818.3071   12.2507
    7.5000   15.0000  -22.5000 2798.4812   12.3664
   -7.5000   22.5000  -22.5000 2784.3123   12.6765
    0.0000   22.5000  -22.5000 2808.5259   12.5644
    7.5000   22.5000  -22.5000 2786.0420   12.7043
   -7.5000   30.0000  -22.5000 2744.0933   13.1677
    0.0000   30.0000  -22.5000 2769.9316   13.0175
    7.5000   30.0000  -22.5000 2749.1135   13.1795
   -7.5000   37.5000  -22.5000 2678.0171   13.8755
    0.0000   37.5000  -22.5000 2704.0266   13.6911
    7.5000   37.5000  -22.5000 2687.2764   13.8487
   -7.5000   45.0000  -22.5000 2585.5977   14.8627
    0.0000   45.0000  -22.5000 2606.9446   14.6820
    7.5000   45.0000  -22.5000 2591.9424   14.8550
   -7.5000   52.5000  -22.5000 2453.4553   16.1204
    0.0000   52.5000  -22.5000 2470.0112   15.9481
    7.5000   52.5000  -22.5000 2458.0771   16.1268
   -7.5000  -37.5000  -15.0000 2365.1423   17.7092
    0.0000  -37.5000  -15.0000 2377.9121   17.5688
    7.5000  -37.5000  -15.0000 2361.0967   17.7708
   -7.5000  -30.0000  -15.0000 2489.3108   15.9193
    0.0000  -30.0000  -15.0000 2511.5811   15.8302
    7.5000  -30.0000  -15.0000 2488.7759   15.9548
   -7.5000  -22.5000  -15.0000 2600.3149   14.4305
    0.0000  -22.5000  -15.0000 2623.0168   14.3757
    7.5000  -22.5000  -15.0000 2602.4216   14.4564
   -7.5000  -15.0000  -15.0000 2696.3574   13.2885
    0.0000  -15.0000  -15.0000 2713.3191   13.2099
    7.5000  -15.0000  -15.0000 2699.7603   13.3112
   -7.5000   -7.5000  -15.0000 2773.8979   12.4762
    0.0000   -7.5000  -15.0000 2795.7805   12.4106
    7.5000   -7.5000  -15.0000 2782.4971   12.5160
   -7.5000    0.0000  -15.0000 2821.9871   11.9844
    0.0000    0.0000  -15.0000 2844.9331   11.9097
    7.5000    0.0000  -15.0000 2832.5151   11.9946
   -7.5000    7.5000  -15.0000 2859.2783   11.7065
    0.0000    7.5000  -15.0000 2882.4458   11.5933
    7.5000    7.5000  -15.0000 2866.5786   11.7084
   -7.5000   15.0000  -15.0000 2879.0015   11.8050
    0.0000   15.0000  -15.0000 2901.8115   11.6800
    7.5000   15.0000  -15.0000 2881.2827   11.8303
   -7.5000   22.5000  -15.0000 2869.1265   12.1478
    0.0000   22.5000  -15.0000 2895.5317   11.9985
    7.5000   22.5000  -15.0000 2874.0540   12.1621
   -7.5000   30.0000  -15.0000 2824.8879   12.6592
    0.0000   30.0000  -15.0000 2852.0154   12.4675
    7.5000   30.0000  -15.0000 2832.1104   12.6246
   -7.5000   37.5000  -15.0000 2752.3960   13.3379
    0.0000   37.5000  -15.0000 2778.6694   13.1405
    7.5000   37.5000  -15.0000 2762.1755   13.2952
   -7.5000   45.0000  -15.0000 2654.5945   14.2871
    0.0000   45.0000  -15.0000 2678.3049   14.1024
    7.5000   45.0000  -15.0000 2664.3665   14.2682
   -7.5000   52.5000  -15.0000 2520.4890   15.4939
    0.0000   52.5000  -15.0000 2540.7715   15.3145
    7.5000   52.5000  -15.0000 2523.4048   15.5235
   -7.5000  -37.5000   -7.5000 2365.3635   17.3963
    0.0000  -37.5000   -7.5000 2382.0237   17.3262
    7.5000  -37.5000   -7.5000 2364.2451   17.5408
   -7.5000  -30.0000   -7.5000 2494.9363   15.5938
    0.0000  -30.0000   -7.5000 2514.9155   15.5364
    7.5000  -30.0000   -7.5000 2493.1636   15.6832
   -7.5000  -22.5000   -7.5000 2610.4890   14.1504
    0.0000  -22.5000   -7.5000 2628.6343   14.0670
    7.5000  -22.5000   -7.5000 2611.1389   14.2129
   -7.5000  -15.0000   -7.5000 2704.0007   13.0080
    0.0000  -15.0000   -7.5000 2724.1475   12.9038
    7.5000  -15.0000   -7.5000 2709.4407   13.0494
   -7.5000   -7.5000   -7.5000 2794.4006   12.1977
    0.0000   -7.5000   -7.5000 2818.5925   12.0957
    7.5000   -7.5000   -7.5000 2805.0815   12.2233
   -7.5000    0.0000   -7.5000 2856.6467   11.6647
    0.0000    0.0000   -7.5000 2881.3330   11.5637
    7.5000    0.0000   -7.5000 2871.4927   11.6728
   -7.5000    7.5000   -7.5000 2912.5112   11.3377
    0.0000    7.5000   -7.5000 2937.8955   11.2194
    7.5000    7.5000   -7.5000 2926.7336   11.3242
   -7.5000   15.0000   -7.5000 2937.2979   11.3598
    0.0000   15.0000   -7.5000 2965.0210   11.2402
    7.5000   15.0000   -7.5000 2940.5842   11.4075
   -7.5000   22.5000   -7.5000 2928.8826   11.6992
    0.0000   22.5000   -7.5000 2957.3557   11.5615
    7.5000   22.5000   -7.5000 2930.6001   11.7456
   -7.5000   30.0000   -7.5000 2879.9260   12.1967
    0.0000   30.0000   -7.5000 2911.0898   12.0248
    7.5000   30.0000   -7.5000 2886.2676   12.1993
   -7.5000   37.5000   -7.5000 2808.1382   12.8593
    0.0000   37.5000   -7.5000 2835.3064   12.6714
    7.5000   37.5000   -7.5000 2814.0391   12.8493
   -7.5000   45.0000   -7.5000 2705.2563   13.7844
    0.0000   45.0000   -7.5000 2727.9509   13.5932
    7.5000   45.0000   -7.5000 2712.7300   13.7952
   -7.5000   52.5000   -7.5000 2562.3767   14.9967
    0.0000   52.5000   -7.5000 2582.6445   14.7807
    7.5000   52.5000   -7.5000 2563.5464   15.0263
   -7.5000  -37.5000    0.0000 2346.9976   17.3913
    0.0000  -37.5000    0.0000 2364.8157   17.2739
    7.5000  -37.5000    0.0000 2352.4668   17.5106
   -7.5000  -30.0000    0.0000 2472.4873   15.5079
    0.0000  -30.0000    0.0000 2494.8582   15.4342
    7.5000  -30.0000    0.0000 2475.1580   15.6174
   -7.5000  -22.5000    0.0000 2589.0093   13.9990
    0.0000  -22.5000    0.0000 2611.0662   13.9606
    7.5000  -22.5000    0.0000 2592.1987   14.1225
   -7.5000  -15.0000    0.0000 2686.5291   12.8121
    0.0000  -15.0000    0.0000 2711.0779   12.7839
    7.5000  -15.0000    0.0000 2695.7527   12.9331
   -7.5000   -7.5000    0.0000 2788.1392   11.9840
    0.0000   -7.5000    0.0000 2815.7458   11.9401
    7.5000   -7.5000    0.0000 2801.2395   12.0616
   -7.5000    0.0000    0.0000 2870.7849   11.4438
    0.0000    0.0000    0.0000 2899.7324   11.3839
    7.5000    0.0000    0.0000 2886.3782   11.4894
   -7.5000    7.5000    0.0000 2940.0698   11.1989
    0.0000    7.5000    0.0000 2970.4709   11.1388
    7.5000    7.5000    0.0000 2954.8538   11.1903
   -7.5000   15.0000    0.0000 2980.6301   11.1682
    0.0000   15.0000    0.0000 3011.3030   11.1697
    7.5000   15.0000    0.0000 2981.2361   11.2077
   -7.5000   22.5000    0.0000 2966.0793   11.4235
    0.0000   22.5000    0.0000 2998.4495   11.4159
    7.5000   22.5000    0.0000 2961.9385   11.4580
   -7.5000   30.0000    0.0000 2911.4697   11.8567
    0.0000   30.0000    0.0000 2945.5239   11.8189
    7.5000   30.0000    0.0000 2912.9390   11.8756
   -7.5000   37.5000    0.0000 2830.6101   12.5308
    0.0000   37.5000    0.0000 2864.1802   12.4386
    7.5000   37.5000    0.0000 2836.8687   12.5342
   -7.5000   45.0000    0.0000 2727.2256   13.4937
    0.0000   45.0000    0.0000 2757.4182   13.3744
    7.5000   45.0000    0.0000 2731.5029   13.4831
   -7.5000   52.5000    0.0000 2585.1123   14.6664
    0.0000   52.5000    0.0000 2610.4360   14.5627
    7.5000   52.5000    0.0000 2588.4470   14.6787
   -7.5000  -37.5000    7.5000 2318.9011   17.6006
    0.0000  -37.5000    7.5000 2341.6553   17.5497
    7.5000  -37.5000    7.5000 2325.7007   17.7911
   -7.5000  -30.0000    7.5000 2435.9084   15.6443
    0.0000  -30.0000    7.5000 2463.4277   15.5608
    7.5000  -30.0000    7.5000 2444.3491   15.8299
   -7.5000  -22.5000    7.5000 2549.3936   14.0576
    0.0000  -22.5000    7.5000 2572.5974   13.9795
    7.5000  -22.5000    7.5000 2561.4563   14.2568
   -7.5000  -15.0000    7.5000 2657.2068   12.8493
    0.0000  -15.0000    7.5000 2677.3621   12.7782
    7.5000  -15.0000    7.5000 2673.2104   13.0281
   -7.5000   -7.5000    7.5000 2768.0396   11.9832
    0.0000   -7.5000    7.5000 2787.1819   11.9213
    7.5000   -7.5000    7.5000 2787.1453   12.1074
   -7.5000    0.0000    7.5000 2869.4412   11.5113
    0.0000    0.0000    7.5000 2894.8628   11.4588
    7.5000    0.0000    7.5000 2883.1104   11.5622
   -7.5000    7.5000    7.5000 2955.3784   11.2969
    0.0000    7.5000    7.5000 2992.0903   11.3257
    7.5000    7.5000    7.5000 2958.0623   11.2979
   -7.5000   15.0000    7.5000 2998.8735   11.2316
    0.0000   15.0000    7.5000 3047.4463   11.3192
    7.5000   15.0000    7.5000 2992.3013   11.2300
   -7.5000   22.5000    7.5000 2979.6753   11.3346
    0.0000   22.5000    7.5000 3025.0635   11.3685
    7.5000   22.5000    7.5000 2974.0371   11.3370
   -7.5000   30.0000    7.5000 2920.4136   11.7161
    0.0000   30.0000    7.5000 2962.0361   11.6633
    7.5000   30.0000    7.5000 2922.7964   11.7205
   -7.5000   37.5000    7.5000 2834.9016   12.4114
    0.0000   37.5000    7.5000 2867.1274   12.3231
    7.5000   37.5000    7.5000 2841.2366   12.4120
   -7.5000   45.0000    7.5000 2732.5383   13.4075
    0.0000   45.0000    7.5000 2753.2197   13.2742
    7.5000   45.0000    7.5000 2737.6140   13.3941
   -7.5000   52.5000    7.5000 2591.4534   14.6073
    0.0000   52.5000    7.5000 2608.6191   14.4575
    7.5000   52.5000    7.5000 2593.7327   14.6285
   -7.5000  -37.5000   15.0000 2282.1372   18.0253
    0.0000  -37.5000   15.0000 2305.8555   17.9099
    7.5000  -37.5000   15.0000 2293.0896   18.2880
   -7.5000  -30.0000   15.0000 2393.8655   16.0313
    0.0000  -30.0000   15.0000 2415.0686   15.8722
    7.5000  -30.0000   15.0000 2408.8401   16.2366
   -7.5000  -22.5000   15.0000 2511.2268   14.4602
    0.0000  -22.5000   15.0000 2525.8882   14.3079
    7.5000  -22.5000   15.0000 2522.5293   14.6228
   -7.5000  -15.0000   15.0000 2621.1069   13.2514
    0.0000  -15.0000   15.0000 2638.8005   13.1653
    7.5000  -15.0000   15.0000 2635.3428   13.3840
   -7.5000   -7.5000   15.0000 2734.1462   12.4140
    0.0000   -7.5000   15.0000 2751.8298   12.3554
    7.5000   -7.5000   15.0000 2745.9126   12.4916
   -7.5000    0.0000   15.0000 2842.3462   11.8877
    0.0000    0.0000   15.0000 2860.9568   11.8338
    7.5000    0.0000   15.0000 2853.2090   11.9180
   -7.5000    7.5000   15.0000 2925.8972   11.5617
    0.0000    7.5000   15.0000 2956.9153   11.5505
    7.5000    7.5000   15.0000 2930.8228   11.5631
   -7.5000   15.0000   15.0000 2974.8015   11.4301
    0.0000   15.0000   15.0000 3014.1345   11.4108
    7.5000   15.0000   15.0000 2974.2305   11.4643
   -7.5000   22.5000   15.0000 2958.5237   11.6061
    0.0000   22.5000   15.0000 2993.1550   11.5104
    7.5000   22.5000   15.0000 2958.7598   11.6445
   -7.5000   30.0000   15.0000 2904.3193   12.0336
    0.0000   30.0000   15.0000 2933.4712   11.9339
    7.5000   30.0000   15.0000 2907.0845   12.0493
   -7.5000   37.5000   15.0000 2817.9468   12.7014
    0.0000   37.5000   15.0000 2846.6841   12.6069
    7.5000   37.5000   15.0000 2825.0557   12.7204
   -7.5000   45.0000   15.0000 2713.1016   13.6405
    0.0000   45.0000   15.0000 2732.3423   13.5213
    7.5000   45.0000   15.0000 2719.0911   13.6428
   -7.5000   52.5000   15.0000 2575.9866   14.7760
    0.0000   52.5000   15.0000 2586.6777   14.6335
    7.5000   52.5000   15.0000 2578.8423   14.7799
   -7.5000  -37.5000   22.5000 2237.6680   18.8380
    0.0000  -37.5000   22.5000 2259.3167   18.6837
    7.5000  -37.5000   22.5000 2248.5693   19.0400
   -7.5000  -30.0000   22.5000 2357.4919   16.7248
    0.0000  -30.0000   22.5000 2373.2688   16.5815
    7.5000  -30.0000   22.5000 2366.5913   16.9377
   -7.5000  -22.5000   22.5000 2474.0840   15.1606
    0.0000  -22.5000   22.5000 2490.6855   15.0196
    7.5000  -22.5000   22.5000 2481.1438   15.3112
   -7.5000  -15.0000   22.5000 2585.6345   13.9209
    0.0000  -15.0000   22.5000 2599.6079   13.8007
    7.5000  -15.0000   22.5000 2597.7825   14.0541
   -7.5000   -7.5000   22.5000 2691.8877   13.0134
    0.0000   -7.5000   22.5000 2704.7134   12.8813
    7.5000   -7.5000   22.5000 2709.1775   13.1091
   -7.5000    0.0000   22.5000 2791.6450   12.3681
    0.0000    0.0000   22.5000 2806.6404   12.2644
    7.5000    0.0000   22.5000 2805.3643   12.4236
   -7.5000    7.5000   22.5000 2871.2480   11.9634
    0.0000    7.5000   22.5000 2895.8357   11.9078
    7.5000    7.5000   22.5000 2880.9663   12.0054
   -7.5000   15.0000   22.5000 2912.8269   11.8122
    0.0000   15.0000   22.5000 2941.6887   11.7176
    7.5000   15.0000   22.5000 2920.0166   11.8666
   -7.5000   22.5000   22.5000 2903.7700   11.9999
    0.0000   22.5000   22.5000 2933.3064   11.8919
    7.5000   22.5000   22.5000 2911.8896   12.0474
   -7.5000   30.0000   22.5000 2855.7996   12.4536
    0.0000   30.0000   22.5000 2884.4883   12.3716
    7.5000   30.0000   22.5000 2864.1997   12.4866
   -7.5000   37.5000   22.5000 2782.0486   13.1591
    0.0000   37.5000   22.5000 2809.1487   13.0446
    7.5000   37.5000   22.5000 2788.6377   13.1702
   -7.5000   45.0000   22.5000 2676.3679   14.1039
    0.0000   45.0000   22.5000 2693.1814   13.9922
    7.5000   45.0000   22.5000 2679.7957   14.1085
   -7.5000   52.5000   22.5000 2539.5703   15.1900
    0.0000   52.5000   22.5000 2554.5435   15.0937
    7.5000   52.5000   22.5000 2542.0864   15.2115
   -7.5000  -37.5000   30.0000 2183.9902   19.8975
    0.0000  -37.5000   30.0000 2208.8621   19.7992
    7.5000  -37.5000   30.0000 2194.4448   20.1907
   -7.5000  -30.0000   30.0000 2307.3059   17.7617
    0.0000  -30.0000   30.0000 2328.7036   17.6072
    7.5000  -30.0000   30.0000 2318.5339   18.0122
   -7.5000  -22.5000   30.0000 2426.6279   16.0362
    0.0000  -22.5000   30.0000 2444.1841   15.8522
    7.5000  -22.5000   30.0000 2439.0549   16.1930
   -7.5000  -15.0000   30.0000 2535.6375   14.7073
    0.0000  -15.0000   30.0000 2549.3096   14.4908
    7.5000  -15.0000   30.0000 2551.2385   14.8247
   -7.5000   -7.5000   30.0000 2638.9519   13.7104
    0.0000   -7.5000   30.0000 2653.2795   13.5043
    7.5000   -7.5000   30.0000 2657.7109   13.8210
   -7.5000    0.0000   30.0000 2733.4939   13.0137
    0.0000    0.0000   30.0000 2746.3696   12.8689
    7.5000    0.0000   30.0000 2746.7429   13.0981
   -7.5000    7.5000   30.0000 2799.5564   12.5517
    0.0000    7.5000   30.0000 2820.9368   12.4012
    7.5000    7.5000   30.0000 2814.3894   12.6068
   -7.5000   15.0000   30.0000 2831.0713   12.4065
    0.0000   15.0000   30.0000 2852.1521   12.2595
    7.5000   15.0000   30.0000 2843.4871   12.4558
   -7.5000   22.5000   30.0000 2829.1003   12.6045
    0.0000   22.5000   30.0000 2851.8594   12.4888
    7.5000   22.5000   30.0000 2839.9092   12.6573
   -7.5000   30.0000   30.0000 2783.7449   13.0899
    0.0000   30.0000   30.0000 2806.7312   12.9669
    7.5000   30.0000   30.0000 2793.5874   13.1209
   -7.5000   37.5000   30.0000 2718.4995   13.7875
    0.0000   37.5000   30.0000 2742.4517   13.6501
    7.5000   37.5000   30.0000 2724.7375   13.7993
   -7.5000   45.0000   30.0000 2620.0422   14.7097
    0.0000   45.0000   30.0000 2636.3430   14.5752
    7.5000   45.0000   30.0000 2624.4287   14.7420
   -7.5000   52.5000   30.0000 2487.4556   15.7978
    0.0000   52.5000   30.0000 2504.6846   15.6845
    7.5000   52.5000   30.0000 2490.5928   15.8383
   -7.5000  -37.5000   37.5000 2120.3142   21.2269
    0.0000  -37.5000   37.5000 2146.2952   21.0592
    7.5000  -37.5000   37.5000 2136.0188   21.5176
   -7.5000  -30.0000   37.5000 2245.0625   18.8564
    0.0000  -30.0000   37.5000 2267.4141   18.6334
    7.5000  -30.0000   37.5000 2260.6416   19.0976
   -7.5000  -22.5000   37.5000 2366.9570   17.0086
    0.0000  -22.5000   37.5000 2384.3477   16.7650
    7.5000  -22.5000   37.5000 2379.9919   17.1930
   -7.5000  -15.0000   37.5000 2476.8008   15.6018
    0.0000  -15.0000   37.5000 2489.6282   15.3454
    7.5000  -15.0000   37.5000 2490.9287   15.7378
   -7.5000   -7.5000   37.5000 2578.9309   14.5442
    0.0000   -7.5000   37.5000 2591.1870   14.3209
    7.5000   -7.5000   37.5000 2592.2693   14.6654
   -7.5000    0.0000   37.5000 2665.3074   13.7990
    0.0000    0.0000   37.5000 2676.6924   13.6203
    7.5000    0.0000   37.5000 2676.7024   13.8879
   -7.5000    7.5000   37.5000 2721.5952   13.3166
    0.0000    7.5000   37.5000 2741.7910   13.1142
    7.5000    7.5000   37.5000 2733.2466   13.3945
   -7.5000   15.0000   37.5000 2746.9558   13.1699
    0.0000   15.0000   37.5000 2764.2759   13.0267
    7.5000   15.0000   37.5000 2758.0786   13.2437
   -7.5000   22.5000   37.5000 2739.9346   13.3756
    0.0000   22.5000   37.5000 2759.7561   13.2440
    7.5000   22.5000   37.5000 2753.6526   13.4388
   -7.5000   30.0000   37.5000 2702.2437   13.8468
    0.0000   30.0000   37.5000 2723.6182   13.6961
    7.5000   30.0000   37.5000 2716.4580   13.8921
   -7.5000   37.5000   37.5000 2640.0239   14.5390
    0.0000   37.5000   37.5000 2661.2905   14.3696
    7.5000   37.5000   37.5000 2648.0813   14.5540
   -7.5000   45.0000   37.5000 2550.2556   15.4430
    0.0000   45.0000   37.5000 2567.1113   15.2812
    7.5000   45.0000   37.5000 2554.1667   15.4934
   -7.5000   52.5000   37.5000 2431.0095   16.5306
    0.0000   52.5000   37.5000 2445.8064   16.4151
    7.5000   52.5000   37.5000 2429.5466   16.5987
   -7.5000  -37.5000   45.0000 2057.0286   22.6663
    0.0000  -37.5000   45.0000 2072.9795   22.4755
    7.5000  -37.5000   45.0000 2066.6526   22.9881
   -7.5000  -30.0000   45.0000 2177.3296   20.1102
    0.0000  -30.0000   45.0000 2193.6658   19.8164
    7.5000  -30.0000   45.0000 2187.6428   20.3605
   -7.5000  -22.5000   45.0000 2296.8152   18.1566
    0.0000  -22.5000   45.0000 2312.8572   17.8444
    7.5000  -22.5000   45.0000 2308.4900   18.3545
   -7.5000  -15.0000   45.0000 2406.4448   16.6853
    0.0000  -15.0000   45.0000 2420.4065   16.3942
    7.5000  -15.0000   45.0000 2416.1804   16.8624
   -7.5000   -7.5000   45.0000 2509.2568   15.5968
    0.0000   -7.5000   45.0000 2520.6304   15.3302
    7.5000   -7.5000   45.0000 2516.5344   15.7274
   -7.5000    0.0000   45.0000 2586.6108   14.7885
    0.0000    0.0000   45.0000 2595.9155   14.5669
    7.5000    0.0000   45.0000 2593.2253   14.9026
   -7.5000    7.5000   45.0000 2635.9194   14.2949
    0.0000    7.5000   45.0000 2652.0034   14.0922
    7.5000    7.5000   45.0000 2642.4004   14.3756
   -7.5000   15.0000   45.0000 2658.1606   14.1389
    0.0000   15.0000   45.0000 2674.8916   14.0027
    7.5000   15.0000   45.0000 2668.5371   14.2014
   -7.5000   22.5000   45.0000 2649.7778   14.3139
    0.0000   22.5000   45.0000 2668.8259   14.1912
    7.5000   22.5000   45.0000 2662.8564   14.3764
   -7.5000   30.0000   45.0000 2614.9426   14.7769
    0.0000   30.0000   45.0000 2629.8411   14.6354
    7.5000   30.0000   45.0000 2625.6055   14.8362
   -7.5000   37.5000   45.0000 2558.2666   15.4480
    0.0000   37.5000   45.0000 2577.1060   15.2686
    7.5000   37.5000   45.0000 2568.4639   15.4844
   -7.5000   45.0000   45.0000 2481.2092   16.3240
    0.0000   45.0000   45.0000 2504.3706   16.1310
    7.5000   45.0000   45.0000 2485.9495   16.3301
   -7.5000   52.5000   45.0000 2363.7024   17.4633
    0.0000   52.5000   45.0000 2380.2939   17.2870
    7.5000   52.5000   45.0000 2365.7861   17.4902

---------------------------------------------------------------------
imgreg_4dfp /opt/freesurfer/average/711-2C_as_mni_average_305 /opt/freesurfer/average/711-2B_as_mni_average_305_mask talsrcimg_g11 none talsrcimg_to_711-2C_as_mni_average_305_t4 1283
---------------------------------------------------------------------

freesurfer imgreg_4dfp.c
/opt/freesurfer/average/711-2C_as_mni_average_305.4dfp.img
       256       256       256         1
  1.000000  1.000000  1.000000
orientation T byte_order littleendian
Reading image: /opt/freesurfer/average/711-2C_as_mni_average_305.4dfp.img
dimensions:      256       256       256
mmppix:       1.0000   -1.0000   -1.0000
center:     128.0000 -129.0000 -129.0000
/opt/freesurfer/average/711-2B_as_mni_average_305_mask.4dfp.img
       256       256       256         1
  1.000000  1.000000  1.000000
orientation T byte_order littleendian
Reading mask: /opt/freesurfer/average/711-2B_as_mni_average_305_mask.4dfp.img (2306576 pixels)
talsrcimg_g11.4dfp.img
       256       256       256         1
  1.000000  1.000000  1.000000
orientation T byte_order littleendian
Reading image: talsrcimg_g11.4dfp.img
dimensions:      256       256       256
mmppix:       1.0000   -1.0000   -1.0000
center:     128.0000 -129.0000 -129.0000
rotation matrix determinant  1.000000
fimgreg.f
image alignment mode   1283 decimal      503 hex
parameters
    0.0000   15.0000    7.5000    0.0000    0.0000    0.0000
eta,q 0.95636 11.30878
niter,ni,del,rscale     5    3   12.0000    1.2000
parameter  4  2.581803 ->  0.500000 qaram    1.1500
parameters
   -0.6536   16.2374    7.2517   -3.4500   -1.5888   -2.5562
eta,q 0.96241 11.32295
  0.0552  0.0551  0.0517  0.0370  0.0423  0.0388
  0.0474  0.0479  0.0462  0.0382  0.0392  0.0378
  0.0435  0.0445  0.0431  0.0403  0.0381  0.0376
  0.0439  0.0431  0.0427  0.0426  0.0387  0.0381
  0.0478  0.0430  0.0449  0.0448  0.0410  0.0400
  0.0533  0.0442  0.0480  0.0471  0.0446  0.0434
  0.0585  0.0474  0.0523  0.0505  0.0491  0.0475
niter,ni,del,rscale     5    3   12.0000    1.2000
parameter  4  0.761228 ->  0.500000 qaram    1.3225
parameters
   -0.0443   17.6590    6.7649   -7.4175   -1.6840   -2.9655
eta,q 0.96623 11.38018
  0.0549  0.0486  0.0467  0.0341  0.0410  0.0383
  0.0467  0.0439  0.0411  0.0339  0.0373  0.0355
  0.0404  0.0404  0.0372  0.0342  0.0346  0.0340
  0.0376  0.0374  0.0367  0.0364  0.0338  0.0338
  0.0382  0.0369  0.0400  0.0399  0.0348  0.0345
  0.0422  0.0385  0.0442  0.0442  0.0374  0.0363
  0.0495  0.0421  0.0491  0.0486  0.0416  0.0399
niter,ni,del,rscale     5    3   12.0000    1.2000
parameter  4  0.640853 ->  0.500000 qaram    1.5209
parameters
   -0.0901   18.7427    5.8510  -11.9801   -1.6060   -3.5937
eta,q 0.96878 11.39312
  0.0494  0.0470  0.0406  0.0316  0.0400  0.0352
  0.0408  0.0396  0.0365  0.0309  0.0357  0.0329
  0.0351  0.0356  0.0336  0.0322  0.0324  0.0316
  0.0338  0.0338  0.0335  0.0331  0.0313  0.0313
  0.0358  0.0339  0.0361  0.0353  0.0322  0.0321
  0.0414  0.0360  0.0406  0.0389  0.0349  0.0342
  0.0495  0.0394  0.0462  0.0445  0.0398  0.0374
niter,ni,del,rscale     5    3   12.0000    1.2000
parameters
    0.0693   20.3370    4.8146  -12.2407   -1.5040   -3.8445
eta,q 0.97101 11.37319
  0.0494  0.0486  0.0381  0.0417  0.0384  0.0342
  0.0402  0.0402  0.0318  0.0332  0.0340  0.0310
  0.0334  0.0347  0.0290  0.0287  0.0304  0.0292
  0.0312  0.0312  0.0302  0.0292  0.0290  0.0290
  0.0329  0.0302  0.0335  0.0321  0.0299  0.0299
  0.0389  0.0322  0.0383  0.0362  0.0331  0.0316
  0.0475  0.0366  0.0439  0.0407  0.0382  0.0351
niter,ni,del,rscale     4    3   12.0000    1.2000
parameters
    0.0720   20.5229    4.8153  -12.4013   -1.4413   -3.8556
eta,q 0.97115 11.36916
  0.0472  0.0420  0.0424  0.0418  0.0383  0.0346
  0.0380  0.0350  0.0345  0.0336  0.0337  0.0312
  0.0310  0.0306  0.0297  0.0288  0.0302  0.0292
  0.0290  0.0290  0.0290  0.0290  0.0289  0.0289
  0.0314  0.0299  0.0315  0.0318  0.0298  0.0296
  0.0381  0.0338  0.0357  0.0361  0.0331  0.0312
  0.0469  0.0406  0.0410  0.0405  0.0382  0.0345
niter,ni,del,rscale     3    3   12.0000    1.2000
parameters
    0.0660   20.5732    4.7994  -12.4539   -1.4306   -3.8541
eta,q 0.97120 11.36782
  0.0471  0.0416  0.0423  0.0420  0.0381  0.0346
  0.0378  0.0346  0.0345  0.0340  0.0336  0.0312
  0.0309  0.0302  0.0296  0.0289  0.0301  0.0291
  0.0289  0.0289  0.0288  0.0288  0.0288  0.0288
  0.0313  0.0301  0.0314  0.0316  0.0298  0.0296
  0.0380  0.0342  0.0357  0.0359  0.0332  0.0312
  0.0469  0.0412  0.0411  0.0403  0.0384  0.0344
registration optimization eta report
parameter search radius
    6.0000    6.0000    6.0000    9.1253    6.0000    6.0000
100000*second partial in parameter space
       50.       35.       35.       15.       26.       16.
  0.0471  0.0416  0.0423  0.0420  0.0381  0.0346
  0.0378  0.0346  0.0345  0.0340  0.0336  0.0312
  0.0309  0.0302  0.0296  0.0289  0.0301  0.0291
  0.0289  0.0289  0.0288  0.0288  0.0288  0.0288
  0.0313  0.0301  0.0314  0.0316  0.0298  0.0296
  0.0380  0.0342  0.0357  0.0359  0.0332  0.0312
  0.0469  0.0412  0.0411  0.0403  0.0384  0.0344
    0.0660   20.5732    4.7994  -12.4539   -1.4306   -3.8541
eta,q 0.97120 11.36782

---------------------------------------------------------------------
imgreg_4dfp /opt/freesurfer/average/711-2C_as_mni_average_305 /opt/freesurfer/average/711-2B_as_mni_average_305_mask talsrcimg_g11 none talsrcimg_to_711-2C_as_mni_average_305_t4 3335
---------------------------------------------------------------------

freesurfer imgreg_4dfp.c
/opt/freesurfer/average/711-2C_as_mni_average_305.4dfp.img
       256       256       256         1
  1.000000  1.000000  1.000000
orientation T byte_order littleendian
Reading image: /opt/freesurfer/average/711-2C_as_mni_average_305.4dfp.img
dimensions:      256       256       256
mmppix:       1.0000   -1.0000   -1.0000
center:     128.0000 -129.0000 -129.0000
/opt/freesurfer/average/711-2B_as_mni_average_305_mask.4dfp.img
       256       256       256         1
  1.000000  1.000000  1.000000
orientation T byte_order littleendian
Reading mask: /opt/freesurfer/average/711-2B_as_mni_average_305_mask.4dfp.img (2306576 pixels)
talsrcimg_g11.4dfp.img
       256       256       256         1
  1.000000  1.000000  1.000000
orientation T byte_order littleendian
Reading image: talsrcimg_g11.4dfp.img
dimensions:      256       256       256
mmppix:       1.0000   -1.0000   -1.0000
center:     128.0000 -129.0000 -129.0000
fimgreg.f
image alignment mode   3335 decimal      D07 hex
parameters
    0.0660   20.5732    4.7994   -0.2573   -2.5376   -2.3834
    6.0262    3.8819   -6.7195   21.3527   -2.4967  -21.5586
eta,q 0.97289 11.31068
niter,ni,del,rscale     5    3    5.0000    1.2000
parameter  5  1.622612 ->  0.500000 qaram    1.1500
parameter 12 -0.580347 -> -0.500000 qaram    1.1500
parameters
    0.2182   21.1666    4.4431   -2.8859   -6.6776   -5.0473
    4.7571    4.6849   -5.1680   22.3708   -4.2136  -17.4186
eta,q 0.97684 10.99828
  0.0313  0.0310  0.0289  0.0280  0.0223  0.0253  0.0257  0.0297  0.0269  0.0273  0.0244  0.0263
  0.0292  0.0293  0.0276  0.0270  0.0234  0.0247  0.0247  0.0269  0.0256  0.0257  0.0239  0.0252
  0.0277  0.0279  0.0269  0.0265  0.0249  0.0241  0.0241  0.0250  0.0245  0.0246  0.0236  0.0243
  0.0271  0.0271  0.0269  0.0268  0.0266  0.0238  0.0242  0.0241  0.0240  0.0239  0.0237  0.0236
  0.0274  0.0269  0.0276  0.0283  0.0290  0.0258  0.0247  0.0241  0.0239  0.0237  0.0241  0.0232
  0.0285  0.0274  0.0288  0.0313  0.0319  0.0302  0.0258  0.0254  0.0243  0.0243  0.0247  0.0232
  0.0304  0.0285  0.0304  0.0350  0.0349  0.0348  0.0272  0.0278  0.0252  0.0260  0.0256  0.0235
niter,ni,del,rscale     6    3    5.0000    1.2000
parameter  5  0.572822 ->  0.500000 qaram    1.3225
parameters
    0.3850   20.6304    3.9892   -2.2971  -11.4386   -6.0780
    4.7314    5.0922   -4.8855   21.5947   -3.5406  -18.5710
eta,q 0.97826 10.81309
  0.0267  0.0245  0.0242  0.0260  0.0224  0.0243  0.0243  0.0274  0.0237  0.0238  0.0232  0.0229
  0.0249  0.0235  0.0233  0.0247  0.0216  0.0233  0.0230  0.0246  0.0227  0.0226  0.0225  0.0222
  0.0237  0.0230  0.0229  0.0237  0.0217  0.0224  0.0221  0.0227  0.0221  0.0220  0.0220  0.0218
  0.0232  0.0231  0.0230  0.0229  0.0228  0.0215  0.0219  0.0219  0.0218  0.0218  0.0218  0.0218
  0.0234  0.0238  0.0235  0.0227  0.0246  0.0216  0.0222  0.0221  0.0220  0.0221  0.0219  0.0222
  0.0243  0.0250  0.0243  0.0235  0.0269  0.0240  0.0230  0.0237  0.0225  0.0232  0.0222  0.0228
  0.0259  0.0266  0.0255  0.0257  0.0300  0.0285  0.0243  0.0265  0.0234  0.0252  0.0227  0.0237
niter,ni,del,rscale     6    3    5.0000    1.2000
parameters
    0.5477   20.7287    3.4646   -0.7937  -11.8514   -6.8481
    4.6565    5.0170   -4.9616   21.7951   -3.5044  -19.1799
eta,q 0.97853 10.82309
  0.0250  0.0243  0.0225  0.0249  0.0250  0.0240  0.0239  0.0266  0.0233  0.0240  0.0228  0.0229
  0.0233  0.0230  0.0219  0.0236  0.0233  0.0229  0.0226  0.0239  0.0223  0.0226  0.0221  0.0221
  0.0222  0.0221  0.0216  0.0225  0.0219  0.0220  0.0218  0.0221  0.0217  0.0218  0.0216  0.0216
  0.0217  0.0217  0.0217  0.0216  0.0213  0.0213  0.0215  0.0215  0.0215  0.0215  0.0215  0.0215
  0.0219  0.0219  0.0221  0.0212  0.0219  0.0213  0.0218  0.0220  0.0217  0.0216  0.0216  0.0218
  0.0228  0.0227  0.0227  0.0216  0.0237  0.0229  0.0227  0.0240  0.0223  0.0223  0.0221  0.0224
  0.0243  0.0240  0.0236  0.0233  0.0259  0.0270  0.0240  0.0269  0.0233  0.0239  0.0228  0.0233
niter,ni,del,rscale     5    3    5.0000    1.2000
parameters
    0.5531   20.8596    3.2904   -0.6515  -12.0051   -7.0740
    4.6890    5.0133   -4.9818   22.0696   -3.5185  -19.4351
eta,q 0.97852 10.81700
  0.0246  0.0241  0.0227  0.0242  0.0253  0.0242  0.0240  0.0266  0.0233  0.0240  0.0228  0.0230
  0.0229  0.0227  0.0219  0.0231  0.0236  0.0230  0.0226  0.0239  0.0223  0.0226  0.0220  0.0222
  0.0218  0.0218  0.0215  0.0221  0.0222  0.0221  0.0218  0.0222  0.0217  0.0218  0.0216  0.0216
  0.0215  0.0215  0.0215  0.0214  0.0214  0.0214  0.0215  0.0215  0.0215  0.0215  0.0215  0.0215
  0.0218  0.0216  0.0217  0.0214  0.0219  0.0211  0.0218  0.0220  0.0217  0.0216  0.0216  0.0218
  0.0228  0.0223  0.0222  0.0224  0.0236  0.0223  0.0226  0.0239  0.0223  0.0223  0.0220  0.0223
  0.0246  0.0236  0.0230  0.0245  0.0257  0.0257  0.0239  0.0268  0.0233  0.0237  0.0228  0.0231
niter,ni,del,rscale     4    3    5.0000    1.2000
parameters
    0.5555   20.9285    3.2013   -0.5912  -12.1122   -7.1792
    4.7032    5.0279   -4.9798   22.2023   -3.5466  -19.5605
eta,q 0.97851 10.81281
  0.0246  0.0239  0.0228  0.0242  0.0253  0.0243  0.0240  0.0267  0.0232  0.0239  0.0227  0.0230
  0.0229  0.0226  0.0220  0.0231  0.0236  0.0231  0.0226  0.0240  0.0223  0.0225  0.0220  0.0222
  0.0218  0.0218  0.0216  0.0221  0.0222  0.0222  0.0218  0.0222  0.0217  0.0218  0.0216  0.0217
  0.0215  0.0215  0.0215  0.0215  0.0215  0.0215  0.0215  0.0215  0.0215  0.0215  0.0215  0.0215
  0.0218  0.0217  0.0217  0.0214  0.0219  0.0211  0.0218  0.0220  0.0217  0.0216  0.0216  0.0217
  0.0228  0.0224  0.0222  0.0225  0.0236  0.0223  0.0226  0.0239  0.0223  0.0223  0.0220  0.0223
  0.0246  0.0237  0.0229  0.0246  0.0257  0.0255  0.0240  0.0267  0.0233  0.0238  0.0228  0.0231
niter,ni,del,rscale     3    3    5.0000    1.2000
parameters
    0.5601   20.9673    3.1580   -0.5546  -12.1748   -7.2316
    4.7098    5.0420   -4.9716   22.2762   -3.5798  -19.6346
eta,q 0.97850 10.81075
  0.0246  0.0239  0.0229  0.0242  0.0253  0.0243  0.0240  0.0267  0.0232  0.0238  0.0227  0.0230
  0.0229  0.0226  0.0220  0.0231  0.0236  0.0231  0.0226  0.0240  0.0223  0.0225  0.0220  0.0222
  0.0219  0.0218  0.0216  0.0221  0.0223  0.0222  0.0218  0.0222  0.0217  0.0218  0.0216  0.0217
  0.0215  0.0215  0.0215  0.0215  0.0215  0.0215  0.0215  0.0215  0.0215  0.0215  0.0215  0.0215
  0.0218  0.0217  0.0217  0.0215  0.0219  0.0211  0.0218  0.0220  0.0217  0.0216  0.0216  0.0217
  0.0228  0.0225  0.0222  0.0226  0.0236  0.0222  0.0226  0.0239  0.0223  0.0223  0.0220  0.0223
  0.0246  0.0238  0.0229  0.0247  0.0257  0.0254  0.0240  0.0267  0.0233  0.0238  0.0228  0.0231
niter,ni,del,rscale     2    3    5.0000    1.2000
parameters
    0.5620   20.9881    3.1366   -0.5396  -12.2085   -7.2593
    4.7082    5.0516   -4.9676   22.3195   -3.5895  -19.6704
eta,q 0.97850 10.80952
  0.0246  0.0238  0.0229  0.0242  0.0254  0.0243  0.0240  0.0267  0.0232  0.0238  0.0228  0.0231
  0.0229  0.0226  0.0220  0.0231  0.0237  0.0231  0.0226  0.0240  0.0223  0.0225  0.0220  0.0222
  0.0219  0.0218  0.0216  0.0222  0.0223  0.0222  0.0218  0.0222  0.0217  0.0218  0.0216  0.0217
  0.0215  0.0215  0.0215  0.0215  0.0215  0.0215  0.0215  0.0215  0.0215  0.0215  0.0215  0.0215
  0.0218  0.0217  0.0217  0.0215  0.0219  0.0211  0.0218  0.0220  0.0217  0.0216  0.0216  0.0217
  0.0228  0.0225  0.0222  0.0226  0.0236  0.0222  0.0226  0.0239  0.0223  0.0223  0.0220  0.0223
  0.0246  0.0238  0.0229  0.0247  0.0256  0.0254  0.0240  0.0267  0.0233  0.0238  0.0228  0.0231
registration optimization eta report
parameter search radius
    2.4000    2.4000    2.4000    7.2000    9.5220    7.2000
    7.2000    7.2000    7.2000    7.2000    7.2000    8.2800
100000*second partial in parameter space
       54.       40.       24.        6.        4.        7.
        5.       10.        3.        5.        2.        2.
  0.0246  0.0238  0.0229  0.0242  0.0254  0.0243  0.0240  0.0267  0.0232  0.0238  0.0228  0.0231
  0.0229  0.0226  0.0220  0.0231  0.0237  0.0231  0.0226  0.0240  0.0223  0.0225  0.0220  0.0222
  0.0219  0.0218  0.0216  0.0222  0.0223  0.0222  0.0218  0.0222  0.0217  0.0218  0.0216  0.0217
  0.0215  0.0215  0.0215  0.0215  0.0215  0.0215  0.0215  0.0215  0.0215  0.0215  0.0215  0.0215
  0.0218  0.0217  0.0217  0.0215  0.0219  0.0211  0.0218  0.0220  0.0217  0.0216  0.0216  0.0217
  0.0228  0.0225  0.0222  0.0226  0.0236  0.0222  0.0226  0.0239  0.0223  0.0223  0.0220  0.0223
  0.0246  0.0238  0.0229  0.0247  0.0256  0.0254  0.0240  0.0267  0.0233  0.0238  0.0228  0.0231
    0.5620   20.9881    3.1366   -0.5396  -12.2085   -7.2593
    4.7082    5.0516   -4.9676   22.3195   -3.5895  -19.6704
eta,q 0.97850 10.80952

---------------------------------------------------------------------
imgreg_4dfp /opt/freesurfer/average/711-2C_as_mni_average_305 /opt/freesurfer/average/711-2B_as_mni_average_305_mask talsrcimg_g11 none talsrcimg_to_711-2C_as_mni_average_305_t4 2311
---------------------------------------------------------------------

freesurfer imgreg_4dfp.c
/opt/freesurfer/average/711-2C_as_mni_average_305.4dfp.img
       256       256       256         1
  1.000000  1.000000  1.000000
orientation T byte_order littleendian
Reading image: /opt/freesurfer/average/711-2C_as_mni_average_305.4dfp.img
dimensions:      256       256       256
mmppix:       1.0000   -1.0000   -1.0000
center:     128.0000 -129.0000 -129.0000
/opt/freesurfer/average/711-2B_as_mni_average_305_mask.4dfp.img
       256       256       256         1
  1.000000  1.000000  1.000000
orientation T byte_order littleendian
Reading mask: /opt/freesurfer/average/711-2B_as_mni_average_305_mask.4dfp.img (2306576 pixels)
talsrcimg_g11.4dfp.img
       256       256       256         1
  1.000000  1.000000  1.000000
orientation T byte_order littleendian
Reading image: talsrcimg_g11.4dfp.img
dimensions:      256       256       256
mmppix:       1.0000   -1.0000   -1.0000
center:     128.0000 -129.0000 -129.0000
fimgreg.f
image alignment mode   2311 decimal      907 hex
parameters
    0.5620   20.9881    3.1366   -0.5396  -12.2085   -7.2593
    4.7082    5.0516   -4.9676   22.3195   -3.5895  -19.6704
eta,q 0.97850 10.80951
niter,ni,del,rscale     5    3    5.0000    0.8000
parameters
    0.5801   21.0131    3.0589    0.0988  -11.9082   -6.5232
    4.7701    5.0858   -4.8484   22.4853   -3.8076  -20.0311
eta,q 0.97880 10.87881
  0.0229  0.0226  0.0221  0.0231  0.0229  0.0230  0.0225  0.0242  0.0221  0.0224  0.0219  0.0217
  0.0221  0.0220  0.0217  0.0224  0.0222  0.0223  0.0218  0.0226  0.0216  0.0218  0.0215  0.0214
  0.0217  0.0216  0.0215  0.0219  0.0217  0.0218  0.0213  0.0216  0.0213  0.0214  0.0213  0.0212
  0.0215  0.0215  0.0215  0.0215  0.0214  0.0214  0.0212  0.0212  0.0212  0.0212  0.0212  0.0212
  0.0216  0.0216  0.0216  0.0214  0.0215  0.0211  0.0213  0.0215  0.0213  0.0213  0.0213  0.0213
  0.0221  0.0219  0.0218  0.0217  0.0219  0.0214  0.0217  0.0225  0.0216  0.0216  0.0216  0.0216
  0.0229  0.0225  0.0222  0.0226  0.0226  0.0225  0.0224  0.0241  0.0220  0.0223  0.0220  0.0219
niter,ni,del,rscale     4    3    5.0000    0.7000
parameters
    0.5807   21.0128    3.2697   -0.0307  -11.8614   -5.9702
    4.7441    5.0998   -4.7543   22.5614   -3.9838  -20.0510
eta,q 0.97893 10.90137
  0.0224  0.0220  0.0220  0.0223  0.0223  0.0225  0.0220  0.0235  0.0218  0.0220  0.0216  0.0215
  0.0217  0.0216  0.0216  0.0218  0.0218  0.0220  0.0215  0.0222  0.0214  0.0215  0.0213  0.0213
  0.0213  0.0213  0.0213  0.0214  0.0214  0.0216  0.0212  0.0213  0.0212  0.0212  0.0211  0.0211
  0.0212  0.0212  0.0212  0.0212  0.0212  0.0212  0.0211  0.0211  0.0211  0.0211  0.0211  0.0211
  0.0213  0.0213  0.0212  0.0213  0.0213  0.0210  0.0212  0.0213  0.0211  0.0211  0.0212  0.0211
  0.0217  0.0216  0.0214  0.0218  0.0217  0.0213  0.0215  0.0221  0.0214  0.0214  0.0214  0.0213
  0.0224  0.0221  0.0216  0.0227  0.0223  0.0222  0.0220  0.0234  0.0217  0.0220  0.0217  0.0216
niter,ni,del,rscale     3    3    5.0000    0.6000
parameters
    0.5736   21.0097    3.4313   -0.0559  -11.8357   -5.5611
    4.7204    5.1034   -4.6749   22.5589   -4.1122  -20.0579
eta,q 0.97902 10.91814
  0.0219  0.0217  0.0217  0.0220  0.0219  0.0222  0.0217  0.0229  0.0215  0.0216  0.0214  0.0213
  0.0215  0.0214  0.0213  0.0216  0.0215  0.0218  0.0213  0.0218  0.0212  0.0213  0.0212  0.0211
  0.0212  0.0211  0.0212  0.0213  0.0212  0.0214  0.0211  0.0212  0.0210  0.0211  0.0210  0.0210
  0.0211  0.0211  0.0211  0.0211  0.0211  0.0211  0.0210  0.0210  0.0210  0.0210  0.0210  0.0210
  0.0212  0.0211  0.0211  0.0211  0.0211  0.0209  0.0211  0.0212  0.0210  0.0210  0.0211  0.0210
  0.0215  0.0214  0.0212  0.0215  0.0214  0.0212  0.0213  0.0218  0.0212  0.0213  0.0212  0.0212
  0.0220  0.0217  0.0214  0.0222  0.0219  0.0220  0.0217  0.0228  0.0215  0.0217  0.0215  0.0213
niter,ni,del,rscale     2    3    5.0000    0.5000
parameters
    0.5642   21.0105    3.5696   -0.0446  -11.8043   -5.1950
    4.6993    5.0869   -4.6036   22.5330   -4.2132  -20.0740
eta,q 0.97908 10.93354
  0.0216  0.0214  0.0214  0.0217  0.0216  0.0219  0.0214  0.0223  0.0213  0.0214  0.0212  0.0212
  0.0213  0.0212  0.0212  0.0214  0.0213  0.0216  0.0211  0.0215  0.0211  0.0211  0.0211  0.0210
  0.0211  0.0210  0.0210  0.0211  0.0211  0.0212  0.0210  0.0211  0.0210  0.0210  0.0209  0.0209
  0.0210  0.0210  0.0210  0.0210  0.0210  0.0210  0.0209  0.0209  0.0209  0.0209  0.0209  0.0209
  0.0211  0.0210  0.0210  0.0210  0.0210  0.0209  0.0210  0.0211  0.0209  0.0210  0.0210  0.0209
  0.0213  0.0212  0.0211  0.0213  0.0212  0.0211  0.0211  0.0215  0.0211  0.0211  0.0211  0.0210
  0.0216  0.0214  0.0212  0.0218  0.0216  0.0217  0.0214  0.0223  0.0213  0.0214  0.0213  0.0212
niter,ni,del,rscale     1    3    5.0000    0.4000
parameters
    0.5505   21.0173    3.7136   -0.0227  -11.7996   -4.8566
    4.6829    5.0568   -4.5578   22.5050   -4.3095  -20.0643
eta,q 0.97913 10.94635
  0.0213  0.0212  0.0212  0.0214  0.0213  0.0216  0.0212  0.0218  0.0211  0.0212  0.0211  0.0210
  0.0211  0.0211  0.0211  0.0212  0.0211  0.0214  0.0210  0.0213  0.0210  0.0210  0.0210  0.0209
  0.0210  0.0209  0.0210  0.0210  0.0210  0.0211  0.0209  0.0210  0.0209  0.0209  0.0209  0.0209
  0.0209  0.0209  0.0209  0.0209  0.0209  0.0209  0.0209  0.0209  0.0209  0.0209  0.0209  0.0209
  0.0210  0.0209  0.0209  0.0209  0.0210  0.0209  0.0209  0.0210  0.0209  0.0209  0.0209  0.0209
  0.0211  0.0210  0.0210  0.0211  0.0211  0.0210  0.0210  0.0213  0.0210  0.0210  0.0210  0.0209
  0.0214  0.0212  0.0211  0.0214  0.0213  0.0214  0.0212  0.0218  0.0211  0.0212  0.0211  0.0210
registration optimization eta report
parameter search radius
    0.8000    0.8000    0.8000    2.4000    2.4000    2.4000
    2.4000    2.4000    2.4000    2.4000    2.4000    2.4000
100000*second partial in parameter space
       65.       47.       36.        9.        7.       10.
        6.       16.        4.        6.        4.        3.
  0.0213  0.0212  0.0212  0.0214  0.0213  0.0216  0.0212  0.0218  0.0211  0.0212  0.0211  0.0210
  0.0211  0.0211  0.0211  0.0212  0.0211  0.0214  0.0210  0.0213  0.0210  0.0210  0.0210  0.0209
  0.0210  0.0209  0.0210  0.0210  0.0210  0.0211  0.0209  0.0210  0.0209  0.0209  0.0209  0.0209
  0.0209  0.0209  0.0209  0.0209  0.0209  0.0209  0.0209  0.0209  0.0209  0.0209  0.0209  0.0209
  0.0210  0.0209  0.0209  0.0209  0.0210  0.0209  0.0209  0.0210  0.0209  0.0209  0.0209  0.0209
  0.0211  0.0210  0.0210  0.0211  0.0211  0.0210  0.0210  0.0213  0.0210  0.0210  0.0210  0.0209
  0.0214  0.0212  0.0211  0.0214  0.0213  0.0214  0.0212  0.0218  0.0211  0.0212  0.0211  0.0210
    0.5505   21.0173    3.7136   -0.0227  -11.7996   -4.8566
    4.6829    5.0568   -4.5578   22.5050   -4.3095  -20.0643
eta,q 0.97913 10.94635

---------------------------------------------------------------------
imgreg_4dfp /opt/freesurfer/average/711-2C_as_mni_average_305 /opt/freesurfer/average/711-2B_as_mni_average_305_mask talsrcimg_g11 none talsrcimg_to_711-2C_as_mni_average_305_t4 2311
---------------------------------------------------------------------

freesurfer imgreg_4dfp.c
/opt/freesurfer/average/711-2C_as_mni_average_305.4dfp.img
       256       256       256         1
  1.000000  1.000000  1.000000
orientation T byte_order littleendian
Reading image: /opt/freesurfer/average/711-2C_as_mni_average_305.4dfp.img
dimensions:      256       256       256
mmppix:       1.0000   -1.0000   -1.0000
center:     128.0000 -129.0000 -129.0000
/opt/freesurfer/average/711-2B_as_mni_average_305_mask.4dfp.img
       256       256       256         1
  1.000000  1.000000  1.000000
orientation T byte_order littleendian
Reading mask: /opt/freesurfer/average/711-2B_as_mni_average_305_mask.4dfp.img (2306576 pixels)
talsrcimg_g11.4dfp.img
       256       256       256         1
  1.000000  1.000000  1.000000
orientation T byte_order littleendian
Reading image: talsrcimg_g11.4dfp.img
dimensions:      256       256       256
mmppix:       1.0000   -1.0000   -1.0000
center:     128.0000 -129.0000 -129.0000
fimgreg.f
image alignment mode   2311 decimal      907 hex
parameters
    0.5505   21.0173    3.7136   -0.0227  -11.7996   -4.8566
    4.6829    5.0568   -4.5578   22.5050   -4.3095  -20.0643
eta,q 0.97913 10.94634
niter,ni,del,rscale     5    3    5.0000    0.8000
parameters
    0.5238   21.0093    3.9064   -0.5742  -11.8952   -5.2693
    4.6295    5.1117   -4.7153   22.5645   -4.2220  -19.5554
eta,q 0.97901 10.91035
  0.0225  0.0220  0.0221  0.0222  0.0223  0.0226  0.0222  0.0240  0.0218  0.0222  0.0218  0.0217
  0.0216  0.0214  0.0214  0.0216  0.0216  0.0220  0.0215  0.0224  0.0214  0.0216  0.0214  0.0214
  0.0210  0.0210  0.0210  0.0211  0.0211  0.0214  0.0211  0.0214  0.0211  0.0212  0.0211  0.0211
  0.0209  0.0209  0.0209  0.0209  0.0209  0.0209  0.0210  0.0210  0.0210  0.0210  0.0210  0.0210
  0.0211  0.0210  0.0209  0.0211  0.0211  0.0210  0.0212  0.0213  0.0211  0.0211  0.0211  0.0210
  0.0217  0.0214  0.0212  0.0219  0.0216  0.0219  0.0216  0.0223  0.0214  0.0214  0.0213  0.0212
  0.0226  0.0221  0.0216  0.0234  0.0225  0.0240  0.0222  0.0239  0.0219  0.0222  0.0217  0.0215
niter,ni,del,rscale     4    3    5.0000    0.7000
parameters
    0.5368   20.9778    3.7352   -0.3962  -11.8049   -5.3550
    4.6802    5.1380   -4.6829   22.4509   -4.1700  -19.6803
eta,q 0.97903 10.91464
  0.0222  0.0218  0.0215  0.0223  0.0221  0.0224  0.0220  0.0234  0.0217  0.0218  0.0216  0.0214
  0.0215  0.0214  0.0211  0.0217  0.0215  0.0218  0.0214  0.0221  0.0213  0.0214  0.0213  0.0212
  0.0211  0.0211  0.0210  0.0213  0.0211  0.0214  0.0211  0.0213  0.0211  0.0211  0.0210  0.0210
  0.0210  0.0210  0.0210  0.0210  0.0210  0.0210  0.0210  0.0210  0.0210  0.0210  0.0210  0.0210
  0.0211  0.0211  0.0211  0.0210  0.0210  0.0209  0.0211  0.0212  0.0210  0.0210  0.0210  0.0210
  0.0215  0.0214  0.0214  0.0214  0.0214  0.0216  0.0214  0.0221  0.0213  0.0214  0.0212  0.0212
  0.0222  0.0219  0.0218  0.0223  0.0221  0.0229  0.0219  0.0234  0.0216  0.0220  0.0216  0.0215
niter,ni,del,rscale     3    3    5.0000    0.6000
parameters
    0.5552   20.9663    3.6827   -0.2406  -11.7714   -5.2283
    4.6787    5.1147   -4.6441   22.4420   -4.1829  -19.8324
eta,q 0.97907 10.92586
  0.0219  0.0216  0.0214  0.0220  0.0218  0.0221  0.0216  0.0228  0.0215  0.0216  0.0214  0.0213
  0.0214  0.0213  0.0211  0.0215  0.0214  0.0217  0.0212  0.0218  0.0212  0.0213  0.0211  0.0211
  0.0211  0.0210  0.0210  0.0212  0.0211  0.0213  0.0210  0.0211  0.0210  0.0210  0.0210  0.0210
  0.0210  0.0210  0.0210  0.0210  0.0210  0.0209  0.0209  0.0209  0.0209  0.0209  0.0209  0.0209
  0.0211  0.0210  0.0211  0.0210  0.0210  0.0209  0.0210  0.0212  0.0210  0.0210  0.0210  0.0210
  0.0213  0.0213  0.0212  0.0213  0.0213  0.0213  0.0212  0.0218  0.0211  0.0212  0.0211  0.0211
  0.0218  0.0216  0.0215  0.0219  0.0218  0.0222  0.0216  0.0228  0.0214  0.0217  0.0214  0.0213
niter,ni,del,rscale     2    3    5.0000    0.5000
parameters
    0.5535   20.9765    3.7200   -0.1409  -11.7628   -4.9981
    4.6759    5.0846   -4.5986   22.4536   -4.2478  -19.9107
eta,q 0.97911 10.93796
  0.0216  0.0214  0.0213  0.0217  0.0215  0.0218  0.0214  0.0222  0.0213  0.0214  0.0212  0.0211
  0.0212  0.0211  0.0211  0.0213  0.0212  0.0215  0.0211  0.0215  0.0211  0.0211  0.0210  0.0210
  0.0210  0.0210  0.0210  0.0211  0.0210  0.0212  0.0209  0.0210  0.0209  0.0210  0.0209  0.0209
  0.0209  0.0209  0.0209  0.0209  0.0209  0.0209  0.0209  0.0209  0.0209  0.0209  0.0209  0.0209
  0.0210  0.0210  0.0210  0.0209  0.0210  0.0209  0.0209  0.0211  0.0209  0.0209  0.0209  0.0209
  0.0212  0.0211  0.0211  0.0212  0.0212  0.0212  0.0211  0.0215  0.0210  0.0211  0.0211  0.0210
  0.0216  0.0214  0.0212  0.0217  0.0215  0.0218  0.0214  0.0223  0.0212  0.0214  0.0213  0.0211
niter,ni,del,rscale     1    3    5.0000    0.4000
parameters
    0.5414   20.9952    3.8169   -0.0761  -11.7773   -4.7327
    4.6705    5.0519   -4.5499   22.4588   -4.3121  -19.9525
eta,q 0.97916 10.94888
  0.0213  0.0212  0.0212  0.0214  0.0213  0.0216  0.0212  0.0217  0.0211  0.0212  0.0211  0.0210
  0.0211  0.0210  0.0210  0.0211  0.0211  0.0213  0.0210  0.0212  0.0210  0.0210  0.0209  0.0209
  0.0209  0.0209  0.0209  0.0210  0.0209  0.0211  0.0209  0.0209  0.0209  0.0209  0.0209  0.0209
  0.0209  0.0209  0.0209  0.0209  0.0209  0.0209  0.0208  0.0208  0.0208  0.0208  0.0208  0.0208
  0.0209  0.0209  0.0209  0.0209  0.0209  0.0208  0.0209  0.0210  0.0209  0.0209  0.0209  0.0209
  0.0211  0.0210  0.0210  0.0211  0.0211  0.0210  0.0210  0.0213  0.0209  0.0210  0.0210  0.0209
  0.0213  0.0212  0.0211  0.0214  0.0213  0.0214  0.0212  0.0218  0.0211  0.0212  0.0211  0.0210
registration optimization eta report
parameter search radius
    0.8000    0.8000    0.8000    2.4000    2.4000    2.4000
    2.4000    2.4000    2.4000    2.4000    2.4000    2.4000
100000*second partial in parameter space
       65.       47.       37.        8.        7.       11.
        6.       16.        4.        6.        4.        3.
  0.0213  0.0212  0.0212  0.0214  0.0213  0.0216  0.0212  0.0217  0.0211  0.0212  0.0211  0.0210
  0.0211  0.0210  0.0210  0.0211  0.0211  0.0213  0.0210  0.0212  0.0210  0.0210  0.0209  0.0209
  0.0209  0.0209  0.0209  0.0210  0.0209  0.0211  0.0209  0.0209  0.0209  0.0209  0.0209  0.0209
  0.0209  0.0209  0.0209  0.0209  0.0209  0.0209  0.0208  0.0208  0.0208  0.0208  0.0208  0.0208
  0.0209  0.0209  0.0209  0.0209  0.0209  0.0208  0.0209  0.0210  0.0209  0.0209  0.0209  0.0209
  0.0211  0.0210  0.0210  0.0211  0.0211  0.0210  0.0210  0.0213  0.0209  0.0210  0.0210  0.0209
  0.0213  0.0212  0.0211  0.0214  0.0213  0.0214  0.0212  0.0218  0.0211  0.0212  0.0211  0.0210
    0.5414   20.9952    3.8169   -0.0761  -11.7773   -4.7327
    4.6705    5.0519   -4.5499   22.4588   -4.3121  -19.9525
eta,q 0.97916 10.94888

---------------------------------------------------------------------
compute_vox2vox talsrcimg talsrcimg_to_711-2C_as_mni_average_305_t4 /opt/freesurfer/average/711-2C_as_mni_average_305
---------------------------------------------------------------------

freesurfer compute_vox2vox.c
Reading: talsrcimg.4dfp.ifh
Reading: talsrcimg_to_711-2C_as_mni_average_305_t4
Reading: /opt/freesurfer/average/711-2C_as_mni_average_305.4dfp.ifh
Writing: talsrcimg_to_711-2C_as_mni_average_305_t4_vox2vox.txt

start time Sun Mar 15 09:22:19 CET 2026
end		time Sun Mar 15 09:22:33 CET 2026

mpr2mni305 success

avi2talxfm orig_nu.mgz /opt/freesurfer/average/mni305.cor.mgz talsrcimg_to_711-2C_as_mni_average_305_t4_vox2vox.txt transforms/talairach.auto.xfm
avi2talxfm done
mv -f /out/sourcedata/freesurfer/sub-v2s10x28996_ses-1/mri/talsrcimg_to_711-2C_as_mni_average_305_t4_vox2vox.txt /out/sourcedata/freesurfer/sub-v2s10x28996_ses-1/mri/transforms/talsrcimg_to_711-2C_as_mni_average_305_t4_vox2vox.txt
lta_convert --src orig_nu.mgz --trg /opt/freesurfer/average/mni305.cor.mgz --inxfm transforms/talairach.auto.xfm --outlta transforms/talairach.auto.xfm.lta --subject fsaverage
7.3.2

--src: orig_nu.mgz src image (geometry).
--trg: /opt/freesurfer/average/mni305.cor.mgz trg image (geometry).
--inmni: transforms/talairach.auto.xfm input MNI/XFM transform.
--outlta: transforms/talairach.auto.xfm.lta output LTA.
--s: fsaverage subject name
 LTA read, type : 1
 0.99631  -0.03835  -0.06142   4.57912;
 0.05303   0.99450   0.22211  -16.53782;
 0.03788  -0.25515   1.07378  -7.48554;
 0.00000   0.00000   0.00000   1.00000;
setting subject to fsaverage
Writing  LTA to file transforms/talairach.auto.xfm.lta...
lta_convert successful.
 
 
Started at Sun Mar 15 09:22:18 CET 2026
Ended   at Sun Mar 15 09:22:33 CET 2026
talairach_avi done
