/out/sourcedata/freesurfer/sub-v2s10x28987_ses-1/mri
/opt/freesurfer/bin/talairach_avi
--i orig_nu.mgz --xfm transforms/talairach.auto.xfm
talairach_avi 7.3.2
Linux dna057 5.14.0-427.37.1.el9_4.x86_64 #1 SMP PREEMPT_DYNAMIC Fri Sep 13 12:41:50 EDT 2024 x86_64 x86_64 x86_64 GNU/Linux
Sun Mar 15 08:15:18 CET 2026
mri_convert orig_nu.mgz talsrcimg.img 
reading from orig_nu.mgz...
TR=0.00, TE=0.00, TI=0.00, flip angle=0.00
i_ras = (-1, 1.86265e-09, 0)
j_ras = (0, 0, -1)
k_ras = (-1.86265e-09, 1, 0)
writing to talsrcimg.img...
Analyze Output Matrix
-1.00000   0.00000  -0.00000   131.32156;
 0.00000   0.00000   1.00000  -100.61592;
 0.00000  -1.00000   0.00000   100.24210;
 0.00000   0.00000   0.00000   1.00000;
--------------------
INFO: set hdr.hist.orient to -1
mpr2mni305 talsrcimg
Sun Mar 15 08:15:19 CET 2026
/opt/freesurfer/bin/mpr2mni305 talsrcimg
mpr2mni305 7.3.2
target=711-2C_as_mni_average_305

---------------------------------------------------------------------
analyzeto4dfp talsrcimg -O0 -y
---------------------------------------------------------------------

freesurfer ifh2hdr.c
Sun Mar 15 08:15:19 2026
Writing: talsrcimg.4dfp.hdr
freesurfer analyzeto4dfp.c
Reading: talsrcimg.hdr
header size 348 bytes
hdr.dime.datatype	offset=70	value=2
hdr.dime.bitpix		offset=72	value=8
hdr.hist.orient		offset=252	value=-1
dimensionality     4
dimensions       256       256       256         1
Reading: talsrcimg.img
Writing: talsrcimg.4dfp.img
Writing: talsrcimg.4dfp.ifh
ifh2hdr talsrcimg -r0to205
ori=2

---------------------------------------------------------------------
gauss_4dfp talsrcimg 1.1
---------------------------------------------------------------------

freesurfer gauss_4dfp.c
Reading: talsrcimg.4dfp.img
Writing: talsrcimg_g11.4dfp.img
image dimensions 256 256 256 padded to 288 288 288
processing volume 1freesurfer ifh2hdr.c
Sun Mar 15 08:15:21 2026
Writing: talsrcimg_g11.4dfp.hdr

Writing: talsrcimg_g11.4dfp.ifh
including: talsrcimg.4dfp.img.rec in talsrcimg_g11.4dfp.img.rec

---------------------------------------------------------------------
imgreg_4dfp /opt/freesurfer/average/711-2C_as_mni_average_305 none talsrcimg_g11 none talsrcimg_to_711-2C_as_mni_average_305_t4 4355
---------------------------------------------------------------------

freesurfer imgreg_4dfp.c
/opt/freesurfer/average/711-2C_as_mni_average_305.4dfp.img
       256       256       256         1
  1.000000  1.000000  1.000000
orientation T byte_order littleendian
Reading image: /opt/freesurfer/average/711-2C_as_mni_average_305.4dfp.img
dimensions:      256       256       256
mmppix:       1.0000   -1.0000   -1.0000
center:     128.0000 -129.0000 -129.0000
talsrcimg_g11.4dfp.img
       256       256       256         1
  1.000000  1.000000  1.000000
orientation T byte_order littleendian
Reading image: talsrcimg_g11.4dfp.img
dimensions:      256       256       256
mmppix:       1.0000   -1.0000   -1.0000
center:     128.0000 -129.0000 -129.0000
t4_read: open error in t4_sub.f l:  41 t4_file(1:l)talsrcimg_to_711-2C_as_mni_average_305_t4 
t4_read: transform initialized to I4
rotation matrix determinant  1.000000
image alignment mode   4355 decimal     1103 hex
   -7.5000  -45.0000  -45.0000 7567.3223   17.7563
    0.0000  -45.0000  -45.0000 7923.4219   17.8156
    7.5000  -45.0000  -45.0000 7537.9800   17.8200
   -7.5000  -37.5000  -45.0000 8184.8618   17.5022
    0.0000  -37.5000  -45.0000 8571.5889   17.5655
    7.5000  -37.5000  -45.0000 8170.9058   17.5705
   -7.5000  -30.0000  -45.0000 9142.2041   17.3668
    0.0000  -30.0000  -45.0000 9542.9502   17.4317
    7.5000  -30.0000  -45.0000 9135.6445   17.4357
   -7.5000  -22.5000  -45.000010095.1182   17.3318
    0.0000  -22.5000  -45.000010520.6348   17.3932
    7.5000  -22.5000  -45.000010062.7441   17.3964
   -7.5000  -15.0000  -45.000011001.5020   17.3068
    0.0000  -15.0000  -45.000011457.1084   17.3635
    7.5000  -15.0000  -45.000010941.3125   17.3667
   -7.5000   -7.5000  -45.000011922.3613   17.2819
    0.0000   -7.5000  -45.000012423.6025   17.3376
    7.5000   -7.5000  -45.000011826.6113   17.3419
   -7.5000    0.0000  -45.000012796.3809   17.2646
    0.0000    0.0000  -45.000013304.9238   17.3228
    7.5000    0.0000  -45.000012668.7920   17.3285
   -7.5000    7.5000  -45.000012630.4717   17.2554
    0.0000    7.5000  -45.000013114.7139   17.3178
    7.5000    7.5000  -45.000012504.9434   17.3236
   -7.5000   15.0000  -45.000012253.8320   17.2587
    0.0000   15.0000  -45.000012711.7676   17.3232
    7.5000   15.0000  -45.000012136.9131   17.3277
   -7.5000   22.5000  -45.000011743.5332   17.2698
    0.0000   22.5000  -45.000012184.0000   17.3309
    7.5000   22.5000  -45.000011590.6650   17.3344
   -7.5000   30.0000  -45.000011122.4980   17.0532
    0.0000   30.0000  -45.000011535.7715   17.1090
    7.5000   30.0000  -45.000010924.9014   17.1123
   -7.5000   37.5000  -45.000010861.2490   17.0484
    0.0000   37.5000  -45.000011289.9385   17.1033
    7.5000   37.5000  -45.000010689.6572   17.1076
   -7.5000   45.0000  -45.000010217.5557   16.6019
    0.0000   45.0000  -45.000010631.3037   16.6579
    7.5000   45.0000  -45.000010071.7080   16.6634
   -7.5000  -45.0000  -37.5000 7880.2271   17.7594
    0.0000  -45.0000  -37.5000 8243.3691   17.8262
    7.5000  -45.0000  -37.5000 7846.7861   17.8303
   -7.5000  -37.5000  -37.5000 8551.0625   17.5004
    0.0000  -37.5000  -37.5000 8922.7539   17.5713
    7.5000  -37.5000  -37.5000 8529.9668   17.5767
   -7.5000  -30.0000  -37.5000 9562.4053   17.3640
    0.0000  -30.0000  -37.5000 9959.1816   17.4366
    7.5000  -30.0000  -37.5000 9525.8389   17.4425
   -7.5000  -22.5000  -37.500010546.6416   17.3329
    0.0000  -22.5000  -37.500010976.0244   17.4018
    7.5000  -22.5000  -37.500010486.4873   17.4075
   -7.5000  -15.0000  -37.500011451.1191   17.3125
    0.0000  -15.0000  -37.500011928.1738   17.3759
    7.5000  -15.0000  -37.500011371.7305   17.3809
   -7.5000   -7.5000  -37.500012411.9873   17.2891
    0.0000   -7.5000  -37.500012909.5342   17.3514
    7.5000   -7.5000  -37.500012305.0146   17.3565
   -7.5000    0.0000  -37.500013290.2686   17.2680
    0.0000    0.0000  -37.500013802.4404   17.3333
    7.5000    0.0000  -37.500013160.1475   17.3389
   -7.5000    7.5000  -37.500013136.4189   17.2537
    0.0000    7.5000  -37.500013611.7139   17.3235
    7.5000    7.5000  -37.500012997.4727   17.3296
   -7.5000   15.0000  -37.500012758.8965   17.2563
    0.0000   15.0000  -37.500013222.1074   17.3284
    7.5000   15.0000  -37.500012607.1162   17.3348
   -7.5000   22.5000  -37.500012197.7881   17.2709
    0.0000   22.5000  -37.500012656.4766   17.3393
    7.5000   22.5000  -37.500012025.5381   17.3453
   -7.5000   30.0000  -37.500011546.9590   17.0588
    0.0000   30.0000  -37.500011983.8145   17.1211
    7.5000   30.0000  -37.500011362.6367   17.1262
   -7.5000   37.5000  -37.500011262.4053   17.0557
    0.0000   37.5000  -37.500011707.5508   17.1171
    7.5000   37.5000  -37.500011103.0156   17.1221
   -7.5000   45.0000  -37.500010569.7529   16.6053
    0.0000   45.0000  -37.500010998.1719   16.6681
    7.5000   45.0000  -37.500010436.6094   16.6734
   -7.5000  -45.0000  -30.0000 8341.9990   18.5168
    0.0000  -45.0000  -30.0000 8699.4766   18.5853
    7.5000  -45.0000  -30.0000 8309.4648   18.5923
   -7.5000  -37.5000  -30.0000 9062.6904   18.2527
    0.0000  -37.5000  -30.0000 9446.3975   18.3271
    7.5000  -37.5000  -30.0000 9030.7598   18.3354
   -7.5000  -30.0000  -30.000010152.8857   18.1164
    0.0000  -30.0000  -30.000010578.3789   18.1939
    7.5000  -30.0000  -30.000010083.7598   18.2020
   -7.5000  -22.5000  -30.000011183.8125   18.0847
    0.0000  -22.5000  -30.000011643.4561   18.1579
    7.5000  -22.5000  -30.000011096.5840   18.1644
   -7.5000  -15.0000  -30.000012144.4990   18.0579
    0.0000  -15.0000  -30.000012629.9561   18.1239
    7.5000  -15.0000  -30.000012036.3115   18.1296
   -7.5000   -7.5000  -30.000013089.2793   18.0267
    0.0000   -7.5000  -30.000013622.5889   18.0904
    7.5000   -7.5000  -30.000012958.8125   18.0974
   -7.5000    0.0000  -30.000014010.3408   18.0045
    0.0000    0.0000  -30.000014565.8066   18.0716
    7.5000    0.0000  -30.000013828.0371   18.0799
   -7.5000    7.5000  -30.000013808.8848   17.9951
    0.0000    7.5000  -30.000014365.5410   18.0684
    7.5000    7.5000  -30.000013638.2021   18.0772
   -7.5000   15.0000  -30.000013404.5889   18.0038
    0.0000   15.0000  -30.000013934.3174   18.0808
    7.5000   15.0000  -30.000013226.3779   18.0893
   -7.5000   22.5000  -30.000012795.9258   18.0181
    0.0000   22.5000  -30.000013308.2109   18.0908
    7.5000   22.5000  -30.000012611.9609   18.0976
   -7.5000   30.0000  -30.000012134.2930   17.7945
    0.0000   30.0000  -30.000012608.0107   17.8593
    7.5000   30.0000  -30.000011945.5869   17.8651
   -7.5000   37.5000  -30.000011828.5947   17.7851
    0.0000   37.5000  -30.000012285.9102   17.8479
    7.5000   37.5000  -30.000011647.7363   17.8548
   -7.5000   45.0000  -30.000011087.9688   17.3262
    0.0000   45.0000  -30.000011493.0586   17.3908
    7.5000   45.0000  -30.000010909.7705   17.3988
   -7.5000  -45.0000  -22.5000 8814.8887   19.1663
    0.0000  -45.0000  -22.5000 9204.4502   19.2264
    7.5000  -45.0000  -22.5000 8774.6357   19.2359
   -7.5000  -37.5000  -22.5000 9586.4336   18.9042
    0.0000  -37.5000  -22.500010004.3125   18.9724
    7.5000  -37.5000  -22.5000 9534.5918   18.9822
   -7.5000  -30.0000  -22.500010755.0332   18.7686
    0.0000  -30.0000  -22.500011189.9287   18.8412
    7.5000  -30.0000  -22.500010655.3584   18.8484
   -7.5000  -22.5000  -22.500011832.1562   18.7297
    0.0000  -22.5000  -22.500012293.9414   18.7977
    7.5000  -22.5000  -22.500011728.2646   18.8013
   -7.5000  -15.0000  -22.500012841.1660   18.6909
    0.0000  -15.0000  -22.500013316.7744   18.7505
    7.5000  -15.0000  -22.500012715.6260   18.7536
   -7.5000   -7.5000  -22.500013775.3887   18.6520
    0.0000   -7.5000  -22.500014312.5303   18.7080
    7.5000   -7.5000  -22.500013625.4531   18.7152
   -7.5000    0.0000  -22.500014673.6221   18.6356
    0.0000    0.0000  -22.500015245.5869   18.6947
    7.5000    0.0000  -22.500014462.2900   18.7055
   -7.5000    7.5000  -22.500014445.0693   18.6371
    0.0000    7.5000  -22.500015007.9082   18.7042
    7.5000    7.5000  -22.500014227.2314   18.7145
   -7.5000   15.0000  -22.500014031.5225   18.6512
    0.0000   15.0000  -22.500014579.6953   18.7233
    7.5000   15.0000  -22.500013800.0215   18.7310
   -7.5000   22.5000  -22.500013385.1123   18.6594
    0.0000   22.5000  -22.500013943.9434   18.7270
    7.5000   22.5000  -22.500013182.1982   18.7308
   -7.5000   30.0000  -22.500012669.1221   18.4205
    0.0000   30.0000  -22.500013210.5488   18.4792
    7.5000   30.0000  -22.500012465.7871   18.4824
   -7.5000   37.5000  -22.500012349.9531   18.4047
    0.0000   37.5000  -22.500012842.1025   18.4600
    7.5000   37.5000  -22.500012147.6709   18.4671
   -7.5000   45.0000  -22.500011537.4785   17.9470
    0.0000   45.0000  -22.500011958.8154   18.0040
    7.5000   45.0000  -22.500011331.8281   18.0143
   -7.5000  -45.0000  -15.0000 9263.0781   19.6326
    0.0000  -45.0000  -15.0000 9667.7139   19.6857
    7.5000  -45.0000  -15.0000 9203.8838   19.6945
   -7.5000  -37.5000  -15.000010080.9277   19.3677
    0.0000  -37.5000  -15.000010496.6143   19.4289
    7.5000  -37.5000  -15.000010000.1934   19.4377
   -7.5000  -30.0000  -15.000011285.9600   19.2282
    0.0000  -30.0000  -15.000011724.8711   19.2939
    7.5000  -30.0000  -15.000011168.7354   19.2986
   -7.5000  -22.5000  -15.000012437.6846   19.1840
    0.0000  -22.5000  -15.000012918.4912   19.2453
    7.5000  -22.5000  -15.000012332.4492   19.2454
   -7.5000  -15.0000  -15.000013490.7754   19.1404
    0.0000  -15.0000  -15.000014018.9756   19.1941
    7.5000  -15.0000  -15.000013340.4258   19.1938
   -7.5000   -7.5000  -15.000014436.6387   19.1004
    0.0000   -7.5000  -15.000015047.3916   19.1504
    7.5000   -7.5000  -15.000014258.6494   19.1556
   -7.5000    0.0000  -15.000015290.0596   19.0881
    0.0000    0.0000  -15.000015944.7480   19.1406
    7.5000    0.0000  -15.000015059.8467   19.1506
   -7.5000    7.5000  -15.000015085.4385   19.0937
    0.0000    7.5000  -15.000015698.4141   19.1541
    7.5000    7.5000  -15.000014807.2852   19.1635
   -7.5000   15.0000  -15.000014681.3857   19.1074
    0.0000   15.0000  -15.000015285.4521   19.1727
    7.5000   15.0000  -15.000014384.9072   19.1779
   -7.5000   22.5000  -15.000014047.3086   19.1111
    0.0000   22.5000  -15.000014656.8154   19.1721
    7.5000   22.5000  -15.000013773.2471   19.1725
   -7.5000   30.0000  -15.000013254.2764   18.8663
    0.0000   30.0000  -15.000013837.1045   18.9191
    7.5000   30.0000  -15.000013005.3057   18.9189
   -7.5000   37.5000  -15.000012897.6650   18.8497
    0.0000   37.5000  -15.000013442.5684   18.8990
    7.5000   37.5000  -15.000012657.2949   18.9042
   -7.5000   45.0000  -15.000012006.8867   18.3939
    0.0000   45.0000  -15.000012490.8281   18.4445
    7.5000   45.0000  -15.000011762.0830   18.4541
   -7.5000  -45.0000   -7.5000 9693.5283   19.8462
    0.0000  -45.0000   -7.500010100.9648   19.9027
    7.5000  -45.0000   -7.5000 9608.6768   19.9095
   -7.5000  -37.5000   -7.500010541.0830   19.5721
    0.0000  -37.5000   -7.500010975.8301   19.6349
    7.5000  -37.5000   -7.500010451.0811   19.6420
   -7.5000  -30.0000   -7.500011805.3887   19.4268
    0.0000  -30.0000   -7.500012281.7471   19.4926
    7.5000  -30.0000   -7.500011703.1875   19.4962
   -7.5000  -22.5000   -7.500013035.1895   19.3839
    0.0000  -22.5000   -7.500013543.9277   19.4457
    7.5000  -22.5000   -7.500012908.2510   19.4461
   -7.5000  -15.0000   -7.500014118.1865   19.3463
    0.0000  -15.0000   -7.500014688.7109   19.4021
    7.5000  -15.0000   -7.500013944.1914   19.4025
   -7.5000   -7.5000   -7.500015104.3789   19.3109
    0.0000   -7.5000   -7.500015777.6797   19.3643
    7.5000   -7.5000   -7.500014900.8135   19.3687
   -7.5000    0.0000   -7.500016031.1885   19.2959
    0.0000    0.0000   -7.500016779.1250   19.3516
    7.5000    0.0000   -7.500015756.9961   19.3598
   -7.5000    7.5000   -7.500015840.3252   19.2957
    0.0000    7.5000   -7.500016547.0059   19.3576
    7.5000    7.5000   -7.500015497.3994   19.3655
   -7.5000   15.0000   -7.500015346.4082   19.3051
    0.0000   15.0000   -7.500016018.0244   19.3705
    7.5000   15.0000   -7.500015014.0195   19.3748
   -7.5000   22.5000   -7.500014640.9434   19.3083
    0.0000   22.5000   -7.500015303.9678   19.3697
    7.5000   22.5000   -7.500014372.0439   19.3704
   -7.5000   30.0000   -7.500013835.0234   19.0692
    0.0000   30.0000   -7.500014451.8818   19.1242
    7.5000   30.0000   -7.500013586.1172   19.1247
   -7.5000   37.5000   -7.500013479.0791   19.0569
    0.0000   37.5000   -7.500014084.1260   19.1095
    7.5000   37.5000   -7.500013214.0664   19.1138
   -7.5000   45.0000   -7.500012557.1318   18.5976
    0.0000   45.0000   -7.500013112.7041   18.6513
    7.5000   45.0000   -7.500012266.2900   18.6592
   -7.5000  -45.0000    0.000010027.4463   19.8697
    0.0000  -45.0000    0.000010456.8145   19.9361
    7.5000  -45.0000    0.0000 9954.3750   19.9410
   -7.5000  -37.5000    0.000010923.4453   19.5854
    0.0000  -37.5000    0.000011373.2324   19.6562
    7.5000  -37.5000    0.000010831.6035   19.6619
   -7.5000  -30.0000    0.000012246.4922   19.4340
    0.0000  -30.0000    0.000012742.8184   19.5065
    7.5000  -30.0000    0.000012136.1777   19.5110
   -7.5000  -22.5000    0.000013504.2676   19.3947
    0.0000  -22.5000    0.000014052.9141   19.4635
    7.5000  -22.5000    0.000013356.4277   19.4670
   -7.5000  -15.0000    0.000014581.3496   19.3668
    0.0000  -15.0000    0.000015197.0078   19.4302
    7.5000  -15.0000    0.000014427.8574   19.4338
   -7.5000   -7.5000    0.000015617.8232   19.3389
    0.0000   -7.5000    0.000016342.9385   19.4012
    7.5000   -7.5000    0.000015436.2881   19.4061
   -7.5000    0.0000    0.000016706.6406   19.3195
    0.0000    0.0000    0.000017576.7910   19.3846
    7.5000    0.0000    0.000016427.0098   19.3911
   -7.5000    7.5000    0.000016526.7988   19.3093
    0.0000    7.5000    0.000017347.0469   19.3791
    7.5000    7.5000    0.000016181.7227   19.3856
   -7.5000   15.0000    0.000015943.1152   19.3130
    0.0000   15.0000    0.000016686.5254   19.3851
    7.5000   15.0000    0.000015645.0537   19.3902
   -7.5000   22.5000    0.000015166.7529   19.3192
    0.0000   22.5000    0.000015904.7305   19.3875
    7.5000   22.5000    0.000014922.6533   19.3913
   -7.5000   30.0000    0.000014366.6445   19.0904
    0.0000   30.0000    0.000015067.3359   19.1529
    7.5000   30.0000    0.000014106.9717   19.1566
   -7.5000   37.5000    0.000014025.8506   19.0850
    0.0000   37.5000    0.000014694.8496   19.1465
    7.5000   37.5000    0.000013699.0029   19.1513
   -7.5000   45.0000    0.000013050.8457   18.6218
    0.0000   45.0000    0.000013642.7480   18.6845
    7.5000   45.0000    0.000012704.1396   18.6907
   -7.5000  -45.0000    7.5000 9560.1436   19.8733
    0.0000  -45.0000    7.5000 9986.1016   19.9480
    7.5000  -45.0000    7.5000 9505.7393   19.9526
   -7.5000  -37.5000    7.500010433.5449   19.5834
    0.0000  -37.5000    7.500010898.1641   19.6628
    7.5000  -37.5000    7.500010349.3564   19.6688
   -7.5000  -30.0000    7.500011689.5586   19.4308
    0.0000  -30.0000    7.500012191.1191   19.5121
    7.5000  -30.0000    7.500011621.0771   19.5187
   -7.5000  -22.5000    7.500012920.6436   19.3960
    0.0000  -22.5000    7.500013454.6240   19.4730
    7.5000  -22.5000    7.500012812.1309   19.4794
   -7.5000  -15.0000    7.500013981.1777   19.3731
    0.0000  -15.0000    7.500014558.0166   19.4441
    7.5000  -15.0000    7.500013866.6836   19.4497
   -7.5000   -7.5000    7.500015009.0996   19.3470
    0.0000   -7.5000    7.500015633.2295   19.4167
    7.5000   -7.5000    7.500014875.2607   19.4223
   -7.5000    0.0000    7.500016085.9150   19.3234
    0.0000    0.0000    7.500016912.3809   19.3965
    7.5000    0.0000    7.500015843.1191   19.4027
   -7.5000    7.5000    7.500015951.3330   19.3074
    0.0000    7.5000    7.500016794.2852   19.3855
    7.5000    7.5000    7.500015642.3037   19.3923
   -7.5000   15.0000    7.500015426.5029   19.3102
    0.0000   15.0000    7.500016252.7061   19.3910
    7.5000   15.0000    7.500015151.8936   19.3981
   -7.5000   22.5000    7.500014669.0166   19.3203
    0.0000   22.5000    7.500015485.9209   19.3969
    7.5000   22.5000    7.500014411.3633   19.4036
   -7.5000   30.0000    7.500013842.0664   19.0966
    0.0000   30.0000    7.500014596.5195   19.1665
    7.5000   30.0000    7.500013582.4834   19.1722
   -7.5000   37.5000    7.500013456.9648   19.0932
    0.0000   37.5000    7.500014134.3135   19.1620
    7.5000   37.5000    7.500013169.6348   19.1675
   -7.5000   45.0000    7.500012461.4219   18.6255
    0.0000   45.0000    7.500013040.6484   18.6960
    7.5000   45.0000    7.500012197.9395   18.7019
   -7.5000  -45.0000   15.0000 9020.2959   19.9064
    0.0000  -45.0000   15.0000 9421.3096   19.9801
    7.5000  -45.0000   15.0000 8977.2666   19.9873
   -7.5000  -37.5000   15.0000 9851.1455   19.6223
    0.0000  -37.5000   15.000010270.3574   19.7023
    7.5000  -37.5000   15.0000 9777.3691   19.7110
   -7.5000  -30.0000   15.000011043.8320   19.4756
    0.0000  -30.0000   15.000011487.7451   19.5589
    7.5000  -30.0000   15.000010972.5762   19.5673
   -7.5000  -22.5000   15.000012232.8770   19.4412
    0.0000  -22.5000   15.000012717.0049   19.5199
    7.5000  -22.5000   15.000012126.3965   19.5266
   -7.5000  -15.0000   15.000013278.4795   19.4121
    0.0000  -15.0000   15.000013820.4902   19.4831
    7.5000  -15.0000   15.000013171.2363   19.4890
   -7.5000   -7.5000   15.000014313.5869   19.3787
    0.0000   -7.5000   15.000014931.8574   19.4472
    7.5000   -7.5000   15.000014186.2607   19.4545
   -7.5000    0.0000   15.000015330.4482   19.3551
    0.0000    0.0000   15.000016106.9697   19.4272
    7.5000    0.0000   15.000015118.3574   19.4359
   -7.5000    7.5000   15.000015113.2754   19.3451
    0.0000    7.5000   15.000015881.0039   19.4239
    7.5000    7.5000   15.000014876.0830   19.4331
   -7.5000   15.0000   15.000014567.8135   19.3544
    0.0000   15.0000   15.000015308.7588   19.4371
    7.5000   15.0000   15.000014369.6670   19.4461
   -7.5000   22.5000   15.000013858.7002   19.3652
    0.0000   22.5000   15.000014544.7939   19.4434
    7.5000   22.5000   15.000013664.3096   19.4505
   -7.5000   30.0000   15.000013068.7002   19.1345
    0.0000   30.0000   15.000013711.3926   19.2043
    7.5000   30.0000   15.000012905.2676   19.2103
   -7.5000   37.5000   15.000012698.2227   19.1246
    0.0000   37.5000   15.000013291.7090   19.1922
    7.5000   37.5000   15.000012535.7598   19.1993
   -7.5000   45.0000   15.000011742.4453   18.6561
    0.0000   45.0000   15.000012277.7695   18.7256
    7.5000   45.0000   15.000011582.2520   18.7340
   -7.5000  -45.0000   22.5000 8407.7471   19.9741
    0.0000  -45.0000   22.5000 8794.6338   20.0366
    7.5000  -45.0000   22.5000 8359.9365   20.0458
   -7.5000  -37.5000   22.5000 9202.3330   19.6998
    0.0000  -37.5000   22.5000 9615.7324   19.7707
    7.5000  -37.5000   22.5000 9128.6250   19.7802
   -7.5000  -30.0000   22.500010355.6982   19.5576
    0.0000  -30.0000   22.500010779.7637   19.6330
    7.5000  -30.0000   22.500010270.4014   19.6398
   -7.5000  -22.5000   22.500011503.7578   19.5166
    0.0000  -22.5000   22.500011956.1885   19.5872
    7.5000  -22.5000   22.500011399.8818   19.5903
   -7.5000  -15.0000   22.500012538.8779   19.4760
    0.0000  -15.0000   22.500013039.7686   19.5380
    7.5000  -15.0000   22.500012435.1328   19.5405
   -7.5000   -7.5000   22.500013517.0986   19.4357
    0.0000   -7.5000   22.500014075.0557   19.4940
    7.5000   -7.5000   22.500013403.2559   19.5008
   -7.5000    0.0000   22.500014384.4307   19.4189
    0.0000    0.0000   22.500015037.3232   19.4804
    7.5000    0.0000   22.500014232.2441   19.4909
   -7.5000    7.5000   22.500014117.0391   19.4204
    0.0000    7.5000   22.500014737.0410   19.4901
    7.5000    7.5000   22.500013974.6250   19.5003
   -7.5000   15.0000   22.500013601.7168   19.4347
    0.0000   15.0000   22.500014189.3057   19.5097
    7.5000   15.0000   22.500013479.7871   19.5170
   -7.5000   22.5000   22.500012929.2168   19.4400
    0.0000   22.5000   22.500013493.9414   19.5103
    7.5000   22.5000   22.500012811.1572   19.5136
   -7.5000   30.0000   22.500012213.2607   19.1969
    0.0000   30.0000   22.500012744.6963   19.2579
    7.5000   30.0000   22.500012101.0059   19.2604
   -7.5000   37.5000   22.500011895.8408   19.1808
    0.0000   37.5000   22.500012410.8086   19.2382
    7.5000   37.5000   22.500011771.3096   19.2450
   -7.5000   45.0000   22.500011009.2236   18.7176
    0.0000   45.0000   22.500011481.1328   18.7769
    7.5000   45.0000   22.500010871.3701   18.7870
   -7.5000  -45.0000   30.0000 7724.6787   20.1836
    0.0000  -45.0000   30.0000 8084.1641   20.2380
    7.5000  -45.0000   30.0000 7673.3560   20.2453
   -7.5000  -37.5000   30.0000 8478.8096   19.9077
    0.0000  -37.5000   30.0000 8858.9980   19.9705
    7.5000  -37.5000   30.0000 8419.3252   19.9780
   -7.5000  -30.0000   30.0000 9562.2363   19.7624
    0.0000  -30.0000   30.0000 9969.0410   19.8299
    7.5000  -30.0000   30.0000 9496.7432   19.8330
   -7.5000  -22.5000   30.000010627.7070   19.7161
    0.0000  -22.5000   30.000011059.4004   19.7788
    7.5000  -22.5000   30.000010538.3486   19.7771
   -7.5000  -15.0000   30.000011597.0449   19.6705
    0.0000  -15.0000   30.000012049.1641   19.7253
    7.5000  -15.0000   30.000011498.1855   19.7232
   -7.5000   -7.5000   30.000012498.2139   19.6288
    0.0000   -7.5000   30.000012998.5820   19.6798
    7.5000   -7.5000   30.000012389.4717   19.6835
   -7.5000    0.0000   30.000013267.4395   19.6161
    0.0000    0.0000   30.000013837.5068   19.6699
    7.5000    0.0000   30.000013168.6484   19.6787
   -7.5000    7.5000   30.000013021.7959   19.6222
    0.0000    7.5000   30.000013561.4658   19.6842
    7.5000    7.5000   30.000012925.6777   19.6923
   -7.5000   15.0000   30.000012558.4590   19.6365
    0.0000   15.0000   30.000013086.9404   19.7035
    7.5000   15.0000   30.000012462.9141   19.7072
   -7.5000   22.5000   30.000011976.6807   19.6382
    0.0000   22.5000   30.000012473.2314   19.7006
    7.5000   22.5000   30.000011871.9062   19.6992
   -7.5000   30.0000   30.000011328.4668   19.3884
    0.0000   30.0000   30.000011822.0635   19.4423
    7.5000   30.0000   30.000011235.9395   19.4403
   -7.5000   37.5000   30.000011034.1504   19.3711
    0.0000   37.5000   30.000011509.4658   19.4214
    7.5000   37.5000   30.000010917.0391   19.4251
   -7.5000   45.0000   30.000010223.6953   18.9077
    0.0000   45.0000   30.000010649.9014   18.9595
    7.5000   45.0000   30.000010098.0654   18.9680
   -7.5000  -45.0000   37.5000 7262.4033   20.5122
    0.0000  -45.0000   37.5000 7619.9976   20.5702
    7.5000  -45.0000   37.5000 7222.8599   20.5755
   -7.5000  -37.5000   37.5000 7988.9429   20.2208
    0.0000  -37.5000   37.5000 8380.7090   20.2855
    7.5000  -37.5000   37.5000 7939.4717   20.2912
   -7.5000  -30.0000   37.5000 9008.3340   20.0665
    0.0000  -30.0000   37.5000 9431.2432   20.1343
    7.5000  -30.0000   37.5000 8960.2217   20.1364
   -7.5000  -22.5000   37.500010008.9209   20.0207
    0.0000  -22.5000   37.500010440.9795   20.0841
    7.5000  -22.5000   37.5000 9948.0547   20.0826
   -7.5000  -15.0000   37.500010933.9248   19.9802
    0.0000  -15.0000   37.500011370.1123   20.0372
    7.5000  -15.0000   37.500010846.8857   20.0356
   -7.5000   -7.5000   37.500011807.7422   19.9421
    0.0000   -7.5000   37.500012283.3428   19.9966
    7.5000   -7.5000   37.500011717.2451   19.9993
   -7.5000    0.0000   37.500012580.6289   19.9260
    0.0000    0.0000   37.500013090.1211   19.9833
    7.5000    0.0000   37.500012484.6201   19.9900
   -7.5000    7.5000   37.500012362.3213   19.9264
    0.0000    7.5000   37.500012860.7178   19.9903
    7.5000    7.5000   37.500012280.8232   19.9968
   -7.5000   15.0000   37.500011954.7051   19.9369
    0.0000   15.0000   37.500012429.5928   20.0044
    7.5000   15.0000   37.500011856.1113   20.0071
   -7.5000   22.5000   37.500011396.2314   19.9406
    0.0000   22.5000   37.500011843.5977   20.0035
    7.5000   22.5000   37.500011297.5264   20.0025
   -7.5000   30.0000   37.500010794.7490   19.6938
    0.0000   30.0000   37.500011224.8135   19.7498
    7.5000   30.0000   37.500010704.0215   19.7484
   -7.5000   37.5000   37.500010547.5449   19.6801
    0.0000   37.5000   37.500010976.9971   19.7339
    7.5000   37.5000   37.500010431.1885   19.7365
   -7.5000   45.0000   37.5000 9804.6797   19.2064
    0.0000   45.0000   37.500010208.5029   19.2616
    7.5000   45.0000   37.5000 9675.5371   19.2681
   -7.5000  -45.0000   45.0000 6463.0298   20.9137
    0.0000  -45.0000   45.0000 6794.4077   20.9837
    7.5000  -45.0000   45.0000 6437.4561   20.9855
   -7.5000  -37.5000   45.0000 7121.7402   20.5943
    0.0000  -37.5000   45.0000 7458.9102   20.6700
    7.5000  -37.5000   45.0000 7065.8945   20.6736
   -7.5000  -30.0000   45.0000 8039.1001   20.4239
    0.0000  -30.0000   45.0000 8401.3604   20.5021
    7.5000  -30.0000   45.0000 7992.0981   20.5052
   -7.5000  -22.5000   45.0000 8932.0117   20.3811
    0.0000  -22.5000   45.0000 9317.0752   20.4548
    7.5000  -22.5000   45.0000 8887.0898   20.4566
   -7.5000  -15.0000   45.0000 9769.8428   20.3527
    0.0000  -15.0000   45.000010157.5156   20.4197
    7.5000  -15.0000   45.0000 9705.4551   20.4208
   -7.5000   -7.5000   45.000010610.9707   20.3235
    0.0000   -7.5000   45.000011017.0117   20.3887
    7.5000   -7.5000   45.000010506.6953   20.3906
   -7.5000    0.0000   45.000011340.4902   20.3011
    0.0000    0.0000   45.000011791.1973   20.3697
    7.5000    0.0000   45.000011243.4717   20.3734
   -7.5000    7.5000   45.000011172.2334   20.2872
    0.0000    7.5000   45.000011611.0186   20.3618
    7.5000    7.5000   45.000011089.7666   20.3664
   -7.5000   15.0000   45.000010819.3789   20.2894
    0.0000   15.0000   45.000011238.5137   20.3671
    7.5000   15.0000   45.000010728.4434   20.3709
   -7.5000   22.5000   45.000010328.8467   20.2976
    0.0000   22.5000   45.000010751.0889   20.3708
    7.5000   22.5000   45.000010243.5898   20.3730
   -7.5000   30.0000   45.0000 9800.9541   20.0590
    0.0000   30.0000   45.000010195.1719   20.1249
    7.5000   30.0000   45.0000 9713.6250   20.1262
   -7.5000   37.5000   45.0000 9587.3535   20.0547
    0.0000   37.5000   45.0000 9988.3730   20.1190
    7.5000   37.5000   45.0000 9492.5322   20.1209
   -7.5000   45.0000   45.0000 8951.3379   19.5768
    0.0000   45.0000   45.0000 9319.8174   19.6429
    7.5000   45.0000   45.0000 8836.4414   19.6465

---------------------------------------------------------------------
imgreg_4dfp /opt/freesurfer/average/711-2C_as_mni_average_305 /opt/freesurfer/average/711-2B_as_mni_average_305_mask talsrcimg_g11 none talsrcimg_to_711-2C_as_mni_average_305_t4 4355
---------------------------------------------------------------------

freesurfer imgreg_4dfp.c
/opt/freesurfer/average/711-2C_as_mni_average_305.4dfp.img
       256       256       256         1
  1.000000  1.000000  1.000000
orientation T byte_order littleendian
Reading image: /opt/freesurfer/average/711-2C_as_mni_average_305.4dfp.img
dimensions:      256       256       256
mmppix:       1.0000   -1.0000   -1.0000
center:     128.0000 -129.0000 -129.0000
/opt/freesurfer/average/711-2B_as_mni_average_305_mask.4dfp.img
       256       256       256         1
  1.000000  1.000000  1.000000
orientation T byte_order littleendian
Reading mask: /opt/freesurfer/average/711-2B_as_mni_average_305_mask.4dfp.img (2306576 pixels)
talsrcimg_g11.4dfp.img
       256       256       256         1
  1.000000  1.000000  1.000000
orientation T byte_order littleendian
Reading image: talsrcimg_g11.4dfp.img
dimensions:      256       256       256
mmppix:       1.0000   -1.0000   -1.0000
center:     128.0000 -129.0000 -129.0000
rotation matrix determinant  1.000000
image alignment mode   4355 decimal     1103 hex
   -7.5000  -45.0000  -45.0000 1988.2853   21.6907
    0.0000  -45.0000  -45.0000 2000.1798   21.8028
    7.5000  -45.0000  -45.0000 1981.7344   21.9731
   -7.5000  -37.5000  -45.0000 2093.7097   19.4221
    0.0000  -37.5000  -45.0000 2107.2644   19.5101
    7.5000  -37.5000  -45.0000 2089.5872   19.6484
   -7.5000  -30.0000  -45.0000 2192.3389   17.6025
    0.0000  -30.0000  -45.0000 2200.7664   17.6331
    7.5000  -30.0000  -45.0000 2192.0713   17.7784
   -7.5000  -22.5000  -45.0000 2280.7588   16.1840
    0.0000  -22.5000  -45.0000 2286.4414   16.1810
    7.5000  -22.5000  -45.0000 2274.2195   16.3202
   -7.5000  -15.0000  -45.0000 2347.9565   15.2082
    0.0000  -15.0000  -45.0000 2354.7507   15.1759
    7.5000  -15.0000  -45.0000 2339.3892   15.3489
   -7.5000   -7.5000  -45.0000 2397.5933   14.6373
    0.0000   -7.5000  -45.0000 2408.9238   14.5594
    7.5000   -7.5000  -45.0000 2388.3618   14.7712
   -7.5000    0.0000  -45.0000 2425.5701   14.4013
    0.0000    0.0000  -45.0000 2434.9197   14.3040
    7.5000    0.0000  -45.0000 2415.7297   14.4646
   -7.5000    7.5000  -45.0000 2432.8416   14.3935
    0.0000    7.5000  -45.0000 2441.2874   14.2875
    7.5000    7.5000  -45.0000 2421.4316   14.4687
   -7.5000   15.0000  -45.0000 2423.9224   14.6094
    0.0000   15.0000  -45.0000 2435.6775   14.5110
    7.5000   15.0000  -45.0000 2415.0667   14.6979
   -7.5000   22.5000  -45.0000 2402.3335   15.0847
    0.0000   22.5000  -45.0000 2412.8699   15.0128
    7.5000   22.5000  -45.0000 2391.3140   15.2037
   -7.5000   30.0000  -45.0000 2354.6230   15.8371
    0.0000   30.0000  -45.0000 2365.9031   15.8039
    7.5000   30.0000  -45.0000 2341.9387   15.9708
   -7.5000   37.5000  -45.0000 2281.3606   16.8413
    0.0000   37.5000  -45.0000 2294.1321   16.8145
    7.5000   37.5000  -45.0000 2275.1008   16.9716
   -7.5000   45.0000  -45.0000 2194.2871   18.1460
    0.0000   45.0000  -45.0000 2206.6990   18.1289
    7.5000   45.0000  -45.0000 2188.8271   18.2791
   -7.5000  -45.0000  -37.5000 2033.3248   20.6718
    0.0000  -45.0000  -37.5000 2044.3676   20.7440
    7.5000  -45.0000  -37.5000 2028.1550   20.9615
   -7.5000  -37.5000  -37.5000 2147.9790   18.4905
    0.0000  -37.5000  -37.5000 2154.9209   18.5089
    7.5000  -37.5000  -37.5000 2142.2310   18.7041
   -7.5000  -30.0000  -37.5000 2254.7100   16.7359
    0.0000  -30.0000  -37.5000 2260.7158   16.7343
    7.5000  -30.0000  -37.5000 2246.8215   16.8947
   -7.5000  -22.5000  -37.5000 2345.1885   15.3759
    0.0000  -22.5000  -37.5000 2352.0530   15.3505
    7.5000  -22.5000  -37.5000 2335.6909   15.5047
   -7.5000  -15.0000  -37.5000 2413.3357   14.3780
    0.0000  -15.0000  -37.5000 2428.4878   14.3465
    7.5000  -15.0000  -37.5000 2406.5381   14.5137
   -7.5000   -7.5000  -37.5000 2483.3569   13.7453
    0.0000   -7.5000  -37.5000 2497.4895   13.6703
    7.5000   -7.5000  -37.5000 2474.4539   13.8509
   -7.5000    0.0000  -37.5000 2517.5471   13.4221
    0.0000    0.0000  -37.5000 2530.4272   13.3155
    7.5000    0.0000  -37.5000 2510.5803   13.4836
   -7.5000    7.5000  -37.5000 2528.2424   13.3708
    0.0000    7.5000  -37.5000 2538.3005   13.2661
    7.5000    7.5000  -37.5000 2523.0181   13.4474
   -7.5000   15.0000  -37.5000 2522.3301   13.6034
    0.0000   15.0000  -37.5000 2532.7886   13.4836
    7.5000   15.0000  -37.5000 2512.3262   13.7182
   -7.5000   22.5000  -37.5000 2499.7791   14.0760
    0.0000   22.5000  -37.5000 2510.0305   13.9917
    7.5000   22.5000  -37.5000 2487.5935   14.2181
   -7.5000   30.0000  -37.5000 2449.2478   14.7777
    0.0000   30.0000  -37.5000 2460.5286   14.7246
    7.5000   30.0000  -37.5000 2436.8503   14.9223
   -7.5000   37.5000  -37.5000 2375.1646   15.6573
    0.0000   37.5000  -37.5000 2387.1221   15.6482
    7.5000   37.5000  -37.5000 2366.0278   15.8329
   -7.5000   45.0000  -37.5000 2280.9089   16.8126
    0.0000   45.0000  -37.5000 2297.1218   16.8196
    7.5000   45.0000  -37.5000 2275.1892   16.9748
   -7.5000  -45.0000  -30.0000 2114.1897   20.5002
    0.0000  -45.0000  -30.0000 2123.3999   20.5170
    7.5000  -45.0000  -30.0000 2109.9841   20.7773
   -7.5000  -37.5000  -30.0000 2236.3499   18.2898
    0.0000  -37.5000  -30.0000 2246.8911   18.2742
    7.5000  -37.5000  -30.0000 2228.8655   18.5282
   -7.5000  -30.0000  -30.0000 2348.5171   16.5639
    0.0000  -30.0000  -30.0000 2358.5898   16.5062
    7.5000  -30.0000  -30.0000 2336.2666   16.7025
   -7.5000  -22.5000  -30.0000 2445.3032   15.1627
    0.0000  -22.5000  -30.0000 2459.0234   15.1266
    7.5000  -22.5000  -30.0000 2436.4438   15.2882
   -7.5000  -15.0000  -30.0000 2526.4014   14.0935
    0.0000  -15.0000  -30.0000 2537.2068   14.0593
    7.5000  -15.0000  -30.0000 2518.3726   14.2218
   -7.5000   -7.5000  -30.0000 2603.6958   13.3860
    0.0000   -7.5000  -30.0000 2615.3408   13.3229
    7.5000   -7.5000  -30.0000 2594.1204   13.4770
   -7.5000    0.0000  -30.0000 2656.2820   13.0130
    0.0000    0.0000  -30.0000 2668.5039   12.9288
    7.5000    0.0000  -30.0000 2645.8953   13.0725
   -7.5000    7.5000  -30.0000 2671.0850   12.9363
    0.0000    7.5000  -30.0000 2683.1782   12.8498
    7.5000    7.5000  -30.0000 2665.2253   12.9862
   -7.5000   15.0000  -30.0000 2666.0986   13.1848
    0.0000   15.0000  -30.0000 2678.6326   13.1025
    7.5000   15.0000  -30.0000 2656.2881   13.2833
   -7.5000   22.5000  -30.0000 2643.5129   13.6469
    0.0000   22.5000  -30.0000 2654.3813   13.5963
    7.5000   22.5000  -30.0000 2630.1755   13.7931
   -7.5000   30.0000  -30.0000 2593.3313   14.3214
    0.0000   30.0000  -30.0000 2605.9546   14.2752
    7.5000   30.0000  -30.0000 2578.8672   14.4778
   -7.5000   37.5000  -30.0000 2514.8499   15.1760
    0.0000   37.5000  -30.0000 2529.3755   15.1337
    7.5000   37.5000  -30.0000 2502.5261   15.3391
   -7.5000   45.0000  -30.0000 2414.8508   16.2705
    0.0000   45.0000  -30.0000 2427.5923   16.2439
    7.5000   45.0000  -30.0000 2403.5334   16.4275
   -7.5000  -45.0000  -22.5000 2169.7681   20.1985
    0.0000  -45.0000  -22.5000 2179.1062   20.1974
    7.5000  -45.0000  -22.5000 2162.2673   20.4449
   -7.5000  -37.5000  -22.5000 2291.5903   18.0049
    0.0000  -37.5000  -22.5000 2304.4890   17.9877
    7.5000  -37.5000  -22.5000 2285.7192   18.2244
   -7.5000  -30.0000  -22.5000 2413.4031   16.2802
    0.0000  -30.0000  -22.5000 2426.5894   16.2182
    7.5000  -30.0000  -22.5000 2401.2688   16.3901
   -7.5000  -22.5000  -22.5000 2515.8767   14.8365
    0.0000  -22.5000  -22.5000 2527.2068   14.7689
    7.5000  -22.5000  -22.5000 2508.6875   14.9714
   -7.5000  -15.0000  -22.5000 2607.8152   13.7496
    0.0000  -15.0000  -22.5000 2618.5317   13.6624
    7.5000  -15.0000  -22.5000 2603.6633   13.8629
   -7.5000   -7.5000  -22.5000 2686.0081   13.0026
    0.0000   -7.5000  -22.5000 2700.2776   12.9306
    7.5000   -7.5000  -22.5000 2681.2910   13.0850
   -7.5000    0.0000  -22.5000 2750.4060   12.5781
    0.0000    0.0000  -22.5000 2764.8618   12.5038
    7.5000    0.0000  -22.5000 2739.5676   12.6206
   -7.5000    7.5000  -22.5000 2779.7664   12.4499
    0.0000    7.5000  -22.5000 2795.3335   12.3915
    7.5000    7.5000  -22.5000 2767.7056   12.5136
   -7.5000   15.0000  -22.5000 2783.1240   12.6924
    0.0000   15.0000  -22.5000 2796.9507   12.6288
    7.5000   15.0000  -22.5000 2773.1345   12.7974
   -7.5000   22.5000  -22.5000 2760.6326   13.1683
    0.0000   22.5000  -22.5000 2775.9055   13.1118
    7.5000   22.5000  -22.5000 2748.6802   13.2871
   -7.5000   30.0000  -22.5000 2709.1226   13.8299
    0.0000   30.0000  -22.5000 2724.7661   13.7590
    7.5000   30.0000  -22.5000 2692.6667   13.9605
   -7.5000   37.5000  -22.5000 2627.4209   14.6468
    0.0000   37.5000  -22.5000 2641.1436   14.5770
    7.5000   37.5000  -22.5000 2611.5190   14.7736
   -7.5000   45.0000  -22.5000 2519.1704   15.7159
    0.0000   45.0000  -22.5000 2531.4377   15.6526
    7.5000   45.0000  -22.5000 2503.9421   15.8534
   -7.5000  -45.0000  -15.0000 2185.4854   19.9538
    0.0000  -45.0000  -15.0000 2195.9585   19.9479
    7.5000  -45.0000  -15.0000 2176.9446   20.1986
   -7.5000  -37.5000  -15.0000 2314.5488   17.7625
    0.0000  -37.5000  -15.0000 2323.5151   17.7385
    7.5000  -37.5000  -15.0000 2307.6799   17.9296
   -7.5000  -30.0000  -15.0000 2437.7363   15.9760
    0.0000  -30.0000  -15.0000 2447.6675   15.9122
    7.5000  -30.0000  -15.0000 2427.6802   16.0810
   -7.5000  -22.5000  -15.0000 2547.9844   14.5227
    0.0000  -22.5000  -15.0000 2558.4622   14.4529
    7.5000  -22.5000  -15.0000 2546.6021   14.6582
   -7.5000  -15.0000  -15.0000 2649.3235   13.4389
    0.0000  -15.0000  -15.0000 2662.2754   13.3795
    7.5000  -15.0000  -15.0000 2642.8660   13.5625
   -7.5000   -7.5000  -15.0000 2727.8716   12.6649
    0.0000   -7.5000  -15.0000 2746.3389   12.6132
    7.5000   -7.5000  -15.0000 2723.7869   12.7556
   -7.5000    0.0000  -15.0000 2792.5823   12.2236
    0.0000    0.0000  -15.0000 2814.1433   12.1796
    7.5000    0.0000  -15.0000 2782.8242   12.2842
   -7.5000    7.5000  -15.0000 2845.4888   12.0488
    0.0000    7.5000  -15.0000 2866.2415   11.9980
    7.5000    7.5000  -15.0000 2828.8762   12.1373
   -7.5000   15.0000  -15.0000 2861.4709   12.2478
    0.0000   15.0000  -15.0000 2875.9780   12.1969
    7.5000   15.0000  -15.0000 2844.3108   12.3506
   -7.5000   22.5000  -15.0000 2844.8469   12.7316
    0.0000   22.5000  -15.0000 2860.9602   12.6555
    7.5000   22.5000  -15.0000 2829.5757   12.8270
   -7.5000   30.0000  -15.0000 2788.3394   13.3856
    0.0000   30.0000  -15.0000 2802.9985   13.3117
    7.5000   30.0000  -15.0000 2771.7898   13.4748
   -7.5000   37.5000  -15.0000 2697.6484   14.1638
    0.0000   37.5000  -15.0000 2715.4304   14.1064
    7.5000   37.5000  -15.0000 2682.2832   14.2843
   -7.5000   45.0000  -15.0000 2580.3408   15.2363
    0.0000   45.0000  -15.0000 2598.3848   15.1557
    7.5000   45.0000  -15.0000 2565.5901   15.3772
   -7.5000  -45.0000   -7.5000 2177.1912   19.8247
    0.0000  -45.0000   -7.5000 2188.4153   19.7798
    7.5000  -45.0000   -7.5000 2168.7231   20.0601
   -7.5000  -37.5000   -7.5000 2305.3291   17.5753
    0.0000  -37.5000   -7.5000 2317.7561   17.5474
    7.5000  -37.5000   -7.5000 2298.0642   17.7334
   -7.5000  -30.0000   -7.5000 2432.0754   15.7368
    0.0000  -30.0000   -7.5000 2447.5891   15.6860
    7.5000  -30.0000   -7.5000 2429.6582   15.8724
   -7.5000  -22.5000   -7.5000 2554.1294   14.2963
    0.0000  -22.5000   -7.5000 2566.4285   14.2295
    7.5000  -22.5000   -7.5000 2552.7681   14.4313
   -7.5000  -15.0000   -7.5000 2656.9260   13.1985
    0.0000  -15.0000   -7.5000 2669.9492   13.1333
    7.5000  -15.0000   -7.5000 2651.7356   13.3255
   -7.5000   -7.5000   -7.5000 2745.2317   12.3957
    0.0000   -7.5000   -7.5000 2762.0618   12.3684
    7.5000   -7.5000   -7.5000 2739.5764   12.5140
   -7.5000    0.0000   -7.5000 2810.0442   11.9666
    0.0000    0.0000   -7.5000 2832.9399   11.9474
    7.5000    0.0000   -7.5000 2801.7041   12.0466
   -7.5000    7.5000   -7.5000 2874.1921   11.8167
    0.0000    7.5000   -7.5000 2895.8926   11.7760
    7.5000    7.5000   -7.5000 2856.0642   11.8915
   -7.5000   15.0000   -7.5000 2902.4072   11.9192
    0.0000   15.0000   -7.5000 2920.8647   11.8701
    7.5000   15.0000   -7.5000 2879.6069   12.0275
   -7.5000   22.5000   -7.5000 2884.3162   12.3374
    0.0000   22.5000   -7.5000 2902.9521   12.2813
    7.5000   22.5000   -7.5000 2867.0566   12.4356
   -7.5000   30.0000   -7.5000 2824.8887   12.9768
    0.0000   30.0000   -7.5000 2842.7502   12.9179
    7.5000   30.0000   -7.5000 2805.1423   13.0876
   -7.5000   37.5000   -7.5000 2735.7688   13.7729
    0.0000   37.5000   -7.5000 2755.7439   13.7078
    7.5000   37.5000   -7.5000 2716.4468   13.9162
   -7.5000   45.0000   -7.5000 2612.5640   14.8032
    0.0000   45.0000   -7.5000 2630.2615   14.7303
    7.5000   45.0000   -7.5000 2594.5215   14.9625
   -7.5000  -45.0000    0.0000 2151.1736   19.9733
    0.0000  -45.0000    0.0000 2164.9905   19.8958
    7.5000  -45.0000    0.0000 2146.5227   20.1668
   -7.5000  -37.5000    0.0000 2278.8645   17.6316
    0.0000  -37.5000    0.0000 2293.1931   17.5498
    7.5000  -37.5000    0.0000 2277.9231   17.7731
   -7.5000  -30.0000    0.0000 2407.6785   15.7172
    0.0000  -30.0000    0.0000 2420.9885   15.6507
    7.5000  -30.0000    0.0000 2408.7151   15.8624
   -7.5000  -22.5000    0.0000 2532.2478   14.2429
    0.0000  -22.5000    0.0000 2543.8250   14.2006
    7.5000  -22.5000    0.0000 2531.4575   14.3932
   -7.5000  -15.0000    0.0000 2635.6567   13.1189
    0.0000  -15.0000    0.0000 2650.3057   13.0899
    7.5000  -15.0000    0.0000 2633.1353   13.2668
   -7.5000   -7.5000    0.0000 2733.3770   12.3230
    0.0000   -7.5000    0.0000 2750.1021   12.3036
    7.5000   -7.5000    0.0000 2726.3501   12.4690
   -7.5000    0.0000    0.0000 2812.1370   11.9006
    0.0000    0.0000    0.0000 2827.9753   11.8810
    7.5000    0.0000    0.0000 2805.6101   11.9932
   -7.5000    7.5000    0.0000 2876.4744   11.8299
    0.0000    7.5000    0.0000 2898.1184   11.8192
    7.5000    7.5000    0.0000 2859.2637   11.8872
   -7.5000   15.0000    0.0000 2907.1816   11.8622
    0.0000   15.0000    0.0000 2929.8130   11.8486
    7.5000   15.0000    0.0000 2882.1455   11.9779
   -7.5000   22.5000    0.0000 2886.1531   12.1650
    0.0000   22.5000    0.0000 2909.3770   12.1459
    7.5000   22.5000    0.0000 2866.4531   12.3011
   -7.5000   30.0000    0.0000 2828.4810   12.7598
    0.0000   30.0000    0.0000 2845.8633   12.7183
    7.5000   30.0000    0.0000 2807.8596   12.8907
   -7.5000   37.5000    0.0000 2738.2593   13.5817
    0.0000   37.5000    0.0000 2755.0205   13.5342
    7.5000   37.5000    0.0000 2718.9565   13.6928
   -7.5000   45.0000    0.0000 2616.5190   14.6025
    0.0000   45.0000    0.0000 2632.6387   14.5573
    7.5000   45.0000    0.0000 2599.0691   14.7389
   -7.5000  -45.0000    7.5000 2111.0696   20.3942
    0.0000  -45.0000    7.5000 2122.9443   20.3439
    7.5000  -45.0000    7.5000 2109.3572   20.6129
   -7.5000  -37.5000    7.5000 2236.5125   17.9260
    0.0000  -37.5000    7.5000 2251.3108   17.8721
    7.5000  -37.5000    7.5000 2236.2498   18.1000
   -7.5000  -30.0000    7.5000 2362.2993   15.9237
    0.0000  -30.0000    7.5000 2378.3718   15.8750
    7.5000  -30.0000    7.5000 2366.2859   16.1276
   -7.5000  -22.5000    7.5000 2486.2634   14.4324
    0.0000  -22.5000    7.5000 2500.8652   14.3596
    7.5000  -22.5000    7.5000 2486.4519   14.6187
   -7.5000  -15.0000    7.5000 2594.2271   13.3003
    0.0000  -15.0000    7.5000 2611.9023   13.2408
    7.5000  -15.0000    7.5000 2595.1245   13.4765
   -7.5000   -7.5000    7.5000 2699.6660   12.5061
    0.0000   -7.5000    7.5000 2709.9590   12.4348
    7.5000   -7.5000    7.5000 2694.0417   12.6794
   -7.5000    0.0000    7.5000 2786.3987   12.1169
    0.0000    0.0000    7.5000 2800.5283   12.0712
    7.5000    0.0000    7.5000 2779.3027   12.2495
   -7.5000    7.5000    7.5000 2852.9890   12.0243
    0.0000    7.5000    7.5000 2875.1235   12.0575
    7.5000    7.5000    7.5000 2836.8608   12.0966
   -7.5000   15.0000    7.5000 2882.2971   12.0453
    0.0000   15.0000    7.5000 2908.8018   12.0761
    7.5000   15.0000    7.5000 2860.3777   12.1681
   -7.5000   22.5000    7.5000 2860.7021   12.2764
    0.0000   22.5000    7.5000 2889.1238   12.2922
    7.5000   22.5000    7.5000 2844.6658   12.3933
   -7.5000   30.0000    7.5000 2804.6201   12.8132
    0.0000   30.0000    7.5000 2821.7214   12.7928
    7.5000   30.0000    7.5000 2785.1160   12.9248
   -7.5000   37.5000    7.5000 2714.6709   13.6136
    0.0000   37.5000    7.5000 2726.9153   13.5461
    7.5000   37.5000    7.5000 2696.0725   13.7273
   -7.5000   45.0000    7.5000 2595.7632   14.6235
    0.0000   45.0000    7.5000 2609.5291   14.5205
    7.5000   45.0000    7.5000 2583.5381   14.7550
   -7.5000  -45.0000   15.0000 2055.6821   21.1613
    0.0000  -45.0000   15.0000 2072.7957   21.0642
    7.5000  -45.0000   15.0000 2055.9570   21.4069
   -7.5000  -37.5000   15.0000 2177.8127   18.5237
    0.0000  -37.5000   15.0000 2195.8118   18.4091
    7.5000  -37.5000   15.0000 2179.4590   18.7396
   -7.5000  -30.0000   15.0000 2302.4021   16.4680
    0.0000  -30.0000   15.0000 2314.3325   16.3488
    7.5000  -30.0000   15.0000 2303.8711   16.7056
   -7.5000  -22.5000   15.0000 2427.3784   14.9685
    0.0000  -22.5000   15.0000 2436.8687   14.8417
    7.5000  -22.5000   15.0000 2426.5823   15.1578
   -7.5000  -15.0000   15.0000 2535.4702   13.8177
    0.0000  -15.0000   15.0000 2544.4309   13.7449
    7.5000  -15.0000   15.0000 2531.4241   14.0242
   -7.5000   -7.5000   15.0000 2641.7922   13.0499
    0.0000   -7.5000   15.0000 2647.8452   13.0179
    7.5000   -7.5000   15.0000 2631.2163   13.2796
   -7.5000    0.0000   15.0000 2730.7834   12.6142
    0.0000    0.0000   15.0000 2742.2185   12.6254
    7.5000    0.0000   15.0000 2719.0505   12.7843
   -7.5000    7.5000   15.0000 2798.1667   12.3934
    0.0000    7.5000   15.0000 2817.4397   12.4107
    7.5000    7.5000   15.0000 2778.4119   12.5162
   -7.5000   15.0000   15.0000 2827.2598   12.3878
    0.0000   15.0000   15.0000 2847.2727   12.3542
    7.5000   15.0000   15.0000 2805.9153   12.5485
   -7.5000   22.5000   15.0000 2811.1978   12.6205
    0.0000   22.5000   15.0000 2826.4089   12.5615
    7.5000   22.5000   15.0000 2790.5420   12.7562
   -7.5000   30.0000   15.0000 2751.8257   13.1322
    0.0000   30.0000   15.0000 2764.8201   13.0773
    7.5000   30.0000   15.0000 2733.7241   13.2720
   -7.5000   37.5000   15.0000 2660.0598   13.9107
    0.0000   37.5000   15.0000 2670.0288   13.8259
    7.5000   37.5000   15.0000 2646.9785   14.0425
   -7.5000   45.0000   15.0000 2545.7329   14.9248
    0.0000   45.0000   15.0000 2557.4766   14.8296
    7.5000   45.0000   15.0000 2537.6741   15.0640
   -7.5000  -45.0000   22.5000 1992.0845   22.3810
    0.0000  -45.0000   22.5000 1999.8600   22.2063
    7.5000  -45.0000   22.5000 1991.0780   22.6493
   -7.5000  -37.5000   22.5000 2114.0527   19.6341
    0.0000  -37.5000   22.5000 2121.0793   19.4991
    7.5000  -37.5000   22.5000 2108.1040   19.8755
   -7.5000  -30.0000   22.5000 2237.9221   17.5065
    0.0000  -30.0000   22.5000 2238.7827   17.3680
    7.5000  -30.0000   22.5000 2227.2651   17.7405
   -7.5000  -22.5000   22.5000 2360.6287   15.9020
    0.0000  -22.5000   22.5000 2364.3096   15.7640
    7.5000  -22.5000   22.5000 2353.0012   16.1099
   -7.5000  -15.0000   22.5000 2470.6880   14.6946
    0.0000  -15.0000   22.5000 2477.2471   14.6057
    7.5000  -15.0000   22.5000 2463.4209   14.9505
   -7.5000   -7.5000   22.5000 2576.7957   13.8234
    0.0000   -7.5000   22.5000 2583.7097   13.7493
    7.5000   -7.5000   22.5000 2563.8569   14.0477
   -7.5000    0.0000   22.5000 2656.3682   13.2690
    0.0000    0.0000   22.5000 2667.2708   13.2386
    7.5000    0.0000   22.5000 2645.3982   13.4370
   -7.5000    7.5000   22.5000 2723.8237   12.9560
    0.0000    7.5000   22.5000 2736.8833   12.9282
    7.5000    7.5000   22.5000 2707.7432   13.1448
   -7.5000   15.0000   22.5000 2755.9177   12.9119
    0.0000   15.0000   22.5000 2765.3235   12.8701
    7.5000   15.0000   22.5000 2737.5435   13.1030
   -7.5000   22.5000   22.5000 2736.7852   13.1816
    0.0000   22.5000   22.5000 2745.7739   13.1034
    7.5000   22.5000   22.5000 2718.6719   13.3452
   -7.5000   30.0000   22.5000 2679.9124   13.6897
    0.0000   30.0000   22.5000 2686.5415   13.5898
    7.5000   30.0000   22.5000 2664.1013   13.8172
   -7.5000   37.5000   22.5000 2591.3806   14.4730
    0.0000   37.5000   22.5000 2601.7598   14.3758
    7.5000   37.5000   22.5000 2584.6523   14.5986
   -7.5000   45.0000   22.5000 2483.3472   15.5103
    0.0000   45.0000   22.5000 2494.2854   15.4151
    7.5000   45.0000   22.5000 2478.4583   15.6330
   -7.5000  -45.0000   30.0000 1919.1855   24.2742
    0.0000  -45.0000   30.0000 1911.0280   24.2085
    7.5000  -45.0000   30.0000 1904.4509   24.6733
   -7.5000  -37.5000   30.0000 2040.5143   21.3095
    0.0000  -37.5000   30.0000 2036.8739   21.2044
    7.5000  -37.5000   30.0000 2026.6627   21.6582
   -7.5000  -30.0000   30.0000 2163.9270   19.0134
    0.0000  -30.0000   30.0000 2163.5908   18.8795
    7.5000  -30.0000   30.0000 2151.8796   19.2785
   -7.5000  -22.5000   30.0000 2285.5408   17.1765
    0.0000  -22.5000   30.0000 2288.9314   17.0406
    7.5000  -22.5000   30.0000 2273.7180   17.4458
   -7.5000  -15.0000   30.0000 2400.1790   15.8165
    0.0000  -15.0000   30.0000 2401.9514   15.6940
    7.5000  -15.0000   30.0000 2384.5439   16.0731
   -7.5000   -7.5000   30.0000 2500.6982   14.7964
    0.0000   -7.5000   30.0000 2504.0674   14.7003
    7.5000   -7.5000   30.0000 2484.0215   15.0704
   -7.5000    0.0000   30.0000 2570.6492   14.1816
    0.0000    0.0000   30.0000 2577.2146   14.0986
    7.5000    0.0000   30.0000 2556.9575   14.4045
   -7.5000    7.5000   30.0000 2632.2617   13.7911
    0.0000    7.5000   30.0000 2639.9971   13.7410
    7.5000    7.5000   30.0000 2616.8403   14.0088
   -7.5000   15.0000   30.0000 2659.2522   13.7321
    0.0000   15.0000   30.0000 2664.9087   13.6786
    7.5000   15.0000   30.0000 2642.7461   13.9215
   -7.5000   22.5000   30.0000 2642.4031   14.0210
    0.0000   22.5000   30.0000 2647.8853   13.9417
    7.5000   22.5000   30.0000 2624.8423   14.1673
   -7.5000   30.0000   30.0000 2587.3962   14.5667
    0.0000   30.0000   30.0000 2596.5591   14.4832
    7.5000   30.0000   30.0000 2574.9421   14.6984
   -7.5000   37.5000   30.0000 2509.4094   15.3256
    0.0000   37.5000   30.0000 2518.7642   15.2383
    7.5000   37.5000   30.0000 2502.0061   15.4480
   -7.5000   45.0000   30.0000 2409.8916   16.3474
    0.0000   45.0000   30.0000 2418.5452   16.2602
    7.5000   45.0000   30.0000 2402.8093   16.4872
   -7.5000  -45.0000   37.5000 1834.8252   26.8674
    0.0000  -45.0000   37.5000 1833.2953   26.9286
    7.5000  -45.0000   37.5000 1822.1525   27.3391
   -7.5000  -37.5000   37.5000 1959.0513   23.4905
    0.0000  -37.5000   37.5000 1962.1820   23.4397
    7.5000  -37.5000   37.5000 1946.4532   23.9190
   -7.5000  -30.0000   37.5000 2082.1550   20.7737
    0.0000  -30.0000   37.5000 2087.4446   20.6931
    7.5000  -30.0000   37.5000 2073.6670   21.1674
   -7.5000  -22.5000   37.5000 2199.8943   18.7346
    0.0000  -22.5000   37.5000 2205.3831   18.5684
    7.5000  -22.5000   37.5000 2191.2852   19.0638
   -7.5000  -15.0000   37.5000 2312.5447   17.1654
    0.0000  -15.0000   37.5000 2316.4722   16.9962
    7.5000  -15.0000   37.5000 2295.4771   17.4725
   -7.5000   -7.5000   37.5000 2409.4124   16.0833
    0.0000   -7.5000   37.5000 2412.3545   15.9540
    7.5000   -7.5000   37.5000 2389.6970   16.3767
   -7.5000    0.0000   37.5000 2481.4695   15.3731
    0.0000    0.0000   37.5000 2486.8486   15.2535
    7.5000    0.0000   37.5000 2463.1182   15.6221
   -7.5000    7.5000   37.5000 2531.9512   14.9008
    0.0000    7.5000   37.5000 2538.1582   14.8332
    7.5000    7.5000   37.5000 2514.3149   15.1543
   -7.5000   15.0000   37.5000 2550.5142   14.7958
    0.0000   15.0000   37.5000 2554.5142   14.7249
    7.5000   15.0000   37.5000 2533.9514   15.0073
   -7.5000   22.5000   37.5000 2532.2761   15.0533
    0.0000   22.5000   37.5000 2535.3525   14.9568
    7.5000   22.5000   37.5000 2516.7554   15.2024
   -7.5000   30.0000   37.5000 2485.4312   15.6231
    0.0000   30.0000   37.5000 2488.7483   15.5323
    7.5000   30.0000   37.5000 2474.0085   15.7697
   -7.5000   37.5000   37.5000 2419.7598   16.4414
    0.0000   37.5000   37.5000 2425.5864   16.3340
    7.5000   37.5000   37.5000 2407.5278   16.5572
   -7.5000   45.0000   37.5000 2330.6738   17.4540
    0.0000   45.0000   37.5000 2338.4341   17.3700
    7.5000   45.0000   37.5000 2319.9336   17.6086
   -7.5000  -45.0000   45.0000 1737.7708   30.1285
    0.0000  -45.0000   45.0000 1739.3313   30.2055
    7.5000  -45.0000   45.0000 1732.9177   30.6746
   -7.5000  -37.5000   45.0000 1868.1171   26.0523
    0.0000  -37.5000   45.0000 1872.3724   25.9174
    7.5000  -37.5000   45.0000 1857.3586   26.5005
   -7.5000  -30.0000   45.0000 1992.3628   22.9831
    0.0000  -30.0000   45.0000 1995.5312   22.8029
    7.5000  -30.0000   45.0000 1982.9812   23.3871
   -7.5000  -22.5000   45.0000 2105.9021   20.6418
    0.0000  -22.5000   45.0000 2110.6799   20.4668
    7.5000  -22.5000   45.0000 2096.4666   21.0095
   -7.5000  -15.0000   45.0000 2211.4336   18.9145
    0.0000  -15.0000   45.0000 2212.9468   18.7166
    7.5000  -15.0000   45.0000 2191.9463   19.2861
   -7.5000   -7.5000   45.0000 2307.8652   17.7063
    0.0000   -7.5000   45.0000 2308.6130   17.5472
    7.5000   -7.5000   45.0000 2283.3254   18.0304
   -7.5000    0.0000   45.0000 2379.4719   16.8789
    0.0000    0.0000   45.0000 2383.9727   16.7548
    7.5000    0.0000   45.0000 2357.5210   17.1693
   -7.5000    7.5000   45.0000 2426.7627   16.3407
    0.0000    7.5000   45.0000 2429.6868   16.2720
    7.5000    7.5000   45.0000 2409.1680   16.6040
   -7.5000   15.0000   45.0000 2440.7275   16.1522
    0.0000   15.0000   45.0000 2444.0090   16.0885
    7.5000   15.0000   45.0000 2424.0215   16.3938
   -7.5000   22.5000   45.0000 2425.1597   16.3440
    0.0000   22.5000   45.0000 2430.4653   16.2616
    7.5000   22.5000   45.0000 2410.5681   16.5351
   -7.5000   30.0000   45.0000 2382.9202   16.8817
    0.0000   30.0000   45.0000 2385.5640   16.8090
    7.5000   30.0000   45.0000 2368.2117   17.0525
   -7.5000   37.5000   45.0000 2322.8879   17.7027
    0.0000   37.5000   45.0000 2328.2212   17.6209
    7.5000   37.5000   45.0000 2309.1777   17.8749
   -7.5000   45.0000   45.0000 2246.8589   18.7436
    0.0000   45.0000   45.0000 2250.6106   18.6543
    7.5000   45.0000   45.0000 2231.4343   18.9034

---------------------------------------------------------------------
imgreg_4dfp /opt/freesurfer/average/711-2C_as_mni_average_305 /opt/freesurfer/average/711-2B_as_mni_average_305_mask talsrcimg_g11 none talsrcimg_to_711-2C_as_mni_average_305_t4 1283
---------------------------------------------------------------------

freesurfer imgreg_4dfp.c
/opt/freesurfer/average/711-2C_as_mni_average_305.4dfp.img
       256       256       256         1
  1.000000  1.000000  1.000000
orientation T byte_order littleendian
Reading image: /opt/freesurfer/average/711-2C_as_mni_average_305.4dfp.img
dimensions:      256       256       256
mmppix:       1.0000   -1.0000   -1.0000
center:     128.0000 -129.0000 -129.0000
/opt/freesurfer/average/711-2B_as_mni_average_305_mask.4dfp.img
       256       256       256         1
  1.000000  1.000000  1.000000
orientation T byte_order littleendian
Reading mask: /opt/freesurfer/average/711-2B_as_mni_average_305_mask.4dfp.img (2306576 pixels)
talsrcimg_g11.4dfp.img
       256       256       256         1
  1.000000  1.000000  1.000000
orientation T byte_order littleendian
Reading image: talsrcimg_g11.4dfp.img
dimensions:      256       256       256
mmppix:       1.0000   -1.0000   -1.0000
center:     128.0000 -129.0000 -129.0000
rotation matrix determinant  1.000000
fimgreg.f
image alignment mode   1283 decimal      503 hex
parameters
    0.0000   15.0000    0.0000    0.0000    0.0000    0.0000
eta,q 0.91781 11.85271
niter,ni,del,rscale     5    3   12.0000    1.2000
parameter  4  1.250194 ->  0.500000 qaram    1.1500
parameter  5 -1.112578 -> -0.500000 qaram    1.1500
parameters
   -2.0029   15.4232   -2.1078   -3.4500    3.4500    0.7241
eta,q 0.92132 11.64614
  0.0856  0.0916  0.0834  0.0778  0.0804  0.0806
  0.0831  0.0880  0.0815  0.0795  0.0798  0.0793
  0.0824  0.0841  0.0809  0.0803  0.0799  0.0786
  0.0832  0.0824  0.0821  0.0808  0.0798  0.0786
  0.0856  0.0831  0.0839  0.0821  0.0790  0.0787
  0.0894  0.0857  0.0845  0.0849  0.0786  0.0790
  0.0939  0.0899  0.0851  0.0876  0.0794  0.0796
niter,ni,del,rscale     6    3   12.0000    1.2000
parameter  4 -1.662566 ->  0.500000 qaram    1.3225
parameters
   -3.0098   16.6339    0.1912   -7.4175    2.4150   -0.2833
eta,q 0.92705 11.69031
  0.0838  0.0868  0.0813  0.0686  0.0775  0.0743
  0.0797  0.0820  0.0788  0.0719  0.0756  0.0733
  0.0784  0.0786  0.0778  0.0759  0.0735  0.0730
  0.0787  0.0784  0.0786  0.0794  0.0729  0.0729
  0.0804  0.0787  0.0795  0.0805  0.0748  0.0731
  0.0841  0.0792  0.0787  0.0817  0.0782  0.0743
  0.0877  0.0813  0.0781  0.0845  0.0808  0.0761
niter,ni,del,rscale     6    3   12.0000    1.2000
parameter  4 15.596283 ->  0.500000 qaram    1.5209
parameters
   -2.8980   18.5403   -0.0263  -11.9801    1.9303    2.5348
eta,q 0.93559 11.63822
  0.0849  0.0828  0.0757  0.0617  0.0702  0.0711
  0.0793  0.0784  0.0742  0.0645  0.0679  0.0690
  0.0751  0.0754  0.0725  0.0682  0.0661  0.0673
  0.0729  0.0729  0.0718  0.0718  0.0655  0.0654
  0.0745  0.0718  0.0727  0.0769  0.0661  0.0644
  0.0792  0.0726  0.0743  0.0811  0.0685  0.0647
  0.0840  0.0755  0.0766  0.0834  0.0723  0.0660
niter,ni,del,rscale     6    3   12.0000    1.2000
parameter  4  1.226116 ->  0.500000 qaram    1.7490
parameters
   -2.4005   19.7919   -0.2090  -17.2272    1.5054    2.6174
eta,q 0.94156 11.55300
  0.0764  0.0775  0.0691  0.0572  0.0632  0.0611
  0.0706  0.0724  0.0668  0.0578  0.0605  0.0593
  0.0665  0.0670  0.0653  0.0606  0.0588  0.0586
  0.0644  0.0643  0.0644  0.0645  0.0584  0.0584
  0.0654  0.0648  0.0652  0.0692  0.0590  0.0585
  0.0688  0.0665  0.0671  0.0758  0.0610  0.0593
  0.0728  0.0702  0.0699  0.0818  0.0650  0.0609
niter,ni,del,rscale     6    3   12.0000    1.2000
parameter  4  0.512768 ->  0.500000 qaram    2.0114
parameters
   -2.4377   21.0442   -1.0196  -23.2612    0.6871    2.2928
eta,q 0.94373 11.71557
  0.0687  0.0725  0.0627  0.0583  0.0617  0.0579
  0.0627  0.0661  0.0596  0.0573  0.0587  0.0566
  0.0591  0.0609  0.0583  0.0557  0.0568  0.0562
  0.0584  0.0584  0.0587  0.0584  0.0562  0.0563
  0.0604  0.0593  0.0597  0.0626  0.0577  0.0563
  0.0638  0.0611  0.0618  0.0679  0.0610  0.0569
  0.0679  0.0640  0.0656  0.0741  0.0649  0.0584
niter,ni,del,rscale     6    3   12.0000    1.2000
parameter  2 -0.510067 -> -0.500000 qaram    1.1500
parameters
   -1.8851   24.4942   -2.6604  -25.2390    0.3574    2.2981
eta,q 0.94725 11.65462
  0.0707  0.0698  0.0576  0.0641  0.0591  0.0573
  0.0638  0.0639  0.0553  0.0601  0.0560  0.0551
  0.0587  0.0596  0.0537  0.0553  0.0539  0.0536
  0.0563  0.0562  0.0539  0.0536  0.0526  0.0527
  0.0571  0.0541  0.0564  0.0591  0.0532  0.0534
  0.0607  0.0541  0.0610  0.0657  0.0563  0.0550
  0.0664  0.0562  0.0670  0.0732  0.0614  0.0575
niter,ni,del,rscale     6    3   12.0000    1.2000
parameters
   -1.9633   23.9610   -3.8348  -25.6478    0.1922    2.3002
eta,q 0.94672 11.63124
  0.0639  0.0627  0.0584  0.0663  0.0591  0.0571
  0.0577  0.0586  0.0551  0.0613  0.0562  0.0552
  0.0537  0.0555  0.0534  0.0577  0.0543  0.0540
  0.0527  0.0527  0.0531  0.0531  0.0532  0.0533
  0.0544  0.0542  0.0550  0.0561  0.0535  0.0537
  0.0583  0.0597  0.0597  0.0622  0.0560  0.0551
  0.0642  0.0683  0.0655  0.0690  0.0604  0.0573
niter,ni,del,rscale     5    3   12.0000    1.2000
parameters
   -1.9667   23.8764   -4.1095  -25.8287    0.1394    2.3073
eta,q 0.94652 11.62776
  0.0640  0.0640  0.0610  0.0666  0.0593  0.0572
  0.0577  0.0599  0.0564  0.0615  0.0564  0.0553
  0.0541  0.0563  0.0541  0.0581  0.0546  0.0542
  0.0533  0.0533  0.0533  0.0533  0.0535  0.0535
  0.0545  0.0542  0.0543  0.0559  0.0537  0.0539
  0.0580  0.0588  0.0575  0.0616  0.0560  0.0552
  0.0637  0.0662  0.0627  0.0684  0.0602  0.0573
niter,ni,del,rscale     4    3   12.0000    1.2000
parameters
   -1.9632   23.8824   -4.1897  -25.9102    0.1212    2.3024
eta,q 0.94644 11.62832
  0.0641  0.0642  0.0617  0.0667  0.0594  0.0572
  0.0578  0.0601  0.0568  0.0617  0.0565  0.0553
  0.0543  0.0566  0.0543  0.0583  0.0547  0.0543
  0.0535  0.0535  0.0535  0.0535  0.0536  0.0536
  0.0547  0.0543  0.0543  0.0558  0.0537  0.0539
  0.0581  0.0587  0.0572  0.0614  0.0560  0.0553
  0.0638  0.0658  0.0622  0.0682  0.0602  0.0574
niter,ni,del,rscale     3    3   12.0000    1.2000
parameters
   -1.9603   23.8910   -4.2206  -25.9469    0.1133    2.2969
eta,q 0.94641 11.62880
  0.0641  0.0641  0.0619  0.0667  0.0595  0.0572
  0.0579  0.0601  0.0569  0.0617  0.0565  0.0553
  0.0544  0.0567  0.0544  0.0584  0.0547  0.0543
  0.0536  0.0536  0.0536  0.0536  0.0536  0.0536
  0.0547  0.0544  0.0543  0.0558  0.0538  0.0540
  0.0582  0.0588  0.0571  0.0613  0.0560  0.0553
  0.0638  0.0657  0.0620  0.0681  0.0602  0.0574
registration optimization eta report
parameter search radius
    6.0000    6.9000    6.0000   12.0681    6.9000    6.0000
100000*second partial in parameter space
       29.       23.       24.        9.       13.       10.
  0.0641  0.0641  0.0619  0.0667  0.0595  0.0572
  0.0579  0.0601  0.0569  0.0617  0.0565  0.0553
  0.0544  0.0567  0.0544  0.0584  0.0547  0.0543
  0.0536  0.0536  0.0536  0.0536  0.0536  0.0536
  0.0547  0.0544  0.0543  0.0558  0.0538  0.0540
  0.0582  0.0588  0.0571  0.0613  0.0560  0.0553
  0.0638  0.0657  0.0620  0.0681  0.0602  0.0574
   -1.9603   23.8910   -4.2206  -25.9469    0.1133    2.2969
eta,q 0.94641 11.62880

---------------------------------------------------------------------
imgreg_4dfp /opt/freesurfer/average/711-2C_as_mni_average_305 /opt/freesurfer/average/711-2B_as_mni_average_305_mask talsrcimg_g11 none talsrcimg_to_711-2C_as_mni_average_305_t4 3335
---------------------------------------------------------------------

freesurfer imgreg_4dfp.c
/opt/freesurfer/average/711-2C_as_mni_average_305.4dfp.img
       256       256       256         1
  1.000000  1.000000  1.000000
orientation T byte_order littleendian
Reading image: /opt/freesurfer/average/711-2C_as_mni_average_305.4dfp.img
dimensions:      256       256       256
mmppix:       1.0000   -1.0000   -1.0000
center:     128.0000 -129.0000 -129.0000
/opt/freesurfer/average/711-2B_as_mni_average_305_mask.4dfp.img
       256       256       256         1
  1.000000  1.000000  1.000000
orientation T byte_order littleendian
Reading mask: /opt/freesurfer/average/711-2B_as_mni_average_305_mask.4dfp.img (2306576 pixels)
talsrcimg_g11.4dfp.img
       256       256       256         1
  1.000000  1.000000  1.000000
orientation T byte_order littleendian
Reading image: talsrcimg_g11.4dfp.img
dimensions:      256       256       256
mmppix:       1.0000   -1.0000   -1.0000
center:     128.0000 -129.0000 -129.0000
fimgreg.f
image alignment mode   3335 decimal      D07 hex
parameters
   -1.9603   23.8910   -4.2206   -0.0805  -10.1488  -10.0802
   -3.5174   -1.9312    4.0078   43.7115    0.1977  -43.7537
eta,q 0.94807 11.60714
niter,ni,del,rscale     5    3    5.0000    1.2000
parameter  4  0.753276 ->  0.500000 qaram    1.1500
parameter  5  3.061549 ->  0.500000 qaram    1.1500
parameter  6  1.530127 ->  0.500000 qaram    1.1500
parameter 10  1.249019 ->  0.500000 qaram    1.1500
parameter 12 -1.497048 -> -0.500000 qaram    1.1500
parameters
   -1.8599   24.2214   -3.4941   -4.2205  -14.2888  -14.2202
   -2.1626   -1.8496    3.3301   39.5715   -1.4986  -39.6137
eta,q 0.96362 11.07556
  0.0548  0.0545  0.0547  0.0503  0.0427  0.0394  0.0438  0.0450  0.0423  0.0372  0.0389  0.0426
  0.0533  0.0534  0.0534  0.0501  0.0452  0.0405  0.0424  0.0429  0.0415  0.0379  0.0384  0.0409
  0.0523  0.0525  0.0524  0.0505  0.0475  0.0427  0.0415  0.0415  0.0410  0.0391  0.0381  0.0394
  0.0519  0.0519  0.0519  0.0517  0.0502  0.0459  0.0410  0.0409  0.0409  0.0409  0.0381  0.0381
  0.0522  0.0519  0.0517  0.0539  0.0537  0.0498  0.0410  0.0413  0.0412  0.0434  0.0385  0.0370
  0.0530  0.0525  0.0520  0.0566  0.0573  0.0540  0.0414  0.0427  0.0419  0.0465  0.0393  0.0362
  0.0544  0.0535  0.0525  0.0597  0.0610  0.0588  0.0423  0.0449  0.0430  0.0498  0.0403  0.0358
niter,ni,del,rscale     7    3    5.0000    1.2000
parameter  5  1.742169 ->  0.500000 qaram    1.3225
parameter  6  0.601104 ->  0.500000 qaram    1.3225
parameter 12 -0.726187 -> -0.500000 qaram    1.3225
parameters
   -1.8310   23.8304   -3.5738   -4.6316  -19.0498  -18.9812
   -1.7019   -1.5870    3.3872   36.0708   -4.1001  -34.8527
eta,q 0.97022 10.45740
  0.0390  0.0376  0.0382  0.0387  0.0312  0.0313  0.0335  0.0342  0.0332  0.0318  0.0309  0.0347
  0.0376  0.0369  0.0372  0.0377  0.0320  0.0311  0.0323  0.0326  0.0321  0.0310  0.0307  0.0329
  0.0367  0.0364  0.0365  0.0370  0.0337  0.0313  0.0314  0.0315  0.0314  0.0307  0.0306  0.0316
  0.0364  0.0364  0.0364  0.0364  0.0364  0.0323  0.0311  0.0312  0.0311  0.0311  0.0307  0.0306
  0.0366  0.0367  0.0367  0.0363  0.0394  0.0350  0.0313  0.0313  0.0314  0.0327  0.0310  0.0300
  0.0375  0.0376  0.0374  0.0375  0.0421  0.0387  0.0320  0.0322  0.0321  0.0350  0.0313  0.0297
  0.0389  0.0389  0.0384  0.0400  0.0458  0.0437  0.0329  0.0339  0.0331  0.0376  0.0317  0.0299
niter,ni,del,rscale     7    3    5.0000    1.2000
parameters
   -1.7972   23.4354   -3.7143   -2.6920  -23.5733  -22.6394
   -2.3904   -1.2772    4.3139   34.4141   -4.2129  -35.4357
eta,q 0.97236 10.06794
  0.0321  0.0313  0.0309  0.0317  0.0295  0.0292  0.0295  0.0310  0.0297  0.0295  0.0283  0.0296
  0.0308  0.0303  0.0302  0.0309  0.0288  0.0282  0.0285  0.0294  0.0288  0.0283  0.0279  0.0285
  0.0300  0.0298  0.0298  0.0303  0.0286  0.0279  0.0280  0.0283  0.0282  0.0277  0.0277  0.0278
  0.0298  0.0298  0.0297  0.0297  0.0293  0.0286  0.0279  0.0279  0.0278  0.0278  0.0277  0.0277
  0.0300  0.0303  0.0299  0.0292  0.0311  0.0297  0.0283  0.0281  0.0279  0.0286  0.0277  0.0281
  0.0307  0.0313  0.0304  0.0294  0.0338  0.0318  0.0291  0.0290  0.0283  0.0298  0.0280  0.0289
  0.0320  0.0328  0.0312  0.0307  0.0373  0.0356  0.0302  0.0305  0.0290  0.0314  0.0283  0.0300
niter,ni,del,rscale     6    3    5.0000    1.2000
parameters
   -1.6026   23.7733   -4.3102   -3.5103  -25.2127  -24.5477
   -2.6161   -1.4097    4.6470   34.9976   -6.0875  -35.7590
eta,q 0.97266  9.87365
  0.0303  0.0303  0.0283  0.0286  0.0295  0.0300  0.0292  0.0301  0.0292  0.0304  0.0277  0.0292
  0.0289  0.0290  0.0277  0.0281  0.0284  0.0285  0.0282  0.0287  0.0283  0.0288  0.0274  0.0281
  0.0281  0.0281  0.0275  0.0278  0.0277  0.0275  0.0276  0.0278  0.0277  0.0278  0.0274  0.0275
  0.0276  0.0276  0.0276  0.0275  0.0276  0.0276  0.0274  0.0274  0.0274  0.0274  0.0274  0.0273
  0.0278  0.0277  0.0280  0.0274  0.0282  0.0289  0.0277  0.0277  0.0276  0.0276  0.0276  0.0276
  0.0284  0.0282  0.0287  0.0281  0.0297  0.0305  0.0284  0.0288  0.0281  0.0284  0.0279  0.0284
  0.0296  0.0292  0.0297  0.0297  0.0319  0.0326  0.0295  0.0304  0.0289  0.0296  0.0283  0.0294
niter,ni,del,rscale     5    3    5.0000    1.2000
parameters
   -1.6231   24.0919   -5.1351   -3.9070  -26.2922  -26.1621
   -2.6267   -1.4223    5.1630   36.2312   -7.1816  -35.8006
eta,q 0.97297  9.75857
  0.0295  0.0298  0.0277  0.0282  0.0293  0.0298  0.0290  0.0297  0.0291  0.0303  0.0275  0.0289
  0.0283  0.0286  0.0273  0.0276  0.0281  0.0283  0.0280  0.0284  0.0281  0.0288  0.0272  0.0279
  0.0276  0.0278  0.0271  0.0274  0.0274  0.0273  0.0274  0.0275  0.0275  0.0277  0.0270  0.0272
  0.0273  0.0273  0.0273  0.0271  0.0272  0.0272  0.0271  0.0271  0.0271  0.0271  0.0270  0.0270
  0.0276  0.0274  0.0278  0.0270  0.0275  0.0283  0.0273  0.0274  0.0272  0.0271  0.0272  0.0273
  0.0283  0.0279  0.0285  0.0275  0.0288  0.0301  0.0280  0.0283  0.0278  0.0278  0.0275  0.0279
  0.0295  0.0288  0.0295  0.0288  0.0308  0.0322  0.0290  0.0298  0.0286  0.0289  0.0278  0.0289
niter,ni,del,rscale     4    3    5.0000    1.2000
parameters
   -1.6597   24.4580   -5.8067   -4.2101  -27.4454  -27.5451
   -2.6713   -1.4120    5.0908   37.4665   -6.3526  -35.6537
eta,q 0.97319  9.65408
  0.0290  0.0296  0.0276  0.0279  0.0289  0.0296  0.0287  0.0294  0.0286  0.0300  0.0275  0.0286
  0.0279  0.0283  0.0271  0.0273  0.0278  0.0281  0.0278  0.0281  0.0277  0.0286  0.0272  0.0276
  0.0272  0.0275  0.0269  0.0270  0.0271  0.0272  0.0271  0.0272  0.0271  0.0275  0.0269  0.0270
  0.0270  0.0270  0.0270  0.0269  0.0269  0.0269  0.0269  0.0269  0.0269  0.0269  0.0268  0.0268
  0.0273  0.0270  0.0274  0.0268  0.0273  0.0278  0.0271  0.0272  0.0271  0.0269  0.0269  0.0270
  0.0280  0.0275  0.0280  0.0272  0.0285  0.0296  0.0278  0.0280  0.0278  0.0275  0.0270  0.0276
  0.0292  0.0284  0.0289  0.0284  0.0305  0.0317  0.0288  0.0294  0.0287  0.0286  0.0273  0.0285
niter,ni,del,rscale     3    3    5.0000    1.2000
parameters
   -1.6420   24.8967   -6.4518   -4.5977  -28.7672  -29.1921
   -2.7323   -1.3775    4.2694   39.0012   -3.9211  -34.9302
eta,q 0.97360  9.52285
  0.0288  0.0294  0.0273  0.0275  0.0285  0.0291  0.0283  0.0291  0.0281  0.0299  0.0274  0.0283
  0.0277  0.0282  0.0269  0.0270  0.0274  0.0277  0.0275  0.0278  0.0272  0.0285  0.0270  0.0274
  0.0270  0.0273  0.0267  0.0267  0.0268  0.0268  0.0269  0.0270  0.0267  0.0273  0.0267  0.0268
  0.0268  0.0268  0.0267  0.0267  0.0267  0.0267  0.0266  0.0267  0.0266  0.0266  0.0265  0.0264
  0.0270  0.0268  0.0271  0.0266  0.0271  0.0275  0.0268  0.0269  0.0270  0.0266  0.0264  0.0265
  0.0277  0.0272  0.0277  0.0269  0.0282  0.0294  0.0275  0.0277  0.0278  0.0272  0.0265  0.0270
  0.0287  0.0281  0.0286  0.0280  0.0302  0.0316  0.0284  0.0291  0.0289  0.0282  0.0267  0.0279
niter,ni,del,rscale     2    3    5.0000    1.2000
parameters
   -1.5698   25.3992   -7.2106   -5.0733  -29.9977  -30.9972
   -2.6944   -1.3952    3.5647   40.1453   -3.0670  -35.0990
eta,q 0.97402  9.40580
  0.0284  0.0292  0.0268  0.0269  0.0281  0.0284  0.0278  0.0285  0.0277  0.0294  0.0269  0.0278
  0.0273  0.0279  0.0263  0.0263  0.0269  0.0271  0.0269  0.0273  0.0267  0.0279  0.0265  0.0269
  0.0266  0.0269  0.0262  0.0261  0.0262  0.0263  0.0263  0.0264  0.0262  0.0267  0.0262  0.0262
  0.0264  0.0264  0.0263  0.0262  0.0262  0.0261  0.0261  0.0261  0.0261  0.0261  0.0260  0.0260
  0.0266  0.0263  0.0267  0.0262  0.0266  0.0270  0.0263  0.0264  0.0265  0.0261  0.0260  0.0262
  0.0271  0.0267  0.0274  0.0264  0.0276  0.0290  0.0269  0.0272  0.0273  0.0268  0.0262  0.0269
  0.0281  0.0276  0.0283  0.0272  0.0296  0.0314  0.0278  0.0286  0.0285  0.0280  0.0266  0.0279
niter,ni,del,rscale     1    3    5.0000    1.2000
parameters
   -1.5359   25.5964   -7.6772   -5.2375  -30.4236  -31.8665
   -2.5476   -1.3920    3.4885   40.5614   -3.0257  -35.4771
eta,q 0.97407  9.36683
  0.0279  0.0285  0.0267  0.0268  0.0283  0.0288  0.0277  0.0284  0.0280  0.0289  0.0267  0.0276
  0.0269  0.0272  0.0262  0.0262  0.0270  0.0274  0.0268  0.0271  0.0269  0.0274  0.0263  0.0268
  0.0262  0.0264  0.0259  0.0258  0.0261  0.0263  0.0262  0.0263  0.0262  0.0264  0.0260  0.0262
  0.0260  0.0260  0.0260  0.0259  0.0259  0.0259  0.0259  0.0259  0.0259  0.0259  0.0259  0.0259
  0.0262  0.0261  0.0263  0.0260  0.0263  0.0264  0.0261  0.0262  0.0262  0.0262  0.0260  0.0262
  0.0268  0.0267  0.0269  0.0262  0.0271  0.0280  0.0267  0.0271  0.0270  0.0271  0.0263  0.0269
  0.0278  0.0278  0.0277  0.0269  0.0289  0.0304  0.0276  0.0284  0.0281  0.0283  0.0267  0.0280
registration optimization eta report
parameter search radius
    2.4000    2.4000    2.4000    8.2800    9.5220    9.5220
    7.2000    7.2000    7.2000    8.2800    7.2000    9.5220
100000*second partial in parameter space
       33.       37.       22.        1.        3.        4.
        3.        5.        4.        4.        2.        2.
  0.0279  0.0285  0.0267  0.0268  0.0283  0.0288  0.0277  0.0284  0.0280  0.0289  0.0267  0.0276
  0.0269  0.0272  0.0262  0.0262  0.0270  0.0274  0.0268  0.0271  0.0269  0.0274  0.0263  0.0268
  0.0262  0.0264  0.0259  0.0258  0.0261  0.0263  0.0262  0.0263  0.0262  0.0264  0.0260  0.0262
  0.0260  0.0260  0.0260  0.0259  0.0259  0.0259  0.0259  0.0259  0.0259  0.0259  0.0259  0.0259
  0.0262  0.0261  0.0263  0.0260  0.0263  0.0264  0.0261  0.0262  0.0262  0.0262  0.0260  0.0262
  0.0268  0.0267  0.0269  0.0262  0.0271  0.0280  0.0267  0.0271  0.0270  0.0271  0.0263  0.0269
  0.0278  0.0278  0.0277  0.0269  0.0289  0.0304  0.0276  0.0284  0.0281  0.0283  0.0267  0.0280
   -1.5359   25.5964   -7.6772   -5.2375  -30.4236  -31.8665
   -2.5476   -1.3920    3.4885   40.5614   -3.0257  -35.4771
eta,q 0.97407  9.36683

---------------------------------------------------------------------
imgreg_4dfp /opt/freesurfer/average/711-2C_as_mni_average_305 /opt/freesurfer/average/711-2B_as_mni_average_305_mask talsrcimg_g11 none talsrcimg_to_711-2C_as_mni_average_305_t4 2311
---------------------------------------------------------------------

freesurfer imgreg_4dfp.c
/opt/freesurfer/average/711-2C_as_mni_average_305.4dfp.img
       256       256       256         1
  1.000000  1.000000  1.000000
orientation T byte_order littleendian
Reading image: /opt/freesurfer/average/711-2C_as_mni_average_305.4dfp.img
dimensions:      256       256       256
mmppix:       1.0000   -1.0000   -1.0000
center:     128.0000 -129.0000 -129.0000
/opt/freesurfer/average/711-2B_as_mni_average_305_mask.4dfp.img
       256       256       256         1
  1.000000  1.000000  1.000000
orientation T byte_order littleendian
Reading mask: /opt/freesurfer/average/711-2B_as_mni_average_305_mask.4dfp.img (2306576 pixels)
talsrcimg_g11.4dfp.img
       256       256       256         1
  1.000000  1.000000  1.000000
orientation T byte_order littleendian
Reading image: talsrcimg_g11.4dfp.img
dimensions:      256       256       256
mmppix:       1.0000   -1.0000   -1.0000
center:     128.0000 -129.0000 -129.0000
fimgreg.f
image alignment mode   2311 decimal      907 hex
parameters
   -1.5359   25.5964   -7.6772   -5.2375  -30.4236  -31.8665
   -2.5476   -1.3920    3.4885   40.5614   -3.0257  -35.4771
eta,q 0.97407  9.36683
niter,ni,del,rscale     5    3    5.0000    0.8000
parameters
   -1.5258   25.6469   -7.9114   -5.7998  -30.4221  -31.5003
   -2.4907   -1.3695    3.4651   40.5990   -2.9357  -35.5892
eta,q 0.97412  9.35051
  0.0268  0.0270  0.0263  0.0261  0.0266  0.0270  0.0267  0.0271  0.0269  0.0269  0.0263  0.0264
  0.0263  0.0264  0.0261  0.0259  0.0262  0.0265  0.0263  0.0264  0.0263  0.0263  0.0261  0.0261
  0.0260  0.0261  0.0259  0.0259  0.0259  0.0261  0.0260  0.0260  0.0260  0.0260  0.0259  0.0259
  0.0259  0.0259  0.0259  0.0259  0.0259  0.0259  0.0259  0.0259  0.0259  0.0259  0.0259  0.0259
  0.0260  0.0260  0.0260  0.0260  0.0260  0.0259  0.0260  0.0260  0.0260  0.0260  0.0259  0.0259
  0.0263  0.0263  0.0263  0.0260  0.0262  0.0262  0.0262  0.0264  0.0263  0.0263  0.0260  0.0261
  0.0268  0.0269  0.0266  0.0261  0.0266  0.0268  0.0267  0.0271  0.0269  0.0269  0.0263  0.0265
niter,ni,del,rscale     4    3    5.0000    0.7000
parameters
   -1.5101   25.6456   -7.8272   -6.0846  -30.5225  -31.2968
   -2.5211   -1.3738    3.4235   40.5724   -2.8721  -35.5554
eta,q 0.97415  9.33736
  0.0266  0.0266  0.0264  0.0261  0.0264  0.0267  0.0265  0.0268  0.0266  0.0266  0.0262  0.0263
  0.0262  0.0262  0.0261  0.0259  0.0261  0.0263  0.0261  0.0263  0.0262  0.0262  0.0260  0.0261
  0.0260  0.0260  0.0259  0.0258  0.0259  0.0260  0.0259  0.0260  0.0259  0.0259  0.0259  0.0259
  0.0259  0.0259  0.0259  0.0259  0.0259  0.0259  0.0259  0.0258  0.0258  0.0258  0.0258  0.0258
  0.0259  0.0260  0.0259  0.0259  0.0259  0.0259  0.0259  0.0260  0.0259  0.0260  0.0259  0.0259
  0.0262  0.0262  0.0260  0.0260  0.0261  0.0261  0.0261  0.0263  0.0262  0.0262  0.0260  0.0260
  0.0265  0.0266  0.0263  0.0260  0.0264  0.0266  0.0265  0.0268  0.0266  0.0267  0.0262  0.0263
niter,ni,del,rscale     3    3    5.0000    0.6000
parameters
   -1.5055   25.6478   -7.7596   -6.4811  -30.6061  -31.1246
   -2.5670   -1.3939    3.3824   40.5417   -2.8551  -35.5231
eta,q 0.97418  9.31882
  0.0264  0.0264  0.0262  0.0260  0.0262  0.0264  0.0263  0.0265  0.0264  0.0264  0.0261  0.0262
  0.0261  0.0261  0.0260  0.0259  0.0260  0.0261  0.0260  0.0261  0.0261  0.0261  0.0259  0.0260
  0.0259  0.0259  0.0259  0.0258  0.0259  0.0259  0.0259  0.0259  0.0259  0.0259  0.0259  0.0259
  0.0258  0.0258  0.0258  0.0258  0.0258  0.0258  0.0258  0.0258  0.0258  0.0258  0.0258  0.0258
  0.0259  0.0259  0.0259  0.0259  0.0259  0.0259  0.0259  0.0259  0.0259  0.0259  0.0259  0.0259
  0.0261  0.0261  0.0260  0.0260  0.0260  0.0260  0.0261  0.0262  0.0261  0.0261  0.0259  0.0260
  0.0264  0.0264  0.0261  0.0260  0.0262  0.0264  0.0263  0.0266  0.0264  0.0264  0.0261  0.0262
niter,ni,del,rscale     2    3    5.0000    0.5000
parameters
   -1.4975   25.6588   -7.7094   -6.8359  -30.6638  -30.9735
   -2.6030   -1.3947    3.3418   40.5174   -2.8472  -35.5361
eta,q 0.97420  9.30456
  0.0262  0.0262  0.0261  0.0259  0.0261  0.0262  0.0262  0.0263  0.0262  0.0262  0.0260  0.0260
  0.0260  0.0260  0.0259  0.0259  0.0259  0.0260  0.0260  0.0260  0.0260  0.0260  0.0259  0.0259
  0.0259  0.0259  0.0259  0.0258  0.0258  0.0259  0.0258  0.0259  0.0258  0.0259  0.0258  0.0258
  0.0258  0.0258  0.0258  0.0258  0.0258  0.0258  0.0258  0.0258  0.0258  0.0258  0.0258  0.0258
  0.0259  0.0259  0.0258  0.0259  0.0259  0.0258  0.0259  0.0259  0.0259  0.0259  0.0258  0.0258
  0.0260  0.0260  0.0259  0.0259  0.0260  0.0260  0.0260  0.0260  0.0260  0.0260  0.0259  0.0259
  0.0262  0.0262  0.0260  0.0260  0.0261  0.0262  0.0262  0.0263  0.0262  0.0262  0.0260  0.0260
niter,ni,del,rscale     1    3    5.0000    0.4000
parameters
   -1.4934   25.6686   -7.6602   -7.0644  -30.7495  -30.8363
   -2.6320   -1.3984    3.3047   40.4883   -2.8254  -35.5354
eta,q 0.97420  9.29403
  0.0260  0.0261  0.0260  0.0259  0.0260  0.0261  0.0260  0.0261  0.0261  0.0261  0.0259  0.0260
  0.0259  0.0259  0.0259  0.0258  0.0259  0.0259  0.0259  0.0260  0.0259  0.0259  0.0259  0.0259
  0.0258  0.0258  0.0258  0.0258  0.0258  0.0259  0.0258  0.0258  0.0258  0.0258  0.0258  0.0258
  0.0258  0.0258  0.0258  0.0258  0.0258  0.0258  0.0258  0.0258  0.0258  0.0258  0.0258  0.0258
  0.0258  0.0258  0.0258  0.0258  0.0258  0.0258  0.0258  0.0258  0.0258  0.0258  0.0258  0.0258
  0.0259  0.0259  0.0259  0.0259  0.0259  0.0259  0.0259  0.0260  0.0259  0.0259  0.0259  0.0259
  0.0260  0.0261  0.0259  0.0259  0.0260  0.0260  0.0260  0.0261  0.0261  0.0261  0.0259  0.0260
registration optimization eta report
parameter search radius
    0.8000    0.8000    0.8000    2.4000    2.4000    2.4000
    2.4000    2.4000    2.4000    2.4000    2.4000    2.4000
100000*second partial in parameter space
       37.       40.       23.        2.        3.        4.
        4.        6.        5.        5.        2.        3.
  0.0260  0.0261  0.0260  0.0259  0.0260  0.0261  0.0260  0.0261  0.0261  0.0261  0.0259  0.0260
  0.0259  0.0259  0.0259  0.0258  0.0259  0.0259  0.0259  0.0260  0.0259  0.0259  0.0259  0.0259
  0.0258  0.0258  0.0258  0.0258  0.0258  0.0259  0.0258  0.0258  0.0258  0.0258  0.0258  0.0258
  0.0258  0.0258  0.0258  0.0258  0.0258  0.0258  0.0258  0.0258  0.0258  0.0258  0.0258  0.0258
  0.0258  0.0258  0.0258  0.0258  0.0258  0.0258  0.0258  0.0258  0.0258  0.0258  0.0258  0.0258
  0.0259  0.0259  0.0259  0.0259  0.0259  0.0259  0.0259  0.0260  0.0259  0.0259  0.0259  0.0259
  0.0260  0.0261  0.0259  0.0259  0.0260  0.0260  0.0260  0.0261  0.0261  0.0261  0.0259  0.0260
   -1.4934   25.6686   -7.6602   -7.0644  -30.7495  -30.8363
   -2.6320   -1.3984    3.3047   40.4883   -2.8254  -35.5354
eta,q 0.97420  9.29403

---------------------------------------------------------------------
imgreg_4dfp /opt/freesurfer/average/711-2C_as_mni_average_305 /opt/freesurfer/average/711-2B_as_mni_average_305_mask talsrcimg_g11 none talsrcimg_to_711-2C_as_mni_average_305_t4 2311
---------------------------------------------------------------------

freesurfer imgreg_4dfp.c
/opt/freesurfer/average/711-2C_as_mni_average_305.4dfp.img
       256       256       256         1
  1.000000  1.000000  1.000000
orientation T byte_order littleendian
Reading image: /opt/freesurfer/average/711-2C_as_mni_average_305.4dfp.img
dimensions:      256       256       256
mmppix:       1.0000   -1.0000   -1.0000
center:     128.0000 -129.0000 -129.0000
/opt/freesurfer/average/711-2B_as_mni_average_305_mask.4dfp.img
       256       256       256         1
  1.000000  1.000000  1.000000
orientation T byte_order littleendian
Reading mask: /opt/freesurfer/average/711-2B_as_mni_average_305_mask.4dfp.img (2306576 pixels)
talsrcimg_g11.4dfp.img
       256       256       256         1
  1.000000  1.000000  1.000000
orientation T byte_order littleendian
Reading image: talsrcimg_g11.4dfp.img
dimensions:      256       256       256
mmppix:       1.0000   -1.0000   -1.0000
center:     128.0000 -129.0000 -129.0000
fimgreg.f
image alignment mode   2311 decimal      907 hex
parameters
   -1.4934   25.6686   -7.6602   -7.0644  -30.7495  -30.8363
   -2.6320   -1.3984    3.3047   40.4883   -2.8254  -35.5354
eta,q 0.97420  9.29403
niter,ni,del,rscale     5    3    5.0000    0.8000
parameters
   -1.5033   25.6794   -7.6344   -6.2264  -30.5535  -31.1300
   -2.5306   -1.3734    3.3899   40.5573   -2.8893  -35.4771
eta,q 0.97416  9.33488
  0.0267  0.0268  0.0264  0.0264  0.0266  0.0267  0.0267  0.0271  0.0269  0.0269  0.0262  0.0264
  0.0262  0.0263  0.0261  0.0260  0.0262  0.0263  0.0263  0.0264  0.0263  0.0263  0.0260  0.0261
  0.0259  0.0259  0.0259  0.0258  0.0259  0.0260  0.0260  0.0260  0.0260  0.0260  0.0259  0.0259
  0.0258  0.0258  0.0258  0.0258  0.0258  0.0258  0.0258  0.0258  0.0258  0.0258  0.0258  0.0258
  0.0259  0.0259  0.0259  0.0259  0.0259  0.0259  0.0259  0.0260  0.0259  0.0260  0.0259  0.0259
  0.0262  0.0262  0.0261  0.0260  0.0261  0.0263  0.0262  0.0264  0.0263  0.0263  0.0260  0.0261
  0.0268  0.0268  0.0264  0.0260  0.0265  0.0271  0.0266  0.0271  0.0268  0.0268  0.0263  0.0264
niter,ni,del,rscale     4    3    5.0000    0.7000
parameters
   -1.5078   25.6566   -7.7066   -6.1890  -30.5446  -31.1614
   -2.5323   -1.3771    3.4032   40.5255   -2.8824  -35.4787
eta,q 0.97417  9.33412
  0.0265  0.0266  0.0262  0.0261  0.0264  0.0266  0.0265  0.0268  0.0266  0.0266  0.0262  0.0263
  0.0261  0.0262  0.0260  0.0259  0.0261  0.0262  0.0261  0.0263  0.0262  0.0262  0.0260  0.0260
  0.0259  0.0259  0.0259  0.0258  0.0259  0.0259  0.0259  0.0259  0.0259  0.0259  0.0259  0.0259
  0.0258  0.0258  0.0258  0.0258  0.0258  0.0258  0.0258  0.0258  0.0258  0.0258  0.0258  0.0258
  0.0259  0.0259  0.0259  0.0259  0.0259  0.0259  0.0259  0.0259  0.0259  0.0259  0.0259  0.0259
  0.0261  0.0262  0.0261  0.0260  0.0261  0.0262  0.0261  0.0263  0.0262  0.0262  0.0260  0.0260
  0.0265  0.0266  0.0263  0.0260  0.0264  0.0267  0.0265  0.0268  0.0266  0.0266  0.0262  0.0263
niter,ni,del,rscale     3    3    5.0000    0.6000
parameters
   -1.5071   25.6525   -7.7173   -6.5441  -30.6054  -31.0622
   -2.5811   -1.3873    3.3650   40.5202   -2.8587  -35.4938
eta,q 0.97418  9.31716
  0.0263  0.0264  0.0262  0.0260  0.0262  0.0264  0.0263  0.0265  0.0264  0.0264  0.0261  0.0261
  0.0261  0.0261  0.0260  0.0259  0.0260  0.0261  0.0260  0.0262  0.0261  0.0261  0.0259  0.0260
  0.0259  0.0259  0.0259  0.0258  0.0258  0.0259  0.0259  0.0259  0.0259  0.0259  0.0259  0.0259
  0.0258  0.0258  0.0258  0.0258  0.0258  0.0258  0.0258  0.0258  0.0258  0.0258  0.0258  0.0258
  0.0259  0.0259  0.0259  0.0259  0.0259  0.0259  0.0259  0.0259  0.0259  0.0259  0.0258  0.0259
  0.0261  0.0261  0.0260  0.0260  0.0260  0.0260  0.0261  0.0262  0.0261  0.0261  0.0259  0.0260
  0.0263  0.0264  0.0262  0.0260  0.0262  0.0264  0.0263  0.0266  0.0264  0.0264  0.0261  0.0262
niter,ni,del,rscale     2    3    5.0000    0.5000
parameters
   -1.4947   25.6625   -7.6877   -6.8581  -30.6779  -30.9424
   -2.6165   -1.3966    3.3320   40.5098   -2.8133  -35.5167
eta,q 0.97419  9.30352
  0.0262  0.0262  0.0261  0.0260  0.0261  0.0262  0.0261  0.0263  0.0262  0.0262  0.0260  0.0260
  0.0260  0.0260  0.0259  0.0258  0.0259  0.0260  0.0260  0.0260  0.0260  0.0260  0.0259  0.0259
  0.0259  0.0259  0.0259  0.0258  0.0258  0.0259  0.0258  0.0259  0.0258  0.0259  0.0258  0.0258
  0.0258  0.0258  0.0258  0.0258  0.0258  0.0258  0.0258  0.0258  0.0258  0.0258  0.0258  0.0258
  0.0259  0.0259  0.0258  0.0259  0.0259  0.0258  0.0258  0.0259  0.0259  0.0259  0.0258  0.0258
  0.0260  0.0260  0.0259  0.0259  0.0260  0.0260  0.0260  0.0260  0.0260  0.0260  0.0259  0.0259
  0.0262  0.0262  0.0260  0.0260  0.0261  0.0262  0.0262  0.0263  0.0262  0.0262  0.0260  0.0261
niter,ni,del,rscale     1    3    5.0000    0.4000
parameters
   -1.4952   25.6682   -7.6523   -7.0953  -30.7679  -30.8290
   -2.6399   -1.4017    3.2939   40.4891   -2.8085  -35.5430
eta,q 0.97420  9.29222
  0.0260  0.0261  0.0260  0.0259  0.0260  0.0261  0.0260  0.0261  0.0261  0.0261  0.0259  0.0260
  0.0259  0.0259  0.0259  0.0258  0.0259  0.0259  0.0259  0.0260  0.0259  0.0259  0.0259  0.0259
  0.0258  0.0258  0.0258  0.0258  0.0258  0.0258  0.0258  0.0258  0.0258  0.0258  0.0258  0.0258
  0.0258  0.0258  0.0258  0.0258  0.0258  0.0258  0.0258  0.0258  0.0258  0.0258  0.0258  0.0258
  0.0258  0.0258  0.0258  0.0258  0.0258  0.0258  0.0258  0.0258  0.0258  0.0258  0.0258  0.0258
  0.0259  0.0259  0.0259  0.0259  0.0259  0.0259  0.0259  0.0260  0.0259  0.0259  0.0259  0.0259
  0.0260  0.0261  0.0259  0.0259  0.0260  0.0260  0.0260  0.0261  0.0261  0.0261  0.0259  0.0260
registration optimization eta report
parameter search radius
    0.8000    0.8000    0.8000    2.4000    2.4000    2.4000
    2.4000    2.4000    2.4000    2.4000    2.4000    2.4000
100000*second partial in parameter space
       37.       40.       23.        2.        3.        5.
        4.        6.        5.        5.        2.        3.
  0.0260  0.0261  0.0260  0.0259  0.0260  0.0261  0.0260  0.0261  0.0261  0.0261  0.0259  0.0260
  0.0259  0.0259  0.0259  0.0258  0.0259  0.0259  0.0259  0.0260  0.0259  0.0259  0.0259  0.0259
  0.0258  0.0258  0.0258  0.0258  0.0258  0.0258  0.0258  0.0258  0.0258  0.0258  0.0258  0.0258
  0.0258  0.0258  0.0258  0.0258  0.0258  0.0258  0.0258  0.0258  0.0258  0.0258  0.0258  0.0258
  0.0258  0.0258  0.0258  0.0258  0.0258  0.0258  0.0258  0.0258  0.0258  0.0258  0.0258  0.0258
  0.0259  0.0259  0.0259  0.0259  0.0259  0.0259  0.0259  0.0260  0.0259  0.0259  0.0259  0.0259
  0.0260  0.0261  0.0259  0.0259  0.0260  0.0260  0.0260  0.0261  0.0261  0.0261  0.0259  0.0260
   -1.4952   25.6682   -7.6523   -7.0953  -30.7679  -30.8290
   -2.6399   -1.4017    3.2939   40.4891   -2.8085  -35.5430
eta,q 0.97420  9.29222

---------------------------------------------------------------------
compute_vox2vox talsrcimg talsrcimg_to_711-2C_as_mni_average_305_t4 /opt/freesurfer/average/711-2C_as_mni_average_305
---------------------------------------------------------------------

freesurfer compute_vox2vox.c
Reading: talsrcimg.4dfp.ifh
Reading: talsrcimg_to_711-2C_as_mni_average_305_t4
Reading: /opt/freesurfer/average/711-2C_as_mni_average_305.4dfp.ifh
Writing: talsrcimg_to_711-2C_as_mni_average_305_t4_vox2vox.txt

start time Sun Mar 15 08:15:19 CET 2026
end		time Sun Mar 15 08:16:45 CET 2026

mpr2mni305 success

avi2talxfm orig_nu.mgz /opt/freesurfer/average/mni305.cor.mgz talsrcimg_to_711-2C_as_mni_average_305_t4_vox2vox.txt transforms/talairach.auto.xfm
avi2talxfm done
mv -f /out/sourcedata/freesurfer/sub-v2s10x28987_ses-1/mri/talsrcimg_to_711-2C_as_mni_average_305_t4_vox2vox.txt /out/sourcedata/freesurfer/sub-v2s10x28987_ses-1/mri/transforms/talsrcimg_to_711-2C_as_mni_average_305_t4_vox2vox.txt
lta_convert --src orig_nu.mgz --trg /opt/freesurfer/average/mni305.cor.mgz --inxfm transforms/talairach.auto.xfm --outlta transforms/talairach.auto.xfm.lta --subject fsaverage
7.3.2

--src: orig_nu.mgz src image (geometry).
--trg: /opt/freesurfer/average/mni305.cor.mgz trg image (geometry).
--inmni: transforms/talairach.auto.xfm input MNI/XFM transform.
--outlta: transforms/talairach.auto.xfm.lta output LTA.
--s: fsaverage subject name
 LTA read, type : 1
 1.07490  -0.00170   0.04011  -0.73080;
 0.01335   1.11161   0.57120  -21.18025;
-0.05895  -0.65003   1.10845   16.29964;
 0.00000   0.00000   0.00000   1.00000;
setting subject to fsaverage
Writing  LTA to file transforms/talairach.auto.xfm.lta...
lta_convert successful.
 
 
Started at Sun Mar 15 08:15:18 CET 2026
Ended   at Sun Mar 15 08:16:45 CET 2026
talairach_avi done
