status file for recon-all
Sun Mar 15 09:47:03 CET 2026
#@# Tessellate lh Sun Mar 15 09:47:03 CET 2026
#@# Smooth1 lh Sun Mar 15 09:47:07 CET 2026
#@# Inflation1 lh Sun Mar 15 09:47:09 CET 2026
#@# QSphere lh Sun Mar 15 09:47:19 CET 2026
#@# Fix Topology lh Sun Mar 15 09:48:18 CET 2026
#@# Smooth2 lh Sun Mar 15 09:53:31 CET 2026
#@# Inflation2 lh Sun Mar 15 09:53:34 CET 2026
#@# Curv .H and .K lh Sun Mar 15 09:53:45 CET 2026
#@# Sphere lh Sun Mar 15 09:54:31 CET 2026
#@# Surf Reg lh Sun Mar 15 09:56:31 CET 2026
#@# Jacobian white lh Sun Mar 15 09:59:43 CET 2026
#@# AvgCurv lh Sun Mar 15 09:59:44 CET 2026
#@# Cortical Parc lh Sun Mar 15 09:59:45 CET 2026
#@# white curv lh Sun Mar 15 10:05:22 CET 2026
#@# white area lh Sun Mar 15 10:05:23 CET 2026
#@# pial curv lh Sun Mar 15 10:05:24 CET 2026
#@# pial area lh Sun Mar 15 10:05:25 CET 2026
#@# thickness lh Sun Mar 15 10:05:26 CET 2026
#@# area and vertex vol lh Sun Mar 15 10:05:54 CET 2026
#@# Curvature Stats lh Sun Mar 15 10:05:56 CET 2026
#@# Cortical Parc 2 lh Sun Mar 15 10:05:58 CET 2026
#@# Cortical Parc 3 lh Sun Mar 15 10:06:10 CET 2026
#@# WM/GM Contrast lh Sun Mar 15 10:06:20 CET 2026
recon-all -s sub-v2s10x28985_ses-1 finished without error at Sun Mar 15 10:06:22 CET 2026



#New# invocation of recon-all 



status file for recon-all
Sun Mar 15 10:32:04 CET 2026
#@# white curv lh Sun Mar 15 10:32:04 CET 2026
#@# white area lh Sun Mar 15 10:32:04 CET 2026
#@# pial curv lh Sun Mar 15 10:32:04 CET 2026
#@# pial area lh Sun Mar 15 10:32:04 CET 2026
#@# thickness lh Sun Mar 15 10:32:04 CET 2026
#@# area and vertex vol lh Sun Mar 15 10:32:04 CET 2026
#@# Parcellation Stats lh Sun Mar 15 10:32:04 CET 2026
#@# Parcellation Stats 2 lh Sun Mar 15 10:32:21 CET 2026
#@# Parcellation Stats 3 lh Sun Mar 15 10:32:30 CET 2026
#@# BA_exvivo Labels lh Sun Mar 15 10:32:38 CET 2026
recon-all -s sub-v2s10x28985_ses-1 finished without error at Sun Mar 15 10:35:00 CET 2026
