/out/sourcedata/freesurfer/sub-v2s10x28997_ses-1/mri
/opt/freesurfer/bin/talairach_avi
--i orig_nu.mgz --xfm transforms/talairach.auto.xfm
talairach_avi 7.3.2
Linux dna058 5.14.0-427.37.1.el9_4.x86_64 #1 SMP PREEMPT_DYNAMIC Fri Sep 13 12:41:50 EDT 2024 x86_64 x86_64 x86_64 GNU/Linux
Sun Mar 15 10:49:56 CET 2026
mri_convert orig_nu.mgz talsrcimg.img 
reading from orig_nu.mgz...
TR=0.00, TE=0.00, TI=0.00, flip angle=0.00
i_ras = (-1, 6.54836e-10, 0)
j_ras = (0, -1.16415e-10, -1)
k_ras = (-6.40284e-10, 1, 0)
writing to talsrcimg.img...
Analyze Output Matrix
-1.00000   0.00000  -0.00000   124.32181;
 0.00000  -0.00000   1.00000  -124.18186;
 0.00000  -1.00000   0.00000   106.98298;
 0.00000   0.00000   0.00000   1.00000;
--------------------
INFO: set hdr.hist.orient to -1
mpr2mni305 talsrcimg
Sun Mar 15 10:49:56 CET 2026
/opt/freesurfer/bin/mpr2mni305 talsrcimg
mpr2mni305 7.3.2
target=711-2C_as_mni_average_305

---------------------------------------------------------------------
analyzeto4dfp talsrcimg -O0 -y
---------------------------------------------------------------------

freesurfer ifh2hdr.c
Sun Mar 15 10:49:57 2026
Writing: talsrcimg.4dfp.hdr
freesurfer analyzeto4dfp.c
Reading: talsrcimg.hdr
header size 348 bytes
hdr.dime.datatype	offset=70	value=2
hdr.dime.bitpix		offset=72	value=8
hdr.hist.orient		offset=252	value=-1
dimensionality     4
dimensions       256       256       256         1
Reading: talsrcimg.img
Writing: talsrcimg.4dfp.img
Writing: talsrcimg.4dfp.ifh
ifh2hdr talsrcimg -r0to209
ori=2

---------------------------------------------------------------------
gauss_4dfp talsrcimg 1.1
---------------------------------------------------------------------

freesurfer gauss_4dfp.c
Reading: talsrcimg.4dfp.img
Writing: talsrcimg_g11.4dfp.img
image dimensions 256 256 256 padded to 288 288 288
processing volume 1freesurfer ifh2hdr.c
Sun Mar 15 10:49:58 2026
Writing: talsrcimg_g11.4dfp.hdr

Writing: talsrcimg_g11.4dfp.ifh
including: talsrcimg.4dfp.img.rec in talsrcimg_g11.4dfp.img.rec

---------------------------------------------------------------------
imgreg_4dfp /opt/freesurfer/average/711-2C_as_mni_average_305 none talsrcimg_g11 none talsrcimg_to_711-2C_as_mni_average_305_t4 4355
---------------------------------------------------------------------

freesurfer imgreg_4dfp.c
/opt/freesurfer/average/711-2C_as_mni_average_305.4dfp.img
       256       256       256         1
  1.000000  1.000000  1.000000
orientation T byte_order littleendian
Reading image: /opt/freesurfer/average/711-2C_as_mni_average_305.4dfp.img
dimensions:      256       256       256
mmppix:       1.0000   -1.0000   -1.0000
center:     128.0000 -129.0000 -129.0000
talsrcimg_g11.4dfp.img
       256       256       256         1
  1.000000  1.000000  1.000000
orientation T byte_order littleendian
Reading image: talsrcimg_g11.4dfp.img
dimensions:      256       256       256
mmppix:       1.0000   -1.0000   -1.0000
center:     128.0000 -129.0000 -129.0000
t4_read: open error in t4_sub.f l:  41 t4_file(1:l)talsrcimg_to_711-2C_as_mni_average_305_t4 
t4_read: transform initialized to I4
rotation matrix determinant  1.000000
image alignment mode   4355 decimal     1103 hex
   -7.5000  -45.0000  -45.0000 5587.0708   18.3949
    0.0000  -45.0000  -45.0000 5851.1812   18.3745
    7.5000  -45.0000  -45.0000 5669.3047   18.3803
   -7.5000  -37.5000  -45.0000 6216.1255   17.9300
    0.0000  -37.5000  -45.0000 6488.2305   17.9133
    7.5000  -37.5000  -45.0000 6289.0566   17.9316
   -7.5000  -30.0000  -45.0000 7072.7852   17.5509
    0.0000  -30.0000  -45.0000 7407.5254   17.5383
    7.5000  -30.0000  -45.0000 7152.9585   17.5659
   -7.5000  -22.5000  -45.0000 7970.5015   17.4102
    0.0000  -22.5000  -45.0000 8361.6279   17.3974
    7.5000  -22.5000  -45.0000 8043.2456   17.4237
   -7.5000  -15.0000  -45.0000 8872.9736   17.3816
    0.0000  -15.0000  -45.0000 9345.8096   17.3666
    7.5000  -15.0000  -45.0000 8964.5957   17.3831
   -7.5000   -7.5000  -45.0000 9775.6562   17.3731
    0.0000   -7.5000  -45.000010288.1260   17.3560
    7.5000   -7.5000  -45.0000 9879.9834   17.3649
   -7.5000    0.0000  -45.000010663.3838   17.3695
    0.0000    0.0000  -45.000011232.8174   17.3526
    7.5000    0.0000  -45.000010755.9688   17.3623
   -7.5000    7.5000  -45.000010675.3135   17.3433
    0.0000    7.5000  -45.000011230.8350   17.3295
    7.5000    7.5000  -45.000010756.8340   17.3488
   -7.5000   15.0000  -45.000010517.1240   17.3216
    0.0000   15.0000  -45.000011072.8232   17.3104
    7.5000   15.0000  -45.000010587.1982   17.3389
   -7.5000   22.5000  -45.000010345.0684   17.3292
    0.0000   22.5000  -45.000010892.4492   17.3169
    7.5000   22.5000  -45.000010387.3008   17.3440
   -7.5000   30.0000  -45.000010112.3965   17.1252
    0.0000   30.0000  -45.000010641.0488   17.1105
    7.5000   30.0000  -45.000010138.0615   17.1271
   -7.5000   37.5000  -45.000010096.3340   17.1412
    0.0000   37.5000  -45.000010639.2539   17.1243
    7.5000   37.5000  -45.000010146.7832   17.1331
   -7.5000   45.0000  -45.0000 9690.4023   16.7028
    0.0000   45.0000  -45.000010212.1895   16.6866
    7.5000   45.0000  -45.0000 9724.9785   16.6959
   -7.5000  -45.0000  -37.5000 5968.7651   18.3037
    0.0000  -45.0000  -37.5000 6241.4282   18.2854
    7.5000  -45.0000  -37.5000 6044.8945   18.2966
   -7.5000  -37.5000  -37.5000 6602.1006   17.8435
    0.0000  -37.5000  -37.5000 6903.0684   17.8276
    7.5000  -37.5000  -37.5000 6686.2192   17.8467
   -7.5000  -30.0000  -37.5000 7508.7139   17.4759
    0.0000  -30.0000  -37.5000 7892.7983   17.4634
    7.5000  -30.0000  -37.5000 7612.9790   17.4883
   -7.5000  -22.5000  -37.5000 8480.5859   17.3404
    0.0000  -22.5000  -37.5000 8934.0674   17.3294
    7.5000  -22.5000  -37.5000 8592.0557   17.3546
   -7.5000  -15.0000  -37.5000 9474.6572   17.3098
    0.0000  -15.0000  -37.5000 9973.8525   17.2980
    7.5000  -15.0000  -37.5000 9579.8379   17.3179
   -7.5000   -7.5000  -37.500010456.3936   17.2950
    0.0000   -7.5000  -37.500010992.3057   17.2809
    7.5000   -7.5000  -37.500010542.9033   17.2956
   -7.5000    0.0000  -37.500011381.9482   17.2867
    0.0000    0.0000  -37.500011975.3770   17.2715
    7.5000    0.0000  -37.500011461.2148   17.2861
   -7.5000    7.5000  -37.500011366.8848   17.2629
    0.0000    7.5000  -37.500011966.7920   17.2497
    7.5000    7.5000  -37.500011447.1494   17.2696
   -7.5000   15.0000  -37.500011176.7988   17.2484
    0.0000   15.0000  -37.500011776.3857   17.2373
    7.5000   15.0000  -37.500011239.3750   17.2632
   -7.5000   22.5000  -37.500010961.6201   17.2599
    0.0000   22.5000  -37.500011546.6748   17.2494
    7.5000   22.5000  -37.500010996.5898   17.2754
   -7.5000   30.0000  -37.500010698.8877   17.0545
    0.0000   30.0000  -37.500011262.6768   17.0429
    7.5000   30.0000  -37.500010733.8154   17.0629
   -7.5000   37.5000  -37.500010694.4678   17.0641
    0.0000   37.5000  -37.500011271.1094   17.0502
    7.5000   37.5000  -37.500010739.0459   17.0648
   -7.5000   45.0000  -37.500010276.8438   16.6232
    0.0000   45.0000  -37.500010842.6582   16.6087
    7.5000   45.0000  -37.500010304.1895   16.6227
   -7.5000  -45.0000  -30.0000 6433.1377   19.0614
    0.0000  -45.0000  -30.0000 6733.0684   19.0435
    7.5000  -45.0000  -30.0000 6516.4971   19.0563
   -7.5000  -37.5000  -30.0000 7110.5161   18.5833
    0.0000  -37.5000  -30.0000 7453.6382   18.5654
    7.5000  -37.5000  -30.0000 7196.5029   18.5823
   -7.5000  -30.0000  -30.0000 8090.5435   18.2131
    0.0000  -30.0000  -30.0000 8526.4346   18.1980
    7.5000  -30.0000  -30.0000 8197.6680   18.2191
   -7.5000  -22.5000  -30.0000 9172.5293   18.0798
    0.0000  -22.5000  -30.0000 9663.6260   18.0679
    7.5000  -22.5000  -30.0000 9282.9111   18.0919
   -7.5000  -15.0000  -30.000010247.7598   18.0448
    0.0000  -15.0000  -30.000010790.1660   18.0340
    7.5000  -15.0000  -30.000010354.4648   18.0566
   -7.5000   -7.5000  -30.000011304.1914   18.0175
    0.0000   -7.5000  -30.000011879.6875   18.0049
    7.5000   -7.5000  -30.000011392.0752   18.0234
   -7.5000    0.0000  -30.000012262.0752   17.9996
    0.0000    0.0000  -30.000012897.3828   17.9848
    7.5000    0.0000  -30.000012350.0898   18.0009
   -7.5000    7.5000  -30.000012267.9619   17.9790
    0.0000    7.5000  -30.000012881.7803   17.9640
    7.5000    7.5000  -30.000012347.0469   17.9820
   -7.5000   15.0000  -30.000012067.6914   17.9762
    0.0000   15.0000  -30.000012657.9414   17.9626
    7.5000   15.0000  -30.000012112.2832   17.9849
   -7.5000   22.5000  -30.000011820.9824   17.9940
    0.0000   22.5000  -30.000012411.4795   17.9826
    7.5000   22.5000  -30.000011840.7588   18.0075
   -7.5000   30.0000  -30.000011503.9219   17.7803
    0.0000   30.0000  -30.000012093.1289   17.7698
    7.5000   30.0000  -30.000011517.2090   17.7924
   -7.5000   37.5000  -30.000011498.0996   17.7787
    0.0000   37.5000  -30.000012104.7578   17.7662
    7.5000   37.5000  -30.000011494.8311   17.7845
   -7.5000   45.0000  -30.000011034.3457   17.3215
    0.0000   45.0000  -30.000011630.2090   17.3072
    7.5000   45.0000  -30.000011021.1514   17.3228
   -7.5000  -45.0000  -22.5000 6890.1025   19.7301
    0.0000  -45.0000  -22.5000 7215.0005   19.7101
    7.5000  -45.0000  -22.5000 6968.5273   19.7167
   -7.5000  -37.5000  -22.5000 7622.7085   19.2351
    0.0000  -37.5000  -22.5000 8014.6177   19.2141
    7.5000  -37.5000  -22.5000 7709.0601   19.2265
   -7.5000  -30.0000  -22.5000 8698.5537   18.8557
    0.0000  -30.0000  -22.5000 9174.5479   18.8372
    7.5000  -30.0000  -22.5000 8810.3027   18.8566
   -7.5000  -22.5000  -22.5000 9888.3652   18.7215
    0.0000  -22.5000  -22.500010430.7910   18.7061
    7.5000  -22.5000  -22.5000 9996.7822   18.7291
   -7.5000  -15.0000  -22.500011024.0156   18.6847
    0.0000  -15.0000  -22.500011622.2666   18.6704
    7.5000  -15.0000  -22.500011146.4141   18.6909
   -7.5000   -7.5000  -22.500012128.4121   18.6513
    0.0000   -7.5000  -22.500012766.8711   18.6360
    7.5000   -7.5000  -22.500012222.7363   18.6505
   -7.5000    0.0000  -22.500013144.6387   18.6284
    0.0000    0.0000  -22.500013820.6367   18.6116
    7.5000    0.0000  -22.500013228.3145   18.6225
   -7.5000    7.5000  -22.500013125.8145   18.6086
    0.0000    7.5000  -22.500013778.4053   18.5908
    7.5000    7.5000  -22.500013215.5508   18.6049
   -7.5000   15.0000  -22.500012898.6611   18.6105
    0.0000   15.0000  -22.500013545.9883   18.5936
    7.5000   15.0000  -22.500012977.4092   18.6143
   -7.5000   22.5000  -22.500012629.1318   18.6314
    0.0000   22.5000  -22.500013256.6055   18.6166
    7.5000   22.5000  -22.500012658.7275   18.6404
   -7.5000   30.0000  -22.500012286.6484   18.4136
    0.0000   30.0000  -22.500012920.7168   18.3997
    7.5000   30.0000  -22.500012287.5410   18.4203
   -7.5000   37.5000  -22.500012288.8711   18.4068
    0.0000   37.5000  -22.500012933.3535   18.3918
    7.5000   37.5000  -22.500012262.2500   18.4061
   -7.5000   45.0000  -22.500011755.1016   17.9401
    0.0000   45.0000  -22.500012396.5391   17.9239
    7.5000   45.0000  -22.500011739.0605   17.9344
   -7.5000  -45.0000  -15.0000 7349.6387   20.2271
    0.0000  -45.0000  -15.0000 7710.9448   20.2042
    7.5000  -45.0000  -15.0000 7421.9204   20.2032
   -7.5000  -37.5000  -15.0000 8133.4731   19.7188
    0.0000  -37.5000  -15.0000 8572.4531   19.6962
    7.5000  -37.5000  -15.0000 8240.3662   19.7060
   -7.5000  -30.0000  -15.0000 9302.4961   19.3216
    0.0000  -30.0000  -15.0000 9818.4648   19.3019
    7.5000  -30.0000  -15.0000 9424.7871   19.3228
   -7.5000  -22.5000  -15.000010573.4014   19.1798
    0.0000  -22.5000  -15.000011142.1514   19.1618
    7.5000  -22.5000  -15.000010677.2627   19.1844
   -7.5000  -15.0000  -15.000011810.0410   19.1441
    0.0000  -15.0000  -15.000012428.2998   19.1257
    7.5000  -15.0000  -15.000011903.6582   19.1411
   -7.5000   -7.5000  -15.000012963.5088   19.1161
    0.0000   -7.5000  -15.000013629.7139   19.0972
    7.5000   -7.5000  -15.000013033.1885   19.1040
   -7.5000    0.0000  -15.000014015.0840   19.0976
    0.0000    0.0000  -15.000014746.5752   19.0783
    7.5000    0.0000  -15.000014095.9395   19.0825
   -7.5000    7.5000  -15.000013959.6172   19.0752
    0.0000    7.5000  -15.000014673.4404   19.0562
    7.5000    7.5000  -15.000014046.6045   19.0679
   -7.5000   15.0000  -15.000013701.0303   19.0704
    0.0000   15.0000  -15.000014388.9238   19.0523
    7.5000   15.0000  -15.000013764.2715   19.0745
   -7.5000   22.5000  -15.000013383.0361   19.0867
    0.0000   22.5000  -15.000014080.9297   19.0693
    7.5000   22.5000  -15.000013417.3633   19.0928
   -7.5000   30.0000  -15.000013038.7783   18.8691
    0.0000   30.0000  -15.000013756.5664   18.8511
    7.5000   30.0000  -15.000013039.9463   18.8667
   -7.5000   37.5000  -15.000013059.3379   18.8682
    0.0000   37.5000  -15.000013786.3789   18.8496
    7.5000   37.5000  -15.000013033.1514   18.8563
   -7.5000   45.0000  -15.000012474.8730   18.4031
    0.0000   45.0000  -15.000013162.2207   18.3845
    7.5000   45.0000  -15.000012448.7451   18.3885
   -7.5000  -45.0000   -7.5000 7837.7378   20.4713
    0.0000  -45.0000   -7.5000 8224.0557   20.4477
    7.5000  -45.0000   -7.5000 7911.0483   20.4472
   -7.5000  -37.5000   -7.5000 8698.4033   19.9558
    0.0000  -37.5000   -7.5000 9159.4160   19.9350
    7.5000  -37.5000   -7.5000 8791.7070   19.9488
   -7.5000  -30.0000   -7.5000 9940.0566   19.5398
    0.0000  -30.0000   -7.500010480.8223   19.5230
    7.5000  -30.0000   -7.500010044.9883   19.5492
   -7.5000  -22.5000   -7.500011280.7109   19.3875
    0.0000  -22.5000   -7.500011883.7451   19.3707
    7.5000  -22.5000   -7.500011383.6523   19.3963
   -7.5000  -15.0000   -7.500012584.2715   19.3548
    0.0000  -15.0000   -7.500013229.6445   19.3359
    7.5000  -15.0000   -7.500012667.4482   19.3505
   -7.5000   -7.5000   -7.500013792.3506   19.3400
    0.0000   -7.5000   -7.500014508.0879   19.3198
    7.5000   -7.5000   -7.500013881.5537   19.3248
   -7.5000    0.0000   -7.500014908.5166   19.3315
    0.0000    0.0000   -7.500015693.1494   19.3117
    7.5000    0.0000   -7.500015002.4482   19.3164
   -7.5000    7.5000   -7.500014839.6592   19.3043
    0.0000    7.5000   -7.500015611.7861   19.2869
    7.5000    7.5000   -7.500014921.1709   19.3025
   -7.5000   15.0000   -7.500014558.5957   19.2856
    0.0000   15.0000   -7.500015286.4346   19.2704
    7.5000   15.0000   -7.500014590.3525   19.2977
   -7.5000   22.5000   -7.500014192.5938   19.2914
    0.0000   22.5000   -7.500014915.3066   19.2753
    7.5000   22.5000   -7.500014186.1328   19.3016
   -7.5000   30.0000   -7.500013850.2441   19.0764
    0.0000   30.0000   -7.500014597.3262   19.0579
    7.5000   30.0000   -7.500013811.3555   19.0726
   -7.5000   37.5000   -7.500013859.0752   19.0887
    0.0000   37.5000   -7.500014622.4072   19.0688
    7.5000   37.5000   -7.500013793.3809   19.0737
   -7.5000   45.0000   -7.500013205.1719   18.6319
    0.0000   45.0000   -7.500013939.2930   18.6129
    7.5000   45.0000   -7.500013134.2969   18.6174
   -7.5000  -45.0000    0.0000 8264.3701   20.4992
    0.0000  -45.0000    0.0000 8679.5332   20.4768
    7.5000  -45.0000    0.0000 8332.5225   20.4829
   -7.5000  -37.5000    0.0000 9193.0947   19.9828
    0.0000  -37.5000    0.0000 9697.3584   19.9645
    7.5000  -37.5000    0.0000 9304.7080   19.9845
   -7.5000  -30.0000    0.000010513.5195   19.5610
    0.0000  -30.0000    0.000011097.1611   19.5472
    7.5000  -30.0000    0.000010626.8955   19.5776
   -7.5000  -22.5000    0.000011909.2998   19.4042
    0.0000  -22.5000    0.000012533.5908   19.3901
    7.5000  -22.5000    0.000012004.7930   19.4191
   -7.5000  -15.0000    0.000013250.8564   19.3728
    0.0000  -15.0000    0.000013916.3164   19.3561
    7.5000  -15.0000    0.000013321.7012   19.3743
   -7.5000   -7.5000    0.000014496.6387   19.3643
    0.0000   -7.5000    0.000015257.8662   19.3454
    7.5000   -7.5000    0.000014571.4619   19.3550
   -7.5000    0.0000    0.000015693.6631   19.3609
    0.0000    0.0000    0.000016481.2402   19.3423
    7.5000    0.0000    0.000015791.1992   19.3528
   -7.5000    7.5000    0.000015688.8535   19.3314
    0.0000    7.5000    0.000016497.3105   19.3163
    7.5000    7.5000    0.000015755.0898   19.3375
   -7.5000   15.0000    0.000015402.5771   19.3064
    0.0000   15.0000    0.000016178.8496   19.2941
    7.5000   15.0000    0.000015384.7920   19.3256
   -7.5000   22.5000    0.000014976.5303   19.3081
    0.0000   22.5000    0.000015703.4082   19.2945
    7.5000   22.5000    0.000014936.1982   19.3243
   -7.5000   30.0000    0.000014590.7861   19.0946
    0.0000   30.0000    0.000015318.9141   19.0782
    7.5000   30.0000    0.000014540.3438   19.0965
   -7.5000   37.5000    0.000014610.9336   19.1132
    0.0000   37.5000    0.000015359.7422   19.0945
    7.5000   37.5000    0.000014522.4658   19.1041
   -7.5000   45.0000    0.000013905.6660   18.6617
    0.0000   45.0000    0.000014611.4326   18.6438
    7.5000   45.0000    0.000013777.9121   18.6539
   -7.5000  -45.0000    7.5000 8052.0996   20.4786
    0.0000  -45.0000    7.5000 8472.7529   20.4583
    7.5000  -45.0000    7.5000 8120.7837   20.4708
   -7.5000  -37.5000    7.5000 9022.7959   19.9640
    0.0000  -37.5000    7.5000 9517.5459   19.9463
    7.5000  -37.5000    7.5000 9114.9062   19.9676
   -7.5000  -30.0000    7.500010322.6758   19.5527
    0.0000  -30.0000    7.500010867.9736   19.5388
    7.5000  -30.0000    7.500010417.0723   19.5666
   -7.5000  -22.5000    7.500011641.1416   19.4010
    0.0000  -22.5000    7.500012231.7490   19.3887
    7.5000  -22.5000    7.500011720.3652   19.4169
   -7.5000  -15.0000    7.500012870.6670   19.3667
    0.0000  -15.0000    7.500013537.3086   19.3535
    7.5000  -15.0000    7.500012953.3467   19.3757
   -7.5000   -7.5000    7.500014033.6748   19.3501
    0.0000   -7.5000    7.500014763.2441   19.3344
    7.5000   -7.5000    7.500014113.7979   19.3509
   -7.5000    0.0000    7.500015215.9873   19.3410
    0.0000    0.0000    7.500016012.5801   19.3241
    7.5000    0.0000    7.500015324.7188   19.3404
   -7.5000    7.5000    7.500015348.9502   19.3145
    0.0000    7.5000    7.500016306.2266   19.2998
    7.5000    7.5000    7.500015464.9053   19.3220
   -7.5000   15.0000    7.500015141.9375   19.2982
    0.0000   15.0000    7.500015970.8359   19.2859
    7.5000   15.0000    7.500015168.6104   19.3149
   -7.5000   22.5000    7.500014686.4873   19.3047
    0.0000   22.5000    7.500015314.7637   19.2930
    7.5000   22.5000    7.500014665.9043   19.3221
   -7.5000   30.0000    7.500014298.4883   19.0884
    0.0000   30.0000    7.500014876.7100   19.0756
    7.5000   30.0000    7.500014242.0928   19.0979
   -7.5000   37.5000    7.500014304.9902   19.0992
    0.0000   37.5000    7.500014958.3291   19.0837
    7.5000   37.5000    7.500014231.9580   19.1000
   -7.5000   45.0000    7.500013603.4629   18.6425
    0.0000   45.0000    7.500014264.8223   18.6262
    7.5000   45.0000    7.500013492.4648   18.6419
   -7.5000  -45.0000   15.0000 7727.7017   20.4689
    0.0000  -45.0000   15.0000 8119.3594   20.4496
    7.5000  -45.0000   15.0000 7793.5352   20.4634
   -7.5000  -37.5000   15.0000 8681.6934   19.9554
    0.0000  -37.5000   15.0000 9164.5352   19.9362
    7.5000  -37.5000   15.0000 8765.1465   19.9543
   -7.5000  -30.0000   15.0000 9942.6455   19.5579
    0.0000  -30.0000   15.000010500.9199   19.5416
    7.5000  -30.0000   15.000010042.1338   19.5643
   -7.5000  -22.5000   15.000011219.6094   19.4148
    0.0000  -22.5000   15.000011836.6709   19.4019
    7.5000  -22.5000   15.000011315.6777   19.4278
   -7.5000  -15.0000   15.000012377.4248   19.3772
    0.0000  -15.0000   15.000013044.2705   19.3656
    7.5000  -15.0000   15.000012478.2373   19.3898
   -7.5000   -7.5000   15.000013465.6338   19.3479
    0.0000   -7.5000   15.000014139.9912   19.3343
    7.5000   -7.5000   15.000013553.4375   19.3542
   -7.5000    0.0000   15.000014562.5205   19.3286
    0.0000    0.0000   15.000015322.2617   19.3127
    7.5000    0.0000   15.000014718.2383   19.3301
   -7.5000    7.5000   15.000014718.7520   19.3065
    0.0000    7.5000   15.000015650.3213   19.2904
    7.5000    7.5000   15.000014919.0371   19.3097
   -7.5000   15.0000   15.000014597.0342   19.3035
    0.0000   15.0000   15.000015397.9678   19.2888
    7.5000   15.0000   15.000014751.4600   19.3128
   -7.5000   22.5000   15.000014247.8828   19.3183
    0.0000   22.5000   15.000014890.3867   19.3061
    7.5000   22.5000   15.000014302.5488   19.3328
   -7.5000   30.0000   15.000013858.0830   19.0987
    0.0000   30.0000   15.000014490.7607   19.0874
    7.5000   30.0000   15.000013844.6543   19.1117
   -7.5000   37.5000   15.000013805.1533   19.0970
    0.0000   37.5000   15.000014524.4082   19.0836
    7.5000   37.5000   15.000013750.5967   19.1033
   -7.5000   45.0000   15.000013070.3105   18.6306
    0.0000   45.0000   15.000013796.6279   18.6152
    7.5000   45.0000   15.000012985.5020   18.6319
   -7.5000  -45.0000   22.5000 7287.8701   20.4887
    0.0000  -45.0000   22.5000 7681.8125   20.4680
    7.5000  -45.0000   22.5000 7365.5181   20.4748
   -7.5000  -37.5000   22.5000 8211.0508   19.9745
    0.0000  -37.5000   22.5000 8667.5928   19.9527
    7.5000  -37.5000   22.5000 8297.7588   19.9656
   -7.5000  -30.0000   22.5000 9420.9375   19.5803
    0.0000  -30.0000   22.5000 9932.4375   19.5612
    7.5000  -30.0000   22.5000 9536.8525   19.5813
   -7.5000  -22.5000   22.500010643.8604   19.4410
    0.0000  -22.5000   22.500011228.1172   19.4250
    7.5000  -22.5000   22.500010771.8193   19.4489
   -7.5000  -15.0000   22.500011762.6504   19.4027
    0.0000  -15.0000   22.500012409.1299   19.3880
    7.5000  -15.0000   22.500011889.9229   19.4092
   -7.5000   -7.5000   22.500012800.7852   19.3680
    0.0000   -7.5000   22.500013475.9209   19.3523
    7.5000   -7.5000   22.500012923.5342   19.3672
   -7.5000    0.0000   22.500013824.3174   19.3443
    0.0000    0.0000   22.500014614.2803   19.3269
    7.5000    0.0000   22.500014011.7266   19.3381
   -7.5000    7.5000   22.500013893.2129   19.3237
    0.0000    7.5000   22.500014758.4707   19.3053
    7.5000    7.5000   22.500014102.9170   19.3198
   -7.5000   15.0000   22.500013744.5723   19.3257
    0.0000   15.0000   22.500014601.4668   19.3082
    7.5000   15.0000   22.500013899.6572   19.3296
   -7.5000   22.5000   22.500013498.2686   19.3445
    0.0000   22.5000   22.500014341.6240   19.3291
    7.5000   22.5000   22.500013562.5312   19.3538
   -7.5000   30.0000   22.500013146.2646   19.1239
    0.0000   30.0000   22.500014005.7568   19.1095
    7.5000   30.0000   22.500013174.6543   19.1308
   -7.5000   37.5000   22.500013105.0889   19.1169
    0.0000   37.5000   22.500013933.0049   19.1013
    7.5000   37.5000   22.500013090.5225   19.1162
   -7.5000   45.0000   22.500012386.2480   18.6456
    0.0000   45.0000   22.500013133.3184   18.6289
    7.5000   45.0000   22.500012375.8965   18.6397
   -7.5000  -45.0000   30.0000 6796.9312   20.5589
    0.0000  -45.0000   30.0000 7133.2075   20.5355
    7.5000  -45.0000   30.0000 6866.4717   20.5341
   -7.5000  -37.5000   30.0000 7639.4004   20.0425
    0.0000  -37.5000   30.0000 8053.8877   20.0195
    7.5000  -37.5000   30.0000 7713.5625   20.0291
   -7.5000  -30.0000   30.0000 8761.8330   19.6384
    0.0000  -30.0000   30.0000 9275.3203   19.6184
    7.5000  -30.0000   30.0000 8877.9131   19.6394
   -7.5000  -22.5000   30.0000 9915.6973   19.4939
    0.0000  -22.5000   30.000010518.8320   19.4756
    7.5000  -22.5000   30.000010045.9648   19.4983
   -7.5000  -15.0000   30.000011004.3359   19.4574
    0.0000  -15.0000   30.000011668.6221   19.4387
    7.5000  -15.0000   30.000011125.3496   19.4540
   -7.5000   -7.5000   30.000012044.7676   19.4290
    0.0000   -7.5000   30.000012738.9531   19.4097
    7.5000   -7.5000   30.000012152.5293   19.4162
   -7.5000    0.0000   30.000013045.9375   19.4101
    0.0000    0.0000   30.000013835.3584   19.3905
    7.5000    0.0000   30.000013214.9795   19.3943
   -7.5000    7.5000   30.000013089.4951   19.3873
    0.0000    7.5000   30.000013824.2861   19.3680
    7.5000    7.5000   30.000013238.8486   19.3795
   -7.5000   15.0000   30.000012910.2490   19.3824
    0.0000   15.0000   30.000013523.4307   19.3640
    7.5000   15.0000   30.000012965.3516   19.3863
   -7.5000   22.5000   30.000012619.3994   19.3970
    0.0000   22.5000   30.000013194.3574   19.3793
    7.5000   22.5000   30.000012637.4434   19.4029
   -7.5000   30.0000   30.000012269.1318   19.1779
    0.0000   30.0000   30.000012845.7910   19.1596
    7.5000   30.0000   30.000012304.1904   19.1751
   -7.5000   37.5000   30.000012269.3018   19.1770
    0.0000   37.5000   30.000012855.3545   19.1580
    7.5000   37.5000   30.000012300.2529   19.1645
   -7.5000   45.0000   30.000011644.7715   18.7091
    0.0000   45.0000   30.000012210.0664   18.6902
    7.5000   45.0000   30.000011667.6816   18.6939
   -7.5000  -45.0000   37.5000 6525.0679   20.7430
    0.0000  -45.0000   37.5000 6844.2759   20.7189
    7.5000  -45.0000   37.5000 6565.1704   20.7176
   -7.5000  -37.5000   37.5000 7351.0840   20.2209
    0.0000  -37.5000   37.5000 7741.5317   20.1995
    7.5000  -37.5000   37.5000 7391.7822   20.2129
   -7.5000  -30.0000   37.5000 8453.4502   19.7968
    0.0000  -30.0000   37.5000 8925.7520   19.7795
    7.5000  -30.0000   37.5000 8527.9365   19.8055
   -7.5000  -22.5000   37.5000 9588.4307   19.6405
    0.0000  -22.5000   37.500010132.7324   19.6234
    7.5000  -22.5000   37.5000 9679.7197   19.6488
   -7.5000  -15.0000   37.500010683.6396   19.6069
    0.0000  -15.0000   37.500011266.8242   19.5876
    7.5000  -15.0000   37.500010778.6982   19.6019
   -7.5000   -7.5000   37.500011715.7207   19.5917
    0.0000   -7.5000   37.500012319.1230   19.5711
    7.5000   -7.5000   37.500011807.4111   19.5755
   -7.5000    0.0000   37.500012670.8916   19.5832
    0.0000    0.0000   37.500013352.0010   19.5629
    7.5000    0.0000   37.500012803.6309   19.5670
   -7.5000    7.5000   37.500012669.1250   19.5555
    0.0000    7.5000   37.500013296.6963   19.5376
    7.5000    7.5000   37.500012781.3525   19.5527
   -7.5000   15.0000   37.500012469.3242   19.5364
    0.0000   15.0000   37.500013039.3262   19.5207
    7.5000   15.0000   37.500012528.4111   19.5479
   -7.5000   22.5000   37.500012174.2236   19.5422
    0.0000   22.5000   37.500012716.9492   19.5257
    7.5000   22.5000   37.500012216.8691   19.5520
   -7.5000   30.0000   37.500011792.8848   19.3250
    0.0000   30.0000   37.500012312.7666   19.3062
    7.5000   30.0000   37.500011830.9785   19.3206
   -7.5000   37.5000   37.500011803.4199   19.3376
    0.0000   37.5000   37.500012328.4561   19.3173
    7.5000   37.5000   37.500011844.9736   19.3217
   -7.5000   45.0000   37.500011261.3418   18.8759
    0.0000   45.0000   37.500011768.4902   18.8564
    7.5000   45.0000   37.500011285.5732   18.8603
   -7.5000  -45.0000   45.0000 5972.0698   20.8926
    0.0000  -45.0000   45.0000 6251.3628   20.8685
    7.5000  -45.0000   45.0000 5978.2598   20.8726
   -7.5000  -37.5000   45.0000 6733.7690   20.3647
    0.0000  -37.5000   45.0000 7090.3604   20.3447
    7.5000  -37.5000   45.0000 6759.7666   20.3632
   -7.5000  -30.0000   45.0000 7753.9189   19.9282
    0.0000  -30.0000   45.0000 8163.1587   19.9131
    7.5000  -30.0000   45.0000 7795.0581   19.9426
   -7.5000  -22.5000   45.0000 8775.8926   19.7639
    0.0000  -22.5000   45.0000 9248.9453   19.7486
    7.5000  -22.5000   45.0000 8848.9990   19.7770
   -7.5000  -15.0000   45.0000 9778.5986   19.7302
    0.0000  -15.0000   45.000010284.1289   19.7123
    7.5000  -15.0000   45.0000 9855.6836   19.7297
   -7.5000   -7.5000   45.000010719.2949   19.7211
    0.0000   -7.5000   45.000011264.1953   19.7008
    7.5000   -7.5000   45.000010792.2354   19.7091
   -7.5000    0.0000   45.000011589.2637   19.7182
    0.0000    0.0000   45.000012203.2451   19.6980
    7.5000    0.0000   45.000011715.3506   19.7069
   -7.5000    7.5000   45.000011607.4619   19.6882
    0.0000    7.5000   45.000012172.3975   19.6716
    7.5000    7.5000   45.000011710.9014   19.6914
   -7.5000   15.0000   45.000011439.9736   19.6624
    0.0000   15.0000   45.000011966.3252   19.6488
    7.5000   15.0000   45.000011500.3311   19.6795
   -7.5000   22.5000   45.000011173.9238   19.6636
    0.0000   22.5000   45.000011674.3896   19.6489
    7.5000   22.5000   45.000011222.2314   19.6782
   -7.5000   30.0000   45.000010799.8838   19.4444
    0.0000   30.0000   45.000011284.4277   19.4270
    7.5000   30.0000   45.000010853.1631   19.4444
   -7.5000   37.5000   45.000010819.1406   19.4637
    0.0000   37.5000   45.000011292.3057   19.4437
    7.5000   37.5000   45.000010863.3975   19.4519
   -7.5000   45.0000   45.000010350.6748   19.0147
    0.0000   45.0000   45.000010826.7803   18.9952
    7.5000   45.0000   45.000010373.9365   19.0038

---------------------------------------------------------------------
imgreg_4dfp /opt/freesurfer/average/711-2C_as_mni_average_305 /opt/freesurfer/average/711-2B_as_mni_average_305_mask talsrcimg_g11 none talsrcimg_to_711-2C_as_mni_average_305_t4 4355
---------------------------------------------------------------------

freesurfer imgreg_4dfp.c
/opt/freesurfer/average/711-2C_as_mni_average_305.4dfp.img
       256       256       256         1
  1.000000  1.000000  1.000000
orientation T byte_order littleendian
Reading image: /opt/freesurfer/average/711-2C_as_mni_average_305.4dfp.img
dimensions:      256       256       256
mmppix:       1.0000   -1.0000   -1.0000
center:     128.0000 -129.0000 -129.0000
/opt/freesurfer/average/711-2B_as_mni_average_305_mask.4dfp.img
       256       256       256         1
  1.000000  1.000000  1.000000
orientation T byte_order littleendian
Reading mask: /opt/freesurfer/average/711-2B_as_mni_average_305_mask.4dfp.img (2306576 pixels)
talsrcimg_g11.4dfp.img
       256       256       256         1
  1.000000  1.000000  1.000000
orientation T byte_order littleendian
Reading image: talsrcimg_g11.4dfp.img
dimensions:      256       256       256
mmppix:       1.0000   -1.0000   -1.0000
center:     128.0000 -129.0000 -129.0000
rotation matrix determinant  1.000000
image alignment mode   4355 decimal     1103 hex
   -7.5000  -37.5000  -45.0000 1724.5789   28.1187
    0.0000  -37.5000  -45.0000 1740.4557   27.7624
    7.5000  -37.5000  -45.0000 1737.5377   27.9248
   -7.5000  -30.0000  -45.0000 1838.8064   24.6246
    0.0000  -30.0000  -45.0000 1856.3314   24.3232
    7.5000  -30.0000  -45.0000 1849.4174   24.3834
   -7.5000  -22.5000  -45.0000 1943.9324   21.8873
    0.0000  -22.5000  -45.0000 1958.7861   21.5935
    7.5000  -22.5000  -45.0000 1951.9447   21.6310
   -7.5000  -15.0000  -45.0000 2038.8649   19.7793
    0.0000  -15.0000  -45.0000 2058.4150   19.5786
    7.5000  -15.0000  -45.0000 2052.9036   19.5309
   -7.5000   -7.5000  -45.0000 2125.2097   18.1524
    0.0000   -7.5000  -45.0000 2142.2014   18.0076
    7.5000   -7.5000  -45.0000 2142.1384   17.9782
   -7.5000    0.0000  -45.0000 2193.8218   16.9963
    0.0000    0.0000  -45.0000 2211.8962   16.8763
    7.5000    0.0000  -45.0000 2207.7056   16.8871
   -7.5000    7.5000  -45.0000 2233.8733   16.2479
    0.0000    7.5000  -45.0000 2245.3906   16.1357
    7.5000    7.5000  -45.0000 2243.7620   16.1456
   -7.5000   15.0000  -45.0000 2244.7812   15.8851
    0.0000   15.0000  -45.0000 2260.2009   15.7205
    7.5000   15.0000  -45.0000 2259.6067   15.7719
   -7.5000   22.5000  -45.0000 2242.5769   15.9225
    0.0000   22.5000  -45.0000 2262.7212   15.7527
    7.5000   22.5000  -45.0000 2259.6128   15.7804
   -7.5000   30.0000  -45.0000 2222.2397   16.2883
    0.0000   30.0000  -45.0000 2244.5137   16.0904
    7.5000   30.0000  -45.0000 2240.9214   16.1129
   -7.5000   37.5000  -45.0000 2182.3525   17.0269
    0.0000   37.5000  -45.0000 2209.2153   16.8125
    7.5000   37.5000  -45.0000 2203.7056   16.8064
   -7.5000   45.0000  -45.0000 2129.3350   18.0772
    0.0000   45.0000  -45.0000 2155.7739   17.8249
    7.5000   45.0000  -45.0000 2152.2839   17.8380
   -7.5000   52.5000  -45.0000 2045.6820   19.3562
    0.0000   52.5000  -45.0000 2068.8303   19.0739
    7.5000   52.5000  -45.0000 2063.3584   19.1075
   -7.5000  -37.5000  -37.5000 1777.1743   26.0521
    0.0000  -37.5000  -37.5000 1793.2545   25.7190
    7.5000  -37.5000  -37.5000 1795.4335   25.8504
   -7.5000  -30.0000  -37.5000 1897.8621   22.6921
    0.0000  -30.0000  -37.5000 1916.2719   22.4898
    7.5000  -30.0000  -37.5000 1915.3638   22.5488
   -7.5000  -22.5000  -37.5000 2014.9266   20.1517
    0.0000  -22.5000  -37.5000 2036.8177   19.9759
    7.5000  -22.5000  -37.5000 2032.0028   19.9231
   -7.5000  -15.0000  -37.5000 2125.8420   18.2194
    0.0000  -15.0000  -37.5000 2147.3904   18.0762
    7.5000  -15.0000  -37.5000 2146.0879   18.0264
   -7.5000   -7.5000  -37.5000 2219.0144   16.7176
    0.0000   -7.5000  -37.5000 2240.1699   16.5980
    7.5000   -7.5000  -37.5000 2241.2126   16.6075
   -7.5000    0.0000  -37.5000 2295.9709   15.6581
    0.0000    0.0000  -37.5000 2315.4102   15.5589
    7.5000    0.0000  -37.5000 2309.3013   15.5416
   -7.5000    7.5000  -37.5000 2332.4573   14.9459
    0.0000    7.5000  -37.5000 2355.1917   14.8583
    7.5000    7.5000  -37.5000 2347.1504   14.8819
   -7.5000   15.0000  -37.5000 2344.8079   14.6209
    0.0000   15.0000  -37.5000 2368.9587   14.4889
    7.5000   15.0000  -37.5000 2362.0596   14.5502
   -7.5000   22.5000  -37.5000 2336.8879   14.6601
    0.0000   22.5000  -37.5000 2366.3579   14.4905
    7.5000   22.5000  -37.5000 2358.4417   14.5228
   -7.5000   30.0000  -37.5000 2318.1377   14.9518
    0.0000   30.0000  -37.5000 2345.3342   14.7796
    7.5000   30.0000  -37.5000 2342.8650   14.7908
   -7.5000   37.5000  -37.5000 2280.0493   15.5871
    0.0000   37.5000  -37.5000 2309.5200   15.4122
    7.5000   37.5000  -37.5000 2307.9453   15.4364
   -7.5000   45.0000  -37.5000 2228.4597   16.5429
    0.0000   45.0000  -37.5000 2256.5444   16.3420
    7.5000   45.0000  -37.5000 2255.4248   16.3616
   -7.5000   52.5000  -37.5000 2135.4670   17.7171
    0.0000   52.5000  -37.5000 2161.0405   17.4772
    7.5000   52.5000  -37.5000 2159.2400   17.5171
   -7.5000  -37.5000  -30.0000 1861.5181   24.9314
    0.0000  -37.5000  -30.0000 1878.6283   24.7014
    7.5000  -37.5000  -30.0000 1886.8108   24.7260
   -7.5000  -30.0000  -30.0000 1988.7495   21.7582
    0.0000  -30.0000  -30.0000 2013.2760   21.6293
    7.5000  -30.0000  -30.0000 2014.9792   21.5670
   -7.5000  -22.5000  -30.0000 2122.6917   19.3904
    0.0000  -22.5000  -30.0000 2144.3081   19.2570
    7.5000  -22.5000  -30.0000 2146.7502   19.1492
   -7.5000  -15.0000  -30.0000 2243.1550   17.5100
    0.0000  -15.0000  -30.0000 2268.8145   17.3682
    7.5000  -15.0000  -30.0000 2270.2009   17.3240
   -7.5000   -7.5000  -30.0000 2347.8086   16.0121
    0.0000   -7.5000  -30.0000 2375.8679   15.8972
    7.5000   -7.5000  -30.0000 2372.5417   15.9030
   -7.5000    0.0000  -30.0000 2425.3518   14.9629
    0.0000    0.0000  -30.0000 2452.1189   14.8321
    7.5000    0.0000  -30.0000 2446.8022   14.8799
   -7.5000    7.5000  -30.0000 2473.3538   14.2692
    0.0000    7.5000  -30.0000 2502.9160   14.1569
    7.5000    7.5000  -30.0000 2498.4614   14.2196
   -7.5000   15.0000  -30.0000 2495.3638   13.9518
    0.0000   15.0000  -30.0000 2518.6404   13.8209
    7.5000   15.0000  -30.0000 2514.9280   13.8860
   -7.5000   22.5000  -30.0000 2496.7297   13.9983
    0.0000   22.5000  -30.0000 2524.7000   13.8444
    7.5000   22.5000  -30.0000 2515.6155   13.9096
   -7.5000   30.0000  -30.0000 2469.7673   14.3066
    0.0000   30.0000  -30.0000 2499.5437   14.1397
    7.5000   30.0000  -30.0000 2494.1279   14.1972
   -7.5000   37.5000  -30.0000 2425.8281   14.9117
    0.0000   37.5000  -30.0000 2461.2671   14.7214
    7.5000   37.5000  -30.0000 2457.8052   14.7738
   -7.5000   45.0000  -30.0000 2367.5513   15.7702
    0.0000   45.0000  -30.0000 2401.5034   15.5780
    7.5000   45.0000  -30.0000 2398.4009   15.5935
   -7.5000   52.5000  -30.0000 2270.9722   16.8395
    0.0000   52.5000  -30.0000 2300.5989   16.6502
    7.5000   52.5000  -30.0000 2297.9861   16.7000
   -7.5000  -37.5000  -22.5000 1919.8445   23.9984
    0.0000  -37.5000  -22.5000 1941.2167   23.7641
    7.5000  -37.5000  -22.5000 1945.7041   23.6817
   -7.5000  -30.0000  -22.5000 2058.4360   20.9032
    0.0000  -30.0000  -22.5000 2085.9700   20.7450
    7.5000  -30.0000  -22.5000 2090.5464   20.6890
   -7.5000  -22.5000  -22.5000 2207.0144   18.5869
    0.0000  -22.5000  -22.5000 2234.9614   18.4021
    7.5000  -22.5000  -22.5000 2234.4136   18.3413
   -7.5000  -15.0000  -22.5000 2332.2734   16.7457
    0.0000  -15.0000  -22.5000 2365.2795   16.5997
    7.5000  -15.0000  -22.5000 2366.4119   16.5902
   -7.5000   -7.5000  -22.5000 2443.7312   15.3260
    0.0000   -7.5000  -22.5000 2472.8398   15.1779
    7.5000   -7.5000  -22.5000 2469.7974   15.1976
   -7.5000    0.0000  -22.5000 2528.5103   14.2706
    0.0000    0.0000  -22.5000 2556.5420   14.1227
    7.5000    0.0000  -22.5000 2553.5798   14.1694
   -7.5000    7.5000  -22.5000 2585.8413   13.5853
    0.0000    7.5000  -22.5000 2615.2563   13.4171
    7.5000    7.5000  -22.5000 2618.5901   13.4899
   -7.5000   15.0000  -22.5000 2615.9746   13.2506
    0.0000   15.0000  -22.5000 2644.4028   13.1072
    7.5000   15.0000  -22.5000 2644.8772   13.1712
   -7.5000   22.5000  -22.5000 2624.2839   13.2777
    0.0000   22.5000  -22.5000 2651.0688   13.1211
    7.5000   22.5000  -22.5000 2650.3926   13.2073
   -7.5000   30.0000  -22.5000 2600.2139   13.5681
    0.0000   30.0000  -22.5000 2629.9414   13.4460
    7.5000   30.0000  -22.5000 2624.9656   13.5172
   -7.5000   37.5000  -22.5000 2554.8984   14.1402
    0.0000   37.5000  -22.5000 2589.5649   13.9979
    7.5000   37.5000  -22.5000 2585.0259   14.0674
   -7.5000   45.0000  -22.5000 2488.1038   14.9273
    0.0000   45.0000  -22.5000 2524.7783   14.7562
    7.5000   45.0000  -22.5000 2519.6897   14.8087
   -7.5000   52.5000  -22.5000 2378.7344   15.9201
    0.0000   52.5000  -22.5000 2417.1316   15.7435
    7.5000   52.5000  -22.5000 2413.2720   15.8022
   -7.5000  -37.5000  -15.0000 1954.3199   23.1628
    0.0000  -37.5000  -15.0000 1978.0575   22.9976
    7.5000  -37.5000  -15.0000 1984.5037   22.9212
   -7.5000  -30.0000  -15.0000 2107.4731   20.1382
    0.0000  -30.0000  -15.0000 2134.6543   19.9632
    7.5000  -30.0000  -15.0000 2133.1736   19.9737
   -7.5000  -22.5000  -15.0000 2256.7034   17.8508
    0.0000  -22.5000  -15.0000 2286.8020   17.6664
    7.5000  -22.5000  -15.0000 2283.5894   17.6767
   -7.5000  -15.0000  -15.0000 2391.2961   16.0738
    0.0000  -15.0000  -15.0000 2422.1597   15.8638
    7.5000  -15.0000  -15.0000 2419.2214   15.8845
   -7.5000   -7.5000  -15.0000 2507.5161   14.7011
    0.0000   -7.5000  -15.0000 2539.1160   14.5040
    7.5000   -7.5000  -15.0000 2531.5330   14.5667
   -7.5000    0.0000  -15.0000 2597.5569   13.6860
    0.0000    0.0000  -15.0000 2629.7036   13.5148
    7.5000    0.0000  -15.0000 2626.9370   13.5635
   -7.5000    7.5000  -15.0000 2665.1646   13.0045
    0.0000    7.5000  -15.0000 2696.3032   12.7961
    7.5000    7.5000  -15.0000 2700.7314   12.8615
   -7.5000   15.0000  -15.0000 2701.7034   12.5958
    0.0000   15.0000  -15.0000 2732.3933   12.4281
    7.5000   15.0000  -15.0000 2736.6814   12.5043
   -7.5000   22.5000  -15.0000 2715.1965   12.5680
    0.0000   22.5000  -15.0000 2746.9170   12.4399
    7.5000   22.5000  -15.0000 2747.8865   12.5016
   -7.5000   30.0000  -15.0000 2701.5173   12.8829
    0.0000   30.0000  -15.0000 2740.1616   12.7608
    7.5000   30.0000  -15.0000 2729.9377   12.8403
   -7.5000   37.5000  -15.0000 2657.1558   13.4082
    0.0000   37.5000  -15.0000 2693.1770   13.2881
    7.5000   37.5000  -15.0000 2683.9998   13.3561
   -7.5000   45.0000  -15.0000 2583.4241   14.1857
    0.0000   45.0000  -15.0000 2621.1172   14.0156
    7.5000   45.0000  -15.0000 2613.9399   14.0887
   -7.5000   52.5000  -15.0000 2462.6531   15.1026
    0.0000   52.5000  -15.0000 2498.7424   14.9058
    7.5000   52.5000  -15.0000 2491.2656   14.9842
   -7.5000  -37.5000   -7.5000 1979.1191   22.4397
    0.0000  -37.5000   -7.5000 2006.2883   22.2833
    7.5000  -37.5000   -7.5000 2008.7242   22.3165
   -7.5000  -30.0000   -7.5000 2133.2239   19.4942
    0.0000  -30.0000   -7.5000 2161.4897   19.2644
    7.5000  -30.0000   -7.5000 2155.0088   19.3330
   -7.5000  -22.5000   -7.5000 2283.3733   17.2473
    0.0000  -22.5000   -7.5000 2314.2412   17.0202
    7.5000  -22.5000   -7.5000 2307.0515   17.0868
   -7.5000  -15.0000   -7.5000 2423.6204   15.5024
    0.0000  -15.0000   -7.5000 2451.8459   15.2956
    7.5000  -15.0000   -7.5000 2447.5212   15.3553
   -7.5000   -7.5000   -7.5000 2541.6462   14.1595
    0.0000   -7.5000   -7.5000 2576.9990   13.9714
    7.5000   -7.5000   -7.5000 2571.6553   14.0489
   -7.5000    0.0000   -7.5000 2639.6223   13.1700
    0.0000    0.0000   -7.5000 2678.9170   12.9786
    7.5000    0.0000   -7.5000 2674.4521   13.0653
   -7.5000    7.5000   -7.5000 2721.0439   12.4861
    0.0000    7.5000   -7.5000 2760.0024   12.3185
    7.5000    7.5000   -7.5000 2763.4170   12.3658
   -7.5000   15.0000   -7.5000 2769.9021   12.0300
    0.0000   15.0000   -7.5000 2809.0945   11.8860
    7.5000   15.0000   -7.5000 2807.9307   11.9547
   -7.5000   22.5000   -7.5000 2794.8757   11.9462
    0.0000   22.5000   -7.5000 2832.7002   11.8013
    7.5000   22.5000   -7.5000 2828.1555   11.8933
   -7.5000   30.0000   -7.5000 2785.5044   12.2458
    0.0000   30.0000   -7.5000 2824.9663   12.0963
    7.5000   30.0000   -7.5000 2811.3022   12.1961
   -7.5000   37.5000   -7.5000 2738.5457   12.7601
    0.0000   37.5000   -7.5000 2774.1672   12.6150
    7.5000   37.5000   -7.5000 2761.9558   12.7001
   -7.5000   45.0000   -7.5000 2655.2563   13.4897
    0.0000   45.0000   -7.5000 2689.8923   13.3203
    7.5000   45.0000   -7.5000 2682.4844   13.4042
   -7.5000   52.5000   -7.5000 2528.4370   14.3765
    0.0000   52.5000   -7.5000 2557.7029   14.1942
    7.5000   52.5000   -7.5000 2551.6770   14.3028
   -7.5000  -37.5000    0.0000 1989.9015   22.0039
    0.0000  -37.5000    0.0000 2015.9640   21.8256
    7.5000  -37.5000    0.0000 2018.0992   21.9485
   -7.5000  -30.0000    0.0000 2138.6345   19.0311
    0.0000  -30.0000    0.0000 2171.3757   18.8254
    7.5000  -30.0000    0.0000 2165.2610   18.9693
   -7.5000  -22.5000    0.0000 2287.9949   16.8159
    0.0000  -22.5000    0.0000 2322.7861   16.5752
    7.5000  -22.5000    0.0000 2317.3491   16.7109
   -7.5000  -15.0000    0.0000 2430.1914   15.1144
    0.0000  -15.0000    0.0000 2461.0498   14.8738
    7.5000  -15.0000    0.0000 2455.9387   14.9705
   -7.5000   -7.5000    0.0000 2553.1318   13.8023
    0.0000   -7.5000    0.0000 2591.6453   13.5746
    7.5000   -7.5000    0.0000 2586.2463   13.6752
   -7.5000    0.0000    0.0000 2662.8958   12.8283
    0.0000    0.0000    0.0000 2701.0850   12.6093
    7.5000    0.0000    0.0000 2700.7993   12.7170
   -7.5000    7.5000    0.0000 2760.9915   12.1460
    0.0000    7.5000    0.0000 2801.9238   11.9687
    7.5000    7.5000    0.0000 2804.2639   12.0402
   -7.5000   15.0000    0.0000 2824.1904   11.6745
    0.0000   15.0000    0.0000 2871.5183   11.4919
    7.5000   15.0000    0.0000 2866.1272   11.5940
   -7.5000   22.5000    0.0000 2859.7346   11.5414
    0.0000   22.5000    0.0000 2900.6233   11.3341
    7.5000   22.5000    0.0000 2892.9868   11.4715
   -7.5000   30.0000    0.0000 2850.2024   11.7734
    0.0000   30.0000    0.0000 2885.8555   11.6040
    7.5000   30.0000    0.0000 2874.0857   11.7271
   -7.5000   37.5000    0.0000 2794.6260   12.3111
    0.0000   37.5000    0.0000 2829.7139   12.1252
    7.5000   37.5000    0.0000 2815.2271   12.2541
   -7.5000   45.0000    0.0000 2705.2927   13.0416
    0.0000   45.0000    0.0000 2734.3777   12.8140
    7.5000   45.0000    0.0000 2724.7314   12.9510
   -7.5000   52.5000    0.0000 2569.5491   13.9066
    0.0000   52.5000    0.0000 2596.7646   13.6497
    7.5000   52.5000    0.0000 2587.6807   13.8350
   -7.5000  -37.5000    7.5000 1990.9888   21.9967
    0.0000  -37.5000    7.5000 2024.2924   21.7830
    7.5000  -37.5000    7.5000 2022.9139   21.9499
   -7.5000  -30.0000    7.5000 2139.6226   18.9482
    0.0000  -30.0000    7.5000 2172.6802   18.7030
    7.5000  -30.0000    7.5000 2171.4021   18.8536
   -7.5000  -22.5000    7.5000 2285.2312   16.6686
    0.0000  -22.5000    7.5000 2313.8872   16.3964
    7.5000  -22.5000    7.5000 2312.9365   16.5527
   -7.5000  -15.0000    7.5000 2420.5815   14.9161
    0.0000  -15.0000    7.5000 2450.5259   14.6622
    7.5000  -15.0000    7.5000 2448.5063   14.8224
   -7.5000   -7.5000    7.5000 2547.2632   13.5872
    0.0000   -7.5000    7.5000 2586.9529   13.3428
    7.5000   -7.5000    7.5000 2581.4565   13.5054
   -7.5000    0.0000    7.5000 2667.7791   12.6165
    0.0000    0.0000    7.5000 2706.0161   12.3951
    7.5000    0.0000    7.5000 2708.1694   12.5502
   -7.5000    7.5000    7.5000 2780.5095   11.9785
    0.0000    7.5000    7.5000 2823.2927   11.8018
    7.5000    7.5000    7.5000 2823.6094   11.9070
   -7.5000   15.0000    7.5000 2859.9707   11.5140
    0.0000   15.0000    7.5000 2913.3445   11.3302
    7.5000   15.0000    7.5000 2902.6702   11.4469
   -7.5000   22.5000    7.5000 2901.6409   11.3368
    0.0000   22.5000    7.5000 2951.3882   11.0631
    7.5000   22.5000    7.5000 2937.0027   11.2647
   -7.5000   30.0000    7.5000 2891.4158   11.5678
    0.0000   30.0000    7.5000 2931.2290   11.2964
    7.5000   30.0000    7.5000 2915.7273   11.5302
   -7.5000   37.5000    7.5000 2825.3093   12.0918
    0.0000   37.5000    7.5000 2865.3738   11.8429
    7.5000   37.5000    7.5000 2846.5823   12.0497
   -7.5000   45.0000    7.5000 2730.0325   12.7732
    0.0000   45.0000    7.5000 2759.0996   12.5448
    7.5000   45.0000    7.5000 2746.6882   12.7018
   -7.5000   52.5000    7.5000 2587.0195   13.6078
    0.0000   52.5000    7.5000 2616.1724   13.3700
    7.5000   52.5000    7.5000 2609.3940   13.5293
   -7.5000  -37.5000   15.0000 1978.8268   22.3279
    0.0000  -37.5000   15.0000 2010.0137   22.0976
    7.5000  -37.5000   15.0000 2010.9603   22.2267
   -7.5000  -30.0000   15.0000 2128.0757   19.1844
    0.0000  -30.0000   15.0000 2157.6411   18.9225
    7.5000  -30.0000   15.0000 2154.0818   19.0793
   -7.5000  -22.5000   15.0000 2268.8645   16.7965
    0.0000  -22.5000   15.0000 2297.9585   16.5486
    7.5000  -22.5000   15.0000 2292.0789   16.7573
   -7.5000  -15.0000   15.0000 2397.0420   14.9508
    0.0000  -15.0000   15.0000 2429.2520   14.7262
    7.5000  -15.0000   15.0000 2423.9788   14.9344
   -7.5000   -7.5000   15.0000 2524.8240   13.6197
    0.0000   -7.5000   15.0000 2558.4082   13.3438
    7.5000   -7.5000   15.0000 2558.5125   13.5490
   -7.5000    0.0000   15.0000 2651.1301   12.6279
    0.0000    0.0000   15.0000 2689.0249   12.3711
    7.5000    0.0000   15.0000 2691.6226   12.5799
   -7.5000    7.5000   15.0000 2771.6638   11.9932
    0.0000    7.5000   15.0000 2809.8103   11.7921
    7.5000    7.5000   15.0000 2813.4033   11.9490
   -7.5000   15.0000   15.0000 2854.0276   11.6020
    0.0000   15.0000   15.0000 2905.8076   11.4276
    7.5000   15.0000   15.0000 2901.7058   11.5469
   -7.5000   22.5000   15.0000 2902.2285   11.4585
    0.0000   22.5000   15.0000 2959.8760   11.2242
    7.5000   22.5000   15.0000 2940.3564   11.4029
   -7.5000   30.0000   15.0000 2898.6106   11.5618
    0.0000   30.0000   15.0000 2948.5352   11.3754
    7.5000   30.0000   15.0000 2926.7634   11.5512
   -7.5000   37.5000   15.0000 2830.8921   11.9645
    0.0000   37.5000   15.0000 2876.8850   11.8147
    7.5000   37.5000   15.0000 2855.8188   11.9349
   -7.5000   45.0000   15.0000 2724.8672   12.6628
    0.0000   45.0000   15.0000 2756.9863   12.5113
    7.5000   45.0000   15.0000 2745.6340   12.5972
   -7.5000   52.5000   15.0000 2581.3191   13.5506
    0.0000   52.5000   15.0000 2608.0632   13.3600
    7.5000   52.5000   15.0000 2601.5195   13.4311
   -7.5000  -37.5000   22.5000 1947.8420   22.8869
    0.0000  -37.5000   22.5000 1977.0950   22.7219
    7.5000  -37.5000   22.5000 1978.2097   22.8688
   -7.5000  -30.0000   22.5000 2102.3547   19.5965
    0.0000  -30.0000   22.5000 2130.3394   19.3331
    7.5000  -30.0000   22.5000 2128.3406   19.5970
   -7.5000  -22.5000   22.5000 2242.1162   17.1153
    0.0000  -22.5000   22.5000 2271.8040   16.8420
    7.5000  -22.5000   22.5000 2268.5454   17.1518
   -7.5000  -15.0000   22.5000 2370.7957   15.2777
    0.0000  -15.0000   22.5000 2403.1208   15.0170
    7.5000  -15.0000   22.5000 2399.2227   15.2991
   -7.5000   -7.5000   22.5000 2495.8730   13.9346
    0.0000   -7.5000   22.5000 2527.9924   13.6581
    7.5000   -7.5000   22.5000 2529.0862   13.8987
   -7.5000    0.0000   22.5000 2616.9414   12.9302
    0.0000    0.0000   22.5000 2654.8440   12.7015
    7.5000    0.0000   22.5000 2655.4846   12.9145
   -7.5000    7.5000   22.5000 2735.5623   12.3042
    0.0000    7.5000   22.5000 2776.7534   12.1499
    7.5000    7.5000   22.5000 2771.5508   12.3018
   -7.5000   15.0000   22.5000 2818.4312   11.8756
    0.0000   15.0000   22.5000 2875.1550   11.7223
    7.5000   15.0000   22.5000 2857.1238   11.8727
   -7.5000   22.5000   22.5000 2865.1953   11.7459
    0.0000   22.5000   22.5000 2921.4673   11.6093
    7.5000   22.5000   22.5000 2899.1460   11.7212
   -7.5000   30.0000   22.5000 2859.8457   11.8554
    0.0000   30.0000   22.5000 2911.1841   11.7960
    7.5000   30.0000   22.5000 2890.6943   11.8491
   -7.5000   37.5000   22.5000 2802.5217   12.2370
    0.0000   37.5000   22.5000 2844.5737   12.1704
    7.5000   37.5000   22.5000 2822.0457   12.2043
   -7.5000   45.0000   22.5000 2697.3267   12.9007
    0.0000   45.0000   22.5000 2730.8203   12.7797
    7.5000   45.0000   22.5000 2718.5298   12.8419
   -7.5000   52.5000   22.5000 2556.1492   13.7635
    0.0000   52.5000   22.5000 2580.5181   13.5820
    7.5000   52.5000   22.5000 2575.7483   13.6736
   -7.5000  -37.5000   30.0000 1902.4786   23.7415
    0.0000  -37.5000   30.0000 1924.5601   23.5107
    7.5000  -37.5000   30.0000 1927.1910   23.7449
   -7.5000  -30.0000   30.0000 2055.1409   20.2637
    0.0000  -30.0000   30.0000 2086.0742   20.0360
    7.5000  -30.0000   30.0000 2086.9990   20.3228
   -7.5000  -22.5000   30.0000 2202.1555   17.7227
    0.0000  -22.5000   30.0000 2235.0151   17.5081
    7.5000  -22.5000   30.0000 2231.5679   17.8188
   -7.5000  -15.0000   30.0000 2337.2603   15.8830
    0.0000  -15.0000   30.0000 2371.6836   15.6486
    7.5000  -15.0000   30.0000 2360.7087   15.9136
   -7.5000   -7.5000   30.0000 2461.1863   14.5063
    0.0000   -7.5000   30.0000 2495.0762   14.2817
    7.5000   -7.5000   30.0000 2486.2437   14.5228
   -7.5000    0.0000   30.0000 2574.2600   13.5283
    0.0000    0.0000   30.0000 2612.8276   13.3063
    7.5000    0.0000   30.0000 2604.6799   13.5388
   -7.5000    7.5000   30.0000 2684.7688   12.8363
    0.0000    7.5000   30.0000 2723.4580   12.6172
    7.5000    7.5000   30.0000 2718.9692   12.8283
   -7.5000   15.0000   30.0000 2764.5532   12.3727
    0.0000   15.0000   30.0000 2805.7942   12.0754
    7.5000   15.0000   30.0000 2795.6702   12.3082
   -7.5000   22.5000   30.0000 2803.7766   12.1966
    0.0000   22.5000   30.0000 2844.1609   11.9466
    7.5000   22.5000   30.0000 2835.4255   12.1436
   -7.5000   30.0000   30.0000 2794.2324   12.3146
    0.0000   30.0000   30.0000 2836.1743   12.1053
    7.5000   30.0000   30.0000 2825.9753   12.2771
   -7.5000   37.5000   30.0000 2739.1536   12.7300
    0.0000   37.5000   30.0000 2777.9250   12.5431
    7.5000   37.5000   30.0000 2766.0120   12.6921
   -7.5000   45.0000   30.0000 2647.1052   13.3979
    0.0000   45.0000   30.0000 2678.1060   13.2412
    7.5000   45.0000   30.0000 2672.3938   13.3442
   -7.5000   52.5000   30.0000 2511.8962   14.2346
    0.0000   52.5000   30.0000 2534.7188   14.0563
    7.5000   52.5000   30.0000 2529.2493   14.1500
   -7.5000  -37.5000   37.5000 1848.2043   24.9240
    0.0000  -37.5000   37.5000 1867.7921   24.6487
    7.5000  -37.5000   37.5000 1871.5929   24.9194
   -7.5000  -30.0000   37.5000 2007.1493   21.2879
    0.0000  -30.0000   37.5000 2032.5957   21.0580
    7.5000  -30.0000   37.5000 2033.8701   21.3302
   -7.5000  -22.5000   37.5000 2160.4895   18.6448
    0.0000  -22.5000   37.5000 2192.1262   18.4574
    7.5000  -22.5000   37.5000 2184.0352   18.7423
   -7.5000  -15.0000   37.5000 2295.4739   16.7730
    0.0000  -15.0000   37.5000 2328.9333   16.5338
    7.5000  -15.0000   37.5000 2315.8135   16.8260
   -7.5000   -7.5000   37.5000 2412.1543   15.3658
    0.0000   -7.5000   37.5000 2448.1169   15.0684
    7.5000   -7.5000   37.5000 2433.8347   15.3650
   -7.5000    0.0000   37.5000 2520.4683   14.3132
    0.0000    0.0000   37.5000 2560.1858   14.0054
    7.5000    0.0000   37.5000 2547.5308   14.2820
   -7.5000    7.5000   37.5000 2624.5037   13.5133
    0.0000    7.5000   37.5000 2663.8293   13.1836
    7.5000    7.5000   37.5000 2655.2964   13.4721
   -7.5000   15.0000   37.5000 2693.9678   12.9965
    0.0000   15.0000   37.5000 2730.1663   12.6890
    7.5000   15.0000   37.5000 2718.3335   12.9358
   -7.5000   22.5000   37.5000 2724.4116   12.8157
    0.0000   22.5000   37.5000 2757.2029   12.5624
    7.5000   22.5000   37.5000 2749.7625   12.7772
   -7.5000   30.0000   37.5000 2710.9153   12.9353
    0.0000   30.0000   37.5000 2741.5449   12.6835
    7.5000   30.0000   37.5000 2736.8208   12.8878
   -7.5000   37.5000   37.5000 2661.0776   13.3181
    0.0000   37.5000   37.5000 2690.3972   13.0963
    7.5000   37.5000   37.5000 2687.6101   13.2649
   -7.5000   45.0000   37.5000 2578.7400   13.9838
    0.0000   45.0000   37.5000 2605.7363   13.7973
    7.5000   45.0000   37.5000 2602.4685   13.9180
   -7.5000   52.5000   37.5000 2455.8640   14.8655
    0.0000   52.5000   37.5000 2477.8108   14.6736
    7.5000   52.5000   37.5000 2472.5686   14.7750
   -7.5000  -37.5000   45.0000 1788.1396   26.6300
    0.0000  -37.5000   45.0000 1809.3850   26.3685
    7.5000  -37.5000   45.0000 1810.7279   26.6629
   -7.5000  -30.0000   45.0000 1955.5208   22.6484
    0.0000  -30.0000   45.0000 1976.3429   22.4296
    7.5000  -30.0000   45.0000 1973.9192   22.7250
   -7.5000  -22.5000   45.0000 2104.5479   19.8803
    0.0000  -22.5000   45.0000 2131.9827   19.6250
    7.5000  -22.5000   45.0000 2125.8564   19.9070
   -7.5000  -15.0000   45.0000 2235.5591   17.8883
    0.0000  -15.0000   45.0000 2266.7529   17.5945
    7.5000  -15.0000   45.0000 2254.6848   17.8666
   -7.5000   -7.5000   45.0000 2353.0605   16.3682
    0.0000   -7.5000   45.0000 2386.6428   16.0271
    7.5000   -7.5000   45.0000 2370.4431   16.3471
   -7.5000    0.0000   45.0000 2453.9841   15.2182
    0.0000    0.0000   45.0000 2491.6877   14.8695
    7.5000    0.0000   45.0000 2478.3003   15.1742
   -7.5000    7.5000   45.0000 2547.0234   14.3812
    0.0000    7.5000   45.0000 2583.1343   14.0356
    7.5000    7.5000   45.0000 2571.4402   14.3322
   -7.5000   15.0000   45.0000 2607.9268   13.8514
    0.0000   15.0000   45.0000 2637.0273   13.5473
    7.5000   15.0000   45.0000 2625.6335   13.8121
   -7.5000   22.5000   45.0000 2632.4841   13.6474
    0.0000   22.5000   45.0000 2659.6187   13.3827
    7.5000   22.5000   45.0000 2653.5684   13.6111
   -7.5000   30.0000   45.0000 2612.5823   13.7330
    0.0000   30.0000   45.0000 2639.9399   13.4869
    7.5000   30.0000   45.0000 2639.6052   13.6798
   -7.5000   37.5000   45.0000 2569.5815   14.1089
    0.0000   37.5000   45.0000 2590.1489   13.8857
    7.5000   37.5000   45.0000 2592.9207   14.0448
   -7.5000   45.0000   45.0000 2496.8586   14.7705
    0.0000   45.0000   45.0000 2523.6946   14.5562
    7.5000   45.0000   45.0000 2518.4954   14.6923
   -7.5000   52.5000   45.0000 2390.4473   15.5928
    0.0000   52.5000   45.0000 2415.0215   15.3794
    7.5000   52.5000   45.0000 2403.3103   15.4952

---------------------------------------------------------------------
imgreg_4dfp /opt/freesurfer/average/711-2C_as_mni_average_305 /opt/freesurfer/average/711-2B_as_mni_average_305_mask talsrcimg_g11 none talsrcimg_to_711-2C_as_mni_average_305_t4 1283
---------------------------------------------------------------------

freesurfer imgreg_4dfp.c
/opt/freesurfer/average/711-2C_as_mni_average_305.4dfp.img
       256       256       256         1
  1.000000  1.000000  1.000000
orientation T byte_order littleendian
Reading image: /opt/freesurfer/average/711-2C_as_mni_average_305.4dfp.img
dimensions:      256       256       256
mmppix:       1.0000   -1.0000   -1.0000
center:     128.0000 -129.0000 -129.0000
/opt/freesurfer/average/711-2B_as_mni_average_305_mask.4dfp.img
       256       256       256         1
  1.000000  1.000000  1.000000
orientation T byte_order littleendian
Reading mask: /opt/freesurfer/average/711-2B_as_mni_average_305_mask.4dfp.img (2306576 pixels)
talsrcimg_g11.4dfp.img
       256       256       256         1
  1.000000  1.000000  1.000000
orientation T byte_order littleendian
Reading image: talsrcimg_g11.4dfp.img
dimensions:      256       256       256
mmppix:       1.0000   -1.0000   -1.0000
center:     128.0000 -129.0000 -129.0000
rotation matrix determinant  1.000000
fimgreg.f
image alignment mode   1283 decimal      503 hex
parameters
    0.0000   22.5000   15.0000    0.0000    0.0000    0.0000
eta,q 0.92920 11.26703
niter,ni,del,rscale     5    3   12.0000    1.2000
parameter  4  0.946736 ->  0.500000 qaram    1.1500
parameter  6  0.817040 ->  0.500000 qaram    1.1500
parameters
    2.4919   24.7591   12.8027   -3.4500    1.2485   -3.4500
eta,q 0.93808 11.06338
  0.0889  0.0824  0.0705  0.0655  0.0701  0.0626
  0.0819  0.0773  0.0693  0.0642  0.0679  0.0619
  0.0760  0.0712  0.0678  0.0652  0.0661  0.0623
  0.0708  0.0684  0.0678  0.0677  0.0643  0.0638
  0.0687  0.0678  0.0717  0.0707  0.0639  0.0666
  0.0702  0.0679  0.0762  0.0732  0.0653  0.0692
  0.0732  0.0708  0.0799  0.0761  0.0671  0.0712
niter,ni,del,rscale     6    3   12.0000    1.2000
parameters
    1.6397   25.8760   12.8716   -4.2391    2.5855   -4.1580
eta,q 0.93836 11.06559
  0.0692  0.0769  0.0690  0.0679  0.0674  0.0668
  0.0659  0.0708  0.0672  0.0669  0.0656  0.0642
  0.0632  0.0644  0.0647  0.0637  0.0640  0.0620
  0.0619  0.0621  0.0623  0.0622  0.0624  0.0618
  0.0645  0.0627  0.0621  0.0636  0.0617  0.0631
  0.0696  0.0651  0.0656  0.0682  0.0627  0.0658
  0.0746  0.0689  0.0705  0.0726  0.0649  0.0693
niter,ni,del,rscale     5    3   12.0000    1.2000
parameters
    0.7297   26.5444   13.0004   -5.2109    3.6876   -4.7403
eta,q 0.93842 11.07855
  0.0685  0.0746  0.0677  0.0657  0.0675  0.0663
  0.0647  0.0680  0.0669  0.0659  0.0659  0.0642
  0.0624  0.0627  0.0648  0.0636  0.0641  0.0624
  0.0616  0.0617  0.0619  0.0618  0.0621  0.0616
  0.0642  0.0627  0.0613  0.0625  0.0616  0.0627
  0.0690  0.0657  0.0644  0.0661  0.0630  0.0652
  0.0736  0.0691  0.0697  0.0716  0.0654  0.0685
niter,ni,del,rscale     4    3   12.0000    1.2000
parameters
    0.1523   27.2999   12.6498   -6.0304    4.7049   -5.1074
eta,q 0.93789 11.06919
  0.0702  0.0727  0.0665  0.0651  0.0682  0.0665
  0.0652  0.0672  0.0658  0.0650  0.0665  0.0646
  0.0624  0.0631  0.0640  0.0638  0.0642  0.0630
  0.0616  0.0616  0.0615  0.0619  0.0623  0.0621
  0.0639  0.0620  0.0615  0.0624  0.0623  0.0628
  0.0688  0.0647  0.0648  0.0647  0.0636  0.0650
  0.0732  0.0679  0.0704  0.0694  0.0660  0.0679
niter,ni,del,rscale     3    3   12.0000    1.2000
parameters
   -0.1212   27.8748   12.0540   -6.2499    5.5698   -5.1974
eta,q 0.93763 11.02293
  0.0715  0.0707  0.0662  0.0660  0.0680  0.0671
  0.0657  0.0670  0.0651  0.0652  0.0662  0.0651
  0.0630  0.0639  0.0637  0.0642  0.0639  0.0636
  0.0621  0.0621  0.0619  0.0624  0.0625  0.0623
  0.0636  0.0622  0.0621  0.0627  0.0625  0.0628
  0.0680  0.0648  0.0652  0.0643  0.0637  0.0649
  0.0725  0.0684  0.0706  0.0680  0.0661  0.0679
niter,ni,del,rscale     2    3   12.0000    1.2000
parameters
   -0.2320   27.9313   11.6477   -6.0406    6.0767   -5.0976
eta,q 0.93755 10.99429
  0.0714  0.0691  0.0669  0.0667  0.0676  0.0677
  0.0658  0.0666  0.0653  0.0657  0.0657  0.0654
  0.0634  0.0642  0.0639  0.0646  0.0635  0.0639
  0.0624  0.0624  0.0624  0.0627  0.0625  0.0625
  0.0632  0.0627  0.0624  0.0626  0.0626  0.0628
  0.0669  0.0656  0.0652  0.0641  0.0640  0.0649
  0.0718  0.0698  0.0700  0.0676  0.0667  0.0680
niter,ni,del,rscale     1    3   12.0000    1.2000
parameters
   -0.3224   27.7019   11.5810   -5.6943    6.2527   -5.0438
eta,q 0.93761 10.98407
  0.0712  0.0684  0.0678  0.0668  0.0674  0.0677
  0.0661  0.0661  0.0658  0.0659  0.0653  0.0654
  0.0637  0.0641  0.0642  0.0647  0.0632  0.0638
  0.0624  0.0625  0.0626  0.0626  0.0624  0.0624
  0.0631  0.0631  0.0624  0.0623  0.0627  0.0628
  0.0667  0.0660  0.0648  0.0639  0.0644  0.0650
  0.0718  0.0704  0.0695  0.0676  0.0672  0.0681
registration optimization eta report
parameter search radius
    6.0000    6.0000    6.0000    6.9000    6.0000    6.9000
100000*second partial in parameter space
       25.       19.       17.        9.       14.       11.
  0.0712  0.0684  0.0678  0.0668  0.0674  0.0677
  0.0661  0.0661  0.0658  0.0659  0.0653  0.0654
  0.0637  0.0641  0.0642  0.0647  0.0632  0.0638
  0.0624  0.0625  0.0626  0.0626  0.0624  0.0624
  0.0631  0.0631  0.0624  0.0623  0.0627  0.0628
  0.0667  0.0660  0.0648  0.0639  0.0644  0.0650
  0.0718  0.0704  0.0695  0.0676  0.0672  0.0681
   -0.3224   27.7019   11.5810   -5.6943    6.2527   -5.0438
eta,q 0.93761 10.98407

---------------------------------------------------------------------
imgreg_4dfp /opt/freesurfer/average/711-2C_as_mni_average_305 /opt/freesurfer/average/711-2B_as_mni_average_305_mask talsrcimg_g11 none talsrcimg_to_711-2C_as_mni_average_305_t4 3335
---------------------------------------------------------------------

freesurfer imgreg_4dfp.c
/opt/freesurfer/average/711-2C_as_mni_average_305.4dfp.img
       256       256       256         1
  1.000000  1.000000  1.000000
orientation T byte_order littleendian
Reading image: /opt/freesurfer/average/711-2C_as_mni_average_305.4dfp.img
dimensions:      256       256       256
mmppix:       1.0000   -1.0000   -1.0000
center:     128.0000 -129.0000 -129.0000
/opt/freesurfer/average/711-2B_as_mni_average_305_mask.4dfp.img
       256       256       256         1
  1.000000  1.000000  1.000000
orientation T byte_order littleendian
Reading mask: /opt/freesurfer/average/711-2B_as_mni_average_305_mask.4dfp.img (2306576 pixels)
talsrcimg_g11.4dfp.img
       256       256       256         1
  1.000000  1.000000  1.000000
orientation T byte_order littleendian
Reading image: talsrcimg_g11.4dfp.img
dimensions:      256       256       256
mmppix:       1.0000   -1.0000   -1.0000
center:     128.0000 -129.0000 -129.0000
fimgreg.f
image alignment mode   3335 decimal      D07 hex
parameters
   -0.3224   27.7019   11.5810   -0.9798   -0.9738   -1.0854
    9.8248   -9.9234   -8.7394   10.8365   10.8914   -9.8631
eta,q 0.93757 11.11941
niter,ni,del,rscale     5    3    5.0000    1.2000
parameter  4  2.208103 ->  0.500000 qaram    1.1500
parameter  5  5.002960 ->  0.500000 qaram    1.1500
parameter  6  1.292781 ->  0.500000 qaram    1.1500
parameter  8 -0.679240 -> -0.500000 qaram    1.1500
parameters
   -0.0779   28.2824   12.6147   -5.1198   -5.1138   -5.2254
    8.2741   -5.7834   -7.5351   10.9179    7.6053   -8.6904
eta,q 0.95654 10.86097
  0.0642  0.0637  0.0642  0.0551  0.0465  0.0449  0.0472  0.0548  0.0464  0.0467  0.0440  0.0450
  0.0633  0.0631  0.0634  0.0566  0.0499  0.0458  0.0464  0.0518  0.0452  0.0451  0.0436  0.0442
  0.0627  0.0627  0.0628  0.0590  0.0534  0.0475  0.0460  0.0488  0.0443  0.0441  0.0435  0.0437
  0.0624  0.0624  0.0623  0.0621  0.0572  0.0508  0.0461  0.0460  0.0439  0.0438  0.0439  0.0435
  0.0625  0.0623  0.0621  0.0658  0.0612  0.0556  0.0466  0.0442  0.0439  0.0442  0.0447  0.0435
  0.0629  0.0625  0.0622  0.0698  0.0655  0.0606  0.0475  0.0440  0.0443  0.0450  0.0460  0.0438
  0.0636  0.0629  0.0625  0.0734  0.0702  0.0653  0.0487  0.0451  0.0452  0.0466  0.0476  0.0442
niter,ni,del,rscale     7    3    5.0000    1.2000
parameter  3  0.679167 ->  0.500000 qaram    1.1500
parameter  5  3.473711 ->  0.500000 qaram    1.3225
parameter  6  0.656447 ->  0.500000 qaram    1.3225
parameters
    0.1939   28.0447   11.2347   -8.5722   -9.8748   -9.9864
    7.7070   -4.7022   -6.9165   11.6134    6.5911   -9.9801
eta,q 0.96504 10.33807
  0.0475  0.0445  0.0429  0.0435  0.0331  0.0344  0.0367  0.0403  0.0374  0.0387  0.0355  0.0357
  0.0455  0.0439  0.0425  0.0426  0.0356  0.0349  0.0358  0.0375  0.0362  0.0371  0.0352  0.0352
  0.0441  0.0435  0.0427  0.0421  0.0388  0.0358  0.0352  0.0359  0.0354  0.0358  0.0350  0.0350
  0.0435  0.0434  0.0434  0.0425  0.0422  0.0364  0.0351  0.0351  0.0350  0.0350  0.0350  0.0350
  0.0436  0.0436  0.0445  0.0448  0.0456  0.0388  0.0355  0.0352  0.0352  0.0352  0.0351  0.0352
  0.0444  0.0441  0.0458  0.0487  0.0496  0.0437  0.0362  0.0361  0.0357  0.0362  0.0354  0.0357
  0.0460  0.0451  0.0474  0.0534  0.0542  0.0496  0.0373  0.0381  0.0367  0.0377  0.0359  0.0364
niter,ni,del,rscale     7    3    5.0000    1.2000
parameter  5  1.473604 ->  0.500000 qaram    1.5209
parameters
    0.8156   27.6548   10.2872   -8.7029  -15.3500  -14.3075
    7.5742   -4.4466   -6.8220   10.5045    5.8769  -11.4828
eta,q 0.97135  9.81594
  0.0384  0.0363  0.0351  0.0365  0.0288  0.0299  0.0307  0.0333  0.0307  0.0309  0.0294  0.0294
  0.0368  0.0353  0.0347  0.0358  0.0298  0.0289  0.0297  0.0309  0.0297  0.0295  0.0290  0.0289
  0.0357  0.0348  0.0346  0.0351  0.0315  0.0289  0.0290  0.0294  0.0290  0.0288  0.0288  0.0287
  0.0350  0.0348  0.0347  0.0346  0.0346  0.0301  0.0288  0.0288  0.0288  0.0288  0.0287  0.0287
  0.0348  0.0353  0.0351  0.0344  0.0388  0.0312  0.0290  0.0292  0.0290  0.0294  0.0289  0.0290
  0.0351  0.0363  0.0360  0.0352  0.0426  0.0330  0.0298  0.0306  0.0296  0.0307  0.0292  0.0296
  0.0361  0.0377  0.0372  0.0374  0.0470  0.0377  0.0310  0.0328  0.0306  0.0328  0.0297  0.0303
niter,ni,del,rscale     7    3    5.0000    1.2000
parameter  5  0.609153 ->  0.500000 qaram    1.7490
parameters
    0.9316   28.0398    9.7295   -8.1352  -21.6464  -15.9947
    7.3730   -4.3805   -7.0311   11.7015    5.6922  -11.9918
eta,q 0.97356  9.42168
  0.0314  0.0317  0.0297  0.0304  0.0274  0.0294  0.0284  0.0310  0.0284  0.0304  0.0272  0.0275
  0.0300  0.0302  0.0289  0.0295  0.0267  0.0278  0.0274  0.0286  0.0274  0.0285  0.0268  0.0269
  0.0290  0.0292  0.0285  0.0289  0.0270  0.0267  0.0267  0.0271  0.0267  0.0272  0.0265  0.0265
  0.0286  0.0286  0.0285  0.0284  0.0284  0.0266  0.0265  0.0265  0.0265  0.0265  0.0265  0.0265
  0.0288  0.0286  0.0291  0.0283  0.0311  0.0280  0.0268  0.0271  0.0268  0.0266  0.0266  0.0267
  0.0296  0.0291  0.0300  0.0288  0.0353  0.0299  0.0276  0.0286  0.0276  0.0273  0.0269  0.0271
  0.0309  0.0303  0.0312  0.0303  0.0397  0.0318  0.0286  0.0308  0.0286  0.0284  0.0273  0.0278
niter,ni,del,rscale     7    3    5.0000    1.2000
parameters
    0.8258   28.6323    9.2684   -8.4512  -23.6150  -16.9630
    7.3300   -4.3532   -7.2713   13.2107    6.1716  -11.7148
eta,q 0.97384  9.27305
  0.0287  0.0300  0.0276  0.0277  0.0299  0.0295  0.0282  0.0306  0.0280  0.0298  0.0271  0.0273
  0.0274  0.0283  0.0267  0.0269  0.0278  0.0278  0.0272  0.0283  0.0270  0.0281  0.0266  0.0267
  0.0267  0.0271  0.0263  0.0265  0.0266  0.0267  0.0265  0.0268  0.0264  0.0269  0.0263  0.0263
  0.0264  0.0264  0.0263  0.0262  0.0263  0.0263  0.0263  0.0263  0.0263  0.0263  0.0262  0.0262
  0.0268  0.0263  0.0268  0.0262  0.0272  0.0271  0.0265  0.0268  0.0266  0.0262  0.0262  0.0263
  0.0277  0.0268  0.0276  0.0268  0.0297  0.0292  0.0272  0.0283  0.0272  0.0267  0.0265  0.0266
  0.0292  0.0277  0.0287  0.0283  0.0340  0.0310  0.0282  0.0305  0.0281  0.0277  0.0268  0.0271
niter,ni,del,rscale     6    3    5.0000    1.2000
parameters
    0.8272   29.2667    8.6229   -8.6254  -24.8861  -18.2757
    7.2537   -4.1993   -7.6169   14.9824    6.6659  -11.3740
eta,q 0.97429  9.15733
  0.0286  0.0294  0.0270  0.0274  0.0298  0.0289  0.0278  0.0302  0.0276  0.0293  0.0267  0.0269
  0.0273  0.0279  0.0262  0.0265  0.0275  0.0273  0.0268  0.0279  0.0266  0.0277  0.0262  0.0263
  0.0264  0.0268  0.0259  0.0260  0.0262  0.0262  0.0261  0.0265  0.0260  0.0266  0.0259  0.0259
  0.0262  0.0262  0.0260  0.0259  0.0259  0.0259  0.0259  0.0259  0.0259  0.0259  0.0257  0.0257
  0.0264  0.0260  0.0265  0.0259  0.0266  0.0267  0.0262  0.0264  0.0262  0.0257  0.0258  0.0258
  0.0272  0.0264  0.0274  0.0264  0.0286  0.0289  0.0268  0.0278  0.0269  0.0261  0.0260  0.0261
  0.0286  0.0272  0.0286  0.0277  0.0322  0.0310  0.0278  0.0298  0.0279  0.0271  0.0264  0.0267
niter,ni,del,rscale     5    3    5.0000    1.2000
parameters
    0.9223   29.9740    7.9219   -8.9363  -26.2427  -19.5646
    7.0608   -3.9389   -7.6918   16.5734    6.6909  -11.4208
eta,q 0.97485  9.03304
  0.0282  0.0291  0.0264  0.0269  0.0294  0.0282  0.0271  0.0294  0.0274  0.0287  0.0261  0.0262
  0.0269  0.0276  0.0257  0.0259  0.0270  0.0267  0.0261  0.0273  0.0263  0.0271  0.0256  0.0257
  0.0260  0.0264  0.0254  0.0254  0.0256  0.0256  0.0255  0.0259  0.0255  0.0260  0.0253  0.0253
  0.0257  0.0257  0.0255  0.0254  0.0254  0.0253  0.0253  0.0253  0.0253  0.0253  0.0252  0.0252
  0.0259  0.0255  0.0260  0.0255  0.0263  0.0260  0.0256  0.0257  0.0256  0.0252  0.0253  0.0253
  0.0266  0.0258  0.0269  0.0260  0.0283  0.0280  0.0263  0.0270  0.0264  0.0256  0.0256  0.0257
  0.0279  0.0266  0.0281  0.0272  0.0317  0.0304  0.0272  0.0290  0.0275  0.0267  0.0260  0.0263
niter,ni,del,rscale     4    3    5.0000    1.2000
parameters
    1.0238   30.5212    7.3686   -9.1788  -26.9925  -20.4262
    6.9238   -3.7405   -7.6060   17.4456    6.5627  -11.7877
eta,q 0.97515  8.95964
  0.0276  0.0285  0.0260  0.0265  0.0297  0.0279  0.0267  0.0289  0.0273  0.0281  0.0257  0.0258
  0.0263  0.0269  0.0253  0.0255  0.0271  0.0264  0.0257  0.0268  0.0261  0.0266  0.0253  0.0253
  0.0255  0.0258  0.0250  0.0250  0.0254  0.0253  0.0251  0.0255  0.0252  0.0255  0.0250  0.0249
  0.0252  0.0252  0.0250  0.0249  0.0249  0.0249  0.0249  0.0249  0.0249  0.0249  0.0249  0.0248
  0.0253  0.0250  0.0254  0.0251  0.0259  0.0254  0.0252  0.0253  0.0252  0.0249  0.0250  0.0250
  0.0260  0.0255  0.0262  0.0256  0.0278  0.0271  0.0259  0.0266  0.0260  0.0256  0.0253  0.0254
  0.0272  0.0264  0.0274  0.0267  0.0311  0.0295  0.0268  0.0285  0.0272  0.0269  0.0258  0.0260
niter,ni,del,rscale     3    3    5.0000    1.2000
parameters
    1.0801   30.7750    7.0562   -9.1967  -27.2425  -20.8310
    6.8587   -3.6242   -7.5477   17.8723    6.4995  -12.1168
eta,q 0.97521  8.93701
  0.0272  0.0278  0.0261  0.0265  0.0301  0.0280  0.0267  0.0287  0.0273  0.0277  0.0257  0.0258
  0.0259  0.0263  0.0253  0.0254  0.0274  0.0264  0.0256  0.0266  0.0260  0.0263  0.0252  0.0252
  0.0251  0.0253  0.0249  0.0249  0.0255  0.0253  0.0250  0.0253  0.0251  0.0253  0.0249  0.0249
  0.0249  0.0248  0.0248  0.0248  0.0248  0.0248  0.0248  0.0248  0.0248  0.0248  0.0248  0.0248
  0.0251  0.0249  0.0251  0.0250  0.0256  0.0252  0.0251  0.0252  0.0251  0.0250  0.0249  0.0250
  0.0258  0.0256  0.0258  0.0254  0.0275  0.0266  0.0257  0.0265  0.0259  0.0258  0.0252  0.0253
  0.0270  0.0268  0.0268  0.0265  0.0307  0.0289  0.0267  0.0285  0.0272  0.0272  0.0257  0.0260
niter,ni,del,rscale     2    3    5.0000    1.2000
parameters
    1.1174   30.8811    6.9019   -9.1982  -27.3353  -21.0076
    6.8184   -3.5484   -7.5199   18.0881    6.4656  -12.2891
eta,q 0.97522  8.92867
  0.0271  0.0275  0.0262  0.0265  0.0303  0.0281  0.0266  0.0286  0.0272  0.0276  0.0257  0.0258
  0.0258  0.0261  0.0254  0.0254  0.0275  0.0265  0.0256  0.0266  0.0259  0.0262  0.0252  0.0252
  0.0251  0.0252  0.0249  0.0248  0.0255  0.0253  0.0250  0.0253  0.0251  0.0252  0.0249  0.0249
  0.0248  0.0248  0.0248  0.0248  0.0248  0.0248  0.0248  0.0248  0.0248  0.0248  0.0248  0.0248
  0.0250  0.0250  0.0250  0.0250  0.0256  0.0251  0.0250  0.0252  0.0251  0.0250  0.0249  0.0249
  0.0257  0.0258  0.0256  0.0254  0.0274  0.0264  0.0257  0.0265  0.0259  0.0259  0.0252  0.0253
  0.0270  0.0271  0.0266  0.0264  0.0306  0.0287  0.0266  0.0285  0.0272  0.0273  0.0257  0.0259
niter,ni,del,rscale     1    3    5.0000    1.2000
parameters
    1.1379   30.9301    6.8324   -9.1909  -27.3794  -21.0801
    6.8018   -3.5093   -7.5167   18.1930    6.4526  -12.3752
eta,q 0.97522  8.92568
  0.0270  0.0274  0.0263  0.0265  0.0303  0.0282  0.0266  0.0286  0.0272  0.0275  0.0257  0.0258
  0.0258  0.0260  0.0255  0.0254  0.0276  0.0265  0.0256  0.0266  0.0259  0.0261  0.0252  0.0253
  0.0250  0.0251  0.0250  0.0248  0.0256  0.0253  0.0250  0.0253  0.0251  0.0252  0.0249  0.0249
  0.0248  0.0248  0.0248  0.0248  0.0248  0.0248  0.0248  0.0248  0.0248  0.0248  0.0248  0.0248
  0.0250  0.0250  0.0250  0.0250  0.0255  0.0250  0.0250  0.0252  0.0251  0.0251  0.0249  0.0249
  0.0258  0.0259  0.0255  0.0254  0.0274  0.0264  0.0257  0.0265  0.0260  0.0259  0.0252  0.0253
  0.0270  0.0272  0.0265  0.0264  0.0306  0.0285  0.0266  0.0285  0.0272  0.0274  0.0257  0.0259
registration optimization eta report
parameter search radius
    2.4000    2.4000    2.7600    8.2800   12.5928    9.5220
    7.2000    8.2800    7.2000    7.2000    7.2000    7.2000
100000*second partial in parameter space
       39.       43.       21.        2.        4.        4.
        4.        5.        5.        5.        2.        2.
  0.0270  0.0274  0.0263  0.0265  0.0303  0.0282  0.0266  0.0286  0.0272  0.0275  0.0257  0.0258
  0.0258  0.0260  0.0255  0.0254  0.0276  0.0265  0.0256  0.0266  0.0259  0.0261  0.0252  0.0253
  0.0250  0.0251  0.0250  0.0248  0.0256  0.0253  0.0250  0.0253  0.0251  0.0252  0.0249  0.0249
  0.0248  0.0248  0.0248  0.0248  0.0248  0.0248  0.0248  0.0248  0.0248  0.0248  0.0248  0.0248
  0.0250  0.0250  0.0250  0.0250  0.0255  0.0250  0.0250  0.0252  0.0251  0.0251  0.0249  0.0249
  0.0258  0.0259  0.0255  0.0254  0.0274  0.0264  0.0257  0.0265  0.0260  0.0259  0.0252  0.0253
  0.0270  0.0272  0.0265  0.0264  0.0306  0.0285  0.0266  0.0285  0.0272  0.0274  0.0257  0.0259
    1.1379   30.9301    6.8324   -9.1909  -27.3794  -21.0801
    6.8018   -3.5093   -7.5167   18.1930    6.4526  -12.3752
eta,q 0.97522  8.92568

---------------------------------------------------------------------
imgreg_4dfp /opt/freesurfer/average/711-2C_as_mni_average_305 /opt/freesurfer/average/711-2B_as_mni_average_305_mask talsrcimg_g11 none talsrcimg_to_711-2C_as_mni_average_305_t4 2311
---------------------------------------------------------------------

freesurfer imgreg_4dfp.c
/opt/freesurfer/average/711-2C_as_mni_average_305.4dfp.img
       256       256       256         1
  1.000000  1.000000  1.000000
orientation T byte_order littleendian
Reading image: /opt/freesurfer/average/711-2C_as_mni_average_305.4dfp.img
dimensions:      256       256       256
mmppix:       1.0000   -1.0000   -1.0000
center:     128.0000 -129.0000 -129.0000
/opt/freesurfer/average/711-2B_as_mni_average_305_mask.4dfp.img
       256       256       256         1
  1.000000  1.000000  1.000000
orientation T byte_order littleendian
Reading mask: /opt/freesurfer/average/711-2B_as_mni_average_305_mask.4dfp.img (2306576 pixels)
talsrcimg_g11.4dfp.img
       256       256       256         1
  1.000000  1.000000  1.000000
orientation T byte_order littleendian
Reading image: talsrcimg_g11.4dfp.img
dimensions:      256       256       256
mmppix:       1.0000   -1.0000   -1.0000
center:     128.0000 -129.0000 -129.0000
fimgreg.f
image alignment mode   2311 decimal      907 hex
parameters
    1.1379   30.9301    6.8324   -9.1909  -27.3794  -21.0801
    6.8018   -3.5093   -7.5167   18.1930    6.4526  -12.3752
eta,q 0.97522  8.92568
niter,ni,del,rscale     5    3    5.0000    0.8000
parameters
    1.1515   30.9534    6.8379   -9.5606  -27.3091  -20.5216
    6.6392   -3.4338   -7.5693   18.2576    6.4156  -12.5731
eta,q 0.97526  8.93010
  0.0258  0.0260  0.0253  0.0252  0.0258  0.0259  0.0256  0.0261  0.0259  0.0260  0.0252  0.0252
  0.0252  0.0253  0.0250  0.0249  0.0253  0.0253  0.0251  0.0254  0.0252  0.0253  0.0249  0.0249
  0.0249  0.0249  0.0248  0.0248  0.0249  0.0250  0.0248  0.0249  0.0249  0.0249  0.0248  0.0248
  0.0248  0.0248  0.0248  0.0248  0.0248  0.0248  0.0248  0.0247  0.0247  0.0247  0.0247  0.0247
  0.0249  0.0249  0.0248  0.0249  0.0249  0.0248  0.0249  0.0249  0.0249  0.0249  0.0248  0.0248
  0.0252  0.0253  0.0250  0.0251  0.0252  0.0250  0.0252  0.0253  0.0253  0.0253  0.0249  0.0250
  0.0258  0.0259  0.0253  0.0253  0.0258  0.0255  0.0257  0.0261  0.0259  0.0260  0.0252  0.0253
niter,ni,del,rscale     4    3    5.0000    0.7000
parameters
    1.1651   30.9557    6.9513   -9.7662  -27.3755  -20.3070
    6.5746   -3.3772   -7.5804   18.2724    6.4045  -12.5765
eta,q 0.97528  8.92517
  0.0255  0.0256  0.0252  0.0251  0.0255  0.0255  0.0254  0.0258  0.0256  0.0257  0.0251  0.0251
  0.0251  0.0251  0.0250  0.0248  0.0251  0.0251  0.0250  0.0253  0.0251  0.0252  0.0249  0.0249
  0.0248  0.0248  0.0248  0.0247  0.0248  0.0249  0.0248  0.0249  0.0248  0.0248  0.0248  0.0248
  0.0247  0.0247  0.0247  0.0247  0.0247  0.0247  0.0247  0.0247  0.0247  0.0247  0.0247  0.0247
  0.0248  0.0248  0.0248  0.0248  0.0248  0.0248  0.0248  0.0248  0.0248  0.0248  0.0248  0.0248
  0.0251  0.0251  0.0249  0.0249  0.0251  0.0250  0.0251  0.0252  0.0251  0.0252  0.0249  0.0249
  0.0255  0.0256  0.0251  0.0251  0.0255  0.0254  0.0255  0.0258  0.0256  0.0257  0.0251  0.0251
niter,ni,del,rscale     3    3    5.0000    0.6000
parameters
    1.1636   30.9526    7.0055   -9.9200  -27.4040  -20.1781
    6.5445   -3.3400   -7.6040   18.2753    6.3870  -12.5961
eta,q 0.97529  8.92132
  0.0253  0.0254  0.0251  0.0250  0.0253  0.0253  0.0252  0.0255  0.0254  0.0254  0.0250  0.0250
  0.0250  0.0250  0.0249  0.0248  0.0250  0.0250  0.0250  0.0251  0.0250  0.0250  0.0248  0.0248
  0.0248  0.0248  0.0248  0.0247  0.0248  0.0248  0.0248  0.0248  0.0248  0.0248  0.0247  0.0248
  0.0247  0.0247  0.0247  0.0247  0.0247  0.0247  0.0247  0.0247  0.0247  0.0247  0.0247  0.0247
  0.0248  0.0248  0.0247  0.0248  0.0248  0.0248  0.0248  0.0248  0.0248  0.0248  0.0247  0.0247
  0.0250  0.0250  0.0248  0.0249  0.0250  0.0249  0.0250  0.0251  0.0250  0.0250  0.0248  0.0248
  0.0253  0.0254  0.0250  0.0250  0.0253  0.0252  0.0253  0.0255  0.0254  0.0254  0.0250  0.0250
niter,ni,del,rscale     2    3    5.0000    0.5000
parameters
    1.1639   30.9548    7.0388  -10.0488  -27.4338  -20.0751
    6.5239   -3.3097   -7.6144   18.2675    6.3879  -12.6037
eta,q 0.97528  8.91736
  0.0251  0.0252  0.0250  0.0249  0.0251  0.0251  0.0251  0.0253  0.0252  0.0252  0.0249  0.0249
  0.0249  0.0249  0.0248  0.0248  0.0249  0.0249  0.0249  0.0250  0.0249  0.0249  0.0248  0.0248
  0.0248  0.0248  0.0247  0.0247  0.0248  0.0248  0.0248  0.0248  0.0248  0.0248  0.0247  0.0247
  0.0247  0.0247  0.0247  0.0247  0.0247  0.0247  0.0247  0.0247  0.0247  0.0247  0.0247  0.0247
  0.0248  0.0248  0.0247  0.0248  0.0248  0.0247  0.0248  0.0248  0.0248  0.0248  0.0247  0.0247
  0.0249  0.0249  0.0248  0.0248  0.0249  0.0249  0.0249  0.0250  0.0249  0.0249  0.0248  0.0248
  0.0251  0.0252  0.0249  0.0249  0.0251  0.0251  0.0251  0.0253  0.0252  0.0252  0.0249  0.0249
niter,ni,del,rscale     1    3    5.0000    0.4000
parameters
    1.1592   30.9575    7.0687  -10.1682  -27.4399  -19.9876
    6.5186   -3.2762   -7.6222   18.2706    6.4082  -12.5933
eta,q 0.97529  8.91471
  0.0250  0.0250  0.0249  0.0248  0.0250  0.0250  0.0250  0.0251  0.0250  0.0250  0.0248  0.0248
  0.0248  0.0248  0.0248  0.0248  0.0248  0.0248  0.0248  0.0249  0.0248  0.0249  0.0248  0.0248
  0.0247  0.0247  0.0247  0.0247  0.0247  0.0247  0.0247  0.0248  0.0247  0.0247  0.0247  0.0247
  0.0247  0.0247  0.0247  0.0247  0.0247  0.0247  0.0247  0.0247  0.0247  0.0247  0.0247  0.0247
  0.0247  0.0247  0.0247  0.0247  0.0247  0.0247  0.0247  0.0247  0.0247  0.0247  0.0247  0.0247
  0.0248  0.0248  0.0248  0.0248  0.0248  0.0248  0.0248  0.0249  0.0248  0.0249  0.0248  0.0248
  0.0250  0.0250  0.0249  0.0249  0.0250  0.0249  0.0250  0.0251  0.0250  0.0250  0.0248  0.0248
registration optimization eta report
parameter search radius
    0.8000    0.8000    0.8000    2.4000    2.4000    2.4000
    2.4000    2.4000    2.4000    2.4000    2.4000    2.4000
100000*second partial in parameter space
       40.       46.       22.        2.        5.        4.
        4.        6.        5.        6.        2.        2.
  0.0250  0.0250  0.0249  0.0248  0.0250  0.0250  0.0250  0.0251  0.0250  0.0250  0.0248  0.0248
  0.0248  0.0248  0.0248  0.0248  0.0248  0.0248  0.0248  0.0249  0.0248  0.0249  0.0248  0.0248
  0.0247  0.0247  0.0247  0.0247  0.0247  0.0247  0.0247  0.0248  0.0247  0.0247  0.0247  0.0247
  0.0247  0.0247  0.0247  0.0247  0.0247  0.0247  0.0247  0.0247  0.0247  0.0247  0.0247  0.0247
  0.0247  0.0247  0.0247  0.0247  0.0247  0.0247  0.0247  0.0247  0.0247  0.0247  0.0247  0.0247
  0.0248  0.0248  0.0248  0.0248  0.0248  0.0248  0.0248  0.0249  0.0248  0.0249  0.0248  0.0248
  0.0250  0.0250  0.0249  0.0249  0.0250  0.0249  0.0250  0.0251  0.0250  0.0250  0.0248  0.0248
    1.1592   30.9575    7.0687  -10.1682  -27.4399  -19.9876
    6.5186   -3.2762   -7.6222   18.2706    6.4082  -12.5933
eta,q 0.97529  8.91471

---------------------------------------------------------------------
imgreg_4dfp /opt/freesurfer/average/711-2C_as_mni_average_305 /opt/freesurfer/average/711-2B_as_mni_average_305_mask talsrcimg_g11 none talsrcimg_to_711-2C_as_mni_average_305_t4 2311
---------------------------------------------------------------------

freesurfer imgreg_4dfp.c
/opt/freesurfer/average/711-2C_as_mni_average_305.4dfp.img
       256       256       256         1
  1.000000  1.000000  1.000000
orientation T byte_order littleendian
Reading image: /opt/freesurfer/average/711-2C_as_mni_average_305.4dfp.img
dimensions:      256       256       256
mmppix:       1.0000   -1.0000   -1.0000
center:     128.0000 -129.0000 -129.0000
/opt/freesurfer/average/711-2B_as_mni_average_305_mask.4dfp.img
       256       256       256         1
  1.000000  1.000000  1.000000
orientation T byte_order littleendian
Reading mask: /opt/freesurfer/average/711-2B_as_mni_average_305_mask.4dfp.img (2306576 pixels)
talsrcimg_g11.4dfp.img
       256       256       256         1
  1.000000  1.000000  1.000000
orientation T byte_order littleendian
Reading image: talsrcimg_g11.4dfp.img
dimensions:      256       256       256
mmppix:       1.0000   -1.0000   -1.0000
center:     128.0000 -129.0000 -129.0000
fimgreg.f
image alignment mode   2311 decimal      907 hex
parameters
    1.1592   30.9575    7.0687  -10.1682  -27.4399  -19.9876
    6.5186   -3.2762   -7.6222   18.2706    6.4082  -12.5933
eta,q 0.97529  8.91471
niter,ni,del,rscale     5    3    5.0000    0.8000
parameters
    1.1618   30.9495    7.0681   -9.7034  -27.4244  -20.2224
    6.5797   -3.4111   -7.5721   18.2319    6.3978  -12.5315
eta,q 0.97528  8.92905
  0.0258  0.0258  0.0253  0.0254  0.0257  0.0256  0.0257  0.0260  0.0259  0.0260  0.0252  0.0252
  0.0252  0.0252  0.0250  0.0250  0.0252  0.0251  0.0252  0.0253  0.0253  0.0253  0.0249  0.0250
  0.0248  0.0248  0.0248  0.0248  0.0248  0.0248  0.0248  0.0249  0.0249  0.0249  0.0248  0.0248
  0.0247  0.0247  0.0247  0.0247  0.0247  0.0247  0.0247  0.0247  0.0247  0.0247  0.0247  0.0247
  0.0248  0.0248  0.0248  0.0248  0.0248  0.0248  0.0248  0.0249  0.0249  0.0249  0.0248  0.0248
  0.0252  0.0252  0.0250  0.0249  0.0252  0.0252  0.0251  0.0254  0.0252  0.0253  0.0249  0.0249
  0.0257  0.0259  0.0253  0.0251  0.0257  0.0259  0.0256  0.0262  0.0259  0.0260  0.0252  0.0252
niter,ni,del,rscale     4    3    5.0000    0.7000
parameters
    1.1589   30.9395    7.0274   -9.7803  -27.4072  -20.2151
    6.5638   -3.3829   -7.5814   18.2342    6.4018  -12.5565
eta,q 0.97528  8.92605
  0.0255  0.0256  0.0251  0.0251  0.0255  0.0255  0.0254  0.0258  0.0256  0.0257  0.0251  0.0251
  0.0251  0.0251  0.0249  0.0249  0.0251  0.0251  0.0250  0.0252  0.0251  0.0252  0.0249  0.0249
  0.0248  0.0248  0.0248  0.0247  0.0248  0.0248  0.0248  0.0249  0.0248  0.0248  0.0248  0.0248
  0.0247  0.0247  0.0247  0.0247  0.0247  0.0247  0.0247  0.0247  0.0247  0.0247  0.0247  0.0247
  0.0248  0.0248  0.0248  0.0248  0.0248  0.0248  0.0248  0.0248  0.0248  0.0248  0.0248  0.0248
  0.0251  0.0251  0.0249  0.0249  0.0251  0.0250  0.0250  0.0252  0.0251  0.0252  0.0249  0.0249
  0.0255  0.0256  0.0252  0.0251  0.0255  0.0255  0.0254  0.0258  0.0256  0.0257  0.0251  0.0251
niter,ni,del,rscale     3    3    5.0000    0.6000
parameters
    1.1623   30.9445    7.0317   -9.9196  -27.4157  -20.1431
    6.5372   -3.3458   -7.6018   18.2540    6.3833  -12.5752
eta,q 0.97528  8.92171
  0.0253  0.0254  0.0250  0.0250  0.0253  0.0253  0.0252  0.0255  0.0254  0.0255  0.0250  0.0250
  0.0250  0.0250  0.0249  0.0248  0.0250  0.0250  0.0250  0.0251  0.0250  0.0251  0.0248  0.0248
  0.0248  0.0248  0.0248  0.0247  0.0248  0.0248  0.0248  0.0248  0.0248  0.0248  0.0247  0.0248
  0.0247  0.0247  0.0247  0.0247  0.0247  0.0247  0.0247  0.0247  0.0247  0.0247  0.0247  0.0247
  0.0248  0.0248  0.0248  0.0248  0.0248  0.0248  0.0248  0.0248  0.0248  0.0248  0.0247  0.0247
  0.0250  0.0250  0.0249  0.0249  0.0250  0.0249  0.0250  0.0251  0.0250  0.0250  0.0248  0.0248
  0.0253  0.0254  0.0250  0.0250  0.0253  0.0253  0.0253  0.0255  0.0254  0.0254  0.0250  0.0250
niter,ni,del,rscale     2    3    5.0000    0.5000
parameters
    1.1602   30.9517    7.0475  -10.0450  -27.4322  -20.0617
    6.5246   -3.3128   -7.6162   18.2641    6.3738  -12.6015
eta,q 0.97528  8.91809
  0.0251  0.0252  0.0249  0.0249  0.0251  0.0251  0.0251  0.0253  0.0252  0.0252  0.0249  0.0249
  0.0249  0.0249  0.0248  0.0248  0.0249  0.0249  0.0249  0.0250  0.0249  0.0249  0.0248  0.0248
  0.0248  0.0248  0.0247  0.0247  0.0248  0.0248  0.0248  0.0248  0.0248  0.0248  0.0247  0.0247
  0.0247  0.0247  0.0247  0.0247  0.0247  0.0247  0.0247  0.0247  0.0247  0.0247  0.0247  0.0247
  0.0248  0.0248  0.0247  0.0248  0.0248  0.0247  0.0248  0.0248  0.0248  0.0248  0.0247  0.0247
  0.0249  0.0249  0.0248  0.0248  0.0249  0.0249  0.0249  0.0250  0.0249  0.0249  0.0248  0.0248
  0.0251  0.0252  0.0249  0.0249  0.0251  0.0251  0.0251  0.0253  0.0252  0.0252  0.0249  0.0249
niter,ni,del,rscale     1    3    5.0000    0.4000
parameters
    1.1596   30.9551    7.0672  -10.1815  -27.4281  -19.9876
    6.5223   -3.2711   -7.6238   18.2686    6.3642  -12.6044
eta,q 0.97529  8.91460
  0.0250  0.0250  0.0249  0.0248  0.0250  0.0250  0.0250  0.0251  0.0250  0.0250  0.0248  0.0248
  0.0248  0.0248  0.0248  0.0248  0.0248  0.0248  0.0248  0.0249  0.0248  0.0249  0.0248  0.0248
  0.0247  0.0247  0.0247  0.0247  0.0247  0.0247  0.0247  0.0248  0.0247  0.0248  0.0247  0.0247
  0.0247  0.0247  0.0247  0.0247  0.0247  0.0247  0.0247  0.0247  0.0247  0.0247  0.0247  0.0247
  0.0247  0.0247  0.0247  0.0247  0.0247  0.0247  0.0247  0.0247  0.0247  0.0248  0.0247  0.0247
  0.0248  0.0248  0.0248  0.0248  0.0248  0.0248  0.0248  0.0249  0.0249  0.0249  0.0248  0.0248
  0.0250  0.0250  0.0249  0.0249  0.0250  0.0249  0.0250  0.0251  0.0250  0.0250  0.0248  0.0248
registration optimization eta report
parameter search radius
    0.8000    0.8000    0.8000    2.4000    2.4000    2.4000
    2.4000    2.4000    2.4000    2.4000    2.4000    2.4000
100000*second partial in parameter space
       41.       46.       22.        2.        5.        4.
        4.        6.        5.        6.        2.        2.
  0.0250  0.0250  0.0249  0.0248  0.0250  0.0250  0.0250  0.0251  0.0250  0.0250  0.0248  0.0248
  0.0248  0.0248  0.0248  0.0248  0.0248  0.0248  0.0248  0.0249  0.0248  0.0249  0.0248  0.0248
  0.0247  0.0247  0.0247  0.0247  0.0247  0.0247  0.0247  0.0248  0.0247  0.0248  0.0247  0.0247
  0.0247  0.0247  0.0247  0.0247  0.0247  0.0247  0.0247  0.0247  0.0247  0.0247  0.0247  0.0247
  0.0247  0.0247  0.0247  0.0247  0.0247  0.0247  0.0247  0.0247  0.0247  0.0248  0.0247  0.0247
  0.0248  0.0248  0.0248  0.0248  0.0248  0.0248  0.0248  0.0249  0.0249  0.0249  0.0248  0.0248
  0.0250  0.0250  0.0249  0.0249  0.0250  0.0249  0.0250  0.0251  0.0250  0.0250  0.0248  0.0248
    1.1596   30.9551    7.0672  -10.1815  -27.4281  -19.9876
    6.5223   -3.2711   -7.6238   18.2686    6.3642  -12.6044
eta,q 0.97529  8.91460

---------------------------------------------------------------------
compute_vox2vox talsrcimg talsrcimg_to_711-2C_as_mni_average_305_t4 /opt/freesurfer/average/711-2C_as_mni_average_305
---------------------------------------------------------------------

freesurfer compute_vox2vox.c
Reading: talsrcimg.4dfp.ifh
Reading: talsrcimg_to_711-2C_as_mni_average_305_t4
Reading: /opt/freesurfer/average/711-2C_as_mni_average_305.4dfp.ifh
Writing: talsrcimg_to_711-2C_as_mni_average_305_t4_vox2vox.txt

start time Sun Mar 15 10:49:56 CET 2026
end		time Sun Mar 15 10:51:24 CET 2026

mpr2mni305 success

avi2talxfm orig_nu.mgz /opt/freesurfer/average/mni305.cor.mgz talsrcimg_to_711-2C_as_mni_average_305_t4_vox2vox.txt transforms/talairach.auto.xfm
avi2talxfm done
mv -f /out/sourcedata/freesurfer/sub-v2s10x28997_ses-1/mri/talsrcimg_to_711-2C_as_mni_average_305_t4_vox2vox.txt /out/sourcedata/freesurfer/sub-v2s10x28997_ses-1/mri/transforms/talsrcimg_to_711-2C_as_mni_average_305_t4_vox2vox.txt
lta_convert --src orig_nu.mgz --trg /opt/freesurfer/average/mni305.cor.mgz --inxfm transforms/talairach.auto.xfm --outlta transforms/talairach.auto.xfm.lta --subject fsaverage
7.3.2

--src: orig_nu.mgz src image (geometry).
--trg: /opt/freesurfer/average/mni305.cor.mgz trg image (geometry).
--inmni: transforms/talairach.auto.xfm input MNI/XFM transform.
--outlta: transforms/talairach.auto.xfm.lta output LTA.
--s: fsaverage subject name
 LTA read, type : 1
 1.10131   0.06504  -0.08768   3.95074;
-0.06673   1.19819   0.21410  -16.19119;
 0.13249  -0.29479   1.31484  -8.07701;
 0.00000   0.00000   0.00000   1.00000;
setting subject to fsaverage
Writing  LTA to file transforms/talairach.auto.xfm.lta...
lta_convert successful.
 
 
Started at Sun Mar 15 10:49:56 CET 2026
Ended   at Sun Mar 15 10:51:24 CET 2026
talairach_avi done
