status file for recon-all
Sun Mar 15 09:40:01 CET 2026
#@# Tessellate rh Sun Mar 15 09:40:01 CET 2026
#@# Smooth1 rh Sun Mar 15 09:40:03 CET 2026
#@# Inflation1 rh Sun Mar 15 09:40:05 CET 2026
#@# QSphere rh Sun Mar 15 09:40:13 CET 2026
#@# Fix Topology rh Sun Mar 15 09:40:52 CET 2026
#@# Smooth2 rh Sun Mar 15 09:45:13 CET 2026
#@# Inflation2 rh Sun Mar 15 09:45:15 CET 2026
#@# Curv .H and .K rh Sun Mar 15 09:45:22 CET 2026
#@# Sphere rh Sun Mar 15 09:45:59 CET 2026
#@# Surf Reg rh Sun Mar 15 09:46:48 CET 2026
#@# Jacobian white rh Sun Mar 15 09:49:03 CET 2026
#@# AvgCurv rh Sun Mar 15 09:49:03 CET 2026
#@# Cortical Parc rh Sun Mar 15 09:49:04 CET 2026
#@# white curv rh Sun Mar 15 09:53:59 CET 2026
#@# white area rh Sun Mar 15 09:54:00 CET 2026
#@# pial curv rh Sun Mar 15 09:54:01 CET 2026
#@# pial area rh Sun Mar 15 09:54:02 CET 2026
#@# thickness rh Sun Mar 15 09:54:03 CET 2026
#@# area and vertex vol rh Sun Mar 15 09:54:22 CET 2026
#@# Curvature Stats rh Sun Mar 15 09:54:23 CET 2026
#@# Cortical Parc 2 rh Sun Mar 15 09:54:25 CET 2026
#@# Cortical Parc 3 rh Sun Mar 15 09:54:35 CET 2026
#@# WM/GM Contrast rh Sun Mar 15 09:54:42 CET 2026
recon-all -s sub-v2s10x28955_ses-1 finished without error at Sun Mar 15 09:54:44 CET 2026



#New# invocation of recon-all 



status file for recon-all
Sun Mar 15 10:01:23 CET 2026
#@# white curv rh Sun Mar 15 10:01:23 CET 2026
#@# white area rh Sun Mar 15 10:01:23 CET 2026
#@# pial curv rh Sun Mar 15 10:01:23 CET 2026
#@# pial area rh Sun Mar 15 10:01:23 CET 2026
#@# thickness rh Sun Mar 15 10:01:23 CET 2026
#@# area and vertex vol rh Sun Mar 15 10:01:23 CET 2026
#@# Parcellation Stats rh Sun Mar 15 10:01:23 CET 2026
#@# Parcellation Stats 2 rh Sun Mar 15 10:01:41 CET 2026
#@# Parcellation Stats 3 rh Sun Mar 15 10:01:49 CET 2026
#@# BA_exvivo Labels rh Sun Mar 15 10:01:57 CET 2026
recon-all -s sub-v2s10x28955_ses-1 finished without error at Sun Mar 15 10:03:46 CET 2026
