status file for recon-all
Sun Mar 15 09:49:00 CET 2026
#@# Tessellate lh Sun Mar 15 09:49:00 CET 2026
#@# Smooth1 lh Sun Mar 15 09:49:03 CET 2026
#@# Inflation1 lh Sun Mar 15 09:49:06 CET 2026
#@# QSphere lh Sun Mar 15 09:49:16 CET 2026
#@# Fix Topology lh Sun Mar 15 09:50:25 CET 2026
#@# Smooth2 lh Sun Mar 15 09:56:01 CET 2026
#@# Inflation2 lh Sun Mar 15 09:56:04 CET 2026
#@# Curv .H and .K lh Sun Mar 15 09:56:15 CET 2026
#@# Sphere lh Sun Mar 15 09:57:07 CET 2026
#@# Surf Reg lh Sun Mar 15 09:59:57 CET 2026
#@# Jacobian white lh Sun Mar 15 10:03:30 CET 2026
#@# AvgCurv lh Sun Mar 15 10:03:30 CET 2026
#@# Cortical Parc lh Sun Mar 15 10:03:31 CET 2026
#@# white curv lh Sun Mar 15 10:09:44 CET 2026
#@# white area lh Sun Mar 15 10:09:46 CET 2026
#@# pial curv lh Sun Mar 15 10:09:47 CET 2026
#@# pial area lh Sun Mar 15 10:09:48 CET 2026
#@# thickness lh Sun Mar 15 10:09:49 CET 2026
#@# area and vertex vol lh Sun Mar 15 10:10:21 CET 2026
#@# Curvature Stats lh Sun Mar 15 10:10:23 CET 2026
#@# Cortical Parc 2 lh Sun Mar 15 10:10:25 CET 2026
#@# Cortical Parc 3 lh Sun Mar 15 10:10:39 CET 2026
#@# WM/GM Contrast lh Sun Mar 15 10:10:49 CET 2026
recon-all -s sub-v2s10x28986_ses-1 finished without error at Sun Mar 15 10:10:52 CET 2026



#New# invocation of recon-all 



status file for recon-all
Sun Mar 15 10:38:14 CET 2026
#@# white curv lh Sun Mar 15 10:38:14 CET 2026
#@# white area lh Sun Mar 15 10:38:14 CET 2026
#@# pial curv lh Sun Mar 15 10:38:14 CET 2026
#@# pial area lh Sun Mar 15 10:38:14 CET 2026
#@# thickness lh Sun Mar 15 10:38:14 CET 2026
#@# area and vertex vol lh Sun Mar 15 10:38:14 CET 2026
#@# Parcellation Stats lh Sun Mar 15 10:38:14 CET 2026
#@# Parcellation Stats 2 lh Sun Mar 15 10:38:35 CET 2026
#@# Parcellation Stats 3 lh Sun Mar 15 10:38:45 CET 2026
#@# BA_exvivo Labels lh Sun Mar 15 10:38:56 CET 2026
recon-all -s sub-v2s10x28986_ses-1 finished without error at Sun Mar 15 10:41:25 CET 2026
