status file for recon-all
Sun Mar 15 09:33:57 CET 2026
#@# Tessellate lh Sun Mar 15 09:33:57 CET 2026
#@# Smooth1 lh Sun Mar 15 09:33:59 CET 2026
#@# Inflation1 lh Sun Mar 15 09:34:01 CET 2026
#@# QSphere lh Sun Mar 15 09:34:15 CET 2026
#@# Fix Topology lh Sun Mar 15 09:35:31 CET 2026
#@# Smooth2 lh Sun Mar 15 09:40:50 CET 2026
#@# Inflation2 lh Sun Mar 15 09:40:52 CET 2026
#@# Curv .H and .K lh Sun Mar 15 09:41:06 CET 2026
#@# Sphere lh Sun Mar 15 09:41:44 CET 2026
#@# Surf Reg lh Sun Mar 15 09:44:09 CET 2026
#@# Jacobian white lh Sun Mar 15 09:48:54 CET 2026
#@# AvgCurv lh Sun Mar 15 09:48:54 CET 2026
#@# Cortical Parc lh Sun Mar 15 09:48:55 CET 2026
#@# white curv lh Sun Mar 15 09:54:54 CET 2026
#@# white area lh Sun Mar 15 09:54:56 CET 2026
#@# pial curv lh Sun Mar 15 09:54:56 CET 2026
#@# pial area lh Sun Mar 15 09:54:58 CET 2026
#@# thickness lh Sun Mar 15 09:54:58 CET 2026
#@# area and vertex vol lh Sun Mar 15 09:55:18 CET 2026
#@# Curvature Stats lh Sun Mar 15 09:55:19 CET 2026
#@# Cortical Parc 2 lh Sun Mar 15 09:55:21 CET 2026
#@# Cortical Parc 3 lh Sun Mar 15 09:55:32 CET 2026
#@# WM/GM Contrast lh Sun Mar 15 09:55:39 CET 2026
recon-all -s sub-v2s10x28942_ses-1 finished without error at Sun Mar 15 09:55:42 CET 2026



#New# invocation of recon-all 



status file for recon-all
Sun Mar 15 10:22:45 CET 2026
#@# white curv lh Sun Mar 15 10:22:45 CET 2026
#@# white area lh Sun Mar 15 10:22:45 CET 2026
#@# pial curv lh Sun Mar 15 10:22:45 CET 2026
#@# pial area lh Sun Mar 15 10:22:45 CET 2026
#@# thickness lh Sun Mar 15 10:22:45 CET 2026
#@# area and vertex vol lh Sun Mar 15 10:22:45 CET 2026
#@# Parcellation Stats lh Sun Mar 15 10:22:45 CET 2026
#@# Parcellation Stats 2 lh Sun Mar 15 10:23:01 CET 2026
#@# Parcellation Stats 3 lh Sun Mar 15 10:23:08 CET 2026
#@# BA_exvivo Labels lh Sun Mar 15 10:23:16 CET 2026
recon-all -s sub-v2s10x28942_ses-1 finished without error at Sun Mar 15 10:25:17 CET 2026
