status file for recon-all
Sun Mar 15 08:11:46 CET 2026
#@# MotionCor Sun Mar 15 08:11:48 CET 2026
#@# Talairach Sun Mar 15 08:11:53 CET 2026
#@# Talairach Failure Detection Sun Mar 15 08:14:44 CET 2026
#@# Nu Intensity Correction Sun Mar 15 08:14:44 CET 2026
#@# Intensity Normalization Sun Mar 15 08:17:30 CET 2026
recon-all -s sub-v2s10x28942_ses-1 finished without error at Sun Mar 15 08:18:33 CET 2026



#New# invocation of recon-all 



status file for recon-all
Sun Mar 15 08:24:22 CET 2026
#@# EM Registration Sun Mar 15 08:24:22 CET 2026
recon-all -s sub-v2s10x28942_ses-1 finished without error at Sun Mar 15 08:27:11 CET 2026



#New# invocation of recon-all 



status file for recon-all
Sun Mar 15 08:27:12 CET 2026
#@# CA Normalize Sun Mar 15 08:27:12 CET 2026
#@# CA Reg Sun Mar 15 08:28:06 CET 2026
#@# SubCort Seg Sun Mar 15 09:08:53 CET 2026
#@# CC Seg Sun Mar 15 09:29:15 CET 2026
#@# Merge ASeg Sun Mar 15 09:30:03 CET 2026
#@# Intensity Normalization2 Sun Mar 15 09:30:03 CET 2026
#@# Mask BFS Sun Mar 15 09:31:38 CET 2026
#@# WM Segmentation Sun Mar 15 09:31:39 CET 2026
#@# Fill Sun Mar 15 09:33:15 CET 2026
recon-all -s sub-v2s10x28942_ses-1 finished without error at Sun Mar 15 09:33:53 CET 2026



#New# invocation of recon-all 



status file for recon-all
Sun Mar 15 10:19:11 CET 2026
#@# white curv lh Sun Mar 15 10:19:11 CET 2026
#@# white area lh Sun Mar 15 10:19:11 CET 2026
#@# pial curv lh Sun Mar 15 10:19:11 CET 2026
#@# pial area lh Sun Mar 15 10:19:11 CET 2026
#@# thickness lh Sun Mar 15 10:19:11 CET 2026
#@# area and vertex vol lh Sun Mar 15 10:19:11 CET 2026
#@# white curv rh Sun Mar 15 10:19:11 CET 2026
#@# white area rh Sun Mar 15 10:19:11 CET 2026
#@# pial curv rh Sun Mar 15 10:19:11 CET 2026
#@# pial area rh Sun Mar 15 10:19:11 CET 2026
#@# thickness rh Sun Mar 15 10:19:11 CET 2026
#@# area and vertex vol rh Sun Mar 15 10:19:11 CET 2026
#@# Cortical ribbon mask Sun Mar 15 10:19:11 CET 2026
recon-all -s sub-v2s10x28942_ses-1 finished without error at Sun Mar 15 10:22:41 CET 2026



#New# invocation of recon-all 



status file for recon-all
Sun Mar 15 10:27:51 CET 2026
#@# white curv lh Sun Mar 15 10:27:51 CET 2026
#@# white area lh Sun Mar 15 10:27:51 CET 2026
#@# pial curv lh Sun Mar 15 10:27:51 CET 2026
#@# pial area lh Sun Mar 15 10:27:51 CET 2026
#@# thickness lh Sun Mar 15 10:27:51 CET 2026
#@# area and vertex vol lh Sun Mar 15 10:27:51 CET 2026
#@# white curv rh Sun Mar 15 10:27:51 CET 2026
#@# white area rh Sun Mar 15 10:27:51 CET 2026
#@# pial curv rh Sun Mar 15 10:27:51 CET 2026
#@# pial area rh Sun Mar 15 10:27:51 CET 2026
#@# thickness rh Sun Mar 15 10:27:51 CET 2026
#@# area and vertex vol rh Sun Mar 15 10:27:51 CET 2026
#@# Curvature Stats lh Sun Mar 15 10:27:51 CET 2026
#@# Curvature Stats rh Sun Mar 15 10:27:53 CET 2026
#@# Relabel Hypointensities Sun Mar 15 10:27:55 CET 2026
#@# APas-to-ASeg Sun Mar 15 10:28:05 CET 2026
#@# AParc-to-ASeg aparc Sun Mar 15 10:28:11 CET 2026
#@# AParc-to-ASeg aparc.a2009s Sun Mar 15 10:28:34 CET 2026
#@# AParc-to-ASeg aparc.DKTatlas Sun Mar 15 10:28:55 CET 2026
#@# WMParc Sun Mar 15 10:29:18 CET 2026
#@# ASeg Stats Sun Mar 15 10:31:04 CET 2026
recon-all -s sub-v2s10x28942_ses-1 finished without error at Sun Mar 15 10:31:21 CET 2026
