status file for recon-all
Sun Mar 15 09:45:40 CET 2026
#@# Tessellate rh Sun Mar 15 09:45:40 CET 2026
#@# Smooth1 rh Sun Mar 15 09:45:42 CET 2026
#@# Inflation1 rh Sun Mar 15 09:45:44 CET 2026
#@# QSphere rh Sun Mar 15 09:45:55 CET 2026
#@# Fix Topology rh Sun Mar 15 09:48:00 CET 2026
#@# Smooth2 rh Sun Mar 15 09:51:37 CET 2026
#@# Inflation2 rh Sun Mar 15 09:51:39 CET 2026
#@# Curv .H and .K rh Sun Mar 15 09:51:52 CET 2026
#@# Sphere rh Sun Mar 15 09:52:26 CET 2026
#@# Surf Reg rh Sun Mar 15 09:55:05 CET 2026
#@# Jacobian white rh Sun Mar 15 10:00:06 CET 2026
#@# AvgCurv rh Sun Mar 15 10:00:07 CET 2026
#@# Cortical Parc rh Sun Mar 15 10:00:07 CET 2026
#@# white curv rh Sun Mar 15 10:05:34 CET 2026
#@# white area rh Sun Mar 15 10:05:35 CET 2026
#@# pial curv rh Sun Mar 15 10:05:35 CET 2026
#@# pial area rh Sun Mar 15 10:05:37 CET 2026
#@# thickness rh Sun Mar 15 10:05:37 CET 2026
#@# area and vertex vol rh Sun Mar 15 10:05:53 CET 2026
#@# Curvature Stats rh Sun Mar 15 10:05:54 CET 2026
#@# Cortical Parc 2 rh Sun Mar 15 10:05:56 CET 2026
#@# Cortical Parc 3 rh Sun Mar 15 10:06:05 CET 2026
#@# WM/GM Contrast rh Sun Mar 15 10:06:12 CET 2026
recon-all -s sub-v2s10x28937_ses-1 finished without error at Sun Mar 15 10:06:14 CET 2026



#New# invocation of recon-all 



status file for recon-all
Sun Mar 15 10:11:37 CET 2026
#@# white curv rh Sun Mar 15 10:11:37 CET 2026
#@# white area rh Sun Mar 15 10:11:37 CET 2026
#@# pial curv rh Sun Mar 15 10:11:37 CET 2026
#@# pial area rh Sun Mar 15 10:11:37 CET 2026
#@# thickness rh Sun Mar 15 10:11:37 CET 2026
#@# area and vertex vol rh Sun Mar 15 10:11:37 CET 2026
#@# Parcellation Stats rh Sun Mar 15 10:11:37 CET 2026
#@# Parcellation Stats 2 rh Sun Mar 15 10:11:49 CET 2026
#@# Parcellation Stats 3 rh Sun Mar 15 10:11:55 CET 2026
#@# BA_exvivo Labels rh Sun Mar 15 10:12:02 CET 2026
recon-all -s sub-v2s10x28937_ses-1 finished without error at Sun Mar 15 10:13:51 CET 2026
