status file for recon-all
Sun Mar 15 12:47:19 CET 2026
#@# Tessellate lh Sun Mar 15 12:47:19 CET 2026
#@# Smooth1 lh Sun Mar 15 12:47:21 CET 2026
#@# Inflation1 lh Sun Mar 15 12:47:24 CET 2026
#@# QSphere lh Sun Mar 15 12:47:37 CET 2026
#@# Fix Topology lh Sun Mar 15 12:48:58 CET 2026
#@# Smooth2 lh Sun Mar 15 12:53:17 CET 2026
#@# Inflation2 lh Sun Mar 15 12:53:19 CET 2026
#@# Curv .H and .K lh Sun Mar 15 12:53:34 CET 2026
#@# Sphere lh Sun Mar 15 12:54:11 CET 2026
#@# Surf Reg lh Sun Mar 15 12:56:49 CET 2026
#@# Jacobian white lh Sun Mar 15 13:00:33 CET 2026
#@# AvgCurv lh Sun Mar 15 13:00:34 CET 2026
#@# Cortical Parc lh Sun Mar 15 13:00:35 CET 2026
#@# white curv lh Sun Mar 15 13:06:38 CET 2026
#@# white area lh Sun Mar 15 13:06:40 CET 2026
#@# pial curv lh Sun Mar 15 13:06:40 CET 2026
#@# pial area lh Sun Mar 15 13:06:42 CET 2026
#@# thickness lh Sun Mar 15 13:06:43 CET 2026
#@# area and vertex vol lh Sun Mar 15 13:07:01 CET 2026
#@# Curvature Stats lh Sun Mar 15 13:07:02 CET 2026
#@# Cortical Parc 2 lh Sun Mar 15 13:07:04 CET 2026
#@# Cortical Parc 3 lh Sun Mar 15 13:07:14 CET 2026
#@# WM/GM Contrast lh Sun Mar 15 13:07:22 CET 2026
recon-all -s sub-v2s10x30159_ses-1 finished without error at Sun Mar 15 13:07:24 CET 2026



#New# invocation of recon-all 



status file for recon-all
Sun Mar 15 13:31:24 CET 2026
#@# white curv lh Sun Mar 15 13:31:24 CET 2026
#@# white area lh Sun Mar 15 13:31:24 CET 2026
#@# pial curv lh Sun Mar 15 13:31:24 CET 2026
#@# pial area lh Sun Mar 15 13:31:24 CET 2026
#@# thickness lh Sun Mar 15 13:31:24 CET 2026
#@# area and vertex vol lh Sun Mar 15 13:31:24 CET 2026
#@# Parcellation Stats lh Sun Mar 15 13:31:24 CET 2026
#@# Parcellation Stats 2 lh Sun Mar 15 13:31:39 CET 2026
#@# Parcellation Stats 3 lh Sun Mar 15 13:31:46 CET 2026
#@# BA_exvivo Labels lh Sun Mar 15 13:31:54 CET 2026
recon-all -s sub-v2s10x30159_ses-1 finished without error at Sun Mar 15 13:33:53 CET 2026
