status file for recon-all
Sun Mar 15 08:11:40 CET 2026
#@# MotionCor Sun Mar 15 08:11:42 CET 2026
#@# Talairach Sun Mar 15 08:11:47 CET 2026
#@# Talairach Failure Detection Sun Mar 15 08:14:38 CET 2026
#@# Nu Intensity Correction Sun Mar 15 08:14:39 CET 2026
#@# Intensity Normalization Sun Mar 15 08:17:23 CET 2026
recon-all -s sub-v2s10x28949_ses-1 finished without error at Sun Mar 15 08:18:25 CET 2026



#New# invocation of recon-all 



status file for recon-all
Sun Mar 15 08:24:05 CET 2026
#@# EM Registration Sun Mar 15 08:24:05 CET 2026
recon-all -s sub-v2s10x28949_ses-1 finished without error at Sun Mar 15 08:26:11 CET 2026



#New# invocation of recon-all 



status file for recon-all
Sun Mar 15 08:26:13 CET 2026
#@# CA Normalize Sun Mar 15 08:26:13 CET 2026
#@# CA Reg Sun Mar 15 08:27:07 CET 2026
#@# SubCort Seg Sun Mar 15 09:14:00 CET 2026
#@# CC Seg Sun Mar 15 09:35:09 CET 2026
#@# Merge ASeg Sun Mar 15 09:35:26 CET 2026
#@# Intensity Normalization2 Sun Mar 15 09:35:26 CET 2026
#@# Mask BFS Sun Mar 15 09:36:54 CET 2026
#@# WM Segmentation Sun Mar 15 09:36:55 CET 2026
#@# Fill Sun Mar 15 09:38:33 CET 2026
recon-all -s sub-v2s10x28949_ses-1 finished without error at Sun Mar 15 09:39:12 CET 2026



#New# invocation of recon-all 



status file for recon-all
Sun Mar 15 10:22:24 CET 2026
#@# white curv lh Sun Mar 15 10:22:24 CET 2026
#@# white area lh Sun Mar 15 10:22:24 CET 2026
#@# pial curv lh Sun Mar 15 10:22:24 CET 2026
#@# pial area lh Sun Mar 15 10:22:24 CET 2026
#@# thickness lh Sun Mar 15 10:22:24 CET 2026
#@# area and vertex vol lh Sun Mar 15 10:22:24 CET 2026
#@# white curv rh Sun Mar 15 10:22:24 CET 2026
#@# white area rh Sun Mar 15 10:22:24 CET 2026
#@# pial curv rh Sun Mar 15 10:22:24 CET 2026
#@# pial area rh Sun Mar 15 10:22:24 CET 2026
#@# thickness rh Sun Mar 15 10:22:24 CET 2026
#@# area and vertex vol rh Sun Mar 15 10:22:24 CET 2026
#@# Cortical ribbon mask Sun Mar 15 10:22:24 CET 2026
recon-all -s sub-v2s10x28949_ses-1 finished without error at Sun Mar 15 10:27:09 CET 2026



#New# invocation of recon-all 



status file for recon-all
Sun Mar 15 10:32:33 CET 2026
#@# white curv lh Sun Mar 15 10:32:33 CET 2026
#@# white area lh Sun Mar 15 10:32:33 CET 2026
#@# pial curv lh Sun Mar 15 10:32:33 CET 2026
#@# pial area lh Sun Mar 15 10:32:33 CET 2026
#@# thickness lh Sun Mar 15 10:32:33 CET 2026
#@# area and vertex vol lh Sun Mar 15 10:32:34 CET 2026
#@# white curv rh Sun Mar 15 10:32:34 CET 2026
#@# white area rh Sun Mar 15 10:32:34 CET 2026
#@# pial curv rh Sun Mar 15 10:32:34 CET 2026
#@# pial area rh Sun Mar 15 10:32:34 CET 2026
#@# thickness rh Sun Mar 15 10:32:34 CET 2026
#@# area and vertex vol rh Sun Mar 15 10:32:34 CET 2026
#@# Curvature Stats lh Sun Mar 15 10:32:34 CET 2026
#@# Curvature Stats rh Sun Mar 15 10:32:35 CET 2026
#@# Relabel Hypointensities Sun Mar 15 10:32:38 CET 2026
#@# APas-to-ASeg Sun Mar 15 10:32:49 CET 2026
#@# AParc-to-ASeg aparc Sun Mar 15 10:32:55 CET 2026
#@# AParc-to-ASeg aparc.a2009s Sun Mar 15 10:33:23 CET 2026
#@# AParc-to-ASeg aparc.DKTatlas Sun Mar 15 10:33:58 CET 2026
#@# WMParc Sun Mar 15 10:34:25 CET 2026
#@# ASeg Stats Sun Mar 15 10:36:23 CET 2026
recon-all -s sub-v2s10x28949_ses-1 finished without error at Sun Mar 15 10:36:44 CET 2026
