status file for recon-all
Sun Mar 15 09:39:15 CET 2026
#@# Tessellate lh Sun Mar 15 09:39:15 CET 2026
#@# Smooth1 lh Sun Mar 15 09:39:18 CET 2026
#@# Inflation1 lh Sun Mar 15 09:39:20 CET 2026
#@# QSphere lh Sun Mar 15 09:39:34 CET 2026
#@# Fix Topology lh Sun Mar 15 09:40:53 CET 2026
#@# Smooth2 lh Sun Mar 15 09:45:30 CET 2026
#@# Inflation2 lh Sun Mar 15 09:45:33 CET 2026
#@# Curv .H and .K lh Sun Mar 15 09:45:50 CET 2026
#@# Sphere lh Sun Mar 15 09:46:28 CET 2026
#@# Surf Reg lh Sun Mar 15 09:49:17 CET 2026
#@# Jacobian white lh Sun Mar 15 09:53:19 CET 2026
#@# AvgCurv lh Sun Mar 15 09:53:20 CET 2026
#@# Cortical Parc lh Sun Mar 15 09:53:20 CET 2026
#@# white curv lh Sun Mar 15 09:59:39 CET 2026
#@# white area lh Sun Mar 15 09:59:40 CET 2026
#@# pial curv lh Sun Mar 15 09:59:41 CET 2026
#@# pial area lh Sun Mar 15 09:59:43 CET 2026
#@# thickness lh Sun Mar 15 09:59:43 CET 2026
#@# area and vertex vol lh Sun Mar 15 10:00:03 CET 2026
#@# Curvature Stats lh Sun Mar 15 10:00:04 CET 2026
#@# Cortical Parc 2 lh Sun Mar 15 10:00:06 CET 2026
#@# Cortical Parc 3 lh Sun Mar 15 10:00:16 CET 2026
#@# WM/GM Contrast lh Sun Mar 15 10:00:24 CET 2026
recon-all -s sub-v2s10x28949_ses-1 finished without error at Sun Mar 15 10:00:26 CET 2026



#New# invocation of recon-all 



status file for recon-all
Sun Mar 15 10:27:13 CET 2026
#@# white curv lh Sun Mar 15 10:27:13 CET 2026
#@# white area lh Sun Mar 15 10:27:13 CET 2026
#@# pial curv lh Sun Mar 15 10:27:13 CET 2026
#@# pial area lh Sun Mar 15 10:27:13 CET 2026
#@# thickness lh Sun Mar 15 10:27:13 CET 2026
#@# area and vertex vol lh Sun Mar 15 10:27:13 CET 2026
#@# Parcellation Stats lh Sun Mar 15 10:27:13 CET 2026
#@# Parcellation Stats 2 lh Sun Mar 15 10:27:30 CET 2026
#@# Parcellation Stats 3 lh Sun Mar 15 10:27:38 CET 2026
#@# BA_exvivo Labels lh Sun Mar 15 10:27:46 CET 2026
recon-all -s sub-v2s10x28949_ses-1 finished without error at Sun Mar 15 10:29:51 CET 2026
