status file for recon-all
Sun Mar 15 09:47:26 CET 2026
#@# Tessellate lh Sun Mar 15 09:47:26 CET 2026
#@# Smooth1 lh Sun Mar 15 09:47:29 CET 2026
#@# Inflation1 lh Sun Mar 15 09:47:32 CET 2026
#@# QSphere lh Sun Mar 15 09:47:44 CET 2026
#@# Fix Topology lh Sun Mar 15 09:48:55 CET 2026
#@# Smooth2 lh Sun Mar 15 09:54:11 CET 2026
#@# Inflation2 lh Sun Mar 15 09:54:14 CET 2026
#@# Curv .H and .K lh Sun Mar 15 09:54:26 CET 2026
#@# Sphere lh Sun Mar 15 09:55:17 CET 2026
#@# Surf Reg lh Sun Mar 15 09:59:13 CET 2026
#@# Jacobian white lh Sun Mar 15 10:03:32 CET 2026
#@# AvgCurv lh Sun Mar 15 10:03:33 CET 2026
#@# Cortical Parc lh Sun Mar 15 10:03:33 CET 2026
#@# white curv lh Sun Mar 15 10:10:14 CET 2026
#@# white area lh Sun Mar 15 10:10:15 CET 2026
#@# pial curv lh Sun Mar 15 10:10:16 CET 2026
#@# pial area lh Sun Mar 15 10:10:18 CET 2026
#@# thickness lh Sun Mar 15 10:10:19 CET 2026
#@# area and vertex vol lh Sun Mar 15 10:10:51 CET 2026
#@# Curvature Stats lh Sun Mar 15 10:10:53 CET 2026
#@# Cortical Parc 2 lh Sun Mar 15 10:10:55 CET 2026
#@# Cortical Parc 3 lh Sun Mar 15 10:11:09 CET 2026
#@# WM/GM Contrast lh Sun Mar 15 10:11:21 CET 2026
recon-all -s sub-v2s10x28972_ses-1 finished without error at Sun Mar 15 10:11:24 CET 2026



#New# invocation of recon-all 



status file for recon-all
Sun Mar 15 10:39:26 CET 2026
#@# white curv lh Sun Mar 15 10:39:26 CET 2026
#@# white area lh Sun Mar 15 10:39:26 CET 2026
#@# pial curv lh Sun Mar 15 10:39:26 CET 2026
#@# pial area lh Sun Mar 15 10:39:26 CET 2026
#@# thickness lh Sun Mar 15 10:39:26 CET 2026
#@# area and vertex vol lh Sun Mar 15 10:39:26 CET 2026
#@# Parcellation Stats lh Sun Mar 15 10:39:26 CET 2026
#@# Parcellation Stats 2 lh Sun Mar 15 10:39:47 CET 2026
#@# Parcellation Stats 3 lh Sun Mar 15 10:39:59 CET 2026
#@# BA_exvivo Labels lh Sun Mar 15 10:40:10 CET 2026
recon-all -s sub-v2s10x28972_ses-1 finished without error at Sun Mar 15 10:43:01 CET 2026
