status file for recon-all
Sun Mar 15 10:11:26 CET 2026
#@# Tessellate rh Sun Mar 15 10:11:26 CET 2026
#@# Smooth1 rh Sun Mar 15 10:11:30 CET 2026
#@# Inflation1 rh Sun Mar 15 10:11:33 CET 2026
#@# QSphere rh Sun Mar 15 10:11:44 CET 2026
#@# Fix Topology rh Sun Mar 15 10:13:02 CET 2026
#@# Smooth2 rh Sun Mar 15 10:18:13 CET 2026
#@# Inflation2 rh Sun Mar 15 10:18:16 CET 2026
#@# Curv .H and .K rh Sun Mar 15 10:18:31 CET 2026
#@# Sphere rh Sun Mar 15 10:19:25 CET 2026
#@# Surf Reg rh Sun Mar 15 10:22:03 CET 2026
#@# Jacobian white rh Sun Mar 15 10:25:44 CET 2026
#@# AvgCurv rh Sun Mar 15 10:25:45 CET 2026
#@# Cortical Parc rh Sun Mar 15 10:25:46 CET 2026
#@# white curv rh Sun Mar 15 10:32:16 CET 2026
#@# white area rh Sun Mar 15 10:32:18 CET 2026
#@# pial curv rh Sun Mar 15 10:32:19 CET 2026
#@# pial area rh Sun Mar 15 10:32:20 CET 2026
#@# thickness rh Sun Mar 15 10:32:21 CET 2026
#@# area and vertex vol rh Sun Mar 15 10:32:54 CET 2026
#@# Curvature Stats rh Sun Mar 15 10:32:56 CET 2026
#@# Cortical Parc 2 rh Sun Mar 15 10:32:59 CET 2026
#@# Cortical Parc 3 rh Sun Mar 15 10:33:14 CET 2026
#@# WM/GM Contrast rh Sun Mar 15 10:33:26 CET 2026
recon-all -s sub-v2s10x28972_ses-1 finished without error at Sun Mar 15 10:33:29 CET 2026



#New# invocation of recon-all 



status file for recon-all
Sun Mar 15 10:43:06 CET 2026
#@# white curv rh Sun Mar 15 10:43:06 CET 2026
#@# white area rh Sun Mar 15 10:43:06 CET 2026
#@# pial curv rh Sun Mar 15 10:43:06 CET 2026
#@# pial area rh Sun Mar 15 10:43:06 CET 2026
#@# thickness rh Sun Mar 15 10:43:06 CET 2026
#@# area and vertex vol rh Sun Mar 15 10:43:06 CET 2026
#@# Parcellation Stats rh Sun Mar 15 10:43:06 CET 2026
#@# Parcellation Stats 2 rh Sun Mar 15 10:43:28 CET 2026
#@# Parcellation Stats 3 rh Sun Mar 15 10:43:39 CET 2026
#@# BA_exvivo Labels rh Sun Mar 15 10:43:50 CET 2026
recon-all -s sub-v2s10x28972_ses-1 finished without error at Sun Mar 15 10:46:34 CET 2026
