/out/sourcedata/freesurfer/sub-v2s10x28951_ses-1/mri
/opt/freesurfer/bin/talairach_avi
--i orig_nu.mgz --xfm transforms/talairach.auto.xfm
talairach_avi 7.3.2
Linux dna078 5.14.0-427.37.1.el9_4.x86_64 #1 SMP PREEMPT_DYNAMIC Fri Sep 13 12:41:50 EDT 2024 x86_64 x86_64 x86_64 GNU/Linux
Sun Mar 15 08:14:19 CET 2026
mri_convert orig_nu.mgz talsrcimg.img 
reading from orig_nu.mgz...
TR=0.00, TE=0.00, TI=0.00, flip angle=0.00
i_ras = (-1, -8.3237e-09, 7.45058e-09)
j_ras = (0, 0, -1)
k_ras = (-6.63567e-09, 1, 4.65661e-10)
writing to talsrcimg.img...
Analyze Output Matrix
-1.00000   0.00000  -0.00000   133.08978;
-0.00000   0.00000   1.00000  -120.59180;
 0.00000  -1.00000   0.00000   108.23013;
 0.00000   0.00000   0.00000   1.00000;
--------------------
INFO: set hdr.hist.orient to -1
mpr2mni305 talsrcimg
Sun Mar 15 08:14:20 CET 2026
/opt/freesurfer/bin/mpr2mni305 talsrcimg
mpr2mni305 7.3.2
target=711-2C_as_mni_average_305

---------------------------------------------------------------------
analyzeto4dfp talsrcimg -O0 -y
---------------------------------------------------------------------

freesurfer ifh2hdr.c
Sun Mar 15 08:14:20 2026
Writing: talsrcimg.4dfp.hdr
freesurfer analyzeto4dfp.c
Reading: talsrcimg.hdr
header size 348 bytes
hdr.dime.datatype	offset=70	value=2
hdr.dime.bitpix		offset=72	value=8
hdr.hist.orient		offset=252	value=-1
dimensionality     4
dimensions       256       256       256         1
Reading: talsrcimg.img
Writing: talsrcimg.4dfp.img
Writing: talsrcimg.4dfp.ifh
ifh2hdr talsrcimg -r0to203
ori=2

---------------------------------------------------------------------
gauss_4dfp talsrcimg 1.1
---------------------------------------------------------------------

freesurfer gauss_4dfp.c
Reading: talsrcimg.4dfp.img
Writing: talsrcimg_g11.4dfp.img
image dimensions 256 256 256 padded to 288 288 288
processing volume 1freesurfer ifh2hdr.c
Sun Mar 15 08:14:21 2026
Writing: talsrcimg_g11.4dfp.hdr

Writing: talsrcimg_g11.4dfp.ifh
including: talsrcimg.4dfp.img.rec in talsrcimg_g11.4dfp.img.rec

---------------------------------------------------------------------
imgreg_4dfp /opt/freesurfer/average/711-2C_as_mni_average_305 none talsrcimg_g11 none talsrcimg_to_711-2C_as_mni_average_305_t4 4355
---------------------------------------------------------------------

freesurfer imgreg_4dfp.c
/opt/freesurfer/average/711-2C_as_mni_average_305.4dfp.img
       256       256       256         1
  1.000000  1.000000  1.000000
orientation T byte_order littleendian
Reading image: /opt/freesurfer/average/711-2C_as_mni_average_305.4dfp.img
dimensions:      256       256       256
mmppix:       1.0000   -1.0000   -1.0000
center:     128.0000 -129.0000 -129.0000
talsrcimg_g11.4dfp.img
       256       256       256         1
  1.000000  1.000000  1.000000
orientation T byte_order littleendian
Reading image: talsrcimg_g11.4dfp.img
dimensions:      256       256       256
mmppix:       1.0000   -1.0000   -1.0000
center:     128.0000 -129.0000 -129.0000
t4_read: open error in t4_sub.f l:  41 t4_file(1:l)talsrcimg_to_711-2C_as_mni_average_305_t4 
t4_read: transform initialized to I4
rotation matrix determinant  1.000000
image alignment mode   4355 decimal     1103 hex
   -7.5000  -45.0000  -45.0000 5092.3677   19.0223
    0.0000  -45.0000  -45.0000 5344.1621   19.0353
    7.5000  -45.0000  -45.0000 5099.2227   19.0476
   -7.5000  -37.5000  -45.0000 5708.9839   18.4056
    0.0000  -37.5000  -45.0000 5979.5117   18.4216
    7.5000  -37.5000  -45.0000 5732.7637   18.4343
   -7.5000  -30.0000  -45.0000 6574.5630   17.9996
    0.0000  -30.0000  -45.0000 6872.5942   18.0109
    7.5000  -30.0000  -45.0000 6638.5024   18.0257
   -7.5000  -22.5000  -45.0000 7494.2866   17.6795
    0.0000  -22.5000  -45.0000 7828.2051   17.6824
    7.5000  -22.5000  -45.0000 7559.9292   17.6975
   -7.5000  -15.0000  -45.0000 8449.6738   17.5764
    0.0000  -15.0000  -45.0000 8830.9805   17.5734
    7.5000  -15.0000  -45.0000 8517.4883   17.5856
   -7.5000   -7.5000  -45.0000 9423.0303   17.5167
    0.0000   -7.5000  -45.0000 9868.7588   17.5160
    7.5000   -7.5000  -45.0000 9500.8047   17.5254
   -7.5000    0.0000  -45.000010361.7900   17.5062
    0.0000    0.0000  -45.000010873.8672   17.5129
    7.5000    0.0000  -45.000010458.8877   17.5205
   -7.5000    7.5000  -45.000010496.2646   17.5168
    0.0000    7.5000  -45.000011020.2568   17.5286
    7.5000    7.5000  -45.000010595.8672   17.5382
   -7.5000   15.0000  -45.000010421.5127   17.5249
    0.0000   15.0000  -45.000010951.5332   17.5349
    7.5000   15.0000  -45.000010538.1895   17.5489
   -7.5000   22.5000  -45.000010230.6641   17.5236
    0.0000   22.5000  -45.000010766.9248   17.5262
    7.5000   22.5000  -45.000010366.9580   17.5411
   -7.5000   30.0000  -45.0000 9985.0947   17.2882
    0.0000   30.0000  -45.000010511.0332   17.2852
    7.5000   30.0000  -45.000010121.0801   17.2974
   -7.5000   37.5000  -45.000010107.4824   17.2736
    0.0000   37.5000  -45.000010625.8135   17.2728
    7.5000   37.5000  -45.000010230.8281   17.2820
   -7.5000   45.0000  -45.0000 9817.3008   16.8343
    0.0000   45.0000  -45.000010307.0586   16.8407
    7.5000   45.0000  -45.0000 9948.1240   16.8481
   -7.5000  -45.0000  -37.5000 5445.3623   19.0008
    0.0000  -45.0000  -37.5000 5699.7456   19.0176
    7.5000  -45.0000  -37.5000 5456.8159   19.0146
   -7.5000  -37.5000  -37.5000 6075.2144   18.3922
    0.0000  -37.5000  -37.5000 6353.3657   18.4097
    7.5000  -37.5000  -37.5000 6127.8965   18.4082
   -7.5000  -30.0000  -37.5000 6983.2524   17.9884
    0.0000  -30.0000  -37.5000 7311.0879   17.9983
    7.5000  -30.0000  -37.5000 7075.6807   17.9994
   -7.5000  -22.5000  -37.5000 7978.2681   17.6685
    0.0000  -22.5000  -37.5000 8345.5322   17.6697
    7.5000  -22.5000  -37.5000 8067.2085   17.6705
   -7.5000  -15.0000  -37.5000 9031.4287   17.5612
    0.0000  -15.0000  -37.5000 9470.4932   17.5578
    7.5000  -15.0000  -37.5000 9119.9814   17.5553
   -7.5000   -7.5000  -37.500010077.0156   17.4992
    0.0000   -7.5000  -37.500010587.2402   17.5002
    7.5000   -7.5000  -37.500010163.6562   17.4950
   -7.5000    0.0000  -37.500011072.4092   17.4900
    0.0000    0.0000  -37.500011615.1689   17.4995
    7.5000    0.0000  -37.500011170.9443   17.4937
   -7.5000    7.5000  -37.500011206.3906   17.5035
    0.0000    7.5000  -37.500011764.2451   17.5163
    7.5000    7.5000  -37.500011304.0811   17.5134
   -7.5000   15.0000  -37.500011120.2305   17.5148
    0.0000   15.0000  -37.500011669.7178   17.5236
    7.5000   15.0000  -37.500011220.9062   17.5246
   -7.5000   22.5000  -37.500010878.4834   17.5133
    0.0000   22.5000  -37.500011454.7881   17.5143
    7.5000   22.5000  -37.500011001.5703   17.5152
   -7.5000   30.0000  -37.500010610.7266   17.2737
    0.0000   30.0000  -37.500011169.7842   17.2702
    7.5000   30.0000  -37.500010722.9570   17.2679
   -7.5000   37.5000  -37.500010726.8193   17.2563
    0.0000   37.5000  -37.500011283.5938   17.2573
    7.5000   37.5000  -37.500010841.8643   17.2521
   -7.5000   45.0000  -37.500010412.0273   16.8187
    0.0000   45.0000  -37.500010942.0342   16.8279
    7.5000   45.0000  -37.500010523.3135   16.8223
   -7.5000  -45.0000  -30.0000 5878.8374   19.8200
    0.0000  -45.0000  -30.0000 6151.1797   19.8393
    7.5000  -45.0000  -30.0000 5906.2246   19.8255
   -7.5000  -37.5000  -30.0000 6553.1895   19.1912
    0.0000  -37.5000  -30.0000 6850.3408   19.2053
    7.5000  -37.5000  -30.0000 6624.2290   19.1910
   -7.5000  -30.0000  -30.0000 7552.2432   18.7647
    0.0000  -30.0000  -30.0000 7912.4902   18.7686
    7.5000  -30.0000  -30.0000 7658.5483   18.7558
   -7.5000  -22.5000  -30.0000 8651.6836   18.4226
    0.0000  -22.5000  -30.0000 9073.7725   18.4217
    7.5000  -22.5000  -30.0000 8741.3203   18.4112
   -7.5000  -15.0000  -30.0000 9797.6445   18.3069
    0.0000  -15.0000  -30.000010264.3271   18.3066
    7.5000  -15.0000  -30.0000 9864.6064   18.2954
   -7.5000   -7.5000  -30.000010904.1465   18.2467
    0.0000   -7.5000  -30.000011429.4629   18.2524
    7.5000   -7.5000  -30.000010974.9688   18.2390
   -7.5000    0.0000  -30.000011935.9551   18.2441
    0.0000    0.0000  -30.000012524.6240   18.2554
    7.5000    0.0000  -30.000012036.4336   18.2402
   -7.5000    7.5000  -30.000012051.3848   18.2614
    0.0000    7.5000  -30.000012648.8115   18.2710
    7.5000    7.5000  -30.000012154.4688   18.2564
   -7.5000   15.0000  -30.000011939.1973   18.2706
    0.0000   15.0000  -30.000012553.3818   18.2739
    7.5000   15.0000  -30.000012063.3057   18.2617
   -7.5000   22.5000  -30.000011671.6670   18.2596
    0.0000   22.5000  -30.000012301.9521   18.2586
    7.5000   22.5000  -30.000011810.0166   18.2483
   -7.5000   30.0000  -30.000011385.6807   18.0091
    0.0000   30.0000  -30.000012017.2119   18.0087
    7.5000   30.0000  -30.000011520.5830   17.9979
   -7.5000   37.5000  -30.000011506.9375   17.9952
    0.0000   37.5000  -30.000012121.5273   18.0007
    7.5000   37.5000  -30.000011647.5986   17.9875
   -7.5000   45.0000  -30.000011141.7529   17.5568
    0.0000   45.0000  -30.000011730.2754   17.5676
    7.5000   45.0000  -30.000011255.3271   17.5531
   -7.5000  -45.0000  -22.5000 6320.9429   20.4795
    0.0000  -45.0000  -22.5000 6595.1792   20.4965
    7.5000  -45.0000  -22.5000 6346.5889   20.4893
   -7.5000  -37.5000  -22.5000 7053.6294   19.8276
    0.0000  -37.5000  -22.5000 7369.0732   19.8361
    7.5000  -37.5000  -22.5000 7125.3560   19.8249
   -7.5000  -30.0000  -22.5000 8126.3257   19.3812
    0.0000  -30.0000  -22.5000 8513.3525   19.3802
    7.5000  -30.0000  -22.5000 8223.3965   19.3685
   -7.5000  -22.5000  -22.5000 9297.3799   19.0221
    0.0000  -22.5000  -22.5000 9766.0645   19.0209
    7.5000  -22.5000  -22.5000 9404.0898   19.0145
   -7.5000  -15.0000  -22.500010525.7256   18.9047
    0.0000  -15.0000  -22.500011050.6201   18.9082
    7.5000  -15.0000  -22.500010630.4902   18.9045
   -7.5000   -7.5000  -22.500011688.0186   18.8498
    0.0000   -7.5000  -22.500012278.5723   18.8582
    7.5000   -7.5000  -22.500011795.1992   18.8528
   -7.5000    0.0000  -22.500012742.7344   18.8513
    0.0000    0.0000  -22.500013403.8535   18.8607
    7.5000    0.0000  -22.500012889.7881   18.8516
   -7.5000    7.5000  -22.500012836.8877   18.8680
    0.0000    7.5000  -22.500013509.0205   18.8724
    7.5000    7.5000  -22.500012986.2949   18.8603
   -7.5000   15.0000  -22.500012708.8281   18.8714
    0.0000   15.0000  -22.500013373.2812   18.8699
    7.5000   15.0000  -22.500012867.5977   18.8589
   -7.5000   22.5000  -22.500012421.1660   18.8530
    0.0000   22.5000  -22.500013101.4209   18.8515
    7.5000   22.5000  -22.500012589.2646   18.8454
   -7.5000   30.0000  -22.500012125.7139   18.6001
    0.0000   30.0000  -22.500012818.0508   18.6035
    7.5000   30.0000  -22.500012296.7705   18.6000
   -7.5000   37.5000  -22.500012251.7666   18.5928
    0.0000   37.5000  -22.500012934.7988   18.6010
    7.5000   37.5000  -22.500012414.1143   18.5956
   -7.5000   45.0000  -22.500011829.3838   18.1547
    0.0000   45.0000  -22.500012490.0527   18.1638
    7.5000   45.0000  -22.500011971.7783   18.1550
   -7.5000  -45.0000  -15.0000 6764.6558   20.9281
    0.0000  -45.0000  -15.0000 7059.4253   20.9400
    7.5000  -45.0000  -15.0000 6786.9746   20.9489
   -7.5000  -37.5000  -15.0000 7531.3750   20.2538
    0.0000  -37.5000  -15.0000 7885.1553   20.2594
    7.5000  -37.5000  -15.0000 7618.6006   20.2630
   -7.5000  -30.0000  -15.0000 8674.6074   19.7956
    0.0000  -30.0000  -15.0000 9098.8477   19.7950
    7.5000  -30.0000  -15.0000 8799.6855   19.7976
   -7.5000  -22.5000  -15.0000 9942.8770   19.4301
    0.0000  -22.5000  -15.000010444.3369   19.4306
    7.5000  -22.5000  -15.000010064.4121   19.4394
   -7.5000  -15.0000  -15.000011248.7070   19.3167
    0.0000  -15.0000  -15.000011811.5732   19.3209
    7.5000  -15.0000  -15.000011366.1914   19.3330
   -7.5000   -7.5000  -15.000012441.4580   19.2647
    0.0000   -7.5000  -15.000013083.3877   19.2713
    7.5000   -7.5000  -15.000012586.1934   19.2810
   -7.5000    0.0000  -15.000013550.5664   19.2646
    0.0000    0.0000  -15.000014260.8584   19.2702
    7.5000    0.0000  -15.000013728.7451   19.2751
   -7.5000    7.5000  -15.000013628.7363   19.2769
    0.0000    7.5000  -15.000014335.7539   19.2788
    7.5000    7.5000  -15.000013803.7354   19.2799
   -7.5000   15.0000  -15.000013484.3047   19.2756
    0.0000   15.0000  -15.000014152.0908   19.2744
    7.5000   15.0000  -15.000013663.6289   19.2769
   -7.5000   22.5000  -15.000013167.2959   19.2564
    0.0000   22.5000  -15.000013820.1582   19.2565
    7.5000   22.5000  -15.000013344.3877   19.2652
   -7.5000   30.0000  -15.000012851.1777   19.0080
    0.0000   30.0000  -15.000013527.6133   19.0121
    7.5000   30.0000  -15.000013037.1289   19.0240
   -7.5000   37.5000  -15.000012982.5352   19.0047
    0.0000   37.5000  -15.000013688.9258   19.0111
    7.5000   37.5000  -15.000013157.6426   19.0206
   -7.5000   45.0000  -15.000012535.1230   18.5640
    0.0000   45.0000  -15.000013203.3291   18.5693
    7.5000   45.0000  -15.000012678.6045   18.5741
   -7.5000  -45.0000   -7.5000 7198.9844   21.1513
    0.0000  -45.0000   -7.5000 7503.1279   21.1623
    7.5000  -45.0000   -7.5000 7208.6279   21.1813
   -7.5000  -37.5000   -7.5000 8030.9370   20.4657
    0.0000  -37.5000   -7.5000 8420.1035   20.4760
    7.5000  -37.5000   -7.5000 8114.9502   20.4918
   -7.5000  -30.0000   -7.5000 9276.0254   20.0078
    0.0000  -30.0000   -7.5000 9739.2334   20.0141
    7.5000  -30.0000   -7.5000 9405.1230   20.0303
   -7.5000  -22.5000   -7.500010603.6514   19.6454
    0.0000  -22.5000   -7.500011147.3271   19.6482
    7.5000  -22.5000   -7.500010748.4375   19.6683
   -7.5000  -15.0000   -7.500011952.1650   19.5334
    0.0000  -15.0000   -7.500012563.5029   19.5345
    7.5000  -15.0000   -7.500012118.7061   19.5550
   -7.5000   -7.5000   -7.500013206.0518   19.4762
    0.0000   -7.5000   -7.500013895.5742   19.4785
    7.5000   -7.5000   -7.500013402.3301   19.4961
   -7.5000    0.0000   -7.500014368.7744   19.4705
    0.0000    0.0000   -7.500015100.2354   19.4753
    7.5000    0.0000   -7.500014568.5039   19.4888
   -7.5000    7.5000   -7.500014441.6084   19.4810
    0.0000    7.5000   -7.500015150.3477   19.4874
    7.5000    7.5000   -7.500014635.5449   19.4994
   -7.5000   15.0000   -7.500014285.9277   19.4823
    0.0000   15.0000   -7.500014941.7461   19.4876
    7.5000   15.0000   -7.500014459.8223   19.5029
   -7.5000   22.5000   -7.500013929.0352   19.4669
    0.0000   22.5000   -7.500014531.6807   19.4694
    7.5000   22.5000   -7.500014088.5791   19.4892
   -7.5000   30.0000   -7.500013586.8398   19.2205
    0.0000   30.0000   -7.500014207.0459   19.2215
    7.5000   30.0000   -7.500013749.3584   19.2417
   -7.5000   37.5000   -7.500013714.2236   19.2129
    0.0000   37.5000   -7.500014369.8301   19.2150
    7.5000   37.5000   -7.500013868.2520   19.2323
   -7.5000   45.0000   -7.500013236.7666   18.7659
    0.0000   45.0000   -7.500013870.0332   18.7705
    7.5000   45.0000   -7.500013364.3525   18.7836
   -7.5000  -45.0000    0.0000 7562.4146   21.2116
    0.0000  -45.0000    0.0000 7891.2012   21.2263
    7.5000  -45.0000    0.0000 7591.4795   21.2402
   -7.5000  -37.5000    0.0000 8464.9531   20.5261
    0.0000  -37.5000    0.0000 8881.6787   20.5440
    7.5000  -37.5000    0.0000 8569.1582   20.5581
   -7.5000  -30.0000    0.0000 9810.8379   20.0748
    0.0000  -30.0000    0.000010310.7139   20.0875
    7.5000  -30.0000    0.0000 9946.8438   20.1039
   -7.5000  -22.5000    0.000011180.1582   19.7189
    0.0000  -22.5000    0.000011778.7666   19.7223
    7.5000  -22.5000    0.000011355.1182   19.7392
   -7.5000  -15.0000    0.000012573.1211   19.6041
    0.0000  -15.0000    0.000013233.3848   19.6010
    7.5000  -15.0000    0.000012786.3359   19.6148
   -7.5000   -7.5000    0.000013889.4248   19.5375
    0.0000   -7.5000    0.000014595.1650   19.5370
    7.5000   -7.5000    0.000014120.6133   19.5476
   -7.5000    0.0000    0.000015090.2432   19.5259
    0.0000    0.0000    0.000015824.8672   19.5335
    7.5000    0.0000    0.000015323.4883   19.5423
   -7.5000    7.5000    0.000015155.9219   19.5379
    0.0000    7.5000    0.000015839.7227   19.5511
    7.5000    7.5000    0.000015357.8770   19.5619
   -7.5000   15.0000    0.000015035.5029   19.5470
    0.0000   15.0000    0.000015686.6973   19.5583
    7.5000   15.0000    0.000015226.9580   19.5738
   -7.5000   22.5000    0.000014679.1396   19.5393
    0.0000   22.5000    0.000015281.3955   19.5423
    7.5000   22.5000    0.000014860.9688   19.5590
   -7.5000   30.0000    0.000014298.4668   19.2904
    0.0000   30.0000    0.000014878.3867   19.2873
    7.5000   30.0000    0.000014463.8340   19.3010
   -7.5000   37.5000    0.000014405.5654   19.2739
    0.0000   37.5000    0.000015029.4775   19.2733
    7.5000   37.5000    0.000014557.4150   19.2837
   -7.5000   45.0000    0.000013887.8525   18.8208
    0.0000   45.0000    0.000014495.8262   18.8280
    7.5000   45.0000    0.000014037.4678   18.8365
   -7.5000  -45.0000    7.5000 7330.8926   21.2569
    0.0000  -45.0000    7.5000 7657.5850   21.2758
    7.5000  -45.0000    7.5000 7392.7959   21.2724
   -7.5000  -37.5000    7.5000 8253.4326   20.5763
    0.0000  -37.5000    7.5000 8671.7686   20.5958
    7.5000  -37.5000    7.5000 8389.7344   20.5942
   -7.5000  -30.0000    7.5000 9602.8457   20.1247
    0.0000  -30.0000    7.500010097.1934   20.1358
    7.5000  -30.0000    7.5000 9735.7617   20.1370
   -7.5000  -22.5000    7.500010912.3672   19.7669
    0.0000  -22.5000    7.500011499.0752   19.7683
    7.5000  -22.5000    7.500011085.1299   19.7693
   -7.5000  -15.0000    7.500012245.2344   19.6469
    0.0000  -15.0000    7.500012893.4365   19.6431
    7.5000  -15.0000    7.500012459.7920   19.6403
   -7.5000   -7.5000    7.500013518.6455   19.5774
    0.0000   -7.5000    7.500014189.1045   19.5786
    7.5000   -7.5000    7.500013711.0674   19.5729
   -7.5000    0.0000    7.500014641.8066   19.5671
    0.0000    0.0000    7.500015337.5576   19.5778
    7.5000    0.0000    7.500014838.3467   19.5713
   -7.5000    7.5000    7.500014676.6221   19.5822
    0.0000    7.5000    7.500015326.6152   19.5966
    7.5000    7.5000    7.500014872.3955   19.5934
   -7.5000   15.0000    7.500014583.9590   19.5950
    0.0000   15.0000    7.500015233.3789   19.6048
    7.5000   15.0000    7.500014780.2822   19.6060
   -7.5000   22.5000    7.500014308.5469   19.5871
    0.0000   22.5000    7.500014832.3877   19.5881
    7.5000   22.5000    7.500014421.8330   19.5892
   -7.5000   30.0000    7.500013903.6865   19.3327
    0.0000   30.0000    7.500014406.3438   19.3289
    7.5000   30.0000    7.500014028.3506   19.3263
   -7.5000   37.5000    7.500013972.2344   19.3133
    0.0000   37.5000    7.500014503.7920   19.3143
    7.5000   37.5000    7.500014115.1279   19.3086
   -7.5000   45.0000    7.500013460.4727   18.8605
    0.0000   45.0000    7.500013973.2441   18.8707
    7.5000   45.0000    7.500013610.0742   18.8645
   -7.5000  -45.0000   15.0000 7000.7920   21.2834
    0.0000  -45.0000   15.0000 7322.9585   21.3042
    7.5000  -45.0000   15.0000 7093.6108   21.2893
   -7.5000  -37.5000   15.0000 7925.9780   20.6082
    0.0000  -37.5000   15.0000 8326.1748   20.6234
    7.5000  -37.5000   15.0000 8045.2407   20.6080
   -7.5000  -30.0000   15.0000 9237.5771   20.1502
    0.0000  -30.0000   15.0000 9724.1230   20.1544
    7.5000  -30.0000   15.0000 9356.0967   20.1407
   -7.5000  -22.5000   15.000010530.7080   19.7828
    0.0000  -22.5000   15.000011085.6562   19.7819
    7.5000  -22.5000   15.000010671.8896   19.7706
   -7.5000  -15.0000   15.000011816.3857   19.6586
    0.0000  -15.0000   15.000012447.3320   19.6582
    7.5000  -15.0000   15.000011989.8506   19.6463
   -7.5000   -7.5000   15.000013001.8135   19.5940
    0.0000   -7.5000   15.000013684.3193   19.6000
    7.5000   -7.5000   15.000013197.0000   19.5857
   -7.5000    0.0000   15.000014072.8760   19.5912
    0.0000    0.0000   15.000014742.6816   19.6033
    7.5000    0.0000   15.000014280.0166   19.5870
   -7.5000    7.5000   15.000014076.4355   19.6097
    0.0000    7.5000   15.000014718.6514   19.6200
    7.5000    7.5000   15.000014311.0039   19.6044
   -7.5000   15.0000   15.000013970.5215   19.6196
    0.0000   15.0000   15.000014572.9258   19.6231
    7.5000   15.0000   15.000014135.9561   19.6101
   -7.5000   22.5000   15.000013739.1631   19.6035
    0.0000   22.5000   15.000014215.6963   19.6024
    7.5000   22.5000   15.000013784.7334   19.5914
   -7.5000   30.0000   15.000013445.6885   19.3445
    0.0000   30.0000   15.000013888.6035   19.3441
    7.5000   30.0000   15.000013480.9463   19.3325
   -7.5000   37.5000   15.000013543.6729   19.3296
    0.0000   37.5000   15.000014030.6650   19.3355
    7.5000   37.5000   15.000013597.8018   19.3213
   -7.5000   45.0000   15.000013019.5254   18.8836
    0.0000   45.0000   15.000013474.9727   18.8953
    7.5000   45.0000   15.000013076.4941   18.8796
   -7.5000  -45.0000   22.5000 6589.3447   21.2788
    0.0000  -45.0000   22.5000 6913.0840   21.2966
    7.5000  -45.0000   22.5000 6708.1367   21.2893
   -7.5000  -37.5000   22.5000 7487.4800   20.6010
    0.0000  -37.5000   22.5000 7873.8545   20.6098
    7.5000  -37.5000   22.5000 7608.4473   20.5983
   -7.5000  -30.0000   22.5000 8732.8682   20.1367
    0.0000  -30.0000   22.5000 9202.9014   20.1357
    7.5000  -30.0000   22.5000 8880.4707   20.1237
   -7.5000  -22.5000   22.5000 9972.6924   19.7632
    0.0000  -22.5000   22.500010522.8564   19.7620
    7.5000  -22.5000   22.500010140.4160   19.7556
   -7.5000  -15.0000   22.500011219.3975   19.6411
    0.0000  -15.0000   22.500011831.3672   19.6448
    7.5000  -15.0000   22.500011378.0820   19.6412
   -7.5000   -7.5000   22.500012368.1113   19.5841
    0.0000   -7.5000   22.500013011.4990   19.5929
    7.5000   -7.5000   22.500012537.1914   19.5875
   -7.5000    0.0000   22.500013410.7471   19.5857
    0.0000    0.0000   22.500014048.4395   19.5955
    7.5000    0.0000   22.500013598.3027   19.5862
   -7.5000    7.5000   22.500013422.5518   19.6031
    0.0000    7.5000   22.500014065.0430   19.6077
    7.5000    7.5000   22.500013641.6543   19.5953
   -7.5000   15.0000   22.500013329.2363   19.6066
    0.0000   15.0000   22.500013910.0771   19.6051
    7.5000   15.0000   22.500013461.6113   19.5938
   -7.5000   22.5000   22.500013094.6328   19.5844
    0.0000   22.5000   22.500013572.4775   19.5830
    7.5000   22.5000   22.500013124.0615   19.5767
   -7.5000   30.0000   22.500012788.3818   19.3274
    0.0000   30.0000   22.500013256.4229   19.3309
    7.5000   30.0000   22.500012825.8525   19.3275
   -7.5000   37.5000   22.500012892.3398   19.3198
    0.0000   37.5000   22.500013400.8838   19.3283
    7.5000   37.5000   22.500012940.8857   19.3229
   -7.5000   45.0000   22.500012425.6230   18.8783
    0.0000   45.0000   22.500012928.0381   18.8878
    7.5000   45.0000   22.500012459.8438   18.8788
   -7.5000  -45.0000   30.0000 6145.1440   21.3193
    0.0000  -45.0000   30.0000 6459.3608   21.3314
    7.5000  -45.0000   30.0000 6265.4365   21.3407
   -7.5000  -37.5000   30.0000 6981.4561   20.6334
    0.0000  -37.5000   30.0000 7328.3687   20.6390
    7.5000  -37.5000   30.0000 7102.3867   20.6429
   -7.5000  -30.0000   30.0000 8137.3228   20.1666
    0.0000  -30.0000   30.0000 8560.6904   20.1660
    7.5000  -30.0000   30.0000 8296.5518   20.1688
   -7.5000  -22.5000   30.0000 9293.0791   19.7932
    0.0000  -22.5000   30.0000 9804.7734   19.7937
    7.5000  -22.5000   30.0000 9471.5205   19.8027
   -7.5000  -15.0000   30.000010471.1406   19.6773
    0.0000  -15.0000   30.000011062.6914   19.6816
    7.5000  -15.0000   30.000010640.0527   19.6940
   -7.5000   -7.5000   30.000011580.5781   19.6241
    0.0000   -7.5000   30.000012218.3047   19.6308
    7.5000   -7.5000   30.000011751.7861   19.6408
   -7.5000    0.0000   30.000012586.3887   19.6238
    0.0000    0.0000   30.000013259.9111   19.6294
    7.5000    0.0000   30.000012783.4258   19.6346
   -7.5000    7.5000   30.000012652.7930   19.6361
    0.0000    7.5000   30.000013329.1162   19.6381
    7.5000    7.5000   30.000012840.4443   19.6394
   -7.5000   15.0000   30.000012608.5264   19.6349
    0.0000   15.0000   30.000013187.5918   19.6336
    7.5000   15.0000   30.000012688.6045   19.6364
   -7.5000   22.5000   30.000012339.2764   19.6134
    0.0000   22.5000   30.000012824.4590   19.6135
    7.5000   22.5000   30.000012369.9072   19.6224
   -7.5000   30.0000   30.000012015.3125   19.3626
    0.0000   30.0000   30.000012474.1016   19.3667
    7.5000   30.0000   30.000012064.3662   19.3790
   -7.5000   37.5000   30.000012102.8818   19.3592
    0.0000   37.5000   30.000012587.5518   19.3657
    7.5000   37.5000   30.000012169.4600   19.3755
   -7.5000   45.0000   30.000011688.3691   18.9150
    0.0000   45.0000   30.000012157.1748   18.9205
    7.5000   45.0000   30.000011757.8867   18.9255
   -7.5000  -45.0000   37.5000 5890.9834   21.4628
    0.0000  -45.0000   37.5000 6199.8091   21.4740
    7.5000  -45.0000   37.5000 6013.8311   21.4935
   -7.5000  -37.5000   37.5000 6671.0317   20.7673
    0.0000  -37.5000   37.5000 7022.2642   20.7776
    7.5000  -37.5000   37.5000 6812.6440   20.7939
   -7.5000  -30.0000   37.5000 7789.5605   20.3038
    0.0000  -30.0000   37.5000 8210.7988   20.3101
    7.5000  -30.0000   37.5000 7953.9868   20.3268
   -7.5000  -22.5000   37.5000 8924.1201   19.9359
    0.0000  -22.5000   37.5000 9415.7285   19.9386
    7.5000  -22.5000   37.5000 9095.3613   19.9593
   -7.5000  -15.0000   37.500010068.4922   19.8221
    0.0000  -15.0000   37.500010631.8486   19.8230
    7.5000  -15.0000   37.500010248.1133   19.8440
   -7.5000   -7.5000   37.500011176.8320   19.7631
    0.0000   -7.5000   37.500011796.9043   19.7652
    7.5000   -7.5000   37.500011364.6172   19.7833
   -7.5000    0.0000   37.500012165.2178   19.7567
    0.0000    0.0000   37.500012823.3965   19.7614
    7.5000    0.0000   37.500012393.5234   19.7752
   -7.5000    7.5000   37.500012251.5957   19.7672
    0.0000    7.5000   37.500012903.2061   19.7735
    7.5000    7.5000   37.500012460.1445   19.7858
   -7.5000   15.0000   37.500012202.2500   19.7687
    0.0000   15.0000   37.500012787.3242   19.7738
    7.5000   15.0000   37.500012329.8594   19.7897
   -7.5000   22.5000   37.500011941.8838   19.7536
    0.0000   22.5000   37.500012459.6494   19.7559
    7.5000   22.5000   37.500012042.0742   19.7763
   -7.5000   30.0000   37.500011606.3252   19.5043
    0.0000   30.0000   37.500012095.1973   19.5051
    7.5000   30.0000   37.500011714.1426   19.5258
   -7.5000   37.5000   37.500011673.2061   19.4962
    0.0000   37.5000   37.500012171.3398   19.4982
    7.5000   37.5000   37.500011783.4805   19.5160
   -7.5000   45.0000   37.500011305.8770   19.0432
    0.0000   45.0000   37.500011773.7129   19.0477
    7.5000   45.0000   37.500011403.3555   19.0611
   -7.5000  -45.0000   45.0000 5365.4800   21.5875
    0.0000  -45.0000   45.0000 5648.2305   21.6016
    7.5000  -45.0000   45.0000 5462.1748   21.6152
   -7.5000  -37.5000   45.0000 6084.4404   20.8868
    0.0000  -37.5000   45.0000 6401.4761   20.9043
    7.5000  -37.5000   45.0000 6203.3120   20.9186
   -7.5000  -30.0000   45.0000 7099.5547   20.4292
    0.0000  -30.0000   45.0000 7477.1006   20.4415
    7.5000  -30.0000   45.0000 7252.5913   20.4584
   -7.5000  -22.5000   45.0000 8147.3101   20.0677
    0.0000  -22.5000   45.0000 8587.6650   20.0706
    7.5000  -22.5000   45.0000 8305.5176   20.0877
   -7.5000  -15.0000   45.0000 9198.9980   19.9508
    0.0000  -15.0000   45.0000 9714.6680   19.9470
    7.5000  -15.0000   45.0000 9373.8008   19.9604
   -7.5000   -7.5000   45.000010218.0566   19.8812
    0.0000   -7.5000   45.000010797.9561   19.8798
    7.5000   -7.5000   45.000010410.1797   19.8898
   -7.5000    0.0000   45.000011141.5830   19.8683
    0.0000    0.0000   45.000011757.5518   19.8750
    7.5000    0.0000   45.000011368.9590   19.8832
   -7.5000    7.5000   45.000011223.7734   19.8802
    0.0000    7.5000   45.000011829.4990   19.8927
    7.5000    7.5000   45.000011426.6797   19.9034
   -7.5000   15.0000   45.000011178.5967   19.8899
    0.0000   15.0000   45.000011741.3320   19.9007
    7.5000   15.0000   45.000011329.4590   19.9165
   -7.5000   22.5000   45.000010952.9062   19.8828
    0.0000   22.5000   45.000011472.8145   19.8853
    7.5000   22.5000   45.000011068.7627   19.9021
   -7.5000   30.0000   45.000010631.4092   19.6284
    0.0000   30.0000   45.000011126.4072   19.6245
    7.5000   30.0000   45.000010763.4893   19.6378
   -7.5000   37.5000   45.000010683.3545   19.6110
    0.0000   37.5000   45.000011170.3926   19.6095
    7.5000   37.5000   45.000010804.8955   19.6192
   -7.5000   45.0000   45.000010360.7510   19.1594
    0.0000   45.0000   45.000010827.3848   19.1659
    7.5000   45.0000   45.000010474.3984   19.1738

---------------------------------------------------------------------
imgreg_4dfp /opt/freesurfer/average/711-2C_as_mni_average_305 /opt/freesurfer/average/711-2B_as_mni_average_305_mask talsrcimg_g11 none talsrcimg_to_711-2C_as_mni_average_305_t4 4355
---------------------------------------------------------------------

freesurfer imgreg_4dfp.c
/opt/freesurfer/average/711-2C_as_mni_average_305.4dfp.img
       256       256       256         1
  1.000000  1.000000  1.000000
orientation T byte_order littleendian
Reading image: /opt/freesurfer/average/711-2C_as_mni_average_305.4dfp.img
dimensions:      256       256       256
mmppix:       1.0000   -1.0000   -1.0000
center:     128.0000 -129.0000 -129.0000
/opt/freesurfer/average/711-2B_as_mni_average_305_mask.4dfp.img
       256       256       256         1
  1.000000  1.000000  1.000000
orientation T byte_order littleendian
Reading mask: /opt/freesurfer/average/711-2B_as_mni_average_305_mask.4dfp.img (2306576 pixels)
talsrcimg_g11.4dfp.img
       256       256       256         1
  1.000000  1.000000  1.000000
orientation T byte_order littleendian
Reading image: talsrcimg_g11.4dfp.img
dimensions:      256       256       256
mmppix:       1.0000   -1.0000   -1.0000
center:     128.0000 -129.0000 -129.0000
rotation matrix determinant  1.000000
image alignment mode   4355 decimal     1103 hex
   -7.5000  -37.5000  -45.0000 1604.1113   30.8559
    0.0000  -37.5000  -45.0000 1614.0070   30.6251
    7.5000  -37.5000  -45.0000 1598.2986   30.7521
   -7.5000  -30.0000  -45.0000 1725.0619   26.6100
    0.0000  -30.0000  -45.0000 1736.8848   26.3376
    7.5000  -30.0000  -45.0000 1726.2185   26.5658
   -7.5000  -22.5000  -45.0000 1846.9293   23.3942
    0.0000  -22.5000  -45.0000 1856.6118   23.0618
    7.5000  -22.5000  -45.0000 1847.5713   23.2468
   -7.5000  -15.0000  -45.0000 1953.1842   20.9010
    0.0000  -15.0000  -45.0000 1964.9919   20.5678
    7.5000  -15.0000  -45.0000 1953.2335   20.7135
   -7.5000   -7.5000  -45.0000 2057.2957   18.9429
    0.0000   -7.5000  -45.0000 2069.1541   18.6920
    7.5000   -7.5000  -45.0000 2057.7229   18.7583
   -7.5000    0.0000  -45.0000 2140.2822   17.5023
    0.0000    0.0000  -45.0000 2155.2480   17.2833
    7.5000    0.0000  -45.0000 2145.5234   17.3104
   -7.5000    7.5000  -45.0000 2200.1848   16.4987
    0.0000    7.5000  -45.0000 2215.8347   16.3224
    7.5000    7.5000  -45.0000 2205.2349   16.3531
   -7.5000   15.0000  -45.0000 2232.4797   15.8482
    0.0000   15.0000  -45.0000 2250.2651   15.6855
    7.5000   15.0000  -45.0000 2242.1816   15.7084
   -7.5000   22.5000  -45.0000 2246.8071   15.5944
    0.0000   22.5000  -45.0000 2266.5505   15.3609
    7.5000   22.5000  -45.0000 2263.1873   15.4148
   -7.5000   30.0000  -45.0000 2245.2974   15.6060
    0.0000   30.0000  -45.0000 2266.8367   15.3752
    7.5000   30.0000  -45.0000 2260.5630   15.4528
   -7.5000   37.5000  -45.0000 2228.5813   16.0170
    0.0000   37.5000  -45.0000 2251.2249   15.7533
    7.5000   37.5000  -45.0000 2246.2866   15.8137
   -7.5000   45.0000  -45.0000 2186.0630   16.7908
    0.0000   45.0000  -45.0000 2210.4077   16.4780
    7.5000   45.0000  -45.0000 2209.3667   16.5068
   -7.5000   52.5000  -45.0000 2113.2854   17.7568
    0.0000   52.5000  -45.0000 2135.6313   17.3962
    7.5000   52.5000  -45.0000 2132.1179   17.4484
   -7.5000  -37.5000  -37.5000 1660.7667   28.5736
    0.0000  -37.5000  -37.5000 1666.4318   28.3393
    7.5000  -37.5000  -37.5000 1656.7091   28.5376
   -7.5000  -30.0000  -37.5000 1783.9824   24.6474
    0.0000  -30.0000  -37.5000 1795.8241   24.3845
    7.5000  -30.0000  -37.5000 1788.6345   24.6324
   -7.5000  -22.5000  -37.5000 1914.5126   21.6812
    0.0000  -22.5000  -37.5000 1926.1305   21.3882
    7.5000  -22.5000  -37.5000 1916.8972   21.5134
   -7.5000  -15.0000  -37.5000 2036.3663   19.3654
    0.0000  -15.0000  -37.5000 2050.8875   19.0729
    7.5000  -15.0000  -37.5000 2038.8922   19.1502
   -7.5000   -7.5000  -37.5000 2147.0752   17.5453
    0.0000   -7.5000  -37.5000 2163.2737   17.2971
    7.5000   -7.5000  -37.5000 2148.2043   17.3070
   -7.5000    0.0000  -37.5000 2235.9690   16.1882
    0.0000    0.0000  -37.5000 2246.9382   15.9793
    7.5000    0.0000  -37.5000 2238.2209   15.9594
   -7.5000    7.5000  -37.5000 2302.9497   15.2495
    0.0000    7.5000  -37.5000 2318.2249   15.0567
    7.5000    7.5000  -37.5000 2304.1536   15.0692
   -7.5000   15.0000  -37.5000 2333.4858   14.6348
    0.0000   15.0000  -37.5000 2349.4802   14.4633
    7.5000   15.0000  -37.5000 2342.9902   14.4530
   -7.5000   22.5000  -37.5000 2346.5554   14.4131
    0.0000   22.5000  -37.5000 2368.8936   14.1981
    7.5000   22.5000  -37.5000 2363.6147   14.1983
   -7.5000   30.0000  -37.5000 2344.3467   14.4592
    0.0000   30.0000  -37.5000 2366.0918   14.2307
    7.5000   30.0000  -37.5000 2359.0723   14.2400
   -7.5000   37.5000  -37.5000 2321.8572   14.8101
    0.0000   37.5000  -37.5000 2344.9045   14.5616
    7.5000   37.5000  -37.5000 2342.4131   14.5385
   -7.5000   45.0000  -37.5000 2278.8953   15.4594
    0.0000   45.0000  -37.5000 2304.5007   15.2067
    7.5000   45.0000  -37.5000 2306.1160   15.1841
   -7.5000   52.5000  -37.5000 2202.5449   16.3602
    0.0000   52.5000  -37.5000 2226.8831   16.0586
    7.5000   52.5000  -37.5000 2228.0845   16.0540
   -7.5000  -37.5000  -30.0000 1742.1564   27.5035
    0.0000  -37.5000  -30.0000 1751.5341   27.1650
    7.5000  -37.5000  -30.0000 1745.0967   27.4842
   -7.5000  -30.0000  -30.0000 1875.0050   23.7160
    0.0000  -30.0000  -30.0000 1889.5385   23.3940
    7.5000  -30.0000  -30.0000 1885.7545   23.6239
   -7.5000  -22.5000  -30.0000 2020.1307   20.8589
    0.0000  -22.5000  -30.0000 2035.2639   20.5921
    7.5000  -22.5000  -30.0000 2022.1433   20.6539
   -7.5000  -15.0000  -30.0000 2154.2620   18.6113
    0.0000  -15.0000  -30.0000 2167.8694   18.3659
    7.5000  -15.0000  -30.0000 2153.7417   18.3714
   -7.5000   -7.5000  -30.0000 2271.3564   16.8432
    0.0000   -7.5000  -30.0000 2281.4641   16.6065
    7.5000   -7.5000  -30.0000 2271.3953   16.6079
   -7.5000    0.0000  -30.0000 2358.6636   15.5094
    0.0000    0.0000  -30.0000 2375.0281   15.2911
    7.5000    0.0000  -30.0000 2365.7178   15.2751
   -7.5000    7.5000  -30.0000 2434.4148   14.5698
    0.0000    7.5000  -30.0000 2450.1538   14.3576
    7.5000    7.5000  -30.0000 2440.4465   14.3630
   -7.5000   15.0000  -30.0000 2471.3420   13.9858
    0.0000   15.0000  -30.0000 2494.0369   13.7898
    7.5000   15.0000  -30.0000 2487.8694   13.7570
   -7.5000   22.5000  -30.0000 2493.8467   13.7439
    0.0000   22.5000  -30.0000 2520.1836   13.5471
    7.5000   22.5000  -30.0000 2515.5869   13.5099
   -7.5000   30.0000  -30.0000 2493.7024   13.8268
    0.0000   30.0000  -30.0000 2521.0859   13.6082
    7.5000   30.0000  -30.0000 2519.1704   13.5787
   -7.5000   37.5000  -30.0000 2468.4312   14.1917
    0.0000   37.5000  -30.0000 2493.3391   13.9697
    7.5000   37.5000  -30.0000 2498.5183   13.9131
   -7.5000   45.0000  -30.0000 2423.4050   14.8297
    0.0000   45.0000  -30.0000 2453.2166   14.5639
    7.5000   45.0000  -30.0000 2454.9756   14.5099
   -7.5000   52.5000  -30.0000 2334.9155   15.6670
    0.0000   52.5000  -30.0000 2365.7747   15.3794
    7.5000   52.5000  -30.0000 2369.0896   15.3133
   -7.5000  -37.5000  -22.5000 1805.2281   26.3318
    0.0000  -37.5000  -22.5000 1816.4253   26.0500
    7.5000  -37.5000  -22.5000 1812.5197   26.3649
   -7.5000  -30.0000  -22.5000 1946.7932   22.6996
    0.0000  -30.0000  -22.5000 1962.3850   22.4191
    7.5000  -30.0000  -22.5000 1955.3971   22.6601
   -7.5000  -22.5000  -22.5000 2095.6299   19.9082
    0.0000  -22.5000  -22.5000 2115.4746   19.6610
    7.5000  -22.5000  -22.5000 2103.7646   19.7657
   -7.5000  -15.0000  -22.5000 2239.2583   17.7250
    0.0000  -15.0000  -22.5000 2256.6187   17.4577
    7.5000  -15.0000  -22.5000 2243.8943   17.5358
   -7.5000   -7.5000  -22.5000 2359.7749   16.0103
    0.0000   -7.5000  -22.5000 2377.6545   15.7822
    7.5000   -7.5000  -22.5000 2364.4810   15.8225
   -7.5000    0.0000  -22.5000 2451.1948   14.7312
    0.0000    0.0000  -22.5000 2473.0969   14.5357
    7.5000    0.0000  -22.5000 2463.0725   14.5537
   -7.5000    7.5000  -22.5000 2534.2327   13.8053
    0.0000    7.5000  -22.5000 2556.5522   13.6198
    7.5000    7.5000  -22.5000 2546.7595   13.6331
   -7.5000   15.0000  -22.5000 2583.1985   13.2203
    0.0000   15.0000  -22.5000 2609.0652   13.0183
    7.5000   15.0000  -22.5000 2605.4944   13.0342
   -7.5000   22.5000  -22.5000 2616.1821   12.9691
    0.0000   22.5000  -22.5000 2648.0068   12.7677
    7.5000   22.5000  -22.5000 2644.3945   12.7557
   -7.5000   30.0000  -22.5000 2623.9854   13.0708
    0.0000   30.0000  -22.5000 2656.2524   12.8512
    7.5000   30.0000  -22.5000 2649.9138   12.8337
   -7.5000   37.5000  -22.5000 2595.6240   13.4564
    0.0000   37.5000  -22.5000 2628.7788   13.2186
    7.5000   37.5000  -22.5000 2632.4309   13.1678
   -7.5000   45.0000  -22.5000 2545.2764   14.0623
    0.0000   45.0000  -22.5000 2581.4236   13.8080
    7.5000   45.0000  -22.5000 2581.7510   13.7514
   -7.5000   52.5000  -22.5000 2450.0632   14.8581
    0.0000   52.5000  -22.5000 2489.3232   14.5726
    7.5000   52.5000  -22.5000 2490.9287   14.5048
   -7.5000  -37.5000  -15.0000 1842.1012   25.3552
    0.0000  -37.5000  -15.0000 1858.5164   25.0876
    7.5000  -37.5000  -15.0000 1857.9371   25.4281
   -7.5000  -30.0000  -15.0000 1986.1849   21.7681
    0.0000  -30.0000  -15.0000 2005.6000   21.5111
    7.5000  -30.0000  -15.0000 2002.7957   21.7934
   -7.5000  -22.5000  -15.0000 2142.5884   19.0723
    0.0000  -22.5000  -15.0000 2165.8743   18.8000
    7.5000  -22.5000  -15.0000 2154.6428   18.9879
   -7.5000  -15.0000  -15.0000 2292.4529   16.9550
    0.0000  -15.0000  -15.0000 2311.7285   16.6859
    7.5000  -15.0000  -15.0000 2297.3977   16.8261
   -7.5000   -7.5000  -15.0000 2414.1631   15.3139
    0.0000   -7.5000  -15.0000 2431.4690   15.0323
    7.5000   -7.5000  -15.0000 2419.3284   15.1525
   -7.5000    0.0000  -15.0000 2514.9292   14.0274
    0.0000    0.0000  -15.0000 2537.6389   13.8165
    7.5000    0.0000  -15.0000 2527.2007   13.8869
   -7.5000    7.5000  -15.0000 2611.1311   13.1056
    0.0000    7.5000  -15.0000 2633.9021   12.9159
    7.5000    7.5000  -15.0000 2625.4873   12.9599
   -7.5000   15.0000  -15.0000 2672.2620   12.5355
    0.0000   15.0000  -15.0000 2698.5322   12.3267
    7.5000   15.0000  -15.0000 2699.6941   12.3575
   -7.5000   22.5000  -15.0000 2708.3591   12.2630
    0.0000   22.5000  -15.0000 2743.7446   12.0413
    7.5000   22.5000  -15.0000 2740.5278   12.0834
   -7.5000   30.0000  -15.0000 2717.2344   12.3548
    0.0000   30.0000  -15.0000 2757.7068   12.1212
    7.5000   30.0000  -15.0000 2754.0051   12.1530
   -7.5000   37.5000  -15.0000 2695.9587   12.7228
    0.0000   37.5000  -15.0000 2738.8523   12.5025
    7.5000   37.5000  -15.0000 2739.6953   12.4907
   -7.5000   45.0000  -15.0000 2643.9280   13.2911
    0.0000   45.0000  -15.0000 2686.9031   13.0599
    7.5000   45.0000  -15.0000 2685.1443   13.0426
   -7.5000   52.5000  -15.0000 2539.7534   14.0695
    0.0000   52.5000  -15.0000 2581.4431   13.7909
    7.5000   52.5000  -15.0000 2581.1548   13.7740
   -7.5000  -37.5000   -7.5000 1870.2651   24.6529
    0.0000  -37.5000   -7.5000 1885.8229   24.3337
    7.5000  -37.5000   -7.5000 1880.4095   24.6888
   -7.5000  -30.0000   -7.5000 2013.2218   21.1159
    0.0000  -30.0000   -7.5000 2033.9730   20.8687
    7.5000  -30.0000   -7.5000 2028.4949   21.1839
   -7.5000  -22.5000   -7.5000 2170.9260   18.4798
    0.0000  -22.5000   -7.5000 2189.9958   18.1962
    7.5000  -22.5000   -7.5000 2181.8108   18.4350
   -7.5000  -15.0000   -7.5000 2314.3328   16.3850
    0.0000  -15.0000   -7.5000 2334.7573   16.0729
    7.5000  -15.0000   -7.5000 2322.2871   16.2736
   -7.5000   -7.5000   -7.5000 2440.9304   14.7489
    0.0000   -7.5000   -7.5000 2462.5442   14.4418
    7.5000   -7.5000   -7.5000 2450.1621   14.6074
   -7.5000    0.0000   -7.5000 2553.5850   13.4783
    0.0000    0.0000   -7.5000 2580.1187   13.2124
    7.5000    0.0000   -7.5000 2567.8958   13.3350
   -7.5000    7.5000   -7.5000 2660.1069   12.5731
    0.0000    7.5000   -7.5000 2689.3772   12.3158
    7.5000    7.5000   -7.5000 2683.4155   12.4151
   -7.5000   15.0000   -7.5000 2735.2588   12.0265
    0.0000   15.0000   -7.5000 2772.2278   11.7569
    7.5000   15.0000   -7.5000 2771.4814   11.8078
   -7.5000   22.5000   -7.5000 2784.5737   11.7212
    0.0000   22.5000   -7.5000 2824.2629   11.4501
    7.5000   22.5000   -7.5000 2820.3831   11.5241
   -7.5000   30.0000   -7.5000 2800.8533   11.7508
    0.0000   30.0000   -7.5000 2846.3547   11.5121
    7.5000   30.0000   -7.5000 2842.2151   11.5597
   -7.5000   37.5000   -7.5000 2779.0066   12.0700
    0.0000   37.5000   -7.5000 2827.5637   11.8619
    7.5000   37.5000   -7.5000 2823.3618   11.8819
   -7.5000   45.0000   -7.5000 2716.6155   12.6331
    0.0000   45.0000   -7.5000 2762.0769   12.3868
    7.5000   45.0000   -7.5000 2762.7729   12.4050
   -7.5000   52.5000   -7.5000 2603.4563   13.3722
    0.0000   52.5000   -7.5000 2645.6228   13.1042
    7.5000   52.5000   -7.5000 2645.2432   13.1133
   -7.5000  -37.5000    0.0000 1881.5615   24.2167
    0.0000  -37.5000    0.0000 1900.9475   23.9282
    7.5000  -37.5000    0.0000 1894.6166   24.2337
   -7.5000  -30.0000    0.0000 2030.6351   20.8441
    0.0000  -30.0000    0.0000 2051.7844   20.5257
    7.5000  -30.0000    0.0000 2046.7462   20.7825
   -7.5000  -22.5000    0.0000 2181.0466   18.1604
    0.0000  -22.5000    0.0000 2201.7021   17.8542
    7.5000  -22.5000    0.0000 2193.0857   18.0504
   -7.5000  -15.0000    0.0000 2319.9067   16.0508
    0.0000  -15.0000    0.0000 2344.2161   15.7046
    7.5000  -15.0000    0.0000 2332.5015   15.9141
   -7.5000   -7.5000    0.0000 2450.9302   14.4080
    0.0000   -7.5000    0.0000 2475.0989   14.0592
    7.5000   -7.5000    0.0000 2465.5710   14.2465
   -7.5000    0.0000    0.0000 2573.4292   13.1520
    0.0000    0.0000    0.0000 2599.9771   12.8281
    7.5000    0.0000    0.0000 2589.9504   12.9830
   -7.5000    7.5000    0.0000 2687.2109   12.2548
    0.0000    7.5000    0.0000 2720.3103   11.9422
    7.5000    7.5000    0.0000 2716.0439   12.0635
   -7.5000   15.0000    0.0000 2778.1721   11.7150
    0.0000   15.0000    0.0000 2822.8999   11.3978
    7.5000   15.0000    0.0000 2821.3464   11.4671
   -7.5000   22.5000    0.0000 2843.1516   11.3874
    0.0000   22.5000    0.0000 2896.3281   11.0802
    7.5000   22.5000    0.0000 2889.5554   11.1614
   -7.5000   30.0000    0.0000 2869.0759   11.3486
    0.0000   30.0000    0.0000 2921.1060   11.1040
    7.5000   30.0000    0.0000 2919.0969   11.1647
   -7.5000   37.5000    0.0000 2840.9080   11.6047
    0.0000   37.5000    0.0000 2894.2488   11.3932
    7.5000   37.5000    0.0000 2894.7307   11.4370
   -7.5000   45.0000    0.0000 2769.2534   12.1543
    0.0000   45.0000    0.0000 2816.4414   11.9275
    7.5000   45.0000    0.0000 2819.6292   11.9713
   -7.5000   52.5000    0.0000 2642.5178   12.8991
    0.0000   52.5000    0.0000 2689.1113   12.6377
    7.5000   52.5000    0.0000 2689.9819   12.6818
   -7.5000  -37.5000    7.5000 1883.3807   24.1598
    0.0000  -37.5000    7.5000 1901.1890   23.8356
    7.5000  -37.5000    7.5000 1898.3525   24.2152
   -7.5000  -30.0000    7.5000 2043.7097   20.8084
    0.0000  -30.0000    7.5000 2062.7939   20.4608
    7.5000  -30.0000    7.5000 2052.2888   20.7043
   -7.5000  -22.5000    7.5000 2182.4871   18.0222
    0.0000  -22.5000    7.5000 2211.6399   17.6697
    7.5000  -22.5000    7.5000 2193.5156   17.8880
   -7.5000  -15.0000    7.5000 2318.9307   15.8881
    0.0000  -15.0000    7.5000 2347.5762   15.5201
    7.5000  -15.0000    7.5000 2336.3992   15.7167
   -7.5000   -7.5000    7.5000 2452.1855   14.2552
    0.0000   -7.5000    7.5000 2477.5737   13.8823
    7.5000   -7.5000    7.5000 2468.1233   14.0321
   -7.5000    0.0000    7.5000 2575.2197   13.0192
    0.0000    0.0000    7.5000 2607.5308   12.6641
    7.5000    0.0000    7.5000 2598.5859   12.7866
   -7.5000    7.5000    7.5000 2693.9263   12.1223
    0.0000    7.5000    7.5000 2732.2517   11.7722
    7.5000    7.5000    7.5000 2729.3882   11.8854
   -7.5000   15.0000    7.5000 2799.6741   11.5633
    0.0000   15.0000    7.5000 2847.5452   11.2220
    7.5000   15.0000    7.5000 2845.8616   11.2972
   -7.5000   22.5000    7.5000 2881.8660   11.2112
    0.0000   22.5000    7.5000 2944.2402   10.8804
    7.5000   22.5000    7.5000 2932.9788   10.9766
   -7.5000   30.0000    7.5000 2913.9143   11.1379
    0.0000   30.0000    7.5000 2982.4170   10.8140
    7.5000   30.0000    7.5000 2974.4727   10.9276
   -7.5000   37.5000    7.5000 2875.0117   11.3760
    0.0000   37.5000    7.5000 2943.1592   11.1032
    7.5000   37.5000    7.5000 2939.6255   11.1848
   -7.5000   45.0000    7.5000 2792.3765   11.9181
    0.0000   45.0000    7.5000 2846.2178   11.6746
    7.5000   45.0000    7.5000 2847.7004   11.7408
   -7.5000   52.5000    7.5000 2664.8220   12.6136
    0.0000   52.5000    7.5000 2706.4619   12.3558
    7.5000   52.5000    7.5000 2704.7935   12.4091
   -7.5000  -37.5000   15.0000 1869.8104   24.4831
    0.0000  -37.5000   15.0000 1888.9500   24.0611
    7.5000  -37.5000   15.0000 1882.7141   24.4172
   -7.5000  -30.0000   15.0000 2030.0518   20.9961
    0.0000  -30.0000   15.0000 2055.9348   20.5912
    7.5000  -30.0000   15.0000 2044.5455   20.7982
   -7.5000  -22.5000   15.0000 2176.7983   18.1679
    0.0000  -22.5000   15.0000 2203.9519   17.7779
    7.5000  -22.5000   15.0000 2189.8342   17.9179
   -7.5000  -15.0000   15.0000 2311.8152   15.9739
    0.0000  -15.0000   15.0000 2340.0032   15.6006
    7.5000  -15.0000   15.0000 2329.7485   15.7253
   -7.5000   -7.5000   15.0000 2439.0703   14.3086
    0.0000   -7.5000   15.0000 2473.6030   13.9608
    7.5000   -7.5000   15.0000 2461.8269   14.0721
   -7.5000    0.0000   15.0000 2559.9436   13.0618
    0.0000    0.0000   15.0000 2598.9390   12.7304
    7.5000    0.0000   15.0000 2594.1165   12.8394
   -7.5000    7.5000   15.0000 2680.3628   12.1591
    0.0000    7.5000   15.0000 2721.8120   11.8007
    7.5000    7.5000   15.0000 2724.3977   11.9357
   -7.5000   15.0000   15.0000 2788.1384   11.5801
    0.0000   15.0000   15.0000 2837.5186   11.2404
    7.5000   15.0000   15.0000 2838.4434   11.3498
   -7.5000   22.5000   15.0000 2873.4500   11.2047
    0.0000   22.5000   15.0000 2934.7229   10.8553
    7.5000   22.5000   15.0000 2925.9221   10.9528
   -7.5000   30.0000   15.0000 2908.1169   11.1870
    0.0000   30.0000   15.0000 2973.7542   10.8462
    7.5000   30.0000   15.0000 2962.4285   10.9360
   -7.5000   37.5000   15.0000 2877.8455   11.4026
    0.0000   37.5000   15.0000 2945.5686   11.1246
    7.5000   37.5000   15.0000 2932.1680   11.2021
   -7.5000   45.0000   15.0000 2792.2170   11.8769
    0.0000   45.0000   15.0000 2849.8025   11.6204
    7.5000   45.0000   15.0000 2845.9731   11.6847
   -7.5000   52.5000   15.0000 2659.2661   12.5668
    0.0000   52.5000   15.0000 2699.5342   12.2979
    7.5000   52.5000   15.0000 2697.6577   12.3652
   -7.5000  -37.5000   22.5000 1840.0688   25.0785
    0.0000  -37.5000   22.5000 1856.3539   24.6273
    7.5000  -37.5000   22.5000 1852.7701   24.9080
   -7.5000  -30.0000   22.5000 2001.0480   21.4214
    0.0000  -30.0000   22.5000 2026.8804   21.0296
    7.5000  -30.0000   22.5000 2023.2863   21.1478
   -7.5000  -22.5000   22.5000 2154.3113   18.4708
    0.0000  -22.5000   22.5000 2184.1550   18.0911
    7.5000  -22.5000   22.5000 2176.8215   18.2139
   -7.5000  -15.0000   22.5000 2292.2278   16.2421
    0.0000  -15.0000   22.5000 2328.5774   15.8874
    7.5000  -15.0000   22.5000 2316.0630   15.9762
   -7.5000   -7.5000   22.5000 2418.2759   14.5856
    0.0000   -7.5000   22.5000 2457.1213   14.2361
    7.5000   -7.5000   22.5000 2449.1733   14.3364
   -7.5000    0.0000   22.5000 2532.8645   13.3464
    0.0000    0.0000   22.5000 2573.9790   13.0107
    7.5000    0.0000   22.5000 2576.6194   13.1097
   -7.5000    7.5000   22.5000 2646.6948   12.4427
    0.0000    7.5000   22.5000 2691.1201   12.1065
    7.5000    7.5000   22.5000 2699.9434   12.2169
   -7.5000   15.0000   22.5000 2746.7114   11.8499
    0.0000   15.0000   22.5000 2796.6985   11.5321
    7.5000   15.0000   22.5000 2803.8740   11.6213
   -7.5000   22.5000   22.5000 2826.1597   11.4651
    0.0000   22.5000   22.5000 2883.7727   11.1082
    7.5000   22.5000   22.5000 2881.9988   11.1914
   -7.5000   30.0000   22.5000 2860.3940   11.4009
    0.0000   30.0000   22.5000 2917.2983   11.0751
    7.5000   30.0000   22.5000 2913.3562   11.1633
   -7.5000   37.5000   22.5000 2830.7666   11.5844
    0.0000   37.5000   22.5000 2888.9751   11.3373
    7.5000   37.5000   22.5000 2885.6084   11.4019
   -7.5000   45.0000   22.5000 2750.5857   12.0958
    0.0000   45.0000   22.5000 2803.6846   11.8703
    7.5000   45.0000   22.5000 2803.0615   11.9074
   -7.5000   52.5000   22.5000 2625.0061   12.7775
    0.0000   52.5000   22.5000 2667.4373   12.5580
    7.5000   52.5000   22.5000 2668.7407   12.5951
   -7.5000  -37.5000   30.0000 1794.4486   25.9338
    0.0000  -37.5000   30.0000 1814.6694   25.4581
    7.5000  -37.5000   30.0000 1810.9995   25.7761
   -7.5000  -30.0000   30.0000 1961.6721   22.0820
    0.0000  -30.0000   30.0000 1987.0000   21.6434
    7.5000  -30.0000   30.0000 1983.0602   21.7976
   -7.5000  -22.5000   30.0000 2116.9497   19.0596
    0.0000  -22.5000   30.0000 2146.0483   18.6349
    7.5000  -22.5000   30.0000 2141.4331   18.7465
   -7.5000  -15.0000   30.0000 2258.7776   16.7962
    0.0000  -15.0000   30.0000 2295.0674   16.4292
    7.5000  -15.0000   30.0000 2287.0618   16.4915
   -7.5000   -7.5000   30.0000 2385.1523   15.0981
    0.0000   -7.5000   30.0000 2426.7817   14.7789
    7.5000   -7.5000   30.0000 2423.3623   14.8233
   -7.5000    0.0000   30.0000 2495.0962   13.8622
    0.0000    0.0000   30.0000 2541.4038   13.5531
    7.5000    0.0000   30.0000 2544.1453   13.5957
   -7.5000    7.5000   30.0000 2600.7163   12.9737
    0.0000    7.5000   30.0000 2649.5400   12.6847
    7.5000    7.5000   30.0000 2656.4504   12.7254
   -7.5000   15.0000   30.0000 2691.0769   12.3554
    0.0000   15.0000   30.0000 2742.9385   12.0366
    7.5000   15.0000   30.0000 2749.8176   12.0831
   -7.5000   22.5000   30.0000 2753.1865   11.9469
    0.0000   22.5000   30.0000 2806.1477   11.5731
    7.5000   22.5000   30.0000 2810.5132   11.6581
   -7.5000   30.0000   30.0000 2778.5466   11.8412
    0.0000   30.0000   30.0000 2825.2439   11.5007
    7.5000   30.0000   30.0000 2832.7756   11.5948
   -7.5000   37.5000   30.0000 2756.1025   12.0422
    0.0000   37.5000   30.0000 2806.7012   11.7339
    7.5000   37.5000   30.0000 2811.3750   11.8196
   -7.5000   45.0000   30.0000 2685.6230   12.5346
    0.0000   45.0000   30.0000 2734.2876   12.2343
    7.5000   45.0000   30.0000 2739.7820   12.3303
   -7.5000   52.5000   30.0000 2569.2566   13.2140
    0.0000   52.5000   30.0000 2610.7002   12.9402
    7.5000   52.5000   30.0000 2614.7898   13.0121
   -7.5000  -37.5000   37.5000 1744.7159   27.2331
    0.0000  -37.5000   37.5000 1766.7344   26.7029
    7.5000  -37.5000   37.5000 1758.9722   27.0132
   -7.5000  -30.0000   37.5000 1911.5955   23.1109
    0.0000  -30.0000   37.5000 1936.4052   22.6428
    7.5000  -30.0000   37.5000 1932.2275   22.8127
   -7.5000  -22.5000   37.5000 2068.5503   20.0393
    0.0000  -22.5000   37.5000 2093.8945   19.6000
    7.5000  -22.5000   37.5000 2091.4785   19.6641
   -7.5000  -15.0000   37.5000 2208.4639   17.6724
    0.0000  -15.0000   37.5000 2245.7139   17.2805
    7.5000  -15.0000   37.5000 2242.8271   17.3071
   -7.5000   -7.5000   37.5000 2337.2791   15.9486
    0.0000   -7.5000   37.5000 2379.6770   15.5847
    7.5000   -7.5000   37.5000 2379.1968   15.6080
   -7.5000    0.0000   37.5000 2439.8164   14.6752
    0.0000    0.0000   37.5000 2489.8071   14.3430
    7.5000    0.0000   37.5000 2494.3171   14.3779
   -7.5000    7.5000   37.5000 2541.0127   13.7279
    0.0000    7.5000   37.5000 2592.1653   13.4216
    7.5000    7.5000   37.5000 2598.9055   13.4620
   -7.5000   15.0000   37.5000 2622.1721   13.0869
    0.0000   15.0000   37.5000 2673.4910   12.7523
    7.5000   15.0000   37.5000 2679.8904   12.7966
   -7.5000   22.5000   37.5000 2669.8250   12.6687
    0.0000   22.5000   37.5000 2720.5112   12.3080
    7.5000   22.5000   37.5000 2728.8999   12.3770
   -7.5000   30.0000   37.5000 2684.4963   12.5344
    0.0000   30.0000   37.5000 2726.1938   12.1960
    7.5000   30.0000   37.5000 2740.6025   12.2800
   -7.5000   37.5000   37.5000 2662.2029   12.7075
    0.0000   37.5000   37.5000 2706.6079   12.3693
    7.5000   37.5000   37.5000 2716.0564   12.4482
   -7.5000   45.0000   37.5000 2603.1853   13.1674
    0.0000   45.0000   37.5000 2648.0137   12.8457
    7.5000   45.0000   37.5000 2659.1528   12.9207
   -7.5000   52.5000   37.5000 2498.6362   13.8416
    0.0000   52.5000   37.5000 2535.8887   13.5360
    7.5000   52.5000   37.5000 2545.3813   13.5990
   -7.5000  -37.5000   45.0000 1689.6794   29.1431
    0.0000  -37.5000   45.0000 1707.7129   28.5131
    7.5000  -37.5000   45.0000 1702.8468   28.7519
   -7.5000  -30.0000   45.0000 1851.0253   24.6619
    0.0000  -30.0000   45.0000 1874.5393   24.1277
    7.5000  -30.0000   45.0000 1875.4446   24.2693
   -7.5000  -22.5000   45.0000 2008.7239   21.3787
    0.0000  -22.5000   45.0000 2032.5497   20.9129
    7.5000  -22.5000   45.0000 2033.9384   20.9192
   -7.5000  -15.0000   45.0000 2146.9785   18.9072
    0.0000  -15.0000   45.0000 2182.4907   18.4661
    7.5000  -15.0000   45.0000 2184.8708   18.4567
   -7.5000   -7.5000   45.0000 2272.2969   17.0778
    0.0000   -7.5000   45.0000 2314.4121   16.7068
    7.5000   -7.5000   45.0000 2317.9268   16.6841
   -7.5000    0.0000   45.0000 2374.7188   15.7380
    0.0000    0.0000   45.0000 2420.2791   15.3960
    7.5000    0.0000   45.0000 2428.9277   15.3919
   -7.5000    7.5000   45.0000 2467.4819   14.7582
    0.0000    7.5000   45.0000 2511.3716   14.4196
    7.5000    7.5000   45.0000 2523.9067   14.4360
   -7.5000   15.0000   45.0000 2538.2410   14.0730
    0.0000   15.0000   45.0000 2583.5293   13.7357
    7.5000   15.0000   45.0000 2595.5076   13.7521
   -7.5000   22.5000   45.0000 2579.0085   13.6302
    0.0000   22.5000   45.0000 2624.0422   13.2718
    7.5000   22.5000   45.0000 2634.0356   13.2953
   -7.5000   30.0000   45.0000 2583.4209   13.4584
    0.0000   30.0000   45.0000 2624.5471   13.1105
    7.5000   30.0000   45.0000 2641.8401   13.1491
   -7.5000   37.5000   45.0000 2564.0554   13.5840
    0.0000   37.5000   45.0000 2602.6963   13.2375
    7.5000   37.5000   45.0000 2611.1064   13.2935
   -7.5000   45.0000   45.0000 2514.4790   14.0177
    0.0000   45.0000   45.0000 2554.0718   13.7020
    7.5000   45.0000   45.0000 2563.6743   13.7510
   -7.5000   52.5000   45.0000 2421.2681   14.6653
    0.0000   52.5000   45.0000 2456.3308   14.3519
    7.5000   52.5000   45.0000 2466.9709   14.3893

---------------------------------------------------------------------
imgreg_4dfp /opt/freesurfer/average/711-2C_as_mni_average_305 /opt/freesurfer/average/711-2B_as_mni_average_305_mask talsrcimg_g11 none talsrcimg_to_711-2C_as_mni_average_305_t4 1283
---------------------------------------------------------------------

freesurfer imgreg_4dfp.c
/opt/freesurfer/average/711-2C_as_mni_average_305.4dfp.img
       256       256       256         1
  1.000000  1.000000  1.000000
orientation T byte_order littleendian
Reading image: /opt/freesurfer/average/711-2C_as_mni_average_305.4dfp.img
dimensions:      256       256       256
mmppix:       1.0000   -1.0000   -1.0000
center:     128.0000 -129.0000 -129.0000
/opt/freesurfer/average/711-2B_as_mni_average_305_mask.4dfp.img
       256       256       256         1
  1.000000  1.000000  1.000000
orientation T byte_order littleendian
Reading mask: /opt/freesurfer/average/711-2B_as_mni_average_305_mask.4dfp.img (2306576 pixels)
talsrcimg_g11.4dfp.img
       256       256       256         1
  1.000000  1.000000  1.000000
orientation T byte_order littleendian
Reading image: talsrcimg_g11.4dfp.img
dimensions:      256       256       256
mmppix:       1.0000   -1.0000   -1.0000
center:     128.0000 -129.0000 -129.0000
rotation matrix determinant  1.000000
fimgreg.f
image alignment mode   1283 decimal      503 hex
parameters
    0.0000   30.0000    7.5000    0.0000    0.0000    0.0000
eta,q 0.93751 10.76055
niter,ni,del,rscale     5    3   12.0000    1.2000
parameter  1 -0.706976 -> -0.500000 qaram    1.1500
parameter  6  2.195200 ->  0.500000 qaram    1.1500
parameters
    3.4500   29.4964   10.2791   -2.3364   -1.8331   -3.4500
eta,q 0.94533 10.61633
  0.0775  0.0678  0.0743  0.0593  0.0595  0.0535
  0.0725  0.0639  0.0684  0.0587  0.0589  0.0543
  0.0689  0.0614  0.0637  0.0585  0.0584  0.0559
  0.0653  0.0605  0.0603  0.0583  0.0585  0.0584
  0.0617  0.0623  0.0584  0.0600  0.0592  0.0613
  0.0608  0.0660  0.0588  0.0630  0.0611  0.0638
  0.0634  0.0705  0.0611  0.0671  0.0642  0.0664
niter,ni,del,rscale     6    3   12.0000    1.2000
parameters
    3.4082   30.7119    9.9956   -3.6307   -2.5283   -6.8194
eta,q 0.94709 10.62711
  0.0678  0.0671  0.0619  0.0564  0.0580  0.0544
  0.0614  0.0614  0.0574  0.0558  0.0556  0.0530
  0.0573  0.0575  0.0543  0.0545  0.0543  0.0531
  0.0547  0.0547  0.0538  0.0537  0.0540  0.0540
  0.0555  0.0538  0.0554  0.0550  0.0550  0.0563
  0.0606  0.0560  0.0588  0.0579  0.0571  0.0598
  0.0694  0.0605  0.0632  0.0614  0.0605  0.0633
niter,ni,del,rscale     5    3   12.0000    1.2000
parameters
    3.4792   31.1418    9.6820   -4.6450   -2.5062   -6.8621
eta,q 0.94693 10.65039
  0.0677  0.0622  0.0609  0.0554  0.0592  0.0582
  0.0602  0.0580  0.0569  0.0546  0.0558  0.0551
  0.0551  0.0552  0.0534  0.0539  0.0534  0.0532
  0.0529  0.0529  0.0526  0.0525  0.0531  0.0531
  0.0539  0.0528  0.0542  0.0535  0.0536  0.0536
  0.0593  0.0556  0.0577  0.0559  0.0554  0.0551
  0.0677  0.0608  0.0631  0.0593  0.0592  0.0583
niter,ni,del,rscale     4    3   12.0000    1.2000
parameters
    3.6420   31.4905    9.4028   -5.0195   -2.4493   -6.9250
eta,q 0.94712 10.65387
  0.0684  0.0612  0.0608  0.0561  0.0590  0.0580
  0.0607  0.0573  0.0567  0.0548  0.0557  0.0549
  0.0553  0.0554  0.0534  0.0543  0.0534  0.0531
  0.0531  0.0530  0.0526  0.0526  0.0529  0.0529
  0.0540  0.0523  0.0540  0.0529  0.0533  0.0534
  0.0591  0.0554  0.0573  0.0550  0.0551  0.0550
  0.0677  0.0607  0.0629  0.0581  0.0591  0.0581
niter,ni,del,rscale     3    3   12.0000    1.2000
parameters
    3.7119   31.5761    9.3008   -5.1408   -2.4346   -6.9485
eta,q 0.94715 10.65523
  0.0681  0.0605  0.0613  0.0564  0.0590  0.0580
  0.0604  0.0569  0.0571  0.0549  0.0556  0.0549
  0.0549  0.0552  0.0537  0.0544  0.0534  0.0531
  0.0529  0.0529  0.0528  0.0528  0.0529  0.0529
  0.0539  0.0524  0.0539  0.0527  0.0532  0.0534
  0.0593  0.0559  0.0569  0.0547  0.0552  0.0549
  0.0681  0.0614  0.0623  0.0576  0.0592  0.0580
niter,ni,del,rscale     2    3   12.0000    1.2000
parameters
    3.7304   31.6052    9.2710   -5.1754   -2.4290   -6.9558
eta,q 0.94716 10.65565
  0.0679  0.0603  0.0615  0.0565  0.0589  0.0580
  0.0602  0.0569  0.0573  0.0550  0.0556  0.0549
  0.0548  0.0552  0.0539  0.0544  0.0534  0.0531
  0.0529  0.0528  0.0528  0.0528  0.0528  0.0528
  0.0540  0.0524  0.0539  0.0526  0.0532  0.0534
  0.0595  0.0560  0.0567  0.0546  0.0552  0.0548
  0.0684  0.0616  0.0621  0.0575  0.0593  0.0580
registration optimization eta report
parameter search radius
    6.9000    6.0000    6.0000    6.0000    6.0000    6.9000
100000*second partial in parameter space
       32.       22.       25.       11.       18.       11.
  0.0679  0.0603  0.0615  0.0565  0.0589  0.0580
  0.0602  0.0569  0.0573  0.0550  0.0556  0.0549
  0.0548  0.0552  0.0539  0.0544  0.0534  0.0531
  0.0529  0.0528  0.0528  0.0528  0.0528  0.0528
  0.0540  0.0524  0.0539  0.0526  0.0532  0.0534
  0.0595  0.0560  0.0567  0.0546  0.0552  0.0548
  0.0684  0.0616  0.0621  0.0575  0.0593  0.0580
    3.7304   31.6052    9.2710   -5.1754   -2.4290   -6.9558
eta,q 0.94716 10.65565

---------------------------------------------------------------------
imgreg_4dfp /opt/freesurfer/average/711-2C_as_mni_average_305 /opt/freesurfer/average/711-2B_as_mni_average_305_mask talsrcimg_g11 none talsrcimg_to_711-2C_as_mni_average_305_t4 3335
---------------------------------------------------------------------

freesurfer imgreg_4dfp.c
/opt/freesurfer/average/711-2C_as_mni_average_305.4dfp.img
       256       256       256         1
  1.000000  1.000000  1.000000
orientation T byte_order littleendian
Reading image: /opt/freesurfer/average/711-2C_as_mni_average_305.4dfp.img
dimensions:      256       256       256
mmppix:       1.0000   -1.0000   -1.0000
center:     128.0000 -129.0000 -129.0000
/opt/freesurfer/average/711-2B_as_mni_average_305_mask.4dfp.img
       256       256       256         1
  1.000000  1.000000  1.000000
orientation T byte_order littleendian
Reading mask: /opt/freesurfer/average/711-2B_as_mni_average_305_mask.4dfp.img (2306576 pixels)
talsrcimg_g11.4dfp.img
       256       256       256         1
  1.000000  1.000000  1.000000
orientation T byte_order littleendian
Reading image: talsrcimg_g11.4dfp.img
dimensions:      256       256       256
mmppix:       1.0000   -1.0000   -1.0000
center:     128.0000 -129.0000 -129.0000
fimgreg.f
image alignment mode   3335 decimal      D07 hex
parameters
    3.7304   31.6052    9.2710   -0.8252   -1.0944   -0.4972
   11.6816    5.2823  -12.0996    8.4430   -4.2382   -9.0125
eta,q 0.94839 10.71916
niter,ni,del,rscale     5    3    5.0000    1.2000
parameter  4  2.454582 ->  0.500000 qaram    1.1500
parameter  5  3.113550 ->  0.500000 qaram    1.1500
parameter  6  1.331281 ->  0.500000 qaram    1.1500
parameters
    3.4529   32.1241    9.6417   -4.9652   -5.2344   -4.6372
    8.9430    7.2675   -9.3230    6.1161   -0.9961   -9.7264
eta,q 0.96685 10.01130
  0.0531  0.0538  0.0533  0.0431  0.0365  0.0334  0.0355  0.0415  0.0373  0.0347  0.0365  0.0341
  0.0522  0.0528  0.0524  0.0449  0.0391  0.0344  0.0347  0.0385  0.0358  0.0337  0.0351  0.0335
  0.0517  0.0521  0.0518  0.0477  0.0420  0.0365  0.0344  0.0360  0.0346  0.0335  0.0341  0.0332
  0.0516  0.0516  0.0515  0.0514  0.0456  0.0399  0.0348  0.0344  0.0339  0.0337  0.0335  0.0332
  0.0519  0.0515  0.0515  0.0553  0.0497  0.0441  0.0358  0.0339  0.0337  0.0345  0.0332  0.0334
  0.0527  0.0518  0.0518  0.0594  0.0539  0.0491  0.0373  0.0348  0.0338  0.0364  0.0332  0.0339
  0.0540  0.0526  0.0525  0.0639  0.0583  0.0543  0.0391  0.0367  0.0344  0.0388  0.0336  0.0346
niter,ni,del,rscale     7    3    5.0000    1.2000
parameter  4  0.677540 ->  0.500000 qaram    1.3225
parameter  5  1.395765 ->  0.500000 qaram    1.3225
parameter  6  0.509010 ->  0.500000 qaram    1.3225
parameters
    3.6592   32.4107    9.3860   -9.7262   -9.9954   -9.3982
    9.5751    6.9649   -9.9958    6.9094   -1.3842   -9.3135
eta,q 0.97400  9.43834
  0.0371  0.0353  0.0346  0.0314  0.0254  0.0264  0.0289  0.0296  0.0278  0.0299  0.0268  0.0273
  0.0351  0.0341  0.0337  0.0310  0.0264  0.0261  0.0276  0.0276  0.0268  0.0281  0.0263  0.0266
  0.0338  0.0334  0.0332  0.0314  0.0282  0.0263  0.0266  0.0264  0.0262  0.0268  0.0260  0.0262
  0.0331  0.0331  0.0331  0.0331  0.0310  0.0268  0.0261  0.0261  0.0261  0.0261  0.0260  0.0260
  0.0333  0.0331  0.0335  0.0362  0.0341  0.0288  0.0262  0.0266  0.0265  0.0262  0.0262  0.0261
  0.0343  0.0336  0.0342  0.0406  0.0379  0.0329  0.0269  0.0280  0.0273  0.0272  0.0265  0.0264
  0.0360  0.0345  0.0354  0.0453  0.0425  0.0380  0.0282  0.0303  0.0286  0.0286  0.0270  0.0270
niter,ni,del,rscale     7    3    5.0000    1.2000
parameter  5  0.626257 ->  0.500000 qaram    1.5209
parameters
    3.8136   32.5743    8.6421  -10.6519  -15.4706  -11.1940
    9.8727    7.0106  -10.4243    7.7470   -0.9041  -10.8364
eta,q 0.97586  9.08633
  0.0294  0.0289  0.0265  0.0293  0.0251  0.0265  0.0268  0.0276  0.0258  0.0275  0.0252  0.0248
  0.0276  0.0274  0.0260  0.0276  0.0244  0.0250  0.0255  0.0258  0.0249  0.0257  0.0247  0.0244
  0.0265  0.0264  0.0258  0.0264  0.0247  0.0242  0.0246  0.0246  0.0243  0.0246  0.0243  0.0242
  0.0260  0.0260  0.0260  0.0258  0.0259  0.0244  0.0242  0.0242  0.0242  0.0242  0.0242  0.0242
  0.0262  0.0262  0.0264  0.0262  0.0284  0.0249  0.0244  0.0246  0.0245  0.0244  0.0243  0.0245
  0.0271  0.0269  0.0271  0.0281  0.0315  0.0264  0.0252  0.0257  0.0252  0.0250  0.0245  0.0250
  0.0287  0.0282  0.0281  0.0320  0.0353  0.0303  0.0264  0.0275  0.0262  0.0261  0.0250  0.0257
niter,ni,del,rscale     7    3    5.0000    1.2000
parameters
    3.8175   32.9148    8.4934  -10.1547  -16.7080  -11.1802
    9.9439    7.0863  -10.5450    8.6131   -0.6945  -11.2297
eta,q 0.97600  9.06368
  0.0271  0.0272  0.0253  0.0280  0.0278  0.0275  0.0264  0.0274  0.0257  0.0271  0.0249  0.0250
  0.0255  0.0256  0.0246  0.0262  0.0259  0.0256  0.0252  0.0255  0.0247  0.0254  0.0244  0.0244
  0.0245  0.0246  0.0242  0.0249  0.0244  0.0243  0.0243  0.0244  0.0242  0.0243  0.0241  0.0241
  0.0241  0.0241  0.0241  0.0241  0.0240  0.0240  0.0240  0.0240  0.0240  0.0240  0.0240  0.0240
  0.0245  0.0242  0.0243  0.0240  0.0248  0.0244  0.0242  0.0243  0.0242  0.0242  0.0241  0.0242
  0.0254  0.0248  0.0249  0.0250  0.0271  0.0252  0.0251  0.0254  0.0248  0.0247  0.0244  0.0246
  0.0271  0.0258  0.0257  0.0278  0.0304  0.0277  0.0264  0.0273  0.0258  0.0258  0.0248  0.0252
niter,ni,del,rscale     6    3    5.0000    1.2000
parameters
    3.8205   33.1226    8.3877  -10.0775  -17.0754  -11.2669
    9.9529    7.1396  -10.6057    9.0666   -0.6310  -11.4380
eta,q 0.97601  9.05229
  0.0269  0.0267  0.0252  0.0277  0.0283  0.0274  0.0263  0.0273  0.0256  0.0266  0.0249  0.0250
  0.0253  0.0253  0.0245  0.0259  0.0263  0.0255  0.0251  0.0255  0.0247  0.0251  0.0244  0.0244
  0.0244  0.0244  0.0241  0.0247  0.0247  0.0243  0.0243  0.0244  0.0242  0.0242  0.0241  0.0241
  0.0240  0.0240  0.0240  0.0240  0.0240  0.0240  0.0240  0.0240  0.0240  0.0240  0.0240  0.0240
  0.0243  0.0241  0.0242  0.0240  0.0245  0.0244  0.0243  0.0243  0.0242  0.0242  0.0241  0.0241
  0.0253  0.0248  0.0247  0.0252  0.0262  0.0252  0.0251  0.0254  0.0247  0.0248  0.0244  0.0245
  0.0269  0.0259  0.0255  0.0282  0.0294  0.0278  0.0263  0.0273  0.0257  0.0259  0.0248  0.0251
niter,ni,del,rscale     5    3    5.0000    1.2000
parameters
    3.8230   33.2368    8.2999  -10.0548  -17.2473  -11.3625
    9.9489    7.1672  -10.6251    9.3222   -0.6171  -11.5625
eta,q 0.97601  9.04424
  0.0269  0.0265  0.0253  0.0276  0.0283  0.0274  0.0263  0.0273  0.0256  0.0264  0.0248  0.0250
  0.0253  0.0252  0.0245  0.0259  0.0264  0.0255  0.0251  0.0255  0.0247  0.0250  0.0244  0.0244
  0.0243  0.0243  0.0241  0.0247  0.0248  0.0243  0.0243  0.0244  0.0242  0.0242  0.0241  0.0241
  0.0240  0.0240  0.0240  0.0240  0.0240  0.0240  0.0240  0.0240  0.0240  0.0240  0.0240  0.0240
  0.0243  0.0242  0.0242  0.0240  0.0244  0.0244  0.0243  0.0243  0.0242  0.0242  0.0241  0.0241
  0.0253  0.0249  0.0247  0.0252  0.0261  0.0252  0.0251  0.0254  0.0247  0.0249  0.0244  0.0245
  0.0269  0.0260  0.0255  0.0282  0.0291  0.0278  0.0264  0.0273  0.0256  0.0260  0.0248  0.0251
niter,ni,del,rscale     4    3    5.0000    1.2000
parameters
    3.8258   33.3081    8.2345  -10.0478  -17.3540  -11.4482
    9.9464    7.1782  -10.6368    9.4774   -0.6158  -11.6325
eta,q 0.97601  9.03761
  0.0268  0.0264  0.0253  0.0276  0.0283  0.0274  0.0263  0.0273  0.0256  0.0263  0.0248  0.0251
  0.0253  0.0251  0.0246  0.0259  0.0264  0.0255  0.0251  0.0255  0.0247  0.0250  0.0244  0.0245
  0.0243  0.0243  0.0241  0.0247  0.0248  0.0243  0.0243  0.0244  0.0242  0.0242  0.0241  0.0241
  0.0240  0.0240  0.0240  0.0240  0.0240  0.0240  0.0240  0.0240  0.0240  0.0240  0.0240  0.0240
  0.0243  0.0242  0.0242  0.0240  0.0244  0.0244  0.0243  0.0243  0.0242  0.0243  0.0241  0.0241
  0.0253  0.0249  0.0246  0.0252  0.0260  0.0252  0.0251  0.0254  0.0247  0.0249  0.0244  0.0245
  0.0269  0.0261  0.0254  0.0282  0.0290  0.0278  0.0263  0.0273  0.0256  0.0260  0.0248  0.0251
niter,ni,del,rscale     3    3    5.0000    1.2000
parameters
    3.8266   33.3530    8.1902  -10.0457  -17.4202  -11.5087
    9.9352    7.1860  -10.6391    9.5774   -0.6095  -11.6738
eta,q 0.97601  9.03301
  0.0268  0.0263  0.0253  0.0276  0.0283  0.0274  0.0263  0.0272  0.0256  0.0263  0.0248  0.0251
  0.0253  0.0251  0.0246  0.0259  0.0264  0.0256  0.0251  0.0254  0.0247  0.0249  0.0244  0.0245
  0.0243  0.0243  0.0241  0.0247  0.0248  0.0243  0.0243  0.0244  0.0242  0.0242  0.0241  0.0241
  0.0240  0.0240  0.0240  0.0240  0.0240  0.0240  0.0240  0.0240  0.0240  0.0240  0.0240  0.0240
  0.0243  0.0242  0.0242  0.0240  0.0244  0.0244  0.0243  0.0243  0.0242  0.0243  0.0241  0.0241
  0.0253  0.0249  0.0246  0.0252  0.0260  0.0252  0.0251  0.0254  0.0247  0.0249  0.0244  0.0245
  0.0269  0.0261  0.0254  0.0282  0.0289  0.0277  0.0263  0.0273  0.0256  0.0261  0.0248  0.0251
niter,ni,del,rscale     2    3    5.0000    1.2000
parameters
    3.8260   33.3837    8.1634  -10.0449  -17.4694  -11.5419
    9.9337    7.1915  -10.6474    9.6525   -0.6121  -11.7043
eta,q 0.97601  9.03021
  0.0268  0.0263  0.0253  0.0276  0.0283  0.0274  0.0263  0.0272  0.0256  0.0263  0.0248  0.0251
  0.0253  0.0250  0.0246  0.0259  0.0264  0.0256  0.0251  0.0254  0.0247  0.0249  0.0244  0.0245
  0.0243  0.0243  0.0241  0.0247  0.0248  0.0243  0.0243  0.0244  0.0242  0.0242  0.0241  0.0241
  0.0240  0.0240  0.0240  0.0240  0.0240  0.0240  0.0240  0.0240  0.0240  0.0240  0.0240  0.0240
  0.0243  0.0242  0.0242  0.0240  0.0244  0.0244  0.0243  0.0243  0.0242  0.0243  0.0241  0.0241
  0.0253  0.0250  0.0246  0.0252  0.0260  0.0252  0.0251  0.0254  0.0247  0.0250  0.0244  0.0245
  0.0269  0.0262  0.0254  0.0282  0.0289  0.0277  0.0263  0.0273  0.0256  0.0261  0.0248  0.0251
niter,ni,del,rscale     1    3    5.0000    1.2000
parameters
    3.8276   33.4057    8.1417  -10.0420  -17.5008  -11.5716
    9.9288    7.1968  -10.6484    9.7030   -0.6162  -11.7332
eta,q 0.97601  9.02815
  0.0268  0.0263  0.0253  0.0275  0.0283  0.0274  0.0263  0.0272  0.0256  0.0262  0.0248  0.0251
  0.0253  0.0250  0.0246  0.0259  0.0264  0.0256  0.0251  0.0254  0.0247  0.0249  0.0244  0.0245
  0.0243  0.0243  0.0241  0.0247  0.0248  0.0243  0.0243  0.0244  0.0242  0.0242  0.0241  0.0241
  0.0240  0.0240  0.0240  0.0240  0.0240  0.0240  0.0240  0.0240  0.0240  0.0240  0.0240  0.0240
  0.0243  0.0242  0.0242  0.0240  0.0244  0.0244  0.0243  0.0243  0.0242  0.0243  0.0241  0.0241
  0.0253  0.0250  0.0246  0.0252  0.0259  0.0252  0.0251  0.0254  0.0247  0.0250  0.0244  0.0245
  0.0268  0.0262  0.0254  0.0282  0.0289  0.0277  0.0263  0.0273  0.0256  0.0261  0.0248  0.0251
registration optimization eta report
parameter search radius
    2.4000    2.4000    2.4000    9.5220   10.9503    9.5220
    7.2000    7.2000    7.2000    7.2000    7.2000    7.2000
100000*second partial in parameter space
       49.       39.       24.        4.        4.        4.
        4.        6.        3.        4.        2.        2.
  0.0268  0.0263  0.0253  0.0275  0.0283  0.0274  0.0263  0.0272  0.0256  0.0262  0.0248  0.0251
  0.0253  0.0250  0.0246  0.0259  0.0264  0.0256  0.0251  0.0254  0.0247  0.0249  0.0244  0.0245
  0.0243  0.0243  0.0241  0.0247  0.0248  0.0243  0.0243  0.0244  0.0242  0.0242  0.0241  0.0241
  0.0240  0.0240  0.0240  0.0240  0.0240  0.0240  0.0240  0.0240  0.0240  0.0240  0.0240  0.0240
  0.0243  0.0242  0.0242  0.0240  0.0244  0.0244  0.0243  0.0243  0.0242  0.0243  0.0241  0.0241
  0.0253  0.0250  0.0246  0.0252  0.0259  0.0252  0.0251  0.0254  0.0247  0.0250  0.0244  0.0245
  0.0268  0.0262  0.0254  0.0282  0.0289  0.0277  0.0263  0.0273  0.0256  0.0261  0.0248  0.0251
    3.8276   33.4057    8.1417  -10.0420  -17.5008  -11.5716
    9.9288    7.1968  -10.6484    9.7030   -0.6162  -11.7332
eta,q 0.97601  9.02815

---------------------------------------------------------------------
imgreg_4dfp /opt/freesurfer/average/711-2C_as_mni_average_305 /opt/freesurfer/average/711-2B_as_mni_average_305_mask talsrcimg_g11 none talsrcimg_to_711-2C_as_mni_average_305_t4 2311
---------------------------------------------------------------------

freesurfer imgreg_4dfp.c
/opt/freesurfer/average/711-2C_as_mni_average_305.4dfp.img
       256       256       256         1
  1.000000  1.000000  1.000000
orientation T byte_order littleendian
Reading image: /opt/freesurfer/average/711-2C_as_mni_average_305.4dfp.img
dimensions:      256       256       256
mmppix:       1.0000   -1.0000   -1.0000
center:     128.0000 -129.0000 -129.0000
/opt/freesurfer/average/711-2B_as_mni_average_305_mask.4dfp.img
       256       256       256         1
  1.000000  1.000000  1.000000
orientation T byte_order littleendian
Reading mask: /opt/freesurfer/average/711-2B_as_mni_average_305_mask.4dfp.img (2306576 pixels)
talsrcimg_g11.4dfp.img
       256       256       256         1
  1.000000  1.000000  1.000000
orientation T byte_order littleendian
Reading image: talsrcimg_g11.4dfp.img
dimensions:      256       256       256
mmppix:       1.0000   -1.0000   -1.0000
center:     128.0000 -129.0000 -129.0000
fimgreg.f
image alignment mode   2311 decimal      907 hex
parameters
    3.8276   33.4057    8.1417  -10.0420  -17.5008  -11.5716
    9.9288    7.1968  -10.6484    9.7030   -0.6162  -11.7332
eta,q 0.97601  9.02815
niter,ni,del,rscale     5    3    5.0000    0.8000
parameters
    3.8382   33.4239    8.1350   -8.7948  -16.8737  -11.1717
    9.8973    7.3487  -10.5473    9.5192   -0.4032  -11.6776
eta,q 0.97612  9.12644
  0.0253  0.0250  0.0246  0.0252  0.0252  0.0249  0.0250  0.0255  0.0247  0.0248  0.0243  0.0244
  0.0246  0.0245  0.0243  0.0247  0.0246  0.0243  0.0244  0.0247  0.0242  0.0242  0.0241  0.0241
  0.0242  0.0241  0.0241  0.0243  0.0241  0.0240  0.0240  0.0241  0.0240  0.0239  0.0239  0.0239
  0.0240  0.0240  0.0240  0.0240  0.0239  0.0239  0.0239  0.0239  0.0239  0.0239  0.0239  0.0239
  0.0241  0.0241  0.0241  0.0239  0.0239  0.0240  0.0240  0.0240  0.0240  0.0240  0.0239  0.0239
  0.0246  0.0244  0.0243  0.0240  0.0242  0.0242  0.0244  0.0245  0.0242  0.0244  0.0240  0.0241
  0.0253  0.0250  0.0246  0.0244  0.0247  0.0245  0.0250  0.0254  0.0246  0.0249  0.0243  0.0244
niter,ni,del,rscale     4    3    5.0000    0.7000
parameters
    3.8137   33.3341    8.1150   -8.7916  -16.7120  -11.1343
    9.9133    7.3187  -10.6020    9.3064   -0.3639  -11.6224
eta,q 0.97612  9.13334
  0.0249  0.0246  0.0243  0.0246  0.0248  0.0245  0.0248  0.0251  0.0244  0.0246  0.0242  0.0243
  0.0243  0.0242  0.0241  0.0243  0.0243  0.0241  0.0243  0.0244  0.0241  0.0241  0.0240  0.0240
  0.0240  0.0239  0.0239  0.0240  0.0240  0.0239  0.0240  0.0240  0.0239  0.0239  0.0239  0.0239
  0.0239  0.0239  0.0239  0.0239  0.0239  0.0239  0.0239  0.0239  0.0239  0.0239  0.0239  0.0239
  0.0240  0.0240  0.0239  0.0239  0.0240  0.0240  0.0240  0.0240  0.0240  0.0240  0.0239  0.0239
  0.0244  0.0243  0.0241  0.0242  0.0242  0.0242  0.0243  0.0244  0.0241  0.0243  0.0240  0.0240
  0.0250  0.0248  0.0244  0.0247  0.0246  0.0244  0.0247  0.0251  0.0245  0.0247  0.0242  0.0242
niter,ni,del,rscale     3    3    5.0000    0.6000
parameters
    3.8050   33.2860    8.1516   -8.6903  -16.6585  -11.1948
    9.9349    7.3046  -10.6455    9.1026   -0.3299  -11.5371
eta,q 0.97614  9.13469
  0.0246  0.0244  0.0242  0.0245  0.0245  0.0243  0.0245  0.0248  0.0243  0.0244  0.0241  0.0242
  0.0242  0.0241  0.0240  0.0242  0.0242  0.0240  0.0242  0.0243  0.0240  0.0240  0.0240  0.0240
  0.0240  0.0239  0.0239  0.0240  0.0239  0.0239  0.0239  0.0240  0.0239  0.0239  0.0239  0.0239
  0.0239  0.0239  0.0239  0.0239  0.0239  0.0239  0.0239  0.0239  0.0239  0.0239  0.0239  0.0239
  0.0240  0.0240  0.0239  0.0239  0.0240  0.0240  0.0239  0.0240  0.0239  0.0240  0.0239  0.0239
  0.0242  0.0242  0.0240  0.0241  0.0242  0.0241  0.0242  0.0243  0.0241  0.0242  0.0240  0.0240
  0.0247  0.0245  0.0242  0.0245  0.0245  0.0243  0.0245  0.0248  0.0243  0.0244  0.0241  0.0241
niter,ni,del,rscale     2    3    5.0000    0.5000
parameters
    3.8026   33.2493    8.1699   -8.6098  -16.6400  -11.2973
    9.9344    7.2971  -10.6737    8.9318   -0.3523  -11.4928
eta,q 0.97615  9.13207
  0.0244  0.0242  0.0241  0.0243  0.0243  0.0242  0.0243  0.0245  0.0241  0.0242  0.0240  0.0241
  0.0241  0.0240  0.0240  0.0241  0.0241  0.0240  0.0241  0.0242  0.0240  0.0240  0.0239  0.0239
  0.0239  0.0239  0.0239  0.0239  0.0239  0.0239  0.0239  0.0239  0.0239  0.0239  0.0239  0.0239
  0.0239  0.0239  0.0239  0.0239  0.0239  0.0239  0.0239  0.0239  0.0239  0.0239  0.0239  0.0239
  0.0239  0.0239  0.0239  0.0239  0.0239  0.0239  0.0239  0.0239  0.0239  0.0239  0.0239  0.0239
  0.0241  0.0241  0.0240  0.0240  0.0241  0.0240  0.0241  0.0241  0.0240  0.0241  0.0239  0.0239
  0.0244  0.0243  0.0241  0.0243  0.0243  0.0242  0.0243  0.0245  0.0242  0.0243  0.0240  0.0240
niter,ni,del,rscale     1    3    5.0000    0.4000
parameters
    3.8009   33.2311    8.1711   -8.5395  -16.6423  -11.4355
    9.9402    7.2807  -10.6781    8.8050   -0.3759  -11.4093
eta,q 0.97615  9.12676
  0.0242  0.0241  0.0240  0.0241  0.0242  0.0241  0.0241  0.0243  0.0240  0.0241  0.0239  0.0240
  0.0240  0.0240  0.0239  0.0240  0.0240  0.0239  0.0240  0.0240  0.0239  0.0239  0.0239  0.0239
  0.0239  0.0239  0.0239  0.0239  0.0239  0.0239  0.0239  0.0239  0.0239  0.0239  0.0239  0.0239
  0.0239  0.0239  0.0239  0.0239  0.0239  0.0239  0.0239  0.0239  0.0239  0.0239  0.0238  0.0238
  0.0239  0.0239  0.0239  0.0239  0.0239  0.0239  0.0239  0.0239  0.0239  0.0239  0.0239  0.0239
  0.0240  0.0240  0.0239  0.0240  0.0240  0.0240  0.0240  0.0240  0.0239  0.0240  0.0239  0.0239
  0.0242  0.0241  0.0240  0.0241  0.0241  0.0241  0.0241  0.0243  0.0240  0.0241  0.0240  0.0240
registration optimization eta report
parameter search radius
    0.8000    0.8000    0.8000    2.4000    2.4000    2.4000
    2.4000    2.4000    2.4000    2.4000    2.4000    2.4000
100000*second partial in parameter space
       54.       40.       25.        5.        5.        4.
        5.        7.        3.        4.        2.        2.
  0.0242  0.0241  0.0240  0.0241  0.0242  0.0241  0.0241  0.0243  0.0240  0.0241  0.0239  0.0240
  0.0240  0.0240  0.0239  0.0240  0.0240  0.0239  0.0240  0.0240  0.0239  0.0239  0.0239  0.0239
  0.0239  0.0239  0.0239  0.0239  0.0239  0.0239  0.0239  0.0239  0.0239  0.0239  0.0239  0.0239
  0.0239  0.0239  0.0239  0.0239  0.0239  0.0239  0.0239  0.0239  0.0239  0.0239  0.0238  0.0238
  0.0239  0.0239  0.0239  0.0239  0.0239  0.0239  0.0239  0.0239  0.0239  0.0239  0.0239  0.0239
  0.0240  0.0240  0.0239  0.0240  0.0240  0.0240  0.0240  0.0240  0.0239  0.0240  0.0239  0.0239
  0.0242  0.0241  0.0240  0.0241  0.0241  0.0241  0.0241  0.0243  0.0240  0.0241  0.0240  0.0240
    3.8009   33.2311    8.1711   -8.5395  -16.6423  -11.4355
    9.9402    7.2807  -10.6781    8.8050   -0.3759  -11.4093
eta,q 0.97615  9.12676

---------------------------------------------------------------------
imgreg_4dfp /opt/freesurfer/average/711-2C_as_mni_average_305 /opt/freesurfer/average/711-2B_as_mni_average_305_mask talsrcimg_g11 none talsrcimg_to_711-2C_as_mni_average_305_t4 2311
---------------------------------------------------------------------

freesurfer imgreg_4dfp.c
/opt/freesurfer/average/711-2C_as_mni_average_305.4dfp.img
       256       256       256         1
  1.000000  1.000000  1.000000
orientation T byte_order littleendian
Reading image: /opt/freesurfer/average/711-2C_as_mni_average_305.4dfp.img
dimensions:      256       256       256
mmppix:       1.0000   -1.0000   -1.0000
center:     128.0000 -129.0000 -129.0000
/opt/freesurfer/average/711-2B_as_mni_average_305_mask.4dfp.img
       256       256       256         1
  1.000000  1.000000  1.000000
orientation T byte_order littleendian
Reading mask: /opt/freesurfer/average/711-2B_as_mni_average_305_mask.4dfp.img (2306576 pixels)
talsrcimg_g11.4dfp.img
       256       256       256         1
  1.000000  1.000000  1.000000
orientation T byte_order littleendian
Reading image: talsrcimg_g11.4dfp.img
dimensions:      256       256       256
mmppix:       1.0000   -1.0000   -1.0000
center:     128.0000 -129.0000 -129.0000
fimgreg.f
image alignment mode   2311 decimal      907 hex
parameters
    3.8009   33.2311    8.1711   -8.5395  -16.6423  -11.4355
    9.9402    7.2807  -10.6781    8.8050   -0.3759  -11.4093
eta,q 0.97615  9.12676
niter,ni,del,rscale     5    3    5.0000    0.8000
parameters
    3.7975   33.2048    8.1497   -8.9568  -16.4841  -11.1361
    9.9760    7.2353  -10.6434    9.0600   -0.3541  -11.5024
eta,q 0.97612  9.13363
  0.0252  0.0248  0.0245  0.0247  0.0250  0.0249  0.0250  0.0254  0.0246  0.0250  0.0243  0.0244
  0.0245  0.0243  0.0241  0.0243  0.0244  0.0243  0.0244  0.0246  0.0242  0.0243  0.0241  0.0241
  0.0240  0.0240  0.0239  0.0240  0.0240  0.0239  0.0240  0.0241  0.0240  0.0240  0.0239  0.0239
  0.0238  0.0238  0.0238  0.0238  0.0239  0.0239  0.0239  0.0239  0.0239  0.0239  0.0239  0.0239
  0.0240  0.0240  0.0239  0.0240  0.0240  0.0240  0.0240  0.0241  0.0240  0.0240  0.0239  0.0239
  0.0245  0.0243  0.0241  0.0244  0.0243  0.0242  0.0244  0.0246  0.0242  0.0243  0.0241  0.0241
  0.0252  0.0249  0.0245  0.0252  0.0248  0.0246  0.0250  0.0255  0.0246  0.0247  0.0243  0.0244
niter,ni,del,rscale     4    3    5.0000    0.7000
parameters
    3.7965   33.2172    8.1992   -8.8327  -16.5478  -11.0744
    9.9565    7.2677  -10.6445    9.0242   -0.3333  -11.5023
eta,q 0.97613  9.13853
  0.0249  0.0247  0.0244  0.0247  0.0247  0.0245  0.0247  0.0251  0.0244  0.0246  0.0242  0.0243
  0.0244  0.0242  0.0241  0.0243  0.0242  0.0241  0.0243  0.0244  0.0241  0.0242  0.0240  0.0240
  0.0240  0.0240  0.0239  0.0240  0.0239  0.0239  0.0240  0.0240  0.0239  0.0239  0.0239  0.0239
  0.0239  0.0239  0.0239  0.0239  0.0239  0.0239  0.0239  0.0239  0.0239  0.0239  0.0239  0.0239
  0.0240  0.0240  0.0239  0.0239  0.0240  0.0240  0.0240  0.0240  0.0239  0.0240  0.0239  0.0239
  0.0243  0.0242  0.0241  0.0241  0.0243  0.0242  0.0243  0.0244  0.0241  0.0242  0.0240  0.0240
  0.0249  0.0247  0.0243  0.0246  0.0247  0.0244  0.0248  0.0251  0.0244  0.0246  0.0242  0.0243
niter,ni,del,rscale     3    3    5.0000    0.6000
parameters
    3.8005   33.2153    8.2147   -8.7195  -16.5586  -11.1281
    9.9519    7.2828  -10.6570    8.9350   -0.3403  -11.4703
eta,q 0.97614  9.13918
  0.0246  0.0244  0.0242  0.0245  0.0245  0.0243  0.0245  0.0248  0.0243  0.0244  0.0241  0.0242
  0.0242  0.0241  0.0240  0.0242  0.0241  0.0240  0.0242  0.0243  0.0241  0.0241  0.0240  0.0240
  0.0240  0.0239  0.0239  0.0240  0.0239  0.0239  0.0239  0.0240  0.0239  0.0239  0.0239  0.0239
  0.0239  0.0239  0.0239  0.0239  0.0239  0.0239  0.0239  0.0239  0.0239  0.0239  0.0239  0.0239
  0.0240  0.0239  0.0239  0.0239  0.0240  0.0240  0.0239  0.0240  0.0239  0.0240  0.0239  0.0239
  0.0242  0.0241  0.0240  0.0241  0.0242  0.0241  0.0242  0.0243  0.0241  0.0241  0.0240  0.0240
  0.0246  0.0245  0.0242  0.0244  0.0245  0.0243  0.0245  0.0248  0.0243  0.0244  0.0241  0.0241
niter,ni,del,rscale     2    3    5.0000    0.5000
parameters
    3.8007   33.2035    8.2113   -8.6251  -16.5813  -11.2416
    9.9476    7.2807  -10.6649    8.8053   -0.3597  -11.4372
eta,q 0.97614  9.13520
  0.0244  0.0243  0.0241  0.0243  0.0243  0.0242  0.0243  0.0245  0.0242  0.0242  0.0240  0.0241
  0.0241  0.0240  0.0240  0.0241  0.0241  0.0240  0.0241  0.0242  0.0240  0.0240  0.0239  0.0239
  0.0239  0.0239  0.0239  0.0239  0.0239  0.0239  0.0239  0.0239  0.0239  0.0239  0.0239  0.0239
  0.0239  0.0239  0.0239  0.0239  0.0239  0.0239  0.0239  0.0239  0.0239  0.0239  0.0239  0.0239
  0.0239  0.0239  0.0239  0.0239  0.0239  0.0239  0.0239  0.0239  0.0239  0.0239  0.0239  0.0239
  0.0241  0.0240  0.0240  0.0240  0.0241  0.0240  0.0241  0.0241  0.0240  0.0241  0.0239  0.0239
  0.0244  0.0243  0.0241  0.0243  0.0243  0.0242  0.0243  0.0245  0.0242  0.0243  0.0240  0.0240
niter,ni,del,rscale     1    3    5.0000    0.4000
parameters
    3.7993   33.1938    8.2044   -8.5602  -16.6016  -11.4176
    9.9459    7.2735  -10.6856    8.7049   -0.3800  -11.3773
eta,q 0.97615  9.12747
  0.0242  0.0241  0.0240  0.0241  0.0242  0.0241  0.0241  0.0243  0.0240  0.0241  0.0240  0.0240
  0.0240  0.0240  0.0239  0.0240  0.0240  0.0239  0.0240  0.0240  0.0239  0.0239  0.0239  0.0239
  0.0239  0.0239  0.0239  0.0239  0.0239  0.0238  0.0239  0.0239  0.0239  0.0239  0.0239  0.0239
  0.0239  0.0239  0.0239  0.0239  0.0239  0.0239  0.0238  0.0238  0.0238  0.0238  0.0238  0.0238
  0.0239  0.0239  0.0239  0.0239  0.0239  0.0239  0.0239  0.0239  0.0239  0.0239  0.0239  0.0239
  0.0240  0.0240  0.0239  0.0240  0.0240  0.0240  0.0240  0.0240  0.0239  0.0240  0.0239  0.0239
  0.0242  0.0241  0.0240  0.0241  0.0242  0.0241  0.0241  0.0243  0.0240  0.0241  0.0240  0.0240
registration optimization eta report
parameter search radius
    0.8000    0.8000    0.8000    2.4000    2.4000    2.4000
    2.4000    2.4000    2.4000    2.4000    2.4000    2.4000
100000*second partial in parameter space
       54.       41.       25.        5.        5.        4.
        5.        7.        3.        4.        2.        2.
  0.0242  0.0241  0.0240  0.0241  0.0242  0.0241  0.0241  0.0243  0.0240  0.0241  0.0240  0.0240
  0.0240  0.0240  0.0239  0.0240  0.0240  0.0239  0.0240  0.0240  0.0239  0.0239  0.0239  0.0239
  0.0239  0.0239  0.0239  0.0239  0.0239  0.0238  0.0239  0.0239  0.0239  0.0239  0.0239  0.0239
  0.0239  0.0239  0.0239  0.0239  0.0239  0.0239  0.0238  0.0238  0.0238  0.0238  0.0238  0.0238
  0.0239  0.0239  0.0239  0.0239  0.0239  0.0239  0.0239  0.0239  0.0239  0.0239  0.0239  0.0239
  0.0240  0.0240  0.0239  0.0240  0.0240  0.0240  0.0240  0.0240  0.0239  0.0240  0.0239  0.0239
  0.0242  0.0241  0.0240  0.0241  0.0242  0.0241  0.0241  0.0243  0.0240  0.0241  0.0240  0.0240
    3.7993   33.1938    8.2044   -8.5602  -16.6016  -11.4176
    9.9459    7.2735  -10.6856    8.7049   -0.3800  -11.3773
eta,q 0.97615  9.12747

---------------------------------------------------------------------
compute_vox2vox talsrcimg talsrcimg_to_711-2C_as_mni_average_305_t4 /opt/freesurfer/average/711-2C_as_mni_average_305
---------------------------------------------------------------------

freesurfer compute_vox2vox.c
Reading: talsrcimg.4dfp.ifh
Reading: talsrcimg_to_711-2C_as_mni_average_305_t4
Reading: /opt/freesurfer/average/711-2C_as_mni_average_305.4dfp.ifh
Writing: talsrcimg_to_711-2C_as_mni_average_305_t4_vox2vox.txt

start time Sun Mar 15 08:14:20 CET 2026
end		time Sun Mar 15 08:14:34 CET 2026

mpr2mni305 success

avi2talxfm orig_nu.mgz /opt/freesurfer/average/mni305.cor.mgz talsrcimg_to_711-2C_as_mni_average_305_t4_vox2vox.txt transforms/talairach.auto.xfm
avi2talxfm done
mv -f /out/sourcedata/freesurfer/sub-v2s10x28951_ses-1/mri/talsrcimg_to_711-2C_as_mni_average_305_t4_vox2vox.txt /out/sourcedata/freesurfer/sub-v2s10x28951_ses-1/mri/transforms/talsrcimg_to_711-2C_as_mni_average_305_t4_vox2vox.txt
lta_convert --src orig_nu.mgz --trg /opt/freesurfer/average/mni305.cor.mgz --inxfm transforms/talairach.auto.xfm --outlta transforms/talairach.auto.xfm.lta --subject fsaverage
7.3.2

--src: orig_nu.mgz src image (geometry).
--trg: /opt/freesurfer/average/mni305.cor.mgz trg image (geometry).
--inmni: transforms/talairach.auto.xfm input MNI/XFM transform.
--outlta: transforms/talairach.auto.xfm.lta output LTA.
--s: fsaverage subject name
 LTA read, type : 1
 1.07710  -0.07481  -0.13866  -5.60654;
 0.02205   1.11243   0.14913  -20.39461;
 0.13570  -0.12570   1.16573  -13.59112;
 0.00000   0.00000   0.00000   1.00000;
setting subject to fsaverage
Writing  LTA to file transforms/talairach.auto.xfm.lta...
lta_convert successful.
 
 
Started at Sun Mar 15 08:14:19 CET 2026
Ended   at Sun Mar 15 08:14:34 CET 2026
talairach_avi done
