status file for recon-all
Sun Mar 15 10:17:30 CET 2026
#@# Tessellate rh Sun Mar 15 10:17:31 CET 2026
#@# Smooth1 rh Sun Mar 15 10:17:33 CET 2026
#@# Inflation1 rh Sun Mar 15 10:17:36 CET 2026
#@# QSphere rh Sun Mar 15 10:17:52 CET 2026
#@# Fix Topology rh Sun Mar 15 10:19:10 CET 2026
#@# Smooth2 rh Sun Mar 15 10:26:04 CET 2026
#@# Inflation2 rh Sun Mar 15 10:26:06 CET 2026
#@# Curv .H and .K rh Sun Mar 15 10:26:23 CET 2026
#@# Sphere rh Sun Mar 15 10:27:09 CET 2026
#@# Surf Reg rh Sun Mar 15 10:30:53 CET 2026
#@# Jacobian white rh Sun Mar 15 10:35:20 CET 2026
#@# AvgCurv rh Sun Mar 15 10:35:21 CET 2026
#@# Cortical Parc rh Sun Mar 15 10:35:22 CET 2026
#@# white curv rh Sun Mar 15 10:43:15 CET 2026
#@# white area rh Sun Mar 15 10:43:16 CET 2026
#@# pial curv rh Sun Mar 15 10:43:17 CET 2026
#@# pial area rh Sun Mar 15 10:43:19 CET 2026
#@# thickness rh Sun Mar 15 10:43:19 CET 2026
#@# area and vertex vol rh Sun Mar 15 10:43:44 CET 2026
#@# Curvature Stats rh Sun Mar 15 10:43:45 CET 2026
#@# Cortical Parc 2 rh Sun Mar 15 10:43:47 CET 2026
#@# Cortical Parc 3 rh Sun Mar 15 10:43:59 CET 2026
#@# WM/GM Contrast rh Sun Mar 15 10:44:08 CET 2026
recon-all -s sub-v2s10x28958_ses-1 finished without error at Sun Mar 15 10:44:11 CET 2026



#New# invocation of recon-all 



status file for recon-all
Sun Mar 15 10:50:45 CET 2026
#@# white curv rh Sun Mar 15 10:50:45 CET 2026
#@# white area rh Sun Mar 15 10:50:45 CET 2026
#@# pial curv rh Sun Mar 15 10:50:45 CET 2026
#@# pial area rh Sun Mar 15 10:50:45 CET 2026
#@# thickness rh Sun Mar 15 10:50:45 CET 2026
#@# area and vertex vol rh Sun Mar 15 10:50:45 CET 2026
#@# Parcellation Stats rh Sun Mar 15 10:50:45 CET 2026
#@# Parcellation Stats 2 rh Sun Mar 15 10:51:07 CET 2026
#@# Parcellation Stats 3 rh Sun Mar 15 10:51:18 CET 2026
#@# BA_exvivo Labels rh Sun Mar 15 10:51:28 CET 2026
recon-all -s sub-v2s10x28958_ses-1 finished without error at Sun Mar 15 10:53:54 CET 2026
