/out/sourcedata/freesurfer/sub-v2s10x30158_ses-1/mri
/opt/freesurfer/bin/talairach_avi
--i orig_nu.mgz --xfm transforms/talairach.auto.xfm
talairach_avi 7.3.2
Linux dna073 5.14.0-427.37.1.el9_4.x86_64 #1 SMP PREEMPT_DYNAMIC Fri Sep 13 12:41:50 EDT 2024 x86_64 x86_64 x86_64 GNU/Linux
Sun Mar 15 11:23:04 CET 2026
mri_convert orig_nu.mgz talsrcimg.img 
reading from orig_nu.mgz...
TR=0.00, TE=0.00, TI=0.00, flip angle=0.00
i_ras = (-1, 5.82077e-10, 0)
j_ras = (0, -1.16415e-10, -1)
k_ras = (3.49246e-10, 1, 0)
writing to talsrcimg.img...
Analyze Output Matrix
-1.00000   0.00000   0.00000   126.23436;
 0.00000  -0.00000   1.00000  -120.57808;
 0.00000  -1.00000   0.00000   114.78267;
 0.00000   0.00000   0.00000   1.00000;
--------------------
INFO: set hdr.hist.orient to -1
mpr2mni305 talsrcimg
Sun Mar 15 11:23:04 CET 2026
/opt/freesurfer/bin/mpr2mni305 talsrcimg
mpr2mni305 7.3.2
target=711-2C_as_mni_average_305

---------------------------------------------------------------------
analyzeto4dfp talsrcimg -O0 -y
---------------------------------------------------------------------

freesurfer ifh2hdr.c
Sun Mar 15 11:23:05 2026
Writing: talsrcimg.4dfp.hdr
freesurfer analyzeto4dfp.c
Reading: talsrcimg.hdr
header size 348 bytes
hdr.dime.datatype	offset=70	value=2
hdr.dime.bitpix		offset=72	value=8
hdr.hist.orient		offset=252	value=-1
dimensionality     4
dimensions       256       256       256         1
Reading: talsrcimg.img
Writing: talsrcimg.4dfp.img
Writing: talsrcimg.4dfp.ifh
ifh2hdr talsrcimg -r0to223
ori=2

---------------------------------------------------------------------
gauss_4dfp talsrcimg 1.1
---------------------------------------------------------------------

freesurfer gauss_4dfp.c
Reading: talsrcimg.4dfp.img
Writing: talsrcimg_g11.4dfp.img
image dimensions 256 256 256 padded to 288 288 288
processing volume 1freesurfer ifh2hdr.c
Sun Mar 15 11:23:06 2026
Writing: talsrcimg_g11.4dfp.hdr

Writing: talsrcimg_g11.4dfp.ifh
including: talsrcimg.4dfp.img.rec in talsrcimg_g11.4dfp.img.rec

---------------------------------------------------------------------
imgreg_4dfp /opt/freesurfer/average/711-2C_as_mni_average_305 none talsrcimg_g11 none talsrcimg_to_711-2C_as_mni_average_305_t4 4355
---------------------------------------------------------------------

freesurfer imgreg_4dfp.c
/opt/freesurfer/average/711-2C_as_mni_average_305.4dfp.img
       256       256       256         1
  1.000000  1.000000  1.000000
orientation T byte_order littleendian
Reading image: /opt/freesurfer/average/711-2C_as_mni_average_305.4dfp.img
dimensions:      256       256       256
mmppix:       1.0000   -1.0000   -1.0000
center:     128.0000 -129.0000 -129.0000
talsrcimg_g11.4dfp.img
       256       256       256         1
  1.000000  1.000000  1.000000
orientation T byte_order littleendian
Reading image: talsrcimg_g11.4dfp.img
dimensions:      256       256       256
mmppix:       1.0000   -1.0000   -1.0000
center:     128.0000 -129.0000 -129.0000
t4_read: open error in t4_sub.f l:  41 t4_file(1:l)talsrcimg_to_711-2C_as_mni_average_305_t4 
t4_read: transform initialized to I4
rotation matrix determinant  1.000000
image alignment mode   4355 decimal     1103 hex
   -7.5000  -45.0000  -45.0000 5678.6538   17.0661
    0.0000  -45.0000  -45.0000 5950.6499   17.0728
    7.5000  -45.0000  -45.0000 5716.4092   17.0449
   -7.5000  -37.5000  -45.0000 6274.8687   16.6743
    0.0000  -37.5000  -45.0000 6581.0674   16.6820
    7.5000  -37.5000  -45.0000 6322.5942   16.6564
   -7.5000  -30.0000  -45.0000 7156.8081   16.4044
    0.0000  -30.0000  -45.0000 7501.9204   16.4105
    7.5000  -30.0000  -45.0000 7219.6338   16.3816
   -7.5000  -22.5000  -45.0000 8048.9653   16.2674
    0.0000  -22.5000  -45.0000 8439.9570   16.2695
    7.5000  -22.5000  -45.0000 8133.6289   16.2374
   -7.5000  -15.0000  -45.0000 8934.3623   16.1743
    0.0000  -15.0000  -45.0000 9375.4580   16.1745
    7.5000  -15.0000  -45.0000 9046.7334   16.1428
   -7.5000   -7.5000  -45.0000 9839.3809   16.1507
    0.0000   -7.5000  -45.000010324.0479   16.1509
    7.5000   -7.5000  -45.0000 9960.1924   16.1206
   -7.5000    0.0000  -45.000010645.1865   16.1597
    0.0000    0.0000  -45.000011156.7598   16.1620
    7.5000    0.0000  -45.000010755.0156   16.1341
   -7.5000    7.5000  -45.000010575.2266   16.1583
    0.0000    7.5000  -45.000011098.0781   16.1633
    7.5000    7.5000  -45.000010700.1201   16.1368
   -7.5000   15.0000  -45.000010417.9580   16.1494
    0.0000   15.0000  -45.000010921.0312   16.1535
    7.5000   15.0000  -45.000010533.1455   16.1240
   -7.5000   22.5000  -45.000010194.9326   16.1344
    0.0000   22.5000  -45.000010697.5674   16.1353
    7.5000   22.5000  -45.000010308.2852   16.1027
   -7.5000   30.0000  -45.0000 9892.3525   15.9190
    0.0000   30.0000  -45.000010380.0518   15.9185
    7.5000   30.0000  -45.000010005.5430   15.8869
   -7.5000   37.5000  -45.0000 9915.2021   15.9321
    0.0000   37.5000  -45.000010401.6396   15.9321
    7.5000   37.5000  -45.000010042.7822   15.9022
   -7.5000   45.0000  -45.0000 9512.1318   15.5395
    0.0000   45.0000  -45.0000 9956.4258   15.5417
    7.5000   45.0000  -45.0000 9629.0762   15.5149
   -7.5000  -45.0000  -37.5000 6052.0166   16.8721
    0.0000  -45.0000  -37.5000 6354.9810   16.8835
    7.5000  -45.0000  -37.5000 6119.0610   16.8597
   -7.5000  -37.5000  -37.5000 6677.6299   16.4932
    0.0000  -37.5000  -37.5000 7021.7490   16.5052
    7.5000  -37.5000  -37.5000 6763.9951   16.4831
   -7.5000  -30.0000  -37.5000 7622.3711   16.2225
    0.0000  -30.0000  -37.5000 8003.2847   16.2339
    7.5000  -30.0000  -37.5000 7716.1221   16.2096
   -7.5000  -22.5000  -37.5000 8583.6934   16.0754
    0.0000  -22.5000  -37.5000 9012.5088   16.0840
    7.5000  -22.5000  -37.5000 8689.9785   16.0584
   -7.5000  -15.0000  -37.5000 9553.6699   15.9733
    0.0000  -15.0000  -37.500010045.4512   15.9805
    7.5000  -15.0000  -37.5000 9683.3906   15.9563
   -7.5000   -7.5000  -37.500010528.6465   15.9530
    0.0000   -7.5000  -37.500011050.4912   15.9591
    7.5000   -7.5000  -37.500010652.7861   15.9351
   -7.5000    0.0000  -37.500011382.1289   15.9717
    0.0000    0.0000  -37.500011954.6201   15.9782
    7.5000    0.0000  -37.500011481.6855   15.9542
   -7.5000    7.5000  -37.500011290.5439   15.9767
    0.0000    7.5000  -37.500011856.3457   15.9856
    7.5000    7.5000  -37.500011404.5264   15.9624
   -7.5000   15.0000  -37.500011080.5781   15.9660
    0.0000   15.0000  -37.500011635.2080   15.9750
    7.5000   15.0000  -37.500011202.3652   15.9500
   -7.5000   22.5000  -37.500010825.4521   15.9421
    0.0000   22.5000  -37.500011372.6748   15.9493
    7.5000   22.5000  -37.500010939.9004   15.9231
   -7.5000   30.0000  -37.500010498.7334   15.7215
    0.0000   30.0000  -37.500011016.5410   15.7280
    7.5000   30.0000  -37.500010614.9473   15.7037
   -7.5000   37.5000  -37.500010517.1680   15.7371
    0.0000   37.5000  -37.500011033.5996   15.7429
    7.5000   37.5000  -37.500010628.8799   15.7192
   -7.5000   45.0000  -37.500010078.0684   15.3587
    0.0000   45.0000  -37.500010549.4766   15.3650
    7.5000   45.0000  -37.500010160.4336   15.3419
   -7.5000  -45.0000  -30.0000 6565.4932   17.5185
    0.0000  -45.0000  -30.0000 6895.5688   17.5319
    7.5000  -45.0000  -30.0000 6646.8159   17.5080
   -7.5000  -37.5000  -30.0000 7233.6523   17.1290
    0.0000  -37.5000  -30.0000 7607.8501   17.1443
    7.5000  -37.5000  -30.0000 7337.7261   17.1214
   -7.5000  -30.0000  -30.0000 8272.1348   16.8432
    0.0000  -30.0000  -30.0000 8676.3516   16.8601
    7.5000  -30.0000  -30.0000 8372.3125   16.8367
   -7.5000  -22.5000  -30.0000 9334.8145   16.6864
    0.0000  -22.5000  -30.0000 9806.3633   16.7008
    7.5000  -22.5000  -30.0000 9444.6631   16.6776
   -7.5000  -15.0000  -30.000010407.3105   16.5799
    0.0000  -15.0000  -30.000010932.0820   16.5919
    7.5000  -15.0000  -30.000010512.8516   16.5703
   -7.5000   -7.5000  -30.000011437.5576   16.5627
    0.0000   -7.5000  -30.000012015.8408   16.5716
    7.5000   -7.5000  -30.000011556.5811   16.5489
   -7.5000    0.0000  -30.000012331.0732   16.5890
    0.0000    0.0000  -30.000012966.0371   16.5970
    7.5000    0.0000  -30.000012451.2764   16.5726
   -7.5000    7.5000  -30.000012205.6084   16.5959
    0.0000    7.5000  -30.000012833.0293   16.6078
    7.5000    7.5000  -30.000012337.9316   16.5838
   -7.5000   15.0000  -30.000011985.3555   16.5793
    0.0000   15.0000  -30.000012585.3564   16.5936
    7.5000   15.0000  -30.000012093.2637   16.5693
   -7.5000   22.5000  -30.000011691.7422   16.5474
    0.0000   22.5000  -30.000012273.1807   16.5603
    7.5000   22.5000  -30.000011798.9453   16.5364
   -7.5000   30.0000  -30.000011315.7734   16.3203
    0.0000   30.0000  -30.000011873.1738   16.3313
    7.5000   30.0000  -30.000011449.6865   16.3097
   -7.5000   37.5000  -30.000011306.1533   16.3401
    0.0000   37.5000  -30.000011861.9736   16.3486
    7.5000   37.5000  -30.000011434.6367   16.3262
   -7.5000   45.0000  -30.000010820.8965   15.9640
    0.0000   45.0000  -30.000011332.3301   15.9718
    7.5000   45.0000  -30.000010894.5088   15.9482
   -7.5000  -45.0000  -22.5000 7089.3647   18.1577
    0.0000  -45.0000  -22.5000 7443.9160   18.1675
    7.5000  -45.0000  -22.5000 7154.7749   18.1392
   -7.5000  -37.5000  -22.5000 7822.0850   17.7456
    0.0000  -37.5000  -22.5000 8210.8594   17.7588
    7.5000  -37.5000  -22.5000 7907.7622   17.7305
   -7.5000  -30.0000  -22.5000 8943.6611   17.4449
    0.0000  -30.0000  -22.5000 9384.1221   17.4610
    7.5000  -30.0000  -22.5000 9034.2285   17.4327
   -7.5000  -22.5000  -22.500010101.4580   17.2866
    0.0000  -22.5000  -22.500010592.8594   17.2995
    7.5000  -22.5000  -22.500010182.5381   17.2712
   -7.5000  -15.0000  -22.500011225.3896   17.1837
    0.0000  -15.0000  -22.500011779.7061   17.1927
    7.5000  -15.0000  -22.500011312.1426   17.1657
   -7.5000   -7.5000  -22.500012305.7607   17.1673
    0.0000   -7.5000  -22.500012923.9668   17.1723
    7.5000   -7.5000  -22.500012419.7051   17.1445
   -7.5000    0.0000  -22.500013235.0117   17.1912
    0.0000    0.0000  -22.500013906.0146   17.1956
    7.5000    0.0000  -22.500013362.4238   17.1665
   -7.5000    7.5000  -22.500013079.6982   17.1929
    0.0000    7.5000  -22.500013751.0273   17.2028
    7.5000    7.5000  -22.500013213.8682   17.1737
   -7.5000   15.0000  -22.500012854.1201   17.1719
    0.0000   15.0000  -22.500013492.7334   17.1852
    7.5000   15.0000  -22.500012958.7520   17.1561
   -7.5000   22.5000  -22.500012543.6709   17.1417
    0.0000   22.5000  -22.500013169.3164   17.1530
    7.5000   22.5000  -22.500012659.2773   17.1240
   -7.5000   30.0000  -22.500012116.2393   16.9171
    0.0000   30.0000  -22.500012736.5879   16.9253
    7.5000   30.0000  -22.500012263.7734   16.8982
   -7.5000   37.5000  -22.500012087.0547   16.9391
    0.0000   37.5000  -22.500012686.1094   16.9438
    7.5000   37.5000  -22.500012207.0322   16.9164
   -7.5000   45.0000  -22.500011518.9688   16.5560
    0.0000   45.0000  -22.500012071.2578   16.5602
    7.5000   45.0000  -22.500011621.2139   16.5321
   -7.5000  -45.0000  -15.0000 7615.2271   18.6394
    0.0000  -45.0000  -15.0000 7976.1621   18.6451
    7.5000  -45.0000  -15.0000 7681.3887   18.6125
   -7.5000  -37.5000  -15.0000 8399.0029   18.2041
    0.0000  -37.5000  -15.0000 8807.8711   18.2137
    7.5000  -37.5000  -15.0000 8499.3242   18.1817
   -7.5000  -30.0000  -15.0000 9599.7266   17.8962
    0.0000  -30.0000  -15.000010077.2646   17.9077
    7.5000  -30.0000  -15.0000 9705.2578   17.8743
   -7.5000  -22.5000  -15.000010830.7949   17.7433
    0.0000  -22.5000  -15.000011357.5791   17.7504
    7.5000  -22.5000  -15.000010932.7236   17.7148
   -7.5000  -15.0000  -15.000012001.5420   17.6470
    0.0000  -15.0000  -15.000012601.5879   17.6493
    7.5000  -15.0000  -15.000012122.2090   17.6140
   -7.5000   -7.5000  -15.000013132.5908   17.6279
    0.0000   -7.5000  -15.000013791.2646   17.6268
    7.5000   -7.5000  -15.000013262.7979   17.5926
   -7.5000    0.0000  -15.000014089.8223   17.6412
    0.0000    0.0000  -15.000014800.9443   17.6416
    7.5000    0.0000  -15.000014253.4082   17.6084
   -7.5000    7.5000  -15.000013922.4834   17.6349
    0.0000    7.5000  -15.000014610.0850   17.6413
    7.5000    7.5000  -15.000014102.6104   17.6088
   -7.5000   15.0000  -15.000013678.8145   17.6147
    0.0000   15.0000  -15.000014351.6777   17.6236
    7.5000   15.0000  -15.000013848.4766   17.5894
   -7.5000   22.5000  -15.000013361.1738   17.5931
    0.0000   22.5000  -15.000014027.1016   17.5987
    7.5000   22.5000  -15.000013522.8740   17.5626
   -7.5000   30.0000  -15.000012936.7305   17.3756
    0.0000   30.0000  -15.000013594.7217   17.3771
    7.5000   30.0000  -15.000013090.1943   17.3420
   -7.5000   37.5000  -15.000012908.0664   17.3960
    0.0000   37.5000  -15.000013526.6396   17.3947
    7.5000   37.5000  -15.000013016.0654   17.3609
   -7.5000   45.0000  -15.000012255.0303   16.9996
    0.0000   45.0000  -15.000012820.9717   17.0000
    7.5000   45.0000  -15.000012353.6338   16.9680
   -7.5000  -45.0000   -7.5000 8129.9341   18.8627
    0.0000  -45.0000   -7.5000 8525.6562   18.8676
    7.5000  -45.0000   -7.5000 8222.0068   18.8343
   -7.5000  -37.5000   -7.5000 8993.7383   18.4196
    0.0000  -37.5000   -7.5000 9436.4902   18.4275
    7.5000  -37.5000   -7.5000 9110.7744   18.3961
   -7.5000  -30.0000   -7.500010295.6865   18.1140
    0.0000  -30.0000   -7.500010808.8418   18.1214
    7.5000  -30.0000   -7.500010411.8750   18.0872
   -7.5000  -22.5000   -7.500011602.4434   17.9641
    0.0000  -22.5000   -7.500012164.0068   17.9664
    7.5000  -22.5000   -7.500011714.3760   17.9281
   -7.5000  -15.0000   -7.500012831.4961   17.8671
    0.0000  -15.0000   -7.500013465.7236   17.8652
    7.5000  -15.0000   -7.500012978.5293   17.8264
   -7.5000   -7.5000   -7.500014001.5625   17.8435
    0.0000   -7.5000   -7.500014695.5674   17.8404
    7.5000   -7.5000   -7.500014171.4629   17.8037
   -7.5000    0.0000   -7.500015011.4277   17.8498
    0.0000    0.0000   -7.500015723.1357   17.8498
    7.5000    0.0000   -7.500015196.4404   17.8163
   -7.5000    7.5000   -7.500014804.5684   17.8418
    0.0000    7.5000   -7.500015485.8262   17.8466
    7.5000    7.5000   -7.500015017.2451   17.8147
   -7.5000   15.0000   -7.500014527.6367   17.8272
    0.0000   15.0000   -7.500015186.5820   17.8321
    7.5000   15.0000   -7.500014733.3525   17.7973
   -7.5000   22.5000   -7.500014192.7812   17.8093
    0.0000   22.5000   -7.500014855.4697   17.8100
    7.5000   22.5000   -7.500014373.9561   17.7712
   -7.5000   30.0000   -7.500013757.5049   17.5918
    0.0000   30.0000   -7.500014416.6260   17.5892
    7.5000   30.0000   -7.500013896.3008   17.5507
   -7.5000   37.5000   -7.500013707.1670   17.6083
    0.0000   37.5000   -7.500014338.3438   17.6051
    7.5000   37.5000   -7.500013797.7666   17.5689
   -7.5000   45.0000   -7.500013010.7471   17.2039
    0.0000   45.0000   -7.500013584.3564   17.2038
    7.5000   45.0000   -7.500013059.6973   17.1715
   -7.5000  -45.0000    0.0000 8611.7842   18.8647
    0.0000  -45.0000    0.0000 9041.0947   18.8724
    7.5000  -45.0000    0.0000 8731.8662   18.8417
   -7.5000  -37.5000    0.0000 9568.3086   18.4310
    0.0000  -37.5000    0.000010048.6035   18.4396
    7.5000  -37.5000    0.0000 9704.4395   18.4114
   -7.5000  -30.0000    0.000010929.3262   18.1306
    0.0000  -30.0000    0.000011481.4961   18.1373
    7.5000  -30.0000    0.000011058.9980   18.1057
   -7.5000  -22.5000    0.000012275.4688   17.9756
    0.0000  -22.5000    0.000012873.3467   17.9782
    7.5000  -22.5000    0.000012411.9473   17.9428
   -7.5000  -15.0000    0.000013551.8584   17.8698
    0.0000  -15.0000    0.000014235.0381   17.8702
    7.5000  -15.0000    0.000013745.1973   17.8352
   -7.5000   -7.5000    0.000014758.2549   17.8446
    0.0000   -7.5000    0.000015500.9756   17.8449
    7.5000   -7.5000    0.000014992.6807   17.8115
   -7.5000    0.0000    0.000015831.2861   17.8548
    0.0000    0.0000    0.000016565.4238   17.8574
    7.5000    0.0000    0.000016047.3838   17.8267
   -7.5000    7.5000    0.000015630.9609   17.8532
    0.0000    7.5000    0.000016332.6299   17.8586
    7.5000    7.5000    0.000015844.6953   17.8296
   -7.5000   15.0000    0.000015302.8291   17.8430
    0.0000   15.0000    0.000015960.9346   17.8475
    7.5000   15.0000    0.000015520.8955   17.8152
   -7.5000   22.5000    0.000014920.8311   17.8204
    0.0000   22.5000    0.000015604.9219   17.8215
    7.5000   22.5000    0.000015124.1846   17.7856
   -7.5000   30.0000    0.000014468.6680   17.5951
    0.0000   30.0000    0.000015146.5176   17.5947
    7.5000   30.0000    0.000014622.9180   17.5599
   -7.5000   37.5000    0.000014376.7461   17.6099
    0.0000   37.5000    0.000015003.2549   17.6100
    7.5000   37.5000    0.000014485.7930   17.5771
   -7.5000   45.0000    0.000013590.9541   17.2099
    0.0000   45.0000    0.000014158.7139   17.2125
    7.5000   45.0000    0.000013653.3877   17.1829
   -7.5000  -45.0000    7.5000 8428.9180   18.8207
    0.0000  -45.0000    7.5000 8858.2979   18.8333
    7.5000  -45.0000    7.5000 8547.7441   18.8067
   -7.5000  -37.5000    7.5000 9399.8633   18.3992
    0.0000  -37.5000    7.5000 9864.7148   18.4124
    7.5000  -37.5000    7.5000 9506.4277   18.3878
   -7.5000  -30.0000    7.500010711.2334   18.0981
    0.0000  -30.0000    7.500011234.6973   18.1106
    7.5000  -30.0000    7.500010819.3408   18.0837
   -7.5000  -22.5000    7.500012010.6768   17.9344
    0.0000  -22.5000    7.500012597.9072   17.9439
    7.5000  -22.5000    7.500012145.3857   17.9154
   -7.5000  -15.0000    7.500013257.0986   17.8207
    0.0000  -15.0000    7.500013910.6807   17.8287
    7.5000  -15.0000    7.500013432.5107   17.8017
   -7.5000   -7.5000    7.500014398.9648   17.7981
    0.0000   -7.5000    7.500015128.6582   17.8049
    7.5000   -7.5000    7.500014634.4551   17.7780
   -7.5000    0.0000    7.500015452.7100   17.8190
    0.0000    0.0000    7.500016190.3242   17.8262
    7.5000    0.0000    7.500015653.7656   17.7994
   -7.5000    7.5000    7.500015315.1572   17.8246
    0.0000    7.5000    7.500016017.1045   17.8345
    7.5000    7.5000    7.500015483.2451   17.8087
   -7.5000   15.0000    7.500015007.8604   17.8127
    0.0000   15.0000    7.500015628.9219   17.8227
    7.5000   15.0000    7.500015132.2451   17.7949
   -7.5000   22.5000    7.500014590.7520   17.7803
    0.0000   22.5000    7.500015248.2900   17.7883
    7.5000   22.5000    7.500014762.8779   17.7591
   -7.5000   30.0000    7.500014128.8643   17.5468
    0.0000   30.0000    7.500014780.2168   17.5539
    7.5000   30.0000    7.500014319.1025   17.5269
   -7.5000   37.5000    7.500013989.3320   17.5640
    0.0000   37.5000    7.500014594.4541   17.5705
    7.5000   37.5000    7.500014159.9141   17.5440
   -7.5000   45.0000    7.500013195.2598   17.1755
    0.0000   45.0000    7.500013714.9873   17.1824
    7.5000   45.0000    7.500013296.9297   17.1565
   -7.5000  -45.0000   15.0000 8143.3965   18.8106
    0.0000  -45.0000   15.0000 8540.4434   18.8251
    7.5000  -45.0000   15.0000 8227.3184   18.7993
   -7.5000  -37.5000   15.0000 9098.9941   18.3924
    0.0000  -37.5000   15.0000 9551.4219   18.4089
    7.5000  -37.5000   15.0000 9175.5371   18.3843
   -7.5000  -30.0000   15.000010358.3145   18.0855
    0.0000  -30.0000   15.000010877.7568   18.1037
    7.5000  -30.0000   15.000010449.1895   18.0786
   -7.5000  -22.5000   15.000011588.4434   17.9172
    0.0000  -22.5000   15.000012169.8281   17.9326
    7.5000  -22.5000   15.000011722.0938   17.9077
   -7.5000  -15.0000   15.000012760.7412   17.8029
    0.0000  -15.0000   15.000013404.0645   17.8157
    7.5000  -15.0000   15.000012938.5801   17.7925
   -7.5000   -7.5000   15.000013837.5742   17.7844
    0.0000   -7.5000   15.000014531.1240   17.7939
    7.5000   -7.5000   15.000014064.3545   17.7695
   -7.5000    0.0000   15.000014828.8525   17.8126
    0.0000    0.0000   15.000015556.5137   17.8213
    7.5000    0.0000   15.000015038.3867   17.7950
   -7.5000    7.5000   15.000014731.6504   17.8200
    0.0000    7.5000   15.000015364.7061   17.8329
    7.5000    7.5000   15.000014861.8154   17.8071
   -7.5000   15.0000   15.000014447.8232   17.8022
    0.0000   15.0000   15.000014983.0869   17.8175
    7.5000   15.0000   15.000014539.3984   17.7915
   -7.5000   22.5000   15.000014096.4736   17.7641
    0.0000   22.5000   15.000014631.0713   17.7778
    7.5000   22.5000   15.000014185.4746   17.7522
   -7.5000   30.0000   15.000013661.8857   17.5293
    0.0000   30.0000   15.000014220.4639   17.5411
    7.5000   30.0000   15.000013803.8623   17.5178
   -7.5000   37.5000   15.000013524.1357   17.5505
    0.0000   37.5000   15.000014053.4863   17.5596
    7.5000   37.5000   15.000013660.7344   17.5356
   -7.5000   45.0000   15.000012739.8730   17.1693
    0.0000   45.0000   15.000013199.1025   17.1776
    7.5000   45.0000   15.000012827.7168   17.1523
   -7.5000  -45.0000   22.5000 7754.1636   18.8634
    0.0000  -45.0000   22.5000 8127.5742   18.8737
    7.5000  -45.0000   22.5000 7813.8062   18.8441
   -7.5000  -37.5000   22.5000 8662.1387   18.4349
    0.0000  -37.5000   22.5000 9099.2031   18.4487
    7.5000  -37.5000   22.5000 8713.1221   18.4193
   -7.5000  -30.0000   22.5000 9838.6426   18.1224
    0.0000  -30.0000   22.500010343.0049   18.1391
    7.5000  -30.0000   22.5000 9921.8975   18.1096
   -7.5000  -22.5000   22.500011011.4639   17.9578
    0.0000  -22.5000   22.500011574.5332   17.9713
    7.5000  -22.5000   22.500011139.1807   17.9418
   -7.5000  -15.0000   22.500012137.7422   17.8509
    0.0000  -15.0000   22.500012748.6475   17.8603
    7.5000  -15.0000   22.500012310.8418   17.8321
   -7.5000   -7.5000   22.500013170.2637   17.8338
    0.0000   -7.5000   22.500013830.4277   17.8390
    7.5000   -7.5000   22.500013384.1777   17.8101
   -7.5000    0.0000   22.500014116.6738   17.8586
    0.0000    0.0000   22.500014803.4170   17.8632
    7.5000    0.0000   22.500014327.3057   17.8329
   -7.5000    7.5000   22.500013987.0781   17.8604
    0.0000    7.5000   22.500014594.0049   17.8707
    7.5000    7.5000   22.500014149.3955   17.8404
   -7.5000   15.0000   22.500013745.2441   17.8385
    0.0000   15.0000   22.500014307.8418   17.8524
    7.5000   15.0000   22.500013902.6807   17.8221
   -7.5000   22.5000   22.500013458.6982   17.8045
    0.0000   22.5000   22.500014058.4932   17.8162
    7.5000   22.5000   22.500013638.1025   17.7861
   -7.5000   30.0000   22.500013088.9482   17.5764
    0.0000   30.0000   22.500013681.5996   17.5849
    7.5000   30.0000   22.500013244.9229   17.5567
   -7.5000   37.5000   22.500012960.0811   17.5992
    0.0000   37.5000   22.500013530.9766   17.6042
    7.5000   37.5000   22.500013092.1191   17.5756
   -7.5000   45.0000   22.500012180.1406   17.2136
    0.0000   45.0000   22.500012662.5762   17.2181
    7.5000   45.0000   22.500012264.5713   17.1888
   -7.5000  -45.0000   30.0000 7287.4062   19.0017
    0.0000  -45.0000   30.0000 7634.7803   19.0078
    7.5000  -45.0000   30.0000 7332.0117   18.9745
   -7.5000  -37.5000   30.0000 8122.7520   18.5575
    0.0000  -37.5000   30.0000 8528.6035   18.5677
    7.5000  -37.5000   30.0000 8187.1831   18.5349
   -7.5000  -30.0000   30.0000 9242.7871   18.2427
    0.0000  -30.0000   30.0000 9712.2686   18.2548
    7.5000  -30.0000   30.0000 9344.6943   18.2206
   -7.5000  -22.5000   30.000010384.7588   18.0862
    0.0000  -22.5000   30.000010912.7930   18.0938
    7.5000  -22.5000   30.000010482.6035   18.0573
   -7.5000  -15.0000   30.000011436.2188   17.9876
    0.0000  -15.0000   30.000012024.0010   17.9902
    7.5000  -15.0000   30.000011587.9473   17.9541
   -7.5000   -7.5000   30.000012413.8555   17.9679
    0.0000   -7.5000   30.000013058.3027   17.9671
    7.5000   -7.5000   30.000012592.2451   17.9321
   -7.5000    0.0000   30.000013306.0508   17.9815
    0.0000    0.0000   30.000013987.5898   17.9822
    7.5000    0.0000   30.000013493.5176   17.9482
   -7.5000    7.5000   30.000013210.7266   17.9750
    0.0000    7.5000   30.000013832.7549   17.9818
    7.5000    7.5000   30.000013386.9912   17.9486
   -7.5000   15.0000   30.000012974.6553   17.9544
    0.0000   15.0000   30.000013578.1523   17.9637
    7.5000   15.0000   30.000013180.6436   17.9288
   -7.5000   22.5000   30.000012708.0781   17.9305
    0.0000   22.5000   30.000013312.6230   17.9364
    7.5000   22.5000   30.000012924.5996   17.8994
   -7.5000   30.0000   30.000012387.1523   17.7107
    0.0000   30.0000   30.000012979.2363   17.7125
    7.5000   30.0000   30.000012553.0039   17.6765
   -7.5000   37.5000   30.000012288.2930   17.7315
    0.0000   37.5000   30.000012847.1250   17.7305
    7.5000   37.5000   30.000012423.1436   17.6959
   -7.5000   45.0000   30.000011532.9990   17.3321
    0.0000   45.0000   30.000012020.4609   17.3328
    7.5000   45.0000   30.000011619.3340   17.3000
   -7.5000  -45.0000   37.5000 7060.9688   19.1226
    0.0000  -45.0000   37.5000 7388.7314   19.1281
    7.5000  -45.0000   37.5000 7114.9507   19.0941
   -7.5000  -37.5000   37.5000 7848.0020   18.6746
    0.0000  -37.5000   37.5000 8240.8076   18.6829
    7.5000  -37.5000   37.5000 7926.1025   18.6510
   -7.5000  -30.0000   37.5000 8964.6201   18.3664
    0.0000  -30.0000   37.5000 9425.6406   18.3741
    7.5000  -30.0000   37.5000 9062.1855   18.3393
   -7.5000  -22.5000   37.500010087.5928   18.2165
    0.0000  -22.5000   37.500010611.1143   18.2189
    7.5000  -22.5000   37.500010183.8184   18.1799
   -7.5000  -15.0000   37.500011094.4795   18.1184
    0.0000  -15.0000   37.500011698.9004   18.1166
    7.5000  -15.0000   37.500011258.1357   18.0772
   -7.5000   -7.5000   37.500012060.0508   18.0938
    0.0000   -7.5000   37.500012717.4844   18.0910
    7.5000   -7.5000   37.500012254.2666   18.0537
   -7.5000    0.0000   37.500012970.1533   18.0998
    0.0000    0.0000   37.500013659.5352   18.1001
    7.5000    0.0000   37.500013168.8701   18.0660
   -7.5000    7.5000   37.500012859.7900   18.0914
    0.0000    7.5000   37.500013514.9541   18.0966
    7.5000    7.5000   37.500013054.1436   18.0642
   -7.5000   15.0000   37.500012629.1562   18.0768
    0.0000   15.0000   37.500013268.4316   18.0819
    7.5000   15.0000   37.500012842.3262   18.0465
   -7.5000   22.5000   37.500012358.1660   18.0590
    0.0000   22.5000   37.500012990.2725   18.0599
    7.5000   22.5000   37.500012564.1455   18.0204
   -7.5000   30.0000   37.500012041.5967   17.8392
    0.0000   30.0000   37.500012643.5234   17.8367
    7.5000   30.0000   37.500012211.6367   17.7975
   -7.5000   37.5000   37.500011959.9639   17.8558
    0.0000   37.5000   37.500012529.3564   17.8528
    7.5000   37.5000   37.500012104.0850   17.8159
   -7.5000   45.0000   37.500011220.3838   17.4461
    0.0000   45.0000   37.500011727.6689   17.4464
    7.5000   45.0000   37.500011337.7832   17.4135
   -7.5000  -45.0000   45.0000 6518.2529   19.1783
    0.0000  -45.0000   45.0000 6824.9502   19.1866
    7.5000  -45.0000   45.0000 6570.5664   19.1545
   -7.5000  -37.5000   45.0000 7241.7202   18.7388
    0.0000  -37.5000   45.0000 7600.5938   18.7480
    7.5000  -37.5000   45.0000 7313.9370   18.7186
   -7.5000  -30.0000   45.0000 8283.7422   18.4368
    0.0000  -30.0000   45.0000 8704.7656   18.4441
    7.5000  -30.0000   45.0000 8372.9521   18.4112
   -7.5000  -22.5000   45.0000 9315.1973   18.2834
    0.0000  -22.5000   45.0000 9799.4785   18.2863
    7.5000  -22.5000   45.0000 9418.2354   18.2497
   -7.5000  -15.0000   45.000010268.9004   18.1762
    0.0000  -15.0000   45.000010820.9824   18.1769
    7.5000  -15.0000   45.000010421.2305   18.1408
   -7.5000   -7.5000   45.000011175.4258   18.1493
    0.0000   -7.5000   45.000011759.3994   18.1498
    7.5000   -7.5000   45.000011335.3574   18.1154
   -7.5000    0.0000   45.000012021.4609   18.1590
    0.0000    0.0000   45.000012633.5225   18.1620
    7.5000    0.0000   45.000012178.8828   18.1302
   -7.5000    7.5000   45.000011925.1904   18.1573
    0.0000    7.5000   45.000012513.5596   18.1632
    7.5000    7.5000   45.000012088.4248   18.1330
   -7.5000   15.0000   45.000011679.7627   18.1474
    0.0000   15.0000   45.000012257.3711   18.1523
    7.5000   15.0000   45.000011870.1572   18.1187
   -7.5000   22.5000   45.000011414.1846   18.1247
    0.0000   22.5000   45.000011985.8770   18.1261
    7.5000   22.5000   45.000011598.2637   18.0890
   -7.5000   30.0000   45.000011096.5312   17.8942
    0.0000   30.0000   45.000011661.2393   17.8941
    7.5000   30.0000   45.000011273.0391   17.8581
   -7.5000   37.5000   45.000011033.1260   17.9089
    0.0000   37.5000   45.000011581.5918   17.9093
    7.5000   37.5000   45.000011185.2646   17.8753
   -7.5000   45.0000   45.000010355.0254   17.5111
    0.0000   45.0000   45.000010838.7676   17.5140
    7.5000   45.0000   45.000010481.4209   17.4833

---------------------------------------------------------------------
imgreg_4dfp /opt/freesurfer/average/711-2C_as_mni_average_305 /opt/freesurfer/average/711-2B_as_mni_average_305_mask talsrcimg_g11 none talsrcimg_to_711-2C_as_mni_average_305_t4 4355
---------------------------------------------------------------------

freesurfer imgreg_4dfp.c
/opt/freesurfer/average/711-2C_as_mni_average_305.4dfp.img
       256       256       256         1
  1.000000  1.000000  1.000000
orientation T byte_order littleendian
Reading image: /opt/freesurfer/average/711-2C_as_mni_average_305.4dfp.img
dimensions:      256       256       256
mmppix:       1.0000   -1.0000   -1.0000
center:     128.0000 -129.0000 -129.0000
/opt/freesurfer/average/711-2B_as_mni_average_305_mask.4dfp.img
       256       256       256         1
  1.000000  1.000000  1.000000
orientation T byte_order littleendian
Reading mask: /opt/freesurfer/average/711-2B_as_mni_average_305_mask.4dfp.img (2306576 pixels)
talsrcimg_g11.4dfp.img
       256       256       256         1
  1.000000  1.000000  1.000000
orientation T byte_order littleendian
Reading image: talsrcimg_g11.4dfp.img
dimensions:      256       256       256
mmppix:       1.0000   -1.0000   -1.0000
center:     128.0000 -129.0000 -129.0000
rotation matrix determinant  1.000000
image alignment mode   4355 decimal     1103 hex
   -7.5000  -45.0000  -45.0000 1636.0481   28.5176
    0.0000  -45.0000  -45.0000 1653.5024   28.1675
    7.5000  -45.0000  -45.0000 1640.5049   28.1120
   -7.5000  -37.5000  -45.0000 1753.2137   24.8005
    0.0000  -37.5000  -45.0000 1773.5791   24.4844
    7.5000  -37.5000  -45.0000 1763.6211   24.4506
   -7.5000  -30.0000  -45.0000 1867.4851   21.8618
    0.0000  -30.0000  -45.0000 1886.3369   21.5309
    7.5000  -30.0000  -45.0000 1879.9764   21.5381
   -7.5000  -22.5000  -45.0000 1964.4618   19.5103
    0.0000  -22.5000  -45.0000 1985.7882   19.2356
    7.5000  -22.5000  -45.0000 1980.9342   19.2645
   -7.5000  -15.0000  -45.0000 2049.7429   17.8056
    0.0000  -15.0000  -45.0000 2073.8159   17.5568
    7.5000  -15.0000  -45.0000 2069.8247   17.5560
   -7.5000   -7.5000  -45.0000 2130.6382   16.6411
    0.0000   -7.5000  -45.0000 2153.5139   16.4019
    7.5000   -7.5000  -45.0000 2147.8428   16.4455
   -7.5000    0.0000  -45.0000 2181.0564   15.8250
    0.0000    0.0000  -45.0000 2203.4937   15.6238
    7.5000    0.0000  -45.0000 2197.9893   15.6776
   -7.5000    7.5000  -45.0000 2208.8020   15.3231
    0.0000    7.5000  -45.0000 2234.1792   15.1093
    7.5000    7.5000  -45.0000 2230.7048   15.1260
   -7.5000   15.0000  -45.0000 2218.2495   15.0773
    0.0000   15.0000  -45.0000 2244.6169   14.8350
    7.5000   15.0000  -45.0000 2245.4275   14.8347
   -7.5000   22.5000  -45.0000 2213.9443   15.1281
    0.0000   22.5000  -45.0000 2244.8616   14.8577
    7.5000   22.5000  -45.0000 2246.8784   14.8540
   -7.5000   30.0000  -45.0000 2195.4009   15.5446
    0.0000   30.0000  -45.0000 2226.6157   15.2618
    7.5000   30.0000  -45.0000 2229.8652   15.2320
   -7.5000   37.5000  -45.0000 2153.9680   16.2857
    0.0000   37.5000  -45.0000 2186.4497   15.9919
    7.5000   37.5000  -45.0000 2195.5430   15.9388
   -7.5000   45.0000  -45.0000 2106.6653   17.2857
    0.0000   45.0000  -45.0000 2135.4761   16.9752
    7.5000   45.0000  -45.0000 2144.6213   16.9273
   -7.5000  -45.0000  -37.5000 1702.1808   26.3372
    0.0000  -45.0000  -37.5000 1716.3226   25.9542
    7.5000  -45.0000  -37.5000 1703.2125   25.8530
   -7.5000  -37.5000  -37.5000 1821.1868   22.7868
    0.0000  -37.5000  -37.5000 1844.1110   22.5076
    7.5000  -37.5000  -37.5000 1835.6693   22.5608
   -7.5000  -30.0000  -37.5000 1940.4719   20.0593
    0.0000  -30.0000  -37.5000 1964.4227   19.8165
    7.5000  -30.0000  -37.5000 1954.3716   19.8445
   -7.5000  -22.5000  -37.5000 2047.7612   17.9140
    0.0000  -22.5000  -37.5000 2071.7563   17.6779
    7.5000  -22.5000  -37.5000 2064.5188   17.7134
   -7.5000  -15.0000  -37.5000 2148.6621   16.3853
    0.0000  -15.0000  -37.5000 2175.1101   16.1438
    7.5000  -15.0000  -37.5000 2165.6609   16.1540
   -7.5000   -7.5000  -37.5000 2236.9446   15.2770
    0.0000   -7.5000  -37.5000 2260.0593   15.0790
    7.5000   -7.5000  -37.5000 2249.5776   15.0981
   -7.5000    0.0000  -37.5000 2287.2957   14.5110
    0.0000    0.0000  -37.5000 2315.1355   14.3091
    7.5000    0.0000  -37.5000 2302.3755   14.3507
   -7.5000    7.5000  -37.5000 2313.3225   14.0431
    0.0000    7.5000  -37.5000 2343.8376   13.8669
    7.5000    7.5000  -37.5000 2336.5474   13.8886
   -7.5000   15.0000  -37.5000 2319.3923   13.8375
    0.0000   15.0000  -37.5000 2350.2800   13.6232
    7.5000   15.0000  -37.5000 2350.8643   13.6453
   -7.5000   22.5000  -37.5000 2311.0759   13.8940
    0.0000   22.5000  -37.5000 2345.0369   13.6662
    7.5000   22.5000  -37.5000 2345.3506   13.6768
   -7.5000   30.0000  -37.5000 2289.0300   14.2353
    0.0000   30.0000  -37.5000 2321.4023   13.9940
    7.5000   30.0000  -37.5000 2325.7222   14.0094
   -7.5000   37.5000  -37.5000 2250.8625   14.8978
    0.0000   37.5000  -37.5000 2286.9604   14.6204
    7.5000   37.5000  -37.5000 2291.5212   14.6262
   -7.5000   45.0000  -37.5000 2199.7976   15.8129
    0.0000   45.0000  -37.5000 2236.3018   15.5240
    7.5000   45.0000  -37.5000 2240.6938   15.5294
   -7.5000  -45.0000  -30.0000 1789.3687   25.2201
    0.0000  -45.0000  -30.0000 1808.2054   24.8867
    7.5000  -45.0000  -30.0000 1801.6608   24.8154
   -7.5000  -37.5000  -30.0000 1919.5846   21.8302
    0.0000  -37.5000  -30.0000 1942.6962   21.5337
    7.5000  -37.5000  -30.0000 1938.2935   21.5434
   -7.5000  -30.0000  -30.0000 2048.6565   19.2103
    0.0000  -30.0000  -30.0000 2070.7373   18.9641
    7.5000  -30.0000  -30.0000 2064.2100   18.9797
   -7.5000  -22.5000  -30.0000 2169.7090   17.1941
    0.0000  -22.5000  -30.0000 2193.0725   16.9329
    7.5000  -22.5000  -30.0000 2184.4609   16.9555
   -7.5000  -15.0000  -30.0000 2277.4890   15.6433
    0.0000  -15.0000  -30.0000 2303.6677   15.4468
    7.5000  -15.0000  -30.0000 2292.8359   15.4531
   -7.5000   -7.5000  -30.0000 2370.7217   14.5642
    0.0000   -7.5000  -30.0000 2395.5486   14.3631
    7.5000   -7.5000  -30.0000 2387.2725   14.3806
   -7.5000    0.0000  -30.0000 2425.5671   13.8086
    0.0000    0.0000  -30.0000 2454.9556   13.6296
    7.5000    0.0000  -30.0000 2445.4285   13.6338
   -7.5000    7.5000  -30.0000 2455.4263   13.3562
    0.0000    7.5000  -30.0000 2488.3313   13.1582
    7.5000    7.5000  -30.0000 2484.4673   13.1897
   -7.5000   15.0000  -30.0000 2467.7781   13.1479
    0.0000   15.0000  -30.0000 2501.3999   12.9364
    7.5000   15.0000  -30.0000 2499.8103   12.9673
   -7.5000   22.5000  -30.0000 2458.8762   13.2287
    0.0000   22.5000  -30.0000 2492.0432   13.0116
    7.5000   22.5000  -30.0000 2494.3643   13.0265
   -7.5000   30.0000  -30.0000 2432.6824   13.5393
    0.0000   30.0000  -30.0000 2468.4810   13.3166
    7.5000   30.0000  -30.0000 2476.0227   13.3309
   -7.5000   37.5000  -30.0000 2393.0073   14.1428
    0.0000   37.5000  -30.0000 2433.4487   13.8877
    7.5000   37.5000  -30.0000 2440.2002   13.9120
   -7.5000   45.0000  -30.0000 2336.6394   15.0346
    0.0000   45.0000  -30.0000 2375.9146   14.7640
    7.5000   45.0000  -30.0000 2379.7329   14.7586
   -7.5000  -45.0000  -22.5000 1851.8857   24.0880
    0.0000  -45.0000  -22.5000 1874.2699   23.8149
    7.5000  -45.0000  -22.5000 1868.1877   23.8328
   -7.5000  -37.5000  -22.5000 1990.1572   20.8285
    0.0000  -37.5000  -22.5000 2015.2743   20.5569
    7.5000  -37.5000  -22.5000 2009.7102   20.5795
   -7.5000  -30.0000  -22.5000 2130.9111   18.3419
    0.0000  -30.0000  -22.5000 2154.3157   18.0571
    7.5000  -30.0000  -22.5000 2149.2534   18.1129
   -7.5000  -22.5000  -22.5000 2260.4316   16.3817
    0.0000  -22.5000  -22.5000 2284.2805   16.1321
    7.5000  -22.5000  -22.5000 2274.8760   16.1640
   -7.5000  -15.0000  -22.5000 2373.3738   14.8901
    0.0000  -15.0000  -22.5000 2401.4055   14.6513
    7.5000  -15.0000  -22.5000 2388.4800   14.7024
   -7.5000   -7.5000  -22.5000 2469.7764   13.7941
    0.0000   -7.5000  -22.5000 2499.4204   13.5950
    7.5000   -7.5000  -22.5000 2489.7495   13.6276
   -7.5000    0.0000  -22.5000 2528.8926   13.0581
    0.0000    0.0000  -22.5000 2561.3320   12.8587
    7.5000    0.0000  -22.5000 2558.1479   12.8751
   -7.5000    7.5000  -22.5000 2565.8604   12.6110
    0.0000    7.5000  -22.5000 2603.4482   12.4407
    7.5000    7.5000  -22.5000 2601.7356   12.4420
   -7.5000   15.0000  -22.5000 2587.4353   12.4164
    0.0000   15.0000  -22.5000 2626.7268   12.2216
    7.5000   15.0000  -22.5000 2623.0518   12.2317
   -7.5000   22.5000  -22.5000 2586.5444   12.5106
    0.0000   22.5000  -22.5000 2627.5239   12.2986
    7.5000   22.5000  -22.5000 2629.0864   12.3154
   -7.5000   30.0000  -22.5000 2559.3674   12.8228
    0.0000   30.0000  -22.5000 2603.2803   12.6147
    7.5000   30.0000  -22.5000 2605.2908   12.6291
   -7.5000   37.5000  -22.5000 2515.3262   13.4204
    0.0000   37.5000  -22.5000 2562.0728   13.1934
    7.5000   37.5000  -22.5000 2562.3301   13.1809
   -7.5000   45.0000  -22.5000 2450.1536   14.2551
    0.0000   45.0000  -22.5000 2492.9031   14.0126
    7.5000   45.0000  -22.5000 2498.0398   14.0001
   -7.5000  -45.0000  -15.0000 1893.6910   23.1229
    0.0000  -45.0000  -15.0000 1915.0765   22.8533
    7.5000  -45.0000  -15.0000 1909.4541   22.9126
   -7.5000  -37.5000  -15.0000 2036.1957   19.9194
    0.0000  -37.5000  -15.0000 2057.2837   19.6497
    7.5000  -37.5000  -15.0000 2056.2371   19.7985
   -7.5000  -30.0000  -15.0000 2181.3376   17.5143
    0.0000  -30.0000  -15.0000 2206.8313   17.2628
    7.5000  -30.0000  -15.0000 2201.4109   17.3918
   -7.5000  -22.5000  -15.0000 2315.8684   15.6390
    0.0000  -22.5000  -15.0000 2342.7390   15.3870
    7.5000  -22.5000  -15.0000 2335.0701   15.4987
   -7.5000  -15.0000  -15.0000 2435.0693   14.2061
    0.0000  -15.0000  -15.0000 2463.7576   13.9582
    7.5000  -15.0000  -15.0000 2454.8704   14.0388
   -7.5000   -7.5000  -15.0000 2538.1187   13.1102
    0.0000   -7.5000  -15.0000 2568.2073   12.9187
    7.5000   -7.5000  -15.0000 2560.7043   12.9744
   -7.5000    0.0000  -15.0000 2602.0269   12.3743
    0.0000    0.0000  -15.0000 2636.9529   12.2053
    7.5000    0.0000  -15.0000 2636.4419   12.2337
   -7.5000    7.5000  -15.0000 2650.0762   11.9061
    0.0000    7.5000  -15.0000 2689.6650   11.7469
    7.5000    7.5000  -15.0000 2693.4504   11.7729
   -7.5000   15.0000  -15.0000 2681.9229   11.7115
    0.0000   15.0000  -15.0000 2726.6189   11.5419
    7.5000   15.0000  -15.0000 2724.9897   11.5776
   -7.5000   22.5000  -15.0000 2688.4604   11.8242
    0.0000   22.5000  -15.0000 2734.3325   11.6483
    7.5000   22.5000  -15.0000 2734.5911   11.6755
   -7.5000   30.0000  -15.0000 2661.0820   12.1827
    0.0000   30.0000  -15.0000 2712.8628   11.9871
    7.5000   30.0000  -15.0000 2711.2725   11.9927
   -7.5000   37.5000  -15.0000 2616.0334   12.7584
    0.0000   37.5000  -15.0000 2666.8186   12.5602
    7.5000   37.5000  -15.0000 2663.4255   12.5697
   -7.5000   45.0000  -15.0000 2537.4504   13.5581
    0.0000   45.0000  -15.0000 2586.8035   13.3292
    7.5000   45.0000  -15.0000 2591.5645   13.3342
   -7.5000  -45.0000   -7.5000 1923.7437   22.2697
    0.0000  -45.0000   -7.5000 1944.8392   21.9821
    7.5000  -45.0000   -7.5000 1944.6097   22.2057
   -7.5000  -37.5000   -7.5000 2070.3621   19.1580
    0.0000  -37.5000   -7.5000 2088.1694   18.9543
    7.5000  -37.5000   -7.5000 2089.0183   19.1587
   -7.5000  -30.0000   -7.5000 2218.4883   16.8172
    0.0000  -30.0000   -7.5000 2241.7715   16.6326
    7.5000  -30.0000   -7.5000 2236.7769   16.7649
   -7.5000  -22.5000   -7.5000 2357.7256   15.0088
    0.0000  -22.5000   -7.5000 2381.5042   14.7860
    7.5000  -22.5000   -7.5000 2371.6892   14.9072
   -7.5000  -15.0000   -7.5000 2479.9075   13.6162
    0.0000  -15.0000   -7.5000 2504.7793   13.3752
    7.5000  -15.0000   -7.5000 2499.1780   13.5001
   -7.5000   -7.5000   -7.5000 2585.2776   12.5346
    0.0000   -7.5000   -7.5000 2616.9370   12.3341
    7.5000   -7.5000   -7.5000 2611.7622   12.4237
   -7.5000    0.0000   -7.5000 2664.0864   11.7928
    0.0000    0.0000   -7.5000 2699.5479   11.6000
    7.5000    0.0000   -7.5000 2699.5056   11.6762
   -7.5000    7.5000   -7.5000 2718.9578   11.3165
    0.0000    7.5000   -7.5000 2764.4285   11.1357
    7.5000    7.5000   -7.5000 2768.3040   11.2109
   -7.5000   15.0000   -7.5000 2761.3276   11.1028
    0.0000   15.0000   -7.5000 2812.7852   10.9224
    7.5000   15.0000   -7.5000 2808.4355   11.0092
   -7.5000   22.5000   -7.5000 2772.6675   11.1982
    0.0000   22.5000   -7.5000 2825.1343   11.0229
    7.5000   22.5000   -7.5000 2822.4241   11.0787
   -7.5000   30.0000   -7.5000 2746.2869   11.5483
    0.0000   30.0000   -7.5000 2801.8357   11.3713
    7.5000   30.0000   -7.5000 2797.3232   11.4113
   -7.5000   37.5000   -7.5000 2689.3960   12.1262
    0.0000   37.5000   -7.5000 2745.4495   11.9439
    7.5000   37.5000   -7.5000 2741.8530   11.9661
   -7.5000   45.0000   -7.5000 2607.2820   12.8893
    0.0000   45.0000   -7.5000 2657.9546   12.6936
    7.5000   45.0000   -7.5000 2657.2307   12.7158
   -7.5000  -45.0000    0.0000 1946.8838   21.6586
    0.0000  -45.0000    0.0000 1968.6548   21.4409
    7.5000  -45.0000    0.0000 1968.9873   21.7052
   -7.5000  -37.5000    0.0000 2097.1755   18.7132
    0.0000  -37.5000    0.0000 2118.2876   18.5307
    7.5000  -37.5000    0.0000 2117.7346   18.7365
   -7.5000  -30.0000    0.0000 2245.2988   16.4094
    0.0000  -30.0000    0.0000 2266.1589   16.2093
    7.5000  -30.0000    0.0000 2260.5818   16.3573
   -7.5000  -22.5000    0.0000 2381.3369   14.5820
    0.0000  -22.5000    0.0000 2401.1597   14.3640
    7.5000  -22.5000    0.0000 2391.2856   14.5044
   -7.5000  -15.0000    0.0000 2502.2141   13.1696
    0.0000  -15.0000    0.0000 2528.1714   12.9421
    7.5000  -15.0000    0.0000 2518.9087   13.0804
   -7.5000   -7.5000    0.0000 2614.0479   12.0941
    0.0000   -7.5000    0.0000 2648.6648   11.8920
    7.5000   -7.5000    0.0000 2644.0825   12.0053
   -7.5000    0.0000    0.0000 2707.7434   11.3671
    0.0000    0.0000    0.0000 2745.3923   11.1436
    7.5000    0.0000    0.0000 2743.2769   11.2471
   -7.5000    7.5000    0.0000 2780.6792   10.8877
    0.0000    7.5000    0.0000 2830.4739   10.6757
    7.5000    7.5000    0.0000 2827.6523   10.7814
   -7.5000   15.0000    0.0000 2832.3142   10.6475
    0.0000   15.0000    0.0000 2894.5012   10.4549
    7.5000   15.0000    0.0000 2883.8564   10.5468
   -7.5000   22.5000    0.0000 2850.3970   10.7191
    0.0000   22.5000    0.0000 2914.0542   10.5456
    7.5000   22.5000    0.0000 2902.4697   10.5977
   -7.5000   30.0000    0.0000 2820.4619   11.0408
    0.0000   30.0000    0.0000 2883.4775   10.8860
    7.5000   30.0000    0.0000 2872.3062   10.9308
   -7.5000   37.5000    0.0000 2755.4094   11.5812
    0.0000   37.5000    0.0000 2810.8315   11.4144
    7.5000   37.5000    0.0000 2807.8623   11.4517
   -7.5000   45.0000    0.0000 2655.8884   12.3304
    0.0000   45.0000    0.0000 2707.3813   12.1612
    7.5000   45.0000    0.0000 2706.3425   12.1832
   -7.5000  -45.0000    7.5000 1965.3425   21.4017
    0.0000  -45.0000    7.5000 1983.5225   21.2219
    7.5000  -45.0000    7.5000 1980.0189   21.4809
   -7.5000  -37.5000    7.5000 2121.3794   18.5697
    0.0000  -37.5000    7.5000 2139.7651   18.3583
    7.5000  -37.5000    7.5000 2130.6340   18.5457
   -7.5000  -30.0000    7.5000 2259.6138   16.2268
    0.0000  -30.0000    7.5000 2280.4250   16.0191
    7.5000  -30.0000    7.5000 2264.6072   16.1586
   -7.5000  -22.5000    7.5000 2387.2144   14.3706
    0.0000  -22.5000    7.5000 2409.1492   14.1271
    7.5000  -22.5000    7.5000 2391.9792   14.2740
   -7.5000  -15.0000    7.5000 2511.8347   12.9215
    0.0000  -15.0000    7.5000 2538.3516   12.6894
    7.5000  -15.0000    7.5000 2524.9639   12.8332
   -7.5000   -7.5000    7.5000 2625.8679   11.8481
    0.0000   -7.5000    7.5000 2664.9290   11.6122
    7.5000   -7.5000    7.5000 2655.5432   11.7358
   -7.5000    0.0000    7.5000 2729.3496   11.1071
    0.0000    0.0000    7.5000 2773.9783   10.8636
    7.5000    0.0000    7.5000 2762.8301   10.9706
   -7.5000    7.5000    7.5000 2822.3262   10.6244
    0.0000    7.5000    7.5000 2879.1589   10.3701
    7.5000    7.5000    7.5000 2866.9338   10.4700
   -7.5000   15.0000    7.5000 2892.2461   10.3633
    0.0000   15.0000    7.5000 2965.4368   10.1233
    7.5000   15.0000    7.5000 2942.9614   10.2289
   -7.5000   22.5000    7.5000 2914.4077   10.3877
    0.0000   22.5000    7.5000 2991.8669   10.1772
    7.5000   22.5000    7.5000 2975.4170   10.2300
   -7.5000   30.0000    7.5000 2873.8750   10.7016
    0.0000   30.0000    7.5000 2944.9275   10.5161
    7.5000   30.0000    7.5000 2938.9573   10.5567
   -7.5000   37.5000    7.5000 2794.1821   11.2265
    0.0000   37.5000    7.5000 2853.4978   11.0349
    7.5000   37.5000    7.5000 2853.3320   11.0783
   -7.5000   45.0000    7.5000 2688.1938   11.9998
    0.0000   45.0000    7.5000 2739.7449   11.7837
    7.5000   45.0000    7.5000 2738.0867   11.8256
   -7.5000  -45.0000   15.0000 1968.3724   21.4444
    0.0000  -45.0000   15.0000 1984.7894   21.2374
    7.5000  -45.0000   15.0000 1971.2455   21.4739
   -7.5000  -37.5000   15.0000 2131.7786   18.6448
    0.0000  -37.5000   15.0000 2150.2175   18.4097
    7.5000  -37.5000   15.0000 2127.1545   18.5675
   -7.5000  -30.0000   15.0000 2263.2051   16.2360
    0.0000  -30.0000   15.0000 2283.4255   16.0167
    7.5000  -30.0000   15.0000 2258.8501   16.1549
   -7.5000  -22.5000   15.0000 2384.0388   14.3493
    0.0000  -22.5000   15.0000 2407.5896   14.1392
    7.5000  -22.5000   15.0000 2387.3577   14.2823
   -7.5000  -15.0000   15.0000 2500.2732   12.9097
    0.0000  -15.0000   15.0000 2532.3113   12.6802
    7.5000  -15.0000   15.0000 2517.9578   12.7966
   -7.5000   -7.5000   15.0000 2614.2751   11.8144
    0.0000   -7.5000   15.0000 2656.8450   11.5745
    7.5000   -7.5000   15.0000 2648.5566   11.6784
   -7.5000    0.0000   15.0000 2724.8469   11.0217
    0.0000    0.0000   15.0000 2773.3857   10.7755
    7.5000    0.0000   15.0000 2762.1655   10.8767
   -7.5000    7.5000   15.0000 2832.4495   10.5015
    0.0000    7.5000   15.0000 2888.1609   10.2522
    7.5000    7.5000   15.0000 2870.8066   10.3434
   -7.5000   15.0000   15.0000 2911.8977   10.2339
    0.0000   15.0000   15.0000 2978.2588    9.9651
    7.5000   15.0000   15.0000 2959.5044   10.0683
   -7.5000   22.5000   15.0000 2941.6147   10.2483
    0.0000   22.5000   15.0000 3016.6716    9.9781
    7.5000   22.5000   15.0000 3002.2788   10.0683
   -7.5000   30.0000   15.0000 2891.1941   10.5621
    0.0000   30.0000   15.0000 2970.2439   10.3284
    7.5000   30.0000   15.0000 2966.2717   10.4015
   -7.5000   37.5000   15.0000 2804.6562   11.0925
    0.0000   37.5000   15.0000 2867.0586   10.8807
    7.5000   37.5000   15.0000 2866.4465   10.9236
   -7.5000   45.0000   15.0000 2696.1736   11.8704
    0.0000   45.0000   15.0000 2746.6558   11.6231
    7.5000   45.0000   15.0000 2746.1011   11.6574
   -7.5000  -45.0000   22.5000 1957.9974   21.6759
    0.0000  -45.0000   22.5000 1970.2341   21.4597
    7.5000  -45.0000   22.5000 1952.3860   21.6847
   -7.5000  -37.5000   22.5000 2117.7454   18.8461
    0.0000  -37.5000   22.5000 2135.6438   18.6280
    7.5000  -37.5000   22.5000 2113.6541   18.7491
   -7.5000  -30.0000   22.5000 2250.8667   16.4142
    0.0000  -30.0000   22.5000 2272.7576   16.2088
    7.5000  -30.0000   22.5000 2247.4084   16.2967
   -7.5000  -22.5000   22.5000 2373.8652   14.5132
    0.0000  -22.5000   22.5000 2401.0132   14.3125
    7.5000  -22.5000   22.5000 2378.4507   14.4110
   -7.5000  -15.0000   22.5000 2489.4231   13.0763
    0.0000  -15.0000   22.5000 2522.6799   12.8684
    7.5000  -15.0000   22.5000 2508.7463   12.9549
   -7.5000   -7.5000   22.5000 2601.6292   11.9901
    0.0000   -7.5000   22.5000 2640.4609   11.7719
    7.5000   -7.5000   22.5000 2632.9719   11.8625
   -7.5000    0.0000   22.5000 2708.0017   11.1994
    0.0000    0.0000   22.5000 2756.9077   10.9649
    7.5000    0.0000   22.5000 2749.5576   11.0512
   -7.5000    7.5000   22.5000 2809.2585   10.6416
    0.0000    7.5000   22.5000 2864.4792   10.4031
    7.5000    7.5000   22.5000 2854.6799   10.4893
   -7.5000   15.0000   22.5000 2884.4558   10.3561
    0.0000   15.0000   22.5000 2941.5247   10.1039
    7.5000   15.0000   22.5000 2930.5657   10.2066
   -7.5000   22.5000   22.5000 2907.9509   10.3918
    0.0000   22.5000   22.5000 2969.7510   10.1708
    7.5000   22.5000   22.5000 2962.0852   10.2433
   -7.5000   30.0000   22.5000 2865.4280   10.6848
    0.0000   30.0000   22.5000 2933.5393   10.4838
    7.5000   30.0000   22.5000 2924.8403   10.5420
   -7.5000   37.5000   22.5000 2783.3962   11.2174
    0.0000   37.5000   22.5000 2843.1580   11.0115
    7.5000   37.5000   22.5000 2835.5396   11.0624
   -7.5000   45.0000   22.5000 2678.2542   11.9724
    0.0000   45.0000   22.5000 2723.6846   11.7350
    7.5000   45.0000   22.5000 2725.0740   11.7634
   -7.5000  -45.0000   30.0000 1926.5128   22.1388
    0.0000  -45.0000   30.0000 1937.0981   21.9041
    7.5000  -45.0000   30.0000 1918.3245   22.0876
   -7.5000  -37.5000   30.0000 2083.7947   19.2383
    0.0000  -37.5000   30.0000 2104.8882   19.0429
    7.5000  -37.5000   30.0000 2082.5886   19.1504
   -7.5000  -30.0000   30.0000 2227.1956   16.7764
    0.0000  -30.0000   30.0000 2250.5334   16.5733
    7.5000  -30.0000   30.0000 2227.1467   16.6723
   -7.5000  -22.5000   30.0000 2358.4890   14.8784
    0.0000  -22.5000   30.0000 2386.6038   14.6702
    7.5000  -22.5000   30.0000 2361.2939   14.7568
   -7.5000  -15.0000   30.0000 2470.9287   13.4482
    0.0000  -15.0000   30.0000 2503.8684   13.2382
    7.5000  -15.0000   30.0000 2488.5747   13.2953
   -7.5000   -7.5000   30.0000 2580.5989   12.3547
    0.0000   -7.5000   30.0000 2620.5320   12.1629
    7.5000   -7.5000   30.0000 2607.4248   12.2136
   -7.5000    0.0000   30.0000 2681.0784   11.5569
    0.0000    0.0000   30.0000 2724.3188   11.3691
    7.5000    0.0000   30.0000 2713.7109   11.4115
   -7.5000    7.5000   30.0000 2770.3733   11.0226
    0.0000    7.5000   30.0000 2816.1382   10.8049
    7.5000    7.5000   30.0000 2808.2383   10.8651
   -7.5000   15.0000   30.0000 2827.2405   10.7327
    0.0000   15.0000   30.0000 2875.7197   10.5136
    7.5000   15.0000   30.0000 2873.0530   10.5826
   -7.5000   22.5000   30.0000 2841.0940   10.7621
    0.0000   22.5000   30.0000 2890.6345   10.5565
    7.5000   22.5000   30.0000 2893.1943   10.6129
   -7.5000   30.0000   30.0000 2805.2109   11.0567
    0.0000   30.0000   30.0000 2856.9136   10.8542
    7.5000   30.0000   30.0000 2853.0828   10.9101
   -7.5000   37.5000   30.0000 2730.0396   11.5890
    0.0000   37.5000   30.0000 2776.9670   11.3731
    7.5000   37.5000   30.0000 2771.9731   11.4342
   -7.5000   45.0000   30.0000 2631.3325   12.3250
    0.0000   45.0000   30.0000 2672.2930   12.0907
    7.5000   45.0000   30.0000 2671.1301   12.1324
   -7.5000  -45.0000   37.5000 1884.8090   22.8518
    0.0000  -45.0000   37.5000 1899.0999   22.5979
    7.5000  -45.0000   37.5000 1880.9540   22.8009
   -7.5000  -37.5000   37.5000 2042.7213   19.7985
    0.0000  -37.5000   37.5000 2061.4119   19.6000
    7.5000  -37.5000   37.5000 2046.0825   19.6948
   -7.5000  -30.0000   37.5000 2194.2278   17.3440
    0.0000  -30.0000   37.5000 2217.6460   17.1382
    7.5000  -30.0000   37.5000 2197.7368   17.2183
   -7.5000  -22.5000   37.5000 2328.2249   15.4258
    0.0000  -22.5000   37.5000 2355.4697   15.2070
    7.5000  -22.5000   37.5000 2332.6338   15.2848
   -7.5000  -15.0000   37.5000 2439.3840   13.9788
    0.0000  -15.0000   37.5000 2473.6196   13.7751
    7.5000  -15.0000   37.5000 2456.5984   13.8319
   -7.5000   -7.5000   37.5000 2544.6814   12.9102
    0.0000   -7.5000   37.5000 2584.0491   12.7243
    7.5000   -7.5000   37.5000 2568.4355   12.7509
   -7.5000    0.0000   37.5000 2640.1040   12.1249
    0.0000    0.0000   37.5000 2683.2659   11.9341
    7.5000    0.0000   37.5000 2670.8093   11.9652
   -7.5000    7.5000   37.5000 2713.8010   11.5840
    0.0000    7.5000   37.5000 2759.1992   11.3742
    7.5000    7.5000   37.5000 2750.5898   11.4120
   -7.5000   15.0000   37.5000 2756.9966   11.2996
    0.0000   15.0000   37.5000 2798.7822   11.0974
    7.5000   15.0000   37.5000 2798.1711   11.1361
   -7.5000   22.5000   37.5000 2762.1484   11.3151
    0.0000   22.5000   37.5000 2805.7532   11.1174
    7.5000   22.5000   37.5000 2804.8467   11.1406
   -7.5000   30.0000   37.5000 2724.0220   11.5900
    0.0000   30.0000   37.5000 2768.2551   11.4033
    7.5000   30.0000   37.5000 2762.6973   11.4423
   -7.5000   37.5000   37.5000 2654.8640   12.1252
    0.0000   37.5000   37.5000 2692.7927   11.9149
    7.5000   37.5000   37.5000 2688.9199   11.9736
   -7.5000   45.0000   37.5000 2568.5596   12.8578
    0.0000   45.0000   37.5000 2600.5305   12.6211
    7.5000   45.0000   37.5000 2599.3213   12.6625
   -7.5000  -45.0000   45.0000 1840.1743   23.9382
    0.0000  -45.0000   45.0000 1853.4341   23.6185
    7.5000  -45.0000   45.0000 1832.4407   23.7889
   -7.5000  -37.5000   45.0000 1996.2095   20.6757
    0.0000  -37.5000   45.0000 2015.0455   20.4281
    7.5000  -37.5000   45.0000 1995.4446   20.5554
   -7.5000  -30.0000   45.0000 2146.0615   18.1341
    0.0000  -30.0000   45.0000 2171.6428   17.9129
    7.5000  -30.0000   45.0000 2151.5276   18.0151
   -7.5000  -22.5000   45.0000 2280.3967   16.1920
    0.0000  -22.5000   45.0000 2308.8386   15.9733
    7.5000  -22.5000   45.0000 2286.3076   16.0311
   -7.5000  -15.0000   45.0000 2387.1033   14.7316
    0.0000  -15.0000   45.0000 2423.7107   14.5250
    7.5000  -15.0000   45.0000 2407.7891   14.5626
   -7.5000   -7.5000   45.0000 2488.9382   13.6362
    0.0000   -7.5000   45.0000 2526.4956   13.4370
    7.5000   -7.5000   45.0000 2512.9722   13.4712
   -7.5000    0.0000   45.0000 2579.5742   12.8526
    0.0000    0.0000   45.0000 2617.1147   12.6514
    7.5000    0.0000   45.0000 2606.0198   12.6733
   -7.5000    7.5000   45.0000 2644.4568   12.3257
    0.0000    7.5000   45.0000 2682.1387   12.1271
    7.5000    7.5000   45.0000 2676.4619   12.1506
   -7.5000   15.0000   45.0000 2672.5977   12.0304
    0.0000   15.0000   45.0000 2708.0020   11.8319
    7.5000   15.0000   45.0000 2711.2791   11.8514
   -7.5000   22.5000   45.0000 2672.0981   12.0231
    0.0000   22.5000   45.0000 2707.7959   11.8326
    7.5000   22.5000   45.0000 2710.6421   11.8391
   -7.5000   30.0000   45.0000 2635.7842   12.2502
    0.0000   30.0000   45.0000 2670.2866   12.0714
    7.5000   30.0000   45.0000 2668.9792   12.1087
   -7.5000   37.5000   45.0000 2573.7480   12.7635
    0.0000   37.5000   45.0000 2606.0930   12.5849
    7.5000   37.5000   45.0000 2602.3992   12.6171
   -7.5000   45.0000   45.0000 2492.4888   13.5003
    0.0000   45.0000   45.0000 2518.4187   13.2831
    7.5000   45.0000   45.0000 2519.0488   13.2996

---------------------------------------------------------------------
imgreg_4dfp /opt/freesurfer/average/711-2C_as_mni_average_305 /opt/freesurfer/average/711-2B_as_mni_average_305_mask talsrcimg_g11 none talsrcimg_to_711-2C_as_mni_average_305_t4 1283
---------------------------------------------------------------------

freesurfer imgreg_4dfp.c
/opt/freesurfer/average/711-2C_as_mni_average_305.4dfp.img
       256       256       256         1
  1.000000  1.000000  1.000000
orientation T byte_order littleendian
Reading image: /opt/freesurfer/average/711-2C_as_mni_average_305.4dfp.img
dimensions:      256       256       256
mmppix:       1.0000   -1.0000   -1.0000
center:     128.0000 -129.0000 -129.0000
/opt/freesurfer/average/711-2B_as_mni_average_305_mask.4dfp.img
       256       256       256         1
  1.000000  1.000000  1.000000
orientation T byte_order littleendian
Reading mask: /opt/freesurfer/average/711-2B_as_mni_average_305_mask.4dfp.img (2306576 pixels)
talsrcimg_g11.4dfp.img
       256       256       256         1
  1.000000  1.000000  1.000000
orientation T byte_order littleendian
Reading image: talsrcimg_g11.4dfp.img
dimensions:      256       256       256
mmppix:       1.0000   -1.0000   -1.0000
center:     128.0000 -129.0000 -129.0000
rotation matrix determinant  1.000000
fimgreg.f
image alignment mode   1283 decimal      503 hex
parameters
    0.0000   22.5000   15.0000    0.0000    0.0000    0.0000
eta,q 0.94726  9.97376
niter,ni,del,rscale     5    3   12.0000    1.2000
parameter  6  1.951803 ->  0.500000 qaram    1.1500
parameters
    2.7787   22.1016   13.2930   -1.8597   -0.2114   -3.4500
eta,q 0.95140  9.90409
  0.0790  0.0608  0.0582  0.0545  0.0571  0.0474
  0.0702  0.0561  0.0543  0.0528  0.0538  0.0482
  0.0616  0.0537  0.0527  0.0520  0.0522  0.0499
  0.0558  0.0536  0.0536  0.0525  0.0520  0.0520
  0.0536  0.0548  0.0575  0.0542  0.0531  0.0542
  0.0546  0.0575  0.0619  0.0569  0.0550  0.0570
  0.0573  0.0630  0.0665  0.0593  0.0571  0.0596
niter,ni,del,rscale     5    3   12.0000    1.2000
parameters
    2.5087   22.8970   13.2744   -3.5445    0.6399   -6.6215
eta,q 0.95417  9.93343
  0.0622  0.0601  0.0569  0.0508  0.0551  0.0482
  0.0535  0.0539  0.0531  0.0479  0.0512  0.0460
  0.0496  0.0500  0.0495  0.0473  0.0490  0.0460
  0.0486  0.0486  0.0485  0.0485  0.0474  0.0471
  0.0508  0.0488  0.0501  0.0500  0.0472  0.0499
  0.0565  0.0506  0.0535  0.0524  0.0490  0.0533
  0.0639  0.0552  0.0566  0.0552  0.0518  0.0566
niter,ni,del,rscale     4    3   12.0000    1.2000
parameters
    2.2558   23.3981   13.1133   -3.6550    1.1893   -6.4665
eta,q 0.95464  9.93816
  0.0602  0.0598  0.0552  0.0527  0.0540  0.0524
  0.0526  0.0534  0.0505  0.0481  0.0504  0.0488
  0.0472  0.0478  0.0464  0.0454  0.0476  0.0461
  0.0458  0.0458  0.0457  0.0456  0.0456  0.0453
  0.0478  0.0463  0.0478  0.0472  0.0456  0.0462
  0.0539  0.0500  0.0517  0.0493  0.0481  0.0483
  0.0633  0.0561  0.0556  0.0521  0.0520  0.0518
niter,ni,del,rscale     3    3   12.0000    1.2000
parameters
    2.1065   23.4788   13.0783   -3.7036    1.2703   -6.4497
eta,q 0.95471  9.93872
  0.0605  0.0585  0.0556  0.0529  0.0530  0.0521
  0.0525  0.0517  0.0508  0.0482  0.0496  0.0485
  0.0470  0.0467  0.0465  0.0452  0.0470  0.0459
  0.0454  0.0454  0.0453  0.0453  0.0453  0.0453
  0.0473  0.0466  0.0474  0.0470  0.0460  0.0462
  0.0532  0.0513  0.0514  0.0492  0.0490  0.0484
  0.0624  0.0577  0.0553  0.0520  0.0531  0.0519
niter,ni,del,rscale     2    3   12.0000    1.2000
parameters
    2.0813   23.5064   13.0683   -3.7232    1.2843   -6.4476
eta,q 0.95473  9.93916
  0.0611  0.0583  0.0557  0.0530  0.0529  0.0520
  0.0528  0.0515  0.0508  0.0482  0.0495  0.0485
  0.0471  0.0466  0.0465  0.0452  0.0469  0.0459
  0.0453  0.0453  0.0453  0.0453  0.0453  0.0453
  0.0470  0.0466  0.0473  0.0470  0.0461  0.0462
  0.0527  0.0515  0.0513  0.0492  0.0491  0.0484
  0.0617  0.0580  0.0552  0.0520  0.0533  0.0519
registration optimization eta report
parameter search radius
    6.0000    6.0000    6.0000    6.0000    6.0000    6.9000
100000*second partial in parameter space
       45.       36.       27.       20.       21.       14.
  0.0611  0.0583  0.0557  0.0530  0.0529  0.0520
  0.0528  0.0515  0.0508  0.0482  0.0495  0.0485
  0.0471  0.0466  0.0465  0.0452  0.0469  0.0459
  0.0453  0.0453  0.0453  0.0453  0.0453  0.0453
  0.0470  0.0466  0.0473  0.0470  0.0461  0.0462
  0.0527  0.0515  0.0513  0.0492  0.0491  0.0484
  0.0617  0.0580  0.0552  0.0520  0.0533  0.0519
    2.0813   23.5064   13.0683   -3.7232    1.2843   -6.4476
eta,q 0.95473  9.93916

---------------------------------------------------------------------
imgreg_4dfp /opt/freesurfer/average/711-2C_as_mni_average_305 /opt/freesurfer/average/711-2B_as_mni_average_305_mask talsrcimg_g11 none talsrcimg_to_711-2C_as_mni_average_305_t4 3335
---------------------------------------------------------------------

freesurfer imgreg_4dfp.c
/opt/freesurfer/average/711-2C_as_mni_average_305.4dfp.img
       256       256       256         1
  1.000000  1.000000  1.000000
orientation T byte_order littleendian
Reading image: /opt/freesurfer/average/711-2C_as_mni_average_305.4dfp.img
dimensions:      256       256       256
mmppix:       1.0000   -1.0000   -1.0000
center:     128.0000 -129.0000 -129.0000
/opt/freesurfer/average/711-2B_as_mni_average_305_mask.4dfp.img
       256       256       256         1
  1.000000  1.000000  1.000000
orientation T byte_order littleendian
Reading mask: /opt/freesurfer/average/711-2B_as_mni_average_305_mask.4dfp.img (2306576 pixels)
talsrcimg_g11.4dfp.img
       256       256       256         1
  1.000000  1.000000  1.000000
orientation T byte_order littleendian
Reading image: talsrcimg_g11.4dfp.img
dimensions:      256       256       256
mmppix:       1.0000   -1.0000   -1.0000
center:     128.0000 -129.0000 -129.0000
fimgreg.f
image alignment mode   3335 decimal      D07 hex
parameters
    2.0813   23.5064   13.0683   -0.6575   -0.8586   -0.2361
   11.3504   -1.4932  -11.2267    6.7038    2.2413   -6.4921
eta,q 0.95521  9.99598
niter,ni,del,rscale     5    3    5.0000    1.2000
parameter  4  4.358373 ->  0.500000 qaram    1.1500
parameter  5  1.915605 ->  0.500000 qaram    1.1500
parameter  6  0.871046 ->  0.500000 qaram    1.1500
parameters
    1.9294   24.0666   13.1260   -4.7975   -4.9986   -4.3761
    8.8569   -1.3992   -8.7318    3.3190    0.1350   -8.4013
eta,q 0.97194  9.27034
  0.0470  0.0473  0.0464  0.0321  0.0310  0.0294  0.0305  0.0342  0.0319  0.0293  0.0289  0.0289
  0.0457  0.0462  0.0454  0.0358  0.0323  0.0295  0.0295  0.0316  0.0307  0.0285  0.0284  0.0283
  0.0449  0.0453  0.0448  0.0400  0.0342  0.0304  0.0292  0.0299  0.0298  0.0284  0.0282  0.0281
  0.0448  0.0448  0.0446  0.0446  0.0369  0.0327  0.0296  0.0292  0.0292  0.0290  0.0283  0.0282
  0.0452  0.0446  0.0448  0.0496  0.0401  0.0362  0.0306  0.0297  0.0290  0.0306  0.0287  0.0286
  0.0462  0.0449  0.0453  0.0549  0.0433  0.0403  0.0320  0.0314  0.0292  0.0329  0.0295  0.0294
  0.0475  0.0458  0.0462  0.0605  0.0470  0.0453  0.0337  0.0340  0.0297  0.0356  0.0305  0.0305
niter,ni,del,rscale     7    3    5.0000    1.2000
parameter  4  1.305936 ->  0.500000 qaram    1.3225
parameter  5  0.509648 ->  0.500000 qaram    1.3225
parameters
    2.0656   24.1205   12.8503   -9.5585   -9.7596   -6.0506
    8.9325   -0.8022   -9.4818    3.6047   -0.0647   -8.4274
eta,q 0.97853  8.82370
  0.0318  0.0306  0.0295  0.0211  0.0222  0.0239  0.0245  0.0272  0.0229  0.0244  0.0226  0.0226
  0.0298  0.0292  0.0286  0.0219  0.0214  0.0226  0.0230  0.0245  0.0220  0.0229  0.0220  0.0220
  0.0286  0.0284  0.0281  0.0241  0.0213  0.0218  0.0220  0.0225  0.0216  0.0219  0.0216  0.0216
  0.0281  0.0280  0.0280  0.0280  0.0223  0.0213  0.0216  0.0216  0.0215  0.0215  0.0215  0.0215
  0.0283  0.0283  0.0284  0.0329  0.0242  0.0218  0.0219  0.0218  0.0218  0.0217  0.0216  0.0216
  0.0293  0.0291  0.0292  0.0382  0.0271  0.0247  0.0228  0.0233  0.0226  0.0226  0.0220  0.0220
  0.0310  0.0304  0.0303  0.0439  0.0309  0.0290  0.0245  0.0258  0.0236  0.0240  0.0228  0.0226
niter,ni,del,rscale     7    3    5.0000    1.2000
parameters
    2.1903   24.7118   13.1437  -13.7241   -9.3689   -5.3967
    9.6182   -0.6942   -9.9233    4.1354    0.2444   -8.6697
eta,q 0.97972  8.72491
  0.0257  0.0251  0.0230  0.0222  0.0250  0.0237  0.0235  0.0247  0.0219  0.0233  0.0213  0.0214
  0.0235  0.0234  0.0222  0.0210  0.0231  0.0223  0.0220  0.0224  0.0210  0.0218  0.0208  0.0208
  0.0221  0.0221  0.0216  0.0205  0.0215  0.0213  0.0209  0.0210  0.0204  0.0208  0.0204  0.0204
  0.0215  0.0215  0.0213  0.0213  0.0206  0.0205  0.0204  0.0203  0.0203  0.0203  0.0203  0.0203
  0.0218  0.0214  0.0214  0.0241  0.0208  0.0199  0.0205  0.0207  0.0206  0.0205  0.0203  0.0205
  0.0230  0.0218  0.0217  0.0287  0.0222  0.0207  0.0212  0.0221  0.0213  0.0213  0.0206  0.0209
  0.0249  0.0227  0.0224  0.0343  0.0248  0.0237  0.0226  0.0246  0.0224  0.0226  0.0212  0.0216
niter,ni,del,rscale     6    3    5.0000    1.2000
parameters
    2.2587   24.7618   13.2093  -14.6581   -9.3290   -5.3271
    9.8247   -0.6146  -10.0304    4.2148    0.3522   -8.6713
eta,q 0.97962  8.69610
  0.0240  0.0229  0.0217  0.0242  0.0247  0.0234  0.0232  0.0245  0.0221  0.0231  0.0213  0.0216
  0.0220  0.0215  0.0209  0.0224  0.0228  0.0221  0.0218  0.0224  0.0212  0.0216  0.0208  0.0210
  0.0208  0.0206  0.0205  0.0210  0.0212  0.0212  0.0208  0.0210  0.0206  0.0207  0.0205  0.0206
  0.0203  0.0203  0.0203  0.0203  0.0204  0.0204  0.0204  0.0204  0.0204  0.0204  0.0204  0.0204
  0.0206  0.0206  0.0204  0.0207  0.0208  0.0199  0.0206  0.0207  0.0206  0.0207  0.0204  0.0205
  0.0217  0.0214  0.0208  0.0229  0.0223  0.0211  0.0215  0.0221  0.0212  0.0216  0.0207  0.0209
  0.0236  0.0226  0.0216  0.0272  0.0251  0.0244  0.0230  0.0245  0.0222  0.0229  0.0213  0.0216
niter,ni,del,rscale     5    3    5.0000    1.2000
parameters
    2.2650   24.7622   13.2220  -14.7434   -9.3319   -5.3146
    9.8684   -0.6083  -10.0651    4.2142    0.3659   -8.6606
eta,q 0.97961  8.69350
  0.0238  0.0229  0.0218  0.0247  0.0247  0.0234  0.0231  0.0244  0.0222  0.0230  0.0212  0.0216
  0.0220  0.0215  0.0210  0.0228  0.0228  0.0221  0.0217  0.0223  0.0212  0.0216  0.0208  0.0210
  0.0208  0.0206  0.0205  0.0213  0.0212  0.0211  0.0208  0.0210  0.0206  0.0207  0.0205  0.0206
  0.0204  0.0204  0.0204  0.0204  0.0204  0.0204  0.0204  0.0204  0.0204  0.0204  0.0204  0.0204
  0.0208  0.0207  0.0205  0.0204  0.0208  0.0199  0.0207  0.0207  0.0206  0.0207  0.0205  0.0206
  0.0219  0.0215  0.0210  0.0220  0.0223  0.0211  0.0216  0.0222  0.0212  0.0216  0.0207  0.0210
  0.0238  0.0228  0.0217  0.0259  0.0252  0.0245  0.0231  0.0246  0.0222  0.0230  0.0213  0.0216
registration optimization eta report
parameter search radius
    2.4000    2.4000    2.4000    9.5220    9.5220    8.2800
    7.2000    7.2000    7.2000    7.2000    7.2000    7.2000
100000*second partial in parameter space
       59.       43.       24.        5.        5.        5.
        5.        8.        3.        5.        2.        2.
  0.0238  0.0229  0.0218  0.0247  0.0247  0.0234  0.0231  0.0244  0.0222  0.0230  0.0212  0.0216
  0.0220  0.0215  0.0210  0.0228  0.0228  0.0221  0.0217  0.0223  0.0212  0.0216  0.0208  0.0210
  0.0208  0.0206  0.0205  0.0213  0.0212  0.0211  0.0208  0.0210  0.0206  0.0207  0.0205  0.0206
  0.0204  0.0204  0.0204  0.0204  0.0204  0.0204  0.0204  0.0204  0.0204  0.0204  0.0204  0.0204
  0.0208  0.0207  0.0205  0.0204  0.0208  0.0199  0.0207  0.0207  0.0206  0.0207  0.0205  0.0206
  0.0219  0.0215  0.0210  0.0220  0.0223  0.0211  0.0216  0.0222  0.0212  0.0216  0.0207  0.0210
  0.0238  0.0228  0.0217  0.0259  0.0252  0.0245  0.0231  0.0246  0.0222  0.0230  0.0213  0.0216
    2.2650   24.7622   13.2220  -14.7434   -9.3319   -5.3146
    9.8684   -0.6083  -10.0651    4.2142    0.3659   -8.6606
eta,q 0.97961  8.69350

---------------------------------------------------------------------
imgreg_4dfp /opt/freesurfer/average/711-2C_as_mni_average_305 /opt/freesurfer/average/711-2B_as_mni_average_305_mask talsrcimg_g11 none talsrcimg_to_711-2C_as_mni_average_305_t4 2311
---------------------------------------------------------------------

freesurfer imgreg_4dfp.c
/opt/freesurfer/average/711-2C_as_mni_average_305.4dfp.img
       256       256       256         1
  1.000000  1.000000  1.000000
orientation T byte_order littleendian
Reading image: /opt/freesurfer/average/711-2C_as_mni_average_305.4dfp.img
dimensions:      256       256       256
mmppix:       1.0000   -1.0000   -1.0000
center:     128.0000 -129.0000 -129.0000
/opt/freesurfer/average/711-2B_as_mni_average_305_mask.4dfp.img
       256       256       256         1
  1.000000  1.000000  1.000000
orientation T byte_order littleendian
Reading mask: /opt/freesurfer/average/711-2B_as_mni_average_305_mask.4dfp.img (2306576 pixels)
talsrcimg_g11.4dfp.img
       256       256       256         1
  1.000000  1.000000  1.000000
orientation T byte_order littleendian
Reading image: talsrcimg_g11.4dfp.img
dimensions:      256       256       256
mmppix:       1.0000   -1.0000   -1.0000
center:     128.0000 -129.0000 -129.0000
fimgreg.f
image alignment mode   2311 decimal      907 hex
parameters
    2.2650   24.7622   13.2220  -14.7434   -9.3319   -5.3146
    9.8684   -0.6083  -10.0651    4.2142    0.3659   -8.6606
eta,q 0.97961  8.69350
niter,ni,del,rscale     5    3    5.0000    0.8000
parameters
    2.2658   24.7292   13.2223  -13.3392   -8.9489   -3.6023
    9.7621   -0.6033  -10.1191    4.1860   -0.0893   -9.1745
eta,q 0.98021  8.81487
  0.0220  0.0215  0.0210  0.0221  0.0217  0.0218  0.0211  0.0222  0.0206  0.0212  0.0203  0.0203
  0.0211  0.0209  0.0207  0.0214  0.0210  0.0212  0.0204  0.0210  0.0202  0.0205  0.0200  0.0200
  0.0206  0.0205  0.0205  0.0208  0.0205  0.0206  0.0199  0.0201  0.0199  0.0200  0.0198  0.0198
  0.0204  0.0204  0.0204  0.0204  0.0202  0.0202  0.0198  0.0198  0.0198  0.0198  0.0198  0.0198
  0.0206  0.0206  0.0205  0.0202  0.0203  0.0198  0.0200  0.0201  0.0199  0.0200  0.0199  0.0199
  0.0211  0.0209  0.0207  0.0204  0.0206  0.0198  0.0204  0.0209  0.0202  0.0205  0.0201  0.0202
  0.0219  0.0216  0.0210  0.0209  0.0214  0.0206  0.0212  0.0223  0.0207  0.0213  0.0205  0.0206
niter,ni,del,rscale     4    3    5.0000    0.7000
parameters
    2.2362   24.6982   13.2866  -13.4887   -8.9370   -3.7035
    9.8215   -0.5204  -10.0802    4.2410   -0.1008   -9.0843
eta,q 0.98019  8.80687
  0.0211  0.0207  0.0205  0.0209  0.0209  0.0209  0.0209  0.0217  0.0205  0.0210  0.0202  0.0203
  0.0204  0.0202  0.0201  0.0203  0.0203  0.0205  0.0203  0.0207  0.0201  0.0203  0.0200  0.0201
  0.0199  0.0199  0.0199  0.0200  0.0200  0.0201  0.0199  0.0201  0.0199  0.0200  0.0199  0.0199
  0.0198  0.0198  0.0198  0.0198  0.0198  0.0198  0.0198  0.0198  0.0198  0.0198  0.0198  0.0198
  0.0200  0.0199  0.0198  0.0199  0.0199  0.0198  0.0199  0.0200  0.0199  0.0199  0.0199  0.0199
  0.0204  0.0202  0.0200  0.0203  0.0203  0.0203  0.0203  0.0206  0.0201  0.0203  0.0200  0.0200
  0.0212  0.0208  0.0204  0.0212  0.0209  0.0214  0.0208  0.0216  0.0205  0.0209  0.0203  0.0203
niter,ni,del,rscale     3    3    5.0000    0.6000
parameters
    2.2448   24.6919   13.2751  -13.4046   -8.9145   -3.5057
    9.8150   -0.5000  -10.0915    4.2102   -0.1527   -9.1634
eta,q 0.98023  8.81667
  0.0208  0.0205  0.0203  0.0207  0.0206  0.0208  0.0205  0.0212  0.0203  0.0206  0.0201  0.0202
  0.0203  0.0201  0.0200  0.0203  0.0202  0.0204  0.0201  0.0204  0.0200  0.0202  0.0199  0.0199
  0.0199  0.0199  0.0199  0.0200  0.0199  0.0201  0.0199  0.0200  0.0198  0.0199  0.0198  0.0198
  0.0198  0.0198  0.0198  0.0198  0.0198  0.0198  0.0198  0.0198  0.0198  0.0198  0.0198  0.0198
  0.0199  0.0199  0.0199  0.0198  0.0199  0.0197  0.0199  0.0199  0.0198  0.0199  0.0198  0.0198
  0.0202  0.0201  0.0200  0.0201  0.0202  0.0200  0.0201  0.0204  0.0200  0.0202  0.0199  0.0200
  0.0208  0.0205  0.0203  0.0207  0.0206  0.0208  0.0205  0.0212  0.0203  0.0206  0.0201  0.0202
niter,ni,del,rscale     2    3    5.0000    0.5000
parameters
    2.2441   24.6861   13.2983  -13.3412   -8.9073   -3.2823
    9.8147   -0.4805  -10.0969    4.1989   -0.2013   -9.2391
eta,q 0.98026  8.82593
  0.0205  0.0203  0.0201  0.0204  0.0203  0.0205  0.0203  0.0208  0.0201  0.0204  0.0200  0.0200
  0.0201  0.0200  0.0199  0.0201  0.0200  0.0203  0.0200  0.0202  0.0199  0.0200  0.0198  0.0199
  0.0199  0.0198  0.0198  0.0199  0.0199  0.0200  0.0198  0.0199  0.0198  0.0198  0.0198  0.0198
  0.0198  0.0198  0.0198  0.0198  0.0198  0.0198  0.0197  0.0197  0.0197  0.0197  0.0197  0.0197
  0.0199  0.0198  0.0198  0.0198  0.0198  0.0197  0.0198  0.0199  0.0198  0.0198  0.0198  0.0198
  0.0201  0.0200  0.0199  0.0200  0.0200  0.0200  0.0200  0.0202  0.0199  0.0200  0.0199  0.0199
  0.0205  0.0203  0.0201  0.0204  0.0204  0.0205  0.0203  0.0208  0.0201  0.0204  0.0200  0.0200
niter,ni,del,rscale     1    3    5.0000    0.4000
parameters
    2.2439   24.6826   13.3209  -13.3019   -8.9128   -3.0946
    9.8093   -0.4647  -10.1098    4.1931   -0.2536   -9.2839
eta,q 0.98027  8.83282
  0.0202  0.0201  0.0200  0.0202  0.0201  0.0203  0.0201  0.0204  0.0199  0.0201  0.0199  0.0199
  0.0199  0.0199  0.0198  0.0200  0.0199  0.0201  0.0199  0.0200  0.0198  0.0199  0.0198  0.0198
  0.0198  0.0198  0.0198  0.0198  0.0198  0.0199  0.0198  0.0198  0.0197  0.0198  0.0197  0.0197
  0.0197  0.0197  0.0197  0.0197  0.0197  0.0197  0.0197  0.0197  0.0197  0.0197  0.0197  0.0197
  0.0198  0.0198  0.0198  0.0198  0.0198  0.0197  0.0198  0.0198  0.0198  0.0198  0.0197  0.0197
  0.0199  0.0199  0.0198  0.0199  0.0199  0.0199  0.0199  0.0200  0.0198  0.0199  0.0198  0.0198
  0.0202  0.0201  0.0200  0.0202  0.0201  0.0202  0.0201  0.0204  0.0199  0.0201  0.0199  0.0199
registration optimization eta report
parameter search radius
    0.8000    0.8000    0.8000    2.4000    2.4000    2.4000
    2.4000    2.4000    2.4000    2.4000    2.4000    2.4000
100000*second partial in parameter space
       70.       50.       35.        7.        7.        9.
        6.       12.        4.        7.        3.        3.
  0.0202  0.0201  0.0200  0.0202  0.0201  0.0203  0.0201  0.0204  0.0199  0.0201  0.0199  0.0199
  0.0199  0.0199  0.0198  0.0200  0.0199  0.0201  0.0199  0.0200  0.0198  0.0199  0.0198  0.0198
  0.0198  0.0198  0.0198  0.0198  0.0198  0.0199  0.0198  0.0198  0.0197  0.0198  0.0197  0.0197
  0.0197  0.0197  0.0197  0.0197  0.0197  0.0197  0.0197  0.0197  0.0197  0.0197  0.0197  0.0197
  0.0198  0.0198  0.0198  0.0198  0.0198  0.0197  0.0198  0.0198  0.0198  0.0198  0.0197  0.0197
  0.0199  0.0199  0.0198  0.0199  0.0199  0.0199  0.0199  0.0200  0.0198  0.0199  0.0198  0.0198
  0.0202  0.0201  0.0200  0.0202  0.0201  0.0202  0.0201  0.0204  0.0199  0.0201  0.0199  0.0199
    2.2439   24.6826   13.3209  -13.3019   -8.9128   -3.0946
    9.8093   -0.4647  -10.1098    4.1931   -0.2536   -9.2839
eta,q 0.98027  8.83282

---------------------------------------------------------------------
imgreg_4dfp /opt/freesurfer/average/711-2C_as_mni_average_305 /opt/freesurfer/average/711-2B_as_mni_average_305_mask talsrcimg_g11 none talsrcimg_to_711-2C_as_mni_average_305_t4 2311
---------------------------------------------------------------------

freesurfer imgreg_4dfp.c
/opt/freesurfer/average/711-2C_as_mni_average_305.4dfp.img
       256       256       256         1
  1.000000  1.000000  1.000000
orientation T byte_order littleendian
Reading image: /opt/freesurfer/average/711-2C_as_mni_average_305.4dfp.img
dimensions:      256       256       256
mmppix:       1.0000   -1.0000   -1.0000
center:     128.0000 -129.0000 -129.0000
/opt/freesurfer/average/711-2B_as_mni_average_305_mask.4dfp.img
       256       256       256         1
  1.000000  1.000000  1.000000
orientation T byte_order littleendian
Reading mask: /opt/freesurfer/average/711-2B_as_mni_average_305_mask.4dfp.img (2306576 pixels)
talsrcimg_g11.4dfp.img
       256       256       256         1
  1.000000  1.000000  1.000000
orientation T byte_order littleendian
Reading image: talsrcimg_g11.4dfp.img
dimensions:      256       256       256
mmppix:       1.0000   -1.0000   -1.0000
center:     128.0000 -129.0000 -129.0000
fimgreg.f
image alignment mode   2311 decimal      907 hex
parameters
    2.2439   24.6826   13.3209  -13.3018   -8.9128   -3.0946
    9.8093   -0.4647  -10.1098    4.1931   -0.2536   -9.2839
eta,q 0.98027  8.83282
niter,ni,del,rscale     5    3    5.0000    0.8000
parameters
    2.2372   24.6983   13.3497  -13.6770   -9.0121   -3.7741
    9.8467   -0.5168  -10.0500    4.2612   -0.0731   -8.9822
eta,q 0.98016  8.79549
  0.0215  0.0210  0.0207  0.0211  0.0211  0.0210  0.0212  0.0221  0.0207  0.0213  0.0204  0.0206
  0.0205  0.0203  0.0202  0.0204  0.0204  0.0205  0.0205  0.0209  0.0202  0.0205  0.0201  0.0202
  0.0199  0.0199  0.0198  0.0199  0.0199  0.0201  0.0200  0.0201  0.0199  0.0200  0.0199  0.0200
  0.0197  0.0197  0.0197  0.0197  0.0197  0.0198  0.0198  0.0198  0.0198  0.0198  0.0198  0.0198
  0.0199  0.0199  0.0198  0.0199  0.0199  0.0199  0.0200  0.0201  0.0199  0.0200  0.0199  0.0199
  0.0205  0.0203  0.0201  0.0206  0.0204  0.0209  0.0204  0.0209  0.0202  0.0205  0.0201  0.0201
  0.0215  0.0209  0.0206  0.0218  0.0212  0.0226  0.0212  0.0222  0.0207  0.0212  0.0204  0.0204
niter,ni,del,rscale     4    3    5.0000    0.7000
parameters
    2.2449   24.6924   13.2824  -13.4877   -8.9407   -3.7346
    9.8111   -0.5202  -10.0823    4.2107   -0.0920   -9.0426
eta,q 0.98019  8.80564
  0.0212  0.0208  0.0204  0.0210  0.0209  0.0210  0.0208  0.0216  0.0205  0.0209  0.0202  0.0203
  0.0204  0.0202  0.0201  0.0205  0.0204  0.0206  0.0203  0.0207  0.0201  0.0203  0.0200  0.0201
  0.0200  0.0199  0.0199  0.0201  0.0200  0.0202  0.0199  0.0201  0.0199  0.0199  0.0199  0.0199
  0.0198  0.0198  0.0198  0.0198  0.0198  0.0198  0.0198  0.0198  0.0198  0.0198  0.0198  0.0198
  0.0200  0.0200  0.0199  0.0199  0.0199  0.0198  0.0199  0.0200  0.0199  0.0200  0.0199  0.0199
  0.0204  0.0203  0.0202  0.0202  0.0203  0.0202  0.0203  0.0206  0.0201  0.0203  0.0200  0.0201
  0.0212  0.0208  0.0205  0.0210  0.0209  0.0213  0.0209  0.0217  0.0205  0.0210  0.0203  0.0203
niter,ni,del,rscale     3    3    5.0000    0.6000
parameters
    2.2447   24.6855   13.2764  -13.3940   -8.9095   -3.5024
    9.8117   -0.5029  -10.0976    4.1979   -0.1527   -9.1479
eta,q 0.98023  8.81725
  0.0208  0.0205  0.0203  0.0207  0.0206  0.0208  0.0205  0.0212  0.0203  0.0206  0.0201  0.0202
  0.0203  0.0201  0.0200  0.0203  0.0202  0.0204  0.0201  0.0204  0.0200  0.0202  0.0199  0.0199
  0.0199  0.0199  0.0199  0.0200  0.0199  0.0201  0.0199  0.0200  0.0198  0.0199  0.0198  0.0198
  0.0198  0.0198  0.0198  0.0198  0.0198  0.0198  0.0198  0.0198  0.0198  0.0198  0.0198  0.0198
  0.0199  0.0199  0.0199  0.0199  0.0199  0.0197  0.0199  0.0199  0.0198  0.0199  0.0198  0.0198
  0.0203  0.0201  0.0200  0.0201  0.0202  0.0200  0.0201  0.0204  0.0200  0.0202  0.0199  0.0200
  0.0208  0.0205  0.0203  0.0207  0.0206  0.0208  0.0205  0.0212  0.0203  0.0206  0.0201  0.0202
niter,ni,del,rscale     2    3    5.0000    0.5000
parameters
    2.2446   24.6835   13.2958  -13.3378   -8.9056   -3.2871
    9.8152   -0.4799  -10.1000    4.1995   -0.1983   -9.2373
eta,q 0.98025  8.82595
  0.0205  0.0203  0.0201  0.0204  0.0203  0.0205  0.0203  0.0208  0.0201  0.0204  0.0200  0.0200
  0.0201  0.0200  0.0199  0.0201  0.0200  0.0203  0.0200  0.0202  0.0199  0.0200  0.0198  0.0199
  0.0198  0.0198  0.0198  0.0199  0.0198  0.0200  0.0198  0.0199  0.0198  0.0198  0.0198  0.0198
  0.0198  0.0198  0.0198  0.0198  0.0198  0.0198  0.0197  0.0197  0.0197  0.0197  0.0197  0.0197
  0.0199  0.0198  0.0198  0.0198  0.0198  0.0197  0.0198  0.0199  0.0198  0.0198  0.0198  0.0198
  0.0201  0.0200  0.0199  0.0200  0.0200  0.0200  0.0200  0.0202  0.0199  0.0200  0.0199  0.0199
  0.0205  0.0203  0.0201  0.0204  0.0204  0.0205  0.0203  0.0208  0.0201  0.0204  0.0200  0.0200
niter,ni,del,rscale     1    3    5.0000    0.4000
parameters
    2.2418   24.6839   13.3212  -13.3037   -8.9137   -3.0919
    9.8086   -0.4687  -10.1088    4.2005   -0.2443   -9.2863
eta,q 0.98027  8.83282
  0.0202  0.0201  0.0200  0.0202  0.0201  0.0203  0.0201  0.0204  0.0199  0.0201  0.0199  0.0199
  0.0199  0.0199  0.0199  0.0200  0.0199  0.0201  0.0199  0.0200  0.0198  0.0199  0.0198  0.0198
  0.0198  0.0198  0.0198  0.0198  0.0198  0.0199  0.0198  0.0198  0.0197  0.0198  0.0197  0.0197
  0.0197  0.0197  0.0197  0.0197  0.0197  0.0197  0.0197  0.0197  0.0197  0.0197  0.0197  0.0197
  0.0198  0.0198  0.0198  0.0198  0.0198  0.0197  0.0198  0.0198  0.0198  0.0198  0.0197  0.0198
  0.0199  0.0199  0.0198  0.0199  0.0199  0.0199  0.0199  0.0200  0.0198  0.0199  0.0198  0.0198
  0.0202  0.0201  0.0200  0.0202  0.0201  0.0202  0.0201  0.0204  0.0199  0.0201  0.0199  0.0199
registration optimization eta report
parameter search radius
    0.8000    0.8000    0.8000    2.4000    2.4000    2.4000
    2.4000    2.4000    2.4000    2.4000    2.4000    2.4000
100000*second partial in parameter space
       70.       48.       36.        7.        7.        9.
        6.       12.        4.        7.        3.        3.
  0.0202  0.0201  0.0200  0.0202  0.0201  0.0203  0.0201  0.0204  0.0199  0.0201  0.0199  0.0199
  0.0199  0.0199  0.0199  0.0200  0.0199  0.0201  0.0199  0.0200  0.0198  0.0199  0.0198  0.0198
  0.0198  0.0198  0.0198  0.0198  0.0198  0.0199  0.0198  0.0198  0.0197  0.0198  0.0197  0.0197
  0.0197  0.0197  0.0197  0.0197  0.0197  0.0197  0.0197  0.0197  0.0197  0.0197  0.0197  0.0197
  0.0198  0.0198  0.0198  0.0198  0.0198  0.0197  0.0198  0.0198  0.0198  0.0198  0.0197  0.0198
  0.0199  0.0199  0.0198  0.0199  0.0199  0.0199  0.0199  0.0200  0.0198  0.0199  0.0198  0.0198
  0.0202  0.0201  0.0200  0.0202  0.0201  0.0202  0.0201  0.0204  0.0199  0.0201  0.0199  0.0199
    2.2418   24.6839   13.3212  -13.3037   -8.9137   -3.0919
    9.8086   -0.4687  -10.1088    4.2005   -0.2443   -9.2863
eta,q 0.98027  8.83282

---------------------------------------------------------------------
compute_vox2vox talsrcimg talsrcimg_to_711-2C_as_mni_average_305_t4 /opt/freesurfer/average/711-2C_as_mni_average_305
---------------------------------------------------------------------

freesurfer compute_vox2vox.c
Reading: talsrcimg.4dfp.ifh
Reading: talsrcimg_to_711-2C_as_mni_average_305_t4
Reading: /opt/freesurfer/average/711-2C_as_mni_average_305.4dfp.ifh
Writing: talsrcimg_to_711-2C_as_mni_average_305_t4_vox2vox.txt

start time Sun Mar 15 11:23:04 CET 2026
end		time Sun Mar 15 11:23:18 CET 2026

mpr2mni305 success

avi2talxfm orig_nu.mgz /opt/freesurfer/average/mni305.cor.mgz talsrcimg_to_711-2C_as_mni_average_305_t4_vox2vox.txt transforms/talairach.auto.xfm
avi2talxfm done
mv -f /out/sourcedata/freesurfer/sub-v2s10x30158_ses-1/mri/talsrcimg_to_711-2C_as_mni_average_305_t4_vox2vox.txt /out/sourcedata/freesurfer/sub-v2s10x30158_ses-1/mri/transforms/talsrcimg_to_711-2C_as_mni_average_305_t4_vox2vox.txt
lta_convert --src orig_nu.mgz --trg /opt/freesurfer/average/mni305.cor.mgz --inxfm transforms/talairach.auto.xfm --outlta transforms/talairach.auto.xfm.lta --subject fsaverage
7.3.2

--src: orig_nu.mgz src image (geometry).
--trg: /opt/freesurfer/average/mni305.cor.mgz trg image (geometry).
--inmni: transforms/talairach.auto.xfm input MNI/XFM transform.
--outlta: transforms/talairach.auto.xfm.lta output LTA.
--s: fsaverage subject name
 LTA read, type : 1
 1.13930   0.01078  -0.12159   1.64584;
 0.01492   1.02751   0.10315  -23.38545;
 0.12575  -0.04619   1.07961  -10.27586;
 0.00000   0.00000   0.00000   1.00000;
setting subject to fsaverage
Writing  LTA to file transforms/talairach.auto.xfm.lta...
lta_convert successful.
 
 
Started at Sun Mar 15 11:23:04 CET 2026
Ended   at Sun Mar 15 11:23:18 CET 2026
talairach_avi done
