status file for recon-all
Sun Mar 15 12:09:12 CET 2026
#@# Tessellate lh Sun Mar 15 12:09:12 CET 2026
#@# Smooth1 lh Sun Mar 15 12:09:15 CET 2026
#@# Inflation1 lh Sun Mar 15 12:09:17 CET 2026
#@# QSphere lh Sun Mar 15 12:09:24 CET 2026
#@# Fix Topology lh Sun Mar 15 12:10:04 CET 2026
#@# Smooth2 lh Sun Mar 15 12:13:38 CET 2026
#@# Inflation2 lh Sun Mar 15 12:13:40 CET 2026
#@# Curv .H and .K lh Sun Mar 15 12:13:47 CET 2026
#@# Sphere lh Sun Mar 15 12:14:21 CET 2026
#@# Surf Reg lh Sun Mar 15 12:16:25 CET 2026
#@# Jacobian white lh Sun Mar 15 12:18:44 CET 2026
#@# AvgCurv lh Sun Mar 15 12:18:44 CET 2026
#@# Cortical Parc lh Sun Mar 15 12:18:45 CET 2026
#@# white curv lh Sun Mar 15 12:23:24 CET 2026
#@# white area lh Sun Mar 15 12:23:25 CET 2026
#@# pial curv lh Sun Mar 15 12:23:26 CET 2026
#@# pial area lh Sun Mar 15 12:23:27 CET 2026
#@# thickness lh Sun Mar 15 12:23:27 CET 2026
#@# area and vertex vol lh Sun Mar 15 12:23:44 CET 2026
#@# Curvature Stats lh Sun Mar 15 12:23:45 CET 2026
#@# Cortical Parc 2 lh Sun Mar 15 12:23:46 CET 2026
#@# Cortical Parc 3 lh Sun Mar 15 12:23:55 CET 2026
#@# WM/GM Contrast lh Sun Mar 15 12:24:02 CET 2026
recon-all -s sub-v2s10x29000_ses-1 finished without error at Sun Mar 15 12:24:04 CET 2026



#New# invocation of recon-all 



status file for recon-all
Sun Mar 15 12:42:12 CET 2026
#@# white curv lh Sun Mar 15 12:42:12 CET 2026
#@# white area lh Sun Mar 15 12:42:12 CET 2026
#@# pial curv lh Sun Mar 15 12:42:13 CET 2026
#@# pial area lh Sun Mar 15 12:42:13 CET 2026
#@# thickness lh Sun Mar 15 12:42:13 CET 2026
#@# area and vertex vol lh Sun Mar 15 12:42:13 CET 2026
#@# Parcellation Stats lh Sun Mar 15 12:42:13 CET 2026
#@# Parcellation Stats 2 lh Sun Mar 15 12:42:25 CET 2026
#@# Parcellation Stats 3 lh Sun Mar 15 12:42:31 CET 2026
#@# BA_exvivo Labels lh Sun Mar 15 12:42:37 CET 2026
recon-all -s sub-v2s10x29000_ses-1 finished without error at Sun Mar 15 12:44:15 CET 2026
