/out/sourcedata/freesurfer/sub-v2s10x28934_ses-1/mri
/opt/freesurfer/bin/talairach_avi
--i orig_nu.mgz --xfm transforms/talairach.auto.xfm
talairach_avi 7.3.2
Linux dna069 5.14.0-427.37.1.el9_4.x86_64 #1 SMP PREEMPT_DYNAMIC Fri Sep 13 12:41:50 EDT 2024 x86_64 x86_64 x86_64 GNU/Linux
Sun Mar 15 08:14:09 CET 2026
mri_convert orig_nu.mgz talsrcimg.img 
reading from orig_nu.mgz...
TR=0.00, TE=0.00, TI=0.00, flip angle=0.00
i_ras = (-1, 0, 0)
j_ras = (0, 0, -1)
k_ras = (0, 1, 0)
writing to talsrcimg.img...
Analyze Output Matrix
-1.00000   0.00000   0.00000   128.38451;
 0.00000   0.00000   1.00000  -100.34248;
 0.00000  -1.00000   0.00000   111.88634;
 0.00000   0.00000   0.00000   1.00000;
--------------------
INFO: set hdr.hist.orient to -1
mpr2mni305 talsrcimg
Sun Mar 15 08:14:10 CET 2026
/opt/freesurfer/bin/mpr2mni305 talsrcimg
mpr2mni305 7.3.2
target=711-2C_as_mni_average_305

---------------------------------------------------------------------
analyzeto4dfp talsrcimg -O0 -y
---------------------------------------------------------------------

freesurfer ifh2hdr.c
Sun Mar 15 08:14:10 2026
Writing: talsrcimg.4dfp.hdr
freesurfer analyzeto4dfp.c
Reading: talsrcimg.hdr
header size 348 bytes
hdr.dime.datatype	offset=70	value=2
hdr.dime.bitpix		offset=72	value=8
hdr.hist.orient		offset=252	value=-1
dimensionality     4
dimensions       256       256       256         1
Reading: talsrcimg.img
Writing: talsrcimg.4dfp.img
Writing: talsrcimg.4dfp.ifh
ifh2hdr talsrcimg -r0to208
ori=2

---------------------------------------------------------------------
gauss_4dfp talsrcimg 1.1
---------------------------------------------------------------------

freesurfer gauss_4dfp.c
Reading: talsrcimg.4dfp.img
Writing: talsrcimg_g11.4dfp.img
image dimensions 256 256 256 padded to 288 288 288
processing volume 1freesurfer ifh2hdr.c
Sun Mar 15 08:14:11 2026
Writing: talsrcimg_g11.4dfp.hdr

Writing: talsrcimg_g11.4dfp.ifh
including: talsrcimg.4dfp.img.rec in talsrcimg_g11.4dfp.img.rec

---------------------------------------------------------------------
imgreg_4dfp /opt/freesurfer/average/711-2C_as_mni_average_305 none talsrcimg_g11 none talsrcimg_to_711-2C_as_mni_average_305_t4 4355
---------------------------------------------------------------------

freesurfer imgreg_4dfp.c
/opt/freesurfer/average/711-2C_as_mni_average_305.4dfp.img
       256       256       256         1
  1.000000  1.000000  1.000000
orientation T byte_order littleendian
Reading image: /opt/freesurfer/average/711-2C_as_mni_average_305.4dfp.img
dimensions:      256       256       256
mmppix:       1.0000   -1.0000   -1.0000
center:     128.0000 -129.0000 -129.0000
talsrcimg_g11.4dfp.img
       256       256       256         1
  1.000000  1.000000  1.000000
orientation T byte_order littleendian
Reading image: talsrcimg_g11.4dfp.img
dimensions:      256       256       256
mmppix:       1.0000   -1.0000   -1.0000
center:     128.0000 -129.0000 -129.0000
t4_read: open error in t4_sub.f l:  41 t4_file(1:l)talsrcimg_to_711-2C_as_mni_average_305_t4 
t4_read: transform initialized to I4
rotation matrix determinant  1.000000
image alignment mode   4355 decimal     1103 hex
   -7.5000  -45.0000  -45.0000 5637.1318   19.2849
    0.0000  -45.0000  -45.0000 5828.0029   19.3885
    7.5000  -45.0000  -45.0000 5592.5894   19.4085
   -7.5000  -37.5000  -45.0000 6319.2607   18.2940
    0.0000  -37.5000  -45.0000 6546.0669   18.3798
    7.5000  -37.5000  -45.0000 6263.7402   18.3896
   -7.5000  -30.0000  -45.0000 7279.6143   17.5424
    0.0000  -30.0000  -45.0000 7558.2402   17.6231
    7.5000  -30.0000  -45.0000 7225.2056   17.6271
   -7.5000  -22.5000  -45.0000 8284.0186   17.0666
    0.0000  -22.5000  -45.0000 8610.4980   17.1556
    7.5000  -22.5000  -45.0000 8213.5283   17.1610
   -7.5000  -15.0000  -45.0000 9316.3613   16.7643
    0.0000  -15.0000  -45.0000 9709.6602   16.8617
    7.5000  -15.0000  -45.0000 9236.8271   16.8722
   -7.5000   -7.5000  -45.000010420.6426   16.5927
    0.0000   -7.5000  -45.000010857.7598   16.6843
    7.5000   -7.5000  -45.000010309.5928   16.6957
   -7.5000    0.0000  -45.000011557.0459   16.5667
    0.0000    0.0000  -45.000012026.9600   16.6438
    7.5000    0.0000  -45.000011408.9414   16.6517
   -7.5000    7.5000  -45.000011887.8398   16.4893
    0.0000    7.5000  -45.000012343.1230   16.5575
    7.5000    7.5000  -45.000011728.2900   16.5606
   -7.5000   15.0000  -45.000012016.9863   16.4275
    0.0000   15.0000  -45.000012465.0850   16.4986
    7.5000   15.0000  -45.000011874.6309   16.4993
   -7.5000   22.5000  -45.000011910.7129   16.4504
    0.0000   22.5000  -45.000012370.9600   16.5342
    7.5000   22.5000  -45.000011795.4170   16.5379
   -7.5000   30.0000  -45.000011708.8066   16.3079
    0.0000   30.0000  -45.000012162.9736   16.4022
    7.5000   30.0000  -45.000011597.6309   16.4117
   -7.5000   37.5000  -45.000011899.4844   16.3570
    0.0000   37.5000  -45.000012366.8320   16.4473
    7.5000   37.5000  -45.000011773.3008   16.4586
   -7.5000   45.0000  -45.000011635.8691   15.9309
    0.0000   45.0000  -45.000012102.8506   16.0050
    7.5000   45.0000  -45.000011496.1182   16.0126
   -7.5000  -45.0000  -37.5000 5887.6143   19.2823
    0.0000  -45.0000  -37.5000 6082.8208   19.3856
    7.5000  -45.0000  -37.5000 5822.3770   19.4005
   -7.5000  -37.5000  -37.5000 6592.4438   18.2935
    0.0000  -37.5000  -37.5000 6830.9512   18.3782
    7.5000  -37.5000  -37.5000 6517.9985   18.3803
   -7.5000  -30.0000  -37.5000 7587.2065   17.5523
    0.0000  -30.0000  -37.5000 7879.8403   17.6297
    7.5000  -30.0000  -37.5000 7518.2065   17.6241
   -7.5000  -22.5000  -37.5000 8657.4512   17.0735
    0.0000  -22.5000  -37.5000 9005.0312   17.1594
    7.5000  -22.5000  -37.5000 8566.0664   17.1585
   -7.5000  -15.0000  -37.5000 9747.8574   16.7607
    0.0000  -15.0000  -37.500010151.0889   16.8563
    7.5000  -15.0000  -37.5000 9646.6084   16.8650
   -7.5000   -7.5000  -37.500010892.9609   16.5804
    0.0000   -7.5000  -37.500011332.9697   16.6715
    7.5000   -7.5000  -37.500010763.1719   16.6827
   -7.5000    0.0000  -37.500012070.4727   16.5541
    0.0000    0.0000  -37.500012541.3232   16.6310
    7.5000    0.0000  -37.500011912.2207   16.6369
   -7.5000    7.5000  -37.500012399.8203   16.4857
    0.0000    7.5000  -37.500012858.0234   16.5527
    7.5000    7.5000  -37.500012231.9971   16.5499
   -7.5000   15.0000  -37.500012549.3525   16.4338
    0.0000   15.0000  -37.500012987.1348   16.5024
    7.5000   15.0000  -37.500012384.6172   16.4951
   -7.5000   22.5000  -37.500012444.0332   16.4567
    0.0000   22.5000  -37.500012898.1221   16.5378
    7.5000   22.5000  -37.500012291.6836   16.5357
   -7.5000   30.0000  -37.500012239.1250   16.3046
    0.0000   30.0000  -37.500012685.2979   16.3972
    7.5000   30.0000  -37.500012074.7021   16.4050
   -7.5000   37.5000  -37.500012416.5615   16.3450
    0.0000   37.5000  -37.500012879.8584   16.4348
    7.5000   37.5000  -37.500012242.4922   16.4457
   -7.5000   45.0000  -37.500012125.7754   15.9188
    0.0000   45.0000  -37.500012582.4570   15.9927
    7.5000   45.0000  -37.500011946.7510   15.9983
   -7.5000  -45.0000  -30.0000 6207.3237   20.1392
    0.0000  -45.0000  -30.0000 6400.2959   20.2510
    7.5000  -45.0000  -30.0000 6129.3965   20.2485
   -7.5000  -37.5000  -30.0000 6949.4072   19.1022
    0.0000  -37.5000  -30.0000 7196.5396   19.1966
    7.5000  -37.5000  -30.0000 6871.5127   19.1850
   -7.5000  -30.0000  -30.0000 8007.6958   18.3261
    0.0000  -30.0000  -30.0000 8314.8516   18.4125
    7.5000  -30.0000  -30.0000 7932.9717   18.3970
   -7.5000  -22.5000  -30.0000 9166.5908   17.8191
    0.0000  -22.5000  -30.0000 9524.7510   17.9141
    7.5000  -22.5000  -30.0000 9068.6475   17.9068
   -7.5000  -15.0000  -30.000010322.6104   17.4864
    0.0000  -15.0000  -30.000010736.4209   17.5893
    7.5000  -15.0000  -30.000010222.4131   17.5912
   -7.5000   -7.5000  -30.000011529.5459   17.2948
    0.0000   -7.5000  -30.000011971.5293   17.3914
    7.5000   -7.5000  -30.000011382.5713   17.3933
   -7.5000    0.0000  -30.000012753.1504   17.2687
    0.0000    0.0000  -30.000013220.6699   17.3515
    7.5000    0.0000  -30.000012574.4512   17.3461
   -7.5000    7.5000  -30.000013113.7139   17.2023
    0.0000    7.5000  -30.000013574.4268   17.2768
    7.5000    7.5000  -30.000012910.8057   17.2638
   -7.5000   15.0000  -30.000013278.9590   17.1521
    0.0000   15.0000  -30.000013735.1123   17.2294
    7.5000   15.0000  -30.000013063.3477   17.2143
   -7.5000   22.5000  -30.000013176.2402   17.1723
    0.0000   22.5000  -30.000013653.4492   17.2621
    7.5000   22.5000  -30.000012978.4688   17.2540
   -7.5000   30.0000  -30.000012942.1484   17.0120
    0.0000   30.0000  -30.000013423.2627   17.1114
    7.5000   30.0000  -30.000012728.3291   17.1127
   -7.5000   37.5000  -30.000013085.5537   17.0509
    0.0000   37.5000  -30.000013583.8848   17.1462
    7.5000   37.5000  -30.000012865.9971   17.1480
   -7.5000   45.0000  -30.000012782.2734   16.6181
    0.0000   45.0000  -30.000013280.7998   16.6978
    7.5000   45.0000  -30.000012562.6826   16.6926
   -7.5000  -45.0000  -22.5000 6451.1230   20.8862
    0.0000  -45.0000  -22.5000 6666.3945   21.0066
    7.5000  -45.0000  -22.5000 6371.7212   20.9895
   -7.5000  -37.5000  -22.5000 7246.1587   19.8043
    0.0000  -37.5000  -22.5000 7512.3418   19.9096
    7.5000  -37.5000  -22.5000 7184.0767   19.8912
   -7.5000  -30.0000  -22.5000 8404.3711   18.9849
    0.0000  -30.0000  -22.5000 8724.0576   19.0845
    7.5000  -30.0000  -22.5000 8341.5684   19.0688
   -7.5000  -22.5000  -22.5000 9644.6133   18.4556
    0.0000  -22.5000  -22.500010029.0928   18.5635
    7.5000  -22.5000  -22.5000 9568.7393   18.5553
   -7.5000  -15.0000  -22.500010876.6553   18.1167
    0.0000  -15.0000  -22.500011305.1689   18.2284
    7.5000  -15.0000  -22.500010772.8076   18.2235
   -7.5000   -7.5000  -22.500012122.4102   17.9240
    0.0000   -7.5000  -22.500012573.9814   18.0261
    7.5000   -7.5000  -22.500011980.2344   18.0167
   -7.5000    0.0000  -22.500013398.0986   17.8989
    0.0000    0.0000  -22.500013889.1025   17.9873
    7.5000    0.0000  -22.500013215.6123   17.9711
   -7.5000    7.5000  -22.500013745.6426   17.8253
    0.0000    7.5000  -22.500014248.8496   17.9087
    7.5000    7.5000  -22.500013542.1572   17.8905
   -7.5000   15.0000  -22.500013918.5117   17.7658
    0.0000   15.0000  -22.500014427.1045   17.8553
    7.5000   15.0000  -22.500013692.8711   17.8403
   -7.5000   22.5000  -22.500013882.3174   17.7838
    0.0000   22.5000  -22.500014378.4355   17.8854
    7.5000   22.5000  -22.500013650.8779   17.8766
   -7.5000   30.0000  -22.500013628.7334   17.6271
    0.0000   30.0000  -22.500014162.1035   17.7351
    7.5000   30.0000  -22.500013372.8760   17.7299
   -7.5000   37.5000  -22.500013744.0518   17.6740
    0.0000   37.5000  -22.500014311.1816   17.7747
    7.5000   37.5000  -22.500013485.1787   17.7654
   -7.5000   45.0000  -22.500013401.9375   17.2376
    0.0000   45.0000  -22.500013968.1240   17.3226
    7.5000   45.0000  -22.500013158.8115   17.3071
   -7.5000  -45.0000  -15.0000 6680.2065   21.3949
    0.0000  -45.0000  -15.0000 6898.2646   21.5193
    7.5000  -45.0000  -15.0000 6612.7524   21.5052
   -7.5000  -37.5000  -15.0000 7526.2788   20.2845
    0.0000  -37.5000  -15.0000 7794.9771   20.3948
    7.5000  -37.5000  -15.0000 7474.6489   20.3833
   -7.5000  -30.0000  -15.0000 8748.2344   19.4328
    0.0000  -30.0000  -15.0000 9088.2910   19.5397
    7.5000  -30.0000  -15.0000 8692.0908   19.5335
   -7.5000  -22.5000  -15.000010069.1260   18.8932
    0.0000  -22.5000  -15.000010471.7705   19.0081
    7.5000  -22.5000  -15.0000 9996.2031   19.0064
   -7.5000  -15.0000  -15.000011396.9619   18.5572
    0.0000  -15.0000  -15.000011840.5781   18.6739
    7.5000  -15.0000  -15.000011276.7588   18.6702
   -7.5000   -7.5000  -15.000012696.3945   18.3692
    0.0000   -7.5000  -15.000013184.5332   18.4746
    7.5000   -7.5000  -15.000012542.5645   18.4639
   -7.5000    0.0000  -15.000014015.2500   18.3445
    0.0000    0.0000  -15.000014547.6045   18.4357
    7.5000    0.0000  -15.000013815.4365   18.4199
   -7.5000    7.5000  -15.000014298.5859   18.2597
    0.0000    7.5000  -15.000014840.7510   18.3474
    7.5000    7.5000  -15.000014090.0010   18.3342
   -7.5000   15.0000  -15.000014436.1631   18.1880
    0.0000   15.0000  -15.000014967.2393   18.2837
    7.5000   15.0000  -15.000014225.5742   18.2766
   -7.5000   22.5000  -15.000014516.5557   18.2052
    0.0000   22.5000  -15.000015081.6143   18.3132
    7.5000   22.5000  -15.000014252.3926   18.3102
   -7.5000   30.0000  -15.000014300.6289   18.0579
    0.0000   30.0000  -15.000014942.3604   18.1708
    7.5000   30.0000  -15.000013997.9551   18.1667
   -7.5000   37.5000  -15.000014420.2031   18.1155
    0.0000   37.5000  -15.000015060.3857   18.2195
    7.5000   37.5000  -15.000014121.4893   18.2090
   -7.5000   45.0000  -15.000014021.6523   17.6773
    0.0000   45.0000  -15.000014621.6074   17.7652
    7.5000   45.0000  -15.000013730.7295   17.7500
   -7.5000  -45.0000   -7.5000 6903.6543   21.5923
    0.0000  -45.0000   -7.5000 7108.3027   21.7136
    7.5000  -45.0000   -7.5000 6811.1719   21.7201
   -7.5000  -37.5000   -7.5000 7824.5361   20.4762
    0.0000  -37.5000   -7.5000 8073.1074   20.5810
    7.5000  -37.5000   -7.5000 7728.9609   20.5845
   -7.5000  -30.0000   -7.5000 9127.4043   19.6200
    0.0000  -30.0000   -7.5000 9466.4980   19.7213
    7.5000  -30.0000   -7.5000 9027.4922   19.7256
   -7.5000  -22.5000   -7.500010503.7520   19.0824
    0.0000  -22.5000   -7.500010915.5029   19.1921
    7.5000  -22.5000   -7.500010392.8408   19.1981
   -7.5000  -15.0000   -7.500011835.6035   18.7490
    0.0000  -15.0000   -7.500012308.6602   18.8635
    7.5000  -15.0000   -7.500011711.6973   18.8689
   -7.5000   -7.5000   -7.500013176.4434   18.5626
    0.0000   -7.5000   -7.500013713.7041   18.6678
    7.5000   -7.5000   -7.500013045.8301   18.6689
   -7.5000    0.0000   -7.500014518.8750   18.5360
    0.0000    0.0000   -7.500015138.6211   18.6257
    7.5000    0.0000   -7.500014379.7012   18.6231
   -7.5000    7.5000   -7.500014791.4814   18.4454
    0.0000    7.5000   -7.500015402.8271   18.5289
    7.5000    7.5000   -7.500014653.5703   18.5270
   -7.5000   15.0000   -7.500014946.5039   18.3695
    0.0000   15.0000   -7.500015557.0908   18.4593
    7.5000   15.0000   -7.500014785.5850   18.4605
   -7.5000   22.5000   -7.500015105.3838   18.3868
    0.0000   22.5000   -7.500015819.2695   18.4899
    7.5000   22.5000   -7.500014845.2490   18.4939
   -7.5000   30.0000   -7.500015051.1748   18.2446
    0.0000   30.0000   -7.500015760.9570   18.3554
    7.5000   30.0000   -7.500014653.2852   18.3600
   -7.5000   37.5000   -7.500015262.9756   18.3057
    0.0000   37.5000   -7.500015913.9307   18.4094
    7.5000   37.5000   -7.500014813.6113   18.4105
   -7.5000   45.0000   -7.500014826.7578   17.8652
    0.0000   45.0000   -7.500015405.4189   17.9516
    7.5000   45.0000   -7.500014380.0928   17.9492
   -7.5000  -45.0000    0.0000 7016.2681   21.5804
    0.0000  -45.0000    0.0000 7225.7900   21.6963
    7.5000  -45.0000    0.0000 6925.8413   21.7186
   -7.5000  -37.5000    0.0000 7956.1055   20.4714
    0.0000  -37.5000    0.0000 8212.5215   20.5675
    7.5000  -37.5000    0.0000 7845.7622   20.5784
   -7.5000  -30.0000    0.0000 9322.0049   19.6304
    0.0000  -30.0000    0.0000 9666.5322   19.7208
    7.5000  -30.0000    0.0000 9187.3955   19.7252
   -7.5000  -22.5000    0.000010766.8672   19.0980
    0.0000  -22.5000    0.000011207.1377   19.1975
    7.5000  -22.5000    0.000010607.2471   19.2036
   -7.5000  -15.0000    0.000012154.0986   18.7597
    0.0000  -15.0000    0.000012682.5586   18.8687
    7.5000  -15.0000    0.000011986.0850   18.8804
   -7.5000   -7.5000    0.000013555.7803   18.5677
    0.0000   -7.5000    0.000014150.2832   18.6701
    7.5000   -7.5000    0.000013382.6123   18.6830
   -7.5000    0.0000    0.000014961.5244   18.5386
    0.0000    0.0000    0.000015630.0166   18.6249
    7.5000    0.0000    0.000014782.7109   18.6337
   -7.5000    7.5000    0.000015310.2637   18.4519
    0.0000    7.5000    0.000015957.5557   18.5283
    7.5000    7.5000    0.000015073.9678   18.5318
   -7.5000   15.0000    0.000015532.3428   18.3828
    0.0000   15.0000    0.000016170.5469   18.4624
    7.5000   15.0000    0.000015247.1475   18.4631
   -7.5000   22.5000    0.000015616.4951   18.4025
    0.0000   22.5000    0.000016275.2188   18.4963
    7.5000   22.5000    0.000015235.8691   18.5004
   -7.5000   30.0000    0.000015544.4805   18.2561
    0.0000   30.0000    0.000016155.7686   18.3617
    7.5000   30.0000    0.000014993.3057   18.3723
   -7.5000   37.5000    0.000015844.6094   18.3111
    0.0000   37.5000    0.000016407.7637   18.4122
    7.5000   37.5000    0.000015189.3223   18.4248
   -7.5000   45.0000    0.000015386.1377   17.8691
    0.0000   45.0000    0.000015959.4580   17.9522
    7.5000   45.0000    0.000014784.1416   17.9608
   -7.5000  -45.0000    7.5000 6523.2505   21.5774
    0.0000  -45.0000    7.5000 6723.5581   21.6930
    7.5000  -45.0000    7.5000 6455.9780   21.7096
   -7.5000  -37.5000    7.5000 7440.8481   20.4709
    0.0000  -37.5000    7.5000 7696.6733   20.5657
    7.5000  -37.5000    7.5000 7340.5337   20.5681
   -7.5000  -30.0000    7.5000 8729.1055   19.6415
    0.0000  -30.0000    7.5000 9073.4717   19.7281
    7.5000  -30.0000    7.5000 8600.5605   19.7218
   -7.5000  -22.5000    7.500010092.8164   19.1057
    0.0000  -22.5000    7.500010527.6045   19.2018
    7.5000  -22.5000    7.5000 9932.2520   19.2009
   -7.5000  -15.0000    7.500011425.7383   18.7556
    0.0000  -15.0000    7.500011922.5312   18.8626
    7.5000  -15.0000    7.500011239.2852   18.8724
   -7.5000   -7.5000    7.500012776.0410   18.5539
    0.0000   -7.5000    7.500013318.6914   18.6559
    7.5000   -7.5000    7.500012579.0645   18.6684
   -7.5000    0.0000    7.500014158.5820   18.5245
    0.0000    0.0000    7.500014771.6240   18.6106
    7.5000    0.0000    7.500013932.8379   18.6171
   -7.5000    7.5000    7.500014522.0850   18.4479
    0.0000    7.5000    7.500015119.6348   18.5229
    7.5000    7.5000    7.500014282.1465   18.5198
   -7.5000   15.0000    7.500014701.2812   18.3899
    0.0000   15.0000    7.500015292.9814   18.4666
    7.5000   15.0000    7.500014479.3232   18.4584
   -7.5000   22.5000    7.500014650.5215   18.4095
    0.0000   22.5000    7.500015243.5449   18.5002
    7.5000   22.5000    7.500014397.8389   18.4979
   -7.5000   30.0000    7.500014375.8398   18.2524
    0.0000   30.0000    7.500014935.2402   18.3560
    7.5000   30.0000    7.500014112.5938   18.3648
   -7.5000   37.5000    7.500014516.8018   18.2976
    0.0000   37.5000    7.500015114.2725   18.3981
    7.5000   37.5000    7.500014282.6426   18.4104
   -7.5000   45.0000    7.500014198.5176   17.8555
    0.0000   45.0000    7.500014827.3740   17.9385
    7.5000   45.0000    7.500013949.3320   17.9447
   -7.5000  -45.0000   15.0000 5976.5024   21.6711
    0.0000  -45.0000   15.0000 6165.0278   21.7912
    7.5000  -45.0000   15.0000 5913.3286   21.7884
   -7.5000  -37.5000   15.0000 6820.1978   20.5541
    0.0000  -37.5000   15.0000 7080.4707   20.6554
    7.5000  -37.5000   15.0000 6735.4922   20.6429
   -7.5000  -30.0000   15.0000 7997.7334   19.7175
    0.0000  -30.0000   15.0000 8334.1475   19.8102
    7.5000  -30.0000   15.0000 7899.8174   19.7935
   -7.5000  -22.5000   15.0000 9247.7822   19.1711
    0.0000  -22.5000   15.0000 9656.6484   19.2732
    7.5000  -22.5000   15.0000 9127.5195   19.2653
   -7.5000  -15.0000   15.000010478.6943   18.8127
    0.0000  -15.0000   15.000010929.7441   18.9232
    7.5000  -15.0000   15.000010357.0996   18.9252
   -7.5000   -7.5000   15.000011759.1250   18.6062
    0.0000   -7.5000   15.000012241.9141   18.7100
    7.5000   -7.5000   15.000011630.0674   18.7120
   -7.5000    0.0000   15.000013019.4531   18.5781
    0.0000    0.0000   15.000013568.9775   18.6669
    7.5000    0.0000   15.000012910.9121   18.6611
   -7.5000    7.5000   15.000013327.0547   18.5063
    0.0000    7.5000   15.000013853.6895   18.5862
    7.5000    7.5000   15.000013250.8623   18.5722
   -7.5000   15.0000   15.000013474.4316   18.4521
    0.0000   15.0000   15.000013973.1367   18.5351
    7.5000   15.0000   15.000013398.7959   18.5188
   -7.5000   22.5000   15.000013410.2705   18.4699
    0.0000   22.5000   15.000013893.8203   18.5663
    7.5000   22.5000   15.000013309.7607   18.5576
   -7.5000   30.0000   15.000013157.7812   18.3072
    0.0000   30.0000   15.000013625.4590   18.4140
    7.5000   30.0000   15.000013050.1260   18.4154
   -7.5000   37.5000   15.000013318.1289   18.3492
    0.0000   37.5000   15.000013817.1514   18.4516
    7.5000   37.5000   15.000013214.1201   18.4536
   -7.5000   45.0000   15.000013032.3936   17.9071
    0.0000   45.0000   15.000013565.4141   17.9928
    7.5000   45.0000   15.000012904.3623   17.9871
   -7.5000  -45.0000   22.5000 5496.2114   22.0388
    0.0000  -45.0000   22.5000 5667.8027   22.1659
    7.5000  -45.0000   22.5000 5428.3398   22.1480
   -7.5000  -37.5000   22.5000 6257.0161   20.8848
    0.0000  -37.5000   22.5000 6514.4077   20.9959
    7.5000  -37.5000   22.5000 6184.1279   20.9765
   -7.5000  -30.0000   22.5000 7331.2148   20.0137
    0.0000  -30.0000   22.5000 7646.4004   20.1186
    7.5000  -30.0000   22.5000 7236.4546   20.1021
   -7.5000  -22.5000   22.5000 8446.7051   19.4535
    0.0000  -22.5000   22.5000 8808.9561   19.5673
    7.5000  -22.5000   22.5000 8352.5049   19.5590
   -7.5000  -15.0000   22.5000 9559.5449   19.0949
    0.0000  -15.0000   22.5000 9955.5088   19.2126
    7.5000  -15.0000   22.5000 9472.3311   19.2078
   -7.5000   -7.5000   22.500010727.8408   18.8897
    0.0000   -7.5000   22.500011181.0488   18.9972
    7.5000   -7.5000   22.500010641.9873   18.9875
   -7.5000    0.0000   22.500011901.9824   18.8617
    0.0000    0.0000   22.500012391.9805   18.9546
    7.5000    0.0000   22.500011841.9590   18.9376
   -7.5000    7.5000   22.500012188.0742   18.7810
    0.0000    7.5000   22.500012648.1924   18.8686
    7.5000    7.5000   22.500012140.1982   18.8494
   -7.5000   15.0000   22.500012329.6523   18.7168
    0.0000   15.0000   22.500012767.5400   18.8110
    7.5000   15.0000   22.500012259.2852   18.7953
   -7.5000   22.5000   22.500012293.7881   18.7347
    0.0000   22.5000   22.500012715.8271   18.8418
    7.5000   22.5000   22.500012190.9629   18.8327
   -7.5000   30.0000   22.500012069.7852   18.5779
    0.0000   30.0000   22.500012482.8350   18.6918
    7.5000   30.0000   22.500011970.9834   18.6866
   -7.5000   37.5000   22.500012243.5928   18.6286
    0.0000   37.5000   22.500012662.7842   18.7347
    7.5000   37.5000   22.500012143.8418   18.7251
   -7.5000   45.0000   22.500011981.9385   18.1805
    0.0000   45.0000   22.500012441.0615   18.2700
    7.5000   45.0000   22.500011861.2441   18.2537
   -7.5000  -45.0000   30.0000 5076.9849   22.7620
    0.0000  -45.0000   30.0000 5233.0205   22.8976
    7.5000  -45.0000   30.0000 5000.4600   22.8835
   -7.5000  -37.5000   30.0000 5784.7661   21.5306
    0.0000  -37.5000   30.0000 6016.8804   21.6497
    7.5000  -37.5000   30.0000 5708.1343   21.6381
   -7.5000  -30.0000   30.0000 6761.5166   20.5995
    0.0000  -30.0000   30.0000 7056.0024   20.7142
    7.5000  -30.0000   30.0000 6683.1406   20.7080
   -7.5000  -22.5000   30.0000 7772.8848   20.0233
    0.0000  -22.5000   30.0000 8108.3921   20.1471
    7.5000  -22.5000   30.0000 7702.6533   20.1455
   -7.5000  -15.0000   30.0000 8788.6230   19.6691
    0.0000  -15.0000   30.0000 9154.4229   19.7951
    7.5000  -15.0000   30.0000 8713.2441   19.7915
   -7.5000   -7.5000   30.0000 9885.4053   19.4666
    0.0000   -7.5000   30.000010301.9932   19.5805
    7.5000   -7.5000   30.0000 9808.7012   19.5697
   -7.5000    0.0000   30.000010971.1143   19.4288
    0.0000    0.0000   30.000011426.3809   19.5270
    7.5000    0.0000   30.000010911.1572   19.5108
   -7.5000    7.5000   30.000011228.0811   19.3233
    0.0000    7.5000   30.000011667.4590   19.4171
    7.5000    7.5000   30.000011183.5469   19.4035
   -7.5000   15.0000   30.000011342.9307   19.2434
    0.0000   15.0000   30.000011753.3535   19.3456
    7.5000   15.0000   30.000011276.0303   19.3385
   -7.5000   22.5000   30.000011304.5537   19.2713
    0.0000   22.5000   30.000011701.6084   19.3873
    7.5000   22.5000   30.000011228.1641   19.3843
   -7.5000   30.0000   30.000011084.2295   19.1322
    0.0000   30.0000   30.000011467.3174   19.2541
    7.5000   30.0000   30.000011013.9453   19.2501
   -7.5000   37.5000   30.000011242.1904   19.1970
    0.0000   37.5000   30.000011627.4043   19.3094
    7.5000   37.5000   30.000011162.1221   19.2987
   -7.5000   45.0000   30.000011000.8848   18.7271
    0.0000   45.0000   30.000011418.6641   18.8218
    7.5000   45.0000   30.000010911.2256   18.8061
   -7.5000  -45.0000   37.5000 4832.0781   23.5499
    0.0000  -45.0000   37.5000 4983.4248   23.6894
    7.5000  -45.0000   37.5000 4770.9458   23.6983
   -7.5000  -37.5000   37.5000 5518.8188   22.2642
    0.0000  -37.5000   37.5000 5737.6587   22.3842
    7.5000  -37.5000   37.5000 5459.0010   22.3893
   -7.5000  -30.0000   37.5000 6456.6021   21.2999
    0.0000  -30.0000   37.5000 6728.2441   21.4156
    7.5000  -30.0000   37.5000 6392.1572   21.4209
   -7.5000  -22.5000   37.5000 7417.2295   20.7119
    0.0000  -22.5000   37.5000 7734.9341   20.8372
    7.5000  -22.5000   37.5000 7357.7080   20.8444
   -7.5000  -15.0000   37.5000 8377.2148   20.3553
    0.0000  -15.0000   37.5000 8728.3154   20.4861
    7.5000  -15.0000   37.5000 8324.3418   20.4928
   -7.5000   -7.5000   37.5000 9407.0332   20.1429
    0.0000   -7.5000   37.5000 9811.1797   20.2625
    7.5000   -7.5000   37.5000 9346.0176   20.2647
   -7.5000    0.0000   37.500010453.8818   20.0845
    0.0000    0.0000   37.500010900.0215   20.1858
    7.5000    0.0000   37.500010385.1758   20.1840
   -7.5000    7.5000   37.500010716.5586   19.9576
    0.0000    7.5000   37.500011137.6572   20.0517
    7.5000    7.5000   37.500010643.4092   20.0504
   -7.5000   15.0000   37.500010814.8379   19.8736
    0.0000   15.0000   37.500011214.2588   19.9753
    7.5000   15.0000   37.500010733.9805   19.9770
   -7.5000   22.5000   37.500010742.5381   19.9190
    0.0000   22.5000   37.500011140.5107   20.0362
    7.5000   22.5000   37.500010679.8604   20.0410
   -7.5000   30.0000   37.500010508.6914   19.7948
    0.0000   30.0000   37.500010909.1211   19.9212
    7.5000   30.0000   37.500010471.6240   19.9270
   -7.5000   37.5000   37.500010648.1221   19.8631
    0.0000   37.5000   37.500011050.9082   19.9811
    7.5000   37.5000   37.500010605.9160   19.9833
   -7.5000   45.0000   37.500010436.1201   19.3591
    0.0000   45.0000   37.500010859.4238   19.4568
    7.5000   45.0000   37.500010385.5684   19.4550
   -7.5000  -45.0000   45.0000 4385.0244   24.3746
    0.0000  -45.0000   45.0000 4529.9956   24.5184
    7.5000  -45.0000   45.0000 4348.7603   24.5455
   -7.5000  -37.5000   45.0000 5021.5527   23.0241
    0.0000  -37.5000   45.0000 5209.7852   23.1415
    7.5000  -37.5000   45.0000 4984.0967   23.1545
   -7.5000  -30.0000   45.0000 5886.8159   22.0569
    0.0000  -30.0000   45.0000 6123.3423   22.1662
    7.5000  -30.0000   45.0000 5841.3418   22.1693
   -7.5000  -22.5000   45.0000 6758.4937   21.4719
    0.0000  -22.5000   45.0000 7043.0474   21.5927
    7.5000  -22.5000   45.0000 6707.1934   21.5969
   -7.5000  -15.0000   45.0000 7624.2979   21.0956
    0.0000  -15.0000   45.0000 7947.8848   21.2287
    7.5000  -15.0000   45.0000 7578.3994   21.2402
   -7.5000   -7.5000   45.0000 8544.9082   20.8493
    0.0000   -7.5000   45.0000 8908.6338   20.9745
    7.5000   -7.5000   45.0000 8485.4131   20.9888
   -7.5000    0.0000   45.0000 9488.8125   20.7603
    0.0000    0.0000   45.0000 9895.2852   20.8650
    7.5000    0.0000   45.0000 9427.0166   20.8754
   -7.5000    7.5000   45.0000 9741.6592   20.6241
    0.0000    7.5000   45.000010134.4180   20.7156
    7.5000    7.5000   45.0000 9668.0625   20.7192
   -7.5000   15.0000   45.0000 9831.7686   20.5571
    0.0000   15.0000   45.000010222.5596   20.6521
    7.5000   15.0000   45.0000 9762.0068   20.6511
   -7.5000   22.5000   45.0000 9769.3604   20.6287
    0.0000   22.5000   45.000010165.7949   20.7416
    7.5000   22.5000   45.0000 9709.3115   20.7436
   -7.5000   30.0000   45.0000 9549.6611   20.5059
    0.0000   30.0000   45.0000 9943.5918   20.6345
    7.5000   30.0000   45.0000 9513.5967   20.6448
   -7.5000   37.5000   45.0000 9668.4258   20.5570
    0.0000   37.5000   45.000010059.5576   20.6805
    7.5000   37.5000   45.0000 9628.2451   20.6946
   -7.5000   45.0000   45.0000 9478.6289   20.0197
    0.0000   45.0000   45.0000 9884.5918   20.1205
    7.5000   45.0000   45.0000 9426.0518   20.1306

---------------------------------------------------------------------
imgreg_4dfp /opt/freesurfer/average/711-2C_as_mni_average_305 /opt/freesurfer/average/711-2B_as_mni_average_305_mask talsrcimg_g11 none talsrcimg_to_711-2C_as_mni_average_305_t4 4355
---------------------------------------------------------------------

freesurfer imgreg_4dfp.c
/opt/freesurfer/average/711-2C_as_mni_average_305.4dfp.img
       256       256       256         1
  1.000000  1.000000  1.000000
orientation T byte_order littleendian
Reading image: /opt/freesurfer/average/711-2C_as_mni_average_305.4dfp.img
dimensions:      256       256       256
mmppix:       1.0000   -1.0000   -1.0000
center:     128.0000 -129.0000 -129.0000
/opt/freesurfer/average/711-2B_as_mni_average_305_mask.4dfp.img
       256       256       256         1
  1.000000  1.000000  1.000000
orientation T byte_order littleendian
Reading mask: /opt/freesurfer/average/711-2B_as_mni_average_305_mask.4dfp.img (2306576 pixels)
talsrcimg_g11.4dfp.img
       256       256       256         1
  1.000000  1.000000  1.000000
orientation T byte_order littleendian
Reading image: talsrcimg_g11.4dfp.img
dimensions:      256       256       256
mmppix:       1.0000   -1.0000   -1.0000
center:     128.0000 -129.0000 -129.0000
rotation matrix determinant  1.000000
image alignment mode   4355 decimal     1103 hex
   -7.5000   -7.5000  -45.0000 2263.4670   17.8362
    0.0000   -7.5000  -45.0000 2268.4827   17.8081
    7.5000   -7.5000  -45.0000 2242.5913   17.9706
   -7.5000    0.0000  -45.0000 2365.5596   16.3027
    0.0000    0.0000  -45.0000 2370.3386   16.2499
    7.5000    0.0000  -45.0000 2340.0562   16.4248
   -7.5000    7.5000  -45.0000 2453.6897   15.0359
    0.0000    7.5000  -45.0000 2455.3218   14.9570
    7.5000    7.5000  -45.0000 2429.8501   15.1648
   -7.5000   15.0000  -45.0000 2506.5984   14.0859
    0.0000   15.0000  -45.0000 2509.5522   14.0060
    7.5000   15.0000  -45.0000 2491.2922   14.2522
   -7.5000   22.5000  -45.0000 2544.3706   13.5160
    0.0000   22.5000  -45.0000 2551.3862   13.4540
    7.5000   22.5000  -45.0000 2530.7854   13.7074
   -7.5000   30.0000  -45.0000 2570.3916   13.2499
    0.0000   30.0000  -45.0000 2577.3220   13.1892
    7.5000   30.0000  -45.0000 2552.1443   13.4177
   -7.5000   37.5000  -45.0000 2579.9749   13.2929
    0.0000   37.5000  -45.0000 2588.3118   13.2146
    7.5000   37.5000  -45.0000 2566.0269   13.4077
   -7.5000   45.0000  -45.0000 2563.3501   13.6161
    0.0000   45.0000  -45.0000 2573.5974   13.5414
    7.5000   45.0000  -45.0000 2545.7178   13.7486
   -7.5000   52.5000  -45.0000 2508.8306   14.1460
    0.0000   52.5000  -45.0000 2521.2007   14.0673
    7.5000   52.5000  -45.0000 2492.5024   14.2754
   -7.5000   60.0000  -45.0000 2405.2258   14.7392
    0.0000   60.0000  -45.0000 2418.3174   14.6541
    7.5000   60.0000  -45.0000 2391.2966   14.8576
   -7.5000   67.5000  -45.0000 2265.7427   15.2975
    0.0000   67.5000  -45.0000 2279.4512   15.2388
    7.5000   67.5000  -45.0000 2253.7485   15.4445
   -7.5000   75.0000  -45.0000 2099.8628   15.8364
    0.0000   75.0000  -45.0000 2112.5928   15.8117
    7.5000   75.0000  -45.0000 2087.0000   15.9980
   -7.5000   82.5000  -45.0000 1996.3151   17.6231
    0.0000   82.5000  -45.0000 2006.9818   17.5731
    7.5000   82.5000  -45.0000 1984.3114   17.7550
   -7.5000   -7.5000  -37.5000 2311.2124   16.9181
    0.0000   -7.5000  -37.5000 2315.6555   16.8815
    7.5000   -7.5000  -37.5000 2289.9099   17.0888
   -7.5000    0.0000  -37.5000 2415.9817   15.4111
    0.0000    0.0000  -37.5000 2421.1655   15.3629
    7.5000    0.0000  -37.5000 2391.5415   15.5611
   -7.5000    7.5000  -37.5000 2511.3503   14.1573
    0.0000    7.5000  -37.5000 2513.9275   14.0914
    7.5000    7.5000  -37.5000 2491.1902   14.3188
   -7.5000   15.0000  -37.5000 2575.2629   13.2543
    0.0000   15.0000  -37.5000 2579.3455   13.1631
    7.5000   15.0000  -37.5000 2565.7202   13.4115
   -7.5000   22.5000  -37.5000 2618.4189   12.6801
    0.0000   22.5000  -37.5000 2627.0322   12.5805
    7.5000   22.5000  -37.5000 2610.8418   12.8414
   -7.5000   30.0000  -37.5000 2651.5984   12.3846
    0.0000   30.0000  -37.5000 2660.6074   12.3034
    7.5000   30.0000  -37.5000 2637.7029   12.5475
   -7.5000   37.5000  -37.5000 2670.1428   12.3645
    0.0000   37.5000  -37.5000 2681.8169   12.2910
    7.5000   37.5000  -37.5000 2657.4136   12.5182
   -7.5000   45.0000  -37.5000 2653.5891   12.6852
    0.0000   45.0000  -37.5000 2666.0085   12.5969
    7.5000   45.0000  -37.5000 2643.2456   12.8280
   -7.5000   52.5000  -37.5000 2605.0503   13.2084
    0.0000   52.5000  -37.5000 2618.8418   13.1033
    7.5000   52.5000  -37.5000 2593.3477   13.3505
   -7.5000   60.0000  -37.5000 2494.4597   13.8156
    0.0000   60.0000  -37.5000 2509.5144   13.6888
    7.5000   60.0000  -37.5000 2484.4133   13.9269
   -7.5000   67.5000  -37.5000 2347.1948   14.3518
    0.0000   67.5000  -37.5000 2357.7036   14.2585
    7.5000   67.5000  -37.5000 2338.3772   14.4879
   -7.5000   75.0000  -37.5000 2169.3818   14.8809
    0.0000   75.0000  -37.5000 2178.9758   14.8130
    7.5000   75.0000  -37.5000 2163.0168   15.0251
   -7.5000   82.5000  -37.5000 2062.2996   16.5313
    0.0000   82.5000  -37.5000 2072.0610   16.4619
    7.5000   82.5000  -37.5000 2054.2971   16.6617
   -7.5000   -7.5000  -30.0000 2388.7830   16.7121
    0.0000   -7.5000  -30.0000 2392.0022   16.6665
    7.5000   -7.5000  -30.0000 2366.2673   16.9203
   -7.5000    0.0000  -30.0000 2495.5715   15.1917
    0.0000    0.0000  -30.0000 2498.6375   15.1317
    7.5000    0.0000  -30.0000 2471.8604   15.3700
   -7.5000    7.5000  -30.0000 2602.9976   13.9159
    0.0000    7.5000  -30.0000 2605.8684   13.8499
    7.5000    7.5000  -30.0000 2580.9546   14.0908
   -7.5000   15.0000  -30.0000 2686.7417   12.9579
    0.0000   15.0000  -30.0000 2689.0767   12.8801
    7.5000   15.0000  -30.0000 2670.3047   13.1400
   -7.5000   22.5000  -30.0000 2739.5139   12.3859
    0.0000   22.5000  -30.0000 2746.2661   12.3031
    7.5000   22.5000  -30.0000 2729.5806   12.5390
   -7.5000   30.0000  -30.0000 2779.4241   12.0658
    0.0000   30.0000  -30.0000 2792.1580   11.9738
    7.5000   30.0000  -30.0000 2766.9041   12.2285
   -7.5000   37.5000  -30.0000 2805.7939   11.9821
    0.0000   37.5000  -30.0000 2818.5979   11.9008
    7.5000   37.5000  -30.0000 2792.0637   12.1742
   -7.5000   45.0000  -30.0000 2798.5205   12.3075
    0.0000   45.0000  -30.0000 2808.0503   12.2160
    7.5000   45.0000  -30.0000 2785.4651   12.4715
   -7.5000   52.5000  -30.0000 2744.4609   12.8533
    0.0000   52.5000  -30.0000 2757.6265   12.7332
    7.5000   52.5000  -30.0000 2730.5771   12.9769
   -7.5000   60.0000  -30.0000 2627.8428   13.4775
    0.0000   60.0000  -30.0000 2637.6626   13.3459
    7.5000   60.0000  -30.0000 2611.2798   13.5706
   -7.5000   67.5000  -30.0000 2471.0608   14.0562
    0.0000   67.5000  -30.0000 2477.9780   13.9557
    7.5000   67.5000  -30.0000 2455.6025   14.1649
   -7.5000   75.0000  -30.0000 2279.7791   14.6418
    0.0000   75.0000  -30.0000 2285.4783   14.5446
    7.5000   75.0000  -30.0000 2266.3425   14.7604
   -7.5000   82.5000  -30.0000 2165.6294   16.2736
    0.0000   82.5000  -30.0000 2172.9070   16.1542
    7.5000   82.5000  -30.0000 2151.6953   16.3889
   -7.5000   -7.5000  -22.5000 2433.5979   16.4768
    0.0000   -7.5000  -22.5000 2434.5520   16.4149
    7.5000   -7.5000  -22.5000 2410.6238   16.7415
   -7.5000    0.0000  -22.5000 2541.3987   14.9251
    0.0000    0.0000  -22.5000 2547.1072   14.8669
    7.5000    0.0000  -22.5000 2519.7241   15.1579
   -7.5000    7.5000  -22.5000 2658.1418   13.6428
    0.0000    7.5000  -22.5000 2665.6968   13.5739
    7.5000    7.5000  -22.5000 2639.4875   13.8611
   -7.5000   15.0000  -22.5000 2757.2966   12.6552
    0.0000   15.0000  -22.5000 2765.7095   12.6016
    7.5000   15.0000  -22.5000 2741.2695   12.8634
   -7.5000   22.5000  -22.5000 2828.4624   12.0702
    0.0000   22.5000  -22.5000 2834.0681   12.0124
    7.5000   22.5000  -22.5000 2819.6653   12.2550
   -7.5000   30.0000  -22.5000 2879.2080   11.7609
    0.0000   30.0000  -22.5000 2891.1169   11.6777
    7.5000   30.0000  -22.5000 2868.5366   11.9467
   -7.5000   37.5000  -22.5000 2913.2866   11.6624
    0.0000   37.5000  -22.5000 2929.5845   11.5881
    7.5000   37.5000  -22.5000 2899.0149   11.8863
   -7.5000   45.0000  -22.5000 2908.4707   11.9571
    0.0000   45.0000  -22.5000 2919.2224   11.8884
    7.5000   45.0000  -22.5000 2891.1084   12.1779
   -7.5000   52.5000  -22.5000 2847.5486   12.4659
    0.0000   52.5000  -22.5000 2858.7253   12.3815
    7.5000   52.5000  -22.5000 2830.8240   12.6459
   -7.5000   60.0000  -22.5000 2716.8242   13.0818
    0.0000   60.0000  -22.5000 2729.2012   12.9811
    7.5000   60.0000  -22.5000 2702.3618   13.2447
   -7.5000   67.5000  -22.5000 2549.0374   13.7013
    0.0000   67.5000  -22.5000 2560.0869   13.6161
    7.5000   67.5000  -22.5000 2535.5317   13.8894
   -7.5000   75.0000  -22.5000 2353.8948   14.3058
    0.0000   75.0000  -22.5000 2361.3259   14.2198
    7.5000   75.0000  -22.5000 2336.3276   14.5142
   -7.5000   82.5000  -22.5000 2236.3096   15.9045
    0.0000   82.5000  -22.5000 2242.0500   15.8113
    7.5000   82.5000  -22.5000 2217.7424   16.0906
   -7.5000   -7.5000  -15.0000 2439.3828   16.3484
    0.0000   -7.5000  -15.0000 2441.3513   16.2638
    7.5000   -7.5000  -15.0000 2427.7102   16.6848
   -7.5000    0.0000  -15.0000 2555.4888   14.7634
    0.0000    0.0000  -15.0000 2562.3640   14.6794
    7.5000    0.0000  -15.0000 2541.7673   15.0334
   -7.5000    7.5000  -15.0000 2670.3423   13.4495
    0.0000    7.5000  -15.0000 2681.2087   13.3749
    7.5000    7.5000  -15.0000 2662.2917   13.7025
   -7.5000   15.0000  -15.0000 2773.6987   12.4466
    0.0000   15.0000  -15.0000 2788.1697   12.3911
    7.5000   15.0000  -15.0000 2767.8911   12.6951
   -7.5000   22.5000  -15.0000 2864.5859   11.8449
    0.0000   22.5000  -15.0000 2877.6047   11.8051
    7.5000   22.5000  -15.0000 2860.2175   12.0809
   -7.5000   30.0000  -15.0000 2936.6580   11.5992
    0.0000   30.0000  -15.0000 2953.7666   11.5455
    7.5000   30.0000  -15.0000 2927.8928   11.8012
   -7.5000   37.5000  -15.0000 2979.6655   11.4991
    0.0000   37.5000  -15.0000 3003.4087   11.4707
    7.5000   37.5000  -15.0000 2959.1396   11.7505
   -7.5000   45.0000  -15.0000 2970.2124   11.7410
    0.0000   45.0000  -15.0000 2987.7136   11.7039
    7.5000   45.0000  -15.0000 2945.5447   12.0041
   -7.5000   52.5000  -15.0000 2895.2588   12.1957
    0.0000   52.5000  -15.0000 2912.7612   12.1121
    7.5000   52.5000  -15.0000 2877.9951   12.4314
   -7.5000   60.0000  -15.0000 2762.9690   12.7859
    0.0000   60.0000  -15.0000 2778.5601   12.6953
    7.5000   60.0000  -15.0000 2747.2515   13.0102
   -7.5000   67.5000  -15.0000 2589.0940   13.4346
    0.0000   67.5000  -15.0000 2605.5920   13.3504
    7.5000   67.5000  -15.0000 2575.2571   13.6558
   -7.5000   75.0000  -15.0000 2391.4263   14.0545
    0.0000   75.0000  -15.0000 2398.6689   13.9719
    7.5000   75.0000  -15.0000 2376.5574   14.2636
   -7.5000   82.5000  -15.0000 2263.5708   15.6503
    0.0000   82.5000  -15.0000 2274.8020   15.5641
    7.5000   82.5000  -15.0000 2249.7222   15.8545
   -7.5000   -7.5000   -7.5000 2424.2217   16.2870
    0.0000   -7.5000   -7.5000 2426.9849   16.2181
    7.5000   -7.5000   -7.5000 2422.8293   16.6593
   -7.5000    0.0000   -7.5000 2540.1550   14.6960
    0.0000    0.0000   -7.5000 2548.6006   14.6352
    7.5000    0.0000   -7.5000 2539.6931   15.0269
   -7.5000    7.5000   -7.5000 2658.3894   13.3848
    0.0000    7.5000   -7.5000 2667.8320   13.3333
    7.5000    7.5000   -7.5000 2663.1689   13.6965
   -7.5000   15.0000   -7.5000 2770.4827   12.4044
    0.0000   15.0000   -7.5000 2779.3477   12.3689
    7.5000   15.0000   -7.5000 2774.1196   12.6900
   -7.5000   22.5000   -7.5000 2877.9705   11.8489
    0.0000   22.5000   -7.5000 2891.9873   11.8132
    7.5000   22.5000   -7.5000 2878.3708   12.0878
   -7.5000   30.0000   -7.5000 2965.7820   11.6696
    0.0000   30.0000   -7.5000 2989.1235   11.6483
    7.5000   30.0000   -7.5000 2953.9441   11.8202
   -7.5000   37.5000   -7.5000 3016.5356   11.5935
    0.0000   37.5000   -7.5000 3050.6829   11.5650
    7.5000   37.5000   -7.5000 2987.7075   11.7438
   -7.5000   45.0000   -7.5000 2998.2134   11.7908
    0.0000   45.0000   -7.5000 3018.5923   11.7169
    7.5000   45.0000   -7.5000 2969.4092   11.9627
   -7.5000   52.5000   -7.5000 2911.4417   12.1637
    0.0000   52.5000   -7.5000 2925.6555   12.0616
    7.5000   52.5000   -7.5000 2894.0430   12.3235
   -7.5000   60.0000   -7.5000 2768.1648   12.7138
    0.0000   60.0000   -7.5000 2784.6870   12.6194
    7.5000   60.0000   -7.5000 2757.3716   12.8810
   -7.5000   67.5000   -7.5000 2593.6243   13.3498
    0.0000   67.5000   -7.5000 2606.9978   13.2424
    7.5000   67.5000   -7.5000 2580.7380   13.4883
   -7.5000   75.0000   -7.5000 2393.8679   13.9559
    0.0000   75.0000   -7.5000 2402.8591   13.8435
    7.5000   75.0000   -7.5000 2380.8796   14.0836
   -7.5000   82.5000   -7.5000 2265.0083   15.5402
    0.0000   82.5000   -7.5000 2275.6675   15.4203
    7.5000   82.5000   -7.5000 2252.4944   15.6574
   -7.5000   -7.5000    0.0000 2400.1775   16.6243
    0.0000   -7.5000    0.0000 2405.4092   16.5802
    7.5000   -7.5000    0.0000 2405.5796   16.9924
   -7.5000    0.0000    0.0000 2516.1526   14.9832
    0.0000    0.0000    0.0000 2526.0889   14.9356
    7.5000    0.0000    0.0000 2524.6628   15.2971
   -7.5000    7.5000    0.0000 2644.0410   13.6651
    0.0000    7.5000    0.0000 2653.9661   13.6181
    7.5000    7.5000    0.0000 2650.6594   13.9386
   -7.5000   15.0000    0.0000 2765.1035   12.7325
    0.0000   15.0000    0.0000 2771.5898   12.6686
    7.5000   15.0000    0.0000 2765.2144   12.9511
   -7.5000   22.5000    0.0000 2873.1111   12.2006
    0.0000   22.5000    0.0000 2882.6833   12.1525
    7.5000   22.5000    0.0000 2863.2566   12.3412
   -7.5000   30.0000    0.0000 2958.9233   11.9246
    0.0000   30.0000    0.0000 2977.4241   11.8867
    7.5000   30.0000    0.0000 2933.5703   11.9991
   -7.5000   37.5000    0.0000 3003.5076   11.8675
    0.0000   37.5000    0.0000 3027.3125   11.7979
    7.5000   37.5000    0.0000 2969.0154   11.9064
   -7.5000   45.0000    0.0000 2984.0022   12.0558
    0.0000   45.0000    0.0000 3005.5303   11.9832
    7.5000   45.0000    0.0000 2957.6165   12.0822
   -7.5000   52.5000    0.0000 2896.6357   12.3791
    0.0000   52.5000    0.0000 2913.3550   12.2894
    7.5000   52.5000    0.0000 2879.6316   12.4614
   -7.5000   60.0000    0.0000 2750.4636   12.8608
    0.0000   60.0000    0.0000 2767.8152   12.7677
    7.5000   60.0000    0.0000 2740.4331   12.9636
   -7.5000   67.5000    0.0000 2571.6934   13.4218
    0.0000   67.5000    0.0000 2585.3926   13.3201
    7.5000   67.5000    0.0000 2565.7573   13.5232
   -7.5000   75.0000    0.0000 2374.5691   13.9845
    0.0000   75.0000    0.0000 2383.4167   13.8870
    7.5000   75.0000    0.0000 2364.8538   14.1050
   -7.5000   82.5000    0.0000 2246.4080   15.5442
    0.0000   82.5000    0.0000 2257.2102   15.4637
    7.5000   82.5000    0.0000 2237.9951   15.6743
   -7.5000   -7.5000    7.5000 2377.4573   17.3002
    0.0000   -7.5000    7.5000 2384.6877   17.2847
    7.5000   -7.5000    7.5000 2371.8572   17.6219
   -7.5000    0.0000    7.5000 2498.5334   15.6234
    0.0000    0.0000    7.5000 2507.4949   15.5710
    7.5000    0.0000    7.5000 2494.2405   15.8840
   -7.5000    7.5000    7.5000 2628.3928   14.3050
    0.0000    7.5000    7.5000 2633.2622   14.2159
    7.5000    7.5000    7.5000 2622.3879   14.5308
   -7.5000   15.0000    7.5000 2742.9712   13.3175
    0.0000   15.0000    7.5000 2746.5173   13.2402
    7.5000   15.0000    7.5000 2735.1187   13.5352
   -7.5000   22.5000    7.5000 2840.2727   12.6870
    0.0000   22.5000    7.5000 2844.8093   12.6527
    7.5000   22.5000    7.5000 2825.8601   12.8802
   -7.5000   30.0000    7.5000 2907.7874   12.3207
    0.0000   30.0000    7.5000 2916.5105   12.2583
    7.5000   30.0000    7.5000 2886.3718   12.4621
   -7.5000   37.5000    7.5000 2939.9377   12.1814
    0.0000   37.5000    7.5000 2957.0728   12.1366
    7.5000   37.5000    7.5000 2919.4714   12.3066
   -7.5000   45.0000    7.5000 2928.9802   12.3648
    0.0000   45.0000    7.5000 2948.3501   12.3441
    7.5000   45.0000    7.5000 2907.8945   12.4637
   -7.5000   52.5000    7.5000 2847.0139   12.8022
    0.0000   52.5000    7.5000 2865.0483   12.7209
    7.5000   52.5000    7.5000 2833.7944   12.8634
   -7.5000   60.0000    7.5000 2704.6985   13.3255
    0.0000   60.0000    7.5000 2721.5198   13.2392
    7.5000   60.0000    7.5000 2695.1560   13.3875
   -7.5000   67.5000    7.5000 2533.0898   13.8151
    0.0000   67.5000    7.5000 2547.0110   13.7407
    7.5000   67.5000    7.5000 2523.4275   13.8958
   -7.5000   75.0000    7.5000 2338.7844   14.2661
    0.0000   75.0000    7.5000 2348.6448   14.2020
    7.5000   75.0000    7.5000 2330.5752   14.3727
   -7.5000   82.5000    7.5000 2212.4285   15.7536
    0.0000   82.5000    7.5000 2220.1790   15.6622
    7.5000   82.5000    7.5000 2205.3105   15.8697
   -7.5000   -7.5000   15.0000 2341.5342   18.2369
    0.0000   -7.5000   15.0000 2349.7134   18.1912
    7.5000   -7.5000   15.0000 2333.9595   18.6013
   -7.5000    0.0000   15.0000 2459.6077   16.4194
    0.0000    0.0000   15.0000 2472.2334   16.3371
    7.5000    0.0000   15.0000 2456.4810   16.7377
   -7.5000    7.5000   15.0000 2587.7048   14.9914
    0.0000    7.5000   15.0000 2592.2922   14.8883
    7.5000    7.5000   15.0000 2582.3147   15.2915
   -7.5000   15.0000   15.0000 2697.5608   13.9408
    0.0000   15.0000   15.0000 2699.4780   13.8335
    7.5000   15.0000   15.0000 2689.6682   14.2305
   -7.5000   22.5000   15.0000 2786.8145   13.2696
    0.0000   22.5000   15.0000 2782.8760   13.1417
    7.5000   22.5000   15.0000 2770.3958   13.5282
   -7.5000   30.0000   15.0000 2834.6052   12.8901
    0.0000   30.0000   15.0000 2839.5576   12.7769
    7.5000   30.0000   15.0000 2819.4241   13.1064
   -7.5000   37.5000   15.0000 2856.0457   12.7394
    0.0000   37.5000   15.0000 2865.0923   12.6741
    7.5000   37.5000   15.0000 2842.0789   12.9421
   -7.5000   45.0000   15.0000 2843.0891   12.8982
    0.0000   45.0000   15.0000 2857.7927   12.8571
    7.5000   45.0000   15.0000 2826.6748   13.0642
   -7.5000   52.5000   15.0000 2772.2034   13.3444
    0.0000   52.5000   15.0000 2785.0803   13.2506
    7.5000   52.5000   15.0000 2762.2366   13.4389
   -7.5000   60.0000   15.0000 2640.4202   13.8741
    0.0000   60.0000   15.0000 2651.9014   13.7664
    7.5000   60.0000   15.0000 2632.9092   13.9596
   -7.5000   67.5000   15.0000 2475.3335   14.3692
    0.0000   67.5000   15.0000 2486.4814   14.2896
    7.5000   67.5000   15.0000 2468.5068   14.4803
   -7.5000   75.0000   15.0000 2286.8135   14.7984
    0.0000   75.0000   15.0000 2295.0476   14.7209
    7.5000   75.0000   15.0000 2279.8618   14.9074
   -7.5000   82.5000   15.0000 2162.8896   16.2371
    0.0000   82.5000   15.0000 2168.8540   16.1358
    7.5000   82.5000   15.0000 2158.1667   16.3455
   -7.5000   -7.5000   22.5000 2292.3271   19.2126
    0.0000   -7.5000   22.5000 2305.8662   19.1717
    7.5000   -7.5000   22.5000 2284.0349   19.6167
   -7.5000    0.0000   22.5000 2412.5886   17.2885
    0.0000    0.0000   22.5000 2424.1860   17.2249
    7.5000    0.0000   22.5000 2407.8623   17.6467
   -7.5000    7.5000   22.5000 2532.1216   15.8098
    0.0000    7.5000   22.5000 2533.4719   15.6998
    7.5000    7.5000   22.5000 2528.0715   16.1603
   -7.5000   15.0000   22.5000 2636.5337   14.7415
    0.0000   15.0000   22.5000 2634.8123   14.6021
    7.5000   15.0000   22.5000 2627.4409   15.0463
   -7.5000   22.5000   22.5000 2714.0933   14.0734
    0.0000   22.5000   22.5000 2709.7646   13.9238
    7.5000   22.5000   22.5000 2699.6521   14.3510
   -7.5000   30.0000   22.5000 2753.3101   13.6927
    0.0000   30.0000   22.5000 2752.8762   13.5673
    7.5000   30.0000   22.5000 2740.4646   13.9431
   -7.5000   37.5000   22.5000 2767.3574   13.5472
    0.0000   37.5000   22.5000 2770.0090   13.4712
    7.5000   37.5000   22.5000 2757.4639   13.7761
   -7.5000   45.0000   22.5000 2747.7798   13.6651
    0.0000   45.0000   22.5000 2762.7617   13.6144
    7.5000   45.0000   22.5000 2738.5576   13.8512
   -7.5000   52.5000   22.5000 2680.8794   14.0527
    0.0000   52.5000   22.5000 2692.8057   13.9794
    7.5000   52.5000   22.5000 2674.7290   14.1959
   -7.5000   60.0000   22.5000 2558.5491   14.5643
    0.0000   60.0000   22.5000 2569.3655   14.4766
    7.5000   60.0000   22.5000 2552.3865   14.6870
   -7.5000   67.5000   22.5000 2404.3469   15.0164
    0.0000   67.5000   22.5000 2413.6006   14.9450
    7.5000   67.5000   22.5000 2398.7170   15.1542
   -7.5000   75.0000   22.5000 2224.7417   15.4454
    0.0000   75.0000   22.5000 2232.5010   15.3717
    7.5000   75.0000   22.5000 2218.6318   15.5713
   -7.5000   82.5000   22.5000 2104.4387   16.9380
    0.0000   82.5000   22.5000 2115.7891   16.8486
    7.5000   82.5000   22.5000 2099.1233   17.0537
   -7.5000   -7.5000   30.0000 2235.4766   20.4510
    0.0000   -7.5000   30.0000 2247.3303   20.3803
    7.5000   -7.5000   30.0000 2225.9282   20.8127
   -7.5000    0.0000   30.0000 2355.7012   18.3978
    0.0000    0.0000   30.0000 2367.3965   18.3156
    7.5000    0.0000   30.0000 2346.7385   18.7333
   -7.5000    7.5000   30.0000 2467.0615   16.8295
    0.0000    7.5000   30.0000 2470.4817   16.7031
    7.5000    7.5000   30.0000 2460.7583   17.1822
   -7.5000   15.0000   30.0000 2560.3320   15.7292
    0.0000   15.0000   30.0000 2560.0515   15.5897
    7.5000   15.0000   30.0000 2551.5159   16.0677
   -7.5000   22.5000   30.0000 2627.6169   15.0738
    0.0000   22.5000   30.0000 2625.3455   14.9304
    7.5000   22.5000   30.0000 2615.8459   15.3736
   -7.5000   30.0000   30.0000 2658.2468   14.6991
    0.0000   30.0000   30.0000 2656.1624   14.5965
    7.5000   30.0000   30.0000 2647.6555   14.9547
   -7.5000   37.5000   30.0000 2667.0483   14.5803
    0.0000   37.5000   30.0000 2668.1714   14.5079
    7.5000   37.5000   30.0000 2657.6484   14.7841
   -7.5000   45.0000   30.0000 2647.2434   14.6216
    0.0000   45.0000   30.0000 2659.9519   14.5695
    7.5000   45.0000   30.0000 2642.8188   14.8112
   -7.5000   52.5000   30.0000 2587.5061   14.9999
    0.0000   52.5000   30.0000 2597.2852   14.9269
    7.5000   52.5000   30.0000 2579.3804   15.1446
   -7.5000   60.0000   30.0000 2472.0161   15.4626
    0.0000   60.0000   30.0000 2480.4197   15.3836
    7.5000   60.0000   30.0000 2462.9817   15.6100
   -7.5000   67.5000   30.0000 2323.7100   15.8951
    0.0000   67.5000   30.0000 2330.8384   15.8184
    7.5000   67.5000   30.0000 2315.6621   16.0395
   -7.5000   75.0000   30.0000 2146.8286   16.3127
    0.0000   75.0000   30.0000 2154.3845   16.2544
    7.5000   75.0000   30.0000 2139.8752   16.4244
   -7.5000   82.5000   30.0000 2034.5791   17.8535
    0.0000   82.5000   30.0000 2044.6844   17.7699
    7.5000   82.5000   30.0000 2029.9701   17.9436
   -7.5000   -7.5000   37.5000 2169.1841   21.9177
    0.0000   -7.5000   37.5000 2181.4309   21.8228
    7.5000   -7.5000   37.5000 2156.7344   22.3213
   -7.5000    0.0000   37.5000 2288.7168   19.7317
    0.0000    0.0000   37.5000 2301.8936   19.6251
    7.5000    0.0000   37.5000 2276.7622   20.0554
   -7.5000    7.5000   37.5000 2397.2488   18.0681
    0.0000    7.5000   37.5000 2400.7126   17.9454
    7.5000    7.5000   37.5000 2384.6997   18.3855
   -7.5000   15.0000   37.5000 2481.3284   16.9438
    0.0000   15.0000   37.5000 2481.1648   16.8120
    7.5000   15.0000   37.5000 2470.8489   17.2538
   -7.5000   22.5000   37.5000 2536.3833   16.2739
    0.0000   22.5000   37.5000 2534.4453   16.1598
    7.5000   22.5000   37.5000 2525.5220   16.5844
   -7.5000   30.0000   37.5000 2558.6375   15.9086
    0.0000   30.0000   37.5000 2556.2546   15.8158
    7.5000   30.0000   37.5000 2550.5679   16.1894
   -7.5000   37.5000   37.5000 2562.3691   15.7498
    0.0000   37.5000   37.5000 2565.4053   15.6889
    7.5000   37.5000   37.5000 2556.1772   15.9593
   -7.5000   45.0000   37.5000 2549.7063   15.7594
    0.0000   45.0000   37.5000 2561.1316   15.7264
    7.5000   45.0000   37.5000 2547.3679   15.9390
   -7.5000   52.5000   37.5000 2493.7253   16.1357
    0.0000   52.5000   37.5000 2510.3337   16.0874
    7.5000   52.5000   37.5000 2489.2852   16.2945
   -7.5000   60.0000   37.5000 2384.8027   16.5730
    0.0000   60.0000   37.5000 2395.2571   16.5003
    7.5000   60.0000   37.5000 2378.6487   16.7223
   -7.5000   67.5000   37.5000 2240.1060   17.0053
    0.0000   67.5000   37.5000 2247.3447   16.9239
    7.5000   67.5000   37.5000 2233.1179   17.1154
   -7.5000   75.0000   37.5000 2065.7725   17.4065
    0.0000   75.0000   37.5000 2076.7561   17.3622
    7.5000   75.0000   37.5000 2063.1899   17.4834
   -7.5000   82.5000   37.5000 1960.3254   19.0320
    0.0000   82.5000   37.5000 1969.3850   18.9873
    7.5000   82.5000   37.5000 1956.4468   19.1066
   -7.5000   -7.5000   45.0000 2087.5857   23.7606
    0.0000   -7.5000   45.0000 2097.1357   23.6438
    7.5000   -7.5000   45.0000 2074.7732   24.1669
   -7.5000    0.0000   45.0000 2204.4563   21.3709
    0.0000    0.0000   45.0000 2213.6062   21.2690
    7.5000    0.0000   45.0000 2193.2041   21.6768
   -7.5000    7.5000   45.0000 2311.7795   19.6289
    0.0000    7.5000   45.0000 2312.0872   19.4944
    7.5000    7.5000   45.0000 2297.6768   19.9088
   -7.5000   15.0000   45.0000 2391.7793   18.4439
    0.0000   15.0000   45.0000 2390.2473   18.3235
    7.5000   15.0000   45.0000 2382.1023   18.7360
   -7.5000   22.5000   45.0000 2440.3311   17.7389
    0.0000   22.5000   45.0000 2440.0137   17.6370
    7.5000   22.5000   45.0000 2431.3816   18.0411
   -7.5000   30.0000   45.0000 2455.0725   17.3545
    0.0000   30.0000   45.0000 2450.9524   17.2730
    7.5000   30.0000   45.0000 2450.6426   17.6350
   -7.5000   37.5000   45.0000 2459.8945   17.1132
    0.0000   37.5000   45.0000 2465.6765   17.0633
    7.5000   37.5000   45.0000 2454.8337   17.3184
   -7.5000   45.0000   45.0000 2452.7183   17.0812
    0.0000   45.0000   45.0000 2465.0818   17.0425
    7.5000   45.0000   45.0000 2449.4727   17.2698
   -7.5000   52.5000   45.0000 2397.8015   17.4861
    0.0000   52.5000   45.0000 2412.6619   17.4618
    7.5000   52.5000   45.0000 2395.0278   17.6369
   -7.5000   60.0000   45.0000 2290.3401   17.8998
    0.0000   60.0000   45.0000 2301.2256   17.8714
    7.5000   60.0000   45.0000 2285.3682   18.0339
   -7.5000   67.5000   45.0000 2150.7170   18.2960
    0.0000   67.5000   45.0000 2161.2371   18.2579
    7.5000   67.5000   45.0000 2145.5667   18.4155
   -7.5000   75.0000   45.0000 1985.4636   18.6889
    0.0000   75.0000   45.0000 1995.4668   18.6861
    7.5000   75.0000   45.0000 1981.5667   18.8138
   -7.5000   82.5000   45.0000 1882.9568   20.3820
    0.0000   82.5000   45.0000 1893.2228   20.3869
    7.5000   82.5000   45.0000 1880.4899   20.5191

---------------------------------------------------------------------
imgreg_4dfp /opt/freesurfer/average/711-2C_as_mni_average_305 /opt/freesurfer/average/711-2B_as_mni_average_305_mask talsrcimg_g11 none talsrcimg_to_711-2C_as_mni_average_305_t4 1283
---------------------------------------------------------------------

freesurfer imgreg_4dfp.c
/opt/freesurfer/average/711-2C_as_mni_average_305.4dfp.img
       256       256       256         1
  1.000000  1.000000  1.000000
orientation T byte_order littleendian
Reading image: /opt/freesurfer/average/711-2C_as_mni_average_305.4dfp.img
dimensions:      256       256       256
mmppix:       1.0000   -1.0000   -1.0000
center:     128.0000 -129.0000 -129.0000
/opt/freesurfer/average/711-2B_as_mni_average_305_mask.4dfp.img
       256       256       256         1
  1.000000  1.000000  1.000000
orientation T byte_order littleendian
Reading mask: /opt/freesurfer/average/711-2B_as_mni_average_305_mask.4dfp.img (2306576 pixels)
talsrcimg_g11.4dfp.img
       256       256       256         1
  1.000000  1.000000  1.000000
orientation T byte_order littleendian
Reading image: talsrcimg_g11.4dfp.img
dimensions:      256       256       256
mmppix:       1.0000   -1.0000   -1.0000
center:     128.0000 -129.0000 -129.0000
rotation matrix determinant  1.000000
fimgreg.f
image alignment mode   1283 decimal      503 hex
parameters
    0.0000   37.5000   -7.5000    0.0000    0.0000    0.0000
eta,q 0.95658 11.54507
niter,ni,del,rscale     5    3   12.0000    1.2000
parameters
   -1.5261   38.1607   -5.0685    0.0860   -1.3534   -1.0842
eta,q 0.96216 11.57609
  0.0499  0.0581  0.0506  0.0476  0.0442  0.0423
  0.0443  0.0502  0.0466  0.0430  0.0402  0.0395
  0.0408  0.0429  0.0426  0.0392  0.0382  0.0381
  0.0418  0.0403  0.0403  0.0389  0.0390  0.0381
  0.0479  0.0414  0.0389  0.0407  0.0420  0.0400
  0.0551  0.0462  0.0390  0.0434  0.0462  0.0428
  0.0604  0.0514  0.0417  0.0461  0.0506  0.0462
niter,ni,del,rscale     4    3   12.0000    1.2000
parameters
   -1.6238   38.1234   -5.1537    0.0133   -1.3331   -1.1567
eta,q 0.96219 11.57156
  0.0545  0.0516  0.0458  0.0463  0.0474  0.0441
  0.0475  0.0435  0.0425  0.0415  0.0428  0.0409
  0.0405  0.0384  0.0400  0.0379  0.0390  0.0387
  0.0378  0.0378  0.0378  0.0378  0.0378  0.0378
  0.0420  0.0407  0.0384  0.0398  0.0394  0.0387
  0.0489  0.0457  0.0423  0.0427  0.0428  0.0412
  0.0547  0.0499  0.0472  0.0455  0.0471  0.0444
niter,ni,del,rscale     3    3   12.0000    1.2000
parameters
   -1.6523   38.1251   -5.1807   -0.0019   -1.3086   -1.1664
eta,q 0.96218 11.56953
  0.0547  0.0519  0.0459  0.0465  0.0474  0.0442
  0.0477  0.0438  0.0426  0.0416  0.0429  0.0410
  0.0407  0.0386  0.0400  0.0380  0.0390  0.0387
  0.0378  0.0378  0.0378  0.0378  0.0378  0.0378
  0.0417  0.0406  0.0383  0.0397  0.0394  0.0387
  0.0485  0.0456  0.0421  0.0426  0.0428  0.0411
  0.0544  0.0500  0.0470  0.0454  0.0471  0.0443
registration optimization eta report
parameter search radius
    6.0000    6.0000    6.0000    6.0000    6.0000    6.0000
100000*second partial in parameter space
       44.       36.       23.       22.       26.       18.
  0.0547  0.0519  0.0459  0.0465  0.0474  0.0442
  0.0477  0.0438  0.0426  0.0416  0.0429  0.0410
  0.0407  0.0386  0.0400  0.0380  0.0390  0.0387
  0.0378  0.0378  0.0378  0.0378  0.0378  0.0378
  0.0417  0.0406  0.0383  0.0397  0.0394  0.0387
  0.0485  0.0456  0.0421  0.0426  0.0428  0.0411
  0.0544  0.0500  0.0470  0.0454  0.0471  0.0443
   -1.6523   38.1251   -5.1807   -0.0019   -1.3086   -1.1664
eta,q 0.96218 11.56953

---------------------------------------------------------------------
imgreg_4dfp /opt/freesurfer/average/711-2C_as_mni_average_305 /opt/freesurfer/average/711-2B_as_mni_average_305_mask talsrcimg_g11 none talsrcimg_to_711-2C_as_mni_average_305_t4 3335
---------------------------------------------------------------------

freesurfer imgreg_4dfp.c
/opt/freesurfer/average/711-2C_as_mni_average_305.4dfp.img
       256       256       256         1
  1.000000  1.000000  1.000000
orientation T byte_order littleendian
Reading image: /opt/freesurfer/average/711-2C_as_mni_average_305.4dfp.img
dimensions:      256       256       256
mmppix:       1.0000   -1.0000   -1.0000
center:     128.0000 -129.0000 -129.0000
/opt/freesurfer/average/711-2B_as_mni_average_305_mask.4dfp.img
       256       256       256         1
  1.000000  1.000000  1.000000
orientation T byte_order littleendian
Reading mask: /opt/freesurfer/average/711-2B_as_mni_average_305_mask.4dfp.img (2306576 pixels)
talsrcimg_g11.4dfp.img
       256       256       256         1
  1.000000  1.000000  1.000000
orientation T byte_order littleendian
Reading image: talsrcimg_g11.4dfp.img
dimensions:      256       256       256
mmppix:       1.0000   -1.0000   -1.0000
center:     128.0000 -129.0000 -129.0000
fimgreg.f
image alignment mode   3335 decimal      D07 hex
parameters
   -1.6523   38.1251   -5.1807   -0.0468   -0.0207   -0.0261
    2.0355    2.2834   -2.0351   -0.0432   -2.2838   -0.0033
eta,q 0.96051 11.63925
niter,ni,del,rscale     5    3    5.0000    1.2000
parameter  4  0.848438 ->  0.500000 qaram    1.1500
parameter  5  1.632479 ->  0.500000 qaram    1.1500
parameter  6  0.874434 ->  0.500000 qaram    1.1500
parameter 12  0.521735 ->  0.500000 qaram    1.1500
parameters
   -1.6440   39.2725   -4.8404   -4.1868   -4.1607   -4.1661
    3.3741    2.7634   -0.2934    0.4555   -2.6502   -4.1433
eta,q 0.96980 11.34217
  0.0424  0.0418  0.0411  0.0362  0.0329  0.0306  0.0327  0.0356  0.0328  0.0332  0.0318  0.0304
  0.0407  0.0407  0.0402  0.0360  0.0337  0.0307  0.0318  0.0330  0.0318  0.0320  0.0309  0.0302
  0.0397  0.0400  0.0394  0.0366  0.0348  0.0314  0.0311  0.0313  0.0310  0.0311  0.0305  0.0302
  0.0395  0.0395  0.0391  0.0391  0.0360  0.0340  0.0307  0.0306  0.0306  0.0305  0.0305  0.0304
  0.0399  0.0391  0.0391  0.0427  0.0376  0.0383  0.0306  0.0309  0.0305  0.0305  0.0307  0.0308
  0.0408  0.0391  0.0395  0.0469  0.0395  0.0425  0.0310  0.0321  0.0308  0.0314  0.0312  0.0314
  0.0422  0.0396  0.0402  0.0512  0.0419  0.0479  0.0317  0.0345  0.0314  0.0328  0.0320  0.0321
niter,ni,del,rscale     7    3    5.0000    1.2000
parameter  2  0.699488 ->  0.500000 qaram    1.1500
parameter  3  1.036007 ->  0.500000 qaram    1.1500
parameter  5  0.598719 ->  0.500000 qaram    1.3225
parameters
   -1.2924   37.8925   -6.2204   -5.2681   -8.9217   -7.7967
    2.4827    2.5515   -0.4231   -0.2569   -5.2370   -3.7116
eta,q 0.97286 10.95109
  0.0332  0.0296  0.0277  0.0308  0.0282  0.0277  0.0284  0.0296  0.0285  0.0290  0.0274  0.0283
  0.0317  0.0293  0.0278  0.0298  0.0273  0.0273  0.0278  0.0280  0.0278  0.0279  0.0272  0.0277
  0.0307  0.0294  0.0283  0.0288  0.0272  0.0273  0.0274  0.0273  0.0274  0.0273  0.0272  0.0273
  0.0302  0.0301  0.0293  0.0279  0.0282  0.0272  0.0273  0.0273  0.0273  0.0273  0.0273  0.0271
  0.0302  0.0312  0.0306  0.0281  0.0302  0.0289  0.0276  0.0276  0.0274  0.0276  0.0274  0.0272
  0.0307  0.0325  0.0322  0.0305  0.0317  0.0327  0.0283  0.0283  0.0279  0.0284  0.0277  0.0275
  0.0319  0.0339  0.0340  0.0343  0.0334  0.0371  0.0292  0.0297  0.0286  0.0299  0.0281  0.0281
niter,ni,del,rscale     7    3    5.0000    1.2000
parameter  3  0.870876 ->  0.500000 qaram    1.3225
parameters
   -1.2572   37.8582   -7.8074   -4.5791   -8.2816  -10.3073
    2.5088    2.7702    0.2733   -0.5748   -5.1920   -3.5281
eta,q 0.97389 10.85770
  0.0289  0.0294  0.0263  0.0286  0.0305  0.0274  0.0277  0.0293  0.0277  0.0282  0.0269  0.0272
  0.0280  0.0281  0.0263  0.0278  0.0287  0.0264  0.0269  0.0273  0.0269  0.0270  0.0264  0.0266
  0.0274  0.0273  0.0266  0.0271  0.0271  0.0261  0.0263  0.0262  0.0264  0.0263  0.0261  0.0263
  0.0271  0.0271  0.0271  0.0263  0.0261  0.0260  0.0261  0.0261  0.0261  0.0261  0.0261  0.0261
  0.0273  0.0274  0.0279  0.0258  0.0262  0.0268  0.0263  0.0265  0.0262  0.0264  0.0262  0.0262
  0.0278  0.0282  0.0289  0.0266  0.0278  0.0294  0.0268  0.0273  0.0265  0.0272  0.0264  0.0265
  0.0289  0.0295  0.0302  0.0286  0.0298  0.0334  0.0277  0.0286  0.0273  0.0287  0.0267  0.0271
niter,ni,del,rscale     7    3    5.0000    1.2000
parameters
   -1.2905   38.0691   -8.5954   -4.4619   -7.9422  -11.4163
    2.3931    2.5966    0.3155   -0.2545   -5.1414   -3.7133
eta,q 0.97408 10.81509
  0.0278  0.0289  0.0269  0.0280  0.0301  0.0280  0.0275  0.0287  0.0273  0.0284  0.0267  0.0269
  0.0269  0.0274  0.0263  0.0273  0.0283  0.0268  0.0267  0.0269  0.0266  0.0270  0.0262  0.0264
  0.0263  0.0264  0.0260  0.0267  0.0268  0.0261  0.0262  0.0260  0.0261  0.0262  0.0260  0.0261
  0.0261  0.0261  0.0261  0.0260  0.0260  0.0260  0.0259  0.0260  0.0259  0.0259  0.0259  0.0259
  0.0263  0.0263  0.0265  0.0256  0.0263  0.0259  0.0261  0.0264  0.0260  0.0261  0.0260  0.0260
  0.0269  0.0269  0.0274  0.0265  0.0279  0.0273  0.0267  0.0273  0.0265  0.0267  0.0263  0.0264
  0.0280  0.0281  0.0285  0.0286  0.0297  0.0306  0.0276  0.0287  0.0273  0.0280  0.0266  0.0270
niter,ni,del,rscale     6    3    5.0000    1.2000
parameters
   -1.3412   38.2700   -8.7645   -4.5551   -7.9619  -11.6190
    2.4427    2.4872    0.3498    0.1123   -5.2189   -3.9473
eta,q 0.97407 10.80045
  0.0276  0.0286  0.0275  0.0277  0.0297  0.0284  0.0275  0.0287  0.0272  0.0284  0.0267  0.0269
  0.0267  0.0271  0.0266  0.0271  0.0280  0.0271  0.0268  0.0269  0.0265  0.0270  0.0262  0.0264
  0.0261  0.0262  0.0261  0.0265  0.0265  0.0262  0.0262  0.0260  0.0261  0.0262  0.0260  0.0261
  0.0259  0.0259  0.0259  0.0259  0.0260  0.0260  0.0260  0.0260  0.0259  0.0259  0.0259  0.0259
  0.0261  0.0261  0.0262  0.0256  0.0264  0.0259  0.0261  0.0264  0.0260  0.0260  0.0261  0.0260
  0.0267  0.0267  0.0269  0.0265  0.0282  0.0267  0.0266  0.0272  0.0265  0.0266  0.0263  0.0264
  0.0278  0.0279  0.0279  0.0286  0.0297  0.0293  0.0276  0.0286  0.0272  0.0279  0.0267  0.0271
niter,ni,del,rscale     5    3    5.0000    1.2000
parameters
   -1.3819   38.4051   -8.8647   -4.5965   -8.0705  -11.7246
    2.5057    2.4233    0.4043    0.4076   -5.2779   -4.0683
eta,q 0.97407 10.78930
  0.0276  0.0284  0.0276  0.0277  0.0296  0.0285  0.0275  0.0287  0.0272  0.0282  0.0267  0.0269
  0.0267  0.0270  0.0267  0.0271  0.0279  0.0272  0.0268  0.0269  0.0265  0.0269  0.0262  0.0264
  0.0262  0.0262  0.0261  0.0265  0.0265  0.0263  0.0262  0.0260  0.0261  0.0262  0.0260  0.0261
  0.0259  0.0259  0.0259  0.0259  0.0259  0.0260  0.0260  0.0259  0.0259  0.0259  0.0259  0.0259
  0.0261  0.0261  0.0262  0.0256  0.0264  0.0259  0.0261  0.0264  0.0260  0.0260  0.0261  0.0260
  0.0267  0.0268  0.0268  0.0265  0.0282  0.0267  0.0266  0.0272  0.0265  0.0266  0.0263  0.0264
  0.0278  0.0279  0.0278  0.0285  0.0297  0.0292  0.0275  0.0285  0.0272  0.0279  0.0267  0.0270
niter,ni,del,rscale     4    3    5.0000    1.2000
parameters
   -1.4181   38.5202   -8.9368   -4.6203   -8.2013  -11.8134
    2.5567    2.3668    0.4689    0.6584   -5.3023   -4.1532
eta,q 0.97407 10.77884
  0.0276  0.0284  0.0276  0.0277  0.0295  0.0284  0.0275  0.0287  0.0272  0.0281  0.0267  0.0269
  0.0267  0.0270  0.0267  0.0270  0.0279  0.0272  0.0267  0.0269  0.0265  0.0269  0.0262  0.0264
  0.0262  0.0262  0.0261  0.0265  0.0265  0.0263  0.0262  0.0260  0.0261  0.0262  0.0260  0.0261
  0.0259  0.0259  0.0259  0.0259  0.0259  0.0259  0.0259  0.0259  0.0259  0.0259  0.0259  0.0259
  0.0261  0.0261  0.0262  0.0256  0.0264  0.0259  0.0261  0.0264  0.0260  0.0260  0.0260  0.0260
  0.0267  0.0268  0.0268  0.0264  0.0282  0.0266  0.0266  0.0272  0.0264  0.0266  0.0263  0.0264
  0.0278  0.0279  0.0278  0.0284  0.0297  0.0291  0.0275  0.0285  0.0272  0.0279  0.0266  0.0270
niter,ni,del,rscale     3    3    5.0000    1.2000
parameters
   -1.4490   38.6224   -8.9951   -4.6316   -8.3350  -11.8890
    2.6076    2.3125    0.5073    0.8877   -5.3199   -4.2236
eta,q 0.97407 10.76968
  0.0276  0.0283  0.0276  0.0277  0.0295  0.0284  0.0275  0.0287  0.0271  0.0281  0.0267  0.0269
  0.0267  0.0269  0.0267  0.0270  0.0279  0.0272  0.0267  0.0269  0.0265  0.0268  0.0262  0.0264
  0.0262  0.0262  0.0261  0.0265  0.0265  0.0263  0.0262  0.0260  0.0261  0.0261  0.0260  0.0261
  0.0259  0.0259  0.0259  0.0259  0.0259  0.0259  0.0259  0.0259  0.0259  0.0259  0.0259  0.0259
  0.0261  0.0261  0.0262  0.0256  0.0264  0.0259  0.0261  0.0264  0.0260  0.0260  0.0260  0.0260
  0.0267  0.0268  0.0268  0.0264  0.0281  0.0266  0.0266  0.0272  0.0264  0.0266  0.0263  0.0264
  0.0278  0.0279  0.0278  0.0284  0.0297  0.0291  0.0275  0.0285  0.0271  0.0278  0.0266  0.0270
niter,ni,del,rscale     2    3    5.0000    1.2000
parameters
   -1.4761   38.7173   -9.0535   -4.6513   -8.4568  -11.9694
    2.6590    2.2607    0.5380    1.1120   -5.3096   -4.2737
eta,q 0.97408 10.76023
  0.0276  0.0282  0.0276  0.0276  0.0295  0.0284  0.0275  0.0287  0.0271  0.0280  0.0267  0.0269
  0.0267  0.0269  0.0267  0.0270  0.0279  0.0271  0.0267  0.0269  0.0265  0.0268  0.0262  0.0264
  0.0262  0.0262  0.0261  0.0265  0.0265  0.0262  0.0262  0.0260  0.0261  0.0261  0.0259  0.0261
  0.0259  0.0259  0.0259  0.0259  0.0259  0.0259  0.0259  0.0259  0.0259  0.0259  0.0259  0.0259
  0.0261  0.0261  0.0261  0.0256  0.0264  0.0259  0.0261  0.0264  0.0260  0.0260  0.0260  0.0260
  0.0267  0.0267  0.0268  0.0264  0.0281  0.0266  0.0266  0.0272  0.0264  0.0266  0.0263  0.0264
  0.0278  0.0279  0.0277  0.0284  0.0297  0.0291  0.0275  0.0284  0.0271  0.0278  0.0266  0.0270
niter,ni,del,rscale     1    3    5.0000    1.2000
parameters
   -1.5050   38.8110   -9.1120   -4.6619   -8.5831  -12.0513
    2.7099    2.2082    0.5509    1.3440   -5.2701   -4.3333
eta,q 0.97410 10.75071
  0.0276  0.0282  0.0276  0.0276  0.0295  0.0284  0.0274  0.0286  0.0271  0.0279  0.0267  0.0269
  0.0267  0.0269  0.0267  0.0270  0.0279  0.0271  0.0267  0.0268  0.0265  0.0268  0.0262  0.0264
  0.0261  0.0262  0.0261  0.0265  0.0265  0.0262  0.0262  0.0260  0.0261  0.0261  0.0259  0.0260
  0.0259  0.0259  0.0259  0.0259  0.0259  0.0259  0.0259  0.0259  0.0259  0.0259  0.0259  0.0259
  0.0261  0.0261  0.0261  0.0256  0.0264  0.0259  0.0261  0.0264  0.0260  0.0260  0.0260  0.0260
  0.0267  0.0267  0.0268  0.0264  0.0281  0.0266  0.0266  0.0272  0.0264  0.0266  0.0263  0.0264
  0.0277  0.0279  0.0277  0.0283  0.0297  0.0290  0.0275  0.0284  0.0271  0.0278  0.0266  0.0270
registration optimization eta report
parameter search radius
    2.4000    2.7600    3.1740    8.2800    9.5220    8.2800
    7.2000    7.2000    7.2000    7.2000    7.2000    8.2800
100000*second partial in parameter space
       30.       28.       17.        3.        4.        4.
        3.        5.        2.        4.        1.        2.
  0.0276  0.0282  0.0276  0.0276  0.0295  0.0284  0.0274  0.0286  0.0271  0.0279  0.0267  0.0269
  0.0267  0.0269  0.0267  0.0270  0.0279  0.0271  0.0267  0.0268  0.0265  0.0268  0.0262  0.0264
  0.0261  0.0262  0.0261  0.0265  0.0265  0.0262  0.0262  0.0260  0.0261  0.0261  0.0259  0.0260
  0.0259  0.0259  0.0259  0.0259  0.0259  0.0259  0.0259  0.0259  0.0259  0.0259  0.0259  0.0259
  0.0261  0.0261  0.0261  0.0256  0.0264  0.0259  0.0261  0.0264  0.0260  0.0260  0.0260  0.0260
  0.0267  0.0267  0.0268  0.0264  0.0281  0.0266  0.0266  0.0272  0.0264  0.0266  0.0263  0.0264
  0.0277  0.0279  0.0277  0.0283  0.0297  0.0290  0.0275  0.0284  0.0271  0.0278  0.0266  0.0270
   -1.5050   38.8110   -9.1120   -4.6619   -8.5831  -12.0513
    2.7099    2.2082    0.5509    1.3440   -5.2701   -4.3333
eta,q 0.97410 10.75071

---------------------------------------------------------------------
imgreg_4dfp /opt/freesurfer/average/711-2C_as_mni_average_305 /opt/freesurfer/average/711-2B_as_mni_average_305_mask talsrcimg_g11 none talsrcimg_to_711-2C_as_mni_average_305_t4 2311
---------------------------------------------------------------------

freesurfer imgreg_4dfp.c
/opt/freesurfer/average/711-2C_as_mni_average_305.4dfp.img
       256       256       256         1
  1.000000  1.000000  1.000000
orientation T byte_order littleendian
Reading image: /opt/freesurfer/average/711-2C_as_mni_average_305.4dfp.img
dimensions:      256       256       256
mmppix:       1.0000   -1.0000   -1.0000
center:     128.0000 -129.0000 -129.0000
/opt/freesurfer/average/711-2B_as_mni_average_305_mask.4dfp.img
       256       256       256         1
  1.000000  1.000000  1.000000
orientation T byte_order littleendian
Reading mask: /opt/freesurfer/average/711-2B_as_mni_average_305_mask.4dfp.img (2306576 pixels)
talsrcimg_g11.4dfp.img
       256       256       256         1
  1.000000  1.000000  1.000000
orientation T byte_order littleendian
Reading image: talsrcimg_g11.4dfp.img
dimensions:      256       256       256
mmppix:       1.0000   -1.0000   -1.0000
center:     128.0000 -129.0000 -129.0000
fimgreg.f
image alignment mode   2311 decimal      907 hex
parameters
   -1.5050   38.8110   -9.1120   -4.6619   -8.5831  -12.0513
    2.7099    2.2082    0.5509    1.3440   -5.2701   -4.3333
eta,q 0.97410 10.75071
niter,ni,del,rscale     5    3    5.0000    0.8000
parameters
   -1.4738   38.9203   -9.1556   -2.5532   -8.6390  -11.5218
    2.5535    2.5284    0.4531    1.8894   -4.1633   -4.0793
eta,q 0.97444 10.85835
  0.0267  0.0267  0.0263  0.0268  0.0268  0.0265  0.0264  0.0274  0.0261  0.0266  0.0263  0.0260
  0.0263  0.0263  0.0261  0.0265  0.0261  0.0260  0.0259  0.0264  0.0258  0.0260  0.0259  0.0258
  0.0260  0.0260  0.0259  0.0262  0.0257  0.0257  0.0257  0.0258  0.0257  0.0257  0.0257  0.0256
  0.0259  0.0259  0.0259  0.0259  0.0256  0.0256  0.0256  0.0256  0.0256  0.0256  0.0256  0.0256
  0.0260  0.0259  0.0259  0.0256  0.0258  0.0256  0.0257  0.0257  0.0256  0.0256  0.0256  0.0256
  0.0262  0.0261  0.0261  0.0256  0.0261  0.0257  0.0260  0.0262  0.0258  0.0258  0.0257  0.0257
  0.0267  0.0265  0.0264  0.0261  0.0268  0.0262  0.0265  0.0269  0.0262  0.0262  0.0258  0.0259
niter,ni,del,rscale     4    3    5.0000    0.7000
parameters
   -1.5296   38.9768   -9.1051   -2.6400   -8.7669  -10.5092
    2.8254    2.4663    0.1222    2.4938   -3.4647   -4.0611
eta,q 0.97448 10.90777
  0.0263  0.0261  0.0259  0.0264  0.0265  0.0262  0.0263  0.0268  0.0259  0.0263  0.0260  0.0258
  0.0259  0.0258  0.0257  0.0261  0.0259  0.0258  0.0259  0.0260  0.0257  0.0259  0.0258  0.0257
  0.0256  0.0256  0.0256  0.0258  0.0256  0.0256  0.0257  0.0256  0.0256  0.0257  0.0256  0.0256
  0.0256  0.0256  0.0256  0.0256  0.0256  0.0256  0.0255  0.0255  0.0255  0.0255  0.0255  0.0255
  0.0257  0.0256  0.0256  0.0256  0.0257  0.0255  0.0256  0.0257  0.0256  0.0255  0.0255  0.0255
  0.0260  0.0258  0.0257  0.0260  0.0260  0.0255  0.0258  0.0261  0.0258  0.0257  0.0256  0.0257
  0.0264  0.0261  0.0259  0.0267  0.0266  0.0258  0.0261  0.0268  0.0261  0.0260  0.0258  0.0258
niter,ni,del,rscale     3    3    5.0000    0.6000
parameters
   -1.5859   39.0330   -9.2968   -2.4808   -8.9581  -10.7476
    3.0090    2.2783   -0.1944    2.8450   -3.0949   -3.9489
eta,q 0.97451 10.89375
  0.0261  0.0260  0.0257  0.0263  0.0261  0.0257  0.0260  0.0263  0.0258  0.0260  0.0258  0.0257
  0.0258  0.0257  0.0256  0.0260  0.0257  0.0256  0.0258  0.0258  0.0256  0.0258  0.0256  0.0256
  0.0256  0.0256  0.0255  0.0257  0.0255  0.0255  0.0256  0.0256  0.0255  0.0256  0.0255  0.0255
  0.0255  0.0255  0.0255  0.0255  0.0255  0.0255  0.0255  0.0255  0.0255  0.0255  0.0255  0.0255
  0.0256  0.0255  0.0256  0.0255  0.0256  0.0254  0.0255  0.0257  0.0255  0.0255  0.0255  0.0255
  0.0258  0.0257  0.0257  0.0258  0.0259  0.0255  0.0257  0.0260  0.0257  0.0256  0.0256  0.0256
  0.0262  0.0259  0.0258  0.0263  0.0263  0.0260  0.0259  0.0265  0.0259  0.0259  0.0257  0.0257
niter,ni,del,rscale     2    3    5.0000    0.5000
parameters
   -1.6501   39.2452   -9.3947   -2.2678   -9.2651  -10.5897
    3.1829    2.2214   -0.3626    3.5591   -2.6737   -4.0255
eta,q 0.97458 10.89896
  0.0259  0.0259  0.0256  0.0261  0.0259  0.0256  0.0258  0.0261  0.0256  0.0259  0.0257  0.0256
  0.0256  0.0257  0.0255  0.0259  0.0256  0.0255  0.0256  0.0257  0.0255  0.0257  0.0255  0.0255
  0.0255  0.0256  0.0255  0.0256  0.0255  0.0255  0.0255  0.0255  0.0255  0.0255  0.0254  0.0254
  0.0255  0.0255  0.0255  0.0255  0.0255  0.0255  0.0254  0.0254  0.0254  0.0254  0.0254  0.0254
  0.0255  0.0255  0.0255  0.0255  0.0256  0.0254  0.0255  0.0255  0.0255  0.0254  0.0254  0.0254
  0.0257  0.0255  0.0256  0.0257  0.0258  0.0254  0.0256  0.0258  0.0255  0.0255  0.0255  0.0255
  0.0260  0.0256  0.0257  0.0260  0.0260  0.0256  0.0257  0.0261  0.0257  0.0256  0.0256  0.0256
niter,ni,del,rscale     1    3    5.0000    0.4000
parameters
   -1.7090   39.4943   -9.5925   -2.1606   -9.6493  -10.3987
    3.3670    2.1697   -0.5269    4.4379   -2.2597   -4.2070
eta,q 0.97468 10.89854
  0.0257  0.0257  0.0254  0.0258  0.0256  0.0255  0.0256  0.0258  0.0255  0.0257  0.0255  0.0254
  0.0255  0.0256  0.0254  0.0256  0.0254  0.0254  0.0255  0.0255  0.0254  0.0256  0.0254  0.0254
  0.0254  0.0255  0.0254  0.0255  0.0254  0.0254  0.0254  0.0254  0.0254  0.0254  0.0254  0.0253
  0.0254  0.0254  0.0254  0.0254  0.0254  0.0254  0.0254  0.0253  0.0254  0.0253  0.0253  0.0253
  0.0255  0.0254  0.0254  0.0254  0.0255  0.0253  0.0254  0.0254  0.0254  0.0253  0.0253  0.0253
  0.0256  0.0254  0.0255  0.0255  0.0256  0.0253  0.0254  0.0256  0.0254  0.0253  0.0254  0.0254
  0.0257  0.0255  0.0256  0.0258  0.0258  0.0255  0.0255  0.0258  0.0255  0.0254  0.0254  0.0255
registration optimization eta report
parameter search radius
    0.8000    0.8000    0.8000    2.4000    2.4000    2.4000
    2.4000    2.4000    2.4000    2.4000    2.4000    2.4000
100000*second partial in parameter space
       44.       28.       18.        7.        6.        2.
        4.        8.        3.        4.        2.        2.
  0.0257  0.0257  0.0254  0.0258  0.0256  0.0255  0.0256  0.0258  0.0255  0.0257  0.0255  0.0254
  0.0255  0.0256  0.0254  0.0256  0.0254  0.0254  0.0255  0.0255  0.0254  0.0256  0.0254  0.0254
  0.0254  0.0255  0.0254  0.0255  0.0254  0.0254  0.0254  0.0254  0.0254  0.0254  0.0254  0.0253
  0.0254  0.0254  0.0254  0.0254  0.0254  0.0254  0.0254  0.0253  0.0254  0.0253  0.0253  0.0253
  0.0255  0.0254  0.0254  0.0254  0.0255  0.0253  0.0254  0.0254  0.0254  0.0253  0.0253  0.0253
  0.0256  0.0254  0.0255  0.0255  0.0256  0.0253  0.0254  0.0256  0.0254  0.0253  0.0254  0.0254
  0.0257  0.0255  0.0256  0.0258  0.0258  0.0255  0.0255  0.0258  0.0255  0.0254  0.0254  0.0255
   -1.7090   39.4943   -9.5925   -2.1606   -9.6493  -10.3987
    3.3670    2.1697   -0.5269    4.4379   -2.2597   -4.2070
eta,q 0.97468 10.89854

---------------------------------------------------------------------
imgreg_4dfp /opt/freesurfer/average/711-2C_as_mni_average_305 /opt/freesurfer/average/711-2B_as_mni_average_305_mask talsrcimg_g11 none talsrcimg_to_711-2C_as_mni_average_305_t4 2311
---------------------------------------------------------------------

freesurfer imgreg_4dfp.c
/opt/freesurfer/average/711-2C_as_mni_average_305.4dfp.img
       256       256       256         1
  1.000000  1.000000  1.000000
orientation T byte_order littleendian
Reading image: /opt/freesurfer/average/711-2C_as_mni_average_305.4dfp.img
dimensions:      256       256       256
mmppix:       1.0000   -1.0000   -1.0000
center:     128.0000 -129.0000 -129.0000
/opt/freesurfer/average/711-2B_as_mni_average_305_mask.4dfp.img
       256       256       256         1
  1.000000  1.000000  1.000000
orientation T byte_order littleendian
Reading mask: /opt/freesurfer/average/711-2B_as_mni_average_305_mask.4dfp.img (2306576 pixels)
talsrcimg_g11.4dfp.img
       256       256       256         1
  1.000000  1.000000  1.000000
orientation T byte_order littleendian
Reading image: talsrcimg_g11.4dfp.img
dimensions:      256       256       256
mmppix:       1.0000   -1.0000   -1.0000
center:     128.0000 -129.0000 -129.0000
fimgreg.f
image alignment mode   2311 decimal      907 hex
parameters
   -1.7090   39.4943   -9.5925   -2.1606   -9.6493  -10.3987
    3.3670    2.1697   -0.5269    4.4379   -2.2597   -4.2070
eta,q 0.97468 10.89854
niter,ni,del,rscale     5    3    5.0000    0.8000
parameters
   -1.7748   39.7608   -9.7174   -2.8418   -9.9273  -11.5009
    3.5344    1.6383   -0.7542    4.7242   -2.6183   -4.3762
eta,q 0.97463 10.80803
  0.0263  0.0263  0.0258  0.0262  0.0265  0.0258  0.0262  0.0265  0.0259  0.0264  0.0257  0.0258
  0.0258  0.0258  0.0254  0.0259  0.0258  0.0255  0.0258  0.0258  0.0256  0.0259  0.0255  0.0256
  0.0254  0.0255  0.0253  0.0255  0.0254  0.0254  0.0255  0.0254  0.0254  0.0255  0.0254  0.0254
  0.0253  0.0253  0.0253  0.0253  0.0253  0.0253  0.0254  0.0254  0.0254  0.0254  0.0254  0.0254
  0.0255  0.0253  0.0254  0.0255  0.0255  0.0253  0.0255  0.0257  0.0255  0.0254  0.0255  0.0254
  0.0259  0.0255  0.0256  0.0262  0.0260  0.0260  0.0257  0.0262  0.0257  0.0257  0.0256  0.0256
  0.0265  0.0258  0.0259  0.0272  0.0268  0.0274  0.0261  0.0271  0.0260  0.0262  0.0258  0.0259
niter,ni,del,rscale     4    3    5.0000    0.7000
parameters
   -1.8249   40.0412   -9.9302   -2.8043  -10.0975  -12.0204
    3.6777    1.5256   -0.6542    5.2934   -2.7942   -4.6229
eta,q 0.97469 10.77681
  0.0260  0.0262  0.0256  0.0261  0.0263  0.0257  0.0260  0.0263  0.0258  0.0262  0.0256  0.0256
  0.0257  0.0258  0.0254  0.0259  0.0257  0.0254  0.0256  0.0257  0.0256  0.0258  0.0254  0.0254
  0.0254  0.0255  0.0253  0.0256  0.0254  0.0253  0.0254  0.0254  0.0254  0.0255  0.0253  0.0253
  0.0254  0.0254  0.0253  0.0253  0.0253  0.0253  0.0253  0.0253  0.0253  0.0253  0.0253  0.0253
  0.0255  0.0253  0.0254  0.0253  0.0255  0.0253  0.0254  0.0255  0.0254  0.0253  0.0254  0.0254
  0.0257  0.0255  0.0256  0.0256  0.0259  0.0254  0.0256  0.0258  0.0255  0.0255  0.0255  0.0255
  0.0262  0.0257  0.0258  0.0263  0.0264  0.0262  0.0259  0.0264  0.0258  0.0258  0.0257  0.0257
niter,ni,del,rscale     3    3    5.0000    0.6000
parameters
   -1.8630   40.2936  -10.0567   -2.6579  -10.3600  -11.9946
    3.7256    1.5491   -0.6150    5.9826   -2.7152   -4.8002
eta,q 0.97476 10.77580
  0.0258  0.0260  0.0255  0.0259  0.0259  0.0255  0.0257  0.0261  0.0256  0.0260  0.0255  0.0255
  0.0255  0.0256  0.0254  0.0257  0.0256  0.0253  0.0255  0.0256  0.0254  0.0256  0.0254  0.0253
  0.0254  0.0254  0.0253  0.0255  0.0253  0.0253  0.0253  0.0253  0.0253  0.0254  0.0253  0.0253
  0.0253  0.0253  0.0253  0.0253  0.0253  0.0253  0.0253  0.0253  0.0253  0.0253  0.0252  0.0252
  0.0254  0.0253  0.0253  0.0253  0.0254  0.0252  0.0253  0.0254  0.0253  0.0252  0.0253  0.0253
  0.0256  0.0254  0.0254  0.0255  0.0257  0.0252  0.0254  0.0256  0.0254  0.0254  0.0254  0.0254
  0.0259  0.0256  0.0256  0.0259  0.0262  0.0256  0.0257  0.0260  0.0256  0.0256  0.0255  0.0255
niter,ni,del,rscale     2    3    5.0000    0.5000
parameters
   -1.8977   40.4797  -10.1937   -2.4848  -10.6530  -11.6968
    3.7832    1.6460   -0.6741    6.6762   -2.3931   -5.0090
eta,q 0.97483 10.78889
  0.0256  0.0257  0.0254  0.0257  0.0257  0.0254  0.0255  0.0258  0.0254  0.0258  0.0254  0.0253
  0.0254  0.0255  0.0253  0.0255  0.0254  0.0253  0.0253  0.0255  0.0253  0.0255  0.0253  0.0252
  0.0253  0.0253  0.0252  0.0254  0.0252  0.0252  0.0252  0.0253  0.0252  0.0253  0.0252  0.0252
  0.0252  0.0252  0.0252  0.0252  0.0252  0.0252  0.0252  0.0252  0.0252  0.0252  0.0252  0.0252
  0.0253  0.0252  0.0253  0.0252  0.0253  0.0252  0.0252  0.0252  0.0252  0.0252  0.0252  0.0252
  0.0254  0.0253  0.0253  0.0254  0.0255  0.0252  0.0253  0.0254  0.0253  0.0252  0.0252  0.0253
  0.0257  0.0254  0.0255  0.0257  0.0259  0.0254  0.0255  0.0257  0.0255  0.0254  0.0253  0.0254
niter,ni,del,rscale     1    3    5.0000    0.4000
parameters
   -1.9092   40.6308  -10.3530   -2.3667  -10.9181  -11.1628
    3.8581    1.8052   -0.7835    7.3403   -2.0573   -5.2479
eta,q 0.97492 10.81122
  0.0254  0.0255  0.0252  0.0255  0.0254  0.0253  0.0253  0.0256  0.0253  0.0255  0.0253  0.0252
  0.0253  0.0253  0.0252  0.0254  0.0253  0.0252  0.0252  0.0253  0.0252  0.0253  0.0252  0.0251
  0.0252  0.0252  0.0252  0.0252  0.0252  0.0252  0.0251  0.0252  0.0251  0.0252  0.0251  0.0251
  0.0252  0.0252  0.0252  0.0252  0.0251  0.0251  0.0251  0.0251  0.0251  0.0251  0.0251  0.0251
  0.0252  0.0252  0.0252  0.0252  0.0252  0.0251  0.0251  0.0251  0.0251  0.0251  0.0251  0.0251
  0.0253  0.0252  0.0252  0.0253  0.0254  0.0251  0.0252  0.0253  0.0252  0.0251  0.0251  0.0252
  0.0254  0.0253  0.0253  0.0255  0.0256  0.0252  0.0253  0.0255  0.0253  0.0252  0.0252  0.0252
registration optimization eta report
parameter search radius
    0.8000    0.8000    0.8000    2.4000    2.4000    2.4000
    2.4000    2.4000    2.4000    2.4000    2.4000    2.4000
100000*second partial in parameter space
       39.       33.       20.        6.        6.        2.
        3.        8.        3.        5.        3.        2.
  0.0254  0.0255  0.0252  0.0255  0.0254  0.0253  0.0253  0.0256  0.0253  0.0255  0.0253  0.0252
  0.0253  0.0253  0.0252  0.0254  0.0253  0.0252  0.0252  0.0253  0.0252  0.0253  0.0252  0.0251
  0.0252  0.0252  0.0252  0.0252  0.0252  0.0252  0.0251  0.0252  0.0251  0.0252  0.0251  0.0251
  0.0252  0.0252  0.0252  0.0252  0.0251  0.0251  0.0251  0.0251  0.0251  0.0251  0.0251  0.0251
  0.0252  0.0252  0.0252  0.0252  0.0252  0.0251  0.0251  0.0251  0.0251  0.0251  0.0251  0.0251
  0.0253  0.0252  0.0252  0.0253  0.0254  0.0251  0.0252  0.0253  0.0252  0.0251  0.0251  0.0252
  0.0254  0.0253  0.0253  0.0255  0.0256  0.0252  0.0253  0.0255  0.0253  0.0252  0.0252  0.0252
   -1.9092   40.6308  -10.3530   -2.3667  -10.9181  -11.1628
    3.8581    1.8052   -0.7835    7.3403   -2.0573   -5.2479
eta,q 0.97492 10.81122

---------------------------------------------------------------------
compute_vox2vox talsrcimg talsrcimg_to_711-2C_as_mni_average_305_t4 /opt/freesurfer/average/711-2C_as_mni_average_305
---------------------------------------------------------------------

freesurfer compute_vox2vox.c
Reading: talsrcimg.4dfp.ifh
Reading: talsrcimg_to_711-2C_as_mni_average_305_t4
Reading: /opt/freesurfer/average/711-2C_as_mni_average_305.4dfp.ifh
Writing: talsrcimg_to_711-2C_as_mni_average_305_t4_vox2vox.txt

start time Sun Mar 15 08:14:10 CET 2026
end		time Sun Mar 15 08:14:24 CET 2026

mpr2mni305 success

avi2talxfm orig_nu.mgz /opt/freesurfer/average/mni305.cor.mgz talsrcimg_to_711-2C_as_mni_average_305_t4_vox2vox.txt transforms/talairach.auto.xfm
avi2talxfm done
mv -f /out/sourcedata/freesurfer/sub-v2s10x28934_ses-1/mri/talsrcimg_to_711-2C_as_mni_average_305_t4_vox2vox.txt /out/sourcedata/freesurfer/sub-v2s10x28934_ses-1/mri/transforms/talsrcimg_to_711-2C_as_mni_average_305_t4_vox2vox.txt
lta_convert --src orig_nu.mgz --trg /opt/freesurfer/average/mni305.cor.mgz --inxfm transforms/talairach.auto.xfm --outlta transforms/talairach.auto.xfm.lta --subject fsaverage
7.3.2

--src: orig_nu.mgz src image (geometry).
--trg: /opt/freesurfer/average/mni305.cor.mgz trg image (geometry).
--inmni: transforms/talairach.auto.xfm input MNI/XFM transform.
--outlta: transforms/talairach.auto.xfm.lta output LTA.
--s: fsaverage subject name
 LTA read, type : 1
 1.02352  -0.01705  -0.04533   3.94524;
 0.02412   1.11980   0.06492  -21.84355;
 0.00702  -0.09242   1.11681  -24.64729;
 0.00000   0.00000   0.00000   1.00000;
setting subject to fsaverage
Writing  LTA to file transforms/talairach.auto.xfm.lta...
lta_convert successful.
 
 
Started at Sun Mar 15 08:14:09 CET 2026
Ended   at Sun Mar 15 08:14:24 CET 2026
talairach_avi done
