status file for recon-all
Sun Mar 15 08:12:29 CET 2026
#@# MotionCor Sun Mar 15 08:12:30 CET 2026
#@# Talairach Sun Mar 15 08:12:38 CET 2026
#@# Talairach Failure Detection Sun Mar 15 08:17:07 CET 2026
#@# Nu Intensity Correction Sun Mar 15 08:17:07 CET 2026
#@# Intensity Normalization Sun Mar 15 08:20:23 CET 2026
recon-all -s sub-v2s10x28973_ses-1 finished without error at Sun Mar 15 08:21:57 CET 2026



#New# invocation of recon-all 



status file for recon-all
Sun Mar 15 08:28:54 CET 2026
#@# EM Registration Sun Mar 15 08:28:54 CET 2026
recon-all -s sub-v2s10x28973_ses-1 finished without error at Sun Mar 15 08:30:40 CET 2026



#New# invocation of recon-all 



status file for recon-all
Sun Mar 15 08:30:42 CET 2026
#@# CA Normalize Sun Mar 15 08:30:42 CET 2026
#@# CA Reg Sun Mar 15 08:32:07 CET 2026
#@# SubCort Seg Sun Mar 15 09:24:15 CET 2026
#@# CC Seg Sun Mar 15 09:52:48 CET 2026
#@# Merge ASeg Sun Mar 15 09:53:21 CET 2026
#@# Intensity Normalization2 Sun Mar 15 09:53:21 CET 2026
#@# Mask BFS Sun Mar 15 09:55:47 CET 2026
#@# WM Segmentation Sun Mar 15 09:55:48 CET 2026
#@# Fill Sun Mar 15 09:57:44 CET 2026
recon-all -s sub-v2s10x28973_ses-1 finished without error at Sun Mar 15 09:58:46 CET 2026



#New# invocation of recon-all 



status file for recon-all
Sun Mar 15 10:42:56 CET 2026
#@# white curv lh Sun Mar 15 10:42:56 CET 2026
#@# white area lh Sun Mar 15 10:42:56 CET 2026
#@# pial curv lh Sun Mar 15 10:42:56 CET 2026
#@# pial area lh Sun Mar 15 10:42:56 CET 2026
#@# thickness lh Sun Mar 15 10:42:56 CET 2026
#@# area and vertex vol lh Sun Mar 15 10:42:56 CET 2026
#@# white curv rh Sun Mar 15 10:42:56 CET 2026
#@# white area rh Sun Mar 15 10:42:56 CET 2026
#@# pial curv rh Sun Mar 15 10:42:56 CET 2026
#@# pial area rh Sun Mar 15 10:42:56 CET 2026
#@# thickness rh Sun Mar 15 10:42:56 CET 2026
#@# area and vertex vol rh Sun Mar 15 10:42:56 CET 2026
#@# Cortical ribbon mask Sun Mar 15 10:42:56 CET 2026
recon-all -s sub-v2s10x28973_ses-1 finished without error at Sun Mar 15 10:49:53 CET 2026



#New# invocation of recon-all 



status file for recon-all
Sun Mar 15 10:56:28 CET 2026
#@# white curv lh Sun Mar 15 10:56:29 CET 2026
#@# white area lh Sun Mar 15 10:56:29 CET 2026
#@# pial curv lh Sun Mar 15 10:56:29 CET 2026
#@# pial area lh Sun Mar 15 10:56:29 CET 2026
#@# thickness lh Sun Mar 15 10:56:29 CET 2026
#@# area and vertex vol lh Sun Mar 15 10:56:29 CET 2026
#@# white curv rh Sun Mar 15 10:56:29 CET 2026
#@# white area rh Sun Mar 15 10:56:29 CET 2026
#@# pial curv rh Sun Mar 15 10:56:29 CET 2026
#@# pial area rh Sun Mar 15 10:56:29 CET 2026
#@# thickness rh Sun Mar 15 10:56:29 CET 2026
#@# area and vertex vol rh Sun Mar 15 10:56:29 CET 2026
#@# Curvature Stats lh Sun Mar 15 10:56:29 CET 2026
#@# Curvature Stats rh Sun Mar 15 10:56:31 CET 2026
#@# Relabel Hypointensities Sun Mar 15 10:56:33 CET 2026
#@# APas-to-ASeg Sun Mar 15 10:56:49 CET 2026
#@# AParc-to-ASeg aparc Sun Mar 15 10:56:57 CET 2026
#@# AParc-to-ASeg aparc.a2009s Sun Mar 15 10:57:37 CET 2026
#@# AParc-to-ASeg aparc.DKTatlas Sun Mar 15 10:58:15 CET 2026
#@# WMParc Sun Mar 15 10:58:54 CET 2026
#@# ASeg Stats Sun Mar 15 11:02:28 CET 2026
recon-all -s sub-v2s10x28973_ses-1 finished without error at Sun Mar 15 11:03:03 CET 2026
