status file for recon-all
Sun Mar 15 09:58:50 CET 2026
#@# Tessellate lh Sun Mar 15 09:58:50 CET 2026
#@# Smooth1 lh Sun Mar 15 09:58:54 CET 2026
#@# Inflation1 lh Sun Mar 15 09:58:56 CET 2026
#@# QSphere lh Sun Mar 15 09:59:06 CET 2026
#@# Fix Topology lh Sun Mar 15 10:00:04 CET 2026
#@# Smooth2 lh Sun Mar 15 10:05:26 CET 2026
#@# Inflation2 lh Sun Mar 15 10:05:29 CET 2026
#@# Curv .H and .K lh Sun Mar 15 10:05:43 CET 2026
#@# Sphere lh Sun Mar 15 10:06:25 CET 2026
#@# Surf Reg lh Sun Mar 15 10:09:34 CET 2026
#@# Jacobian white lh Sun Mar 15 10:13:07 CET 2026
#@# AvgCurv lh Sun Mar 15 10:13:08 CET 2026
#@# Cortical Parc lh Sun Mar 15 10:13:09 CET 2026
#@# white curv lh Sun Mar 15 10:18:47 CET 2026
#@# white area lh Sun Mar 15 10:18:49 CET 2026
#@# pial curv lh Sun Mar 15 10:18:49 CET 2026
#@# pial area lh Sun Mar 15 10:18:51 CET 2026
#@# thickness lh Sun Mar 15 10:18:52 CET 2026
#@# area and vertex vol lh Sun Mar 15 10:19:19 CET 2026
#@# Curvature Stats lh Sun Mar 15 10:19:21 CET 2026
#@# Cortical Parc 2 lh Sun Mar 15 10:19:24 CET 2026
#@# Cortical Parc 3 lh Sun Mar 15 10:19:36 CET 2026
#@# WM/GM Contrast lh Sun Mar 15 10:19:46 CET 2026
recon-all -s sub-v2s10x28973_ses-1 finished without error at Sun Mar 15 10:19:49 CET 2026



#New# invocation of recon-all 



status file for recon-all
Sun Mar 15 10:49:56 CET 2026
#@# white curv lh Sun Mar 15 10:49:56 CET 2026
#@# white area lh Sun Mar 15 10:49:56 CET 2026
#@# pial curv lh Sun Mar 15 10:49:56 CET 2026
#@# pial area lh Sun Mar 15 10:49:56 CET 2026
#@# thickness lh Sun Mar 15 10:49:57 CET 2026
#@# area and vertex vol lh Sun Mar 15 10:49:57 CET 2026
#@# Parcellation Stats lh Sun Mar 15 10:49:57 CET 2026
#@# Parcellation Stats 2 lh Sun Mar 15 10:50:14 CET 2026
#@# Parcellation Stats 3 lh Sun Mar 15 10:50:23 CET 2026
#@# BA_exvivo Labels lh Sun Mar 15 10:50:32 CET 2026
recon-all -s sub-v2s10x28973_ses-1 finished without error at Sun Mar 15 10:53:10 CET 2026
