status file for recon-all
Sun Mar 15 09:55:20 CET 2026
#@# Tessellate lh Sun Mar 15 09:55:20 CET 2026
#@# Smooth1 lh Sun Mar 15 09:55:23 CET 2026
#@# Inflation1 lh Sun Mar 15 09:55:26 CET 2026
#@# QSphere lh Sun Mar 15 09:55:39 CET 2026
#@# Fix Topology lh Sun Mar 15 09:56:49 CET 2026
#@# Smooth2 lh Sun Mar 15 10:02:11 CET 2026
#@# Inflation2 lh Sun Mar 15 10:02:13 CET 2026
#@# Curv .H and .K lh Sun Mar 15 10:02:27 CET 2026
#@# Sphere lh Sun Mar 15 10:03:09 CET 2026
#@# Surf Reg lh Sun Mar 15 10:06:08 CET 2026
#@# Jacobian white lh Sun Mar 15 10:10:06 CET 2026
#@# AvgCurv lh Sun Mar 15 10:10:07 CET 2026
#@# Cortical Parc lh Sun Mar 15 10:10:08 CET 2026
#@# white curv lh Sun Mar 15 10:15:25 CET 2026
#@# white area lh Sun Mar 15 10:15:26 CET 2026
#@# pial curv lh Sun Mar 15 10:15:27 CET 2026
#@# pial area lh Sun Mar 15 10:15:29 CET 2026
#@# thickness lh Sun Mar 15 10:15:29 CET 2026
#@# area and vertex vol lh Sun Mar 15 10:15:55 CET 2026
#@# Curvature Stats lh Sun Mar 15 10:15:56 CET 2026
#@# Cortical Parc 2 lh Sun Mar 15 10:15:58 CET 2026
#@# Cortical Parc 3 lh Sun Mar 15 10:16:11 CET 2026
#@# WM/GM Contrast lh Sun Mar 15 10:16:20 CET 2026
recon-all -s sub-v2s10x28987_ses-1 finished without error at Sun Mar 15 10:16:23 CET 2026



#New# invocation of recon-all 



status file for recon-all
Sun Mar 15 10:42:32 CET 2026
#@# white curv lh Sun Mar 15 10:42:32 CET 2026
#@# white area lh Sun Mar 15 10:42:32 CET 2026
#@# pial curv lh Sun Mar 15 10:42:32 CET 2026
#@# pial area lh Sun Mar 15 10:42:32 CET 2026
#@# thickness lh Sun Mar 15 10:42:32 CET 2026
#@# area and vertex vol lh Sun Mar 15 10:42:32 CET 2026
#@# Parcellation Stats lh Sun Mar 15 10:42:32 CET 2026
#@# Parcellation Stats 2 lh Sun Mar 15 10:42:48 CET 2026
#@# Parcellation Stats 3 lh Sun Mar 15 10:42:56 CET 2026
#@# BA_exvivo Labels lh Sun Mar 15 10:43:04 CET 2026
recon-all -s sub-v2s10x28987_ses-1 finished without error at Sun Mar 15 10:45:23 CET 2026
