/out/sourcedata/freesurfer/sub-v2s10x28974_ses-1/mri
/opt/freesurfer/bin/talairach_avi
--i orig_nu.mgz --xfm transforms/talairach.auto.xfm
talairach_avi 7.3.2
Linux dna051 5.14.0-427.37.1.el9_4.x86_64 #1 SMP PREEMPT_DYNAMIC Fri Sep 13 12:41:50 EDT 2024 x86_64 x86_64 x86_64 GNU/Linux
Sun Mar 15 08:15:17 CET 2026
mri_convert orig_nu.mgz talsrcimg.img 
reading from orig_nu.mgz...
TR=0.00, TE=0.00, TI=0.00, flip angle=0.00
i_ras = (-1, 6.5711e-10, 4.65661e-10)
j_ras = (-4.65661e-10, 0, -1)
k_ras = (6.79324e-09, 1, 2.91038e-11)
writing to talsrcimg.img...
Analyze Output Matrix
-1.00000  -0.00000   0.00000   131.82265;
 0.00000   0.00000   1.00000  -111.63036;
 0.00000  -1.00000   0.00000   99.68317;
 0.00000   0.00000   0.00000   1.00000;
--------------------
INFO: set hdr.hist.orient to -1
mpr2mni305 talsrcimg
Sun Mar 15 08:15:18 CET 2026
/opt/freesurfer/bin/mpr2mni305 talsrcimg
mpr2mni305 7.3.2
target=711-2C_as_mni_average_305

---------------------------------------------------------------------
analyzeto4dfp talsrcimg -O0 -y
---------------------------------------------------------------------

freesurfer ifh2hdr.c
Sun Mar 15 08:15:18 2026
Writing: talsrcimg.4dfp.hdr
freesurfer analyzeto4dfp.c
Reading: talsrcimg.hdr
header size 348 bytes
hdr.dime.datatype	offset=70	value=2
hdr.dime.bitpix		offset=72	value=8
hdr.hist.orient		offset=252	value=-1
dimensionality     4
dimensions       256       256       256         1
Reading: talsrcimg.img
Writing: talsrcimg.4dfp.img
Writing: talsrcimg.4dfp.ifh
ifh2hdr talsrcimg -r0to215
ori=2

---------------------------------------------------------------------
gauss_4dfp talsrcimg 1.1
---------------------------------------------------------------------

freesurfer gauss_4dfp.c
Reading: talsrcimg.4dfp.img
Writing: talsrcimg_g11.4dfp.img
image dimensions 256 256 256 padded to 288 288 288
processing volume 1freesurfer ifh2hdr.c
Sun Mar 15 08:15:20 2026
Writing: talsrcimg_g11.4dfp.hdr

Writing: talsrcimg_g11.4dfp.ifh
including: talsrcimg.4dfp.img.rec in talsrcimg_g11.4dfp.img.rec

---------------------------------------------------------------------
imgreg_4dfp /opt/freesurfer/average/711-2C_as_mni_average_305 none talsrcimg_g11 none talsrcimg_to_711-2C_as_mni_average_305_t4 4355
---------------------------------------------------------------------

freesurfer imgreg_4dfp.c
/opt/freesurfer/average/711-2C_as_mni_average_305.4dfp.img
       256       256       256         1
  1.000000  1.000000  1.000000
orientation T byte_order littleendian
Reading image: /opt/freesurfer/average/711-2C_as_mni_average_305.4dfp.img
dimensions:      256       256       256
mmppix:       1.0000   -1.0000   -1.0000
center:     128.0000 -129.0000 -129.0000
talsrcimg_g11.4dfp.img
       256       256       256         1
  1.000000  1.000000  1.000000
orientation T byte_order littleendian
Reading image: talsrcimg_g11.4dfp.img
dimensions:      256       256       256
mmppix:       1.0000   -1.0000   -1.0000
center:     128.0000 -129.0000 -129.0000
t4_read: open error in t4_sub.f l:  41 t4_file(1:l)talsrcimg_to_711-2C_as_mni_average_305_t4 
t4_read: transform initialized to I4
rotation matrix determinant  1.000000
image alignment mode   4355 decimal     1103 hex
   -7.5000  -45.0000  -45.0000 6263.0161   16.2099
    0.0000  -45.0000  -45.0000 6479.4482   16.2145
    7.5000  -45.0000  -45.0000 6185.2041   16.1947
   -7.5000  -37.5000  -45.0000 6875.3760   15.8434
    0.0000  -37.5000  -45.0000 7123.1025   15.8493
    7.5000  -37.5000  -45.0000 6806.4580   15.8345
   -7.5000  -30.0000  -45.0000 7779.9878   15.5682
    0.0000  -30.0000  -45.0000 8097.1772   15.5787
    7.5000  -30.0000  -45.0000 7717.8965   15.5648
   -7.5000  -22.5000  -45.0000 8750.0869   15.4246
    0.0000  -22.5000  -45.0000 9122.9795   15.4354
    7.5000  -22.5000  -45.0000 8682.1084   15.4171
   -7.5000  -15.0000  -45.0000 9731.9805   15.3416
    0.0000  -15.0000  -45.000010138.0254   15.3489
    7.5000  -15.0000  -45.0000 9666.4365   15.3254
   -7.5000   -7.5000  -45.000010748.3379   15.3250
    0.0000   -7.5000  -45.000011179.0088   15.3283
    7.5000   -7.5000  -45.000010660.2344   15.3040
   -7.5000    0.0000  -45.000011605.3721   15.3323
    0.0000    0.0000  -45.000012069.0898   15.3341
    7.5000    0.0000  -45.000011495.3818   15.3143
   -7.5000    7.5000  -45.000011516.0840   15.3356
    0.0000    7.5000  -45.000011999.0566   15.3408
    7.5000    7.5000  -45.000011427.2832   15.3264
   -7.5000   15.0000  -45.000011336.2148   15.3331
    0.0000   15.0000  -45.000011825.8086   15.3430
    7.5000   15.0000  -45.000011231.3916   15.3292
   -7.5000   22.5000  -45.000011088.6318   15.3188
    0.0000   22.5000  -45.000011570.3955   15.3294
    7.5000   22.5000  -45.000011014.6777   15.3111
   -7.5000   30.0000  -45.000010800.2217   15.1113
    0.0000   30.0000  -45.000011255.3770   15.1185
    7.5000   30.0000  -45.000010722.2002   15.0954
   -7.5000   37.5000  -45.000010761.9180   15.1198
    0.0000   37.5000  -45.000011196.1846   15.1230
    7.5000   37.5000  -45.000010649.6758   15.0991
   -7.5000   45.0000  -45.000010412.6494   14.7438
    0.0000   45.0000  -45.000010816.4336   14.7456
    7.5000   45.0000  -45.000010271.1445   14.7266
   -7.5000  -45.0000  -37.5000 6613.5376   16.1972
    0.0000  -45.0000  -37.5000 6880.9575   16.2001
    7.5000  -45.0000  -37.5000 6564.3472   16.1774
   -7.5000  -37.5000  -37.5000 7267.3237   15.8308
    0.0000  -37.5000  -37.5000 7563.8730   15.8347
    7.5000  -37.5000  -37.5000 7219.2959   15.8179
   -7.5000  -30.0000  -37.5000 8266.0596   15.5507
    0.0000  -30.0000  -37.5000 8611.6055   15.5582
    7.5000  -30.0000  -37.5000 8201.4170   15.5463
   -7.5000  -22.5000  -37.5000 9312.4307   15.4045
    0.0000  -22.5000  -37.5000 9709.5918   15.4113
    7.5000  -22.5000  -37.5000 9245.5186   15.3975
   -7.5000  -15.0000  -37.500010347.6826   15.3223
    0.0000  -15.0000  -37.500010805.3535   15.3259
    7.5000  -15.0000  -37.500010299.2812   15.3063
   -7.5000   -7.5000  -37.500011397.1660   15.3094
    0.0000   -7.5000  -37.500011883.3838   15.3103
    7.5000   -7.5000  -37.500011326.9336   15.2868
   -7.5000    0.0000  -37.500012285.9658   15.3216
    0.0000    0.0000  -37.500012800.6973   15.3219
    7.5000    0.0000  -37.500012207.0459   15.2998
   -7.5000    7.5000  -37.500012189.9160   15.3248
    0.0000    7.5000  -37.500012718.1221   15.3281
    7.5000    7.5000  -37.500012124.8281   15.3120
   -7.5000   15.0000  -37.500012007.3438   15.3170
    0.0000   15.0000  -37.500012537.1963   15.3239
    7.5000   15.0000  -37.500011932.5293   15.3121
   -7.5000   22.5000  -37.500011738.7275   15.2994
    0.0000   22.5000  -37.500012245.2959   15.3059
    7.5000   22.5000  -37.500011672.4121   15.2921
   -7.5000   30.0000  -37.500011414.0830   15.0924
    0.0000   30.0000  -37.500011884.4385   15.0959
    7.5000   30.0000  -37.500011329.7051   15.0767
   -7.5000   37.5000  -37.500011349.6816   15.1044
    0.0000   37.5000  -37.500011792.4736   15.1053
    7.5000   37.5000  -37.500011228.6611   15.0821
   -7.5000   45.0000  -37.500010954.7480   14.7335
    0.0000   45.0000  -37.500011372.0127   14.7339
    7.5000   45.0000  -37.500010822.4150   14.7126
   -7.5000  -45.0000  -30.0000 7110.8701   16.8937
    0.0000  -45.0000  -30.0000 7391.1143   16.8867
    7.5000  -45.0000  -30.0000 7056.6543   16.8575
   -7.5000  -37.5000  -30.0000 7812.5479   16.5110
    0.0000  -37.5000  -30.0000 8138.0332   16.5059
    7.5000  -37.5000  -30.0000 7767.8423   16.4813
   -7.5000  -30.0000  -30.0000 8902.3701   16.2104
    0.0000  -30.0000  -30.0000 9272.8662   16.2091
    7.5000  -30.0000  -30.0000 8845.5605   16.1940
   -7.5000  -22.5000  -30.000010032.7607   16.0515
    0.0000  -22.5000  -30.000010467.6523   16.0491
    7.5000  -22.5000  -30.0000 9985.0986   16.0373
   -7.5000  -15.0000  -30.000011144.0928   15.9648
    0.0000  -15.0000  -30.000011637.4150   15.9587
    7.5000  -15.0000  -30.000011084.7549   15.9430
   -7.5000   -7.5000  -30.000012247.0010   15.9578
    0.0000   -7.5000  -30.000012781.6855   15.9495
    7.5000   -7.5000  -30.000012171.4697   15.9260
   -7.5000    0.0000  -30.000013195.9570   15.9801
    0.0000    0.0000  -30.000013777.0273   15.9715
    7.5000    0.0000  -30.000013115.5830   15.9436
   -7.5000    7.5000  -30.000013083.0088   15.9838
    0.0000    7.5000  -30.000013650.5557   15.9784
    7.5000    7.5000  -30.000013011.9648   15.9552
   -7.5000   15.0000  -30.000012869.8750   15.9676
    0.0000   15.0000  -30.000013455.3164   15.9659
    7.5000   15.0000  -30.000012795.1631   15.9510
   -7.5000   22.5000  -30.000012572.2676   15.9408
    0.0000   22.5000  -30.000013148.0693   15.9383
    7.5000   22.5000  -30.000012516.0918   15.9264
   -7.5000   30.0000  -30.000012209.4492   15.7269
    0.0000   30.0000  -30.000012740.4902   15.7209
    7.5000   30.0000  -30.000012133.9932   15.7054
   -7.5000   37.5000  -30.000012111.1680   15.7457
    0.0000   37.5000  -30.000012612.8848   15.7374
    7.5000   37.5000  -30.000011996.5020   15.7142
   -7.5000   45.0000  -30.000011646.8633   15.3781
    0.0000   45.0000  -30.000012115.8320   15.3698
    7.5000   45.0000  -30.000011501.1807   15.3429
   -7.5000  -45.0000  -22.5000 7614.7935   17.4839
    0.0000  -45.0000  -22.5000 7908.0425   17.4687
    7.5000  -45.0000  -22.5000 7543.1440   17.4355
   -7.5000  -37.5000  -22.5000 8376.6768   17.0880
    0.0000  -37.5000  -22.5000 8712.2207   17.0751
    7.5000  -37.5000  -22.5000 8307.5430   17.0440
   -7.5000  -30.0000  -22.5000 9530.5244   16.7758
    0.0000  -30.0000  -22.5000 9926.8555   16.7676
    7.5000  -30.0000  -22.5000 9461.9766   16.7460
   -7.5000  -22.5000  -22.500010734.4668   16.6098
    0.0000  -22.5000  -22.500011203.4189   16.6008
    7.5000  -22.5000  -22.500010688.7803   16.5856
   -7.5000  -15.0000  -22.500011895.0410   16.5189
    0.0000  -15.0000  -22.500012423.2422   16.5057
    7.5000  -15.0000  -22.500011848.7217   16.4892
   -7.5000   -7.5000  -22.500013050.9805   16.5127
    0.0000   -7.5000  -22.500013640.6514   16.4968
    7.5000   -7.5000  -22.500013007.9414   16.4722
   -7.5000    0.0000  -22.500014056.4346   16.5375
    0.0000    0.0000  -22.500014703.7686   16.5214
    7.5000    0.0000  -22.500014011.9502   16.4898
   -7.5000    7.5000  -22.500013921.2861   16.5418
    0.0000    7.5000  -22.500014550.1367   16.5289
    7.5000    7.5000  -22.500013874.2715   16.4995
   -7.5000   15.0000  -22.500013668.1943   16.5243
    0.0000   15.0000  -22.500014299.8525   16.5159
    7.5000   15.0000  -22.500013606.9707   16.4947
   -7.5000   22.5000  -22.500013356.4629   16.4942
    0.0000   22.5000  -22.500013984.8584   16.4851
    7.5000   22.5000  -22.500013288.9258   16.4699
   -7.5000   30.0000  -22.500012977.4502   16.2754
    0.0000   30.0000  -22.500013573.0371   16.2623
    7.5000   30.0000  -22.500012901.7666   16.2461
   -7.5000   37.5000  -22.500012871.5996   16.2956
    0.0000   37.5000  -22.500013447.7217   16.2799
    7.5000   37.5000  -22.500012773.1924   16.2556
   -7.5000   45.0000  -22.500012310.3086   15.9264
    0.0000   45.0000  -22.500012842.4248   15.9109
    7.5000   45.0000  -22.500012173.6553   15.8805
   -7.5000  -45.0000  -15.0000 8115.4526   17.8967
    0.0000  -45.0000  -15.0000 8432.5957   17.8827
    7.5000  -45.0000  -15.0000 8042.0996   17.8515
   -7.5000  -37.5000  -15.0000 8930.6045   17.4918
    0.0000  -37.5000  -15.0000 9299.9531   17.4805
    7.5000  -37.5000  -15.0000 8879.9307   17.4509
   -7.5000  -30.0000  -15.000010145.3389   17.1797
    0.0000  -30.0000  -15.000010599.0654   17.1737
    7.5000  -30.0000  -15.000010108.9395   17.1496
   -7.5000  -22.5000  -15.000011412.9707   17.0149
    0.0000  -22.5000  -15.000011949.8359   17.0083
    7.5000  -22.5000  -15.000011398.3359   16.9881
   -7.5000  -15.0000  -15.000012640.9336   16.9218
    0.0000  -15.0000  -15.000013225.1182   16.9103
    7.5000  -15.0000  -15.000012622.3779   16.8891
   -7.5000   -7.5000  -15.000013845.4492   16.9096
    0.0000   -7.5000  -15.000014487.1592   16.8947
    7.5000   -7.5000  -15.000013811.8721   16.8684
   -7.5000    0.0000  -15.000014897.7402   16.9275
    0.0000    0.0000  -15.000015602.8984   16.9122
    7.5000    0.0000  -15.000014882.2021   16.8822
   -7.5000    7.5000  -15.000014742.4922   16.9316
    0.0000    7.5000  -15.000015424.6895   16.9203
    7.5000    7.5000  -15.000014730.4814   16.8919
   -7.5000   15.0000  -15.000014429.0264   16.9210
    0.0000   15.0000  -15.000015108.0469   16.9149
    7.5000   15.0000  -15.000014401.7891   16.8912
   -7.5000   22.5000  -15.000014091.9531   16.8953
    0.0000   22.5000  -15.000014763.8750   16.8887
    7.5000   22.5000  -15.000014058.7412   16.8686
   -7.5000   30.0000  -15.000013694.4395   16.6746
    0.0000   30.0000  -15.000014361.2109   16.6633
    7.5000   30.0000  -15.000013652.5264   16.6424
   -7.5000   37.5000  -15.000013571.1494   16.6896
    0.0000   37.5000  -15.000014229.0205   16.6749
    7.5000   37.5000  -15.000013527.8203   16.6489
   -7.5000   45.0000  -15.000012931.1650   16.3119
    0.0000   45.0000  -15.000013540.3789   16.2972
    7.5000   45.0000  -15.000012830.3203   16.2682
   -7.5000  -45.0000   -7.5000 8626.9033   18.0912
    0.0000  -45.0000   -7.5000 8972.1924   18.0873
    7.5000  -45.0000   -7.5000 8557.0840   18.0620
   -7.5000  -37.5000   -7.5000 9515.7354   17.6825
    0.0000  -37.5000   -7.5000 9921.2959   17.6812
    7.5000  -37.5000   -7.5000 9470.0547   17.6592
   -7.5000  -30.0000   -7.500010815.7617   17.3739
    0.0000  -30.0000   -7.500011313.5146   17.3785
    7.5000  -30.0000   -7.500010786.2168   17.3578
   -7.5000  -22.5000   -7.500012145.0918   17.2121
    0.0000  -22.5000   -7.500012722.2617   17.2168
    7.5000  -22.5000   -7.500012148.8691   17.1945
   -7.5000  -15.0000   -7.500013428.9111   17.1185
    0.0000  -15.0000   -7.500014045.8818   17.1183
    7.5000  -15.0000   -7.500013435.2705   17.0927
   -7.5000   -7.5000   -7.500014635.1602   17.1011
    0.0000   -7.5000   -7.500015315.9346   17.0963
    7.5000   -7.5000   -7.500014652.2705   17.0691
   -7.5000    0.0000   -7.500015728.5449   17.1119
    0.0000    0.0000   -7.500016466.3828   17.1057
    7.5000    0.0000   -7.500015780.0840   17.0808
   -7.5000    7.5000   -7.500015580.9648   17.1158
    0.0000    7.5000   -7.500016321.7793   17.1140
    7.5000    7.5000   -7.500015631.2627   17.0927
   -7.5000   15.0000   -7.500015228.4150   17.1116
    0.0000   15.0000   -7.500015953.9570   17.1157
    7.5000   15.0000   -7.500015271.3086   17.0954
   -7.5000   22.5000   -7.500014873.2822   17.0887
    0.0000   22.5000   -7.500015568.3174   17.0933
    7.5000   22.5000   -7.500014906.5156   17.0710
   -7.5000   30.0000   -7.500014451.3369   16.8678
    0.0000   30.0000   -7.500015143.3174   16.8676
    7.5000   30.0000   -7.500014479.7734   16.8424
   -7.5000   37.5000   -7.500014276.8848   16.8783
    0.0000   37.5000   -7.500014975.8701   16.8734
    7.5000   37.5000   -7.500014306.7666   16.8467
   -7.5000   45.0000   -7.500013514.2207   16.4926
    0.0000   45.0000   -7.500014171.4512   16.4867
    7.5000   45.0000   -7.500013468.1973   16.4627
   -7.5000  -45.0000    0.0000 9079.6836   18.1193
    0.0000  -45.0000    0.0000 9426.4736   18.1244
    7.5000  -45.0000    0.0000 8999.8955   18.1022
   -7.5000  -37.5000    0.000010044.0781   17.7100
    0.0000  -37.5000    0.000010485.1074   17.7166
    7.5000  -37.5000    0.0000 9995.0537   17.6999
   -7.5000  -30.0000    0.000011404.5361   17.4026
    0.0000  -30.0000    0.000011937.1396   17.4144
    7.5000  -30.0000    0.000011376.9854   17.3988
   -7.5000  -22.5000    0.000012771.6641   17.2421
    0.0000  -22.5000    0.000013366.4639   17.2544
    7.5000  -22.5000    0.000012775.8701   17.2339
   -7.5000  -15.0000    0.000014086.3027   17.1495
    0.0000  -15.0000    0.000014740.5254   17.1578
    7.5000  -15.0000    0.000014104.1797   17.1316
   -7.5000   -7.5000    0.000015316.6328   17.1311
    0.0000   -7.5000    0.000016028.1914   17.1348
    7.5000   -7.5000    0.000015360.0107   17.1076
   -7.5000    0.0000    0.000016439.6660   17.1392
    0.0000    0.0000    0.000017186.5371   17.1412
    7.5000    0.0000    0.000016506.5273   17.1191
   -7.5000    7.5000    0.000016307.4531   17.1430
    0.0000    7.5000    0.000017112.1289   17.1487
    7.5000    7.5000    0.000016425.6035   17.1325
   -7.5000   15.0000    0.000015959.2168   17.1400
    0.0000   15.0000    0.000016709.7539   17.1512
    7.5000   15.0000    0.000016097.0342   17.1357
   -7.5000   22.5000    0.000015572.0645   17.1185
    0.0000   22.5000    0.000016305.5566   17.1304
    7.5000   22.5000    0.000015702.6865   17.1100
   -7.5000   30.0000    0.000015173.6826   16.8987
    0.0000   30.0000    0.000015890.9863   16.9068
    7.5000   30.0000    0.000015261.5400   16.8810
   -7.5000   37.5000    0.000014973.5137   16.9083
    0.0000   37.5000    0.000015669.6465   16.9119
    7.5000   37.5000    0.000015028.0166   16.8851
   -7.5000   45.0000    0.000014065.9932   16.5203
    0.0000   45.0000    0.000014743.1523   16.5222
    7.5000   45.0000    0.000014052.7998   16.5008
   -7.5000  -45.0000    7.5000 8769.6631   18.1251
    0.0000  -45.0000    7.5000 9126.9541   18.1284
    7.5000  -45.0000    7.5000 8700.0469   18.1030
   -7.5000  -37.5000    7.5000 9729.2441   17.7150
    0.0000  -37.5000    7.500010162.5771   17.7195
    7.5000  -37.5000    7.5000 9686.3379   17.7006
   -7.5000  -30.0000    7.500011084.0605   17.4017
    0.0000  -30.0000    7.500011576.1387   17.4101
    7.5000  -30.0000    7.500011043.3057   17.3967
   -7.5000  -22.5000    7.500012434.3066   17.2381
    0.0000  -22.5000    7.500012974.2129   17.2457
    7.5000  -22.5000    7.500012401.1016   17.2302
   -7.5000  -15.0000    7.500013676.3643   17.1461
    0.0000  -15.0000    7.500014286.0244   17.1501
    7.5000  -15.0000    7.500013666.7051   17.1282
   -7.5000   -7.5000    7.500014838.8398   17.1316
    0.0000   -7.5000    7.500015479.4990   17.1327
    7.5000   -7.5000    7.500014838.4268   17.1064
   -7.5000    0.0000    7.500015888.4785   17.1453
    0.0000    0.0000    7.500016523.7715   17.1457
    7.5000    0.0000    7.500015905.4043   17.1209
   -7.5000    7.5000    7.500015778.9287   17.1489
    0.0000    7.5000    7.500016448.6836   17.1525
    7.5000    7.5000    7.500015787.6162   17.1345
   -7.5000   15.0000    7.500015462.4160   17.1402
    0.0000   15.0000    7.500016102.1270   17.1479
    7.5000   15.0000    7.500015501.5771   17.1346
   -7.5000   22.5000    7.500015120.1504   17.1149
    0.0000   22.5000    7.500015760.2686   17.1222
    7.5000   22.5000    7.500015186.3271   17.1067
   -7.5000   30.0000    7.500014750.0107   16.8954
    0.0000   30.0000    7.500015409.5723   16.8993
    7.5000   30.0000    7.500014817.2461   16.8778
   -7.5000   37.5000    7.500014554.3564   16.9089
    0.0000   37.5000    7.500015192.8271   16.9098
    7.5000   37.5000    7.500014589.7383   16.8839
   -7.5000   45.0000    7.500013620.7852   16.5261
    0.0000   45.0000    7.500014186.1396   16.5264
    7.5000   45.0000    7.500013585.2744   16.5026
   -7.5000  -45.0000   15.0000 8338.2764   18.1412
    0.0000  -45.0000   15.0000 8678.7510   18.1338
    7.5000  -45.0000   15.0000 8287.3848   18.1024
   -7.5000  -37.5000   15.0000 9276.0176   17.7303
    0.0000  -37.5000   15.0000 9700.4150   17.7248
    7.5000  -37.5000   15.0000 9234.2529   17.6984
   -7.5000  -30.0000   15.000010575.7412   17.4075
    0.0000  -30.0000   15.000011091.5156   17.4061
    7.5000  -30.0000   15.000010561.2002   17.3899
   -7.5000  -22.5000   15.000011863.6787   17.2368
    0.0000  -22.5000   15.000012421.4648   17.2343
    7.5000  -22.5000   15.000011850.9521   17.2216
   -7.5000  -15.0000   15.000013076.8740   17.1437
    0.0000  -15.0000   15.000013658.4678   17.1372
    7.5000  -15.0000   15.000013039.4141   17.1203
   -7.5000   -7.5000   15.000014224.4766   17.1363
    0.0000   -7.5000   15.000014807.8584   17.1273
    7.5000   -7.5000   15.000014168.4141   17.1021
   -7.5000    0.0000   15.000015275.6221   17.1602
    0.0000    0.0000   15.000015835.5596   17.1510
    7.5000    0.0000   15.000015218.0850   17.1210
   -7.5000    7.5000   15.000015195.7598   17.1642
    0.0000    7.5000   15.000015705.6484   17.1583
    7.5000    7.5000   15.000015083.5049   17.1335
   -7.5000   15.0000   15.000015001.0850   17.1468
    0.0000   15.0000   15.000015409.7441   17.1449
    7.5000   15.0000   15.000014800.7383   17.1289
   -7.5000   22.5000   15.000014687.8320   17.1142
    0.0000   22.5000   15.000015122.2764   17.1115
    7.5000   22.5000   15.000014529.9141   17.0988
   -7.5000   30.0000   15.000014237.6396   16.8933
    0.0000   30.0000   15.000014747.7959   16.8868
    7.5000   30.0000   15.000014174.5469   16.8702
   -7.5000   37.5000   15.000014005.7002   16.9134
    0.0000   37.5000   15.000014553.1074   16.9046
    7.5000   37.5000   15.000013972.1416   16.8797
   -7.5000   45.0000   15.000013044.5117   16.5404
    0.0000   45.0000   15.000013570.8682   16.5316
    7.5000   45.0000   15.000012991.9033   16.5027
   -7.5000  -45.0000   22.5000 7834.9893   18.2182
    0.0000  -45.0000   22.5000 8152.8848   18.2019
    7.5000  -45.0000   22.5000 7803.9375   18.1672
   -7.5000  -37.5000   22.5000 8712.9346   17.8043
    0.0000  -37.5000   22.5000 9094.8838   17.7903
    7.5000  -37.5000   22.5000 8686.0762   17.7578
   -7.5000  -30.0000   22.5000 9958.0361   17.4778
    0.0000  -30.0000   22.500010410.2734   17.4688
    7.5000  -30.0000   22.5000 9930.8369   17.4461
   -7.5000  -22.5000   22.500011208.9297   17.3041
    0.0000  -22.5000   22.500011711.3506   17.2944
    7.5000  -22.5000   22.500011166.7979   17.2785
   -7.5000  -15.0000   22.500012394.5967   17.2090
    0.0000  -15.0000   22.500012929.6367   17.1949
    7.5000  -15.0000   22.500012305.3506   17.1778
   -7.5000   -7.5000   22.500013522.1377   17.2025
    0.0000   -7.5000   22.500014069.5303   17.1856
    7.5000   -7.5000   22.500013410.9980   17.1600
   -7.5000    0.0000   22.500014567.6230   17.2286
    0.0000    0.0000   22.500015116.2529   17.2114
    7.5000    0.0000   22.500014441.2295   17.1784
   -7.5000    7.5000   22.500014472.9043   17.2331
    0.0000    7.5000   22.500014968.2139   17.2192
    7.5000    7.5000   22.500014322.8770   17.1885
   -7.5000   15.0000   22.500014208.5576   17.2148
    0.0000   15.0000   22.500014650.0938   17.2057
    7.5000   15.0000   22.500014038.7959   17.1834
   -7.5000   22.5000   22.500013895.3740   17.1807
    0.0000   22.5000   22.500014341.0518   17.1709
    7.5000   22.5000   22.500013741.0156   17.1550
   -7.5000   30.0000   22.500013511.1631   16.9576
    0.0000   30.0000   22.500013980.5557   16.9437
    7.5000   30.0000   22.500013381.0596   16.9268
   -7.5000   37.5000   22.500013333.6426   16.9788
    0.0000   37.5000   22.500013817.9443   16.9621
    7.5000   37.5000   22.500013243.1982   16.9368
   -7.5000   45.0000   22.500012413.3145   16.6064
    0.0000   45.0000   22.500012867.9570   16.5898
    7.5000   45.0000   22.500012320.3389   16.5580
   -7.5000  -45.0000   30.0000 7258.8477   18.3075
    0.0000  -45.0000   30.0000 7563.0210   18.2924
    7.5000  -45.0000   30.0000 7259.6982   18.2607
   -7.5000  -37.5000   30.0000 8080.3608   17.8929
    0.0000  -37.5000   30.0000 8445.7842   17.8806
    7.5000  -37.5000   30.0000 8076.9072   17.8504
   -7.5000  -30.0000   30.0000 9253.1621   17.5720
    0.0000  -30.0000   30.0000 9675.7764   17.5652
    7.5000  -30.0000   30.0000 9218.2959   17.5407
   -7.5000  -22.5000   30.000010420.6045   17.4019
    0.0000  -22.5000   30.000010897.4238   17.3946
    7.5000  -22.5000   30.000010365.6709   17.3741
   -7.5000  -15.0000   30.000011535.6973   17.3055
    0.0000  -15.0000   30.000012053.7363   17.2931
    7.5000  -15.0000   30.000011467.4932   17.2718
   -7.5000   -7.5000   30.000012603.1602   17.2930
    0.0000   -7.5000   30.000013147.2178   17.2771
    7.5000   -7.5000   30.000012508.3145   17.2504
   -7.5000    0.0000   30.000013589.7266   17.3119
    0.0000    0.0000   30.000014131.0469   17.2956
    7.5000    0.0000   30.000013467.0928   17.2650
   -7.5000    7.5000   30.000013515.6318   17.3165
    0.0000    7.5000   30.000014009.9365   17.3042
    7.5000    7.5000   30.000013353.3496   17.2753
   -7.5000   15.0000   30.000013262.5635   17.3055
    0.0000   15.0000   30.000013715.6699   17.2986
    7.5000   15.0000   30.000013105.8330   17.2745
   -7.5000   22.5000   30.000012961.6162   17.2768
    0.0000   22.5000   30.000013383.6689   17.2694
    7.5000   22.5000   30.000012815.9072   17.2490
   -7.5000   30.0000   30.000012592.4316   17.0525
    0.0000   30.0000   30.000013016.9922   17.0403
    7.5000   30.0000   30.000012450.8477   17.0192
   -7.5000   37.5000   30.000012472.2432   17.0681
    0.0000   37.5000   30.000012909.3320   17.0523
    7.5000   37.5000   30.000012348.9541   17.0260
   -7.5000   45.0000   30.000011627.5830   16.6867
    0.0000   45.0000   30.000012030.4854   16.6709
    7.5000   45.0000   30.000011489.9082   16.6415
   -7.5000  -45.0000   37.5000 6935.0303   18.4952
    0.0000  -45.0000   37.5000 7247.6445   18.4904
    7.5000  -45.0000   37.5000 6949.4219   18.4655
   -7.5000  -37.5000   37.5000 7727.9897   18.0777
    0.0000  -37.5000   37.5000 8093.6978   18.0757
    7.5000  -37.5000   37.5000 7742.3721   18.0541
   -7.5000  -30.0000   37.5000 8841.3340   17.7616
    0.0000  -30.0000   37.5000 9261.2090   17.7659
    7.5000  -30.0000   37.5000 8836.7041   17.7457
   -7.5000  -22.5000   37.5000 9953.6748   17.5955
    0.0000  -22.5000   37.500010430.1660   17.5999
    7.5000  -22.5000   37.5000 9946.9072   17.5781
   -7.5000  -15.0000   37.500011021.3662   17.4969
    0.0000  -15.0000   37.500011551.0732   17.4961
    7.5000  -15.0000   37.500011018.6191   17.4709
   -7.5000   -7.5000   37.500012053.6084   17.4790
    0.0000   -7.5000   37.500012593.8730   17.4731
    7.5000   -7.5000   37.500012005.2773   17.4461
   -7.5000    0.0000   37.500013012.1006   17.4913
    0.0000    0.0000   37.500013574.5234   17.4840
    7.5000    0.0000   37.500012923.1992   17.4592
   -7.5000    7.5000   37.500012940.2949   17.4964
    0.0000    7.5000   37.500013450.7188   17.4938
    7.5000    7.5000   37.500012828.6211   17.4728
   -7.5000   15.0000   37.500012722.9326   17.4919
    0.0000   15.0000   37.500013180.1748   17.4958
    7.5000   15.0000   37.500012588.2646   17.4759
   -7.5000   22.5000   37.500012412.5625   17.4672
    0.0000   22.5000   37.500012839.8281   17.4714
    7.5000   22.5000   37.500012300.0273   17.4497
   -7.5000   30.0000   37.500012053.2588   17.2405
    0.0000   30.0000   37.500012466.6250   17.2397
    7.5000   30.0000   37.500011935.5654   17.2149
   -7.5000   37.5000   37.500012000.0615   17.2516
    0.0000   37.5000   37.500012406.6553   17.2458
    7.5000   37.5000   37.500011882.9668   17.2191
   -7.5000   45.0000   37.500011201.2764   16.8596
    0.0000   45.0000   37.500011591.9053   16.8526
    7.5000   45.0000   37.500011077.3428   16.8287
   -7.5000  -45.0000   45.0000 6310.6104   18.7057
    0.0000  -45.0000   45.0000 6590.9868   18.7107
    7.5000  -45.0000   45.0000 6333.1079   18.6900
   -7.5000  -37.5000   45.0000 7041.0137   18.2795
    0.0000  -37.5000   45.0000 7380.8721   18.2863
    7.5000  -37.5000   45.0000 7065.8696   18.2713
   -7.5000  -30.0000   45.0000 8049.1577   17.9599
    0.0000  -30.0000   45.0000 8430.1914   17.9722
    7.5000  -30.0000   45.0000 8063.4731   17.9582
   -7.5000  -22.5000   45.0000 9063.0791   17.7954
    0.0000  -22.5000   45.0000 9504.5234   17.8078
    7.5000  -22.5000   45.0000 9080.1113   17.7884
   -7.5000  -15.0000   45.000010034.9648   17.6965
    0.0000  -15.0000   45.000010534.5449   17.7044
    7.5000  -15.0000   45.000010055.8018   17.6789
   -7.5000   -7.5000   45.000010982.7188   17.6777
    0.0000   -7.5000   45.000011498.8213   17.6808
    7.5000   -7.5000   45.000010968.6934   17.6543
   -7.5000    0.0000   45.000011852.0781   17.6872
    0.0000    0.0000   45.000012394.9629   17.6887
    7.5000    0.0000   45.000011781.8164   17.6676
   -7.5000    7.5000   45.000011793.8330   17.6908
    0.0000    7.5000   45.000012298.1777   17.6965
    7.5000    7.5000   45.000011710.3984   17.6818
   -7.5000   15.0000   45.000011587.0156   17.6869
    0.0000   15.0000   45.000012065.6182   17.6983
    7.5000   15.0000   45.000011516.5527   17.6843
   -7.5000   22.5000   45.000011304.3340   17.6634
    0.0000   22.5000   45.000011745.2109   17.6755
    7.5000   22.5000   45.000011226.3711   17.6561
   -7.5000   30.0000   45.000010975.2676   17.4350
    0.0000   30.0000   45.000011388.9775   17.4428
    7.5000   30.0000   45.000010883.9082   17.4176
   -7.5000   37.5000   45.000010972.2900   17.4463
    0.0000   37.5000   45.000011386.1074   17.4493
    7.5000   37.5000   45.000010891.0391   17.4231
   -7.5000   45.0000   45.000010271.3789   17.0562
    0.0000   45.0000   45.000010659.8535   17.0576
    7.5000   45.0000   45.000010192.1953   17.0373

---------------------------------------------------------------------
imgreg_4dfp /opt/freesurfer/average/711-2C_as_mni_average_305 /opt/freesurfer/average/711-2B_as_mni_average_305_mask talsrcimg_g11 none talsrcimg_to_711-2C_as_mni_average_305_t4 4355
---------------------------------------------------------------------

freesurfer imgreg_4dfp.c
/opt/freesurfer/average/711-2C_as_mni_average_305.4dfp.img
       256       256       256         1
  1.000000  1.000000  1.000000
orientation T byte_order littleendian
Reading image: /opt/freesurfer/average/711-2C_as_mni_average_305.4dfp.img
dimensions:      256       256       256
mmppix:       1.0000   -1.0000   -1.0000
center:     128.0000 -129.0000 -129.0000
/opt/freesurfer/average/711-2B_as_mni_average_305_mask.4dfp.img
       256       256       256         1
  1.000000  1.000000  1.000000
orientation T byte_order littleendian
Reading mask: /opt/freesurfer/average/711-2B_as_mni_average_305_mask.4dfp.img (2306576 pixels)
talsrcimg_g11.4dfp.img
       256       256       256         1
  1.000000  1.000000  1.000000
orientation T byte_order littleendian
Reading image: talsrcimg_g11.4dfp.img
dimensions:      256       256       256
mmppix:       1.0000   -1.0000   -1.0000
center:     128.0000 -129.0000 -129.0000
rotation matrix determinant  1.000000
image alignment mode   4355 decimal     1103 hex
   -7.5000  -45.0000  -45.0000 1770.8569   25.3984
    0.0000  -45.0000  -45.0000 1773.6639   25.5238
    7.5000  -45.0000  -45.0000 1749.0562   26.1350
   -7.5000  -37.5000  -45.0000 1892.8943   22.2484
    0.0000  -37.5000  -45.0000 1893.4415   22.3503
    7.5000  -37.5000  -45.0000 1871.9501   22.8841
   -7.5000  -30.0000  -45.0000 2004.6700   19.7615
    0.0000  -30.0000  -45.0000 2008.6251   19.8255
    7.5000  -30.0000  -45.0000 1980.7090   20.2572
   -7.5000  -22.5000  -45.0000 2104.2373   17.7898
    0.0000  -22.5000  -45.0000 2110.8569   17.8367
    7.5000  -22.5000  -45.0000 2081.5588   18.1728
   -7.5000  -15.0000  -45.0000 2194.9116   16.2519
    0.0000  -15.0000  -45.0000 2198.9773   16.3069
    7.5000  -15.0000  -45.0000 2175.9570   16.5435
   -7.5000   -7.5000  -45.0000 2279.1711   15.1528
    0.0000   -7.5000  -45.0000 2279.6150   15.2024
    7.5000   -7.5000  -45.0000 2258.0249   15.4116
   -7.5000    0.0000  -45.0000 2318.0215   14.4651
    0.0000    0.0000  -45.0000 2317.5591   14.4751
    7.5000    0.0000  -45.0000 2297.7876   14.6608
   -7.5000    7.5000  -45.0000 2338.7434   14.0125
    0.0000    7.5000  -45.0000 2343.6128   14.0166
    7.5000    7.5000  -45.0000 2319.3159   14.2172
   -7.5000   15.0000  -45.0000 2346.7048   13.8206
    0.0000   15.0000  -45.0000 2350.0022   13.7989
    7.5000   15.0000  -45.0000 2321.7629   14.0173
   -7.5000   22.5000  -45.0000 2334.3179   13.9145
    0.0000   22.5000  -45.0000 2337.1492   13.8708
    7.5000   22.5000  -45.0000 2312.7334   14.1034
   -7.5000   30.0000  -45.0000 2314.2146   14.2141
    0.0000   30.0000  -45.0000 2316.4055   14.1915
    7.5000   30.0000  -45.0000 2291.6414   14.4336
   -7.5000   37.5000  -45.0000 2277.8926   14.8636
    0.0000   37.5000  -45.0000 2280.4854   14.8238
    7.5000   37.5000  -45.0000 2255.4092   15.0824
   -7.5000   45.0000  -45.0000 2227.7107   15.8004
    0.0000   45.0000  -45.0000 2230.3970   15.7624
    7.5000   45.0000  -45.0000 2204.5068   16.0414
   -7.5000  -45.0000  -37.5000 1820.1313   23.7164
    0.0000  -45.0000  -37.5000 1828.1293   23.8735
    7.5000  -45.0000  -37.5000 1806.2151   24.4290
   -7.5000  -37.5000  -37.5000 1951.5465   20.6877
    0.0000  -37.5000  -37.5000 1954.5521   20.8407
    7.5000  -37.5000  -37.5000 1936.2703   21.3209
   -7.5000  -30.0000  -37.5000 2076.2371   18.3517
    0.0000  -30.0000  -37.5000 2079.9763   18.4644
    7.5000  -30.0000  -37.5000 2053.6848   18.8183
   -7.5000  -22.5000  -37.5000 2189.1406   16.5182
    0.0000  -22.5000  -37.5000 2192.3196   16.5549
    7.5000  -22.5000  -37.5000 2164.7144   16.8495
   -7.5000  -15.0000  -37.5000 2285.7554   15.0829
    0.0000  -15.0000  -37.5000 2290.5930   15.0981
    7.5000  -15.0000  -37.5000 2267.2646   15.3266
   -7.5000   -7.5000  -37.5000 2367.5806   14.0214
    0.0000   -7.5000  -37.5000 2370.4675   14.0388
    7.5000   -7.5000  -37.5000 2346.6401   14.2418
   -7.5000    0.0000  -37.5000 2409.4819   13.3326
    0.0000    0.0000  -37.5000 2410.9963   13.3329
    7.5000    0.0000  -37.5000 2389.1187   13.5089
   -7.5000    7.5000  -37.5000 2438.3831   12.9148
    0.0000    7.5000  -37.5000 2441.6643   12.8892
    7.5000    7.5000  -37.5000 2414.0720   13.0569
   -7.5000   15.0000  -37.5000 2455.5217   12.7296
    0.0000   15.0000  -37.5000 2458.7007   12.6952
    7.5000   15.0000  -37.5000 2427.6831   12.8779
   -7.5000   22.5000  -37.5000 2442.6431   12.8537
    0.0000   22.5000  -37.5000 2445.3767   12.7911
    7.5000   22.5000  -37.5000 2419.2078   12.9871
   -7.5000   30.0000  -37.5000 2422.0918   13.1248
    0.0000   30.0000  -37.5000 2420.6790   13.0698
    7.5000   30.0000  -37.5000 2393.6621   13.2886
   -7.5000   37.5000  -37.5000 2382.6709   13.7259
    0.0000   37.5000  -37.5000 2383.8616   13.6447
    7.5000   37.5000  -37.5000 2358.1287   13.8673
   -7.5000   45.0000  -37.5000 2323.8545   14.5987
    0.0000   45.0000  -37.5000 2328.0518   14.5220
    7.5000   45.0000  -37.5000 2305.2000   14.7325
   -7.5000  -45.0000  -30.0000 1902.4346   23.1318
    0.0000  -45.0000  -30.0000 1906.1936   23.2424
    7.5000  -45.0000  -30.0000 1893.1523   23.7568
   -7.5000  -37.5000  -30.0000 2040.6870   20.1211
    0.0000  -37.5000  -30.0000 2042.4812   20.2456
    7.5000  -37.5000  -30.0000 2025.4941   20.6793
   -7.5000  -30.0000  -30.0000 2178.5142   17.7834
    0.0000  -30.0000  -30.0000 2179.1233   17.8681
    7.5000  -30.0000  -30.0000 2155.5779   18.2351
   -7.5000  -22.5000  -30.0000 2304.2644   15.9611
    0.0000  -22.5000  -30.0000 2305.3408   15.9915
    7.5000  -22.5000  -30.0000 2279.0054   16.2988
   -7.5000  -15.0000  -30.0000 2406.7776   14.5393
    0.0000  -15.0000  -30.0000 2412.6233   14.5524
    7.5000  -15.0000  -30.0000 2385.5615   14.7831
   -7.5000   -7.5000  -30.0000 2496.2839   13.4894
    0.0000   -7.5000  -30.0000 2499.7424   13.4758
    7.5000   -7.5000  -30.0000 2471.4790   13.6651
   -7.5000    0.0000  -30.0000 2547.1570   12.7821
    0.0000    0.0000  -30.0000 2550.1226   12.7547
    7.5000    0.0000  -30.0000 2521.6716   12.9368
   -7.5000    7.5000  -30.0000 2582.1238   12.3528
    0.0000    7.5000  -30.0000 2583.1230   12.3210
    7.5000    7.5000  -30.0000 2553.7773   12.4991
   -7.5000   15.0000  -30.0000 2606.8904   12.1619
    0.0000   15.0000  -30.0000 2610.5640   12.0991
    7.5000   15.0000  -30.0000 2574.5442   12.2794
   -7.5000   22.5000  -30.0000 2600.0227   12.2905
    0.0000   22.5000  -30.0000 2605.0784   12.1957
    7.5000   22.5000  -30.0000 2573.5322   12.3598
   -7.5000   30.0000  -30.0000 2576.2285   12.5920
    0.0000   30.0000  -30.0000 2581.0029   12.4989
    7.5000   30.0000  -30.0000 2549.0889   12.6708
   -7.5000   37.5000  -30.0000 2533.6406   13.1947
    0.0000   37.5000  -30.0000 2539.4968   13.1007
    7.5000   37.5000  -30.0000 2506.9739   13.2675
   -7.5000   45.0000  -30.0000 2467.4050   14.0503
    0.0000   45.0000  -30.0000 2476.0886   13.9433
    7.5000   45.0000  -30.0000 2447.2881   14.0976
   -7.5000  -45.0000  -22.5000 1961.9113   22.3852
    0.0000  -45.0000  -22.5000 1965.0383   22.4649
    7.5000  -45.0000  -22.5000 1947.8933   23.0072
   -7.5000  -37.5000  -22.5000 2105.5422   19.4653
    0.0000  -37.5000  -22.5000 2108.3899   19.5410
    7.5000  -37.5000  -22.5000 2084.6377   19.9450
   -7.5000  -30.0000  -22.5000 2249.7266   17.1743
    0.0000  -30.0000  -22.5000 2252.3979   17.2319
    7.5000  -30.0000  -22.5000 2221.2957   17.5590
   -7.5000  -22.5000  -22.5000 2380.9448   15.3463
    0.0000  -22.5000  -22.5000 2383.2969   15.3816
    7.5000  -22.5000  -22.5000 2354.9617   15.6639
   -7.5000  -15.0000  -22.5000 2490.1143   13.9280
    0.0000  -15.0000  -22.5000 2494.6008   13.9254
    7.5000  -15.0000  -22.5000 2465.7891   14.1650
   -7.5000   -7.5000  -22.5000 2589.8867   12.8858
    0.0000   -7.5000  -22.5000 2592.4165   12.8818
    7.5000   -7.5000  -22.5000 2560.9495   13.0659
   -7.5000    0.0000  -22.5000 2653.4673   12.1705
    0.0000    0.0000  -22.5000 2658.4614   12.1415
    7.5000    0.0000  -22.5000 2625.7234   12.3291
   -7.5000    7.5000  -22.5000 2696.1731   11.7324
    0.0000    7.5000  -22.5000 2698.3926   11.6727
    7.5000    7.5000  -22.5000 2666.7463   11.8530
   -7.5000   15.0000  -22.5000 2723.2817   11.5354
    0.0000   15.0000  -22.5000 2729.3296   11.4564
    7.5000   15.0000  -22.5000 2691.9880   11.6225
   -7.5000   22.5000  -22.5000 2727.6101   11.6337
    0.0000   22.5000  -22.5000 2733.4028   11.5378
    7.5000   22.5000  -22.5000 2696.7800   11.6679
   -7.5000   30.0000  -22.5000 2707.0029   11.9636
    0.0000   30.0000  -22.5000 2713.9673   11.8728
    7.5000   30.0000  -22.5000 2678.6165   12.0065
   -7.5000   37.5000  -22.5000 2660.7957   12.5811
    0.0000   37.5000  -22.5000 2670.5669   12.4612
    7.5000   37.5000  -22.5000 2633.2522   12.6034
   -7.5000   45.0000  -22.5000 2582.1641   13.4076
    0.0000   45.0000  -22.5000 2592.3188   13.2746
    7.5000   45.0000  -22.5000 2559.4407   13.4273
   -7.5000  -45.0000  -15.0000 1999.3761   21.6661
    0.0000  -45.0000  -15.0000 2001.9160   21.7413
    7.5000  -45.0000  -15.0000 1980.4620   22.2589
   -7.5000  -37.5000  -15.0000 2143.5522   18.7711
    0.0000  -37.5000  -15.0000 2149.2717   18.8494
    7.5000  -37.5000  -15.0000 2123.1216   19.2730
   -7.5000  -30.0000  -15.0000 2287.7742   16.5638
    0.0000  -30.0000  -15.0000 2291.7529   16.5981
    7.5000  -30.0000  -15.0000 2262.8606   16.9578
   -7.5000  -22.5000  -15.0000 2417.6326   14.7905
    0.0000  -22.5000  -15.0000 2424.5874   14.8021
    7.5000  -22.5000  -15.0000 2395.3206   15.0906
   -7.5000  -15.0000  -15.0000 2535.7292   13.3925
    0.0000  -15.0000  -15.0000 2541.2231   13.4018
    7.5000  -15.0000  -15.0000 2510.3599   13.6207
   -7.5000   -7.5000  -15.0000 2648.8113   12.3411
    0.0000   -7.5000  -15.0000 2649.3350   12.3341
    7.5000   -7.5000  -15.0000 2615.2261   12.5218
   -7.5000    0.0000  -15.0000 2727.9990   11.5986
    0.0000    0.0000  -15.0000 2730.5874   11.5764
    7.5000    0.0000  -15.0000 2697.2112   11.7453
   -7.5000    7.5000  -15.0000 2787.1633   11.1603
    0.0000    7.5000  -15.0000 2787.3882   11.0953
    7.5000    7.5000  -15.0000 2753.3779   11.2641
   -7.5000   15.0000  -15.0000 2817.9087   10.9375
    0.0000   15.0000  -15.0000 2824.4211   10.8675
    7.5000   15.0000  -15.0000 2786.0957   11.0032
   -7.5000   22.5000  -15.0000 2828.1675   11.0039
    0.0000   22.5000  -15.0000 2837.0159   10.9347
    7.5000   22.5000  -15.0000 2797.8623   11.0679
   -7.5000   30.0000  -15.0000 2801.6157   11.3752
    0.0000   30.0000  -15.0000 2815.4055   11.2716
    7.5000   30.0000  -15.0000 2776.9678   11.4090
   -7.5000   37.5000  -15.0000 2750.4194   11.9546
    0.0000   37.5000  -15.0000 2764.3726   11.8425
    7.5000   37.5000  -15.0000 2727.2070   11.9746
   -7.5000   45.0000  -15.0000 2665.4612   12.7526
    0.0000   45.0000  -15.0000 2679.4778   12.6318
    7.5000   45.0000  -15.0000 2644.0281   12.7740
   -7.5000  -45.0000   -7.5000 2018.7162   21.1468
    0.0000  -45.0000   -7.5000 2024.0254   21.2187
    7.5000  -45.0000   -7.5000 2001.5057   21.6721
   -7.5000  -37.5000   -7.5000 2166.8276   18.2813
    0.0000  -37.5000   -7.5000 2172.1128   18.3485
    7.5000  -37.5000   -7.5000 2146.7268   18.7537
   -7.5000  -30.0000   -7.5000 2310.2107   16.0880
    0.0000  -30.0000   -7.5000 2316.4751   16.1080
    7.5000  -30.0000   -7.5000 2284.7488   16.4615
   -7.5000  -22.5000   -7.5000 2438.5837   14.3275
    0.0000  -22.5000   -7.5000 2446.3357   14.3113
    7.5000  -22.5000   -7.5000 2417.0432   14.6261
   -7.5000  -15.0000   -7.5000 2562.4709   12.9380
    0.0000  -15.0000   -7.5000 2565.7664   12.9119
    7.5000  -15.0000   -7.5000 2537.8469   13.1636
   -7.5000   -7.5000   -7.5000 2678.5671   11.8753
    0.0000   -7.5000   -7.5000 2677.4180   11.8482
    7.5000   -7.5000   -7.5000 2648.5046   12.0620
   -7.5000    0.0000   -7.5000 2774.8118   11.1073
    0.0000    0.0000   -7.5000 2777.3669   11.0768
    7.5000    0.0000   -7.5000 2745.8643   11.2680
   -7.5000    7.5000   -7.5000 2854.3245   10.6598
    0.0000    7.5000   -7.5000 2858.5344   10.6047
    7.5000    7.5000   -7.5000 2821.5850   10.7870
   -7.5000   15.0000   -7.5000 2897.5476   10.4360
    0.0000   15.0000   -7.5000 2911.0374   10.3703
    7.5000   15.0000   -7.5000 2868.1370   10.5420
   -7.5000   22.5000   -7.5000 2917.1553   10.5081
    0.0000   22.5000   -7.5000 2932.8311   10.4326
    7.5000   22.5000   -7.5000 2889.6062   10.5823
   -7.5000   30.0000   -7.5000 2883.9392   10.8739
    0.0000   30.0000   -7.5000 2901.6575   10.7875
    7.5000   30.0000   -7.5000 2861.7678   10.9248
   -7.5000   37.5000   -7.5000 2816.4604   11.4039
    0.0000   37.5000   -7.5000 2834.5164   11.2901
    7.5000   37.5000   -7.5000 2798.9053   11.4436
   -7.5000   45.0000   -7.5000 2719.1206   12.1780
    0.0000   45.0000   -7.5000 2735.6377   12.0643
    7.5000   45.0000   -7.5000 2701.9099   12.2296
   -7.5000  -45.0000    0.0000 2024.6007   20.9803
    0.0000  -45.0000    0.0000 2028.7533   21.0260
    7.5000  -45.0000    0.0000 2008.3247   21.4750
   -7.5000  -37.5000    0.0000 2174.9370   18.1663
    0.0000  -37.5000    0.0000 2182.0505   18.1611
    7.5000  -37.5000    0.0000 2157.3469   18.5731
   -7.5000  -30.0000    0.0000 2315.0376   15.8950
    0.0000  -30.0000    0.0000 2324.2266   15.8830
    7.5000  -30.0000    0.0000 2296.0305   16.2247
   -7.5000  -22.5000    0.0000 2440.9341   14.0878
    0.0000  -22.5000    0.0000 2452.2683   14.0392
    7.5000  -22.5000    0.0000 2426.3635   14.3519
   -7.5000  -15.0000    0.0000 2566.3877   12.6774
    0.0000  -15.0000    0.0000 2572.7273   12.6054
    7.5000  -15.0000    0.0000 2545.0315   12.8863
   -7.5000   -7.5000    0.0000 2690.3284   11.5913
    0.0000   -7.5000    0.0000 2694.8069   11.5222
    7.5000   -7.5000    0.0000 2661.8992   11.7702
   -7.5000    0.0000    0.0000 2795.0972   10.8028
    0.0000    0.0000    0.0000 2804.3901   10.7360
    7.5000    0.0000    0.0000 2773.3552   10.9649
   -7.5000    7.5000    0.0000 2891.7271   10.3380
    0.0000    7.5000    0.0000 2907.1687   10.2724
    7.5000    7.5000    0.0000 2865.3408   10.4684
   -7.5000   15.0000    0.0000 2961.3079   10.1170
    0.0000   15.0000    0.0000 2983.0376   10.0472
    7.5000   15.0000    0.0000 2929.9609   10.2389
   -7.5000   22.5000    0.0000 2986.3528   10.1584
    0.0000   22.5000    0.0000 3014.9412   10.0948
    7.5000   22.5000    0.0000 2957.0459   10.3034
   -7.5000   30.0000    0.0000 2942.4055   10.5498
    0.0000   30.0000    0.0000 2966.5930   10.4878
    7.5000   30.0000    0.0000 2918.6951   10.6454
   -7.5000   37.5000    0.0000 2860.7964   11.0513
    0.0000   37.5000    0.0000 2878.3264   10.9806
    7.5000   37.5000    0.0000 2839.5642   11.1372
   -7.5000   45.0000    0.0000 2753.3066   11.7987
    0.0000   45.0000    0.0000 2770.1421   11.7234
    7.5000   45.0000    0.0000 2737.2793   11.8874
   -7.5000  -45.0000    7.5000 2013.0598   21.1022
    0.0000  -45.0000    7.5000 2019.7532   21.0673
    7.5000  -45.0000    7.5000 1998.3181   21.5295
   -7.5000  -37.5000    7.5000 2167.6055   18.2475
    0.0000  -37.5000    7.5000 2180.2222   18.1803
    7.5000  -37.5000    7.5000 2154.2153   18.5607
   -7.5000  -30.0000    7.5000 2307.9761   15.9232
    0.0000  -30.0000    7.5000 2321.2844   15.8305
    7.5000  -30.0000    7.5000 2297.1758   16.1581
   -7.5000  -22.5000    7.5000 2438.5449   14.1063
    0.0000  -22.5000    7.5000 2450.3601   13.9607
    7.5000  -22.5000    7.5000 2425.5928   14.2734
   -7.5000  -15.0000    7.5000 2558.7649   12.6615
    0.0000  -15.0000    7.5000 2568.8518   12.5163
    7.5000  -15.0000    7.5000 2540.8269   12.8037
   -7.5000   -7.5000    7.5000 2680.4702   11.5547
    0.0000   -7.5000    7.5000 2691.7563   11.4282
    7.5000   -7.5000    7.5000 2660.1475   11.7080
   -7.5000    0.0000    7.5000 2789.8081   10.7296
    0.0000    0.0000    7.5000 2805.8811   10.6007
    7.5000    0.0000    7.5000 2772.9075   10.8783
   -7.5000    7.5000    7.5000 2895.2146   10.2329
    0.0000    7.5000    7.5000 2916.6370   10.1054
    7.5000    7.5000    7.5000 2877.3447   10.3556
   -7.5000   15.0000    7.5000 2974.8582   10.0129
    0.0000   15.0000    7.5000 3011.9375    9.8929
    7.5000   15.0000    7.5000 2957.1255   10.1076
   -7.5000   22.5000    7.5000 3014.4382   10.0479
    0.0000   22.5000    7.5000 3051.1096    9.9452
    7.5000   22.5000    7.5000 2990.1619   10.1634
   -7.5000   30.0000    7.5000 2968.7722   10.4194
    0.0000   30.0000    7.5000 3001.9041   10.3395
    7.5000   30.0000    7.5000 2948.9812   10.5270
   -7.5000   37.5000    7.5000 2872.0059   10.9303
    0.0000   37.5000    7.5000 2896.2925   10.8604
    7.5000   37.5000    7.5000 2856.5527   11.0398
   -7.5000   45.0000    7.5000 2759.9968   11.6799
    0.0000   45.0000    7.5000 2776.2092   11.5908
    7.5000   45.0000    7.5000 2745.3511   11.7696
   -7.5000  -45.0000   15.0000 1981.6665   21.5041
    0.0000  -45.0000   15.0000 1987.2584   21.3918
    7.5000  -45.0000   15.0000 1969.7512   21.8326
   -7.5000  -37.5000   15.0000 2143.3442   18.5717
    0.0000  -37.5000   15.0000 2155.6443   18.4673
    7.5000  -37.5000   15.0000 2131.7639   18.7810
   -7.5000  -30.0000   15.0000 2290.1443   16.1614
    0.0000  -30.0000   15.0000 2307.2908   16.0237
    7.5000  -30.0000   15.0000 2282.2075   16.3170
   -7.5000  -22.5000   15.0000 2421.1638   14.2543
    0.0000  -22.5000   15.0000 2438.4077   14.0934
    7.5000  -22.5000   15.0000 2414.3245   14.3720
   -7.5000  -15.0000   15.0000 2538.9207   12.8073
    0.0000  -15.0000   15.0000 2555.4785   12.6289
    7.5000  -15.0000   15.0000 2530.6995   12.8984
   -7.5000   -7.5000   15.0000 2657.8433   11.7272
    0.0000   -7.5000   15.0000 2673.8918   11.5420
    7.5000   -7.5000   15.0000 2648.1624   11.7991
   -7.5000    0.0000   15.0000 2769.1528   10.9344
    0.0000    0.0000   15.0000 2786.6221   10.7445
    7.5000    0.0000   15.0000 2762.2812   11.0065
   -7.5000    7.5000   15.0000 2870.1711   10.4275
    0.0000    7.5000   15.0000 2895.6619   10.2471
    7.5000    7.5000   15.0000 2862.9949   10.5135
   -7.5000   15.0000   15.0000 2947.4968   10.1613
    0.0000   15.0000   15.0000 2981.2346    9.9753
    7.5000   15.0000   15.0000 2936.5684   10.2332
   -7.5000   22.5000   15.0000 2984.0061   10.1864
    0.0000   22.5000   15.0000 3016.3079   10.0272
    7.5000   22.5000   15.0000 2973.2893   10.2560
   -7.5000   30.0000   15.0000 2942.4434   10.5050
    0.0000   30.0000   15.0000 2974.6565   10.3988
    7.5000   30.0000   15.0000 2936.1057   10.6009
   -7.5000   37.5000   15.0000 2856.3430   11.0024
    0.0000   37.5000   15.0000 2880.8584   10.9305
    7.5000   37.5000   15.0000 2845.9358   11.1347
   -7.5000   45.0000   15.0000 2746.4629   11.7400
    0.0000   45.0000   15.0000 2767.2473   11.6667
    7.5000   45.0000   15.0000 2737.3909   11.8523
   -7.5000  -45.0000   22.5000 1943.4951   22.1402
    0.0000  -45.0000   22.5000 1948.5964   21.9632
    7.5000  -45.0000   22.5000 1934.3871   22.3289
   -7.5000  -37.5000   22.5000 2108.7266   19.0461
    0.0000  -37.5000   22.5000 2116.8020   18.8564
    7.5000  -37.5000   22.5000 2099.3508   19.1465
   -7.5000  -30.0000   22.5000 2257.7703   16.5630
    0.0000  -30.0000   22.5000 2273.6843   16.3757
    7.5000  -30.0000   22.5000 2254.4578   16.6461
   -7.5000  -22.5000   22.5000 2392.3962   14.6695
    0.0000  -22.5000   22.5000 2413.7300   14.4535
    7.5000  -22.5000   22.5000 2391.8154   14.7091
   -7.5000  -15.0000   22.5000 2512.2131   13.2310
    0.0000  -15.0000   22.5000 2531.0681   13.0137
    7.5000  -15.0000   22.5000 2505.8215   13.2317
   -7.5000   -7.5000   22.5000 2625.3835   12.1565
    0.0000   -7.5000   22.5000 2646.0027   11.9473
    7.5000   -7.5000   22.5000 2625.3438   12.1527
   -7.5000    0.0000   22.5000 2727.6421   11.3652
    0.0000    0.0000   22.5000 2750.4641   11.1548
    7.5000    0.0000   22.5000 2732.5640   11.3841
   -7.5000    7.5000   22.5000 2819.8330   10.8214
    0.0000    7.5000   22.5000 2848.1367   10.6201
    7.5000    7.5000   22.5000 2828.2136   10.8634
   -7.5000   15.0000   22.5000 2887.2668   10.5116
    0.0000   15.0000   22.5000 2918.1707   10.3244
    7.5000   15.0000   22.5000 2889.1023   10.5654
   -7.5000   22.5000   22.5000 2915.6318   10.4894
    0.0000   22.5000   22.5000 2943.6697   10.3542
    7.5000   22.5000   22.5000 2915.4954   10.5697
   -7.5000   30.0000   22.5000 2876.2664   10.8058
    0.0000   30.0000   22.5000 2906.7505   10.6844
    7.5000   30.0000   22.5000 2878.2188   10.8884
   -7.5000   37.5000   22.5000 2798.1812   11.3323
    0.0000   37.5000   22.5000 2826.2302   11.2300
    7.5000   37.5000   22.5000 2801.9382   11.4272
   -7.5000   45.0000   22.5000 2700.4382   12.0668
    0.0000   45.0000   22.5000 2720.4348   11.9585
    7.5000   45.0000   22.5000 2699.3953   12.1610
   -7.5000  -45.0000   30.0000 1894.9049   23.0306
    0.0000  -45.0000   30.0000 1903.0873   22.7634
    7.5000  -45.0000   30.0000 1894.3192   23.1106
   -7.5000  -37.5000   30.0000 2058.0596   19.7999
    0.0000  -37.5000   30.0000 2071.3933   19.5525
    7.5000  -37.5000   30.0000 2061.6624   19.7831
   -7.5000  -30.0000   30.0000 2213.0444   17.2841
    0.0000  -30.0000   30.0000 2231.3333   17.0460
    7.5000  -30.0000   30.0000 2217.3655   17.2477
   -7.5000  -22.5000   30.0000 2346.6538   15.3361
    0.0000  -22.5000   30.0000 2370.5879   15.1027
    7.5000  -22.5000   30.0000 2351.8142   15.2715
   -7.5000  -15.0000   30.0000 2463.6692   13.8859
    0.0000  -15.0000   30.0000 2490.1689   13.6447
    7.5000  -15.0000   30.0000 2468.9397   13.8076
   -7.5000   -7.5000   30.0000 2573.2036   12.7920
    0.0000   -7.5000   30.0000 2601.5732   12.5514
    7.5000   -7.5000   30.0000 2579.6382   12.7176
   -7.5000    0.0000   30.0000 2673.3506   11.9720
    0.0000    0.0000   30.0000 2701.2949   11.7414
    7.5000    0.0000   30.0000 2683.9895   11.9298
   -7.5000    7.5000   30.0000 2754.3743   11.4156
    0.0000    7.5000   30.0000 2786.7485   11.1815
    7.5000    7.5000   30.0000 2766.9832   11.3990
   -7.5000   15.0000   30.0000 2806.9141   11.0838
    0.0000   15.0000   30.0000 2837.0540   10.8967
    7.5000   15.0000   30.0000 2817.7595   11.1139
   -7.5000   22.5000   30.0000 2825.5508   11.0396
    0.0000   22.5000   30.0000 2847.6685   10.8879
    7.5000   22.5000   30.0000 2833.5078   11.0985
   -7.5000   30.0000   30.0000 2787.7349   11.3223
    0.0000   30.0000   30.0000 2811.7942   11.1758
    7.5000   30.0000   30.0000 2794.9634   11.3708
   -7.5000   37.5000   30.0000 2716.4846   11.8322
    0.0000   37.5000   30.0000 2739.2578   11.6968
    7.5000   37.5000   30.0000 2728.1274   11.8686
   -7.5000   45.0000   30.0000 2627.1230   12.5441
    0.0000   45.0000   30.0000 2644.7349   12.4124
    7.5000   45.0000   30.0000 2631.5046   12.5837
   -7.5000  -45.0000   37.5000 1842.6642   24.3501
    0.0000  -45.0000   37.5000 1856.6569   24.0251
    7.5000  -45.0000   37.5000 1846.0454   24.3126
   -7.5000  -37.5000   37.5000 2006.1196   20.8584
    0.0000  -37.5000   37.5000 2026.0911   20.6362
    7.5000  -37.5000   37.5000 2015.3430   20.8163
   -7.5000  -30.0000   37.5000 2158.4934   18.2367
    0.0000  -30.0000   37.5000 2180.6174   17.9880
    7.5000  -30.0000   37.5000 2169.8767   18.1350
   -7.5000  -22.5000   37.5000 2292.0591   16.2071
    0.0000  -22.5000   37.5000 2318.3650   16.0132
    7.5000  -22.5000   37.5000 2303.7700   16.1264
   -7.5000  -15.0000   37.5000 2406.2070   14.7020
    0.0000  -15.0000   37.5000 2437.0356   14.5085
    7.5000  -15.0000   37.5000 2422.2024   14.6454
   -7.5000   -7.5000   37.5000 2511.7380   13.5830
    0.0000   -7.5000   37.5000 2543.2322   13.3693
    7.5000   -7.5000   37.5000 2524.1919   13.5057
   -7.5000    0.0000   37.5000 2605.0010   12.7461
    0.0000    0.0000   37.5000 2638.2563   12.5307
    7.5000    0.0000   37.5000 2620.3789   12.6773
   -7.5000    7.5000   37.5000 2676.3533   12.1607
    0.0000    7.5000   37.5000 2710.6250   11.9427
    7.5000    7.5000   37.5000 2695.0186   12.1282
   -7.5000   15.0000   37.5000 2722.0212   11.8368
    0.0000   15.0000   37.5000 2746.3130   11.6526
    7.5000   15.0000   37.5000 2733.8828   11.8297
   -7.5000   22.5000   37.5000 2724.1304   11.7914
    0.0000   22.5000   37.5000 2744.7668   11.6284
    7.5000   22.5000   37.5000 2738.0649   11.8089
   -7.5000   30.0000   37.5000 2687.5037   12.0392
    0.0000   30.0000   37.5000 2709.1831   11.8778
    7.5000   30.0000   37.5000 2698.3943   12.0311
   -7.5000   37.5000   37.5000 2630.0015   12.5133
    0.0000   37.5000   37.5000 2649.2678   12.3631
    7.5000   37.5000   37.5000 2642.1895   12.5026
   -7.5000   45.0000   37.5000 2546.7996   13.1996
    0.0000   45.0000   37.5000 2564.7983   13.0550
    7.5000   45.0000   37.5000 2555.6304   13.1980
   -7.5000  -45.0000   45.0000 1786.8047   25.9760
    0.0000  -45.0000   45.0000 1795.4939   25.7463
    7.5000  -45.0000   45.0000 1788.1853   26.0055
   -7.5000  -37.5000   45.0000 1949.8252   22.2449
    0.0000  -37.5000   45.0000 1971.0939   22.0476
    7.5000  -37.5000   45.0000 1959.6500   22.2026
   -7.5000  -30.0000   45.0000 2098.8977   19.4225
    0.0000  -30.0000   45.0000 2120.3003   19.2245
    7.5000  -30.0000   45.0000 2113.8423   19.3287
   -7.5000  -22.5000   45.0000 2231.4414   17.3111
    0.0000  -22.5000   45.0000 2258.6562   17.1447
    7.5000  -22.5000   45.0000 2247.7563   17.2235
   -7.5000  -15.0000   45.0000 2341.3655   15.7346
    0.0000  -15.0000   45.0000 2371.6558   15.6085
    7.5000  -15.0000   45.0000 2361.2554   15.6801
   -7.5000   -7.5000   45.0000 2444.0283   14.5655
    0.0000   -7.5000   45.0000 2474.8062   14.4073
    7.5000   -7.5000   45.0000 2459.5049   14.5056
   -7.5000    0.0000   45.0000 2528.5930   13.6943
    0.0000    0.0000   45.0000 2561.6245   13.5121
    7.5000    0.0000   45.0000 2544.4985   13.6247
   -7.5000    7.5000   45.0000 2593.2839   13.0909
    0.0000    7.5000   45.0000 2625.7957   12.9049
    7.5000    7.5000   45.0000 2606.7351   13.0404
   -7.5000   15.0000   45.0000 2626.2012   12.7559
    0.0000   15.0000   45.0000 2650.7419   12.5896
    7.5000   15.0000   45.0000 2641.7712   12.7425
   -7.5000   22.5000   45.0000 2619.7708   12.7176
    0.0000   22.5000   45.0000 2641.5276   12.5613
    7.5000   22.5000   45.0000 2633.5076   12.7079
   -7.5000   30.0000   45.0000 2584.4592   12.9093
    0.0000   30.0000   45.0000 2604.8127   12.7626
    7.5000   30.0000   45.0000 2600.3240   12.8791
   -7.5000   37.5000   45.0000 2537.9319   13.3642
    0.0000   37.5000   45.0000 2559.6233   13.2249
    7.5000   37.5000   45.0000 2553.1472   13.3247
   -7.5000   45.0000   45.0000 2466.5469   14.0399
    0.0000   45.0000   45.0000 2481.3245   13.8979
    7.5000   45.0000   45.0000 2474.9158   14.0071

---------------------------------------------------------------------
imgreg_4dfp /opt/freesurfer/average/711-2C_as_mni_average_305 /opt/freesurfer/average/711-2B_as_mni_average_305_mask talsrcimg_g11 none talsrcimg_to_711-2C_as_mni_average_305_t4 1283
---------------------------------------------------------------------

freesurfer imgreg_4dfp.c
/opt/freesurfer/average/711-2C_as_mni_average_305.4dfp.img
       256       256       256         1
  1.000000  1.000000  1.000000
orientation T byte_order littleendian
Reading image: /opt/freesurfer/average/711-2C_as_mni_average_305.4dfp.img
dimensions:      256       256       256
mmppix:       1.0000   -1.0000   -1.0000
center:     128.0000 -129.0000 -129.0000
/opt/freesurfer/average/711-2B_as_mni_average_305_mask.4dfp.img
       256       256       256         1
  1.000000  1.000000  1.000000
orientation T byte_order littleendian
Reading mask: /opt/freesurfer/average/711-2B_as_mni_average_305_mask.4dfp.img (2306576 pixels)
talsrcimg_g11.4dfp.img
       256       256       256         1
  1.000000  1.000000  1.000000
orientation T byte_order littleendian
Reading image: talsrcimg_g11.4dfp.img
dimensions:      256       256       256
mmppix:       1.0000   -1.0000   -1.0000
center:     128.0000 -129.0000 -129.0000
rotation matrix determinant  1.000000
fimgreg.f
image alignment mode   1283 decimal      503 hex
parameters
    0.0000   22.5000    7.5000    0.0000    0.0000    0.0000
eta,q 0.95651  9.95227
niter,ni,del,rscale     5    3   12.0000    1.2000
parameters
   -1.1328   21.5265    7.0277   -0.8496   -2.9270    0.6487
eta,q 0.95936  9.76586
  0.0517  0.0480  0.0495  0.0465  0.0435  0.0462
  0.0463  0.0444  0.0468  0.0434  0.0412  0.0438
  0.0435  0.0430  0.0441  0.0425  0.0408  0.0418
  0.0439  0.0432  0.0430  0.0432  0.0427  0.0407
  0.0476  0.0446  0.0442  0.0445  0.0460  0.0409
  0.0532  0.0476  0.0476  0.0459  0.0493  0.0425
  0.0589  0.0525  0.0528  0.0478  0.0529  0.0444
niter,ni,del,rscale     4    3   12.0000    1.2000
parameters
   -0.3079   22.4064    7.1661   -2.5038   -3.3820    0.8262
eta,q 0.96091  9.77606
  0.0581  0.0515  0.0489  0.0428  0.0460  0.0452
  0.0509  0.0454  0.0459  0.0396  0.0428  0.0424
  0.0448  0.0417  0.0418  0.0391  0.0402  0.0402
  0.0406  0.0401  0.0398  0.0398  0.0391  0.0391
  0.0407  0.0400  0.0410  0.0420  0.0407  0.0398
  0.0450  0.0421  0.0444  0.0447  0.0444  0.0420
  0.0516  0.0461  0.0490  0.0470  0.0484  0.0446
niter,ni,del,rscale     3    3   12.0000    1.2000
parameters
   -0.0839   23.2273    7.0236   -3.0851   -3.5958    0.9729
eta,q 0.96125  9.79254
  0.0556  0.0523  0.0476  0.0447  0.0461  0.0450
  0.0482  0.0457  0.0439  0.0403  0.0429  0.0421
  0.0421  0.0409  0.0399  0.0387  0.0402  0.0399
  0.0391  0.0390  0.0389  0.0389  0.0387  0.0388
  0.0409  0.0391  0.0407  0.0402  0.0399  0.0394
  0.0466  0.0416  0.0441  0.0432  0.0434  0.0417
  0.0536  0.0466  0.0485  0.0463  0.0476  0.0445
niter,ni,del,rscale     2    3   12.0000    1.2000
parameters
    0.0150   23.5026    6.9411   -3.3439   -3.6771    1.0095
eta,q 0.96131  9.79844
  0.0551  0.0509  0.0475  0.0455  0.0462  0.0447
  0.0474  0.0443  0.0437  0.0409  0.0431  0.0418
  0.0413  0.0399  0.0398  0.0387  0.0404  0.0397
  0.0388  0.0387  0.0387  0.0387  0.0387  0.0387
  0.0410  0.0394  0.0405  0.0398  0.0396  0.0394
  0.0470  0.0430  0.0438  0.0426  0.0430  0.0417
  0.0539  0.0487  0.0480  0.0460  0.0473  0.0446
niter,ni,del,rscale     1    3   12.0000    1.2000
parameters
    0.0598   23.6240    6.8939   -3.4560   -3.7121    1.0234
eta,q 0.96132  9.80092
  0.0549  0.0505  0.0475  0.0459  0.0463  0.0447
  0.0471  0.0439  0.0437  0.0412  0.0432  0.0418
  0.0411  0.0396  0.0398  0.0387  0.0405  0.0396
  0.0387  0.0387  0.0387  0.0387  0.0387  0.0387
  0.0411  0.0396  0.0404  0.0396  0.0395  0.0394
  0.0472  0.0435  0.0436  0.0423  0.0428  0.0418
  0.0541  0.0493  0.0478  0.0457  0.0471  0.0447
registration optimization eta report
parameter search radius
    6.0000    6.0000    6.0000    6.0000    6.0000    6.0000
100000*second partial in parameter space
       43.       32.       24.       20.       22.       16.
  0.0549  0.0505  0.0475  0.0459  0.0463  0.0447
  0.0471  0.0439  0.0437  0.0412  0.0432  0.0418
  0.0411  0.0396  0.0398  0.0387  0.0405  0.0396
  0.0387  0.0387  0.0387  0.0387  0.0387  0.0387
  0.0411  0.0396  0.0404  0.0396  0.0395  0.0394
  0.0472  0.0435  0.0436  0.0423  0.0428  0.0418
  0.0541  0.0493  0.0478  0.0457  0.0471  0.0447
    0.0598   23.6240    6.8939   -3.4560   -3.7121    1.0234
eta,q 0.96132  9.80092

---------------------------------------------------------------------
imgreg_4dfp /opt/freesurfer/average/711-2C_as_mni_average_305 /opt/freesurfer/average/711-2B_as_mni_average_305_mask talsrcimg_g11 none talsrcimg_to_711-2C_as_mni_average_305_t4 3335
---------------------------------------------------------------------

freesurfer imgreg_4dfp.c
/opt/freesurfer/average/711-2C_as_mni_average_305.4dfp.img
       256       256       256         1
  1.000000  1.000000  1.000000
orientation T byte_order littleendian
Reading image: /opt/freesurfer/average/711-2C_as_mni_average_305.4dfp.img
dimensions:      256       256       256
mmppix:       1.0000   -1.0000   -1.0000
center:     128.0000 -129.0000 -129.0000
/opt/freesurfer/average/711-2B_as_mni_average_305_mask.4dfp.img
       256       256       256         1
  1.000000  1.000000  1.000000
orientation T byte_order littleendian
Reading mask: /opt/freesurfer/average/711-2B_as_mni_average_305_mask.4dfp.img (2306576 pixels)
talsrcimg_g11.4dfp.img
       256       256       256         1
  1.000000  1.000000  1.000000
orientation T byte_order littleendian
Reading image: talsrcimg_g11.4dfp.img
dimensions:      256       256       256
mmppix:       1.0000   -1.0000   -1.0000
center:     128.0000 -129.0000 -129.0000
fimgreg.f
image alignment mode   3335 decimal      D07 hex
parameters
    0.0598   23.6240    6.8939   -0.2257   -0.2048   -0.3913
   -2.1731    6.3538    1.7824    6.1426   -6.4743   -6.0155
eta,q 0.96019  9.92084
niter,ni,del,rscale     5    3    5.0000    1.2000
parameter  4  1.074161 ->  0.500000 qaram    1.1500
parameter  5  2.046011 ->  0.500000 qaram    1.1500
parameter  6  0.980327 ->  0.500000 qaram    1.1500
parameter 11 -0.668562 -> -0.500000 qaram    1.1500
parameters
   -0.0329   23.8089    6.3956   -4.3657   -4.3448   -4.5313
   -2.3277    8.5421    4.1797    4.4461   -2.3343   -4.2790
eta,q 0.97229  9.39867
  0.0421  0.0413  0.0406  0.0362  0.0307  0.0288  0.0312  0.0355  0.0316  0.0303  0.0317  0.0294
  0.0408  0.0406  0.0400  0.0365  0.0321  0.0290  0.0301  0.0329  0.0303  0.0291  0.0303  0.0286
  0.0401  0.0401  0.0397  0.0377  0.0339  0.0302  0.0294  0.0307  0.0294  0.0285  0.0292  0.0281
  0.0398  0.0398  0.0398  0.0397  0.0368  0.0325  0.0292  0.0292  0.0287  0.0285  0.0284  0.0278
  0.0402  0.0398  0.0401  0.0427  0.0399  0.0358  0.0295  0.0287  0.0285  0.0294  0.0279  0.0277
  0.0411  0.0402  0.0407  0.0462  0.0430  0.0399  0.0302  0.0293  0.0287  0.0312  0.0278  0.0279
  0.0425  0.0410  0.0416  0.0498  0.0467  0.0444  0.0314  0.0310  0.0293  0.0332  0.0279  0.0283
niter,ni,del,rscale     7    3    5.0000    1.2000
parameter  5  0.659228 ->  0.500000 qaram    1.3225
parameters
    0.1769   24.3157    5.8718   -5.9826   -9.1058   -7.7707
   -3.0739    6.7756    5.0042    4.9463   -1.1701   -3.5959
eta,q 0.97410  9.04422
  0.0309  0.0306  0.0286  0.0299  0.0265  0.0269  0.0276  0.0276  0.0274  0.0284  0.0269  0.0268
  0.0293  0.0292  0.0278  0.0289  0.0261  0.0264  0.0267  0.0264  0.0267  0.0272  0.0263  0.0264
  0.0282  0.0282  0.0275  0.0279  0.0265  0.0261  0.0263  0.0260  0.0262  0.0263  0.0260  0.0261
  0.0277  0.0277  0.0276  0.0275  0.0276  0.0261  0.0262  0.0261  0.0260  0.0259  0.0259  0.0259
  0.0279  0.0276  0.0281  0.0282  0.0296  0.0276  0.0265  0.0269  0.0260  0.0261  0.0260  0.0259
  0.0286  0.0280  0.0288  0.0305  0.0325  0.0307  0.0272  0.0284  0.0263  0.0267  0.0261  0.0261
  0.0300  0.0289  0.0299  0.0342  0.0361  0.0353  0.0283  0.0305  0.0269  0.0278  0.0264  0.0266
niter,ni,del,rscale     7    3    5.0000    1.2000
parameters
    0.1250   24.6836    6.0349   -5.0082  -11.3475   -9.1673
   -3.4209    6.5575    4.8078    5.2042   -0.5712   -3.7261
eta,q 0.97439  8.94041
  0.0279  0.0284  0.0269  0.0283  0.0276  0.0271  0.0273  0.0282  0.0266  0.0277  0.0264  0.0264
  0.0268  0.0271  0.0264  0.0274  0.0264  0.0263  0.0264  0.0267  0.0260  0.0266  0.0259  0.0260
  0.0261  0.0263  0.0261  0.0267  0.0256  0.0258  0.0258  0.0258  0.0257  0.0259  0.0257  0.0257
  0.0259  0.0259  0.0259  0.0259  0.0256  0.0255  0.0256  0.0256  0.0256  0.0256  0.0256  0.0256
  0.0262  0.0260  0.0259  0.0254  0.0266  0.0256  0.0259  0.0260  0.0257  0.0258  0.0257  0.0257
  0.0269  0.0264  0.0262  0.0260  0.0285  0.0269  0.0266  0.0269  0.0261  0.0264  0.0258  0.0260
  0.0281  0.0272  0.0267  0.0280  0.0315  0.0299  0.0276  0.0286  0.0268  0.0274  0.0262  0.0265
niter,ni,del,rscale     6    3    5.0000    1.2000
parameters
    0.0792   24.9923    6.0596   -4.9643  -11.9776   -9.4386
   -3.3260    6.3857    4.6292    5.6322   -0.3418   -3.9606
eta,q 0.97438  8.90969
  0.0276  0.0278  0.0265  0.0276  0.0283  0.0275  0.0275  0.0282  0.0266  0.0276  0.0263  0.0264
  0.0265  0.0266  0.0260  0.0269  0.0270  0.0266  0.0265  0.0267  0.0260  0.0266  0.0259  0.0260
  0.0258  0.0259  0.0257  0.0263  0.0260  0.0259  0.0259  0.0259  0.0257  0.0259  0.0257  0.0257
  0.0256  0.0256  0.0256  0.0256  0.0256  0.0256  0.0256  0.0256  0.0256  0.0256  0.0256  0.0256
  0.0259  0.0257  0.0257  0.0254  0.0260  0.0256  0.0258  0.0259  0.0258  0.0257  0.0257  0.0257
  0.0266  0.0261  0.0260  0.0262  0.0273  0.0262  0.0264  0.0269  0.0261  0.0263  0.0259  0.0260
  0.0278  0.0269  0.0265  0.0283  0.0294  0.0283  0.0274  0.0285  0.0267  0.0272  0.0262  0.0266
niter,ni,del,rscale     5    3    5.0000    1.2000
parameters
    0.0321   25.2033    5.9409   -4.8956  -12.2345   -9.6366
   -3.2035    6.2628    4.5077    6.0728   -0.0229   -4.1206
eta,q 0.97439  8.89560
  0.0276  0.0276  0.0264  0.0276  0.0284  0.0275  0.0275  0.0282  0.0266  0.0275  0.0263  0.0264
  0.0265  0.0265  0.0260  0.0269  0.0271  0.0266  0.0265  0.0267  0.0260  0.0265  0.0259  0.0260
  0.0258  0.0259  0.0257  0.0263  0.0261  0.0259  0.0259  0.0259  0.0257  0.0259  0.0257  0.0257
  0.0256  0.0256  0.0256  0.0256  0.0256  0.0256  0.0256  0.0256  0.0256  0.0256  0.0256  0.0256
  0.0259  0.0257  0.0257  0.0254  0.0259  0.0256  0.0258  0.0259  0.0257  0.0257  0.0257  0.0257
  0.0266  0.0262  0.0261  0.0261  0.0270  0.0261  0.0264  0.0268  0.0261  0.0262  0.0259  0.0260
  0.0278  0.0269  0.0266  0.0283  0.0290  0.0282  0.0274  0.0284  0.0267  0.0271  0.0262  0.0265
niter,ni,del,rscale     4    3    5.0000    1.2000
parameters
   -0.0294   25.3672    5.7812   -4.8538  -12.4404   -9.8472
   -3.0726    6.1294    4.3643    6.5152    0.3361   -4.2379
eta,q 0.97440  8.88097
  0.0276  0.0274  0.0264  0.0275  0.0283  0.0274  0.0275  0.0281  0.0266  0.0275  0.0263  0.0264
  0.0265  0.0264  0.0259  0.0268  0.0271  0.0265  0.0265  0.0267  0.0260  0.0265  0.0259  0.0260
  0.0258  0.0258  0.0257  0.0262  0.0261  0.0259  0.0259  0.0258  0.0257  0.0259  0.0257  0.0257
  0.0256  0.0256  0.0256  0.0256  0.0256  0.0256  0.0256  0.0256  0.0256  0.0256  0.0256  0.0256
  0.0259  0.0257  0.0258  0.0254  0.0258  0.0256  0.0258  0.0259  0.0257  0.0257  0.0257  0.0257
  0.0266  0.0262  0.0261  0.0261  0.0269  0.0261  0.0264  0.0268  0.0261  0.0262  0.0258  0.0260
  0.0278  0.0270  0.0266  0.0282  0.0289  0.0281  0.0273  0.0283  0.0267  0.0271  0.0262  0.0265
niter,ni,del,rscale     3    3    5.0000    1.2000
parameters
   -0.0902   25.5316    5.6224   -4.8264  -12.6746  -10.0851
   -2.9158    5.9776    4.2353    6.9769    0.6410   -4.3734
eta,q 0.97440  8.86348
  0.0275  0.0274  0.0264  0.0275  0.0282  0.0274  0.0274  0.0280  0.0266  0.0274  0.0263  0.0264
  0.0264  0.0264  0.0259  0.0268  0.0270  0.0265  0.0265  0.0266  0.0260  0.0265  0.0259  0.0260
  0.0258  0.0258  0.0257  0.0262  0.0261  0.0259  0.0259  0.0258  0.0257  0.0259  0.0257  0.0257
  0.0256  0.0256  0.0256  0.0256  0.0256  0.0256  0.0256  0.0256  0.0256  0.0256  0.0256  0.0256
  0.0259  0.0257  0.0258  0.0253  0.0258  0.0256  0.0258  0.0259  0.0257  0.0257  0.0257  0.0257
  0.0266  0.0262  0.0261  0.0261  0.0269  0.0261  0.0264  0.0268  0.0261  0.0262  0.0258  0.0260
  0.0277  0.0269  0.0266  0.0282  0.0288  0.0281  0.0273  0.0283  0.0267  0.0270  0.0262  0.0265
niter,ni,del,rscale     2    3    5.0000    1.2000
parameters
   -0.1593   25.7200    5.4494   -4.8187  -12.9367  -10.3641
   -2.7396    5.8032    4.1531    7.5023    0.9521   -4.5211
eta,q 0.97440  8.84256
  0.0275  0.0274  0.0264  0.0274  0.0281  0.0273  0.0274  0.0280  0.0266  0.0274  0.0263  0.0264
  0.0264  0.0264  0.0259  0.0268  0.0269  0.0264  0.0265  0.0266  0.0260  0.0265  0.0259  0.0260
  0.0258  0.0258  0.0256  0.0262  0.0260  0.0258  0.0259  0.0258  0.0257  0.0259  0.0257  0.0257
  0.0256  0.0256  0.0256  0.0256  0.0256  0.0256  0.0256  0.0256  0.0256  0.0256  0.0256  0.0256
  0.0258  0.0257  0.0258  0.0253  0.0258  0.0257  0.0258  0.0259  0.0257  0.0257  0.0256  0.0257
  0.0266  0.0261  0.0261  0.0261  0.0269  0.0261  0.0263  0.0267  0.0261  0.0262  0.0258  0.0260
  0.0277  0.0269  0.0266  0.0282  0.0287  0.0280  0.0273  0.0282  0.0267  0.0269  0.0262  0.0265
niter,ni,del,rscale     1    3    5.0000    1.2000
parameters
   -0.2406   25.9404    5.2512   -4.8260  -13.2518  -10.6867
   -2.5568    5.5926    4.0879    8.1387    1.1926   -4.7211
eta,q 0.97442  8.81772
  0.0274  0.0274  0.0264  0.0274  0.0280  0.0273  0.0274  0.0279  0.0266  0.0274  0.0263  0.0263
  0.0264  0.0264  0.0259  0.0267  0.0269  0.0264  0.0264  0.0266  0.0260  0.0265  0.0259  0.0260
  0.0258  0.0259  0.0256  0.0262  0.0260  0.0258  0.0258  0.0258  0.0257  0.0258  0.0257  0.0257
  0.0256  0.0256  0.0256  0.0256  0.0256  0.0256  0.0256  0.0256  0.0256  0.0256  0.0256  0.0256
  0.0259  0.0257  0.0257  0.0253  0.0258  0.0257  0.0258  0.0259  0.0257  0.0257  0.0256  0.0257
  0.0266  0.0261  0.0261  0.0260  0.0268  0.0261  0.0263  0.0267  0.0261  0.0261  0.0258  0.0260
  0.0277  0.0268  0.0267  0.0281  0.0287  0.0280  0.0272  0.0282  0.0267  0.0268  0.0262  0.0265
registration optimization eta report
parameter search radius
    2.4000    2.4000    2.4000    8.2800    9.5220    8.2800
    7.2000    7.2000    7.2000    7.2000    8.2800    7.2000
100000*second partial in parameter space
       34.       26.       16.        3.        3.        3.
        3.        5.        2.        3.        1.        2.
  0.0274  0.0274  0.0264  0.0274  0.0280  0.0273  0.0274  0.0279  0.0266  0.0274  0.0263  0.0263
  0.0264  0.0264  0.0259  0.0267  0.0269  0.0264  0.0264  0.0266  0.0260  0.0265  0.0259  0.0260
  0.0258  0.0259  0.0256  0.0262  0.0260  0.0258  0.0258  0.0258  0.0257  0.0258  0.0257  0.0257
  0.0256  0.0256  0.0256  0.0256  0.0256  0.0256  0.0256  0.0256  0.0256  0.0256  0.0256  0.0256
  0.0259  0.0257  0.0257  0.0253  0.0258  0.0257  0.0258  0.0259  0.0257  0.0257  0.0256  0.0257
  0.0266  0.0261  0.0261  0.0260  0.0268  0.0261  0.0263  0.0267  0.0261  0.0261  0.0258  0.0260
  0.0277  0.0268  0.0267  0.0281  0.0287  0.0280  0.0272  0.0282  0.0267  0.0268  0.0262  0.0265
   -0.2406   25.9404    5.2512   -4.8260  -13.2518  -10.6867
   -2.5568    5.5926    4.0879    8.1387    1.1926   -4.7211
eta,q 0.97442  8.81772

---------------------------------------------------------------------
imgreg_4dfp /opt/freesurfer/average/711-2C_as_mni_average_305 /opt/freesurfer/average/711-2B_as_mni_average_305_mask talsrcimg_g11 none talsrcimg_to_711-2C_as_mni_average_305_t4 2311
---------------------------------------------------------------------

freesurfer imgreg_4dfp.c
/opt/freesurfer/average/711-2C_as_mni_average_305.4dfp.img
       256       256       256         1
  1.000000  1.000000  1.000000
orientation T byte_order littleendian
Reading image: /opt/freesurfer/average/711-2C_as_mni_average_305.4dfp.img
dimensions:      256       256       256
mmppix:       1.0000   -1.0000   -1.0000
center:     128.0000 -129.0000 -129.0000
/opt/freesurfer/average/711-2B_as_mni_average_305_mask.4dfp.img
       256       256       256         1
  1.000000  1.000000  1.000000
orientation T byte_order littleendian
Reading mask: /opt/freesurfer/average/711-2B_as_mni_average_305_mask.4dfp.img (2306576 pixels)
talsrcimg_g11.4dfp.img
       256       256       256         1
  1.000000  1.000000  1.000000
orientation T byte_order littleendian
Reading image: talsrcimg_g11.4dfp.img
dimensions:      256       256       256
mmppix:       1.0000   -1.0000   -1.0000
center:     128.0000 -129.0000 -129.0000
fimgreg.f
image alignment mode   2311 decimal      907 hex
parameters
   -0.2406   25.9404    5.2512   -4.8260  -13.2518  -10.6867
   -2.5568    5.5926    4.0879    8.1387    1.1926   -4.7211
eta,q 0.97442  8.81772
niter,ni,del,rscale     5    3    5.0000    0.8000
parameters
   -0.3284   26.2018    5.0431   -2.6494  -13.2291   -9.5956
   -2.3186    5.6368    3.7593    9.1823    1.6672   -4.7849
eta,q 0.97477  8.94894
  0.0263  0.0265  0.0259  0.0265  0.0260  0.0261  0.0262  0.0267  0.0257  0.0262  0.0256  0.0256
  0.0259  0.0260  0.0257  0.0262  0.0256  0.0257  0.0257  0.0260  0.0255  0.0258  0.0254  0.0254
  0.0256  0.0257  0.0256  0.0259  0.0254  0.0254  0.0254  0.0255  0.0253  0.0254  0.0253  0.0253
  0.0256  0.0256  0.0256  0.0256  0.0253  0.0253  0.0253  0.0253  0.0253  0.0253  0.0252  0.0252
  0.0257  0.0256  0.0256  0.0253  0.0254  0.0253  0.0253  0.0254  0.0253  0.0252  0.0253  0.0253
  0.0260  0.0257  0.0258  0.0253  0.0256  0.0254  0.0256  0.0259  0.0255  0.0254  0.0253  0.0254
  0.0265  0.0260  0.0261  0.0257  0.0260  0.0256  0.0261  0.0267  0.0259  0.0257  0.0255  0.0257
niter,ni,del,rscale     4    3    5.0000    0.7000
parameters
   -0.4343   26.2187    4.9026   -2.9492  -13.0669   -9.5096
   -2.0440    5.4330    3.6443    9.4690    1.7970   -4.8014
eta,q 0.97477  8.94842
  0.0259  0.0258  0.0255  0.0260  0.0258  0.0257  0.0260  0.0262  0.0256  0.0258  0.0255  0.0255
  0.0255  0.0255  0.0253  0.0257  0.0255  0.0254  0.0256  0.0257  0.0254  0.0255  0.0253  0.0254
  0.0253  0.0253  0.0252  0.0254  0.0253  0.0253  0.0253  0.0253  0.0253  0.0253  0.0253  0.0253
  0.0252  0.0252  0.0252  0.0252  0.0252  0.0252  0.0252  0.0252  0.0252  0.0252  0.0252  0.0252
  0.0254  0.0253  0.0253  0.0253  0.0253  0.0253  0.0253  0.0254  0.0253  0.0253  0.0253  0.0253
  0.0257  0.0255  0.0254  0.0257  0.0254  0.0254  0.0255  0.0258  0.0254  0.0254  0.0253  0.0254
  0.0262  0.0257  0.0257  0.0264  0.0258  0.0257  0.0258  0.0264  0.0257  0.0257  0.0254  0.0256
niter,ni,del,rscale     3    3    5.0000    0.6000
parameters
   -0.4924   26.2571    4.8376   -2.8142  -13.1114   -9.4706
   -1.9163    5.3344    3.6114    9.6923    1.8955   -4.8449
eta,q 0.97479  8.95364
  0.0258  0.0256  0.0255  0.0259  0.0256  0.0255  0.0257  0.0260  0.0255  0.0256  0.0254  0.0254
  0.0255  0.0254  0.0253  0.0256  0.0254  0.0254  0.0255  0.0256  0.0253  0.0254  0.0253  0.0253
  0.0253  0.0253  0.0253  0.0254  0.0253  0.0253  0.0253  0.0253  0.0252  0.0253  0.0252  0.0252
  0.0252  0.0252  0.0252  0.0252  0.0252  0.0252  0.0252  0.0252  0.0252  0.0252  0.0252  0.0252
  0.0253  0.0253  0.0253  0.0252  0.0252  0.0252  0.0253  0.0253  0.0252  0.0252  0.0252  0.0252
  0.0255  0.0254  0.0254  0.0254  0.0254  0.0253  0.0254  0.0256  0.0253  0.0253  0.0253  0.0253
  0.0259  0.0256  0.0255  0.0259  0.0257  0.0255  0.0257  0.0261  0.0255  0.0256  0.0254  0.0255
niter,ni,del,rscale     2    3    5.0000    0.5000
parameters
   -0.5261   26.3057    4.7815   -2.6824  -13.1708   -9.4540
   -1.8585    5.2727    3.5725    9.8884    1.9691   -4.8555
eta,q 0.97480  8.95717
  0.0256  0.0255  0.0254  0.0257  0.0255  0.0254  0.0256  0.0258  0.0254  0.0255  0.0253  0.0254
  0.0254  0.0253  0.0253  0.0255  0.0253  0.0253  0.0254  0.0255  0.0253  0.0253  0.0253  0.0253
  0.0252  0.0253  0.0252  0.0253  0.0252  0.0252  0.0253  0.0253  0.0252  0.0252  0.0252  0.0252
  0.0252  0.0252  0.0252  0.0252  0.0252  0.0252  0.0252  0.0252  0.0252  0.0252  0.0252  0.0252
  0.0253  0.0252  0.0252  0.0252  0.0252  0.0252  0.0252  0.0253  0.0252  0.0252  0.0252  0.0252
  0.0254  0.0253  0.0253  0.0254  0.0253  0.0253  0.0253  0.0255  0.0253  0.0253  0.0253  0.0253
  0.0257  0.0255  0.0254  0.0257  0.0255  0.0254  0.0255  0.0258  0.0254  0.0254  0.0253  0.0254
niter,ni,del,rscale     1    3    5.0000    0.4000
parameters
   -0.5460   26.3561    4.7360   -2.5843  -13.2227   -9.5183
   -1.8004    5.2156    3.6171   10.0446    2.0228   -4.8748
eta,q 0.97480  8.95624
  0.0255  0.0254  0.0253  0.0256  0.0254  0.0253  0.0254  0.0256  0.0253  0.0254  0.0253  0.0253
  0.0253  0.0253  0.0252  0.0254  0.0253  0.0252  0.0253  0.0254  0.0253  0.0253  0.0252  0.0252
  0.0252  0.0252  0.0252  0.0253  0.0252  0.0252  0.0252  0.0252  0.0252  0.0252  0.0252  0.0252
  0.0252  0.0252  0.0252  0.0252  0.0252  0.0252  0.0252  0.0252  0.0252  0.0252  0.0252  0.0252
  0.0252  0.0252  0.0252  0.0252  0.0252  0.0252  0.0252  0.0253  0.0252  0.0252  0.0252  0.0252
  0.0253  0.0253  0.0253  0.0253  0.0253  0.0253  0.0253  0.0254  0.0253  0.0253  0.0252  0.0252
  0.0255  0.0253  0.0253  0.0255  0.0254  0.0253  0.0254  0.0256  0.0253  0.0253  0.0253  0.0253
registration optimization eta report
parameter search radius
    0.8000    0.8000    0.8000    2.4000    2.4000    2.4000
    2.4000    2.4000    2.4000    2.4000    2.4000    2.4000
100000*second partial in parameter space
       42.       26.       18.        6.        3.        2.
        4.        7.        2.        3.        1.        2.
  0.0255  0.0254  0.0253  0.0256  0.0254  0.0253  0.0254  0.0256  0.0253  0.0254  0.0253  0.0253
  0.0253  0.0253  0.0252  0.0254  0.0253  0.0252  0.0253  0.0254  0.0253  0.0253  0.0252  0.0252
  0.0252  0.0252  0.0252  0.0253  0.0252  0.0252  0.0252  0.0252  0.0252  0.0252  0.0252  0.0252
  0.0252  0.0252  0.0252  0.0252  0.0252  0.0252  0.0252  0.0252  0.0252  0.0252  0.0252  0.0252
  0.0252  0.0252  0.0252  0.0252  0.0252  0.0252  0.0252  0.0253  0.0252  0.0252  0.0252  0.0252
  0.0253  0.0253  0.0253  0.0253  0.0253  0.0253  0.0253  0.0254  0.0253  0.0253  0.0252  0.0252
  0.0255  0.0253  0.0253  0.0255  0.0254  0.0253  0.0254  0.0256  0.0253  0.0253  0.0253  0.0253
   -0.5460   26.3561    4.7360   -2.5843  -13.2227   -9.5183
   -1.8004    5.2156    3.6171   10.0446    2.0228   -4.8748
eta,q 0.97480  8.95624

---------------------------------------------------------------------
imgreg_4dfp /opt/freesurfer/average/711-2C_as_mni_average_305 /opt/freesurfer/average/711-2B_as_mni_average_305_mask talsrcimg_g11 none talsrcimg_to_711-2C_as_mni_average_305_t4 2311
---------------------------------------------------------------------

freesurfer imgreg_4dfp.c
/opt/freesurfer/average/711-2C_as_mni_average_305.4dfp.img
       256       256       256         1
  1.000000  1.000000  1.000000
orientation T byte_order littleendian
Reading image: /opt/freesurfer/average/711-2C_as_mni_average_305.4dfp.img
dimensions:      256       256       256
mmppix:       1.0000   -1.0000   -1.0000
center:     128.0000 -129.0000 -129.0000
/opt/freesurfer/average/711-2B_as_mni_average_305_mask.4dfp.img
       256       256       256         1
  1.000000  1.000000  1.000000
orientation T byte_order littleendian
Reading mask: /opt/freesurfer/average/711-2B_as_mni_average_305_mask.4dfp.img (2306576 pixels)
talsrcimg_g11.4dfp.img
       256       256       256         1
  1.000000  1.000000  1.000000
orientation T byte_order littleendian
Reading image: talsrcimg_g11.4dfp.img
dimensions:      256       256       256
mmppix:       1.0000   -1.0000   -1.0000
center:     128.0000 -129.0000 -129.0000
fimgreg.f
image alignment mode   2311 decimal      907 hex
parameters
   -0.5460   26.3561    4.7360   -2.5844  -13.2227   -9.5183
   -1.8004    5.2156    3.6171   10.0446    2.0228   -4.8748
eta,q 0.97480  8.95624
niter,ni,del,rscale     5    3    5.0000    0.8000
parameters
   -0.5770   26.4117    4.6926   -3.1399  -13.5209  -10.0636
   -1.7553    5.1072    3.6861    9.9702    2.0813   -5.0177
eta,q 0.97476  8.90110
  0.0262  0.0259  0.0256  0.0261  0.0259  0.0257  0.0261  0.0265  0.0258  0.0259  0.0255  0.0256
  0.0257  0.0255  0.0254  0.0257  0.0255  0.0254  0.0256  0.0258  0.0255  0.0255  0.0254  0.0254
  0.0253  0.0253  0.0252  0.0254  0.0253  0.0253  0.0253  0.0254  0.0253  0.0253  0.0253  0.0253
  0.0252  0.0252  0.0252  0.0252  0.0252  0.0252  0.0252  0.0252  0.0252  0.0252  0.0252  0.0252
  0.0253  0.0253  0.0253  0.0253  0.0253  0.0253  0.0253  0.0254  0.0253  0.0253  0.0253  0.0253
  0.0257  0.0255  0.0254  0.0259  0.0256  0.0255  0.0256  0.0259  0.0254  0.0255  0.0254  0.0254
  0.0263  0.0258  0.0257  0.0269  0.0261  0.0261  0.0261  0.0266  0.0257  0.0260  0.0255  0.0257
niter,ni,del,rscale     4    3    5.0000    0.7000
parameters
   -0.6059   26.5633    4.6524   -3.0182  -13.7229  -10.0946
   -1.7320    5.0553    3.7514   10.3034    2.0894   -5.1351
eta,q 0.97479  8.89810
  0.0260  0.0259  0.0256  0.0260  0.0257  0.0256  0.0259  0.0262  0.0256  0.0258  0.0254  0.0255
  0.0256  0.0255  0.0254  0.0257  0.0254  0.0254  0.0255  0.0257  0.0254  0.0255  0.0253  0.0254
  0.0253  0.0253  0.0253  0.0254  0.0253  0.0253  0.0253  0.0253  0.0253  0.0253  0.0252  0.0253
  0.0252  0.0252  0.0252  0.0252  0.0252  0.0252  0.0252  0.0252  0.0252  0.0252  0.0252  0.0252
  0.0253  0.0252  0.0253  0.0252  0.0253  0.0253  0.0253  0.0253  0.0253  0.0252  0.0252  0.0252
  0.0256  0.0254  0.0254  0.0255  0.0255  0.0254  0.0255  0.0257  0.0254  0.0254  0.0253  0.0254
  0.0260  0.0256  0.0256  0.0261  0.0258  0.0256  0.0259  0.0263  0.0256  0.0257  0.0254  0.0256
niter,ni,del,rscale     3    3    5.0000    0.6000
parameters
   -0.6372   26.6870    4.5852   -2.8486  -13.9037  -10.1633
   -1.6826    5.0060    3.8027   10.5712    2.1635   -5.2454
eta,q 0.97481  8.89544
  0.0258  0.0257  0.0254  0.0259  0.0255  0.0255  0.0257  0.0260  0.0255  0.0256  0.0254  0.0254
  0.0255  0.0254  0.0253  0.0256  0.0253  0.0253  0.0254  0.0255  0.0253  0.0254  0.0253  0.0253
  0.0253  0.0253  0.0252  0.0254  0.0252  0.0252  0.0253  0.0253  0.0252  0.0253  0.0252  0.0252
  0.0252  0.0252  0.0252  0.0252  0.0252  0.0252  0.0252  0.0252  0.0252  0.0252  0.0252  0.0252
  0.0253  0.0252  0.0252  0.0252  0.0252  0.0252  0.0252  0.0253  0.0252  0.0252  0.0252  0.0252
  0.0255  0.0253  0.0253  0.0254  0.0254  0.0253  0.0254  0.0256  0.0253  0.0253  0.0253  0.0253
  0.0258  0.0255  0.0255  0.0258  0.0256  0.0255  0.0257  0.0260  0.0255  0.0255  0.0254  0.0254
niter,ni,del,rscale     2    3    5.0000    0.5000
parameters
   -0.6642   26.7903    4.5163   -2.7051  -14.0579  -10.2441
   -1.6532    4.9551    3.8027   10.8012    2.2340   -5.3058
eta,q 0.97482  8.89211
  0.0256  0.0255  0.0253  0.0257  0.0254  0.0254  0.0255  0.0257  0.0254  0.0255  0.0253  0.0253
  0.0254  0.0254  0.0253  0.0255  0.0253  0.0253  0.0253  0.0254  0.0253  0.0253  0.0252  0.0253
  0.0252  0.0252  0.0252  0.0253  0.0252  0.0252  0.0252  0.0252  0.0252  0.0252  0.0252  0.0252
  0.0252  0.0252  0.0252  0.0252  0.0252  0.0252  0.0252  0.0252  0.0252  0.0252  0.0252  0.0252
  0.0252  0.0252  0.0252  0.0252  0.0252  0.0252  0.0252  0.0253  0.0252  0.0252  0.0252  0.0252
  0.0254  0.0253  0.0253  0.0253  0.0253  0.0253  0.0253  0.0255  0.0253  0.0253  0.0252  0.0253
  0.0256  0.0254  0.0254  0.0256  0.0255  0.0254  0.0255  0.0258  0.0254  0.0254  0.0253  0.0254
niter,ni,del,rscale     1    3    5.0000    0.4000
parameters
   -0.6863   26.8704    4.4566   -2.6012  -14.1922  -10.2970
   -1.5996    4.9106    3.8492   10.9879    2.3136   -5.3932
eta,q 0.97483  8.88909
  0.0254  0.0254  0.0253  0.0255  0.0253  0.0253  0.0254  0.0255  0.0253  0.0254  0.0253  0.0253
  0.0253  0.0253  0.0252  0.0254  0.0252  0.0252  0.0253  0.0253  0.0252  0.0253  0.0252  0.0252
  0.0252  0.0252  0.0252  0.0252  0.0252  0.0252  0.0252  0.0252  0.0252  0.0252  0.0252  0.0252
  0.0252  0.0252  0.0252  0.0252  0.0252  0.0252  0.0252  0.0252  0.0252  0.0252  0.0252  0.0252
  0.0252  0.0252  0.0252  0.0252  0.0252  0.0252  0.0252  0.0252  0.0252  0.0252  0.0252  0.0252
  0.0253  0.0252  0.0252  0.0253  0.0253  0.0252  0.0253  0.0254  0.0252  0.0252  0.0252  0.0252
  0.0255  0.0253  0.0253  0.0255  0.0254  0.0253  0.0254  0.0256  0.0253  0.0253  0.0252  0.0253
registration optimization eta report
parameter search radius
    0.8000    0.8000    0.8000    2.4000    2.4000    2.4000
    2.4000    2.4000    2.4000    2.4000    2.4000    2.4000
100000*second partial in parameter space
       42.       27.       18.        5.        3.        2.
        4.        6.        2.        3.        1.        2.
  0.0254  0.0254  0.0253  0.0255  0.0253  0.0253  0.0254  0.0255  0.0253  0.0254  0.0253  0.0253
  0.0253  0.0253  0.0252  0.0254  0.0252  0.0252  0.0253  0.0253  0.0252  0.0253  0.0252  0.0252
  0.0252  0.0252  0.0252  0.0252  0.0252  0.0252  0.0252  0.0252  0.0252  0.0252  0.0252  0.0252
  0.0252  0.0252  0.0252  0.0252  0.0252  0.0252  0.0252  0.0252  0.0252  0.0252  0.0252  0.0252
  0.0252  0.0252  0.0252  0.0252  0.0252  0.0252  0.0252  0.0252  0.0252  0.0252  0.0252  0.0252
  0.0253  0.0252  0.0252  0.0253  0.0253  0.0252  0.0253  0.0254  0.0252  0.0252  0.0252  0.0252
  0.0255  0.0253  0.0253  0.0255  0.0254  0.0253  0.0254  0.0256  0.0253  0.0253  0.0252  0.0253
   -0.6863   26.8704    4.4566   -2.6012  -14.1922  -10.2970
   -1.5996    4.9106    3.8492   10.9879    2.3136   -5.3932
eta,q 0.97483  8.88909

---------------------------------------------------------------------
compute_vox2vox talsrcimg talsrcimg_to_711-2C_as_mni_average_305_t4 /opt/freesurfer/average/711-2C_as_mni_average_305
---------------------------------------------------------------------

freesurfer compute_vox2vox.c
Reading: talsrcimg.4dfp.ifh
Reading: talsrcimg_to_711-2C_as_mni_average_305_t4
Reading: /opt/freesurfer/average/711-2C_as_mni_average_305.4dfp.ifh
Writing: talsrcimg_to_711-2C_as_mni_average_305_t4_vox2vox.txt

start time Sun Mar 15 08:15:18 CET 2026
end		time Sun Mar 15 08:16:47 CET 2026

mpr2mni305 success

avi2talxfm orig_nu.mgz /opt/freesurfer/average/mni305.cor.mgz talsrcimg_to_711-2C_as_mni_average_305_t4_vox2vox.txt transforms/talairach.auto.xfm
avi2talxfm done
mv -f /out/sourcedata/freesurfer/sub-v2s10x28974_ses-1/mri/talsrcimg_to_711-2C_as_mni_average_305_t4_vox2vox.txt /out/sourcedata/freesurfer/sub-v2s10x28974_ses-1/mri/transforms/talsrcimg_to_711-2C_as_mni_average_305_t4_vox2vox.txt
lta_convert --src orig_nu.mgz --trg /opt/freesurfer/average/mni305.cor.mgz --inxfm transforms/talairach.auto.xfm --outlta transforms/talairach.auto.xfm.lta --subject fsaverage
7.3.2

--src: orig_nu.mgz src image (geometry).
--trg: /opt/freesurfer/average/mni305.cor.mgz trg image (geometry).
--inmni: transforms/talairach.auto.xfm input MNI/XFM transform.
--outlta: transforms/talairach.auto.xfm.lta output LTA.
--s: fsaverage subject name
 LTA read, type : 1
 1.02747  -0.05815   0.01550  -0.94618;
-0.02905   1.10792   0.06909  -23.84265;
-0.04237  -0.13926   1.15585   5.81860;
 0.00000   0.00000   0.00000   1.00000;
setting subject to fsaverage
Writing  LTA to file transforms/talairach.auto.xfm.lta...
lta_convert successful.
 
 
Started at Sun Mar 15 08:15:17 CET 2026
Ended   at Sun Mar 15 08:16:48 CET 2026
talairach_avi done
