/out/sourcedata/freesurfer/sub-v2s10x28937_ses-1/mri
/opt/freesurfer/bin/talairach_avi
--i orig_nu.mgz --xfm transforms/talairach.auto.xfm
talairach_avi 7.3.2
Linux dna071 5.14.0-427.37.1.el9_4.x86_64 #1 SMP PREEMPT_DYNAMIC Fri Sep 13 12:41:50 EDT 2024 x86_64 x86_64 x86_64 GNU/Linux
Sun Mar 15 08:14:33 CET 2026
mri_convert orig_nu.mgz talsrcimg.img 
reading from orig_nu.mgz...
TR=0.00, TE=0.00, TI=0.00, flip angle=0.00
i_ras = (-1, -4.90036e-09, 0)
j_ras = (1.86265e-09, -1.16415e-10, -1)
k_ras = (4.90036e-09, 1, -1.16415e-10)
writing to talsrcimg.img...
Analyze Output Matrix
-1.00000   0.00000   0.00000   124.52865;
-0.00000  -0.00000   1.00000  -109.01113;
 0.00000  -1.00000  -0.00000   110.45288;
 0.00000   0.00000   0.00000   1.00000;
--------------------
INFO: set hdr.hist.orient to -1
mpr2mni305 talsrcimg
Sun Mar 15 08:14:34 CET 2026
/opt/freesurfer/bin/mpr2mni305 talsrcimg
mpr2mni305 7.3.2
target=711-2C_as_mni_average_305

---------------------------------------------------------------------
analyzeto4dfp talsrcimg -O0 -y
---------------------------------------------------------------------

freesurfer ifh2hdr.c
Sun Mar 15 08:14:34 2026
Writing: talsrcimg.4dfp.hdr
freesurfer analyzeto4dfp.c
Reading: talsrcimg.hdr
header size 348 bytes
hdr.dime.datatype	offset=70	value=2
hdr.dime.bitpix		offset=72	value=8
hdr.hist.orient		offset=252	value=-1
dimensionality     4
dimensions       256       256       256         1
Reading: talsrcimg.img
Writing: talsrcimg.4dfp.img
Writing: talsrcimg.4dfp.ifh
ifh2hdr talsrcimg -r0to177
ori=2

---------------------------------------------------------------------
gauss_4dfp talsrcimg 1.1
---------------------------------------------------------------------

freesurfer gauss_4dfp.c
Reading: talsrcimg.4dfp.img
Writing: talsrcimg_g11.4dfp.img
image dimensions 256 256 256 padded to 288 288 288
processing volume 1freesurfer ifh2hdr.c
Sun Mar 15 08:14:35 2026
Writing: talsrcimg_g11.4dfp.hdr

Writing: talsrcimg_g11.4dfp.ifh
including: talsrcimg.4dfp.img.rec in talsrcimg_g11.4dfp.img.rec

---------------------------------------------------------------------
imgreg_4dfp /opt/freesurfer/average/711-2C_as_mni_average_305 none talsrcimg_g11 none talsrcimg_to_711-2C_as_mni_average_305_t4 4355
---------------------------------------------------------------------

freesurfer imgreg_4dfp.c
/opt/freesurfer/average/711-2C_as_mni_average_305.4dfp.img
       256       256       256         1
  1.000000  1.000000  1.000000
orientation T byte_order littleendian
Reading image: /opt/freesurfer/average/711-2C_as_mni_average_305.4dfp.img
dimensions:      256       256       256
mmppix:       1.0000   -1.0000   -1.0000
center:     128.0000 -129.0000 -129.0000
talsrcimg_g11.4dfp.img
       256       256       256         1
  1.000000  1.000000  1.000000
orientation T byte_order littleendian
Reading image: talsrcimg_g11.4dfp.img
dimensions:      256       256       256
mmppix:       1.0000   -1.0000   -1.0000
center:     128.0000 -129.0000 -129.0000
t4_read: open error in t4_sub.f l:  41 t4_file(1:l)talsrcimg_to_711-2C_as_mni_average_305_t4 
t4_read: transform initialized to I4
rotation matrix determinant  1.000000
image alignment mode   4355 decimal     1103 hex
   -7.5000  -45.0000  -45.000010320.6660   17.4686
    0.0000  -45.0000  -45.000010729.8301   17.4301
    7.5000  -45.0000  -45.000010236.0225   17.3860
   -7.5000  -37.5000  -45.000010611.5205   17.7085
    0.0000  -37.5000  -45.000011047.1914   17.6754
    7.5000  -37.5000  -45.000010536.9033   17.6316
   -7.5000  -30.0000  -45.000011174.5088   17.4998
    0.0000  -30.0000  -45.000011613.9521   17.4622
    7.5000  -30.0000  -45.000011085.2246   17.4180
   -7.5000  -22.5000  -45.000011732.5137   17.2984
    0.0000  -22.5000  -45.000012184.7949   17.2531
    7.5000  -22.5000  -45.000011608.7100   17.2074
   -7.5000  -15.0000  -45.000012207.9180   17.1280
    0.0000  -15.0000  -45.000012685.9990   17.0793
    7.5000  -15.0000  -45.000012084.7197   17.0329
   -7.5000   -7.5000  -45.000012635.8369   17.0128
    0.0000   -7.5000  -45.000013100.6904   16.9685
    7.5000   -7.5000  -45.000012467.7002   16.9231
   -7.5000    0.0000  -45.000012903.2646   16.9922
    0.0000    0.0000  -45.000013361.2568   16.9559
    7.5000    0.0000  -45.000012689.7646   16.9135
   -7.5000    7.5000  -45.000012279.3418   17.3776
    0.0000    7.5000  -45.000012737.2793   17.3459
    7.5000    7.5000  -45.000012037.4736   17.3032
   -7.5000   15.0000  -45.000011672.8164   17.8445
    0.0000   15.0000  -45.000012134.3066   17.8129
    7.5000   15.0000  -45.000011482.0205   17.7685
   -7.5000   22.5000  -45.000011063.0811   18.2808
    0.0000   22.5000  -45.000011516.1104   18.2399
    7.5000   22.5000  -45.000010903.3379   18.2027
   -7.5000   30.0000  -45.000010459.2334   18.5013
    0.0000   30.0000  -45.000010906.8398   18.4587
    7.5000   30.0000  -45.000010312.3604   18.4220
   -7.5000   37.5000  -45.000010239.5000   19.0108
    0.0000   37.5000  -45.000010671.9131   18.9734
    7.5000   37.5000  -45.000010065.8506   18.9327
   -7.5000   45.0000  -45.0000 9620.5742   19.1240
    0.0000   45.0000  -45.000010010.8887   19.1012
    7.5000   45.0000  -45.0000 9437.3594   19.0635
   -7.5000  -45.0000  -37.500010610.6016   17.4310
    0.0000  -45.0000  -37.500011047.3340   17.3913
    7.5000  -45.0000  -37.500010533.4404   17.3415
   -7.5000  -37.5000  -37.500010925.9082   17.6617
    0.0000  -37.5000  -37.500011401.7266   17.6257
    7.5000  -37.5000  -37.500010853.7207   17.5760
   -7.5000  -30.0000  -37.500011530.2861   17.4526
    0.0000  -30.0000  -37.500012004.8301   17.4120
    7.5000  -30.0000  -37.500011435.7139   17.3622
   -7.5000  -22.5000  -37.500012099.7871   17.2513
    0.0000  -22.5000  -37.500012597.5693   17.2040
    7.5000  -22.5000  -37.500011984.9414   17.1529
   -7.5000  -15.0000  -37.500012602.5859   17.0807
    0.0000  -15.0000  -37.500013105.6846   17.0311
    7.5000  -15.0000  -37.500012476.4873   16.9796
   -7.5000   -7.5000  -37.500013039.2754   16.9655
    0.0000   -7.5000  -37.500013534.0039   16.9206
    7.5000   -7.5000  -37.500012860.5674   16.8699
   -7.5000    0.0000  -37.500013334.6885   16.9444
    0.0000    0.0000  -37.500013837.4717   16.9070
    7.5000    0.0000  -37.500013100.5869   16.8591
   -7.5000    7.5000  -37.500012683.6533   17.3222
    0.0000    7.5000  -37.500013186.8682   17.2876
    7.5000    7.5000  -37.500012452.7998   17.2391
   -7.5000   15.0000  -37.500012085.0947   17.7827
    0.0000   15.0000  -37.500012600.1621   17.7478
    7.5000   15.0000  -37.500011901.8428   17.6988
   -7.5000   22.5000  -37.500011467.7451   18.2208
    0.0000   22.5000  -37.500011974.7588   18.1771
    7.5000   22.5000  -37.500011319.4834   18.1351
   -7.5000   30.0000  -37.500010846.7646   18.4461
    0.0000   30.0000  -37.500011335.7734   18.4010
    7.5000   30.0000  -37.500010711.8057   18.3592
   -7.5000   37.5000  -37.500010616.1562   18.9464
    0.0000   37.5000  -37.500011081.4785   18.9076
    7.5000   37.5000  -37.500010455.5303   18.8630
   -7.5000   45.0000  -37.5000 9989.7344   19.0488
    0.0000   45.0000  -37.500010413.8574   19.0258
    7.5000   45.0000  -37.5000 9825.2246   18.9863
   -7.5000  -45.0000  -30.000011018.7217   18.1129
    0.0000  -45.0000  -30.000011494.5059   18.0766
    7.5000  -45.0000  -30.000010957.4570   18.0266
   -7.5000  -37.5000  -30.000011402.7217   18.3457
    0.0000  -37.5000  -30.000011911.8760   18.3097
    7.5000  -37.5000  -30.000011312.3428   18.2585
   -7.5000  -30.0000  -30.000012064.3047   18.1281
    0.0000  -30.0000  -30.000012597.8740   18.0879
    7.5000  -30.0000  -30.000011959.9482   18.0363
   -7.5000  -22.5000  -30.000012655.2715   17.9169
    0.0000  -22.5000  -30.000013209.6543   17.8730
    7.5000  -22.5000  -30.000012548.9639   17.8213
   -7.5000  -15.0000  -30.000013190.3115   17.7371
    0.0000  -15.0000  -30.000013782.1963   17.6935
    7.5000  -15.0000  -30.000013068.7139   17.6423
   -7.5000   -7.5000  -30.000013635.9414   17.6170
    0.0000   -7.5000  -30.000014209.3730   17.5781
    7.5000   -7.5000  -30.000013486.6934   17.5278
   -7.5000    0.0000  -30.000013940.8359   17.5962
    0.0000    0.0000  -30.000014522.8154   17.5619
    7.5000    0.0000  -30.000013742.5312   17.5138
   -7.5000    7.5000  -30.000013273.5586   17.9835
    0.0000    7.5000  -30.000013850.9893   17.9487
    7.5000    7.5000  -30.000013085.0615   17.8988
   -7.5000   15.0000  -30.000012660.1807   18.4530
    0.0000   15.0000  -30.000013271.8320   18.4181
    7.5000   15.0000  -30.000012546.3525   18.3678
   -7.5000   22.5000  -30.000012015.5645   18.9049
    0.0000   22.5000  -30.000012621.0244   18.8635
    7.5000   22.5000  -30.000011938.5439   18.8210
   -7.5000   30.0000  -30.000011369.6953   19.1464
    0.0000   30.0000  -30.000011927.4297   19.1047
    7.5000   30.0000  -30.000011286.8223   19.0632
   -7.5000   37.5000  -30.000011104.9375   19.6640
    0.0000   37.5000  -30.000011626.0713   19.6280
    7.5000   37.5000  -30.000010997.6943   19.5847
   -7.5000   45.0000  -30.000010435.4658   19.7790
    0.0000   45.0000  -30.000010926.2559   19.7569
    7.5000   45.0000  -30.000010314.2598   19.7185
   -7.5000  -45.0000  -22.500011442.4932   18.6612
    0.0000  -45.0000  -22.500011958.4375   18.6307
    7.5000  -45.0000  -22.500011407.3848   18.5897
   -7.5000  -37.5000  -22.500011861.6006   18.8989
    0.0000  -37.5000  -22.500012406.8809   18.8671
    7.5000  -37.5000  -22.500011791.0820   18.8237
   -7.5000  -30.0000  -22.500012553.8662   18.6715
    0.0000  -30.0000  -22.500013138.6641   18.6365
    7.5000  -30.0000  -22.500012457.0850   18.5928
   -7.5000  -22.5000  -22.500013163.6738   18.4502
    0.0000  -22.5000  -22.500013772.6191   18.4142
    7.5000  -22.5000  -22.500013057.9150   18.3712
   -7.5000  -15.0000  -22.500013726.2256   18.2629
    0.0000  -15.0000  -22.500014344.4141   18.2287
    7.5000  -15.0000  -22.500013607.0293   18.1870
   -7.5000   -7.5000  -22.500014208.5986   18.1390
    0.0000   -7.5000  -22.500014834.9658   18.1084
    7.5000   -7.5000  -22.500014077.3965   18.0678
   -7.5000    0.0000  -22.500014522.6729   18.1190
    0.0000    0.0000  -22.500015169.5410   18.0900
    7.5000    0.0000  -22.500014365.4688   18.0505
   -7.5000    7.5000  -22.500013828.7822   18.5167
    0.0000    7.5000  -22.500014491.5596   18.4860
    7.5000    7.5000  -22.500013700.4150   18.4436
   -7.5000   15.0000  -22.500013214.2578   18.9928
    0.0000   15.0000  -22.500013908.1416   18.9627
    7.5000   15.0000  -22.500013157.9805   18.9200
   -7.5000   22.5000  -22.500012546.6055   19.4507
    0.0000   22.5000  -22.500013219.7559   19.4170
    7.5000   22.5000  -22.500012530.2988   19.3830
   -7.5000   30.0000  -22.500011842.1992   19.7039
    0.0000   30.0000  -22.500012483.4199   19.6706
    7.5000   30.0000  -22.500011832.3926   19.6389
   -7.5000   37.5000  -22.500011542.7285   20.2454
    0.0000   37.5000  -22.500012157.8799   20.2154
    7.5000   37.5000  -22.500011497.6299   20.1814
   -7.5000   45.0000  -22.500010847.0107   20.3824
    0.0000   45.0000  -22.500011407.7363   20.3622
    7.5000   45.0000  -22.500010776.5410   20.3307
   -7.5000  -45.0000  -15.000011866.8926   19.0065
    0.0000  -45.0000  -15.000012376.8809   18.9800
    7.5000  -45.0000  -15.000011799.9707   18.9461
   -7.5000  -37.5000  -15.000012295.9727   19.2512
    0.0000  -37.5000  -15.000012826.2393   19.2250
    7.5000  -37.5000  -15.000012202.3682   19.1893
   -7.5000  -30.0000  -15.000013035.3467   19.0160
    0.0000  -30.0000  -15.000013604.7676   18.9867
    7.5000  -30.0000  -15.000012918.1904   18.9501
   -7.5000  -22.5000  -15.000013680.8291   18.7881
    0.0000  -22.5000  -15.000014283.1953   18.7568
    7.5000  -22.5000  -15.000013583.2529   18.7206
   -7.5000  -15.0000  -15.000014235.2236   18.5961
    0.0000  -15.0000  -15.000014855.8730   18.5654
    7.5000  -15.0000  -15.000014137.9404   18.5302
   -7.5000   -7.5000  -15.000014766.0713   18.4679
    0.0000   -7.5000  -15.000015424.9668   18.4403
    7.5000   -7.5000  -15.000014672.3877   18.4062
   -7.5000    0.0000  -15.000015107.4863   18.4459
    0.0000    0.0000  -15.000015852.7168   18.4208
    7.5000    0.0000  -15.000015062.3027   18.3880
   -7.5000    7.5000  -15.000014400.2500   18.8542
    0.0000    7.5000  -15.000015170.1592   18.8289
    7.5000    7.5000  -15.000014390.6670   18.7940
   -7.5000   15.0000  -15.000013759.3994   19.3400
    0.0000   15.0000  -15.000014521.3467   19.3159
    7.5000   15.0000  -15.000013800.1436   19.2799
   -7.5000   22.5000  -15.000013061.3271   19.8007
    0.0000   22.5000  -15.000013811.8096   19.7730
    7.5000   22.5000  -15.000013121.8193   19.7459
   -7.5000   30.0000  -15.000012314.5732   20.0581
    0.0000   30.0000  -15.000013032.5361   20.0301
    7.5000   30.0000  -15.000012367.3555   20.0062
   -7.5000   37.5000  -15.000011973.8770   20.6172
    0.0000   37.5000  -15.000012691.7432   20.5910
    7.5000   37.5000  -15.000011993.7549   20.5638
   -7.5000   45.0000  -15.000011282.0693   20.7745
    0.0000   45.0000  -15.000011911.0869   20.7570
    7.5000   45.0000  -15.000011241.5117   20.7304
   -7.5000  -45.0000   -7.500012300.2988   19.1603
    0.0000  -45.0000   -7.500012829.7363   19.1290
    7.5000  -45.0000   -7.500012250.2451   19.0915
   -7.5000  -37.5000   -7.500012737.4932   19.4122
    0.0000  -37.5000   -7.500013278.1045   19.3851
    7.5000  -37.5000   -7.500012647.9834   19.3468
   -7.5000  -30.0000   -7.500013524.5312   19.1752
    0.0000  -30.0000   -7.500014130.4502   19.1440
    7.5000  -30.0000   -7.500013411.7822   19.1047
   -7.5000  -22.5000   -7.500014210.2773   18.9457
    0.0000  -22.5000   -7.500014866.1309   18.9083
    7.5000  -22.5000   -7.500014116.6279   18.8685
   -7.5000  -15.0000   -7.500014798.9248   18.7506
    0.0000  -15.0000   -7.500015484.9990   18.7110
    7.5000  -15.0000   -7.500014722.3633   18.6714
   -7.5000   -7.5000   -7.500015386.5371   18.6172
    0.0000   -7.5000   -7.500016104.3477   18.5816
    7.5000   -7.5000   -7.500015300.7783   18.5431
   -7.5000    0.0000   -7.500015821.9434   18.5921
    0.0000    0.0000   -7.500016743.6211   18.5623
    7.5000    0.0000   -7.500015802.9697   18.5261
   -7.5000    7.5000   -7.500015086.4688   19.0088
    0.0000    7.5000   -7.500015954.8779   18.9825
    7.5000    7.5000   -7.500015103.1260   18.9451
   -7.5000   15.0000   -7.500014375.7246   19.5094
    0.0000   15.0000   -7.500015161.5244   19.4840
    7.5000   15.0000   -7.500014409.5186   19.4446
   -7.5000   22.5000   -7.500013634.5889   19.9737
    0.0000   22.5000   -7.500014391.3428   19.9410
    7.5000   22.5000   -7.500013672.4648   19.9106
   -7.5000   30.0000   -7.500012873.4131   20.2283
    0.0000   30.0000   -7.500013603.1992   20.1941
    7.5000   30.0000   -7.500012888.4004   20.1659
   -7.5000   37.5000   -7.500012522.3857   20.7887
    0.0000   37.5000   -7.500013237.9629   20.7577
    7.5000   37.5000   -7.500012475.0459   20.7255
   -7.5000   45.0000   -7.500011773.5137   20.9535
    0.0000   45.0000   -7.500012391.5488   20.9339
    7.5000   45.0000   -7.500011668.2920   20.9024
   -7.5000  -45.0000    0.000012655.7461   19.1984
    0.0000  -45.0000    0.000013223.6523   19.1583
    7.5000  -45.0000    0.000012626.1309   19.1108
   -7.5000  -37.5000    0.000013114.8252   19.4507
    0.0000  -37.5000    0.000013692.0459   19.4165
    7.5000  -37.5000    0.000013044.5264   19.3694
   -7.5000  -30.0000    0.000013903.1113   19.2141
    0.0000  -30.0000    0.000014556.6357   19.1751
    7.5000  -30.0000    0.000013853.3965   19.1275
   -7.5000  -22.5000    0.000014629.8564   18.9857
    0.0000  -22.5000    0.000015365.4854   18.9380
    7.5000  -22.5000    0.000014607.5820   18.8890
   -7.5000  -15.0000    0.000015283.0107   18.7909
    0.0000  -15.0000    0.000016077.8594   18.7395
    7.5000  -15.0000    0.000015245.3027   18.6898
   -7.5000   -7.5000    0.000015919.6064   18.6561
    0.0000   -7.5000    0.000016783.0762   18.6093
    7.5000   -7.5000    0.000015805.9893   18.5606
   -7.5000    0.0000    0.000016484.7188   18.6292
    0.0000    0.0000    0.000017464.8613   18.5911
    7.5000    0.0000    0.000016300.7734   18.5454
   -7.5000    7.5000    0.000015816.0645   19.0467
    0.0000    7.5000    0.000016660.4277   19.0135
    7.5000    7.5000    0.000015552.9219   18.9677
   -7.5000   15.0000    0.000015079.7109   19.5543
    0.0000   15.0000    0.000015827.7402   19.5212
    7.5000   15.0000    0.000014817.1484   19.4738
   -7.5000   22.5000    0.000014232.9238   20.0240
    0.0000   22.5000    0.000014942.6221   19.9810
    7.5000   22.5000    0.000014070.4531   19.9416
   -7.5000   30.0000    0.000013363.1650   20.2782
    0.0000   30.0000    0.000014079.7578   20.2331
    7.5000   30.0000    0.000013262.6152   20.1946
   -7.5000   37.5000    0.000012934.1699   20.8308
    0.0000   37.5000    0.000013632.7451   20.7912
    7.5000   37.5000    0.000012844.6338   20.7485
   -7.5000   45.0000    0.000012130.9727   20.9896
    0.0000   45.0000    0.000012773.2207   20.9653
    7.5000   45.0000    0.000012030.7588   20.9255
   -7.5000  -45.0000    7.500012016.5000   19.2196
    0.0000  -45.0000    7.500012604.0469   19.1768
    7.5000  -45.0000    7.500012062.9854   19.1223
   -7.5000  -37.5000    7.500012452.1094   19.4649
    0.0000  -37.5000    7.500013072.7275   19.4262
    7.5000  -37.5000    7.500012468.5000   19.3718
   -7.5000  -30.0000    7.500013241.8125   19.2289
    0.0000  -30.0000    7.500013934.5371   19.1852
    7.5000  -30.0000    7.500013239.8730   19.1308
   -7.5000  -22.5000    7.500014016.0840   19.0019
    0.0000  -22.5000    7.500014792.1387   18.9507
    7.5000  -22.5000    7.500013995.1846   18.8952
   -7.5000  -15.0000    7.500014727.9062   18.8084
    0.0000  -15.0000    7.500015544.7139   18.7547
    7.5000  -15.0000    7.500014627.7656   18.6988
   -7.5000   -7.5000    7.500015311.6973   18.6753
    0.0000   -7.5000    7.500016165.0576   18.6266
    7.5000   -7.5000    7.500015149.6367   18.5716
   -7.5000    0.0000    7.500015824.3887   18.6488
    0.0000    0.0000    7.500016720.3828   18.6082
    7.5000    0.0000    7.500015586.7988   18.5559
   -7.5000    7.5000    7.500015112.8457   19.0601
    0.0000    7.5000    7.500015907.1191   19.0227
    7.5000    7.5000    7.500014833.4688   18.9697
   -7.5000   15.0000    7.500014375.0781   19.5631
    0.0000   15.0000    7.500015121.0283   19.5254
    7.5000   15.0000    7.500014157.3486   19.4722
   -7.5000   22.5000    7.500013577.9697   20.0374
    0.0000   22.5000    7.500014312.0537   19.9901
    7.5000   22.5000    7.500013462.8574   19.9448
   -7.5000   30.0000    7.500012752.5293   20.2987
    0.0000   30.0000    7.500013460.2617   20.2498
    7.5000   30.0000    7.500012698.1104   20.2050
   -7.5000   37.5000    7.500012334.7227   20.8453
    0.0000   37.5000    7.500013003.1953   20.8029
    7.5000   37.5000    7.500012291.0264   20.7552
   -7.5000   45.0000    7.500011526.3594   20.9942
    0.0000   45.0000    7.500012128.4590   20.9689
    7.5000   45.0000    7.500011467.6523   20.9263
   -7.5000  -45.0000   15.000011276.1602   19.3190
    0.0000  -45.0000   15.000011840.7949   19.2799
    7.5000  -45.0000   15.000011404.7529   19.2269
   -7.5000  -37.5000   15.000011760.6553   19.5559
    0.0000  -37.5000   15.000012366.3242   19.5171
    7.5000  -37.5000   15.000011850.2285   19.4628
   -7.5000  -30.0000   15.000012587.1865   19.3219
    0.0000  -30.0000   15.000013246.6572   19.2786
    7.5000  -30.0000   15.000012606.4980   19.2240
   -7.5000  -22.5000   15.000013356.2900   19.0952
    0.0000  -22.5000   15.000014082.5938   19.0480
    7.5000  -22.5000   15.000013330.0830   18.9934
   -7.5000  -15.0000   15.000014000.5703   18.9020
    0.0000  -15.0000   15.000014770.8057   18.8550
    7.5000  -15.0000   15.000013933.6494   18.8012
   -7.5000   -7.5000   15.000014467.1416   18.7716
    0.0000   -7.5000   15.000015274.6816   18.7295
    7.5000   -7.5000   15.000014395.1816   18.6767
   -7.5000    0.0000   15.000014850.3633   18.7479
    0.0000    0.0000   15.000015669.5762   18.7107
    7.5000    0.0000   15.000014761.8379   18.6599
   -7.5000    7.5000   15.000014108.7393   19.1522
    0.0000    7.5000   15.000014850.3691   19.1145
    7.5000    7.5000   15.000014004.4316   19.0617
   -7.5000   15.0000   15.000013413.4727   19.6428
    0.0000   15.0000   15.000014113.8965   19.6052
    7.5000   15.0000   15.000013362.6924   19.5522
   -7.5000   22.5000   15.000012721.7266   20.1140
    0.0000   22.5000   15.000013376.9648   20.0699
    7.5000   22.5000   15.000012689.3359   20.0256
   -7.5000   30.0000   15.000012000.4756   20.3795
    0.0000   30.0000   15.000012622.5566   20.3350
    7.5000   30.0000   15.000011980.3984   20.2920
   -7.5000   37.5000   15.000011661.6357   20.9281
    0.0000   37.5000   15.000012237.9873   20.8895
    7.5000   37.5000   15.000011607.8877   20.8448
   -7.5000   45.0000   15.000010897.7549   21.0751
    0.0000   45.0000   15.000011428.6650   21.0511
    7.5000   45.0000   15.000010813.0088   21.0113
   -7.5000  -45.0000   22.500010579.8232   19.5250
    0.0000  -45.0000   22.500011105.7061   19.4923
    7.5000  -45.0000   22.500010722.0947   19.4486
   -7.5000  -37.5000   22.500011072.9883   19.7535
    0.0000  -37.5000   22.500011640.1113   19.7196
    7.5000  -37.5000   22.500011167.0684   19.6736
   -7.5000  -30.0000   22.500011832.3330   19.5198
    0.0000  -30.0000   22.500012459.0410   19.4823
    7.5000  -30.0000   22.500011887.0898   19.4359
   -7.5000  -22.5000   22.500012497.7471   19.2924
    0.0000  -22.5000   22.500013178.5352   19.2536
    7.5000  -22.5000   22.500012535.0273   19.2079
   -7.5000  -15.0000   22.500013046.7188   19.1007
    0.0000  -15.0000   22.500013757.0654   19.0637
    7.5000  -15.0000   22.500013080.1963   19.0192
   -7.5000   -7.5000   22.500013439.9424   18.9744
    0.0000   -7.5000   22.500014163.8428   18.9412
    7.5000   -7.5000   22.500013487.8740   18.8979
   -7.5000    0.0000   22.500013770.8740   18.9543
    0.0000    0.0000   22.500014479.1162   18.9229
    7.5000    0.0000   22.500013778.7510   18.8809
   -7.5000    7.5000   22.500013098.8848   19.3523
    0.0000    7.5000   22.500013734.1855   19.3192
    7.5000    7.5000   22.500013084.5215   19.2744
   -7.5000   15.0000   22.500012470.9180   19.8294
    0.0000   15.0000   22.500013071.8086   19.7971
    7.5000   15.0000   22.500012461.5000   19.7522
   -7.5000   22.5000   22.500011858.1904   20.2920
    0.0000   22.5000   22.500012406.0049   20.2561
    7.5000   22.5000   22.500011823.5391   20.2204
   -7.5000   30.0000   22.500011233.7451   20.5577
    0.0000   30.0000   22.500011734.0176   20.5224
    7.5000   30.0000   22.500011157.1699   20.4893
   -7.5000   37.5000   22.500010910.9209   21.1210
    0.0000   37.5000   22.500011385.2881   21.0893
    7.5000   37.5000   22.500010825.1104   21.0540
   -7.5000   45.0000   22.500010182.7646   21.2785
    0.0000   45.0000   22.500010640.1709   21.2573
    7.5000   45.0000   22.500010090.5273   21.2248
   -7.5000  -45.0000   30.0000 9874.6709   19.8060
    0.0000  -45.0000   30.000010351.5352   19.7763
    7.5000  -45.0000   30.0000 9929.0391   19.7391
   -7.5000  -37.5000   30.000010268.4678   20.0301
    0.0000  -37.5000   30.000010782.4297   20.0012
    7.5000  -37.5000   30.000010328.2188   19.9629
   -7.5000  -30.0000   30.000010915.8105   19.7946
    0.0000  -30.0000   30.000011473.6182   19.7619
    7.5000  -30.0000   30.000010994.4492   19.7228
   -7.5000  -22.5000   30.000011487.3438   19.5666
    0.0000  -22.5000   30.000012086.3340   19.5312
    7.5000  -22.5000   30.000011595.8350   19.4922
   -7.5000  -15.0000   30.000011981.1123   19.3765
    0.0000  -15.0000   30.000012596.6250   19.3416
    7.5000  -15.0000   30.000012073.5811   19.3032
   -7.5000   -7.5000   30.000012351.0371   19.2522
    0.0000   -7.5000   30.000012981.7402   19.2206
    7.5000   -7.5000   30.000012424.3027   19.1833
   -7.5000    0.0000   30.000012640.5479   19.2323
    0.0000    0.0000   30.000013269.0469   19.2037
    7.5000    0.0000   30.000012687.7490   19.1679
   -7.5000    7.5000   30.000012033.3809   19.6290
    0.0000    7.5000   30.000012601.3125   19.6006
    7.5000    7.5000   30.000012047.2041   19.5633
   -7.5000   15.0000   30.000011474.1240   20.1035
    0.0000   15.0000   30.000012005.6221   20.0767
    7.5000   15.0000   30.000011483.4375   20.0386
   -7.5000   22.5000   30.000010930.6562   20.5619
    0.0000   22.5000   30.000011424.5771   20.5312
    7.5000   22.5000   30.000010908.2393   20.5027
   -7.5000   30.0000   30.000010379.5586   20.8256
    0.0000   30.0000   30.000010835.0996   20.7947
    7.5000   30.0000   30.000010312.8672   20.7695
   -7.5000   37.5000   30.000010091.3467   21.4066
    0.0000   37.5000   30.000010534.0420   21.3780
    7.5000   37.5000   30.000010001.9111   21.3493
   -7.5000   45.0000   30.0000 9419.5078   21.5789
    0.0000   45.0000   30.0000 9840.9785   21.5597
    7.5000   45.0000   30.0000 9330.0879   21.5320
   -7.5000  -45.0000   37.5000 9417.1709   20.2453
    0.0000  -45.0000   37.5000 9863.0820   20.2093
    7.5000  -45.0000   37.5000 9488.9404   20.1651
   -7.5000  -37.5000   37.5000 9756.2598   20.4709
    0.0000  -37.5000   37.500010232.4844   20.4394
    7.5000  -37.5000   37.5000 9859.2881   20.3951
   -7.5000  -30.0000   37.500010360.3467   20.2346
    0.0000  -30.0000   37.500010867.5000   20.1982
    7.5000  -30.0000   37.500010477.3389   20.1527
   -7.5000  -22.5000   37.500010932.8916   20.0057
    0.0000  -22.5000   37.500011472.1602   19.9624
    7.5000  -22.5000   37.500011058.7607   19.9163
   -7.5000  -15.0000   37.500011426.3682   19.8133
    0.0000  -15.0000   37.500011998.9121   19.7679
    7.5000  -15.0000   37.500011535.5293   19.7216
   -7.5000   -7.5000   37.500011775.6172   19.6841
    0.0000   -7.5000   37.500012353.6816   19.6431
    7.5000   -7.5000   37.500011844.3887   19.5979
   -7.5000    0.0000   37.500012039.6230   19.6609
    0.0000    0.0000   37.500012613.5205   19.6262
    7.5000    0.0000   37.500012071.5791   19.5839
   -7.5000    7.5000   37.500011448.3691   20.0645
    0.0000    7.5000   37.500011972.5840   20.0337
    7.5000    7.5000   37.500011456.1533   19.9905
   -7.5000   15.0000   37.500010932.9473   20.5547
    0.0000   15.0000   37.500011441.1523   20.5251
    7.5000   15.0000   37.500010935.6016   20.4801
   -7.5000   22.5000   37.500010439.9365   21.0220
    0.0000   22.5000   37.500010911.2637   20.9851
    7.5000   22.5000   37.500010425.8271   20.9498
   -7.5000   30.0000   37.5000 9939.2695   21.2852
    0.0000   30.0000   37.500010364.3193   21.2471
    7.5000   30.0000   37.5000 9883.2881   21.2143
   -7.5000   37.5000   37.5000 9680.0498   21.8784
    0.0000   37.5000   37.500010104.8555   21.8440
    7.5000   37.5000   37.5000 9604.4053   21.8069
   -7.5000   45.0000   37.5000 9045.0322   22.0627
    0.0000   45.0000   37.5000 9454.9482   22.0408
    7.5000   45.0000   37.5000 8958.2305   22.0046
   -7.5000  -45.0000   45.0000 8494.3408   20.7505
    0.0000  -45.0000   45.0000 8925.9912   20.7000
    7.5000  -45.0000   45.0000 8637.5781   20.6440
   -7.5000  -37.5000   45.0000 8811.5459   20.9727
    0.0000  -37.5000   45.0000 9250.0908   20.9287
    7.5000  -37.5000   45.0000 8943.6348   20.8736
   -7.5000  -30.0000   45.0000 9383.2559   20.7349
    0.0000  -30.0000   45.0000 9838.0576   20.6852
    7.5000  -30.0000   45.0000 9506.0146   20.6292
   -7.5000  -22.5000   45.0000 9946.0596   20.5056
    0.0000  -22.5000   45.000010430.2227   20.4466
    7.5000  -22.5000   45.000010049.6367   20.3891
   -7.5000  -15.0000   45.000010408.3789   20.3106
    0.0000  -15.0000   45.000010917.4092   20.2480
    7.5000  -15.0000   45.000010501.3291   20.1900
   -7.5000   -7.5000   45.000010735.4873   20.1760
    0.0000   -7.5000   45.000011256.4043   20.1186
    7.5000   -7.5000   45.000010813.2402   20.0618
   -7.5000    0.0000   45.000010964.3154   20.1488
    0.0000    0.0000   45.000011487.7295   20.1005
    7.5000    0.0000   45.000011013.5957   20.0470
   -7.5000    7.5000   45.000010432.8135   20.5569
    0.0000    7.5000   45.000010910.4863   20.5140
    7.5000    7.5000   45.000010438.1553   20.4606
   -7.5000   15.0000   45.0000 9974.1094   21.0638
    0.0000   15.0000   45.000010441.7666   21.0218
    7.5000   15.0000   45.0000 9972.9238   20.9667
   -7.5000   22.5000   45.0000 9537.4688   21.5504
    0.0000   22.5000   45.0000 9985.6846   21.4983
    7.5000   22.5000   45.0000 9525.3896   21.4529
   -7.5000   30.0000   45.0000 9088.3789   21.8211
    0.0000   30.0000   45.0000 9511.8418   21.7681
    7.5000   30.0000   45.0000 9058.7090   21.7243
   -7.5000   37.5000   45.0000 8877.7051   22.4245
    0.0000   37.5000   45.0000 9283.6426   22.3776
    7.5000   37.5000   45.0000 8833.4717   22.3291
   -7.5000   45.0000   45.0000 8295.1738   22.6273
    0.0000   45.0000   45.0000 8678.7764   22.5971
    7.5000   45.0000   45.0000 8254.3965   22.5517

---------------------------------------------------------------------
imgreg_4dfp /opt/freesurfer/average/711-2C_as_mni_average_305 /opt/freesurfer/average/711-2B_as_mni_average_305_mask talsrcimg_g11 none talsrcimg_to_711-2C_as_mni_average_305_t4 4355
---------------------------------------------------------------------

freesurfer imgreg_4dfp.c
/opt/freesurfer/average/711-2C_as_mni_average_305.4dfp.img
       256       256       256         1
  1.000000  1.000000  1.000000
orientation T byte_order littleendian
Reading image: /opt/freesurfer/average/711-2C_as_mni_average_305.4dfp.img
dimensions:      256       256       256
mmppix:       1.0000   -1.0000   -1.0000
center:     128.0000 -129.0000 -129.0000
/opt/freesurfer/average/711-2B_as_mni_average_305_mask.4dfp.img
       256       256       256         1
  1.000000  1.000000  1.000000
orientation T byte_order littleendian
Reading mask: /opt/freesurfer/average/711-2B_as_mni_average_305_mask.4dfp.img (2306576 pixels)
talsrcimg_g11.4dfp.img
       256       256       256         1
  1.000000  1.000000  1.000000
orientation T byte_order littleendian
Reading image: talsrcimg_g11.4dfp.img
dimensions:      256       256       256
mmppix:       1.0000   -1.0000   -1.0000
center:     128.0000 -129.0000 -129.0000
rotation matrix determinant  1.000000
image alignment mode   4355 decimal     1103 hex
   -7.5000  -45.0000  -45.0000 2398.8711   20.6028
    0.0000  -45.0000  -45.0000 2409.8188   20.4631
    7.5000  -45.0000  -45.0000 2395.1931   20.6032
   -7.5000  -37.5000  -45.0000 2431.5078   20.1179
    0.0000  -37.5000  -45.0000 2444.8440   20.0164
    7.5000  -37.5000  -45.0000 2432.5183   20.1555
   -7.5000  -30.0000  -45.0000 2461.1050   19.6641
    0.0000  -30.0000  -45.0000 2473.7371   19.6204
    7.5000  -30.0000  -45.0000 2464.1948   19.7360
   -7.5000  -22.5000  -45.0000 2496.2739   19.3119
    0.0000  -22.5000  -45.0000 2508.4880   19.2173
    7.5000  -22.5000  -45.0000 2494.3406   19.3814
   -7.5000  -15.0000  -45.0000 2514.6487   19.0787
    0.0000  -15.0000  -45.0000 2528.3259   18.9788
    7.5000  -15.0000  -45.0000 2513.1060   19.1495
   -7.5000   -7.5000  -45.0000 2522.3000   19.0419
    0.0000   -7.5000  -45.0000 2534.8582   18.9395
    7.5000   -7.5000  -45.0000 2517.8369   19.1019
   -7.5000    0.0000  -45.0000 2516.4868   19.0880
    0.0000    0.0000  -45.0000 2527.6875   18.9645
    7.5000    0.0000  -45.0000 2511.2256   19.1459
   -7.5000    7.5000  -45.0000 2509.0081   19.2736
    0.0000    7.5000  -45.0000 2519.8706   19.1662
    7.5000    7.5000  -45.0000 2502.9575   19.3244
   -7.5000   15.0000  -45.0000 2489.5002   19.7162
    0.0000   15.0000  -45.0000 2501.7549   19.5983
    7.5000   15.0000  -45.0000 2484.9407   19.7713
   -7.5000   22.5000  -45.0000 2457.8271   20.4428
    0.0000   22.5000  -45.0000 2471.0383   20.3487
    7.5000   22.5000  -45.0000 2453.7563   20.5191
   -7.5000   30.0000  -45.0000 2403.7114   21.4635
    0.0000   30.0000  -45.0000 2421.3577   21.3752
    7.5000   30.0000  -45.0000 2401.9714   21.5382
   -7.5000   37.5000  -45.0000 2332.3359   22.9398
    0.0000   37.5000  -45.0000 2348.6233   22.8623
    7.5000   37.5000  -45.0000 2330.1318   23.0054
   -7.5000   45.0000  -45.0000 2241.0540   24.9128
    0.0000   45.0000  -45.0000 2255.2422   24.8354
    7.5000   45.0000  -45.0000 2238.2949   25.0155
   -7.5000  -45.0000  -37.5000 2460.4995   19.5527
    0.0000  -45.0000  -37.5000 2472.8384   19.4098
    7.5000  -45.0000  -37.5000 2460.1538   19.5115
   -7.5000  -37.5000  -37.5000 2498.0205   18.9931
    0.0000  -37.5000  -37.5000 2518.1516   18.8943
    7.5000  -37.5000  -37.5000 2501.2788   18.9838
   -7.5000  -30.0000  -37.5000 2534.9495   18.4549
    0.0000  -30.0000  -37.5000 2550.3857   18.3328
    7.5000  -30.0000  -37.5000 2537.4719   18.5128
   -7.5000  -22.5000  -37.5000 2572.3484   18.0131
    0.0000  -22.5000  -37.5000 2587.7661   17.8955
    7.5000  -22.5000  -37.5000 2569.7529   18.0978
   -7.5000  -15.0000  -37.5000 2598.7400   17.7579
    0.0000  -15.0000  -37.5000 2610.7380   17.6802
    7.5000  -15.0000  -37.5000 2593.6162   17.8378
   -7.5000   -7.5000  -37.5000 2614.1821   17.7100
    0.0000   -7.5000  -37.5000 2626.6758   17.6239
    7.5000   -7.5000  -37.5000 2609.8245   17.7574
   -7.5000    0.0000  -37.5000 2616.0146   17.7599
    0.0000    0.0000  -37.5000 2625.5127   17.6770
    7.5000    0.0000  -37.5000 2607.0376   17.7912
   -7.5000    7.5000  -37.5000 2606.9375   18.0209
    0.0000    7.5000  -37.5000 2617.8140   17.9316
    7.5000    7.5000  -37.5000 2601.3638   18.0525
   -7.5000   15.0000  -37.5000 2585.2690   18.4823
    0.0000   15.0000  -37.5000 2602.3743   18.3969
    7.5000   15.0000  -37.5000 2584.1165   18.5455
   -7.5000   22.5000  -37.5000 2553.3191   19.1689
    0.0000   22.5000  -37.5000 2572.4812   19.0831
    7.5000   22.5000  -37.5000 2552.2549   19.2424
   -7.5000   30.0000  -37.5000 2498.0752   20.1121
    0.0000   30.0000  -37.5000 2521.0535   20.0199
    7.5000   30.0000  -37.5000 2496.5024   20.1847
   -7.5000   37.5000  -37.5000 2421.8054   21.4211
    0.0000   37.5000  -37.5000 2441.5920   21.3622
    7.5000   37.5000  -37.5000 2420.9282   21.5063
   -7.5000   45.0000  -37.5000 2320.6721   23.2642
    0.0000   45.0000  -37.5000 2338.2249   23.1585
    7.5000   45.0000  -37.5000 2321.4978   23.3288
   -7.5000  -45.0000  -30.0000 2542.9155   19.2574
    0.0000  -45.0000  -30.0000 2559.2456   19.0997
    7.5000  -45.0000  -30.0000 2544.3745   19.2100
   -7.5000  -37.5000  -30.0000 2596.3748   18.6510
    0.0000  -37.5000  -30.0000 2615.8342   18.4877
    7.5000  -37.5000  -30.0000 2595.4436   18.6408
   -7.5000  -30.0000  -30.0000 2636.6689   18.0412
    0.0000  -30.0000  -30.0000 2656.0361   17.8983
    7.5000  -30.0000  -30.0000 2637.7542   18.1025
   -7.5000  -22.5000  -30.0000 2677.4526   17.5581
    0.0000  -22.5000  -30.0000 2694.6575   17.3933
    7.5000  -22.5000  -30.0000 2676.7341   17.6011
   -7.5000  -15.0000  -30.0000 2714.6946   17.2344
    0.0000  -15.0000  -30.0000 2731.8457   17.1255
    7.5000  -15.0000  -30.0000 2710.7974   17.2955
   -7.5000   -7.5000  -30.0000 2740.3965   17.1336
    0.0000   -7.5000  -30.0000 2755.5830   17.0486
    7.5000   -7.5000  -30.0000 2737.1167   17.1915
   -7.5000    0.0000  -30.0000 2750.3035   17.1731
    0.0000    0.0000  -30.0000 2764.1777   17.0933
    7.5000    0.0000  -30.0000 2742.7356   17.2388
   -7.5000    7.5000  -30.0000 2748.6113   17.4429
    0.0000    7.5000  -30.0000 2764.2563   17.3625
    7.5000    7.5000  -30.0000 2738.4189   17.4959
   -7.5000   15.0000  -30.0000 2729.1765   17.9644
    0.0000   15.0000  -30.0000 2751.4070   17.8622
    7.5000   15.0000  -30.0000 2729.7258   18.0169
   -7.5000   22.5000  -30.0000 2693.5010   18.6633
    0.0000   22.5000  -30.0000 2720.5574   18.6032
    7.5000   22.5000  -30.0000 2697.9453   18.7550
   -7.5000   30.0000  -30.0000 2635.9778   19.5675
    0.0000   30.0000  -30.0000 2660.7385   19.4932
    7.5000   30.0000  -30.0000 2636.3630   19.6834
   -7.5000   37.5000  -30.0000 2551.1914   20.8378
    0.0000   37.5000  -30.0000 2571.8650   20.7577
    7.5000   37.5000  -30.0000 2552.7375   20.9529
   -7.5000   45.0000  -30.0000 2438.7854   22.5928
    0.0000   45.0000  -30.0000 2458.4258   22.4869
    7.5000   45.0000  -30.0000 2444.6812   22.6771
   -7.5000  -45.0000  -22.5000 2586.0330   18.9599
    0.0000  -45.0000  -22.5000 2602.8523   18.8104
    7.5000  -45.0000  -22.5000 2585.2500   18.9323
   -7.5000  -37.5000  -22.5000 2641.5842   18.2308
    0.0000  -37.5000  -22.5000 2663.5623   18.0772
    7.5000  -37.5000  -22.5000 2644.7883   18.2720
   -7.5000  -30.0000  -22.5000 2692.0969   17.5949
    0.0000  -30.0000  -22.5000 2710.8716   17.4017
    7.5000  -30.0000  -22.5000 2692.0110   17.6047
   -7.5000  -22.5000  -22.5000 2738.2300   17.0368
    0.0000  -22.5000  -22.5000 2752.2822   16.8700
    7.5000  -22.5000  -22.5000 2731.2583   17.0793
   -7.5000  -15.0000  -22.5000 2788.3457   16.6344
    0.0000  -15.0000  -22.5000 2800.9026   16.5035
    7.5000  -15.0000  -22.5000 2778.3806   16.7217
   -7.5000   -7.5000  -22.5000 2825.2900   16.4581
    0.0000   -7.5000  -22.5000 2840.6750   16.3800
    7.5000   -7.5000  -22.5000 2819.2568   16.6259
   -7.5000    0.0000  -22.5000 2844.7988   16.4972
    0.0000    0.0000  -22.5000 2863.8501   16.4392
    7.5000    0.0000  -22.5000 2838.1965   16.6512
   -7.5000    7.5000  -22.5000 2849.2009   16.8003
    0.0000    7.5000  -22.5000 2869.3789   16.7121
    7.5000    7.5000  -22.5000 2841.8940   16.9202
   -7.5000   15.0000  -22.5000 2840.9128   17.3266
    0.0000   15.0000  -22.5000 2863.3826   17.2437
    7.5000   15.0000  -22.5000 2841.0049   17.4290
   -7.5000   22.5000  -22.5000 2801.1785   18.0487
    0.0000   22.5000  -22.5000 2830.6326   17.9864
    7.5000   22.5000  -22.5000 2809.1208   18.1534
   -7.5000   30.0000  -22.5000 2732.7793   18.9407
    0.0000   30.0000  -22.5000 2759.3523   18.8814
    7.5000   30.0000  -22.5000 2740.2649   19.0938
   -7.5000   37.5000  -22.5000 2640.5269   20.2083
    0.0000   37.5000  -22.5000 2663.0479   20.1106
    7.5000   37.5000  -22.5000 2646.2805   20.3601
   -7.5000   45.0000  -22.5000 2522.2175   21.9615
    0.0000   45.0000  -22.5000 2541.4829   21.8296
    7.5000   45.0000  -22.5000 2524.3350   22.0784
   -7.5000  -45.0000  -15.0000 2589.7314   18.7424
    0.0000  -45.0000  -15.0000 2598.9021   18.5486
    7.5000  -45.0000  -15.0000 2581.4988   18.6753
   -7.5000  -37.5000  -15.0000 2651.7698   17.9477
    0.0000  -37.5000  -15.0000 2664.1030   17.7380
    7.5000  -37.5000  -15.0000 2645.3994   17.9354
   -7.5000  -30.0000  -15.0000 2707.5496   17.2121
    0.0000  -30.0000  -15.0000 2719.6362   17.0055
    7.5000  -30.0000  -15.0000 2695.0151   17.2276
   -7.5000  -22.5000  -15.0000 2756.3372   16.6165
    0.0000  -22.5000  -15.0000 2765.1956   16.4292
    7.5000  -22.5000  -15.0000 2746.1963   16.6794
   -7.5000  -15.0000  -15.0000 2810.3535   16.1790
    0.0000  -15.0000  -15.0000 2822.1111   16.0160
    7.5000  -15.0000  -15.0000 2802.1523   16.3084
   -7.5000   -7.5000  -15.0000 2859.2346   16.0027
    0.0000   -7.5000  -15.0000 2879.0667   15.8831
    7.5000   -7.5000  -15.0000 2861.0786   16.1823
   -7.5000    0.0000  -15.0000 2896.1677   16.0410
    0.0000    0.0000  -15.0000 2919.9805   15.9325
    7.5000    0.0000  -15.0000 2900.2417   16.2384
   -7.5000    7.5000  -15.0000 2914.3811   16.2964
    0.0000    7.5000  -15.0000 2941.3435   16.1743
    7.5000    7.5000  -15.0000 2914.1599   16.4776
   -7.5000   15.0000  -15.0000 2905.9443   16.8105
    0.0000   15.0000  -15.0000 2930.8486   16.7164
    7.5000   15.0000  -15.0000 2906.9475   16.9870
   -7.5000   22.5000  -15.0000 2863.6138   17.5000
    0.0000   22.5000  -15.0000 2896.0293   17.4265
    7.5000   22.5000  -15.0000 2873.2327   17.6711
   -7.5000   30.0000  -15.0000 2787.2805   18.4258
    0.0000   30.0000  -15.0000 2817.0630   18.3126
    7.5000   30.0000  -15.0000 2798.9626   18.6002
   -7.5000   37.5000  -15.0000 2688.7466   19.7161
    0.0000   37.5000  -15.0000 2714.7922   19.6085
    7.5000   37.5000  -15.0000 2693.0771   19.8909
   -7.5000   45.0000  -15.0000 2566.0469   21.4606
    0.0000   45.0000  -15.0000 2583.3274   21.3213
    7.5000   45.0000  -15.0000 2564.4924   21.5945
   -7.5000  -45.0000   -7.5000 2572.5708   18.6126
    0.0000  -45.0000   -7.5000 2590.0554   18.3569
    7.5000  -45.0000   -7.5000 2570.3381   18.4872
   -7.5000  -37.5000   -7.5000 2631.4990   17.7125
    0.0000  -37.5000   -7.5000 2647.3521   17.4827
    7.5000  -37.5000   -7.5000 2628.5808   17.6754
   -7.5000  -30.0000   -7.5000 2689.9199   16.9456
    0.0000  -30.0000   -7.5000 2702.1624   16.7067
    7.5000  -30.0000   -7.5000 2681.4512   16.9505
   -7.5000  -22.5000   -7.5000 2744.2769   16.3669
    0.0000  -22.5000   -7.5000 2756.3828   16.1636
    7.5000  -22.5000   -7.5000 2737.9353   16.4063
   -7.5000  -15.0000   -7.5000 2808.4866   15.9499
    0.0000  -15.0000   -7.5000 2824.5039   15.7489
    7.5000  -15.0000   -7.5000 2808.5278   16.0164
   -7.5000   -7.5000   -7.5000 2875.6113   15.7585
    0.0000   -7.5000   -7.5000 2891.8882   15.5685
    7.5000   -7.5000   -7.5000 2876.9229   15.8588
   -7.5000    0.0000   -7.5000 2920.8562   15.8564
    0.0000    0.0000   -7.5000 2947.3530   15.7225
    7.5000    0.0000   -7.5000 2923.9697   15.9695
   -7.5000    7.5000   -7.5000 2951.2393   16.0353
    0.0000    7.5000   -7.5000 2984.3130   15.9366
    7.5000    7.5000   -7.5000 2954.2534   16.1848
   -7.5000   15.0000   -7.5000 2940.4978   16.4177
    0.0000   15.0000   -7.5000 2972.0242   16.2985
    7.5000   15.0000   -7.5000 2942.1919   16.5799
   -7.5000   22.5000   -7.5000 2890.8091   17.1034
    0.0000   22.5000   -7.5000 2919.1455   16.9560
    7.5000   22.5000   -7.5000 2896.2874   17.2155
   -7.5000   30.0000   -7.5000 2807.2527   18.1021
    0.0000   30.0000   -7.5000 2835.4514   17.9246
    7.5000   30.0000   -7.5000 2817.7104   18.1582
   -7.5000   37.5000   -7.5000 2701.2578   19.4017
    0.0000   37.5000   -7.5000 2727.0222   19.2423
    7.5000   37.5000   -7.5000 2709.0996   19.4401
   -7.5000   45.0000   -7.5000 2578.6050   21.1102
    0.0000   45.0000   -7.5000 2591.5969   20.9642
    7.5000   45.0000   -7.5000 2578.1289   21.1407
   -7.5000  -45.0000    0.0000 2548.2590   18.6498
    0.0000  -45.0000    0.0000 2569.0542   18.3376
    7.5000  -45.0000    0.0000 2551.9302   18.5333
   -7.5000  -37.5000    0.0000 2599.9951   17.7651
    0.0000  -37.5000    0.0000 2616.2742   17.5056
    7.5000  -37.5000    0.0000 2599.5718   17.7333
   -7.5000  -30.0000    0.0000 2651.5403   16.9692
    0.0000  -30.0000    0.0000 2665.5164   16.7591
    7.5000  -30.0000    0.0000 2650.2886   16.9918
   -7.5000  -22.5000    0.0000 2714.0710   16.3895
    0.0000  -22.5000    0.0000 2724.5845   16.1587
    7.5000  -22.5000    0.0000 2714.5657   16.3938
   -7.5000  -15.0000    0.0000 2785.5640   15.9950
    0.0000  -15.0000    0.0000 2798.8474   15.7916
    7.5000  -15.0000    0.0000 2787.2178   16.0165
   -7.5000   -7.5000    0.0000 2864.9475   15.8536
    0.0000   -7.5000    0.0000 2880.9658   15.6747
    7.5000   -7.5000    0.0000 2860.7136   15.8681
   -7.5000    0.0000    0.0000 2923.1230   15.9498
    0.0000    0.0000    0.0000 2952.2666   15.8217
    7.5000    0.0000    0.0000 2923.6501   15.9351
   -7.5000    7.5000    0.0000 2959.1934   16.1136
    0.0000    7.5000    0.0000 2996.0442   15.9911
    7.5000    7.5000    0.0000 2959.2827   16.0898
   -7.5000   15.0000    0.0000 2945.9221   16.4378
    0.0000   15.0000    0.0000 2981.4812   16.2292
    7.5000   15.0000    0.0000 2945.2744   16.3937
   -7.5000   22.5000    0.0000 2895.1130   17.0069
    0.0000   22.5000    0.0000 2922.4275   16.7866
    7.5000   22.5000    0.0000 2899.5701   16.9727
   -7.5000   30.0000    0.0000 2805.4778   17.9444
    0.0000   30.0000    0.0000 2836.2368   17.7319
    7.5000   30.0000    0.0000 2816.9031   17.9503
   -7.5000   37.5000    0.0000 2691.3289   19.3032
    0.0000   37.5000    0.0000 2716.6807   19.1352
    7.5000   37.5000    0.0000 2702.4316   19.3216
   -7.5000   45.0000    0.0000 2566.0498   21.0174
    0.0000   45.0000    0.0000 2579.6860   20.9048
    7.5000   45.0000    0.0000 2569.7397   21.0854
   -7.5000  -45.0000    7.5000 2514.2400   18.9011
    0.0000  -45.0000    7.5000 2532.6074   18.5844
    7.5000  -45.0000    7.5000 2518.3979   18.8347
   -7.5000  -37.5000    7.5000 2561.4575   18.0559
    0.0000  -37.5000    7.5000 2576.5662   17.7621
    7.5000  -37.5000    7.5000 2562.1301   18.0104
   -7.5000  -30.0000    7.5000 2613.8762   17.3566
    0.0000  -30.0000    7.5000 2624.4297   17.1134
    7.5000  -30.0000    7.5000 2612.5796   17.3079
   -7.5000  -22.5000    7.5000 2677.7886   16.8244
    0.0000  -22.5000    7.5000 2688.8259   16.6320
    7.5000  -22.5000    7.5000 2678.6763   16.7781
   -7.5000  -15.0000    7.5000 2751.3372   16.4997
    0.0000  -15.0000    7.5000 2765.5364   16.2821
    7.5000  -15.0000    7.5000 2747.3728   16.3985
   -7.5000   -7.5000    7.5000 2825.3618   16.3075
    0.0000   -7.5000    7.5000 2844.0229   16.1148
    7.5000   -7.5000    7.5000 2820.4016   16.1935
   -7.5000    0.0000    7.5000 2886.3230   16.3273
    0.0000    0.0000    7.5000 2913.5623   16.1663
    7.5000    0.0000    7.5000 2884.3005   16.2444
   -7.5000    7.5000    7.5000 2922.5295   16.4319
    0.0000    7.5000    7.5000 2957.0718   16.2175
    7.5000    7.5000    7.5000 2919.7844   16.3631
   -7.5000   15.0000    7.5000 2917.1072   16.6894
    0.0000   15.0000    7.5000 2949.9829   16.4861
    7.5000   15.0000    7.5000 2916.7112   16.6594
   -7.5000   22.5000    7.5000 2863.2854   17.2661
    0.0000   22.5000    7.5000 2892.9578   17.1034
    7.5000   22.5000    7.5000 2871.2361   17.2502
   -7.5000   30.0000    7.5000 2776.3794   18.1872
    0.0000   30.0000    7.5000 2805.0249   18.0385
    7.5000   30.0000    7.5000 2789.3665   18.2133
   -7.5000   37.5000    7.5000 2668.4302   19.5196
    0.0000   37.5000    7.5000 2689.2830   19.3776
    7.5000   37.5000    7.5000 2680.6455   19.5694
   -7.5000   45.0000    7.5000 2541.6418   21.2174
    0.0000   45.0000    7.5000 2556.4163   21.0738
    7.5000   45.0000    7.5000 2549.0662   21.2961
   -7.5000  -45.0000   15.0000 2462.4175   19.5066
    0.0000  -45.0000   15.0000 2469.7473   19.1736
    7.5000  -45.0000   15.0000 2460.2283   19.4799
   -7.5000  -37.5000   15.0000 2520.3335   18.7910
    0.0000  -37.5000   15.0000 2525.5752   18.5202
    7.5000  -37.5000   15.0000 2514.6643   18.7583
   -7.5000  -30.0000   15.0000 2573.8989   18.1894
    0.0000  -30.0000   15.0000 2577.5505   17.9586
    7.5000  -30.0000   15.0000 2562.6047   18.1081
   -7.5000  -22.5000   15.0000 2638.4976   17.6444
    0.0000  -22.5000   15.0000 2643.1194   17.4041
    7.5000  -22.5000   15.0000 2626.6697   17.5272
   -7.5000  -15.0000   15.0000 2703.4502   17.2157
    0.0000  -15.0000   15.0000 2716.0618   16.9765
    7.5000  -15.0000   15.0000 2696.4529   17.0500
   -7.5000   -7.5000   15.0000 2770.8403   16.9497
    0.0000   -7.5000   15.0000 2785.8457   16.7245
    7.5000   -7.5000   15.0000 2766.9973   16.8610
   -7.5000    0.0000   15.0000 2828.1455   16.8815
    0.0000    0.0000   15.0000 2847.0322   16.6541
    7.5000    0.0000   15.0000 2824.4465   16.8273
   -7.5000    7.5000   15.0000 2855.1826   16.9585
    0.0000    7.5000   15.0000 2883.0347   16.6680
    7.5000    7.5000   15.0000 2853.5913   16.8950
   -7.5000   15.0000   15.0000 2854.8555   17.2117
    0.0000   15.0000   15.0000 2879.6450   16.9556
    7.5000   15.0000   15.0000 2855.8271   17.2168
   -7.5000   22.5000   15.0000 2803.3572   17.8153
    0.0000   22.5000   15.0000 2826.8464   17.6028
    7.5000   22.5000   15.0000 2808.7996   17.8486
   -7.5000   30.0000   15.0000 2721.4282   18.7538
    0.0000   30.0000   15.0000 2747.5183   18.5732
    7.5000   30.0000   15.0000 2734.0034   18.7988
   -7.5000   37.5000   15.0000 2623.1929   20.0415
    0.0000   37.5000   15.0000 2643.9968   19.8745
    7.5000   37.5000   15.0000 2633.4180   20.1072
   -7.5000   45.0000   15.0000 2505.8989   21.7240
    0.0000   45.0000   15.0000 2521.7302   21.5655
    7.5000   45.0000   15.0000 2510.6245   21.7673
   -7.5000  -45.0000   22.5000 2399.6934   20.6420
    0.0000  -45.0000   22.5000 2401.3567   20.3836
    7.5000  -45.0000   22.5000 2393.0823   20.6741
   -7.5000  -37.5000   22.5000 2466.2979   19.9610
    0.0000  -37.5000   22.5000 2469.3120   19.7075
    7.5000  -37.5000   22.5000 2452.6731   19.9044
   -7.5000  -30.0000   22.5000 2525.8577   19.2263
    0.0000  -30.0000   22.5000 2532.0349   18.9555
    7.5000  -30.0000   22.5000 2511.8123   19.1200
   -7.5000  -22.5000   22.5000 2588.6758   18.5869
    0.0000  -22.5000   22.5000 2598.9321   18.2965
    7.5000  -22.5000   22.5000 2576.3879   18.4407
   -7.5000  -15.0000   22.5000 2647.3472   18.1044
    0.0000  -15.0000   22.5000 2661.9683   17.8016
    7.5000  -15.0000   22.5000 2641.0896   17.9335
   -7.5000   -7.5000   22.5000 2706.8113   17.8161
    0.0000   -7.5000   22.5000 2720.0457   17.5180
    7.5000   -7.5000   22.5000 2704.9553   17.6979
   -7.5000    0.0000   22.5000 2752.7649   17.7453
    0.0000    0.0000   22.5000 2768.9026   17.4171
    7.5000    0.0000   22.5000 2753.5312   17.6410
   -7.5000    7.5000   22.5000 2772.1270   17.8026
    0.0000    7.5000   22.5000 2792.9011   17.4742
    7.5000    7.5000   22.5000 2773.9170   17.7294
   -7.5000   15.0000   22.5000 2763.1472   18.1122
    0.0000   15.0000   22.5000 2782.0364   17.8169
    7.5000   15.0000   22.5000 2767.0083   18.0590
   -7.5000   22.5000   22.5000 2721.2466   18.7038
    0.0000   22.5000   22.5000 2737.5461   18.4615
    7.5000   22.5000   22.5000 2725.8669   18.6953
   -7.5000   30.0000   22.5000 2651.5417   19.6181
    0.0000   30.0000   22.5000 2669.4714   19.4201
    7.5000   30.0000   22.5000 2657.1294   19.6487
   -7.5000   37.5000   22.5000 2558.0815   20.8621
    0.0000   37.5000   22.5000 2577.2542   20.6732
    7.5000   37.5000   22.5000 2568.7039   20.9122
   -7.5000   45.0000   22.5000 2450.5581   22.5113
    0.0000   45.0000   22.5000 2469.9607   22.3140
    7.5000   45.0000   22.5000 2460.6968   22.5306
   -7.5000  -45.0000   30.0000 2328.4326   22.2692
    0.0000  -45.0000   30.0000 2331.7485   21.8997
    7.5000  -45.0000   30.0000 2312.8662   22.1218
   -7.5000  -37.5000   30.0000 2398.9038   21.3424
    0.0000  -37.5000   30.0000 2404.3333   20.9797
    7.5000  -37.5000   30.0000 2386.1072   21.2346
   -7.5000  -30.0000   30.0000 2464.4919   20.3943
    0.0000  -30.0000   30.0000 2468.5598   20.0357
    7.5000  -30.0000   30.0000 2454.1343   20.3129
   -7.5000  -22.5000   30.0000 2528.0437   19.6998
    0.0000  -22.5000   30.0000 2537.4175   19.3536
    7.5000  -22.5000   30.0000 2521.3645   19.5833
   -7.5000  -15.0000   30.0000 2588.9409   19.2049
    0.0000  -15.0000   30.0000 2598.8296   18.8296
    7.5000  -15.0000   30.0000 2578.8337   19.0349
   -7.5000   -7.5000   30.0000 2640.2773   18.9526
    0.0000   -7.5000   30.0000 2651.4663   18.5554
    7.5000   -7.5000   30.0000 2631.3464   18.7869
   -7.5000    0.0000   30.0000 2670.7195   18.8369
    0.0000    0.0000   30.0000 2687.6096   18.4920
    7.5000    0.0000   30.0000 2671.0237   18.7287
   -7.5000    7.5000   30.0000 2682.3989   18.8821
    0.0000    7.5000   30.0000 2697.4253   18.5538
    7.5000    7.5000   30.0000 2681.9126   18.8065
   -7.5000   15.0000   30.0000 2664.7046   19.2458
    0.0000   15.0000   30.0000 2677.1982   18.9544
    7.5000   15.0000   30.0000 2667.2798   19.1616
   -7.5000   22.5000   30.0000 2628.5532   19.8347
    0.0000   22.5000   30.0000 2640.7407   19.5959
    7.5000   22.5000   30.0000 2633.1301   19.7986
   -7.5000   30.0000   30.0000 2570.8674   20.7535
    0.0000   30.0000   30.0000 2588.1582   20.5271
    7.5000   30.0000   30.0000 2577.5249   20.7269
   -7.5000   37.5000   30.0000 2489.5120   21.9297
    0.0000   37.5000   30.0000 2512.1526   21.7183
    7.5000   37.5000   30.0000 2501.7200   21.9419
   -7.5000   45.0000   30.0000 2390.8213   23.5393
    0.0000   45.0000   30.0000 2411.6660   23.3463
    7.5000   45.0000   30.0000 2403.3682   23.5569
   -7.5000  -45.0000   37.5000 2253.4622   24.1339
    0.0000  -45.0000   37.5000 2256.5278   23.5997
    7.5000  -45.0000   37.5000 2240.2498   23.8836
   -7.5000  -37.5000   37.5000 2328.0610   22.9785
    0.0000  -37.5000   37.5000 2331.2654   22.4996
    7.5000  -37.5000   37.5000 2318.9199   22.8383
   -7.5000  -30.0000   37.5000 2400.3735   21.8618
    0.0000  -30.0000   37.5000 2401.0054   21.4293
    7.5000  -30.0000   37.5000 2390.2427   21.7994
   -7.5000  -22.5000   37.5000 2468.3164   21.0952
    0.0000  -22.5000   37.5000 2475.3613   20.6857
    7.5000  -22.5000   37.5000 2459.7756   20.9740
   -7.5000  -15.0000   37.5000 2525.2017   20.5548
    0.0000  -15.0000   37.5000 2539.7827   20.1504
    7.5000  -15.0000   37.5000 2519.8755   20.4393
   -7.5000   -7.5000   37.5000 2566.8662   20.3070
    0.0000   -7.5000   37.5000 2582.1089   19.8990
    7.5000   -7.5000   37.5000 2558.9062   20.1498
   -7.5000    0.0000   37.5000 2590.2676   20.1977
    0.0000    0.0000   37.5000 2605.2175   19.8127
    7.5000    0.0000   37.5000 2583.2053   20.0445
   -7.5000    7.5000   37.5000 2593.4333   20.2088
    0.0000    7.5000   37.5000 2606.0046   19.8992
    7.5000    7.5000   37.5000 2589.5825   20.1132
   -7.5000   15.0000   37.5000 2569.5200   20.5826
    0.0000   15.0000   37.5000 2583.9963   20.3220
    7.5000   15.0000   37.5000 2573.7334   20.5339
   -7.5000   22.5000   37.5000 2538.6892   21.1865
    0.0000   22.5000   37.5000 2553.3640   20.9565
    7.5000   22.5000   37.5000 2544.4004   21.1364
   -7.5000   30.0000   37.5000 2490.8936   22.1493
    0.0000   30.0000   37.5000 2510.3562   21.8694
    7.5000   30.0000   37.5000 2497.7168   22.0507
   -7.5000   37.5000   37.5000 2419.1838   23.2992
    0.0000   37.5000   37.5000 2441.2163   23.0468
    7.5000   37.5000   37.5000 2431.6462   23.1977
   -7.5000   45.0000   37.5000 2333.8354   24.8268
    0.0000   45.0000   37.5000 2355.1628   24.5906
    7.5000   45.0000   37.5000 2343.6167   24.7467
   -7.5000  -45.0000   45.0000 2161.3096   26.6261
    0.0000  -45.0000   45.0000 2169.4243   25.9893
    7.5000  -45.0000   45.0000 2156.9062   26.3240
   -7.5000  -37.5000   45.0000 2243.6365   25.2135
    0.0000  -37.5000   45.0000 2250.8054   24.6001
    7.5000  -37.5000   45.0000 2237.7725   25.0060
   -7.5000  -30.0000   45.0000 2321.7095   23.9087
    0.0000  -30.0000   45.0000 2324.2004   23.3733
    7.5000  -30.0000   45.0000 2311.1431   23.7507
   -7.5000  -22.5000   45.0000 2393.6858   22.9774
    0.0000  -22.5000   45.0000 2401.9724   22.5295
    7.5000  -22.5000   45.0000 2385.6904   22.8639
   -7.5000  -15.0000   45.0000 2450.4949   22.4126
    0.0000  -15.0000   45.0000 2465.0549   21.9739
    7.5000  -15.0000   45.0000 2447.3452   22.2687
   -7.5000   -7.5000   45.0000 2490.5310   22.1028
    0.0000   -7.5000   45.0000 2506.5681   21.6715
    7.5000   -7.5000   45.0000 2488.4661   21.8990
   -7.5000    0.0000   45.0000 2504.2876   21.9294
    0.0000    0.0000   45.0000 2521.9871   21.5733
    7.5000    0.0000   45.0000 2503.3291   21.7693
   -7.5000    7.5000   45.0000 2499.4434   21.9461
    0.0000    7.5000   45.0000 2513.7297   21.6318
    7.5000    7.5000   45.0000 2496.2117   21.8195
   -7.5000   15.0000   45.0000 2474.1973   22.2754
    0.0000   15.0000   45.0000 2494.7412   22.0388
    7.5000   15.0000   45.0000 2479.7361   22.1781
   -7.5000   22.5000   45.0000 2447.8987   22.8549
    0.0000   22.5000   45.0000 2471.1511   22.6736
    7.5000   22.5000   45.0000 2457.1719   22.8334
   -7.5000   30.0000   45.0000 2403.6279   23.7709
    0.0000   30.0000   45.0000 2427.9204   23.5762
    7.5000   30.0000   45.0000 2417.8198   23.7102
   -7.5000   37.5000   45.0000 2339.4875   24.9959
    0.0000   37.5000   45.0000 2363.1392   24.7449
    7.5000   37.5000   45.0000 2355.8701   24.8388
   -7.5000   45.0000   45.0000 2258.2024   26.5313
    0.0000   45.0000   45.0000 2280.8403   26.2835
    7.5000   45.0000   45.0000 2272.5496   26.3895

---------------------------------------------------------------------
imgreg_4dfp /opt/freesurfer/average/711-2C_as_mni_average_305 /opt/freesurfer/average/711-2B_as_mni_average_305_mask talsrcimg_g11 none talsrcimg_to_711-2C_as_mni_average_305_t4 1283
---------------------------------------------------------------------

freesurfer imgreg_4dfp.c
/opt/freesurfer/average/711-2C_as_mni_average_305.4dfp.img
       256       256       256         1
  1.000000  1.000000  1.000000
orientation T byte_order littleendian
Reading image: /opt/freesurfer/average/711-2C_as_mni_average_305.4dfp.img
dimensions:      256       256       256
mmppix:       1.0000   -1.0000   -1.0000
center:     128.0000 -129.0000 -129.0000
/opt/freesurfer/average/711-2B_as_mni_average_305_mask.4dfp.img
       256       256       256         1
  1.000000  1.000000  1.000000
orientation T byte_order littleendian
Reading mask: /opt/freesurfer/average/711-2B_as_mni_average_305_mask.4dfp.img (2306576 pixels)
talsrcimg_g11.4dfp.img
       256       256       256         1
  1.000000  1.000000  1.000000
orientation T byte_order littleendian
Reading image: talsrcimg_g11.4dfp.img
dimensions:      256       256       256
mmppix:       1.0000   -1.0000   -1.0000
center:     128.0000 -129.0000 -129.0000
rotation matrix determinant  1.000000
fimgreg.f
image alignment mode   1283 decimal      503 hex
parameters
    0.0000    7.5000    0.0000    0.0000    0.0000    0.0000
eta,q 0.93935 16.02297
niter,ni,del,rscale     5    3   12.0000    1.2000
parameter  2 -0.633391 -> -0.500000 qaram    1.1500
parameter  3  0.516932 ->  0.500000 qaram    1.1500
parameter  4 -7.129561 ->  0.500000 qaram    1.1500
parameters
   -0.1665   10.9500   -3.4500   -3.4500   -0.4975    2.5197
eta,q 0.94801 15.85761
  0.0702  0.0710  0.0605  0.0495  0.0563  0.0594
  0.0657  0.0668  0.0600  0.0521  0.0551  0.0573
  0.0627  0.0634  0.0602  0.0557  0.0538  0.0551
  0.0616  0.0615  0.0604  0.0598  0.0530  0.0530
  0.0627  0.0607  0.0621  0.0633  0.0542  0.0520
  0.0663  0.0600  0.0646  0.0660  0.0559  0.0524
  0.0713  0.0603  0.0671  0.0685  0.0575  0.0541
niter,ni,del,rscale     7    3   12.0000    1.2000
parameter  4  1.404290 ->  0.500000 qaram    1.3225
parameters
    0.3966   11.0790   -2.7212   -7.4175   -0.7076    2.1577
eta,q 0.95244 15.78413
  0.0641  0.0648  0.0606  0.0461  0.0522  0.0507
  0.0576  0.0588  0.0571  0.0471  0.0502  0.0492
  0.0537  0.0538  0.0536  0.0488  0.0482  0.0481
  0.0520  0.0519  0.0519  0.0516  0.0475  0.0475
  0.0525  0.0536  0.0515  0.0562  0.0485  0.0478
  0.0553  0.0579  0.0540  0.0613  0.0505  0.0495
  0.0601  0.0640  0.0584  0.0646  0.0529  0.0520
niter,ni,del,rscale     7    3   12.0000    1.2000
parameter  4  0.742324 ->  0.500000 qaram    1.5209
parameters
    0.1773   11.8131   -3.2004  -11.9801   -0.9685    2.1447
eta,q 0.95533 15.69524
  0.0573  0.0605  0.0548  0.0447  0.0485  0.0479
  0.0515  0.0543  0.0506  0.0443  0.0465  0.0464
  0.0483  0.0501  0.0478  0.0457  0.0452  0.0454
  0.0476  0.0475  0.0473  0.0472  0.0447  0.0447
  0.0490  0.0478  0.0490  0.0500  0.0455  0.0449
  0.0527  0.0508  0.0523  0.0548  0.0468  0.0461
  0.0586  0.0565  0.0570  0.0601  0.0493  0.0483
niter,ni,del,rscale     7    3   12.0000    1.2000
parameters
    0.0585   13.6426   -3.8178  -15.4025   -1.1402    2.0626
eta,q 0.95798 15.72466
  0.0549  0.0580  0.0522  0.0451  0.0481  0.0457
  0.0486  0.0516  0.0477  0.0432  0.0449  0.0440
  0.0453  0.0473  0.0443  0.0420  0.0426  0.0426
  0.0447  0.0446  0.0435  0.0435  0.0420  0.0420
  0.0462  0.0435  0.0451  0.0464  0.0434  0.0424
  0.0493  0.0448  0.0498  0.0494  0.0456  0.0438
  0.0555  0.0490  0.0566  0.0557  0.0485  0.0462
niter,ni,del,rscale     6    3   12.0000    1.2000
parameters
    0.2325   15.0123   -5.0726  -17.0835   -1.1044    2.2152
eta,q 0.95976 15.73261
  0.0551  0.0550  0.0485  0.0462  0.0468  0.0446
  0.0486  0.0499  0.0436  0.0424  0.0436  0.0426
  0.0442  0.0451  0.0408  0.0404  0.0411  0.0411
  0.0420  0.0420  0.0413  0.0407  0.0403  0.0403
  0.0428  0.0414  0.0441  0.0432  0.0415  0.0406
  0.0468  0.0433  0.0491  0.0469  0.0436  0.0420
  0.0546  0.0487  0.0562  0.0513  0.0465  0.0445
niter,ni,del,rscale     5    3   12.0000    1.2000
parameters
    0.3457   15.5948   -5.5748  -17.5610   -1.0747    2.1154
eta,q 0.96035 15.73819
  0.0546  0.0538  0.0498  0.0480  0.0461  0.0440
  0.0478  0.0479  0.0439  0.0438  0.0429  0.0421
  0.0425  0.0430  0.0402  0.0405  0.0405  0.0405
  0.0402  0.0402  0.0399  0.0396  0.0396  0.0396
  0.0412  0.0403  0.0423  0.0415  0.0407  0.0401
  0.0459  0.0444  0.0463  0.0454  0.0428  0.0419
  0.0546  0.0507  0.0526  0.0496  0.0459  0.0447
niter,ni,del,rscale     4    3   12.0000    1.2000
parameters
    0.3921   15.7684   -5.7035  -17.7610   -1.0745    2.0678
eta,q 0.96044 15.73818
  0.0539  0.0529  0.0509  0.0484  0.0459  0.0439
  0.0471  0.0468  0.0446  0.0444  0.0427  0.0420
  0.0417  0.0421  0.0405  0.0408  0.0404  0.0405
  0.0396  0.0396  0.0396  0.0395  0.0396  0.0396
  0.0406  0.0408  0.0417  0.0410  0.0406  0.0400
  0.0455  0.0457  0.0454  0.0449  0.0427  0.0417
  0.0546  0.0521  0.0513  0.0492  0.0458  0.0445
niter,ni,del,rscale     3    3   12.0000    1.2000
parameters
    0.4125   15.8303   -5.7535  -17.8443   -1.0760    2.0492
eta,q 0.96046 15.73779
  0.0537  0.0526  0.0511  0.0485  0.0458  0.0439
  0.0469  0.0465  0.0448  0.0446  0.0426  0.0420
  0.0415  0.0418  0.0406  0.0409  0.0404  0.0405
  0.0396  0.0396  0.0395  0.0395  0.0395  0.0395
  0.0405  0.0410  0.0416  0.0408  0.0405  0.0399
  0.0454  0.0461  0.0452  0.0446  0.0426  0.0417
  0.0547  0.0524  0.0510  0.0490  0.0458  0.0445
registration optimization eta report
parameter search radius
    6.0000    6.9000    6.9000    9.1253    6.0000    6.0000
100000*second partial in parameter space
       41.       27.       24.       11.       17.       13.
  0.0537  0.0526  0.0511  0.0485  0.0458  0.0439
  0.0469  0.0465  0.0448  0.0446  0.0426  0.0420
  0.0415  0.0418  0.0406  0.0409  0.0404  0.0405
  0.0396  0.0396  0.0395  0.0395  0.0395  0.0395
  0.0405  0.0410  0.0416  0.0408  0.0405  0.0399
  0.0454  0.0461  0.0452  0.0446  0.0426  0.0417
  0.0547  0.0524  0.0510  0.0490  0.0458  0.0445
    0.4125   15.8303   -5.7535  -17.8443   -1.0760    2.0492
eta,q 0.96046 15.73779

---------------------------------------------------------------------
imgreg_4dfp /opt/freesurfer/average/711-2C_as_mni_average_305 /opt/freesurfer/average/711-2B_as_mni_average_305_mask talsrcimg_g11 none talsrcimg_to_711-2C_as_mni_average_305_t4 3335
---------------------------------------------------------------------

freesurfer imgreg_4dfp.c
/opt/freesurfer/average/711-2C_as_mni_average_305.4dfp.img
       256       256       256         1
  1.000000  1.000000  1.000000
orientation T byte_order littleendian
Reading image: /opt/freesurfer/average/711-2C_as_mni_average_305.4dfp.img
dimensions:      256       256       256
mmppix:       1.0000   -1.0000   -1.0000
center:     128.0000 -129.0000 -129.0000
/opt/freesurfer/average/711-2B_as_mni_average_305_mask.4dfp.img
       256       256       256         1
  1.000000  1.000000  1.000000
orientation T byte_order littleendian
Reading mask: /opt/freesurfer/average/711-2B_as_mni_average_305_mask.4dfp.img (2306576 pixels)
talsrcimg_g11.4dfp.img
       256       256       256         1
  1.000000  1.000000  1.000000
orientation T byte_order littleendian
Reading image: talsrcimg_g11.4dfp.img
dimensions:      256       256       256
mmppix:       1.0000   -1.0000   -1.0000
center:     128.0000 -129.0000 -129.0000
fimgreg.f
image alignment mode   3335 decimal      D07 hex
parameters
    0.4125   15.8303   -5.7535   -0.0816   -4.8922   -4.8275
   -3.9788    0.6906    3.5751   30.6874   -1.8778  -30.6377
eta,q 0.96041 15.83920
niter,ni,del,rscale     5    3    5.0000    1.2000
parameter  4  1.129128 ->  0.500000 qaram    1.1500
parameter  5  2.451451 ->  0.500000 qaram    1.1500
parameter  6  1.376514 ->  0.500000 qaram    1.1500
parameter 10  0.625727 ->  0.500000 qaram    1.1500
parameter 12 -0.713016 -> -0.500000 qaram    1.1500
parameters
    0.7336   16.3033   -5.7995   -4.2216   -9.0322   -8.9675
   -4.4509    4.1789    4.7765   26.5474   -0.7717  -26.4977
eta,q 0.97349 15.35041
  0.0425  0.0415  0.0408  0.0363  0.0317  0.0282  0.0314  0.0359  0.0306  0.0280  0.0292  0.0307
  0.0411  0.0406  0.0400  0.0366  0.0331  0.0292  0.0303  0.0335  0.0296  0.0273  0.0283  0.0293
  0.0401  0.0399  0.0396  0.0376  0.0348  0.0310  0.0297  0.0314  0.0289  0.0275  0.0276  0.0281
  0.0396  0.0395  0.0394  0.0394  0.0368  0.0335  0.0297  0.0296  0.0285  0.0285  0.0272  0.0272
  0.0396  0.0394  0.0396  0.0420  0.0391  0.0367  0.0300  0.0286  0.0285  0.0301  0.0273  0.0267
  0.0402  0.0397  0.0401  0.0450  0.0416  0.0404  0.0308  0.0287  0.0289  0.0322  0.0276  0.0265
  0.0413  0.0404  0.0409  0.0480  0.0445  0.0449  0.0317  0.0300  0.0296  0.0345  0.0283  0.0266
niter,ni,del,rscale     7    3    5.0000    1.2000
parameter  5  0.760411 ->  0.500000 qaram    1.3225
parameter  6  0.512424 ->  0.500000 qaram    1.3225
parameters
    0.7578   16.5033   -5.6703   -6.3371  -13.7932  -13.7285
   -4.8847    3.5949    4.4923   25.9697   -2.7164  -24.4114
eta,q 0.97606 14.63155
  0.0301  0.0291  0.0286  0.0288  0.0250  0.0246  0.0261  0.0273  0.0258  0.0267  0.0246  0.0265
  0.0282  0.0278  0.0275  0.0275  0.0249  0.0242  0.0250  0.0255  0.0248  0.0252  0.0242  0.0254
  0.0269  0.0269  0.0268  0.0265  0.0253  0.0242  0.0243  0.0244  0.0243  0.0244  0.0241  0.0246
  0.0265  0.0265  0.0265  0.0265  0.0264  0.0249  0.0242  0.0242  0.0241  0.0241  0.0241  0.0241
  0.0269  0.0266  0.0266  0.0279  0.0280  0.0268  0.0245  0.0248  0.0244  0.0245  0.0244  0.0240
  0.0281  0.0272  0.0272  0.0304  0.0301  0.0300  0.0254  0.0262  0.0250  0.0257  0.0250  0.0242
  0.0299  0.0284  0.0282  0.0336  0.0328  0.0343  0.0266  0.0285  0.0261  0.0277  0.0257  0.0249
niter,ni,del,rscale     7    3    5.0000    1.2000
parameters
    0.8090   16.5795   -5.9362   -6.2331  -14.9609  -15.1543
   -5.1487    3.7642    4.5375   25.1545   -3.3138  -24.4080
eta,q 0.97615 14.44009
  0.0272  0.0263  0.0251  0.0272  0.0262  0.0264  0.0260  0.0277  0.0257  0.0261  0.0247  0.0254
  0.0255  0.0251  0.0244  0.0258  0.0248  0.0249  0.0248  0.0257  0.0247  0.0246  0.0242  0.0246
  0.0244  0.0242  0.0240  0.0247  0.0241  0.0241  0.0241  0.0244  0.0241  0.0239  0.0239  0.0240
  0.0239  0.0239  0.0239  0.0239  0.0239  0.0239  0.0239  0.0239  0.0239  0.0239  0.0239  0.0239
  0.0243  0.0241  0.0242  0.0241  0.0245  0.0243  0.0243  0.0243  0.0241  0.0243  0.0240  0.0240
  0.0253  0.0249  0.0248  0.0253  0.0258  0.0261  0.0251  0.0255  0.0247  0.0254  0.0244  0.0246
  0.0269  0.0261  0.0258  0.0275  0.0278  0.0294  0.0263  0.0274  0.0256  0.0272  0.0251  0.0254
niter,ni,del,rscale     6    3    5.0000    1.2000
parameters
    0.8300   16.6885   -6.0794   -6.2270  -15.1125  -15.5462
   -5.2255    3.8022    4.5367   25.1933   -3.5397  -24.5173
eta,q 0.97616 14.40752
  0.0270  0.0262  0.0251  0.0270  0.0267  0.0270  0.0260  0.0276  0.0256  0.0266  0.0248  0.0253
  0.0253  0.0250  0.0244  0.0256  0.0251  0.0253  0.0248  0.0256  0.0247  0.0249  0.0243  0.0245
  0.0242  0.0242  0.0240  0.0246  0.0241  0.0242  0.0241  0.0243  0.0240  0.0240  0.0239  0.0240
  0.0238  0.0239  0.0238  0.0238  0.0238  0.0238  0.0238  0.0238  0.0238  0.0238  0.0238  0.0238
  0.0242  0.0240  0.0241  0.0240  0.0242  0.0241  0.0241  0.0243  0.0241  0.0241  0.0240  0.0240
  0.0252  0.0247  0.0246  0.0253  0.0252  0.0253  0.0249  0.0255  0.0247  0.0250  0.0243  0.0246
  0.0269  0.0258  0.0255  0.0274  0.0269  0.0279  0.0261  0.0275  0.0256  0.0265  0.0249  0.0254
niter,ni,del,rscale     5    3    5.0000    1.2000
parameters
    0.8348   16.7121   -6.1695   -6.2198  -15.1590  -15.6598
   -5.2515    3.8173    4.5571   25.2421   -3.6178  -24.5904
eta,q 0.97616 14.39984
  0.0269  0.0260  0.0252  0.0270  0.0267  0.0272  0.0261  0.0275  0.0257  0.0266  0.0248  0.0253
  0.0253  0.0249  0.0244  0.0256  0.0251  0.0254  0.0248  0.0256  0.0247  0.0249  0.0243  0.0245
  0.0242  0.0241  0.0240  0.0246  0.0242  0.0242  0.0241  0.0243  0.0240  0.0240  0.0239  0.0240
  0.0238  0.0238  0.0238  0.0238  0.0238  0.0238  0.0238  0.0238  0.0238  0.0238  0.0238  0.0238
  0.0242  0.0241  0.0240  0.0240  0.0241  0.0241  0.0241  0.0243  0.0241  0.0241  0.0240  0.0240
  0.0253  0.0248  0.0245  0.0253  0.0251  0.0252  0.0249  0.0256  0.0247  0.0250  0.0243  0.0246
  0.0269  0.0260  0.0254  0.0274  0.0268  0.0276  0.0261  0.0275  0.0256  0.0264  0.0249  0.0254
niter,ni,del,rscale     4    3    5.0000    1.2000
parameters
    0.8353   16.7188   -6.2008   -6.2169  -15.1778  -15.6920
   -5.2662    3.8211    4.5757   25.2648   -3.6489  -24.6177
eta,q 0.97615 14.39768
  0.0269  0.0260  0.0252  0.0270  0.0267  0.0272  0.0261  0.0275  0.0256  0.0266  0.0248  0.0253
  0.0252  0.0248  0.0245  0.0256  0.0251  0.0254  0.0249  0.0256  0.0247  0.0249  0.0243  0.0245
  0.0242  0.0241  0.0240  0.0246  0.0242  0.0242  0.0241  0.0243  0.0240  0.0240  0.0239  0.0240
  0.0238  0.0238  0.0238  0.0238  0.0238  0.0238  0.0238  0.0238  0.0238  0.0238  0.0238  0.0238
  0.0242  0.0241  0.0240  0.0240  0.0241  0.0241  0.0241  0.0243  0.0241  0.0242  0.0240  0.0240
  0.0253  0.0248  0.0245  0.0253  0.0251  0.0251  0.0249  0.0256  0.0247  0.0250  0.0243  0.0246
  0.0269  0.0260  0.0253  0.0274  0.0268  0.0276  0.0260  0.0275  0.0256  0.0264  0.0248  0.0254
niter,ni,del,rscale     3    3    5.0000    1.2000
parameters
    0.8354   16.7211   -6.2124   -6.2132  -15.1802  -15.7018
   -5.2725    3.8211    4.5791   25.2717   -3.6508  -24.6221
eta,q 0.97616 14.39741
  0.0269  0.0260  0.0252  0.0270  0.0267  0.0273  0.0261  0.0275  0.0256  0.0266  0.0248  0.0254
  0.0252  0.0248  0.0245  0.0256  0.0251  0.0254  0.0249  0.0256  0.0247  0.0249  0.0243  0.0246
  0.0242  0.0241  0.0240  0.0246  0.0242  0.0242  0.0241  0.0243  0.0240  0.0240  0.0240  0.0240
  0.0238  0.0238  0.0238  0.0238  0.0238  0.0238  0.0238  0.0238  0.0238  0.0238  0.0238  0.0238
  0.0242  0.0241  0.0240  0.0240  0.0241  0.0241  0.0241  0.0243  0.0241  0.0242  0.0240  0.0240
  0.0253  0.0248  0.0245  0.0253  0.0251  0.0251  0.0249  0.0256  0.0247  0.0250  0.0243  0.0245
  0.0269  0.0260  0.0253  0.0274  0.0268  0.0275  0.0260  0.0275  0.0256  0.0265  0.0248  0.0254
registration optimization eta report
parameter search radius
    2.4000    2.4000    2.4000    8.2800    9.5220    9.5220
    7.2000    7.2000    7.2000    8.2800    7.2000    8.2800
100000*second partial in parameter space
       53.       37.       25.        5.        3.        4.
        4.        7.        3.        4.        2.        2.
  0.0269  0.0260  0.0252  0.0270  0.0267  0.0273  0.0261  0.0275  0.0256  0.0266  0.0248  0.0254
  0.0252  0.0248  0.0245  0.0256  0.0251  0.0254  0.0249  0.0256  0.0247  0.0249  0.0243  0.0246
  0.0242  0.0241  0.0240  0.0246  0.0242  0.0242  0.0241  0.0243  0.0240  0.0240  0.0240  0.0240
  0.0238  0.0238  0.0238  0.0238  0.0238  0.0238  0.0238  0.0238  0.0238  0.0238  0.0238  0.0238
  0.0242  0.0241  0.0240  0.0240  0.0241  0.0241  0.0241  0.0243  0.0241  0.0242  0.0240  0.0240
  0.0253  0.0248  0.0245  0.0253  0.0251  0.0251  0.0249  0.0256  0.0247  0.0250  0.0243  0.0245
  0.0269  0.0260  0.0253  0.0274  0.0268  0.0275  0.0260  0.0275  0.0256  0.0265  0.0248  0.0254
    0.8354   16.7211   -6.2124   -6.2132  -15.1802  -15.7018
   -5.2725    3.8211    4.5791   25.2717   -3.6508  -24.6221
eta,q 0.97616 14.39741

---------------------------------------------------------------------
imgreg_4dfp /opt/freesurfer/average/711-2C_as_mni_average_305 /opt/freesurfer/average/711-2B_as_mni_average_305_mask talsrcimg_g11 none talsrcimg_to_711-2C_as_mni_average_305_t4 2311
---------------------------------------------------------------------

freesurfer imgreg_4dfp.c
/opt/freesurfer/average/711-2C_as_mni_average_305.4dfp.img
       256       256       256         1
  1.000000  1.000000  1.000000
orientation T byte_order littleendian
Reading image: /opt/freesurfer/average/711-2C_as_mni_average_305.4dfp.img
dimensions:      256       256       256
mmppix:       1.0000   -1.0000   -1.0000
center:     128.0000 -129.0000 -129.0000
/opt/freesurfer/average/711-2B_as_mni_average_305_mask.4dfp.img
       256       256       256         1
  1.000000  1.000000  1.000000
orientation T byte_order littleendian
Reading mask: /opt/freesurfer/average/711-2B_as_mni_average_305_mask.4dfp.img (2306576 pixels)
talsrcimg_g11.4dfp.img
       256       256       256         1
  1.000000  1.000000  1.000000
orientation T byte_order littleendian
Reading image: talsrcimg_g11.4dfp.img
dimensions:      256       256       256
mmppix:       1.0000   -1.0000   -1.0000
center:     128.0000 -129.0000 -129.0000
fimgreg.f
image alignment mode   2311 decimal      907 hex
parameters
    0.8354   16.7211   -6.2124   -6.2132  -15.1802  -15.7018
   -5.2725    3.8211    4.5791   25.2717   -3.6508  -24.6221
eta,q 0.97615 14.39741
niter,ni,del,rscale     5    3    5.0000    0.8000
parameters
    0.8283   16.7298   -6.1892   -5.6080  -15.1560  -15.2895
   -5.2391    3.8784    4.5198   25.2962   -3.3903  -24.5130
eta,q 0.97621 14.46127
  0.0252  0.0248  0.0245  0.0253  0.0245  0.0247  0.0248  0.0256  0.0246  0.0246  0.0243  0.0244
  0.0245  0.0243  0.0241  0.0247  0.0241  0.0242  0.0243  0.0246  0.0241  0.0241  0.0240  0.0241
  0.0240  0.0240  0.0239  0.0242  0.0239  0.0239  0.0239  0.0240  0.0239  0.0238  0.0239  0.0239
  0.0238  0.0238  0.0238  0.0238  0.0238  0.0238  0.0238  0.0238  0.0238  0.0238  0.0238  0.0238
  0.0240  0.0240  0.0239  0.0238  0.0239  0.0239  0.0239  0.0240  0.0239  0.0239  0.0238  0.0238
  0.0245  0.0243  0.0241  0.0242  0.0241  0.0240  0.0242  0.0246  0.0242  0.0241  0.0240  0.0240
  0.0253  0.0248  0.0245  0.0249  0.0245  0.0244  0.0248  0.0255  0.0246  0.0246  0.0242  0.0243
niter,ni,del,rscale     4    3    5.0000    0.7000
parameters
    0.8371   16.7152   -6.1248   -5.5080  -15.1149  -15.1359
   -5.1939    3.8815    4.4846   25.2860   -3.2926  -24.4603
eta,q 0.97622 14.47875
  0.0249  0.0245  0.0243  0.0249  0.0243  0.0244  0.0246  0.0251  0.0244  0.0244  0.0242  0.0242
  0.0243  0.0241  0.0240  0.0244  0.0240  0.0240  0.0241  0.0244  0.0241  0.0240  0.0240  0.0240
  0.0239  0.0239  0.0239  0.0240  0.0238  0.0238  0.0239  0.0239  0.0238  0.0238  0.0238  0.0238
  0.0238  0.0238  0.0238  0.0238  0.0238  0.0238  0.0238  0.0238  0.0238  0.0238  0.0238  0.0238
  0.0239  0.0239  0.0238  0.0239  0.0238  0.0238  0.0239  0.0239  0.0239  0.0239  0.0238  0.0238
  0.0243  0.0241  0.0240  0.0242  0.0240  0.0240  0.0241  0.0244  0.0241  0.0240  0.0239  0.0240
  0.0249  0.0245  0.0242  0.0249  0.0243  0.0243  0.0246  0.0251  0.0244  0.0244  0.0241  0.0242
niter,ni,del,rscale     3    3    5.0000    0.6000
parameters
    0.8375   16.7102   -6.0913   -5.4298  -15.0903  -15.0994
   -5.1669    3.8782    4.4625   25.2400   -3.2385  -24.3982
eta,q 0.97622 14.48470
  0.0246  0.0243  0.0242  0.0246  0.0242  0.0242  0.0244  0.0248  0.0242  0.0242  0.0240  0.0241
  0.0241  0.0240  0.0240  0.0242  0.0240  0.0240  0.0240  0.0242  0.0240  0.0239  0.0239  0.0239
  0.0239  0.0238  0.0238  0.0239  0.0238  0.0238  0.0238  0.0239  0.0238  0.0238  0.0238  0.0238
  0.0238  0.0238  0.0238  0.0238  0.0238  0.0238  0.0238  0.0238  0.0238  0.0238  0.0238  0.0238
  0.0239  0.0238  0.0238  0.0238  0.0238  0.0238  0.0238  0.0239  0.0238  0.0238  0.0238  0.0238
  0.0241  0.0240  0.0239  0.0241  0.0239  0.0240  0.0240  0.0242  0.0240  0.0240  0.0239  0.0239
  0.0246  0.0243  0.0241  0.0246  0.0242  0.0242  0.0244  0.0248  0.0243  0.0242  0.0240  0.0241
niter,ni,del,rscale     2    3    5.0000    0.5000
parameters
    0.8355   16.7127   -6.0822   -5.3692  -15.0950  -15.1340
   -5.1623    3.8707    4.4520   25.1571   -3.2359  -24.3628
eta,q 0.97622 14.48223
  0.0244  0.0242  0.0240  0.0244  0.0241  0.0241  0.0242  0.0245  0.0241  0.0240  0.0240  0.0240
  0.0240  0.0240  0.0239  0.0241  0.0239  0.0239  0.0240  0.0241  0.0239  0.0239  0.0239  0.0239
  0.0238  0.0238  0.0238  0.0239  0.0238  0.0238  0.0238  0.0239  0.0238  0.0238  0.0238  0.0238
  0.0238  0.0238  0.0238  0.0238  0.0238  0.0238  0.0238  0.0238  0.0238  0.0238  0.0238  0.0238
  0.0238  0.0238  0.0238  0.0238  0.0238  0.0238  0.0238  0.0239  0.0238  0.0238  0.0238  0.0238
  0.0240  0.0239  0.0239  0.0240  0.0239  0.0239  0.0240  0.0241  0.0239  0.0239  0.0239  0.0239
  0.0244  0.0242  0.0240  0.0244  0.0241  0.0241  0.0242  0.0245  0.0241  0.0241  0.0240  0.0240
niter,ni,del,rscale     1    3    5.0000    0.4000
parameters
    0.8352   16.7113   -6.0754   -5.3257  -15.1191  -15.2129
   -5.1687    3.8570    4.4326   25.0508   -3.2216  -24.3220
eta,q 0.97623 14.47339
  0.0241  0.0240  0.0239  0.0242  0.0239  0.0239  0.0240  0.0242  0.0240  0.0239  0.0239  0.0239
  0.0239  0.0239  0.0239  0.0240  0.0238  0.0238  0.0239  0.0240  0.0239  0.0238  0.0238  0.0238
  0.0238  0.0238  0.0238  0.0238  0.0238  0.0238  0.0238  0.0238  0.0238  0.0238  0.0238  0.0238
  0.0238  0.0238  0.0238  0.0238  0.0238  0.0238  0.0238  0.0238  0.0238  0.0238  0.0238  0.0238
  0.0238  0.0238  0.0238  0.0238  0.0238  0.0238  0.0238  0.0238  0.0238  0.0238  0.0238  0.0238
  0.0239  0.0239  0.0238  0.0239  0.0239  0.0239  0.0239  0.0240  0.0239  0.0239  0.0238  0.0238
  0.0241  0.0240  0.0239  0.0242  0.0240  0.0240  0.0240  0.0242  0.0240  0.0240  0.0239  0.0239
registration optimization eta report
parameter search radius
    0.8000    0.8000    0.8000    2.4000    2.4000    2.4000
    2.4000    2.4000    2.4000    2.4000    2.4000    2.4000
100000*second partial in parameter space
       57.       38.       26.        7.        3.        3.
        5.        8.        4.        3.        2.        2.
  0.0241  0.0240  0.0239  0.0242  0.0239  0.0239  0.0240  0.0242  0.0240  0.0239  0.0239  0.0239
  0.0239  0.0239  0.0239  0.0240  0.0238  0.0238  0.0239  0.0240  0.0239  0.0238  0.0238  0.0238
  0.0238  0.0238  0.0238  0.0238  0.0238  0.0238  0.0238  0.0238  0.0238  0.0238  0.0238  0.0238
  0.0238  0.0238  0.0238  0.0238  0.0238  0.0238  0.0238  0.0238  0.0238  0.0238  0.0238  0.0238
  0.0238  0.0238  0.0238  0.0238  0.0238  0.0238  0.0238  0.0238  0.0238  0.0238  0.0238  0.0238
  0.0239  0.0239  0.0238  0.0239  0.0239  0.0239  0.0239  0.0240  0.0239  0.0239  0.0238  0.0238
  0.0241  0.0240  0.0239  0.0242  0.0240  0.0240  0.0240  0.0242  0.0240  0.0240  0.0239  0.0239
    0.8352   16.7113   -6.0754   -5.3257  -15.1191  -15.2129
   -5.1687    3.8570    4.4326   25.0508   -3.2216  -24.3220
eta,q 0.97623 14.47339

---------------------------------------------------------------------
imgreg_4dfp /opt/freesurfer/average/711-2C_as_mni_average_305 /opt/freesurfer/average/711-2B_as_mni_average_305_mask talsrcimg_g11 none talsrcimg_to_711-2C_as_mni_average_305_t4 2311
---------------------------------------------------------------------

freesurfer imgreg_4dfp.c
/opt/freesurfer/average/711-2C_as_mni_average_305.4dfp.img
       256       256       256         1
  1.000000  1.000000  1.000000
orientation T byte_order littleendian
Reading image: /opt/freesurfer/average/711-2C_as_mni_average_305.4dfp.img
dimensions:      256       256       256
mmppix:       1.0000   -1.0000   -1.0000
center:     128.0000 -129.0000 -129.0000
/opt/freesurfer/average/711-2B_as_mni_average_305_mask.4dfp.img
       256       256       256         1
  1.000000  1.000000  1.000000
orientation T byte_order littleendian
Reading mask: /opt/freesurfer/average/711-2B_as_mni_average_305_mask.4dfp.img (2306576 pixels)
talsrcimg_g11.4dfp.img
       256       256       256         1
  1.000000  1.000000  1.000000
orientation T byte_order littleendian
Reading image: talsrcimg_g11.4dfp.img
dimensions:      256       256       256
mmppix:       1.0000   -1.0000   -1.0000
center:     128.0000 -129.0000 -129.0000
fimgreg.f
image alignment mode   2311 decimal      907 hex
parameters
    0.8352   16.7113   -6.0754   -5.3257  -15.1191  -15.2129
   -5.1687    3.8570    4.4326   25.0508   -3.2216  -24.3220
eta,q 0.97623 14.47338
niter,ni,del,rscale     5    3    5.0000    0.8000
parameters
    0.8380   16.6986   -6.1036   -5.5752  -15.1137  -15.2012
   -5.1610    3.8735    4.4754   25.2395   -3.3041  -24.4437
eta,q 0.97622 14.46838
  0.0252  0.0247  0.0244  0.0250  0.0245  0.0246  0.0248  0.0255  0.0246  0.0247  0.0242  0.0243
  0.0244  0.0242  0.0241  0.0244  0.0241  0.0241  0.0242  0.0246  0.0242  0.0241  0.0240  0.0240
  0.0239  0.0239  0.0238  0.0240  0.0239  0.0238  0.0239  0.0240  0.0239  0.0239  0.0238  0.0238
  0.0238  0.0238  0.0238  0.0238  0.0238  0.0238  0.0238  0.0238  0.0238  0.0238  0.0238  0.0238
  0.0239  0.0239  0.0238  0.0239  0.0239  0.0239  0.0239  0.0240  0.0239  0.0239  0.0238  0.0239
  0.0244  0.0242  0.0241  0.0245  0.0241  0.0241  0.0242  0.0246  0.0242  0.0241  0.0240  0.0240
  0.0252  0.0248  0.0245  0.0254  0.0245  0.0245  0.0248  0.0255  0.0246  0.0245  0.0243  0.0244
niter,ni,del,rscale     4    3    5.0000    0.7000
parameters
    0.8370   16.7115   -6.1014   -5.5040  -15.0944  -15.1184
   -5.1681    3.8813    4.4714   25.2731   -3.2772  -24.4432
eta,q 0.97622 14.48079
  0.0249  0.0245  0.0243  0.0249  0.0243  0.0244  0.0246  0.0251  0.0244  0.0244  0.0241  0.0242
  0.0243  0.0241  0.0240  0.0244  0.0240  0.0240  0.0241  0.0244  0.0241  0.0240  0.0239  0.0240
  0.0239  0.0239  0.0238  0.0240  0.0238  0.0238  0.0239  0.0239  0.0239  0.0238  0.0238  0.0238
  0.0238  0.0238  0.0238  0.0238  0.0238  0.0238  0.0238  0.0238  0.0238  0.0238  0.0238  0.0238
  0.0239  0.0239  0.0238  0.0239  0.0238  0.0238  0.0239  0.0239  0.0239  0.0239  0.0238  0.0238
  0.0243  0.0241  0.0240  0.0242  0.0240  0.0240  0.0241  0.0244  0.0241  0.0240  0.0239  0.0240
  0.0249  0.0245  0.0243  0.0249  0.0243  0.0243  0.0246  0.0251  0.0244  0.0244  0.0241  0.0242
niter,ni,del,rscale     3    3    5.0000    0.6000
parameters
    0.8398   16.7126   -6.0843   -5.4279  -15.0931  -15.0858
   -5.1628    3.8767    4.4638   25.2516   -3.2405  -24.4009
eta,q 0.97622 14.48599
  0.0246  0.0243  0.0242  0.0246  0.0242  0.0242  0.0244  0.0248  0.0242  0.0242  0.0240  0.0241
  0.0242  0.0240  0.0240  0.0242  0.0240  0.0240  0.0240  0.0242  0.0240  0.0239  0.0239  0.0239
  0.0239  0.0239  0.0238  0.0239  0.0238  0.0238  0.0238  0.0239  0.0238  0.0238  0.0238  0.0238
  0.0238  0.0238  0.0238  0.0238  0.0238  0.0238  0.0238  0.0238  0.0238  0.0238  0.0238  0.0238
  0.0239  0.0238  0.0238  0.0238  0.0238  0.0238  0.0238  0.0239  0.0238  0.0238  0.0238  0.0238
  0.0241  0.0240  0.0239  0.0241  0.0240  0.0240  0.0240  0.0242  0.0240  0.0240  0.0239  0.0239
  0.0246  0.0243  0.0241  0.0246  0.0242  0.0242  0.0244  0.0248  0.0242  0.0242  0.0240  0.0241
niter,ni,del,rscale     2    3    5.0000    0.5000
parameters
    0.8364   16.7105   -6.0753   -5.3641  -15.1050  -15.1040
   -5.1570    3.8684    4.4529   25.1780   -3.2350  -24.3664
eta,q 0.97623 14.48452
  0.0243  0.0242  0.0240  0.0244  0.0241  0.0241  0.0242  0.0245  0.0241  0.0241  0.0240  0.0240
  0.0240  0.0239  0.0239  0.0241  0.0239  0.0239  0.0240  0.0241  0.0239  0.0239  0.0239  0.0239
  0.0238  0.0238  0.0238  0.0239  0.0238  0.0238  0.0238  0.0239  0.0238  0.0238  0.0238  0.0238
  0.0238  0.0238  0.0238  0.0238  0.0238  0.0238  0.0238  0.0238  0.0238  0.0238  0.0238  0.0238
  0.0238  0.0238  0.0238  0.0238  0.0238  0.0238  0.0238  0.0239  0.0238  0.0238  0.0238  0.0238
  0.0240  0.0240  0.0239  0.0240  0.0239  0.0239  0.0240  0.0241  0.0239  0.0239  0.0239  0.0239
  0.0244  0.0242  0.0240  0.0244  0.0240  0.0240  0.0242  0.0245  0.0241  0.0241  0.0240  0.0240
niter,ni,del,rscale     1    3    5.0000    0.4000
parameters
    0.8365   16.7122   -6.0725   -5.3260  -15.1108  -15.2054
   -5.1670    3.8647    4.4331   25.0489   -3.2320  -24.3395
eta,q 0.97623 14.47469
  0.0241  0.0240  0.0239  0.0242  0.0239  0.0239  0.0240  0.0242  0.0240  0.0239  0.0239  0.0239
  0.0239  0.0239  0.0239  0.0240  0.0239  0.0238  0.0239  0.0240  0.0239  0.0238  0.0238  0.0238
  0.0238  0.0238  0.0238  0.0238  0.0238  0.0238  0.0238  0.0238  0.0238  0.0238  0.0238  0.0238
  0.0238  0.0238  0.0238  0.0238  0.0238  0.0238  0.0238  0.0238  0.0238  0.0238  0.0238  0.0238
  0.0238  0.0238  0.0238  0.0238  0.0238  0.0238  0.0238  0.0238  0.0238  0.0238  0.0238  0.0238
  0.0239  0.0239  0.0239  0.0239  0.0239  0.0239  0.0239  0.0240  0.0239  0.0239  0.0238  0.0238
  0.0241  0.0240  0.0239  0.0242  0.0239  0.0240  0.0240  0.0242  0.0240  0.0240  0.0239  0.0239
registration optimization eta report
parameter search radius
    0.8000    0.8000    0.8000    2.4000    2.4000    2.4000
    2.4000    2.4000    2.4000    2.4000    2.4000    2.4000
100000*second partial in parameter space
       58.       38.       26.        7.        3.        3.
        4.        8.        4.        3.        2.        2.
  0.0241  0.0240  0.0239  0.0242  0.0239  0.0239  0.0240  0.0242  0.0240  0.0239  0.0239  0.0239
  0.0239  0.0239  0.0239  0.0240  0.0239  0.0238  0.0239  0.0240  0.0239  0.0238  0.0238  0.0238
  0.0238  0.0238  0.0238  0.0238  0.0238  0.0238  0.0238  0.0238  0.0238  0.0238  0.0238  0.0238
  0.0238  0.0238  0.0238  0.0238  0.0238  0.0238  0.0238  0.0238  0.0238  0.0238  0.0238  0.0238
  0.0238  0.0238  0.0238  0.0238  0.0238  0.0238  0.0238  0.0238  0.0238  0.0238  0.0238  0.0238
  0.0239  0.0239  0.0239  0.0239  0.0239  0.0239  0.0239  0.0240  0.0239  0.0239  0.0238  0.0238
  0.0241  0.0240  0.0239  0.0242  0.0239  0.0240  0.0240  0.0242  0.0240  0.0240  0.0239  0.0239
    0.8365   16.7122   -6.0725   -5.3260  -15.1108  -15.2054
   -5.1670    3.8647    4.4331   25.0489   -3.2320  -24.3395
eta,q 0.97623 14.47469

---------------------------------------------------------------------
compute_vox2vox talsrcimg talsrcimg_to_711-2C_as_mni_average_305_t4 /opt/freesurfer/average/711-2C_as_mni_average_305
---------------------------------------------------------------------

freesurfer compute_vox2vox.c
Reading: talsrcimg.4dfp.ifh
Reading: talsrcimg_to_711-2C_as_mni_average_305_t4
Reading: /opt/freesurfer/average/711-2C_as_mni_average_305.4dfp.ifh
Writing: talsrcimg_to_711-2C_as_mni_average_305_t4_vox2vox.txt

start time Sun Mar 15 08:14:34 CET 2026
end		time Sun Mar 15 08:14:48 CET 2026

mpr2mni305 success

avi2talxfm orig_nu.mgz /opt/freesurfer/average/mni305.cor.mgz talsrcimg_to_711-2C_as_mni_average_305_t4_vox2vox.txt transforms/talairach.auto.xfm
avi2talxfm done
mv -f /out/sourcedata/freesurfer/sub-v2s10x28937_ses-1/mri/talsrcimg_to_711-2C_as_mni_average_305_t4_vox2vox.txt /out/sourcedata/freesurfer/sub-v2s10x28937_ses-1/mri/transforms/talsrcimg_to_711-2C_as_mni_average_305_t4_vox2vox.txt
lta_convert --src orig_nu.mgz --trg /opt/freesurfer/average/mni305.cor.mgz --inxfm transforms/talairach.auto.xfm --outlta transforms/talairach.auto.xfm.lta --subject fsaverage
7.3.2

--src: orig_nu.mgz src image (geometry).
--trg: /opt/freesurfer/average/mni305.cor.mgz trg image (geometry).
--inmni: transforms/talairach.auto.xfm input MNI/XFM transform.
--outlta: transforms/talairach.auto.xfm.lta output LTA.
--s: fsaverage subject name
 LTA read, type : 1
 1.05198  -0.06164   0.04636   4.70500;
 0.02243   1.08592   0.31272  -14.37071;
-0.06155  -0.31721   1.08331   5.86127;
 0.00000   0.00000   0.00000   1.00000;
setting subject to fsaverage
Writing  LTA to file transforms/talairach.auto.xfm.lta...
lta_convert successful.
 
 
Started at Sun Mar 15 08:14:33 CET 2026
Ended   at Sun Mar 15 08:14:48 CET 2026
talairach_avi done
