/out/sourcedata/freesurfer/sub-v2s10x28955_ses-1/mri
/opt/freesurfer/bin/talairach_avi
--i orig_nu.mgz --xfm transforms/talairach.auto.xfm
talairach_avi 7.3.2
Linux dna080 5.14.0-427.37.1.el9_4.x86_64 #1 SMP PREEMPT_DYNAMIC Fri Sep 13 12:41:50 EDT 2024 x86_64 x86_64 x86_64 GNU/Linux
Sun Mar 15 08:14:14 CET 2026
mri_convert orig_nu.mgz talsrcimg.img 
reading from orig_nu.mgz...
TR=0.00, TE=0.00, TI=0.00, flip angle=0.00
i_ras = (-1, 1.65892e-09, 3.72529e-09)
j_ras = (3.72529e-09, 0, -1)
k_ras = (-9.1386e-09, 1, 0)
writing to talsrcimg.img...
Analyze Output Matrix
-1.00000   0.00000  -0.00000   130.82559;
 0.00000   0.00000   1.00000  -110.20978;
 0.00000  -1.00000   0.00000   110.87981;
 0.00000   0.00000   0.00000   1.00000;
--------------------
INFO: set hdr.hist.orient to -1
mpr2mni305 talsrcimg
Sun Mar 15 08:14:15 CET 2026
/opt/freesurfer/bin/mpr2mni305 talsrcimg
mpr2mni305 7.3.2
target=711-2C_as_mni_average_305

---------------------------------------------------------------------
analyzeto4dfp talsrcimg -O0 -y
---------------------------------------------------------------------

freesurfer ifh2hdr.c
Sun Mar 15 08:14:15 2026
Writing: talsrcimg.4dfp.hdr
freesurfer analyzeto4dfp.c
Reading: talsrcimg.hdr
header size 348 bytes
hdr.dime.datatype	offset=70	value=2
hdr.dime.bitpix		offset=72	value=8
hdr.hist.orient		offset=252	value=-1
dimensionality     4
dimensions       256       256       256         1
Reading: talsrcimg.img
Writing: talsrcimg.4dfp.img
Writing: talsrcimg.4dfp.ifh
ifh2hdr talsrcimg -r0to232
ori=2

---------------------------------------------------------------------
gauss_4dfp talsrcimg 1.1
---------------------------------------------------------------------

freesurfer gauss_4dfp.c
Reading: talsrcimg.4dfp.img
Writing: talsrcimg_g11.4dfp.img
image dimensions 256 256 256 padded to 288 288 288
processing volume 1freesurfer ifh2hdr.c
Sun Mar 15 08:14:16 2026
Writing: talsrcimg_g11.4dfp.hdr

Writing: talsrcimg_g11.4dfp.ifh
including: talsrcimg.4dfp.img.rec in talsrcimg_g11.4dfp.img.rec

---------------------------------------------------------------------
imgreg_4dfp /opt/freesurfer/average/711-2C_as_mni_average_305 none talsrcimg_g11 none talsrcimg_to_711-2C_as_mni_average_305_t4 4355
---------------------------------------------------------------------

freesurfer imgreg_4dfp.c
/opt/freesurfer/average/711-2C_as_mni_average_305.4dfp.img
       256       256       256         1
  1.000000  1.000000  1.000000
orientation T byte_order littleendian
Reading image: /opt/freesurfer/average/711-2C_as_mni_average_305.4dfp.img
dimensions:      256       256       256
mmppix:       1.0000   -1.0000   -1.0000
center:     128.0000 -129.0000 -129.0000
talsrcimg_g11.4dfp.img
       256       256       256         1
  1.000000  1.000000  1.000000
orientation T byte_order littleendian
Reading image: talsrcimg_g11.4dfp.img
dimensions:      256       256       256
mmppix:       1.0000   -1.0000   -1.0000
center:     128.0000 -129.0000 -129.0000
t4_read: open error in t4_sub.f l:  41 t4_file(1:l)talsrcimg_to_711-2C_as_mni_average_305_t4 
t4_read: transform initialized to I4
rotation matrix determinant  1.000000
image alignment mode   4355 decimal     1103 hex
   -7.5000  -45.0000  -45.0000 6816.8584   14.4843
    0.0000  -45.0000  -45.0000 7088.1094   14.4705
    7.5000  -45.0000  -45.0000 6783.0098   14.4829
   -7.5000  -37.5000  -45.0000 7487.2588   14.2156
    0.0000  -37.5000  -45.0000 7799.8643   14.2056
    7.5000  -37.5000  -45.0000 7439.0112   14.2167
   -7.5000  -30.0000  -45.0000 8485.9287   14.0694
    0.0000  -30.0000  -45.0000 8844.7637   14.0627
    7.5000  -30.0000  -45.0000 8422.0068   14.0716
   -7.5000  -22.5000  -45.0000 9514.6396   14.0146
    0.0000  -22.5000  -45.0000 9919.0146   14.0079
    7.5000  -22.5000  -45.0000 9442.8516   14.0145
   -7.5000  -15.0000  -45.000010503.2197   13.9949
    0.0000  -15.0000  -45.000010946.5078   13.9848
    7.5000  -15.0000  -45.000010407.3926   13.9912
   -7.5000   -7.5000  -45.000011450.4932   13.9820
    0.0000   -7.5000  -45.000011941.7109   13.9695
    7.5000   -7.5000  -45.000011340.9541   13.9785
   -7.5000    0.0000  -45.000012237.7432   13.9700
    0.0000    0.0000  -45.000012754.6953   13.9580
    7.5000    0.0000  -45.000012127.1045   13.9691
   -7.5000    7.5000  -45.000012090.9980   13.9417
    0.0000    7.5000  -45.000012624.9219   13.9322
    7.5000    7.5000  -45.000011992.0898   13.9427
   -7.5000   15.0000  -45.000011866.1602   13.9249
    0.0000   15.0000  -45.000012380.9824   13.9184
    7.5000   15.0000  -45.000011783.1924   13.9269
   -7.5000   22.5000  -45.000011536.1729   13.9359
    0.0000   22.5000  -45.000012034.9512   13.9293
    7.5000   22.5000  -45.000011470.9932   13.9358
   -7.5000   30.0000  -45.000011066.9258   13.7799
    0.0000   30.0000  -45.000011553.5820   13.7700
    7.5000   30.0000  -45.000011000.4004   13.7762
   -7.5000   37.5000  -45.000011028.5508   13.7951
    0.0000   37.5000  -45.000011503.8779   13.7828
    7.5000   37.5000  -45.000010918.4922   13.7917
   -7.5000   45.0000  -45.000010458.2461   13.4338
    0.0000   45.0000  -45.000010917.0225   13.4222
    7.5000   45.0000  -45.000010353.3037   13.4330
   -7.5000  -45.0000  -37.5000 7146.8555   14.4689
    0.0000  -45.0000  -37.5000 7451.4985   14.4568
    7.5000  -45.0000  -37.5000 7130.8159   14.4689
   -7.5000  -37.5000  -37.5000 7861.1738   14.2051
    0.0000  -37.5000  -37.5000 8218.6816   14.1970
    7.5000  -37.5000  -37.5000 7828.0864   14.2084
   -7.5000  -30.0000  -37.5000 8945.6084   14.0645
    0.0000  -30.0000  -37.5000 9340.7500   14.0590
    7.5000  -30.0000  -37.5000 8895.3770   14.0697
   -7.5000  -22.5000  -37.500010033.4980   14.0110
    0.0000  -22.5000  -37.500010477.3662   14.0051
    7.5000  -22.5000  -37.5000 9954.6719   14.0150
   -7.5000  -15.0000  -37.500011049.7930   13.9871
    0.0000  -15.0000  -37.500011529.2715   13.9784
    7.5000  -15.0000  -37.500010953.8516   13.9885
   -7.5000   -7.5000  -37.500012015.6338   13.9689
    0.0000   -7.5000  -37.500012541.8340   13.9580
    7.5000   -7.5000  -37.500011905.7852   13.9688
   -7.5000    0.0000  -37.500012837.0820   13.9557
    0.0000    0.0000  -37.500013398.8047   13.9453
    7.5000    0.0000  -37.500012741.7900   13.9564
   -7.5000    7.5000  -37.500012692.0879   13.9313
    0.0000    7.5000  -37.500013263.3838   13.9236
    7.5000    7.5000  -37.500012597.6494   13.9345
   -7.5000   15.0000  -37.500012445.0850   13.9198
    0.0000   15.0000  -37.500012984.2891   13.9144
    7.5000   15.0000  -37.500012349.8701   13.9248
   -7.5000   22.5000  -37.500012111.1143   13.9320
    0.0000   22.5000  -37.500012639.4658   13.9262
    7.5000   22.5000  -37.500012025.4102   13.9360
   -7.5000   30.0000  -37.500011607.3838   13.7721
    0.0000   30.0000  -37.500012110.5439   13.7636
    7.5000   30.0000  -37.500011516.9746   13.7735
   -7.5000   37.5000  -37.500011496.6885   13.7822
    0.0000   37.5000  -37.500011990.6309   13.7714
    7.5000   37.5000  -37.500011385.4170   13.7821
   -7.5000   45.0000  -37.500010904.1045   13.4201
    0.0000   45.0000  -37.500011379.1836   13.4101
    7.5000   45.0000  -37.500010800.8633   13.4207
   -7.5000  -45.0000  -30.0000 7623.8130   15.0577
    0.0000  -45.0000  -30.0000 7961.0884   15.0526
    7.5000  -45.0000  -30.0000 7599.2856   15.0645
   -7.5000  -37.5000  -30.0000 8408.1299   14.7871
    0.0000  -37.5000  -30.0000 8775.9170   14.7848
    7.5000  -37.5000  -30.0000 8365.3994   14.7962
   -7.5000  -30.0000  -30.0000 9577.9336   14.6465
    0.0000  -30.0000  -30.000010003.1934   14.6471
    7.5000  -30.0000  -30.0000 9521.9766   14.6595
   -7.5000  -22.5000  -30.000010716.1670   14.5919
    0.0000  -22.5000  -30.000011203.8457   14.5943
    7.5000  -22.5000  -30.000010651.5977   14.6085
   -7.5000  -15.0000  -30.000011753.5127   14.5629
    0.0000  -15.0000  -30.000012273.6582   14.5640
    7.5000  -15.0000  -30.000011680.0996   14.5791
   -7.5000   -7.5000  -30.000012767.1885   14.5394
    0.0000   -7.5000  -30.000013334.6279   14.5370
    7.5000   -7.5000  -30.000012671.7471   14.5505
   -7.5000    0.0000  -30.000013636.7725   14.5244
    0.0000    0.0000  -30.000014238.7520   14.5205
    7.5000    0.0000  -30.000013545.1104   14.5317
   -7.5000    7.5000  -30.000013468.1367   14.5026
    0.0000    7.5000  -30.000014076.5674   14.5004
    7.5000    7.5000  -30.000013353.7656   14.5112
   -7.5000   15.0000  -30.000013210.5850   14.4960
    0.0000   15.0000  -30.000013803.6953   14.4965
    7.5000   15.0000  -30.000013100.5957   14.5085
   -7.5000   22.5000  -30.000012861.5459   14.5081
    0.0000   22.5000  -30.000013465.5479   14.5105
    7.5000   22.5000  -30.000012759.8662   14.5246
   -7.5000   30.0000  -30.000012311.1631   14.3404
    0.0000   30.0000  -30.000012873.6016   14.3415
    7.5000   30.0000  -30.000012209.4043   14.3563
   -7.5000   37.5000  -30.000012126.0684   14.3464
    0.0000   37.5000  -30.000012686.7393   14.3441
    7.5000   37.5000  -30.000012027.5322   14.3573
   -7.5000   45.0000  -30.000011477.0107   13.9772
    0.0000   45.0000  -30.000012004.2588   13.9735
    7.5000   45.0000  -30.000011377.9092   13.9842
   -7.5000  -45.0000  -22.5000 8105.0605   15.5741
    0.0000  -45.0000  -22.5000 8465.9707   15.5749
    7.5000  -45.0000  -22.5000 8081.5327   15.5867
   -7.5000  -37.5000  -22.5000 8932.6611   15.2936
    0.0000  -37.5000  -22.5000 9336.2734   15.2956
    7.5000  -37.5000  -22.5000 8893.6484   15.3063
   -7.5000  -30.0000  -22.500010161.9814   15.1477
    0.0000  -30.0000  -22.500010625.5371   15.1539
    7.5000  -30.0000  -22.500010113.6670   15.1657
   -7.5000  -22.5000  -22.500011368.3018   15.0902
    0.0000  -22.5000  -22.500011892.7832   15.1007
    7.5000  -22.5000  -22.500011310.6191   15.1153
   -7.5000  -15.0000  -22.500012456.0781   15.0604
    0.0000  -15.0000  -22.500013021.2773   15.0698
    7.5000  -15.0000  -22.500012384.3164   15.0859
   -7.5000   -7.5000  -22.500013492.0518   15.0379
    0.0000   -7.5000  -22.500014113.6846   15.0425
    7.5000   -7.5000  -22.500013399.2041   15.0563
   -7.5000    0.0000  -22.500014388.0156   15.0226
    0.0000    0.0000  -22.500015066.3623   15.0243
    7.5000    0.0000  -22.500014297.4961   15.0352
   -7.5000    7.5000  -22.500014193.0225   14.9997
    0.0000    7.5000  -22.500014848.8525   15.0017
    7.5000    7.5000  -22.500014059.5859   15.0118
   -7.5000   15.0000  -22.500013914.3086   14.9925
    0.0000   15.0000  -22.500014586.9023   14.9986
    7.5000   15.0000  -22.500013774.4385   15.0099
   -7.5000   22.5000  -22.500013579.5664   15.0028
    0.0000   22.5000  -22.500014254.8789   15.0132
    7.5000   22.5000  -22.500013434.8037   15.0277
   -7.5000   30.0000  -22.500012996.5547   14.8327
    0.0000   30.0000  -22.500013641.6855   14.8420
    7.5000   30.0000  -22.500012869.5859   14.8577
   -7.5000   37.5000  -22.500012752.7227   14.8406
    0.0000   37.5000  -22.500013379.1738   14.8452
    7.5000   37.5000  -22.500012637.9395   14.8588
   -7.5000   45.0000  -22.500012038.2197   14.4675
    0.0000   45.0000  -22.500012611.1357   14.4691
    7.5000   45.0000  -22.500011904.4229   14.4797
   -7.5000  -45.0000  -15.0000 8593.1611   15.9628
    0.0000  -45.0000  -15.0000 8969.8926   15.9629
    7.5000  -45.0000  -15.0000 8559.0107   15.9759
   -7.5000  -37.5000  -15.0000 9459.2539   15.6710
    0.0000  -37.5000  -15.0000 9878.9131   15.6725
    7.5000  -37.5000  -15.0000 9406.0508   15.6838
   -7.5000  -30.0000  -15.000010742.6621   15.5162
    0.0000  -30.0000  -15.000011231.6680   15.5233
    7.5000  -30.0000  -15.000010693.5322   15.5343
   -7.5000  -22.5000  -15.000011999.3252   15.4557
    0.0000  -22.5000  -15.000012555.4834   15.4673
    7.5000  -22.5000  -15.000011938.8545   15.4800
   -7.5000  -15.0000  -15.000013154.9297   15.4290
    0.0000  -15.0000  -15.000013776.3125   15.4382
    7.5000  -15.0000  -15.000013079.9873   15.4517
   -7.5000   -7.5000  -15.000014228.4854   15.4113
    0.0000   -7.5000  -15.000014906.4111   15.4151
    7.5000   -7.5000  -15.000014151.5586   15.4281
   -7.5000    0.0000  -15.000015139.5430   15.3971
    0.0000    0.0000  -15.000015882.5498   15.3979
    7.5000    0.0000  -15.000015068.9629   15.4098
   -7.5000    7.5000  -15.000014867.6787   15.3699
    0.0000    7.5000  -15.000015609.5352   15.3714
    7.5000    7.5000  -15.000014792.3223   15.3820
   -7.5000   15.0000  -15.000014582.3428   15.3575
    0.0000   15.0000  -15.000015317.0781   15.3645
    7.5000   15.0000  -15.000014471.7363   15.3751
   -7.5000   22.5000  -15.000014245.3975   15.3658
    0.0000   22.5000  -15.000014980.4912   15.3774
    7.5000   22.5000  -15.000014116.9375   15.3898
   -7.5000   30.0000  -15.000013635.5840   15.1979
    0.0000   30.0000  -15.000014350.1289   15.2070
    7.5000   30.0000  -15.000013539.7871   15.2203
   -7.5000   37.5000  -15.000013341.3350   15.2112
    0.0000   37.5000  -15.000014025.6387   15.2150
    7.5000   37.5000  -15.000013240.2500   15.2278
   -7.5000   45.0000  -15.000012548.4658   14.8371
    0.0000   45.0000  -15.000013165.7002   14.8379
    7.5000   45.0000  -15.000012398.9863   14.8493
   -7.5000  -45.0000   -7.5000 9062.0205   16.1670
    0.0000  -45.0000   -7.5000 9468.6299   16.1589
    7.5000  -45.0000   -7.5000 9028.5244   16.1731
   -7.5000  -37.5000   -7.5000 9992.0791   15.8670
    0.0000  -37.5000   -7.500010451.4600   15.8619
    7.5000  -37.5000   -7.5000 9950.7871   15.8739
   -7.5000  -30.0000   -7.500011331.8174   15.7048
    0.0000  -30.0000   -7.500011858.2334   15.7049
    7.5000  -30.0000   -7.500011301.7051   15.7151
   -7.5000  -22.5000   -7.500012628.7832   15.6432
    0.0000  -22.5000   -7.500013216.4707   15.6460
    7.5000  -22.5000   -7.500012598.8447   15.6551
   -7.5000  -15.0000   -7.500013822.0576   15.6208
    0.0000  -15.0000   -7.500014475.0742   15.6199
    7.5000  -15.0000   -7.500013797.9277   15.6291
   -7.5000   -7.5000   -7.500014926.3721   15.6069
    0.0000   -7.5000   -7.500015608.1758   15.6016
    7.5000   -7.5000   -7.500014901.2031   15.6129
   -7.5000    0.0000   -7.500015909.1006   15.5933
    0.0000    0.0000   -7.500016637.3984   15.5866
    7.5000    0.0000   -7.500015876.1250   15.5993
   -7.5000    7.5000   -7.500015605.3018   15.5618
    0.0000    7.5000   -7.500016385.2148   15.5570
    7.5000    7.5000   -7.500015613.0449   15.5683
   -7.5000   15.0000   -7.500015318.1807   15.5441
    0.0000   15.0000   -7.500016075.4678   15.5442
    7.5000   15.0000   -7.500015299.4316   15.5539
   -7.5000   22.5000   -7.500014920.0635   15.5507
    0.0000   22.5000   -7.500015695.9316   15.5534
    7.5000   22.5000   -7.500014905.3291   15.5623
   -7.5000   30.0000   -7.500014294.9746   15.3865
    0.0000   30.0000   -7.500015038.5137   15.3857
    7.5000   30.0000   -7.500014271.6230   15.3946
   -7.5000   37.5000   -7.500013961.5361   15.4039
    0.0000   37.5000   -7.500014703.8193   15.3986
    7.5000   37.5000   -7.500013936.2236   15.4098
   -7.5000   45.0000   -7.500013088.5156   15.0290
    0.0000   45.0000   -7.500013761.6738   15.0225
    7.5000   45.0000   -7.500012993.1631   15.0348
   -7.5000  -45.0000    0.0000 9429.8262   16.2053
    0.0000  -45.0000    0.0000 9888.6006   16.1899
    7.5000  -45.0000    0.0000 9403.7832   16.2038
   -7.5000  -37.5000    0.000010426.3662   15.9048
    0.0000  -37.5000    0.000010934.0156   15.8937
    7.5000  -37.5000    0.000010406.8682   15.9060
   -7.5000  -30.0000    0.000011826.5527   15.7413
    0.0000  -30.0000    0.000012362.3730   15.7339
    7.5000  -30.0000    0.000011816.6709   15.7439
   -7.5000  -22.5000    0.000013173.5234   15.6801
    0.0000  -22.5000    0.000013742.3857   15.6728
    7.5000  -22.5000    0.000013157.7568   15.6802
   -7.5000  -15.0000    0.000014386.0283   15.6582
    0.0000  -15.0000    0.000014995.4492   15.6469
    7.5000  -15.0000    0.000014376.2363   15.6541
   -7.5000   -7.5000    0.000015473.8623   15.6435
    0.0000   -7.5000    0.000016102.0479   15.6297
    7.5000   -7.5000    0.000015490.3604   15.6398
   -7.5000    0.0000    0.000016518.7656   15.6299
    0.0000    0.0000    0.000017260.4336   15.6166
    7.5000    0.0000    0.000016529.0840   15.6291
   -7.5000    7.5000    0.000016321.6221   15.5983
    0.0000    7.5000    0.000017031.9199   15.5877
    7.5000    7.5000    0.000016339.2490   15.5995
   -7.5000   15.0000    0.000015956.4219   15.5797
    0.0000   15.0000    0.000016614.1211   15.5725
    7.5000   15.0000    0.000015989.1445   15.5820
   -7.5000   22.5000    0.000015506.0449   15.5871
    0.0000   22.5000    0.000016181.0498   15.5798
    7.5000   22.5000    0.000015545.9248   15.5871
   -7.5000   30.0000    0.000014852.5713   15.4236
    0.0000   30.0000    0.000015530.8896   15.4126
    7.5000   30.0000    0.000014866.9326   15.4196
   -7.5000   37.5000    0.000014493.2139   15.4404
    0.0000   37.5000    0.000015203.1045   15.4268
    7.5000   37.5000    0.000014500.3447   15.4367
   -7.5000   45.0000    0.000013528.5947   15.0654
    0.0000   45.0000    0.000014200.0967   15.0526
    7.5000   45.0000    0.000013486.6709   15.0646
   -7.5000  -45.0000    7.5000 9066.4746   16.1911
    0.0000  -45.0000    7.5000 9503.3320   16.1776
    7.5000  -45.0000    7.5000 9063.7051   16.1911
   -7.5000  -37.5000    7.500010042.1240   15.8958
    0.0000  -37.5000    7.500010517.4141   15.8868
    7.5000  -37.5000    7.500010037.2539   15.8996
   -7.5000  -30.0000    7.500011355.9473   15.7385
    0.0000  -30.0000    7.500011866.3643   15.7323
    7.5000  -30.0000    7.500011359.1875   15.7444
   -7.5000  -22.5000    7.500012638.2480   15.6786
    0.0000  -22.5000    7.500013202.5303   15.6720
    7.5000  -22.5000    7.500012655.4678   15.6832
   -7.5000  -15.0000    7.500013814.4131   15.6519
    0.0000  -15.0000    7.500014408.4238   15.6422
    7.5000  -15.0000    7.500013832.1846   15.6535
   -7.5000   -7.5000    7.500014866.9336   15.6316
    0.0000   -7.5000    7.500015450.5273   15.6194
    7.5000   -7.5000    7.500014902.4746   15.6315
   -7.5000    0.0000    7.500015839.2168   15.6168
    0.0000    0.0000    7.500016480.1523   15.6052
    7.5000    0.0000    7.500015838.7881   15.6176
   -7.5000    7.5000    7.500015691.1768   15.5895
    0.0000    7.5000    7.500016264.8164   15.5809
    7.5000    7.5000    7.500015617.1836   15.5931
   -7.5000   15.0000    7.500015425.4355   15.5766
    0.0000   15.0000    7.500016001.7627   15.5706
    7.5000   15.0000    7.500015326.9756   15.5822
   -7.5000   22.5000    7.500015021.5859   15.5853
    0.0000   22.5000    7.500015636.5850   15.5787
    7.5000   22.5000    7.500014939.1299   15.5897
   -7.5000   30.0000    7.500014328.6279   15.4174
    0.0000   30.0000    7.500014960.8242   15.4078
    7.5000   30.0000    7.500014281.7354   15.4189
   -7.5000   37.5000    7.500013947.8037   15.4286
    0.0000   37.5000    7.500014607.8828   15.4166
    7.5000   37.5000    7.500013958.4473   15.4285
   -7.5000   45.0000    7.500012950.9775   15.0528
    0.0000   45.0000    7.500013565.7012   15.0416
    7.5000   45.0000    7.500012949.8750   15.0535
   -7.5000  -45.0000   15.0000 8575.3223   16.1989
    0.0000  -45.0000   15.0000 8986.4961   16.1932
    7.5000  -45.0000   15.0000 8567.9053   16.2064
   -7.5000  -37.5000   15.0000 9500.8311   15.9079
    0.0000  -37.5000   15.0000 9955.5244   15.9052
    7.5000  -37.5000   15.0000 9506.0693   15.9178
   -7.5000  -30.0000   15.000010756.4346   15.7564
    0.0000  -30.0000   15.000011248.4033   15.7569
    7.5000  -30.0000   15.000010770.5010   15.7705
   -7.5000  -22.5000   15.000011978.7861   15.6974
    0.0000  -22.5000   15.000012511.8857   15.6999
    7.5000  -22.5000   15.000011994.1357   15.7155
   -7.5000  -15.0000   15.000013094.6396   15.6661
    0.0000  -15.0000   15.000013651.6240   15.6671
    7.5000  -15.0000   15.000013110.3564   15.6837
   -7.5000   -7.5000   15.000014137.4717   15.6407
    0.0000   -7.5000   15.000014688.5264   15.6380
    7.5000   -7.5000   15.000014144.8262   15.6527
   -7.5000    0.0000   15.000015075.5977   15.6246
    0.0000    0.0000   15.000015640.0264   15.6203
    7.5000    0.0000   15.000015056.0898   15.6326
   -7.5000    7.5000   15.000014928.2480   15.6013
    0.0000    7.5000   15.000015439.7500   15.5987
    7.5000    7.5000   15.000014869.8848   15.6106
   -7.5000   15.0000   15.000014629.5176   15.5942
    0.0000   15.0000   15.000015186.8828   15.5946
    7.5000   15.0000   15.000014585.6611   15.6078
   -7.5000   22.5000   15.000014261.1143   15.6037
    0.0000   22.5000   15.000014861.9561   15.6062
    7.5000   22.5000   15.000014224.7217   15.6216
   -7.5000   30.0000   15.000013639.9453   15.4312
    0.0000   30.0000   15.000014255.2021   15.4322
    7.5000   30.0000   15.000013622.6172   15.4485
   -7.5000   37.5000   15.000013314.1514   15.4377
    0.0000   37.5000   15.000013927.8291   15.4350
    7.5000   37.5000   15.000013317.8242   15.4495
   -7.5000   45.0000   15.000012343.6377   15.0603
    0.0000   45.0000   15.000012897.7793   15.0562
    7.5000   45.0000   15.000012339.9443   15.0680
   -7.5000  -45.0000   22.5000 7992.4800   16.2670
    0.0000  -45.0000   22.5000 8372.0439   16.2677
    7.5000  -45.0000   22.5000 8003.7891   16.2807
   -7.5000  -37.5000   22.5000 8869.0088   15.9756
    0.0000  -37.5000   22.5000 9300.3633   15.9777
    7.5000  -37.5000   22.5000 8874.4736   15.9896
   -7.5000  -30.0000   22.500010058.5117   15.8223
    0.0000  -30.0000   22.500010526.6387   15.8287
    7.5000  -30.0000   22.500010052.1455   15.8417
   -7.5000  -22.5000   22.500011210.1426   15.7612
    0.0000  -22.5000   22.500011715.0098   15.7722
    7.5000  -22.5000   22.500011193.2490   15.7882
   -7.5000  -15.0000   22.500012264.3916   15.7294
    0.0000  -15.0000   22.500012806.4902   15.7392
    7.5000  -15.0000   22.500012260.9434   15.7567
   -7.5000   -7.5000   22.500013275.0811   15.7058
    0.0000   -7.5000   22.500013825.8398   15.7106
    7.5000   -7.5000   22.500013291.2109   15.7257
   -7.5000    0.0000   22.500014211.7773   15.6904
    0.0000    0.0000   22.500014751.4297   15.6920
    7.5000    0.0000   22.500014204.3057   15.7041
   -7.5000    7.5000   22.500014055.1523   15.6668
    0.0000    7.5000   22.500014559.7627   15.6688
    7.5000    7.5000   22.500014028.1514   15.6799
   -7.5000   15.0000   22.500013741.2295   15.6592
    0.0000   15.0000   22.500014267.8135   15.6654
    7.5000   15.0000   22.500013736.4453   15.6779
   -7.5000   22.5000   22.500013387.4199   15.6670
    0.0000   22.5000   22.500013916.1201   15.6779
    7.5000   22.5000   22.500013382.9883   15.6937
   -7.5000   30.0000   22.500012842.2666   15.4935
    0.0000   30.0000   22.500013357.7178   15.5032
    7.5000   30.0000   22.500012822.9004   15.5204
   -7.5000   37.5000   22.500012577.7002   15.5019
    0.0000   37.5000   22.500013086.3115   15.5066
    7.5000   37.5000   22.500012569.8652   15.5215
   -7.5000   45.0000   22.500011659.0449   15.1237
    0.0000   45.0000   22.500012142.2324   15.1253
    7.5000   45.0000   22.500011638.5645   15.1370
   -7.5000  -45.0000   30.0000 7362.4233   16.4476
    0.0000  -45.0000   30.0000 7723.8682   16.4476
    7.5000  -45.0000   30.0000 7374.3330   16.4627
   -7.5000  -37.5000   30.0000 8180.1768   16.1488
    0.0000  -37.5000   30.0000 8583.3975   16.1505
    7.5000  -37.5000   30.0000 8185.0410   16.1636
   -7.5000  -30.0000   30.0000 9297.3379   15.9862
    0.0000  -30.0000   30.0000 9740.1328   15.9938
    7.5000  -30.0000   30.0000 9293.7119   16.0066
   -7.5000  -22.5000   30.000010363.1660   15.9228
    0.0000  -22.5000   30.000010845.7373   15.9352
    7.5000  -22.5000   30.000010366.3633   15.9498
   -7.5000  -15.0000   30.000011362.4316   15.8952
    0.0000  -15.0000   30.000011881.6436   15.9051
    7.5000  -15.0000   30.000011368.1846   15.9207
   -7.5000   -7.5000   30.000012324.4893   15.8771
    0.0000   -7.5000   30.000012878.8232   15.8813
    7.5000   -7.5000   30.000012344.7861   15.8963
   -7.5000    0.0000   30.000013197.8779   15.8625
    0.0000    0.0000   30.000013782.0967   15.8634
    7.5000    0.0000   30.000013206.5801   15.8772
   -7.5000    7.5000   30.000013047.7334   15.8335
    0.0000    7.5000   30.000013588.4395   15.8352
    7.5000    7.5000   30.000013046.9346   15.8476
   -7.5000   15.0000   30.000012747.3281   15.8201
    0.0000   15.0000   30.000013274.4854   15.8275
    7.5000   15.0000   30.000012754.5928   15.8398
   -7.5000   22.5000   30.000012398.4824   15.8271
    0.0000   22.5000   30.000012898.2070   15.8395
    7.5000   22.5000   30.000012389.8994   15.8538
   -7.5000   30.0000   30.000011905.7373   15.6566
    0.0000   30.0000   30.000012383.6836   15.6664
    7.5000   30.0000   30.000011888.0791   15.6817
   -7.5000   37.5000   30.000011696.5840   15.6710
    0.0000   37.5000   30.000012174.1465   15.6752
    7.5000   37.5000   30.000011680.3867   15.6900
   -7.5000   45.0000   30.000010843.6953   15.2896
    0.0000   45.0000   30.000011303.4180   15.2905
    7.5000   45.0000   30.000010835.1260   15.3038
   -7.5000  -45.0000   37.5000 7011.7773   16.7396
    0.0000  -45.0000   37.5000 7367.1108   16.7300
    7.5000  -45.0000   37.5000 7030.8994   16.7467
   -7.5000  -37.5000   37.5000 7791.9922   16.4283
    0.0000  -37.5000   37.5000 8201.2568   16.4218
    7.5000  -37.5000   37.5000 7806.7744   16.4361
   -7.5000  -30.0000   37.5000 8866.4854   16.2527
    0.0000  -30.0000   37.5000 9328.9355   16.2524
    7.5000  -30.0000   37.5000 8871.6533   16.2645
   -7.5000  -22.5000   37.5000 9882.1855   16.1881
    0.0000  -22.5000   37.500010396.4072   16.1911
    7.5000  -22.5000   37.5000 9887.6875   16.2021
   -7.5000  -15.0000   37.500010829.0977   16.1670
    0.0000  -15.0000   37.500011388.6797   16.1663
    7.5000  -15.0000   37.500010846.2549   16.1775
   -7.5000   -7.5000   37.500011764.4658   16.1542
    0.0000   -7.5000   37.500012354.4229   16.1483
    7.5000   -7.5000   37.500011787.2627   16.1619
   -7.5000    0.0000   37.500012627.7705   16.1388
    0.0000    0.0000   37.500013219.4619   16.1309
    7.5000    0.0000   37.500012621.1924   16.1460
   -7.5000    7.5000   37.500012494.8105   16.1021
    0.0000    7.5000   37.500013031.1904   16.0960
    7.5000    7.5000   37.500012472.4854   16.1096
   -7.5000   15.0000   37.500012223.2988   16.0810
    0.0000   15.0000   37.500012723.2129   16.0807
    7.5000   15.0000   37.500012200.9854   16.0923
   -7.5000   22.5000   37.500011853.6963   16.0894
    0.0000   22.5000   37.500012339.5215   16.0924
    7.5000   22.5000   37.500011839.8281   16.1032
   -7.5000   30.0000   37.500011396.2070   15.9238
    0.0000   30.0000   37.500011852.3574   15.9232
    7.5000   30.0000   37.500011378.8789   15.9342
   -7.5000   37.5000   37.500011215.8486   15.9444
    0.0000   37.5000   37.500011686.0762   15.9386
    7.5000   37.5000   37.500011211.8477   15.9520
   -7.5000   45.0000   37.500010406.8555   15.5560
    0.0000   45.0000   37.500010863.6680   15.5484
    7.5000   45.0000   37.500010416.3418   15.5629
   -7.5000  -45.0000   45.0000 6361.2969   17.0518
    0.0000  -45.0000   45.0000 6680.8398   17.0329
    7.5000  -45.0000   45.0000 6377.1191   17.0532
   -7.5000  -37.5000   45.0000 7073.0981   16.7333
    0.0000  -37.5000   45.0000 7441.2866   16.7190
    7.5000  -37.5000   45.0000 7092.0215   16.7373
   -7.5000  -30.0000   45.0000 8041.2241   16.5524
    0.0000  -30.0000   45.0000 8461.1680   16.5430
    7.5000  -30.0000   45.0000 8055.2852   16.5593
   -7.5000  -22.5000   45.0000 8960.1230   16.4867
    0.0000  -22.5000   45.0000 9443.9756   16.4781
    7.5000  -22.5000   45.0000 8982.1680   16.4928
   -7.5000  -15.0000   45.0000 9839.8027   16.4645
    0.0000  -15.0000   45.000010361.3154   16.4518
    7.5000  -15.0000   45.0000 9860.8350   16.4666
   -7.5000   -7.5000   45.000010700.6631   16.4480
    0.0000   -7.5000   45.000011253.5068   16.4317
    7.5000   -7.5000   45.000010731.7236   16.4488
   -7.5000    0.0000   45.000011493.4268   16.4307
    0.0000    0.0000   45.000012042.8574   16.4143
    7.5000    0.0000   45.000011509.1016   16.4327
   -7.5000    7.5000   45.000011393.1729   16.3935
    0.0000    7.5000   45.000011906.5566   16.3799
    7.5000    7.5000   45.000011386.2520   16.3973
   -7.5000   15.0000   45.000011145.8291   16.3727
    0.0000   15.0000   45.000011630.7764   16.3635
    7.5000   15.0000   45.000011147.4053   16.3792
   -7.5000   22.5000   45.000010800.2705   16.3835
    0.0000   22.5000   45.000011266.3477   16.3751
    7.5000   22.5000   45.000010793.8311   16.3895
   -7.5000   30.0000   45.000010397.4814   16.2145
    0.0000   30.0000   45.000010836.5400   16.2020
    7.5000   30.0000   45.000010381.0801   16.2165
   -7.5000   37.5000   45.000010243.9912   16.2330
    0.0000   37.5000   45.000010694.6455   16.2170
    7.5000   37.5000   45.000010245.9346   16.2338
   -7.5000   45.0000   45.0000 9545.4512   15.8445
    0.0000   45.0000   45.0000 9986.5146   15.8286
    7.5000   45.0000   45.0000 9574.7295   15.8464

---------------------------------------------------------------------
imgreg_4dfp /opt/freesurfer/average/711-2C_as_mni_average_305 /opt/freesurfer/average/711-2B_as_mni_average_305_mask talsrcimg_g11 none talsrcimg_to_711-2C_as_mni_average_305_t4 4355
---------------------------------------------------------------------

freesurfer imgreg_4dfp.c
/opt/freesurfer/average/711-2C_as_mni_average_305.4dfp.img
       256       256       256         1
  1.000000  1.000000  1.000000
orientation T byte_order littleendian
Reading image: /opt/freesurfer/average/711-2C_as_mni_average_305.4dfp.img
dimensions:      256       256       256
mmppix:       1.0000   -1.0000   -1.0000
center:     128.0000 -129.0000 -129.0000
/opt/freesurfer/average/711-2B_as_mni_average_305_mask.4dfp.img
       256       256       256         1
  1.000000  1.000000  1.000000
orientation T byte_order littleendian
Reading mask: /opt/freesurfer/average/711-2B_as_mni_average_305_mask.4dfp.img (2306576 pixels)
talsrcimg_g11.4dfp.img
       256       256       256         1
  1.000000  1.000000  1.000000
orientation T byte_order littleendian
Reading image: talsrcimg_g11.4dfp.img
dimensions:      256       256       256
mmppix:       1.0000   -1.0000   -1.0000
center:     128.0000 -129.0000 -129.0000
rotation matrix determinant  1.000000
image alignment mode   4355 decimal     1103 hex
   -7.5000  -45.0000  -45.0000 1842.9636   20.0890
    0.0000  -45.0000  -45.0000 1840.1365   20.1134
    7.5000  -45.0000  -45.0000 1827.2675   20.3807
   -7.5000  -37.5000  -45.0000 1971.8606   17.6086
    0.0000  -37.5000  -45.0000 1972.9186   17.5896
    7.5000  -37.5000  -45.0000 1954.8870   17.8004
   -7.5000  -30.0000  -45.0000 2091.7039   15.7150
    0.0000  -30.0000  -45.0000 2092.7405   15.6834
    7.5000  -30.0000  -45.0000 2072.2625   15.8175
   -7.5000  -22.5000  -45.0000 2202.6926   14.2389
    0.0000  -22.5000  -45.0000 2205.5977   14.1998
    7.5000  -22.5000  -45.0000 2185.6902   14.3008
   -7.5000  -15.0000  -45.0000 2294.8086   13.1096
    0.0000  -15.0000  -45.0000 2295.3054   13.0690
    7.5000  -15.0000  -45.0000 2276.4705   13.1779
   -7.5000   -7.5000  -45.0000 2359.5503   12.3353
    0.0000   -7.5000  -45.0000 2363.7056   12.2802
    7.5000   -7.5000  -45.0000 2342.2871   12.3817
   -7.5000    0.0000  -45.0000 2384.4377   11.8794
    0.0000    0.0000  -45.0000 2393.3977   11.8213
    7.5000    0.0000  -45.0000 2370.0288   11.9366
   -7.5000    7.5000  -45.0000 2396.1465   11.6475
    0.0000    7.5000  -45.0000 2409.7441   11.5610
    7.5000    7.5000  -45.0000 2387.6680   11.7002
   -7.5000   15.0000  -45.0000 2387.4158   11.6866
    0.0000   15.0000  -45.0000 2400.8181   11.5872
    7.5000   15.0000  -45.0000 2380.8005   11.7096
   -7.5000   22.5000  -45.0000 2370.9712   11.8834
    0.0000   22.5000  -45.0000 2381.5220   11.7834
    7.5000   22.5000  -45.0000 2365.7500   11.9138
   -7.5000   30.0000  -45.0000 2335.7588   12.3026
    0.0000   30.0000  -45.0000 2349.8289   12.2125
    7.5000   30.0000  -45.0000 2333.2803   12.3474
   -7.5000   37.5000  -45.0000 2285.4307   12.9709
    0.0000   37.5000  -45.0000 2299.8264   12.8747
    7.5000   37.5000  -45.0000 2281.9521   13.0274
   -7.5000   45.0000  -45.0000 2208.0139   13.9059
    0.0000   45.0000  -45.0000 2221.7954   13.7887
    7.5000   45.0000  -45.0000 2203.0388   13.9438
   -7.5000  -45.0000  -37.5000 1886.0304   18.8608
    0.0000  -45.0000  -37.5000 1884.6234   18.8900
    7.5000  -45.0000  -37.5000 1878.2958   19.1658
   -7.5000  -37.5000  -37.5000 2024.2681   16.5076
    0.0000  -37.5000  -37.5000 2025.9921   16.5185
    7.5000  -37.5000  -37.5000 2009.4280   16.6904
   -7.5000  -30.0000  -37.5000 2155.5239   14.7291
    0.0000  -30.0000  -37.5000 2154.6409   14.7343
    7.5000  -30.0000  -37.5000 2138.4543   14.8452
   -7.5000  -22.5000  -37.5000 2273.7888   13.3523
    0.0000  -22.5000  -37.5000 2278.7383   13.3218
    7.5000  -22.5000  -37.5000 2257.8047   13.4327
   -7.5000  -15.0000  -37.5000 2370.7793   12.2708
    0.0000  -15.0000  -37.5000 2374.3491   12.2152
    7.5000  -15.0000  -37.5000 2351.6072   12.3157
   -7.5000   -7.5000  -37.5000 2441.8120   11.4988
    0.0000   -7.5000  -37.5000 2445.9487   11.4299
    7.5000   -7.5000  -37.5000 2424.5217   11.5313
   -7.5000    0.0000  -37.5000 2473.3347   11.0597
    0.0000    0.0000  -37.5000 2481.9243   10.9665
    7.5000    0.0000  -37.5000 2461.4678   11.0748
   -7.5000    7.5000  -37.5000 2495.8672   10.8126
    0.0000    7.5000  -37.5000 2504.7983   10.7117
    7.5000    7.5000  -37.5000 2486.3735   10.8270
   -7.5000   15.0000  -37.5000 2489.8257   10.8602
    0.0000   15.0000  -37.5000 2499.5107   10.7419
    7.5000   15.0000  -37.5000 2481.8481   10.8562
   -7.5000   22.5000  -37.5000 2473.5435   11.0528
    0.0000   22.5000  -37.5000 2483.4873   10.9397
    7.5000   22.5000  -37.5000 2468.5610   11.0856
   -7.5000   30.0000  -37.5000 2435.8127   11.4502
    0.0000   30.0000  -37.5000 2449.9636   11.3340
    7.5000   30.0000  -37.5000 2431.1514   11.4670
   -7.5000   37.5000  -37.5000 2378.9280   12.0587
    0.0000   37.5000  -37.5000 2394.4590   11.9340
    7.5000   37.5000  -37.5000 2374.5520   12.0620
   -7.5000   45.0000  -37.5000 2299.0288   12.8942
    0.0000   45.0000  -37.5000 2313.4958   12.7632
    7.5000   45.0000  -37.5000 2294.6355   12.9118
   -7.5000  -45.0000  -30.0000 1963.2510   18.4713
    0.0000  -45.0000  -30.0000 1964.9092   18.5107
    7.5000  -45.0000  -30.0000 1958.1968   18.7412
   -7.5000  -37.5000  -30.0000 2108.2358   16.1499
    0.0000  -37.5000  -30.0000 2107.8149   16.1673
    7.5000  -37.5000  -30.0000 2097.7551   16.3592
   -7.5000  -30.0000  -30.0000 2252.2058   14.3753
    0.0000  -30.0000  -30.0000 2252.9033   14.3957
    7.5000  -30.0000  -30.0000 2236.0928   14.5275
   -7.5000  -22.5000  -30.0000 2377.9419   12.9893
    0.0000  -22.5000  -30.0000 2383.6826   12.9662
    7.5000  -22.5000  -30.0000 2358.9922   13.1017
   -7.5000  -15.0000  -30.0000 2474.5781   11.8978
    0.0000  -15.0000  -30.0000 2480.6311   11.8583
    7.5000  -15.0000  -30.0000 2458.2502   11.9842
   -7.5000   -7.5000  -30.0000 2555.6345   11.1322
    0.0000   -7.5000  -30.0000 2563.0906   11.0727
    7.5000   -7.5000  -30.0000 2541.5496   11.1813
   -7.5000    0.0000  -30.0000 2603.2151   10.6217
    0.0000    0.0000  -30.0000 2614.0227   10.5410
    7.5000    0.0000  -30.0000 2595.3784   10.6672
   -7.5000    7.5000  -30.0000 2635.9829   10.3947
    0.0000    7.5000  -30.0000 2646.2334   10.3004
    7.5000    7.5000  -30.0000 2625.6252   10.4241
   -7.5000   15.0000  -30.0000 2638.6924   10.4469
    0.0000   15.0000  -30.0000 2652.2136   10.3202
    7.5000   15.0000  -30.0000 2631.8242   10.4434
   -7.5000   22.5000  -30.0000 2624.3015   10.6655
    0.0000   22.5000  -30.0000 2639.4873   10.5372
    7.5000   22.5000  -30.0000 2618.3779   10.6551
   -7.5000   30.0000  -30.0000 2585.3745   11.0578
    0.0000   30.0000  -30.0000 2603.2773   10.9315
    7.5000   30.0000  -30.0000 2578.6226   11.0639
   -7.5000   37.5000  -30.0000 2520.6797   11.6232
    0.0000   37.5000  -30.0000 2542.8633   11.4853
    7.5000   37.5000  -30.0000 2518.5176   11.6237
   -7.5000   45.0000  -30.0000 2427.7466   12.4261
    0.0000   45.0000  -30.0000 2446.1326   12.2810
    7.5000   45.0000  -30.0000 2428.6384   12.4244
   -7.5000  -45.0000  -22.5000 2015.0205   17.9776
    0.0000  -45.0000  -22.5000 2017.7860   18.0849
    7.5000  -45.0000  -22.5000 2010.4779   18.3032
   -7.5000  -37.5000  -22.5000 2165.2290   15.7056
    0.0000  -37.5000  -22.5000 2168.3760   15.7368
    7.5000  -37.5000  -22.5000 2153.2825   15.9593
   -7.5000  -30.0000  -22.5000 2311.1270   13.9493
    0.0000  -30.0000  -22.5000 2318.4587   13.9668
    7.5000  -30.0000  -22.5000 2295.2222   14.1485
   -7.5000  -22.5000  -22.5000 2440.9875   12.5609
    0.0000  -22.5000  -22.5000 2449.7144   12.5601
    7.5000  -22.5000  -22.5000 2424.5142   12.7204
   -7.5000  -15.0000  -22.5000 2547.1128   11.4931
    0.0000  -15.0000  -22.5000 2554.8521   11.4647
    7.5000  -15.0000  -22.5000 2531.8530   11.6131
   -7.5000   -7.5000  -22.5000 2640.0989   10.7113
    0.0000   -7.5000  -22.5000 2651.7290   10.6654
    7.5000   -7.5000  -22.5000 2626.8140   10.7970
   -7.5000    0.0000  -22.5000 2705.8826   10.1726
    0.0000    0.0000  -22.5000 2718.8333   10.1220
    7.5000    0.0000  -22.5000 2696.4724   10.2521
   -7.5000    7.5000  -22.5000 2745.6133    9.9357
    0.0000    7.5000  -22.5000 2757.8660    9.8657
    7.5000    7.5000  -22.5000 2733.8162    9.9833
   -7.5000   15.0000  -22.5000 2758.2498    9.9507
    0.0000   15.0000  -22.5000 2774.9421    9.8610
    7.5000   15.0000  -22.5000 2749.1245    9.9701
   -7.5000   22.5000  -22.5000 2747.2393   10.2006
    0.0000   22.5000  -22.5000 2770.2480   10.1114
    7.5000   22.5000  -22.5000 2743.3911   10.1992
   -7.5000   30.0000  -22.5000 2705.0723   10.6102
    0.0000   30.0000  -22.5000 2728.8281   10.5024
    7.5000   30.0000  -22.5000 2702.6267   10.6168
   -7.5000   37.5000  -22.5000 2631.2588   11.1460
    0.0000   37.5000  -22.5000 2653.7673   11.0239
    7.5000   37.5000  -22.5000 2631.1672   11.1649
   -7.5000   45.0000  -22.5000 2533.5974   11.9050
    0.0000   45.0000  -22.5000 2551.0837   11.7764
    7.5000   45.0000  -22.5000 2530.1687   11.9181
   -7.5000  -45.0000  -15.0000 2044.3757   17.6562
    0.0000  -45.0000  -15.0000 2047.0668   17.7123
    7.5000  -45.0000  -15.0000 2035.0773   18.0225
   -7.5000  -37.5000  -15.0000 2189.6064   15.3624
    0.0000  -37.5000  -15.0000 2194.4448   15.3721
    7.5000  -37.5000  -15.0000 2177.6179   15.6622
   -7.5000  -30.0000  -15.0000 2337.0959   13.5943
    0.0000  -30.0000  -15.0000 2345.8262   13.5682
    7.5000  -30.0000  -15.0000 2321.2185   13.8028
   -7.5000  -22.5000  -15.0000 2470.1433   12.1999
    0.0000  -22.5000  -15.0000 2478.4343   12.1920
    7.5000  -22.5000  -15.0000 2452.3042   12.3950
   -7.5000  -15.0000  -15.0000 2587.6841   11.1522
    0.0000  -15.0000  -15.0000 2596.7090   11.1374
    7.5000  -15.0000  -15.0000 2570.2061   11.2920
   -7.5000   -7.5000  -15.0000 2692.8145   10.3525
    0.0000   -7.5000  -15.0000 2705.7251   10.3286
    7.5000   -7.5000  -15.0000 2678.5010   10.4635
   -7.5000    0.0000  -15.0000 2773.2654    9.8201
    0.0000    0.0000  -15.0000 2791.1003    9.7770
    7.5000    0.0000  -15.0000 2763.9692    9.9059
   -7.5000    7.5000  -15.0000 2822.0740    9.5297
    0.0000    7.5000  -15.0000 2844.9983    9.4731
    7.5000    7.5000  -15.0000 2816.3247    9.6020
   -7.5000   15.0000  -15.0000 2849.1377    9.5123
    0.0000   15.0000  -15.0000 2869.7002    9.4540
    7.5000   15.0000  -15.0000 2843.5930    9.5576
   -7.5000   22.5000  -15.0000 2841.8457    9.7627
    0.0000   22.5000  -15.0000 2867.9697    9.7056
    7.5000   22.5000  -15.0000 2838.5413    9.7862
   -7.5000   30.0000  -15.0000 2791.3394   10.1799
    0.0000   30.0000  -15.0000 2816.2119   10.0890
    7.5000   30.0000  -15.0000 2792.0774   10.1890
   -7.5000   37.5000  -15.0000 2707.9233   10.7088
    0.0000   37.5000  -15.0000 2727.2947   10.6029
    7.5000   37.5000  -15.0000 2707.2107   10.7337
   -7.5000   45.0000  -15.0000 2598.1001   11.4601
    0.0000   45.0000  -15.0000 2615.3840   11.3360
    7.5000   45.0000  -15.0000 2591.4324   11.4881
   -7.5000  -45.0000   -7.5000 2056.1682   17.5249
    0.0000  -45.0000   -7.5000 2063.1692   17.4998
    7.5000  -45.0000   -7.5000 2050.0327   17.8384
   -7.5000  -37.5000   -7.5000 2201.5898   15.2253
    0.0000  -37.5000   -7.5000 2206.1770   15.1341
    7.5000  -37.5000   -7.5000 2187.8430   15.4578
   -7.5000  -30.0000   -7.5000 2343.7471   13.3629
    0.0000  -30.0000   -7.5000 2350.8484   13.3000
    7.5000  -30.0000   -7.5000 2327.5283   13.6078
   -7.5000  -22.5000   -7.5000 2475.7385   11.9665
    0.0000  -22.5000   -7.5000 2482.1394   11.8999
    7.5000  -22.5000   -7.5000 2458.2239   12.1637
   -7.5000  -15.0000   -7.5000 2599.2190   10.8941
    0.0000  -15.0000   -7.5000 2609.0208   10.8388
    7.5000  -15.0000   -7.5000 2584.5679   11.0561
   -7.5000   -7.5000   -7.5000 2711.4182   10.0875
    0.0000   -7.5000   -7.5000 2722.8018   10.0180
    7.5000   -7.5000   -7.5000 2699.0540   10.2193
   -7.5000    0.0000   -7.5000 2812.3823    9.5475
    0.0000    0.0000   -7.5000 2830.8127    9.4799
    7.5000    0.0000   -7.5000 2800.2361    9.6401
   -7.5000    7.5000   -7.5000 2882.3770    9.2233
    0.0000    7.5000   -7.5000 2912.9233    9.1534
    7.5000    7.5000   -7.5000 2873.6787    9.3086
   -7.5000   15.0000   -7.5000 2924.1577    9.1643
    0.0000   15.0000   -7.5000 2951.2964    9.0999
    7.5000   15.0000   -7.5000 2915.0356    9.2354
   -7.5000   22.5000   -7.5000 2907.5813    9.4008
    0.0000   22.5000   -7.5000 2942.8508    9.3412
    7.5000   22.5000   -7.5000 2910.4385    9.4550
   -7.5000   30.0000   -7.5000 2843.7100    9.8155
    0.0000   30.0000   -7.5000 2875.7249    9.7263
    7.5000   30.0000   -7.5000 2847.3594    9.8600
   -7.5000   37.5000   -7.5000 2751.0234   10.3632
    0.0000   37.5000   -7.5000 2777.4873   10.2577
    7.5000   37.5000   -7.5000 2751.7192   10.4276
   -7.5000   45.0000   -7.5000 2635.0823   11.1064
    0.0000   45.0000   -7.5000 2655.0486   11.0018
    7.5000   45.0000   -7.5000 2628.4221   11.1736
   -7.5000  -45.0000    0.0000 2055.9524   17.5639
    0.0000  -45.0000    0.0000 2066.8154   17.4770
    7.5000  -45.0000    0.0000 2048.3464   17.8671
   -7.5000  -37.5000    0.0000 2198.7375   15.2106
    0.0000  -37.5000    0.0000 2208.6624   15.0710
    7.5000  -37.5000    0.0000 2190.2971   15.4238
   -7.5000  -30.0000    0.0000 2330.3325   13.3416
    0.0000  -30.0000    0.0000 2341.4780   13.1808
    7.5000  -30.0000    0.0000 2323.8542   13.5393
   -7.5000  -22.5000    0.0000 2462.1152   11.9359
    0.0000  -22.5000    0.0000 2470.8423   11.7704
    7.5000  -22.5000    0.0000 2452.8669   12.0806
   -7.5000  -15.0000    0.0000 2585.8281   10.8378
    0.0000  -15.0000    0.0000 2596.6799   10.6844
    7.5000  -15.0000    0.0000 2575.8152   10.9634
   -7.5000   -7.5000    0.0000 2701.5608    9.9971
    0.0000   -7.5000    0.0000 2716.5449    9.8454
    7.5000   -7.5000    0.0000 2695.3333   10.1081
   -7.5000    0.0000    0.0000 2812.1118    9.4306
    0.0000    0.0000    0.0000 2835.5623    9.2894
    7.5000    0.0000    0.0000 2809.2043    9.5183
   -7.5000    7.5000    0.0000 2908.3828    9.1029
    0.0000    7.5000    0.0000 2945.4966    8.9917
    7.5000    7.5000    0.0000 2900.1572    9.1695
   -7.5000   15.0000    0.0000 2966.7437    8.9834
    0.0000   15.0000    0.0000 3007.7192    8.8851
    7.5000   15.0000    0.0000 2951.6089    9.0764
   -7.5000   22.5000    0.0000 2946.5620    9.1950
    0.0000   22.5000    0.0000 2991.6318    9.0787
    7.5000   22.5000    0.0000 2940.2461    9.2624
   -7.5000   30.0000    0.0000 2869.3103    9.6131
    0.0000   30.0000    0.0000 2902.7119    9.5078
    7.5000   30.0000    0.0000 2869.9458    9.6583
   -7.5000   37.5000    0.0000 2764.9526   10.1628
    0.0000   37.5000    0.0000 2792.0073   10.0598
    7.5000   37.5000    0.0000 2770.2173   10.2200
   -7.5000   45.0000    0.0000 2643.1499   10.9232
    0.0000   45.0000    0.0000 2662.1162   10.8141
    7.5000   45.0000    0.0000 2642.1824   10.9907
   -7.5000  -45.0000    7.5000 2045.8689   17.7684
    0.0000  -45.0000    7.5000 2055.3262   17.6261
    7.5000  -45.0000    7.5000 2038.1298   18.0799
   -7.5000  -37.5000    7.5000 2186.6306   15.3758
    0.0000  -37.5000    7.5000 2197.8328   15.1959
    7.5000  -37.5000    7.5000 2181.2712   15.5817
   -7.5000  -30.0000    7.5000 2312.4065   13.4687
    0.0000  -30.0000    7.5000 2325.1719   13.2605
    7.5000  -30.0000    7.5000 2308.3364   13.6372
   -7.5000  -22.5000    7.5000 2437.7842   12.0245
    0.0000  -22.5000    7.5000 2450.5374   11.7954
    7.5000  -22.5000    7.5000 2436.2395   12.1531
   -7.5000  -15.0000    7.5000 2562.1743   10.9242
    0.0000  -15.0000    7.5000 2573.2102   10.7174
    7.5000  -15.0000    7.5000 2558.3752   11.0249
   -7.5000   -7.5000    7.5000 2677.6785   10.0728
    0.0000   -7.5000    7.5000 2696.5601    9.8631
    7.5000   -7.5000    7.5000 2680.3530   10.1464
   -7.5000    0.0000    7.5000 2793.6084    9.4571
    0.0000    0.0000    7.5000 2818.7817    9.2674
    7.5000    0.0000    7.5000 2795.8022    9.5319
   -7.5000    7.5000    7.5000 2896.4102    9.1169
    0.0000    7.5000    7.5000 2930.9548    8.9662
    7.5000    7.5000    7.5000 2892.1162    9.1657
   -7.5000   15.0000    7.5000 2956.8481    9.0478
    0.0000   15.0000    7.5000 2997.1301    8.8999
    7.5000   15.0000    7.5000 2946.6873    9.0818
   -7.5000   22.5000    7.5000 2938.8665    9.2253
    0.0000   22.5000    7.5000 2981.1245    9.1373
    7.5000   22.5000    7.5000 2935.5710    9.2626
   -7.5000   30.0000    7.5000 2861.3391    9.5678
    0.0000   30.0000    7.5000 2897.5537    9.4976
    7.5000   30.0000    7.5000 2865.3420    9.6225
   -7.5000   37.5000    7.5000 2755.7527   10.1083
    0.0000   37.5000    7.5000 2786.1321   10.0250
    7.5000   37.5000    7.5000 2766.6328   10.1656
   -7.5000   45.0000    7.5000 2633.3950   10.8875
    0.0000   45.0000    7.5000 2650.4656   10.7896
    7.5000   45.0000    7.5000 2637.3203   10.9461
   -7.5000  -45.0000   15.0000 2012.7463   18.2411
    0.0000  -45.0000   15.0000 2022.6648   18.0978
    7.5000  -45.0000   15.0000 2007.6577   18.4820
   -7.5000  -37.5000   15.0000 2158.3735   15.7409
    0.0000  -37.5000   15.0000 2172.9956   15.5245
    7.5000  -37.5000   15.0000 2155.0581   15.9031
   -7.5000  -30.0000   15.0000 2283.3374   13.7641
    0.0000  -30.0000   15.0000 2300.1382   13.5088
    7.5000  -30.0000   15.0000 2285.4727   13.8771
   -7.5000  -22.5000   15.0000 2407.6492   12.2922
    0.0000  -22.5000   15.0000 2423.6714   12.0427
    7.5000  -22.5000   15.0000 2409.0879   12.3804
   -7.5000  -15.0000   15.0000 2525.3845   11.1648
    0.0000  -15.0000   15.0000 2540.9756   10.9326
    7.5000  -15.0000   15.0000 2530.0227   11.2480
   -7.5000   -7.5000   15.0000 2641.5068   10.3069
    0.0000   -7.5000   15.0000 2660.4529   10.0899
    7.5000   -7.5000   15.0000 2648.6060   10.3705
   -7.5000    0.0000   15.0000 2750.2056    9.7042
    0.0000    0.0000   15.0000 2768.4509    9.4952
    7.5000    0.0000   15.0000 2758.1379    9.7461
   -7.5000    7.5000   15.0000 2846.3701    9.3574
    0.0000    7.5000   15.0000 2874.7666    9.1668
    7.5000    7.5000   15.0000 2847.8743    9.3855
   -7.5000   15.0000   15.0000 2900.1680    9.2537
    0.0000   15.0000   15.0000 2934.4780    9.0968
    7.5000   15.0000   15.0000 2900.1621    9.2864
   -7.5000   22.5000   15.0000 2886.5217    9.4079
    0.0000   22.5000   15.0000 2922.4561    9.3067
    7.5000   22.5000   15.0000 2890.8333    9.4541
   -7.5000   30.0000   15.0000 2816.3765    9.7740
    0.0000   30.0000   15.0000 2851.6736    9.6809
    7.5000   30.0000   15.0000 2824.8923    9.8259
   -7.5000   37.5000   15.0000 2717.9397   10.3251
    0.0000   37.5000   15.0000 2748.1873   10.2260
    7.5000   37.5000   15.0000 2730.6130   10.3728
   -7.5000   45.0000   15.0000 2604.7034   11.0663
    0.0000   45.0000   15.0000 2621.4749   10.9417
    7.5000   45.0000   15.0000 2608.5132   11.1070
   -7.5000  -45.0000   22.5000 1967.8308   18.9076
    0.0000  -45.0000   22.5000 1978.5872   18.7120
    7.5000  -45.0000   22.5000 1968.9617   19.1783
   -7.5000  -37.5000   22.5000 2118.2544   16.2696
    0.0000  -37.5000   22.5000 2134.7598   16.0399
    7.5000  -37.5000   22.5000 2116.5457   16.4257
   -7.5000  -30.0000   22.5000 2247.3936   14.2441
    0.0000  -30.0000   22.5000 2262.7007   14.0083
    7.5000  -30.0000   22.5000 2245.0801   14.3573
   -7.5000  -22.5000   22.5000 2372.1541   12.7586
    0.0000  -22.5000   22.5000 2387.8164   12.5034
    7.5000  -22.5000   22.5000 2369.5173   12.8084
   -7.5000  -15.0000   22.5000 2481.6541   11.6267
    0.0000  -15.0000   22.5000 2503.0425   11.3917
    7.5000  -15.0000   22.5000 2488.9932   11.6695
   -7.5000   -7.5000   22.5000 2591.0193   10.7693
    0.0000   -7.5000   22.5000 2613.7324   10.5385
    7.5000   -7.5000   22.5000 2602.4597   10.8145
   -7.5000    0.0000   22.5000 2693.6460   10.1585
    0.0000    0.0000   22.5000 2712.0508    9.9246
    7.5000    0.0000   22.5000 2705.8625   10.1853
   -7.5000    7.5000   22.5000 2776.6348    9.7863
    0.0000    7.5000   22.5000 2801.9468    9.5713
    7.5000    7.5000   22.5000 2785.0913    9.8224
   -7.5000   15.0000   22.5000 2814.8855    9.6615
    0.0000   15.0000   22.5000 2840.7861    9.5141
    7.5000   15.0000   22.5000 2821.8328    9.7113
   -7.5000   22.5000   22.5000 2808.0840    9.8057
    0.0000   22.5000   22.5000 2833.0630    9.6759
    7.5000   22.5000   22.5000 2814.0342    9.8537
   -7.5000   30.0000   22.5000 2751.9995   10.1740
    0.0000   30.0000   22.5000 2775.6279   10.0371
    7.5000   30.0000   22.5000 2757.3540   10.2191
   -7.5000   37.5000   22.5000 2667.0369   10.7211
    0.0000   37.5000   22.5000 2686.8352   10.5854
    7.5000   37.5000   22.5000 2673.9636   10.7677
   -7.5000   45.0000   22.5000 2557.2734   11.4527
    0.0000   45.0000   22.5000 2574.5337   11.3032
    7.5000   45.0000   22.5000 2563.0161   11.4712
   -7.5000  -45.0000   30.0000 1909.1796   19.8830
    0.0000  -45.0000   30.0000 1922.7048   19.6449
    7.5000  -45.0000   30.0000 1916.4719   20.0607
   -7.5000  -37.5000   30.0000 2059.6453   17.0978
    0.0000  -37.5000   30.0000 2078.0532   16.8496
    7.5000  -37.5000   30.0000 2062.5562   17.2070
   -7.5000  -30.0000   30.0000 2196.9065   14.9651
    0.0000  -30.0000   30.0000 2215.0640   14.7434
    7.5000  -30.0000   30.0000 2192.9670   15.0733
   -7.5000  -22.5000   30.0000 2315.4639   13.4494
    0.0000  -22.5000   30.0000 2336.7156   13.2183
    7.5000  -22.5000   30.0000 2314.6765   13.5097
   -7.5000  -15.0000   30.0000 2422.6802   12.3057
    0.0000  -15.0000   30.0000 2447.5781   12.0775
    7.5000  -15.0000   30.0000 2431.4592   12.3398
   -7.5000   -7.5000   30.0000 2530.7874   11.4212
    0.0000   -7.5000   30.0000 2556.5308   11.2082
    7.5000   -7.5000   30.0000 2541.3359   11.4474
   -7.5000    0.0000   30.0000 2624.8735   10.7912
    0.0000    0.0000   30.0000 2650.6243   10.5720
    7.5000    0.0000   30.0000 2635.8459   10.8107
   -7.5000    7.5000   30.0000 2694.2388   10.3940
    0.0000    7.5000   30.0000 2718.5315   10.2005
    7.5000    7.5000   30.0000 2702.9058   10.4388
   -7.5000   15.0000   30.0000 2719.3171   10.2490
    0.0000   15.0000   30.0000 2744.3416   10.0978
    7.5000   15.0000   30.0000 2729.5471   10.2972
   -7.5000   22.5000   30.0000 2710.2668   10.3643
    0.0000   22.5000   30.0000 2732.0764   10.2336
    7.5000   22.5000   30.0000 2718.7107   10.3978
   -7.5000   30.0000   30.0000 2659.5896   10.7261
    0.0000   30.0000   30.0000 2679.7693   10.5918
    7.5000   30.0000   30.0000 2668.0842   10.7500
   -7.5000   37.5000   30.0000 2589.0220   11.2627
    0.0000   37.5000   30.0000 2607.5173   11.1150
    7.5000   37.5000   30.0000 2596.0603   11.2822
   -7.5000   45.0000   30.0000 2495.8352   11.9692
    0.0000   45.0000   30.0000 2512.5554   11.8179
    7.5000   45.0000   30.0000 2500.6611   11.9964
   -7.5000  -45.0000   37.5000 1847.0217   21.2411
    0.0000  -45.0000   37.5000 1860.4265   21.0334
    7.5000  -45.0000   37.5000 1852.3518   21.3640
   -7.5000  -37.5000   37.5000 1996.8716   18.1804
    0.0000  -37.5000   37.5000 2014.7581   17.9825
    7.5000  -37.5000   37.5000 2001.7035   18.2575
   -7.5000  -30.0000   37.5000 2133.8967   15.9742
    0.0000  -30.0000   37.5000 2152.9402   15.7934
    7.5000  -30.0000   37.5000 2134.3257   16.0488
   -7.5000  -22.5000   37.5000 2248.8667   14.3727
    0.0000  -22.5000   37.5000 2274.6187   14.1814
    7.5000  -22.5000   37.5000 2252.6206   14.4019
   -7.5000  -15.0000   37.5000 2356.0667   13.1586
    0.0000  -15.0000   37.5000 2384.4854   12.9881
    7.5000  -15.0000   37.5000 2364.3896   13.1965
   -7.5000   -7.5000   37.5000 2457.3062   12.2670
    0.0000   -7.5000   37.5000 2483.8501   12.0819
    7.5000   -7.5000   37.5000 2466.5061   12.2932
   -7.5000    0.0000   37.5000 2544.8264   11.6159
    0.0000    0.0000   37.5000 2570.9492   11.4146
    7.5000    0.0000   37.5000 2551.0823   11.6078
   -7.5000    7.5000   37.5000 2604.9177   11.1815
    0.0000    7.5000   37.5000 2625.1970   10.9918
    7.5000    7.5000   37.5000 2610.1899   11.1731
   -7.5000   15.0000   37.5000 2627.4844   11.0186
    0.0000   15.0000   37.5000 2645.9712   10.8504
    7.5000   15.0000   37.5000 2633.9009   11.0092
   -7.5000   22.5000   37.5000 2611.1357   11.0955
    0.0000   22.5000   37.5000 2630.5415   10.9510
    7.5000   22.5000   37.5000 2621.3481   11.1021
   -7.5000   30.0000   37.5000 2565.4731   11.4488
    0.0000   30.0000   37.5000 2580.9614   11.3087
    7.5000   30.0000   37.5000 2573.5352   11.4669
   -7.5000   37.5000   37.5000 2504.9451   11.9547
    0.0000   37.5000   37.5000 2521.6489   11.8190
    7.5000   37.5000   37.5000 2511.7969   11.9689
   -7.5000   45.0000   37.5000 2420.3171   12.6265
    0.0000   45.0000   37.5000 2436.3872   12.4758
    7.5000   45.0000   37.5000 2427.4807   12.6348
   -7.5000  -45.0000   45.0000 1769.5039   23.1005
    0.0000  -45.0000   45.0000 1780.0724   22.8984
    7.5000  -45.0000   45.0000 1769.0581   23.2037
   -7.5000  -37.5000   45.0000 1921.0098   19.7173
    0.0000  -37.5000   45.0000 1937.9829   19.5312
    7.5000  -37.5000   45.0000 1928.9696   19.7472
   -7.5000  -30.0000   45.0000 2059.4326   17.2694
    0.0000  -30.0000   45.0000 2073.8672   17.1072
    7.5000  -30.0000   45.0000 2061.5466   17.2899
   -7.5000  -22.5000   45.0000 2170.7871   15.5542
    0.0000  -22.5000   45.0000 2194.4749   15.4073
    7.5000  -22.5000   45.0000 2177.4590   15.5551
   -7.5000  -15.0000   45.0000 2277.5527   14.2727
    0.0000  -15.0000   45.0000 2301.2397   14.1253
    7.5000  -15.0000   45.0000 2282.9045   14.2849
   -7.5000   -7.5000   45.0000 2371.1167   13.3230
    0.0000   -7.5000   45.0000 2399.4131   13.1534
    7.5000   -7.5000   45.0000 2384.6523   13.3245
   -7.5000    0.0000   45.0000 2450.6477   12.6242
    0.0000    0.0000   45.0000 2476.7085   12.4262
    7.5000    0.0000   45.0000 2463.2346   12.5984
   -7.5000    7.5000   45.0000 2504.8599   12.1411
    0.0000    7.5000   45.0000 2522.3555   11.9552
    7.5000    7.5000   45.0000 2511.4087   12.1076
   -7.5000   15.0000   45.0000 2521.7786   11.9456
    0.0000   15.0000   45.0000 2539.2644   11.7820
    7.5000   15.0000   45.0000 2529.8101   11.9058
   -7.5000   22.5000   45.0000 2507.6450   12.0002
    0.0000   22.5000   45.0000 2523.3025   11.8710
    7.5000   22.5000   45.0000 2514.5466   11.9773
   -7.5000   30.0000   45.0000 2465.4358   12.3465
    0.0000   30.0000   45.0000 2479.7402   12.2174
    7.5000   30.0000   45.0000 2470.8342   12.3420
   -7.5000   37.5000   45.0000 2410.1580   12.8375
    0.0000   37.5000   45.0000 2426.1301   12.7030
    7.5000   37.5000   45.0000 2417.6470   12.8193
   -7.5000   45.0000   45.0000 2340.1389   13.4555
    0.0000   45.0000   45.0000 2355.4036   13.3153
    7.5000   45.0000   45.0000 2351.1970   13.4353

---------------------------------------------------------------------
imgreg_4dfp /opt/freesurfer/average/711-2C_as_mni_average_305 /opt/freesurfer/average/711-2B_as_mni_average_305_mask talsrcimg_g11 none talsrcimg_to_711-2C_as_mni_average_305_t4 1283
---------------------------------------------------------------------

freesurfer imgreg_4dfp.c
/opt/freesurfer/average/711-2C_as_mni_average_305.4dfp.img
       256       256       256         1
  1.000000  1.000000  1.000000
orientation T byte_order littleendian
Reading image: /opt/freesurfer/average/711-2C_as_mni_average_305.4dfp.img
dimensions:      256       256       256
mmppix:       1.0000   -1.0000   -1.0000
center:     128.0000 -129.0000 -129.0000
/opt/freesurfer/average/711-2B_as_mni_average_305_mask.4dfp.img
       256       256       256         1
  1.000000  1.000000  1.000000
orientation T byte_order littleendian
Reading mask: /opt/freesurfer/average/711-2B_as_mni_average_305_mask.4dfp.img (2306576 pixels)
talsrcimg_g11.4dfp.img
       256       256       256         1
  1.000000  1.000000  1.000000
orientation T byte_order littleendian
Reading image: talsrcimg_g11.4dfp.img
dimensions:      256       256       256
mmppix:       1.0000   -1.0000   -1.0000
center:     128.0000 -129.0000 -129.0000
rotation matrix determinant  1.000000
fimgreg.f
image alignment mode   1283 decimal      503 hex
parameters
    0.0000   15.0000    0.0000    0.0000    0.0000    0.0000
eta,q 0.94435  8.90015
niter,ni,del,rscale     5    3   12.0000    1.2000
parameter  4  0.873366 ->  0.500000 qaram    1.1500
parameter  5  0.514938 ->  0.500000 qaram    1.1500
parameters
   -0.2336   16.7233    2.8925   -3.4500   -3.4500   -1.4182
eta,q 0.95348  8.73808
  0.0670  0.0709  0.0673  0.0484  0.0492  0.0497
  0.0604  0.0646  0.0625  0.0489  0.0474  0.0475
  0.0564  0.0589  0.0581  0.0498  0.0472  0.0465
  0.0554  0.0552  0.0540  0.0511  0.0491  0.0471
  0.0578  0.0541  0.0513  0.0535  0.0522  0.0488
  0.0623  0.0558  0.0521  0.0567  0.0558  0.0508
  0.0682  0.0601  0.0549  0.0611  0.0605  0.0532
niter,ni,del,rscale     6    3   12.0000    1.2000
parameters
    0.5980   17.5019    2.4983   -4.7884   -3.3623   -0.8677
eta,q 0.95453  8.74627
  0.0650  0.0622  0.0557  0.0505  0.0548  0.0507
  0.0574  0.0533  0.0503  0.0462  0.0504  0.0483
  0.0506  0.0477  0.0466  0.0453  0.0468  0.0462
  0.0465  0.0459  0.0461  0.0459  0.0454  0.0454
  0.0465  0.0470  0.0487  0.0477  0.0466  0.0460
  0.0512  0.0501  0.0528  0.0508  0.0499  0.0472
  0.0578  0.0545  0.0576  0.0549  0.0545  0.0490
niter,ni,del,rscale     5    3   12.0000    1.2000
parameters
    0.7202   18.1874    2.1064   -5.5474   -3.5268   -0.7750
eta,q 0.95477  8.76871
  0.0614  0.0599  0.0553  0.0515  0.0535  0.0495
  0.0538  0.0513  0.0499  0.0462  0.0494  0.0472
  0.0478  0.0466  0.0463  0.0450  0.0462  0.0455
  0.0455  0.0455  0.0456  0.0455  0.0452  0.0452
  0.0476  0.0466  0.0480  0.0470  0.0466  0.0459
  0.0533  0.0494  0.0524  0.0498  0.0498  0.0472
  0.0599  0.0532  0.0574  0.0533  0.0544  0.0489
niter,ni,del,rscale     4    3   12.0000    1.2000
parameters
    0.7683   18.6252    1.8341   -6.1578   -3.6093   -0.8350
eta,q 0.95507  8.78157
  0.0605  0.0576  0.0553  0.0517  0.0531  0.0490
  0.0531  0.0499  0.0499  0.0460  0.0491  0.0468
  0.0474  0.0460  0.0462  0.0445  0.0459  0.0452
  0.0452  0.0452  0.0453  0.0452  0.0449  0.0449
  0.0474  0.0464  0.0475  0.0468  0.0463  0.0457
  0.0530  0.0492  0.0517  0.0494  0.0491  0.0471
  0.0599  0.0532  0.0566  0.0527  0.0536  0.0489
niter,ni,del,rscale     3    3   12.0000    1.2000
parameters
    0.7723   18.9562    1.6576   -6.6445   -3.6075   -0.9181
eta,q 0.95530  8.78678
  0.0599  0.0566  0.0553  0.0520  0.0529  0.0488
  0.0527  0.0494  0.0498  0.0461  0.0490  0.0467
  0.0472  0.0457  0.0460  0.0442  0.0457  0.0449
  0.0449  0.0449  0.0450  0.0450  0.0447  0.0447
  0.0470  0.0461  0.0471  0.0466  0.0460  0.0455
  0.0528  0.0490  0.0512  0.0492  0.0486  0.0470
  0.0598  0.0533  0.0559  0.0524  0.0530  0.0488
niter,ni,del,rscale     2    3   12.0000    1.2000
parameters
    0.7470   19.2220    1.5419   -7.0247   -3.5536   -1.0101
eta,q 0.95549  8.78673
  0.0595  0.0561  0.0553  0.0522  0.0528  0.0487
  0.0524  0.0493  0.0498  0.0463  0.0489  0.0466
  0.0470  0.0455  0.0458  0.0440  0.0455  0.0448
  0.0447  0.0447  0.0447  0.0447  0.0445  0.0445
  0.0467  0.0460  0.0468  0.0464  0.0458  0.0453
  0.0526  0.0489  0.0508  0.0490  0.0483  0.0468
  0.0599  0.0534  0.0555  0.0522  0.0527  0.0487
niter,ni,del,rscale     1    3   12.0000    1.2000
parameters
    0.7056   19.4242    1.4681   -7.3143   -3.4757   -1.0808
eta,q 0.95562  8.78622
  0.0593  0.0558  0.0552  0.0524  0.0527  0.0486
  0.0523  0.0491  0.0497  0.0466  0.0488  0.0465
  0.0469  0.0453  0.0457  0.0438  0.0453  0.0447
  0.0445  0.0445  0.0446  0.0445  0.0444  0.0444
  0.0464  0.0459  0.0466  0.0463  0.0456  0.0452
  0.0526  0.0489  0.0506  0.0488  0.0481  0.0467
  0.0599  0.0536  0.0552  0.0522  0.0525  0.0486
registration optimization eta report
parameter search radius
    6.0000    6.0000    6.0000    6.9000    6.9000    6.0000
100000*second partial in parameter space
       41.       28.       29.       17.       17.       12.
  0.0593  0.0558  0.0552  0.0524  0.0527  0.0486
  0.0523  0.0491  0.0497  0.0466  0.0488  0.0465
  0.0469  0.0453  0.0457  0.0438  0.0453  0.0447
  0.0445  0.0445  0.0446  0.0445  0.0444  0.0444
  0.0464  0.0459  0.0466  0.0463  0.0456  0.0452
  0.0526  0.0489  0.0506  0.0488  0.0481  0.0467
  0.0599  0.0536  0.0552  0.0522  0.0525  0.0486
    0.7056   19.4242    1.4681   -7.3143   -3.4757   -1.0808
eta,q 0.95562  8.78622

---------------------------------------------------------------------
imgreg_4dfp /opt/freesurfer/average/711-2C_as_mni_average_305 /opt/freesurfer/average/711-2B_as_mni_average_305_mask talsrcimg_g11 none talsrcimg_to_711-2C_as_mni_average_305_t4 3335
---------------------------------------------------------------------

freesurfer imgreg_4dfp.c
/opt/freesurfer/average/711-2C_as_mni_average_305.4dfp.img
       256       256       256         1
  1.000000  1.000000  1.000000
orientation T byte_order littleendian
Reading image: /opt/freesurfer/average/711-2C_as_mni_average_305.4dfp.img
dimensions:      256       256       256
mmppix:       1.0000   -1.0000   -1.0000
center:     128.0000 -129.0000 -129.0000
/opt/freesurfer/average/711-2B_as_mni_average_305_mask.4dfp.img
       256       256       256         1
  1.000000  1.000000  1.000000
orientation T byte_order littleendian
Reading mask: /opt/freesurfer/average/711-2B_as_mni_average_305_mask.4dfp.img (2306576 pixels)
talsrcimg_g11.4dfp.img
       256       256       256         1
  1.000000  1.000000  1.000000
orientation T byte_order littleendian
Reading image: talsrcimg_g11.4dfp.img
dimensions:      256       256       256
mmppix:       1.0000   -1.0000   -1.0000
center:     128.0000 -129.0000 -129.0000
fimgreg.f
image alignment mode   3335 decimal      D07 hex
parameters
    0.7056   19.4242    1.4681   -0.2017   -0.8168   -0.9962
    1.0992    6.2523   -1.8828   12.6155   -6.0626  -12.7078
eta,q 0.95654  8.87514
niter,ni,del,rscale     5    3    5.0000    1.2000
parameter  4  0.936408 ->  0.500000 qaram    1.1500
parameter  5  2.025300 ->  0.500000 qaram    1.1500
parameter  6  0.870539 ->  0.500000 qaram    1.1500
parameters
    0.7357   20.2082    1.4814   -4.3417   -4.9568   -5.1362
    1.9291    7.2159   -1.8650   12.8778   -6.5047  -12.1172
eta,q 0.96755  8.44071
  0.0464  0.0465  0.0451  0.0397  0.0333  0.0323  0.0355  0.0377  0.0346  0.0361  0.0336  0.0340
  0.0448  0.0451  0.0440  0.0401  0.0350  0.0325  0.0341  0.0355  0.0334  0.0342  0.0329  0.0332
  0.0438  0.0441  0.0434  0.0411  0.0373  0.0334  0.0331  0.0337  0.0327  0.0330  0.0325  0.0327
  0.0435  0.0435  0.0433  0.0433  0.0403  0.0356  0.0327  0.0326  0.0325  0.0325  0.0325  0.0325
  0.0438  0.0433  0.0435  0.0464  0.0438  0.0390  0.0328  0.0326  0.0327  0.0328  0.0327  0.0325
  0.0447  0.0435  0.0440  0.0506  0.0477  0.0434  0.0334  0.0337  0.0334  0.0339  0.0332  0.0329
  0.0462  0.0441  0.0450  0.0552  0.0519  0.0484  0.0344  0.0358  0.0346  0.0356  0.0339  0.0336
niter,ni,del,rscale     7    3    5.0000    1.2000
parameter  5  0.891515 ->  0.500000 qaram    1.3225
parameter  6  0.527263 ->  0.500000 qaram    1.3225
parameters
    0.7727   20.9502    0.8208   -6.9596   -9.7178   -9.8972
    2.1142    7.6537   -1.3547   15.5252   -6.4273  -12.0049
eta,q 0.97160  8.01351
  0.0353  0.0360  0.0330  0.0333  0.0293  0.0288  0.0309  0.0318  0.0310  0.0324  0.0290  0.0295
  0.0338  0.0344  0.0323  0.0326  0.0293  0.0288  0.0298  0.0303  0.0299  0.0308  0.0287  0.0289
  0.0328  0.0332  0.0321  0.0321  0.0302  0.0290  0.0291  0.0293  0.0292  0.0296  0.0285  0.0286
  0.0325  0.0325  0.0322  0.0321  0.0321  0.0295  0.0288  0.0288  0.0288  0.0288  0.0284  0.0284
  0.0327  0.0322  0.0327  0.0330  0.0348  0.0309  0.0290  0.0289  0.0289  0.0284  0.0284  0.0285
  0.0336  0.0325  0.0336  0.0355  0.0383  0.0340  0.0296  0.0296  0.0295  0.0286  0.0286  0.0288
  0.0352  0.0333  0.0348  0.0394  0.0423  0.0387  0.0307  0.0313  0.0305  0.0294  0.0290  0.0294
niter,ni,del,rscale     7    3    5.0000    1.2000
parameter  3  0.527572 ->  0.500000 qaram    1.1500
parameters
    1.0585   22.0787   -0.5592   -6.6647  -13.8375  -13.8435
    1.6955    7.6004   -1.7179   17.1586   -7.1201  -14.7899
eta,q 0.97397  7.74819
  0.0312  0.0327  0.0278  0.0293  0.0280  0.0271  0.0280  0.0292  0.0280  0.0295  0.0266  0.0264
  0.0298  0.0308  0.0276  0.0285  0.0273  0.0264  0.0271  0.0277  0.0271  0.0280  0.0264  0.0261
  0.0289  0.0294  0.0276  0.0279  0.0269  0.0264  0.0265  0.0267  0.0265  0.0269  0.0262  0.0260
  0.0284  0.0284  0.0278  0.0275  0.0275  0.0270  0.0263  0.0263  0.0263  0.0263  0.0262  0.0262
  0.0285  0.0279  0.0284  0.0273  0.0293  0.0277  0.0266  0.0265  0.0266  0.0262  0.0263  0.0265
  0.0291  0.0279  0.0292  0.0277  0.0320  0.0296  0.0274  0.0276  0.0273  0.0266  0.0265  0.0271
  0.0302  0.0285  0.0302  0.0296  0.0359  0.0334  0.0285  0.0295  0.0284  0.0275  0.0269  0.0277
niter,ni,del,rscale     7    3    5.0000    1.2000
parameters
    1.1646   22.6423   -1.5417   -6.5794  -15.4319  -14.8799
    1.3517    7.6730   -1.7784   18.1768   -7.8761  -16.1615
eta,q 0.97442  7.66572
  0.0286  0.0295  0.0264  0.0270  0.0278  0.0279  0.0274  0.0287  0.0274  0.0286  0.0261  0.0262
  0.0272  0.0278  0.0259  0.0262  0.0266  0.0266  0.0264  0.0271  0.0265  0.0270  0.0258  0.0258
  0.0264  0.0266  0.0257  0.0258  0.0259  0.0258  0.0258  0.0261  0.0259  0.0260  0.0257  0.0256
  0.0260  0.0260  0.0259  0.0257  0.0257  0.0257  0.0257  0.0257  0.0257  0.0257  0.0256  0.0256
  0.0262  0.0259  0.0265  0.0255  0.0262  0.0264  0.0260  0.0259  0.0259  0.0257  0.0258  0.0259
  0.0269  0.0264  0.0274  0.0258  0.0278  0.0273  0.0267  0.0269  0.0265  0.0262  0.0260  0.0263
  0.0282  0.0273  0.0285  0.0272  0.0305  0.0291  0.0277  0.0287  0.0275  0.0272  0.0264  0.0269
niter,ni,del,rscale     6    3    5.0000    1.2000
parameters
    1.1594   22.9559   -1.8219   -6.7507  -15.9004  -15.0212
    1.2248    7.7571   -1.6051   18.7478   -8.2974  -16.6114
eta,q 0.97443  7.64405
  0.0279  0.0284  0.0269  0.0266  0.0281  0.0283  0.0274  0.0286  0.0274  0.0282  0.0261  0.0264
  0.0266  0.0269  0.0261  0.0259  0.0268  0.0268  0.0264  0.0270  0.0264  0.0267  0.0258  0.0259
  0.0258  0.0260  0.0256  0.0256  0.0259  0.0258  0.0258  0.0260  0.0258  0.0258  0.0256  0.0256
  0.0256  0.0256  0.0256  0.0255  0.0255  0.0256  0.0256  0.0256  0.0256  0.0256  0.0256  0.0256
  0.0259  0.0257  0.0259  0.0254  0.0257  0.0261  0.0258  0.0258  0.0257  0.0258  0.0257  0.0257
  0.0266  0.0262  0.0266  0.0257  0.0269  0.0269  0.0265  0.0268  0.0263  0.0263  0.0259  0.0261
  0.0279  0.0272  0.0275  0.0270  0.0291  0.0284  0.0276  0.0285  0.0272  0.0274  0.0262  0.0266
niter,ni,del,rscale     5    3    5.0000    1.2000
parameters
    1.1589   23.0996   -1.9149   -6.7792  -16.0726  -15.0673
    1.1433    7.8094   -1.4689   19.0051   -8.5413  -16.7853
eta,q 0.97443  7.63871
  0.0279  0.0279  0.0271  0.0267  0.0283  0.0283  0.0274  0.0285  0.0273  0.0279  0.0261  0.0265
  0.0266  0.0266  0.0262  0.0259  0.0269  0.0268  0.0264  0.0270  0.0264  0.0265  0.0258  0.0260
  0.0258  0.0259  0.0257  0.0256  0.0260  0.0258  0.0258  0.0260  0.0258  0.0258  0.0256  0.0257
  0.0256  0.0256  0.0256  0.0256  0.0256  0.0256  0.0256  0.0256  0.0256  0.0256  0.0256  0.0256
  0.0258  0.0257  0.0258  0.0255  0.0257  0.0261  0.0258  0.0259  0.0257  0.0258  0.0257  0.0257
  0.0266  0.0264  0.0264  0.0257  0.0268  0.0268  0.0265  0.0268  0.0263  0.0265  0.0259  0.0261
  0.0278  0.0274  0.0273  0.0269  0.0288  0.0282  0.0275  0.0285  0.0272  0.0275  0.0262  0.0265
niter,ni,del,rscale     4    3    5.0000    1.2000
parameters
    1.1637   23.1575   -1.9586   -6.8307  -16.1498  -15.1223
    1.1023    7.8231   -1.3854   19.1108   -8.6909  -16.8243
eta,q 0.97442  7.63318
  0.0279  0.0278  0.0271  0.0267  0.0283  0.0283  0.0275  0.0285  0.0273  0.0278  0.0261  0.0265
  0.0266  0.0266  0.0263  0.0259  0.0269  0.0268  0.0265  0.0269  0.0264  0.0265  0.0258  0.0260
  0.0258  0.0258  0.0257  0.0256  0.0260  0.0258  0.0258  0.0260  0.0258  0.0257  0.0256  0.0257
  0.0256  0.0256  0.0256  0.0256  0.0256  0.0256  0.0256  0.0256  0.0256  0.0256  0.0256  0.0256
  0.0258  0.0258  0.0258  0.0255  0.0257  0.0261  0.0258  0.0259  0.0257  0.0259  0.0257  0.0257
  0.0266  0.0265  0.0264  0.0257  0.0267  0.0268  0.0265  0.0269  0.0263  0.0265  0.0259  0.0260
  0.0278  0.0275  0.0272  0.0269  0.0288  0.0282  0.0275  0.0286  0.0273  0.0276  0.0262  0.0265
niter,ni,del,rscale     3    3    5.0000    1.2000
parameters
    1.1622   23.1827   -1.9835   -6.8576  -16.1881  -15.1665
    1.0814    7.8234   -1.3272   19.1546   -8.7825  -16.8277
eta,q 0.97442  7.62959
  0.0279  0.0277  0.0272  0.0267  0.0283  0.0283  0.0275  0.0285  0.0273  0.0278  0.0261  0.0265
  0.0266  0.0265  0.0263  0.0259  0.0270  0.0268  0.0265  0.0269  0.0264  0.0264  0.0258  0.0260
  0.0258  0.0258  0.0258  0.0256  0.0260  0.0258  0.0258  0.0259  0.0258  0.0257  0.0256  0.0257
  0.0256  0.0256  0.0256  0.0256  0.0256  0.0256  0.0256  0.0256  0.0256  0.0256  0.0256  0.0256
  0.0258  0.0258  0.0258  0.0255  0.0257  0.0261  0.0258  0.0259  0.0257  0.0259  0.0256  0.0257
  0.0266  0.0265  0.0264  0.0257  0.0267  0.0268  0.0265  0.0269  0.0263  0.0265  0.0259  0.0260
  0.0278  0.0276  0.0272  0.0269  0.0287  0.0282  0.0275  0.0286  0.0273  0.0276  0.0262  0.0265
niter,ni,del,rscale     2    3    5.0000    1.2000
parameters
    1.1592   23.1960   -1.9993   -6.8656  -16.2048  -15.2045
    1.0707    7.8220   -1.2883   19.1815   -8.8387  -16.8291
eta,q 0.97442  7.62763
  0.0279  0.0277  0.0272  0.0267  0.0284  0.0283  0.0275  0.0285  0.0273  0.0278  0.0262  0.0265
  0.0266  0.0265  0.0263  0.0259  0.0270  0.0268  0.0265  0.0269  0.0264  0.0264  0.0258  0.0260
  0.0258  0.0258  0.0258  0.0256  0.0260  0.0258  0.0258  0.0259  0.0258  0.0257  0.0256  0.0257
  0.0256  0.0256  0.0256  0.0256  0.0256  0.0256  0.0256  0.0256  0.0256  0.0256  0.0256  0.0256
  0.0259  0.0258  0.0258  0.0255  0.0257  0.0261  0.0258  0.0259  0.0258  0.0259  0.0256  0.0257
  0.0266  0.0265  0.0263  0.0257  0.0267  0.0268  0.0265  0.0269  0.0263  0.0265  0.0258  0.0260
  0.0279  0.0276  0.0272  0.0269  0.0287  0.0282  0.0275  0.0286  0.0273  0.0276  0.0262  0.0265
registration optimization eta report
parameter search radius
    2.4000    2.4000    2.7600    8.2800    9.5220    9.5220
    7.2000    7.2000    7.2000    7.2000    7.2000    7.2000
100000*second partial in parameter space
       39.       36.       21.        2.        3.        3.
        4.        6.        3.        4.        1.        2.
  0.0279  0.0277  0.0272  0.0267  0.0284  0.0283  0.0275  0.0285  0.0273  0.0278  0.0262  0.0265
  0.0266  0.0265  0.0263  0.0259  0.0270  0.0268  0.0265  0.0269  0.0264  0.0264  0.0258  0.0260
  0.0258  0.0258  0.0258  0.0256  0.0260  0.0258  0.0258  0.0259  0.0258  0.0257  0.0256  0.0257
  0.0256  0.0256  0.0256  0.0256  0.0256  0.0256  0.0256  0.0256  0.0256  0.0256  0.0256  0.0256
  0.0259  0.0258  0.0258  0.0255  0.0257  0.0261  0.0258  0.0259  0.0258  0.0259  0.0256  0.0257
  0.0266  0.0265  0.0263  0.0257  0.0267  0.0268  0.0265  0.0269  0.0263  0.0265  0.0258  0.0260
  0.0279  0.0276  0.0272  0.0269  0.0287  0.0282  0.0275  0.0286  0.0273  0.0276  0.0262  0.0265
    1.1592   23.1960   -1.9993   -6.8656  -16.2048  -15.2045
    1.0707    7.8220   -1.2883   19.1815   -8.8387  -16.8291
eta,q 0.97442  7.62763

---------------------------------------------------------------------
imgreg_4dfp /opt/freesurfer/average/711-2C_as_mni_average_305 /opt/freesurfer/average/711-2B_as_mni_average_305_mask talsrcimg_g11 none talsrcimg_to_711-2C_as_mni_average_305_t4 2311
---------------------------------------------------------------------

freesurfer imgreg_4dfp.c
/opt/freesurfer/average/711-2C_as_mni_average_305.4dfp.img
       256       256       256         1
  1.000000  1.000000  1.000000
orientation T byte_order littleendian
Reading image: /opt/freesurfer/average/711-2C_as_mni_average_305.4dfp.img
dimensions:      256       256       256
mmppix:       1.0000   -1.0000   -1.0000
center:     128.0000 -129.0000 -129.0000
/opt/freesurfer/average/711-2B_as_mni_average_305_mask.4dfp.img
       256       256       256         1
  1.000000  1.000000  1.000000
orientation T byte_order littleendian
Reading mask: /opt/freesurfer/average/711-2B_as_mni_average_305_mask.4dfp.img (2306576 pixels)
talsrcimg_g11.4dfp.img
       256       256       256         1
  1.000000  1.000000  1.000000
orientation T byte_order littleendian
Reading image: talsrcimg_g11.4dfp.img
dimensions:      256       256       256
mmppix:       1.0000   -1.0000   -1.0000
center:     128.0000 -129.0000 -129.0000
fimgreg.f
image alignment mode   2311 decimal      907 hex
parameters
    1.1592   23.1960   -1.9993   -6.8656  -16.2048  -15.2045
    1.0707    7.8220   -1.2883   19.1815   -8.8387  -16.8291
eta,q 0.97442  7.62763
niter,ni,del,rscale     5    3    5.0000    0.8000
parameters
    1.1540   23.1786   -2.0157   -4.8811  -15.2098  -14.9970
    0.9283    8.0558   -1.3803   19.0819   -7.9462  -16.6868
eta,q 0.97453  7.75557
  0.0266  0.0265  0.0261  0.0258  0.0265  0.0263  0.0264  0.0270  0.0263  0.0264  0.0258  0.0259
  0.0260  0.0260  0.0258  0.0256  0.0261  0.0259  0.0259  0.0262  0.0258  0.0258  0.0257  0.0257
  0.0257  0.0257  0.0256  0.0256  0.0258  0.0256  0.0256  0.0257  0.0256  0.0256  0.0255  0.0255
  0.0256  0.0256  0.0256  0.0256  0.0255  0.0255  0.0255  0.0255  0.0255  0.0255  0.0255  0.0255
  0.0257  0.0257  0.0256  0.0256  0.0255  0.0256  0.0256  0.0256  0.0256  0.0256  0.0255  0.0255
  0.0261  0.0260  0.0259  0.0255  0.0256  0.0258  0.0259  0.0260  0.0259  0.0259  0.0255  0.0257
  0.0266  0.0265  0.0262  0.0256  0.0260  0.0261  0.0265  0.0267  0.0264  0.0264  0.0256  0.0259
niter,ni,del,rscale     4    3    5.0000    0.7000
parameters
    1.2196   22.9692   -2.0153   -5.0152  -14.9027  -14.7277
    1.0481    8.1325   -1.5650   18.8763   -7.6545  -16.5380
eta,q 0.97457  7.76746
  0.0263  0.0260  0.0259  0.0256  0.0261  0.0261  0.0262  0.0265  0.0261  0.0261  0.0257  0.0258
  0.0259  0.0256  0.0256  0.0256  0.0258  0.0257  0.0258  0.0260  0.0257  0.0257  0.0255  0.0256
  0.0256  0.0255  0.0255  0.0255  0.0256  0.0255  0.0255  0.0256  0.0255  0.0255  0.0255  0.0255
  0.0255  0.0255  0.0254  0.0254  0.0255  0.0254  0.0254  0.0254  0.0254  0.0254  0.0254  0.0254
  0.0255  0.0256  0.0255  0.0254  0.0254  0.0255  0.0255  0.0255  0.0255  0.0255  0.0254  0.0255
  0.0258  0.0260  0.0256  0.0255  0.0256  0.0257  0.0257  0.0259  0.0258  0.0258  0.0255  0.0256
  0.0262  0.0264  0.0259  0.0258  0.0260  0.0259  0.0261  0.0265  0.0262  0.0262  0.0256  0.0258
niter,ni,del,rscale     3    3    5.0000    0.6000
parameters
    1.2081   22.8942   -1.9523   -4.1783  -14.6899  -14.4687
    1.0739    8.1734   -1.6836   18.8825   -7.4091  -16.3739
eta,q 0.97464  7.81755
  0.0260  0.0259  0.0258  0.0256  0.0259  0.0259  0.0259  0.0262  0.0259  0.0259  0.0256  0.0257
  0.0257  0.0256  0.0256  0.0255  0.0257  0.0256  0.0256  0.0258  0.0256  0.0256  0.0255  0.0255
  0.0255  0.0255  0.0255  0.0255  0.0255  0.0254  0.0254  0.0255  0.0254  0.0254  0.0254  0.0254
  0.0254  0.0254  0.0254  0.0254  0.0254  0.0254  0.0254  0.0254  0.0254  0.0254  0.0254  0.0254
  0.0255  0.0255  0.0254  0.0254  0.0254  0.0254  0.0254  0.0254  0.0254  0.0254  0.0254  0.0254
  0.0257  0.0257  0.0255  0.0254  0.0255  0.0255  0.0256  0.0257  0.0256  0.0256  0.0254  0.0255
  0.0260  0.0261  0.0257  0.0255  0.0259  0.0257  0.0259  0.0262  0.0259  0.0259  0.0255  0.0256
niter,ni,del,rscale     2    3    5.0000    0.5000
parameters
    1.2218   22.8453   -1.9299   -4.0574  -14.4926  -14.3653
    1.1242    8.2214   -1.7422   18.8814   -7.3413  -16.2611
eta,q 0.97465  7.83322
  0.0258  0.0257  0.0256  0.0255  0.0258  0.0257  0.0257  0.0260  0.0257  0.0257  0.0255  0.0255
  0.0256  0.0255  0.0255  0.0255  0.0256  0.0255  0.0255  0.0257  0.0255  0.0255  0.0254  0.0254
  0.0254  0.0254  0.0254  0.0254  0.0254  0.0254  0.0254  0.0254  0.0254  0.0254  0.0254  0.0254
  0.0254  0.0254  0.0254  0.0254  0.0253  0.0253  0.0253  0.0253  0.0253  0.0253  0.0253  0.0253
  0.0254  0.0254  0.0254  0.0253  0.0254  0.0254  0.0254  0.0254  0.0254  0.0254  0.0254  0.0254
  0.0256  0.0256  0.0255  0.0254  0.0255  0.0255  0.0255  0.0256  0.0255  0.0255  0.0254  0.0254
  0.0258  0.0258  0.0256  0.0256  0.0257  0.0256  0.0257  0.0260  0.0257  0.0257  0.0255  0.0255
niter,ni,del,rscale     1    3    5.0000    0.4000
parameters
    1.2269   22.8105   -1.9211   -3.7437  -14.3491  -14.3154
    1.1182    8.2520   -1.7672   18.8960   -7.3114  -16.1894
eta,q 0.97467  7.85241
  0.0256  0.0256  0.0255  0.0255  0.0256  0.0255  0.0256  0.0258  0.0256  0.0256  0.0254  0.0255
  0.0255  0.0254  0.0254  0.0255  0.0255  0.0254  0.0254  0.0255  0.0254  0.0254  0.0254  0.0254
  0.0254  0.0254  0.0254  0.0254  0.0254  0.0253  0.0254  0.0254  0.0254  0.0254  0.0253  0.0253
  0.0253  0.0253  0.0253  0.0253  0.0253  0.0253  0.0253  0.0253  0.0253  0.0253  0.0253  0.0253
  0.0254  0.0254  0.0254  0.0253  0.0253  0.0253  0.0254  0.0254  0.0254  0.0253  0.0253  0.0253
  0.0255  0.0255  0.0254  0.0254  0.0254  0.0254  0.0254  0.0255  0.0254  0.0254  0.0254  0.0254
  0.0256  0.0256  0.0255  0.0255  0.0256  0.0255  0.0256  0.0257  0.0256  0.0256  0.0254  0.0254
registration optimization eta report
parameter search radius
    0.8000    0.8000    0.8000    2.4000    2.4000    2.4000
    2.4000    2.4000    2.4000    2.4000    2.4000    2.4000
100000*second partial in parameter space
       46.       42.       24.        3.        5.        3.
        4.        7.        5.        4.        2.        2.
  0.0256  0.0256  0.0255  0.0255  0.0256  0.0255  0.0256  0.0258  0.0256  0.0256  0.0254  0.0255
  0.0255  0.0254  0.0254  0.0255  0.0255  0.0254  0.0254  0.0255  0.0254  0.0254  0.0254  0.0254
  0.0254  0.0254  0.0254  0.0254  0.0254  0.0253  0.0254  0.0254  0.0254  0.0254  0.0253  0.0253
  0.0253  0.0253  0.0253  0.0253  0.0253  0.0253  0.0253  0.0253  0.0253  0.0253  0.0253  0.0253
  0.0254  0.0254  0.0254  0.0253  0.0253  0.0253  0.0254  0.0254  0.0254  0.0253  0.0253  0.0253
  0.0255  0.0255  0.0254  0.0254  0.0254  0.0254  0.0254  0.0255  0.0254  0.0254  0.0254  0.0254
  0.0256  0.0256  0.0255  0.0255  0.0256  0.0255  0.0256  0.0257  0.0256  0.0256  0.0254  0.0254
    1.2269   22.8105   -1.9211   -3.7437  -14.3491  -14.3154
    1.1182    8.2520   -1.7672   18.8960   -7.3114  -16.1894
eta,q 0.97467  7.85241

---------------------------------------------------------------------
imgreg_4dfp /opt/freesurfer/average/711-2C_as_mni_average_305 /opt/freesurfer/average/711-2B_as_mni_average_305_mask talsrcimg_g11 none talsrcimg_to_711-2C_as_mni_average_305_t4 2311
---------------------------------------------------------------------

freesurfer imgreg_4dfp.c
/opt/freesurfer/average/711-2C_as_mni_average_305.4dfp.img
       256       256       256         1
  1.000000  1.000000  1.000000
orientation T byte_order littleendian
Reading image: /opt/freesurfer/average/711-2C_as_mni_average_305.4dfp.img
dimensions:      256       256       256
mmppix:       1.0000   -1.0000   -1.0000
center:     128.0000 -129.0000 -129.0000
/opt/freesurfer/average/711-2B_as_mni_average_305_mask.4dfp.img
       256       256       256         1
  1.000000  1.000000  1.000000
orientation T byte_order littleendian
Reading mask: /opt/freesurfer/average/711-2B_as_mni_average_305_mask.4dfp.img (2306576 pixels)
talsrcimg_g11.4dfp.img
       256       256       256         1
  1.000000  1.000000  1.000000
orientation T byte_order littleendian
Reading image: talsrcimg_g11.4dfp.img
dimensions:      256       256       256
mmppix:       1.0000   -1.0000   -1.0000
center:     128.0000 -129.0000 -129.0000
fimgreg.f
image alignment mode   2311 decimal      907 hex
parameters
    1.2269   22.8105   -1.9211   -3.7437  -14.3491  -14.3154
    1.1182    8.2520   -1.7672   18.8960   -7.3114  -16.1894
eta,q 0.97467  7.85241
niter,ni,del,rscale     5    3    5.0000    0.8000
parameters
    1.2047   22.8255   -1.9223   -4.8411  -14.7241  -14.2801
    1.2513    8.1215   -1.7068   18.7442   -7.2104  -16.4042
eta,q 0.97460  7.79433
  0.0265  0.0265  0.0259  0.0256  0.0262  0.0261  0.0264  0.0268  0.0263  0.0263  0.0257  0.0258
  0.0259  0.0258  0.0256  0.0255  0.0258  0.0257  0.0259  0.0260  0.0258  0.0258  0.0255  0.0256
  0.0255  0.0254  0.0254  0.0254  0.0255  0.0254  0.0255  0.0256  0.0255  0.0255  0.0254  0.0254
  0.0253  0.0253  0.0253  0.0253  0.0254  0.0254  0.0254  0.0254  0.0254  0.0254  0.0254  0.0254
  0.0255  0.0255  0.0254  0.0254  0.0255  0.0255  0.0255  0.0256  0.0255  0.0255  0.0254  0.0255
  0.0259  0.0258  0.0256  0.0258  0.0259  0.0257  0.0258  0.0261  0.0258  0.0259  0.0255  0.0256
  0.0266  0.0264  0.0259  0.0266  0.0266  0.0260  0.0263  0.0270  0.0263  0.0265  0.0257  0.0259
niter,ni,del,rscale     4    3    5.0000    0.7000
parameters
    1.1881   22.8430   -1.8711   -4.7383  -14.6826  -14.3168
    1.2321    8.1225   -1.7485   18.7674   -7.2374  -16.3806
eta,q 0.97461  7.79949
  0.0262  0.0262  0.0259  0.0257  0.0261  0.0259  0.0261  0.0265  0.0261  0.0261  0.0256  0.0258
  0.0258  0.0258  0.0256  0.0256  0.0258  0.0256  0.0257  0.0259  0.0257  0.0257  0.0255  0.0256
  0.0255  0.0255  0.0255  0.0255  0.0255  0.0254  0.0255  0.0256  0.0255  0.0255  0.0254  0.0254
  0.0254  0.0254  0.0254  0.0254  0.0254  0.0254  0.0254  0.0254  0.0254  0.0254  0.0254  0.0254
  0.0255  0.0255  0.0255  0.0253  0.0254  0.0255  0.0255  0.0255  0.0255  0.0255  0.0254  0.0254
  0.0258  0.0258  0.0256  0.0254  0.0257  0.0257  0.0257  0.0259  0.0257  0.0257  0.0255  0.0256
  0.0263  0.0262  0.0258  0.0258  0.0261  0.0259  0.0261  0.0265  0.0261  0.0261  0.0256  0.0257
niter,ni,del,rscale     3    3    5.0000    0.6000
parameters
    1.1996   22.8338   -1.8815   -4.2868  -14.5662  -14.3094
    1.1926    8.1666   -1.7690   18.8092   -7.2446  -16.3062
eta,q 0.97465  7.82249
  0.0260  0.0260  0.0257  0.0256  0.0259  0.0258  0.0259  0.0262  0.0259  0.0259  0.0255  0.0256
  0.0257  0.0257  0.0255  0.0255  0.0257  0.0255  0.0256  0.0258  0.0256  0.0256  0.0254  0.0255
  0.0255  0.0255  0.0254  0.0255  0.0255  0.0254  0.0254  0.0255  0.0254  0.0254  0.0254  0.0254
  0.0254  0.0254  0.0254  0.0254  0.0254  0.0254  0.0254  0.0254  0.0254  0.0254  0.0254  0.0254
  0.0255  0.0255  0.0254  0.0253  0.0254  0.0254  0.0254  0.0254  0.0254  0.0254  0.0254  0.0254
  0.0257  0.0257  0.0255  0.0254  0.0256  0.0255  0.0256  0.0257  0.0256  0.0256  0.0254  0.0255
  0.0260  0.0260  0.0257  0.0256  0.0259  0.0257  0.0259  0.0262  0.0259  0.0259  0.0255  0.0256
niter,ni,del,rscale     2    3    5.0000    0.5000
parameters
    1.2141   22.8124   -1.8967   -4.0387  -14.4361  -14.2998
    1.1714    8.2101   -1.7772   18.8399   -7.2749  -16.2310
eta,q 0.97466  7.83772
  0.0258  0.0258  0.0256  0.0256  0.0258  0.0256  0.0257  0.0260  0.0257  0.0257  0.0255  0.0255
  0.0256  0.0255  0.0255  0.0255  0.0256  0.0255  0.0255  0.0257  0.0255  0.0255  0.0254  0.0254
  0.0254  0.0254  0.0254  0.0254  0.0254  0.0254  0.0254  0.0254  0.0254  0.0254  0.0254  0.0254
  0.0254  0.0254  0.0254  0.0254  0.0253  0.0253  0.0253  0.0253  0.0253  0.0253  0.0253  0.0253
  0.0254  0.0254  0.0254  0.0253  0.0254  0.0254  0.0254  0.0254  0.0254  0.0254  0.0254  0.0254
  0.0255  0.0256  0.0255  0.0254  0.0255  0.0255  0.0255  0.0256  0.0255  0.0255  0.0254  0.0254
  0.0258  0.0258  0.0256  0.0256  0.0257  0.0256  0.0257  0.0260  0.0257  0.0257  0.0255  0.0255
niter,ni,del,rscale     1    3    5.0000    0.4000
parameters
    1.2252   22.7951   -1.8977   -3.7538  -14.3348  -14.2745
    1.1351    8.2583   -1.7842   18.8691   -7.3279  -16.1627
eta,q 0.97468  7.85385
  0.0256  0.0256  0.0255  0.0255  0.0256  0.0255  0.0256  0.0258  0.0256  0.0256  0.0254  0.0255
  0.0255  0.0255  0.0254  0.0254  0.0255  0.0254  0.0254  0.0255  0.0254  0.0254  0.0254  0.0254
  0.0254  0.0254  0.0254  0.0254  0.0254  0.0253  0.0254  0.0254  0.0254  0.0254  0.0253  0.0253
  0.0253  0.0253  0.0253  0.0253  0.0253  0.0253  0.0253  0.0253  0.0253  0.0253  0.0253  0.0253
  0.0254  0.0254  0.0254  0.0253  0.0253  0.0253  0.0254  0.0254  0.0254  0.0253  0.0253  0.0253
  0.0255  0.0255  0.0254  0.0254  0.0254  0.0254  0.0254  0.0255  0.0254  0.0254  0.0254  0.0254
  0.0256  0.0256  0.0255  0.0255  0.0256  0.0255  0.0256  0.0257  0.0256  0.0256  0.0254  0.0254
registration optimization eta report
parameter search radius
    0.8000    0.8000    0.8000    2.4000    2.4000    2.4000
    2.4000    2.4000    2.4000    2.4000    2.4000    2.4000
100000*second partial in parameter space
       46.       42.       24.        3.        5.        3.
        4.        7.        5.        4.        2.        2.
  0.0256  0.0256  0.0255  0.0255  0.0256  0.0255  0.0256  0.0258  0.0256  0.0256  0.0254  0.0255
  0.0255  0.0255  0.0254  0.0254  0.0255  0.0254  0.0254  0.0255  0.0254  0.0254  0.0254  0.0254
  0.0254  0.0254  0.0254  0.0254  0.0254  0.0253  0.0254  0.0254  0.0254  0.0254  0.0253  0.0253
  0.0253  0.0253  0.0253  0.0253  0.0253  0.0253  0.0253  0.0253  0.0253  0.0253  0.0253  0.0253
  0.0254  0.0254  0.0254  0.0253  0.0253  0.0253  0.0254  0.0254  0.0254  0.0253  0.0253  0.0253
  0.0255  0.0255  0.0254  0.0254  0.0254  0.0254  0.0254  0.0255  0.0254  0.0254  0.0254  0.0254
  0.0256  0.0256  0.0255  0.0255  0.0256  0.0255  0.0256  0.0257  0.0256  0.0256  0.0254  0.0254
    1.2252   22.7951   -1.8977   -3.7538  -14.3348  -14.2745
    1.1351    8.2583   -1.7842   18.8691   -7.3279  -16.1627
eta,q 0.97468  7.85385

---------------------------------------------------------------------
compute_vox2vox talsrcimg talsrcimg_to_711-2C_as_mni_average_305_t4 /opt/freesurfer/average/711-2C_as_mni_average_305
---------------------------------------------------------------------

freesurfer compute_vox2vox.c
Reading: talsrcimg.4dfp.ifh
Reading: talsrcimg_to_711-2C_as_mni_average_305_t4
Reading: /opt/freesurfer/average/711-2C_as_mni_average_305.4dfp.ifh
Writing: talsrcimg_to_711-2C_as_mni_average_305_t4_vox2vox.txt

start time Sun Mar 15 08:14:15 CET 2026
end		time Sun Mar 15 08:14:29 CET 2026

mpr2mni305 success

avi2talxfm orig_nu.mgz /opt/freesurfer/average/mni305.cor.mgz talsrcimg_to_711-2C_as_mni_average_305_t4_vox2vox.txt transforms/talairach.auto.xfm
avi2talxfm done
mv -f /out/sourcedata/freesurfer/sub-v2s10x28955_ses-1/mri/talsrcimg_to_711-2C_as_mni_average_305_t4_vox2vox.txt /out/sourcedata/freesurfer/sub-v2s10x28955_ses-1/mri/transforms/talsrcimg_to_711-2C_as_mni_average_305_t4_vox2vox.txt
lta_convert --src orig_nu.mgz --trg /opt/freesurfer/average/mni305.cor.mgz --inxfm transforms/talairach.auto.xfm --outlta transforms/talairach.auto.xfm.lta --subject fsaverage
7.3.2

--src: orig_nu.mgz src image (geometry).
--trg: /opt/freesurfer/average/mni305.cor.mgz trg image (geometry).
--inmni: transforms/talairach.auto.xfm input MNI/XFM transform.
--outlta: transforms/talairach.auto.xfm.lta output LTA.
--s: fsaverage subject name
 LTA read, type : 1
 1.03138  -0.09251  -0.03112  -1.53084;
 0.08854   1.11206   0.20864  -19.91888;
 0.00198  -0.24688   1.12073  -1.32185;
 0.00000   0.00000   0.00000   1.00000;
setting subject to fsaverage
Writing  LTA to file transforms/talairach.auto.xfm.lta...
lta_convert successful.
 
 
Started at Sun Mar 15 08:14:14 CET 2026
Ended   at Sun Mar 15 08:14:29 CET 2026
talairach_avi done
