status file for recon-all
Sun Mar 15 08:12:08 CET 2026
#@# MotionCor Sun Mar 15 08:12:10 CET 2026
#@# Talairach Sun Mar 15 08:12:18 CET 2026
#@# Talairach Failure Detection Sun Mar 15 08:16:42 CET 2026
#@# Nu Intensity Correction Sun Mar 15 08:16:42 CET 2026
#@# Intensity Normalization Sun Mar 15 08:19:57 CET 2026
recon-all -s sub-v2s10x28925_ses-1 finished without error at Sun Mar 15 08:21:30 CET 2026



#New# invocation of recon-all 



status file for recon-all
Sun Mar 15 08:28:12 CET 2026
#@# EM Registration Sun Mar 15 08:28:12 CET 2026
recon-all -s sub-v2s10x28925_ses-1 finished without error at Sun Mar 15 08:29:42 CET 2026



#New# invocation of recon-all 



status file for recon-all
Sun Mar 15 08:29:44 CET 2026
#@# CA Normalize Sun Mar 15 08:29:44 CET 2026
#@# CA Reg Sun Mar 15 08:31:08 CET 2026
#@# SubCort Seg Sun Mar 15 09:09:33 CET 2026
#@# CC Seg Sun Mar 15 09:37:12 CET 2026
#@# Merge ASeg Sun Mar 15 09:37:49 CET 2026
#@# Intensity Normalization2 Sun Mar 15 09:37:49 CET 2026
#@# Mask BFS Sun Mar 15 09:40:08 CET 2026
#@# WM Segmentation Sun Mar 15 09:40:08 CET 2026
#@# Fill Sun Mar 15 09:42:06 CET 2026
recon-all -s sub-v2s10x28925_ses-1 finished without error at Sun Mar 15 09:43:07 CET 2026



#New# invocation of recon-all 



status file for recon-all
Sun Mar 15 10:18:44 CET 2026
#@# white curv lh Sun Mar 15 10:18:44 CET 2026
#@# white area lh Sun Mar 15 10:18:44 CET 2026
#@# pial curv lh Sun Mar 15 10:18:44 CET 2026
#@# pial area lh Sun Mar 15 10:18:44 CET 2026
#@# thickness lh Sun Mar 15 10:18:44 CET 2026
#@# area and vertex vol lh Sun Mar 15 10:18:44 CET 2026
#@# white curv rh Sun Mar 15 10:18:44 CET 2026
#@# white area rh Sun Mar 15 10:18:44 CET 2026
#@# pial curv rh Sun Mar 15 10:18:44 CET 2026
#@# pial area rh Sun Mar 15 10:18:44 CET 2026
#@# thickness rh Sun Mar 15 10:18:44 CET 2026
#@# area and vertex vol rh Sun Mar 15 10:18:44 CET 2026
#@# Cortical ribbon mask Sun Mar 15 10:18:44 CET 2026
recon-all -s sub-v2s10x28925_ses-1 finished without error at Sun Mar 15 10:23:10 CET 2026



#New# invocation of recon-all 



status file for recon-all
Sun Mar 15 10:29:02 CET 2026
#@# white curv lh Sun Mar 15 10:29:02 CET 2026
#@# white area lh Sun Mar 15 10:29:02 CET 2026
#@# pial curv lh Sun Mar 15 10:29:02 CET 2026
#@# pial area lh Sun Mar 15 10:29:02 CET 2026
#@# thickness lh Sun Mar 15 10:29:02 CET 2026
#@# area and vertex vol lh Sun Mar 15 10:29:02 CET 2026
#@# white curv rh Sun Mar 15 10:29:02 CET 2026
#@# white area rh Sun Mar 15 10:29:02 CET 2026
#@# pial curv rh Sun Mar 15 10:29:02 CET 2026
#@# pial area rh Sun Mar 15 10:29:02 CET 2026
#@# thickness rh Sun Mar 15 10:29:02 CET 2026
#@# area and vertex vol rh Sun Mar 15 10:29:02 CET 2026
#@# Curvature Stats lh Sun Mar 15 10:29:03 CET 2026
#@# Curvature Stats rh Sun Mar 15 10:29:05 CET 2026
#@# Relabel Hypointensities Sun Mar 15 10:29:07 CET 2026
#@# APas-to-ASeg Sun Mar 15 10:29:22 CET 2026
#@# AParc-to-ASeg aparc Sun Mar 15 10:29:28 CET 2026
#@# AParc-to-ASeg aparc.a2009s Sun Mar 15 10:30:03 CET 2026
#@# AParc-to-ASeg aparc.DKTatlas Sun Mar 15 10:30:40 CET 2026
#@# WMParc Sun Mar 15 10:31:16 CET 2026
#@# ASeg Stats Sun Mar 15 10:34:49 CET 2026
recon-all -s sub-v2s10x28925_ses-1 finished without error at Sun Mar 15 10:35:19 CET 2026
